11-01 10:14:18.049190  1633  1633 I FunctionManagerCarFunction:   supportValues:null
11-01 10:14:18.049190  1633  1633 I FunctionManagerCarFunction:   setFunctionSuccess:false
11-01 10:14:18.049190  1633  1633 I FunctionManagerCarFunction:   value:0
11-01 10:14:18.049190  1633  1633 I FunctionManagerCarFunction:   customValue:16.5
11-01 10:14:18.049190  1633  1633 I FunctionManagerCarFunction:   functionName:null
11-01 10:14:18.049190  1633  1633 I FunctionManagerCarFunction:   functionId:0
11-01 10:14:18.049190  1633  1633 I FunctionManagerCarFunction:   prefix:null
11-01 10:14:18.049190  1633  1633 I FunctionManagerCarFunction:   pcode:null
11-01 10:14:17.524360  1651  3141 W VrLogger: VoiceSvrManager#VoiceSvrManager == null : ecarx.voiceservice.VoiceSvrManager@260983c
11-01 10:14:13.425698  1746  1746 D CarSvc  : [CarFunctionImpl] registerFunctionValueWatcher() called with: function = [771883264], watcher = [ecarx.settings.proxy.custom.RefreshUIProxy$2@985ae2a]
11-01 10:14:13.233045  1767  1767 W DisplayUtil: [JRPSD_activity][getStackStackInfosByDisplayId]--2, displayId: 0, visibel: true, cn: ComponentInfo{com.ecarx.smartarea/com.ecarx.smartarea.MainActivity}
11-01 10:14:13.619713  1784  1784 I PsdFragmentActivity: [JRPSD][onStart]ecarx.launcher3.psd.LauncherForPsd@4991ea2
11-01 10:14:14.063574  1810  1810 D GKAI:GUI: [NetworkMonitor] net: no_network
11-01 10:14:16.133310  1825  3074 W System.err: java.lang.NullPointerException: Attempt to invoke virtual method 'android.content.ComponentName android.content.Intent.getComponent()' on a null object reference
11-01 10:14:16.563297  1866  2473 D BTTS    : [beta_sound_config.cc:300]add candidate file:/storage/emulated/0/tencent/wecar/larklite/com.tencent.mm/1.3.5/base_v2.3.1_for_me.trf
11-01 10:14:14.214262  1913  2227 D Launcher.Model: [  ]
11-01 10:14:13.841804  1959  1959 I UploadServiceManager: onServiceConnected ComponentInfo{com.ecarx.dc.service.DCService/com.ecarx.dc.service.UploadService}
11-01 10:14:14.060431  2065  2633 E GKAI:TTS-S::3.21402010.3945: <TtsAgentFactory> ====== [TtsAgentFactory] copy tts voice pcm to sdcard  isSuccess   true
11-01 10:14:14.307777  2121  2626 D RePlugin.ws001: mApplication: ApplicationInfo{b111301 com.ecarx.multimedia.plugin.player}
11-01 10:14:14.707705  2137  2757 D TspSignUtils: signature request body MD5&BASE64: /5Gb5Im80nE+oC8JictKaw==
11-01 10:14:13.039433  2150  2150 I icationcenteru:   at int ecarx.notificationcenterui.ControlBoardService.onStartCommand(android.content.Intent, int, int) (SourceFile:4)
11-01 10:14:14.361479  2251  2251 D ShortKeyView: ShortKeyView - init
11-01 10:14:14.835804  2275  2656 E FileUtil: [] [] [:0]:copyLargeAssetFile: already the newest version, fileName = navi/pub/district.dat
11-01 10:14:15.398333  2340  2340 D RePlugin.ws001: get binder = com.qihoo360.loader2.PmHostSvc@fc5876a
11-01 10:14:14.326181  2510  2510 W PAL_Adapter_20210816: [MyNetworkAdapter](MyNetworkAdapter.java:187):notifyNetworkAvailabilityChange isAvailable = true size = 0
11-01 10:14:16.495539  2618  2859 E EASFramework: SERVICE_CONNECTED_SUPPORT_NOTIFITY >> pki
11-01 10:14:16.053859  2670  2842 I HiView-PluginPlatform: HiView-PluginPlatform: InitPlugin Plugin PrivacyCompliance loadtime:21.
11-01 10:14:18.013838  2756  2796 D GKAI:TTS-E_:2.2.21402010.51: [ TtsEngine ] : TextToSpeechSvr speak: packageName = ecarx.notificationcenterui
11-01 10:14:16.646108  2792  2792 D WindowManagerPolicyImpl:  getWindowTypeByCode(SWIPE_FROM_TOP_VIEW)...result (2043)...
11-01 10:14:18.221956  2873  2873 W System.err: 	at android.app.ActivityThread.main(ActivityThread.java:6825)
11-01 10:14:18.429777  2899  2899 E MqttService: connectComplete: reconnect = false, serverURI = ssl://ta.xchanger.cn:18444
11-01 10:14:17.012449  2942  2942 I om.ecarx.xiaok:   at com.ecarx.xiaoka.a.a com.ecarx.xiaoka.a.a.a() (SourceFile:203)
11-01 10:14:17.705955  2984  2984 D CarSvc  : [SensorImpl] registerListener() called with: listener = [com.ecarx.xsf.alert.manager.PSDAlertManager$1@75cd8a4], sensor = [2102016]
11-01 10:14:18.489084  3054  3054 I artcloud:remot:   at void ecarx.home.App.onCreate() (App.java:2)
11-01 10:14:19.216577  3213  3353 E EASFramework: SERVICE_CONNECTED_SUPPORT_NOTIFITY >> drivepolicy
11-01 10:14:19.309487  3302  3528 D SystemRadioManager: onConfigurationChanged(): config: FmBandConfig [BandConfig [ BandDescriptor [mRegion=0, mType=1, mLowerLimit=87500, mUpperLimit=108000, mSpacing=100]], mStereo=true, mRds=true, mTa=true, mAf=true, mEa =true]
11-01 10:14:19.392932  3370  3370 E HiView  : need call setContext before report!
11-01 10:14:19.419075  3491  3491 W MTKLogger/MTKLoggerServiceManager: Service is not bind when Main Thread try to get it.
11-01 10:14:13.412209    21    21 I automotive.vehicle@2.0-impl: SubscriptionManager::addOrUpdateSubscription, callback: 0x7147842fc0
11-01 10:14:19.296410   138  3511 D ECarX_BcRadioDef.tuner: radio_open
11-01 10:14:17.277921   143   143 E hwcomposer: [COMP] (2:0) Failed to get releaseFence !!  
11-01 10:14:19.577315   151   151 I WifiHAL : feature_set=0x88141a
11-01 10:14:15.468939   195   245 I ML_Data : info->v4.name: ccmni0
11-01 10:14:19.671831   309   762 I Accelerometer: enable: handle:0, en:1
11-01 10:14:17.909936   197   217 I TBOX_TAG: can_dataMgr.cpp RecvCmd:320, RecvData:4C4233373835325A364D53303031333030FF00E00000000000000000000000000000000000000000000000000000000000000000
11-01 10:14:14.314456   495  1460 E goc     : found 110a
10-20 10:52:34.022507   507   793 D WifiAsyncChannel.WifiScanningService: sendMessage sendMessage message=159764
11-01 10:14:13.420565   917  2294 D Property.service: registerListener: propId=0x2140302e rate=0.0
11-01 10:14:12.719759  1004  1004 I NetworkController: [JRSYS_NET][NetworkController][getSysNetWorkType]: 13
11-01 10:14:13.389476  1307  1506 D ParseHelper: PackageName = com.ecarx.smartscene
11-01 10:14:18.049226  1633  1633 D HvacManager: getMinTemperature level:16.5
11-01 10:14:17.524598  1651  3141 I ECarXApiClientImpl: >> onAPIReady(vr_all, true) <<
11-01 10:14:13.425843  1746  1746 D CarSvc  : [CarFunctionImpl] registerFunctionValueWatcher() called with: function = [771818240], watcher = [ecarx.settings.proxy.custom.RefreshUIProxy$2@985ae2a]
11-01 10:14:13.233199  1767  1767 W DisplayUtil: [JRPSD_activity][getStackStackInfosByDisplayId]--2, displayId: 0, visibel: true, cn: ComponentInfo{ecarx.launcher3/ecarx.launcher3.Launcher}
11-01 10:14:14.066769  1810  1810 D GKAI:GUI: [BluetoothMngP] BluetoothMonitor init Start
11-01 10:14:16.133447  1825  3074 W System.err: 	at android.app.ContextImpl.validateServiceIntent(ContextImpl.java:1517)
11-01 10:14:16.563314  1866  2473 D BTTS    : [beta_sound_config.cc:300]add candidate file:/storage/emulated/0/tencent/wecar/larklite/com.tencent.mm/1.3.5/speaker_wy_v2.3.1.trf
11-01 10:14:14.214294  1913  2227 D Launcher.Model: [  ]
11-01 10:14:13.842568  1959  1959 D [XCSmartScene-2.2.5 (D7F)]-DataCenterApp: [(DataCenterApp.java:26)#A ] getCareKeyList:[]
11-01 10:14:14.099572  2065  2526 D GkuiCarInfoSupplier: 区分车盒和车机的  
11-01 10:14:14.309060  2121  2626 D ws001   : --- 调整插件中组件的进程 BEGIN ---
11-01 10:14:14.730823  2137  2757 D TspSignUtils: encrypted string stringSign: application/json;responseformat=1
11-01 10:14:14.730823  2137  2757 D TspSignUtils: x-api-signature-nonce:cbd501g16357328547059112
11-01 10:14:14.730823  2137  2757 D TspSignUtils: x-api-signature-version:1.0
11-01 10:14:14.730823  2137  2757 D TspSignUtils: 
11-01 10:14:14.730823  2137  2757 D TspSignUtils: 
11-01 10:14:14.730823  2137  2757 D TspSignUtils: /5Gb5Im80nE+oC8JictKaw==
11-01 10:14:14.730823  2137  2757 D TspSignUtils: Mon, 01 Nov 2021 02:14:14 GMT
11-01 10:14:14.730823  2137  2757 D TspSignUtils: POST
11-01 10:14:14.730823  2137  2757 D TspSignUtils: /public-resource-allocation/public/label/config
11-01 10:14:13.039448  2150  2150 I icationcenteru:   at void android.app.ActivityThread.handleServiceArgs(android.app.ActivityThread$ServiceArgsData) (ActivityThread.java:3812)
11-01 10:14:14.362874  2251  2251 I SmartCardView: initShortKeyView - size: 3
11-01 10:14:14.841227  2275  2647 I VrVisionCtrlAPI: createVrVisionCtrlAPIAPI
11-01 10:14:15.398407  2340  2340 D RePlugin.ws001: proxy fetch binder: binder=com.qihoo360.loader2.PmHostSvc@fc5876a
11-01 10:14:14.326452  2510  2510 W PAL_Adapter_20210816: [MyNetworkAdapter](MyNetworkAdapter.java:111):getNetworkAvailableType
11-01 10:14:16.723319  2618  2618 D AdaptapiConnect: car connected
11-01 10:14:16.053877  2670  2842 D HiView-PluginPlatform: HiView-PluginPlatform: LoadBusinessPlugin Start to Load plugin EngineEventVerify
11-01 10:14:17.509366  2721  2721 D DMSDPSDK: DMSDPInputManager:init
11-01 10:14:18.013938  2756  2796 D GKAI:TTS-E_:2.2.21402010.51: [ TtsImplPool ] : before fetchImpl: packageName=ecarx.notificationcenterui
11-01 10:14:16.647755  2792  2792 I PsdNavigationController: [JRSYS_PSD][attachToWindow][addNotFocus]--3, isStatus: false, addView lp: {(1800,0)(120x720) gr=TOP START CENTER ty=NAVIGATION_BAR_PANEL fmt=TRANSLUCENT
11-01 10:14:16.647755  2792  2792 I PsdNavigationController:   fl=NOT_FOCUSABLE NOT_TOUCH_MODAL LAYOUT_NO_LIMITS}
11-01 10:14:18.221978  2873  2873 W System.err: 	at java.lang.reflect.Method.invoke(Native Method)
11-01 10:14:18.429807  2899  2899 D MqttService: subscribe: start
11-01 10:14:17.012461  2942  2942 I om.ecarx.xiaok:   at void com.ecarx.xiaoka.eas.EasApplication.onCreate() (SourceFile:102)
11-01 10:14:17.706239  2984  2984 D CarSvc  : [SensorImpl] registerListener() called with: listener = [com.ecarx.xsf.alert.manager.PSDAlertManager$1@75cd8a4], sensor = [2102016], rate = [3]
11-01 10:14:18.489099  3054  3054 I artcloud:remot:   at void com.tencent.bugly.beta.tinker.TinkerPatchReflectApplication.onCreate() (BUGLY:51)
11-01 10:14:19.218720  3213  3353 E EASFramework: SERVICE_CONNECTED_SUPPORT_NOTIFITY >> navi
11-01 10:14:19.309558  3302  3528 D SystemRadioManager: onConfigurationChanged(): config type: 1
11-01 10:14:19.392982  3370  3370 E nearby  : BleApi:cannot find updateAdvertiseInterval
11-01 10:14:19.419281  3491  3491 W MTKLogger/MTKLoggerService: Warning : Service is null!
11-01 10:14:13.412294    21    21 I automotive.vehicle@2.0-impl: SubscriptionManager::addOrUpdateSubscription, prop: 0x21403015
11-01 10:14:19.296450   138  3511 E ECarX_BcRadioDef.tuner: ipo_manager_tuner, open /dev/ipo_manager failed return -1
11-01 10:14:17.297061   143   143 E hwcomposer: [COMP] (2:0) Failed to get releaseFence !!  
11-01 10:14:15.468961   195   245 I ML_Data : info->v4.state: 1
11-01 10:14:17.910050   197   217 W TBOX_TAG: can_dataMgr.cpp CAN: Don't got VIN from MCU yet, use debug value for VIN.
11-01 10:14:14.314473   495  1460 E goc     : GocBtScDbRead
10-20 10:52:34.022569   507   793 D WifiAsyncChannel.WifiScanningService: sendMessage sendMessage message=159764
11-01 10:14:13.421082   917  2294 D PropertyHalService: subscribeProperty propId=0x2140302e, rate=0.0
11-01 10:14:12.719800  1004  1004 I NetworkController: [JRSYS_NET][checkSignalIntent]--1, mMobileNetworkType: 13, mDataState: 2, call back Value --- gsmSignalStrength: 10, mSignalLevel: 3
11-01 10:14:13.389514  1307  1506 D PackageUtil: getSHA1ByPackageName#  packageName = com.ecarx.smartscene
11-01 10:14:19.710082  1617  2587 D ECarXApiClientImpl: onRemoteConnected: weather
11-01 10:14:18.049272  1633  1633 D FunctionManagerPolicy: getCustomizeFunctionValue param:
11-01 10:14:18.049272  1633  1633 D FunctionManagerPolicy:    functionId:10060400
11-01 10:14:18.049272  1633  1633 D FunctionManagerPolicy:    zone:-1
11-01 10:14:18.049272  1633  1633 D FunctionManagerPolicy:    operator:null
11-01 10:14:18.049272  1633  1633 D FunctionManagerPolicy:    type:2
11-01 10:14:17.524665  1651  3141 D EcarxWakeuper: vision , onAPIReady = true
11-01 10:14:13.425989  1746  1746 D CarSvc  : [CarFunctionImpl] registerFunctionValueWatcher() called with: function = [704972032], watcher = [ecarx.settings.proxy.custom.RefreshUIProxy$2@985ae2a]
11-01 10:14:13.233273  1767  1767 W DisplayUtil: [JRPSD_activity][getStackStackInfosByDisplayId]--2, displayId: 1, visibel: true, cn: ComponentInfo{ecarx.launcher3/ecarx.launcher3.psd.LauncherForPsd}
11-01 10:14:13.620233  1784  1784 I LauncherForPsd: [JRPSD_Content][onResume]
11-01 10:14:14.197925  1810  1810 D BLUETOOTH_ECarxBluetoothPbapClient: sFlag:true
11-01 10:14:16.133467  1825  3074 W System.err: 	at android.app.ContextImpl.bindServiceCommon(ContextImpl.java:1675)
11-01 10:14:16.563335  1866  2473 D BTTS    : [beta_sound_config.cc:300]add candidate file:/storage/emulated/0/tencent/wecar/larklite/com.tencent.mm/1.3.5/speaker_yezi_v2.3.1.trf
11-01 10:14:14.214396  1913  2227 W Launcher.Model: [JRHOT][bindWorkspace][1], sBAppPaneItems  22, workspaceItems: 22
11-01 10:14:13.842624  1959  1959 D DataCenterService: getCareKeyList:[]
11-01 10:14:14.100523  2065  2526 D ActivateTagSdk: [ActivateManager.init():103]context:com.ecarx.xcttsservice.XCTtsServiceApplication@5c5ec7d
11-01 10:14:19.697597  2094  3468 D ENLUPlugin: [onServiceTokenChanngedCallback] data length: 462
11-01 10:14:14.309129  2121  2626 D ws001   : com.ecarx.multimedia.plugin.player:remote -> com.ecarx.multimedia:p0
11-01 10:14:14.731253  2137  2757 D TspSignUtils: signResult: TbBfUMU1tXlBEnwVVLVD/TusEDo=
11-01 10:14:13.039462  2150  2150 I icationcenteru:   at void android.app.ActivityThread.access$1600(android.app.ActivityThread, android.app.ActivityThread$ServiceArgsData) (ActivityThread.java:206)
11-01 10:14:14.362934  2251  2251 I SmartCardView: initData
11-01 10:14:14.851624  2275  2647 D VrLogger: VoiceSvrManager#Check sVoiceSvrManager is null : true
11-01 10:14:15.402560  2340  2340 D ws001   : --- 调整插件中组件的进程 BEGIN ---
11-01 10:14:14.326586  2510  2510 W PAL_Adapter_20210816: [MyNetworkAdapter](MyNetworkAdapter.java:99):isConnected: networkType: 1
11-01 10:14:19.698098  2544  2597 D OfflineNLU: onServiceTokenChannged code: 200 body: {"code":0,"msg":"success","data":{"access_token":"cdd53613c69a4347920069ff0c36f035:bUfZMY8hvj3paNxuF8lNA8e2lnuzXaN1dqtmkXpfDogC+TMRwbkl14CQt2+T3vQl0AzWvxt2AVYu18FLg8+OjMJJsBG+n1pSoIw9DZ2UaDN2NrYOcp03uiJOOK5wVVaDTlmWS4G7Zam8tyMkv2VqNVOC2CcXFZxnS0UZUBEnMeU=","expire_in":10800,"client_id":"v0a0162455e265ffabbf4e00021ae434d62832196b7b39465ebe829a3c26add29ca0","client_type":"VEHICLE","csuId":"v0a0162455e265ffabbf4e00021ae434d62832196b7b39465ebe829a3c26add29ca0"}}
11-01 10:14:16.053902  2670  2842 D HiView-EventLoop: HiView-EventLoop: StartLoop EventLoop StartLoop
11-01 10:14:17.533538  2721  2721 D DMSDPSDK: DMSDPInputManager:isExternal = false
11-01 10:14:18.013986  2756  2796 D GKAI:TTS-E_:2.2.21402010.51: [ TtsImplPool ] : before fetchImpl: ImplList Size=1
11-01 10:14:16.811677  2792  2792 D NetworkController: [JRSYS_NET][onReceive], action: android.net.wifi.WIFI_STATE_CHANGED
11-01 10:14:18.222001  2873  2873 W System.err: 	at com.android.internal.os.RuntimeInit$MethodAndArgsCaller.run(RuntimeInit.java:493)
11-01 10:14:18.430879  2899  2899 D MqttTraceListener: traceDebug source = MqttConnection, message = subscribe({VIA/+/IHU},2,{null}, {1}
11-01 10:14:17.012475  2942  2942 I om.ecarx.xiaok:   at void android.app.Instrumentation.callApplicationOnCreate(android.app.Application) (Instrumentation.java:1180)
11-01 10:14:17.739921  2984  2984 D CarSvc  : [SensorImpl] registerListener() called with: listener = [com.ecarx.xsf.alert.manager.PSDAlertManager$1@75cd8a4], sensor = [2110464]
11-01 10:14:18.489112  3054  3054 I artcloud:remot:   at void android.app.Instrumentation.callApplicationOnCreate(android.app.Application) (Instrumentation.java:1180)
11-01 10:14:19.219558  3213  3353 E NaviProxy: >>supportClientType:OpenAPI <<
11-01 10:14:19.309594  3302  3528 D FlavorImplManager: isAMBandDisable : false, flavor_project: master
11-01 10:14:19.688171  3334  3541 E PAL_SDK : PALServiceManager.doVersionMatch server version:{"mBuildNumber":70,"mDebugVersion":false,"mFeatureVersion":14,"mFixVersion":1,"mMajorVersion":3,"mVersionCode":202106041905,"mVersionName":"3.14.1.70"} local client version:{"mBuildNumber":74,"mDebugVersion":false,"mFeatureVersion":15,"mFixVersion":1,"mMajorVersion":3,"mVersionCode":202107051743,"mVersionName":"3.15.1.74"}
11-01 10:14:19.393267  3370  3370 E HiView  : need call setContext before report!
11-01 10:14:19.419685  3491  3491 I MTKLogger/MTKLoggerService: -->onStartCommand()
11-01 10:14:19.682991  3585  3585 I carx.smartclou: The ClassLoaderContext is a special shared library.
11-01 10:14:13.412310    21    21 I automotive.vehicle@2.0-impl: addOrUpdateSubscription opts.propId: 0x21403015
11-01 10:14:19.824469   131   131 I v01_server_ota_main: select
11-01 10:14:19.308469   138  3511 D ECarX_BcRadioDef.tuner: setParameters radio_band_current has been set to 1
11-01 10:14:17.384574   143   143 E hwcomposer: [COMP] (2:0) Failed to get releaseFence !!  
11-01 10:14:19.848668   151   151 D WifiHAL : WifiRequest::create vendor command to iface 34, vendor_id=0x1a11, subcmd=0x0002, res=0
11-01 10:14:15.468978   195   245 I ML_Data : info->v4.reconnect: 196
11-01 10:14:18.019971   197   217 I TBOX_TAG: can_dataMgr.cpp RecvCmd:320, RecvData:4C4233373835325A364D53303031333030FF00E00000000000000000000000000000000000000000000000000000000000000000
11-01 10:14:19.909159   267   721 D         : mtk_gps_mnl_trigger_mpe: mpemsg len=0
11-01 10:14:14.314514   495  1460 E goc     : +++++++++++++++++>sc db<+++++++++++++++++++++
10-20 10:52:34.022625   507   793 D WifiAsyncChannel.WifiScanningService: sendMessage sendMessage message=159764
11-01 10:14:19.836887   608   663 D EMDLOGGER1: mdlogger select done
11-01 10:14:13.423303   917  2294 D Property.service: registerListener: propId=0x2140003b rate=0.0
11-01 10:14:12.719892  1004  1004 I SystemUIPlugin:NetworkController: [JRSYS_NET][updateTelephonySignalStrength]--1, mSignalStrength: SignalStrength: 10 -1 -1 -1 -1 -1 -1 99 2147483647 2147483647 2147483647 2147483647 0 2147483647 99 255 2147483647 gsm|lte use_rsrp_and_rssnr_for_lte_level  [-128, -118, -108, -98] [-115, -105, -95, -85], mSignalLevel: 3 mMobileNetworkType:13 mDataState:2 mConnected:true
11-01 10:14:19.758361  1105  1276 I [激活服务]: query...content://com.ecarx.activate.provider/get_ecarx_device_id->com.ecarx.sdk.openapi ->1307
11-01 10:14:20.031921  1164  2678 D HiCarService: HiCar onInitSuccess
11-01 10:14:13.422100  1307  1506 D ParseHelper: SHA1 : 31:11:EA:4F:3D:60:71:C0:D6:E1:FC:A7:4F:AE:4F:38:1B:99:5E:26
11-01 10:14:18.049305  1633  1633 D FunctionManagerCarFunction: getCustomizeFunctionValue param:
11-01 10:14:18.049305  1633  1633 D FunctionManagerCarFunction:    functionId:10060400
11-01 10:14:18.049305  1633  1633 D FunctionManagerCarFunction:    zone:-1
11-01 10:14:18.049305  1633  1633 D FunctionManagerCarFunction:    operator:null
11-01 10:14:18.049305  1633  1633 D FunctionManagerCarFunction:    type:2
11-01 10:14:17.525311  1651  3141 D _TAI_SPEECH_FUSION_: [EcarxWakeuper](EcarxWakeuper.java:84):setOnWakeupListener = com.tencent.wecarspeech.fusionsdk.sdk.FusionWakeupManager$4@beb49c5
11-01 10:14:19.994623  1723  1723 D XCMultiScreen: MultiDisplayApplication MSG_OS_BOOTCOMPELTED isDeviceProvisioned=true
11-01 10:14:13.426132  1746  1746 D CarSvc  : [CarFunctionImpl] registerFunctionValueWatcher() called with: function = [704708864], watcher = [ecarx.settings.proxy.custom.RefreshUIProxy$2@985ae2a]
11-01 10:14:13.233487  1767  1767 D XCMascot:: [XCTaskProcessor] checkIsLauncher
11-01 10:14:13.620328  1784  1784 I PsdFragmentActivity: [JRPSD][onResume]ecarx.launcher3.psd.LauncherForPsd@4991ea2
11-01 10:14:14.198360  1810  1810 D AdaptAPI_Impl_PbapExtension: listener com.ecarx.aivrservice.manager.bt.-$$Lambda$BluetoothMngP$eNjqPDAAMA8uqAFXf9oSo6c6Fws@28a486b
11-01 10:14:16.133483  1825  3074 W System.err: 	at android.app.ContextImpl.bindService(ContextImpl.java:1618)
11-01 10:14:19.872640  1841  1841 D [XSFNotification][2.2.0 (c0d)]NotificationListenerService: [(ECarxNotificationListenerService.java:163)#OnNotificationPosted ] receive a notification.
11-01 10:14:16.563352  1866  2473 D BTTS    : [beta_sound_config.cc:300]add candidate file:/storage/emulated/0/tencent/wecar/larklite/com.tencent.mm/1.3.5/speaker_daji_v2.3.1.trf
11-01 10:14:14.214526  1913  2227 W Launcher.Model: [JERRY][bindWorkspace][1], currScreen  -1001, orderedScreenIds is Empty. 
11-01 10:14:13.842960  1959  1959 W SceneEngineManager: SceneDataCenterApi onStateChanged : true
11-01 10:14:14.100876  2065  2526 D ActivateTagSdk: [ActivateManager.isHasActivated():139]mHasActivated:false
11-01 10:14:19.697751  2094  3468 D ENLUPlugin: [onServiceTokenChanngedCallback] code: 200 body: {"code":0,"msg":"success","data":{"access_token":"cdd53613c69a4347920069ff0c36f035:bUfZMY8hvj3paNxuF8lNA8e2lnuzXaN1dqtmkXpfDogC+TMRwbkl14CQt2+T3vQl0AzWvxt2AVYu18FLg8+OjMJJsBG+n1pSoIw9DZ2UaDN2NrYOcp03uiJOOK5wVVaDTlmWS4G7Zam8tyMkv2VqNVOC2CcXFZxnS0UZUBEnMeU=","expire_in":10800,"client_id":"v0a0162455e265ffabbf4e00021ae434d62832196b7b39465ebe829a3c26add29ca0","client_type":"VEHICLE","csuId":"v0a0162455e265ffabbf4e00021ae434d62832196b7b39465ebe829a3c26add29ca0"}}
11-01 10:14:14.309201  2121  2626 D ws001   : --- 调整插件中组件的进程 END --- com.ecarx.multimedia
11-01 10:14:14.754747  2137  2757 D RecFlowInterceptor: Request Headers: [Accept=application/json;responseformat=1, Content-Type=application/json, Date=Mon, 01 Nov 2021 02:14:14 GMT, ecarxId=, ihuId=1110038891058508L1E10199, latitude=, longitude=, X-API-SIGNATURE-NONCE=cbd501g16357328547059112, X-API-SIGNATURE-VERSION=1.0, X-APP-ID=meituandj9h10djkcn82d, X-SIGNATURE=TbBfUMU1tXlBEnwVVLVD/TusEDo=, ]
11-01 10:14:13.039482  2150  2150 I icationcenteru:   at void android.app.ActivityThread$H.handleMessage(android.os.Message) (ActivityThread.java:1711)
11-01 10:14:14.363334  2251  2251 I SmartCardView: updateSmartCard
11-01 10:14:14.851754  2275  2647 W VrLogger: ManagerBase#get vr binder vr_all
11-01 10:14:15.402654  2340  2340 D ws001   : com.ecarx.multimedia -> com.ecarx.multimedia:p1
11-01 10:14:14.328049  2510  2510 W PAL_Adapter_20210816: [MyNetworkAdapter](MyNetworkAdapter.java:105):isConnected: false; networkType: 1
11-01 10:14:19.698740  2544  2597 D OfflineNLU: token：{"code":0,"msg":"success","data":{"access_token":"cdd53613c69a4347920069ff0c36f035:bUfZMY8hvj3paNxuF8lNA8e2lnuzXaN1dqtmkXpfDogC+TMRwbkl14CQt2+T3vQl0AzWvxt2AVYu18FLg8+OjMJJsBG+n1pSoIw9DZ2UaDN2NrYOcp03uiJOOK5wVVaDTlmWS4G7Zam8tyMkv2VqNVOC2CcXFZxnS0UZUBEnMeU=","expire_in":10800,"client_id":"v0a0162455e265ffabbf4e00021ae434d62832196b7b39465ebe829a3c26add29ca0","client_type":"VEHICLE","csuId":"v0a0162455e265ffabbf4e00021ae434d62832196b7b39465ebe829a3c26add29ca0"}}
11-01 10:14:16.053929  2670  2842 D HiView-EventLoop: HiView-EventLoop: InitEventQueueNotifier EventLoop InitEventQueueNotifier
11-01 10:14:17.533617  2721  2721 D DMSDPSDK: DMSDPInputManager:isExclusiveKeyboard = false
11-01 10:14:18.014025  2756  2796 D GKAI:TTS-E_:2.2.21402010.51: [ TtsImplPool ] : before fetchImpl: ImplPackageName Size=1
11-01 10:14:16.811820  2792  2792 D SystemUIPlugin:NetworkController: [JRSYS_NET][updateWifiIcons] mApEnabled : false; mApConnectNumShow : -1; mWifiEnabled : true; mWifiConnected : false; mWifiLevel : 0; mWifiRssi : 0
11-01 10:14:18.222024  2873  2873 W System.err: 	at com.android.internal.os.ZygoteInit.main(ZygoteInit.java:912)
11-01 10:14:18.540475  2899  2899 D MqttService: subscribe: success
11-01 10:14:17.012487  2942  2942 I om.ecarx.xiaok:   at void android.app.ActivityThread.handleBindApplication(android.app.ActivityThread$AppBindData) (ActivityThread.java:6027)
11-01 10:14:17.740242  2984  2984 D CarSvc  : [SensorImpl] registerListener() called with: listener = [com.ecarx.xsf.alert.manager.PSDAlertManager$1@75cd8a4], sensor = [2110464], rate = [3]
11-01 10:14:18.489125  3054  3054 I artcloud:remot:   at void android.app.ActivityThread.handleBindApplication(android.app.ActivityThread$AppBindData) (ActivityThread.java:6027)
11-01 10:14:19.234143  3213  3353 E IApi    : com.ecarx.eas.framework.sdk.navi.NaviAPIImpl init(T api)
11-01 10:14:19.309622  3302  3528 D SystemRadioManager: onConfigurationChanged(): config type: 1
11-01 10:14:19.730600  3334  3334 W System.err: com.tencent.tai.pal.exception.FeatureNotSupportedException: FeatureNotSupportedException found. NOT supported feature:getChannel
11-01 10:14:19.393294  3370  3370 E nearby  : BleApi:cannot find updateScanParams
11-01 10:14:19.726844  3441  3547 D ContactsDatabaseHelper: WAL enabled for contacts2.db: true
11-01 10:14:19.419757  3491  3491 I MTKLogger: isTaglogEnable   false
11-01 10:14:19.844675  3585  3585 W Tinker.TinkerLoader: tryLoadPatchFiles:patch dir not exist:/data/user/0/com.ecarx.smartcloud/tinker
11-01 10:14:19.721685  3649  3649 I Zygote  : seccomp disabled by setenforce 0
11-01 10:14:13.412351    21    21 I DefaultVehicleHal_v2_0: subscribe propId: 0x21403015, sampleRate: 0.000000
11-01 10:14:19.824578   131   131 I v01_server_ota_main: rcvlen = 162
11-01 10:14:17.403933   143   143 E hwcomposer: [COMP] (2:0) Failed to get releaseFence !!  
11-01 10:14:19.848847   151   151 D WifiHAL : In GetFeatureSetCommand::handleResponse for 5
11-01 10:14:20.070440   167   623 D ML_TeleServiceIndication: notifySignalStrength call back 0x0
11-01 10:14:15.468996   195   245 I ML_Data : ML_DataCallInfoGet: v6.ip =  :: 
11-01 10:14:20.070479   198  2433 D ML_TeleServiceIndication: notifySignalStrength call back 0x0
11-01 10:14:20.159238   291   422 I MobileLogD: new client(21) conected!
11-01 10:14:18.020059   197   217 W TBOX_TAG: can_dataMgr.cpp CAN: Don't got VIN from MCU yet, use debug value for VIN.
11-01 10:14:19.939273   267   721 D         : mtk_gps_mnl_trigger_mpe: mpemsg len=0
11-01 10:14:14.314534   495  1460 E goc     : deviceAddr	:68A03EAD3E9C
10-20 10:52:34.022692   507   793 D WifiAsyncChannel.WifiScanningService: sendMessage sendMessage message=159764
11-01 10:14:19.836958   608   663 D EMDLOGGER1: mdlgger begin to accept
11-01 10:14:13.423698   917  2294 D PropertyHalService: subscribeProperty propId=0x2140003b, rate=0.0
11-01 10:14:12.745481  1004  1004 W SystemUIPlugin:: setIcon:NETWORK_SIGNAL_STRENGTH 7f0600ab visibility:0
11-01 10:14:20.032071  1164  2678 I HICARSDK: HiCarAdapter:registerCarListener with version 1.0.0.304
11-01 10:14:13.423604  1307  1506 D ParseHelper: Local AppSign : 6ea2859ccc91d0d7dced641e704d0f60
11-01 10:14:18.049593  1633  1633 D CarSvc  : [CarFunctionImpl] getCustomizeFunctionValue() called with: function = [268829696], zone = [-2147483648]
11-01 10:14:17.525939  1651  3141 I ECarXApiClientImpl: >> onAPIReady(vr_all, true) <<
11-01 10:14:13.426276  1746  1746 D CarSvc  : [CarFunctionImpl] registerFunctionValueWatcher() called with: function = [537528576], watcher = [ecarx.settings.proxy.custom.RefreshUIProxy$2@985ae2a]
11-01 10:14:13.279264  1767  1767 D XCMascot:: [XCTaskProcessor] top activity====ComponentInfo{ecarx.launcher3/ecarx.launcher3.psd.LauncherForPsd}=====firstCheck====true
11-01 10:14:14.198439  1810  1810 D GKAI:GUI: [BluetoothMngP]  BluetoothMonitor init finish
11-01 10:14:16.133497  1825  3074 W System.err: 	at android.content.ContextWrapper.bindService(ContextWrapper.java:698)
11-01 10:14:19.872919  1841  1841 D [XSFNotification][2.2.0 (c0d)]NotificationListenerService: [(ECarxNotificationListenerService.java:333)#IgnoreNotification ] ignoreNotification packageName = com.ecarx.multimedia with flags=0x62
11-01 10:14:16.563371  1866  2473 D BTTS    : [beta_sound_config.cc:300]add candidate file:/storage/emulated/0/tencent/wecar/larklite/com.tencent.mm/1.3.5/tts.ini
11-01 10:14:14.214654  1913  2227 I Launcher.Model: [JERRY][bindWorkspace][2], currentScreenId  1, isLoadingSynchronously: true
11-01 10:14:13.843320  1959  1959 W Tinker.UpgradePatchRetry: onPatchRetryLoad retry info not exist, just return
11-01 10:14:14.101067  2065  2526 D ActivateTagSdkActivateManager: [ActivateManager.doActivate():330]doActivate
11-01 10:14:14.309244  2121  2626 D RePlugin.task-affinity: useDefault = true
11-01 10:14:15.172546  2137  2213 D ECarXApiClientImpl: onRemoteConnected: pki
11-01 10:14:13.039499  2150  2150 I icationcenteru:   at void android.os.Handler.dispatchMessage(android.os.Message) (Handler.java:106)
11-01 10:14:14.363521  2251  2251 I PatternObserver: build - key: IHU_SmartScene_event_scene_00018
11-01 10:14:14.851787  2275  2647 W VrLogger: ManagerBase#vr binder is not ready
11-01 10:14:15.402790  2340  2340 D ws001   : --- 调整插件中组件的进程 END --- com.ecarx.multimedia:GuardService
11-01 10:14:14.328392  2510  2510 W PAL_Adapter_20210816: [MyNetworkAdapter](MyNetworkAdapter.java:99):isConnected: networkType: 0
11-01 10:14:19.699575  2544  2597 I OfflineNLU: new token cdd53613c69a4347920069ff0c36f035:bUfZMY8hvj3paNxuF8lNA8e2lnuzXaN1dqtmkXpfDogC+TMRwbkl14CQt2+T3vQl0AzWvxt2AVYu18FLg8+OjMJJsBG+n1pSoIw9DZ2UaDN2NrYOcp03uiJOOK5wVVaDTlmWS4G7Zam8tyMkv2VqNVOC2CcXFZxnS0UZUBEnMeU= expire in 10800
11-01 10:14:16.054109  2670  2842 I HiView-PluginPlatform: HiView-PluginPlatform: InitPlugin Plugin EngineEventVerify loadtime:6.
11-01 10:14:17.533641  2721  2721 D DMSDPSDK: DMSDPInputManager:not keyboard
11-01 10:14:18.014064  2756  2796 D GKAI:TTS-E_:2.2.21402010.51: [ TtsImplPool ] : fetchImpl: ImplList index:0
11-01 10:14:16.811902  2792  2792 D NetworkController: [JRSYS_NET][onReceive], action: android.net.wifi.STATE_CHANGE
11-01 10:14:18.226535  2873  2873 I PAL_SDK : registerManagerStateListenerInner runOnUiThread isServiceConnected==true
11-01 10:14:19.571296  2899  3183 D ECarXApiClientImpl: onRemoteConnected: weather
11-01 10:14:17.012500  2942  2942 I om.ecarx.xiaok:   at void android.app.ActivityThread.access$1100(android.app.ActivityThread, android.app.ActivityThread$AppBindData) (ActivityThread.java:206)
11-01 10:14:17.796644  2984  2984 D CarSvc  : [SensorImpl] registerListener() called with: listener = [com.ecarx.xsf.alert.manager.PSDAlertManager$1@75cd8a4], sensor = [1048832]
11-01 10:14:18.489138  3054  3054 I artcloud:remot:   at void android.app.ActivityThread.access$1100(android.app.ActivityThread, android.app.ActivityThread$AppBindData) (ActivityThread.java:206)
11-01 10:14:19.234288  3213  3353 I NaviAPIImpl: registerNaviObserver
11-01 10:14:19.310126  3302  3302 I radioRunningData: genesis init radio running data model
11-01 10:14:19.730897  3334  3334 W System.err: 	at com.tencent.tai.pal.client.cs.a.l.getChannel(Proguard:396)
11-01 10:14:19.393520  3370  3370 E HiView  : need call setContext before report!
11-01 10:14:19.812969  3441  3441 I d.process.acor: The ClassLoaderContext is a special shared library.
11-01 10:14:19.498196  3491  3491 I MTKLogger/ExceptionMonitor: Start file monitor for /data/aee_exp/db_history
11-01 10:14:19.845542  3585  3585 D Tinker.DefaultAppLike: onBaseContextAttached:
11-01 10:14:19.889186  3649  3649 I gedprovisionin: The ClassLoaderContext is a special shared library.
11-01 10:14:20.035670  3706  3706 I Zygote  : seccomp disabled by setenforce 0
11-01 10:14:13.417856    21    21 I automotive.vehicle@2.0-impl: SubscriptionManager::addOrUpdateSubscription, callback: 0x7147842fc0
11-01 10:14:19.824596   131   131 I v01_server_ota_main: change@/devices/platform/regulatory.0
11-01 10:14:19.824596   131   131 I v01_server_ota_main: ACTION=change
11-01 10:14:19.824596   131   131 I v01_server_ota_main: DEVPATH=/devices/platform/regulatory.0
11-01 10:14:19.824596   131   131 I v01_server_ota_main: SUBSYSTEM=platform
11-01 10:14:19.824596   131   131 I v01_server_ota_main: COUNTRY=00
11-01 10:14:19.824596   131   131 I v01_server_ota_main: MODALIAS=platform:regulatory
11-01 10:14:19.824596   131   131 I v01_server_ota_main: SEQNUM=6874
11-01 10:14:19.824596   131   131 I v01_server_ota_main: 
11-01 10:14:17.627076   143   143 E hwcomposer: [COMP] (2:0) Failed to get releaseFence !!  
11-01 10:14:19.848863   151   151 D WifiHAL : vendor_id = 0x0, subcmd = 0x0
11-01 10:14:15.469024   195   245 I ML_Data : ML_DataCallInfoGet:v6 gateway = ::192:39e7:fcf0:ede7:1c67:36e7 
11-01 10:14:20.210564   291   422 I MobileLogD: recv set_storage_path,/storage/emulated/0 from 21
11-01 10:14:18.129111   197   217 I TBOX_TAG: can_dataMgr.cpp RecvCmd:320, RecvData:4C4233373835325A364D53303031333030FF00E00000000000000000000000000000000000000000000000000000000000000000
11-01 10:14:19.943488   267   721 D pseudo  : mtk_gps_sys_nmea_output_to_mnld: received 598 bytes:
11-01 10:14:14.314551   495  1460 E goc     : linkkeyValid	:1
10-20 10:52:34.022755   507   793 D WifiAsyncChannel.WifiScanningService: sendMessage sendMessage message=159764
11-01 10:14:19.836999   608   663 D EMDLOGGER1: mdlgger accept done
11-01 10:14:13.424967   917  2307 D Property.service: getPropertyList returns 0 configs
11-01 10:14:12.747610  1004  1004 W SystemUIPlugin:: setIcon:NETWORK_SIGNAL 7f0600b3 visibility:0
11-01 10:14:20.036148  1164  2678 I HiCarAuth : HiCarAuthenticationImpl get instance
11-01 10:14:13.424652  1307  1506 D ParseHelper: License AppSign : AppSign{appSign='6ea2859ccc91d0d7dced641e704d0f60', supplier='beta'}
11-01 10:14:18.049625  1633  1633 I FunctionManagerCarFunction: getCustomizeFunctionValue1 functionId:268829696
11-01 10:14:17.526166  1651  3132 D _TAI_SPEECH_FUSION_: [ServiceConnector::](ServiceConnector.java:262):try bind service:com.tencent.wecar
11-01 10:14:20.009198  1723  1723 D XCMultiScreen: MultiDispalyVideoDemoService mApplication=ecarx.demo.multidisplay.video.MultiDisplayVideoDemoApplication@61b39e0
11-01 10:14:13.426448  1746  1746 D CarSvc  : [CarFunctionImpl] registerFunctionValueWatcher() called with: function = [537526784], watcher = [ecarx.settings.proxy.custom.RefreshUIProxy$2@985ae2a]
11-01 10:14:13.297101  1767  1767 W DisplayUtil: [JRPSD_activity][getStackStackInfosByDisplayId]--1, iAm: android.app.IActivityManager$Stub$Proxy@a228259, size: 4, list: [Stack id=2 bounds=[0,0][1920,720] displayId=0 userId=0
11-01 10:14:13.297101  1767  1767 W DisplayUtil:  configuration={1.0  mcc mnc [zh_CN] ldltr sw720dp w1760dp h720dp 160dpi xlrg long land  uimode finger -keyb/v/h -nav/h winConfig={ mBounds=Rect(0, 0 - 1760, 720) mAppBounds=Rect(160, 0 - 1920, 720) mWindowingMode=freeform mActivityType=standard} s.4}
11-01 10:14:13.297101  1767  1767 W DisplayUtil:   taskId=241: com.ecarx.adnavi/com.ecarx.adnavi.view.MainActivity bounds=[760,0][1920,720] userId=0 visible=true topActivity=ComponentInfo{com.ecarx.adnavi/com.ecarx.adnavi.view.MainActivity}
11-01 10:14:13.297101  1767  1767 W DisplayUtil: , Stack id=1 bounds=[0,0][1920,720] displayId=0 userId=0
11-01 10:14:13.297101  1767  1767 W DisplayUtil:  configuration={1.0  mcc mnc [zh_CN] ldltr sw720dp w1760dp h720dp 160dpi xlrg long land  uimode finger -keyb/v/h -nav/h winConfig={ mBounds=Rect(0, 0 - 1760, 720) mAppBounds=Rect(160, 0 - 1920, 720) mWindowingMode=freeform mActivityType=standard} s.4}
11-01 10:14:13.297101  1767  1767 W DisplayUtil:   taskId=240: com.ecarx.smartarea/com.ecarx.smartarea.MainActivity bounds=[160,0][740,720] userId=0 visible=true topActivity=ComponentInfo{com.ecarx.smartarea/com.ecarx.smartarea.MainActivity}
11-01 10:14:13.297101  1767  1767 W DisplayUtil: , Stack id=0 bounds=[0,0][1920,720] displayId=0 userId=0
11-01 10:14:13.297101  1767  1767 W DisplayUtil:  configuration={1.0  mcc mnc [zh_CN] ldltr sw720dp w1760dp h720dp 160dpi xlrg long land  uimode finger -keyb/v/h -nav/h winConfig={ mBounds=Rect(0, 0 - 1760, 720) mAppBounds=Rect(160, 0 - 1920, 720) mWindowingMode=fullscreen mActivityType=home} s.4}
11-01 10:14:13.297101  1767  1767 W DisplayUtil:   taskId=239: ecarx.launcher3/ecarx.launcher3.Launcher bounds=[0,0][1920,720] userId=0 visible=true topActivity=ComponentInfo{ecarx.launcher3/ecarx.launcher3.Launcher}
11-01 10:14:13.297101  1767  1767 W DisplayUtil: , Stack id=3 bounds=[0,0][1920,720] displayId=1 userId=0
11-01 10:14:13.297101  1767  1767 W DisplayUtil:  configuration={1.0  mcc mnc [zh_CN] ldltr sw720dp w1920dp h720dp 160dpi xlrg long land  uimode finger -keyb/v/h -nav/h winConfig={ mBounds=Rect(0, 0 - 1920, 720) mAppBounds=Rect(160, 0 - 2080, 720) mWindowingMode=fullscreen mActivityType=standard} s.4}
11-01 10:14:13.297101  1767  1767 W DisplayUtil:   taskId=242: ecarx.launcher3/ecarx.launcher3.psd.LauncherForPsd bounds=[0,0][1920,720] userId=0 visible=true topActivity=ComponentInfo{ecarx.launcher3/ecarx.launcher3.psd.LauncherForPsd}
11-01 10:14:13.297101  1767  1767 W DisplayUtil: ]
11-01 10:14:13.642864  1784  1784 I PsdContentController: [JRPSD_Content][refreshContents]
11-01 10:14:14.199349  1810  1824 I ecarx.xiaokagu: Background concurrent copying GC freed 40227(4MB) AllocSpace objects, 18(460KB) LOS objects, 49% free, 4MB/8MB, paused 12.921ms total 1.582s
11-01 10:14:16.133510  1825  3074 W System.err: 	at ecarx.naviservice.service.NaviService.d(SourceFile:659)
11-01 10:14:19.873268  1841  1841 I [XSFNotification][2.2.0 (c0d)]NotificationListenerService: [(ECarxNotificationListenerService.java:206)#HandleNotification ] onNotificationPosted Invalid, sbn = StatusBarNotification(pkg=com.ecarx.multimedia user=UserHandle{0} id=412 tag=null key=0|com.ecarx.multimedia|412|null|10049: Notification(channel=Media2_notification_channel1635732859748 pri=0 contentView=null vibrate=null sound=null defaults=0x0 flags=0x62 color=0xff607d8b vis=PRIVATE))
11-01 10:14:16.563386  1866  2473 I BTTS    : [beta_sound_config.cc:303]current lib version:2.3.5
11-01 10:14:14.216303  1913  1913 I LauncherImpl: [JRWidget_Edit][startBinding], mWidgetPanel: ecarx.launcher3.widget.panel.ui.WidgetContentView{27025e1 IFE...C.. ......I. 0,0-0,0 #7f0901c2 app:id/widget_panel}
11-01 10:14:14.264336  1959  1996 D ECarXApiClientImpl: onRemoteConnected: mediacenter
11-01 10:14:14.101317  2065  2526 E ActivateTagSdkActivateManager: [ActivateManager.doActivate():332]pcode: E02-EVB
11-01 10:14:14.312159  2121  2627 D RePlugin.ws001: get resources for app, r=android.content.res.Resources@dd595a6
11-01 10:14:15.379510  2137  2213 D ECarXApiClientImpl: onRemoteConnected: push
11-01 10:14:13.039512  2150  2150 I icationcenteru:   at void android.os.Looper.loop() (Looper.java:193)
11-01 10:14:14.364996  2251  2251 I SmartCardView: onDataLoaded
11-01 10:14:14.851907  2275  2647 W VrLogger: VoiceSvrManager#VoiceSvrManager.get() error : ECarX voice service not available!
11-01 10:14:15.402862  2340  2340 D RePlugin.task-affinity: useDefault = true
11-01 10:14:14.343029  2510  2510 W PAL_Adapter_20210816: [MyNetworkAdapter](MyNetworkAdapter.java:105):isConnected: true; networkType: 0
11-01 10:14:19.699724  2544  2597 W OfflineNLU: netState false initSuccess false env null hasToken true deviceInfo null
11-01 10:14:16.838890  2618  2618 I DeviceAPI: createDeviceAPI
11-01 10:14:16.054132  2670  2842 D HiView-PluginPlatform: HiView-PluginPlatform: LoadBusinessPlugin Start to Load plugin StatisticsCollect
11-01 10:14:17.535516  2721  2721 D DMSDPSDK: DMSDPInputManager:isExternal = false
11-01 10:14:18.014112  2756  2796 D GKAI:TTS-E_:2.2.21402010.51: [ TtsImplPool ] : fetchImpl: ImplList is already value:true
11-01 10:14:16.812049  2792  2792 D SystemUIPlugin:NetworkController: [JRSYS_NET][updateWifiIcons] mApEnabled : false; mApConnectNumShow : -1; mWifiEnabled : true; mWifiConnected : false; mWifiLevel : 0; mWifiRssi : 0
11-01 10:14:18.434014  2873  2920 D _WeCarSpeech_: [WecarBinder](Proguard:577):getClientState appId = d86521bd5b4981ed8918f5e23c6ab29a27c7abde state = 0
11-01 10:14:17.012513  2942  2942 I om.ecarx.xiaok:   at void android.app.ActivityThread$H.handleMessage(android.os.Message) (ActivityThread.java:1679)
11-01 10:14:17.796901  2984  2984 D CarSvc  : [SensorImpl] registerListener() called with: listener = [com.ecarx.xsf.alert.manager.PSDAlertManager$1@75cd8a4], sensor = [1048832], rate = [3]
11-01 10:14:18.489151  3054  3054 I artcloud:remot:   at void android.app.ActivityThread$H.handleMessage(android.os.Message) (ActivityThread.java:1679)
11-01 10:14:19.234369  3213  3353 I NaviAPIImpl: registerNaviObserver:ecarx.naviservice.INaviServer$Stub$Proxy@a0feeed
11-01 10:14:19.318383  3302  3302 D IRadioAdapterImpl: getSysLocationApi
11-01 10:14:19.730935  3334  3334 W System.err: 	at com.tencent.taes.pal.PALInitHelper$1.onConnected(Proguard:60)
11-01 10:14:19.393549  3370  3370 E nearby  : BleApi:cannot find setScanWindowMillis

11-01 10:14:19.616395  3491  3491 I MTKLogger/ExceptionMonitor: Start file monitor for /data/vendor/mtklog/aee_exp/db_history
11-01 10:14:19.846374  3585  3585 I Tinker.ReflectApp: with app realApplication from manifest applicationName:ecarx.home.App
11-01 10:14:20.193012  3737  3737 I Zygote  : seccomp disabled by setenforce 0
11-01 10:14:13.417946    21    21 I automotive.vehicle@2.0-impl: SubscriptionManager::addOrUpdateSubscription, prop: 0x2140302b
11-01 10:14:19.824630   131   131 I v01_server_ota_main: select
11-01 10:14:17.650685   143   143 E hwcomposer: [COMP] (2:0) Failed to get releaseFence !!  
11-01 10:14:19.848875   151   151 I WifiHAL : feature_set=0x88141a
11-01 10:14:15.469051   195   245 I ML_Data : ML_DataCallInfoGet:v6 pri_dns = 1867:36e7:8b67:36e7:3867:36e7:: 
11-01 10:14:20.217897   291   422 D MobileLogD: write set_storage_path,/storage/emulated/0,1 to client 21 
11-01 10:14:18.129224   197   217 W TBOX_TAG: can_dataMgr.cpp CAN: Don't got VIN from MCU yet, use debug value for VIN.
11-01 10:14:19.944197   267   721 D pseudo  : mtk_gps_sys_nmea_output_to_app: len:598, [NMEA]$GNGGA,000045.01...
11-01 10:14:14.314568   495  1460 E goc     : linkkeyLen	:16
10-20 10:52:34.022829   507   793 D WifiAsyncChannel.WifiScanningService: sendMessage sendMessage message=159764
11-01 10:14:13.426806   917  2307 D Property.service: registerListener: propId=0x2140006e rate=0.0
11-01 10:14:12.767119  1004  1004 W SystemUIPlugin:: setIcon:NETWORK_SIGNAL_STRENGTH 7f0600ae visibility:0
11-01 10:14:20.036246  1164  2678 I HiCarAuth : HiCarAuthenticationImpl set dfx methods
11-01 10:14:13.425107  1307  1506 D PermissionCache:  Operation List : []
11-01 10:14:18.049650  1633  1633 I FunctionManagerCarFunction: getCustomizeFunctionValue1 result:0.5
11-01 10:14:17.526173  1651  3141 D _TAI_SPEECH_FUSION_: [EcarxPluginHandler](EcarxPluginHandler.java:69):EcarxPlugin , onAPIReady = true
11-01 10:14:20.009278  1723  1723 D XCMultiScreen: MultiDisplayApplication onMainActivityCreate()
11-01 10:14:13.429703  1746  1746 D CarSvc  : [CarFunctionImpl] registerFunctionValueWatcher() called with: function = [704972288], watcher = [ecarx.settings.proxy.custom.RefreshUIProxy$2@985ae2a]
11-01 10:14:13.297279  1767  1767 W DisplayUtil: [JRPSD_activity][getStackStackInfosByDisplayId]--2, displayId: 0, visibel: true, cn: ComponentInfo{com.ecarx.adnavi/com.ecarx.adnavi.view.MainActivity}
11-01 10:14:13.642985  1784  1784 I PsdLauncherModel: [JRPSD_DB][startLoader], foreground: true, mAllLoaded: false
11-01 10:14:14.255991  1810  1810 D GKAI:GUI: [MediaCenterProcess] MediaCenterProcess
11-01 10:14:16.133522  1825  3074 W System.err: 	at ecarx.naviservice.service.NaviService.a(SourceFile:598)
11-01 10:14:20.125430  1841  1841 D [XSFNotification][2.2.0 (c0d)]NotificationListenerService: [(ECarxNotificationListenerService.java:163)#OnNotificationPosted ] receive a notification.
11-01 10:14:16.563401  1866  2473 I BTTS    : [beta_sound_config.cc:304]support min resource version:2.0.7
11-01 10:14:14.216392  1913  1913 I WidgetContentView: [JRWidget_Edit][removeContentWidgets]--1
11-01 10:14:14.495089  1959  1959 D [XCSmartScene-2.2.5 (D7F)]-SmartSceneService: [(SmartSceneService.java:2)#OnBind ] onBind:action == ecarx.intent.action.SMARTSCENE_SERVICE_START
11-01 10:14:14.104152  2065  2526 D ActivateTagSdk: [ActivateManager.doActivate():346]isInRequeting:false
11-01 10:14:14.312534  2121  2627 I dex     : load /data/user/0/com.ecarx.multimedia/app_plugins_v3/external-41000147-41000147-42005.jar ...
11-01 10:14:15.700824  2137  2137 D RecommendContentManager: getPsdRecData suc: [PsdData{id='1000', name='精  , subscript='null', operationCode='PSD_1', priority=1, createdAt='2020-12-08 05:26:53', content=[PsdContentBean{id='10000827', title='EVB节奏大师', width=0, height=0, priority=1, imageUrl='https://gstore-static.xchanger.cn/production/202107/1627380679035/精  节奏大师-1 (1).png', jumpType=3, uri='xcmedia://play/smartArea id=51434&type=playList&cp=cloud&isplay=1', abilityCode='songList', packageName='com.ecarx.multimedia', url='null', styleType=1, copywritingTwo='null', copywritingOne='null', logoUrl='null', heading='null', videoUrl='null', videoSize=0, videoMd5='null', videoName='null', styleContent=[]}, PsdContentBean{id='10000826', title='EVB抖音热门', width=0, height=0, priority=2, imageUrl='https://gstore-static.xchanger.cn/production/202107/1627020495741/精  抖音热门.png', jumpType=3, uri='xcmedia://play/smartArea id=51435&type=playList&cp=cloud&isplay=1', abilityCode='songList', packageName='com.ecarx.multimedia', url='null', styleType=1, copywritingTwo='null', copywritingOne='null', logoUrl='null', heading='null', videoUrl='null', videoSize=0, videoMd5='null', videoName='null', styleContent=[]}, PsdContentBean{id='10000828', title='EVB天籁之音', width=0, height=0, priority=3, imageUrl='https://gstore-static.xchanger.cn/production/202107/1627020852607/精  天籁之音 .png', jumpType=3, uri='xcmedia://play/smartArea id=51426&type=playList&cp=cloud&isplay=1', abilityCode='songList', packageName='com.ecarx.multimedia', url='null', styleType=1, copywritingTwo='null', copywritingOne='null', logoUrl='null', heading='null', videoUrl='null', videoSize=0, videoMd5='null', videoName='null', styleContent=[]}]}, PsdData{id='1001', name='音乐', subscript='', operationCode='PSD_2', priority=2, createdAt='2021-10-22 19:49:24', content=[PsdContentBean{id='10000829', title='EVB新歌速  , width=0, height=0, priority=1, imageUrl='https://gstore-static.xchanger.cn/production/202107/1627021091626/影音娱乐-新歌速  png', jumpType=3, uri='xcmedia://play/smartArea id=51410&type=playList&cp=cloud&isplay=1', abilityCode='songList', packageName='com.ecarx.multimedia', url='null', styleType=1, copywritingTwo='null', copywritingOne='null', logoUrl='null', heading='null', videoUrl='null', videoSize=0, videoMd5='null', videoName='null', styleContent=[]}, PsdContentBean{id='10000830', title='EVB一周最  , width=0, height=0, priority=2, imageUrl='https://gstore-static.xchanger.cn/production/202107/1627021543261/影音娱乐-一周热  png', jumpType=3, uri='xcmedia://play/smartArea id=51433&type=playList&cp=cloud&isplay=1', abilityCode='songList', packageName='com.ecarx.multimedia', url='null', styleType=1, copywritingTwo='null', copywritingOne='null', logoUrl='null', heading='null', videoUrl='null', videoSize=0, videoMd5='null', videoName='null', styleContent=[]}, PsdContentBean{id='10000831', title='EVB怀旧金  , width=0, height=0, priority=3, imageUrl='https://gstore-static.xchanger.cn/production/202107/1627021315349/影音娱乐-怀旧金  .png', jumpType=3, uri='xcmedia://play/smartArea id=51432&type=playList&cp=cloud&isplay=1', abilityCode='songList', packageName='com.ecarx.multimedia', url='null', styleType=1, copywritingTwo='null', copywritingOne='null', logoUrl='null', heading='null', videoUrl='null', videoSize=0, videoMd5='null', videoName='null', styleContent=[]}]}, PsdData{id='1002', name='热门应用', subscript='', operationCode='PSD_3', priority=6, createdAt='2021-09-28 18:31:03', content=[PsdContentBean{id='10000832', title='EVB多媒  ', width=0, height=0, priority=1, imageUrl='https://gstore-static.xchanger.cn/production/202107/1627024258060/应用推荐-海量曲库(1).png', jumpType=3, uri='', abilityCode='openApp', packageName='com.ecarx.multimedia', url='null', styleType=1, copywritingTwo='null', copywritingOne='null', logoUrl='null', heading='null', videoUrl='null', videoSize=0, videoMd5='null', videoName='null', styleContent=[]}, PsdContentBean{id='10000833', tit
11-01 10:14:13.039529  2150  2150 I icationcenteru:   at void android.app.ActivityThread.main(java.lang.String[]) (ActivityThread.java:6825)
11-01 10:14:14.365131  2251  2251 I PatternObserver: startDataTask - mode: IHU_SmartScene_event_scene_00018
11-01 10:14:14.860450  2275  2647 W VrLogger: VoiceSvrManager#VoiceSvrManager == null : null
11-01 10:14:15.403473  2340  2340 I RePlugin.PluginManagerClient: updateUsedIfNeeded: pi.isUsed == used, ignore. used=true; pn=uicontrol
11-01 10:14:14.343266  2510  2510 W PAL_Adapter_20210816: [MyNetworkAdapter](MyNetworkAdapter.java:99):isConnected: networkType: 9
11-01 10:14:19.728070  2544  2785 D OfflineNLU: mIUserContext is NULL Waiting initializeing .....null
11-01 10:14:16.054150  2670  2842 D HiView-EventLoop: HiView-EventLoop: StartLoop EventLoop StartLoop
11-01 10:14:17.535571  2721  2721 D DMSDPSDK: DMSDPInputManager:isExclusiveKeyboard = false
11-01 10:14:18.014161  2756  2796 D GKAI:TTS-E_:2.2.21402010.51: [ TtsImplPool ] : fetchImpl: ImplPackageName name=ecarx.notificationcenterui
11-01 10:14:16.812110  2792  2792 D NetworkController: [JRSYS_NET][onReceive], action: android.net.conn.CONNECTIVITY_CHANGE
11-01 10:14:18.438096  2873  2920 D _WeCarSpeech_: [WecarBinder](Proguard:151):registerClient appId = d86521bd5b4981ed8918f5e23c6ab29a27c7abde  appInfo = {"appName":"微信","appType":32,"pkgName":"com.tencent.mm"}
11-01 10:14:17.012526  2942  2942 I om.ecarx.xiaok:   at void android.os.Handler.dispatchMessage(android.os.Message) (Handler.java:106)
11-01 10:14:17.896886  2984  2984 D CarSvc  : [CarFunctionImpl] registerFunctionValueWatcher() called with: functions = [[553779968, 671416832]], watcher = [com.ecarx.xsf.alert.manager.PSDAlertManager$2@30b99c2]
11-01 10:14:18.489165  3054  3054 I artcloud:remot:   at void android.os.Handler.dispatchMessage(android.os.Message) (Handler.java:106)
11-01 10:14:19.240522  3213  3353 E NaviProxy: >>mSupportServiceVersion:0 <<
11-01 10:14:19.319932  3302  3528 D SystemRadioManager: onProgramInfoChanged: 87500, preTuneFrequency : 0 isTuned : false
11-01 10:14:19.730961  3334  3334 W System.err: 	at com.tencent.tai.pal.client.cs.c$4.run(Proguard:297)
11-01 10:14:19.393661  3370  3370 E HiView  : need call setContext before report!
