11-01 10:14:20.389417  1833  1899 D MDC-[9999]-VrArbitrateImpl: setDefaultMediaPackage clientType:0, package:com.ecarx.multimedia, lastPackage:null
11-01 10:14:20.185145  1841  1841 D [XSFNotification][2.2.0 (c0d)]NotificationListenerService: [(ECarxNotificationListenerService.java:163)#OnNotificationPosted ] receive a notification.
11-01 10:14:16.563721  1866  2473 D BTTS    : [beta_sound_config.cc:188]file:/storage/emulated/0/tencent/wecar/larklite/com.tencent.mm/1.3.5/speaker_wy_v2.3.1.trf format & version OK
11-01 10:14:14.221035  1913  1913 I LauncherImpl: [JRPG] bindAddScreens  container　＝　-102 id = 2
11-01 10:14:16.669714  1959  1959 D [XCSmartScene-2.2.5 (D7F)]-SmartSceneEasService: [(AwarenessEasService.java:2)#OnBind ] onBind:action == com.ecarx.smartscene.intent.action.EAS_SUPPORT_SERVICE
11-01 10:14:14.394681  2121  2626 W carx.multimedi: Unsupported class loader
11-01 10:14:17.628645  2137  2327 I ECarXApiClientImpl: >> onAPIReady(device, true) <<
11-01 10:14:13.039633  2150  2150 I icationcenteru:   at java.lang.Class java.lang.ClassLoader.loadClass(java.lang.String, boolean) (ClassLoader.java:379)
11-01 10:14:14.651750  2251  2251 D Recommendations: MainActivity createRecommendationFlowWidget!
11-01 10:14:14.885227  2275  2656 E FileUtil: [] [] [:0]:copyLargeAssetFile: dest file last modified: 1635240557000
11-01 10:14:15.483773  2340  2924 D RePlugin.ws001: replace plugin table: info=PInfo { <uicontrol:42005(5)> [P-N] [DEX_EXTRACTED] [RUNNING] processes=[com.ecarx.multimedia, com.ecarx.multimedia:GuardService] js={ver=42005, verv=2077176283200005141, type=1, path=/data/user/0/com.ecarx.multimedia/app_plugins_v3/uicontrol-41000147-41000147-42005.jar, high=41000147, frm_ver=5, low=41000147, pkgname=com.ecarx.multimedia.plugin.uicontrol, name=uicontrol, ali=uicontrol} dex=/data/user/0/com.ecarx.multimedia/app_plugins_v3/oat/arm64/uicontrol-41000147-41000147-42005.odex nlib=/data/user/0/com.ecarx.multimedia/app_plugins_v3_libs/uicontrol-41000147-41000147-42005 } rc=false
11-01 10:14:14.348748  2510  2648 D DeviceStateAPIImpl: onConnected:isConnected == true
11-01 10:14:20.230728  2544  2785 D OfflineNLU: mIUserContext is NULL Waiting initializeing .....null
11-01 10:14:16.054370  2670  2842 D HiView-EventLoop: HiView-EventLoop: WakeUp EventLoop WakeUp
11-01 10:14:17.586375  2721  2721 D DMSDPSDK: DMSDPInputManager:isExternal = false
11-01 10:14:16.815627  2792  2792 D SystemUIPlugin:NetworkController: [JRSYS_NET][updateWifiIcons] mApEnabled : false; mApConnectNumShow : -1; mWifiEnabled : true; mWifiConnected : false; mWifiLevel : 0; mWifiRssi : 0
11-01 10:14:18.471385  2873  3314 D _WeCarSpeech_: [ClientManager](Proguard:1004):setClientSdkVersion appId = d86521bd5b4981ed8918f5e23c6ab29a27c7abde clientVersion = 3.1.0-5086853
11-01 10:14:20.568769  2899  2899 D MqttService: messageArrived: topic = VIA/MPC/IHU message = {"body":{"data":[{"sourceDeviceType":"vehicle","startTime":"2021-11-01 10:14:20","type":"command","command":"reminder$download_data"}]},"header":{"id":"1110038891058508L1E10199","requestId":"652492753455497217","timestamp":1635732860788,"topics":[{"pkgName":"ecarx.calendar","signature":"27196E386B875E76ADF700E7EA84E4C6EEE33DFA"}],"type":"single"}}
11-01 10:14:17.012603  2942  2942 I om.ecarx.xiaok: Caused by: java.lang.ClassNotFoundException: Didn't find class "com.ecarx.xui.adaptapi.policy.IMicStateCallback" on path: DexPathList[[zip file "/system/app/XSFEASVRService/XSFEASVRService.apk"],nativeLibraryDirectories=[/system/app/XSFEASVRService/lib/arm64, /system/app/XSFEASVRService/XSFEASVRService.apk!/lib/arm64-v8a, /system/lib64, /system/lib64]]
11-01 10:14:18.005293  2984  2984 D CarPropertyManager: getProperty, propId: 0x21400030, area: 0x0, class: class java.lang.Integer
11-01 10:14:18.489247  3054  3054 I artcloud:remot: 
11-01 10:14:19.241150  3213  3353 E EASFramework: SERVICE_CONNECTED_SUPPORT_NOTIFITY >> device
11-01 10:14:19.321776  3302  3302 I RadioService: notifyUiRadioStatus status :APP_ERROR
11-01 10:14:19.731056  3334  3334 W System.err: 	at com.android.internal.os.RuntimeInit$MethodAndArgsCaller.run(RuntimeInit.java:493)
11-01 10:14:19.451928  3370  3370 E HiView  : need call setContext before report!
11-01 10:14:19.837161  3491  3666 I LogHandler/LogSocketConnection: SocketListenHandler receive message, what = 1
11-01 10:14:19.883143  3585  3585 I Tinker.TinkerLoadResult: parseTinkerResult loadCode:-2, process name:com.ecarx.smartcloud, main process:true, systemOTA:false, fingerPrint:alps/full_ecarxICp1_64/ecarxICp1_64:9/PQ2A.190405.003/0.8.7-6F3-user:user/dev-keys, oatDir:null, useInterpretMode:false
11-01 10:14:20.725138  3737  3737 D RePlugin.ws001: list plugins from persistent process
11-01 10:14:13.424116    21    21 I automotive.vehicle@2.0-impl: SubscriptionManager::addOrUpdateSubscription, callback: 0x7147842fc0
11-01 10:14:20.344751   131   131 I v01_server_ota_main: rcvlen = 162
11-01 10:14:17.809768   143   143 E hwcomposer: [COMP] (2:0) Failed to get releaseFence !!  
11-01 10:14:20.328417   151   151 D WifiHAL : vendor_id = 0x0, subcmd = 0x0
11-01 10:14:20.070235   195   249 D ML_TeleServiceIndication: notifySignalStrength call back 0x0
11-01 10:14:20.281538   291   422 E MobileLogD: APLog_2021_1029_161807__2 not in sd anymore
11-01 10:14:18.570335   197   217 I TBOX_TAG: can_dataMgr.cpp RecvCmd:320, RecvData:4C4233373835325A364D53303031333030FF00E00000000000000000000000000000000000000000000000000000000000000000
11-01 10:14:20.595789   330   434 D NetworkManager: NetwrokManager NetworkHandler mMsg->mToken= 20, msgType=7 what=0
11-01 10:14:20.792088   274   274 I keystore: 1 0
11-01 10:14:14.314720   495  1460 E goc     : authorised	:1
10-20 10:52:34.023323   507   793 D WifiAsyncChannel.WifiScanningService: sendMessage sendMessage message=159764
11-01 10:14:13.483348   917  2307 D Property.service: registerListener: propId=0x21400071 rate=0.0
11-01 10:14:12.799286  1004  1004 W StatusBarIconView: [JRSYS][onMeasure] width:40 heightSize:50
11-01 10:14:20.068240  1164  2678 I HiCarManagement : HardwareInfo SCREEN_SIZE is: 10.25
11-01 10:14:13.533055  1307  1478 I OpenAPI : ServiceInfoParser_type -> 1
11-01 10:14:20.594196  1172  1172 D wpa_supplicant: nl80211: Scan included frequencies: 2412 2417 2422 2427 2432 2437 2442 2447 2452 2457 2462 2467 2472 5180 5200 5220 5240 5260 5280 5300 5320 5745 5765 5785 5805 5825
11-01 10:14:18.050847  1633  1633 D CarPropertyManager: getProperty, propId: 0x15600503, area: 0x31, class: class java.lang.Float
11-01 10:14:17.769271  1651  3132 D         : reconnect
11-01 10:14:20.013328  1723  1723 D XCMultiScreen: isVideo:falsedisplayId:2
11-01 10:14:13.461786  1746  1746 D CarSvc  : [CarFunctionImpl] registerFunctionValueWatcher() called with: function = [537135616], watcher = [ecarx.settings.proxy.custom.RefreshUIProxy$2@985ae2a]
11-01 10:14:13.691464  1767  1767 W DisplayUtil: [JRPSD_activity][getStackStackInfosByDisplayId]--1, iAm: android.app.IActivityManager$Stub$Proxy@a228259, size: 4, list: [Stack id=2 bounds=[0,0][1920,720] displayId=0 userId=0
11-01 10:14:13.691464  1767  1767 W DisplayUtil:  configuration={1.0  mcc mnc [zh_CN] ldltr sw720dp w1760dp h720dp 160dpi xlrg long land  uimode finger -keyb/v/h -nav/h winConfig={ mBounds=Rect(0, 0 - 1760, 720) mAppBounds=Rect(160, 0 - 1920, 720) mWindowingMode=freeform mActivityType=standard} s.4}
11-01 10:14:13.691464  1767  1767 W DisplayUtil:   taskId=241: com.ecarx.adnavi/com.ecarx.adnavi.view.MainActivity bounds=[760,0][1920,720] userId=0 visible=true topActivity=ComponentInfo{com.ecarx.adnavi/com.ecarx.adnavi.view.MainActivity}
11-01 10:14:13.691464  1767  1767 W DisplayUtil: , Stack id=1 bounds=[0,0][1920,720] displayId=0 userId=0
11-01 10:14:13.691464  1767  1767 W DisplayUtil:  configuration={1.0  mcc mnc [zh_CN] ldltr sw720dp w1760dp h720dp 160dpi xlrg long land  uimode finger -keyb/v/h -nav/h winConfig={ mBounds=Rect(0, 0 - 1760, 720) mAppBounds=Rect(160, 0 - 1920, 720) mWindowingMode=freeform mActivityType=standard} s.4}
11-01 10:14:13.691464  1767  1767 W DisplayUtil:   taskId=240: com.ecarx.smartarea/com.ecarx.smartarea.MainActivity bounds=[160,0][740,720] userId=0 visible=true topActivity=ComponentInfo{com.ecarx.smartarea/com.ecarx.smartarea.MainActivity}
11-01 10:14:13.691464  1767  1767 W DisplayUtil: , Stack id=0 bounds=[0,0][1920,720] displayId=0 userId=0
11-01 10:14:13.691464  1767  1767 W DisplayUtil:  configuration={1.0  mcc mnc [zh_CN] ldltr sw720dp w1760dp h720dp 160dpi xlrg long land  uimode finger -keyb/v/h -nav/h winConfig={ mBounds=Rect(0, 0 - 1760, 720) mAppBounds=Rect(160, 0 - 1920, 720) mWindowingMode=fullscreen mActivityType=home} s.4}
11-01 10:14:13.691464  1767  1767 W DisplayUtil:   taskId=239: ecarx.launcher3/ecarx.launcher3.Launcher bounds=[0,0][1920,720] userId=0 visible=true topActivity=ComponentInfo{ecarx.launcher3/ecarx.launcher3.Launcher}
11-01 10:14:13.691464  1767  1767 W DisplayUtil: , Stack id=3 bounds=[0,0][1920,720] displayId=1 userId=0
11-01 10:14:13.691464  1767  1767 W DisplayUtil:  configuration={1.0  mcc mnc [zh_CN] ldltr sw720dp w1920dp h720dp 160dpi xlrg long land  uimode finger -keyb/v/h -nav/h winConfig={ mBounds=Rect(0, 0 - 1920, 720) mAppBounds=Rect(160, 0 - 2080, 720) mWindowingMode=fullscreen mActivityType=standard} s.4}
11-01 10:14:13.691464  1767  1767 W DisplayUtil:   taskId=242: ecarx.launcher3/ecarx.launcher3.psd.LauncherForPsd bounds=[0,0][1920,720] userId=0 visible=true topActivity=ComponentInfo{ecarx.launcher3/ecarx.launcher3.psd.LauncherForPsd}
11-01 10:14:13.691464  1767  1767 W DisplayUtil: ]
11-01 10:14:13.665225  1784  1784 I PsdFragmentActivity: [JRPSD][onAttachedToWindow]ecarx.launcher3.psd.LauncherForPsd@4991ea2
11-01 10:14:14.403702  1810  1810 E EASFramework: initConnectEASFrameworkSpecifyService() = false
11-01 10:14:16.133610  1825  3074 W System.err: 	at io.reactivex.d.e.a.u.run(SourceFile:255)
11-01 10:14:20.406738  1833  1899 D MDC-[9999]-VRControlRadioManager: declare radio ctrl capability, handling: ecarx.xsf.mediacenter.vr.f$a$a@dd595a6, source type: [3, 4]
11-01 10:14:20.185931  1841  1841 D [XSFNotification][2.2.0 (c0d)]NotificationListenerService: [(ECarxNotificationListenerService.java:333)#IgnoreNotification ] ignoreNotification packageName = com.ecarx.multimedia with flags=0x62
11-01 10:14:16.563741  1866  2473 D BTTS    : [beta_sound_config.cc:180]checking file:/storage/emulated/0/tencent/wecar/larklite/com.tencent.mm/1.3.5/speaker_yezi_v2.3.1.trf format & version
11-01 10:14:14.222272  1913  1913 I LauncherImpl: [JRPG] bindAddScreens  container　＝　-102 id = 3
11-01 10:14:16.670229  1959  1959 D [XCSmartScene-2.2.5 (D7F)]-SmartSceneEasService: [(AwarenessEasService.java:4)#OnBind ] onBind:SupportService
11-01 10:14:14.400379  2121  2628 D RePlugin.ms-parser: 
11-01 10:14:14.400379  2121  2628 D RePlugin.ms-parser: 打印 Activity - IntentFilter
11-01 10:14:17.628814  2137  2327 E SensorSDKHelper: DeviceAPI init ready = true
11-01 10:14:13.039650  2150  2150 I icationcenteru:   at java.lang.Class java.lang.ClassLoader.loadClass(java.lang.String) (ClassLoader.java:312)
11-01 10:14:14.656257  2251  2772 I SmartCardApp: SmartCardApp onInit
11-01 10:14:14.885439  2275  2656 E FileUtil: [] [] [:0]:copyLargeAssetFile: already the newest version, fileName = navi/pub/guidance_polyphone.dat
11-01 10:14:15.484033  2340  2340 D PluginProcessMain: com.qihoo360.loader2.PluginProcessMain.a(SourceFile:14)(0ms@Thread[main,5,main]) READING
11-01 10:14:14.349721  2510  2648 D DeviceStateAPIImpl: connect:called!
11-01 10:14:20.332675  2544  2785 D OfflineNLU: mIUserContext is NULL Waiting initializeing .....null
11-01 10:14:18.174016  2618  2618 W ECarXApiClientImpl: Initialize open service, service name: device, has connected: false
11-01 10:14:16.054389  2670  2842 I HiView-PluginPlatform: HiView-PluginPlatform: StartEventSource Start event source[StatisticsCollect] in current thead done.
11-01 10:14:17.586419  2721  2721 D DMSDPSDK: DMSDPInputManager:isExclusiveKeyboard = false
11-01 10:14:16.815733  2792  2792 D NetworkController: [JRSYS_NET][onReceive], action: android.intent.action.SIG_STR
11-01 10:14:18.474289  2873  3314 D _WeCarSpeech_: [WecarBinder](Proguard:184):registerSREventCallback appId = d86521bd5b4981ed8918f5e23c6ab29a27c7abde
11-01 10:14:20.571793  2899  2899 D MqttTraceListener: traceDebug source = DatabaseMessageStore, message = discardArrived{ssl://ta.xchanger.cn:18444:1110038891058508L1E10199:com.ecarx.push}, {32264ad6-3f29-48c0-b1cd-b1a0aef6a70b}
11-01 10:14:17.012615  2942  2942 I om.ecarx.xiaok:   at java.lang.Class dalvik.system.BaseDexClassLoader.findClass(java.lang.String) (BaseDexClassLoader.java:134)
11-01 10:14:18.017686  2984  2984 D CarSvc  : [CarFunctionImpl] isFunctionSupported() called with: function = [671416832], zone = [4], result = [notactive]
11-01 10:14:18.489837  3054  3054 I artcloud:remot: Rejecting re-init on previously-failed class java.lang.Class<org.greenrobot.greendao.database.DatabaseOpenHelper$EncryptedHelper>: java.lang.NoClassDefFoundError: Failed resolution of: Lnet/sqlcipher/database/SQLiteOpenHelper;
11-01 10:14:19.241223  3213  3353 E DeviceAPI: clientType>>EASFramework
11-01 10:14:19.321838  3302  3302 I basicRadioService: cbUpdateRadioAction cmd :APP_ERROR obj :62207
11-01 10:14:19.731071  3334  3334 W System.err: 	at com.android.internal.os.ZygoteInit.main(ZygoteInit.java:912)
11-01 10:14:19.451994  3370  3370 D nearby  : BleDevice:handleBtStateChanged: STATE_ON
11-01 10:14:19.837251  3491  3666 I LogHandler/LogSocketConnection: Socket listen start
11-01 10:14:19.883226  3585  3585 W Tinker.TinkerLoadResult: can't find patch file, is ok, just return
11-01 10:14:20.784220  3737  3737 D RePlugin.ws001: get binder = android.os.BinderProxy@597935e
11-01 10:14:13.424160    21    21 I automotive.vehicle@2.0-impl: SubscriptionManager::addOrUpdateSubscription, prop: 0x2140003b
11-01 10:14:20.344826   131   131 I v01_server_ota_main: change@/devices/platform/regulatory.0
11-01 10:14:20.344826   131   131 I v01_server_ota_main: ACTION=change
11-01 10:14:20.344826   131   131 I v01_server_ota_main: DEVPATH=/devices/platform/regulatory.0
11-01 10:14:20.344826   131   131 I v01_server_ota_main: SUBSYSTEM=platform
11-01 10:14:20.344826   131   131 I v01_server_ota_main: COUNTRY=00
11-01 10:14:20.344826   131   131 I v01_server_ota_main: MODALIAS=platform:regulatory
11-01 10:14:20.344826   131   131 I v01_server_ota_main: SEQNUM=6877
11-01 10:14:20.344826   131   131 I v01_server_ota_main: 
11-01 10:14:17.830649   143   143 E hwcomposer: [COMP] (2:0) Failed to get releaseFence !!  
11-01 10:14:20.328430   151   151 I WifiHAL : feature_set=0x88141a
11-01 10:14:20.070346   195   249 D ML_TeleServiceIndication: notifySignalStrength call back 0x0
11-01 10:14:20.292386   291   422 E MobileLogD: APLog_2021_1029_162519__3 not in sd anymore
11-01 10:14:18.570446   197   217 W TBOX_TAG: can_dataMgr.cpp CAN: Don't got VIN from MCU yet, use debug value for VIN.
11-01 10:14:20.595807   330   434 D NetworkManager: oldstate 0 newstate 0
11-01 10:14:14.314734   495  1460 E goc     : linkkeyType	:5
10-20 10:52:34.023394   507   793 D WifiAsyncChannel.WifiScanningService: sendMessage sendMessage message=159764
11-01 10:14:13.484953   917  2307 D PropertyHalService: subscribeProperty propId=0x21400071, rate=0.0
11-01 10:14:12.800594  1004  1004 W StatusBarIconView: [JRSYS][onMeasure] width:40 heightSize:50
11-01 10:14:20.068605  1164  2678 I HiCarManagement : HardwareInfo WIFI_CHIP is: BCM6338
11-01 10:14:13.579744  1307  1478 I ServiceInfoParser: secret -> {"n":"com.ecarx.cameraservice","k":"42e32cdb86378f1550e93864862699f2","s":"12345678901234567890123456789012"}
11-01 10:14:20.594214  1172  1172 D wpa_supplicant: wlan0: Event SCAN_RESULTS (3) received
11-01 10:14:18.149765  1633  1633 D CarSvc  : [CarFunctionImpl] getCustomizeFunctionValue() called with: function = [268828928], zone = [1] result = [17.0]
11-01 10:14:17.770384  1651  3132 D _TAI_SPEECH_FUSION_: [EcarxWakeuper](EcarxWakeuper.java:84):setOnWakeupListener = com.tencent.wecarspeech.fusionsdk.sdk.FusionWakeupManager$4@3bcfc28
11-01 10:14:20.146748  1723  1723 E BitmapFactory: Unable to decode stream: java.io.FileNotFoundException:  (No such file or directory)
11-01 10:14:13.461934  1746  1746 D CarSvc  : [CarFunctionImpl] registerFunctionValueWatcher() called with: function = [721486080], watcher = [ecarx.settings.proxy.custom.RefreshUIProxy$2@985ae2a]
11-01 10:14:13.691622  1767  1767 W DisplayUtil: [JRPSD_activity][getStackStackInfosByDisplayId]--2, displayId: 0, visibel: true, cn: ComponentInfo{com.ecarx.adnavi/com.ecarx.adnavi.view.MainActivity}
11-01 10:14:13.665290  1784  2105 D f       : getPsdRecInfo iRecommendService: a.b.a.a.c$a$a@8416bbb
11-01 10:14:14.417088  1810  1810 I EASFramework: getAvailableEASServices() not Contain  DcsUpload!!!
11-01 10:14:16.133622  1825  3074 W System.err: 	at io.reactivex.d.g.q.run(SourceFile:66)
11-01 10:14:20.411092  1833  1899 D MDC-[9999]-VrCtrlPriorityManager: declareMusicCtrlCapability, pkg: com.ecarx.multimedia, priority: 0
11-01 10:14:20.187671  1841  1841 I [XSFNotification][2.2.0 (c0d)]NotificationListenerService: [(ECarxNotificationListenerService.java:206)#HandleNotification ] onNotificationPosted Invalid, sbn = StatusBarNotification(pkg=com.ecarx.multimedia user=UserHandle{0} id=1073741823 tag=null key=0|com.ecarx.multimedia|1073741823|null|10049: Notification(channel=com.ecarx.multimedia_kuwo pri=0 contentView=null vibrate=null sound=null tick defaults=0x0 flags=0x62 color=0x00000000 vis=PRIVATE))
11-01 10:14:16.563797  1866  2473 D BTTS    : [beta_sound_config.cc:188]file:/storage/emulated/0/tencent/wecar/larklite/com.tencent.mm/1.3.5/speaker_yezi_v2.3.1.trf format & version OK
11-01 10:14:14.225340  1913  2227 I Launcher.Model: [JERRY][JRHOT][bindWorkspaceItems], workspaceItems.size: 10, appWidgets size: 0, postOnMainThread: false, widgetHost: ecarx.launcher3.LauncherAppWidgetHost@afd2bf4, arrayList size: 0
11-01 10:14:16.901948  1959  1999 D ECarXApiClientImpl: onRemoteConnected: push
11-01 10:14:14.409232  2121  2628 D RePlugin.ms-parser: key:com.ecarx.multimedia.plugin.uicontrol.ui.MainActivity; val:[{action:{android.intent.action.MAIN,}, category:{android.intent.category.LAUNCHER,}}, ]
11-01 10:14:17.655164  2137  2327 I ECarXApiClientImpl: >> onAPIReady(push, true) <<
11-01 10:14:13.039665  2150  2150 I icationcenteru:   at void ecarx.notificationcenterui.ui.NotificationUIApplication.s() (SourceFile:2)
11-01 10:14:14.656332  2251  2772 I SmartCardApp: initSceneCallback
11-01 10:14:14.890123  2275  2656 E FileUtil: [] [] [:0]:copyLargeAssetFile: input available: 78
11-01 10:14:15.484750  2340  2340 D PluginProcessMain: com.qihoo360.loader2.PluginProcessMain.a(SourceFile:14)(1ms@Thread[main,5,main]) READING DONE
11-01 10:14:14.349767  2510  2648 D DeviceStateAPIImpl: connect:null == mIDrivePolicy
11-01 10:14:20.494502  2544  2785 D OfflineNLU: mIUserContext is NULL Waiting initializeing .....null
11-01 10:14:18.174401  2618  2618 D ECarXApiClientImpl: >>> ConnectionCallbacks 中不存在 device,  添加该服  <<<
11-01 10:14:16.054407  2670  2842 I HiView-PluginPlatform: HiView-PluginPlatform: InitPlugin Plugin StatisticsCollect loadtime:140.
11-01 10:14:17.586435  2721  2721 D DMSDPSDK: DMSDPInputManager:not keyboard
11-01 10:14:16.817532  2792  2792 I NetworkController: [JRSYS_NET][getGsmLevel] =3
11-01 10:14:18.474424  2873  3314 D _WeCarSpeech_: [ClientManager](Proguard:425):registerSRCallback appId = d86521bd5b4981ed8918f5e23c6ab29a27c7abde
11-01 10:14:20.571855  2899  2899 D MqttTraceListener: traceDebug source = DatabaseMessageStore, message = discardArrived - Message deleted successfully. - messages in db for this clientHandle 0
11-01 10:14:17.012628  2942  2942 I om.ecarx.xiaok:   at java.lang.Class java.lang.ClassLoader.loadClass(java.lang.String, boolean) (ClassLoader.java:379)
11-01 10:14:18.017784  2984  2984 E PSDAlertManager: Not support function，function code is  71416832
11-01 10:14:18.489881  3054  3054 I artcloud:remot:   at void ecarx.home.data.db.GreenDaoDatabase.e() (GreenDaoDatabase.java:6)
11-01 10:14:19.241957  3213  3353 E IApi    : com.ecarx.eas.framework.sdk.device.EASDeviceAPI init(T api)
11-01 10:14:19.322003  3302  3489 I basicRadioService: IRadioSvcCallback size =  0cmd : APP_ERROR
11-01 10:14:19.824352  3334  3395 I TAHTTP  : createSharedMem succ: fd=47
11-01 10:14:19.452760  3370  3370 E HiView  : need call setContext before report!
11-01 10:14:20.001833  3491  3491 I MTKLogger/LogControllerUtils: <--isConnsysLogRunning()  false
11-01 10:14:19.883309  3585  3585 I Tinker.DefaultLoadReporter: patch loadReporter onLoadResult: patch load result, path:/data/user/0/com.ecarx.smartcloud/tinker, code: -2, cost: 27ms
11-01 10:14:20.784324  3737  3737 D RePlugin.ws001: proxy fetch binder: binder=android.os.BinderProxy@597935e
11-01 10:14:13.424175    21    21 I automotive.vehicle@2.0-impl: addOrUpdateSubscription opts.propId: 0x2140003b
11-01 10:14:17.988177   143   143 E hwcomposer: [COMP] (2:0) Failed to get releaseFence !!  
11-01 10:14:20.333358   151   151 D WifiHAL : WifiRequest::create vendor command to iface 34, vendor_id=0x1a11, subcmd=0x0002, res=0
11-01 10:14:20.470420   195   245 I ML_Data : ML_DataCallInfoGet
11-01 10:14:20.292594   291   422 E MobileLogD: APLog_2021_1029_164110__4 not in sd anymore
11-01 10:14:18.616359   197   197 I TBOX_TAG: handy_tool_fjd.h IPC RECV: Type:70051000 IPC_CAN_CAN_TIMER_EVT Length:4 Payload: 0F000000o     o     o t ho 
11-01 10:14:14.314750   495  1460 E goc     : ----------------------------------------------
10-20 10:52:34.023450   507   793 D WifiAsyncChannel.WifiScanningService: sendMessage sendMessage message=159764
11-01 10:14:13.493373   917  2312 D Property.service: registerListener: propId=0x21400070 rate=0.0
11-01 10:14:12.961854  1004  1004 D DIVIDER : updateDisplayChanged  hasContent ->trueshowing->false
11-01 10:14:20.068783  1164  2678 I HiCarManagement : HardwareInfo CAR_MODEL is: jili
11-01 10:14:13.707130  1307  1478 I ServiceInfoParser: secret-list -> [com.ecarx.sdk.openapi.support.SupportInfo@7e12e80]
11-01 10:14:20.594429  1172  1172 D wpa_supplicant: nl80211: Received scan results (17 BSSes)
11-01 10:14:18.149862  1633  1633 I FunctionManagerCarFunction: getCustomizeFunctionValue2 functionId:268828928 zone:1
11-01 10:14:17.770873  1651  3132 D _TAI_SPEECH_FUSION_: [ServiceConnector::](ServiceConnector.java:351):command:ws.wakeupwakeupSettoolFromSys data:  async:true
11-01 10:14:20.146868  1723  1723 D MultiScreen: mPath:bm:null
11-01 10:14:13.462074  1746  1746 D CarSvc  : [CarFunctionImpl] registerFunctionValueWatcher() called with: function = [537920256], watcher = [ecarx.settings.proxy.custom.RefreshUIProxy$2@985ae2a]
11-01 10:14:13.691681  1767  1767 W DisplayUtil: [JRPSD_activity][getStackStackInfosByDisplayId]--2, displayId: 0, visibel: true, cn: ComponentInfo{com.ecarx.smartarea/com.ecarx.smartarea.MainActivity}
11-01 10:14:13.680606  1784  2143 D mali_winsys: EGLint new_window_surface(egl_winsys_display *, void *, EGLSurface, EGLConfig, egl_winsys_surface **, EGLBoolean) returns 0x3000
11-01 10:14:14.419567  1810  1810 E EASFramework: initConnectEASFrameworkSpecifyService() = false
11-01 10:14:16.133636  1825  3074 W System.err: 	at io.reactivex.d.g.q.call(SourceFile:57)
11-01 10:14:20.411314  1833  1899 D MDC-[9999]-VrArbitrateImpl: setDefaultMediaPackage clientType:0, package:com.ecarx.multimedia, lastPackage:com.ecarx.multimedia
11-01 10:14:20.255102  1841  1841 D [XSFNotification][2.2.0 (c0d)]NotificationListenerService: [(ECarxNotificationListenerService.java:163)#OnNotificationPosted ] receive a notification.
11-01 10:14:16.563816  1866  2473 D BTTS    : [beta_sound_config.cc:180]checking file:/storage/emulated/0/tencent/wecar/larklite/com.tencent.mm/1.3.5/speaker_daji_v2.3.1.trf format & version
11-01 10:14:14.226342  1913  2227 I SensorUtils: [JRSYS][recoardSensorsNumberString], eventName: IHU_Launcher_event_appPanel_order, numberEntry: key: [Launcher_app_number], value: [1], stringEntry: key: [Launcher_app_name], value: [百度地图汽车版], timeEntry: null
11-01 10:14:16.929928  1959  2348 I ECarXApiClientImpl: >> onAPIReady(push, true) <<
11-01 10:14:14.140365  2065  2526 D ActivateTagSdk: [CommonUtil.i():180]mICCID:89860920770013088709
11-01 10:14:14.409301  2121  2628 D RePlugin.ms-parser: key:com.ecarx.multimedia.plugin.uicontrol.ui.KuwoActivity; val:[]
11-01 10:14:17.655295  2137  2327 D Recommendations: PushAPI onAPIReady: true
11-01 10:14:13.039684  2150  2150 I icationcenteru:   at void ecarx.notificationcenterui.ui.NotificationUIApplication.j() (SourceFile:2)
11-01 10:14:14.709501  2251  2772 I PatternObserver: PatternObserver - init
11-01 10:14:14.893064  2275  2647 I WeatherAPI: createWeatherAPI
11-01 10:14:15.484910  2340  2340 D RePlugin.ws001: start plugin process: probe client ok, already running, plugin=uicontrol client=com.qihoo360.loader2.IPluginClient$Stub$Proxy@c18886c
11-01 10:14:14.351975  2510  2648 D ECarXApiClientImpl: >>> onConnected result true <<<
11-01 10:14:20.502363  2544  2597 D OfflineNLU: networkStateChanged: true
11-01 10:14:18.174750  2618  2618 I [XSFEASDeviceService]: args[0] = FuelConsumptionServiceImpl
11-01 10:14:18.174750  2618  2618 I [XSFEASDeviceService]: args[1] = init 
11-01 10:14:16.054428  2670  2842 I HiView-PluginPlatform: HiView-PluginPlatform: PostUnorderedEvent maybe platform send event
11-01 10:14:17.591684  2721  2721 D DMSDPSDK: DMSDPInputManager:isExternal = false
11-01 10:14:16.823486  2792  2792 D TelephonyManager: getDataEnabled 1
11-01 10:14:18.585589  2873  3314 D _WeCarSpeech_: [ClientImpl](Proguard:284):registerAppDomain mAppId = d86521bd5b4981ed8918f5e23c6ab29a27c7abde domain = Domain{keepSessionDM=false, domainType='smart_car_control', skills=[Skill{skillType='open_app', skillId='7ffab0f6-6ef1-4d16-9860-3877f626d282'}]}
11-01 10:14:17.012641  2942  2942 I om.ecarx.xiaok:   at java.lang.Class java.lang.ClassLoader.loadClass(java.lang.String) (ClassLoader.java:312)
11-01 10:14:18.017904  2984  2984 D CarPropertyManager: getProperty, propId: 0x21400030, area: 0x0, class: class java.lang.Integer
11-01 10:14:18.489898  3054  3054 I artcloud:remot:   at void ecarx.home.App.b() (App.java:10)
11-01 10:14:19.244111  3213  3213 I NaviAPIImpl: registerNaviEventListener all listener count:1 highFreq listener:ecarx.xsf.gestureservice.utility.OpenApiHelper$2$1@be32122
11-01 10:14:19.322119  3302  3302 D basicRadioService: basicRadioService onBind
11-01 10:14:19.824498  3334  3395 I TAHTTP  : openSharedMem fd: 47
11-01 10:14:19.452802  3370  3370 D nearby  : BleApi:startBleGattServer bleGattServerCallback=com.huawei.nearby.ble.device.d@ee0db10
11-01 10:14:20.002300  3491  3491 I MTKLogger/ServiceStatusManager: setNotificationsEnabledForPackage() enabled   true
11-01 10:14:19.883463  3585  3585 W Tinker.Tinker: tinker load fail!
11-01 10:14:20.790537  3737  3737 D RePlugin.ws001: host binder = android.os.BinderProxy@597935e
11-01 10:14:13.424225    21    21 I DefaultVehicleHal_v2_0: subscribe propId: 0x2140003b, sampleRate: 0.000000
11-01 10:14:18.100895   143   143 E hwcomposer: [COMP] (2:0) Failed to get releaseFence !!  
11-01 10:14:20.333519   151   151 D WifiHAL : In GetFeatureSetCommand::handleResponse for 5
11-01 10:14:20.471879   195   245 D ML_Data : in ML_DataCallInfoGet result 1 0
11-01 10:14:20.292687   291   422 E MobileLogD: APLog_2021_1029_164447__5 not in sd anymore
11-01 10:14:18.684422   197   217 I TBOX_TAG: can_dataMgr.cpp RecvCmd:320, RecvData:4C4233373835325A364D53303031333030FF00E00000000000000000000000000000000000000000000000000000000000000000
11-01 10:14:14.314771   495  1460 E goc     : GocBtScDbRead
10-20 10:52:34.023508   507   793 D WifiAsyncChannel.WifiScanningService: sendMessage sendMessage message=159764
11-01 10:14:13.494104   917  2312 D PropertyHalService: subscribeProperty propId=0x21400070, rate=0.0
11-01 10:14:12.996845  1004  1413 D mali_winsys: EGLint new_window_surface(egl_winsys_display *, void *, EGLSurface, EGLConfig, egl_winsys_surface **, EGLBoolean) returns 0x3000
11-01 10:14:20.068901  1164  2678 I HiCarManagement : HardwareInfo BT_CHIP is: QCC5120
11-01 10:14:13.785772  1307  1478 I OpenAPI : ServiceInfoParser_name -> vr_all
11-01 10:14:20.594503  1172  1172 D wpa_supplicant: wlan0: BSS: Start scan result update 2
11-01 10:14:18.149899  1633  1633 I FunctionManagerCarFunction: getCustomizeFunctionValue2 result:17.0
11-01 10:14:17.884467  1651  1667 D ECarXApiClientImpl: onRemoteConnected: user
11-01 10:14:20.185876  1723  1723 D OpenGLRenderer: Skia GL Pipeline
11-01 10:14:13.462220  1746  1746 D CarSvc  : [CarFunctionImpl] registerFunctionValueWatcher() called with: function = [738329600], watcher = [ecarx.settings.proxy.custom.RefreshUIProxy$2@985ae2a]
11-01 10:14:13.691732  1767  1767 W DisplayUtil: [JRPSD_activity][getStackStackInfosByDisplayId]--2, displayId: 0, visibel: true, cn: ComponentInfo{ecarx.launcher3/ecarx.launcher3.Launcher}
11-01 10:14:13.717266  1784  1784 D XCTip   : onAttach :true
11-01 10:14:14.885775  1810  1810 I DeviceAPI: createDeviceAPI
11-01 10:14:16.133650  1825  3074 W System.err: 	at java.util.concurrent.FutureTask.run(FutureTask.java:266)
11-01 10:14:20.423650  1833  1833 D MDC-[9999]-VrArbitrateImpl: setFrontWindowPackage now:ecarx.demo.multidisplay.video, last:com.ecarx.adnavi
11-01 10:14:20.255633  1841  1841 D [XSFNotification][2.2.0 (c0d)]NotificationListenerService: [(ECarxNotificationListenerService.java:333)#IgnoreNotification ] ignoreNotification packageName = com.mediatek.mtklogger with flags=0x6a
11-01 10:14:16.563871  1866  2473 D BTTS    : [beta_sound_config.cc:188]file:/storage/emulated/0/tencent/wecar/larklite/com.tencent.mm/1.3.5/speaker_daji_v2.3.1.trf format & version OK
11-01 10:14:14.230109  1913  2227 I SensorUtils: [JRSYS][recoardSensorsNumberString], eventName: IHU_Launcher_event_appPanel_order, numberEntry: key: [Launcher_app_number], value: [2], stringEntry: key: [Launcher_app_name], value: [多媒体], timeEntry: null
11-01 10:14:16.930222  1959  2348 I [XCSmartScene-2.2.5 (D7F)]-PushV3: [(PushV3$1.java:1)#OnAPIReady ] PushManager doOnAPIReady
11-01 10:14:14.156635  2065  2526 E ActivateTagSdk: [ActivationRequest.getParams():93]customPkg:com.ecarx.xcttsservice
11-01 10:14:14.409329  2121  2628 D RePlugin.ms-parser: key:com.blankj.utilcode.util.PermissionUtils$PermissionActivity; val:[]
11-01 10:14:17.671995  2137  2327 I ECarXApiClientImpl: >> onAPIReady(push, true) <<
11-01 10:14:13.039700  2150  2150 I icationcenteru:   at android.view.View ecarx.notificationcenterui.ControlBoard.E() (SourceFile:2)
11-01 10:14:14.803372  2251  2772 E EASFramework: EASFrameworkApiClient()
11-01 10:14:14.909472  2275  2656 E FileUtil: [] [] [:0]:copyLargeAssetFile: dest file length: 78
11-01 10:14:15.513504  2340  2340 D RePlugin.ms-receiver: 代理 Receiver 收到 action: android.net.conn.CONNECTIVITY_CHANGE 
11-01 10:14:14.352082  2510  2648 I ECarXApiClientImpl: >> onAPIReady(gkuiservice, true) <<
11-01 10:14:20.594760  2544  2785 D OfflineNLU: mIUserContext is NULL Waiting initializeing .....null
11-01 10:14:18.223779  2618  2618 I ECarXVehicleConfig: Loaded libvehicleconfig_jni..
11-01 10:14:16.054444  2670  2842 D HiView-EventDispatchQueue: HiView-EventDispatchQueue: Enqueue EventDispatchQueue Enqueue
11-01 10:14:17.591748  2721  2721 D DMSDPSDK: DMSDPInputManager:isExclusiveKeyboard = false
11-01 10:14:16.823686  2792  2792 I NetworkController: [JRSYS_NET][NetworkController][getSysNetWorkType]: 13
11-01 10:14:18.588016  2873  2920 D _WeCarSpeech_: [ClientImpl](Proguard:284):registerAppDomain mAppId = d86521bd5b4981ed8918f5e23c6ab29a27c7abde domain = Domain{keepSessionDM=false, domainType='wechat_on_car', skills=[Skill{skillType='login_wechat', skillId='b09a879b-bf78-45d4-9002-a850d78542c5'}, Skill{skillType='wechat_call', skillId='5d20adf6-46a3-4472-9324-e1b76311882f'}, Skill{skillType='recent_wechatcontacts', skillId='3765db66-b05a-421e-8142-dd0e24e0787d'}, Skill{skillType='reply_wechat', skillId='0ac74597-0673-4a39-983d-600e3b081e2b'}, Skill{skillType='send_wechat', skillId='b4956158-617b-42ad-b7ee-c7df11016a5f'}, Skill{skillType='logout_wechat', skillId='e6e27860-a98d-44b7-82a2-255b2f4e67b2'}, Skill{skillType='unread_wechat', skillId='ac4c9d5a-9284-42dd-b03b-04a5bb275048'}]}
11-01 10:14:17.012655  2942  2942 I om.ecarx.xiaok:   at void com.ecarx.xiaoka.service.a.d.<init>(android.content.Context) (SourceFile:11)
11-01 10:14:18.056101  2984  2984 D CarSvc  : [CarFunctionImpl] isFunctionSupported() called with: function = [671416832], zone = [4], result = [notactive]
11-01 10:14:18.489911  3054  3054 I artcloud:remot:   at void ecarx.home.App.onCreate() (App.java:2)
11-01 10:14:19.244175  3213  3213 I NaviAPIImpl: registerNaviObserver
11-01 10:14:19.343060  3302  3553 I radioRunningData:  initFM db
11-01 10:14:19.824788  3334  3395 I TAHTTP  : open shared memory succ: 0xf5e7a000
11-01 10:14:14.913873  2275  2647 D ECarXApiClientImpl: >>> ConnectionCallbacks 中不存在 weather,  添加该服  <<<
11-01 10:14:15.515159  2340  2340 D RePlugin.ws001: start plugin process: probe client ok, already running, plugin=uicontrol client=com.qihoo360.loader2.IPluginClient$Stub$Proxy@c18886c
11-01 10:14:14.353226  2510  2510 W PAL_Adapter_20210816: [MyNetworkAdapter](MyNetworkAdapter.java:150):notifyActiveNetworkTypeChange type = 0 size = 0
11-01 10:14:20.863492  2544  3849 D LexiconMainSqliteUtil: Opened database successfully
11-01 10:14:18.224096  2618  2618 D VehicleConfig_Analysis: getVehicleConfig vehicleId=( 0x8023 ), value =( 0xfffffff5 )
11-01 10:14:16.123252  2670  3072 W HiView-EventLoop: HiView-EventLoop: Run engine_event_verify is too long for thread, please change to a shorter one.
11-01 10:14:17.783295  2721  2721 I DMSDP   : DeviceOrientationListener:Init Device Orientation Listener
11-01 10:14:16.823886  2792  2792 D SystemIconContainer: [JRSYS_NET][setMobileSignalStrengthIndicators], isWifiNeedShow: false
11-01 10:14:18.684924  2873  3314 D _WeCarSpeech_: [ClientManager](Proguard:304):registerSystemDomain appId = d86521bd5b4981ed8918f5e23c6ab29a27c7abde pkgName = com.tencent.mm appName = 微信 alias = 
11-01 10:14:17.013617  2942  2942 I om.ecarx.xiaok:   at void com.ecarx.xiaoka.a.a.<init>() (SourceFile:132)
11-01 10:14:18.489964  3054  3054 I artcloud:remot:   at void android.app.ActivityThread.access$1100(android.app.ActivityThread, android.app.ActivityThread$AppBindData) (ActivityThread.java:206)
11-01 10:14:19.249895  3213  3353 I EASFramework: initConnectEASFrameworkSpecifyService() = true
11-01 10:14:19.347041  3302  3553 I radioRunningData:   init stationlist db
11-01 10:14:19.895962  3334  3541 I PAL_SDK : ServiceManager init context=com.tencent.wecar.WeCarApplication@5924597 listener=com.tencent.taes.framework.TAESFrameworkManager$4@15d64b2 mInitialized=true
11-01 10:14:19.474097  3370  3570 D BluetoothGattServer: onServerRegistered() - status=0 serverIf=1
11-01 10:14:20.019895  3491  3491 I MTKLogger/MTKLoggerService: -->onStartCommand()
11-01 10:14:20.542011  3585  3585 D CacheSystemProperties: has stored cache
11-01 10:14:20.849747  3737  3737 D RePlugin.ws001: plugin: p=PInfo { <playercontrol:42005(5)> [P-N] [DEX_EXTRACTED] [RUNNING] processes=[com.ecarx.multimedia] js={ver=42005, verv=2077176283200005141, type=1, path=/data/user/0/com.ecarx.multimedia/app_plugins_v3/playercontrol-41000147-41000147-42005.jar, high=41000147, frm_ver=5, low=41000147, pkgname=com.ecarx.multimedia.plugin.playercontrol, name=playercontrol, ali=playercontrol} dex=/data/user/0/com.ecarx.multimedia/app_plugins_v3/oat/arm64/playercontrol-41000147-41000147-42005.odex nlib=/data/user/0/com.ecarx.multimedia/app_plugins_v3_libs/playercontrol-41000147-41000147-42005 }
11-01 10:14:13.432393    21    21 I automotive.vehicle@2.0-impl: SubscriptionManager::addOrUpdateSubscription, callback: 0x7147842fc0
11-01 10:14:19.506251   143   143 E hwcomposer: [COMP] (2:0) Failed to get releaseFence !!  
11-01 10:14:20.561510   151   151 D WifiHAL : vendor_id = 0x0, subcmd = 0x0
11-01 10:14:20.472046   195   245 I ML_Data : ML_DataCallInfoGet:v4 sec_dns = 221.7.136.69 
11-01 10:14:20.305689   291   422 E MobileLogD: APLog_2021_1029_165742__10 not in sd anymore
11-01 10:14:18.904737   197   217 I TBOX_TAG: can_dataMgr.cpp RecvCmd:320, RecvData:4C4233373835325A364D53303031333030FF00E00000000000000000000000000000000000000000000000000000000000000000
11-01 10:14:20.934294   267   721 D         : mtk_gps_sys_gps_mnl_callback: msg:0
11-01 10:14:14.314878   495  1460 E goc     : remoteName	:HWP30亚军
11-01 10:14:13.749753   917  2322 D Property.service: registerListener: propId=0x21400030 rate=0.0
11-01 10:14:13.034559  1004  1004 I Utilities: [JRPSD_SYSTEM][getStackStackInfos]--1, iAm: android.app.IActivityManager$Stub$Proxy@2dd0df3, size: 4, list: [Stack id=2 bounds=[0,0][1920,720] displayId=0 userId=0
11-01 10:14:13.034559  1004  1004 I Utilities:  configuration={1.0  mcc mnc [zh_CN] ldltr sw720dp w1760dp h720dp 160dpi xlrg long land  uimode finger -keyb/v/h -nav/h winConfig={ mBounds=Rect(0, 0 - 1760, 720) mAppBounds=Rect(160, 0 - 1920, 720) mWindowingMode=freeform mActivityType=standard} s.4}
11-01 10:14:13.034559  1004  1004 I Utilities:   taskId=241: com.ecarx.adnavi/com.ecarx.adnavi.view.MainActivity bounds=[760,0][1920,720] userId=0 visible=true topActivity=ComponentInfo{com.ecarx.adnavi/com.ecarx.adnavi.view.MainActivity}
11-01 10:14:13.034559  1004  1004 I Utilities: , Stack id=1 bounds=[0,0][1920,720] displayId=0 userId=0
11-01 10:14:13.034559  1004  1004 I Utilities:  configuration={1.0  mcc mnc [zh_CN] ldltr sw720dp w1760dp h720dp 160dpi xlrg long land  uimode finger -keyb/v/h -nav/h winConfig={ mBounds=Rect(0, 0 - 1760, 720) mAppBounds=Rect(160, 0 - 1920, 720) mWindowingMode=freeform mActivityType=standard} s.4}
11-01 10:14:13.034559  1004  1004 I Utilities:   taskId=240: com.ecarx.smartarea/com.ecarx.smartarea.MainActivity bounds=[160,0][740,720] userId=0 visible=true topActivity=ComponentInfo{com.ecarx.smartarea/com.ecarx.smartarea.MainActivity}
11-01 10:14:13.034559  1004  1004 I Utilities: , Stack id=0 bounds=[0,0][1920,720] displayId=0 userId=0
11-01 10:14:13.034559  1004  1004 I Utilities:  configuration={1.0  mcc mnc [zh_CN] ldltr sw720dp w1760dp h720dp 160dpi xlrg long land  uimode finger -keyb/v/h -nav/h winConfig={ mBounds=Rect(0, 0 - 1760, 720) mAppBounds=Rect(160, 0 - 1920, 720) mWindowingMode=fullscreen mActivityType=home} s.4}
11-01 10:14:13.034559  1004  1004 I Utilities:   taskId=1: ecarx.os.ecarxoservice/ecarx.os.ecarxoservice.activity.FallbackHome bounds=[0,0][1920,720] userId=0 visible=true topActivity=ComponentInfo{ecarx.launcher3/ecarx.launcher3.Launcher}
11-01 10:14:13.034559  1004  1004 I Utilities:   taskId=239: ecarx.launcher3/ecarx.launcher3.Launcher bounds=[0,0][1920,720] userId=0 visible=true topActivity=ComponentInfo{ecarx.launcher3/ecarx.launcher3.Launcher}
11-01 10:14:13.034559  1004  1004 I Utilities: , Stack id=3 bounds=[0,0][1920,720] displayId=1 userId=0
11-01 10:14:13.034559  1004  1004 I Utilities:  configuration={1.0  mcc mnc [zh_CN] ldltr sw720dp w1920dp h720dp 160dpi xlrg long land  uimode finger -keyb/v/h -nav/h winConfig={ mBounds=Rect(0, 0 - 1920, 720) mAppBounds=Rect(160, 0 - 2080, 720) mWindowingMode=fullscreen mActivityType=standard} s.4}
11-01 10:14:13.034559  1004  1004 I Utilities:   taskId=242: ecarx.launcher3/ecarx.launcher3.psd.LauncherForPsd bounds=[0,0][1920,720] userId=0 visible=true topActivity=ComponentInfo{ecarx.launcher3/ecarx.launcher3.psd.LauncherForPsd}
11-01 10:14:13.034559  1004  1004 I Utilities: ]
11-01 10:14:13.776449   917  2295 D EcarxTimeService: [TimeWorker]SNTPTime really do request time begin
11-01 10:14:13.040883  1004  1004 W Utilities: [JRPSD_SYSTEM][getStackStackInfos]--2, stackId: 2, displayId: 0, visibel: true, cn: ComponentInfo{com.ecarx.adnavi/com.ecarx.adnavi.view.MainActivity}, position: 2, taskNames: [com.ecarx.adnavi/com.ecarx.adnavi.view.MainActivity]
11-01 10:14:21.106399  1105  3837 I [激活服务]: query...content://com.ecarx.activate.provider/get_ecarx_device_id->com.ecarx.sdk.openapi ->1307
11-01 10:14:20.070635  1164  2678 I HiCarAuth : CarInfoSet new detail key: DRIVING_POSITION
11-01 10:14:13.917790  1307  2486 I OpenAPI_SSController: >>getOpenAPIService 服务列表：[gkuiservice, drivepolicy, device, policy] <<
11-01 10:14:20.594764  1172  1172 D wpa_supplicant: wlan0: Do not use results from externally requested scan operation for network selection
11-01 10:14:18.150492  1633  1633 I FunctionManagerCarFunction: getCustomizeFunctionValue result = 
11-01 10:14:18.150492  1633  1633 I FunctionManagerCarFunction:   isFunctionSupport:false
11-01 10:14:18.150492  1633  1633 I FunctionManagerCarFunction:   functionStatus:null
11-01 10:14:18.150492  1633  1633 I FunctionManagerCarFunction:   supportValues:null
11-01 10:14:18.150492  1633  1633 I FunctionManagerCarFunction:   setFunctionSuccess:false
11-01 10:14:18.150492  1633  1633 I FunctionManagerCarFunction:   value:0
11-01 10:14:18.150492  1633  1633 I FunctionManagerCarFunction:   customValue:28.5
11-01 10:14:18.150492  1633  1633 I FunctionManagerCarFunction:   functionName:null
11-01 10:14:18.150492  1633  1633 I FunctionManagerCarFunction:   functionId:0
11-01 10:14:18.150492  1633  1633 I FunctionManagerCarFunction:   prefix:null
11-01 10:14:18.150492  1633  1633 I FunctionManagerCarFunction:   pcode:null
11-01 10:14:20.430531  1723  3755 E OpenGLRenderer: Device claims wide gamut support, cannot find matching config, error = EGL_SUCCESS
11-01 10:14:13.463494  1746  1746 D CarSvc  : [CarFunctionImpl] registerFunctionValueWatcher() called with: function = [537920512], watcher = [ecarx.settings.proxy.custom.RefreshUIProxy$2@985ae2a]
11-01 10:14:13.783920  1767  1767 W DisplayUtil: [JRPSD_activity][getStackStackInfosByDisplayId]--2, displayId: 0, visibel: true, cn: ComponentInfo{ecarx.launcher3/ecarx.launcher3.Launcher}
11-01 10:14:13.765909  1784  2143 D mali_winsys: EGLint new_window_surface(egl_winsys_display *, void *, EGLSurface, EGLConfig, egl_winsys_surface **, EGLBoolean) returns 0x3000
11-01 10:14:15.045150  1810  1810 D DeviceStateAPIImpl: onConnected:isConnected == true
11-01 10:14:16.134461  1825  3074 W System.err: 	at ecarx.naviservice.map.cb.a(SourceFile:36)
11-01 10:14:20.592485  1833  2083 D MDC-[9999]-SourceTypeHolder: source type arrays: [3, 6, 8]
11-01 10:14:16.596748  1866  2473 I BTTS    : [beta_sound_config.cc:274]add speaker yezi with /storage/emulated/0/tencent/wecar/larklite/com.tencent.mm/1.3.5/speaker_yezi_v2.3.1.trf
11-01 10:14:14.232450  1913  2227 I SensorUtils: [JRSYS][recoardSensorsNumberString], eventName: IHU_Launcher_event_appPanel_order, numberEntry: key: [Launcher_app_number], value: [10], stringEntry: key: [Launcher_app_name], value: [车辆设置], timeEntry: null
11-01 10:14:17.310452  1959  2348 E [XCSmartScene-2.2.5 (D7F)]-InvokeEvent: [(InvokeEvent$1.java:1)#OnAPIReady ] navi api init success
11-01 10:14:14.222726  2065  2526 D ActivateTagSdknetwork: [HttpManager.<init>():66]init http manager
11-01 10:14:14.486243  2121  2626 I dex     : load /data/user/0/com.ecarx.multimedia/app_plugins_v3/player-41000147-41000147-42005.jar = com.qihoo360.replugin.PluginDexClassLoader[DexPathList[[zip file "/data/user/0/com.ecarx.multimedia/app_plugins_v3/player-41000147-41000147-42005.jar"],nativeLibraryDirectories=[/data/user/0/com.ecarx.multimedia/app_plugins_v3_libs/player-41000147-41000147-42005, /system/lib64]]]
11-01 10:14:17.754914  2137  2327 I ECarXApiClientImpl: >> onAPIReady(navi, true) <<
11-01 10:14:13.039848  2150  2150 I icationcenteru:   at void android.os.Handler.dispatchMessage(android.os.Message) (Handler.java:106)
11-01 10:14:14.869734  2251  2251 E ThemeUtils: View class com.ecarx.widget.XCButton is an AppCompat widget that can only be used with a Theme.AppCompat theme (or descendant).
11-01 10:14:14.944781  2275  2656 E FileUtil: [] [] [:0]:copyLargeAssetFile: input available: 8013886
11-01 10:14:15.057162  1810  1810 D ECarXApiClientImpl: >>> onConnected result true <<<
11-01 10:14:16.134501  1825  3074 W System.err: 	at io.reactivex.d.e.a.u.g(SourceFile:201)
11-01 10:14:20.593011  1833  2083 D MDC-[9999]-DimInteractionHelper: updateMediaSourceTypeList:[3, 6, 8]
11-01 10:14:16.597029  1866  2473 I BTTS    : [beta_sound_util.c:157]Cannot open /storage/emulated/0/tencent/wecar/larklite/com.tencent.mm/1.3.5/tts.ini,file not existing
11-01 10:14:14.235295  1913  2227 I SensorUtils: [JRSYS][recoardSensorsNumberString], eventName: IHU_Launcher_event_appPanel_order, numberEntry: key: [Launcher_app_number], value: [14], stringEntry: key: [Launcher_app_name], value: [相册], timeEntry: null
11-01 10:14:17.446969  1959  2348 D VrLogger: VoiceSvrManager#Check sVoiceSvrManager is null : true
11-01 10:14:14.387253  2065  2065 D GKAI:TTS-S::3.21402010.3945: <MobvoiTtsAgent> ====== MobvoiTtsAgent init= handle Msg
11-01 10:14:14.488599  2121  2627 D createClassLoader:  --无需释放DEX, (plugin=external, version=42005), use:176, process:com.ecarx.multimedia
11-01 10:14:17.757519  2137  2327 I SdkLogger: NaviAPIImpl#registerNaviObserverecarx.naviservice.INaviServer$Stub$Proxy@32a94ea
11-01 10:14:13.039891  2150  2150 I icationcenteru:   at java.lang.Object java.lang.reflect.Method.invoke(java.lang.Object, java.lang.Object[]) (Method.java:-2)
11-01 10:14:15.368939  2251  2384 D Recommendations: RecommendWidgetFlowView onNetworkChange isAvailable: true
11-01 10:14:14.950056  2275  2656 E FileUtil: [] [] [:0]:copyLargeAssetFile: apk update time: 1230739200000
11-01 10:14:20.795097  2340  2379 D PluginProcessMain: com.qihoo360.loader2.PluginProcessMain.a(SourceFile:34)(1ms@Thread[Binder:2340_3,5,main]) WRITING DONE
11-01 10:14:14.372457  2510  2648 I ECarXApiClientImpl: >> onAPIReady(device, true) <<
11-01 10:14:18.224364  2618  2618 E VehicleConfig_Analysis: persist.sys.vehi.config is none !!!! 
11-01 10:14:17.842473  2721  2721 I CameraManagerGlobal: onStatusChangedLocked Cameraid:1 oldStatus:null status:1
11-01 10:14:17.015458  2792  2792 D CarSvc  : [CarFunctionImpl] getCustomizeFunctionValue() called with: function = [553779968], zone = [4] result = [0.0]
11-01 10:14:18.854982  2873  2873 D _WeCarSpeech_: [WakeupWordHolder](Proguard:78):addSrBlackWakeupWord, id = 102 words = []
11-01 10:14:17.013752  2942  2942 I om.ecarx.xiaok:   at void android.os.Handler.dispatchMessage(android.os.Message) (Handler.java:106)
11-01 10:14:18.490056  3054  3054 I artcloud:remot:   at void com.android.internal.os.ZygoteInit.main(java.lang.String[]) (ZygoteInit.java:912)
11-01 10:14:19.250642  3213  3213 D DeviceStateProxy: >> onAPIReady(true) <<
11-01 10:14:19.399122  3302  3302 D VersionInfoUtil_impl: has get remote service versioninfo string
11-01 10:14:19.900508  3334  3334 W System.err: 	at android.os.Looper.loop(Looper.java:193)
11-01 10:14:19.487021  3370  3527 D nearby  : P2pChannelSM:EnabledState enter.
11-01 10:14:20.021444  3491  3491 I MTKLogger/ServiceStatusManager: setNotificationsEnabledForPackage() enabled   true
11-01 10:14:20.671686  3585  3815 W ECarXApiClientImpl: connect open service.
11-01 10:14:20.883924  3737  3737 D RePlugin.RePluginClassLoader: copyFieldValue: Copied. f=pathList; actually=DexPathList[[zip file "/system/framework/org.apache.http.legacy.boot.jar", zip file "/system/app/XCMedia2/XCMedia2.apk"],nativeLibraryDirectories=[/system/app/XCMedia2/lib/arm64, /system/app/XCMedia2/XCMedia2.apk!/lib/arm64-v8a, /system/lib64, /system/lib64]]; orig=DexPathList[[zip file "/system/framework/org.apache.http.legacy.boot.jar", zip file "/system/app/XCMedia2/XCMedia2.apk"],nativeLibraryDirectories=[/system/app/XCMedia2/lib/arm64, /system/app/XCMedia2/XCMedia2.apk!/lib/arm64-v8a, /system/lib64, /system/lib64]]
11-01 10:14:13.472147    21    21 I DefaultVehicleHal_v2_0: subscribe propId: 0x2140301c, sampleRate: 0.000000
11-01 10:14:20.239590   143   143 E hwcomposer: [COMP] (2:0) Failed to get releaseFence !!  
11-01 10:14:20.472188   195   245 I ML_Data : ML_DataCallInfoGet:v6 sec_dns = 572f:b3cd:8e1:3be7:d092:39e7:28e1:3be7 
11-01 10:14:20.306216   291   422 E MobileLogD: APLog_2021_1029_174724__17 not in sd anymore
11-01 10:14:19.239053   197   217 I TBOX_TAG: can_dataMgr.cpp RecvCmd:320, RecvData:4C4233373835325A364D53303031333030FF00E00000000000000000000000000000000000000000000000000000000000000000
11-01 10:14:14.314992   495  1460 E goc     : linkkeyType	:5
11-01 10:14:13.776939   917  2295 D EcarxTimeService: [SntpTimeRequester]Will try NtpTime ntp1.aliyun.com @8195087
11-01 10:14:13.041077  1004  1004 I Utilities: [JRPSD_SYSTEM][getStackStackInfosByDisplayId]--1, size: 3
11-01 10:14:21.187818  1105  3837 I [激活服务]: query...content://com.ecarx.activate.provider/get_ecarx_device_id->com.ecarx.sdk.openapi ->1307
11-01 10:14:20.071428  1164  2678 I HiCarAuth : HiCarAuthenticationImpl registerAuthentication: initConnection
11-01 10:14:14.076563  1307  1469 D ECarXApiClientImpl: open service is connected.
11-01 10:14:18.150840  1633  1633 D CarSvc  : [CarFunctionImpl] getCustomizeFunctionValue() called with: function = [268829440], zone = [-2147483648]
11-01 10:14:13.464091  1746  1746 D CarSvc  : [CarFunctionImpl] registerFunctionValueWatcher() called with: function = [537135360], watcher = [ecarx.settings.proxy.custom.RefreshUIProxy$2@985ae2a]
11-01 10:14:13.823128  1767  1767 W DisplayUtil: [JRPSD_activity][getStackStackInfosByDisplayId]--1, iAm: android.app.IActivityManager$Stub$Proxy@a228259, size: 4, list: [Stack id=2 bounds=[0,0][1920,720] displayId=0 userId=0
11-01 10:14:13.823128  1767  1767 W DisplayUtil:  configuration={1.0  mcc mnc [zh_CN] ldltr sw720dp w1760dp h720dp 160dpi xlrg long land  uimode finger -keyb/v/h -nav/h winConfig={ mBounds=Rect(0, 0 - 1760, 720) mAppBounds=Rect(160, 0 - 1920, 720) mWindowingMode=freeform mActivityType=standard} s.4}
