11-01 10:14:15.767617  2251  2251 D CarSvc  : [CarImpl] Car is connected
11-01 10:14:15.149524  2275  2647 D VrLogger: VoiceSvrManager#Check sVoiceSvrManager is null : true
11-01 10:14:16.255035  2510  2553 I PAL_SDK : PALCoreService.getSupportInfo SupportInfo:{"audio_adjustAllVolume_supported":false,"audio_adjustStreamVolume_supported":true,"audio_adjustVolume_supported":true,"audio_getCurrentActiveStream_supported":false,"audio_getStreamMaxVolume_supported":true,"audio_getStreamType_supported":true,"audio_getStreamVolume_supported":true,"audio_isStreamMute_supported":true,"audio_monitorAudioEvent":false,"audio_notifyStreamMuteStateChanged_supported":false,"audio_notifyStreamVolumeChanged_supported":false,"audio_registerOnStreamVolumeChangeListener_unregisterOnStreamVolumeChangeListener_supported":true,"audio_requestAudioFocus_abandonAudioFocus_supported":true,"audio_requestMicFocus_abandonMicFocus_supported":true,"audio_setStreamVolume_supported":true,"audio_supported":true,"bluetooth_enableBluetooth_supported":true,"bluetooth_getConnectionState_supported":true,"bluetooth_getDeviceMac_supported":true,"bluetooth_getDeviceName_supported":true,"bluetooth_notifyDeviceConnectionStateChange_supported":false,"bluetooth_registerOnDeviceConnectionStateChange_unregisterOnDeviceConnectionStateChange_supported":true,"bluetooth_supported":true,"cabinKey_dispatchKeyEvent_supported":false,"cabinKey_dispatchKeyLongPressEvent_supported":false,"cabinKey_registerCabinKeyEventDispatcher_unregisterCabinKeyEventDispatcher_supported":true,"cabinKey_supported":true,"extensible_callExtensibleApi_supported":true,"extensible_registerExtensibleListener_unregisterExtensibleListener_supported":true,"extensible_supported":true,"ins_notifyAccelerometerInfoChanged_supported":false,"ins_notifyGyroscopeInfoChanged_supported":false,"ins_notifySpeedChanged_supported":false,"ins_registerOnInsInfoChangeListener_unregisterOnInsInfoChangeListener_supported":false,"ins_supported":false,"network_enableMobileNetwork_supported":false,"network_enableWifi_supported":false,"network_getActiveNetworkType_supported":true,"network_getMobileConnectionState_supported":false,"network_getNetworkSignalStrength_supported":false,"network_getWifiConnectionState_supported":false,"network_isNetworkAvailable_supported":true,"network_jumpToNetworkSettingPage_supported":true,"network_registerOnActiveNetworkTypeChangeListener_unregisterOnActiveNetworkTypeChangeListener_supported":true,"network_registerOnNetworkAvailabilityChangeListener_unregisterOnNetworkAvailabilityChangeListener_supported":true,"network_registerOnNetworkSignalStrengthChangeListener_unregisterOnNetworkSignalStrengthChangeListener_supported":false,"network_supported":true,"power_getPowerInfo_supported":true,"power_getPowerLevelAfterDriving_supported":false,"power_getPowerType_supported":true,"power_notifyPowerLevelLow_supported":true,"power_registerOnPowerLevelLowListener_unregisterOnPowerLevelLowListener_supported":true,"power_supported":true,"screen_adjustScreenBrightness_supported":false,"screen_getScreenBrightness_supported":false,"screen_getScreenMAXBrightness_supported":false,"screen_isScreenMute_supported":false,"screen_supported":false,"telephone_answerInComingCall_supported":false,"telephone_call_supported":true,"telephone_getRecentContact_supported":false,"telephone_ignoreInComingCall_supported":false,"telephone_refuseInComingCall_supported":false,"telephone_registerOnTelInfoListener_unregisterOnTelInfoListener_supported":false,"telephone_supported":true,"telephone_viewCallRecord_supported":false,"telephone_viewPhonebook_supported":false,"vehicleBasicInfo_getChannel_supported":false,"vehicleBasicInfo_getDayNightMode_supported":true,"vehicleBasicInfo_getDeviceId_supported":true,"vehicleBasicInfo_getGear_supported":true,"vehicleBasicInfo_getPermanentPartitionPath_supported":false,"vehicleBasicInfo_getSeatBeltBuckled_supported":true,"vehicleBasicInfo_getSpeed_supported":false,"vehicleBasicInfo_getVehicleId_supported":true,"vehicleBasicInfo_getVehicleModel_supported":true,"vehicleBasicInfo_jumpToNetworkSettingPage_supported":false,"vehicleBasicInfo_notifyDayNightModeChanged_supported":false,"vehicleBasicInfo_notifyGearChanged_supported":false,"vehicleBasicInfo_notifySeatBeltBuckledChange
11-01 10:14:18.483558  2618  2618 D CarSvc  : [SensorImpl] registerListener() called with: listener = [com.ecarx.adaptapi.impl.VehicleImpl$1@b83be71], sensor = [11]
11-01 10:14:17.978193  2721  2870 D nearby  : NearbyServiceJar:createInstance start null
11-01 10:14:17.031221  2792  2792 D VehicleConfig_Analysis: getVehicleConfig vehicleId=( 0x4009 ), value =( 0xfffffff5 )
11-01 10:14:19.249896  2873  3415 E TAHTTP  : DeviceTokenRequest::sendRequest: trace<registcar_221>, Invalid parameters: channel=, deviceId=, vehicleId=
11-01 10:14:21.465623  2899  3127 D ECarXApiClientImpl: open service is connected.
11-01 10:14:17.227050  2942  2942 D OnCallImpl: tBoxManager is null
11-01 10:14:18.490314  3054  3054 I artcloud:remot: 
11-01 10:14:20.150184  3302  3489 I basicRadioService: IRadioSvcCallback size =  1cmd : NCB_RADIO_OPENED
11-01 10:14:20.561667  3334  3334 W System.err: 	at android.os.Looper.loop(Looper.java:193)
11-01 10:14:19.762144  3370  3370 E HiView  : need call setContext before report!
11-01 10:14:20.940051  3585  3585 I carx.smartclou:   at void com.tencent.bugly.beta.tinker.TinkerPatchReflectApplication.onCreate() (BUGLY:51)
11-01 10:14:21.450587  3860  3860 I MMKV_MOSS: <native-bridge.cpp:104::JNI_OnLoad> current API level = 28
11-01 10:14:14.285158    21    31 D ECPComm : read: numBytes=101, mSockFd=6
11-01 10:14:20.476738   195   245 I ML_Data : ML_DataCallInfoGet: v6.ip =  :: 
11-01 10:14:20.352708   291   422 E MobileLogD: delete APLog_2021_1029_162519__3 (no exist)
11-01 10:14:20.231775   197   217 I TBOX_TAG: can_dataMgr.cpp RecvCmd:320, RecvData:4C4233373835325A364D53303031333030FF00E00000000000000000000000000000000000000000000000000000000000000000
11-01 10:14:19.194401   495  1460 E goc     : ON_SPP_UUID_REG
11-01 10:14:21.438878   855  1501 D A2dpSinkStateMachine: Disconnected process message: 101
11-01 10:14:16.697850   917  2294 D Property.service: getPropertyList returns 472 configs
11-01 10:14:13.132622  1004  1004 W Utilities: [JRPSD_SYSTEM][getStackStackInfos]--2, stackId: 0, displayId: 0, visibel: true, cn: ComponentInfo{ecarx.launcher3/ecarx.launcher3.Launcher}, position: 0, taskNames: [ecarx.os.ecarxoservice/ecarx.os.ecarxoservice.activity.FallbackHome, ecarx.launcher3/ecarx.launcher3.Launcher]
11-01 10:14:20.147956  1164  3724 I HiCarAuth : NearbyConnectControl nearby server is connect
11-01 10:14:14.241253  1307  1479 I OpenAPI_SSController: onConnected true >> (1, mediacenter) <<
11-01 10:14:18.199760  1633  1633 D FunctionManagerCarFunction: getCustomizeFunctionValue param:
11-01 10:14:18.199760  1633  1633 D FunctionManagerCarFunction:    functionId:10060200
11-01 10:14:18.199760  1633  1633 D FunctionManagerCarFunction:    zone:-1
11-01 10:14:18.199760  1633  1633 D FunctionManagerCarFunction:    operator:null
11-01 10:14:18.199760  1633  1633 D FunctionManagerCarFunction:    type:2
11-01 10:14:13.482820  1746  1746 D CarSvc  : [CarFunctionImpl] registerFunctionValueWatcher() called with: function = [537788928], watcher = [ecarx.settings.proxy.custom.RefreshUIProxy$2@985ae2a]
11-01 10:14:17.165688  1767  1767 W DisplayUtil: [JRPSD_activity][getStackStackInfosByDisplayId]--2, displayId: 0, visibel: true, cn: ComponentInfo{com.ecarx.smartarea/com.ecarx.smartarea.MainActivity}
11-01 10:14:15.805261  1784  1784 I PsdFragmentActivity: [JRPSD][onWindowFocusChanged]ecarx.launcher3.psd.LauncherForPsd@4991ea2, hasFocus: true
11-01 10:14:16.902544  1810  2081 D ECarXApiClientImpl: onRemoteConnected: push
11-01 10:14:16.962943  1825  1825 I VerifyInterface: startVerify  caller uid10041
11-01 10:14:20.982463  1833  2083 D MDC-[9999]-MediaMainHandler: UPDATE_MEDIA_LIST :false
11-01 10:14:16.597383  1866  2473 I BTTS    : [beta_sound_config.cc:677]use_wx_name_process:1
11-01 10:14:14.298741  1913  2285 D ECarXApiClientImpl: onRemoteConnected: mediacenter
11-01 10:14:17.624895  1959  2377 W System.err: 	at com.ecarx.dataprovidersdk.SensorSDKHelper.initWithCustomConfig(SensorSDKHelper.java:5)
11-01 10:14:15.180862  2065  2634 E EASFramework: SERVICE_CONNECTED_SUPPORT_NOTIFITY >> device
11-01 10:14:14.649164  2121  2628 D ws001   : --- 调整插件中组件的进程 END --- com.ecarx.multimedia
11-01 10:14:13.056779  2150  2150 I icationcenteru:   at void com.android.internal.os.ZygoteInit.main(java.lang.String[]) (ZygoteInit.java:912)
11-01 10:14:16.296842  2251  2251 W w60     : [JERRY][CarUtils][onConnected]
11-01 10:14:15.149587  2275  2647 W VrLogger: ManagerBase#get vr binder vr_all
11-01 10:14:16.444769  2510  2553 I PAL_SDK : ServiceRegistry.getService serviceName=com.tencent.tai.pal.VEHICLE_BASIC_INFO
11-01 10:14:18.484071  2618  2618 D CarSvc  : [SensorImpl] registerListener() called with: listener = [com.ecarx.adaptapi.impl.VehicleImpl$1@b83be71], sensor = [11], rate = [3]
11-01 10:14:17.978242  2721  2870 D nearby  : NearbyServiceJar:getNearbyAdapter
11-01 10:14:17.172235  2792  2792 E CarSvc  : [SafeCall] Caught an exception! 
11-01 10:14:17.172235  2792  2792 E CarSvc  : java.lang.SecurityException: requires android.car.permission.CAR_SPEED
11-01 10:14:17.172235  2792  2792 E CarSvc  : 	at android.os.Parcel.createException(Parcel.java:1950)
11-01 10:14:17.172235  2792  2792 E CarSvc  : 	at android.os.Parcel.readException(Parcel.java:1918)
11-01 10:14:17.172235  2792  2792 E CarSvc  : 	at android.os.Parcel.readException(Parcel.java:1868)
11-01 10:14:17.172235  2792  2792 E CarSvc  : 	at android.car.hardware.property.ICarProperty$Stub$Proxy.registerListener(ICarProperty.java:242)
11-01 10:14:17.172235  2792  2792 E CarSvc  : 	at android.car.hardware.property.CarPropertyManager.registerOrUpdatePropertyListener(CarPropertyManager.java:143)
11-01 10:14:17.172235  2792  2792 E CarSvc  : 	at android.car.hardware.property.CarPropertyManager.registerListener(CarPropertyManager.java:132)
11-01 10:14:17.172235  2792  2792 E CarSvc  : 	at com.ecarx.xui.adaptapi.car.impl.sensor.SensorImpl.lambda$init$1(SensorImpl.java:400)
11-01 10:14:17.172235  2792  2792 E CarSvc  : 	at com.ecarx.xui.adaptapi.car.impl.sensor.-$$Lambda$SensorImpl$wVtBImgy7O6Vy5dsMy9u0dvzGzg.apply(Unknown Source:2)
11-01 10:14:17.172235  2792  2792 E CarSvc  : 	at com.ecarx.xui.adaptapi.car.impl.utils.SafeCall.safeCall(SafeCall.java:121)
11-01 10:14:17.172235  2792  2792 E CarSvc  : 	at com.ecarx.xui.adaptapi.car.impl.utils.SafeCall.safeCall(SafeCall.java:116)
11-01 10:14:17.172235  2792  2792 E CarSvc  : 	at com.ecarx.xui.adaptapi.car.impl.sensor.SensorImpl.init(SensorImpl.java:400)
11-01 10:14:17.172235  2792  2792 E CarSvc  : 	at com.ecarx.xui.adaptapi.car.impl.CarImpl.getSensorManager(CarImpl.java:130)
11-01 10:14:17.172235  2792  2792 E CarSvc  : 	at com.ecarx.systemui.plugin.psd.policy.PsdSafeController.initCarWatchers(PsdSafeController.java:196)
11-01 10:14:17.172235  2792  2792 E CarSvc  : 	at com.ecarx.systemui.plugin.psd.policy.PsdSafeController.access$000(PsdSafeController.java:29)
11-01 10:14:17.172235  2792  2792 E CarSvc  : 	at com.ecarx.systemui.plugin.psd.policy.PsdSafeController$1.run(PsdSafeController.java:49)
11-01 10:14:17.172235  2792  2792 E CarSvc  : 	at android.os.Handler.handleCallback(Handler.java:873)
11-01 10:14:17.172235  2792  2792 E CarSvc  : 	at android.os.Handler.dispatchMessage(Handler.java:99)
11-01 10:14:17.172235  2792  2792 E CarSvc  : 	at android.os.Looper.loop(Looper.java:193)
11-01 10:14:17.172235  2792  2792 E CarSvc  : 	at android.app.ActivityThread.main(ActivityThread.java:6825)
11-01 10:14:17.172235  2792  2792 E CarSvc  : 	at java.lang.reflect.Method.invoke(Native Method)
11-01 10:14:17.172235  2792  2792 E CarSvc  : 	at com.android.internal.os.RuntimeInit$MethodAndArgsCaller.run(RuntimeInit.java:493)
11-01 10:14:17.172235  2792  2792 E CarSvc  : 	at com.android.internal.os.ZygoteInit.main(ZygoteInit.java:912)
11-01 10:14:19.250014  2873  3415 E TAHTTP  : onAsync: trace<registcar_221>, sendRequest fail -9994
11-01 10:14:17.233397  2942  2942 D TBoxManager: new TBoxManager
11-01 10:14:18.490629  3054  3054 I artcloud:remot: Rejecting re-init on previously-failed class java.lang.Class<org.greenrobot.greendao.database.DatabaseOpenHelper$EncryptedHelper>: java.lang.NoClassDefFoundError: Failed resolution of: Lnet/sqlcipher/database/SQLiteOpenHelper;
11-01 10:14:20.150226  3302  3489 I RadioService: cmd = NCB_RADIO_OPENED
11-01 10:14:20.561682  3334  3334 W System.err: 	at android.app.ActivityThread.main(ActivityThread.java:6825)
11-01 10:14:19.762220  3370  3370 I nearby  : NearbyProviderLoad:loadProvidersLocked
11-01 10:14:20.218810  3491  3643 I LogHandler/LogSocketConnection: SocketMessageHandler receive message, what = 1,obj = set_storage_path,/storage/emulated/0,1
11-01 10:14:20.940063  3585  3585 I carx.smartclou:   at void android.app.Instrumentation.callApplicationOnCreate(android.app.Application) (Instrumentation.java:1180)
11-01 10:14:21.450894  3860  3860 I MMKV_MOSS: <MMKV.cpp:192::initialize> page size:4096
11-01 10:14:14.285415    21    31 W ECP_MCU_LOGCAT: t22769>>ePOWER##: TBOX REQ WORK
11-01 10:14:21.479815   202   202 I TBOX_TAG: hu_manager.cpp IPC RECV: 0x70060206
11-01 10:14:20.476761   195   245 I ML_Data : ML_DataCallInfoGet:v6 gateway = ::1af:7eb7:fcf0:ede7:1c67:36e7 
11-01 10:14:20.352789   291   422 E MobileLogD: delete APLog_2021_1029_164110__4 (no exist)
11-01 10:14:20.231866   197   217 W TBOX_TAG: can_dataMgr.cpp CAN: Don't got VIN from MCU yet, use debug value for VIN.
11-01 10:14:19.194427   495  1460 E goc     : 0000fe35-0000-1000-8000-00805f9b34fb
11-01 10:14:21.438958   855  1501 W A2dpSinkStateMachine: Ignore HF DISCONNECTING event, device: 68:A0:3E:AD:3E:9C
11-01 10:14:16.869539   917  2312 D Property.service: getPropertyList returns 417 configs
11-01 10:14:13.132645  1004  1004 W Utilities: [JRPSD_SYSTEM][getStackStackInfos]--2, stackId: 3, displayId: 1, visibel: true, cn: ComponentInfo{ecarx.launcher3/ecarx.launcher3.psd.LauncherForPsd}, position: 0, taskNames: [ecarx.launcher3/ecarx.launcher3.psd.LauncherForPsd]
11-01 10:14:20.148811  1164  2678 D HiCarService: readSecureFile: fileName = deviceInfo
11-01 10:14:14.245050  1307  1506 E OpenAPI_SSController: >> onConnected( mediacenter, android.os.BinderProxy@8f2d70a)<<
11-01 10:14:18.200022  1633  1633 D CarSvc  : [CarFunctionImpl] getCustomizeFunctionValue() called with: function = [268829184], zone = [-2147483648]
11-01 10:14:13.489010  1746  1746 D CarSvc  : [CarFunctionImpl] registerFunctionValueWatcher() called with: function = [537332736], watcher = [ecarx.settings.proxy.custom.RefreshUIProxy$2@985ae2a]
11-01 10:14:17.165727  1767  1767 W DisplayUtil: [JRPSD_activity][getStackStackInfosByDisplayId]--2, displayId: 0, visibel: true, cn: ComponentInfo{ecarx.launcher3/ecarx.launcher3.Launcher}
11-01 10:14:15.805489  1784  1784 I LauncherForPsd: [JRPSD_Content][onWindowFocusChanged], hasFocus: true
11-01 10:14:17.270741  1810  2081 D ECarXApiClientImpl: onRemoteConnected: navi
11-01 10:14:16.964798  1825  1825 I VerifyInterface: verify is system app
11-01 10:14:20.982566  1833  2083 D MDC-[9999]-MediaMainApiImpl: update media list: type: 33, title:null,list type: 0, mediaListId:null,size:0,isRecovery:false
11-01 10:14:16.597397  1866  2473 I BTTS    : [beta_sound_config.cc:678]use_poly_rule:1
11-01 10:14:14.300257  1913  1913 W LauncherImpl: [JERRY][bindItems], contianer: -102, title: 用户中心, screen: 1, cellX: 3, cellY: 0
11-01 10:14:17.624910  1959  2377 W System.err: 	at com.ecarx.smartscene.util.SensorsDataUtils.a(SensorsDataUtils.java:11)
11-01 10:14:15.181042  2065  2634 E EASFramework: SERVICE_CONNECTED_SUPPORT_NOTIFITY >> user
11-01 10:14:14.649231  2121  2628 D RePlugin.task-affinity: useDefault = true
11-01 10:14:13.056793  2150  2150 I icationcenteru: Caused by: java.lang.ClassNotFoundException: Didn't find class "net.sqlcipher.database.SQLiteOpenHelper" on path: DexPathList[[zip file "/system/app/XCNotificationCenterUi/XCNotificationCenterUi.apk"],nativeLibraryDirectories=[/system/app/XCNotificationCenterUi/lib/arm64, /system/app/XCNotificationCenterUi/XCNotificationCenterUi.apk!/lib/arm64-v8a, /system/lib64, /system/lib64]]
11-01 10:14:16.306080  2251  2251 E VehicleConfig_Analysis: persist.sys.network.config is none !!!!
11-01 10:14:15.149611  2275  2647 W VrLogger: ManagerBase#vr binder is not ready
11-01 10:14:21.518451  2408  2746 E TAHTTP  : DeviceTokenRequest::sendRequest: trace<registcar_1419>, Invalid parameters: channel=, deviceId=, vehicleId=
11-01 10:14:16.445517  2510  2553 I PAL_SDK : PlatformAdapterWrapper getAdapter supported : VehicleBasicInfoAdapter
11-01 10:14:21.498070  2544  2785 D OfflineNLU: mIUserContext is NULL Waiting initializeing .....null
11-01 10:14:18.484783  2618  2618 D CarSvc  : [SensorImpl] function not support,return false 
11-01 10:14:17.979017  2721  2721 I DMSDP   : CameraStateManager:set facting: FREE
11-01 10:14:17.177768  2792  2792 D CarSvc  : [SensorImpl] registerListener() called with: listener = [com.ecarx.systemui.plugin.psd.policy.PsdSafeController$5@1772170], sensor = [2102016]
11-01 10:14:19.250032  2873  3415 E TAHTTP  : JsonCommuRequest::handleResponse: trace<registcar_221>, Request abort: errCode=-9994
11-01 10:14:17.253628  2942  2942 D OnCallImpl: ensureTBoxManagerAvailable isInCallbackMode: false
11-01 10:14:18.490655  3054  3054 I artcloud:remot:   at void ecarx.home.data.db.GreenDaoDatabase.e() (GreenDaoDatabase.java:6)
11-01 10:14:20.154506  3302  3364 D FlavorImplManager: isAMBandDisable : false, flavor_project: master
11-01 10:14:20.561698  3334  3334 W System.err: 	at java.lang.reflect.Method.invoke(Native Method)
11-01 10:14:19.762293  3370  3370 E HiView  : need call setContext before report!
11-01 10:14:20.218874  3491  3643 I LogHandler/AbstractLogConnection: setResponseFromServer() mServerName = mobilelogd serverData = set_storage_path,/storage/emulated/0,1
11-01 10:14:20.940077  3585  3585 I carx.smartclou:   at void android.app.ActivityThread.handleBindApplication(android.app.ActivityThread$AppBindData) (ActivityThread.java:6027)
11-01 10:14:21.451001  3860  3860 I MMKV_MOSS: <MMKV.cpp:206::initializeMMKV> root dir: /data/user/0/com.tencent.wecar/files/mmkv
11-01 10:14:14.383173    21    31 D ECPComm : read: numBytes=102, mSockFd=6
11-01 10:14:20.476775   195   245 I ML_Data : ML_DataCallInfoGet:v6 pri_dns = 1867:36e7:8b67:36e7:3867:36e7:: 
11-01 10:14:20.352897   291   422 E MobileLogD: delete APLog_2021_1029_164447__5 (no exist)
11-01 10:14:20.345365   197   217 I TBOX_TAG: can_dataMgr.cpp RecvCmd:320, RecvData:4C4233373835325A364D53303031333030FF00E00000000000000000000000000000000000000000000000000000000000000000
11-01 10:14:19.194460   495  1460 E goc     : GocBtSppAppStartActivateExt index:0 queueId:23 handle:24 uuid:00 00 FE 35 00 00 10 00 80 00 00 80 5F 9B 34 FB 
11-01 10:14:21.439000   855  1501 D A2dpSinkStateMachine: Disconnected process message: 101
11-01 10:14:16.878606   917  2312 D Property.service: registerListener: propId=0x21400030 rate=0.0
11-01 10:14:13.132753  1004  1004 I Utilities: [JRPSD_SYSTEM][getStackStackInfosByDisplayId]--1, size: 3
11-01 10:14:20.149554  1164  2678 D HiCarService: read file IOException:java.io.FileNotFoundException: /data/user_de/0/com.ecarx.hmi/files/deviceInfo (No such file or directory),fileName:deviceInfo
11-01 10:14:14.246807  1307  1507 E OpenAPI : notify pid = 1307 service=mediacenter
11-01 10:14:18.201796  1633  1633 I FunctionManagerCarFunction: getCustomizeFunctionValue1 functionId:268829184
11-01 10:14:13.489227  1746  1746 D CarSvc  : [CarFunctionImpl] registerFunctionValueWatcher() called with: function = [537264640], watcher = [ecarx.settings.proxy.custom.RefreshUIProxy$2@985ae2a]
11-01 10:14:17.165766  1767  1767 W DisplayUtil: [JRPSD_activity][getStackStackInfosByDisplayId]--2, displayId: 1, visibel: true, cn: ComponentInfo{ecarx.launcher3/ecarx.launcher3.psd.LauncherForPsd}
11-01 10:14:15.865371  1784  1800 W System  : A resource failed to call close. 
11-01 10:14:17.278935  1810  2037 W ecarx.xiaokagu: Long monitor contention with owner pool-2-thread-1 (2021) at java.lang.reflect.Method java.lang.Class.getDeclaredMethodInternal(java.lang.String, java.lang.Class[])(Class.java:-2) waiters=0 in com.google.protobuf.GeneratedMessage$FieldAccessorTable com.google.protobuf.GeneratedMessage$FieldAccessorTable.ensureFieldAccessorsInitialized(java.lang.Class, java.lang.Class) for 1.230s
11-01 10:14:16.965651  1825  1825 W XCNaviService: [4.2.10 RTM (1334)]<TBoxMSGStateMonitor [main-2]> ====== registerTBoxMessagerCallback Error:Attempt to invoke interface method 'void com.ecarx.xui.adaptapi.tbox.tboxmessager.ITBoxMessager.setTBoxMessageCallback(com.ecarx.xui.adaptapi.tbox.tboxmessager.ITBoxMessager$TBoxMessageCallback, int)' on a null object reference
11-01 10:14:20.982665  1833  2083 D MDC-[9999]-MediaMainApiImpl: clientToken:ecarx.xsf.mediacenter.g$a$a@e264a0b
11-01 10:14:16.597413  1866  2473 I BTTS    : [beta_sound_config.cc:679]use_poi_process:0
11-01 10:14:14.305689  1913  1913 W LauncherImpl: [JERRY][bindItems], contianer: -102, title: 车机管家, screen: 1, cellX: 4, cellY: 0
11-01 10:14:17.624924  1959  2377 W System.err: 	at com.ecarx.smartscene.app.SmartSceneApplication.a(SmartSceneApplication.java:2)
11-01 10:14:15.181254  2065  2634 E EASFramework: SERVICE_CONNECTED_SUPPORT_NOTIFITY >> push
11-01 10:14:14.659487  2121  2628 D RePlugin.ws001: get resources for app, r=android.content.res.Resources@51400df
11-01 10:14:13.056807  2150  2150 I icationcenteru:   at java.lang.Class dalvik.system.BaseDexClassLoader.findClass(java.lang.String) (BaseDexClassLoader.java:134)
11-01 10:14:16.306153  2251  2251 D VehicleConfig_Analysis: getVehicleConfig vehicleId=( 0x800e ), value =( 0xfffffff5 )
11-01 10:14:15.149692  2275  2647 W VrLogger: VoiceSvrManager#VoiceSvrManager.get() error : ECarX voice service not available!
11-01 10:14:21.518518  2408  2746 E TAHTTP  : onAsync: trace<registcar_1419>, sendRequest fail -9994
11-01 10:14:16.445627  2510  2553 I PAL_SDK : ServiceRegistry.registerService serviceName=com.tencent.tai.pal.VEHICLE_BASIC_INFO
11-01 10:14:18.485217  2618  2618 D CarSvc  : [SensorImpl] registerListener() called with: listener = [com.ecarx.adaptapi.impl.VehicleImpl$1@b83be71], sensor = [1048832]
11-01 10:14:17.980774  2721  2870 D nearby  : NearbyServiceJar:bindAidlService mNearbyBound = false;mAuthBound : false
11-01 10:14:17.177882  2792  2792 D CarSvc  : [SensorImpl] registerListener() called with: listener = [com.ecarx.systemui.plugin.psd.policy.PsdSafeController$5@1772170], sensor = [2102016], rate = [3]
11-01 10:14:19.250102  2873  3415 E TAHTTP  : DeviceTokenRequest::sendRequest: trace<registcar_222>, Invalid parameters: channel=, deviceId=, vehicleId=
11-01 10:14:17.254123  2942  2942 D OnCallImpl: registerCallListener successfully
11-01 10:14:18.490671  3054  3054 I artcloud:remot:   at void ecarx.home.App.b() (App.java:10)
11-01 10:14:20.561716  3334  3334 W System.err: 	at com.android.internal.os.RuntimeInit$MethodAndArgsCaller.run(RuntimeInit.java:493)
11-01 10:14:19.762315  3370  3370 I nearby  : NearbyProviderLoad:addDefaultProviders
11-01 10:14:20.220241  3491  3546 I LogHandler/LogSocketConnection: sendToServer done! sendSuccess = true
11-01 10:14:20.940093  3585  3585 I carx.smartclou:   at void android.app.ActivityThread.access$1100(android.app.ActivityThread, android.app.ActivityThread$AppBindData) (ActivityThread.java:206)
11-01 10:14:21.451058  3860  3860 I MMKV_MOSS: <MMKV.cpp:212::mmkvWithID> mmkvWithID: mmapID=TaesLog  size=4096 mode=2
11-01 10:14:14.384184    21    31 W ECP_MCU_LOGCAT: t22880>>ePOWER##: TBOX Enter RST
11-01 10:14:20.476789   195   245 I ML_Data : ML_DataCallInfoGet:v6 sec_dns = ::572f:b3cd:7867:36e7:2868:36e7 
11-01 10:14:20.352984   291   422 E MobileLogD: delete APLog_2021_1029_164550__6 (no exist)
11-01 10:14:20.345684   197   217 W TBOX_TAG: can_dataMgr.cpp CAN: Don't got VIN from MCU yet, use debug value for VIN.
11-01 10:14:19.194491   495  1460 E goc     : sdsRegisterReqSend
11-01 10:14:21.439027   855  1501 W A2dpSinkStateMachine: Ignore A2DP DISCONNECTED event, device: 68:A0:3E:AD:3E:9C
11-01 10:14:17.016976   917  2312 D Property.service: registerListener: propId=0x16400b00 rate=0.0
11-01 10:14:13.132795  1004  1004 I Utilities: [JRPSD_SYSTEM][scoreStacksByPosition]--1 [0]: , scoredInfos: Stack id=2 displayId=0 visible=true position=2 taskName[0]:com.ecarx.adnavi/com.ecarx.adnavi.view.MainActivity topActivity=ComponentInfo{com.ecarx.adnavi/com.ecarx.adnavi.view.MainActivity}
11-01 10:14:20.149631  1164  2678 W HiCarAuth : DeviceStorageAdapter deviceRecords is null or length is zero.
11-01 10:14:14.247105  1307  1507 D ECarXApiClientImpl: onRemoteConnected: mediacenter
11-01 10:14:18.201857  1633  1633 I FunctionManagerCarFunction: getCustomizeFunctionValue1 result:28.5
11-01 10:14:13.489401  1746  1746 D CarSvc  : [CarFunctionImpl] registerFunctionValueWatcher() called with: function = [587596288], watcher = [ecarx.settings.proxy.custom.RefreshUIProxy$2@985ae2a]
11-01 10:14:17.165857  1767  1767 D XCMascot:: [XCTaskProcessor] checkIsLauncher
11-01 10:14:15.886711  1784  2105 I PsdLauncherModel: [JRPSD_DB][loadContents], entity: tabPosition: 0, tabTitle: 精   itemPosition: 0, stylePosition: -1
11-01 10:14:16.966043  1825  1825 I VrPluginAPI: createVrPluginAPI
11-01 10:14:21.004710  1833  1899 D MDC-[9999]-MediaMainHandler: updateMediaList----isRecovery:false
11-01 10:14:16.597428  1866  2473 I BTTS    : [beta_sound_config.cc:680]use_representation_series:0
11-01 10:14:17.624936  1959  2377 W System.err: 	at com.ecarx.smartscene.app.a.run(Unknown Source:2)
11-01 10:14:15.181434  2065  2634 E EASFramework: SERVICE_CONNECTED_SUPPORT_NOTIFITY >> policy
11-01 10:14:14.659882  2121  2628 I dex     : load /data/user/0/com.ecarx.multimedia/app_plugins_v3/uicontrol-41000147-41000147-42005.jar ...
11-01 10:14:13.056823  2150  2150 I icationcenteru:   at java.lang.Class java.lang.ClassLoader.loadClass(java.lang.String, boolean) (ClassLoader.java:379)
11-01 10:14:16.306188  2251  2251 E VehicleConfig_Analysis: persist.sys.network.config is none !!!!
11-01 10:14:15.150189  2275  2656 E FileUtil: [] [] [:0]:copyLargeAssetFile: dest file length: 237568
11-01 10:14:21.518544  2408  2746 E TAHTTP  : JsonCommuRequest::handleResponse: trace<registcar_1419>, Request abort: errCode=-9994
11-01 10:14:16.447615  2510  2553 W PAL_Adapter_20210816: [MyVehicleBasicInfoAdapter](MyVehicleBasicInfoAdapter.java:407):getDeviceId ThreadName = Binder:2510_2
11-01 10:14:18.485462  2618  2618 D CarSvc  : [SensorImpl] registerListener() called with: listener = [com.ecarx.adaptapi.impl.VehicleImpl$1@b83be71], sensor = [1048832], rate = [3]
11-01 10:14:17.981347  2721  2870 I nearby  : NearbyServiceJar:nearbyJar final runningActivity name: com.huawei.nearby
11-01 10:14:17.184039  2792  2792 D CarSvc  : [SensorImpl] registerListener() called with: listener = [com.ecarx.systemui.plugin.psd.policy.PsdSafeController$5@1772170], sensor = [2110464]
11-01 10:14:19.250119  2873  3415 E TAHTTP  : onAsync: trace<registcar_222>, sendRequest fail -9994
11-01 10:14:17.254292  2942  2942 D GKAI:EAS:4.0.2 (2628115): [AdaptPolicyHelper]  BluetoothMonitor mTelephonyManager listen
11-01 10:14:18.490684  3054  3054 I artcloud:remot:   at void ecarx.home.App.onCreate() (App.java:2)
11-01 10:14:20.561753  3334  3334 W System.err: 	at com.android.internal.os.ZygoteInit.main(ZygoteInit.java:912)
11-01 10:14:19.762689  3370  3370 E HiView  : need call setContext before report!
11-01 10:14:20.220400  3491  3546 I LogHandler/AbstractLogInstance: executeCommand result, sendSuccess = true
11-01 10:14:20.940106  3585  3585 I carx.smartclou:   at void android.app.ActivityThread$H.handleMessage(android.os.Message) (ActivityThread.java:1679)
11-01 10:14:21.451292  3860  3860 I MMKV_MOSS: <MMKV.cpp:338::loadFromFile> loading [TaesLog] with 1046 size in total, file size is 4096, InterProcess 1
11-01 10:14:14.483956    21    31 D ECPComm : read: numBytes=111, mSockFd=6
11-01 10:14:20.476804   195   245 I ML_Data : info->v6.name: 
11-01 10:14:20.353074   291   422 E MobileLogD: delete APLog_2021_1029_164702__7 (no exist)
11-01 10:14:20.452124   197   217 I TBOX_TAG: can_dataMgr.cpp RecvCmd:320, RecvData:4C4233373835325A364D53303031333030FF00E00000000000000000000000000000000000000000000000000000000000000000
11-01 10:14:19.471822   495   500 E goc     : command AT#LRbd291a09-7cf8-4098-9645-ff0f94ba99b7 g_bBtInitFlag=1
11-01 10:14:21.439282   855  1020 D gocsdkcommand: rev:MU1
11-01 10:14:17.019020   917  2312 D PropertyHalService: subscribeProperty propId=0x16400b00, rate=0.0
11-01 10:14:13.132818  1004  1004 I Utilities: [JRPSD_SYSTEM][scoreStacksByPosition]--1 [1]: , scoredInfos: Stack id=1 displayId=0 visible=true position=1 taskName[0]:com.ecarx.smartarea/com.ecarx.smartarea.MainActivity topActivity=ComponentInfo{com.ecarx.smartarea/com.ecarx.smartarea.MainActivity}
11-01 10:14:20.159025  1164  2678 I HiCarAuth : ParamHandler init ParamHandler instance.
11-01 10:14:14.248997  1307  1507 E OpenAPI : notify pid = 1004 service=mediacenter
11-01 10:14:18.201918  1633  1633 I FunctionManagerCarFunction: getCustomizeFunctionValue result = 
11-01 10:14:18.201918  1633  1633 I FunctionManagerCarFunction:   isFunctionSupport:false
11-01 10:14:18.201918  1633  1633 I FunctionManagerCarFunction:   functionStatus:null
11-01 10:14:18.201918  1633  1633 I FunctionManagerCarFunction:   supportValues:null
11-01 10:14:18.201918  1633  1633 I FunctionManagerCarFunction:   setFunctionSuccess:false
11-01 10:14:18.201918  1633  1633 I FunctionManagerCarFunction:   value:0
11-01 10:14:18.201918  1633  1633 I FunctionManagerCarFunction:   customValue:28.5
11-01 10:14:18.201918  1633  1633 I FunctionManagerCarFunction:   functionName:null
11-01 10:14:18.201918  1633  1633 I FunctionManagerCarFunction:   functionId:0
11-01 10:14:18.201918  1633  1633 I FunctionManagerCarFunction:   prefix:null
11-01 10:14:18.201918  1633  1633 I FunctionManagerCarFunction:   pcode:null
11-01 10:14:13.489546  1746  1746 D CarSvc  : [CarFunctionImpl] registerFunctionValueWatcher() called with: function = [587596032], watcher = [ecarx.settings.proxy.custom.RefreshUIProxy$2@985ae2a]
11-01 10:14:17.169597  1767  1767 D XCMascot:: [XCTaskProcessor] top activity====ComponentInfo{ecarx.launcher3/ecarx.launcher3.psd.LauncherForPsd}=====firstCheck====true
11-01 10:14:15.886909  1784  2105 I PsdLauncherModel: [JRPSD_DB][loadContents], entity: tabPosition: 0, tabTitle: 精   itemPosition: 1, stylePosition: -1
11-01 10:14:17.279397  1810  2045 W ecarx.xiaokagu: Long monitor contention with owner pool-2-thread-1 (2021) at java.lang.reflect.Method java.lang.Class.getDeclaredMethodInternal(java.lang.String, java.lang.Class[])(Class.java:-2) waiters=1 in com.google.protobuf.GeneratedMessage$FieldAccessorTable com.google.protobuf.GeneratedMessage$FieldAccessorTable.ensureFieldAccessorsInitialized(java.lang.Class, java.lang.Class) for 1.217s
11-01 10:14:16.967061  1825  1825 D VrLogger: VoiceSvrManager#Check sVoiceSvrManager is null : true
11-01 10:14:21.004968  1833  2083 D MDC-[9999]-MediaMainHandler: UPDATE_MEDIA_LIST :false
11-01 10:14:16.597443  1866  2473 I BTTS    : [beta_sound_config.cc:681]canton_question_set_dim:679
11-01 10:14:14.325043  1913  1913 W LauncherImpl: [JERRY][bindItems], contianer: -102, title: 语音魔法   screen: 1, cellX: 0, cellY: 1
11-01 10:14:17.624948  1959  2377 W System.err: 	at io.reactivex.rxjava3.core.Scheduler$DisposeTask.run(Scheduler.java:2)
11-01 10:14:15.181613  2065  2634 E EASFramework: SERVICE_CONNECTED_SUPPORT_NOTIFITY >> pki
11-01 10:14:14.660288  2121  2628 W carx.multimedi: Unsupported class loader
11-01 10:14:13.056836  2150  2150 I icationcenteru:   at java.lang.Class java.lang.ClassLoader.loadClass(java.lang.String) (ClassLoader.java:312)
11-01 10:14:16.306208  2251  2251 D VehicleConfig_Analysis: getVehicleConfig vehicleId=( 0x8023 ), value =( 0xfffffff5 )
11-01 10:14:15.150319  2275  2656 E FileUtil: [] [] [:0]:copyLargeAssetFile: apk update time: 1230739200000
11-01 10:14:16.449928  2510  2553 W PAL_Adapter_20210816: [MyVehicleBasicInfoAdapter](MyVehicleBasicInfoAdapter.java:417):getDeviceId: eOShmX8sXIPZ5UFfi4rQ0y9C5Im7FT+HGUXInsiBwAldZTeEMD9FBc0AzfAswSsN7iREerqA1aPYg0lXBfEjtGvTiAXMyBJSA2ekCJB0Q805hElq4pZTB8oaVe3NG7AO8cYMXh3F994ueGAaFQg3xj+JkC/W1M5niWeZH7tN96E= getVehicleType: E02-EVB
11-01 10:14:18.504095  2618  2618 D CarSvc  : [SensorImpl] registerListener() called with: listener = [com.ecarx.adaptapi.impl.VehicleImpl$1@b83be71], sensor = [1049088]
11-01 10:14:17.981901  2721  2870 D nearby  : NearbyServiceJar:NearbyServiceConnection construct
11-01 10:14:17.184154  2792  2792 D CarSvc  : [SensorImpl] registerListener() called with: listener = [com.ecarx.systemui.plugin.psd.policy.PsdSafeController$5@1772170], sensor = [2110464], rate = [3]
11-01 10:14:19.250139  2873  3415 E TAHTTP  : JsonCommuRequest::handleResponse: trace<registcar_222>, Request abort: errCode=-9994
11-01 10:14:18.490697  3054  3054 I artcloud:remot:   at void com.tencent.bugly.beta.tinker.TinkerPatchReflectApplication.onCreate() (BUGLY:51)
11-01 10:14:20.561888  3334  3334 I PAL_SDK : registerManagerStateListenerInner runOnUiThread isServiceConnected==true
11-01 10:14:19.762735  3370  3370 D nearby  : NearbyProviderLoad:name is:com.huawei.synergy , installed:false
11-01 10:14:20.220440  3491  3546 I LogHandler/AbstractLogInstance: -->executeCommand(), command = deep_start, isWaitingResponse = true
11-01 10:14:20.940119  3585  3585 I carx.smartclou:   at void android.os.Handler.dispatchMessage(android.os.Message) (Handler.java:106)
11-01 10:14:21.451330  3860  3860 I MMKV_MOSS: <MMKV.cpp:362::loadFromFile> loading [TaesLog] with crc 3756639863 sequence 10 version 1
11-01 10:14:14.484251    21    31 W ECP_MCU_LOGCAT: t22981>>ePOWER##: tbx_reset_task req init
11-01 10:14:20.476819   195   245 I ML_Data : info->v6.state: -543364696
11-01 10:14:20.353158   291   422 E MobileLogD: delete APLog_2021_1029_164822__8 (no exist)
11-01 10:14:20.452193   197   217 W TBOX_TAG: can_dataMgr.cpp CAN: Don't got VIN from MCU yet, use debug value for VIN.
11-01 10:14:19.472829   495  1460 E goc     : GOC_APP_AT_COMMAND_REQ :AT#LRbd291a09-7cf8-4098-9645-ff0f94ba99b7
11-01 10:14:21.439329   855  1020 D gocsdkcommand: Unsupported Command:[MU1]
11-01 10:14:17.031826   917  2312 I VerifyInterface: startVerify  caller uid1000
11-01 10:14:13.132845  1004  1004 I Utilities: [JRPSD_SYSTEM][scoreStacksByPosition]--1 [2]: , scoredInfos: Stack id=0 displayId=0 visible=true position=0 taskName[0]:ecarx.os.ecarxoservice/ecarx.os.ecarxoservice.activity.FallbackHome topActivity=ComponentInfo{ecarx.launcher3/ecarx.launcher3.Launcher} taskName[1]:ecarx.launcher3/ecarx.launcher3.Launcher topActivity=ComponentInfo{ecarx.launcher3/ecarx.launcher3.Launcher}
11-01 10:14:20.159760  1164  2678 E HiCarAuth : ParamHandler init param io exception.
11-01 10:14:14.255631  1307  1507 E OpenAPI : notify pid = 2137 service=mediacenter
11-01 10:14:18.201944  1633  1633 D HvacManager: getMaxTemperature level:28.5
11-01 10:14:21.611695  1651  3141 D ECarXApiClientImpl: open service is connected.
11-01 10:14:13.489691  1746  1746 D CarSvc  : [CarFunctionImpl] registerFunctionValueWatcher() called with: function = [537723136], watcher = [ecarx.settings.proxy.custom.RefreshUIProxy$2@985ae2a]
11-01 10:14:17.175865  1767  1767 W DisplayUtil: [JRPSD_activity][getStackStackInfosByDisplayId]--1, iAm: android.app.IActivityManager$Stub$Proxy@a228259, size: 4, list: [Stack id=2 bounds=[0,0][1920,720] displayId=0 userId=0
11-01 10:14:17.175865  1767  1767 W DisplayUtil:  configuration={1.0  mcc mnc [zh_CN] ldltr sw720dp w1760dp h720dp 160dpi xlrg long land  uimode finger -keyb/v/h -nav/h winConfig={ mBounds=Rect(0, 0 - 1760, 720) mAppBounds=Rect(160, 0 - 1920, 720) mWindowingMode=freeform mActivityType=standard} s.4}
11-01 10:14:17.175865  1767  1767 W DisplayUtil:   taskId=241: com.ecarx.adnavi/com.ecarx.adnavi.view.MainActivity bounds=[760,0][1920,720] userId=0 visible=true topActivity=ComponentInfo{com.ecarx.adnavi/com.ecarx.adnavi.view.MainActivity}
11-01 10:14:17.175865  1767  1767 W DisplayUtil: , Stack id=1 bounds=[0,0][1920,720] displayId=0 userId=0
11-01 10:14:17.175865  1767  1767 W DisplayUtil:  configuration={1.0  mcc mnc [zh_CN] ldltr sw720dp w1760dp h720dp 160dpi xlrg long land  uimode finger -keyb/v/h -nav/h winConfig={ mBounds=Rect(0, 0 - 1760, 720) mAppBounds=Rect(160, 0 - 1920, 720) mWindowingMode=freeform mActivityType=standard} s.4}
11-01 10:14:17.175865  1767  1767 W DisplayUtil:   taskId=240: com.ecarx.smartarea/com.ecarx.smartarea.MainActivity bounds=[160,0][740,720] userId=0 visible=true topActivity=ComponentInfo{com.ecarx.smartarea/com.ecarx.smartarea.MainActivity}
11-01 10:14:17.175865  1767  1767 W DisplayUtil: , Stack id=0 bounds=[0,0][1920,720] displayId=0 userId=0
11-01 10:14:17.175865  1767  1767 W DisplayUtil:  configuration={1.0  mcc mnc [zh_CN] ldltr sw720dp w1760dp h720dp 160dpi xlrg long land  uimode finger -keyb/v/h -nav/h winConfig={ mBounds=Rect(0, 0 - 1760, 720) mAppBounds=Rect(160, 0 - 1920, 720) mWindowingMode=fullscreen mActivityType=home} s.4}
11-01 10:14:17.175865  1767  1767 W DisplayUtil:   taskId=239: ecarx.launcher3/ecarx.launcher3.Launcher bounds=[0,0][1920,720] userId=0 visible=true topActivity=ComponentInfo{ecarx.launcher3/ecarx.launcher3.Launcher}
11-01 10:14:17.175865  1767  1767 W DisplayUtil: , Stack id=3 bounds=[0,0][1920,720] displayId=1 userId=0
11-01 10:14:17.175865  1767  1767 W DisplayUtil:  configuration={1.0  mcc mnc [zh_CN] ldltr sw720dp w1920dp h720dp 160dpi xlrg long land  uimode finger -keyb/v/h -nav/h winConfig={ mBounds=Rect(0, 0 - 1920, 720) mAppBounds=Rect(160, 0 - 2080, 720) mWindowingMode=fullscreen mActivityType=standard} s.4}
11-01 10:14:17.175865  1767  1767 W DisplayUtil:   taskId=242: ecarx.launcher3/ecarx.launcher3.psd.LauncherForPsd bounds=[0,0][1920,720] userId=0 visible=true topActivity=ComponentInfo{ecarx.launcher3/ecarx.launcher3.psd.LauncherForPsd}
11-01 10:14:17.175865  1767  1767 W DisplayUtil: ]
11-01 10:14:15.886986  1784  2105 I PsdLauncherModel: [JRPSD_DB][loadContents], entity: tabPosition: 0, tabTitle: 精   itemPosition: 2, stylePosition: -1
11-01 10:14:16.979618  1825  1825 W VrLogger: ManagerBase#get vr binder vr_all
11-01 10:14:21.005072  1833  2083 D MDC-[9999]-MediaMainApiImpl: update media list: type: 34, title:null,list type: 0, mediaListId:null,size:0,isRecovery:false
11-01 10:14:16.597459  1866  2473 I BTTS    : [beta_sound_config.cc:701]speaker daji file:/storage/emulated/0/tencent/wecar/larklite/com.tencent.mm/1.3.5/speaker_daji_v2.3.1.trf
11-01 10:14:14.326910  1913  1913 W LauncherImpl: [JERRY][bindItems], contianer: -102, title: 360°环视, screen: 1, cellX: 5, cellY: 0
11-01 10:14:17.624961  1959  2377 W System.err: 	at io.reactivex.rxjava3.internal.schedulers.ScheduledRunnable.run(ScheduledRunnable.java:2)
11-01 10:14:15.239612  2065  2455 I VerifyInterface: startVerify  caller uid1000
11-01 10:14:14.660974  2121  2626 D RePlugin.ws001: found entry: className=com.qihoo360.replugin.Entry, loader=com.qihoo360.replugin.PluginDexClassLoader[DexPathList[[zip file "/data/user/0/com.ecarx.multimedia/app_plugins_v3/player-41000147-41000147-42005.jar"],nativeLibraryDirectories=[/data/user/0/com.ecarx.multimedia/app_plugins_v3_libs/player-41000147-41000147-42005, /system/lib64]]]
11-01 10:14:13.056852  2150  2150 I icationcenteru:   at void ecarx.notificationcenterui.ui.NotificationUIApplication.s() (SourceFile:2)
11-01 10:14:16.306239  2251  2251 E VehicleConfig_Analysis: persist.sys.network.config is none !!!!
11-01 10:14:15.150472  2275  2656 E FileUtil: [] [] [:0]:copyLargeAssetFile: dest file last modified: 1635240558000
11-01 10:14:16.449978  2510  2553 I PAL_SDK : VehicleBasicInfoService:getDeviceId adapter result=eOShmX8sXIPZ5UFfi4rQ0y9C5Im7FT+HGUXInsiBwAldZTeEMD9FBc0AzfAswSsN7iREerqA1aPYg0lXBfEjtGvTiAXMyBJSA2ekCJB0Q805hElq4pZTB8oaVe3NG7AO8cYMXh3F994ueGAaFQg3xj+JkC/W1M5niWeZH7tN96E=
11-01 10:14:21.598633  2544  2785 D OfflineNLU: mIUserContext is NULL Waiting initializeing .....null
11-01 10:14:18.521260  2618  2618 D CarSvc  : [SensorImpl] registerListener() called with: listener = [com.ecarx.adaptapi.impl.VehicleImpl$1@b83be71], sensor = [1049088], rate = [3]
11-01 10:14:17.195481  2792  2792 I Choreographer: Skipped 37 frames!  The application may be doing too much work on its main thread.
11-01 10:14:19.497945  2873  2873 W System.err: java.lang.NullPointerException: Attempt to invoke virtual method 'int android.os.ParcelFileDescriptor.getFd()' on a null object reference
11-01 10:14:17.429216  2942  2942 E EASFramework: EASFrameworkApiClient()
11-01 10:14:18.490709  3054  3054 I artcloud:remot:   at void android.app.Instrumentation.callApplicationOnCreate(android.app.Application) (Instrumentation.java:1180)
11-01 10:14:20.614998  3334  3541 I PAL_SDK : PALServiceManager.init context=com.tencent.wecar.WeCarApplication@5924597 listener=com.tencent.taes.account.deviceinfo.a.a$1@34e3ef1 sServiceManager=com.tencent.tai.pal.client.cs.c@d1e4c03
11-01 10:14:19.763228  3370  3370 E HiView  : need call setContext before report!
11-01 10:14:20.220475  3491  3546 I LogHandler/AbstractLogConnection: sendToServer() mServerName = mobilelogd data = deep_start
11-01 10:14:20.940133  3585  3585 I carx.smartclou:   at void android.os.Looper.loop() (Looper.java:193)
11-01 10:14:21.451405  3860  3860 I MMKV_MOSS: <MMKV.cpp:383::loadFromFile> loaded [TaesLog] with 4 values
11-01 10:14:14.548632    21    31 D ECPComm : read: numBytes=72, mSockFd=6
11-01 10:14:20.476832   195   245 I ML_Data : info->v6.reconnect: 0
11-01 10:14:20.353250   291   422 E MobileLogD: delete APLog_2021_1029_164921__9 (no exist)
11-01 10:14:20.567698   197   217 I TBOX_TAG: can_dataMgr.cpp RecvCmd:320, RecvData:4C4233373835325A364D5330303133303000000F0000000000000000000000000000000000000000000000000000000000000000
11-01 10:14:19.472889   495  1460 E goc     : device is cmd NULL
11-01 10:14:17.031895   917  2312 W DeviceImpl: Please do connect action before get data = com.android.car.CarService@597935e
11-01 10:14:13.132891  1004  1004 I EcarxStatusBarView: [JRSYS_StatusBar][checkActivityStack]--1, isBigScreen: false, isOut: true, stackInfos[0].topActivity: ComponentInfo{com.ecarx.adnavi/com.ecarx.adnavi.view.MainActivity}
11-01 10:14:20.160293  1164  2678 W HiCarAuth : ParamHandler param is empty.
11-01 10:14:14.263666  1307  2692 E OpenAPI : notify pid = 1959 service=mediacenter
11-01 10:14:18.201995  1633  1633 D FunctionManagerPolicy: getCustomizeFunctionValue param:
11-01 10:14:18.201995  1633  1633 D FunctionManagerPolicy:    functionId:10060300
11-01 10:14:18.201995  1633  1633 D FunctionManagerPolicy:    zone:-1
11-01 10:14:18.201995  1633  1633 D FunctionManagerPolicy:    operator:null
11-01 10:14:18.201995  1633  1633 D FunctionManagerPolicy:    type:2
11-01 10:14:13.489836  1746  1746 D CarSvc  : [CarFunctionImpl] registerFunctionValueWatcher() called with: function = [269026304], watcher = [ecarx.settings.proxy.custom.RefreshUIProxy$2@985ae2a]
11-01 10:14:17.176320  1767  1767 W DisplayUtil: [JRPSD_activity][getStackStackInfosByDisplayId]--2, displayId: 0, visibel: true, cn: ComponentInfo{com.ecarx.adnavi/com.ecarx.adnavi.view.MainActivity}
11-01 10:14:15.887049  1784  2105 I PsdLauncherModel: [JRPSD_DB][loadContents], entity: tabPosition: 1, tabTitle: 音乐, itemPosition: 0, stylePosition: -1
11-01 10:14:17.315954  1810  2045 I GKAI:GUI: [ProtoConnection] sendMessageToHal msg=domain: SYSTEM
11-01 10:14:17.315954  1810  2045 I GKAI:GUI: system {
11-01 10:14:17.315954  1810  2045 I GKAI:GUI:   command: SYS_GET_SYSTEM_INFO
11-01 10:14:17.315954  1810  2045 I GKAI:GUI:   systemInfo {
11-01 10:14:17.315954  1810  2045 I GKAI:GUI:     type: ACK
11-01 10:14:17.315954  1810  2045 I GKAI:GUI:     recolanguage: "zh_CN"
11-01 10:14:17.315954  1810  2045 I GKAI:GUI:     wakeuptype: WUW_TYPE_WUW_ONESHOT
11-01 10:14:17.315954  1810  2045 I GKAI:GUI:     sysradio: SYSTEM_RADIO_ROW
11-01 10:14:17.315954  1810  2045 I GKAI:GUI:     deviceid: ""
11-01 10:14:17.315954  1810  2045 I GKAI:GUI:     userid: ""
11-01 10:14:17.315954  1810  2045 I GKAI:GUI:     OSFamily: "Android"
11-01 10:14:17.315954  1810  2045 I GKAI:GUI:     osversion: "9"
11-01 10:14:17.315954  1810  2045 I GKAI:GUI:     appversion: "2.2.21314110.79"
11-01 10:14:17.315954  1810  2045 I GKAI:GUI:     vincode: ""
11-01 10:14:17.315954  1810  2045 I GKAI:GUI:     carmodel: ""
11-01 10:14:17.315954  1810  2045 I GKAI:GUI:     ihuid: ""
11-01 10:14:17.315954  1810  2045 I GKAI:GUI:     tokenid: ""
11-01 10:14:17.315954  1810  2045 I GKAI:GUI:     wakeuponlyenable: true
11-01 10:14:17.315954  1810  2045 I GKAI:GUI:     onshotenable: true
11-01 10:14:17.315954  1810  2045 I GKAI:GUI:     scenewakeupenable: false
11-01 10:14:17.315954  1810  2045 I GKAI:GUI:     wuwchangeenable: true
11-01 10:14:17.315954  1810  2045 I GKAI:GUI:     globalwakeupenable: true
11-01 10:14:17.315954  1810  2045 I GKAI:GUI:     wakeupwordid: 12
11-01 10:14:17.315954  1810  2045 I GKAI:GUI:     gasreminderenable: true
11-01 10:14:17.315954  1810  2045 I GKAI:GUI:     nuancelogpath: "/data/ECarX_Log/vrlog/"
11-01 10:14:17.315954  1810  2045 I GKAI:GUI:     brand: ""
11-01 10:14:17.315954  1810  2045 I GKAI:GUI:     carcode: "null_null_null"
11-01 10:14:17.315954  1810  2045 I GKAI:GUI:     scdtype: SYSTEM_SCD_STRONG
11-01 10:14:17.315954  1810  2045 I GKAI:GUI:     micextension: SYSTEM_EXTENSION_MIC_136MM
11-01 10:14:17.315954  1810  2045 I GKAI:GUI:     soundextension: SYSTEM_EXTENSION_SOUND_VEHICLE_BALANCE
11-01 10:14:17.315954  1810  2045 I GKAI:GUI:     productid: "19B"
11-01 10:14:17.315954  1810  2045 I GKAI:GUI:     vehicletypeconfig: "E02-EVB"
11-01 10:14:17.315954  1810  2045 I GKAI:GUI:     drivinggeekmode: false
11-01 10:14:17.315954  1810  2045 I GKAI:GUI:     intentinterrupteenable: true
11-01 10:14:17.315954  1810  2045 I GKAI:GUI:     sceneModel: "false"
11-01 10:14:17.315954  1810  2045 I GKAI:GUI:     visionenable: true
11-01 10:14:17.315954  1810  2045 I GKAI:GUI:     drivinggeekmodeunlocked: true
11-01 10:14:17.315954  1810  2045 I GKAI:GUI:   }
11-01 10:14:17.315954  1810  2045 I GKAI:GUI: }
11-01 10:14:16.979729  1825  1825 W VrLogger: ManagerBase#vr binder is not ready
11-01 10:14:21.005191  1833  2083 D MDC-[9999]-MediaMainApiImpl: clientToken:ecarx.xsf.mediacenter.g$a$a@e264a0b
11-01 10:14:16.597474  1866  2473 I BTTS    : [beta_sound_config.cc:702]speaker daji primary_language:0
11-01 10:14:14.336802  1913  1913 W LauncherImpl: [JERRY][bindItems], contianer: -102, title: 智能生活, screen: 1, cellX: 1, cellY: 1
11-01 10:14:17.624975  1959  2377 W System.err: 	at io.reactivex.rxjava3.internal.schedulers.ScheduledRunnable.call(ScheduledRunnable.java:1)
11-01 10:14:15.241215  2065  2455 W StoragePolicyImpl: vol is Invisible!!!
11-01 10:14:14.744590  2121  2626 D RePlugin.ws001: Loader.invoke2(): plugin=/data/user/0/com.ecarx.multimedia/app_plugins_v3/player-41000147-41000147-42005.jar, plugin.binder.cl=com.qihoo360.replugin.PluginDexClassLoader[DexPathList[[zip file "/data/user/0/com.ecarx.multimedia/app_plugins_v3/player-41000147-41000147-42005.jar"],nativeLibraryDirectories=[/data/user/0/com.ecarx.multimedia/app_plugins_v3_libs/player-41000147-41000147-42005, /system/lib64]]]
11-01 10:14:13.056865  2150  2150 I icationcenteru:   at void ecarx.notificationcenterui.ui.NotificationUIApplication.j() (SourceFile:2)
11-01 10:14:16.306253  2251  2251 D VehicleConfig_Analysis: getVehicleConfig vehicleId=( 0x8029 ), value =( 0xfffffff5 )
11-01 10:14:15.158456  2275  2647 W VrLogger: VoiceSvrManager#VoiceSvrManager == null : null
11-01 10:14:16.451472  2510  2553 W PAL_Adapter_20210816: [MyVehicleBasicInfoAdapter](MyVehicleBasicInfoAdapter.java:449):getVehicleId 
11-01 10:14:18.521801  2618  2618 D CarSvc  : [SensorImpl] function not support,return false 
11-01 10:14:17.985489  2721  2721 D DMSDP_TRANSPORT_NATIVE: SendDeviceData type: 1,  len: 2.
11-01 10:14:17.209691  2792  2792 I EcarxClock: [JRSYS_StatusBar][setText]--1, text: 10:14, targetText: 10:14, textSizePx: 25
11-01 10:14:19.499848  2873  2873 W System.err: 	at com.tencent.lib.taacc.os.SharedMem$1.onServiceConnected(Proguard:78)
11-01 10:14:17.429900  2942  2942 D GKAI:EAS:4.0.2 (2628115): [EasApplication] ##init##  finish
11-01 10:14:18.490724  3054  3054 I artcloud:remot:   at void android.app.ActivityThread.handleBindApplication(android.app.ActivityThread$AppBindData) (ActivityThread.java:6027)
11-01 10:14:20.615089  3334  3541 I PAL_SDK : ServiceManager init context=com.tencent.wecar.WeCarApplication@5924597 listener=com.tencent.taes.account.deviceinfo.a.a$1@34e3ef1 mInitialized=true
11-01 10:14:19.763255  3370  3370 D nearby  : NearbyProviderLoad:name is:com.huawei.pcassistant , installed:false
11-01 10:14:20.220524  3491  3546 I LogHandler/LogSocketConnection: sendDataToServer()  data = deep_start
11-01 10:14:20.940147  3585  3585 I carx.smartclou:   at void android.app.ActivityThread.main(java.lang.String[]) (ActivityThread.java:6825)
11-01 10:14:21.451429  3860  3860 I MMKV_MOSS: <MMKV.cpp:235::mmkvWithID> mmkvWithID: new MMKV=0xf2dd4640
11-01 10:14:14.598242    21    31 D ECPComm : read: numBytes=214, mSockFd=6
11-01 10:14:20.476921   195   245 I ML_Data : ML_DataCallInfoGet
11-01 10:14:20.353347   291   422 E MobileLogD: delete APLog_2021_1029_165742__10 (no exist)
11-01 10:14:20.616612   197   197 I TBOX_TAG: handy_tool_fjd.h IPC RECV: Type:70051000 IPC_CAN_CAN_TIMER_EVT Length:4 Payload: 0F000000o     o     o t ho 
11-01 10:14:19.472906   495  1460 E goc     : buffer:AT#LRbd291a09-7cf8-4098-9645-ff0f94ba99b7
