11-01 10:14:17.082666   917  2307 D Property.service: getPropertyList returns 472 configs
11-01 10:14:13.132930  1004  1004 I EcarxStatusBarView: [JRSYS_StatusBar][isSkipComponent]--1, isSkipCn: false
11-01 10:14:21.626181  1148  1148 W ServiceManagement: Waited one second for android.hardware.radio@1.0::IRadio/slot1
11-01 10:14:20.160672  1164  2678 I HiCarAuth : HiCarAuthenticationImpl register Authentication success.
11-01 10:14:14.264914  1307  2693 E OpenAPI : notify pid = 1810 service=mediacenter
11-01 10:14:18.202029  1633  1633 D FunctionManagerCarFunction: getCustomizeFunctionValue param:
11-01 10:14:18.202029  1633  1633 D FunctionManagerCarFunction:    functionId:10060300
11-01 10:14:18.202029  1633  1633 D FunctionManagerCarFunction:    zone:-1
11-01 10:14:18.202029  1633  1633 D FunctionManagerCarFunction:    operator:null
11-01 10:14:18.202029  1633  1633 D FunctionManagerCarFunction:    type:2
11-01 10:14:13.490098  1746  1746 D CarSvc  : [CarFunctionImpl] registerFunctionValueWatcher() called with: function = [269418752], watcher = [ecarx.settings.proxy.custom.RefreshUIProxy$2@985ae2a]
11-01 10:14:17.176399  1767  1767 W DisplayUtil: [JRPSD_activity][getStackStackInfosByDisplayId]--2, displayId: 0, visibel: true, cn: ComponentInfo{com.ecarx.smartarea/com.ecarx.smartarea.MainActivity}
11-01 10:14:15.887114  1784  2105 I PsdLauncherModel: [JRPSD_DB][loadContents], entity: tabPosition: 1, tabTitle: 音乐, itemPosition: 1, stylePosition: -1
11-01 10:14:17.318696  1810  2021 I GKAI:GUI: [ProtoConnection] sendMessageToHal msg=domain: SYSTEM
11-01 10:14:17.318696  1810  2021 I GKAI:GUI: system {
11-01 10:14:17.318696  1810  2021 I GKAI:GUI:   command: SYS_INF_VR_PROVIDER
11-01 10:14:17.318696  1810  2021 I GKAI:GUI:   providerinfo {
11-01 10:14:17.318696  1810  2021 I GKAI:GUI:     type: REQ
11-01 10:14:17.318696  1810  2021 I GKAI:GUI:   }
11-01 10:14:17.318696  1810  2021 I GKAI:GUI: }
11-01 10:14:16.979859  1825  1825 W VrLogger: VoiceSvrManager#VoiceSvrManager.get() error : ECarX voice service not available!
11-01 10:14:21.005505  1833  1899 D MDC-[9999]-MediaMainHandler: updateMediaList----isRecovery:false
11-01 10:14:16.597488  1866  2473 I BTTS    : [beta_sound_config.cc:703]speaker daji language_dialect:0
11-01 10:14:14.339030  1913  1913 W LauncherImpl: [JERRY][bindItems], contianer: -102, title: 系统设置, screen: 1, cellX: 2, cellY: 1
11-01 10:14:17.624989  1959  2377 W System.err: 	at java.util.concurrent.FutureTask.run(FutureTask.java:266)
11-01 10:14:15.241321  2065  2455 W StoragePolicyImpl: disk == null
11-01 10:14:14.744726  2121  2626 I RePlugin.ws001: load /data/user/0/com.ecarx.multimedia/app_plugins_v3/player-41000147-41000147-42005.jar 222462252 c=3 rc=true delta=846
11-01 10:14:13.056878  2150  2150 I icationcenteru:   at android.view.View ecarx.notificationcenterui.ControlBoard.E() (SourceFile:2)
11-01 10:14:16.306439  2251  2251 E VehicleConfig_Analysis: persist.sys.vehi.config is none !!!! 
11-01 10:14:15.158725  2275  2647 W ECarXApiClientImpl: Initialize open service, service name: vr_all, has connected: false
11-01 10:14:16.451574  2510  2553 W PAL_Adapter_20210816: [MyVehicleBasicInfoAdapter](MyVehicleBasicInfoAdapter.java:453):getVehicleId ThreadName = Binder:2510_2 doUseEDID : true
11-01 10:14:21.698872  2544  2785 D OfflineNLU: mIUserContext is NULL Waiting initializeing .....null
11-01 10:14:18.522179  2618  2618 D CarSvc  : [SensorImpl] registerListener() called with: listener = [com.ecarx.adaptapi.impl.VehicleImpl$1@b83be71], sensor = [1049344]
11-01 10:14:17.987226  2721  2721 D DMSDP_TRANSPORT: SendDeviceData len=2,module=6,type=1
11-01 10:14:17.257332  2792  2792 W SystemUIPlugin:: [JRSYS_PSD]onWindowSystemUiVisibilityChanged:0
11-01 10:14:19.499908  2873  2873 W System.err: 	at android.app.LoadedApk$ServiceDispatcher.doConnected(LoadedApk.java:1730)
11-01 10:14:17.431895  2942  2942 D GKAI:EAS:4.0.2 (2628115): [XKVoiceService]  service onCreate
11-01 10:14:18.490737  3054  3054 I artcloud:remot:   at void android.app.ActivityThread.access$1100(android.app.ActivityThread, android.app.ActivityThread$AppBindData) (ActivityThread.java:206)
11-01 10:14:20.627624  3334  3334 I PAL_SDK : registerManagerStateListenerInner runOnUiThread isServiceConnected==true
11-01 10:14:19.788820  3370  3370 E HiView  : need call setContext before report!
11-01 10:14:20.281497  3491  3546 I LogHandler/LogSocketConnection: sendToServer done! sendSuccess = true
11-01 10:14:20.940160  3585  3585 I carx.smartclou:   at java.lang.Object java.lang.reflect.Method.invoke(java.lang.Object, java.lang.Object[]) (Method.java:-2)
11-01 10:14:21.499366  3860  3860 I MMKV_MOSS: <MMKV.cpp:212::mmkvWithID> mmkvWithID: mmapID=TaesLog  size=4096 mode=2
11-01 10:14:14.598482    21    31 W ECP_MCU_LOGCAT: t23082>>ePOWER##: tbx_init_task req work
11-01 10:14:14.598482    21    31 W ECP_MCU_LOGCAT: t23193>>ePOWER##: TBOX Get Lock
11-01 10:14:14.598482    21    31 W ECP_MCU_LOGCAT: t23193>>ePOWER##: TBOX REQ WORK
11-01 10:14:14.598482    21    31 W ECP_MCU_LOGCAT: t23193>>ePOWER##: TBOX Rev WORK Resp
11-01 10:14:20.477630   195   245 D ML_Data : in ML_DataCallInfoGet result 2 0
11-01 10:14:20.353428   291   422 E MobileLogD: delete APLog_2021_1029_165930__11 (no exist)
11-01 10:14:20.672950   197   217 I TBOX_TAG: can_dataMgr.cpp RecvCmd:320, RecvData:4C4233373835325A364D53303031333030FF00E00000000000000000000000000000000000000000000000000000000000000000
11-01 10:14:19.472923   495  1460 E goc     : CMD:LRbd291a09-7cf8-4098-9645-ff0f94ba99b7
11-01 10:14:17.132965   917  2294 D Property.service: registerListener: propId=0x11600207 rate=0.0
11-01 10:14:13.132964  1004  1004 I SystemUIPlugin:EcarxStatusBarView: [JRSYS_StatusBar][updateTopActivity]--1, mLastActivity: ComponentInfo{com.ecarx.adnavi/com.ecarx.adnavi.view.MainActivity}, topActivity: ComponentInfo{com.ecarx.adnavi/com.ecarx.adnavi.view.MainActivity}, isOut: true, updateCount: 0
11-01 10:14:21.627108  1148  1148 I ServiceManagement: getService: Trying again for android.hardware.radio@1.0::IRadio/slot1...
11-01 10:14:20.160926  1164  2678 I HICARSDK: CarAuthentication:registerAuthentication is success
11-01 10:14:14.265876  1307  2694 E OpenAPI : notify pid = 1071 service=mediacenter
11-01 10:14:18.257818  1633  1633 D CarSvc  : [CarFunctionImpl] getCustomizeFunctionValue() called with: function = [268829440], zone = [-2147483648]
11-01 10:14:13.490260  1746  1746 D CarSvc  : [CarFunctionImpl] registerFunctionValueWatcher() called with: function = [620888320], watcher = [ecarx.settings.proxy.custom.RefreshUIProxy$2@985ae2a]
11-01 10:14:17.176441  1767  1767 W DisplayUtil: [JRPSD_activity][getStackStackInfosByDisplayId]--2, displayId: 0, visibel: true, cn: ComponentInfo{ecarx.launcher3/ecarx.launcher3.Launcher}
11-01 10:14:15.887176  1784  2105 I PsdLauncherModel: [JRPSD_DB][loadContents], entity: tabPosition: 1, tabTitle: 音乐, itemPosition: 2, stylePosition: -1
11-01 10:14:17.321474  1810  2045 D VRClientManager: sendMessageToNative data: 177
11-01 10:14:16.995632  1825  1825 W VrLogger: VoiceSvrManager#VoiceSvrManager == null : null
11-01 10:14:21.005698  1833  2083 D MDC-[9999]-MediaMainHandler: UPDATE_MEDIA_LIST :false
11-01 10:14:16.597505  1866  2473 I BTTS    : [beta_sound_config.cc:704]speaker daji duration_type:4
11-01 10:14:14.340844  1913  1913 W LauncherImpl: [JERRY][bindItems], contianer: -102, title: 车辆设置, screen: 1, cellX: 3, cellY: 1
11-01 10:14:17.625002  1959  2377 W System.err: 	at java.util.concurrent.ScheduledThreadPoolExecutor$ScheduledFutureTask.run(ScheduledThreadPoolExecutor.java:301)
11-01 10:14:15.241406  2065  2455 D StoragePolicyImpl:  getVolumeFullPath = (/mnt/ivres)...
11-01 10:14:14.746246  2121  2626 I RePlugin.ws001: loadLocked(): Unlock! logtag = try1; pn = player
11-01 10:14:13.056890  2150  2150 I icationcenteru:   at void ecarx.notificationcenterui.ControlBoard.P() (SourceFile:5)
11-01 10:14:16.306455  2251  2251 D VehicleConfig_Analysis: getVehicleConfig vehicleId=( 0x400c ), value =( 0xfffffff5 )
11-01 10:14:15.159035  2275  2656 E FileUtil: [] [] [:0]:copyLargeAssetFile: already the newest version, fileName = conf.key
11-01 10:14:16.451630  2510  2553 W PAL_Adapter_20210816: [MyVehicleBasicInfoAdapter](MyVehicleBasicInfoAdapter.java:462):getEDID->
11-01 10:14:18.522632  2618  2618 D CarSvc  : [SensorImpl] registerListener() called with: listener = [com.ecarx.adaptapi.impl.VehicleImpl$1@b83be71], sensor = [1049344], rate = [3]
11-01 10:14:17.987486  2721  2721 E DMSDP_TRANSPORT: device is null.
11-01 10:14:17.264459  2792  3142 I ConfigStore: android::hardware::configstore::V1_0::ISurfaceFlingerConfigs::hasWideColorDisplay retrieved: 0
11-01 10:14:19.499934  2873  2873 W System.err: 	at android.app.LoadedApk$ServiceDispatcher$RunConnection.run(LoadedApk.java:1762)
11-01 10:14:17.432810  2942  3275 E EASFramework: EASFrameworkClient()
11-01 10:14:18.490750  3054  3054 I artcloud:remot:   at void android.app.ActivityThread$H.handleMessage(android.os.Message) (ActivityThread.java:1679)
11-01 10:14:20.685102  3334  3682 W car:coreServic: Long monitor contention with owner Binder:3334_2 (3395) at boolean android.os.BinderProxy.transactNative(int, android.os.Parcel, android.os.Parcel, int)(Binder.java:-2) waiters=0 in void com.tencent.taes.framework.server.ServiceManagerService.a(com.tencent.taes.framework.parser.ComponentConfigInfo, com.tencent.taes.framework.listener.LoadListener) for 693ms
11-01 10:14:19.788880  3370  3370 D nearby  : UsbScanManager:UsbScanManager create
11-01 10:14:20.940173  3585  3585 I carx.smartclou:   at void com.android.internal.os.RuntimeInit$MethodAndArgsCaller.run() (RuntimeInit.java:493)
11-01 10:14:15.562408    21    31 D ECPComm : read: numBytes=72, mSockFd=6
11-01 10:14:20.477670   195   245 I ML_Data : ML_DataCallInfoGet: v4.ip = 10.229.114.83 ,state = 1
11-01 10:14:20.353504   291   422 E MobileLogD: delete APLog_2021_1029_171311__12 (no exist)
11-01 10:14:20.673051   197   217 W TBOX_TAG: can_dataMgr.cpp CAN: Don't got VIN from MCU yet, use debug value for VIN.
11-01 10:14:19.472985   495  1460 E goc     : send_ind: [LRbd291a09-7cf8-4098-9645-ff0f94ba99b7]
11-01 10:14:17.178389   917  2294 D Property.service: registerListener: propId=0x15200b82 rate=5.0
11-01 10:14:13.133030  1004  1004 W EcarxStatusBarView: [JRSYS_StatusBar][updateInAppPane]--1, isAppPane: false
11-01 10:14:20.172510  1164  3724 D nearby  : NearbyServiceJar:registerSocketListener
11-01 10:14:14.267622  1307  2695 E OpenAPI : notify pid = 1833 service=mediacenter
11-01 10:14:18.257897  1633  1633 I FunctionManagerCarFunction: getCustomizeFunctionValue1 functionId:268829440
11-01 10:14:13.490403  1746  1746 D CarSvc  : [CarFunctionImpl] registerFunctionValueWatcher() called with: function = [620888576], watcher = [ecarx.settings.proxy.custom.RefreshUIProxy$2@985ae2a]
11-01 10:14:17.176477  1767  1767 W DisplayUtil: [JRPSD_activity][getStackStackInfosByDisplayId]--2, displayId: 1, visibel: true, cn: ComponentInfo{ecarx.launcher3/ecarx.launcher3.psd.LauncherForPsd}
11-01 10:14:15.887242  1784  2105 I PsdLauncherModel: [JRPSD_DB][loadContents], entity: tabPosition: 2, tabTitle: 热门应用, itemPosition: 0, stylePosition: -1
11-01 10:14:17.359830  1810  2021 D VRClientManager: sendMessageToNative data: 11
11-01 10:14:16.995986  1825  1825 W ECarXApiClientImpl: Initialize open service, service name: vr_all, has connected: true
11-01 10:14:21.005787  1833  2083 D MDC-[9999]-MediaMainApiImpl: update media list: type: 34, title:null,list type: 0, mediaListId:null,size:0,isRecovery:false
11-01 10:14:21.733782  1841  1841 D [XSFNotification][2.2.0 (c0d)]NotificationListenerService: [(ECarxNotificationListenerService.java:163)#OnNotificationPosted ] receive a notification.
11-01 10:14:16.597520  1866  2473 I BTTS    : [beta_sound_config.cc:705]speaker daji acoustics_type:5
11-01 10:14:14.341175  1913  1913 I LauncherImpl: loadAllWidget isAllWidgetLoaded = false
11-01 10:14:17.625016  1959  2377 W System.err: 	at java.util.concurrent.ThreadPoolExecutor.runWorker(ThreadPoolExecutor.java:1167)
11-01 10:14:15.241504  2065  2455 D GKAI:TTS-S::3.21402010.3945: <CustomTtsConfig> ====== tts_resourcepath=/mnt/ivres//tts/TTS_Resources
11-01 10:14:21.748618  2094  2517 I AlexaSampleApp: [  2] I HttpPost:staticWriteCallbackLocked:count=151
11-01 10:14:14.821052  2121  2627 D RePlugin.ws001: Loader.invoke2(): plugin=/data/user/0/com.ecarx.multimedia/app_plugins_v3/external-41000147-41000147-42005.jar, plugin.binder.cl=com.qihoo360.replugin.PluginDexClassLoader[DexPathList[[zip file "/data/user/0/com.ecarx.multimedia/app_plugins_v3/external-41000147-41000147-42005.jar"],nativeLibraryDirectories=[/data/user/0/com.ecarx.multimedia/app_plugins_v3_libs/external-41000147-41000147-42005, /system/lib64]]]
11-01 10:14:13.056902  2150  2150 I icationcenteru:   at void ecarx.notificationcenterui.ControlBoard.O() (SourceFile:18)
11-01 10:14:16.306484  2251  2251 E VehicleConfig_Analysis: persist.sys.vehi.config is none !!!! 
11-01 10:14:15.160877  2275  2647 D ECarXApiClientImpl: >>> ConnectionCallbacks 中不存在 vr_all,  添加该服  <<<
11-01 10:14:16.451730  2510  2553 W PAL_Adapter_20210816: [MyVehicleBasicInfoAdapter](MyVehicleBasicInfoAdapter.java:465):getEDID = null
11-01 10:14:18.522895  2618  2618 D CarSvc  : [SensorImpl] function not support,return false 
11-01 10:14:17.987714  2721  2721 I DMSDP   : CameraStateManager:send device data ret: -100001
11-01 10:14:17.264706  2792  3142 I ConfigStore: android::hardware::configstore::V1_0::ISurfaceFlingerConfigs::hasHDRDisplay retrieved: 0
11-01 10:14:19.499961  2873  2873 W System.err: 	at android.os.Handler.handleCallback(Handler.java:873)
11-01 10:14:17.436999  2942  2942 D GKAI:EAS:4.0.2 (2628115): [XKVoiceService] onBind() : Enter Intent { act=ecarx.intent.action.VOICE_SERVICE_STARTED cat=[ecarx.intent.category.VOICE] pkg=com.ecarx.xiaoka cmp=com.ecarx.xiaoka/.service.voice.XKVoiceService }
11-01 10:14:18.490762  3054  3054 I artcloud:remot:   at void android.os.Handler.dispatchMessage(android.os.Message) (Handler.java:106)
11-01 10:14:19.858318  3370  3370 E HiView  : need call setContext before report!
11-01 10:14:20.377013  3491  3643 I LogHandler/LogSocketConnection: SocketMessageHandler receive message, what = 1,obj = deep_start,1
11-01 10:14:20.940186  3585  3585 I carx.smartclou:   at void com.android.internal.os.ZygoteInit.main(java.lang.String[]) (ZygoteInit.java:912)
11-01 10:14:16.381398    21    21 I automotive.vehicle@2.0-impl: SubscriptionManager::addOrUpdateSubscription, callback: 0x7147842fc0
11-01 10:14:20.477693   195   245 I ML_Data : ML_DataCallInfoGet: v4.ip = 10.229.114.83 
11-01 10:14:20.353586   291   422 E MobileLogD: delete APLog_2021_1029_172002__13 (no exist)
11-01 10:14:20.784052   197   217 I TBOX_TAG: can_dataMgr.cpp RecvCmd:320, RecvData:4C4233373835325A364D53303031333030FF00E00000000000000000000000000000000000000000000000000000000000000000
11-01 10:14:21.435195   495  1460 E goc     : a2dp_connect_timeout_handle cancle a2dp connect pending
11-01 10:14:17.178761   917  2294 D PropertyHalService: subscribeProperty propId=0x15200b82, rate=5.0
11-01 10:14:13.133130  1004  1004 D SystemUIPlugin:EcarxStatusBarView: [JRFreePanel][updateTopActivity]: isAppPane : false
11-01 10:14:20.172753  1164  3724 D nearby  : NearbyServiceJar:registerSocketListener with new looper
11-01 10:14:14.268913  1307  2696 E OpenAPI : notify pid = 1784 service=mediacenter
11-01 10:14:18.257938  1633  1633 I FunctionManagerCarFunction: getCustomizeFunctionValue1 result:16.5
11-01 10:14:13.490546  1746  1746 D CarSvc  : [CarFunctionImpl] registerFunctionValueWatcher() called with: function = [620822784], watcher = [ecarx.settings.proxy.custom.RefreshUIProxy$2@985ae2a]
11-01 10:14:17.176597  1767  1767 D XCMascot:: [DisplayUtil] ecarx.launcher3===ecarx.launcher3.psd.LauncherForPsd====is in psd!
11-01 10:14:15.887306  1784  2105 I PsdLauncherModel: [JRPSD_DB][loadContents], entity: tabPosition: 2, tabTitle: 热门应用, itemPosition: 1, stylePosition: -1
11-01 10:14:17.387929  1810  2021 I GKAI:GUI: [ProtoConnection] sendMessageToHal msg=domain: SYSTEM
11-01 10:14:17.387929  1810  2021 I GKAI:GUI: system {
11-01 10:14:17.387929  1810  2021 I GKAI:GUI:   command: SYS_GET_COUNT_PERPAGE
11-01 10:14:17.387929  1810  2021 I GKAI:GUI:   getcountperpage {
11-01 10:14:17.387929  1810  2021 I GKAI:GUI:     types: ACK
11-01 10:14:17.387929  1810  2021 I GKAI:GUI:     phone_list_item_num: 4
11-01 10:14:17.387929  1810  2021 I GKAI:GUI:     navi_list_item_num: 3
11-01 10:14:17.387929  1810  2021 I GKAI:GUI:     restaurant_list_item_num: 3
11-01 10:14:17.387929  1810  2021 I GKAI:GUI:     hotel_list_item_num: 4
11-01 10:14:17.387929  1810  2021 I GKAI:GUI:     hotel_room_list_item_num: 3
11-01 10:14:17.387929  1810  2021 I GKAI:GUI:     gas_reminder_list_item_num: 5
11-01 10:14:17.387929  1810  2021 I GKAI:GUI:     news_list_item_num: 3
11-01 10:14:17.387929  1810  2021 I GKAI:GUI:     flight_list_item_num: 3
11-01 10:14:17.387929  1810  2021 I GKAI:GUI:     train_list_item_num: 3
11-01 10:14:17.387929  1810  2021 I GKAI:GUI:     traffic_ticket_list_item_num: 4
11-01 10:14:17.387929  1810  2021 I GKAI:GUI:     agenda_list_item_num: 3
11-01 10:14:17.387929  1810  2021 I GKAI:GUI:     weathwe_list_item_num: 5
11-01 10:14:17.387929  1810  2021 I GKAI:GUI:   }
11-01 10:14:17.387929  1810  2021 I GKAI:GUI: }
11-01 10:14:16.996063  1825  1825 W ECarXApiClientImpl: OpenAPI Service had connected or had initialized
11-01 10:14:21.005876  1833  2083 D MDC-[9999]-MediaMainApiImpl: clientToken:ecarx.xsf.mediacenter.g$a$a@e264a0b
11-01 10:14:21.734243  1841  1841 D [XSFNotification][2.2.0 (c0d)]NotificationListenerService: [(ECarxNotificationListenerService.java:333)#IgnoreNotification ] ignoreNotification packageName = com.ecarx.smartcloud with flags=0x62
11-01 10:14:16.597536  1866  2473 I BTTS    : [beta_sound_config.cc:706]speaker daji vocoder_type:0
11-01 10:14:14.341274  1913  1913 D Launcher.Model: done with previous binding step
11-01 10:14:17.625030  1959  2377 W System.err: 	at java.util.concurrent.ThreadPoolExecutor$Worker.run(ThreadPoolExecutor.java:641)
11-01 10:14:15.255583  2065  2455 I VerifyInterface: startVerify  caller uid1000
11-01 10:14:14.821247  2121  2627 I RePlugin.ws001: load /data/user/0/com.ecarx.multimedia/app_plugins_v3/external-41000147-41000147-42005.jar 213161973 c=3 rc=true delta=905
11-01 10:14:13.056917  2150  2150 I icationcenteru:   at ecarx.notificationcenterui.ControlBoard ecarx.notificationcenterui.ControlBoard.b(android.content.Context) (SourceFile:8)
11-01 10:14:16.306498  2251  2251 D VehicleConfig_Analysis: getVehicleConfig vehicleId=( 0x4007 ), value =( 0xfffffff5 )
11-01 10:14:15.173718  2275  2656 E FileUtil: [] [] [:0]:copyLargeAssetFile: input available: 875
11-01 10:14:16.451764  2510  2553 I PAL_SDK : VehicleBasicInfoService:getVehicleId adapter result=null
11-01 10:14:21.799115  2544  2785 D OfflineNLU: mIUserContext is NULL Waiting initializeing .....null
11-01 10:14:18.523122  2618  2618 D CarSvc  : [SensorImpl] registerListener() called with: listener = [com.ecarx.adaptapi.impl.VehicleImpl$1@b83be71], sensor = [1049600]
11-01 10:14:17.992196  2721  2721 I DMSDP   : CameraFacingListener:Camera free
11-01 10:14:17.264870  2792  3142 I OpenGLRenderer: Initialized EGL, version 1.4
11-01 10:14:19.499991  2873  2873 W System.err: 	at android.os.Handler.dispatchMessage(Handler.java:99)
11-01 10:14:17.437165  2942  2942 D GKAI:EAS:4.0.2 (2628115): [XKVoiceService] onBind() : Leave 
11-01 10:14:18.490777  3054  3054 I artcloud:remot:   at void android.os.Looper.loop() (Looper.java:193)
11-01 10:14:20.695805  3334  3334 W System.err: com.tencent.tai.pal.exception.FeatureNotSupportedException: FeatureNotSupportedException found. NOT supported feature:getChannel
11-01 10:14:19.858386  3370  3370 I nearby  : BluetoothUtils:update default adress bytes
11-01 10:14:20.377048  3491  3643 I LogHandler/AbstractLogConnection: setResponseFromServer() mServerName = mobilelogd serverData = deep_start,1
11-01 10:14:20.940201  3585  3585 I carx.smartclou: Caused by: java.lang.ClassNotFoundException: Didn't find class "net.sqlcipher.database.SQLiteOpenHelper" on path: DexPathList[[zip file "/system/app/XCSmartHome/XCSmartHome.apk"],nativeLibraryDirectories=[/system/app/XCSmartHome/lib/arm64, /system/app/XCSmartHome/XCSmartHome.apk!/lib/arm64-v8a, /system/lib64, /system/lib64]]
11-01 10:14:16.381477    21    21 I automotive.vehicle@2.0-impl: SubscriptionManager::addOrUpdateSubscription, prop: 0x21205029
11-01 10:14:20.477712   195   245 I ML_Data : ML_DataCallInfoGet:v4 gateway = 10.229.114.83 
11-01 10:14:20.353670   291   422 E MobileLogD: delete APLog_2021_1029_173900__14 (no exist)
11-01 10:14:20.784125   197   217 W TBOX_TAG: can_dataMgr.cpp CAN: Don't got VIN from MCU yet, use debug value for VIN.
11-01 10:14:21.435397   495  1460 E goc     : a2dp_disconnect 68A03EAD3E9C
11-01 10:14:17.184539   917  2294 D Property.service: registerListener: propId=0x15400bb0 rate=5.0
11-01 10:14:13.583406  1004  1004 D TelephonyManager: getDataEnabled 1
11-01 10:14:20.191690  1164  3724 D nearby  : NearbyServiceJar:mNearbyService.registerSocketListener start
11-01 10:14:14.273847  1307  2691 E OpenAPI : notify pid = 1825 service=mediacenter
11-01 10:14:18.258010  1633  1633 I FunctionManagerCarFunction: getCustomizeFunctionValue result = 
11-01 10:14:18.258010  1633  1633 I FunctionManagerCarFunction:   isFunctionSupport:false
11-01 10:14:18.258010  1633  1633 I FunctionManagerCarFunction:   functionStatus:null
11-01 10:14:18.258010  1633  1633 I FunctionManagerCarFunction:   supportValues:null
11-01 10:14:18.258010  1633  1633 I FunctionManagerCarFunction:   setFunctionSuccess:false
11-01 10:14:18.258010  1633  1633 I FunctionManagerCarFunction:   value:0
11-01 10:14:18.258010  1633  1633 I FunctionManagerCarFunction:   customValue:16.5
11-01 10:14:18.258010  1633  1633 I FunctionManagerCarFunction:   functionName:null
11-01 10:14:18.258010  1633  1633 I FunctionManagerCarFunction:   functionId:0
11-01 10:14:18.258010  1633  1633 I FunctionManagerCarFunction:   prefix:null
11-01 10:14:18.258010  1633  1633 I FunctionManagerCarFunction:   pcode:null
11-01 10:14:13.490686  1746  1746 D CarSvc  : [CarFunctionImpl] registerFunctionValueWatcher() called with: function = [620823808], watcher = [ecarx.settings.proxy.custom.RefreshUIProxy$2@985ae2a]
11-01 10:14:15.887381  1784  2105 I PsdLauncherModel: [JRPSD_DB][loadContents], entity: tabPosition: 2, tabTitle: 热门应用, itemPosition: 2, stylePosition: -1
11-01 10:14:17.176630  1767  1767 D XCMascot:: [XCTaskProcessor] isInPsd
11-01 10:14:17.481861   917  2307 D Property.service: registerListener: propId=0x21400030 rate=0.0
11-01 10:14:13.583701  1004  1004 I SystemUIPlugin:NetworkController: [JRSYS_NET][updateTelephonySignalStrength]--1, mSignalStrength: SignalStrength: 10 -1 -1 -1 -1 -1 -1 99 2147483647 2147483647 2147483647 2147483647 0 2147483647 99 255 2147483647 gsm|lte use_rsrp_and_rssnr_for_lte_level  [-128, -118, -108, -98] [-115, -105, -95, -85], mSignalLevel: 3 mMobileNetworkType:13 mDataState:2 mConnected:true
11-01 10:14:20.613590  1164  3724 D nearby  : NearbyServiceJar:registerSocketListener
11-01 10:14:14.321963  1307  2639 I OpenAPI : >> 客户  PID=2510 注册监听!!!! <<
11-01 10:14:21.865880  1617  1617 D ActivateTagSdk: [ActivateManager.setHasActivated():144]mHasActivated:true
11-01 10:14:18.319251  1633  1633 D FlyLinearSnapHelper: attachToRecyclerView
11-01 10:14:13.491169  1746  1746 D CarSvc  : [CarFunctionImpl] registerFunctionValueWatcher() called with: function = [537592064], watcher = [ecarx.settings.proxy.custom.RefreshUIProxy$2@985ae2a]
11-01 10:14:17.300130  1767  1767 W DisplayUtil: [JRPSD_activity][getStackStackInfosByDisplayId]--2, displayId: 0, visibel: true, cn: ComponentInfo{com.ecarx.adnavi/com.ecarx.adnavi.view.MainActivity}
11-01 10:14:15.888414  1784  1784 I LauncherForPsd: [JRPSD_Content][updateContentData][0], title: 精   tabImageUrl: null, listCountDown: false
11-01 10:14:17.487427  1810  2037 D VRClientManager: sendMessageToNative data: 239
11-01 10:14:17.044100  1825  1825 E EASFramework: EASFrameworkApiClient()
11-01 10:14:21.006827  1833  2083 D MDC-[9999]-KeyPriorityManager: source type index -> -1
11-01 10:14:16.597596  1866  2473 I BTTS    : [beta_sound_config.cc:710]speaker daji gv_threshold:20
11-01 10:14:14.345005  1913  2227 D Launcher.Model: getActivityList took 3ms for user UserHandle{0}
11-01 10:14:17.629584  1959  2377 W ECarXApiClientImpl: Initialize open service, service name: user, has connected: true
11-01 10:14:15.257620  2065  2455 D [IOVTTS]: [TTSSynthesizerPlayer] mSampleDirPath = /mnt/ivres//tts/TTS_Resources
11-01 10:14:14.832245  2121  2628 D createClassLoader:  --无需释放DEX, (plugin=uicontrol, version=42005), use:173, process:com.ecarx.multimedia
11-01 10:14:13.057003  2150  2150 I icationcenteru:   at void android.app.ActivityThread$H.handleMessage(android.os.Message) (ActivityThread.java:1711)
11-01 10:14:16.449371  2251  2251 D VehicleConfig_Analysis: getVehicleConfig vehicleId=( 0x400c ), value =( 0xfffffff5 )
11-01 10:14:15.224028  2275  2656 E FileUtil: [] [] [:0]:copyLargeAssetFile: already the newest version, fileName = ini/ime.ini
11-01 10:14:16.607761  2510  2553 I PAL_SDK : VehicleBasicInfoService:getDeviceId adapter result=eOShmX8sXIPZ5UFfi4rQ0y9C5Im7FT+HGUXInsiBwAldZTeEMD9FBc0AzfAswSsN7iREerqA1aPYg0lXBfEjtGvTiAXMyBJSA2ekCJB0Q805hElq4pZTB8oaVe3NG7AO8cYMXh3F994ueGAaFQg3xj+JkC/W1M5niWeZH7tN96E=
11-01 10:14:22.099922  2544  2785 D OfflineNLU: mIUserContext is NULL Waiting initializeing .....null
11-01 10:14:18.523992  2618  2618 D CarSvc  : [SensorImpl] registerListener() called with: listener = [com.ecarx.adaptapi.impl.VehicleImpl$1@b83be71], sensor = [1049856], rate = [3]
11-01 10:14:18.005404  2721  2721 E DMSDP_TRANSPORT: device is null.
11-01 10:14:17.381836  2792  3142 D mali_winsys: EGLint new_window_surface(egl_winsys_display *, void *, EGLSurface, EGLConfig, egl_winsys_surface **, EGLBoolean) returns 0x3000
11-01 10:14:19.500096  2873  2873 W System.err: 	at com.android.internal.os.RuntimeInit$MethodAndArgsCaller.run(RuntimeInit.java:493)
11-01 10:14:17.451451  2942  2942 I ECarXApiClientImpl: {"DEBUG":"true", "APPLICATION_ID":"com.ecarx", "BUILD_TYPE":"debug", "FLAVOR":"", "VERSION_CODE":"28", "VERSION_NAME":"3.2.6RC", "GENERATE_APK_DATE":"2021.04.13", "RELEASE_BRANCH":"EAS分支", "UPDATE_INFO":"1. 更改语音管道化数据类型常量注释，目前除百度随心听，一律走非DCS数据类型  2. 新增对制定节目收藏及结果反馈相关接口定义; 3. 媒体中心获取运营列表及方法更新：运营列表增加Pendingintent;", "RELEASE_PERSON":"WL"}
11-01 10:14:18.490829  3054  3054 I artcloud:remot:   at void com.android.internal.os.ZygoteInit.main(java.lang.String[]) (ZygoteInit.java:912)
11-01 10:14:22.209922  3135  3135 D ECarXCoreActivate: showActivateEngineerModeDialog
11-01 10:14:20.695987  3334  3334 W System.err: 	at android.os.Handler.handleCallback(Handler.java:873)
11-01 10:14:19.918380  3370  3370 I nearby  : NearbyService:nearby version is: 8.0.0.300
11-01 10:14:22.065613  3491  3718 I MTKLogger: isBootCompleteDone: bootCompleteDoneTime = 624837, currentTime = 27613
11-01 10:14:20.940251  3585  3585 I carx.smartclou:   at void ecarx.home.data.db.GreenDaoDatabase.e() (GreenDaoDatabase.java:6)
11-01 10:14:21.977512  3860  4026 I PAL_SDK : ServiceConnectionHelper.bindService
11-01 10:14:21.954847  4027  4027 I logcat  : /system/etc/init.logmcu.sh: mculog service stopped
11-01 10:14:16.383778    21    21 I automotive.vehicle@2.0-impl: SubscriptionManager::addOrUpdateSubscription, prop: 0x21405000
11-01 10:14:22.063785   135   294 D MTKStreamOutHAL: StreamOut::getLatency = 42
11-01 10:14:20.477775   195   245 I ML_Data : info->v4.state: 1
11-01 10:14:22.066181   159   346 D StreamHalHidl: processReturn with getLatency, status = 0
11-01 10:14:20.370005   291   422 E MobileLogD: delete APLog_2021_1029_174820__18 (no exist)
11-01 10:14:21.616858   197   197 I TBOX_TAG: handy_tool_fjd.h IPC RECV: Type:70051000 IPC_CAN_CAN_TIMER_EVT Length:4 Payload: 0F000000o     o     o t ho 
11-01 10:14:21.923840   267   721 D pseudo  : mtk_gps_sys_nmea_output_to_app: len:598, [NMEA]$GNGGA,000047.01...
11-01 10:14:21.435567   495  1460 E goc     : a2dp connect failed
11-01 10:14:17.484168   917  2307 D ECarXEvsService: registerEvsCameraStatusListener
11-01 10:14:13.684660  1004  1004 W SystemUIPlugin:AppWatcherService: [JRSYS] onAccessibilityEvent:32
11-01 10:14:20.613644  1164  3724 D nearby  : NearbyServiceJar:registerSocketListener with new looper
11-01 10:14:14.323149  1307  2639 E OpenAPI_SSController: OpenAPIServices>> [drivepolicy, gkuiservice, policy, device, mediacenter]
11-01 10:14:21.882940  1617  1617 D ActivateTagSdkActivateManager: [ActivateManager.getActivateEntity():176]encrypt:EFF544D5E2DE54C366D82E44A2A4C11024CF6DE7437BEAABCA57EA1ED5C8282B1527175C9389DAD3EE9C58A7AB456DC9D9FBC5FBA35CDEBD782F2C79E54EDFC19C6E0670A625A1023E3D935B43DDE76D54918D16FBF3BADBE1AB89B1DD79D8F4AF344003015829B8B4C0F8FB8BF4599F09A3C7B1C66A62E8C7C81091AFEDFEFC2937EB980EC00F00F85A102B87002EB87075748C5EC3DE9683286F2A2CBD034D43FB665B702D65F8D1854FE8AC56E0DA34335C566851F337506946653DE2D91C071A91C0DF53B0E07CA25FB2DFAF1871946904F95EB608101FBC1FD60928970884CFFC8705607FA8325EB46AED140438FC3DC20CF1844BC8C9B152C5426C00D500BFE02F0071C14BF2106F4588EBD8FF5E70B0C267379AF823D62E7ADF06827A368D5857BD49208F70D03B96BFC989F50BFCF1E42B6A5C66E7E8EA0210645EBD
11-01 10:14:18.319285  1633  1633 D FlyLinearSnapHelper: snapToTargetExistingView
11-01 10:14:22.298350  1651  1667 D _TAI_SPEECH_FUSION_: [OpenApiDemo](OpenAPIUtils.java:38):onInitCallback result :0, msg : init success
11-01 10:14:13.491321  1746  1746 D CarSvc  : [CarFunctionImpl] registerFunctionValueWatcher() called with: function = [538314240], watcher = [ecarx.settings.proxy.custom.RefreshUIProxy$2@985ae2a]
11-01 10:14:17.300183  1767  1767 W DisplayUtil: [JRPSD_activity][getStackStackInfosByDisplayId]--2, displayId: 0, visibel: true, cn: ComponentInfo{com.ecarx.smartarea/com.ecarx.smartarea.MainActivity}
11-01 10:14:15.888555  1784  1784 I LauncherForPsd: [JRPSD_Content][updateContentData][1], title: 音乐, tabImageUrl: , listCountDown: false
11-01 10:14:17.614672  1810  2021 D GKAI:EAS:1.0.0: [XKDbManager] getMKConfig : 1    [id = 1	dateSource = magicbook	oneshotEnable = true	customWakeupEnable = false	changeWakeupEnable = true 	acmuteEnable = false	pttEnable = false	baiduEnable = false	vrAudiologEnable = false	partitionInhibition = high_inhibition	mkWakeupName = 你好，吉  isBaiduVersion = false	geekModeEnable = false	visionEnable = true	geekModeCanOpen = false]
11-01 10:14:17.045902  1825  1825 E AIDL    : bindService
11-01 10:14:21.029132  1833  1899 D MDC-[9999]-StateRecoverApiImpl: onMusicRecoveryComplete:packageName:com.ecarx.multimedia
11-01 10:14:16.597616  1866  2473 I BTTS    : [beta_sound_config.cc:711]speaker daji gv_scale_low:1.200000
11-01 10:14:14.345106  1913  2227 D Launcher.Model: getActivityList got 24 apps for user UserHandle{0}
11-01 10:14:17.629640  1959  2377 W ECarXApiClientImpl: OpenAPI Service had connected or had initialized
11-01 10:14:15.292305  2065  2455 D bdtts-SpeechSynthesizer==: SpeechSynthesizer getInstance versionName:3.2.3.66dd7a2
11-01 10:14:14.832386  2121  2628 D RePlugin.ws001: pkg context=com.qihoo360.loader2.PluginContext@baf898a
11-01 10:14:13.057016  2150  2150 I icationcenteru:   at void android.os.Handler.dispatchMessage(android.os.Message) (Handler.java:106)
11-01 10:14:16.449678  2251  2251 D CarSvc  : [CarFunctionImpl] isFunctionSupported() called with: function = [637600000], zone = [-2147483648], result = [notavailable]
11-01 10:14:15.232651  2275  2656 E AssetsController: [] [] [:0]:Start copy navi config file!
11-01 10:14:16.610243  2510  2553 W PAL_Adapter_20210816: [MyVehicleBasicInfoAdapter](MyVehicleBasicInfoAdapter.java:449):getVehicleId 
11-01 10:14:22.154904  2544  2790 I tflite  : Initialized TensorFlow Lite runtime.
11-01 10:14:18.525975  2618  2618 D CarSvc  : [SensorImpl] function not support,return false 
11-01 10:14:18.005480  2721  2721 I DMSDP   : CameraStateManager:send device data ret: -100001
11-01 10:14:17.383321  2792  2792 I SystemUIPlugin:HvacController: [JRSYS][mHvacRunnable]
11-01 10:14:19.500126  2873  2873 W System.err: 	at com.android.internal.os.ZygoteInit.main(ZygoteInit.java:912)
11-01 10:14:17.457213  2942  2942 D VersionInfoUtil_impl: has get remote service versioninfo string
11-01 10:14:18.490842  3054  3054 I artcloud:remot: Caused by: java.lang.ClassNotFoundException: Didn't find class "net.sqlcipher.database.SQLiteOpenHelper" on path: DexPathList[[zip file "/system/app/XCSmartHome/XCSmartHome.apk"],nativeLibraryDirectories=[/system/app/XCSmartHome/lib/arm64, /system/app/XCSmartHome/XCSmartHome.apk!/lib/arm64-v8a, /system/lib64, /system/lib64]]
11-01 10:14:20.696003  3334  3334 W System.err: 	at android.os.Handler.dispatchMessage(Handler.java:99)
11-01 10:14:20.940263  3585  3585 I carx.smartclou:   at void ecarx.home.App.b() (App.java:10)
11-01 10:14:21.978224  3860  4026 E PAL_SDK : single-package Service NOT found
11-01 10:14:22.136629  4054  4054 I logcat  : /system/etc/init.logmcu.sh: start_logcat[mculog]: logcat pid = 4053
11-01 10:14:16.383791    21    21 I automotive.vehicle@2.0-impl: addOrUpdateSubscription opts.propId: 0x21405000
11-01 10:14:22.063807   135   294 D AudioALSAStreamOut: latency(), flags 2, return 42
11-01 10:14:20.477789   195   245 I ML_Data : info->v4.reconnect: 196
11-01 10:14:20.370080   291   422 E MobileLogD: delete APLog_2021_1029_175108__19 (no exist)
11-01 10:14:22.344381   197   217 I TBOX_TAG: can_dataMgr.cpp RecvCmd:203, RecvData:FFFFFFFFFFFFFFFFFFFFFFFFFFFFFFFFFFFFFFFFFFFFFFFFFFFFFFFFFFFFFFFFFFFFFFFFFFFFFFFFFFFFFFFFFFFFFFFFFFFFFFFFFFFFFFFFFFFFFFFF7AFFFFFFFFFFFFFFFFFFFFFFFFFFFFFFFFFFFFFFFFFFFFFF
11-01 10:14:21.923880   267   721 D         : mtk_gps_sys_gps_mnl_callback: msg:0
11-01 10:14:21.435591   495  1460 E goc     : GocBtScDbRead
11-01 10:14:17.507086   917  2312 D Property.service: getPropertyList returns 417 configs
11-01 10:14:13.695847  1004  1004 W SystemUIPlugin:AppWatcherService: [JRSYS] onAccessibilityEvent : topActivity = ComponentInfo{ecarx.launcher3/ecarx.launcher3.psd.LauncherForPsd}
11-01 10:14:20.613715  1164  3724 D nearby  : NearbyServiceJar:mNearbyService.registerSocketListener start
11-01 10:14:14.324147  1307  2486 E OpenAPI_SSController: OpenAPIServices>> [drivepolicy, gkuiservice, policy, device, mediacenter]
11-01 10:14:21.886701  1617  1617 D ActivateTagSdkActivateManager: [ActivateManager.getActivateEntity():178]decrypt:{"uuid":"0x427157572788162560","token":"T42715757512849817631","car_style":"car_type_123","car_mode":"","active_time":"1625650302","status":1,"remain_days":1725,"text":"","payUrl":"","vin":"LB37852Z6MS001300","device_id":"1110038891058508L1E10199","pcode":"E02-EVB","expire_time":"1784714319","bind_user":1}
11-01 10:14:18.319315  1633  1633 I canScrollVertically: canScrollVertically :true
11-01 10:14:13.491466  1746  1746 D CarSvc  : [CarFunctionImpl] registerFunctionValueWatcher() called with: function = [671482368], watcher = [ecarx.settings.proxy.custom.RefreshUIProxy$2@985ae2a]
11-01 10:14:17.300221  1767  1767 W DisplayUtil: [JRPSD_activity][getStackStackInfosByDisplayId]--2, displayId: 0, visibel: true, cn: ComponentInfo{ecarx.launcher3/ecarx.launcher3.Launcher}
11-01 10:14:15.888592  1784  1784 I LauncherForPsd: [JRPSD_Content][updateContentData][2], title: 热门应用, tabImageUrl: , listCountDown: false
11-01 10:14:17.615624  1810  2021 D GKAI:GUI: [EasClientManager] send type = 4
11-01 10:14:17.053056  1825  1825 W ECarXApiClientImpl: Initialize open service, service name: vehicle, has connected: true
11-01 10:14:21.029354  1833  1899 D MDC-[9999]-MediaMainHandler: updateMediaList----isRecovery:true
11-01 10:14:16.597632  1866  2473 I BTTS    : [beta_sound_config.cc:712]speaker daji gv_scale_high:1.000000
11-01 10:14:14.352634  1913  2102 I SA.AnalyticsMessages: upload  cloud  is : DATA    eventName is :IHU_Launcher_event_appPanel_order
11-01 10:14:17.629821  1959  2377 D ECarXApiClientImpl: >>> SERVICE_STATUS not containKey user <<<
11-01 10:14:15.325462  2065  2455 D bdtts-AInterceptorHandler: proxy=com.baidu.tts.state.tts.Tts@1f017d0
11-01 10:14:14.839272  2121  2628 I RePlugin.PluginManagerClient: updateUsedIfNeeded: pi.isUsed == used, ignore. used=true; pn=uicontrol
11-01 10:14:13.057029  2150  2150 I icationcenteru:   at void android.os.Looper.loop() (Looper.java:193)
11-01 10:14:16.449754  2251  2251 E VehicleConfig_Analysis: persist.sys.vehi.config is none !!!! 
11-01 10:14:15.234008  2275  2656 E FileUtil: [] [] [:0]:copyLargeAssetFile: input available: 5498
11-01 10:14:16.610329  2510  2553 W PAL_Adapter_20210816: [MyVehicleBasicInfoAdapter](MyVehicleBasicInfoAdapter.java:453):getVehicleId ThreadName = Binder:2510_2 doUseEDID : true
11-01 10:14:22.200228  2544  2785 D OfflineNLU: mIUserContext is NULL Waiting initializeing .....null
11-01 10:14:18.526737  2618  2618 D CarSvc  : [SensorImpl] registerListener() called with: listener = [com.ecarx.adaptapi.impl.VehicleImpl$1@b83be71], sensor = [1050112]
11-01 10:14:18.017645  2721  2721 I DMSDP   : CameraFacingListener:Camera free
11-01 10:14:17.397948  2792  2792 I HvacController: [JRSYS_HVAC][addHvacView], infoList: [ResolveInfo{10f2b34 ecarx.hvac.app/.application.MainActivity m=0x108000}], size: 1
11-01 10:14:19.751645  2873  3415 E TAHTTP  : DeviceTokenRequest::sendRequest: trace<registcar_223>, Invalid parameters: channel=, deviceId=, vehicleId=
11-01 10:14:17.461394  2942  2942 I ECarXApiClientImpl: {"DEBUG":"true", "APPLICATION_ID":"com.ecarx.sdk.openapi", "BUILD_TYPE":"release", "FLAVOR":"", "VERSION_CODE":"40545002", "VERSION_NAME":"4.1.9 (26AAAEA)", "APPLICABLE_ROM_VERSION":"OpenAPI服务通版", "CURRENT_APP_VERSION_APPLICABLE_IMPL_VERSION":"4.1.9 (26AAAEA)", "GENERATE_APK_DATE":"2021.10.09", "RELEASE_BRANCH":"p/eas/eas20/dev", "UPDATE_INFO":"1.优化回调设置  .修正异常并发无法连接; 3.Vehicle支持Bose音效功能", "VERIFICATION":"true", "GIT_INFO":"a7cd6b6", "RELEASE_PERSON":"WL"}
11-01 10:14:18.490855  3054  3054 I artcloud:remot:   at java.lang.Class dalvik.system.BaseDexClassLoader.findClass(java.lang.String) (BaseDexClassLoader.java:134)
11-01 10:14:20.696017  3334  3334 W System.err: 	at android.os.Looper.loop(Looper.java:193)
11-01 10:14:19.923150  3370  3370 E nearby  : NearbyService:MyService onBind true
11-01 10:14:20.940328  3585  3585 I carx.smartclou:   at void ecarx.home.App.onCreate() (App.java:2)
11-01 10:14:21.978269  3860  4026 I PAL_SDK : getMatchIntent getSinglePackageServiceIntent return null, try getMultiPackageServiceIntent
11-01 10:14:22.231073  4057  4057 I logcat  : /system/etc/init.tboxlog.sh: start_logcat[tboxlog]: logcat pid = 4056
11-01 10:14:16.383834    21    21 I DefaultVehicleHal_v2_0: subscribe propId: 0x21405000, sampleRate: 0.000000
11-01 10:14:22.066048   135   294 D AudioALSAStreamOut: latency(), flags 2, return 42
11-01 10:14:22.411160   202   202 I TBOX_TAG: hu_manager.cpp IPC RECV: 0x10060100
11-01 10:14:20.477806   195   245 I ML_Data : ML_DataCallInfoGet: v6.ip =  :: 
11-01 10:14:20.370155   291   422 E MobileLogD: delete APLog_2021_1029_175255__20 (no exist)
11-01 10:14:21.923898   267   721 D         : send_active_notify: send clean nmea timer cmd!
11-01 10:14:21.435790   495  1460 E goc     : +++++++++++++++++>sc db<+++++++++++++++++++++
11-01 10:14:17.517864   917  2322 D Property.service: getPropertyList returns 472 configs
11-01 10:14:13.695948  1004  1004 W SystemUIPlugin:AppWatcherService: [JRSYS] onAccessibilityEvent : , sTopPackageName: ecarx.launcher3, sTopClassName = ecarx.launcher3.psd.LauncherForPsd, context: com.ecarx.systemui.plugin.App@b1c3134, name: com.ecarx.systemui.plugin
11-01 10:14:20.614944  1164  2678 I HICARSDK: HiCarAdapter:register nearby success
11-01 10:14:14.332564  1307  2639 E OpenAPI_SSController: OpenAPIServices>> [drivepolicy, gkuiservice, policy, device, mediacenter]
11-01 10:14:21.898507  1617  1617 E ActivateTagSdk: [ActivateManager.modifyIfNoNetwork():505]network is ok , do not need modify
11-01 10:14:18.319526  1633  1633 D FunctionManagerPolicy: getCustomizeFunctionValue param:
11-01 10:14:18.319526  1633  1633 D FunctionManagerPolicy:    functionId:10060100
11-01 10:14:18.319526  1633  1633 D FunctionManagerPolicy:    zone:1
11-01 10:14:18.319526  1633  1633 D FunctionManagerPolicy:    operator:null
11-01 10:14:18.319526  1633  1633 D FunctionManagerPolicy:    type:2
11-01 10:14:13.496882  1746  1746 D CarSvc  : [CarFunctionImpl] registerFunctionValueWatcher() called with: function = [671482112], watcher = [ecarx.settings.proxy.custom.RefreshUIProxy$2@985ae2a]
11-01 10:14:17.300260  1767  1767 W DisplayUtil: [JRPSD_activity][getStackStackInfosByDisplayId]--2, displayId: 1, visibel: true, cn: ComponentInfo{ecarx.launcher3/ecarx.launcher3.psd.LauncherForPsd}
11-01 10:14:15.889997  1784  1784 I PsdTabAdapter: [JRPSD_Content][refresh] , oldList: 0, newList: 3
11-01 10:14:17.615789  1810  2021 D GKAI:GUI:2.2.21314110.79: [EasServiceManager] sendPbMsg length : 6
11-01 10:14:17.053146  1825  1825 W ECarXApiClientImpl: OpenAPI Service had connected or had initialized
11-01 10:14:21.029557  1833  2083 D MDC-[9999]-MediaMainHandler: UPDATE_MEDIA_LIST :true
11-01 10:14:16.597647  1866  2473 I BTTS    : [beta_sound_config.cc:713]speaker daji use_enhance:1
11-01 10:14:14.353147  1913  2102 I EcarxDataDispatcher: prepare to upload to big data
11-01 10:14:17.631293  1959  2377 I ECarXApiClientImpl: >> onAPIReady(user, false) <<
11-01 10:14:15.325630  2065  2455 D bdtts-CallbackInterceptor: method=setTtsListener
11-01 10:14:14.842012  2121  2626 D HOST_CallExApi: ----------->Call api =player
11-01 10:14:13.057044  2150  2150 I icationcenteru:   at void android.app.ActivityThread.main(java.lang.String[]) (ActivityThread.java:6825)
11-01 10:14:16.449773  2251  2251 D VehicleConfig_Analysis: getVehicleConfig vehicleId=( 0x400c ), value =( 0xfffffff5 )
11-01 10:14:15.235369  2275  2656 E FileUtil: [] [] [:0]:copyLargeAssetFile: dest file length: 5498
11-01 10:14:16.610373  2510  2553 W PAL_Adapter_20210816: [MyVehicleBasicInfoAdapter](MyVehicleBasicInfoAdapter.java:462):getEDID->
11-01 10:14:22.303591  2544  2785 D OfflineNLU: mIUserContext is NULL Waiting initializeing .....null
11-01 10:14:18.527215  2618  2618 D CarSvc  : [SensorImpl] registerListener() called with: listener = [com.ecarx.adaptapi.impl.VehicleImpl$1@b83be71], sensor = [1050112], rate = [3]
11-01 10:14:18.020580  2721  2721 I DMSDP   : CameraStateManager:set facting: FREE
11-01 10:14:17.398160  2792  2792 I SystemUIPlugin:HvacController: [JRSYS_HVAC][addHvacView]-V201215-1, name: ecarx.hvac.app
11-01 10:14:19.751689  2873  3415 E TAHTTP  : onAsync: trace<registcar_223>, sendRequest fail -9994
11-01 10:14:17.467681  2942  2942 D GKAI:EAS:4.0.2 (2628115): [XKVoiceService] onBind() : Enter Intent { act=ecarx.intent.action.VOICE_SERVICE_STARTED cat=[ecarx.intent.category.VOICE] pkg=com.ecarx.xiaoka.eas cmp=com.ecarx.xiaoka/.service.voice.XKVoiceService }
11-01 10:14:18.490868  3054  3054 I artcloud:remot:   at java.lang.Class java.lang.ClassLoader.loadClass(java.lang.String, boolean) (ClassLoader.java:379)
11-01 10:14:22.492313  3213  3288 I .gestureservic: Waiting for a blocking GC ProfileSaver
11-01 10:14:20.696033  3334  3334 W System.err: 	at android.app.ActivityThread.main(ActivityThread.java:6825)
11-01 10:14:20.940341  3585  3585 I carx.smartclou:   at void com.tencent.bugly.beta.tinker.TinkerPatchReflectApplication.onCreate() (BUGLY:51)
11-01 10:14:21.980235  3860  4026 I PAL_SDK : ServiceConnectionHelper.getMatchComponent found packageName=com.tencent.tai.pal.platform.app
11-01 10:14:16.389685    21    21 I automotive.vehicle@2.0-impl: SubscriptionManager::addOrUpdateSubscription, callback: 0x7147842fc0
11-01 10:14:22.066082   135   294 D MTKStreamOutHAL: StreamOut::getLatency = 42
11-01 10:14:22.480237   202   202 I TBOX_TAG: hu_manager.cpp IPC RECV: 0x70060206
11-01 10:14:20.477831   195   245 I ML_Data : ML_DataCallInfoGet:v6 gateway = ::1af:7eb7:fcf0:ede7:1c67:36e7 
11-01 10:14:22.502809   159   346 D StreamHalHidl: processReturn with getLatency, status = 0
11-01 10:14:20.370231   291   422 E MobileLogD: delete APLog_2021_1029_175649__21 (no exist)
11-01 10:14:21.924029   267   521 D         : gps_control_thread: gps_control_thread wait
11-01 10:14:21.435813   495  1460 E goc     : deviceAddr	:68A03EAD3E9C
11-01 10:14:17.554111   917  2322 I VerifyInterface: startVerify  caller uid1000
11-01 10:14:13.696087  1004  1004 I SystemUIPlugin:EcarxStatusBarView: [JRSYS_StatusBar][onEventMainThread]--1
11-01 10:14:20.615457  1164  2678 I HICARSDK: HiCarAdapter:registerCarAudioListener with version 1.0.0.304
11-01 10:14:14.342256  1307  2639 I OpenAPI_SSController: >>getOpenAPIService 服务列表：[gkuiservice, drivepolicy, mediacenter, device, policy] <<
11-01 10:14:21.922977  1617  1617 D ActivateTagSdkActivateManager: [ActivateManager.saveActivateData():487]encryData:BC7D0C0179ECA04F2A5D416A581FD2E21D88F8FF4DA60D5475A0C38DA9D4CC5B628CAD1A091DC58675D69CF3CAB87A80D8A0636335D65A49D70C45906EA6B11447D04A7CB0636ACAD97681D0EF4DC077145FFF34A3D9502C1A3EA655076FB5CCEA7FEE4D185669B4C0120380564DBE2DDB6DDF19A000F50FA95A5EE435E1837361D461EBAE9F31DF3338E116F576A4BEEDBD7D3FB56AADD82F2E47BB528878F414454F05AC47DBF40C1BEC9A8951B56028CD01C19E931CC37083F16A08E63C7347CDFD434BA4B2677BB2F1EF93F902D130C9CACEE20544E321F024276A37D3CB687497B7B14A3A1AB5CC41CC572ED99C8DAE8AC8F252B5C966DC4F9EB230E9CF7BE18678FD2897A91F0B9DE3D3DDEA5ECFCF07211A798C4C9B1FDE74ED44750DEB0DA6CE9EE17DE8273A03C4BBB03189EA88204716AC568EE78713DC3806C480A81229CB0DE96D8809994CCBAFE52DAD
11-01 10:14:18.319570  1633  1633 D FunctionManagerCarFunction: getCustomizeFunctionValue param:
11-01 10:14:18.319570  1633  1633 D FunctionManagerCarFunction:    functionId:10060100
11-01 10:14:18.319570  1633  1633 D FunctionManagerCarFunction:    zone:1
11-01 10:14:18.319570  1633  1633 D FunctionManagerCarFunction:    operator:null
11-01 10:14:18.319570  1633  1633 D FunctionManagerCarFunction:    type:2
11-01 10:14:13.501537  1746  1746 D CarSvc  : [CarFunctionImpl] registerFunctionValueWatcher() called with: function = [671482880], watcher = [ecarx.settings.proxy.custom.RefreshUIProxy$2@985ae2a]
11-01 10:14:17.300416  1767  1767 D XCMascot:: [XCTaskProcessor] checkIsLauncher
11-01 10:14:15.891372  1784  1784 I PsdContentBaseAdapter: [JRPSD_Content][refresh] , oldList: 0, newList: 3
11-01 10:14:17.621657  1810  2037 E EASFramework: ServiceName=vehicle
11-01 10:14:17.053371  1825  1825 D ECarXApiClientImpl: >>> SERVICE_STATUS not containKey vehicle <<<
11-01 10:14:21.029572  1833  1899 D MDC-[9999]-MediaMainHandler: updateMusicPlaybackState----isRecovery:true
11-01 10:14:16.597665  1866  2473 I BTTS    : [beta_sound_config.cc:714]speaker daji subtract_val:-0.750000
11-01 10:14:14.353933  1913  2077 I UploadServiceManager: message reply result: {"code" : 0, "msg" : "success"}
11-01 10:14:17.631407  1959  2377 D ECarXApiClientImpl: >>> ConnectionCallbacks 中不存在 user,  添加该服  <<<
11-01 10:14:15.326257  2065  2455 D bdtts-AInterceptorHandler: proxy=com.baidu.tts.adapter.speechsynthesizer.SpeechSynthesizerAdapter$1@7d1bdef
11-01 10:14:14.842088  2121  2626 E HOST_CallExApi: ----------->Call api =playertype=0 but he is null
11-01 10:14:13.057057  2150  2150 I icationcenteru:   at java.lang.Object java.lang.reflect.Method.invoke(java.lang.Object, java.lang.Object[]) (Method.java:-2)
11-01 10:14:16.449981  2251  2251 D CarSvc  : [CarFunctionImpl] isFunctionSupported() called with: function = [637665536], zone = [-2147483648], result = [notavailable]
11-01 10:14:15.236008  2275  2656 E FileUtil: [] [] [:0]:copyLargeAssetFile: apk update time: 1230739200000
11-01 10:14:16.610420  2510  2553 W PAL_Adapter_20210816: [MyVehicleBasicInfoAdapter](MyVehicleBasicInfoAdapter.java:465):getEDID = null
11-01 10:14:22.405209  2544  2785 D OfflineNLU: mIUserContext is NULL Waiting initializeing .....null
11-01 10:14:18.535019  2618  2618 D CarSvc  : [SensorImpl] registerListener() called with: listener = [com.ecarx.adaptapi.impl.VehicleImpl$1@b83be71], sensor = [1050368]
11-01 10:14:18.021185  2721  2721 D DMSDP_TRANSPORT_NATIVE: SendDeviceData type: 1,  len: 2.
11-01 10:14:17.519045  2792  2792 I systemui.plugi: The ClassLoaderContext is a special shared library.
11-01 10:14:19.751707  2873  3415 E TAHTTP  : JsonCommuRequest::handleResponse: trace<registcar_223>, Request abort: errCode=-9994
11-01 10:14:17.467796  2942  2942 D GKAI:EAS:4.0.2 (2628115): [XKVoiceService] onBind() : Leave 
11-01 10:14:18.490882  3054  3054 I artcloud:remot:   at java.lang.Class java.lang.ClassLoader.loadClass(java.lang.String) (ClassLoader.java:312)
11-01 10:14:20.696047  3334  3334 W System.err: 	at java.lang.reflect.Method.invoke(Native Method)
11-01 10:14:19.928903  3370  3370 D nearby  : NearbyService:init
11-01 10:14:20.940355  3585  3585 I carx.smartclou:   at void android.app.Instrumentation.callApplicationOnCreate(android.app.Application) (Instrumentation.java:1180)
11-01 10:14:21.980345  3860  4026 I PAL_SDK : ServiceConnectionHelper.getMatchComponent return component packageName=com.tencent.tai.pal.platform.app className=com.tencent.tai.pal.service.PALCoreService
11-01 10:14:16.389729    21    21 I automotive.vehicle@2.0-impl: SubscriptionManager::addOrUpdateSubscription, prop: 0x2140502a
11-01 10:14:16.389750    21    21 I automotive.vehicle@2.0-impl: addOrUpdateSubscription opts.propId: 0x2140502a
11-01 10:14:22.502639   135   294 D AudioALSAStreamOut: latency(), flags 2, return 42
11-01 10:14:22.613061   167   623 D ML_TeleServiceIndication: notifySignalStrength call back 0x0
11-01 10:14:20.477860   195   245 I ML_Data : ML_DataCallInfoGet:v6 sec_dns = ::572f:b3cd:7867:36e7:2868:36e7 
11-01 10:14:22.613145   198  2433 D ML_TeleServiceIndication: notifySignalStrength call back 0x0
