11-01 10:14:16.982055  2510  3206 I PAL_SDK : PlatformAdapterWrapper getAdapter supported : AudioAdapter
11-01 10:14:24.045129  2756  2922 E EASFramework: SERVICE_CONNECTED_SUPPORT_NOTIFITY >> multimedia
11-01 10:14:24.069332  2984  3110 E EASFramework: SERVICE_CONNECTED_SUPPORT_NOTIFITY >> multimedia
11-01 10:14:24.068446  3135  3239 E EASFramework: SERVICE_CONNECTED_SUPPORT_NOTIFITY >> multimedia
11-01 10:14:24.066523  3213  3353 E EASFramework: SERVICE_CONNECTED_SUPPORT_NOTIFITY >> multimedia
11-01 10:14:13.926555  1746  1746 I XCLOG   : args[0] = (版本:3.1.10 (1D227F1))StreamVolumeProxy
11-01 10:14:13.926555  1746  1746 I XCLOG   : args[1] = getStreamType volumeMode:6 streamType=2
11-01 10:14:16.598408  1866  2473 I BTTS    : [beta_sound_config.cc:714]speaker yezi subtract_val:-0.850000
11-01 10:14:15.157520  1307  2700 E OpenAPI_SSController: OpenAPIServices>> [drivepolicy, gkuiservice, policy, device, mediacenter]
11-01 10:14:13.936722  1746  1746 I XCLOG   : args[0] = (版本:3.1.10 (1D227F1))StreamVolumeProxy
11-01 10:14:13.936722  1746  1746 I XCLOG   : args[1] = getStreamType volumeMode:6 streamType=2
11-01 10:14:16.598439  1866  2473 I BTTS    : [beta_sound_config.cc:716]speaker yezi format_dim:26
11-01 10:14:21.121807  1833  2083 D MDC-[9999]-MediaMainApiImpl: updateMediaSourceTypeList
11-01 10:14:13.940400  1746  1746 I XCLOG   : args[0] = (版本:3.1.10 (1D227F1))StreamVolumeProxy
11-01 10:14:13.940400  1746  1746 I XCLOG   : args[1] = getStreamType volumeMode:3 streamType=16
11-01 10:14:24.046582  1784  2119 E EASFramework: SERVICE_CONNECTED_SUPPORT_NOTIFITY >> multimedia
11-01 10:14:21.121896  1833  2083 D MDC-[9999]-MediaMainApiImpl: updateMediaSourceTypeListInner token:ecarx.xsf.mediacenter.media.c.a@afade3d
11-01 10:14:21.122433  1833  2083 D MDC-[9999]-MediaMainApiImpl: clientToken:ecarx.xsf.mediacenter.g$a$a@e264a0b
11-01 10:14:16.082192  2121  2121 D [XCMedia2Log]CollectHelper: isGetSdkLogin=false, isSdkLogin=false
11-01 10:14:13.941608  1746  1746 I XCLOG   : args[0] = (版本:3.1.10 (1D227F1))StreamVolumeProxy
11-01 10:14:13.941608  1746  1746 I XCLOG   : args[1] = getStreamType volumeMode:3 streamType=16
11-01 10:14:16.083282  2121  2121 D [XCMedia2Log]VIPAccountManager: initVIPInfoListener
11-01 10:14:17.226488  2510  3206 I PAL_SDK : PALCoreService.getSupportInfo SupportInfo:{"audio_adjustAllVolume_supported":false,"audio_adjustStreamVolume_supported":true,"audio_adjustVolume_supported":true,"audio_getCurrentActiveStream_supported":false,"audio_getStreamMaxVolume_supported":true,"audio_getStreamType_supported":true,"audio_getStreamVolume_supported":true,"audio_isStreamMute_supported":true,"audio_monitorAudioEvent":false,"audio_notifyStreamMuteStateChanged_supported":false,"audio_notifyStreamVolumeChanged_supported":false,"audio_registerOnStreamVolumeChangeListener_unregisterOnStreamVolumeChangeListener_supported":true,"audio_requestAudioFocus_abandonAudioFocus_supported":true,"audio_requestMicFocus_abandonMicFocus_supported":true,"audio_setStreamVolume_supported":true,"audio_supported":true,"bluetooth_enableBluetooth_supported":true,"bluetooth_getConnectionState_supported":true,"bluetooth_getDeviceMac_supported":true,"bluetooth_getDeviceName_supported":true,"bluetooth_notifyDeviceConnectionStateChange_supported":false,"bluetooth_registerOnDeviceConnectionStateChange_unregisterOnDeviceConnectionStateChange_supported":true,"bluetooth_supported":true,"cabinKey_dispatchKeyEvent_supported":false,"cabinKey_dispatchKeyLongPressEvent_supported":false,"cabinKey_registerCabinKeyEventDispatcher_unregisterCabinKeyEventDispatcher_supported":true,"cabinKey_supported":true,"extensible_callExtensibleApi_supported":true,"extensible_registerExtensibleListener_unregisterExtensibleListener_supported":true,"extensible_supported":true,"ins_notifyAccelerometerInfoChanged_supported":false,"ins_notifyGyroscopeInfoChanged_supported":false,"ins_notifySpeedChanged_supported":false,"ins_registerOnInsInfoChangeListener_unregisterOnInsInfoChangeListener_supported":false,"ins_supported":false,"network_enableMobileNetwork_supported":false,"network_enableWifi_supported":false,"network_getActiveNetworkType_supported":true,"network_getMobileConnectionState_supported":false,"network_getNetworkSignalStrength_supported":false,"network_getWifiConnectionState_supported":false,"network_isNetworkAvailable_supported":true,"network_jumpToNetworkSettingPage_supported":true,"network_registerOnActiveNetworkTypeChangeListener_unregisterOnActiveNetworkTypeChangeListener_supported":true,"network_registerOnNetworkAvailabilityChangeListener_unregisterOnNetworkAvailabilityChangeListener_supported":true,"network_registerOnNetworkSignalStrengthChangeListener_unregisterOnNetworkSignalStrengthChangeListener_supported":false,"network_supported":true,"power_getPowerInfo_supported":true,"power_getPowerLevelAfterDriving_supported":false,"power_getPowerType_supported":true,"power_notifyPowerLevelLow_supported":true,"power_registerOnPowerLevelLowListener_unregisterOnPowerLevelLowListener_supported":true,"power_supported":true,"screen_adjustScreenBrightness_supported":false,"screen_getScreenBrightness_supported":false,"screen_getScreenMAXBrightness_supported":false,"screen_isScreenMute_supported":false,"screen_supported":false,"telephone_answerInComingCall_supported":false,"telephone_call_supported":true,"telephone_getRecentContact_supported":false,"telephone_ignoreInComingCall_supported":false,"telephone_refuseInComingCall_supported":false,"telephone_registerOnTelInfoListener_unregisterOnTelInfoListener_supported":false,"telephone_supported":true,"telephone_viewCallRecord_supported":false,"telephone_viewPhonebook_supported":false,"vehicleBasicInfo_getChannel_supported":false,"vehicleBasicInfo_getDayNightMode_supported":true,"vehicleBasicInfo_getDeviceId_supported":true,"vehicleBasicInfo_getGear_supported":true,"vehicleBasicInfo_getPermanentPartitionPath_supported":false,"vehicleBasicInfo_getSeatBeltBuckled_supported":true,"vehicleBasicInfo_getSpeed_supported":false,"vehicleBasicInfo_getVehicleId_supported":true,"vehicleBasicInfo_getVehicleModel_supported":true,"vehicleBasicInfo_jumpToNetworkSettingPage_supported":false,"vehicleBasicInfo_notifyDayNightModeChanged_supported":false,"vehicleBasicInfo_notifyGearChanged_supported":false,"vehicleBasicInfo_notifySeatBeltBuckledChange
11-01 10:14:17.923763  1810  1810 D GKAI:GUI: [MediaCenterProcess] ready = true
11-01 10:14:21.525017  1833  2083 D MDC-[9999]-MediaMainApiImpl: requestPlayInner
11-01 10:14:16.598829  1866  2473 I TTS     : [config.cc:321]backend speaker:daji,path:/storage/emulated/0/tencent/wecar/larklite/com.tencent.mm/1.3.5/speaker_daji_v2.3.1.trf.
11-01 10:14:21.716845  1833  1861 D MDC-[9999]-MediaMainHandler: updateMusicPlaybackState----isRecovery:false
11-01 10:14:25.201927   308   370 E OMXNodeInstance: getConfig(0xf3196180:google.mp3.decoder, ConfigAndroidVendorExtension(0x6f100004)) ERROR: Undefined(0x80001001)
11-01 10:14:21.717185  1833  2083 D MDC-[9999]-MediaMainHandler: UPDATE_PLAY_BACK_INFO :false, mediaPlayInfo: ecarx.xsf.mediacenter.h$a$a@baf898a
11-01 10:14:18.131199  1810  2028 D GKAI:GUI: [XKConfigureManager] getMKOneshotEnable : mMKConfigEntity = id = 1	dateSource = magicbook	oneshotEnable = true	customWakeupEnable = false	changeWakeupEnable = true 	acmuteEnable = false	pttEnable = false	baiduEnable = false	vrAudiologEnable = false	partitionInhibition = high_inhibition	mkWakeupName = 你好，吉  isBaiduVersion = false	geekModeEnable = false	visionEnable = true	geekModeCanOpen = false
11-01 10:14:21.718694  1833  2083 D MDC-[9999]-MediaMainApiImpl: updateMusicPlaybackState: info title:, info id: null, radioFrequency:87.5,radioStationName:,state:0
11-01 10:14:18.666688  2942  3275 E EASFramework: SERVICE_CONNECTED_SUPPORT_NOTIFITY >> mediacenter
11-01 10:14:15.269121  1307  1506 E OpenAPI_SSController: OpenAPIServices>> [drivepolicy, gkuiservice, policy, device, mediacenter, pki]
11-01 10:14:21.719956  1833  2083 D MDC-[9999]-MediaMainApiImpl: from pause
11-01 10:14:18.169549  1810  2028 D GKAI:GUI: [XKConfigureManager] getMKCustomWakeupEnable : mMKConfigEntity = id = 1	dateSource = magicbook	oneshotEnable = true	customWakeupEnable = false	changeWakeupEnable = true 	acmuteEnable = false	pttEnable = false	baiduEnable = false	vrAudiologEnable = false	partitionInhibition = high_inhibition	mkWakeupName = 你好，吉  isBaiduVersion = false	geekModeEnable = false	visionEnable = true	geekModeCanOpen = false
11-01 10:14:21.720157  1833  2083 D MDC-[9999]-StateRecoveryDao: saveMusicPlaybackInfo--packageName:com.ecarx.multimedia
11-01 10:14:15.302943  1307  2212 E OpenAPI_SSController: OpenAPIServices>> [drivepolicy, gkuiservice, policy, device, mediacenter, pki]
11-01 10:14:22.785047  1767  2040 E EASFramework: SERVICE_CONNECTED_SUPPORT_NOTIFITY >> mediacenter
11-01 10:14:18.169685  1810  2028 D GKAI:GUI: [XKConfigureManager] getMKChangeWakeupEnable : mMKConfigEntity = id = 1	dateSource = magicbook	oneshotEnable = true	customWakeupEnable = false	changeWakeupEnable = true 	acmuteEnable = false	pttEnable = false	baiduEnable = false	vrAudiologEnable = false	partitionInhibition = high_inhibition	mkWakeupName = 你好，吉  isBaiduVersion = false	geekModeEnable = false	visionEnable = true	geekModeCanOpen = false
11-01 10:14:21.759505  1833  2083 D MDC-[9999]-MusicPlaybackInfoHelper: appName:收音   title: , artwork: null, artist: , RadioFrequency: 87.5, SourcesType: 3, DurTime: 0, RadioMode: 24576, PlaybackState: 0, Lyric: null, MediaPath: null  PreviousArtwork: null, NextArtwork: null  uuid: 87.5, vip:-1, isCollect:false, playingMediaListId :
11-01 10:14:18.170060  1810  2028 D GKAI:GUI: [XKConfigureManager] getMKPttEnable : mMKConfigEntity = id = 1	dateSource = magicbook	oneshotEnable = true	customWakeupEnable = false	changeWakeupEnable = true 	acmuteEnable = false	pttEnable = false	baiduEnable = false	vrAudiologEnable = false	partitionInhibition = high_inhibition	mkWakeupName = 你好，吉  isBaiduVersion = false	geekModeEnable = false	visionEnable = true	geekModeCanOpen = false
11-01 10:14:21.951030  1833  2083 D DimSvc  : [BdDimInteraction] updateRadioMediaInfo: com.ecarx.xui.adaptapi.dim.impl.info.RadioMediaInfo@61cbfb
11-01 10:14:23.625475  1959  2377 D SiddhiLifecycleManager: restrict_data_flow onStateChanged() called with: streamInfo = [restrict_data_flow.data-restrict-source.RawDataStream], state = [0]
11-01 10:14:16.673834  2121  2121 D MediaCenterApiManager: ECarXAPIBase.VERSION_INT : 346, SUPPORT_AUTH_VERSION : 330
11-01 10:14:25.503408   135   477 D AudioALSAStreamOut: latency(), flags 2, return 42
11-01 10:14:25.503678   159   476 D StreamHalHidl: processReturn with getLatency, status = 0
11-01 10:14:21.951175  1833  2083 D DimSvc  : [BdDimInteraction] updateRadioMediaInfo Radio mode=0 , mFrquency =0
11-01 10:14:16.673944  2121  2121 D MediaCenterApiManager: openApi level support Auth, now init client
11-01 10:14:25.503502   135   477 D MTKStreamOutHAL: StreamOut::getLatency = 42
11-01 10:14:25.504572   159  4083 D StreamHalHidl: processReturn with getLatency, status = 0
11-01 10:14:16.673973  2121  2121 D MediaCenterApiManager: MediaCenterAPI init
11-01 10:14:25.503527   135   477 D AudioALSAStreamOut: latency(), flags 2, return 42
11-01 10:14:25.505845   159  4083 D StreamHalHidl: processReturn with getLatency, status = 0
11-01 10:14:17.644969  1825  3272 W XCNaviService: [4.2.10 RTM (1334)]<openapi-navi [Binder:1825_4-196]> ====== NaviService => invokeNaviAPI:NaviBaseModel{protocolID=2000, callbackId=-1785638254, protocolVersion='10', packageName='ecarx.xsf.mediacenter', mapVendor='-1', extraData=Bundle[mParcelledData.dataSize=60], timeout=0}
11-01 10:14:25.504497   135   477 D AudioALSAStreamOut: latency(), flags 2, return 42
11-01 10:14:17.680960  2510  2648 W PAL_Adapter_20210816: [MyAudioAdapter](MyAudioAdapter.java:453):initPolicyApi onAPIReady:true
11-01 10:14:25.505680   135   477 D AudioALSAStreamOut: latency(), flags 2, return 42
11-01 10:14:25.505728   135   477 D MTKStreamOutHAL: StreamOut::getLatency = 42
11-01 10:14:25.505763   135   477 D AudioALSAStreamOut: latency(), flags 2, return 42
11-01 10:14:14.619055  1746  1746 D XCLOG   : args[0] = (版本:3.1.10 (1D227F1))AudioProxy
11-01 10:14:14.619055  1746  1746 D XCLOG   : args[1] = ==AudioProxy==init===
11-01 10:14:14.635842  1746  1746 I XCLOG   : args[0] = (版本:3.1.10 (1D227F1))AudioProxy
11-01 10:14:14.635842  1746  1746 I XCLOG   : args[1] = getCompensation:com.ecarx.xui.adaptapi.audio.impl.CompensationImpl@e264a0b
11-01 10:14:17.646533  1825  3272 W XCNaviService: [4.2.10 RTM (1334)]<openapi-navi [Binder:1825_4-196]> ====== NaviService => invokeNaviAPI:NaviBaseModel{protocolID=2001, callbackId=922724586, protocolVersion='10', packageName='ecarx.xsf.mediacenter', mapVendor='-1', extraData=Bundle[mParcelledData.dataSize=60], timeout=0}
11-01 10:14:25.506026   135   477 D MTKStreamOutHAL: StreamOut::getLatency = 42
11-01 10:14:14.635898  1746  1746 D AudioImpl::CompensationImpl: + isSpeedCompensatedVolumeEnabled
11-01 10:14:25.506049   135   477 D AudioALSAStreamOut: latency(), flags 2, return 42
11-01 10:14:14.636039  1746  1746 W System.err: java.lang.NullPointerException: Attempt to invoke virtual method 'boolean android.car.media.CarAudioManager.getSpeedCompensatedEnable()' on a null object reference
11-01 10:14:14.636137  1746  1746 W System.err: 	at com.ecarx.xui.adaptapi.audio.impl.CompensationImpl.isSpeedCompensatedVolumeEnabled(CompensationImpl.java:113)
11-01 10:14:19.151699  2942  3270 D GKAI:EAS:4.0.2 (2628115): [XmlScanManager] com.mediatek.camera checkPermission result = true
11-01 10:14:23.024732  1833  2052 D VrLogger3.4.6: VrPluginImpl#_attachPluginObserverWrapper request: ecarx.xsf.mediacenter.vr.channel.d$1@55bb3c9
11-01 10:14:19.176008  2942  3270 D GKAI:EAS:4.0.2 (2628115): [XmlScanManager] com.android.providers.media checkPermission result = true
11-01 10:14:19.211020  2942  3270 D GKAI:EAS:4.0.2 (2628115): [XmlScanManager] com.mediatek.location.lppe.main checkPermission result = true
11-01 10:14:23.184452  1833  1861 D MDC-[9999]-MediaMainApiImpl: registerMusic: ecarx.xsf.mediacenter.g$a$a@784b456, package:com.ecarx.multimedia
11-01 10:14:23.184567  1833  1861 D MDC-[9999]-MediaMainApiImpl: default client 
11-01 10:14:24.546516  1105  4281 I [激活服务]: 保活接入成功  11-01 10:14:15.381541  1307  2486 I OpenAPI_SSController: >>getOpenAPIService 服务列表：[gkuiservice, drivepolicy, mediacenter, device, push, policy, pki] <<
11-01 10:14:15.574215  1307  2879 I OpenAPI_SSController: >>getOpenAPIService 服务列表：[gkuiservice, drivepolicy, mediacenter, device, push, policy, pki] <<
11-01 10:14:23.208671  1833  1861 D MDC-[9999]-VrCtrlPriorityManager: declareMusicCtrlCapability, pkg: com.ecarx.multimedia, priority: 0
11-01 10:14:24.762851  1105  4281 I [激活服务]: 保活接入成功  11-01 10:14:15.578625  1307  2879 E OpenAPI_SSController: OpenAPIServices>> [drivepolicy, gkuiservice, policy, device, mediacenter, pki, push]
11-01 10:14:14.638179  1746  1746 I AudioImpl::CarAudioConnect: connct mCarAudioManager
11-01 10:14:23.208817  1833  1861 D MDC-[9999]-VrArbitrateImpl: setDefaultMediaPackage clientType:0, package:com.ecarx.multimedia, lastPackage:com.ecarx.multimedia
11-01 10:14:14.638620  1746  1746 D AudioImpl::CarAudioConnect: notifyCallbacks isConnected = true
11-01 10:14:23.214423  1833  1899 D MDC-[9999]-MediaMainHandler: updateMultiMediaList
11-01 10:14:17.273412  2065  3245 I GKAI:TTS-S::3.21402010.3945: <PlayerTtsAgent> ====== null AudioPlayWorking running1
11-01 10:14:14.639202  1746  1746 D XCLOG   : args[0] = (版本:3.1.10 (1D227F1))AudioProxy
11-01 10:14:23.214666  1833  2083 D MDC-[9999]-MediaMainApiImpl: update MultiMediaList Inner
11-01 10:14:17.273458  2065  3245 D GKAI:TTS-S::3.21402010.3945: <PlayerTtsAgent> ====== null AudioPlayWorking waitting1 
11-01 10:14:23.309474  1833  1861 D MDC-[9999]-MediaMainHandler: updateMediaList----isRecovery:false
11-01 10:14:17.192965  1866  2473 I TTS     : [rnn_config.cc:139]speaker wy, duration_type = 4
11-01 10:14:23.309780  1833  2083 D MDC-[9999]-MediaMainHandler: UPDATE_MEDIA_LIST :false
11-01 10:14:17.193050  1866  2473 I TTS     : [rnn_config.cc:140]speaker wy, acoustic_type = 5
11-01 10:14:23.309887  1833  2083 D MDC-[9999]-MediaMainApiImpl: update media list: type: 33, title:null,list type: 0, mediaListId:null,size:0,isRecovery:false
11-01 10:14:22.771840  2150  2273 E EASFramework: SERVICE_CONNECTED_SUPPORT_NOTIFITY >> mediacenter
11-01 10:14:19.503400  1825  1855 W XCNaviService: [4.2.10 RTM (1334)]<openapi-navi [Binder:1825_1-145]> ====== NaviService => invokeNaviAPI:NaviBaseModel{protocolID=2001, callbackId=1656703757, protocolVersion='10', packageName='com.ecarx.multimedia', mapVendor='-1', extraData=Bundle[mParcelledData.dataSize=60], timeout=0}
11-01 10:14:23.309984  1833  2083 D MDC-[9999]-MediaMainApiImpl: clientToken:ecarx.xsf.mediacenter.g$a$a@784b456
11-01 10:14:23.326894  1833  1861 D MDC-[9999]-MediaMainHandler: updateMediaList----isRecovery:false
11-01 10:14:19.507869  1825  1855 W XCNaviService: [4.2.10 RTM (1334)]<openapi-navi [Binder:1825_1-145]> ====== NaviService => invokeNaviAPI:NaviBaseModel{protocolID=2000, callbackId=-1381729613, protocolVersion='10', packageName='com.ecarx.multimedia', mapVendor='-1', extraData=Bundle[mParcelledData.dataSize=60], timeout=0}
11-01 10:14:23.327178  1833  2083 D MDC-[9999]-MediaMainHandler: UPDATE_MEDIA_LIST :false
11-01 10:14:19.512817  1825  1855 W XCNaviService: [4.2.10 RTM (1334)]<openapi-navi [Binder:1825_1-145]> ====== NaviService => invokeNaviAPI:NaviBaseModel{protocolID=2001, callbackId=-351649175, protocolVersion='10', packageName='com.ecarx.multimedia', mapVendor='-1', extraData=Bundle[mParcelledData.dataSize=60], timeout=0}
11-01 10:14:23.327277  1833  2083 D MDC-[9999]-MediaMainApiImpl: update media list: type: 33, title:null,list type: 0, mediaListId:null,size:0,isRecovery:false
11-01 10:14:19.337593  1810  2028 E GKAI:GUI: [CarAudioManager] TextUtils.isEmpty(usage) || mCarAudioManagerAPI == null
11-01 10:14:19.878670   917  2307 I android_os_HwBinder: HwBinder: Starting thread pool for default::android.hardware.automotive.audiocontrol@1.1::IAudioControl
11-01 10:14:23.327369  1833  2083 D MDC-[9999]-MediaMainApiImpl: clientToken:ecarx.xsf.mediacenter.g$a$a@784b456
11-01 10:14:19.879216   917  2307 D CAR.AUDIO.ECarXAudioSettings: getAudioProvider:0
11-01 10:14:23.375078  1833  1861 D MDC-[9999]-MediaMainHandler: updateMediaList----isRecovery:false
11-01 10:14:19.888677   917  2307 I android_os_HwBinder: HwBinder: Starting thread pool for default::android.hardware.automotive.audiocontrol@1.1::IAudioControl
11-01 10:14:23.375349  1833  2083 D MDC-[9999]-MediaMainHandler: UPDATE_MEDIA_LIST :false
11-01 10:14:24.070812  2150  2273 E EASFramework: SERVICE_CONNECTED_SUPPORT_NOTIFITY >> multimedia
11-01 10:14:19.889161   917  2307 D CAR.AUDIO.ECarXAudioSettings: getAudioProvider:0
11-01 10:14:23.375444  1833  2083 D MDC-[9999]-MediaMainApiImpl: update media list: type: 34, title:null,list type: 0, mediaListId:null,size:0,isRecovery:false
11-01 10:14:19.892999   917  2307 I android_os_HwBinder: HwBinder: Starting thread pool for default::android.hardware.automotive.audiocontrol@1.1::IAudioControl
11-01 10:14:23.375544  1833  2083 D MDC-[9999]-MediaMainApiImpl: clientToken:ecarx.xsf.mediacenter.g$a$a@784b456
11-01 10:14:24.065990  1825  3211 E EASFramework: SERVICE_CONNECTED_SUPPORT_NOTIFITY >> multimedia
11-01 10:14:27.231629   135   477 D AudioALSAStreamOut: latency(), flags 2, return 42
11-01 10:14:27.232394   159   346 D AudioFlinger: Client defaulted notificationFrames to 12288 for frameCount 24576
11-01 10:14:27.057811   283   361 D NuPlayerDriver: reset(0xe86400a0) at state 0
11-01 10:14:27.189190   308   370 E OMXNodeInstance: getConfig(0xf3196180:google.vorbis.decoder, ConfigAndroidVendorExtension(0x6f100004)) ERROR: Undefined(0x80001001)
11-01 10:14:24.941151  1959  4377 D [XCSmartScene-2.2.5 (D7F)]-SiddhiController: [(SiddhiController.java:1)#A ] addDataSourceKey:key == naviHomeOrCompanyInputStream
11-01 10:14:27.232224   135   477 D AudioALSAStreamOut: latency(), flags 2, return 42
11-01 10:14:27.232792   159   346 D StreamHalHidl: processReturn with getLatency, status = 0
11-01 10:14:27.063628   283   361 D NuPlayerDriver: NuPlayerDriver(0xe86400a0) created, clientPid(2150)
11-01 10:14:25.249909  1959  2377 D DataInputSource: source init: ability_NaviService_services_startNavigationByGPS.data-input-source.startNavigationByGPSInputStream
11-01 10:14:27.232253   135   477 D MTKStreamOutHAL: StreamOut::getLatency = 42
11-01 10:14:27.234298   159  4050 I APM_AudioPolicyManager_CarAudioInfo: + ECARX computeVolume stream 5  index 16  device = 0x2,revser 0  duck 0  speedCompEnable 0 volume table -20.000000
11-01 10:14:25.250909  1959  2377 D DataInputSource: source init: ability_NaviService_services_startNavigationByGPS.data-input-source.startNavigationByGPSOutputStream
11-01 10:14:27.374670  3334  4495 I synthesizer_jni: Java_com_tencent_btts_jni_SynthesizerNative_appendSpeakers, version is 
11-01 10:14:27.232308   135   477 D AudioALSAStreamOut: latency(), flags 2, return 42
11-01 10:14:27.234331   159  4050 I APM_AudioPolicyManager_CarAudioInfo: - ECARX computeVolume stream 5  index 16  volumeDb -20.000000
11-01 10:14:27.385079  3334  4495 I synthesizer_jni: Java_com_tencent_btts_jni_SynthesizerNative_appendSpeakers, version is 
11-01 10:14:27.232592   135   294 D AudioALSAStreamOut: latency(), flags 2, return 42
11-01 10:14:27.376129   159   476 D AudioFlinger: mixer(0xe92837c0) throttle end: throttle time(9)
11-01 10:14:25.252718  1959  2377 D SiddhiLifecycleManager: ability_NaviService_services_startNavigationByGPS onStateChanged() called with: streamInfo = [ability_NaviService_services_startNavigationByGPS.pattern-sink.startNavigationByGPSOutputStream], state = [0]
11-01 10:14:27.232623   135   294 D MTKStreamOutHAL: StreamOut::getLatency = 42
11-01 10:14:27.103710   283  4570 D NuPlayerDriver: notifyListener_l(0xe86400a0), (1, 0, 0, -1), loop setting(0, 0)
11-01 10:14:25.253464  1959  2377 D SiddhiLifecycleManager: ability_NaviService_services_startNavigationByGPS onStateChanged() called with: streamInfo = [ability_NaviService_services_startNavigationByGPS.data-input-source.startNavigationByGPSInputStream], state = [0]
11-01 10:14:22.877811  2942  3270 D GKAI:EAS:4.0.2 (2628115): [XmlScanManager] ecarx.xsf.mediacenter checkPermission result = true
11-01 10:14:27.232653   135   294 D AudioALSAStreamOut: latency(), flags 2, return 42
11-01 10:14:27.170459   283   361 D NuPlayerDriver: start(0xe86400a0), state is 4, eos is 0
11-01 10:14:22.882882  2942  3275 E EASFramework: SERVICE_CONNECTED_SUPPORT_NOTIFITY >> mediacenter
11-01 10:14:27.257853   135  4581 D AudioALSAStreamManager: +syncSharedOutDevice(), routingSharedOutDevice: 2
11-01 10:14:25.253714  1959  2377 D SiddhiLifecycleManager: ability_NaviService_services_startNavigationByGPS onStateChanged() called with: streamInfo = [ability_NaviService_services_startNavigationByGPS.data-input-source.startNavigationByGPSOutputStream], state = [0]
11-01 10:14:27.257923   135  4581 D AudioALSAStreamManager: -syncSharedOutDevice()
11-01 10:14:27.257946   135  4581 D AudioALSAStreamManager: setMasterVolume(), volume = 1.000000
11-01 10:14:27.188790   283  4578 D MtkACodec: hxl setupAudioBitWidth() in
11-01 10:14:27.257970   135  4581 D AudioMTKGainController: setNormalVolume(), mSceneIndex = 0, stream -1, devices 0x2, index -1, mode 0x0
11-01 10:14:27.257992   135  4581 W AudioMTKGainController: error, stream -1 is invalid, use 3 instead
11-01 10:14:27.189497   283  4578 I MediaCodec: MediaCodec will operate in async mode
11-01 10:14:27.258004   135  4581 W AudioMTKGainController: error, index -1 is invalid, use max 15 instead
11-01 10:14:27.258018   135  4581 D AudioMTKGainController: setSpeakerGain(), gain = 10, spkAnaType = 3, spkLMixerName = Lineout_PGAL_GAIN, spkRMixerName = Lineout_PGAR_GAIN
11-01 10:14:27.235119   283  4570 D NuPlayerDriver: notifyListener_l(0xe86400a0), (6, 0, 0, -1), loop setting(0, 0)
11-01 10:14:25.254207  1959  4215 D [XCSmartScene-2.2.5 (D7F)]-SiddhiController: [(SiddhiController.java:1)#A ] addDataSourceKey:key == startNavigationByGPSOutputStream
11-01 10:14:27.258184   135  4581 D AudioALSAStreamOut: open(), flags 2
11-01 10:14:27.513260   283  4570 D NuPlayerDriver: notifyListener_l(0xe86400a0), (211, 0, 0, 20), loop setting(0, 0)
11-01 10:14:27.258213   135  4581 D AudioALSAStreamManager: +createPlaybackHandler(), mAudioMode = 0, output_devices = 0x2, isMixerOut = 0x0, flag = 2
11-01 10:14:21.281143  2121  2602 D UserAPI : userapi init sm:com.ecarx.sdk.ServiceManagerImpl@41a5e05,mCtx:com.ecarx.multimedia.plugin.uicontrol.app.MainApp@4d30855
11-01 10:14:27.258245   135  4581 D AudioSpeechEnhanceInfo: IsAPDMNRTuningEnable(), 0
11-01 10:14:25.294008  1959  4407 D [XCSmartScene-2.2.5 (D7F)]-SiddhiController: [(SiddhiController.java:1)#A ] addDataSourceKey:key == startNavigationByGPSInputStream
11-01 10:14:21.282364  2121  3905 E EcarxHmac: getHeaderAuthorization   url :https://api-eas-multimedia.ecarx.cn/banting/music/get_cp_list_v4 device_id=032d7589803f1c28652cf4543fcc07ab , contentType : null , params : null
11-01 10:14:27.258329   135  4581 D AudioALSADataProcessor: AudioALSADataProcessor()
11-01 10:14:25.647829  1959  2377 D DataInputSource: source init: ability_NaviService_services_alongSearch.data-input-source.alongSearchInputStream
11-01 10:14:23.143161  2942  3270 D GKAI:EAS:4.0.2 (2628115): [XmlScanManager] com.mediatek.location.mtknlp checkPermission result = true
11-01 10:14:27.258347   135  4581 D AudioALSAPlaybackHandlerNormal: +setFilterMng() mAudioFilterManagerHandler [0xe988cab0]
11-01 10:14:22.773785  1810  1831 D EASFramework: onServiceConnected() service = mediacenter
11-01 10:14:25.649506  1959  2377 D DataInputSource: source init: ability_NaviService_services_alongSearch.data-input-source.alongSearchOutputStream
11-01 10:14:27.258371   135  4581 D AudioALSAPlaybackHandlerNormal: +open(), flag 2, mDevice = 0x2
11-01 10:14:22.773988  1810  2037 E EASFramework: SERVICE_CONNECTED_SUPPORT_NOTIFITY >> mediacenter
11-01 10:14:27.258537   135  4581 D AudioALSADeviceParser: compare pcm success = 0, stringpair = MultiMedia1_PLayback
11-01 10:14:22.802095  1810  2037 D MediaCenterAPI: getMetaDataInt:ApplicationInfo{b60f65c ecarx.xsf.mediacenter}
11-01 10:14:25.651990  1959  2377 D SiddhiLifecycleManager: ability_NaviService_services_alongSearch onStateChanged() called with: streamInfo = [ability_NaviService_services_alongSearch.pattern-sink.alongSearchOutputStream], state = [0]
11-01 10:14:27.260230   135  4581 D AudioALSAPlaybackHandlerBase: transferAudioFormatToPcmFormat(), audio_format(0x4) => pcm_format(0x1)
11-01 10:14:22.802240  1810  2037 D MediaCenterAPI: getMetaDataInt: data:0
11-01 10:14:25.676435  1959  2377 D SiddhiLifecycleManager: ability_NaviService_services_alongSearch onStateChanged() called with: streamInfo = [ability_NaviService_services_alongSearch.data-input-source.alongSearchInputStream], state = [0]
11-01 10:14:27.260532   135  4581 D AudioALSAPlaybackHandlerNormal: open(), mConfig: channels = 2, rate = 48000, period_size = 1024, period_count = 2, format = 1, avail_min = 1024, start_threshold = 2048
11-01 10:14:22.842626  1810  2037 E IApi    : com.ecarx.eas.sdk.mediacenter.MediaCenterAPIImpl init(T api)
11-01 10:14:27.260605   135  4581 D AudioALSAPlaybackHandlerNormal: SetLowJitterMode(), bypass low jitter mode, bEnable = 1, device = 0x2, SampleRate = 48000
11-01 10:14:22.843137  1810  2037 D MediaCenterAPIImpl:  InitialImpl OK
11-01 10:14:25.718318  1959  2377 D SiddhiLifecycleManager: ability_NaviService_services_alongSearch onStateChanged() called with: streamInfo = [ability_NaviService_services_alongSearch.data-input-source.alongSearchOutputStream], state = [0]
11-01 10:14:23.194256  2942  3270 D GKAI:EAS:4.0.2 (2628115): [XmlScanManager] com.mediatek.mtklogger checkPermission result = true
11-01 10:14:27.297084   135  4581 D AudioALSAPlaybackHandlerBase: openPcmDriverWithFlag(), pcm device = 0 flag = 0x8 mPcm = 0xe9dc5700
11-01 10:14:27.776094   283  4570 D NuPlayerDriver: notifyListener_l(0xe86400a0), (211, 0, 0, 20), loop setting(0, 0)
11-01 10:14:22.843354  1810  2037 I EASFramework: >> onServiceConnected(String serviceName) onAPIReady(mediacenter, true) <<
11-01 10:14:27.570053  3334  4495 D BTTS    : [beta_sound_config.cc:300]add candidate file:/storage/emulated/0/tencent/wecar/larklite/com.tencent.wecar/1.3.5/speaker_libai_v2.3.1.trf
11-01 10:14:27.297208   135  4581 D AudioALSAPlaybackHandlerBase: initBitConverter(), audio_format: 0x3 => 0x4, bcv_pcm_format = 0x3
11-01 10:14:22.843424  1810  2037 D GKAI:GUI: [MediaCenterProcess] ready = true
11-01 10:14:27.297257   135  4581 D MtkAudioBitConverter: +open(), format 3, CH 2, SR 48000
11-01 10:14:27.570086  3334  4495 D BTTS    : [beta_sound_config.cc:300]add candidate file:/storage/emulated/0/tencent/wecar/larklite/com.tencent.wecar/1.3.5/speaker_wy_v2.3.1.trf
11-01 10:14:27.297276   135  4581 D MtkAudioBitConverter: +resetBuffer()
11-01 10:14:27.570099  3334  4495 D BTTS    : [beta_sound_config.cc:300]add candidate file:/storage/emulated/0/tencent/wecar/larklite/com.tencent.wecar/1.3.5/speaker_yezi_v2.3.1.trf
11-01 10:14:27.297561   135  4581 D AudioALSAHardwareResourceManager: +startOutputDevice(), new_devices = 0x2, mOutputDevices = 0x0, mStartOutputDevicesCount = 0 SampleRate = 48000
11-01 10:14:21.273926  1307  2210 E OpenAPI_SSController: OpenAPIServices>> [drivepolicy, gkuiservice, policy, device, mediacenter, pki, push, navi, vr_all, user, weather]
11-01 10:14:27.570113  3334  4495 D BTTS    : [beta_sound_config.cc:300]add candidate file:/storage/emulated/0/tencent/wecar/larklite/com.tencent.wecar/1.3.5/speaker_daji_v2.3.1.trf
11-01 10:14:27.297608   135  4581 D AudioALSADeviceConfigManager: ApplyDeviceTurnonSequenceByName() DeviceName = speaker_output descriptor->DeviceStatusCounte = 0
11-01 10:14:27.303459   135  4581 D AudioALSADeviceConfigManager: ApplyDeviceTurnonSequenceByName() DeviceName = ext_speaker_output descriptor->DeviceStatusCounte = 0
11-01 10:14:21.289050  1307  2210 I OpenAPI_SSController: >>getOpenAPIService 服务列表：[vr_all, gkuiservice, drivepolicy, navi, mediacenter, weather, device, user, push, policy, pki] <<
11-01 10:14:25.745991  1959  4445 D [XCSmartScene-2.2.5 (D7F)]-SiddhiController: [(SiddhiController.java:1)#A ] addDataSourceKey:key == alongSearchInputStream
11-01 10:14:27.352357   135  4581 D AudioALSAStreamManager: speakerStatusChangeCb(), status = 0
11-01 10:14:22.861693  1810  1810 D GKAI:GUI: [MediaCenterProcess] vrInternalAPI = ecarx.xsf.mediacenter.vr.VrInternalAPIImpl@40daaef
11-01 10:14:27.352453   135  4581 D AudioVoiceUIDL: [GetSRCInputParameter] mOutputSampleRate 16000,  mInputSampleRate 48000, mInChannel 2, mOutChannel, 0 format 4
11-01 10:14:25.752847  1959  4451 D [XCSmartScene-2.2.5 (D7F)]-SiddhiController: [(SiddhiController.java:1)#A ] addDataSourceKey:key == alongSearchOutputStream
11-01 10:14:27.582039  3334  4495 D BTTS    : [beta_sound_config.cc:180]checking file:/storage/emulated/0/tencent/wecar/larklite/com.tencent.wecar/1.3.5/speaker_libai_v2.3.1.trf format & version
11-01 10:14:27.352471   135  4581 D AudioVoiceUIDL: [GetSRCInputParameter] create SRC handle fail
11-01 10:14:25.801266  1959  2377 D DataInputSource: source init: ability_LC_PNS.data-input-source.lcPnsInputStream
11-01 10:14:27.582138  3334  4495 D BTTS    : [beta_sound_config.cc:188]file:/storage/emulated/0/tencent/wecar/larklite/com.tencent.wecar/1.3.5/speaker_libai_v2.3.1.trf format & version OK
11-01 10:14:27.352486   135  4581 D AudioALSAPlaybackHandlerNormal: -open()
11-01 10:14:27.353386   135  4581 E AudioALSAPlaybackHandlerBase: -getHardwareBufferInfo(), pcm_get_htimestamp fail, ret = -1, pcm_get_error = 
11-01 10:14:25.810120  1959  2377 D SiddhiLifecycleManager: ability_LC_PNS onStateChanged() called with: streamInfo = [ability_LC_PNS.data-input-source.lcPnsOutputStream], state = [0]
11-01 10:14:27.582354  3334  4495 D BTTS    : [beta_sound_config.cc:188]file:/storage/emulated/0/tencent/wecar/larklite/com.tencent.wecar/1.3.5/speaker_daji_v2.3.1.trf format & version OK
11-01 10:14:27.582659  3334  4495 D BTTS    : [beta_sound_config.cc:258]file:/storage/emulated/0/tencent/wecar/larklite/com.tencent.wecar/1.3.5/speaker_libai_v2.3.1.trf speaker num:1
11-01 10:14:28.079643  1784  3100 D SceneEngineManager: careList is [IHU_DeviceService_event_Vehicle_speed,IHU_NaviService_services_alongSearchNavigation,startNavigationByGPSOutputStream,alertLowLevelOutputStream,IHU_SmartScene_mode_00007,IHU_SmartScene_mode_00008,IHU_SmartScene_mode_00005,IHU_SmartScene_mode_00006,naviHomeOrCompanyInputStream,IHU_SmartScene_mode_00003,lcPnsProtocolInputStream,IHU_SmartScene_mode_00004,IHU_SmartScene_mode_00001,IHU_SmartScene_mode_00002,alertLowLevelInputStream,IHU_DeviceService_event_Type_of_energy,alongSearchInputStream,lcPnsProtocolOutputStream,TestEventName,IHU_DeviceService_event_Hvac_state,alongSearchOutputStream,XCCalendar_dataupdate,IHU_VALService_event_dialogue,IHU_DeviceService_event_GradePlace,naviHomeOrCompanyOutputStream,lcPnsOutputStream,startNavigationByGPSInputStream,lcPnsInputStream,systemDateTime]
11-01 10:14:28.082486  1825  1855 I SceneEngineManager: careList is [IHU_DeviceService_event_Vehicle_speed,IHU_NaviService_services_alongSearchNavigation,startNavigationByGPSOutputStream,alertLowLevelOutputStream,IHU_SmartScene_mode_00007,IHU_SmartScene_mode_00008,IHU_SmartScene_mode_00005,IHU_SmartScene_mode_00006,naviHomeOrCompanyInputStream,IHU_SmartScene_mode_00003,lcPnsProtocolInputStream,IHU_SmartScene_mode_00004,IHU_SmartScene_mode_00001,IHU_SmartScene_mode_00002,alertLowLevelInputStream,IHU_DeviceService_event_Type_of_energy,alongSearchInputStream,lcPnsProtocolOutputStream,TestEventName,IHU_DeviceService_event_Hvac_state,alongSearchOutputStream,XCCalendar_dataupdate,IHU_VALService_event_dialogue,IHU_DeviceService_event_GradePlace,naviHomeOrCompanyOutputStream,lcPnsOutputStream,startNavigationByGPSInputStream,lcPnsInputStream,systemDateTime]
11-01 10:14:28.076228  1833  1861 I SceneEngineManager: careList is [IHU_DeviceService_event_Vehicle_speed,IHU_NaviService_services_alongSearchNavigation,startNavigationByGPSOutputStream,alertLowLevelOutputStream,IHU_SmartScene_mode_00007,IHU_SmartScene_mode_00008,IHU_SmartScene_mode_00005,IHU_SmartScene_mode_00006,naviHomeOrCompanyInputStream,IHU_SmartScene_mode_00003,lcPnsProtocolInputStream,IHU_SmartScene_mode_00004,IHU_SmartScene_mode_00001,IHU_SmartScene_mode_00002,alertLowLevelInputStream,IHU_DeviceService_event_Type_of_energy,alongSearchInputStream,lcPnsProtocolOutputStream,TestEventName,IHU_DeviceService_event_Hvac_state,alongSearchOutputStream,XCCalendar_dataupdate,IHU_VALService_event_dialogue,IHU_DeviceService_event_GradePlace,naviHomeOrCompanyOutputStream,lcPnsOutputStream,startNavigationByGPSInputStream,lcPnsInputStream,systemDateTime]
11-01 10:14:28.075538  1913  2285 D SceneEngineManager: careList is [IHU_DeviceService_event_Vehicle_speed,IHU_NaviService_services_alongSearchNavigation,startNavigationByGPSOutputStream,alertLowLevelOutputStream,IHU_SmartScene_mode_00007,IHU_SmartScene_mode_00008,IHU_SmartScene_mode_00005,IHU_SmartScene_mode_00006,naviHomeOrCompanyInputStream,IHU_SmartScene_mode_00003,lcPnsProtocolInputStream,IHU_SmartScene_mode_00004,IHU_SmartScene_mode_00001,IHU_SmartScene_mode_00002,alertLowLevelInputStream,IHU_DeviceService_event_Type_of_energy,alongSearchInputStream,lcPnsProtocolOutputStream,TestEventName,IHU_DeviceService_event_Hvac_state,alongSearchOutputStream,XCCalendar_dataupdate,IHU_VALService_event_dialogue,IHU_DeviceService_event_GradePlace,naviHomeOrCompanyOutputStream,lcPnsOutputStream,startNavigationByGPSInputStream,lcPnsInputStream,systemDateTime]
11-01 10:14:28.084499  2137  4481 D SceneEngineManager: careList is [IHU_DeviceService_event_Vehicle_speed,IHU_NaviService_services_alongSearchNavigation,startNavigationByGPSOutputStream,alertLowLevelOutputStream,IHU_SmartScene_mode_00007,IHU_SmartScene_mode_00008,IHU_SmartScene_mode_00005,IHU_SmartScene_mode_00006,naviHomeOrCompanyInputStream,IHU_SmartScene_mode_00003,lcPnsProtocolInputStream,IHU_SmartScene_mode_00004,IHU_SmartScene_mode_00001,IHU_SmartScene_mode_00002,alertLowLevelInputStream,IHU_DeviceService_event_Type_of_energy,alongSearchInputStream,lcPnsProtocolOutputStream,TestEventName,IHU_DeviceService_event_Hvac_state,alongSearchOutputStream,XCCalendar_dataupdate,IHU_VALService_event_dialogue,IHU_DeviceService_event_GradePlace,naviHomeOrCompanyOutputStream,lcPnsOutputStream,startNavigationByGPSInputStream,lcPnsInputStream,systemDateTime]
11-01 10:14:28.087298  2618  2654 D SceneEngineManager: careList is [IHU_DeviceService_event_Vehicle_speed,IHU_NaviService_services_alongSearchNavigation,startNavigationByGPSOutputStream,alertLowLevelOutputStream,IHU_SmartScene_mode_00007,IHU_SmartScene_mode_00008,IHU_SmartScene_mode_00005,IHU_SmartScene_mode_00006,naviHomeOrCompanyInputStream,IHU_SmartScene_mode_00003,lcPnsProtocolInputStream,IHU_SmartScene_mode_00004,IHU_SmartScene_mode_00001,IHU_SmartScene_mode_00002,alertLowLevelInputStream,IHU_DeviceService_event_Type_of_energy,alongSearchInputStream,lcPnsProtocolOutputStream,TestEventName,IHU_DeviceService_event_Hvac_state,alongSearchOutputStream,XCCalendar_dataupdate,IHU_VALService_event_dialogue,IHU_DeviceService_event_GradePlace,naviHomeOrCompanyOutputStream,lcPnsOutputStream,startNavigationByGPSInputStream,lcPnsInputStream,systemDateTime]
11-01 10:14:28.078912  3054  3101 I SceneEngineManager: careList is [IHU_DeviceService_event_Vehicle_speed,IHU_NaviService_services_alongSearchNavigation,startNavigationByGPSOutputStream,alertLowLevelOutputStream,IHU_SmartScene_mode_00007,IHU_SmartScene_mode_00008,IHU_SmartScene_mode_00005,IHU_SmartScene_mode_00006,naviHomeOrCompanyInputStream,IHU_SmartScene_mode_00003,lcPnsProtocolInputStream,IHU_SmartScene_mode_00004,IHU_SmartScene_mode_00001,IHU_SmartScene_mode_00002,alertLowLevelInputStream,IHU_DeviceService_event_Type_of_energy,alongSearchInputStream,lcPnsProtocolOutputStream,TestEventName,IHU_DeviceService_event_Hvac_state,alongSearchOutputStream,XCCalendar_dataupdate,IHU_VALService_event_dialogue,IHU_DeviceService_event_GradePlace,naviHomeOrCompanyOutputStream,lcPnsOutputStream,startNavigationByGPSInputStream,lcPnsInputStream,systemDateTime]
11-01 10:14:27.582681  3334  4495 I BTTS    : [beta_sound_config.cc:274]add speaker libai with /storage/emulated/0/tencent/wecar/larklite/com.tencent.wecar/1.3.5/speaker_libai_v2.3.1.trf
11-01 10:14:28.122938   135   294 D AudioALSAStreamOut: latency(), flags 2, return 42
11-01 10:14:28.123229   159  4050 D StreamHalHidl: processReturn with getLatency, status = 0
11-01 10:14:25.810999  1959  4319 D [XCSmartScene-2.2.5 (D7F)]-SiddhiController: [(SiddhiController.java:1)#A ] addDataSourceKey:key == lcPnsOutputStream
11-01 10:14:27.582750  3334  4495 D BTTS    : [beta_sound_config.cc:258]file:/storage/emulated/0/tencent/wecar/larklite/com.tencent.wecar/1.3.5/speaker_wy_v2.3.1.trf speaker num:1
11-01 10:14:28.123038   135   294 D MTKStreamOutHAL: StreamOut::getLatency = 42
11-01 10:14:28.123314   159   476 D StreamHalHidl: callWriterThread start
11-01 10:14:27.582765  3334  4495 I BTTS    : [beta_sound_config.cc:274]add speaker wy with /storage/emulated/0/tencent/wecar/larklite/com.tencent.wecar/1.3.5/speaker_wy_v2.3.1.trf
11-01 10:14:28.123066   135   294 D AudioALSAStreamOut: latency(), flags 2, return 42
11-01 10:14:28.123442   159   476 D StreamHalHidl: callWriterThread end with status == 0
11-01 10:14:24.045003  2942  3275 E EASFramework: SERVICE_CONNECTED_SUPPORT_NOTIFITY >> multimedia
11-01 10:14:27.582830  3334  4495 D BTTS    : [beta_sound_config.cc:258]file:/storage/emulated/0/tencent/wecar/larklite/com.tencent.wecar/1.3.5/speaker_yezi_v2.3.1.trf speaker num:1
11-01 10:14:28.123367   135  4581 D MTKStreamOutHAL: WriteCommand::GET_LATENCY start
11-01 10:14:28.124381   159  4050 W AudioFlinger: createTrack_l(): mismatch between requested flags (00000008) and output flags (00000002)
11-01 10:14:25.943606  1959  2377 D DataInputSource: source init: ability_LC_pns_protocol.data-input-source.lcPnsProtocolOutputStream
11-01 10:14:27.582846  3334  4495 I BTTS    : [beta_sound_config.cc:274]add speaker yezi with /storage/emulated/0/tencent/wecar/larklite/com.tencent.wecar/1.3.5/speaker_yezi_v2.3.1.trf
11-01 10:14:28.123402   135  4581 D AudioALSAStreamOut: latency(), flags 2, return 42
11-01 10:14:21.715787  1307  2210 I OpenAPI_SSController: >>getOpenAPIService 服务列表：[gkuiservice, mediacenter, push, pki, vehicle, vr_all, drivepolicy, navi, weather, device, user, policy] <<
11-01 10:14:25.946181  1959  2377 D DataInputSource: source init: ability_LC_pns_protocol.data-input-source.lcPnsProtocolInputStream
11-01 10:14:27.582910  3334  4495 D BTTS    : [beta_sound_config.cc:258]file:/storage/emulated/0/tencent/wecar/larklite/com.tencent.wecar/1.3.5/speaker_daji_v2.3.1.trf speaker num:1
11-01 10:14:28.144334   135   294 D AudioALSAStreamOut: latency(), flags 2, return 42
11-01 10:14:28.145304   159  4050 D StreamHalHidl: processReturn with getLatency, status = 0
11-01 10:14:27.582924  3334  4495 I BTTS    : [beta_sound_config.cc:274]add speaker daji with /storage/emulated/0/tencent/wecar/larklite/com.tencent.wecar/1.3.5/speaker_daji_v2.3.1.trf
11-01 10:14:28.144482   135   294 D MTKStreamOutHAL: StreamOut::getLatency = 42
11-01 10:14:28.145358   159  4050 D AudioFlinger: Client defaulted notificationFrames to 690 for frameCount 2070
11-01 10:14:25.947153  1959  2377 D SiddhiLifecycleManager: ability_LC_pns_protocol onStateChanged() called with: streamInfo = [ability_LC_pns_protocol.pattern-sink.lcPnsProtocolOutputStream], state = [0]
11-01 10:14:28.144519   135   294 D AudioALSAStreamOut: latency(), flags 2, return 42
11-01 10:14:28.165836   159  4050 D StreamHalHidl: processReturn with getLatency, status = 0
11-01 10:14:28.165589   135   294 D AudioALSAStreamOut: latency(), flags 2, return 42
11-01 10:14:28.251146   159  4050 D StreamHalHidl: processReturn with getLatency, status = 0
11-01 10:14:25.948108  1959  4373 D [XCSmartScene-2.2.5 (D7F)]-SiddhiController: [(SiddhiController.java:1)#A ] addDataSourceKey:key == lcPnsProtocolOutputStream
11-01 10:14:28.165634   135   294 D MTKStreamOutHAL: StreamOut::getLatency = 42
11-01 10:14:28.251200   159   476 D StreamHalHidl: callWriterThread start
11-01 10:14:25.948414  1959  2377 D SiddhiLifecycleManager: ability_LC_pns_protocol onStateChanged() called with: streamInfo = [ability_LC_pns_protocol.data-input-source.lcPnsProtocolOutputStream], state = [0]
11-01 10:14:23.563517  2065  2065 I System.out.c: I1101 10:14:23.563436 2065/1 tts/synthesizer/speaker_manager.cc:387] libai_quality_3 load success!! just enjoy!!
11-01 10:14:28.165687   135   294 D AudioALSAStreamOut: latency(), flags 2, return 42
11-01 10:14:28.251326   159   476 D StreamHalHidl: callWriterThread end with status == 0
11-01 10:14:23.563629  2065  2065 I System.out.c: I1101 10:14:23.563614 2065/1 services/offline_tts/offline_tts.cc:267] [sds.OfflineTts] Initialized with language:Mandarin, speaker:libai_quality_3
11-01 10:14:28.250939   135   294 D AudioALSAStreamOut: latency(), flags 2, return 42
11-01 10:14:28.254414   159  4050 W AudioFlinger: createTrack_l(): mismatch between requested flags (00000008) and output flags (00000002)
11-01 10:14:23.150927  2121  3163 D MediaCenterHelper: openapi MediaCenterAPI ready
11-01 10:14:28.250978   135   294 D MTKStreamOutHAL: StreamOut::getLatency = 42
11-01 10:14:28.274467   159  4050 D StreamHalHidl: processReturn with getLatency, status = 0
11-01 10:14:25.949317  1959  4377 D [XCSmartScene-2.2.5 (D7F)]-SiddhiController: [(SiddhiController.java:1)#A ] addDataSourceKey:key == lcPnsProtocolInputStream
11-01 10:14:28.251009   135   294 D AudioALSAStreamOut: latency(), flags 2, return 42
11-01 10:14:28.274526   159  4050 D AudioFlinger: Client defaulted notificationFrames to 690 for frameCount 2070
11-01 10:14:22.509675  1307  1478 E OpenAPI_SSController: >> startServiceForEASFramework1(multimedia, null, com.ecarx.eas.core.intent.action.SUPPORT_SERVICE) <<
11-01 10:14:24.048108  1810  1831 D EASFramework: onServiceConnected() service = multimedia
11-01 10:14:25.949661  1959  2377 D SiddhiLifecycleManager: ability_LC_pns_protocol onStateChanged() called with: streamInfo = [ability_LC_pns_protocol.data-input-source.lcPnsProtocolInputStream], state = [0]
11-01 10:14:28.251244   135  4581 D MTKStreamOutHAL: WriteCommand::GET_LATENCY start
11-01 10:14:28.293754   159  4050 D StreamHalHidl: processReturn with getLatency, status = 0
11-01 10:14:24.048474  1810  2037 E EASFramework: SERVICE_CONNECTED_SUPPORT_NOTIFITY >> multimedia
11-01 10:14:28.077930  3585  4567 I SceneEngineManager: careList is [IHU_DeviceService_event_Vehicle_speed,IHU_NaviService_services_alongSearchNavigation,startNavigationByGPSOutputStream,alertLowLevelOutputStream,IHU_SmartScene_mode_00007,IHU_SmartScene_mode_00008,IHU_SmartScene_mode_00005,IHU_SmartScene_mode_00006,naviHomeOrCompanyInputStream,IHU_SmartScene_mode_00003,lcPnsProtocolInputStream,IHU_SmartScene_mode_00004,IHU_SmartScene_mode_00001,IHU_SmartScene_mode_00002,alertLowLevelInputStream,IHU_DeviceService_event_Type_of_energy,alongSearchInputStream,lcPnsProtocolOutputStream,TestEventName,IHU_DeviceService_event_Hvac_state,alongSearchOutputStream,XCCalendar_dataupdate,IHU_VALService_event_dialogue,IHU_DeviceService_event_GradePlace,naviHomeOrCompanyOutputStream,lcPnsOutputStream,startNavigationByGPSInputStream,lcPnsInputStream,systemDateTime]
11-01 10:14:28.251286   135  4581 D AudioALSAStreamOut: latency(), flags 2, return 42
11-01 10:14:28.141582  2873  4611 W System.err: 	at java.io.FileInputStream.open(FileInputStream.java:231)
11-01 10:14:27.583518  3334  4495 I BTTS    : [beta_sound_config.cc:711]speaker daji gv_scale_low:1.200000
11-01 10:14:27.583680  3334  4495 I BTTS    : [beta_sound_config.cc:709]speaker libai use_gv:1
11-01 10:14:28.142177  2873  4611 W System.err: 	at java.io.FileInputStream.open0(Native Method)
11-01 10:14:27.583692  3334  4495 I BTTS    : [beta_sound_config.cc:710]speaker libai gv_threshold:20
11-01 10:14:28.142194  2873  4611 W System.err: 	at java.io.FileInputStream.open(FileInputStream.java:231)
11-01 10:14:27.583704  3334  4495 I BTTS    : [beta_sound_config.cc:711]speaker libai gv_scale_low:1.200000
11-01 10:14:24.721943  2275  4351 I bdtts-StreamDecoder: stream decoder thread begin runs.
11-01 10:14:28.142209  2873  4611 W System.err: 	at java.io.FileInputStream.<init>(FileInputStream.java:165)
11-01 10:14:27.583715  3334  4495 I BTTS    : [beta_sound_config.cc:712]speaker libai gv_scale_high:1.000000
11-01 10:14:28.142224  2873  4611 W System.err: 	at java.io.FileInputStream.<init>(FileInputStream.java:112)
11-01 10:14:27.583726  3334  4495 I BTTS    : [beta_sound_config.cc:713]speaker libai use_enhance:1
11-01 10:14:27.583738  3334  4495 I BTTS    : [beta_sound_config.cc:714]speaker libai subtract_val:-0.750000
11-01 10:14:24.472520  1307  2879 I OpenAPI_SSController: >> getEASFrameworkService 服务列表：[evs, permission, smartscene, vehicle, daemon, vr_all, multimedia, awareness, drivepolicy, havc, device, policy] <<
11-01 10:14:27.583750  3334  4495 I BTTS    : [beta_sound_config.cc:715]speaker libai format_alpha:1.010000
11-01 10:14:27.583763  3334  4495 I BTTS    : [beta_sound_config.cc:716]speaker libai format_dim:26
11-01 10:14:27.583774  3334  4495 I BTTS    : [beta_sound_config.cc:701]speaker wy file:/storage/emulated/0/tencent/wecar/larklite/com.tencent.wecar/1.3.5/speaker_wy_v2.3.1.trf
11-01 10:14:25.018745  2275  4385 D MtkACodec: hxl setupAudioBitWidth() in
11-01 10:14:27.583786  3334  4495 I BTTS    : [beta_sound_config.cc:702]speaker wy primary_language:0
11-01 10:14:24.721722  1307  2879 I OpenAPI_SSController: >> getEASFrameworkService 服务列表：[evs, permission, smartscene, vehicle, daemon, vr_all, multimedia, awareness, drivepolicy, havc, device, policy] <<
11-01 10:14:27.583797  3334  4495 I BTTS    : [beta_sound_config.cc:703]speaker wy language_dialect:0
11-01 10:14:25.201570  2275  4399 D MtkACodec: hxl setupAudioBitWidth() in
11-01 10:14:27.583810  3334  4495 I BTTS    : [beta_sound_config.cc:704]speaker wy duration_type:4
11-01 10:14:24.951208  1307  2879 I OpenAPI_SSController: >> getEASFrameworkService 服务列表：[evs, permission, smartscene, vehicle, daemon, vr_all, multimedia, awareness, drivepolicy, havc, device, policy] <<
11-01 10:14:27.583822  3334  4495 I BTTS    : [beta_sound_config.cc:705]speaker wy acoustics_type:5
11-01 10:14:25.444204  2275  4415 D MtkACodec: hxl setupAudioBitWidth() in
11-01 10:14:27.583834  3334  4495 I BTTS    : [beta_sound_config.cc:706]speaker wy vocoder_type:0
11-01 10:14:27.583845  3334  4495 I BTTS    : [beta_sound_config.cc:707]speaker wy use_fast_mlpg:1
11-01 10:14:27.583856  3334  4495 I BTTS    : [beta_sound_config.cc:708]speaker wy mlpg_uniform_variance:0
11-01 10:14:27.583866  3334  4495 I BTTS    : [beta_sound_config.cc:709]speaker wy use_gv:1
11-01 10:14:28.142667  2873  4611 W System.err: 	at java.io.FileInputStream.open0(Native Method)
11-01 10:14:27.583877  3334  4495 I BTTS    : [beta_sound_config.cc:710]speaker wy gv_threshold:20
11-01 10:14:28.142684  2873  4611 W System.err: 	at java.io.FileInputStream.open(FileInputStream.java:231)
11-01 10:14:27.583888  3334  4495 I BTTS    : [beta_sound_config.cc:711]speaker wy gv_scale_low:1.200000
11-01 10:14:28.142700  2873  4611 W System.err: 	at java.io.FileInputStream.<init>(FileInputStream.java:165)
11-01 10:14:27.583902  3334  4495 I BTTS    : [beta_sound_config.cc:712]speaker wy gv_scale_high:1.000000
11-01 10:14:28.142716  2873  4611 W System.err: 	at java.io.FileInputStream.<init>(FileInputStream.java:112)
