11-01 10:14:16.170358   159   902 D StreamHalHidl: processReturn with getLatency, status = 0
11-01 10:14:14.266373  1071  1104 D ECarXApiClientImpl: onRemoteConnected: mediacenter
11-01 10:14:13.880215  2065  2100 D TtsBase : loadParam END mParamCurrentXCTtsParameter{mType=0, mSpeakerId=3000, mSpeakerName='', mVolume=80, mSpeed=100, mPitch=100}
11-01 10:14:16.077058   135   294 D MTKStreamOutHAL: StreamOut::getLatency = 42
11-01 10:14:16.170412   159   902 D AudioFlinger: Client defaulted notificationFrames to 1026 for frameCount 2052
11-01 10:14:12.362666  1767  2040 E EASFramework: SERVICE_CONNECTED_SUPPORT_NOTIFITY >> mediacenter
10-20 10:52:33.759910  1810  2037 D GKAI:GUI: [XKConfigureManager] getMKOneshotEnable : mMKConfigEntity = id = 1	dateSource = magicbook	oneshotEnable = true	customWakeupEnable = false	changeWakeupEnable = true 	acmuteEnable = false	pttEnable = false	baiduEnable = false	vrAudiologEnable = false	partitionInhibition = high_inhibition	mkWakeupName = 	isBaiduVersion = false	geekModeEnable = false	visionEnable = true	geekModeCanOpen = false
11-01 10:14:13.871587  2121  2628 E MediaApplication: playercontrol version :low
11-01 10:14:16.077083   135   294 D AudioALSAStreamOut: latency(), flags 2, return 42
11-01 10:14:16.170852   159   902 D StreamHalHidl: processReturn with getLatency, status = 0
10-20 10:52:33.759963  1810  2037 D GKAI:GUI: [XKConfigureManager] getMKOneshotEnable : mMKConfigEntity = id = 1	dateSource = magicbook	oneshotEnable = true	customWakeupEnable = false	changeWakeupEnable = true 	acmuteEnable = false	pttEnable = false	baiduEnable = false	vrAudiologEnable = false	partitionInhibition = high_inhibition	mkWakeupName = 	isBaiduVersion = false	geekModeEnable = false	visionEnable = true	geekModeCanOpen = false
11-01 10:14:14.268134  1833  1899 D ECarXApiClientImpl: onRemoteConnected: mediacenter
11-01 10:14:15.369254  2721  2721 I MSDP_DFX: init s_ClassHieventAudioError success
11-01 10:14:16.129134   135   294 D AudioALSAStreamOut: latency(), flags 2, return 42
11-01 10:14:16.183065   159   902 D StreamHalHidl: processReturn with getLatency, status = 0
10-20 10:52:33.760004  1810  2037 D GKAI:GUI: [XKConfigureManager] getMKCustomWakeupEnable : mMKConfigEntity = id = 1	dateSource = magicbook	oneshotEnable = true	customWakeupEnable = false	changeWakeupEnable = true 	acmuteEnable = false	pttEnable = false	baiduEnable = false	vrAudiologEnable = false	partitionInhibition = high_inhibition	mkWakeupName = 	isBaiduVersion = false	geekModeEnable = false	visionEnable = true	geekModeCanOpen = false
11-01 10:14:16.129240   135   294 D MTKStreamOutHAL: StreamOut::getLatency = 42
11-01 10:14:16.183107   159   902 D AudioFlinger: Client defaulted notificationFrames to 1026 for frameCount 2052
10-20 10:52:33.760048  1810  2037 D GKAI:GUI: [XKConfigureManager] getMKChangeWakeupEnable : mMKConfigEntity = id = 1	dateSource = magicbook	oneshotEnable = true	customWakeupEnable = false	changeWakeupEnable = true 	acmuteEnable = false	pttEnable = false	baiduEnable = false	vrAudiologEnable = false	partitionInhibition = high_inhibition	mkWakeupName = 	isBaiduVersion = false	geekModeEnable = false	visionEnable = true	geekModeCanOpen = false
11-01 10:14:16.129267   135   294 D AudioALSAStreamOut: latency(), flags 2, return 42
11-01 10:14:16.183941   159   902 D StreamHalHidl: processReturn with getLatency, status = 0
10-20 10:52:33.760093  1810  2037 D GKAI:GUI: [XKConfigureManager] getGeekModeEnable : mMkConfigEntity = id = 1	dateSource = magicbook	oneshotEnable = true	customWakeupEnable = false	changeWakeupEnable = true 	acmuteEnable = false	pttEnable = false	baiduEnable = false	vrAudiologEnable = false	partitionInhibition = high_inhibition	mkWakeupName = 	isBaiduVersion = false	geekModeEnable = false	visionEnable = true	geekModeCanOpen = false
11-01 10:14:16.129557   135   294 D AudioALSAStreamOut: latency(), flags 2, return 42
11-01 10:14:16.208576   159   902 D StreamHalHidl: processReturn with getLatency, status = 0
10-20 10:52:33.760166  1810  2037 D GKAI:GUI: [XKConfigureManager] getVisionEnable : mMkConfigEntity = id = 1	dateSource = magicbook	oneshotEnable = true	customWakeupEnable = false	changeWakeupEnable = true 	acmuteEnable = false	pttEnable = false	baiduEnable = false	vrAudiologEnable = false	partitionInhibition = high_inhibition	mkWakeupName = 	isBaiduVersion = false	geekModeEnable = false	visionEnable = true	geekModeCanOpen = false
11-01 10:14:16.129595   135   294 D MTKStreamOutHAL: StreamOut::getLatency = 42
11-01 10:14:16.208621   159   902 D AudioFlinger: Client defaulted notificationFrames to 1026 for frameCount 2052
11-01 10:14:16.129622   135   294 D AudioALSAStreamOut: latency(), flags 2, return 42
11-01 10:14:16.209294   159   902 D StreamHalHidl: processReturn with getLatency, status = 0
11-01 10:14:16.170109   135   294 D AudioALSAStreamOut: latency(), flags 2, return 42
10-20 10:52:33.760403  1810  2037 D GKAI:GUI: [XKConfigureManager] getMKPttEnable : mMKConfigEntity = id = 1	dateSource = magicbook	oneshotEnable = true	customWakeupEnable = false	changeWakeupEnable = true 	acmuteEnable = false	pttEnable = false	baiduEnable = false	vrAudiologEnable = false	partitionInhibition = high_inhibition	mkWakeupName = 	isBaiduVersion = false	geekModeEnable = false	visionEnable = true	geekModeCanOpen = false
11-01 10:14:13.915464  2121  2625 E ws001   : pmb.lp: f to l. lt=3; i=PInfo { <uicontrol:42005(5)> [P-N] [DEX_EXTRACTED] processes=[] js={ver=42005, verv=2077176283200005141, type=1, path=/data/user/0/com.ecarx.multimedia/app_plugins_v3/uicontrol-41000147-41000147-42005.jar, high=41000147, frm_ver=5, low=41000147, pkgname=com.ecarx.multimedia.plugin.uicontrol, name=uicontrol, ali=uicontrol} dex=/data/user/0/com.ecarx.multimedia/app_plugins_v3/oat/arm64/uicontrol-41000147-41000147-42005.odex nlib=/data/user/0/com.ecarx.multimedia/app_plugins_v3_libs/uicontrol-41000147-41000147-42005 }
11-01 10:14:12.842385  2340  2340 D ServerProvider: [onCreate] App = com.ecarx.multimedia.SplitWindowApplication@924933f
11-01 10:14:16.170200   135   294 D MTKStreamOutHAL: StreamOut::getLatency = 42
11-01 10:14:16.170234   135   294 D AudioALSAStreamOut: latency(), flags 2, return 42
11-01 10:14:16.170705   135   294 D AudioALSAStreamOut: latency(), flags 2, return 42
11-01 10:14:18.375524  1841  1841 D [XSFNotification][2.2.0 (c0d)]NotificationListenerService: [(ECarxNotificationListenerService.java:333)#IgnoreNotification ] ignoreNotification packageName = com.ecarx.multimedia with flags=0x62
11-01 10:14:16.725363  2756  2922 E EASFramework: SERVICE_CONNECTED_SUPPORT_NOTIFITY >> mediacenter
11-01 10:14:16.170731   135   294 D MTKStreamOutHAL: StreamOut::getLatency = 42
11-01 10:14:18.375907  1841  1841 I [XSFNotification][2.2.0 (c0d)]NotificationListenerService: [(ECarxNotificationListenerService.java:206)#HandleNotification ] onNotificationPosted Invalid, sbn = StatusBarNotification(pkg=com.ecarx.multimedia user=UserHandle{0} id=412 tag=null key=0|com.ecarx.multimedia|412|null|10049: Notification(channel=Media2_notification_channel1635732858220 pri=0 contentView=null vibrate=null sound=null defaults=0x0 flags=0x62 color=0xff607d8b vis=PRIVATE))
11-01 10:14:13.915706  2121  2625 W [XCMedia2Log][4.2.0 (2719CD3)]PluginStateChecker: setPluginPreloadCompleted, com.ecarx.multimedia.plugin.uicontrol
11-01 10:14:16.170758   135   294 D AudioALSAStreamOut: latency(), flags 2, return 42
11-01 10:14:13.243258  2137  2356 E EASFramework: SERVICE_CONNECTED_SUPPORT_NOTIFITY >> mediacenter
11-01 10:14:16.182828   135   294 D AudioALSAStreamOut: latency(), flags 2, return 42
11-01 10:14:12.774469  1307  1478 I OpenAPI : ServiceInfoParser_name -> multimedia
11-01 10:14:18.455866  1841  1841 D [XSFNotification][2.2.0 (c0d)]NotificationListenerService: [(ECarxNotificationListenerService.java:333)#IgnoreNotification ] ignoreNotification packageName = com.ecarx.multimedia with flags=0x62
11-01 10:14:16.546200  2094  2094 D TtsStatusListenerClient: on SpaekerChanged:  speakerId: 3000
11-01 10:14:16.182869   135   294 D MTKStreamOutHAL: StreamOut::getLatency = 42
11-01 10:14:18.456215  1841  1841 I [XSFNotification][2.2.0 (c0d)]NotificationListenerService: [(ECarxNotificationListenerService.java:206)#HandleNotification ] onNotificationPosted Invalid, sbn = StatusBarNotification(pkg=com.ecarx.multimedia user=UserHandle{0} id=412 tag=null key=0|com.ecarx.multimedia|412|null|10049: Notification(channel=Media2_notification_channel1635732858308 pri=0 contentView=null vibrate=null sound=null defaults=0x0 flags=0x62 color=0xff607d8b vis=PRIVATE))
11-01 10:14:16.546388  2094  2094 D AiAndroidEngine: set speakerInfo {"speaker":"","speakerId":3000}
11-01 10:14:14.019500  2121  2121 W [XCMedia2Log][4.2.0 (2719CD3)]PluginStateChecker: delayCheck, hasChecked:false
11-01 10:14:16.182900   135   294 D AudioALSAStreamOut: latency(), flags 2, return 42
11-01 10:14:17.991587  2094  2130 D TtsStatusListenerClient: on SpaekerChanged:  speakerId: 3000
11-01 10:14:16.183342   135   294 D AudioALSAStreamOut: latency(), flags 2, return 42
11-01 10:14:17.991720  2094  2130 D AiAndroidEngine: set speakerInfo {"speaker":"","speakerId":3000}
11-01 10:14:13.003092  2340  2340 D ProcessUtil: isMainProcress:com.ecarx.multimedia:GuardService
11-01 10:14:16.183365   135   294 D MTKStreamOutHAL: StreamOut::getLatency = 42
11-01 10:14:13.035691  2340  2340 D ProcessUtil: isMainProcress:com.ecarx.multimedia:GuardService
11-01 10:14:16.183390   135   294 D AudioALSAStreamOut: latency(), flags 2, return 42
11-01 10:14:16.208067   135   294 D AudioALSAStreamOut: latency(), flags 2, return 42
11-01 10:14:16.208117   135   294 D MTKStreamOutHAL: StreamOut::getLatency = 42
11-01 10:14:16.208154   135   294 D AudioALSAStreamOut: latency(), flags 2, return 42
11-01 10:14:15.729134  2721  2721 W wei.dmsdpdevic: Verification of int com.huawei.dmsdpdevice.audio.manage.VirtualAudioProxy.writeData(com.huawei.dmsdpdevice.audio.dao.VirtualStreamData, android.media.AudioTrack, int) took 112.840ms
11-01 10:14:16.208878   135   294 D AudioALSAStreamOut: latency(), flags 2, return 42
11-01 10:14:12.873156  1307  1478 I ServiceInfoParser: secret -> {"n":"com.ecarx.multimedia","k":"42e32cdb86378f1550e93864862699f2","s":"12345678901234567890123456789012","v":1}
11-01 10:14:15.732174  2721  2721 I DMSDP   : VirtualAudioProxy:load audiodevsdk
11-01 10:14:16.208907   135   294 D MTKStreamOutHAL: StreamOut::getLatency = 42
11-01 10:14:16.208939   135   294 D AudioALSAStreamOut: latency(), flags 2, return 42
11-01 10:14:14.279304  1825  1855 D ECarXApiClientImpl: onRemoteConnected: mediacenter
11-01 10:14:17.660728  1833  2052 D VrLogger3.4.6: VrPluginImpl#_attachPluginObserverWrapper request: ecarx.xsf.mediacenter.vr.channel.d$1@55bb3c9
11-01 10:14:16.004806  2721  2721 I MSDP_DFX: init s_ClassHieventAudioError success
11-01 10:14:17.660986  1833  2052 W VrLogger3.4.6: VrPluginImpl#_attachPluginObserverWrapper callbackMap.put : ecarx.xsf.mediacenter.vr.channel.d$1@55bb3c9
11-01 10:14:13.902755  2251  2251 I MediaController: [JRStatus_USB][usb1IsMounted] isMounted: false
11-01 10:14:13.180327  1959  2308 E EASFramework: ServiceName=multimedia
11-01 10:14:16.004846  2721  2721 I VirtualAudioJni: Init:start intialize JNI
11-01 10:14:17.889808  1833  2052 D UserAPI : userapi init sm:com.ecarx.sdk.ServiceManagerImpl@f48face,mCtx:ecarx.xsf.mediacenter.app.MediaCenterApp@c59245b
11-01 10:14:16.004887  2721  2721 E VirtualAudioJni: Init:GetJavaVM result is 0
11-01 10:14:17.475508  2984  3110 E EASFramework: SERVICE_CONNECTED_SUPPORT_NOTIFITY >> mediacenter
11-01 10:14:13.911476  2251  2251 I MediaController: [JRStatus_USB][usb2IsMounted] isMounted: false
11-01 10:14:16.005055  2721  2721 I VirtualAudioJni: Init:initialize end
11-01 10:14:13.911503  2251  2251 I MediaController:  [JRStatus_USB][initState] no usb disk connected
11-01 10:14:16.005194  2721  2721 I DMSDP   : VirtualAudioProxy:createDefaultTracks start
11-01 10:14:12.734891  1810  1810 D GKAI:EAS:1.0.0: [XKDbManager] getMKConfig : 1    [id = 1	dateSource = magicbook	oneshotEnable = true	customWakeupEnable = false	changeWakeupEnable = true 	acmuteEnable = false	pttEnable = false	baiduEnable = false	vrAudiologEnable = false	partitionInhibition = high_inhibition	mkWakeupName = 	isBaiduVersion = false	geekModeEnable = false	visionEnable = true	geekModeCanOpen = false]
11-01 10:14:16.128248  2721  2721 W AudioTrack: Use of stream types is deprecated for operations other than volume control
11-01 10:14:16.128391  2721  2721 W AudioTrack: See the documentation of AudioTrack() for what to use instead with android.media.AudioAttributes to qualify your playback use case
11-01 10:14:12.887184  1810  1810 D GKAI:EAS:1.0.0: [XKDbManager] getMKConfig : 1    [id = 1	dateSource = magicbook	oneshotEnable = true	customWakeupEnable = false	changeWakeupEnable = true 	acmuteEnable = false	pttEnable = false	baiduEnable = false	vrAudiologEnable = false	partitionInhibition = high_inhibition	mkWakeupName = 	isBaiduVersion = false	geekModeEnable = false	visionEnable = true	geekModeCanOpen = false]
11-01 10:14:15.779359  1866  2473 I synthesizer_jni: Java_com_tencent_btts_jni_SynthesizerNative_appendSpeakers, version is 
11-01 10:14:14.124595  2121  2121 D [XCMedia2Log][4.2.0 (2719CD3)]MediaCoreService: start MediaCoreService
11-01 10:14:16.169032  2721  2721 W AudioTrack: Use of stream types is deprecated for operations other than volume control
11-01 10:14:13.072820  1307  2486 I EASFrameworkImpl: initPermission(1959, 10057, [multimedia, daemon])
11-01 10:14:13.927692  2065  2100 I GKAI:TTS-S::3.21402010.3945: <PlayerTtsAgent> ====== startAudioPlayWorking
11-01 10:14:16.179277  2721  2721 W AudioTrack: Use of stream types is deprecated for operations other than volume control
11-01 10:14:13.946465  2065  2100 I GKAI:TTS-S::3.21402010.3945: <PlayerTtsAgent> ====== startAudioPlayWorking END
11-01 10:14:16.179332  2721  2721 W AudioTrack: See the documentation of AudioTrack() for what to use instead with android.media.AudioAttributes to qualify your playback use case
11-01 10:14:18.352011  3135  3239 E EASFramework: SERVICE_CONNECTED_SUPPORT_NOTIFITY >> mediacenter
