01-01 08:00:09.089022   150   150 I ServiceManagement: Removing namespace from process name android.hardware.usb@1.1-service-mediatek to usb@1.1-service-mediatek.
01-01 08:00:09.112324   150   150 I android.hardware.usb@1.1-service-mediatek: USB HAL Ready.
01-01 08:00:09.136917   137   137 I ServiceManagement: Removing namespace from process name android.hardware.bluetooth@1.0-service-mediatek to bluetooth@1.0-service-mediatek.
01-01 08:00:09.138278   137   137 I android.hardware.bluetooth@1.0-service-mediatek: Registration complete for android.hardware.bluetooth@1.0::IBluetoothHci/default.
01-01 08:00:09.203072   135   135 D mtkaudiohalservice: Start audiohalservice
01-01 08:00:09.205785   135   135 D mtkaudiohalservice: registering IDevicesFactory
01-01 08:00:09.232575   135   135 I ServiceManagement: Removing namespace from process name android.hardware.audio@4.0-service-mediatek to audio@4.0-service-mediatek.
01-01 08:00:09.233799   135   135 I mtkaudiohalservice: Registration complete for android.hardware.audio@4.0::IDevicesFactory/default.
01-01 08:00:09.233860   135   135 D mtkaudiohalservice: registered IDevicesFactory
01-01 08:00:09.233879   135   135 D mtkaudiohalservice: registering IEffectsFactory
01-01 08:00:09.249853   157   191 I vendor.mediatek.hardware.power@2.0-service: mtkPowerService - data:0x0
01-01 08:00:09.255138   147   147 I VpuStream: VpuStream(147)[createInstance] version(71), Data:0x0,0x0, 1
01-01 08:00:09.255138   147   147 I VpuStream: 
01-01 08:00:09.257779   136   136 D AudCntrlDrv: parseConfig load /vendor/etc/audioctl_def_config.xml ok !
01-01 08:00:09.259886   136   136 D AudCntrlDrv: setDefalutConfig AudioProvider = 0 
01-01 08:00:09.260924   136   136 I ServiceManagement: Removing namespace from process name android.hardware.automotive.audiocontrol@1.1-service to audiocontrol@1.1-service.
01-01 08:00:09.268769   147   147 I VpuStream: VpuStream(147)[VpuStreamImp]  user_defaultcaller open mFd (8)
01-01 08:00:09.268769   147   147 I VpuStream: 
01-01 08:00:09.268927   147   147 I VpuStream: VpuStream(147)[getAlgo] getAlgo(apu_lib_custom) in
01-01 08:00:09.278604   147   147 E VpuStream: VpuStream(147)[getAlgo] fail to get algo, Illegal seek, errno = 29
01-01 08:00:09.278691   147   147 I VpuStream: VpuStream(147)[~VpuStreamImp] close mFd (8)
01-01 08:00:09.278691   147   147 I VpuStream: 
01-01 08:00:09.278809   147   147 I VpuStream: VpuStream(147)[createInstance] version(71), Data:0x0,0x0, 1
01-01 08:00:09.278809   147   147 I VpuStream: 
01-01 08:00:09.278849   147   147 I VpuStream: VpuStream(147)[VpuStreamImp]  user_defaultcaller open mFd (8)
01-01 08:00:09.278849   147   147 I VpuStream: 
01-01 08:00:09.278866   147   147 I VpuStream: VpuStream(147)[getAlgo] getAlgo(apu_lib_apunn) in
01-01 08:00:09.279277   147   147 I VpuStream: VpuStream(147)[addBuffer] buffer count 0x75ab843408, (1/1)
01-01 08:00:09.279290   147   147 D VpuStream: VpuStream(147)[addBuffer] mmapMVA+ (1/1)
01-01 08:00:09.279320   147   147 I VpuStream: VpuStream(147)[addBuffer] mmapMVA- (0)
01-01 08:00:09.279331   147   147 I VpuStream: VpuStream(147)[addBuffer] buffer count 0x75ab843408, (2/2)
01-01 08:00:09.279340   147   147 D VpuStream: VpuStream(147)[addBuffer] mmapMVA+ (1/1)
01-01 08:00:09.279363   147   147 I VpuStream: VpuStream(147)[addBuffer] mmapMVA- (0)
01-01 08:00:09.279374   147   147 I VpuStream: VpuStream(147)[addBuffer] buffer count 0x75ab843408, (3/3)
01-01 08:00:09.279394   147   147 D VpuStream: VpuStream(147)[addBuffer] mmapMVA+ (1/1)
01-01 08:00:09.279424   147   147 I VpuStream: VpuStream(147)[addBuffer] mmapMVA- (0)
01-01 08:00:09.279441   147   147 I VpuStream: VpuStream(147)[addBuffer] buffer count 0x75ab843408, (4/4)
01-01 08:00:09.279453   147   147 D VpuStream: VpuStream(147)[addBuffer] mmapMVA+ (1/1)
01-01 08:00:09.279481   147   147 I VpuStream: VpuStream(147)[addBuffer] mmapMVA- (0)
01-01 08:00:09.279498   147   147 I VpuStream: VpuStream(147)[addBuffer] buffer count 0x75ab843408, (5/5)
01-01 08:00:09.279508   147   147 D VpuStream: VpuStream(147)[addBuffer] mmapMVA+ (1/1)
01-01 08:00:09.279536   147   147 I VpuStream: VpuStream(147)[addBuffer] mmapMVA- (0)
01-01 08:00:09.303418   135   135 I mtkaudiohalservice: Registration complete for android.hardware.audio.effect@4.0::IEffectsFactory/default.
01-01 08:00:09.303614   135   135 D mtkaudiohalservice: registered IEffectsFactory
01-01 08:00:09.303647   135   135 D mtkaudiohalservice: registering ISoundTriggerHw sound_trigger.primary
01-01 08:00:09.310559   147   196 I VpuStream: VpuStream(196)[setExtraParam] + 0x0/0x0/0x2000
01-01 08:00:09.310616   147   196 I VpuStream: VpuStream(196)[enque] [vpu] enque algo:ref_15/0x75ab843408/1, expected core:0xffff
01-01 08:00:09.310616   147   196 I VpuStream: 
01-01 08:00:09.310630   147   196 I VpuStream: VpuStream(196)[enque] [vpu] corrrrrrre index(0xffff/0xffff/0xffff)
01-01 08:00:09.310630   147   196 I VpuStream: 
01-01 08:00:09.310630   147   196 I VpuStream: 
01-01 08:00:09.310630   147   196 I VpuStream: 
01-01 08:00:09.318467   135   135 I mtkaudiohalservice: Registration complete for android.hardware.soundtrigger@2.1::ISoundTriggerHw/default.
01-01 08:00:09.318521   135   135 D mtkaudiohalservice: registered ISoundTriggerHwsound_trigger.primary
01-01 08:00:09.318549   135   135 D mtkaudiohalservice: registering IBluetoothAudioOffload
01-01 08:00:09.318861    16    16 W hwservicemanager: getTransport: Cannot find entry android.hardware.bluetooth.a2dp@1.0::IBluetoothAudioOffload/default in either framework or device manifest.
01-01 08:00:09.321739   135   135 E mtkaudiohalservice: Could not get passthrough implementation for android.hardware.bluetooth.a2dp@1.0::IBluetoothAudioOffload/default.
01-01 08:00:09.321780   135   135 D mtkaudiohalservice: registered IBluetoothAudioOffload
01-01 08:00:09.321797   135   135 W mtkaudiohalservice: Could not register Bluetooth audio offload 1.0
01-01 08:00:09.324725   147   196 I VpuStream: VpuStream(196)[deque] [vpu] algo_ref_15/0x75ab843408/1, occupied core_index 0xffff/0x2, sts(0)
01-01 08:00:09.325106   147   196 I VpuStream: VpuStream(196)[setExtraParam] + 0x0/0x0/0x2000
01-01 08:00:09.325306   147   196 I VpuStream: VpuStream(196)[enque] [vpu] enque algo:ref_15/0x75ab843408/2, expected core:0xffff
01-01 08:00:09.325306   147   196 I VpuStream: 
01-01 08:00:09.325321   147   196 I VpuStream: VpuStream(196)[enque] [vpu] corrrrrrre index(0xffff/0xffff/0x2)
01-01 08:00:09.325321   147   196 I VpuStream: 
01-01 08:00:09.325321   147   196 I VpuStream: 
01-01 08:00:09.325321   147   196 I VpuStream: 
01-01 08:00:09.327828   147   196 I VpuStream: VpuStream(196)[deque] [vpu] algo_ref_15/0x75ab843408/2, occupied core_index 0xffff/0x2, sts(0)
01-01 08:00:09.332642   151   151 I ServiceManagement: Removing namespace from process name android.hardware.wifi@1.0-service-mediatek to wifi@1.0-service-mediatek.
01-01 08:00:09.355838   145   145 I ServiceManagement: Removing namespace from process name android.hardware.light@2.1-service-mediatek to light@2.1-service-mediatek.
01-01 08:00:09.356908   145   145 I android.hardware.light@2.1-service-mediatek: Registration complete for android.hardware.light@2.1::ILight/default.
01-01 08:00:09.371270   153   153 I ServiceManagement: Removing namespace from process name vendor.mediatek.hardware.gnss@1.1-service to gnss@1.1-service.
01-01 08:00:09.372814   153   153 I vendor.mediatek.hardware.gnss@1.1-service: Registration complete for vendor.mediatek.hardware.gnss@1.1::IMtkGnss/default.
01-01 08:00:09.391842   154   154 I ServiceManagement: Removing namespace from process name vendor.mediatek.hardware.nvram@1.1-service to nvram@1.1-service.
01-01 08:00:09.392777   154   154 I NVRAM   : Registration complete for vendor.mediatek.hardware.nvram@1.1::INvram/default.
01-01 08:00:09.761466   195   246 I ServiceManagement: getService: Trying again for vendor.mediatek.hardware.tbox@1.0::ITeleService/default...
01-01 08:00:09.769178   157   190 I vendor.mediatek.hardware.power@2.0-impl: mtkPowerManager - data:0x0
01-01 08:00:09.877805   159   159 I audioserver: ServiceManager: 0xe9d1c100
01-01 08:00:09.881084    16    16 W hwservicemanager: getTransport: Cannot find entry android.hardware.audio@4.0::IDevicesFactory/msd in either framework or device manifest.
01-01 08:00:09.882601   159   159 I AudioFlinger: Using default 3000 mSec as standby time.
01-01 08:00:09.884704   159   159 I APM_AudioPolicyManager_CarRadio: Loaded AudioControl HAL service
01-01 08:00:09.885184   159   159 I APM_AudioPolicyManager_CarAudioInfo: +ECARX registerVehicleCallback
01-01 08:00:09.886309   159   159 I APM_AudioPolicyManager_CarAudioInfo: Get HAL Gear 8
01-01 08:00:09.886370   159   159 I APM_AudioPolicyManager: onCarReverStateUpdate 0
01-01 08:00:09.886507   159   159 I APM_AudioPolicyManager_CarAudioInfo: Get Speed 0.000000
01-01 08:00:09.886952   159   159 I APM_AudioPolicyManager_CarAudioInfo: -ECARX  registerVehicleCallback ok...
01-01 08:00:09.887406   159   159 E APM::Serializer: deserialize: Could not parse /odm/etc/audio_policy_configuration.xml document.
01-01 08:00:09.900226   143   143 E MDP     : DpAsyncBlitStream: unrecognizable user 0
01-01 08:00:09.956839   275   275 I mediaserver: ServiceManager: 0xec39c120
01-01 08:00:10.018890   277   277 I mediametrics: ServiceManager: 0x7dccc31740
01-01 08:00:10.019103   277   277 D MediaAnalyticsService: MediaAnalyticsService created
01-01 08:00:10.114043   283   283 I mediaserver: ServiceManager: 0xe9f9c1c0
01-01 08:00:10.176501   308   308 I media.codec: mediacodecservice starting
01-01 08:00:10.214112   308   308 E MediaCodecsXmlParser: addMediaCodecFromAttributes: updating non-existing codec
01-01 08:00:10.230343   157   191 I ServiceManagement: Removing namespace from process name vendor.mediatek.hardware.power@2.0-service to power@2.0-service.
01-01 08:00:10.214216   308   308 W MediaCodecsXmlParser: parseTopLevelXMLFile(/vendor/etc/media_codecs_performance.xml) failed
01-01 08:00:10.239645   157   191 I vendor.mediatek.hardware.power@2.0-service: Registration complete for vendor.mediatek.hardware.power@2.0::IPower/default.
01-01 08:00:10.214268   308   308 W MediaCodecsXmlParser: unable to open media codecs configuration xml file: /data/misc/media/media_codecs_profiling_results.xml
01-01 08:00:10.214284   308   308 W MediaCodecsXmlParser: parseTopLevelXMLFile(/data/misc/media/media_codecs_profiling_results.xml) failed
01-01 08:00:10.195447   309   309 E android.hardware.sensors@1.0-service-mediatek: sensor hidl defaultPassthroughServiceImplementation start.
01-01 08:00:10.215358   308   308 I ServiceManagement: Removing namespace from process name android.hardware.media.omx@1.0-service to omx@1.0-service.
01-01 08:00:10.354767   135   294 D AudioALSAHardware: +mAudioALSAHardware
01-01 08:00:10.349803   308   308 E MediaCodecsXmlParser: addMediaCodecFromAttributes: updating non-existing codec
01-01 08:00:10.354883   135   294 D AudioSpeechEnhanceInfo: getInstance()
01-01 08:00:10.349907   308   308 W MediaCodecsXmlParser: parseTopLevelXMLFile(/vendor/etc/media_codecs_performance.xml) failed
01-01 08:00:10.354910   135   294 D AudioSpeechEnhanceInfo: AudioSpeechEnhanceInfo()
01-01 08:00:10.349957   308   308 W MediaCodecsXmlParser: unable to open media codecs configuration xml file: /data/misc/media/media_codecs_profiling_results.xml
01-01 08:00:10.355045   135   294 D AudioCustParamClient: AudioCustParamClient()
01-01 08:00:10.349975   308   308 W MediaCodecsXmlParser: parseTopLevelXMLFile(/data/misc/media/media_codecs_profiling_results.xml) failed
01-01 08:00:10.355063   135   294 D AudioCustParamClient: init(), acpOpsInited(0)
01-01 08:00:10.350096   308   308 I ServiceManagement: Removing namespace from process name android.hardware.media.omx@1.0-service to omx@1.0-service.
01-01 08:00:10.355084   135   294 D AudioCustParamClient: init(), init AcpOps struct
01-01 08:00:10.355008   308   308 I media.codec: IOmx HAL service created.
01-01 08:00:10.355278   135   294 D AudioCustParam: appOpsGetInstance(), init AppOps struct, lib is libaudio_param_parser-vnd.so
01-01 08:00:10.264401   320   368 D agps    : [agps][n][Default] cdma_profile  name=[CDMA1] mcp_enable=[1] mcp_addr=[10.199.22.165] mcp_port=[6066] pde_addr_valid=[0] pde_ip_type=[0] pde_addr=[11.11.11.11] pde_port=[1111] pde_url_valid=[0] pde_url_addr=[www.mediatek.com]
01-01 08:00:10.384363   135   294 D AudioParamParser-vnd: getDebugLevel(), debug level = -1
01-01 08:00:10.386428   135   294 D AudioParamParser-vnd: appHandleLoadDirAudioTypeInfo(), Don't load audio param xml = VoIPv2UI_AudioParam.xml
01-01 08:00:10.386561   135   294 D AudioParamParser-vnd: appHandleLoadDirAudioTypeInfo(), Don't load audio param xml = VoIPVolUI_AudioParam.xml
01-01 08:00:10.386576   135   294 D AudioParamParser-vnd: appHandleLoadDirAudioTypeInfo(), Don't load audio param xml = VoIPUI_AudioParam.xml
01-01 08:00:10.386732   135   294 D AudioParamParser-vnd: appHandleLoadDirAudioTypeInfo(), Don't load audio param xml = SpeechVolUI_AudioParam.xml
01-01 08:00:10.386748   135   294 D AudioParamParser-vnd: appHandleLoadDirAudioTypeInfo(), Don't load audio param xml = SpeechUI_AudioParam.xml
01-01 08:00:10.386898   135   294 D AudioParamParser-vnd: appHandleLoadDirAudioTypeInfo(), Don't load audio param xml = RingbackVolUI_AudioParam.xml
01-01 08:00:10.386949   135   294 D AudioParamParser-vnd: appHandleLoadDirAudioTypeInfo(), Don't load audio param xml = RecordVolUI_AudioParam.xml
01-01 08:00:10.386963   135   294 D AudioParamParser-vnd: appHandleLoadDirAudioTypeInfo(), Don't load audio param xml = RecordUI_AudioParam.xml
01-01 08:00:10.387042   135   294 D AudioParamParser-vnd: appHandleLoadDirAudioTypeInfo(), Don't load audio param xml = PlaybackVolUI_AudioParam.xml
01-01 08:00:10.413887   309   309 E android.hardware.sensors@1.0-service-mediatek: HAL specifies version 1.4, but does not implement set_operation_mode()
01-01 08:00:10.413903   309   309 I android.hardware.sensors@1.0-service-mediatek: sensor hidl load sensor module success.
01-01 08:00:10.421357   309   309 I ServiceManagement: Removing namespace from process name android.hardware.sensors@1.0-service-mediatek to sensors@1.0-service-mediatek.
01-01 08:00:10.427156   309   309 I android.hardware.sensors@1.0-service-mediatek: Registration complete for android.hardware.sensors@1.0::ISensors/default.
01-01 08:00:10.499044    71   155 I zygote64: Thread[7,tid=155,Native,Thread*=0x74f7c90800,peer=0x12f40000,"Thread-1"] recursive attempt to load library "/system/lib64/libmedia_jni.so"
01-01 08:00:10.535784   135   294 D AudioSpeechEnhanceInfo: AudioSpeechEnhanceInfo(), mAudioCustParamClient(0xe98f1000)
01-01 08:00:10.535839   135   294 D AudioSpeechEnhanceInfo: PreLoadBesRecordParams+
01-01 08:00:10.499438    71   155 I zygote64: Thread[7,tid=155,Native,Thread*=0x74f7c90800,peer=0x12f40000,"Thread-1"] recursive attempt to load library "/system/lib64/libmedia_jni.so"
01-01 08:00:10.535859   135   294 D AudioCustParam: GetHdRecordSceneTableFromNV()
01-01 08:00:10.499586    71   155 I zygote64: Thread[7,tid=155,Native,Thread*=0x74f7c90800,peer=0x12f40000,"Thread-1"] recursive attempt to load library "/system/lib64/libmedia_jni.so"
01-01 08:00:10.535876   135   294 D AudioCustParam: sizeof AUDIO_HD_RECORD_SCENE_TABLE_STRUCT = 135
01-01 08:00:10.535902   135   294 D AudioCustParam: GetHdRecordParamFromNV()
01-01 08:00:10.535915   135   294 D AudioCustParam: sizeof AUDIO_HD_RECORD_PARAM_STRUCT = 4054
01-01 08:00:10.535931   135   294 D AudioCustParam: sizeof AUDIO_VOIP_PARAM_STRUCT = 1592
01-01 08:00:10.535948   135   294 D AudioCustParam: sizeof AUDIO_CUSTOM_PARAM_STRUCT = 936
01-01 08:00:10.535961   135   294 D AudioSpeechEnhanceInfo: PreLoadBesRecordParams-
01-01 08:00:10.536063   135   294 D AudioMTKGainController: AudioMTKGainController contructor
01-01 08:00:10.536119   135   294 D AudioALSADriverUtility: AudioALSADriverUtility()
01-01 08:00:10.536162   135   294 D AudioALSADeviceParser: getCardName(), card name mtsndcard
01-01 08:00:10.536507   135   294 D AudioALSADeviceParser: card open success
01-01 08:00:10.536549   135   294 D AudioALSADeviceParser: 	current CardIndex = 0, Rch =  0 
01-01 08:00:10.536561   135   294 D AudioALSADeviceParser: 	current sound card name = mtsndcard
01-01 08:00:10.536573   135   294 D AudioALSADeviceParser: 	mCardIndex found = 0
01-01 08:00:10.536626   135   294 D AudioALSADeviceParser: GetAllPcmAttribute(), Pcm open success
01-01 08:00:10.548924   135   294 D AudioALSADeviceParser: Device 5 does not exist playback
01-01 08:00:10.549926   135   294 D AudioALSADeviceParser: Device 7 does not exist playback
01-01 08:00:10.555599   135   294 D AudioALSADeviceParser: Device 20 does not exist playback
01-01 08:00:10.555771   135   294 D AudioALSADeviceParser: Device 20 does not exist capture
01-01 08:00:10.558738   135   294 D AudioALSADeviceParser: name = MultiMedia1_PLayback, card index = 0, pcm index = 0, playback  = 1, capture = 0
01-01 08:00:10.558780   135   294 D AudioALSADeviceParser: name = MultiMedia1_Capture, card index = 0, pcm index = 1, playback  = 0, capture = 1
01-01 08:00:10.558794   135   294 D AudioALSADeviceParser: name = Voice_MD1_PLayback, card index = 0, pcm index = 2, playback  = 1, capture = 1
01-01 08:00:10.558806   135   294 D AudioALSADeviceParser: name = TDM_PLayback, card index = 0, pcm index = 3, playback  = 1, capture = 1
01-01 08:00:10.558818   135   294 D AudioALSADeviceParser: name = ULDL_Loopback, card index = 0, pcm index = 4, playback  = 1, capture = 1
01-01 08:00:10.558829   135   294 D AudioALSADeviceParser: name = I2S0_PLayback, card index = 0, pcm index = 5, playback  = 1, capture = 0
01-01 08:00:10.558840   135   294 D AudioALSADeviceParser: name = MRGRX_PLayback, card index = 0, pcm index = 6, playback  = 1, capture = 1
01-01 08:00:10.558852   135   294 D AudioALSADeviceParser: name = MRGRX_CAPTURE, card index = 0, pcm index = 7, playback  = 1, capture = 1
01-01 08:00:10.558863   135   294 D AudioALSADeviceParser: name = I2S0DL1_PLayback, card index = 0, pcm index = 8, playback  = 1, capture = 0
01-01 08:00:10.558874   135   294 D AudioALSADeviceParser: name = Deep_Buffer_PLayback, card index = 0, pcm index = 9, playback  = 1, capture = 0
01-01 08:00:10.558887   135   294 D AudioALSADeviceParser: name = DL1_AWB_Record, card index = 0, pcm index = 10, playback  = 0, capture = 1
01-01 08:00:10.558900   135   294 D AudioALSADeviceParser: name = Voice_MD1_BT_Playback, card index = 0, pcm index = 11, playback  = 1, capture = 0
01-01 08:00:10.558912   135   294 D AudioALSADeviceParser: name = VOIP_Call_BT_Playback, card index = 0, pcm index = 12, playback  = 1, capture = 0
01-01 08:00:10.558923   135   294 D AudioALSADeviceParser: name = VOIP_Call_BT_Capture, card index = 0, pcm index = 13, playback  = 0, capture = 1
01-01 08:00:10.558934   135   294 D AudioALSADeviceParser: name = TDM_Debug_Record, card index = 0, pcm index = 14, playback  = 0, capture = 1
01-01 08:00:10.558946   135   294 D AudioALSADeviceParser: name = FM_MRGTX_Playback, card index = 0, pcm index = 15, playback  = 1, capture = 0
01-01 08:00:10.558958   135   294 D AudioALSADeviceParser: name = MultiMediaData2_Capture, card index = 0, pcm index = 16, playback  = 0, capture = 1
01-01 08:00:10.558969   135   294 D AudioALSADeviceParser: name = MultiMediaData3_Capture, card index = 0, pcm index = 17, playback  = 0, capture = 1
01-01 08:00:10.558981   135   294 D AudioALSADeviceParser: name = I2S0AWB_Capture, card index = 0, pcm index = 18, playback  = 0, capture = 1
01-01 08:00:10.558992   135   294 D AudioALSADeviceParser: name = Voice_MD2_PLayback, card index = 0, pcm index = 19, playback  = 1, capture = 1
01-01 08:00:10.559004   135   294 D AudioALSADeviceParser: name = MultiMedia_Routing, card index = 0, pcm index = 20, playback  = 1, capture = 1
01-01 08:00:10.559015   135   294 D AudioALSADeviceParser: name = Voice_MD2_BT_Playback, card index = 0, pcm index = 21, playback  = 1, capture = 0
01-01 08:00:10.559027   135   294 D AudioALSADeviceParser: name = HP_IMPEDANCE_Playback, card index = 0, pcm index = 22, playback  = 1, capture = 0
01-01 08:00:10.559038   135   294 D AudioALSADeviceParser: name = FM_I2S_Playback, card index = 0, pcm index = 23, playback  = 1, capture = 1
01-01 08:00:10.559050   135   294 D AudioALSADeviceParser: name = FM_I2S_Capture, card index = 0, pcm index = 24, playback  = 0, capture = 1
01-01 08:00:10.559061   135   294 D AudioALSADeviceParser: name = MultiMedia2_PLayback, card index = 0, pcm index = 25, playback  = 1, capture = 0
01-01 08:00:10.559073   135   294 D AudioALSADeviceParser: name = MultiMedia3_PLayback, card index = 0, pcm index = 26, playback  = 1, capture = 0
01-01 08:00:10.559084   135   294 D AudioALSADeviceParser: name = BTCVSD_Capture, card index = 0, pcm index = 27, playback  = 1, capture = 1
01-01 08:00:10.559096   135   294 D AudioALSADeviceParser: name = BTCVSD_Playback, card index = 0, pcm index = 28, playback  = 1, capture = 1
01-01 08:00:10.559107   135   294 D AudioALSADeviceParser: name = ANC_Record, card index = 0, pcm index = 29, playback  = 0, capture = 1
01-01 08:00:10.559119   135   294 D AudioALSADeviceParser: name = Voice_USB_PLayback, card index = 0, pcm index = 30, playback  = 1, capture = 1
01-01 08:00:10.559130   135   294 D AudioALSADeviceParser: name = Voice_USB_EchoRef, card index = 0, pcm index = 31, playback  = 1, capture = 0
01-01 08:00:10.559142   135   294 D AudioALSADeviceParser: name = I2S5DL1_PLayback, card index = 0, pcm index = 32, playback  = 1, capture = 0
01-01 08:00:10.559153   135   294 D AudioALSADeviceParser: name = Headphone_PLayback, card index = 0, pcm index = 33, playback  = 1, capture = 1
01-01 08:00:10.559165   135   294 D AudioALSADeviceParser: name = Speaker_PLayback, card index = 0, pcm index = 34, playback  = 1, capture = 1
01-01 08:00:10.559176   135   294 D AudioALSADeviceParser: name = I2S2ADC2_Capture, card index = 0, pcm index = 35, playback  = 0, capture = 1
01-01 08:00:10.559443   135   294 D AudioALSADriverUtility: mMixer = 0xe851c1c0
01-01 08:00:10.570277   135   294 D AudioALSADeviceConfigManager: TiXmlDeclaration version = 1.0, Encoding = UTF-8, Standalone = 
01-01 08:00:10.570332   135   294 D AudioALSADeviceConfigManager: GetVersion = 1.01
01-01 08:00:10.570345   135   294 D AudioALSADeviceConfigManager: +ParseInitSequence()
01-01 08:00:10.570358   135   294 D AudioALSADeviceConfigManager: valname = Audio_Speaker_class_Switch  valvalue = CLASSAB  
01-01 08:00:10.570382   135   294 D AudioALSADeviceConfigManager: -ParseInitSequence()
01-01 08:00:10.570396   135   294 D AudioALSADeviceConfigManager: ParseDeviceSequence() devicename = headphone_output action = turnon
01-01 08:00:10.570415   135   294 D AudioALSADeviceConfigManager: ParseDeviceSequence() devicename = headphone_output action = turnoff
01-01 08:00:10.570430   135   294 D AudioALSADeviceConfigManager: ParseDeviceSequence() devicename = receiver_output action = turnon
01-01 08:00:10.570447   135   294 D AudioALSADeviceConfigManager: ParseDeviceSequence() devicename = receiver_output action = turnoff
01-01 08:00:10.570460   135   294 D AudioALSADeviceConfigManager: ParseDeviceSequence() devicename = two_in_one_speaker_output action = turnon
01-01 08:00:10.570474   135   294 D AudioALSADeviceConfigManager: ParseDeviceSequence() devicename = two_in_one_speaker_output action = turnoff
01-01 08:00:10.570488   135   294 D AudioALSADeviceConfigManager: ParseDeviceSequence() devicename = speaker_output action = turnon
01-01 08:00:10.570502   135   294 D AudioALSADeviceConfigManager: ParseDeviceSequence() devicename = speaker_output action = turnoff
01-01 08:00:10.570515   135   294 D AudioALSADeviceConfigManager: ParseDeviceSequence() devicename = headphoneSpeaker_output action = turnon
01-01 08:00:10.570532   135   294 D AudioALSADeviceConfigManager: ParseDeviceSequence() devicename = headphoneSpeaker_output action = turnoff
01-01 08:00:10.570545   135   294 D AudioALSADeviceConfigManager: ParseDeviceSequence() devicename = maxim_speaker_output action = turnon
01-01 08:00:10.570559   135   294 D AudioALSADeviceConfigManager: ParseDeviceSequence() devicename = maxim_speaker_output action = turnoff
01-01 08:00:10.570573   135   294 D AudioALSADeviceConfigManager: ParseDeviceSequence() devicename = maxim_headphoneSpeaker_output action = turnon
01-01 08:00:10.570591   135   294 D AudioALSADeviceConfigManager: ParseDeviceSequence() devicename = maxim_headphoneSpeaker_output action = turnoff
01-01 08:00:10.570608   135   294 D AudioALSADeviceConfigManager: ParseDeviceSequence() devicename = ext_speaker_output action = turnon
01-01 08:00:10.570622   135   294 D AudioALSADeviceConfigManager: ParseDeviceSequence() devicename = ext_speaker_output action = turnoff
01-01 08:00:10.570635   135   294 D AudioALSADeviceConfigManager: ParseDeviceSequence() devicename = builtin_Mic_Mic1 action = turnon
01-01 08:00:10.570654   135   294 D AudioALSADeviceConfigManager: ParseDeviceSequence() devicename = builtin_Mic_Mic1 action = turnoff
01-01 08:00:10.570671   135   294 D AudioALSADeviceConfigManager: ParseDeviceSequence() devicename = builtin_Mic_Mic1_Inverse action = turnon
01-01 08:00:10.570690   135   294 D AudioALSADeviceConfigManager: ParseDeviceSequence() devicename = builtin_Mic_Mic1_Inverse action = turnoff
01-01 08:00:10.570705   135   294 D AudioALSADeviceConfigManager: ParseDeviceSequence() devicename = builtin_Mic_Mic2 action = turnon
01-01 08:00:10.570721   135   294 D AudioALSADeviceConfigManager: ParseDeviceSequence() devicename = builtin_Mic_Mic2 action = turnoff
01-01 08:00:10.570736   135   294 D AudioALSADeviceConfigManager: ParseDeviceSequence() devicename = builtin_Mic_Mic2_Inverse action = turnon
01-01 08:00:10.570752   135   294 D AudioALSADeviceConfigManager: ParseDeviceSequence() devicename = builtin_Mic_Mic2_Inverse action = turnoff
01-01 08:00:10.570767   135   294 D AudioALSADeviceConfigManager: ParseDeviceSequence() devicename = builtin_Mic_SingleMic action = turnon
01-01 08:00:10.570783   135   294 D AudioALSADeviceConfigManager: ParseDeviceSequence() devicename = builtin_Mic_SingleMic action = turnoff
01-01 08:00:10.570798   135   294 D AudioALSADeviceConfigManager: ParseDeviceSequence() devicename = builtin_Mic_DualMic action = turnon
01-01 08:00:10.570815   135   294 D AudioALSADeviceConfigManager: ParseDeviceSequence() devicename = builtin_Mic_DualMic action = turnoff
01-01 08:00:10.570829   135   294 D AudioALSADeviceConfigManager: ParseDeviceSequence() devicename = builtin_Mic_BackMic action = turnon
01-01 08:00:10.570848   135   294 D AudioALSADeviceConfigManager: ParseDeviceSequence() devicename = builtin_Mic_BackMic action = turnoff
01-01 08:00:10.570863   135   294 D AudioALSADeviceConfigManager: ParseDeviceSequence() devicename = builtin_Mic_BackMic_Inverse action = turnon
01-01 08:00:10.570881   135   294 D AudioALSADeviceConfigManager: ParseDeviceSequence() devicename = builtin_Mic_BackMic_Inverse action = turnoff
01-01 08:00:10.570895   135   294 D AudioALSADeviceConfigManager: ParseDeviceSequence() devicename = headset_mic_input action = turnon
01-01 08:00:10.570912   135   294 D AudioALSADeviceConfigManager: ParseDeviceSequence() devicename = headset_mic_input action = turnoff
01-01 08:00:10.570927   135   294 D AudioALSADeviceConfigManager: ParseDeviceSequence() devicename = sidetone_switch action = turnon
01-01 08:00:10.570941   135   294 D AudioALSADeviceConfigManager: ParseDeviceSequence() devicename = sidetone_switch action = turnoff
01-01 08:00:10.570954   135   294 D AudioALSADeviceConfigManager: ParseDeviceSequence() devicename = Mic1TypeACCMode action = setting
01-01 08:00:10.570968   135   294 D AudioALSADeviceConfigManager: ParseDeviceSequence() devicename = Mic1TypeDCCMode action = setting
01-01 08:00:10.624250   159   159 I AudioFlinger: loadHwModule() Loaded primary audio interface, handle 10
01-01 08:00:10.570981   135   294 D AudioALSADeviceConfigManager: ParseDeviceSequence() devicename = Mic1TypeDMICMode action = setting
01-01 08:00:10.624469   159   159 I AudioFlinger: openOutput() this 0xe9d6a000, module 10 Device 0x2, SamplingRate 48000, Format 0x000003, Channels 0x3, flags 0x2
01-01 08:00:10.570994   135   294 D AudioALSADeviceConfigManager: ParseDeviceSequence() devicename = Mic1TypeDCCECMDIFFMode action = setting
01-01 08:00:10.626474   159   159 I AudioFlinger: HAL output buffer size 1024 frames, normal sink buffer size 1024 frames
01-01 08:00:10.571009   135   294 D AudioALSADeviceConfigManager: ParseDeviceSequence() devicename = Mic1TypeDCCECMSINGLEMode action = setting
01-01 08:00:10.571022   135   294 D AudioALSADeviceConfigManager: ParseDeviceSequence() devicename = Mic2TypeACCMode action = setting
01-01 08:00:10.571039   135   294 D AudioALSADeviceConfigManager: ParseDeviceSequence() devicename = Mic2TypeDCCMode action = setting
01-01 08:00:10.571053   135   294 D AudioALSADeviceConfigManager: ParseDeviceSequence() devicename = Mic2TypeDMICMode action = setting
01-01 08:00:10.571067   135   294 D AudioALSADeviceConfigManager: ParseDeviceSequence() devicename = Mic2TypeDCCECMDIFFMode action = setting
01-01 08:00:10.571081   135   294 D AudioALSADeviceConfigManager: ParseDeviceSequence() devicename = Mic2TypeDCCECMSINGLEMode action = setting
01-01 08:00:10.571093   135   294 D AudioALSADeviceConfigManager: ParseDeviceSequence() devicename = Mic3TypeACCMode action = setting
01-01 08:00:10.571107   135   294 D AudioALSADeviceConfigManager: ParseDeviceSequence() devicename = Mic3TypeDCCMode action = setting
01-01 08:00:10.571119   135   294 D AudioALSADeviceConfigManager: ParseDeviceSequence() devicename = Mic3TypeDMICMode action = setting
01-01 08:00:10.571132   135   294 D AudioALSADeviceConfigManager: ParseDeviceSequence() devicename = Mic3TypeDCCECMDIFFMode action = setting
01-01 08:00:10.571145   135   294 D AudioALSADeviceConfigManager: ParseDeviceSequence() devicename = Mic3TypeDCCECMSINGLEMode action = setting
01-01 08:00:10.571159   135   294 D AudioALSADeviceConfigManager: ParseDeviceSequence() devicename = Mic4TypeACCMode action = setting
01-01 08:00:10.571173   135   294 D AudioALSADeviceConfigManager: ParseDeviceSequence() devicename = Mic4TypeDCCMode action = setting
01-01 08:00:10.571187   135   294 D AudioALSADeviceConfigManager: ParseDeviceSequence() devicename = Mic4TypeDMICMode action = setting
01-01 08:00:10.571201   135   294 D AudioALSADeviceConfigManager: ParseDeviceSequence() devicename = Mic4TypeDCCECMDIFFMode action = setting
01-01 08:00:10.571214   135   294 D AudioALSADeviceConfigManager: ParseDeviceSequence() devicename = Mic4TypeDCCECMSINGLEMode action = setting
01-01 08:00:10.571235   135   294 D AudioALSADeviceConfigManager: ParseDeviceSequence() devicename = Mic_Setting_Inverse action = setting
01-01 08:00:10.571250   135   294 D AudioALSADeviceConfigManager: ParseDeviceSequence() devicename = Mic_Setting_NoInverse action = setting
01-01 08:00:10.571559   135   294 D         : appOpsGetInstance(), init AppOps struct, lib is libaudio_param_parser-vnd.so
01-01 08:00:10.571873   135   294 D AudioSmartPaController: initSmartPaAttribute(), spkType: int_lo_buf, isSmartPAUsed: 0, SmartPA dynamic detect: 0
01-01 08:00:10.571906   135   294 D AudioALSAHardwareResourceManager: AudioALSAHardwareResourceManager()
01-01 08:00:10.573024   135   294 D AudioALSACodecDeviceBase: AudioALSACodecDeviceBase()
01-01 08:00:10.573062   135   294 D AudioALSACodecDeviceOutEarphonePMIC: AudioALSACodecDeviceOutEarphonePMIC()
01-01 08:00:10.573117   135   294 D AudioALSACodecDeviceOutEarphonePMIC: DeviceDoDcCalibrate(), ctl Dctrim_Control_Switch = 2
01-01 08:00:10.573135   135   294 D AudioALSACodecDeviceOutEarphonePMIC: DeviceDoDcCalibrate(), dc trimmed
01-01 08:00:10.573158   135   294 D AudioALSACodecDeviceBase: AudioALSACodecDeviceBase()
01-01 08:00:10.573172   135   294 D AudioALSACodecDeviceOutSpeakerEarphonePMIC: AudioALSACodecDeviceOutSpeakerEarphonePMIC()
01-01 08:00:10.573191   135   294 D AudioALSACodecDeviceOutSpeakerEarphonePMIC: DeviceDoDcCalibrate()
01-01 08:00:10.573225   135   294 D AudioALSACodecDeviceOutSpeakerEarphonePMIC: DeviceDoDcCalibrate(), can't get mixer control(Audio HPL_SPK Offset)
01-01 08:00:10.573269   135   294 D AudioALSACodecDeviceOutSpeakerEarphonePMIC: DeviceDoDcCalibrate(), can't get mixer control(Audio HPR_SPK Offset)
01-01 08:00:10.573286   135   294 D AudioUtility: PHONE_MIC_MODE defined!, mPhoneMicMode = 1
01-01 08:00:10.573312   135   294 D AudioUtility: HEADSET_MIC_MODE defined!, mHeadsetMicMode = 1
01-01 08:00:10.573326   135   294 D AudioALSAHardwareResourceManager: updatePhoneMicMode()
01-01 08:00:10.574062   135   294 D AudioALSAHardwareResourceManager: updatePhoneMicMode(), new mic mode = 2,  old mic_mode = 1
01-01 08:00:10.582575   135   294 D         : appOpsGetInstance(), init AppOps struct, lib is libaudio_param_parser-vnd.so
01-01 08:00:10.582960   135   294 D GainTableParamParser: mSpec.audioBufferGainPreferMaxIdx = 18
01-01 08:00:10.582977   135   294 D GainTableParamParser: mSpec.audioBufLMixerName = Headset_PGAL_GAIN
01-01 08:00:10.582991   135   294 D GainTableParamParser: mSpec.audioBufRMixerName = Headset_PGAR_GAIN
01-01 08:00:10.583283   135   294 D GainTableParamParser: mSpec.ulPgaLMixerName = Audio_PGA1_Setting
01-01 08:00:10.583295   135   294 D GainTableParamParser: mSpec.ulPgaRMixerName = Audio_PGA2_Setting
01-01 08:00:10.583665   135   294 D AudioMTKGainController: allocateGainTable()
01-01 08:00:10.588872   135   294 D AudioMTKGainController: mMixer = 0xe851c1c0
01-01 08:00:10.588896   135   294 D         : appOpsGetInstance(), init AppOps struct, lib is libaudio_param_parser-vnd.so
01-01 08:00:10.589202   135   294 D AudioALSAHardware: AudioALSAHardware()
01-01 08:00:10.598390   135   294 D SpeechParamParser: appOpsGetInstance(), init AppOps struct, lib is libaudio_param_parser-vnd.so
01-01 08:00:10.598961   135   294 D         : appOpsGetInstance(), init AppOps struct, lib is libaudio_param_parser-vnd.so
01-01 08:00:10.599725   135   294 D AudioALSAFMController: AudioALSAFMController()
01-01 08:00:10.599759   135   294 D         : appOpsGetInstance(), init AppOps struct, lib is libaudio_param_parser-vnd.so
01-01 08:00:10.600030   135   294 D AudioALSAStreamManager: AudioALSAStreamManager()
01-01 08:00:10.600053   135   294 D AudioALSAStreamManager: AudioALSAStreamManager(), mBesLoudnessStatus [0] (Always) 
01-01 08:00:10.600077   135   294 D AudioEventThreadManager: registerCallback(), audioEventType=0, callbackFunc = 0xe936ae9c
01-01 08:00:10.600093   135   294 D AudioEventThreadManager: AudioEventThread(), audioEventType = 0
01-01 08:00:10.600146   135   294 D AudioEventThreadManager: registerCallback(), add new audioEventType=0, callbackFunc = 0xe936ae9c
01-01 08:00:10.600165   135   294 D AudioUtility: getPowerHal(), get PowerHal Service
01-01 08:00:10.600383   135   463 E AudioALSASpeechPhoneCallController: nativeCallThread(), TestThread!!
01-01 08:00:10.600458   135   463 E AudioALSASpeechPhoneCallController: listen ret (0)
01-01 08:00:10.602653   135   294 D AudioUtility: getPowerHal(), Link to death notification successfully
01-01 08:00:10.602724   135   294 D AudioALSAParamTuner: getInstance(), create AudioALSAParamTuner instance --
01-01 08:00:10.602743   135   294 D AudioALSAParamTuner: +AudioALSAParamTuner()
01-01 08:00:10.602771   135   294 D AudioCustParam: GetVolumeVer1ParamFromNV 
01-01 08:00:10.602787   135   294 D AudioCustParam: getDefaultVer1VolumeParam
01-01 08:00:10.602807   135   294 D AudioMTKGainController: getMicGainDecimal(), micMode 1, gainDevice 0, micGainDecimal 164
01-01 08:00:10.602823   135   294 D AudioMTKGainController: getMicGainDecimal(), micMode 1, gainDevice 2, micGainDecimal 180
01-01 08:00:10.602845   135   294 D AudioALSAParamTuner: AudioALSAParamTuner(), AudioALSAParamTuner: default mic gain-mormal:164;handsfree:180, receiver gain:112, headset Gain:76
01-01 08:00:10.602861   135   294 D AudioALSAParamTuner: getInstance(), create AudioALSAParamTuner instance ++
01-01 08:00:10.603871   135   294 D         : appOpsGetInstance(), init AppOps struct, lib is libaudio_param_parser-vnd.so
01-01 08:00:10.604405   135   294 D AudioALSAHardware: AudioALSAHardware(), mAudioHalBtscoWB = 0
01-01 08:00:10.604493   135   294 D AudioBTCVSDControl: +AudioBTCVSDControl
01-01 08:00:10.604510   135   294 D AudioBTCVSDControl: AudioBTCVSDControl constructor
01-01 08:00:10.618877   135   294 D AudioBTCVSDControl: BT_SCO_SET_TXState state=0x0
01-01 08:00:10.618922   135   294 D AudioBTCVSDControl: BT_SCO_SET_RXState state=0x10
01-01 08:00:10.618935   135   294 D AudioBTCVSDControl: BT_SCO_CVSD_Init() allocate mBTSCOCVSDContext
01-01 08:00:10.618950   135   294 D AudioBTCVSDControl: -AudioBTCVSDControl
01-01 08:00:10.618961   135   294 D AudioBTCVSDControl: AudioBTCVSDControl getInstance()
01-01 08:00:10.618975   135   294 D AudioBTCVSDControl: BT_SCO_SetMode, mode=0, BTmode=0
01-01 08:00:10.618990   135   294 D AudioALSASpeechPhoneCallController: setBTMode(), mBTMode: 0 => 0
01-01 08:00:10.619025   135   294 D AudioALSAHardware: -mAudioALSAHardware
01-01 08:00:10.619041   135   294 D mtk_audio_hw_hal: gAudioHALRefCountByClient + 1
01-01 08:00:10.622321   135   294 D AudioALSAHardware: initCheck()
01-01 08:00:10.622369   135   294 D AudioALSAHardware: AudioALSAHardware, v01_dsp_connect()
01-01 08:00:10.622403   135   294 D AudioALSAHardware: v01_dsp_connect(), xz_get_version is v1.0.1.0330
01-01 08:00:10.622964   135   294 D AudioALSAHardware: v01_dsp_connect(), V01 engine connect start = 
01-01 08:00:10.623316   135   294 D AudioALSAStreamManager: setMasterVolume(), volume = 1.000000
01-01 08:00:10.623369   135   294 D AudioHfpController: +UniqueHfpControllerInstance
01-01 08:00:10.623412   135   294 D AudioHfpController: AudioHfpController
01-01 08:00:10.623433   135   294 D AudioCustParam: sizeof AUDIO_HFP_PARAM_STRUCT = 1592
01-01 08:00:10.623455   135   294 D AudioHfpController: setBgsSoundAttribute sampleRate = 44100 chNum = 2 format = 1
01-01 08:00:10.623479   135   294 D AudioHfpController: -UniqueHfpControllerInstance
01-01 08:00:10.623497   135   294 D AudioMTKGainController: setNormalVolume(), mSceneIndex = 0, stream -1, devices 0x0, index -1, mode 0x0
01-01 08:00:10.623521   135   294 E AudioMTKGainController: getGainDevice(), error, devices (0) not support, return GAIN_DEVICE_SPEAKER
01-01 08:00:10.623533   135   294 W AudioMTKGainController: error, stream -1 is invalid, use 3 instead
01-01 08:00:10.623546   135   294 W AudioMTKGainController: error, index -1 is invalid, use max 15 instead
01-01 08:00:10.623562   135   294 D AudioMTKGainController: setSpeakerGain(), gain = 10, spkAnaType = 3, spkLMixerName = Lineout_PGAL_GAIN, spkRMixerName = Lineout_PGAR_GAIN
01-01 08:00:10.624632   135   294 D AudioALSAStreamManager: +openOutputStream()
01-01 08:00:10.624670   135   294 D AudioALSAStreamManager: openOutputStream(), devices = 0x2, format = 0x3, channels = 0x3, sampleRate = 48000, status = 0xd
01-01 08:00:10.624716   135   294 D AudioALSAStreamOut: AudioALSAStreamOut()
01-01 08:00:10.624734   135   294 D AudioALSAStreamOut: set(), devices = 0x2, format = 0x3, channels = 0x3, sampleRate = 48000, flags = 0x2
01-01 08:00:10.624781   135   294 D AudioALSASampleRateController: AudioALSASampleRateController()
01-01 08:00:10.624800   135   294 D AudioALSASampleRateController: +setPrimaryStreamOutSampleRate(), mPrimaryStreamOutSampleRate: 44100 => 48000
01-01 08:00:10.624813   135   294 D AudioALSASampleRateController: -setPrimaryStreamOutSampleRate(), mPrimaryStreamOutSampleRate: 48000
01-01 08:00:10.624837   135   294 D AudioALSAStreamOut: set(), mStreamAttributeSource.latency 42, mStreamAttributeSource.buffer_size =8192, channels 2.
01-01 08:00:10.625196   135   294 D AudioCompFltCustParam: getPlaybackPostProcessParameterFromXML Type/Name [0]/[PlaybackACF]
01-01 08:00:10.625221   135   294 D AudioCompFltCustParam: appOpsGetInstance(), init AppOps struct, lib is libaudio_param_parser-vnd.so
01-01 08:00:10.625494   135   294 D AudioCompFltCustParam: L/R_hpf_fc = 300/0, L/R_hpf_order = 2/0, L/R_lpf_fc = 0/0, L/R_lpf_order = 0/0
01-01 08:00:10.625513   135   294 D AudioCompFltCustParam: Sep_LR_Filter = 0, WS_Gain_Max = 0, WS_Gain_Min = 0, Filter_First = 0, Num_Bands = 0, Flt_Bank_Order = 0
01-01 08:00:10.625533   135   294 D AudioCompFltCustParam: DRC_Delay = 0, Lim_Th = 0, Lim_Gn = 0, Lim_Const = 0, Lim_Delay = 0, SWIPRev = 0x520
01-01 08:00:10.625547   135   294 D MtkAudioLoud: loadParameter Update Cache Type [0], Scene []
01-01 08:00:10.625571   135   294 D MtkAudioLoud: mIsZeroCoeff 0 mFilterType 0
01-01 08:00:10.625589   135   294 D AudioMTKFilterManager: mFixedParam 0
01-01 08:00:10.625607   135   294 D AudioALSAStreamManager: -openOutputStream(), out = 0xe86e7600, status = 0x0, mStreamOutVector.size() = 1
01-01 08:00:10.701824   135   294 D AudioALSAStreamOut: latency(), flags 2, return 42
01-01 08:00:10.702073   159   159 D StreamHalHidl: processReturn with getLatency, status = 0
01-01 08:00:10.701923   135   294 D MTKStreamOutHAL: StreamOut::getLatency = 42
01-01 08:00:10.701942   135   294 D AudioALSAStreamOut: latency(), flags 2, return 42
01-01 08:00:10.706316   135   294 D AudioALSAStreamOut: latency(), flags 2, return 42
01-01 08:00:10.706509   159   159 D StreamHalHidl: processReturn with getLatency, status = 0
01-01 08:00:10.706348   135   294 D MTKStreamOutHAL: StreamOut::getLatency = 42
01-01 08:00:10.706565   159   159 I AudioFlinger: Using module 10 as the primary audio interface
01-01 08:00:10.706371   135   294 D AudioALSAStreamOut: latency(), flags 2, return 42
01-01 08:00:10.706653   159   476 I AudioFlinger: AudioFlinger's thread 0xe92837c0 tid=476 ready to run
01-01 08:00:10.706670   135   294 W AudioALSAStreamManager: setMode(), mAudioMode: 0 == 0, return
01-01 08:00:10.706788   159   159 I APM_AudioPolicyManager_CarAudioInfo: + ECARX computeVolume stream 0  index 0  device = 0x2,revser 0  duck 0  speedCompEnable 0 volume table -78.000000
01-01 08:00:10.707274   135   294 D AudioALSAHardware: setVoiceVolume(), volume = 0.000000, mUseTuningVolume = 0
01-01 08:00:10.706816   159   159 I APM_AudioPolicyManager_CarAudioInfo: - ECARX computeVolume stream 0  index 0  volumeDb -758.000000
01-01 08:00:10.707301   135   294 D AudioALSAStreamManager: setVoiceVolume(), volume = 0.000000
01-01 08:00:10.706918   159   476 W AudioFlinger: no wake lock to update, system not ready yet
01-01 08:00:10.707323   135   294 D AudioMTKGainController: setVoiceVolume(), index = -1, devices = 0x2, mode = 0, mBand = 0, mNetwork = 0, mVoiceVolume = 0.000000
01-01 08:00:10.707851   159   159 I APM_AudioPolicyManager_CarAudioInfo: + ECARX computeVolume stream 1  index 0  device = 0x2,revser 0  duck 0  speedCompEnable 0 volume table -80.000000
01-01 08:00:10.707338   135   294 W AudioMTKGainController: error, index -1 is invalid, use max 7 instead
01-01 08:00:10.707881   159   159 I APM_AudioPolicyManager_CarAudioInfo: - ECARX computeVolume stream 1  index 0  volumeDb -758.000000
01-01 08:00:10.707362   135   294 D AudioMTKGainController: setSpeakerGain(), gain = 9, spkAnaType = 3, spkLMixerName = Lineout_PGAL_GAIN, spkRMixerName = Lineout_PGAR_GAIN
01-01 08:00:10.707991   159   159 I APM_AudioPolicyManager_CarAudioInfo: + ECARX computeVolume stream 2  index 0  device = 0x2,revser 0  duck 0  speedCompEnable 0 volume table -80.000000
01-01 08:00:10.707375   135   135 D AudioALSAStreamOut: standby(), flag 2
01-01 08:00:10.708012   159   159 I APM_AudioPolicyManager_CarAudioInfo: - ECARX computeVolume stream 2  index 0  volumeDb -758.000000
01-01 08:00:10.707403   135   135 D AudioALSAStreamOut: standbyStreamOut(), flag 2
01-01 08:00:10.708090   159   159 I APM_AudioPolicyManager_CarAudioInfo: + ECARX computeVolume stream 3  index 0  device = 0x2,revser 0  duck 0  speedCompEnable 0 volume table -80.000000
01-01 08:00:10.708109   159   159 I APM_AudioPolicyManager_CarAudioInfo: - ECARX computeVolume stream 3  index 0  volumeDb -758.000000
01-01 08:00:10.708153   159   476 W AudioFlinger: no wake lock to update, system not ready yet
01-01 08:00:10.708424   159   159 I APM_AudioPolicyManager_CarAudioInfo: + ECARX computeVolume stream 4  index 0  device = 0x2,revser 0  duck 0  speedCompEnable 0 volume table -80.000000
01-01 08:00:10.707574   135   294 D AudioMTKGainController: ApplyMicGain(), mSceneIndex = 0, _mic_mode = 0, _gain_device = 2, mode = 0, micgain = 34, mULTotalGain = 208, mBand 0, mNetwork 0
01-01 08:00:10.708450   159   159 I APM_AudioPolicyManager_CarAudioInfo: - ECARX computeVolume stream 4  index 0  volumeDb -758.000000
01-01 08:00:10.707589   135   294 D AudioMTKGainController: ApplyMicGain(), SetAdcPga1 = 4, SetAdcPga2 = 4
01-01 08:00:10.708615   159   159 I APM_AudioPolicyManager_CarAudioInfo: + ECARX computeVolume stream 5  index 0  device = 0x2,revser 0  duck 0  speedCompEnable 0 volume table -80.000000
01-01 08:00:10.707717   135   294 D AudioMTKGainController: ApplySideTone gainDevice 2, sidetone 0, updated_sidetone 0
01-01 08:00:10.708634   159   159 I APM_AudioPolicyManager_CarAudioInfo: - ECARX computeVolume stream 5  index 0  volumeDb -758.000000
01-01 08:00:10.707734   135   294 W AudioALSASpeechPhoneCallController: muteDlUlForRouting(), speech off!! do nothing!!
01-01 08:00:10.708797   159   159 I APM_AudioPolicyManager_CarAudioInfo: + ECARX computeVolume stream 7  index 0  device = 0x2,revser 0  duck 0  speedCompEnable 0 volume table -80.000000
01-01 08:00:10.708817   159   159 I APM_AudioPolicyManager_CarAudioInfo: - ECARX computeVolume stream 7  index 0  volumeDb -758.000000
01-01 08:00:10.708991   159   159 I APM_AudioPolicyManager_CarAudioInfo: + ECARX computeVolume stream 8  index 0  device = 0x2,revser 0  duck 0  speedCompEnable 0 volume table -80.000000
01-01 08:00:10.709011   159   159 I APM_AudioPolicyManager_CarAudioInfo: - ECARX computeVolume stream 8  index 0  volumeDb -758.000000
01-01 08:00:10.709184   159   159 I APM_AudioPolicyManager_CarAudioInfo: + ECARX computeVolume stream 9  index 0  device = 0x2,revser 0  duck 0  speedCompEnable 0 volume table -80.000000
01-01 08:00:10.709205   159   159 I APM_AudioPolicyManager_CarAudioInfo: - ECARX computeVolume stream 9  index 0  volumeDb -758.000000
01-01 08:00:10.709477   159   159 I APM_AudioPolicyManager_CarAudioInfo: + ECARX computeVolume stream 10  index 0  device = 0x2,revser 0  duck 0  speedCompEnable 0 volume table -80.000000
01-01 08:00:10.709500   159   159 I APM_AudioPolicyManager_CarAudioInfo: - ECARX computeVolume stream 10  index 0  volumeDb -758.000000
01-01 08:00:10.709585   159   159 I APM_AudioPolicyManager_CarAudioInfo: + ECARX computeVolume stream 11  index 0  device = 0x2,revser 0  duck 0  speedCompEnable 0 volume table -80.000000
01-01 08:00:10.709604   159   159 I APM_AudioPolicyManager_CarAudioInfo: - ECARX computeVolume stream 11  index 0  volumeDb -758.000000
01-01 08:00:10.709818   159   159 I APM_AudioPolicyManager_CarAudioInfo: + ECARX computeVolume stream 12  index 0  device = 0x2,revser 0  duck 0  speedCompEnable 0 volume table -80.000000
01-01 08:00:10.709837   159   159 I APM_AudioPolicyManager_CarAudioInfo: - ECARX computeVolume stream 12  index 0  volumeDb -758.000000
01-01 08:00:10.709935   159   159 I APM_AudioPolicyManager_CarAudioInfo: + ECARX computeVolume stream 13  index 0  device = 0x2,revser 0  duck 0  speedCompEnable 0 volume table -80.000000
01-01 08:00:10.709953   159   159 I APM_AudioPolicyManager_CarAudioInfo: - ECARX computeVolume stream 13  index 0  volumeDb -758.000000
01-01 08:00:10.709974   159   159 I APM_AudioPolicyManager_CarRadio: setVolume -144.000000 Call Hal setRadioVolume
01-01 08:00:10.710342   159   159 I APM_AudioPolicyManager_CarAudioInfo: + ECARX computeVolume stream 14  index 0  device = 0x2,revser 0  duck 0  speedCompEnable 0 volume table -80.000000
01-01 08:00:10.710389   159   159 I APM_AudioPolicyManager_CarAudioInfo: - ECARX computeVolume stream 14  index 0  volumeDb -758.000000
01-01 08:00:10.710507   159   159 I APM_AudioPolicyManager_CarAudioInfo: + ECARX computeVolume stream 15  index 0  device = 0x2,revser 0  duck 0  speedCompEnable 0 volume table -80.000000
01-01 08:00:10.710527   159   159 I APM_AudioPolicyManager_CarAudioInfo: - ECARX computeVolume stream 15  index 0  volumeDb -758.000000
01-01 08:00:10.710691   159   159 I APM_AudioPolicyManager_CarAudioInfo: + ECARX computeVolume stream 16  index 0  device = 0x2,revser 0  duck 0  speedCompEnable 0 volume table -35.000000
01-01 08:00:10.710711   159   159 I APM_AudioPolicyManager_CarAudioInfo: - ECARX computeVolume stream 16  index 0  volumeDb -758.000000
01-01 08:00:10.712049   159   159 I APM_AudioPolicyManager_CarRadar: Loaded chime HAL 1.0 service
01-01 08:00:10.712131   159   159 I APM_AudioPolicyManager_CarRadar: setChimeWarnVolume -758.000000
01-01 08:00:10.761793   195   246 W ServiceManagement: Waited one second for vendor.mediatek.hardware.tbox@1.0::ITeleService/default
01-01 08:00:10.762517   195   246 I ServiceManagement: getService: Trying again for vendor.mediatek.hardware.tbox@1.0::ITeleService/default...
01-01 08:00:10.860270   495   495 E goc     : playRingAudioStreamType item is null
01-01 08:00:11.078706   311   311 I mtkcam-module: [dump_module] [registered] module_id:0x0x40001 module_factory:0x76eefcc298 register_name:vendor/mediatek/proprietary/hardware/mtkcam/main/core/module/utils/register_utils.cpp
01-01 08:00:11.079798   311   311 I mtkcam-module: [dump_module] [registered] module_id:0x0x1 module_factory:0x76e4836420 register_name:vendor/mediatek/proprietary/hardware/mtkcam/main/core/module/drv/register_HalSensor.cpp
