01-01 08:00:11.079810   311   311 I mtkcam-module: [dump_module] [registered] module_id:0x0x2 module_factory:0x76e483b928 register_name:vendor/mediatek/proprietary/hardware/mtkcam/main/core/module/drv/register_HwSyncDrv.cpp
01-01 08:00:11.079821   311   311 I mtkcam-module: [dump_module] [registered] module_id:0x0x3 module_factory:0x76ed99cb80 register_name:vendor/mediatek/proprietary/hardware/mtkcam/main/core/module/drv/register_iopipe_CamIO_NormalPipe.cpp
01-01 08:00:11.086528   159   159 I APM_AudioPolicyManager_CarAudioInfo: + ECARX computeVolume stream 17  index 0  device = 0x2,revser 0  duck 0  speedCompEnable 0 volume table -78.000000
01-01 08:00:11.086589   159   159 I APM_AudioPolicyManager_CarAudioInfo: - ECARX computeVolume stream 17  index 0  volumeDb -758.000000
01-01 08:00:11.086860   159   159 I APM_AudioPolicyManager_CarAudioInfo: + ECARX computeVolume stream 18  index 0  device = 0x2,revser 0  duck 0  speedCompEnable 0 volume table -80.000000
01-01 08:00:11.086887   159   159 I APM_AudioPolicyManager_CarAudioInfo: - ECARX computeVolume stream 18  index 0  volumeDb -758.000000
01-01 08:00:11.087105   159   159 I APM_AudioPolicyManager_CarAudioInfo: + ECARX computeVolume stream 19  index 0  device = 0x2,revser 0  duck 0  speedCompEnable 0 volume table -80.000000
01-01 08:00:11.087132   159   159 I APM_AudioPolicyManager_CarAudioInfo: - ECARX computeVolume stream 19  index 0  volumeDb -758.000000
01-01 08:00:11.087331   159   159 I APM_AudioPolicyManager_CarAudioInfo: + ECARX computeVolume stream 20  index 0  device = 0x2,revser 0  duck 0  speedCompEnable 0 volume table -78.000000
01-01 08:00:11.087357   159   159 I APM_AudioPolicyManager_CarAudioInfo: - ECARX computeVolume stream 20  index 0  volumeDb -758.000000
01-01 08:00:11.087445   159   159 I APM_AudioPolicyManager_CarAudioInfo: + ECARX computeVolume stream 21  index 0  device = 0x2,revser 0  duck 0  speedCompEnable 0 volume table -80.000000
01-01 08:00:11.087463   159   159 I APM_AudioPolicyManager_CarAudioInfo: - ECARX computeVolume stream 21  index 0  volumeDb -758.000000
01-01 08:00:11.087536   159   159 I APM_AudioPolicyManager_CarAudioInfo: + ECARX computeVolume stream 22  index 0  device = 0x2,revser 0  duck 0  speedCompEnable 0 volume table 0.000000
01-01 08:00:11.087554   159   159 I APM_AudioPolicyManager_CarAudioInfo: - ECARX computeVolume stream 22  index 0  volumeDb -758.000000
01-01 08:00:11.087811   159   159 W AudioFlinger: moveEffects() bad srcOutput 0
01-01 08:00:11.088555   135   294 W AudioALSAStreamManager: routingOutputDevice(), flag: 2, mPhoneCallSpeechOpen = 0, output_devices == current_output_devices(0x2), return
01-01 08:00:11.089069   135   478 D AudioALSAStreamOut: latency(), flags 2, return 42
01-01 08:00:11.089108   135   478 D MTKStreamOutHAL: StreamOut::getLatency = 42
01-01 08:00:11.089200   159   476 D StreamHalHidl: processReturn with getLatency, status = 0
01-01 08:00:11.089132   135   478 D AudioALSAStreamOut: latency(), flags 2, return 42
01-01 08:00:11.089618   159   159 I APM_AudioPolicyManager_CarAudioInfo: + ECARX computeVolume stream 0  index 0  device = 0x2,revser 0  duck 0  speedCompEnable 0 volume table -78.000000
01-01 08:00:11.089739   159   159 I APM_AudioPolicyManager_CarAudioInfo: - ECARX computeVolume stream 0  index 0  volumeDb -758.000000
01-01 08:00:11.089767   159   159 I APM_AudioPolicyManager_CarAudioInfo: + ECARX computeVolume stream 1  index 0  device = 0x2,revser 0  duck 0  speedCompEnable 0 volume table -80.000000
01-01 08:00:11.089792   159   159 I APM_AudioPolicyManager_CarAudioInfo: - ECARX computeVolume stream 1  index 0  volumeDb -758.000000
01-01 08:00:11.089818   159   159 I APM_AudioPolicyManager_CarAudioInfo: + ECARX computeVolume stream 2  index 0  device = 0x2,revser 0  duck 0  speedCompEnable 0 volume table -80.000000
01-01 08:00:11.089843   159   159 I APM_AudioPolicyManager_CarAudioInfo: - ECARX computeVolume stream 2  index 0  volumeDb -758.000000
01-01 08:00:11.089869   159   159 I APM_AudioPolicyManager_CarAudioInfo: + ECARX computeVolume stream 3  index 0  device = 0x2,revser 0  duck 0  speedCompEnable 0 volume table -80.000000
01-01 08:00:11.089888   159   159 I APM_AudioPolicyManager_CarAudioInfo: - ECARX computeVolume stream 3  index 0  volumeDb -758.000000
01-01 08:00:11.089932   159   159 I APM_AudioPolicyManager_CarAudioInfo: + ECARX computeVolume stream 4  index 0  device = 0x2,revser 0  duck 0  speedCompEnable 0 volume table -80.000000
01-01 08:00:11.089950   159   159 I APM_AudioPolicyManager_CarAudioInfo: - ECARX computeVolume stream 4  index 0  volumeDb -758.000000
01-01 08:00:11.089973   159   159 I APM_AudioPolicyManager_CarAudioInfo: + ECARX computeVolume stream 5  index 0  device = 0x2,revser 0  duck 0  speedCompEnable 0 volume table -80.000000
01-01 08:00:11.090008   159   159 I APM_AudioPolicyManager_CarAudioInfo: - ECARX computeVolume stream 5  index 0  volumeDb -758.000000
01-01 08:00:11.090035   159   159 I APM_AudioPolicyManager_CarAudioInfo: + ECARX computeVolume stream 7  index 0  device = 0x2,revser 0  duck 0  speedCompEnable 0 volume table -80.000000
01-01 08:00:11.090070   159   159 I APM_AudioPolicyManager_CarAudioInfo: - ECARX computeVolume stream 7  index 0  volumeDb -758.000000
01-01 08:00:11.090098   159   159 I APM_AudioPolicyManager_CarAudioInfo: + ECARX computeVolume stream 8  index 0  device = 0x2,revser 0  duck 0  speedCompEnable 0 volume table -80.000000
01-01 08:00:11.090123   159   159 I APM_AudioPolicyManager_CarAudioInfo: - ECARX computeVolume stream 8  index 0  volumeDb -758.000000
01-01 08:00:11.090146   159   159 I APM_AudioPolicyManager_CarAudioInfo: + ECARX computeVolume stream 9  index 0  device = 0x2,revser 0  duck 0  speedCompEnable 0 volume table -80.000000
01-01 08:00:11.090163   159   159 I APM_AudioPolicyManager_CarAudioInfo: - ECARX computeVolume stream 9  index 0  volumeDb -758.000000
01-01 08:00:11.090198   159   159 I APM_AudioPolicyManager_CarAudioInfo: + ECARX computeVolume stream 10  index 0  device = 0x2,revser 0  duck 0  speedCompEnable 0 volume table -80.000000
01-01 08:00:11.090215   159   159 I APM_AudioPolicyManager_CarAudioInfo: - ECARX computeVolume stream 10  index 0  volumeDb -758.000000
01-01 08:00:11.090238   159   159 I APM_AudioPolicyManager_CarAudioInfo: + ECARX computeVolume stream 11  index 0  device = 0x2,revser 0  duck 0  speedCompEnable 0 volume table -80.000000
01-01 08:00:11.090265   159   159 I APM_AudioPolicyManager_CarAudioInfo: - ECARX computeVolume stream 11  index 0  volumeDb -758.000000
01-01 08:00:11.090290   159   159 I APM_AudioPolicyManager_CarAudioInfo: + ECARX computeVolume stream 12  index 0  device = 0x2,revser 0  duck 0  speedCompEnable 0 volume table -80.000000
01-01 08:00:11.090315   159   159 I APM_AudioPolicyManager_CarAudioInfo: - ECARX computeVolume stream 12  index 0  volumeDb -758.000000
01-01 08:00:11.090339   159   159 I APM_AudioPolicyManager_CarAudioInfo: + ECARX computeVolume stream 13  index 0  device = 0x2,revser 0  duck 0  speedCompEnable 0 volume table -80.000000
01-01 08:00:11.090356   159   159 I APM_AudioPolicyManager_CarAudioInfo: - ECARX computeVolume stream 13  index 0  volumeDb -758.000000
01-01 08:00:11.090391   159   159 I APM_AudioPolicyManager_CarAudioInfo: + ECARX computeVolume stream 14  index 0  device = 0x2,revser 0  duck 0  speedCompEnable 0 volume table -80.000000
01-01 08:00:11.090409   159   159 I APM_AudioPolicyManager_CarAudioInfo: - ECARX computeVolume stream 14  index 0  volumeDb -758.000000
01-01 08:00:11.090432   159   159 I APM_AudioPolicyManager_CarAudioInfo: + ECARX computeVolume stream 15  index 0  device = 0x2,revser 0  duck 0  speedCompEnable 0 volume table -80.000000
01-01 08:00:11.090460   159   159 I APM_AudioPolicyManager_CarAudioInfo: - ECARX computeVolume stream 15  index 0  volumeDb -758.000000
01-01 08:00:11.090483   159   159 I APM_AudioPolicyManager_CarAudioInfo: + ECARX computeVolume stream 16  index 0  device = 0x2,revser 0  duck 0  speedCompEnable 0 volume table -35.000000
01-01 08:00:11.090508   159   159 I APM_AudioPolicyManager_CarAudioInfo: - ECARX computeVolume stream 16  index 0  volumeDb -758.000000
01-01 08:00:11.090527   159   159 I APM_AudioPolicyManager_CarRadar: setChimeWarnVolume -758.000000
01-01 08:00:11.098090   330   330 I ServiceManagement: getService: Trying again for vendor.mediatek.hardware.tbox@1.0::ITeleData/default...
01-01 08:00:11.110705   159   159 I APM_AudioPolicyManager_CarAudioInfo: + ECARX computeVolume stream 17  index 0  device = 0x2,revser 0  duck 0  speedCompEnable 0 volume table -78.000000
01-01 08:00:11.110755   159   159 I APM_AudioPolicyManager_CarAudioInfo: - ECARX computeVolume stream 17  index 0  volumeDb -758.000000
01-01 08:00:11.110783   159   159 I APM_AudioPolicyManager_CarAudioInfo: + ECARX computeVolume stream 18  index 0  device = 0x2,revser 0  duck 0  speedCompEnable 0 volume table -80.000000
01-01 08:00:11.110801   159   159 I APM_AudioPolicyManager_CarAudioInfo: - ECARX computeVolume stream 18  index 0  volumeDb -758.000000
01-01 08:00:11.110825   159   159 I APM_AudioPolicyManager_CarAudioInfo: + ECARX computeVolume stream 19  index 0  device = 0x2,revser 0  duck 0  speedCompEnable 0 volume table -80.000000
01-01 08:00:11.110843   159   159 I APM_AudioPolicyManager_CarAudioInfo: - ECARX computeVolume stream 19  index 0  volumeDb -758.000000
01-01 08:00:11.111624   135   477 D AudioALSAStreamManager: openInputStream(), devices = 0x80000004, format = 0x1, channels = 0xc, sampleRate = 16000, status = 14, acoustics = 0x0
01-01 08:00:11.110867   159   159 I APM_AudioPolicyManager_CarAudioInfo: + ECARX computeVolume stream 20  index 0  device = 0x2,revser 0  duck 0  speedCompEnable 0 volume table -78.000000
01-01 08:00:11.111676   135   477 D AudioALSAStreamIn: AudioALSAStreamIn()
01-01 08:00:11.110885   159   159 I APM_AudioPolicyManager_CarAudioInfo: - ECARX computeVolume stream 20  index 0  volumeDb -758.000000
01-01 08:00:11.111702   135   477 D AudioALSAStreamIn: set(), devices = 0x80000004, format = 0x1, channels = 0xc, sampleRate = 16000, acoustics = 0x0, flags = 0
01-01 08:00:11.110909   159   159 I APM_AudioPolicyManager_CarAudioInfo: + ECARX computeVolume stream 21  index 0  device = 0x2,revser 0  duck 0  speedCompEnable 0 volume table -80.000000
01-01 08:00:11.111721   135   477 D AudioALSAStreamIn: CheckBesRecordInfo()
01-01 08:00:11.110926   159   159 I APM_AudioPolicyManager_CarAudioInfo: - ECARX computeVolume stream 21  index 0  volumeDb -758.000000
01-01 08:00:11.111738   135   477 D AudioSpeechEnhanceInfo: GetBesRecScene() -1
01-01 08:00:11.111381   159   159 I APM_AudioPolicyManager_CarAudioInfo: + ECARX computeVolume stream 22  index 0  device = 0x2,revser 0  duck 0  speedCompEnable 0 volume table 0.000000
01-01 08:00:11.111791   135   477 D AudioSpeechEnhanceInfo: IsBesRecTuningEnable()- 0
01-01 08:00:11.111415   159   159 I APM_AudioPolicyManager_CarAudioInfo: - ECARX computeVolume stream 22  index 0  volumeDb -758.000000
01-01 08:00:11.111825   135   477 D AudioSpeechEnhanceInfo: IsAPDMNRTuningEnable(), 0
01-01 08:00:11.111847   135   477 D AudioSpeechEnhanceInfo: GetForceMagiASRState(), feature_support=1e091757, 400, mForceMagiASR=0
01-01 08:00:11.111864   135   477 D AudioSpeechEnhanceInfo: GetForceAECRecState(), mForceAECRec=0
01-01 08:00:11.111885   135   477 D AudioALSAStreamIn: checkOpenStreamSampleRate(), origin sampleRate 16000, kDefaultInputSourceSampleRate 48000.
01-01 08:00:11.111907   135   477 D AudioALSAStreamIn: set() done, sampleRate = 16000, num_channels = 2, buffer_size=1280, tempDebugflag = 0
01-01 08:00:11.111925   135   477 D AudioALSAStreamManager: -openInputStream(), in = 0xe9de4000, status = 0x0, mStreamInVector.size() = 1
01-01 08:00:11.114069   159   552 I AudioFlinger: AudioFlinger's thread 0xe9103340 tid=552 ready to run
01-01 08:00:11.114321   135   477 D AudioALSAStreamManager: +closeInputStream(), in = 0xe9de4000, size() = 1
01-01 08:00:11.114359   135   477 D AudioALSAStreamIn: ~AudioALSAStreamIn()
01-01 08:00:11.114415   135   477 D AudioALSAStreamManager: -closeInputStream(), mStreamInVector.size() = 0
01-01 08:00:11.122457   159   159 I AudioFlinger: loadHwModule() Loaded a2dp audio interface, handle 18
01-01 08:00:11.124742   135   294 D modules.usbaudio.audio_hal: [USB_AUD] adev_open
01-01 08:00:11.125316   159   159 I AudioFlinger: loadHwModule() Loaded usb audio interface, handle 26
01-01 08:00:11.128179   135   294 I r_submix: adev_open(name=audio_hw_if)
01-01 08:00:11.129066   159   159 I AudioFlinger: loadHwModule() Loaded r_submix audio interface, handle 34
01-01 08:00:11.129320   135   294 D r_submix: submix_audio_device_create_pipe_l(addr=0, idx=9)
01-01 08:00:11.131889   159   556 I AudioFlinger: AudioFlinger's thread 0xe9103040 tid=556 ready to run
01-01 08:00:11.132572   183   183 D NVRAM   : deal with cfgfile =/mnt/vendor/nvdata/media/CAMERA_Para,3
01-01 08:00:11.132595   183   183 D NVRAM   : deal with cfgfile =/mnt/vendor/nvdata/media/CAMERA_3A,4
01-01 08:00:11.132609   183   183 D NVRAM   : deal with cfgfile =/mnt/vendor/nvdata/media/CAMERA_SHADING,5
01-01 08:00:11.132624   183   183 D NVRAM   : deal with cfgfile =/mnt/vendor/nvdata/media/CAMERA_DEFECT,6
01-01 08:00:11.132638   183   183 D NVRAM   : deal with cfgfile =/mnt/vendor/nvdata/media/CAMERA_SENSOR,7
01-01 08:00:11.132652   183   183 D NVRAM   : deal with cfgfile =/mnt/vendor/nvdata/media/CAMERA_LENS,8
01-01 08:00:11.132755   183   183 D NVRAM   : deal with cfgfile =/mnt/vendor/nvdata/media/Voice_Recognize_Param,15
01-01 08:00:11.132770   183   183 D NVRAM   : deal with cfgfile =/mnt/vendor/nvdata/media/Audio_AudEnh_Control_Opt,16
01-01 08:00:11.132784   183   183 D NVRAM   : deal with cfgfile =/mnt/vendor/nvdata/media/Audio_VOIP_Param,17
01-01 08:00:11.132856   183   183 D NVRAM   : deal with cfgfile =/mnt/vendor/nvdata/media/CAMERA_VERSION,22
01-01 08:00:11.132870   183   183 D NVRAM   : deal with cfgfile =/mnt/vendor/nvdata/media/CAMERA_FEATURE,23
01-01 08:00:11.134411   135   294 D r_submix: submix_audio_device_release_pipe_l(idx=9) addr=0
01-01 08:00:11.132884   183   183 D NVRAM   : deal with cfgfile =/mnt/vendor/nvdata/media/CAMERA_GEOMETRY,24
01-01 08:00:11.134436   135   294 D r_submix: submix_audio_device_destroy_pipe_l(): pipe destroyed
01-01 08:00:11.134601   159   159 I APM_AudioPolicyManager_CarAudioInfo: + ECARX computeVolume stream 15  index 16  device = 0x2,revser 0  duck 0  speedCompEnable 0 volume table -20.000000
01-01 08:00:11.132913   183   183 D NVRAM   : deal with cfgfile =/mnt/vendor/nvdata/media/CAMERA_SHADING2,26
01-01 08:00:11.134646   159   159 I APM_AudioPolicyManager_CarAudioInfo: - ECARX computeVolume stream 15  index 16  volumeDb -20.000000
01-01 08:00:11.132930   183   183 D NVRAM   : deal with cfgfile =/mnt/vendor/nvdata/media/CAMERA_SHADING3,27
01-01 08:00:11.134875   159   159 I APM_AudioPolicyManager_CarAudioInfo: + ECARX computeVolume stream 16  index 16  device = 0x2,revser 0  duck 0  speedCompEnable 0 volume table -22.826088
01-01 08:00:11.132946   183   183 D NVRAM   : deal with cfgfile =/mnt/vendor/nvdata/media/CAMERA_SHADING4,28
01-01 08:00:11.134904   159   159 I APM_AudioPolicyManager_CarAudioInfo: - ECARX computeVolume stream 16  index 16  volumeDb -22.826088
01-01 08:00:11.132960   183   183 D NVRAM   : deal with cfgfile =/mnt/vendor/nvdata/media/CAMERA_SHADING5,29
01-01 08:00:11.134923   159   159 I APM_AudioPolicyManager_CarRadar: setChimeWarnVolume -22.826088
01-01 08:00:11.132974   183   183 D NVRAM   : deal with cfgfile =/mnt/vendor/nvdata/media/CAMERA_SHADING6,30
01-01 08:00:11.132993   183   183 D NVRAM   : deal with cfgfile =/mnt/vendor/nvdata/media/CAMERA_SHADING7,31
01-01 08:00:11.133012   183   183 D NVRAM   : deal with cfgfile =/mnt/vendor/nvdata/media/CAMERA_SHADING8,32
01-01 08:00:11.133027   183   183 D NVRAM   : deal with cfgfile =/mnt/vendor/nvdata/media/CAMERA_SHADING9,33
01-01 08:00:11.133041   183   183 D NVRAM   : deal with cfgfile =/mnt/vendor/nvdata/media/CAMERA_SHADING10,34
01-01 08:00:11.133056   183   183 D NVRAM   : deal with cfgfile =/mnt/vendor/nvdata/media/CAMERA_SHADING11,35
01-01 08:00:11.133070   183   183 D NVRAM   : deal with cfgfile =/mnt/vendor/nvdata/media/CAMERA_SHADING12,36
01-01 08:00:11.133084   183   183 D NVRAM   : deal with cfgfile =/mnt/vendor/nvdata/media/CAMERA_PLINE,37
01-01 08:00:11.133099   183   183 D NVRAM   : deal with cfgfile =/mnt/vendor/nvdata/media/CAMERA_PLINE2,38
01-01 08:00:11.133113   183   183 D NVRAM   : deal with cfgfile =/mnt/vendor/nvdata/media/CAMERA_PLINE3,39
01-01 08:00:11.133127   183   183 D NVRAM   : deal with cfgfile =/mnt/vendor/nvdata/media/CAMERA_PLINE4,40
01-01 08:00:11.133142   183   183 D NVRAM   : deal with cfgfile =/mnt/vendor/nvdata/media/CAMERA_PLINE5,41
01-01 08:00:11.133156   183   183 D NVRAM   : deal with cfgfile =/mnt/vendor/nvdata/media/CAMERA_PLINE6,42
01-01 08:00:11.133172   183   183 D NVRAM   : deal with cfgfile =/mnt/vendor/nvdata/media/CAMERA_PLINE7,43
01-01 08:00:11.133186   183   183 D NVRAM   : deal with cfgfile =/mnt/vendor/nvdata/media/CAMERA_PLINE8,44
01-01 08:00:11.133200   183   183 D NVRAM   : deal with cfgfile =/mnt/vendor/nvdata/media/CAMERA_PLINE9,45
01-01 08:00:11.133215   183   183 D NVRAM   : deal with cfgfile =/mnt/vendor/nvdata/media/CAMERA_PLINE10,46
01-01 08:00:11.133229   183   183 D NVRAM   : deal with cfgfile =/mnt/vendor/nvdata/media/CAMERA_PLINE11,47
01-01 08:00:11.133243   183   183 D NVRAM   : deal with cfgfile =/mnt/vendor/nvdata/media/CAMERA_PLINE12,48
01-01 08:00:11.133257   183   183 D NVRAM   : deal with cfgfile =/mnt/vendor/nvdata/media/CAMERA_AF,49
01-01 08:00:11.133272   183   183 D NVRAM   : deal with cfgfile =/mnt/vendor/nvdata/media/CAMERA_FLASH_CALIBRATION,50
01-01 08:00:11.133286   183   183 D NVRAM   : deal with cfgcustfile =/mnt/vendor/nvdata/media/Audio_Sph,51
01-01 08:00:11.133315   183   183 D NVRAM   : deal with cfgcustfile =/mnt/vendor/nvdata/media/Audio_CompFlt,53
01-01 08:00:11.133329   183   183 D NVRAM   : deal with cfgcustfile =/mnt/vendor/nvdata/media/Audio_Effect,54
01-01 08:00:11.133371   183   183 D NVRAM   : deal with cfgcustfile =/mnt/vendor/nvdata/media/Audio_Sph_Med,57
01-01 08:00:11.133386   183   183 D NVRAM   : deal with cfgcustfile =/mnt/vendor/nvdata/media/Audio_Vol_custom,58
01-01 08:00:11.133402   183   183 D NVRAM   : deal with cfgcustfile =/mnt/vendor/nvdata/media/Sph_Dual_Mic,59
01-01 08:00:11.133416   183   183 D NVRAM   : deal with cfgcustfile =/mnt/vendor/nvdata/media/Audio_Wb_Sph,60
01-01 08:00:11.133449   183   183 D NVRAM   : deal with cfgcustfile =/mnt/vendor/nvdata/media/Headphone_CompFlt,62
01-01 08:00:11.133463   183   183 D NVRAM   : deal with cfgcustfile =/mnt/vendor/nvdata/media/Audio_gain_table,63
01-01 08:00:11.133477   183   183 D NVRAM   : deal with cfgcustfile =/mnt/vendor/nvdata/media/Audio_ver1_Vol_custom,64
01-01 08:00:11.133491   183   183 D NVRAM   : deal with cfgcustfile =/mnt/vendor/nvdata/media/Audio_Hd_Record_Param,65
01-01 08:00:11.133505   183   183 D NVRAM   : deal with cfgcustfile =/mnt/vendor/nvdata/media/Audio_Hd_Record_Scene_Table,66
01-01 08:00:11.133519   183   183 D NVRAM   : deal with cfgcustfile =/mnt/vendor/nvdata/media/Audio_Buffer_DC_Calibration_Param,67
01-01 08:00:11.133533   183   183 D NVRAM   : deal with cfgcustfile =/mnt/vendor/nvdata/media/VibSpk_CompFlt,68
01-01 08:00:11.133548   183   183 D NVRAM   : deal with cfgcustfile =/mnt/vendor/nvdata/media/MusicDRC_CompFlt,69
01-01 08:00:11.133562   183   183 D NVRAM   : deal with cfgcustfile =/mnt/vendor/nvdata/media/RingToneDRC_CompFlt,70
01-01 08:00:11.133577   183   183 D NVRAM   : deal with cfgcustfile =/mnt/vendor/nvdata/media/Audio_MAGI_CONFERENCE,71
01-01 08:00:11.133590   183   183 D NVRAM   : deal with cfgcustfile =/mnt/vendor/nvdata/media/Audio_HAC_Param,72
01-01 08:00:11.133604   183   183 D NVRAM   : deal with cfgcustfile =/mnt/vendor/nvdata/media/Audio_Sph_Lpbk,73
01-01 08:00:11.133618   183   183 D NVRAM   : deal with cfgcustfile =/mnt/vendor/nvdata/media/Audio_BT_Gain,74
01-01 08:00:11.133634   183   183 D NVRAM   : deal with cfgcustfile =/mnt/vendor/nvdata/media/AUDIO_FUNC_SWITCH_Param,75
01-01 08:00:11.133691   183   183 D NVRAM   : deal with cfgcustfile =/vendor/nvdata/APCFG/APRDCL/Audio_HFP_Param,77
01-01 08:00:11.147431   311   311 I mtkcam-module: [dump_module] [registered] module_id:0x0x10001 module_factory:0x76e4b98268 register_name:vendor/mediatek/proprietary/hardware/mtkcam/main/core/module/aaa/register_Hal3A.cpp
01-01 08:00:11.147444   311   311 I mtkcam-module: [dump_module] [registered] module_id:0x0x1000b module_factory:0x76e4b7d400 register_name:vendor/mediatek/proprietary/hardware/mtkcam/main/core/module/aaa/register_Hal3ASimulator.cpp
01-01 08:00:11.147456   311   311 I mtkcam-module: [dump_module] [registered] module_id:0x0x10002 module_factory:0x76e20607f8 register_name:vendor/mediatek/proprietary/hardware/mtkcam/main/core/module/aaa/register_HalISP.cpp
01-01 08:00:11.147467   311   311 I mtkcam-module: [dump_module] [registered] module_id:0x0x10003 module_factory:0x76e4b71e38 register_name:vendor/mediatek/proprietary/hardware/mtkcam/main/core/module/aaa/register_HalFlash.cpp
01-01 08:00:11.147477   311   311 I mtkcam-module: [dump_module] [registered] module_id:0x0x10004 module_factory:0x76e4a57910 register_name:vendor/mediatek/proprietary/hardware/mtkcam/main/core/module/aaa/register_IspMgrIf.cpp
01-01 08:00:11.147488   311   311 I mtkcam-module: [dump_module] [registered] module_id:0x0x10006 module_factory:0x76e4b2ada8 register_name:vendor/mediatek/proprietary/hardware/mtkcam/main/core/module/aaa/register_SwNR.cpp
01-01 08:00:11.147499   311   311 I mtkcam-module: [dump_module] [registered] module_id:0x0x10007 module_factory:0x76e2092c68 register_name:vendor/mediatek/proprietary/hardware/mtkcam/main/core/module/aaa/register_DngInfo.cpp
01-01 08:00:11.147510   311   311 I mtkcam-module: [dump_module] [registered] module_id:0x0x10008 module_factory:0x76e2243b88 register_name:vendor/mediatek/proprietary/hardware/mtkcam/main/core/module/aaa/register_NvBufUtil.cpp
01-01 08:00:11.147520   311   311 I mtkcam-module: [dump_module] [registered] module_id:0x0x10009 module_factory:0x76e5bd7b88 register_name:vendor/mediatek/proprietary/hardware/mtkcam/main/core/module/aaa/register_LscTable.cpp
01-01 08:00:11.147529   311   311 I mtkcam-module: [dump_module] [registered] module_id:0x0x1000a module_factory:0x76e1fcee80 register_name:vendor/mediatek/proprietary/hardware/mtkcam/main/core/module/aaa/register_lcs_hal.cpp
01-01 08:00:11.225493   311   311 E mtkcam-dngInfo: CCM1 row sum check fail, it will lead to dng validate fail! RowSum1(0, 0, 0), CCM1: [0, 0, 0][0, 0, 0][0, 0, 0] (convertColorTransform){#378:vendor/mediatek/proprietary/hardware/mtkcam/aaa/source/isp_50/dngInfo/dngInfoImp.cpp}
01-01 08:00:11.225521   311   311 E mtkcam-dngInfo: Fail to inverse the matrix (gen_CM_FM){#542:vendor/mediatek/proprietary/hardware/mtkcam/aaa/source/isp_50/dngInfo/dngInfoImp.cpp}
01-01 08:00:11.225540   311   311 E mtkcam-dngInfo: Fail to generate CM1 & FM1 due to invertible in_CCM1!, use identity matrix. (convertColorTransform){#415:vendor/mediatek/proprietary/hardware/mtkcam/aaa/source/isp_50/dngInfo/dngInfoImp.cpp}
01-01 08:00:11.283840   311   311 E mtkcam-dngInfo: CCM1 row sum check fail, it will lead to dng validate fail! RowSum1(0, 0, 0), CCM1: [0, 0, 0][0, 0, 0][0, 0, 0] (convertColorTransform){#378:vendor/mediatek/proprietary/hardware/mtkcam/aaa/source/isp_50/dngInfo/dngInfoImp.cpp}
01-01 08:00:11.283861   311   311 E mtkcam-dngInfo: Fail to inverse the matrix (gen_CM_FM){#542:vendor/mediatek/proprietary/hardware/mtkcam/aaa/source/isp_50/dngInfo/dngInfoImp.cpp}
01-01 08:00:11.283873   311   311 E mtkcam-dngInfo: Fail to generate CM1 & FM1 due to invertible in_CCM1!, use identity matrix. (convertColorTransform){#415:vendor/mediatek/proprietary/hardware/mtkcam/aaa/source/isp_50/dngInfo/dngInfoImp.cpp}
01-01 08:00:11.371361   311   311 E mtkcam-dngInfo: CCM1 row sum check fail, it will lead to dng validate fail! RowSum1(0, 0, 0), CCM1: [0, 0, 0][0, 0, 0][0, 0, 0] (convertColorTransform){#378:vendor/mediatek/proprietary/hardware/mtkcam/aaa/source/isp_50/dngInfo/dngInfoImp.cpp}
01-01 08:00:11.371381   311   311 E mtkcam-dngInfo: Fail to inverse the matrix (gen_CM_FM){#542:vendor/mediatek/proprietary/hardware/mtkcam/aaa/source/isp_50/dngInfo/dngInfoImp.cpp}
01-01 08:00:11.371392   311   311 E mtkcam-dngInfo: Fail to generate CM1 & FM1 due to invertible in_CCM1!, use identity matrix. (convertColorTransform){#415:vendor/mediatek/proprietary/hardware/mtkcam/aaa/source/isp_50/dngInfo/dngInfoImp.cpp}
01-01 08:00:11.452675   311   311 E mtkcam-dngInfo: CCM1 row sum check fail, it will lead to dng validate fail! RowSum1(0, 0, 0), CCM1: [0, 0, 0][0, 0, 0][0, 0, 0] (convertColorTransform){#378:vendor/mediatek/proprietary/hardware/mtkcam/aaa/source/isp_50/dngInfo/dngInfoImp.cpp}
01-01 08:00:11.452697   311   311 E mtkcam-dngInfo: Fail to inverse the matrix (gen_CM_FM){#542:vendor/mediatek/proprietary/hardware/mtkcam/aaa/source/isp_50/dngInfo/dngInfoImp.cpp}
01-01 08:00:11.452708   311   311 E mtkcam-dngInfo: Fail to generate CM1 & FM1 due to invertible in_CCM1!, use identity matrix. (convertColorTransform){#415:vendor/mediatek/proprietary/hardware/mtkcam/aaa/source/isp_50/dngInfo/dngInfoImp.cpp}
01-01 08:00:11.487617   311   311 I camerahalserver: Registration complete for vendor.mediatek.hardware.camera.lomoeffect@1.0::ILomoEffect/internal/0.
01-01 08:00:11.491522   311   311 I camerahalserver: Registration complete for vendor.mediatek.hardware.camera.ccap@1.0::ICCAPControl/internal/0.
01-01 08:00:11.500870   157   191 I vendor.mediatek.hardware.power@2.0-impl: setInteractive Restore All
01-01 08:00:11.500860   311   311 I camerahalserver: Registration complete for vendor.mediatek.hardware.camera.security@1.0::ISecureCamera/internal/0.
01-01 08:00:11.506984   311   311 I camerahalserver: Registration complete for vendor.mediatek.hardware.camera.frhandler@1.0::IFRHandler/internal/0.
01-01 08:00:11.513077   311   311 I camerahalserver: Registration complete for vendor.mediatek.hardware.camera.bgservice@1.0::IBGService/internal/0.
01-01 08:00:11.658738    16    16 E SELinux : avc:  denied  { find } for interface=vendor.mediatek.hardware.tbox::ITeleService sid=u:r:tbox_ipo_mode_d:s0 pid=167 scontext=u:r:tbox_ipo_mode_d:s0 tcontext=u:object_r:mtk_hal_telephonyservice_hwservice:s0 tclass=hwservice_manager permissive=1
01-01 08:00:11.661447   167   167 I ServiceManagement: getService: Trying again for vendor.mediatek.hardware.tbox@1.0::ITeleService/default...
01-01 08:00:11.762679   195   246 W ServiceManagement: Waited one second for vendor.mediatek.hardware.tbox@1.0::ITeleService/default
01-01 08:00:11.763418   195   246 I ServiceManagement: getService: Trying again for vendor.mediatek.hardware.tbox@1.0::ITeleService/default...
01-01 08:00:11.909457   295   295 I ServiceManager: Waiting for service media.camera...
01-01 08:00:12.098265   330   330 W ServiceManagement: Waited one second for vendor.mediatek.hardware.tbox@1.0::ITeleData/default
01-01 08:00:12.098945   330   330 I ServiceManagement: getService: Trying again for vendor.mediatek.hardware.tbox@1.0::ITeleData/default...
01-01 08:00:12.633374   608   608 I EMDLOGGER1: Auto Run com.mediatek.log.modem.enabled = false.
01-01 08:00:12.661732   167   167 W ServiceManagement: Waited one second for vendor.mediatek.hardware.tbox@1.0::ITeleService/default
01-01 08:00:12.662401   167   167 I ServiceManagement: getService: Trying again for vendor.mediatek.hardware.tbox@1.0::ITeleService/default...
01-01 08:00:12.712325   135   463 E AudioALSASpeechPhoneCallController: req_opt[1] speech_on[0] inputDevice[0] outputDevice[0]
01-01 08:00:12.713220   135   463 E AudioALSASpeechPhoneCallController: req_opt[1] speech_on[0] inputDevice[0] outputDevice[0]
01-01 08:00:12.712233   659   665 D SPEECHDRV: setSpeechOn: audio size[32] int[4]
01-01 08:00:12.713199   659   665 D SPEECHDRV: setSpeechOn: audio size[32] int[4]
01-01 08:00:12.785552   267   522 E         : curl_easy_download_epo_MD5: epo MD5 file download failed res:26. curl_easy_download url: https://ogepodownload.mediatek.com/EPO_GR_3_1.MD5?retryCount=0 to /data/vendor/gps/EPO_GR_3_1.MD5
01-01 08:00:12.890894   267   522 E         : curl_easy_download_epo_MD5: epo MD5 file download failed res:26. curl_easy_download url: https://oepodownload.mediatek.com/EPO_GR_3_1.MD5?retryCount=1 to /data/vendor/gps/EPO_GR_3_1.MD5
01-01 08:00:12.911464   295   295 I ServiceManager: Waiting for service media.camera...
01-01 08:00:12.996048   267   522 E         : curl_easy_download_epo_MD5: epo MD5 file download failed res:26. curl_easy_download url: https://oepodownload.mediatek.com/EPO_GR_3_1.MD5?retryCount=2 to /data/vendor/gps/EPO_GR_3_1.MD5
01-01 08:00:13.101478   267   522 E         : curl_easy_download_epo_MD5: epo MD5 file download failed res:26. curl_easy_download url: https://oepodownload.mediatek.com/EPO_GR_3_1.MD5?retryCount=3 to /data/vendor/gps/EPO_GR_3_1.MD5
01-01 08:00:13.902285   273   754 W installd: Ignoring /data/data/com.tencent.qqlive.audiobox/lib with unexpected GID 0 instead of 10054
01-01 08:00:13.913692   295   295 I ServiceManager: Waiting for service media.camera...
10-20 10:52:29.087384   309   762 D android.hardware.sensors@1.0-service-mediatek: batch pid: 507, handle: 23,sampling_period_ns:1000000
10-20 10:52:29.362294    72   772 I zygote  : Thread[6,tid=772,Native,Thread*=0xf2dc8000,peer=0x12f40000,"Thread-1"] recursive attempt to load library "/system/lib/libmedia_jni.so"
10-20 10:52:29.362952    72   772 I zygote  : Thread[6,tid=772,Native,Thread*=0xf2dc8000,peer=0x12f40000,"Thread-1"] recursive attempt to load library "/system/lib/libmedia_jni.so"
10-20 10:52:29.363170    72   772 I zygote  : Thread[6,tid=772,Native,Thread*=0xf2dc8000,peer=0x12f40000,"Thread-1"] recursive attempt to load library "/system/lib/libmedia_jni.so"
10-20 10:52:29.503036   159   476 W AudioFlinger: no wake lock to update, system not ready yet
10-20 10:52:29.503327   135   294 D AudioALSAStreamOut: latency(), flags 2, return 42
10-20 10:52:29.503390   135   294 D MTKStreamOutHAL: StreamOut::getLatency = 42
10-20 10:52:29.503413   135   294 D AudioALSAStreamOut: latency(), flags 2, return 42
10-20 10:52:29.503514   159   476 D StreamHalHidl: processReturn with getLatency, status = 0
10-20 10:52:29.503940   159   346 I APM_AudioPolicyManager_CarRadio: setMasterMute 0
10-20 10:52:29.504521   135   294 D AudioALSAStreamManager: setMicMute(), mMicMute: 0 => 0
10-20 10:52:29.505166   135   294 D AudioALSAStreamManager: +SetInputMute(), 0
10-20 10:52:29.505191   135   294 D AudioHfpController: setHfpMicMute state = 0
10-20 10:52:29.517336   159   159 I APM_AudioPolicyManager_CarAudioInfo: + ECARX computeVolume stream 13  index 37  device = 0x2,revser 0  duck 0  speedCompEnable 0 volume table -3.500000
10-20 10:52:29.517418   159   159 I APM_AudioPolicyManager_CarAudioInfo: - ECARX computeVolume stream 13  index 37  volumeDb -3.500000
10-20 10:52:29.517441   159   159 I APM_AudioPolicyManager_CarRadio: setVolume -3.500000 Call Hal setRadioVolume
10-20 10:52:29.517513   159   159 I APM_AudioPolicyManager_CarRadio: setMute 0
10-20 10:52:29.528288   159   346 I APM_AudioPolicyManager_CarAudioInfo: + ECARX computeVolume stream 13  index 37  device = 0x2,revser 0  duck 0  speedCompEnable 0 volume table -3.500000
10-20 10:52:29.528360   159   346 I APM_AudioPolicyManager_CarAudioInfo: - ECARX computeVolume stream 13  index 37  volumeDb -3.500000
10-20 10:52:29.529433   159   159 I APM_AudioPolicyManager_CarAudioInfo: + ECARX computeVolume stream 15  index 16  device = 0x2,revser 0  duck 0  speedCompEnable 0 volume table -20.000000
10-20 10:52:29.529479   159   159 I APM_AudioPolicyManager_CarAudioInfo: - ECARX computeVolume stream 15  index 16  volumeDb -20.000000
10-20 10:52:29.529651   159   159 I APM_AudioPolicyManager_CarAudioInfo: + ECARX computeVolume stream 16  index 18  device = 0x2,revser 0  duck 0  speedCompEnable 0 volume table -22.391304
10-20 10:52:29.529671   159   159 I APM_AudioPolicyManager_CarAudioInfo: - ECARX computeVolume stream 16  index 18  volumeDb -22.391304
10-20 10:52:29.529692   159   159 I APM_AudioPolicyManager_CarRadar: setChimeWarnVolume -22.391304
10-20 10:52:29.538039   159   159 I APM_AudioPolicyManager_CarAudioInfo: + ECARX computeVolume stream 3  index 19  device = 0x4000000,revser 0  duck 0  speedCompEnable 0 volume table -11.000000
10-20 10:52:29.538099   159   159 I APM_AudioPolicyManager_CarAudioInfo: - ECARX computeVolume stream 3  index 19  volumeDb -11.000000
10-20 10:52:29.538228   159   159 I APM_AudioPolicyManager_CarAudioInfo: + ECARX computeVolume stream 3  index 9  device = 0x4000000,revser 0  duck 0  speedCompEnable 0 volume table -23.000000
10-20 10:52:29.538250   159   159 I APM_AudioPolicyManager_CarAudioInfo: - ECARX computeVolume stream 3  index 9  volumeDb -23.000000
10-20 10:52:29.538479   159   159 I APM_AudioPolicyManager_CarAudioInfo: + ECARX computeVolume stream 3  index 4  device = 0x4000000,revser 0  duck 0  speedCompEnable 0 volume table -36.000000
10-20 10:52:29.538498   159   159 I APM_AudioPolicyManager_CarAudioInfo: - ECARX computeVolume stream 3  index 4  volumeDb -36.000000
10-20 10:52:29.538643   159   159 I APM_AudioPolicyManager_CarAudioInfo: + ECARX computeVolume stream 3  index 2  device = 0x4000000,revser 0  duck 0  speedCompEnable 0 volume table -47.000000
10-20 10:52:29.538663   159   159 I APM_AudioPolicyManager_CarAudioInfo: - ECARX computeVolume stream 3  index 2  volumeDb -47.000000
10-20 10:52:29.538787   159   346 I APM_AudioPolicyManager_CarAudioInfo: + ECARX computeVolume stream 3  index 3  device = 0x4000000,revser 0  duck 0  speedCompEnable 0 volume table -41.000000
10-20 10:52:29.538806   159   346 I APM_AudioPolicyManager_CarAudioInfo: - ECARX computeVolume stream 3  index 3  volumeDb -41.000000
10-20 10:52:29.540221   159   346 I APM_AudioPolicyManager: isGearReverse 0
10-20 10:52:29.540726   507   516 W System  : 	at java.io.FileInputStream.<init>(FileInputStream.java:168)
10-20 10:52:29.541293   159   346 D AudioFlinger: isLowRamDevice:false totalMemory:6120206336 mClientSharedHeapSize:33554432
10-20 10:52:29.566718   150   150 I android.hardware.usb@1.1-service-mediatek: registering callback
10-20 10:52:29.567316   150   811 E android.hardware.usb@1.1-service-mediatek: creating thread
10-20 10:52:29.567653   150   150 I android.hardware.usb@1.1-service-mediatek: dual-role-usb20
10-20 10:52:29.567830   150   150 E android.hardware.usb@1.1-service-mediatek: fopen failed
10-20 10:52:29.567889   150   150 E android.hardware.usb@1.1-service-mediatek: fopen failed
10-20 10:52:29.567900   150   150 I android.hardware.usb@1.1-service-mediatek: connected:1 canChangeMode:0 canChagedata:0 canChangePower:0
10-20 10:52:29.797097   507   596 W AlarmManager: Unrecognized alarm listener com.mediatek.server.display.MtkWifiDisplayController$1@dfea14f
10-20 10:52:29.865634   150   150 I android.hardware.usb@1.1-service-mediatek: dual-role-usb20
10-20 10:52:29.864818   135   294 D AudioALSAHardware: +setParameters(): A2dpSuspended=false
10-20 10:52:29.865869   150   150 E android.hardware.usb@1.1-service-mediatek: fopen failed
10-20 10:52:29.864983   135   294 W AudioALSAHardware: setParameters(), still have param.size() = 1, remain param = "A2dpSuspended=false"
10-20 10:52:29.865893   150   150 E android.hardware.usb@1.1-service-mediatek: fopen failed
10-20 10:52:29.865002   135   294 D AudioALSAHardware: -setParameters(): A2dpSuspended=false 
10-20 10:52:29.866182   150   150 E android.hardware.usb@1.1-service-mediatek: fopen failed
10-20 10:52:29.866200   150   150 I android.hardware.usb@1.1-service-mediatek: connected:1 canChangeMode:0 canChagedata:0 canChangePower:0
10-20 10:52:29.867133   507   806 I AudioService: setBluetoothScoOnInt: false resetBluetoothSco
10-20 10:52:29.870408   135   294 D AudioALSAHardware: +setParameters(): BT_SCO=off
10-20 10:52:29.870504   135   294 W AudioALSAHardware: setParameters(), still have param.size() = 1, remain param = "BT_SCO=off"
10-20 10:52:29.870518   135   294 D AudioALSAHardware: -setParameters(): BT_SCO=off 
10-20 10:52:29.876748   159   346 I AudioFlinger: systemReady
10-20 10:52:29.927109   276   365 W MediaExtractorFactory: couldn't dlopen(/system/lib64/extractors/.) Is a directory
10-20 10:52:29.983280   276   365 W MediaExtractorFactory: couldn't dlopen(/system/lib64/extractors/..) Is a directory
10-20 10:52:29.987306   276   365 E MediaExtractorFactory: couldn't opendir(/vendor/lib64/extractors)
10-20 10:52:30.045430   157   191 I vendor.mediatek.hardware.power@2.0-impl: powerHintAsync hint:8, data:1
10-20 10:52:30.199246   855  1034 D BluetoothActiveDeviceManager: onAudioDevicesAdded
10-20 10:52:30.199402   855  1034 D BluetoothActiveDeviceManager: Audio device added: E02-EVB type: 2
10-20 10:52:30.199430   855  1034 D BluetoothActiveDeviceManager: Audio device added: E02-EVB type: 15
10-20 10:52:30.199448   855  1034 D BluetoothActiveDeviceManager: Audio device added: E02-EVB type: 15
10-20 10:52:30.199466   855  1034 D BluetoothActiveDeviceManager: Audio device added: E02-EVB type: 16
10-20 10:52:30.199482   855  1034 D BluetoothActiveDeviceManager: Audio device added: E02-EVB type: 18
10-20 10:52:30.348337   157   191 I vendor.mediatek.hardware.power@2.0-impl: powerHintAsync hint:8, data:0
10-20 10:52:30.367002   308  1016 E OMXNodeInstance: getParameter(0xf1c03004:MTK.DECODER.AVC, ??(0x7f200405)) ERROR: UnsupportedIndex(0x8000101a)
10-20 10:52:30.367515   308  1016 E OMXNodeInstance: getParameter(0xf1c03004:MTK.DECODER.AVC, ??(0x7f200405)) ERROR: UnsupportedIndex(0x8000101a)
10-20 10:52:30.368195   308  1016 E OMXNodeInstance: getExtensionIndex(0xf1c03004:MTK.DECODER.AVC, OMX.google.android.index.configureVideoTunnelMode) ERROR: UnsupportedIndex(0x8000101a)
10-20 10:52:30.368348   308  1016 E OMXNodeInstance: setParameter(0xf1c03004:MTK.DECODER.AVC, OMX.google.android.index.allocateNativeHandle(0x7f20040e): Output:1 en=0) ERROR: BadParameter(0x80001005)
10-20 10:52:30.400780   308  1016 E OMXNodeInstance: getExtensionIndex(0xf31961e0:google.h264.decoder, OMX.google.android.index.configureVideoTunnelMode) ERROR: UnsupportedIndex(0x8000101a)
10-20 10:52:30.401195   308  1016 E OMXNodeInstance: getExtensionIndex(0xf31961e0:google.h264.decoder, OMX.google.android.index.enableAndroidNativeBuffers) ERROR: UnsupportedIndex(0x8000101a)
10-20 10:52:30.403549   273   754 D installd: Found storage mount /data/media at /mnt/runtime/default/emulated
10-20 10:52:30.425380   308   370 E OMXNodeInstance: getParameter(0xf1c46004:MTK.DECODER.DIVX, ??(0x7f200405)) ERROR: UnsupportedIndex(0x8000101a)
10-20 10:52:30.425743   308   370 E OMXNodeInstance: getParameter(0xf1c46004:MTK.DECODER.DIVX, ??(0x7f200405)) ERROR: UnsupportedIndex(0x8000101a)
10-20 10:52:30.425950   308  1016 E OMXNodeInstance: getExtensionIndex(0xf1c46004:MTK.DECODER.DIVX, OMX.google.android.index.configureVideoTunnelMode) ERROR: UnsupportedIndex(0x8000101a)
10-20 10:52:30.426069   308  1016 E OMXNodeInstance: setParameter(0xf1c46004:MTK.DECODER.DIVX, OMX.google.android.index.allocateNativeHandle(0x7f20040e): Output:1 en=0) ERROR: BadParameter(0x80001005)
10-20 10:52:30.453867   308   370 E OMXNodeInstance: getParameter(0xf1c46004:MTK.DECODER.DIVX3, ??(0x7f200405)) ERROR: UnsupportedIndex(0x8000101a)
10-20 10:52:30.454546   308   370 E OMXNodeInstance: getParameter(0xf1c46004:MTK.DECODER.DIVX3, ??(0x7f200405)) ERROR: UnsupportedIndex(0x8000101a)
10-20 10:52:30.454757   308   370 E OMXNodeInstance: getExtensionIndex(0xf1c46004:MTK.DECODER.DIVX3, OMX.google.android.index.configureVideoTunnelMode) ERROR: UnsupportedIndex(0x8000101a)
10-20 10:52:30.454860   308   370 E OMXNodeInstance: setParameter(0xf1c46004:MTK.DECODER.DIVX3, OMX.google.android.index.allocateNativeHandle(0x7f20040e): Output:1 en=0) ERROR: BadParameter(0x80001005)
10-20 10:52:30.459594  1071  1071 D InteractiveServiceImpl: supportDoubleClickMediaNextOrPreviousKey:false
10-20 10:52:30.481687   308  1016 E OMXNodeInstance: getParameter(0xf1c03004:MTK.DECODER.H263, ??(0x7f200405)) ERROR: UnsupportedIndex(0x8000101a)
10-20 10:52:30.481857   308  1016 E OMXNodeInstance: getParameter(0xf1c03004:MTK.DECODER.H263, ??(0x7f200405)) ERROR: UnsupportedIndex(0x8000101a)
10-20 10:52:30.481946   308  1016 E OMXNodeInstance: getExtensionIndex(0xf1c03004:MTK.DECODER.H263, OMX.google.android.index.configureVideoTunnelMode) ERROR: UnsupportedIndex(0x8000101a)
10-20 10:52:30.482003   308  1016 E OMXNodeInstance: setParameter(0xf1c03004:MTK.DECODER.H263, OMX.google.android.index.allocateNativeHandle(0x7f20040e): Output:1 en=0) ERROR: BadParameter(0x80001005)
10-20 10:52:30.492468  1086  1086 I android_os_HwBinder: HwBinder: Starting thread pool for default::vendor.mediatek.hardware.tbox@1.0::INetwork
10-20 10:52:30.494424  1086  1086 I TboxNetwork:  get INetwork Server end,  vendor.mediatek.hardware.tbox@1.0::INetwork@Proxy
10-20 10:52:30.500001   308   370 E OMXNodeInstance: getExtensionIndex(0xf35a7de0:google.h263.decoder, OMX.google.android.index.configureVideoTunnelMode) ERROR: UnsupportedIndex(0x8000101a)
10-20 10:52:30.500217   308   370 E OMXNodeInstance: getExtensionIndex(0xf35a7de0:google.h263.decoder, OMX.google.android.index.enableAndroidNativeBuffers) ERROR: UnsupportedIndex(0x8000101a)
10-20 10:52:30.514522   308  1016 E OMXNodeInstance: getParameter(0xf1c46004:MTK.DECODER.HEVC, ??(0x7f200405)) ERROR: UnsupportedIndex(0x8000101a)
10-20 10:52:30.514761   308  1016 E OMXNodeInstance: getParameter(0xf1c46004:MTK.DECODER.HEVC, ??(0x7f200405)) ERROR: UnsupportedIndex(0x8000101a)
10-20 10:52:30.514917   308  1016 E OMXNodeInstance: getExtensionIndex(0xf1c46004:MTK.DECODER.HEVC, OMX.google.android.index.configureVideoTunnelMode) ERROR: UnsupportedIndex(0x8000101a)
10-20 10:52:30.515012   308  1016 E OMXNodeInstance: setParameter(0xf1c46004:MTK.DECODER.HEVC, OMX.google.android.index.allocateNativeHandle(0x7f20040e): Output:1 en=0) ERROR: BadParameter(0x80001005)
10-20 10:52:30.534792   308   430 E OMXNodeInstance: getExtensionIndex(0xf3196240:google.hevc.decoder, OMX.google.android.index.configureVideoTunnelMode) ERROR: UnsupportedIndex(0x8000101a)
10-20 10:52:30.534936   308   430 E OMXNodeInstance: getExtensionIndex(0xf3196240:google.hevc.decoder, OMX.google.android.index.enableAndroidNativeBuffers) ERROR: UnsupportedIndex(0x8000101a)
10-20 10:52:30.548772   308   370 E OMXNodeInstance: getParameter(0xf305b004:MTK.DECODER.MPEG2, ParamVideoProfileLevelQuerySupported(0x600000f)) ERROR: BadParameter(0x80001005)
10-20 10:52:30.548968   308   370 E OMXNodeInstance: getParameter(0xf305b004:MTK.DECODER.MPEG2, ??(0x7f200405)) ERROR: UnsupportedIndex(0x8000101a)
10-20 10:52:30.549173   308   370 E OMXNodeInstance: getParameter(0xf305b004:MTK.DECODER.MPEG2, ??(0x7f200405)) ERROR: UnsupportedIndex(0x8000101a)
10-20 10:52:30.549283   308   370 E OMXNodeInstance: getExtensionIndex(0xf305b004:MTK.DECODER.MPEG2, OMX.google.android.index.configureVideoTunnelMode) ERROR: UnsupportedIndex(0x8000101a)
10-20 10:52:30.549348   308   370 E OMXNodeInstance: setParameter(0xf305b004:MTK.DECODER.MPEG2, OMX.google.android.index.allocateNativeHandle(0x7f20040e): Output:1 en=0) ERROR: BadParameter(0x80001005)
10-20 10:52:30.583252   308   370 E OMXNodeInstance: getParameter(0xf305b004:MTK.DECODER.MPEG4, ??(0x7f200405)) ERROR: UnsupportedIndex(0x8000101a)
10-20 10:52:30.583556   308   370 E OMXNodeInstance: getParameter(0xf305b004:MTK.DECODER.MPEG4, ??(0x7f200405)) ERROR: UnsupportedIndex(0x8000101a)
10-20 10:52:30.583733   308   370 E OMXNodeInstance: getExtensionIndex(0xf305b004:MTK.DECODER.MPEG4, OMX.google.android.index.configureVideoTunnelMode) ERROR: UnsupportedIndex(0x8000101a)
10-20 10:52:30.583837   308   370 E OMXNodeInstance: setParameter(0xf305b004:MTK.DECODER.MPEG4, OMX.google.android.index.allocateNativeHandle(0x7f20040e): Output:1 en=0) ERROR: BadParameter(0x80001005)
10-20 10:52:30.590428   135   294 D AudioALSAStreamManager: setMicMute(), mMicMute: 0 => 0
10-20 10:52:30.590761   135   294 D AudioALSAStreamManager: +SetInputMute(), 0
10-20 10:52:30.590781   135   294 D AudioHfpController: setHfpMicMute state = 0
10-20 10:52:30.594929   159   344 I APM_AudioPolicyManager_CarAudioInfo: + ECARX computeVolume stream 13  index 37  device = 0x2,revser 0  duck 0  speedCompEnable 0 volume table -3.500000
10-20 10:52:30.594975   159   344 I APM_AudioPolicyManager_CarAudioInfo: - ECARX computeVolume stream 13  index 37  volumeDb -3.500000
10-20 10:52:30.599082   308   430 E OMXNodeInstance: getExtensionIndex(0xf35a8200:google.mpeg4.decoder, OMX.google.android.index.configureVideoTunnelMode) ERROR: UnsupportedIndex(0x8000101a)
10-20 10:52:30.599261   308   430 E OMXNodeInstance: getExtensionIndex(0xf35a8200:google.mpeg4.decoder, OMX.google.android.index.enableAndroidNativeBuffers) ERROR: UnsupportedIndex(0x8000101a)
10-20 10:52:30.601351   159   902 I APM_AudioPolicyManager_CarAudioInfo: + ECARX computeVolume stream 13  index 37  device = 0x2,revser 0  duck 0  speedCompEnable 0 volume table -3.500000
10-20 10:52:30.601379   159   902 I APM_AudioPolicyManager_CarAudioInfo: - ECARX computeVolume stream 13  index 37  volumeDb -3.500000
10-20 10:52:30.601883   159   902 I APM_AudioPolicyManager_CarAudioInfo: + ECARX computeVolume stream 15  index 16  device = 0x2,revser 0  duck 0  speedCompEnable 0 volume table -20.000000
10-20 10:52:30.601919   159   902 I APM_AudioPolicyManager_CarAudioInfo: - ECARX computeVolume stream 15  index 16  volumeDb -20.000000
10-20 10:52:30.602013   159   159 I APM_AudioPolicyManager_CarAudioInfo: + ECARX computeVolume stream 16  index 18  device = 0x2,revser 0  duck 0  speedCompEnable 0 volume table -22.391304
10-20 10:52:30.602030   159   159 I APM_AudioPolicyManager_CarAudioInfo: - ECARX computeVolume stream 16  index 18  volumeDb -22.391304
10-20 10:52:30.602046   159   159 I APM_AudioPolicyManager_CarRadar: setChimeWarnVolume -22.391304
10-20 10:52:30.613984   308   430 E OMXNodeInstance: getParameter(0xf305c804:MTK.DECODER.VPX, ??(0x7f200405)) ERROR: UnsupportedIndex(0x8000101a)
10-20 10:52:30.615188   308   430 E OMXNodeInstance: getParameter(0xf305c804:MTK.DECODER.VPX, ??(0x7f200405)) ERROR: UnsupportedIndex(0x8000101a)
10-20 10:52:30.615418   308   430 E OMXNodeInstance: getExtensionIndex(0xf305c804:MTK.DECODER.VPX, OMX.google.android.index.configureVideoTunnelMode) ERROR: UnsupportedIndex(0x8000101a)
10-20 10:52:30.615559   308   370 E OMXNodeInstance: setParameter(0xf305c804:MTK.DECODER.VPX, OMX.google.android.index.allocateNativeHandle(0x7f20040e): Output:1 en=0) ERROR: BadParameter(0x80001005)
10-20 10:52:30.637309   308   370 E OMXNodeInstance: getExtensionIndex(0xf35a7de0:google.vp8.decoder, OMX.google.android.index.configureVideoTunnelMode) ERROR: UnsupportedIndex(0x8000101a)
10-20 10:52:30.637464   308   370 E OMXNodeInstance: getExtensionIndex(0xf35a7de0:google.vp8.decoder, OMX.google.android.index.enableAndroidNativeBuffers) ERROR: UnsupportedIndex(0x8000101a)
10-20 10:52:30.654677   308   430 E OMXNodeInstance: getParameter(0xf305e004:MTK.DECODER.VP9, ??(0x7f200405)) ERROR: UnsupportedIndex(0x8000101a)
10-20 10:52:30.654860   308   430 E OMXNodeInstance: getParameter(0xf305e004:MTK.DECODER.VP9, ??(0x7f200405)) ERROR: UnsupportedIndex(0x8000101a)
10-20 10:52:30.654996   308   430 E OMXNodeInstance: getExtensionIndex(0xf305e004:MTK.DECODER.VP9, OMX.google.android.index.configureVideoTunnelMode) ERROR: UnsupportedIndex(0x8000101a)
10-20 10:52:30.655060   308   430 E OMXNodeInstance: setParameter(0xf305e004:MTK.DECODER.VP9, OMX.google.android.index.allocateNativeHandle(0x7f20040e): Output:1 en=0) ERROR: BadParameter(0x80001005)
10-20 10:52:30.669680   308   430 E OMXNodeInstance: getExtensionIndex(0xf35a7e40:google.vp9.decoder, OMX.google.android.index.configureVideoTunnelMode) ERROR: UnsupportedIndex(0x8000101a)
10-20 10:52:30.669798   308   430 E OMXNodeInstance: getExtensionIndex(0xf35a7e40:google.vp9.decoder, OMX.google.android.index.enableAndroidNativeBuffers) ERROR: UnsupportedIndex(0x8000101a)
10-20 10:52:30.686263   308   370 E OMXNodeInstance: getParameter(0xf305e004:MTK.DECODER.VC1, ParamVideoProfileLevelQuerySupported(0x600000f)) ERROR: BadParameter(0x80001005)
10-20 10:52:30.686752   308   370 E OMXNodeInstance: getParameter(0xf305e004:MTK.DECODER.VC1, ??(0x7f200405)) ERROR: UnsupportedIndex(0x8000101a)
10-20 10:52:30.687172   308   370 E OMXNodeInstance: getParameter(0xf305e004:MTK.DECODER.VC1, ??(0x7f200405)) ERROR: UnsupportedIndex(0x8000101a)
10-20 10:52:30.687346   308   370 E OMXNodeInstance: getExtensionIndex(0xf305e004:MTK.DECODER.VC1, OMX.google.android.index.configureVideoTunnelMode) ERROR: UnsupportedIndex(0x8000101a)
10-20 10:52:30.687447   308   370 E OMXNodeInstance: setParameter(0xf305e004:MTK.DECODER.VC1, OMX.google.android.index.allocateNativeHandle(0x7f20040e): Output:1 en=0) ERROR: BadParameter(0x80001005)
10-20 10:52:30.700640  1071  1071 D BLAudioFucusObserver: updateDataChange mAudioFocus:
10-20 10:52:30.715484   855  1012 I AdapterProperties: init(), maxConnectedAudioDevices, default=1, propertyOverlayed=1, finalValue=1
10-20 10:52:30.739976  1071  1071 D NativeAudioManager: onReceive VOLUME_CHANGED_ACTION stream=13 level=37 oldLevel=10
10-20 10:52:30.740095  1071  1071 D NativeAudioManager: onReceive VOLUME_CHANGED_ACTION stream=13 level=3 oldLevel=10
10-20 10:52:30.740164  1071  1071 D NativeAudioManager: onReceive VOLUME_CHANGED_ACTION stream=17 level=39 oldLevel=16
10-20 10:52:30.724046  1189  1306 D CarlifeConfUtil: line 4: # Audio Track Type 0:() 1:(,) 2:-1(BYD) 3:-2 4
10-20 10:52:30.740236  1071  1071 D NativeAudioManager: onReceive VOLUME_CHANGED_ACTION stream=20 level=39 oldLevel=16
