11-01 10:14:38.873070  1959  4638 D [XCSmartScene-2.2.5 (D7F)]-SiddhiStateHub: [(StateCentralHub.java:14)#A ] processSiddhiState: SiddhiStream{siddhiApp='pattern_type_congestion', info='pattern_type_congestion.pattern-sink.congestionOff', state=0}
11-01 10:14:38.882754  1959  4638 D [XCSmartScene-2.2.5 (D7F)]-SiddhiStateHub: [(StateCentralHub.java:14)#A ] processSiddhiState: SiddhiStream{siddhiApp='pattern_type_congestion', info='pattern_type_congestion.pattern-sink.congestionOn', state=0}
11-01 10:14:38.885100  1959  4638 D [XCSmartScene-2.2.5 (D7F)]-SiddhiStateHub: [(StateCentralHub.java:14)#A ] processSiddhiState: SiddhiStream{siddhiApp='pattern_type_congestion', info='pattern_type_congestion.data-input-source.congestion', state=0}
11-01 10:14:39.058311  1959  4638 D [XCSmartScene-2.2.5 (D7F)]-SiddhiStateHub: [(StateCentralHub.java:14)#A ] processSiddhiState: SiddhiStream{siddhiApp='pattern_type_highway', info='pattern_type_highway.pattern-sink.highwayOn', state=0}
11-01 10:14:39.060093  1959  4638 D [XCSmartScene-2.2.5 (D7F)]-SiddhiStateHub: [(StateCentralHub.java:14)#A ] processSiddhiState: SiddhiStream{siddhiApp='pattern_type_highway', info='pattern_type_highway.pattern-sink.highwayOff', state=0}
11-01 10:14:39.063131  1959  4638 D [XCSmartScene-2.2.5 (D7F)]-SiddhiStateHub: [(StateCentralHub.java:14)#A ] processSiddhiState: SiddhiStream{siddhiApp='pattern_type_highway', info='pattern_type_highway.data-input-source.highwayOn', state=0}
11-01 10:14:39.066588  1959  4638 D [XCSmartScene-2.2.5 (D7F)]-SiddhiStateHub: [(StateCentralHub.java:14)#A ] processSiddhiState: SiddhiStream{siddhiApp='pattern_type_highway', info='pattern_type_highway.data-input-source.expressway', state=0}
11-01 10:14:39.074088  1959  4638 D [XCSmartScene-2.2.5 (D7F)]-SiddhiStateHub: [(StateCentralHub.java:14)#A ] processSiddhiState: SiddhiStream{siddhiApp='pattern_type_highway', info='pattern_type_highway.data-input-source.highwayOff', state=0}
11-01 10:14:39.215827  1959  4638 D [XCSmartScene-2.2.5 (D7F)]-SiddhiStateHub: [(StateCentralHub.java:14)#A ] processSiddhiState: SiddhiStream{siddhiApp='pattern_type_aircondition', info='pattern_type_aircondition.pattern-sink.airconditionOn', state=0}
11-01 10:14:39.217423  1959  4638 D [XCSmartScene-2.2.5 (D7F)]-SiddhiStateHub: [(StateCentralHub.java:14)#A ] processSiddhiState: SiddhiStream{siddhiApp='pattern_type_aircondition', info='pattern_type_aircondition.pattern-sink.airconditionOff', state=0}
11-01 10:14:39.219092  1959  4638 D [XCSmartScene-2.2.5 (D7F)]-SiddhiStateHub: [(StateCentralHub.java:14)#A ] processSiddhiState: SiddhiStream{siddhiApp='pattern_type_aircondition', info='pattern_type_aircondition.data-input-source.weatherState', state=0}
11-01 10:14:39.221351  1959  4638 D [XCSmartScene-2.2.5 (D7F)]-SiddhiStateHub: [(StateCentralHub.java:14)#A ] processSiddhiState: SiddhiStream{siddhiApp='pattern_type_aircondition', info='pattern_type_aircondition.data-input-source.hvacState', state=0}
11-01 10:14:39.223843  1959  4638 D [XCSmartScene-2.2.5 (D7F)]-SiddhiStateHub: [(StateCentralHub.java:14)#A ] processSiddhiState: SiddhiStream{siddhiApp='pattern_type_aircondition', info='pattern_type_aircondition.data-input-source.weatherAlarm', state=0}
11-01 10:14:39.441288  1959  4638 D [XCSmartScene-2.2.5 (D7F)]-SiddhiStateHub: [(StateCentralHub.java:14)#A ] processSiddhiState: SiddhiStream{siddhiApp='pattern_type_driveTired', info='pattern_type_driveTired.pattern-sink.tiredOnByDrivingTime', state=0}
11-01 10:14:39.442790  1959  4638 D [XCSmartScene-2.2.5 (D7F)]-SiddhiStateHub: [(StateCentralHub.java:14)#A ] processSiddhiState: SiddhiStream{siddhiApp='pattern_type_driveTired', info='pattern_type_driveTired.pattern-sink.tiredOffBySpeed', state=0}
11-01 10:14:39.444116  1959  4638 D [XCSmartScene-2.2.5 (D7F)]-SiddhiStateHub: [(StateCentralHub.java:14)#A ] processSiddhiState: SiddhiStream{siddhiApp='pattern_type_driveTired', info='pattern_type_driveTired.pattern-sink.tiredOnByNavi', state=0}
11-01 10:14:39.449669  1959  4638 D [XCSmartScene-2.2.5 (D7F)]-SiddhiStateHub: [(StateCentralHub.java:14)#A ] processSiddhiState: SiddhiStream{siddhiApp='pattern_type_driveTired', info='pattern_type_driveTired.pattern-sink.tiredOffBydrivingTime', state=0}
11-01 10:14:39.453695  1959  4638 D [XCSmartScene-2.2.5 (D7F)]-SiddhiStateHub: [(StateCentralHub.java:14)#A ] processSiddhiState: SiddhiStream{siddhiApp='pattern_type_driveTired', info='pattern_type_driveTired.pattern-sink.tiredOffByFinishNavi', state=0}
11-01 10:14:39.455930  1959  4638 D [XCSmartScene-2.2.5 (D7F)]-SiddhiStateHub: [(StateCentralHub.java:14)#A ] processSiddhiState: SiddhiStream{siddhiApp='pattern_type_driveTired', info='pattern_type_driveTired.data-input-source.beginNavi', state=0}
11-01 10:14:39.611863   283   283 D NuPlayerDriver: reset(0xe86400a0) at state 6
11-01 10:14:39.614610   283   283 D NuPlayerDriver: notifyListener_l(0xe86400a0), (8, 0, 0, -1), loop setting(0, 0)
11-01 10:14:39.615160   283  4570 D NuPlayerDriver: notifyListener_l(0xe86400a0), (211, 0, 0, 20), loop setting(0, 0)
11-01 10:14:39.457197  1959  4638 D [XCSmartScene-2.2.5 (D7F)]-SiddhiStateHub: [(StateCentralHub.java:14)#A ] processSiddhiState: SiddhiStream{siddhiApp='pattern_type_driveTired', info='pattern_type_driveTired.data-input-source.finishNavi', state=0}
11-01 10:14:39.458388  1959  4638 D [XCSmartScene-2.2.5 (D7F)]-SiddhiStateHub: [(StateCentralHub.java:14)#A ] processSiddhiState: SiddhiStream{siddhiApp='pattern_type_driveTired', info='pattern_type_driveTired.data-input-source.drivingTime', state=0}
11-01 10:14:39.459556  1959  4638 D [XCSmartScene-2.2.5 (D7F)]-SiddhiStateHub: [(StateCentralHub.java:14)#A ] processSiddhiState: SiddhiStream{siddhiApp='pattern_type_driveTired', info='pattern_type_driveTired.data-input-source.systemDateTime', state=0}
11-01 10:14:39.464645  1959  4638 D [XCSmartScene-2.2.5 (D7F)]-SiddhiStateHub: [(StateCentralHub.java:14)#A ] processSiddhiState: SiddhiStream{siddhiApp='pattern_type_driveTired', info='pattern_type_driveTired.data-input-source.speed', state=0}
11-01 10:14:39.631976   283  4570 D NuPlayer: audio shutdown completed
11-01 10:14:39.633242   283  4570 D NuPlayerDriver: notifyResetComplete(0xe86400a0)
11-01 10:14:39.645620  1959  4638 D [XCSmartScene-2.2.5 (D7F)]-SiddhiStateHub: [(StateCentralHub.java:14)#A ] processSiddhiState: SiddhiStream{siddhiApp='pattern_type_travel', info='pattern_type_travel.pattern-sink.travelOff', state=0}
11-01 10:14:39.647162  1959  4638 D [XCSmartScene-2.2.5 (D7F)]-SiddhiStateHub: [(StateCentralHub.java:14)#A ] processSiddhiState: SiddhiStream{siddhiApp='pattern_type_travel', info='pattern_type_travel.pattern-sink.travelOn', state=0}
11-01 10:14:39.649648  1959  4638 D [XCSmartScene-2.2.5 (D7F)]-SiddhiStateHub: [(StateCentralHub.java:14)#A ] processSiddhiState: SiddhiStream{siddhiApp='pattern_type_travel', info='pattern_type_travel.data-input-source.beginNavi', state=0}
11-01 10:14:39.651411  1959  4638 D [XCSmartScene-2.2.5 (D7F)]-SiddhiStateHub: [(StateCentralHub.java:14)#A ] processSiddhiState: SiddhiStream{siddhiApp='pattern_type_travel', info='pattern_type_travel.data-input-source.finishNavi', state=0}
11-01 10:14:39.977622  2275  4708 D Modeltest: inStream->peek() != -1
11-01 10:14:39.977706  2275  4708 D Modeltest: inStream->peek() != -1
11-01 10:14:39.977723  2275  4708 D Modeltest: inStream->peek() != -1
11-01 10:14:39.978961  2275  4708 D Modeltest: inStream->peek() != -1
11-01 10:14:39.978973  2275  4708 D Modeltest: inStream->peek() != -1
11-01 10:14:39.979693  2275  4708 D Modeltest: inStream->peek() != -1
11-01 10:14:39.979707  2275  4708 D Modeltest: inStream->peek() != -1
11-01 10:14:39.979725  2275  4708 D Modeltest: inStream->peek() != -1
11-01 10:14:39.979738  2275  4708 D Modeltest: inStream->peek() != -1
11-01 10:14:39.979753  2275  4708 D Modeltest: inStream->peek() != -1
11-01 10:14:39.979767  2275  4708 D Modeltest: inStream->peek() != -1
11-01 10:14:39.979896  2275  4708 D Modeltest: inStream->peek() != -1
11-01 10:14:39.979913  2275  4708 D Modeltest: inStream->peek() != -1
11-01 10:14:39.979942  2275  4708 D Modeltest: inStream->peek() != -1
11-01 10:14:39.979956  2275  4708 D Modeltest: inStream->peek() != -1
11-01 10:14:39.979973  2275  4708 D Modeltest: inStream->peek() != -1
11-01 10:14:39.979992  2275  4708 D Modeltest: inStream->peek() != -1
11-01 10:14:39.980008  2275  4708 D Modeltest: inStream->peek() != -1
11-01 10:14:39.980024  2275  4708 D Modeltest: inStream->peek() != -1
11-01 10:14:39.980042  2275  4708 D Modeltest: inStream->peek() != -1
11-01 10:14:39.980059  2275  4708 D Modeltest: inStream->peek() != -1
11-01 10:14:39.980073  2275  4708 D Modeltest: inStream->peek() != -1
11-01 10:14:39.980093  2275  4708 D Modeltest: inStream->peek() != -1
11-01 10:14:39.980111  2275  4708 D Modeltest: inStream->peek() != -1
11-01 10:14:39.980130  2275  4708 D Modeltest: inStream->peek() != -1
11-01 10:14:39.980146  2275  4708 D Modeltest: inStream->peek() != -1
11-01 10:14:39.980250  2275  4708 D Modeltest: inStream->peek() != -1
11-01 10:14:39.980324  2275  4708 D Modeltest: inStream->peek() != -1
11-01 10:14:39.980340  2275  4708 D Modeltest: inStream->peek() != -1
11-01 10:14:39.980361  2275  4708 D Modeltest: inStream->peek() != -1
11-01 10:14:39.980375  2275  4708 D Modeltest: inStream->peek() != -1
11-01 10:14:39.980870  2275  4708 D Modeltest: inStream->peek() != -1
11-01 10:14:39.980886  2275  4708 D Modeltest: inStream->peek() != -1
11-01 10:14:39.981350  2275  4708 D Modeltest: inStream->peek() != -1
11-01 10:14:39.981364  2275  4708 D Modeltest: inStream->peek() != -1
11-01 10:14:39.981392  2275  4708 D Modeltest: inStream->peek() != -1
11-01 10:14:39.981406  2275  4708 D Modeltest: inStream->peek() != -1
11-01 10:14:39.981432  2275  4708 D Modeltest: inStream->peek() != -1
11-01 10:14:39.981447  2275  4708 D Modeltest: inStream->peek() != -1
11-01 10:14:39.981461  2275  4708 D Modeltest: inStream->peek() != -1
11-01 10:14:39.981475  2275  4708 D Modeltest: inStream->peek() != -1
11-01 10:14:39.981489  2275  4708 D Modeltest: inStream->peek() != -1
11-01 10:14:39.981502  2275  4708 D Modeltest: inStream->peek() != -1
11-01 10:14:39.981515  2275  4708 D Modeltest: inStream->peek() != -1
11-01 10:14:39.981529  2275  4708 D Modeltest: inStream->peek() != -1
11-01 10:14:39.981543  2275  4708 D Modeltest: inStream->peek() != -1
11-01 10:14:39.981596  2275  4708 D Modeltest: inStream->peek() != -1
11-01 10:14:39.981609  2275  4708 D Modeltest: inStream->peek() != -1
11-01 10:14:39.981954  2275  4708 D Modeltest: inStream->peek() != -1
11-01 10:14:39.981967  2275  4708 D Modeltest: inStream->peek() != -1
11-01 10:14:39.981980  2275  4708 D Modeltest: inStream->peek() != -1
11-01 10:14:39.981993  2275  4708 D Modeltest: inStream->peek() != -1
11-01 10:14:39.982006  2275  4708 D Modeltest: inStream->peek() != -1
11-01 10:14:39.982019  2275  4708 D Modeltest: inStream->peek() != -1
11-01 10:14:39.982032  2275  4708 D Modeltest: inStream->peek() != -1
11-01 10:14:39.982046  2275  4708 D Modeltest: inStream->peek() != -1
11-01 10:14:39.982069  2275  4708 D Modeltest: inStream->peek() != -1
11-01 10:14:39.982083  2275  4708 D Modeltest: inStream->peek() != -1
11-01 10:14:39.982112  2275  4708 D Modeltest: inStream->peek() != -1
11-01 10:14:39.982125  2275  4708 D Modeltest: inStream->peek() != -1
11-01 10:14:39.982151  2275  4708 D Modeltest: inStream->peek() != -1
11-01 10:14:39.982165  2275  4708 D Modeltest: inStream->peek() != -1
11-01 10:14:39.982178  2275  4708 D Modeltest: inStream->peek() != -1
11-01 10:14:39.982190  2275  4708 D Modeltest: inStream->peek() != -1
11-01 10:14:39.982203  2275  4708 D Modeltest: inStream->peek() != -1
11-01 10:14:39.982216  2275  4708 D Modeltest: inStream->peek() != -1
11-01 10:14:39.982229  2275  4708 D Modeltest: inStream->peek() != -1
11-01 10:14:39.982242  2275  4708 D Modeltest: inStream->peek() != -1
11-01 10:14:39.982389  2275  4708 D Modeltest: inStream->peek() != -1
11-01 10:14:39.982402  2275  4708 D Modeltest: inStream->peek() != -1
11-01 10:14:39.982416  2275  4708 D Modeltest: inStream->peek() != -1
11-01 10:14:39.995238  2275  4708 D Modeltest: inStream->peek() != -1
11-01 10:14:40.397204  2289  2610 E StagefrightMediaScanner: result: 0
11-01 10:14:40.014192  2275  4708 D Modeltest: inStream->peek() != -1
11-01 10:14:40.015014  2275  4708 D Modeltest: inStream->peek() != -1
11-01 10:14:40.015646  2275  4708 D Modeltest: inStream->peek() != -1
11-01 10:14:40.048258  2275  4708 D Modeltest: inStream->peek() != -1
11-01 10:14:40.650744  2289  2610 E StagefrightMediaScanner: result: 0
11-01 10:14:40.786275  2289  2610 E StagefrightMediaScanner: result: 0
11-01 10:14:41.017619  2289  2610 E StagefrightMediaScanner: result: 0
11-01 10:14:41.137004  2289  2610 E StagefrightMediaScanner: result: 0
11-01 10:14:41.252043  2289  2610 E StagefrightMediaScanner: result: 0
11-01 10:14:41.347802  2289  2610 E StagefrightMediaScanner: result: 0
11-01 10:14:41.427882  2289  2610 E StagefrightMediaScanner: result: 0
11-01 10:14:41.511647  2289  2610 E StagefrightMediaScanner: result: 0
11-01 10:14:41.608978   507  1529 E NetworkMonitor: 	at com.android.okhttp.internal.http.StreamAllocation.findConnection(StreamAllocation.java:184)
11-01 10:14:41.608978   507  1529 E NetworkMonitor: 	at com.android.okhttp.internal.http.StreamAllocation.findHealthyConnection(StreamAllocation.java:126)
11-01 10:14:41.608978   507  1529 E NetworkMonitor: 	at com.android.okhttp.internal.http.StreamAllocation.newStream(StreamAllocation.java:95)
11-01 10:14:41.669337  2289  2610 E StagefrightMediaScanner: result: 0
11-01 10:14:41.750800  2289  2610 E StagefrightMediaScanner: result: 0
11-01 10:14:44.294660  1810  2684 D GKAI:GUI: [XKPackageManager] info.toString() = a; 1; "相机"com.mediatek.camera;android.intent.action.MAIN
11-01 10:14:44.345647  1810  2684 D GKAI:GUI: [XKPackageManager] info.toString() = a; 8; "腾讯视频"com.tencent.qqlive.audiobox;android.intent.action.MAIN
11-01 10:14:44.377675  1810  2684 D GKAI:GUI: [XKPackageManager] info.toString() = a; 13; "多媒  com.ecarx.multimedia;android.intent.action.MAIN
11-01 10:14:44.470493  1810  2684 I GKAI:GUI:       package: "com.ecarx.multimedia"
11-01 10:14:44.470493  1810  2684 I GKAI:GUI:       package: "com.tencent.qqlive.audiobox"
11-01 10:14:44.470493  1810  2684 I GKAI:GUI:       package: "com.mediatek.camera"
11-01 10:14:45.575764   507   507 D NlpLocationService: onBind intent: Intent { act=com.android.location.service.v3.NetworkLocationProvider cmp=com.mediatek.location.mtknlp/.NlpLocationService }
11-01 10:14:45.588182   507   507 W MtkNlp  : com.mediatek.location.mtknlp resolves service com.android.location.service.v3.NetworkLocationProvider, but has wrong signature, ignoring
11-01 10:14:45.592747   507   507 D NlpLocationService: onBind intent: Intent { act=com.android.location.service.GeocodeProvider cmp=com.mediatek.location.mtknlp/.NlpLocationService }
11-01 10:14:45.594477   507   507 W NlpGeocoder: com.mediatek.location.mtknlp resolves service com.android.location.service.GeocodeProvider, but has wrong signature, ignoring
11-01 10:14:45.671510   507  5438 W Binder  : 	at com.mediatek.location.mtknlp.NlpLocationProvider.handleConnected(NlpLocationProvider.java:329)
11-01 10:14:45.671510   507  5438 W Binder  : 	at com.mediatek.location.mtknlp.NlpLocationProvider.access$600(NlpLocationProvider.java:59)
11-01 10:14:45.671510   507  5438 W Binder  : 	at com.mediatek.location.mtknlp.NlpLocationProvider$LocationWorkerHandler.handleMessage(NlpLocationProvider.java:166)
11-01 10:14:48.724021   283  5389 D NuPlayerDriver: NuPlayerDriver(0xe8640280) created, clientPid(2150)
11-01 10:14:48.735051   283  5495 D NuPlayerDriver: notifyListener_l(0xe8640280), (1, 0, 0, -1), loop setting(0, 0)
11-01 10:14:48.737888   283  5389 D NuPlayerDriver: reset(0xe8640280) at state 4
11-01 10:14:48.738062   283  5389 D NuPlayerDriver: notifyListener_l(0xe8640280), (8, 0, 0, -1), loop setting(0, 0)
11-01 10:14:48.738885   283  5495 D NuPlayerDriver: notifyResetComplete(0xe8640280)
11-01 10:14:48.739126   283  5389 D NuPlayerDriver: reset(0xe8640280) at state 0
11-01 10:14:48.748689   283  5389 D NuPlayerDriver: NuPlayerDriver(0xe8640280) created, clientPid(2150)
11-01 10:14:48.759139   283  5499 D NuPlayerDriver: notifyListener_l(0xe8640280), (1, 0, 0, -1), loop setting(0, 0)
11-01 10:14:48.764098   283  5389 D NuPlayerDriver: start(0xe8640280), state is 4, eos is 0
11-01 10:14:48.771125   283  5504 D MtkACodec: hxl setupAudioBitWidth() in
11-01 10:14:48.771217   308   370 E OMXNodeInstance: setConfig(0xf3196900:google.vorbis.decoder, ConfigPriority(0x6f800002)) ERROR: Undefined(0x80001001)
11-01 10:14:48.771517   308   370 E OMXNodeInstance: getConfig(0xf3196900:google.vorbis.decoder, ConfigAndroidVendorExtension(0x6f100004)) ERROR: Undefined(0x80001001)
11-01 10:14:48.772169   283  5504 I MediaCodec: MediaCodec will operate in async mode
11-01 10:14:48.783173   135   294 D AudioALSAStreamOut: latency(), flags 2, return 42
11-01 10:14:48.783247   135   294 D MTKStreamOutHAL: StreamOut::getLatency = 42
11-01 10:14:48.783374   159  4050 D StreamHalHidl: processReturn with getLatency, status = 0
11-01 10:14:48.783272   135   294 D AudioALSAStreamOut: latency(), flags 2, return 42
11-01 10:14:48.783429   159  4050 D AudioFlinger: Client defaulted notificationFrames to 12288 for frameCount 24576
11-01 10:14:48.783691   135   294 D AudioALSAStreamOut: latency(), flags 2, return 42
11-01 10:14:48.783802   159  4050 D StreamHalHidl: processReturn with getLatency, status = 0
11-01 10:14:48.783714   135   294 D MTKStreamOutHAL: StreamOut::getLatency = 42
11-01 10:14:48.783738   135   294 D AudioALSAStreamOut: latency(), flags 2, return 42
11-01 10:14:48.784874   159  4050 I APM_AudioPolicyManager_CarAudioInfo: + ECARX computeVolume stream 5  index 16  device = 0x2,revser 0  duck 0  speedCompEnable 0 volume table -20.000000
11-01 10:14:48.784914   159  4050 I APM_AudioPolicyManager_CarAudioInfo: - ECARX computeVolume stream 5  index 16  volumeDb -20.000000
11-01 10:14:48.785284   283  5499 D NuPlayerDriver: notifyListener_l(0xe8640280), (6, 0, 0, -1), loop setting(0, 0)
11-01 10:14:48.786394   135  4581 D AudioALSAStreamIn: updateOutputDeviceInfoForInputStream(), mStreamInReopen = 0, mStreamAttributeTarget.output_devices change: 0x0 => 0x2
11-01 10:14:48.786435   135  4581 D AudioALSAStreamManager: +syncSharedOutDevice(), routingSharedOutDevice: 2
11-01 10:14:48.786473   135  4581 D AudioALSAStreamManager: -syncSharedOutDevice()
11-01 10:14:48.786504   135  4581 D AudioALSAStreamManager: setMasterVolume(), volume = 1.000000
11-01 10:14:48.786528   135  4581 D AudioMTKGainController: setNormalVolume(), mSceneIndex = 0, stream -1, devices 0x2, index -1, mode 0x0
11-01 10:14:48.786555   135  4581 W AudioMTKGainController: error, stream -1 is invalid, use 3 instead
11-01 10:14:48.786571   135  4581 W AudioMTKGainController: error, index -1 is invalid, use max 15 instead
11-01 10:14:48.786589   135  4581 D AudioMTKGainController: setSpeakerGain(), gain = 10, spkAnaType = 3, spkLMixerName = Lineout_PGAL_GAIN, spkRMixerName = Lineout_PGAR_GAIN
11-01 10:14:48.786829   135  4581 D AudioALSAStreamOut: open(), flags 2
11-01 10:14:48.786863   135  4581 D AudioALSAStreamManager: +createPlaybackHandler(), mAudioMode = 0, output_devices = 0x2, isMixerOut = 0x0, flag = 2
11-01 10:14:48.786908   135  4581 D AudioSpeechEnhanceInfo: IsAPDMNRTuningEnable(), 0
11-01 10:14:48.786956   135  4581 D AudioALSAPlaybackHandlerNormal: +setFilterMng() mAudioFilterManagerHandler [0xe988cab0]
11-01 10:14:48.786983   135  4581 D AudioALSAPlaybackHandlerNormal: +open(), flag 2, mDevice = 0x2
11-01 10:14:48.787135   135  4581 D AudioALSADeviceParser: compare pcm success = 0, stringpair = MultiMedia1_PLayback
11-01 10:14:48.787571   135  4581 D AudioALSAPlaybackHandlerBase: transferAudioFormatToPcmFormat(), audio_format(0x4) => pcm_format(0x1)
11-01 10:14:48.787606   135  4581 D AudioALSAPlaybackHandlerNormal: open(), mConfig: channels = 2, rate = 48000, period_size = 1024, period_count = 2, format = 1, avail_min = 1024, start_threshold = 2048
11-01 10:14:48.787640   135  4581 D AudioALSAPlaybackHandlerNormal: SetLowJitterMode(), bypass low jitter mode, bEnable = 1, device = 0x2, SampleRate = 48000
11-01 10:14:48.822829   135  4581 D AudioALSAPlaybackHandlerBase: openPcmDriverWithFlag(), pcm device = 0 flag = 0x8 mPcm = 0xe9dc57e0
11-01 10:14:48.822968   135  4581 D AudioALSAPlaybackHandlerBase: initBitConverter(), audio_format: 0x3 => 0x4, bcv_pcm_format = 0x3
11-01 10:14:48.822997   135  4581 D MtkAudioBitConverter: +open(), format 3, CH 2, SR 48000
11-01 10:14:48.823053   135  4581 D MtkAudioBitConverter: +resetBuffer()
11-01 10:14:48.823194   135  4581 D AudioALSAHardwareResourceManager: +startOutputDevice(), new_devices = 0x2, mOutputDevices = 0x0, mStartOutputDevicesCount = 0 SampleRate = 48000
11-01 10:14:48.823249   135  4581 D AudioALSADeviceConfigManager: ApplyDeviceTurnonSequenceByName() DeviceName = speaker_output descriptor->DeviceStatusCounte = 0
11-01 10:14:48.830040   135  4581 D AudioALSADeviceConfigManager: ApplyDeviceTurnonSequenceByName() DeviceName = ext_speaker_output descriptor->DeviceStatusCounte = 0
11-01 10:14:48.880372   135  4581 D AudioALSAStreamManager: speakerStatusChangeCb(), status = 0
11-01 10:14:48.880435   135  4581 D AudioVoiceUIDL: [GetSRCInputParameter] mOutputSampleRate 16000,  mInputSampleRate 48000, mInChannel 2, mOutChannel, 0 format 4
11-01 10:14:48.880452   135  4581 D AudioVoiceUIDL: [GetSRCInputParameter] create SRC handle fail
11-01 10:14:48.880465   135  4581 D AudioALSAPlaybackHandlerNormal: -open()
11-01 10:14:48.880506   135  4581 D AudioALSAPlaybackHandlerNormal: setScreenState, flag 2, rate 1024 0.021333, mode = 1 , buffer_size = 8192, channel 2, format4, reduceInterruptSize = 1024
11-01 10:14:48.880631   135  4581 D AudioMTKFilter: AudioMTKFilter::start() type 0 mode 4 bFirstDataWrite 1
11-01 10:14:48.880658   135  4581 D MtkAudioLoud: setWorkMode(), chNum 2, sampleRate 48000, workMode 4 RampupEnable 0
11-01 10:14:48.880676   135  4581 D MtkAudioLoud: setParameter 513 mInitParam.Initial_State 0
11-01 10:14:48.880689   135  4581 D MtkAudioLoud: +open()
11-01 10:14:48.880723   135  4581 D MtkAudioLoud: -open() result 0
11-01 10:14:48.881277   135  4581 E AudioALSAPlaybackHandlerBase: -getHardwareBufferInfo(), pcm_get_htimestamp fail, ret = -1, pcm_get_error = 
11-01 10:14:48.894502   283  5499 D NuPlayerDriver: notifyListener_l(0xe8640280), (211, 0, 0, 20), loop setting(0, 0)
11-01 10:14:48.905622   159   476 D AudioFlinger: mixer(0xe92837c0) throttle end: throttle time(8)
11-01 10:14:49.015580  3213  3488 W System.err: 	at com.android.okhttp.internal.huc.HttpURLConnectionImpl.getOutputStream(HttpURLConnectionImpl.java:258)
11-01 10:14:49.088212   283  5499 D NuPlayerDriver: notifyListener_l(0xe8640280), (211, 0, 0, 20), loop setting(0, 0)
11-01 10:14:49.352889   283  5499 D NuPlayerDriver: notifyListener_l(0xe8640280), (211, 0, 0, 20), loop setting(0, 0)
11-01 10:14:50.149091   283  5499 D NuPlayerDriver: notifyListener_l(0xe8640280), (211, 0, 0, 20), loop setting(0, 0)
11-01 10:14:50.162765   283  5503 I NuPlayerDecoder: [audio] saw output EOS
11-01 10:14:50.163033   283  5502 D AudioTrack: stop() called with 82980 frames delivered
11-01 10:14:50.612813   135  4581 D MTKStreamOutHAL: WriteCommand::GET_LATENCY start
11-01 10:14:50.612714   159   476 D StreamHalHidl: callWriterThread start
11-01 10:14:50.612903   135  4581 D AudioALSAStreamOut: latency(), flags 2, return 42
11-01 10:14:50.612967   159   476 D StreamHalHidl: callWriterThread end with status == 0
11-01 10:14:50.624464   135  4581 D MTKStreamOutHAL: WriteCommand::GET_LATENCY start
11-01 10:14:50.623855   159   476 D StreamHalHidl: callWriterThread start
11-01 10:14:50.624529   135  4581 D AudioALSAStreamOut: latency(), flags 2, return 42
11-01 10:14:50.624606   159   476 D StreamHalHidl: callWriterThread end with status == 0
11-01 10:14:50.633733   159   476 D StreamHalHidl: callWriterThread start
11-01 10:14:50.633726   283  5499 D NuPlayerDriver: notifyListener_l(0xe8640280), (2, 0, 0, -1), loop setting(0, 0)
11-01 10:14:50.634555   135  4581 D MTKStreamOutHAL: WriteCommand::GET_LATENCY start
11-01 10:14:50.634714   159   476 D StreamHalHidl: callWriterThread end with status == 0
11-01 10:14:50.635853   283  5499 D NuPlayerDriver: notifyListener_l(0xe8640280), (211, 0, 0, 20), loop setting(0, 0)
11-01 10:14:50.634644   135  4581 D AudioALSAStreamOut: latency(), flags 2, return 42
11-01 10:14:50.645530   159   476 D StreamHalHidl: callWriterThread start
11-01 10:14:50.645620   135  4581 D MTKStreamOutHAL: WriteCommand::GET_LATENCY start
11-01 10:14:50.645721   159   476 D StreamHalHidl: callWriterThread end with status == 0
11-01 10:14:50.645677   135  4581 D AudioALSAStreamOut: latency(), flags 2, return 42
11-01 10:14:50.655075   159   476 D StreamHalHidl: callWriterThread start
11-01 10:14:50.655184   135  4581 D MTKStreamOutHAL: WriteCommand::GET_LATENCY start
11-01 10:14:50.655313   159   476 D StreamHalHidl: callWriterThread end with status == 0
11-01 10:14:50.655255   135  4581 D AudioALSAStreamOut: latency(), flags 2, return 42
11-01 10:14:53.599167   135   294 D AudioALSAStreamOut: standby(), flag 2
11-01 10:14:53.599253   135   294 D AudioALSAStreamOut: standbyStreamOut(), flag 2
11-01 10:14:53.599284   135   294 D AudioALSAStreamOut: close(), flags 2
11-01 10:14:53.599308   135   294 D AudioALSAPlaybackHandlerNormal: +close(), flag 2, mDevice = 0x2
11-01 10:14:53.599354   135   294 D AudioVoiceUIDL: [SetInputStandBy] ReadRefFromRing to exit  (0) 
11-01 10:14:53.599385   135   294 D AudioALSAHardwareResourceManager: +stopOutputDevice(), mOutputDevices = 0x2, mStartOutputDevicesCount = 1
11-01 10:14:53.599423   135   294 D AudioALSADeviceConfigManager: ApplyDeviceTurnoffSequenceByName(), DeviceName = ext_speaker_output descriptor->DeviceStatusCounter = 1
11-01 10:14:53.600120   135   294 D AudioALSADeviceConfigManager: ApplyDeviceTurnoffSequenceByName(), DeviceName = speaker_output descriptor->DeviceStatusCounter = 1
11-01 10:14:53.606003   135   294 D AudioALSAStreamManager: speakerStatusChangeCb(), status = 1
11-01 10:14:53.606977   135   294 D AudioALSAPlaybackHandlerBase: -closePcmDriver(), mPcm = 0x0
11-01 10:14:53.607055   135   294 D AudioALSAPlaybackHandlerNormal: SetLowJitterMode(), bypass low jitter mode, bEnable = 0, device = 0x2, SampleRate = 48000
11-01 10:14:53.607086   135   294 D MtkAudioBitConverter: +close()
11-01 10:14:53.607182   135   294 D AudioMTKFilter: AudioMTKFilter::stop() type 0 mode 4
11-01 10:14:53.607216   135   294 D MtkAudioLoud: +close()
11-01 10:14:53.607242   135   294 D MtkAudioLoud: -close()
11-01 10:14:53.607259   135   294 D AudioALSAPlaybackHandlerBase: DeinitDataPending
11-01 10:14:53.607516   135   294 D AudioALSAPlaybackHandlerNormal: -close()
11-01 10:14:58.675551  2899  2899 E MqttService: 	at java.io.DataInputStream.readByte(DataInputStream.java:270)
11-01 10:14:58.675551  2899  2899 E MqttService: 	at org.eclipse.paho.client.mqttv3.internal.wire.MqttInputStream.readMqttWireMessage(MqttInputStream.java:3)
11-01 10:15:03.661461  1959  5568 D [XCSmartScene-2.2.5 (D7F)]-SiddhiStateHub: [(StateCentralHub.java:14)#A ] processSiddhiState: SiddhiStream{siddhiApp='pattern_type_weekend', info='pattern_type_weekend.data-input-source.systemDateTime', state=1}
11-01 10:15:03.661730  1959  5568 D [XCSmartScene-2.2.5 (D7F)]-SiddhiStateHub: [(StateCentralHub.java:14)#A ] processSiddhiState: SiddhiStream{siddhiApp='pattern_type_weekend_dinner', info='pattern_type_weekend_dinner.data-input-source.systemDateTime', state=1}
11-01 10:15:03.661938  1959  5568 D [XCSmartScene-2.2.5 (D7F)]-SiddhiStateHub: [(StateCentralHub.java:14)#A ] processSiddhiState: SiddhiStream{siddhiApp='pattern_type_weekend_lunch', info='pattern_type_weekend_lunch.data-input-source.systemDateTime', state=1}
11-01 10:15:03.662141  1959  5568 D [XCSmartScene-2.2.5 (D7F)]-SiddhiStateHub: [(StateCentralHub.java:14)#A ] processSiddhiState: SiddhiStream{siddhiApp='pattern_type_fridaynight', info='pattern_type_fridaynight.data-input-source.systemDateTime', state=1}
11-01 10:15:03.662350  1959  5568 D [XCSmartScene-2.2.5 (D7F)]-SiddhiStateHub: [(StateCentralHub.java:14)#A ] processSiddhiState: SiddhiStream{siddhiApp='pattern_event_time_noon', info='pattern_event_time_noon.data-input-source.systemDateTime', state=1}
11-01 10:15:03.662557  1959  5568 D [XCSmartScene-2.2.5 (D7F)]-SiddhiStateHub: [(StateCentralHub.java:14)#A ] processSiddhiState: SiddhiStream{siddhiApp='pattern_event_calendarDay', info='pattern_event_calendarDay.data-input-source.systemDateTime', state=1}
11-01 10:15:03.662776  1959  5568 D [XCSmartScene-2.2.5 (D7F)]-SiddhiStateHub: [(StateCentralHub.java:14)#A ] processSiddhiState: SiddhiStream{siddhiApp='pattern_type_birthday', info='pattern_type_birthday.data-input-source.systemDateTime', state=1}
11-01 10:15:03.662979  1959  5568 D [XCSmartScene-2.2.5 (D7F)]-SiddhiStateHub: [(StateCentralHub.java:14)#A ] processSiddhiState: SiddhiStream{siddhiApp='pattern_type_eggs', info='pattern_type_eggs.data-input-source.systemDateTime', state=1}
11-01 10:15:03.663206  1959  5568 D [XCSmartScene-2.2.5 (D7F)]-SiddhiStateHub: [(StateCentralHub.java:14)#A ] processSiddhiState: SiddhiStream{siddhiApp='pattern_type_gohome', info='pattern_type_gohome.data-input-source.systemDateTime', state=1}
11-01 10:15:03.663407  1959  5568 D [XCSmartScene-2.2.5 (D7F)]-SiddhiStateHub: [(StateCentralHub.java:14)#A ] processSiddhiState: SiddhiStream{siddhiApp='pattern_type_commute', info='pattern_type_commute.data-input-source.systemDateTime', state=1}
11-01 10:15:03.663614  1959  5568 D [XCSmartScene-2.2.5 (D7F)]-SiddhiStateHub: [(StateCentralHub.java:14)#A ] processSiddhiState: SiddhiStream{siddhiApp='pattern_type_driveTired', info='pattern_type_driveTired.data-input-source.systemDateTime', state=1}
11-01 10:15:10.365886  1670  1670 W RegisterManager: RegisterList: [com.ecarx.deviceinfo.service, com.ecarx.multimedia, ecarx.naviservice, ecarx.xsf.notificationcenter, ecarx.calendar, com.ecarx.appstore, com.ecarx.compositor, com.ecarx.smartcloud, com.ecarx.magicbook, ecarx.membercenter, com.ecarx.eas.daemon, com.ecarx.thememanager, com.ecarx.smartscene]
