01-01 08:00:10.570622   135   294 D AudioALSADeviceConfigManager: ParseDeviceSequence() devicename = ext_speaker_output action = turnoff
01-01 08:00:10.570635   135   294 D AudioALSADeviceConfigManager: ParseDeviceSequence() devicename = builtin_Mic_Mic1 action = turnon
01-01 08:00:10.570654   135   294 D AudioALSADeviceConfigManager: ParseDeviceSequence() devicename = builtin_Mic_Mic1 action = turnoff
01-01 08:00:10.570671   135   294 D AudioALSADeviceConfigManager: ParseDeviceSequence() devicename = builtin_Mic_Mic1_Inverse action = turnon
01-01 08:00:10.570690   135   294 D AudioALSADeviceConfigManager: ParseDeviceSequence() devicename = builtin_Mic_Mic1_Inverse action = turnoff
01-01 08:00:10.570705   135   294 D AudioALSADeviceConfigManager: ParseDeviceSequence() devicename = builtin_Mic_Mic2 action = turnon
01-01 08:00:10.570721   135   294 D AudioALSADeviceConfigManager: ParseDeviceSequence() devicename = builtin_Mic_Mic2 action = turnoff
01-01 08:00:10.570736   135   294 D AudioALSADeviceConfigManager: ParseDeviceSequence() devicename = builtin_Mic_Mic2_Inverse action = turnon
01-01 08:00:10.570752   135   294 D AudioALSADeviceConfigManager: ParseDeviceSequence() devicename = builtin_Mic_Mic2_Inverse action = turnoff
01-01 08:00:10.570767   135   294 D AudioALSADeviceConfigManager: ParseDeviceSequence() devicename = builtin_Mic_SingleMic action = turnon
01-01 08:00:10.570783   135   294 D AudioALSADeviceConfigManager: ParseDeviceSequence() devicename = builtin_Mic_SingleMic action = turnoff
01-01 08:00:10.570798   135   294 D AudioALSADeviceConfigManager: ParseDeviceSequence() devicename = builtin_Mic_DualMic action = turnon
01-01 08:00:10.570815   135   294 D AudioALSADeviceConfigManager: ParseDeviceSequence() devicename = builtin_Mic_DualMic action = turnoff
01-01 08:00:10.570829   135   294 D AudioALSADeviceConfigManager: ParseDeviceSequence() devicename = builtin_Mic_BackMic action = turnon
01-01 08:00:10.570848   135   294 D AudioALSADeviceConfigManager: ParseDeviceSequence() devicename = builtin_Mic_BackMic action = turnoff
01-01 08:00:10.570863   135   294 D AudioALSADeviceConfigManager: ParseDeviceSequence() devicename = builtin_Mic_BackMic_Inverse action = turnon
01-01 08:00:10.570881   135   294 D AudioALSADeviceConfigManager: ParseDeviceSequence() devicename = builtin_Mic_BackMic_Inverse action = turnoff
01-01 08:00:10.570895   135   294 D AudioALSADeviceConfigManager: ParseDeviceSequence() devicename = headset_mic_input action = turnon
01-01 08:00:10.570912   135   294 D AudioALSADeviceConfigManager: ParseDeviceSequence() devicename = headset_mic_input action = turnoff
01-01 08:00:10.570927   135   294 D AudioALSADeviceConfigManager: ParseDeviceSequence() devicename = sidetone_switch action = turnon
01-01 08:00:10.570941   135   294 D AudioALSADeviceConfigManager: ParseDeviceSequence() devicename = sidetone_switch action = turnoff
01-01 08:00:10.570954   135   294 D AudioALSADeviceConfigManager: ParseDeviceSequence() devicename = Mic1TypeACCMode action = setting
01-01 08:00:10.604931   143   143 I hwcomposer: [HWC] Display(0) SetPowerMode(2)  
01-01 08:00:10.570968   135   294 D AudioALSADeviceConfigManager: ParseDeviceSequence() devicename = Mic1TypeDCCMode action = setting
01-01 08:00:10.631350   183   183 I ccci_mdinit: (1):check_nvram_ready(), property_get("vendor.service.nvram_init") = , read_nvram_ready_retry = 3
01-01 08:00:10.599327   172   172 D SurfaceFlinger: shader cache generated - 24 shaders in 599.692200 ms
01-01 08:00:10.624250   159   159 I AudioFlinger: loadHwModule() Loaded primary audio interface, handle 10
01-01 08:00:10.621855   257   257 D BootAnimation: [BootAnimation BootAnimation 198]bBootOrShutDown=1,bPlayMP3=1,bShutRotate=0
01-01 08:00:10.605009   143   143 E hwcomposer: [DEV] DispDevice::setPowerMode() dpy:0 mode:2  
01-01 08:00:10.570981   135   294 D AudioALSADeviceConfigManager: ParseDeviceSequence() devicename = Mic1TypeDMICMode action = setting
01-01 08:00:10.604639   172   172 D SurfaceFlinger: Set power mode=2, type=0 flinger=0x770da58000
01-01 08:00:10.624469   159   159 I AudioFlinger: openOutput() this 0xe9d6a000, module 10 Device 0x2, SamplingRate 48000, Format 0x000003, Channels 0x3, flags 0x2
01-01 08:00:10.605040   143   143 E hwcomposer: [DEV] DispDevice::setPowerMode() mode=2, open fb0 device  
01-01 08:00:10.570994   135   294 D AudioALSADeviceConfigManager: ParseDeviceSequence() devicename = Mic1TypeDCCECMDIFFMode action = setting
01-01 08:00:10.606937   172   172 D mali_winsys: EGLint new_window_surface(egl_winsys_display *, void *, EGLSurface, EGLConfig, egl_winsys_surface **, EGLBoolean) returns 0x3000
01-01 08:00:10.626474   159   159 I AudioFlinger: HAL output buffer size 1024 frames, normal sink buffer size 1024 frames
01-01 08:00:10.625421   143   143 I hwcomposer: [DPYPRIV] notify second display to SF  
01-01 08:00:10.571009   135   294 D AudioALSADeviceConfigManager: ParseDeviceSequence() devicename = Mic1TypeDCCECMSINGLEMode action = setting
01-01 08:00:10.607049   172   172 E HWComposer: getSupportedPerFrameMetadata: getSupportedPerFrameMetadata failed for display 1: Unsupported (8)
01-01 08:00:10.571022   135   294 D AudioALSADeviceConfigManager: ParseDeviceSequence() devicename = Mic2TypeACCMode action = setting
01-01 08:00:10.617238   172   172 D mali_winsys: EGLint new_window_surface(egl_winsys_display *, void *, EGLSurface, EGLConfig, egl_winsys_surface **, EGLBoolean) returns 0x3000
01-01 08:00:10.571039   135   294 D AudioALSADeviceConfigManager: ParseDeviceSequence() devicename = Mic2TypeDCCMode action = setting
01-01 08:00:10.617326   172   172 E HWComposer: getSupportedPerFrameMetadata: getSupportedPerFrameMetadata failed for display 2: Unsupported (8)
01-01 08:00:10.571053   135   294 D AudioALSADeviceConfigManager: ParseDeviceSequence() devicename = Mic2TypeDMICMode action = setting
01-01 08:00:10.625630   172   172 D SurfaceFlinger: Finished set power mode=2, type=0
01-01 08:00:10.571067   135   294 D AudioALSADeviceConfigManager: ParseDeviceSequence() devicename = Mic2TypeDCCECMDIFFMode action = setting
01-01 08:00:10.571081   135   294 D AudioALSADeviceConfigManager: ParseDeviceSequence() devicename = Mic2TypeDCCECMSINGLEMode action = setting
01-01 08:00:10.571093   135   294 D AudioALSADeviceConfigManager: ParseDeviceSequence() devicename = Mic3TypeACCMode action = setting
01-01 08:00:10.571107   135   294 D AudioALSADeviceConfigManager: ParseDeviceSequence() devicename = Mic3TypeDCCMode action = setting
01-01 08:00:10.571119   135   294 D AudioALSADeviceConfigManager: ParseDeviceSequence() devicename = Mic3TypeDMICMode action = setting
01-01 08:00:10.571132   135   294 D AudioALSADeviceConfigManager: ParseDeviceSequence() devicename = Mic3TypeDCCECMDIFFMode action = setting
01-01 08:00:10.571145   135   294 D AudioALSADeviceConfigManager: ParseDeviceSequence() devicename = Mic3TypeDCCECMSINGLEMode action = setting
01-01 08:00:10.571159   135   294 D AudioALSADeviceConfigManager: ParseDeviceSequence() devicename = Mic4TypeACCMode action = setting
01-01 08:00:10.571173   135   294 D AudioALSADeviceConfigManager: ParseDeviceSequence() devicename = Mic4TypeDCCMode action = setting
01-01 08:00:10.571187   135   294 D AudioALSADeviceConfigManager: ParseDeviceSequence() devicename = Mic4TypeDMICMode action = setting
01-01 08:00:10.571201   135   294 D AudioALSADeviceConfigManager: ParseDeviceSequence() devicename = Mic4TypeDCCECMDIFFMode action = setting
01-01 08:00:10.571214   135   294 D AudioALSADeviceConfigManager: ParseDeviceSequence() devicename = Mic4TypeDCCECMSINGLEMode action = setting
01-01 08:00:10.571235   135   294 D AudioALSADeviceConfigManager: ParseDeviceSequence() devicename = Mic_Setting_Inverse action = setting
01-01 08:00:10.571250   135   294 D AudioALSADeviceConfigManager: ParseDeviceSequence() devicename = Mic_Setting_NoInverse action = setting
01-01 08:00:10.571559   135   294 D         : appOpsGetInstance(), init AppOps struct, lib is libaudio_param_parser-vnd.so
01-01 08:00:10.571873   135   294 D AudioSmartPaController: initSmartPaAttribute(), spkType: int_lo_buf, isSmartPAUsed: 0, SmartPA dynamic detect: 0
01-01 08:00:10.571906   135   294 D AudioALSAHardwareResourceManager: AudioALSAHardwareResourceManager()
01-01 08:00:10.573024   135   294 D AudioALSACodecDeviceBase: AudioALSACodecDeviceBase()
01-01 08:00:10.573062   135   294 D AudioALSACodecDeviceOutEarphonePMIC: AudioALSACodecDeviceOutEarphonePMIC()
01-01 08:00:10.573117   135   294 D AudioALSACodecDeviceOutEarphonePMIC: DeviceDoDcCalibrate(), ctl Dctrim_Control_Switch = 2
01-01 08:00:10.573135   135   294 D AudioALSACodecDeviceOutEarphonePMIC: DeviceDoDcCalibrate(), dc trimmed
01-01 08:00:10.573158   135   294 D AudioALSACodecDeviceBase: AudioALSACodecDeviceBase()
01-01 08:00:10.573172   135   294 D AudioALSACodecDeviceOutSpeakerEarphonePMIC: AudioALSACodecDeviceOutSpeakerEarphonePMIC()
01-01 08:00:10.652817   143   143 W hwcomposer: [JOBPRIV] (0) SET/bypass/no_visible_layers  
01-01 08:00:10.573191   135   294 D AudioALSACodecDeviceOutSpeakerEarphonePMIC: DeviceDoDcCalibrate()
01-01 08:00:10.669049   200   200 W TBOX_TAG: remote_ctrl_set.cpp ipc = 10010004
01-01 08:00:10.667918   187   211 I TBOX_TAG: power_mode_sm.cpp SSP-IPO:HOLD WAKELOCK ...
01-01 08:00:10.656499   167   167 I TBOX_TAG: tbox_ipo.cpp get tbox socket is -1
01-01 08:00:10.677316   201   213 I TBOX_TAG: handy_tool_fjd.h IPC SEND: Type:70010001 IPC_APP_SSP_STARTUP_EVT Length:4 Payload: 04000000              F?               
01-01 08:00:10.665622   202   202 I TBOX_TAG: hu_manager.cpp IPC RECV: 0x10010004
01-01 08:00:10.652454   172   172 W HwcComposer: command 0x2000000 generated error 8
01-01 08:00:10.665777   195   195 I TBOX_TAG: modem_mgr.cpp get the start up but not completed init
01-01 08:00:10.665407   197   197 I TBOX_TAG: handy_tool_fjd.h IPC RECV: Type:10010004 unsupported ipc id Length:0 Payload: 
01-01 08:00:10.573225   135   294 D AudioALSACodecDeviceOutSpeakerEarphonePMIC: DeviceDoDcCalibrate(), can't get mixer control(Audio HPL_SPK Offset)
01-01 08:00:10.667271   167   209 I TBOX_TAG: tbox_ipo_socket.cpp ihu request to connect....
01-01 08:00:10.677675   201   213 I TBOX_TAG: handy_tool_fjd.h IPC SEND: Type:70010001 IPC_APP_SSP_STARTUP_EVT Length:4 Payload: 06000000              F?               
01-01 08:00:10.652517   172   172 W HwcComposer: command 0x2000000 generated error 8
01-01 08:00:10.573269   135   294 D AudioALSACodecDeviceOutSpeakerEarphonePMIC: DeviceDoDcCalibrate(), can't get mixer control(Audio HPR_SPK Offset)
01-01 08:00:10.667619   167   209 I TBOX_TAG: tbox_ipo_socket.cpp socket accept successful
01-01 08:00:10.573286   135   294 D AudioUtility: PHONE_MIC_MODE defined!, mPhoneMicMode = 1
01-01 08:00:10.668060   167   209 I TBOX_TAG: tbox_ipo.cpp received msg from tbox
01-01 08:00:10.573312   135   294 D AudioUtility: HEADSET_MIC_MODE defined!, mHeadsetMicMode = 1
01-01 08:00:10.668078   167   209 I TBOX_TAG: tbox_ipo.cpp received lock msg from tbox process
01-01 08:00:10.573326   135   294 D AudioALSAHardwareResourceManager: updatePhoneMicMode()
01-01 08:00:10.668093   167   209 I TBOX_TAG: tbox_ipo.cpp tbox_ipo_set_power_state 2
01-01 08:00:10.574062   135   294 D AudioALSAHardwareResourceManager: updatePhoneMicMode(), new mic mode = 2,  old mic_mode = 1
01-01 08:00:10.582485   135   294 D GainTableParamParser: getInstance()
01-01 08:00:10.582561   135   294 D GainTableParamParser: GainTableParamParser()
01-01 08:00:10.582575   135   294 D         : appOpsGetInstance(), init AppOps struct, lib is libaudio_param_parser-vnd.so
01-01 08:00:10.582883   135   294 D GainTableParamParser: loadGainTableSpec()
01-01 08:00:10.582960   135   294 D GainTableParamParser: mSpec.audioBufferGainPreferMaxIdx = 18
01-01 08:00:10.582977   135   294 D GainTableParamParser: mSpec.audioBufLMixerName = Headset_PGAL_GAIN
01-01 08:00:10.582991   135   294 D GainTableParamParser: mSpec.audioBufRMixerName = Headset_PGAR_GAIN
01-01 08:00:10.583009   135   294 D GainTableParamParser: mSpec.voiceBufferGainPreferMaxIdx = 18
01-01 08:00:10.583021   135   294 D GainTableParamParser: mSpec.voiceBufMixerName = Handset_PGA_GAIN
01-01 08:00:10.583043   135   294 D GainTableParamParser: mSpec.lineoutBufferGainPreferMaxIdx = 18
01-01 08:00:10.583071   135   294 D GainTableParamParser: mSpec.spkAnaType = 3
01-01 08:00:10.583084   135   294 D GainTableParamParser: mSpec.spkLMixerName = Lineout_PGAL_GAIN
01-01 08:00:10.583096   135   294 D GainTableParamParser: mSpec.spkRMixerName = Lineout_PGAR_GAIN
01-01 08:00:10.583108   135   294 D GainTableParamParser: spk, db = -64, idx = 0
01-01 08:00:10.583118   135   294 D GainTableParamParser: spk, db = 0, idx = 1
01-01 08:00:10.583128   135   294 D GainTableParamParser: spk, db = 4, idx = 2
01-01 08:00:10.583139   135   294 D GainTableParamParser: spk, db = 5, idx = 3
01-01 08:00:10.583151   135   294 D GainTableParamParser: spk, db = 6, idx = 4
01-01 08:00:10.583161   135   294 D GainTableParamParser: spk, db = 7, idx = 5
01-01 08:00:10.583172   135   294 D GainTableParamParser: spk, db = 8, idx = 6
01-01 08:00:10.583183   135   294 D GainTableParamParser: spk, db = 9, idx = 7
01-01 08:00:10.583194   135   294 D GainTableParamParser: spk, db = 10, idx = 8
01-01 08:00:10.583204   135   294 D GainTableParamParser: spk, db = 11, idx = 9
01-01 08:00:10.583215   135   294 D GainTableParamParser: spk, db = 12, idx = 10
01-01 08:00:10.583226   135   294 D GainTableParamParser: spk, db = 13, idx = 11
01-01 08:00:10.583237   135   294 D GainTableParamParser: spk, db = 14, idx = 12
01-01 08:00:10.583247   135   294 D GainTableParamParser: spk, db = 15, idx = 13
01-01 08:00:10.583258   135   294 D GainTableParamParser: spk, db = 16, idx = 14
01-01 08:00:10.583269   135   294 D GainTableParamParser: spk, db = 17, idx = 15
01-01 08:00:10.583283   135   294 D GainTableParamParser: mSpec.ulPgaLMixerName = Audio_PGA1_Setting
01-01 08:00:10.583295   135   294 D GainTableParamParser: mSpec.ulPgaRMixerName = Audio_PGA2_Setting
01-01 08:00:10.583308   135   294 D GainTableParamParser: loadGainTableMapDl()
01-01 08:00:10.583357   135   294 W GainTableParamParser: error: get paramUnit fail, paramPath = Profile,HSSPK
01-01 08:00:10.583411   135   294 W GainTableParamParser: error: get paramUnit fail, paramPath = Profile,BT_A2DP
01-01 08:00:10.583426   135   294 W GainTableParamParser: error: get paramUnit fail, paramPath = Profile,BT_A2DP_HP
01-01 08:00:10.583441   135   294 W GainTableParamParser: error: get paramUnit fail, paramPath = Profile,BT_A2DP_SPK
01-01 08:00:10.583460   135   294 D GainTableParamParser: loadGainTableMapUl()
01-01 08:00:10.583538   135   294 W GainTableParamParser: error: get paramUnit fail, paramPath = Profile,BT_A2DP
01-01 08:00:10.583554   135   294 W GainTableParamParser: error: get paramUnit fail, paramPath = Profile,BT_A2DP_HP
01-01 08:00:10.583568   135   294 W GainTableParamParser: error: get paramUnit fail, paramPath = Profile,BT_A2DP_SPK
01-01 08:00:10.583589   135   294 D GainTableParamParser: loadGainTableHpImpedance()
01-01 08:00:10.583615   135   294 D GainTableParamParser: mSpec.hpImpEnable = 1
01-01 08:00:10.583628   135   294 D GainTableParamParser: mSpec.hpImpDefaultIdx = 1
01-01 08:00:10.583642   135   294 D GainTableParamParser: getSceneList()
01-01 08:00:10.583665   135   294 D AudioMTKGainController: allocateGainTable()
01-01 08:00:10.583695   135   294 D GainTableParamParser: getGainTableParam()
01-01 08:00:10.583727   135   294 D GainTableParamParser: updatePlaybackDigitalGain()
01-01 08:00:10.584917   135   294 D GainTableParamParser: updatePlaybackAnalogGain()
01-01 08:00:10.586204   135   294 D GainTableParamParser: updateSpeechVol()
01-01 08:00:10.586345   135   294 W GainTableParamParser: 	continue, paramPath = Band,NB,Profile,USB,Network,GSM, mMapDlAnalogType[13] = -1
01-01 08:00:10.586483   135   294 W GainTableParamParser: 	continue, paramPath = Band,WB,Profile,USB,Network,GSM, mMapDlAnalogType[13] = -1
01-01 08:00:10.586619   135   294 W GainTableParamParser: 	continue, paramPath = Band,SWB,Profile,USB,Network,GSM, mMapDlAnalogType[13] = -1
01-01 08:00:10.586774   135   294 W GainTableParamParser: 	continue, paramPath = Band,NB,Profile,USB,Network,WCDMA, mMapDlAnalogType[13] = -1
01-01 08:00:10.586909   135   294 W GainTableParamParser: 	continue, paramPath = Band,WB,Profile,USB,Network,WCDMA, mMapDlAnalogType[13] = -1
01-01 08:00:10.587042   135   294 W GainTableParamParser: 	continue, paramPath = Band,SWB,Profile,USB,Network,WCDMA, mMapDlAnalogType[13] = -1
01-01 08:00:10.587182   135   294 W GainTableParamParser: 	continue, paramPath = Band,NB,Profile,USB,Network,VoLTE, mMapDlAnalogType[13] = -1
01-01 08:00:10.587318   135   294 W GainTableParamParser: 	continue, paramPath = Band,WB,Profile,USB,Network,VoLTE, mMapDlAnalogType[13] = -1
01-01 08:00:10.587450   135   294 W GainTableParamParser: 	continue, paramPath = Band,SWB,Profile,USB,Network,VoLTE, mMapDlAnalogType[13] = -1
01-01 08:00:10.587506   135   294 D GainTableParamParser: updateRecordVol()
01-01 08:00:10.588595   135   294 W GainTableParamParser: error, ul_gain = 2 out of bound, paramPath = Scene,Default,Application,Unprocessed,Profile,BT_A2DP
01-01 08:00:10.588619   135   294 W GainTableParamParser: error, ul_gain = 2 out of bound, paramPath = Scene,Default,Application,Unprocessed,Profile,BT_A2DP_HP
01-01 08:00:10.588638   135   294 W GainTableParamParser: error, ul_gain = 2 out of bound, paramPath = Scene,Default,Application,Unprocessed,Profile,BT_A2DP_SPK
01-01 08:00:10.588662   135   294 D GainTableParamParser: updateVoIPVol()
01-01 08:00:10.588755   135   294 W GainTableParamParser: 	continue, paramPath = Scene,Default,Profile,USB, mMapDlAnalogType[13] = -1
01-01 08:00:10.588790   135   294 D GainTableParamParser: updateRingbackVol()
01-01 08:00:10.588872   135   294 D AudioMTKGainController: mMixer = 0xe851c1c0
01-01 08:00:10.588896   135   294 D         : appOpsGetInstance(), init AppOps struct, lib is libaudio_param_parser-vnd.so
01-01 08:00:10.589202   135   294 D AudioALSAHardware: AudioALSAHardware()
01-01 08:00:10.589375   135   294 D SpeechDriverFactory: SpeechDriverFactory(), isMD1Supported = 10
01-01 08:00:10.589397   135   294 D SpeechDriverFactory: CreateSpeechDriverInstances(), isMD1Supported = 10
01-01 08:00:10.589410   135   294 D SpeechDriverFactory: Create SpeechDriverLAD for MODEM_1
01-01 08:00:10.589435   135   294 D SpeechDriverLAD: GetInstance(), modem_index=0
01-01 08:00:10.589454   135   294 D         : CleanGainValueAndMuteStatus(), mUplinkMuteOn 0
01-01 08:00:10.589466   135   294 D SpeechDriverLAD: SpeechDriverLAD(), modem_index = 0
01-01 08:00:10.589477   135   294 D SpeechDriverLAD: SpeechDriverLAD(), SpeechMessengerCCCI modem_index = 0
01-01 08:00:10.589505   135   294 D SpeechMessengerECCCI: SpeechMessengerECCCI()
01-01 08:00:10.597822   135   294 D SpeechMessengerECCCI: SpeechMessengerECCCI(), mModemIndex(0), mModemSideModemStatus(0x0)
01-01 08:00:10.597870   135   294 D SpeechMessengerECCCI: ResetSpeechParamAckCount(), NB(0)/DMNR(0)/WB(0)/MAGICON(0)/HAC(0)/DynamicSPH(0)
01-01 08:00:10.597884   135   294 D SpeechMessengerECCCI: Initial()
01-01 08:00:10.598015   135   294 D SpeechMessengerECCCI: Initial(), dev_node=/dev/ccci_aud
01-01 08:00:10.598089   135   294 D SpeechMessengerECCCI: Initial(), share_buf_address: 0xe85f2600, share_buf_length: 32000
01-01 08:00:10.598259   135   294 D SpeechEnhancementController: mSpeechEnhancementMask: main_func = 0xffff, sub_func = 0xffffff9f
01-01 08:00:10.598286   135   294 D SpeechEnhancementController: GetBtHeadsetNrecOn(), mBtHeadsetNrecOn = 1
01-01 08:00:10.598307   135   294 D SpeechParamParser: SpeechParamParser()
01-01 08:00:10.598330   135   294 D SpeechParamParser: init()
01-01 08:00:10.598343   135   294 D SpeechParamParser: +initAppParser()
01-01 08:00:10.598354   135   294 D SpeechParamParser: initAppParser() appHandleGetInstance
01-01 08:00:10.598390   135   294 D SpeechParamParser: appOpsGetInstance(), init AppOps struct, lib is libaudio_param_parser-vnd.so
01-01 08:00:10.598714   135   294 D SpeechParamParser: initAppParser() appHandleRegXmlChangedCb
01-01 08:00:10.598784   135   294 D SpeechParamParser: initSpeechNetwork(), idxNetwork=0, sizeByteFromApp=2, supportBit=0xfff
01-01 08:00:10.598798   135   294 D SpeechParamParser: -initSpeechNetwork(), total size byte=2
01-01 08:00:10.598810   135   294 D SpeechParamParser: initSpeechNetwork(), mNameForEachSpeechNetwork[0].name = GSM
01-01 08:00:10.598822   135   294 D SpeechParamParser: initSpeechNetwork(), mNameForEachSpeechNetwork[1].name = GSM
01-01 08:00:10.598834   135   294 D SpeechParamParser: initSpeechNetwork(), mNameForEachSpeechNetwork[2].name = GSM
01-01 08:00:10.598846   135   294 D SpeechParamParser: initSpeechNetwork(), mNameForEachSpeechNetwork[3].name = GSM
01-01 08:00:10.598856   135   294 D SpeechParamParser: initSpeechNetwork(), mNameForEachSpeechNetwork[4].name = GSM
01-01 08:00:10.598868   135   294 D SpeechParamParser: initSpeechNetwork(), mNameForEachSpeechNetwork[5].name = GSM
01-01 08:00:10.598879   135   294 D SpeechParamParser: initSpeechNetwork(), mNameForEachSpeechNetwork[6].name = GSM
01-01 08:00:10.598891   135   294 D SpeechParamParser: initSpeechNetwork(), mNameForEachSpeechNetwork[7].name = GSM
01-01 08:00:10.598902   135   294 D SpeechParamParser: initSpeechNetwork(), mNameForEachSpeechNetwork[8].name = GSM
01-01 08:00:10.598913   135   294 D SpeechParamParser: initSpeechNetwork(), mNameForEachSpeechNetwork[9].name = GSM
01-01 08:00:10.598925   135   294 D SpeechParamParser: initSpeechNetwork(), mNameForEachSpeechNetwork[10].name = GSM
01-01 08:00:10.598936   135   294 D SpeechParamParser: initSpeechNetwork(), mNameForEachSpeechNetwork[11].name = GSM
01-01 08:00:10.598961   135   294 D         : appOpsGetInstance(), init AppOps struct, lib is libaudio_param_parser-vnd.so
01-01 08:00:10.599193   135   294 D SpeechDriverLAD: SpeechDriverLAD() appHandleGetInstance
01-01 08:00:10.599219   135   294 D SpeechDriverLAD: SpeechDriverLAD() appHandleRegXmlChangedCb
01-01 08:00:10.599241   135   294 W SpeechDriverFactory: Create SpeechDriverDummy for MODEM_EXTERNAL
01-01 08:00:10.599259   135   294 D         : CleanGainValueAndMuteStatus(), mUplinkMuteOn 0
01-01 08:00:10.599271   135   294 W SpeechDriverDummy: SpeechDriverDummy(), modem_index = 2
01-01 08:00:10.599286   135   294 D SpeechDriverFactory: -SpeechDriverFactory(), mActiveModemIndex = 0
01-01 08:00:10.599725   135   294 D AudioALSAFMController: AudioALSAFMController()
01-01 08:00:10.599759   135   294 D         : appOpsGetInstance(), init AppOps struct, lib is libaudio_param_parser-vnd.so
01-01 08:00:10.600030   135   294 D AudioALSAStreamManager: AudioALSAStreamManager()
01-01 08:00:10.600053   135   294 D AudioALSAStreamManager: AudioALSAStreamManager(), mBesLoudnessStatus [0] (Always) 
01-01 08:00:10.600077   135   294 D AudioEventThreadManager: registerCallback(), audioEventType=0, callbackFunc = 0xe936ae9c
01-01 08:00:10.600093   135   294 D AudioEventThreadManager: AudioEventThread(), audioEventType = 0
01-01 08:00:10.600146   135   294 D AudioEventThreadManager: registerCallback(), add new audioEventType=0, callbackFunc = 0xe936ae9c
01-01 08:00:10.600165   135   294 D AudioUtility: getPowerHal(), get PowerHal Service
01-01 08:00:10.600326   135   461 D SpeechMessengerECCCI: CCCIReadThread setpriority ok, priority: -16
01-01 08:00:10.600346   135   461 D SpeechMessengerECCCI: CCCIReadThread(), pid: 135, tid: 461
01-01 08:00:10.600383   135   463 E AudioALSASpeechPhoneCallController: nativeCallThread(), TestThread!!
01-01 08:00:10.600458   135   463 E AudioALSASpeechPhoneCallController: listen ret (0)
01-01 08:00:10.602653   135   294 D AudioUtility: getPowerHal(), Link to death notification successfully
01-01 08:00:10.602724   135   294 D AudioALSAParamTuner: getInstance(), create AudioALSAParamTuner instance --
01-01 08:00:10.602743   135   294 D AudioALSAParamTuner: +AudioALSAParamTuner()
01-01 08:00:10.602771   135   294 D AudioCustParam: GetVolumeVer1ParamFromNV 
01-01 08:00:10.602787   135   294 D AudioCustParam: getDefaultVer1VolumeParam
01-01 08:00:10.602807   135   294 D AudioMTKGainController: getMicGainDecimal(), micMode 1, gainDevice 0, micGainDecimal 164
01-01 08:00:10.602823   135   294 D AudioMTKGainController: getMicGainDecimal(), micMode 1, gainDevice 2, micGainDecimal 180
01-01 08:00:10.602845   135   294 D AudioALSAParamTuner: AudioALSAParamTuner(), AudioALSAParamTuner: default mic gain-mormal:164;handsfree:180, receiver gain:112, headset Gain:76
01-01 08:00:10.602861   135   294 D AudioALSAParamTuner: getInstance(), create AudioALSAParamTuner instance ++
01-01 08:00:10.603871   135   294 D         : appOpsGetInstance(), init AppOps struct, lib is libaudio_param_parser-vnd.so
01-01 08:00:10.604405   135   294 D AudioALSAHardware: AudioALSAHardware(), mAudioHalBtscoWB = 0
01-01 08:00:10.604458   135   294 D WCNChipController: WCNChipController()
01-01 08:00:10.604475   135   294 D WCNChipController: SetBTCurrentSamplingRateNumber(), mBTCurrentSamplingRateNumber: 8000 => 8000
01-01 08:00:10.604493   135   294 D AudioBTCVSDControl: +AudioBTCVSDControl
01-01 08:00:10.604510   135   294 D AudioBTCVSDControl: AudioBTCVSDControl constructor
01-01 08:00:10.618877   135   294 D AudioBTCVSDControl: BT_SCO_SET_TXState state=0x0
01-01 08:00:10.618922   135   294 D AudioBTCVSDControl: BT_SCO_SET_RXState state=0x10
01-01 08:00:10.618935   135   294 D AudioBTCVSDControl: BT_SCO_CVSD_Init() allocate mBTSCOCVSDContext
01-01 08:00:10.618950   135   294 D AudioBTCVSDControl: -AudioBTCVSDControl
01-01 08:00:10.618961   135   294 D AudioBTCVSDControl: AudioBTCVSDControl getInstance()
01-01 08:00:10.618975   135   294 D AudioBTCVSDControl: BT_SCO_SetMode, mode=0, BTmode=0
01-01 08:00:10.618990   135   294 D AudioALSASpeechPhoneCallController: setBTMode(), mBTMode: 0 => 0
01-01 08:00:10.619025   135   294 D AudioALSAHardware: -mAudioALSAHardware
01-01 08:00:10.619041   135   294 D mtk_audio_hw_hal: gAudioHALRefCountByClient + 1
01-01 08:00:10.622321   135   294 D AudioALSAHardware: initCheck()
01-01 08:00:10.622369   135   294 D AudioALSAHardware: AudioALSAHardware, v01_dsp_connect()
01-01 08:00:10.622386   135   294 D AckLog  : xz_get_version
01-01 08:00:10.622403   135   294 D AudioALSAHardware: v01_dsp_connect(), xz_get_version is v1.0.1.0330
01-01 08:00:10.622964   135   294 D AudioALSAHardware: v01_dsp_connect(), V01 engine connect start = 
01-01 08:00:10.623316   135   294 D AudioALSAStreamManager: setMasterVolume(), volume = 1.000000
01-01 08:00:10.623369   135   294 D AudioHfpController: +UniqueHfpControllerInstance
01-01 08:00:10.623412   135   294 D AudioHfpController: AudioHfpController
01-01 08:00:10.623433   135   294 D AudioCustParam: sizeof AUDIO_HFP_PARAM_STRUCT = 1592
01-01 08:00:10.623455   135   294 D AudioHfpController: setBgsSoundAttribute sampleRate = 44100 chNum = 2 format = 1
01-01 08:00:10.623479   135   294 D AudioHfpController: -UniqueHfpControllerInstance
01-01 08:00:10.623497   135   294 D AudioMTKGainController: setNormalVolume(), mSceneIndex = 0, stream -1, devices 0x0, index -1, mode 0x0
01-01 08:00:10.623521   135   294 E AudioMTKGainController: getGainDevice(), error, devices (0) not support, return GAIN_DEVICE_SPEAKER
01-01 08:00:10.623533   135   294 W AudioMTKGainController: error, stream -1 is invalid, use 3 instead
01-01 08:00:10.623546   135   294 W AudioMTKGainController: error, index -1 is invalid, use max 15 instead
01-01 08:00:10.623562   135   294 D AudioMTKGainController: setSpeakerGain(), gain = 10, spkAnaType = 3, spkLMixerName = Lineout_PGAL_GAIN, spkRMixerName = Lineout_PGAR_GAIN
01-01 08:00:10.624632   135   294 D AudioALSAStreamManager: +openOutputStream()
01-01 08:00:10.624670   135   294 D AudioALSAStreamManager: openOutputStream(), devices = 0x2, format = 0x3, channels = 0x3, sampleRate = 48000, status = 0xd
01-01 08:00:10.624716   135   294 D AudioALSAStreamOut: AudioALSAStreamOut()
01-01 08:00:10.624734   135   294 D AudioALSAStreamOut: set(), devices = 0x2, format = 0x3, channels = 0x3, sampleRate = 48000, flags = 0x2
01-01 08:00:10.624781   135   294 D AudioALSASampleRateController: AudioALSASampleRateController()
01-01 08:00:10.624800   135   294 D AudioALSASampleRateController: +setPrimaryStreamOutSampleRate(), mPrimaryStreamOutSampleRate: 44100 => 48000
01-01 08:00:10.624813   135   294 D AudioALSASampleRateController: -setPrimaryStreamOutSampleRate(), mPrimaryStreamOutSampleRate: 48000
01-01 08:00:10.624837   135   294 D AudioALSAStreamOut: set(), mStreamAttributeSource.latency 42, mStreamAttributeSource.buffer_size =8192, channels 2.
01-01 08:00:10.625196   135   294 D AudioCompFltCustParam: getPlaybackPostProcessParameterFromXML Type/Name [0]/[PlaybackACF]
01-01 08:00:10.625221   135   294 D AudioCompFltCustParam: appOpsGetInstance(), init AppOps struct, lib is libaudio_param_parser-vnd.so
01-01 08:00:10.625494   135   294 D AudioCompFltCustParam: L/R_hpf_fc = 300/0, L/R_hpf_order = 2/0, L/R_lpf_fc = 0/0, L/R_lpf_order = 0/0
01-01 08:00:10.625513   135   294 D AudioCompFltCustParam: Sep_LR_Filter = 0, WS_Gain_Max = 0, WS_Gain_Min = 0, Filter_First = 0, Num_Bands = 0, Flt_Bank_Order = 0
01-01 08:00:10.625533   135   294 D AudioCompFltCustParam: DRC_Delay = 0, Lim_Th = 0, Lim_Gn = 0, Lim_Const = 0, Lim_Delay = 0, SWIPRev = 0x520
01-01 08:00:10.625547   135   294 D MtkAudioLoud: loadParameter Update Cache Type [0], Scene []
01-01 08:00:10.625571   135   294 D MtkAudioLoud: mIsZeroCoeff 0 mFilterType 0
01-01 08:00:10.625589   135   294 D AudioMTKFilterManager: mFixedParam 0
01-01 08:00:10.625607   135   294 D AudioALSAStreamManager: -openOutputStream(), out = 0xe86e7600, status = 0x0, mStreamOutVector.size() = 1
01-01 08:00:10.626144   135   466 D AckLog  : ack version is v1.0.1.0330
01-01 08:00:10.626272   135   466 D AckLog  : open read
01-01 08:00:10.631960   135   468 D AckLog  : send mfwk version is v1.0.1.0330
01-01 08:00:10.632003   135   468 D AckLog  : open write
01-01 08:00:10.632082   135   469 D AckLog  : recv ack version is v1.0.1.0330
01-01 08:00:10.632094   135   469 D AckLog  : recv before
01-01 08:00:10.695562    71   155 I Zygote  : ...preloaded 6535 classes in 1508ms.
01-01 08:00:10.692311   159   159 I BufferProvider: found effect "Multichannel Downmix To Stereo" from The Android Open Source Project
01-01 08:00:10.695661    71   155 I zygote64: VMRuntime.preloadDexCaches starting
01-01 08:00:10.694437   199   199 I TBOX_TAG: xcall.cpp ->[x-call]-[ECALL_NUMBER] : 01057071414
01-01 08:00:10.695388   199   199 I TBOX_TAG: xcall.cpp [x-call]-[ECALL_NUMBER_B] : 
01-01 08:00:10.696180   199   199 I TBOX_TAG: xcall.cpp [x-call]-[BCALL_NUMBER] : 02131773877
01-01 08:00:10.697267   199   199 I TBOX_TAG: xcall.cpp [x-call]-[BCALL_NUMBER_B] : 
01-01 08:00:10.698517   199   199 I TBOX_TAG: xcall.cpp [x-call]-[ICALL_NUMBER] : 02131773878
01-01 08:00:10.701824   135   294 D AudioALSAStreamOut: latency(), flags 2, return 42
01-01 08:00:10.702073   159   159 D StreamHalHidl: processReturn with getLatency, status = 0
01-01 08:00:10.701923   135   294 D MTKStreamOutHAL: StreamOut::getLatency = 42
01-01 08:00:10.702568   475   475 I recovery: Recovery image already installed
01-01 08:00:10.701942   135   294 D AudioALSAStreamOut: latency(), flags 2, return 42
01-01 08:00:10.706316   135   294 D AudioALSAStreamOut: latency(), flags 2, return 42
01-01 08:00:10.706509   159   159 D StreamHalHidl: processReturn with getLatency, status = 0
01-01 08:00:10.706137   257   467 D PQ      : [PQ_PROT] [PQCust] libpq_cust_base.so absent, libpq_cust.so absent
01-01 08:00:10.706348   135   294 D MTKStreamOutHAL: StreamOut::getLatency = 42
01-01 08:00:10.716512   202   202 I TBOX_TAG: hu_manager.cpp IPC RECV: 0x10030007
01-01 08:00:10.706565   159   159 I AudioFlinger: Using module 10 as the primary audio interface
01-01 08:00:10.713970   199   199 I TBOX_TAG: xcall.cpp [x-call]-[ICALL_NUMBER_B] : 
01-01 08:00:10.706371   135   294 D AudioALSAStreamOut: latency(), flags 2, return 42
01-01 08:00:10.717731   202   228 I TBOX_TAG: hu_manager.cpp unhandled case msg_type:69
01-01 08:00:10.706653   159   476 I AudioFlinger: AudioFlinger's thread 0xe92837c0 tid=476 ready to run
01-01 08:00:10.715076   199   199 I TBOX_TAG: xcall.cpp [x-call]-[SMS_NUMBER] : 106559500166
01-01 08:00:10.730481   254   254 E goc     : app cb count:1
01-01 08:00:10.706670   135   294 W AudioALSAStreamManager: setMode(), mAudioMode: 0 == 0, return
01-01 08:00:10.735266   202   202 I TBOX_TAG: hu_manager.cpp IPC RECV: 0x10060100
01-01 08:00:10.706788   159   159 I APM_AudioPolicyManager_CarAudioInfo: + ECARX computeVolume stream 0  index 0  device = 0x2,revser 0  duck 0  speedCompEnable 0 volume table -78.000000
01-01 08:00:10.715862   199   199 I TBOX_TAG: xcall.cpp [MPT]-[ECALL] : 1
01-01 08:00:10.730646   254   254 E goc     : gocsdk main start,module:MT6735
01-01 08:00:10.707274   135   294 D AudioALSAHardware: setVoiceVolume(), volume = 0.000000, mUseTuningVolume = 0
01-01 08:00:10.706816   159   159 I APM_AudioPolicyManager_CarAudioInfo: - ECARX computeVolume stream 0  index 0  volumeDb -758.000000
01-01 08:00:10.717152   199   199 I TBOX_TAG: xcall.cpp [MPT]-[BCALL] : 1
01-01 08:00:10.730709   254   254 E goc     : /data/goc esxit
01-01 08:00:10.707301   135   294 D AudioALSAStreamManager: setVoiceVolume(), volume = 0.000000
01-01 08:00:10.706918   159   476 W AudioFlinger: no wake lock to update, system not ready yet
01-01 08:00:10.722560   199   199 I TBOX_TAG: xcall.cpp [MPT]-[ICALL] : 1
01-01 08:00:10.730796   254   254 E goc     : create photo dir over
01-01 08:00:10.707323   135   294 D AudioMTKGainController: setVoiceVolume(), index = -1, devices = 0x2, mode = 0, mBand = 0, mNetwork = 0, mVoiceVolume = 0.000000
01-01 08:00:10.707851   159   159 I APM_AudioPolicyManager_CarAudioInfo: + ECARX computeVolume stream 1  index 0  device = 0x2,revser 0  duck 0  speedCompEnable 0 volume table -80.000000
01-01 08:00:10.732589   254   254 E goc     : goodocom_shm set pwdFlag 0
01-01 08:00:10.707338   135   294 W AudioMTKGainController: error, index -1 is invalid, use max 7 instead
01-01 08:00:10.707881   159   159 I APM_AudioPolicyManager_CarAudioInfo: - ECARX computeVolume stream 1  index 0  volumeDb -758.000000
01-01 08:00:10.732668   254   254 E goc     : ----->drvier_init<------
01-01 08:00:10.707362   135   294 D AudioMTKGainController: setSpeakerGain(), gain = 9, spkAnaType = 3, spkLMixerName = Lineout_PGAL_GAIN, spkRMixerName = Lineout_PGAR_GAIN
01-01 08:00:10.707991   159   159 I APM_AudioPolicyManager_CarAudioInfo: + ECARX computeVolume stream 2  index 0  device = 0x2,revser 0  duck 0  speedCompEnable 0 volume table -80.000000
01-01 08:00:10.732807   254   254 E goc     : driver so access
01-01 08:00:10.707375   135   135 D AudioALSAStreamOut: standby(), flag 2
01-01 08:00:10.708012   159   159 I APM_AudioPolicyManager_CarAudioInfo: - ECARX computeVolume stream 2  index 0  volumeDb -758.000000
01-01 08:00:10.737410   254   254 E goc     : ----------------goodocom driver soLoad ------------------
01-01 08:00:10.707403   135   135 D AudioALSAStreamOut: standbyStreamOut(), flag 2
01-01 08:00:10.708090   159   159 I APM_AudioPolicyManager_CarAudioInfo: + ECARX computeVolume stream 3  index 0  device = 0x2,revser 0  duck 0  speedCompEnable 0 volume table -80.000000
01-01 08:00:10.737453   254   254 E goc     : version:Jun 12 2021 16:46:24
01-01 08:00:10.707489   135   294 D SpeechDriverLAD: SetDownlinkGain(), gain = 0xfffffff0, old mDownlinkGain = 0xffff8000
01-01 08:00:10.708109   159   159 I APM_AudioPolicyManager_CarAudioInfo: - ECARX computeVolume stream 3  index 0  volumeDb -758.000000
01-01 08:00:10.737543   254   254 E goc     : diff driver version:D3.98 ,D4.0X
01-01 08:00:10.707521   135   294 E SpeechMessengerECCCI: SendMessageInQueue(), modem_status(0) != MODEM_STATUS_READY, errno: 0, mIsModemEPOF = 0
01-01 08:00:10.708153   159   476 W AudioFlinger: no wake lock to update, system not ready yet
01-01 08:00:10.737612   254   254 E goc     : ----------------goodocom driver soUnLoad ------------------
01-01 08:00:10.707537   135   294 D SpeechMessengerECCCI: ResetSpeechParamAckCount(), NB(0)/DMNR(0)/WB(0)/MAGICON(0)/HAC(0)/DynamicSPH(0)
01-01 08:00:10.708424   159   159 I APM_AudioPolicyManager_CarAudioInfo: + ECARX computeVolume stream 4  index 0  device = 0x2,revser 0  duck 0  speedCompEnable 0 volume table -80.000000
01-01 08:00:10.737730   254   254 E goc     : write_to_file /system/lib/libGbtsDriver.so:1042976
01-01 08:00:10.707574   135   294 D AudioMTKGainController: ApplyMicGain(), mSceneIndex = 0, _mic_mode = 0, _gain_device = 2, mode = 0, micgain = 34, mULTotalGain = 208, mBand 0, mNetwork 0
01-01 08:00:10.708450   159   159 I APM_AudioPolicyManager_CarAudioInfo: - ECARX computeVolume stream 4  index 0  volumeDb -758.000000
01-01 08:00:10.737766   254   254 E goc     : write_to_file error,fd:-1,err:Read-only file system
01-01 08:00:10.707589   135   294 D AudioMTKGainController: ApplyMicGain(), SetAdcPga1 = 4, SetAdcPga2 = 4
01-01 08:00:10.708615   159   159 I APM_AudioPolicyManager_CarAudioInfo: + ECARX computeVolume stream 5  index 0  device = 0x2,revser 0  duck 0  speedCompEnable 0 volume table -80.000000
01-01 08:00:10.738293   254   254 E goc     : ----------------goodocom driver soLoad ------------------
01-01 08:00:10.707717   135   294 D AudioMTKGainController: ApplySideTone gainDevice 2, sidetone 0, updated_sidetone 0
01-01 08:00:10.708634   159   159 I APM_AudioPolicyManager_CarAudioInfo: - ECARX computeVolume stream 5  index 0  volumeDb -758.000000
01-01 08:00:10.738311   254   254 E goc     : version:Jun 12 2021 16:46:24
01-01 08:00:10.707734   135   294 W AudioALSASpeechPhoneCallController: muteDlUlForRouting(), speech off!! do nothing!!
01-01 08:00:10.708797   159   159 I APM_AudioPolicyManager_CarAudioInfo: + ECARX computeVolume stream 7  index 0  device = 0x2,revser 0  duck 0  speedCompEnable 0 volume table -80.000000
01-01 08:00:10.738354   254   254 E goc     : ----->driver_init over<-----
01-01 08:00:10.708817   159   159 I APM_AudioPolicyManager_CarAudioInfo: - ECARX computeVolume stream 7  index 0  volumeDb -758.000000
01-01 08:00:10.708991   159   159 I APM_AudioPolicyManager_CarAudioInfo: + ECARX computeVolume stream 8  index 0  device = 0x2,revser 0  duck 0  speedCompEnable 0 volume table -80.000000
01-01 08:00:10.709011   159   159 I APM_AudioPolicyManager_CarAudioInfo: - ECARX computeVolume stream 8  index 0  volumeDb -758.000000
01-01 08:00:10.709184   159   159 I APM_AudioPolicyManager_CarAudioInfo: + ECARX computeVolume stream 9  index 0  device = 0x2,revser 0  duck 0  speedCompEnable 0 volume table -80.000000
01-01 08:00:10.709205   159   159 I APM_AudioPolicyManager_CarAudioInfo: - ECARX computeVolume stream 9  index 0  volumeDb -758.000000
01-01 08:00:10.709477   159   159 I APM_AudioPolicyManager_CarAudioInfo: + ECARX computeVolume stream 10  index 0  device = 0x2,revser 0  duck 0  speedCompEnable 0 volume table -80.000000
01-01 08:00:10.709500   159   159 I APM_AudioPolicyManager_CarAudioInfo: - ECARX computeVolume stream 10  index 0  volumeDb -758.000000
01-01 08:00:10.709585   159   159 I APM_AudioPolicyManager_CarAudioInfo: + ECARX computeVolume stream 11  index 0  device = 0x2,revser 0  duck 0  speedCompEnable 0 volume table -80.000000
01-01 08:00:10.709604   159   159 I APM_AudioPolicyManager_CarAudioInfo: - ECARX computeVolume stream 11  index 0  volumeDb -758.000000
01-01 08:00:10.709818   159   159 I APM_AudioPolicyManager_CarAudioInfo: + ECARX computeVolume stream 12  index 0  device = 0x2,revser 0  duck 0  speedCompEnable 0 volume table -80.000000
01-01 08:00:10.709837   159   159 I APM_AudioPolicyManager_CarAudioInfo: - ECARX computeVolume stream 12  index 0  volumeDb -758.000000
01-01 08:00:10.709935   159   159 I APM_AudioPolicyManager_CarAudioInfo: + ECARX computeVolume stream 13  index 0  device = 0x2,revser 0  duck 0  speedCompEnable 0 volume table -80.000000
01-01 08:00:10.709953   159   159 I APM_AudioPolicyManager_CarAudioInfo: - ECARX computeVolume stream 13  index 0  volumeDb -758.000000
01-01 08:00:10.709974   159   159 I APM_AudioPolicyManager_CarRadio: setVolume -144.000000 Call Hal setRadioVolume
01-01 08:00:10.710342   159   159 I APM_AudioPolicyManager_CarAudioInfo: + ECARX computeVolume stream 14  index 0  device = 0x2,revser 0  duck 0  speedCompEnable 0 volume table -80.000000
01-01 08:00:10.710389   159   159 I APM_AudioPolicyManager_CarAudioInfo: - ECARX computeVolume stream 14  index 0  volumeDb -758.000000
01-01 08:00:10.710507   159   159 I APM_AudioPolicyManager_CarAudioInfo: + ECARX computeVolume stream 15  index 0  device = 0x2,revser 0  duck 0  speedCompEnable 0 volume table -80.000000
01-01 08:00:10.710527   159   159 I APM_AudioPolicyManager_CarAudioInfo: - ECARX computeVolume stream 15  index 0  volumeDb -758.000000
01-01 08:00:10.710691   159   159 I APM_AudioPolicyManager_CarAudioInfo: + ECARX computeVolume stream 16  index 0  device = 0x2,revser 0  duck 0  speedCompEnable 0 volume table -35.000000
01-01 08:00:10.710711   159   159 I APM_AudioPolicyManager_CarAudioInfo: - ECARX computeVolume stream 16  index 0  volumeDb -758.000000
01-01 08:00:10.712049   159   159 I APM_AudioPolicyManager_CarRadar: Loaded chime HAL 1.0 service
01-01 08:00:10.712131   159   159 I APM_AudioPolicyManager_CarRadar: setChimeWarnVolume -758.000000
01-01 08:00:10.740093   257   467 D libEGL  : loaded /vendor/lib64/egl/libGLES_mali.so
01-01 08:00:10.761793   195   246 W ServiceManagement: Waited one second for vendor.mediatek.hardware.tbox@1.0::ITeleService/default
01-01 08:00:10.762517   195   246 I ServiceManagement: getService: Trying again for vendor.mediatek.hardware.tbox@1.0::ITeleService/default...
01-01 08:00:10.773881   202   202 I TBOX_TAG: hu_manager.cpp IPC RECV: 0x10030007
01-01 08:00:10.773953   202   202 I TBOX_TAG: hu_manager.cpp IPC RECV: 0x10030007
01-01 08:00:10.776052   202   228 I TBOX_TAG: hu_manager.cpp unhandled case msg_type:69
01-01 08:00:10.776096   202   228 I TBOX_TAG: hu_manager.cpp unhandled case msg_type:69
01-01 08:00:10.791264    71   155 I zygote64: VMRuntime.preloadDexCaches strings total=373760 before=16955 after=16955
01-01 08:00:10.791325    71   155 I zygote64: VMRuntime.preloadDexCaches types total=36150 before=8690 after=8691
01-01 08:00:10.791344    71   155 I zygote64: VMRuntime.preloadDexCaches fields total=156306 before=9446 after=9446
01-01 08:00:10.791362    71   155 I zygote64: VMRuntime.preloadDexCaches methods total=270583 before=14807 after=14807
01-01 08:00:10.791378    71   155 I zygote64: VMRuntime.preloadDexCaches finished
01-01 08:00:10.793008    71    71 I Zygote  : Uninstalled ICU cache reference pinning...
01-01 08:00:10.793059    71    71 D Zygote  : end preload
01-01 08:00:10.812554   257   467 D BootAnimation: initialize opengl and egl
01-01 08:00:10.814092    71    71 I zygote64: Explicit concurrent copying GC freed 30170(3MB) AllocSpace objects, 158(2MB) LOS objects, 73% free, 2MB/8MB, paused 69us total 20.836ms
01-01 08:00:10.818391   257   467 I ConfigStore: android::hardware::configstore::V1_0::ISurfaceFlingerConfigs::hasWideColorDisplay retrieved: 0
01-01 08:00:10.818550   257   467 I ConfigStore: android::hardware::configstore::V1_0::ISurfaceFlingerConfigs::hasHDRDisplay retrieved: 0
01-01 08:00:10.824280    21    31 D ECPComm : read: numBytes=72, mSockFd=6
01-01 08:00:10.828074    71    71 I zygote64: Explicit concurrent copying GC freed 42(33KB) AllocSpace objects, 0(0B) LOS objects, 73% free, 2MB/8MB, paused 38us total 13.336ms
01-01 08:00:10.823587   257   467 D mali_winsys: EGLint new_window_surface(egl_winsys_display *, void *, EGLSurface, EGLConfig, egl_winsys_surface **, EGLBoolean) returns 0x3000
01-01 08:00:10.823896   257   467 D BootAnimation: ads video file not exists
01-01 08:00:10.841698   254   254 E goc     : deamon:0,version:D3.98
01-01 08:00:10.843719   131   131 I v01_server_ota_main: select
01-01 08:00:10.842641   254   254 E goc     : wait start
01-01 08:00:10.843827   131   131 I v01_server_ota_main: rcvlen = 96
01-01 08:00:10.842745   495   495 E goc     : gocsdk_main start date:Sep 17 2021
01-01 08:00:10.843847   131   131 I v01_server_ota_main: add@/module/wlan_drv_gen3
01-01 08:00:10.843847   131   131 I v01_server_ota_main: ACTION=add
01-01 08:00:10.843847   131   131 I v01_server_ota_main: DEVPATH=/module/wlan_drv_gen3
01-01 08:00:10.843847   131   131 I v01_server_ota_main: SUBSYSTEM=module
01-01 08:00:10.843847   131   131 I v01_server_ota_main: SEQNUM=6839
01-01 08:00:10.843847   131   131 I v01_server_ota_main: 
01-01 08:00:10.843393   495   495 E goc     : transport mtk ok
01-01 08:00:10.844510   131   131 I v01_server_ota_main: select
01-01 08:00:10.843408   495   495 E goc     : support hci
01-01 08:00:10.844543   131   131 I v01_server_ota_main: rcvlen = 119
01-01 08:00:10.843427   495   495 E goc     : config_init
01-01 08:00:10.844559   131   131 I v01_server_ota_main: add@/devices/virtual/ieee80211/phy0
01-01 08:00:10.844559   131   131 I v01_server_ota_main: ACTION=add
01-01 08:00:10.844559   131   131 I v01_server_ota_main: DEVPATH=/devices/virtual/ieee80211/phy0
01-01 08:00:10.844559   131   131 I v01_server_ota_main: SUBSYSTEM=ieee80211
01-01 08:00:10.844559   131   131 I v01_server_ota_main: SEQNUM=6840
01-01 08:00:10.844559   131   131 I v01_server_ota_main: 
01-01 08:00:10.844915   131   131 I v01_server_ota_main: select
01-01 08:00:10.844941   131   131 I v01_server_ota_main: rcvlen = 119
01-01 08:00:10.844954   131   131 I v01_server_ota_main: add@/devices/virtual/ieee80211/phy1
01-01 08:00:10.844954   131   131 I v01_server_ota_main: ACTION=add
01-01 08:00:10.844954   131   131 I v01_server_ota_main: DEVPATH=/devices/virtual/ieee80211/phy1
01-01 08:00:10.844954   131   131 I v01_server_ota_main: SUBSYSTEM=ieee80211
01-01 08:00:10.844954   131   131 I v01_server_ota_main: SEQNUM=6841
01-01 08:00:10.844954   131   131 I v01_server_ota_main: 
01-01 08:00:10.854117   131   131 I v01_server_ota_main: select
01-01 08:00:10.854171   131   131 I v01_server_ota_main: rcvlen = 113
01-01 08:00:10.856054   495   495 E goc     : goc_socket_start
01-01 08:00:10.854194   131   131 I v01_server_ota_main: add@/bus/platform/drivers/mt-wifi
01-01 08:00:10.854194   131   131 I v01_server_ota_main: ACTION=add
01-01 08:00:10.854194   131   131 I v01_server_ota_main: DEVPATH=/bus/platform/drivers/mt-wifi
01-01 08:00:10.854194   131   131 I v01_server_ota_main: SUBSYSTEM=drivers
01-01 08:00:10.854194   131   131 I v01_server_ota_main: SEQNUM=6842
01-01 08:00:10.854194   131   131 I v01_server_ota_main: 
01-01 08:00:10.856505   495   495 E goc     : Created socket '/data/goc/goc_serial' with mode '666'
01-01 08:00:10.856676   495   495 E goc     : api serial socket created
01-01 08:00:10.856851   495   495 E goc     : Created socket '/data/goc/goc_spp' with mode '666'
01-01 08:00:10.856979   495   495 E goc     : --->spp socket created:6
01-01 08:00:10.857002   495   495 E goc     : >>>>>>>>>>>>>>>>> gocmain_init arch date:Sep  9 2021 <<<<<<<<<<<<<<<<<<
01-01 08:00:10.857065   495   495 E goc     : set path:/data/goc
01-01 08:00:10.857065   495   495 E goc     : 
01-01 08:00:10.857826   495   495 E goc     : open file :/system/etc/bluetooth/btDefSetting.json suc
01-01 08:00:10.859613   495   495 E goc     : data:1{
01-01 08:00:10.859613   495   495 E goc     : 	"serial_port": "/dev/stpbt",
01-01 08:00:10.859613   495   495 E goc     : 	"serial_bandrate": 1500000,
01-01 08:00:10.859613   495   495 E goc     : 	"virtual_serial_port": "/dev/goc_serial",
01-01 08:00:10.859613   495   495 E goc     : 	"answerType": 0,
01-01 08:00:10.859613   495   495 E goc     : 	"autoAnswerEnable": false,
01-01 08:00:10.859613   495   495 E goc     : 	"autoConnMode": 0,
01-01 08:00:10.859613   495   495 E goc     : 	"autoConnEnable": true,
01-01 08:00:10.859613   495   495 E goc     : 	"autoConnTime": 1200,
01-01 08:00:10.859613   495   495 E goc     : 	"autoConnNum": 20,
01-01 08:00:10.859613   495   495 E goc     : 	"btDisc
01-01 08:00:10.859684   495   495 E goc     : data:2overableEnable": true,
01-01 08:00:10.859684   495   495 E goc     : 	"btEnable": true,
01-01 08:00:10.859684   495   495 E goc     : 	"maxPairDevSize": 8,
01-01 08:00:10.859684   495   495 E goc     : 	"pairingCode": "0000",
01-01 08:00:10.859684   495   495 E goc     : 	"simplePair": true,
01-01 08:00:10.859684   495   495 E goc     : 	"pairIoCap": 1,
01-01 08:00:10.859684   495   495 E goc     : 	"defaultLocalname": "ECARX_BT",
01-01 08:00:10.859684   495   495 E goc     : 	"dualDeviceEnable": true,
01-01 08:00:10.859684   495   495 E goc     : 	"autoPairReqEnable": true,
01-01 08:00:10.859684   495   495 E goc     : 	"threePartyCallEnable": true
01-01 08:00:10.859684   495   495 E goc     : }
01-01 08:00:10.859684   495   495 E goc     : 
01-01 08:00:10.860003   495   495 E goc     : {
01-01 08:00:10.860003   495   495 E goc     : 	"serial_port":	"/dev/stpbt",
01-01 08:00:10.860003   495   495 E goc     : 	"serial_bandrate":	1500000,
01-01 08:00:10.860003   495   495 E goc     : 	"virtual_serial_port":	"/dev/goc_serial",
01-01 08:00:10.860003   495   495 E goc     : 	"answerType":	0,
01-01 08:00:10.860003   495   495 E goc     : 	"autoAnswerEnable":	false,
01-01 08:00:10.860003   495   495 E goc     : 	"autoConnMode":	0,
01-01 08:00:10.860003   495   495 E goc     : 	"autoConnEnable":	true,
01-01 08:00:10.860003   495   495 E goc     : 	"autoConnTime":	1200,
01-01 08:00:10.860003   495   495 E goc     : 	"autoConnNum":	20,
01-01 08:00:10.860003   495   495 E goc     : 	"btDiscoverableEnable":	true,
01-01 08:00:10.860003   495   495 E goc     : 	"btEnable":	true,
01-01 08:00:10.860003   495   495 E goc     : 	"maxPairDevSize":	8,
