# coding: utf8
----- timezone:Asia/Shanghai
01-01 08:00:07.672662    71    71 I zygote64: option[36]=-Xcompiler-option
01-01 08:00:07.672681    71    71 I zygote64: option[37]=--instruction-set-variant=cortex-a53
01-01 08:00:07.672711    71    71 I zygote64: option[38]=-Ximage-compiler-option
01-01 08:00:07.672731    71    71 I zygote64: option[39]=--instruction-set-features=default
01-01 08:00:07.672750    71    71 I zygote64: option[40]=-Xcompiler-option
01-01 08:00:07.672781    71    71 I zygote64: option[41]=--instruction-set-features=default
01-01 08:00:07.672800    71    71 I zygote64: option[42]=-Duser.locale=zh-CN
01-01 08:00:07.672829    71    71 I zygote64: option[43]=--cpu-abilist=arm64-v8a
01-01 08:00:07.672851    71    71 I zygote64: option[44]=-Xfingerprint:alps/full_ecarxICp1_64/ecarxICp1_64:9/PQ2A.190405.003/0.8.7-6F3-user:user/dev-keys
01-01 08:00:07.729805    71    71 I zygote64: VerifyImage: /system/bin/patchoat --input-image-location=/system/framework/boot.art --output-image-directory=/data/dalvik-cache/arm64 --instruction-set=arm64 --verify
01-01 08:00:07.739410    22    41 I mtkfastavm: Textures of Demo loaded done, spend 480 ms
01-01 08:00:07.739492    22    41 I mtkfastavm: load whole shader program size(16588)
01-01 08:00:07.739970    22    41 I mtkfastavm: load whole shader program id(12)
01-01 08:00:07.743917    22    41 I mtkfastavm: load whole shader program size(4160)
01-01 08:00:07.744143    22    41 I mtkfastavm: load whole shader program id(13)
01-01 08:00:07.744166    22    41 I mtkfastavm: load whole shader program size(3088)
01-01 08:00:07.744296    22    41 I mtkfastavm: load whole shader program id(14)
01-01 08:00:07.746146    22    41 I mtkfastavm: load whole shader program size(6580)
01-01 08:00:07.746425    22    41 I mtkfastavm: load whole shader program id(15)
01-01 08:00:07.746461    22    41 I mtkfastavm: load whole shader program size(7104)
01-01 08:00:07.746659    22    41 I mtkfastavm: load whole shader program id(16)
01-01 08:00:07.746686    22    41 I mtkfastavm: Scene, construct multi-passs render, fxaa:1
01-01 08:00:07.746703    22    41 I mtkfastavm: load whole shader program size(5820)
01-01 08:00:07.746855    22    41 I mtkfastavm: load whole shader program id(17)
01-01 08:00:07.746882    22    41 I mtkfastavm: Scene::init(...) done, 529 ms
01-01 08:00:07.746947    22    41 I mtkfastavm: Config GPU end
01-01 08:00:07.746961    22    41 I mtkfastavm: initGPUEnv end
01-01 08:00:07.746972    22    41 I mtkfastavm: initGPU result=1
01-01 08:00:07.746981    22    41 I mtkfastavm: avm_runtime_init--
01-01 08:00:07.747075    22    41 I mtkfastavm: hw data:4,7,8:0x200000, 0x20000001, 0x788
01-01 08:00:07.747090    22    41 I mtkfastavm: avm_runtime_init OK
01-01 08:00:07.747104    22    41 I mtkfastavm: world view_frustum_t 3600 mm
01-01 08:00:07.747113    22    41 I mtkfastavm: world view_frustum_b -6400 mm
01-01 08:00:07.747122    22    41 I mtkfastavm: world view_frustum_l -3200 mm
01-01 08:00:07.747130    22    41 I mtkfastavm: world view_frustum_r 3200 mm
01-01 08:00:07.747139    22    41 I mtkfastavm: world car_width 1869 mm
01-01 08:00:07.747147    22    41 I mtkfastavm: world car_height 4785 mm
01-01 08:00:07.747156    22    41 I mtkfastavm: world wheel_base 2800 mm
01-01 08:00:07.747164    22    41 I mtkfastavm: world front_track_width 1618 mm
01-01 08:00:07.747173    22    41 I mtkfastavm: world rear_track_width 1618 mm
01-01 08:00:07.747182    22    41 I mtkfastavm: world center_to_car_head 1100 mm
01-01 08:00:07.747199    22    41 I mtkfastavm: calibParams.vecPosRear[0]= -95.959846
01-01 08:00:07.747229    22    41 I mtkfastavm: Guideline Parameters:
01-01 08:00:07.747241    22    41 I mtkfastavm: w2pScale= 0.080000
01-01 08:00:07.747251    22    41 I mtkfastavm: m_pxlOrigin= 255.500000
01-01 08:00:07.747260    22    41 I mtkfastavm: m_matVBEVInt=
01-01 08:00:07.747271    22    41 I mtkfastavm: {400.000000,0.000000,256.000000}
01-01 08:00:07.747281    22    41 I mtkfastavm: {0.000000,400.000000,288.000000}
01-01 08:00:07.747291    22    41 I mtkfastavm: {0.000000,0.000000,1.000000}
01-01 08:00:07.747300    22    41 I mtkfastavm: m_matRMatVBEV=
01-01 08:00:07.747309    22    41 I mtkfastavm: {1.000000,0.000000,0.000000}
01-01 08:00:07.747318    22    41 I mtkfastavm: {0.000000,1.000000,0.000000}
01-01 08:00:07.747327    22    41 I mtkfastavm: {0.000000,0.000000,1.000000}
01-01 08:00:07.747336    22    41 I mtkfastavm: m_vecPosVBEV=
01-01 08:00:07.747346    22    41 I mtkfastavm: (0.000000,0.000000,-5000.000000)
01-01 08:00:07.747354    22    41 I mtkfastavm: m_matIntRear=
01-01 08:00:07.747364    22    41 I mtkfastavm: {112.849266,0.000000,656.532532}
01-01 08:00:07.747374    22    41 I mtkfastavm: {0.000000,112.849266,368.421539}
01-01 08:00:07.747383    22    41 I mtkfastavm: {0.000000,0.000000,1.000000}
01-01 08:00:07.747392    22    41 I mtkfastavm: m_matRMatRear=
01-01 08:00:07.747402    22    41 I mtkfastavm: {-0.998904,-0.042516,-0.019570}
01-01 08:00:07.747412    22    41 I mtkfastavm: {0.012106,-0.638604,0.769440}
01-01 08:00:07.747422    22    41 I mtkfastavm: {-0.045211,0.768360,0.638419}
01-01 08:00:07.747431    22    41 I mtkfastavm: m_vecPosRear=
01-01 08:00:07.747440    22    41 I mtkfastavm: (-95.959846,3734.365234,-546.852112)
01-01 08:00:07.747449    22    41 I mtkfastavm: BEVBufferW=512
01-01 08:00:07.747457    22    41 I mtkfastavm: BEVBufferH=800
01-01 08:00:07.747466    22    41 I mtkfastavm: FisheyeBufferW=1280
01-01 08:00:07.747474    22    41 I mtkfastavm: FisheyeBufferH=720
01-01 08:00:07.747484    22    41 I mtkfastavm: ViewFrustumT=3600
01-01 08:00:07.747492    22    41 I mtkfastavm: ViewFrustumL=-3200
01-01 08:00:07.747501    22    41 I mtkfastavm: ViewFrustumR=3200
01-01 08:00:07.747509    22    41 I mtkfastavm: ViewFrustumB=-6400
01-01 08:00:07.747517    22    41 I mtkfastavm: CarWidth=1869
01-01 08:00:07.747525    22    41 I mtkfastavm: CarHeight=4785
01-01 08:00:07.747553    22    41 I mtkfastavm: WheelBase=2800
01-01 08:00:07.747562    22    41 I mtkfastavm: FrontTrackWidth=1618
01-01 08:00:07.747570    22    41 I mtkfastavm: RearTrackWidth=1618
01-01 08:00:07.747579    22    41 I mtkfastavm: CenterToHead=1100
01-01 08:00:07.747587    22    41 I mtkfastavm: top_buffer_w=512
01-01 08:00:07.747595    22    41 I mtkfastavm: top_buffer_h=800
01-01 08:00:07.747603    22    41 I mtkfastavm: fisheye_buffer_w=1280
01-01 08:00:07.747612    22    41 I mtkfastavm: fisheye_buffer_h=720
01-01 08:00:07.747621    22    41 I mtkfastavm: AVMGuidelineWrapper instance@0x7b12466780
01-01 08:00:07.779369    21    31 D ECPComm : read: numBytes=72, mSockFd=6
01-01 08:00:07.831581    21    31 D ECPComm : read: numBytes=223, mSockFd=6
01-01 08:00:07.831852    21    31 W ECP_MCU_LOGCAT: t6866>>ePOWER##: TBOX Get Lock
01-01 08:00:07.831852    21    31 W ECP_MCU_LOGCAT: t6866>>ePOWER##: TBOX REQ WORK
01-01 08:00:07.831852    21    31 W ECP_MCU_LOGCAT: t6886>>dCORE_DRIVER##: Task name is pero, StackTop is 0x40004078, SstackEnd is 0x40003BD0
01-01 08:00:07.951792    22    41 I mtkfastavm: AVMGuidelineDrawer program id=(20)
01-01 08:00:07.951850    22    41 I mtkfastavm: AVMGuidelineDrawer orthog line shader locations=(20, 0, 5, 1, 3, 0, 4)
01-01 08:00:07.998895    22    41 I mtkfastavm: AVMGuidelineDrawer program id=(23)
01-01 08:00:07.998944    22    41 I mtkfastavm: AVMGuidelineDrawer perspective line shader locations=(23, 0, 7, 3, 5, 0, 6)
01-01 08:00:07.998957    22    41 I mtkfastavm: AVMGuidelineDrawer orthogonal/perspective program id=(20, 23)
01-01 08:00:08.054102    22    41 I mtkfastavm: avm algo init end
01-01 08:00:08.054175    22    41 I mtkfastavm: algo init done
01-01 08:00:08.054267    22    41 I mtkfastavm: gpu_render_get_tex pctx: 0x7b1242cb90
01-01 08:00:08.054282    22    41 I mtkfastavm: EGL_WIDTH: 640
01-01 08:00:08.054292    22    41 I mtkfastavm: EGL_HEIGHT: 1334
01-01 08:00:08.054305    22    41 I mtkfastavm: EGL_LINUX_DRM_FOURCC_EXT: 0x34324241(AB24)
01-01 08:00:08.054315    22    41 I mtkfastavm: EGL_DMA_BUF_PLANE0_FD_EXT: 13
01-01 08:00:08.054324    22    41 I mtkfastavm: EGL_DMA_BUF_PLANE0_OFFSET_EXT: 0
01-01 08:00:08.054335    22    41 I mtkfastavm: EGL_DMA_BUF_PLANE0_PITCH_EXT: 2560
01-01 08:00:08.054530    22    41 I mtkfastavm: gpu_render_get_tex pctx: 0x7b1242cb90
01-01 08:00:08.054557    22    41 I mtkfastavm: EGL_WIDTH: 512
01-01 08:00:08.054567    22    41 I mtkfastavm: EGL_HEIGHT: 1339
01-01 08:00:08.054577    22    41 I mtkfastavm: EGL_LINUX_DRM_FOURCC_EXT: 0x34324241(AB24)
01-01 08:00:08.054587    22    41 I mtkfastavm: EGL_DMA_BUF_PLANE0_FD_EXT: 19
01-01 08:00:08.054597    22    41 I mtkfastavm: EGL_DMA_BUF_PLANE0_OFFSET_EXT: 0
01-01 08:00:08.054606    22    41 I mtkfastavm: EGL_DMA_BUF_PLANE0_PITCH_EXT: 2048
01-01 08:00:08.055075    22    41 I mtkfastavm: gpu_render_get_tex pctx: 0x7b1242cb90
01-01 08:00:08.055125    22    41 I mtkfastavm: EGL_WIDTH: 1280
01-01 08:00:08.055136    22    41 I mtkfastavm: EGL_HEIGHT: 64
01-01 08:00:08.055146    22    41 I mtkfastavm: EGL_LINUX_DRM_FOURCC_EXT: 0x34324241(AB24)
01-01 08:00:08.055155    22    41 I mtkfastavm: EGL_DMA_BUF_PLANE0_FD_EXT: 39
01-01 08:00:08.055164    22    41 I mtkfastavm: EGL_DMA_BUF_PLANE0_OFFSET_EXT: 0
01-01 08:00:08.055172    22    41 I mtkfastavm: EGL_DMA_BUF_PLANE0_PITCH_EXT: 5120
01-01 08:00:08.055267    22    41 I mtkfastavm: gpu_render_get_tex pctx: 0x7b1242cb90
01-01 08:00:08.055282    22    41 I mtkfastavm: EGL_WIDTH: 128
01-01 08:00:08.055292    22    41 I mtkfastavm: EGL_HEIGHT: 32
01-01 08:00:08.055302    22    41 I mtkfastavm: EGL_LINUX_DRM_FOURCC_EXT: 0x56595559(YUYV)
01-01 08:00:08.055311    22    41 I mtkfastavm: EGL_DMA_BUF_PLANE0_FD_EXT: 40
01-01 08:00:08.055319    22    41 I mtkfastavm: EGL_DMA_BUF_PLANE0_OFFSET_EXT: 0
01-01 08:00:08.055327    22    41 I mtkfastavm: EGL_DMA_BUF_PLANE0_PITCH_EXT: 256
01-01 08:00:08.055336    22    41 I mtkfastavm: EGL_SAMPLE_RANGE_HINT_EXT: 12930
01-01 08:00:08.055344    22    41 I mtkfastavm: EGL_YUV_COLOR_SPACE_HINT_EXT: 12927
01-01 08:00:08.055445    22    41 I mtkfastavm: gpu_render_get_tex pctx: 0x7b1242cb90
01-01 08:00:08.055460    22    41 I mtkfastavm: EGL_WIDTH: 128
01-01 08:00:08.055469    22    41 I mtkfastavm: EGL_HEIGHT: 128
01-01 08:00:08.055478    22    41 I mtkfastavm: EGL_LINUX_DRM_FOURCC_EXT: 0x34324241(AB24)
01-01 08:00:08.055487    22    41 I mtkfastavm: EGL_DMA_BUF_PLANE0_FD_EXT: 41
01-01 08:00:08.055496    22    41 I mtkfastavm: EGL_DMA_BUF_PLANE0_OFFSET_EXT: 0
01-01 08:00:08.055505    22    41 I mtkfastavm: EGL_DMA_BUF_PLANE0_PITCH_EXT: 512
01-01 08:00:08.055588    22    41 I mtkfastavm: avm algo 3d asset ready
01-01 08:00:08.055687    22    39 I mtkfastavm: m_render_buffer_cond ready
01-01 08:00:08.055769    22    39 I mtkfastavm: set priority to SCHED_OTHER 0
01-01 08:00:08.055795    22    39 I mtkfastavm: set nice to -20
01-01 08:00:08.055814    22    39 I mtkfastavm: show_view_flag(0), AVM keep waiting
01-01 08:00:08.089721    22    46 I mtkfastavm:  notify AVM_NOTIFY_3D_ASSET_READY
01-01 08:00:08.089781    22    46 I mtkfastavm: send data length 12 total length 12 
01-01 08:00:08.089792    22    46 I mtkfastavm: send notify data length 12 type 4 info 0x1 
01-01 08:00:08.096770    72    72 D AVStageFactory: createInstance(32bit): createVendorAVFactory success!
01-01 08:00:08.097028    72    72 D AVStageUtils: createInstance(32bit): createVendorAVUtils success!
01-01 08:00:08.097071    72    72 D AVStageFactory: createInstance(32bit): createVendorAVFactory success!
01-01 08:00:08.097199    72    72 D AVStageUtils: createInstance(32bit): createVendorAVUtils success!
01-01 08:00:08.100342    72    72 D AndroidRuntime: >>>>>> START com.android.internal.os.ZygoteInit uid 0 <<<<<<
01-01 08:00:08.105769    72    72 I zygote  : option[0]=-Xzygote
01-01 08:00:08.105882    72    72 I zygote  : option[1]=-Xusetombstonedtraces
01-01 08:00:08.105915    72    72 I zygote  : option[2]=exit
01-01 08:00:08.105931    72    72 I zygote  : option[3]=vfprintf
01-01 08:00:08.105946    72    72 I zygote  : option[4]=sensitiveThread
01-01 08:00:08.105960    72    72 I zygote  : option[5]=-verbose:gc
01-01 08:00:08.105974    72    72 I zygote  : option[6]=-Xms4m
01-01 08:00:08.105988    72    72 I zygote  : option[7]=-Xmx512m
01-01 08:00:08.106003    72    72 I zygote  : option[8]=-XX:HeapGrowthLimit=384m
01-01 08:00:08.106017    72    72 I zygote  : option[9]=-Xusejit:true
01-01 08:00:08.106033    72    72 I zygote  : option[10]=-Xjitsaveprofilinginfo
01-01 08:00:08.106049    72    72 I zygote  : option[11]=-XjdwpOptions:suspend=n,server=y
01-01 08:00:08.106063    72    72 I zygote  : option[12]=-XjdwpProvider:default
01-01 08:00:08.106079    72    72 I zygote  : option[13]=-Xlockprofthreshold:500
01-01 08:00:08.106093    72    72 I zygote  : option[14]=-Ximage-compiler-option
01-01 08:00:08.106106    72    72 I zygote  : option[15]=--runtime-arg
01-01 08:00:08.106121    72    72 I zygote  : option[16]=-Ximage-compiler-option
01-01 08:00:08.106135    72    72 I zygote  : option[17]=-Xms64m
01-01 08:00:08.106149    72    72 I zygote  : option[18]=-Ximage-compiler-option
01-01 08:00:08.106162    72    72 I zygote  : option[19]=--runtime-arg
01-01 08:00:08.106176    72    72 I zygote  : option[20]=-Ximage-compiler-option
01-01 08:00:08.106190    72    72 I zygote  : option[21]=-Xmx64m
01-01 08:00:08.106223    72    72 I zygote  : option[22]=-Ximage-compiler-option
01-01 08:00:08.106240    72    72 I zygote  : option[23]=--profile-file=/system/etc/boot-image.prof
01-01 08:00:08.106254    72    72 I zygote  : option[24]=-Ximage-compiler-option
01-01 08:00:08.106268    72    72 I zygote  : option[25]=--compiler-filter=speed-profile
01-01 08:00:08.106282    72    72 I zygote  : option[26]=-Xcompiler-option
01-01 08:00:08.106295    72    72 I zygote  : option[27]=--runtime-arg
01-01 08:00:08.106309    72    72 I zygote  : option[28]=-Xcompiler-option
01-01 08:00:08.106323    72    72 I zygote  : option[29]=-Xms64m
01-01 08:00:08.106337    72    72 I zygote  : option[30]=-Xcompiler-option
01-01 08:00:08.106349    72    72 I zygote  : option[31]=--runtime-arg
01-01 08:00:08.106364    72    72 I zygote  : option[32]=-Xcompiler-option
01-01 08:00:08.106380    72    72 I zygote  : option[33]=-Xmx512m
01-01 08:00:08.106394    72    72 I zygote  : option[34]=-Ximage-compiler-option
01-01 08:00:08.106408    72    72 I zygote  : option[35]=--instruction-set-variant=cortex-a53
01-01 08:00:08.106423    72    72 I zygote  : option[36]=-Xcompiler-option
01-01 08:00:08.106438    72    72 I zygote  : option[37]=--instruction-set-variant=cortex-a53
01-01 08:00:08.106451    72    72 I zygote  : option[38]=-Ximage-compiler-option
01-01 08:00:08.106466    72    72 I zygote  : option[39]=--instruction-set-features=default
01-01 08:00:08.106480    72    72 I zygote  : option[40]=-Xcompiler-option
01-01 08:00:08.106493    72    72 I zygote  : option[41]=--instruction-set-features=default
01-01 08:00:08.106507    72    72 I zygote  : option[42]=-Duser.locale=zh-CN
01-01 08:00:08.106521    72    72 I zygote  : option[43]=--cpu-abilist=armeabi-v7a,armeabi
01-01 08:00:08.106539    72    72 I zygote  : option[44]=-Xfingerprint:alps/full_ecarxICp1_64/ecarxICp1_64:9/PQ2A.190405.003/0.8.7-6F3-user:user/dev-keys
01-01 08:00:08.107744    21    32 D ECPComm : read2: numBytes=72, mSockFd=7
01-01 08:00:08.108118    21    32 D DefaultVehicleHal_v2_0: setPropertyFromVehicle value.prop:2140502a, vehiclepropvalue {.timestamp = 6314409615, .areaId = 0, .prop = 557862954, .status = AVAILABLE, .value = {.int32Values = [1]{-1006632704}, .floatValues = [0]{}, .int64Values = [0]{}, .bytes = [0]{}, .stringValue = ""}}
01-01 08:00:08.117462    72    72 I zygote  : VerifyImage: /system/bin/patchoat --input-image-location=/system/framework/boot.art --output-image-directory=/data/dalvik-cache/arm --instruction-set=arm --verify
01-01 08:00:08.150491   106   106 I android.hardware.keymaster@3.0-impl: Fetching keymaster device name default
01-01 08:00:08.150701   106   106 I android.hardware.keymaster@3.0-impl: Could not find any keystore module, using software-only implementation.
01-01 08:00:08.151571   106   106 I ServiceManagement: Removing namespace from process name android.hardware.keymaster@3.0-service to keymaster@3.0-service.
01-01 08:00:08.152584   106   106 I android.hardware.keymaster@3.0-service: Registration complete for android.hardware.keymaster@3.0::IKeymasterDevice/default.
01-01 08:00:08.167385   105   105 I ServiceManagement: Removing namespace from process name android.hardware.graphics.allocator@2.0-service to allocator@2.0-service.
01-01 08:00:08.168530   105   105 I android.hardware.graphics.allocator@2.0-service: Registration complete for android.hardware.graphics.allocator@2.0::IAllocator/default.
01-01 08:00:08.339781   107   107 I vold_prepare_subdirs: SELinux: Loaded file_contexts
01-01 08:00:08.341882   113   113 D vold_prepare_subdirs: Setting up mode 700 uid 0 gid 0 context u:object_r:vold_data_file:s0 on path: /data/misc_de/0/vold
01-01 08:00:08.382715   113   113 D vold_prepare_subdirs: Setting up mode 700 uid 0 gid 0 context u:object_r:storaged_data_file:s0 on path: /data/misc_de/0/storaged
01-01 08:00:08.383831   113   113 D vold_prepare_subdirs: Setting up mode 700 uid 1000 gid 1000 context u:object_r:fingerprint_vendor_data_file:s0 on path: /data/vendor_de/0/fpdata
01-01 08:00:08.443014   114   114 I /system/bin/tzdatacheck: timezone distro dir /data/misc/zoneinfo/current does not exist. No action required.
01-01 08:00:08.659546   115   115 I AEE_AED : socket server: android:aee_aed32
01-01 08:00:08.675500   115   115 D AEE_AED : aed_get_force_config: -100000
01-01 08:00:08.692018   118   118 D AEE_AEDV: aed_get_force_config: -100000
01-01 08:00:08.698868   116   116 I AEE_AED : socket server: android:aee_aed
01-01 08:00:08.699116   116   116 D AEE_AED : aed_get_force_config: -100000
01-01 08:00:08.738997   115   115 I AEE_AED : AED config
01-01 08:00:08.738997   115   115 I AEE_AED :   mode '3'
01-01 08:00:08.738997   115   115 I AEE_AED :   exp level '1
01-01 08:00:08.738997   115   115 I AEE_AED :   dal enable '0'
01-01 08:00:08.738997   115   115 I AEE_AED :   db count '12'
01-01 08:00:08.738997   115   115 I AEE_AED :   fatal db count '8'
01-01 08:00:08.738997   115   115 I AEE_AED :  db storage '2'
01-01 08:00:08.738997   115   115 I AEE_AED :   SMP Info => 1
01-01 08:00:08.739027   118   118 I AEE_AEDV: AED config
01-01 08:00:08.739027   118   118 I AEE_AEDV:   mode '3'
01-01 08:00:08.739027   118   118 I AEE_AEDV:   exp level '1
01-01 08:00:08.739027   118   118 I AEE_AEDV:   dal enable '0'
01-01 08:00:08.739027   118   118 I AEE_AEDV:   db count '12'
01-01 08:00:08.739027   118   118 I AEE_AEDV:   fatal db count '8'
01-01 08:00:08.739027   118   118 I AEE_AEDV:  db storage '2'
01-01 08:00:08.739027   118   118 I AEE_AEDV:   SMP Info => 1
01-01 08:00:08.739135   116   116 I AEE_AED : AED config
01-01 08:00:08.739135   116   116 I AEE_AED :   mode '3'
01-01 08:00:08.739135   116   116 I AEE_AED :   exp level '1
01-01 08:00:08.739135   116   116 I AEE_AED :   dal enable '0'
01-01 08:00:08.739135   116   116 I AEE_AED :   db count '12'
01-01 08:00:08.739135   116   116 I AEE_AED :   fatal db count '8'
01-01 08:00:08.739135   116   116 I AEE_AED :  db storage '2'
01-01 08:00:08.739135   116   116 I AEE_AED :   SMP Info => 1
01-01 08:00:08.749434   117   117 D AEE_AEDV: aed_get_force_config: -100000
01-01 08:00:08.749794   117   117 I AEE_AEDV: AED config
01-01 08:00:08.749794   117   117 I AEE_AEDV:   mode '3'
01-01 08:00:08.749794   117   117 I AEE_AEDV:   exp level '1
01-01 08:00:08.749794   117   117 I AEE_AEDV:   dal enable '0'
01-01 08:00:08.749794   117   117 I AEE_AEDV:   db count '12'
01-01 08:00:08.749794   117   117 I AEE_AEDV:   fatal db count '8'
01-01 08:00:08.749794   117   117 I AEE_AEDV:  db storage '2'
01-01 08:00:08.749794   117   117 I AEE_AEDV:   SMP Info => 1
01-01 08:00:08.750645   117   117 D AEE_AEDV: aee_exception_running_64: send req to debuggerd64
01-01 08:00:08.750743   117   117 D AEE_AEDV: aee:vrttd_64Rtt waiting 64_daemon finish the job...
01-01 08:00:08.752050   115   115 D AEE_AED : aee_exception_running_64: send req to debuggerd64
01-01 08:00:08.752144   115   115 D AEE_AED : aee:rttd_64Rtt waiting 64_daemon finish the job...
01-01 08:00:08.752811   118   118 D AEE_AEDV: $===AEE===AEE===AEE===$
01-01 08:00:08.752856   118   118 D AEE_AEDV: p 0 poll events 1 revents 1
01-01 08:00:08.752880   116   116 D AEE_AED : $===AEE===AEE===AEE===$
01-01 08:00:08.752902   118   118 D AEE_AEDV: requesting from: pid=117 cmd=9
01-01 08:00:08.752924   118   118 D AEE_AEDV: Go RTT_AEE_GET_EXCEPTION_RUNNING
01-01 08:00:08.752933   116   116 D AEE_AED : p 0 poll events 1 revents 1
01-01 08:00:08.752965   116   116 D AEE_AED : requesting from: pid=115 cmd=9
01-01 08:00:08.752969   117   117 D AEE_AEDV: Rtt send 64 req done
01-01 08:00:08.752977   116   116 D AEE_AED : Go RTT_AEE_GET_EXCEPTION_RUNNING
01-01 08:00:08.753018   115   115 D AEE_AED : Rtt send 64 req done
01-01 08:00:08.753028   117   117 E AEE_AEDV: Can't remove file /data/vendor/mtklog/aee_exp/temp: No such file or directory
01-01 08:00:08.753120   117   117 E AEE_AEDV: Can't remove file /sdcard/mtklog/aee_exp/temp: No such file or directory
01-01 08:00:08.753155   117   117 E AEE_AEDV: Can't remove file /storage/ext_sd/mtklog/aee_exp/temp: No such file or directory
01-01 08:00:08.754621   117   117 D AEE_AEDV: $===AEE===AEE===AEE===$
01-01 08:00:08.754653   117   117 D AEE_AEDV: p 4 poll events 1 revents 1
01-01 08:00:08.754818   117   117 D AEE_AEDV: PPM cpu cores:8, online:8
01-01 08:00:08.767515   117   117 D AEE_AEDV: aed_main_fork_worker: generator 0xecd940d8, worker 0xff90c4d8, recv_fd 0
01-01 08:00:08.768294   132   132 W AEE_AEDV: read_fstab: get fstab /fstab.xecarx
01-01 08:00:08.768360   132   132 E AEE_AEDV: read_fstab: failed to open /fstab.xecarx
01-01 08:00:08.768376   132   132 W AEE_AEDV: read_fstab: get fstab /vendor/etc/fstab.xecarx
01-01 08:00:08.768837   132   132 W AEE_AEDV: get_expdb_path: get expdb_path /dev/block/platform/bootdevice/by-name/expdb
01-01 08:00:08.768951   132   132 I AEE_AEDV: ipanic_blk_open, expdb, 200 x a000 = 1400000
01-01 08:00:08.788234    21    31 D ECPComm : read: numBytes=72, mSockFd=6
01-01 08:00:08.802694   131   131 I v01_server_ota_main: version:v1.0.6.210909
01-01 08:00:08.802892   131   131 I v01_server_ota_main: fsm.size = 46
01-01 08:00:08.802996   131   131 I v01_server_ota_main: select
01-01 08:00:08.803013   131   131 I v01_server_ota_main: event fd before read
01-01 08:00:08.803026   131   131 I v01_server_ota_main: event fd read 8
01-01 08:00:08.803038   131   131 I v01_server_ota_main: get event is 8
01-01 08:00:08.803049   131   131 I fsm     : cstate:0, event:8
01-01 08:00:08.803064   131   131 I fsm     : nstate:0
01-01 08:00:08.803157   131   131 I v01_server_ota_main: success open /proc/v01_rst, fd=7
01-01 08:00:08.816477   132   132 W AEE_AEDV: ipanic heahder: magic:0, version:0, size:0, datas:0
01-01 08:00:08.816514   132   132 W AEE_AEDV: ipanic heahder: dhblk:0, blksize:0, partsize:0, bufsize:0
01-01 08:00:08.816582   132   132 W AEE_AEDV: aed_reboot_session, no valid ipanic header, ignored
01-01 08:00:08.817194   132   132 I AEE_AEDV: wdt_status = 0, fiq_step=0, exception_type:0 
01-01 08:00:08.817331   132   132 I AEE_AEDV: powerup reason:reboot
01-01 08:00:08.817331   132   132 I AEE_AEDV: 
01-01 08:00:08.817353   132   132 I AEE_AEDV: reboot_reason = 0
01-01 08:00:08.817487   132   132 E         : mrdump_support_user_load: null mrdump lk version
01-01 08:00:08.817579   132   132 I AEE_AEDV: aed_reboot_session: in NORMAL_BOOT mode
01-01 08:00:08.817605   132   132 W AEE_AEDV: read_fstab: get fstab /fstab.xecarx
01-01 08:00:08.817628   132   132 E AEE_AEDV: read_fstab: failed to open /fstab.xecarx
01-01 08:00:08.817672   132   132 W AEE_AEDV: read_fstab: get fstab /vendor/etc/fstab.xecarx
01-01 08:00:08.818039   132   132 W AEE_AEDV: get_expdb_path: get expdb_path /dev/block/platform/bootdevice/by-name/expdb
01-01 08:00:08.818100   132   132 I AEE_AEDV: ipanic_blk_open, expdb, 200 x a000 = 1400000
01-01 08:00:08.825756   132   132 D AEE_AEDV: version(aabbccdd)
01-01 08:00:08.826725   117   117 D AEE_AEDV: clear ppm settings
01-01 08:00:08.827285   117   117 D AEE_AEDV: $===AEE===AEE===AEE===$
01-01 08:00:08.827455   131   131 I v01_server_ota_main: success reset v01
01-01 08:00:08.859778   131   131 I v01_server_config: config to json success
01-01 08:00:08.882973   131   131 I v01_server_config: config to json success
01-01 08:00:08.903015   131   131 I v01_server_config: json to config success
01-01 08:00:08.929403    72    72 I zygote  : Explicit concurrent copying GC freed 178(9KB) AllocSpace objects, 0(0B) LOS objects, 97% free, 38KB/1574KB, paused 74us total 12.029ms
01-01 08:00:08.931945    21    31 D ECPComm : read: numBytes=250, mSockFd=6
01-01 08:00:08.932072    21    31 W ECP_MCU_LOGCAT: t6886>>dCORE_DRIVER##: Task name is COM , StackTop is 0x400058B0, SstackEnd is 0x40004148
01-01 08:00:08.932072    21    31 W ECP_MCU_LOGCAT: t6887>>dCORE_DRIVER##: Task name is Pm t, StackTop is 0x40006148, SstackEnd is 0x40005980
01-01 08:00:08.944759    71    71 D Zygote  : begin preload
01-01 08:00:08.947149    71    71 I Zygote  : Preloading shared libraries...
01-01 08:00:08.958905    71   155 I Zygote  : Installing ICU cache reference pinning...
01-01 08:00:08.958951    71   155 I Zygote  : Preloading ICU data...
01-01 08:00:08.966270    72    72 I zygote  : Explicit concurrent copying GC freed 5(32KB) AllocSpace objects, 0(0B) LOS objects, 97% free, 38KB/1574KB, paused 63us total 35.831ms
01-01 08:00:08.974061    72    72 I Zygote  : Accepting command socket connections
01-01 08:00:09.042961   138   138 I ServiceManagement: Removing namespace from process name android.hardware.broadcastradio@2.0-service to broadcastradio@2.0-service.
01-01 08:00:09.045581   136   136 I AudCntrlDrv: mAlgorithm = 2
01-01 08:00:09.089022   150   150 I ServiceManagement: Removing namespace from process name android.hardware.usb@1.1-service-mediatek to usb@1.1-service-mediatek.
01-01 08:00:09.112324   150   150 I android.hardware.usb@1.1-service-mediatek: USB HAL Ready.
01-01 08:00:09.116122   143   143 D PQ      : [PQ_PROT] [PQCust] libpq_cust_base.so absent, libpq_cust.so absent
01-01 08:00:09.117269   143   143 I hwcomposer: [DEV] CapsInfo [2,1]dsi_num,dpi_num  
01-01 08:00:09.124139   141   141 D android.hardware.drm@1.1-service.clearkey: android.hardware.drm@1.1-service.clearkey starting...
01-01 08:00:09.136917   137   137 I ServiceManagement: Removing namespace from process name android.hardware.bluetooth@1.0-service-mediatek to bluetooth@1.0-service-mediatek.
01-01 08:00:09.138278   137   137 I android.hardware.bluetooth@1.0-service-mediatek: Registration complete for android.hardware.bluetooth@1.0::IBluetoothHci/default.
01-01 08:00:09.159054   141   141 I ServiceManagement: Removing namespace from process name android.hardware.drm@1.1-service.clearkey to drm@1.1-service.clearkey.
01-01 08:00:09.160761   141   141 I ServiceManagement: Removing namespace from process name android.hardware.drm@1.1-service.clearkey to drm@1.1-service.clearkey.
01-01 08:00:09.163098   140   140 D android.hardware.drm@1.0-service: android.hardware.drm@1.0-service starting...
01-01 08:00:09.163799   137   171 W mtk.hal.bt-msg-handler: ThreadRoutine: thread id 171, thread name bt_hal_msg_handl started
01-01 08:00:09.187153    71   155 I Zygote  : Preloading classes...
01-01 08:00:09.191239   144   144 I health@2.0/: health@2.0/default: Hal starting main loop...
01-01 08:00:09.191635   144   144 I health@2.0/: health@2.0/default Hal is starting up...
01-01 08:00:09.192716   144   144 I ServiceManagement: Removing namespace from process name android.hardware.health@2.0-service to health@2.0-service.
01-01 08:00:09.194164   144   144 I health@2.0/: health@2.0/default: Hal init done
01-01 08:00:09.200649   164   164 I com.android.car.procfsinspector: starting com.android.car.procfsinspector
01-01 08:00:09.201506   147   147 I NN-VPUD : [init]xrp-intrinsic mechanism init 
01-01 08:00:09.201788   147   147 I NN-VPUD : [bufinit]xrp buffer init ok, fd = 5
01-01 08:00:09.201936   147   147 D NN-VPUD : [bufalloc]len = 33554432, align = 0
01-01 08:00:09.201952   147   147 D NN-VPUD : [bufalloc]fd = 5
01-01 08:00:09.201977   164   164 I com.android.car.procfsinspector: com.android.car.procfsinspector started
01-01 08:00:09.201988   147   147 E ion     : ioctl c0044901 failed with code -1: Invalid argument
01-01 08:00:09.203072   135   135 D mtkaudiohalservice: Start audiohalservice
01-01 08:00:09.205785   135   135 D mtkaudiohalservice: registering IDevicesFactory
01-01 08:00:09.208765   152   152 D lbs_hidl_service: [1.06] lbs hidl service is running
01-01 08:00:09.218611   140   140 I ServiceManagement: Removing namespace from process name android.hardware.drm@1.0-service to drm@1.0-service.
01-01 08:00:09.220511   139   139 D android.hardware.cas@1.0-service: android.hardware.cas@1.0-service starting...
01-01 08:00:09.220837   139   139 I ServiceManagement: Removing namespace from process name android.hardware.cas@1.0-service to cas@1.0-service.
01-01 08:00:09.226805   140   140 I android.hardware.drm@1.0-service: Registration complete for android.hardware.drm@1.0::IDrmFactory/default.
01-01 08:00:09.229524   140   140 I ServiceManagement: Removing namespace from process name android.hardware.drm@1.0-service to drm@1.0-service.
01-01 08:00:09.230197   140   140 I android.hardware.drm@1.0-service: Registration complete for android.hardware.drm@1.0::ICryptoFactory/default.
01-01 08:00:09.232575   135   135 I ServiceManagement: Removing namespace from process name android.hardware.audio@4.0-service-mediatek to audio@4.0-service-mediatek.
01-01 08:00:09.233799   135   135 I mtkaudiohalservice: Registration complete for android.hardware.audio@4.0::IDevicesFactory/default.
01-01 08:00:09.233860   135   135 D mtkaudiohalservice: registered IDevicesFactory
01-01 08:00:09.233879   135   135 D mtkaudiohalservice: registering IEffectsFactory
01-01 08:00:09.249853   157   191 I vendor.mediatek.hardware.power@2.0-service: mtkPowerService - data:0x0
01-01 08:00:09.249902   170   170 I lowmemorykiller: Using in-kernel low memory killer interface
01-01 08:00:09.251611   152   188 D lbs_hidl_service: successfully timer created id= 530797613056
01-01 08:00:09.253760    71   155 I PackageBackwardCompatibility: Loaded android.content.pm.OrgApacheHttpLegacyUpdater
01-01 08:00:09.254623   147   147 D NN-VPUD : [bufalloc]alloc ion: ion_buf_handle 1, share_fd 7
01-01 08:00:09.254677   147   147 D NN-VPUD : [bufalloc]get va ok. va = 0x75a9800000
01-01 08:00:09.254695   147   147 D NN-VPUD : [bufalloc]ret = 0
01-01 08:00:09.254707   147   147 D NN-VPUD : [bufalloc]config buffer ok
01-01 08:00:09.254937   147   147 D NN-VPUD : [bufalloc]mva = 0x5d00000, len = 33554432
01-01 08:00:09.255002   147   147 I NN-VPUD : Memory pool create, va = 0x75a9800000, pa = 0x5d00000, len = 33554432
01-01 08:00:09.255016   147   147 I NN-VPUD : Memory pool register ok
01-01 08:00:09.255029   147   147 I NN-VPUD : [init]choose algo name [apu_lib_custom]
01-01 08:00:09.255037   147   147 D NN-VPUD : [inst] create vpu inst
01-01 08:00:09.255138   147   147 I VpuStream: VpuStream(147)[createInstance] version(71), Data:0x0,0x0, 1
01-01 08:00:09.255138   147   147 I VpuStream: 
01-01 08:00:09.257388    71   155 I PackageBackwardCompatibility: Could not find android.content.pm.AndroidTestBaseUpdater, ignoring
01-01 08:00:09.257779   136   136 D AudCntrlDrv: parseConfig load /vendor/etc/audioctl_def_config.xml ok !
01-01 08:00:09.257878   136   136 D AudCntrlDrv: setDefalutConfig ADC0_Gain = -4.5 
01-01 08:00:09.258265   136   136 D AudCntrlDrv: setDefalutConfig ADC1_Gain = -4.5 
01-01 08:00:09.259054   136   136 D AudCntrlDrv: setDefalutConfig DAC0_Gain = -4.0 
01-01 08:00:09.259283   136   136 D AudCntrlDrv: setDefalutConfig DAC1_Gain = -4.0 
01-01 08:00:09.259528   136   136 D AudCntrlDrv: setDefalutConfig AmplifierType = 0 
01-01 08:00:09.259644   136   136 D AudCntrlDrv: setDefalutConfig ReferenceGain = 0.0 
01-01 08:00:09.259886   136   136 D AudCntrlDrv: setDefalutConfig AudioProvider = 0 
01-01 08:00:09.259899   136   136 D AudCntrlDrv: setDefalutConfig RadioStatus = 1 
01-01 08:00:09.260924   136   136 I ServiceManagement: Removing namespace from process name android.hardware.automotive.audiocontrol@1.1-service to audiocontrol@1.1-service.
01-01 08:00:09.268769   147   147 I VpuStream: VpuStream(147)[VpuStreamImp]  user_defaultcaller open mFd (8)
01-01 08:00:09.268769   147   147 I VpuStream: 
01-01 08:00:09.268927   147   147 I VpuStream: VpuStream(147)[getAlgo] getAlgo(apu_lib_custom) in
01-01 08:00:09.278604   147   147 E VpuStream: VpuStream(147)[getAlgo] fail to get algo, Illegal seek, errno = 29
01-01 08:00:09.278673   147   147 E NN-VPUD : [inst] create vpu algo[apu_lib_custom] fail
01-01 08:00:09.278691   147   147 I VpuStream: VpuStream(147)[~VpuStreamImp] close mFd (8)
01-01 08:00:09.278691   147   147 I VpuStream: 
01-01 08:00:09.278728   147   147 I NN-VPUD : [init]choose algo name [apu_lib_apunn]
01-01 08:00:09.278741   147   147 D NN-VPUD : [inst] create vpu inst
01-01 08:00:09.278809   147   147 I VpuStream: VpuStream(147)[createInstance] version(71), Data:0x0,0x0, 1
01-01 08:00:09.278809   147   147 I VpuStream: 
01-01 08:00:09.278849   147   147 I VpuStream: VpuStream(147)[VpuStreamImp]  user_defaultcaller open mFd (8)
01-01 08:00:09.278849   147   147 I VpuStream: 
01-01 08:00:09.278866   147   147 I VpuStream: VpuStream(147)[getAlgo] getAlgo(apu_lib_apunn) in
01-01 08:00:09.279098   147   147 D NN-VPUD : [bufalloc]len = 104, align = 4
01-01 08:00:09.279119   147   147 D NN-VPUD : [bufalloc]fd = 5
01-01 08:00:09.279186   147   147 D NN-VPUD : [bufalloc]alloc ion: ion_buf_handle 2, share_fd 10
01-01 08:00:09.279198   147   147 D NN-VPUD : [bufalloc]get va ok. va = 0x75acb7a000
01-01 08:00:09.279218   147   147 D NN-VPUD : [bufalloc]ret = 0
01-01 08:00:09.279228   147   147 D NN-VPUD : [bufalloc]config buffer ok
01-01 08:00:09.279253   147   147 D NN-VPUD : [bufalloc]mva = 0x7d00000, len = 4096
01-01 08:00:09.279277   147   147 I VpuStream: VpuStream(147)[addBuffer] buffer count 0x75ab843408, (1/1)
01-01 08:00:09.279290   147   147 D VpuStream: VpuStream(147)[addBuffer] mmapMVA+ (1/1)
01-01 08:00:09.279320   147   147 I VpuStream: VpuStream(147)[addBuffer] mmapMVA- (0)
01-01 08:00:09.279331   147   147 I VpuStream: VpuStream(147)[addBuffer] buffer count 0x75ab843408, (2/2)
01-01 08:00:09.279340   147   147 D VpuStream: VpuStream(147)[addBuffer] mmapMVA+ (1/1)
01-01 08:00:09.279363   147   147 I VpuStream: VpuStream(147)[addBuffer] mmapMVA- (0)
01-01 08:00:09.279374   147   147 I VpuStream: VpuStream(147)[addBuffer] buffer count 0x75ab843408, (3/3)
01-01 08:00:09.279394   147   147 D VpuStream: VpuStream(147)[addBuffer] mmapMVA+ (1/1)
01-01 08:00:09.279424   147   147 I VpuStream: VpuStream(147)[addBuffer] mmapMVA- (0)
01-01 08:00:09.279441   147   147 I VpuStream: VpuStream(147)[addBuffer] buffer count 0x75ab843408, (4/4)
01-01 08:00:09.279453   147   147 D VpuStream: VpuStream(147)[addBuffer] mmapMVA+ (1/1)
01-01 08:00:09.279481   147   147 I VpuStream: VpuStream(147)[addBuffer] mmapMVA- (0)
01-01 08:00:09.279498   147   147 I VpuStream: VpuStream(147)[addBuffer] buffer count 0x75ab843408, (5/5)
01-01 08:00:09.279508   147   147 D VpuStream: VpuStream(147)[addBuffer] mmapMVA+ (1/1)
01-01 08:00:09.279536   147   147 I VpuStream: VpuStream(147)[addBuffer] mmapMVA- (0)
01-01 08:00:09.279551   147   147 I NN-VPUD : [init]get algo [apu_lib_apunn] ok
01-01 08:00:09.279574   147   147 I NN-VPUD : [init]xrp-intrinsic mechanism init done
01-01 08:00:09.280294   147   147 D NN-VPUD : in_data = 0x7fd3b38eb8, in_data_size = 152
01-01 08:00:09.280331   147   147 D NN-VPUD : out_data = 0x7fd3b38f50, out_data_size = 20
01-01 08:00:09.280361   147   147 D NN-VPUD : s = 0
01-01 08:00:09.280370   147   147 D NN-VPUD : xrp_wait...
01-01 08:00:09.287646    71   156 I Zygote  : Preloading resources...
01-01 08:00:09.303418   135   135 I mtkaudiohalservice: Registration complete for android.hardware.audio.effect@4.0::IEffectsFactory/default.
01-01 08:00:09.303614   135   135 D mtkaudiohalservice: registered IEffectsFactory
01-01 08:00:09.303647   135   135 D mtkaudiohalservice: registering ISoundTriggerHw sound_trigger.primary
01-01 08:00:09.310303   147   196 D NN-VPUD : [enque] start, vpu=0x0
01-01 08:00:09.310371   147   196 D NN-VPUD : [enque]in_data[0x75ab851000,152], out_data[0x7fd3b38f50,20], ioctl_queue[0x75abd90380], buffersize[0]
01-01 08:00:09.310389   147   196 D NN-VPUD : [prepare] in data addr = 0x75ab851000, size = 152
01-01 08:00:09.310470   147   196 D NN-VPUD : [prepare]indata addr = 0x5d00000, size = 152
01-01 08:00:09.310481   147   196 D NN-VPUD : [prepare]allocation for in data done
01-01 08:00:09.310491   147   196 D NN-VPUD : [prepare]out data addr = 0x7fd3b38f50, size = 20
01-01 08:00:09.310503   147   196 D NN-VPUD : [prepare]outdata addr = 0x5d00098, size = 20
01-01 08:00:09.310512   147   196 D NN-VPUD : [prepare]allocation for out data done
01-01 08:00:09.310522   147   196 D NN-VPUD : [prepare] n_buffers = 0
01-01 08:00:09.310531   147   196 D NN-VPUD : [prepare]directly assign data buffer to dsp_cmd, size = 12/0
01-01 08:00:09.310539   147   196 D NN-VPUD : [prepare]allocation for dsp buffer done
01-01 08:00:09.310548   147   196 D NN-VPUD : [send]set opp_step = 0, bw = 8192
01-01 08:00:09.310559   147   196 I VpuStream: VpuStream(196)[setExtraParam] + 0x0/0x0/0x2000
01-01 08:00:09.310582   147   196 D NN-VPUD : [vpu] property = 0
01-01 08:00:09.310594   147   196 D NN-VPUD : [send] single cmd
01-01 08:00:09.310616   147   196 I VpuStream: VpuStream(196)[enque] [vpu] enque algo:ref_15/0x75ab843408/1, expected core:0xffff
01-01 08:00:09.310616   147   196 I VpuStream: 
01-01 08:00:09.310630   147   196 I VpuStream: VpuStream(196)[enque] [vpu] corrrrrrre index(0xffff/0xffff/0xffff)
01-01 08:00:09.310630   147   196 I VpuStream: 
01-01 08:00:09.310630   147   196 I VpuStream: 
01-01 08:00:09.310630   147   196 I VpuStream: 
01-01 08:00:09.310697   147   196 I NN-VPUD : [send] enque to common queue ok
01-01 08:00:09.310998   169   169 I wmt_launcher: get property(vendor.connsys.driver.ready) is no
01-01 08:00:09.317121   135   135 E SoundTriggerHalImpl: couldn't load sound trigger module sound_trigger.primary (No such file or directory)
01-01 08:00:09.318467   135   135 I mtkaudiohalservice: Registration complete for android.hardware.soundtrigger@2.1::ISoundTriggerHw/default.
01-01 08:00:09.318521   135   135 D mtkaudiohalservice: registered ISoundTriggerHwsound_trigger.primary
01-01 08:00:09.318549   135   135 D mtkaudiohalservice: registering IBluetoothAudioOffload
01-01 08:00:09.318861    16    16 W hwservicemanager: getTransport: Cannot find entry android.hardware.bluetooth.a2dp@1.0::IBluetoothAudioOffload/default in either framework or device manifest.
01-01 08:00:09.321739   135   135 E mtkaudiohalservice: Could not get passthrough implementation for android.hardware.bluetooth.a2dp@1.0::IBluetoothAudioOffload/default.
01-01 08:00:09.321780   135   135 D mtkaudiohalservice: registered IBluetoothAudioOffload
01-01 08:00:09.321797   135   135 W mtkaudiohalservice: Could not register Bluetooth audio offload 1.0
01-01 08:00:09.324725   147   196 I VpuStream: VpuStream(196)[deque] [vpu] algo_ref_15/0x75ab843408/1, occupied core_index 0xffff/0x2, sts(0)
01-01 08:00:09.324789   147   196 I NN-VPUD : [send] deque 1 request ok
01-01 08:00:09.324808   147   196 D NN-VPUD : [writeback] out data addr = 0x7fd3b38f50, size = 20
01-01 08:00:09.324823   147   196 D NN-VPUD : [writeback] outdata addr = 0x5d00098, size = 20
01-01 08:00:09.324832   147   196 D NN-VPUD : [writeback]allocation for out data done
01-01 08:00:09.324852   147   196 D NN-VPUD : [enque] end, ret = 0
01-01 08:00:09.324864   147   196 D NN-VPUD : ret = 0
01-01 08:00:09.324914   147   147 D NN-VPUD : xrp_wait done
01-01 08:00:09.324931   147   147 D NN-VPUD : in_data = 0x7fd3b38eb8, in_data_size = 152
01-01 08:00:09.324941   147   147 D NN-VPUD : out_data = 0x7fd3b38f50, out_data_size = 20
01-01 08:00:09.324957   147   147 D NN-VPUD : s = 0
01-01 08:00:09.324966   147   147 D NN-VPUD : xrp_wait...
01-01 08:00:09.324981   147   196 D NN-VPUD : [enque] start, vpu=0x0
01-01 08:00:09.324992   147   196 D NN-VPUD : [enque]in_data[0x75ab8510a0,152], out_data[0x7fd3b38f50,20], ioctl_queue[0x75abd90380], buffersize[0]
01-01 08:00:09.325002   147   196 D NN-VPUD : [prepare] in data addr = 0x75ab8510a0, size = 152
01-01 08:00:09.325019   147   196 D NN-VPUD : [prepare]indata addr = 0x5d00000, size = 152
01-01 08:00:09.325028   147   196 D NN-VPUD : [prepare]allocation for in data done
01-01 08:00:09.325037   147   196 D NN-VPUD : [prepare]out data addr = 0x7fd3b38f50, size = 20
01-01 08:00:09.325048   147   196 D NN-VPUD : [prepare]outdata addr = 0x5d00098, size = 20
01-01 08:00:09.325057   147   196 D NN-VPUD : [prepare]allocation for out data done
01-01 08:00:09.325066   147   196 D NN-VPUD : [prepare] n_buffers = 0
01-01 08:00:09.325076   147   196 D NN-VPUD : [prepare]directly assign data buffer to dsp_cmd, size = 12/0
01-01 08:00:09.325085   147   196 D NN-VPUD : [prepare]allocation for dsp buffer done
01-01 08:00:09.325095   147   196 D NN-VPUD : [send]set opp_step = 0, bw = 8192
01-01 08:00:09.325106   147   196 I VpuStream: VpuStream(196)[setExtraParam] + 0x0/0x0/0x2000
01-01 08:00:09.325267   147   196 D NN-VPUD : [vpu] property = 0
01-01 08:00:09.325281   147   196 D NN-VPUD : [send] single cmd
01-01 08:00:09.325306   147   196 I VpuStream: VpuStream(196)[enque] [vpu] enque algo:ref_15/0x75ab843408/2, expected core:0xffff
01-01 08:00:09.325306   147   196 I VpuStream: 
01-01 08:00:09.325321   147   196 I VpuStream: VpuStream(196)[enque] [vpu] corrrrrrre index(0xffff/0xffff/0x2)
01-01 08:00:09.325321   147   196 I VpuStream: 
01-01 08:00:09.325321   147   196 I VpuStream: 
01-01 08:00:09.325321   147   196 I VpuStream: 
01-01 08:00:09.325397   147   196 I NN-VPUD : [send] enque to common queue ok
01-01 08:00:09.327828   147   196 I VpuStream: VpuStream(196)[deque] [vpu] algo_ref_15/0x75ab843408/2, occupied core_index 0xffff/0x2, sts(0)
01-01 08:00:09.327885   147   196 I NN-VPUD : [send] deque 1 request ok
01-01 08:00:09.327903   147   196 D NN-VPUD : [writeback] out data addr = 0x7fd3b38f50, size = 20
01-01 08:00:09.327921   147   196 D NN-VPUD : [writeback] outdata addr = 0x5d00098, size = 20
01-01 08:00:09.327932   147   196 D NN-VPUD : [writeback]allocation for out data done
01-01 08:00:09.327953   147   196 D NN-VPUD : [enque] end, ret = 0
01-01 08:00:09.327964   147   196 D NN-VPUD : ret = 0
01-01 08:00:09.328022   147   147 D NN-VPUD : xrp_wait done
01-01 08:00:09.328359   147   147 I ServiceManagement: Removing namespace from process name android.hardware.neuralnetworks@1.1-service-apunn to neuralnetworks@1.1-service-apunn.
01-01 08:00:09.328487   149   149 I ServiceManagement: Removing namespace from process name android.hardware.thermal@1.0-service to thermal@1.0-service.
01-01 08:00:09.330213   149   149 I android.hardware.thermal@1.0-service: Registration complete for android.hardware.thermal@1.0::IThermal/default.
01-01 08:00:09.331259   185   185 D ccci_rpcd: ccci_rpcd Ver:v2.00, CCCI Ver:6
01-01 08:00:09.331447   185   185 D ccci_rpcd: register signal hadler
01-01 08:00:09.331555   185   185 D ccci_rpcd: TC1 lib not support for current project
01-01 08:00:09.332642   151   151 I ServiceManagement: Removing namespace from process name android.hardware.wifi@1.0-service-mediatek to wifi@1.0-service-mediatek.
01-01 08:00:09.334197   148   148 D ArmnnDriver: Hash resizenearestneighbormtk --> 110280643
01-01 08:00:09.334288   148   148 D ArmnnDriver: Hash maximummtk --> 1771590703
01-01 08:00:09.334307   148   148 D ArmnnDriver: Hash minimummtk --> -756446355
01-01 08:00:09.334324   148   148 D ArmnnDriver: Hash prelumtk --> 325902265
01-01 08:00:09.334342   148   148 D ArmnnDriver: Hash slicemtk --> 318632385
01-01 08:00:09.334361   148   148 D ArmnnDriver: Hash splitmtk --> 1314597725
01-01 08:00:09.335106    71   156 W Resources: Preloaded drawable resource #0x1080269 (android:drawable/dialog_background_material) that varies with configuration!!
01-01 08:00:09.336809   175   175 I logcat  : /system/etc/init.logmcu.sh: start_logcat[mculog]: logcat pid = 174
01-01 08:00:09.343937   143   143 I hwcomposer: [HWC] FD resource: cur[32768]  max[32768]
01-01 08:00:09.343937   143   143 I hwcomposer:   
01-01 08:00:09.344216   143   143 I hwcomposer: [HWC] HWCActivate Ecarx hwcomposer version HWC_V1.1 
01-01 08:00:09.344216   143   143 I hwcomposer:   
01-01 08:00:09.344254   143   143 I hwcomposer: [HWC] HWCActivate start watch 
01-01 08:00:09.344254   143   143 I hwcomposer:   
01-01 08:00:09.344565   143   203 I hwcomposer: HWCActivate use dyc encry key
01-01 08:00:09.344584   143   203 E hwcomposer: HWCActivate  start initFB
01-01 08:00:09.344632   143   203 E FBSurface.HWCActivate: HWCActivate FBSurface::init() start 000  
01-01 08:00:09.344640   142   142 D SoftGatekeeper: Opening Software Gatekeeper device.
01-01 08:00:09.344698   143   203 E FBSurface.HWCActivate: HWCActivate FBSurface::init() mDevice_id 0   
01-01 08:00:09.344699   142   142 D SoftGatekeeper: gatekeeper: HalAdaptationLayer constructor initialized.
01-01 08:00:09.344710   142   142 D SoftGatekeeper: Soft Gatekeeper device created
01-01 08:00:09.344841   143   203 E FBSurface.HWCActivate: mtkfb fd 21, ion fd 22, rot 0, screensize 1920 720
01-01 08:00:09.344867   143   203 E FBSurface.HWCActivate: create FBSurface success idx:0 
01-01 08:00:09.344885   143   203 E FBSurface.HWCActivate: HWCActivate start zorder
01-01 08:00:09.344901   143   203 E FBSurface.HWCActivate: HWCActivate the zorder is 100
01-01 08:00:09.344914   143   203 E hwcomposer: HWCActivate initFB done
01-01 08:00:09.345175   143   143 I ServiceManagement: Removing namespace from process name android.hardware.graphics.composer@2.1-service to composer@2.1-service.
01-01 08:00:09.346160   142   142 I ServiceManagement: Removing namespace from process name android.hardware.gatekeeper@1.0-service to gatekeeper@1.0-service.
01-01 08:00:09.347249   143   143 I android.hardware.graphics.composer@2.1-service: Registration complete for android.hardware.graphics.composer@2.1::IComposer/default.
 
01-01 08:00:09.348386   146   146 I ServiceManagement: Removing namespace from process name android.hardware.memtrack@1.0-service to memtrack@1.0-service.
01-01 08:00:09.350283   146   146 I android.hardware.memtrack@1.0-service: Registration complete for android.hardware.memtrack@1.0::IMemtrack/default.
01-01 08:00:09.351362   143   203 I hwcomposer: HWCActivate isCoreChipActivated activate_result = undefined
01-01 08:00:09.351396   143   203 I hwcomposer: HWCActivate activate result false 
01-01 08:00:09.351409   143   203 E hwcomposer: HWCActivate initAndStartWatch not activated 

01-01 08:00:09.351950   142   142 I android.hardware.gatekeeper@1.0-service: Registration complete for android.hardware.gatekeeper@1.0::IGatekeeper/default.
01-01 08:00:09.354014   145   145 E         : light_open lights keyboard failed: -22
01-01 08:00:09.354090   145   145 E         : Light passthrough failed to load legacy HAL.
01-01 08:00:09.354354   145   145 E         : light_open lights buttons failed: -22
01-01 08:00:09.354366   145   145 E         : Light passthrough failed to load legacy HAL.
01-01 08:00:09.354475   145   145 E         : light_open lights battery failed: -22
01-01 08:00:09.354486   145   145 E         : Light passthrough failed to load legacy HAL.
01-01 08:00:09.354590   145   145 E         : light_open lights notifications failed: -22
01-01 08:00:09.354602   145   145 E         : Light passthrough failed to load legacy HAL.
01-01 08:00:09.354703   145   145 E         : light_open lights attention failed: -22
01-01 08:00:09.354718   145   145 E         : Light passthrough failed to load legacy HAL.
01-01 08:00:09.354834   145   145 E         : light_open lights bluetooth failed: -22
01-01 08:00:09.354848   145   145 E         : Light passthrough failed to load legacy HAL.
01-01 08:00:09.354952   145   145 E         : light_open lights wifi failed: -22
01-01 08:00:09.354966   145   145 E         : Light passthrough failed to load legacy HAL.
01-01 08:00:09.355838   145   145 I ServiceManagement: Removing namespace from process name android.hardware.light@2.1-service-mediatek to light@2.1-service-mediatek.
01-01 08:00:09.356908   145   145 I android.hardware.light@2.1-service-mediatek: Registration complete for android.hardware.light@2.1::ILight/default.
01-01 08:00:09.356973   154   154 D NVRAM   : Nvram hidle service is now ready
01-01 08:00:09.360976   143   203 E hwcomposer: HWCActivate startWatchActivityFile start 
01-01 08:00:09.360989   143   204 I hwcomposer: HWCActivate thread_time enter
01-01 08:00:09.361075   143   203 I hwcomposer: HWCActivate addWatchToActivateFile start monitoring activite file
01-01 08:00:09.361379   143   204 I hwcomposer: HWCActivate ctime_get_time timer_setup --Fri Jan  1 08:00:09 2010
01-01 08:00:09.361379   143   204 I hwcomposer: 
01-01 08:00:09.363219   168   168 I wmt_loader: Can't open device node(/dev/wmtdetect) count(1)
01-01 08:00:09.369512   153   153 D         : hal2mnl_hal_reboot: hal2mnl_hal_reboot
01-01 08:00:09.370438   153   153 E         : safe_sendto: safe_sendto() sendto() failed path=[mtk_hal2mnl] ret=-1 reason=[Connection refused]111
01-01 08:00:09.371270   153   153 I ServiceManagement: Removing namespace from process name vendor.mediatek.hardware.gnss@1.1-service to gnss@1.1-service.
