01-01 08:00:11.095325   311   311 W MtkCam/HalSensorList: [impConstructStaticMetadata_by_SymbolName] constructCustStaticMetadata_PROJECT_TUNING_3A_SENSOR_DRVNAME_UB962_MIPI_YUV not found
01-01 08:00:11.094808   330   330 D NetworkManager: parseOneLine:ip[172.16.3.2] vlanid[3] mVlan.size[2]
01-01 08:00:11.094821   330   330 D NetworkManager: parseOneLine:pos[12] vlanPos[10] substr[172.16.5.2/5]
01-01 08:00:11.094836   330   330 D NetworkManager: parseOneLine:ip[172.16.5.2] vlanid[5] mVlan.size[3]
01-01 08:00:11.094849   330   330 D NetworkManager: parseOneLine:pos[-1] vlanPos[10] substr[172.16.6.2/6]
01-01 08:00:11.094862   330   330 D NetworkManager: parseOneLine:ip[172.16.6.2] vlanid[6] mVlan.size[4]
01-01 08:00:11.094874   330   330 D NetworkManager: parseOneLine:mOneLine[NAT_IP_LIST=172.16.5.9] mKeyNum[2]
01-01 08:00:11.095678   311   311 W MtkCam/HalSensorList: [impConstructStaticMetadata_by_SymbolName] constructCustStaticMetadata_PROJECT_TUNING_3A_COMMON not found
01-01 08:00:11.094886   330   330 D NetworkManager: parseOneLine:mKeyType[1]
01-01 08:00:11.094899   330   330 D NetworkManager: parseOneLine:ip[172.16.5.9] mNat.size[1]
01-01 08:00:11.094918   330   330 D NetworkManager: parseOneLine:mOneLine[WHITE_NAME_lIST=www.baidu.com,intelligentmap-api.baidu.com,im-ota-changan-cd569.cdn.bcebos.com] mKeyNum[2]
01-01 08:00:11.094930   330   330 D NetworkManager: parseOneLine:mKeyType[2]
01-01 08:00:11.094942   330   330 D NetworkManager: parseOneLine:ip[172.16.4.2] vlanid[4]
01-01 08:00:11.096034   311   311 W MtkCam/HalSensorList: [impConstructStaticMetadata_by_SymbolName] constructCustStaticMetadata_PROJECT_FLASHLIGHT_SENSOR_DRVNAME_UB962_MIPI_YUV not found
01-01 08:00:11.094954   330   330 D NetworkManager: parseOneLine:ip[172.16.3.2] vlanid[3]
01-01 08:00:11.094984   330   330 D NetworkManager: parseOneLine:ip[172.16.5.2] vlanid[5]
01-01 08:00:11.094997   330   330 D NetworkManager: parseOneLine:ip[172.16.6.2] vlanid[6]
01-01 08:00:11.095009   330   330 D NetworkManager: parseOneLine:vlan ip[172.16.5.9]
01-01 08:00:11.096390   311   311 W MtkCam/HalSensorList: [impConstructStaticMetadata_by_SymbolName] constructCustStaticMetadata_PROJECT_FLASHLIGHT_COMMON not found
01-01 08:00:11.096736   311   311 W MtkCam/HalSensorList: [impConstructStaticMetadata_by_SymbolName] constructCustStaticMetadata_PROJECT_SCALER_SENSOR_DRVNAME_UB962_MIPI_YUV not found
01-01 08:00:11.097042   311   311 W MtkCam/HalSensorList: [impConstructStaticMetadata_by_SymbolName] constructCustStaticMetadata_PROJECT_SCALER_COMMON not found
01-01 08:00:11.097354   311   311 W MtkCam/HalSensorList: [impConstructStaticMetadata_by_SymbolName] constructCustStaticMetadata_PROJECT_FEATURE_SENSOR_DRVNAME_UB962_MIPI_YUV not found
01-01 08:00:11.098090   330   330 I ServiceManagement: getService: Trying again for vendor.mediatek.hardware.tbox@1.0::ITeleData/default...
01-01 08:00:11.097712   311   311 W MtkCam/HalSensorList: [impConstructStaticMetadata_by_SymbolName] constructCustStaticMetadata_PROJECT_FEATURE_COMMON not found
01-01 08:00:11.098037   311   311 W MtkCam/HalSensorList: [impConstructStaticMetadata_by_SymbolName] constructCustStaticMetadata_PROJECT_CAMERA_SENSOR_DRVNAME_UB962_MIPI_YUV not found
01-01 08:00:11.098355   311   311 W MtkCam/HalSensorList: [impConstructStaticMetadata_by_SymbolName] constructCustStaticMetadata_PROJECT_CAMERA_COMMON not found
01-01 08:00:11.098675   311   311 W MtkCam/HalSensorList: [impConstructStaticMetadata_by_SymbolName] constructCustStaticMetadata_PROJECT_REQUEST_SENSOR_DRVNAME_UB962_MIPI_YUV not found
01-01 08:00:11.098989   311   311 W MtkCam/HalSensorList: [impConstructStaticMetadata_by_SymbolName] constructCustStaticMetadata_PROJECT_REQUEST_COMMON not found
01-01 08:00:11.099173   311   311 D SeninfDrv: [setMclk][setTg1Phase]pcEn(0), freq(24)
01-01 08:00:11.099190   311   311 D ImgSensorDrv: [uninit][uninit] imgsensor_drv
01-01 08:00:11.099253   311   311 W ImgSensorDrv: [init]Warning(  133):[init] imgsensor_drv sensorIdx:2
01-01 08:00:11.099279   311   311 D ImgSensorDrv: [featureControl][featureControl] Skip due to no FeatureId
01-01 08:00:11.099296   311   311 D SeninfDrv: [setMclkIODrivingCurrent]DrivingIdx(3), Reg(0x00000033)
01-01 08:00:11.099313   311   311 D SeninfDrv: [setMclk][setTg0Phase]pcEn(1), freq(24)
01-01 08:00:11.099323   311   311 W ImgSensorDrv: [searchSensor]Warning(  110):searchSensor m_sensorIdx:2
01-01 08:00:11.099338   311   311 W ImgSensorDrv: [searchSensor]Warning(  119):found <501/rn6752_mipi_yuv> m_sensorIdx:2
01-01 08:00:11.099408   311   311 W ImgSensorDrv: [getInfo]Warning( 1413):prv w=0x2c0,h=0x1fc
01-01 08:00:11.099419   311   311 W ImgSensorDrv: [getInfo]Warning( 1414):cap w=0x2c0,h=0x1fc
01-01 08:00:11.099431   311   311 W ImgSensorDrv: [getInfo]Warning( 1415):vd  w=0x2c0,h=0x1fc
01-01 08:00:11.099440   311   311 W ImgSensorDrv: [getInfo]Warning( 1416):pre GrapX=0xc,GrapY=0x2
01-01 08:00:11.099450   311   311 D ImgSensorDrv: [featureControl][featureControl] Skip due to no FeatureId
01-01 08:00:11.099495   311   311 I chatty  : uid=1047(cameraserver) /vendor/bin/hw/camerahalserver identical 5 lines
01-01 08:00:11.099504   311   311 D ImgSensorDrv: [featureControl][featureControl] Skip due to no FeatureId
01-01 08:00:11.099533   311   311 D ImgSensorDrv: [getType][getType] 
01-01 08:00:11.099581   311   311 D ImgSensorDrv: [getType][getType] 
01-01 08:00:11.100993   311   311 W MtkCam/HalSensorList: [impConstructStaticMetadata_by_SymbolName] constructCustStaticMetadata_DEVICE_SCALER_SENSOR_DRVNAME_RN6752_MIPI_YUV not found
01-01 08:00:11.101287   311   311 W MtkCam/HalSensorList: [impConstructStaticMetadata_by_SymbolName] constructCustStaticMetadata_DEVICE_SCALER_COMMON not found
01-01 08:00:11.101590   311   311 W MtkCam/HalSensorList: [impConstructStaticMetadata_by_SymbolName] constructCustStaticMetadata_DEVICE_FEATURE_SENSOR_DRVNAME_RN6752_MIPI_YUV not found
01-01 08:00:11.101949   311   311 W MtkCam/HalSensorList: [impConstructStaticMetadata_by_SymbolName] constructCustStaticMetadata_DEVICE_FEATURE_COMMON not found
01-01 08:00:11.102558   311   311 W MtkCam/HalSensorList: [impConstructStaticMetadata_by_SymbolName] constructCustStaticMetadata_DEVICE_REQUEST_SENSOR_DRVNAME_RN6752_MIPI_YUV not found
01-01 08:00:11.102878   311   311 W MtkCam/HalSensorList: [impConstructStaticMetadata_by_SymbolName] constructCustStaticMetadata_DEVICE_REQUEST_COMMON not found
01-01 08:00:11.103193   311   311 W MtkCam/HalSensorList: [impConstructStaticMetadata_by_SymbolName] constructCustStaticMetadata_PROJECT_LENS_SENSOR_DRVNAME_RN6752_MIPI_YUV not found
01-01 08:00:11.103502   311   311 W MtkCam/HalSensorList: [impConstructStaticMetadata_by_SymbolName] constructCustStaticMetadata_PROJECT_LENS_COMMON not found
01-01 08:00:11.103821   311   311 W MtkCam/HalSensorList: [impConstructStaticMetadata_by_SymbolName] constructCustStaticMetadata_PROJECT_SENSOR_SENSOR_DRVNAME_RN6752_MIPI_YUV not found
01-01 08:00:11.104136   311   311 W MtkCam/HalSensorList: [impConstructStaticMetadata_by_SymbolName] constructCustStaticMetadata_PROJECT_SENSOR_COMMON not found
01-01 08:00:11.104455   311   311 W MtkCam/HalSensorList: [impConstructStaticMetadata_by_SymbolName] constructCustStaticMetadata_PROJECT_TUNING_3A_SENSOR_DRVNAME_RN6752_MIPI_YUV not found
01-01 08:00:11.105316   291   291 I MobileLogD: sublogs status: 0x0000DD81
01-01 08:00:11.108884   340   340 I iptables-wrapper-1.0: iptables: No chain/target/match by that name.
01-01 08:00:11.109252   340   340 I iptables-wrapper-1.0: iptables-wrapper-1.0 terminated by exit(1)
01-01 08:00:11.109365   340   340 E NetdagentIptables: exec() res=0, status=256 for /system/bin/iptables-wrapper-1.0 -w -t filter -X oem_wifi 
01-01 08:00:11.109692   311   311 W MtkCam/HalSensorList: [impConstructStaticMetadata_by_SymbolName] constructCustStaticMetadata_PROJECT_TUNING_3A_COMMON not found
01-01 08:00:11.110070   311   311 W MtkCam/HalSensorList: [impConstructStaticMetadata_by_SymbolName] constructCustStaticMetadata_PROJECT_FLASHLIGHT_SENSOR_DRVNAME_RN6752_MIPI_YUV not found
01-01 08:00:11.110705   159   159 I APM_AudioPolicyManager_CarAudioInfo: + ECARX computeVolume stream 17  index 0  device = 0x2,revser 0  duck 0  speedCompEnable 0 volume table -78.000000
01-01 08:00:11.110412   311   311 W MtkCam/HalSensorList: [impConstructStaticMetadata_by_SymbolName] constructCustStaticMetadata_PROJECT_FLASHLIGHT_COMMON not found
01-01 08:00:11.110380   307   307 D chime   : volume = -758.000000, tpVolume 0
01-01 08:00:11.110755   159   159 I APM_AudioPolicyManager_CarAudioInfo: - ECARX computeVolume stream 17  index 0  volumeDb -758.000000
01-01 08:00:11.110748   311   311 W MtkCam/HalSensorList: [impConstructStaticMetadata_by_SymbolName] constructCustStaticMetadata_PROJECT_SCALER_SENSOR_DRVNAME_RN6752_MIPI_YUV not found
01-01 08:00:11.110475   307   307 D chime   : onoff = 0  prevolume= -758.000000
01-01 08:00:11.110783   159   159 I APM_AudioPolicyManager_CarAudioInfo: + ECARX computeVolume stream 18  index 0  device = 0x2,revser 0  duck 0  speedCompEnable 0 volume table -80.000000
01-01 08:00:11.111094   311   311 W MtkCam/HalSensorList: [impConstructStaticMetadata_by_SymbolName] constructCustStaticMetadata_PROJECT_SCALER_COMMON not found
01-01 08:00:11.110801   159   159 I APM_AudioPolicyManager_CarAudioInfo: - ECARX computeVolume stream 18  index 0  volumeDb -758.000000
01-01 08:00:11.110825   159   159 I APM_AudioPolicyManager_CarAudioInfo: + ECARX computeVolume stream 19  index 0  device = 0x2,revser 0  duck 0  speedCompEnable 0 volume table -80.000000
01-01 08:00:11.110843   159   159 I APM_AudioPolicyManager_CarAudioInfo: - ECARX computeVolume stream 19  index 0  volumeDb -758.000000
01-01 08:00:11.111624   135   477 D AudioALSAStreamManager: openInputStream(), devices = 0x80000004, format = 0x1, channels = 0xc, sampleRate = 16000, status = 14, acoustics = 0x0
01-01 08:00:11.110867   159   159 I APM_AudioPolicyManager_CarAudioInfo: + ECARX computeVolume stream 20  index 0  device = 0x2,revser 0  duck 0  speedCompEnable 0 volume table -78.000000
01-01 08:00:11.111685   311   311 W MtkCam/HalSensorList: [impConstructStaticMetadata_by_SymbolName] constructCustStaticMetadata_PROJECT_FEATURE_SENSOR_DRVNAME_RN6752_MIPI_YUV not found
01-01 08:00:11.111676   135   477 D AudioALSAStreamIn: AudioALSAStreamIn()
01-01 08:00:11.110885   159   159 I APM_AudioPolicyManager_CarAudioInfo: - ECARX computeVolume stream 20  index 0  volumeDb -758.000000
01-01 08:00:11.111702   135   477 D AudioALSAStreamIn: set(), devices = 0x80000004, format = 0x1, channels = 0xc, sampleRate = 16000, acoustics = 0x0, flags = 0
01-01 08:00:11.110909   159   159 I APM_AudioPolicyManager_CarAudioInfo: + ECARX computeVolume stream 21  index 0  device = 0x2,revser 0  duck 0  speedCompEnable 0 volume table -80.000000
01-01 08:00:11.111721   135   477 D AudioALSAStreamIn: CheckBesRecordInfo()
01-01 08:00:11.110926   159   159 I APM_AudioPolicyManager_CarAudioInfo: - ECARX computeVolume stream 21  index 0  volumeDb -758.000000
01-01 08:00:11.111738   135   477 D AudioSpeechEnhanceInfo: GetBesRecScene() -1
01-01 08:00:11.111381   159   159 I APM_AudioPolicyManager_CarAudioInfo: + ECARX computeVolume stream 22  index 0  device = 0x2,revser 0  duck 0  speedCompEnable 0 volume table 0.000000
01-01 08:00:11.112020   311   311 W MtkCam/HalSensorList: [impConstructStaticMetadata_by_SymbolName] constructCustStaticMetadata_PROJECT_FEATURE_COMMON not found
01-01 08:00:11.111791   135   477 D AudioSpeechEnhanceInfo: IsBesRecTuningEnable()- 0
01-01 08:00:11.111415   159   159 I APM_AudioPolicyManager_CarAudioInfo: - ECARX computeVolume stream 22  index 0  volumeDb -758.000000
01-01 08:00:11.111825   135   477 D AudioSpeechEnhanceInfo: IsAPDMNRTuningEnable(), 0
01-01 08:00:11.111847   135   477 D AudioSpeechEnhanceInfo: GetForceMagiASRState(), feature_support=1e091757, 400, mForceMagiASR=0
01-01 08:00:11.111864   135   477 D AudioSpeechEnhanceInfo: GetForceAECRecState(), mForceAECRec=0
01-01 08:00:11.111885   135   477 D AudioALSAStreamIn: checkOpenStreamSampleRate(), origin sampleRate 16000, kDefaultInputSourceSampleRate 48000.
01-01 08:00:11.111907   135   477 D AudioALSAStreamIn: set() done, sampleRate = 16000, num_channels = 2, buffer_size=1280, tempDebugflag = 0
01-01 08:00:11.112355   311   311 W MtkCam/HalSensorList: [impConstructStaticMetadata_by_SymbolName] constructCustStaticMetadata_PROJECT_CAMERA_SENSOR_DRVNAME_RN6752_MIPI_YUV not found
01-01 08:00:11.111925   135   477 D AudioALSAStreamManager: -openInputStream(), in = 0xe9de4000, status = 0x0, mStreamInVector.size() = 1
01-01 08:00:11.112687   311   311 W MtkCam/HalSensorList: [impConstructStaticMetadata_by_SymbolName] constructCustStaticMetadata_PROJECT_CAMERA_COMMON not found
01-01 08:00:11.113040   311   311 W MtkCam/HalSensorList: [impConstructStaticMetadata_by_SymbolName] constructCustStaticMetadata_PROJECT_REQUEST_SENSOR_DRVNAME_RN6752_MIPI_YUV not found
01-01 08:00:11.113408   311   311 W MtkCam/HalSensorList: [impConstructStaticMetadata_by_SymbolName] constructCustStaticMetadata_PROJECT_REQUEST_COMMON not found
01-01 08:00:11.113625   311   311 D SeninfDrv: [setMclk][setTg0Phase]pcEn(0), freq(24)
01-01 08:00:11.114069   159   552 I AudioFlinger: AudioFlinger's thread 0xe9103340 tid=552 ready to run
01-01 08:00:11.113673   311   311 D ImgSensorDrv: [uninit][uninit] imgsensor_drv
01-01 08:00:11.114321   135   477 D AudioALSAStreamManager: +closeInputStream(), in = 0xe9de4000, size() = 1
01-01 08:00:11.113754   311   311 W ImgSensorDrv: [init]Warning(  133):[init] imgsensor_drv sensorIdx:3
01-01 08:00:11.114359   135   477 D AudioALSAStreamIn: ~AudioALSAStreamIn()
01-01 08:00:11.113780   311   311 D ImgSensorDrv: [featureControl][featureControl] Skip due to no FeatureId
01-01 08:00:11.114415   135   477 D AudioALSAStreamManager: -closeInputStream(), mStreamInVector.size() = 0
01-01 08:00:11.113809   311   311 D SeninfDrv: [setMclkIODrivingCurrent]DrivingIdx(3), Reg(0x00000033)
01-01 08:00:11.113829   311   311 D SeninfDrv: [setMclk][setTg1Phase]pcEn(1), freq(24)
01-01 08:00:11.113839   311   311 W ImgSensorDrv: [searchSensor]Warning(  110):searchSensor m_sensorIdx:3
01-01 08:00:11.113855   311   311 W ImgSensorDrv: [searchSensor]Warning(  119):found <3363942/ub962_mipi_yuv> m_sensorIdx:3
01-01 08:00:11.113945   311   311 W ImgSensorDrv: [getInfo]Warning( 1413):prv w=0x780,h=0x438
01-01 08:00:11.113955   311   311 W ImgSensorDrv: [getInfo]Warning( 1414):cap w=0x780,h=0x438
01-01 08:00:11.113965   311   311 W ImgSensorDrv: [getInfo]Warning( 1415):vd  w=0x780,h=0x438
01-01 08:00:11.113973   311   311 W ImgSensorDrv: [getInfo]Warning( 1416):pre GrapX=0x0,GrapY=0x0
01-01 08:00:11.113985   311   311 D ImgSensorDrv: [featureControl][featureControl] Skip due to no FeatureId
01-01 08:00:11.114038   311   311 I chatty  : uid=1047(cameraserver) /vendor/bin/hw/camerahalserver identical 5 lines
01-01 08:00:11.114047   311   311 D ImgSensorDrv: [featureControl][featureControl] Skip due to no FeatureId
01-01 08:00:11.114116   311   311 D ImgSensorDrv: [getType][getType] 
01-01 08:00:11.114180   311   311 D ImgSensorDrv: [getType][getType] 
01-01 08:00:11.115475   169   169 I wmt_launcher: set property(persist.vendor.connsys.patch.version) to 20210809095004a succeed.
01-01 08:00:11.115526   169   169 I wmt_launcher: fw Ver in patch: 0x00008a00
01-01 08:00:11.115541   169   169 I wmt_launcher: read patch info:0x22,0x80,0x09,0x00
01-01 08:00:11.115640   311   311 W MtkCam/HalSensorList: [impConstructStaticMetadata_by_SymbolName] constructCustStaticMetadata_DEVICE_SCALER_SENSOR_DRVNAME_UB962_MIPI_YUV not found
01-01 08:00:11.115554   169   169 I wmt_launcher: patch seq = [2]
01-01 08:00:11.115610   169   169 I wmt_launcher: cmd(srh_patch) resp(ok)
01-01 08:00:11.115644   169   169 I wmt_launcher: (persist.vendor.connsys.fwlog.status) is not supported
01-01 08:00:11.115984   311   311 W MtkCam/HalSensorList: [impConstructStaticMetadata_by_SymbolName] constructCustStaticMetadata_DEVICE_SCALER_COMMON not found
01-01 08:00:11.116319   311   311 W MtkCam/HalSensorList: [impConstructStaticMetadata_by_SymbolName] constructCustStaticMetadata_DEVICE_FEATURE_SENSOR_DRVNAME_UB962_MIPI_YUV not found
01-01 08:00:11.117797   291   291 I MobileLogD: ld_p type: 0, id: 0, log_name: main_log, rotate_size: 15728640
01-01 08:00:11.117939   291   291 I MobileLogD: ld_p type: 0, id: 1, log_name: radio_log, rotate_size: 7340032
01-01 08:00:11.118026   291   291 I MobileLogD: ld_p type: 0, id: 2, log_name: events_log, rotate_size: 5242880
01-01 08:00:11.118109   291   291 I MobileLogD: ld_p type: 0, id: 3, log_name: sys_log, rotate_size: 5242880
01-01 08:00:11.118187   291   291 I MobileLogD: ld_p type: 0, id: 4, log_name: crash_log, rotate_size: 2097152
01-01 08:00:11.118257   291   291 I MobileLogD: Read kernel log from kmsg
01-01 08:00:11.118333   291   291 I MobileLogD: ld_p type: 1, id: 7, log_name: kernel_log, rotate_size: 10485760
01-01 08:00:11.118473   291   291 I MobileLogD: ld_p type: 1, id: 8, log_name: atf_log, rotate_size: 10485760
01-01 08:00:11.118565   291   291 E MobileLogD: open /proc/atf_log/atf_log fail(No such file or directory)
01-01 08:00:11.118649   291   291 I MobileLogD: ld_p type: 1, id: 9, log_name: gz_log, rotate_size: 2097152
01-01 08:00:11.118732   291   291 E MobileLogD: open /proc/gz_log fail(No such file or directory)
01-01 08:00:11.119376   291   291 I MobileLogD: ld_p type: 1, id: 10, log_name: bsp_log, rotate_size: 5242880
01-01 08:00:11.122356   159   159 I bt_a2dp_hw: adev_open:  adev_open in A2dp_hw module
01-01 08:00:11.122999   311   311 W MtkCam/HalSensorList: [impConstructStaticMetadata_by_SymbolName] constructCustStaticMetadata_DEVICE_FEATURE_COMMON not found
01-01 08:00:11.122457   159   159 I AudioFlinger: loadHwModule() Loaded a2dp audio interface, handle 18
01-01 08:00:11.123868   311   311 W MtkCam/HalSensorList: [impConstructStaticMetadata_by_SymbolName] constructCustStaticMetadata_DEVICE_REQUEST_SENSOR_DRVNAME_UB962_MIPI_YUV not found
01-01 08:00:11.124742   135   294 D modules.usbaudio.audio_hal: [USB_AUD] adev_open
01-01 08:00:11.124271   311   311 W MtkCam/HalSensorList: [impConstructStaticMetadata_by_SymbolName] constructCustStaticMetadata_DEVICE_REQUEST_COMMON not found
01-01 08:00:11.125316   159   159 I AudioFlinger: loadHwModule() Loaded usb audio interface, handle 26
01-01 08:00:11.124642   311   311 W MtkCam/HalSensorList: [impConstructStaticMetadata_by_SymbolName] constructCustStaticMetadata_PROJECT_LENS_SENSOR_DRVNAME_UB962_MIPI_YUV not found
01-01 08:00:11.124980   311   311 W MtkCam/HalSensorList: [impConstructStaticMetadata_by_SymbolName] constructCustStaticMetadata_PROJECT_LENS_COMMON not found
01-01 08:00:11.125304   311   311 W MtkCam/HalSensorList: [impConstructStaticMetadata_by_SymbolName] constructCustStaticMetadata_PROJECT_SENSOR_SENSOR_DRVNAME_UB962_MIPI_YUV not found
01-01 08:00:11.125630   311   311 W MtkCam/HalSensorList: [impConstructStaticMetadata_by_SymbolName] constructCustStaticMetadata_PROJECT_SENSOR_COMMON not found
01-01 08:00:11.126025   311   311 W MtkCam/HalSensorList: [impConstructStaticMetadata_by_SymbolName] constructCustStaticMetadata_PROJECT_TUNING_3A_SENSOR_DRVNAME_UB962_MIPI_YUV not found
01-01 08:00:11.126369   311   311 W MtkCam/HalSensorList: [impConstructStaticMetadata_by_SymbolName] constructCustStaticMetadata_PROJECT_TUNING_3A_COMMON not found
01-01 08:00:11.126719   311   311 W MtkCam/HalSensorList: [impConstructStaticMetadata_by_SymbolName] constructCustStaticMetadata_PROJECT_FLASHLIGHT_SENSOR_DRVNAME_UB962_MIPI_YUV not found
01-01 08:00:11.127090   311   311 W MtkCam/HalSensorList: [impConstructStaticMetadata_by_SymbolName] constructCustStaticMetadata_PROJECT_FLASHLIGHT_COMMON not found
01-01 08:00:11.128179   135   294 I r_submix: adev_open(name=audio_hw_if)
01-01 08:00:11.127517   311   311 W MtkCam/HalSensorList: [impConstructStaticMetadata_by_SymbolName] constructCustStaticMetadata_PROJECT_SCALER_SENSOR_DRVNAME_UB962_MIPI_YUV not found
01-01 08:00:11.128819   135   294 I r_submix: adev_init_check()
01-01 08:00:11.127939   311   311 W MtkCam/HalSensorList: [impConstructStaticMetadata_by_SymbolName] constructCustStaticMetadata_PROJECT_SCALER_COMMON not found
01-01 08:00:11.128364   311   311 W MtkCam/HalSensorList: [impConstructStaticMetadata_by_SymbolName] constructCustStaticMetadata_PROJECT_FEATURE_SENSOR_DRVNAME_UB962_MIPI_YUV not found
01-01 08:00:11.128970   135   294 W DeviceHAL: Error from HAL Device in function set_master_mute: Function not implemented
01-01 08:00:11.128804   311   311 W MtkCam/HalSensorList: [impConstructStaticMetadata_by_SymbolName] constructCustStaticMetadata_PROJECT_FEATURE_COMMON not found
01-01 08:00:11.129066   159   159 I AudioFlinger: loadHwModule() Loaded r_submix audio interface, handle 34
01-01 08:00:11.129278   135   294 D r_submix: adev_open_input_stream(addr=0)
01-01 08:00:11.129211   311   311 W MtkCam/HalSensorList: [impConstructStaticMetadata_by_SymbolName] constructCustStaticMetadata_PROJECT_CAMERA_SENSOR_DRVNAME_UB962_MIPI_YUV not found
01-01 08:00:11.129320   135   294 D r_submix: submix_audio_device_create_pipe_l(addr=0, idx=9)
01-01 08:00:11.129336   135   294 D r_submix:   now using address 0 for route 9
01-01 08:00:11.129609   311   311 W MtkCam/HalSensorList: [impConstructStaticMetadata_by_SymbolName] constructCustStaticMetadata_PROJECT_CAMERA_COMMON not found
01-01 08:00:11.130732   340   340 I ip6tables-wrapper-1.0: ip6tables: No chain/target/match by that name.
01-01 08:00:11.131630   183   183 D NVRAM   : NVM_GetLIDByName /vendor/nvdata/APCFG/APRDCL/MD_SBP 
01-01 08:00:11.131889   159   556 I AudioFlinger: AudioFlinger's thread 0xe9103040 tid=556 ready to run
01-01 08:00:11.131564   340   340 I ip6tables-wrapper-1.0: ip6tables-wrapper-1.0 terminated by exit(1)
01-01 08:00:11.132263   183   183 D NVRAM   : length of g_NVRAM_BACKUP_DEVICE=44
01-01 08:00:11.131829   340   340 E NetdagentIptables: exec() res=0, status=256 for /system/bin/ip6tables-wrapper-1.0 -w -t filter -X oem_wifi 
01-01 08:00:11.132290   183   183 D NVRAM   : failed to get entry for /mnt/vendor/nvdata 
01-01 08:00:11.132304   183   183 D NVRAM   : failed to get nvdata path /mnt/vendor/nvdata 
01-01 08:00:11.132369   183   183 D NVRAM   : nvram_layout_callback will run!!!
01-01 08:00:11.132384   183   183 D NVRAM   : nvram_platform_log_block: 2
01-01 08:00:11.132397   183   183 D NVRAM   : nvram_platform_resv_block: 2
01-01 08:00:11.132410   183   183 D NVRAM   : nvram_platform_DM_block: 1
01-01 08:00:11.132423   183   183 D NVRAM   : nvram_platform_layout_version: 0
01-01 08:00:11.132436   183   183 D NVRAM   : nvram_platform_header_offset: 0
01-01 08:00:11.132450   183   183 D NVRAM   : g_i4CFG_File_Count: 51
01-01 08:00:11.132463   183   183 D NVRAM   : NVM_Init Max Lid: 78
01-01 08:00:11.132477   183   183 D NVRAM   : [NVRAM]: info nvram_gpt_flag =1
01-01 08:00:11.132489   183   183 D NVRAM   : [NVRAM]: info NVRAM Init Completed!
01-01 08:00:11.132527   183   183 D NVRAM   : deal with cfgfile =/mnt/vendor/nvdata/APCFG/APRDCL/FILE_VER,0
01-01 08:00:11.132543   183   183 D NVRAM   : deal with cfgfile =/mnt/vendor/nvdata/APCFG/APRDEB/BT_Addr,1
01-01 08:00:11.132558   183   183 D NVRAM   : deal with cfgfile =/mnt/vendor/nvdata/APCFG/APRDCL/AUXADC,2
01-01 08:00:11.132572   183   183 D NVRAM   : deal with cfgfile =/mnt/vendor/nvdata/media/CAMERA_Para,3
01-01 08:00:11.132595   183   183 D NVRAM   : deal with cfgfile =/mnt/vendor/nvdata/media/CAMERA_3A,4
01-01 08:00:11.132609   183   183 D NVRAM   : deal with cfgfile =/mnt/vendor/nvdata/media/CAMERA_SHADING,5
01-01 08:00:11.132624   183   183 D NVRAM   : deal with cfgfile =/mnt/vendor/nvdata/media/CAMERA_DEFECT,6
01-01 08:00:11.132638   183   183 D NVRAM   : deal with cfgfile =/mnt/vendor/nvdata/media/CAMERA_SENSOR,7
01-01 08:00:11.132652   183   183 D NVRAM   : deal with cfgfile =/mnt/vendor/nvdata/media/CAMERA_LENS,8
01-01 08:00:11.132667   183   183 D NVRAM   : deal with cfgfile =/mnt/vendor/nvdata/APCFG/APRDCL/UART,9
01-01 08:00:11.132682   183   183 D NVRAM   : deal with cfgfile =/mnt/vendor/nvdata/APCFG/APRDCL/FACTORY,10
01-01 08:00:11.132696   183   183 D NVRAM   : deal with cfgfile =/mnt/vendor/nvdata/APCFG/APRDCL/BWCS,11
01-01 08:00:11.132711   183   183 D NVRAM   : deal with cfgfile =/mnt/vendor/nvdata/APCFG/APRDCL/HWMON_ACC,12
01-01 08:00:11.132726   183   183 D NVRAM   : deal with cfgfile =/mnt/vendor/nvdata/APCFG/APRDCL/HWMON_GYRO,13
01-01 08:00:11.132741   183   183 D NVRAM   : deal with cfgfile =/mnt/vendor/nvdata/APCFG/APRDEB/OMADM_USB,14
01-01 08:00:11.132755   183   183 D NVRAM   : deal with cfgfile =/mnt/vendor/nvdata/media/Voice_Recognize_Param,15
01-01 08:00:11.132770   183   183 D NVRAM   : deal with cfgfile =/mnt/vendor/nvdata/media/Audio_AudEnh_Control_Opt,16
01-01 08:00:11.132784   183   183 D NVRAM   : deal with cfgfile =/mnt/vendor/nvdata/media/Audio_VOIP_Param,17
01-01 08:00:11.132798   183   183 D NVRAM   : deal with cfgfile =/mnt/vendor/nvdata/APCFG/APRDCL/HWMON_PS,18
01-01 08:00:11.132812   183   183 D NVRAM   : deal with cfgfile =/mnt/vendor/nvdata/APCFG/APRDCL/MD_Type,19
01-01 08:00:11.132827   183   183 D NVRAM   : deal with cfgfile =/mnt/vendor/nvdata/APCFG/APRDCL/EXT_MD_Type,20
01-01 08:00:11.132841   183   183 D NVRAM   : deal with cfgfile =/mnt/vendor/nvdata/APCFG/APRDCL/SDIO,21
01-01 08:00:11.132856   183   183 D NVRAM   : deal with cfgfile =/mnt/vendor/nvdata/media/CAMERA_VERSION,22
01-01 08:00:11.134369   135   294 D r_submix: adev_close_input_stream()
01-01 08:00:11.132870   183   183 D NVRAM   : deal with cfgfile =/mnt/vendor/nvdata/media/CAMERA_FEATURE,23
01-01 08:00:11.134411   135   294 D r_submix: submix_audio_device_release_pipe_l(idx=9) addr=0
01-01 08:00:11.132884   183   183 D NVRAM   : deal with cfgfile =/mnt/vendor/nvdata/media/CAMERA_GEOMETRY,24
01-01 08:00:11.134436   135   294 D r_submix: submix_audio_device_destroy_pipe_l(): pipe destroyed
01-01 08:00:11.132898   183   183 D NVRAM   : deal with cfgfile =/mnt/vendor/nvdata/APCFG/APRDCL/MD_SBP,25
01-01 08:00:11.134601   159   159 I APM_AudioPolicyManager_CarAudioInfo: + ECARX computeVolume stream 15  index 16  device = 0x2,revser 0  duck 0  speedCompEnable 0 volume table -20.000000
01-01 08:00:11.132913   183   183 D NVRAM   : deal with cfgfile =/mnt/vendor/nvdata/media/CAMERA_SHADING2,26
01-01 08:00:11.134646   159   159 I APM_AudioPolicyManager_CarAudioInfo: - ECARX computeVolume stream 15  index 16  volumeDb -20.000000
01-01 08:00:11.132930   183   183 D NVRAM   : deal with cfgfile =/mnt/vendor/nvdata/media/CAMERA_SHADING3,27
01-01 08:00:11.134875   159   159 I APM_AudioPolicyManager_CarAudioInfo: + ECARX computeVolume stream 16  index 16  device = 0x2,revser 0  duck 0  speedCompEnable 0 volume table -22.826088
01-01 08:00:11.132946   183   183 D NVRAM   : deal with cfgfile =/mnt/vendor/nvdata/media/CAMERA_SHADING4,28
01-01 08:00:11.134904   159   159 I APM_AudioPolicyManager_CarAudioInfo: - ECARX computeVolume stream 16  index 16  volumeDb -22.826088
01-01 08:00:11.132960   183   183 D NVRAM   : deal with cfgfile =/mnt/vendor/nvdata/media/CAMERA_SHADING5,29
01-01 08:00:11.134923   159   159 I APM_AudioPolicyManager_CarRadar: setChimeWarnVolume -22.826088
01-01 08:00:11.132974   183   183 D NVRAM   : deal with cfgfile =/mnt/vendor/nvdata/media/CAMERA_SHADING6,30
01-01 08:00:11.132993   183   183 D NVRAM   : deal with cfgfile =/mnt/vendor/nvdata/media/CAMERA_SHADING7,31
01-01 08:00:11.133012   183   183 D NVRAM   : deal with cfgfile =/mnt/vendor/nvdata/media/CAMERA_SHADING8,32
01-01 08:00:11.133027   183   183 D NVRAM   : deal with cfgfile =/mnt/vendor/nvdata/media/CAMERA_SHADING9,33
01-01 08:00:11.133041   183   183 D NVRAM   : deal with cfgfile =/mnt/vendor/nvdata/media/CAMERA_SHADING10,34
01-01 08:00:11.133056   183   183 D NVRAM   : deal with cfgfile =/mnt/vendor/nvdata/media/CAMERA_SHADING11,35
01-01 08:00:11.133070   183   183 D NVRAM   : deal with cfgfile =/mnt/vendor/nvdata/media/CAMERA_SHADING12,36
01-01 08:00:11.133084   183   183 D NVRAM   : deal with cfgfile =/mnt/vendor/nvdata/media/CAMERA_PLINE,37
01-01 08:00:11.133099   183   183 D NVRAM   : deal with cfgfile =/mnt/vendor/nvdata/media/CAMERA_PLINE2,38
01-01 08:00:11.133113   183   183 D NVRAM   : deal with cfgfile =/mnt/vendor/nvdata/media/CAMERA_PLINE3,39
01-01 08:00:11.133127   183   183 D NVRAM   : deal with cfgfile =/mnt/vendor/nvdata/media/CAMERA_PLINE4,40
01-01 08:00:11.133142   183   183 D NVRAM   : deal with cfgfile =/mnt/vendor/nvdata/media/CAMERA_PLINE5,41
01-01 08:00:11.133156   183   183 D NVRAM   : deal with cfgfile =/mnt/vendor/nvdata/media/CAMERA_PLINE6,42
01-01 08:00:11.133172   183   183 D NVRAM   : deal with cfgfile =/mnt/vendor/nvdata/media/CAMERA_PLINE7,43
01-01 08:00:11.133186   183   183 D NVRAM   : deal with cfgfile =/mnt/vendor/nvdata/media/CAMERA_PLINE8,44
01-01 08:00:11.133200   183   183 D NVRAM   : deal with cfgfile =/mnt/vendor/nvdata/media/CAMERA_PLINE9,45
01-01 08:00:11.133215   183   183 D NVRAM   : deal with cfgfile =/mnt/vendor/nvdata/media/CAMERA_PLINE10,46
01-01 08:00:11.133229   183   183 D NVRAM   : deal with cfgfile =/mnt/vendor/nvdata/media/CAMERA_PLINE11,47
01-01 08:00:11.133243   183   183 D NVRAM   : deal with cfgfile =/mnt/vendor/nvdata/media/CAMERA_PLINE12,48
01-01 08:00:11.133257   183   183 D NVRAM   : deal with cfgfile =/mnt/vendor/nvdata/media/CAMERA_AF,49
01-01 08:00:11.133272   183   183 D NVRAM   : deal with cfgfile =/mnt/vendor/nvdata/media/CAMERA_FLASH_CALIBRATION,50
01-01 08:00:11.133286   183   183 D NVRAM   : deal with cfgcustfile =/mnt/vendor/nvdata/media/Audio_Sph,51
01-01 08:00:11.133301   183   183 D NVRAM   : deal with cfgcustfile =/mnt/vendor/nvdata/APCFG/APRDEB/GPS,52
01-01 08:00:11.133315   183   183 D NVRAM   : deal with cfgcustfile =/mnt/vendor/nvdata/media/Audio_CompFlt,53
01-01 08:00:11.133329   183   183 D NVRAM   : deal with cfgcustfile =/mnt/vendor/nvdata/media/Audio_Effect,54
01-01 08:00:11.133343   183   183 D NVRAM   : deal with cfgcustfile =/mnt/vendor/nvdata/APCFG/APRDEB/WIFI,55
01-01 08:00:11.136832   554   554 I MobileLogD: bsp ftrace buffer initializing...
01-01 08:00:11.133357   183   183 D NVRAM   : deal with cfgcustfile =/mnt/vendor/nvdata/APCFG/APRDEB/WIFI_CUSTOM,56
01-01 08:00:11.133371   183   183 D NVRAM   : deal with cfgcustfile =/mnt/vendor/nvdata/media/Audio_Sph_Med,57
01-01 08:00:11.133386   183   183 D NVRAM   : deal with cfgcustfile =/mnt/vendor/nvdata/media/Audio_Vol_custom,58
01-01 08:00:11.133402   183   183 D NVRAM   : deal with cfgcustfile =/mnt/vendor/nvdata/media/Sph_Dual_Mic,59
01-01 08:00:11.133416   183   183 D NVRAM   : deal with cfgcustfile =/mnt/vendor/nvdata/media/Audio_Wb_Sph,60
01-01 08:00:11.133432   183   183 D NVRAM   : deal with cfgcustfile =/mnt/vendor/nvdata/APCFG/APRDEB/PRODUCT_INFO,61
01-01 08:00:11.133449   183   183 D NVRAM   : deal with cfgcustfile =/mnt/vendor/nvdata/media/Headphone_CompFlt,62
01-01 08:00:11.133463   183   183 D NVRAM   : deal with cfgcustfile =/mnt/vendor/nvdata/media/Audio_gain_table,63
01-01 08:00:11.133477   183   183 D NVRAM   : deal with cfgcustfile =/mnt/vendor/nvdata/media/Audio_ver1_Vol_custom,64
01-01 08:00:11.137572   291   291 I MobileLogD: ld_p type: 1, id: 12, log_name: scp_log, rotate_size: 3145728
01-01 08:00:11.133491   183   183 D NVRAM   : deal with cfgcustfile =/mnt/vendor/nvdata/media/Audio_Hd_Record_Param,65
01-01 08:00:11.138295   311   311 W MtkCam/HalSensorList: [impConstructStaticMetadata_by_SymbolName] constructCustStaticMetadata_PROJECT_REQUEST_SENSOR_DRVNAME_UB962_MIPI_YUV not found
01-01 08:00:11.133505   183   183 D NVRAM   : deal with cfgcustfile =/mnt/vendor/nvdata/media/Audio_Hd_Record_Scene_Table,66
01-01 08:00:11.133519   183   183 D NVRAM   : deal with cfgcustfile =/mnt/vendor/nvdata/media/Audio_Buffer_DC_Calibration_Param,67
01-01 08:00:11.133533   183   183 D NVRAM   : deal with cfgcustfile =/mnt/vendor/nvdata/media/VibSpk_CompFlt,68
01-01 08:00:11.133548   183   183 D NVRAM   : deal with cfgcustfile =/mnt/vendor/nvdata/media/MusicDRC_CompFlt,69
01-01 08:00:11.133562   183   183 D NVRAM   : deal with cfgcustfile =/mnt/vendor/nvdata/media/RingToneDRC_CompFlt,70
01-01 08:00:11.138689   311   311 W MtkCam/HalSensorList: [impConstructStaticMetadata_by_SymbolName] constructCustStaticMetadata_PROJECT_REQUEST_COMMON not found
01-01 08:00:11.133577   183   183 D NVRAM   : deal with cfgcustfile =/mnt/vendor/nvdata/media/Audio_MAGI_CONFERENCE,71
01-01 08:00:11.138969   311   311 D SeninfDrv: [setMclk][setTg1Phase]pcEn(0), freq(24)
01-01 08:00:11.133590   183   183 D NVRAM   : deal with cfgcustfile =/mnt/vendor/nvdata/media/Audio_HAC_Param,72
01-01 08:00:11.138988   311   311 D ImgSensorDrv: [uninit][uninit] imgsensor_drv
01-01 08:00:11.133604   183   183 D NVRAM   : deal with cfgcustfile =/mnt/vendor/nvdata/media/Audio_Sph_Lpbk,73
01-01 08:00:11.139069   311   311 W ImgSensorDrv: [init]Warning(  133):[init] imgsensor_drv sensorIdx:4
01-01 08:00:11.133618   183   183 D NVRAM   : deal with cfgcustfile =/mnt/vendor/nvdata/media/Audio_BT_Gain,74
01-01 08:00:11.139094   311   311 D ImgSensorDrv: [featureControl][featureControl] Skip due to no FeatureId
01-01 08:00:11.133634   183   183 D NVRAM   : deal with cfgcustfile =/mnt/vendor/nvdata/media/AUDIO_FUNC_SWITCH_Param,75
01-01 08:00:11.139118   311   311 D SeninfDrv: [setMclkIODrivingCurrent]DrivingIdx(3), Reg(0x00000033)
01-01 08:00:11.133675   183   183 D NVRAM   : deal with cfgcustfile =/mnt/vendor/nvdata/APCFG/APRDCL/FG,76
01-01 08:00:11.139142   311   311 D SeninfDrv: [setMclk][setTg1Phase]pcEn(1), freq(24)
01-01 08:00:11.133691   183   183 D NVRAM   : deal with cfgcustfile =/vendor/nvdata/APCFG/APRDCL/Audio_HFP_Param,77
01-01 08:00:11.139152   311   311 W ImgSensorDrv: [searchSensor]Warning(  110):searchSensor m_sensorIdx:4
01-01 08:00:11.133717   183   183 D NVRAM   : NVRAM: NVM_GetLIDByName Lid =25 
01-01 08:00:11.139168   311   311 E ImgSensorDrv: [searchSensor]Err(  115):Search fail
01-01 08:00:11.133743   183   183 D NVRAM   : NVM_GetFileDesc: Open /mnt/vendor/nvdata/APCFG/APRDCL/MD_SBP,LID:25
01-01 08:00:11.139183   311   311 D SeninfDrv: [setMclk][setTg1Phase]pcEn(0), freq(24)
01-01 08:00:11.133888   183   183 D NVRAM   : NVM_CmpFileVerNo 25  
01-01 08:00:11.139195   311   311 D ImgSensorDrv: [uninit][uninit] imgsensor_drv
01-01 08:00:11.133945   183   183 D NVRAM   : Load File Version: 001, NvRam File Version: 001
01-01 08:00:11.139249   311   311 D SeninfDrv: [uninit][uninit]: 1 
01-01 08:00:11.133961   183   183 D NVRAM   : NVM_ProtectDataFile : 25 ++
01-01 08:00:11.139292   311   311 D SeninfDrv: [uninit][uninit]: 0, mfd(17) 
01-01 08:00:11.133975   183   183 D NVRAM   : iCustomBeginLID = 51
01-01 08:00:11.139453   311   311 D CustomLogicalDevice: Parse DEFAULT_STEREO_SETTING in camera_custom_stereo_setting.h
01-01 08:00:11.134000   183   183 D NVRAM   : NVM_CheckFileSize:stat_size:26,size in table:24
01-01 08:00:11.139702   311   311 D CustomLogicalDevice: Name: dualzoom
01-01 08:00:11.134364   183   183 D NVRAM   : NVM_CheckFile: File is correct!
01-01 08:00:11.139720   311   311 D CustomLogicalDevice: Sensor IMX398_MIPI_RAW not found in sensor list
01-01 08:00:11.134388   183   183 D NVRAM   : NVM_ProtectUserData:Check Success
01-01 08:00:11.139731   311   311 D CustomLogicalDevice: NumofCombinSensor 0 != sensors in setting 2
01-01 08:00:11.134403   183   183 D NVRAM   : NVM_GetFileDesc ProtectDataFile Check Success!!
01-01 08:00:11.139742   311   311 D CustomLogicalDevice: Name: bayermono
01-01 08:00:11.135393   183   183 D NVRAM   : NVM_ProtectDataFile : 25 ++
01-01 08:00:11.139759   311   311 D CustomLogicalDevice: Sensor IMX386_MIPI_RAW not found in sensor list
01-01 08:00:11.135416   183   183 D NVRAM   : iCustomBeginLID = 51
01-01 08:00:11.139769   311   311 D CustomLogicalDevice: NumofCombinSensor 0 != sensors in setting 2
01-01 08:00:11.135455   183   183 D NVRAM   : NVM_CheckFileSize:stat_size:26,size in table:24
01-01 08:00:11.139779   311   311 D CustomLogicalDevice: Name: activestereo
01-01 08:00:11.135470   183   183 D NVRAM   : NVM_ProtectUserData:Set Check Num
01-01 08:00:11.139788   311   311 D CustomLogicalDevice: Sensor HM1062_2_MIPI_MONO not found in sensor list
01-01 08:00:11.135529   183   183 D NVRAM   : NVM_SetCheckNo: CheckNo:3
01-01 08:00:11.139797   311   311 D CustomLogicalDevice: NumofCombinSensor 0 != sensors in setting 2
01-01 08:00:11.135544   183   183 D NVRAM   : NVM_SetCheckNo: CheckFlag:0
01-01 08:00:11.139807   311   311 D CustomLogicalDevice: Name: activestereo
01-01 08:00:11.139816   311   311 D CustomLogicalDevice: Sensor OV9282_2_MIPI_MONO not found in sensor list
01-01 08:00:11.139832   311   311 D CustomLogicalDevice: NumofCombinSensor 0 != sensors in setting 2
01-01 08:00:11.140746   311   311 W MtkCam/MetadataProvider.constructStatic: [impConstructStaticMetadata_by_SymbolName] constructCustStaticMetadata_DEVICE_CAMERA_SENSOR_DRVNAME_UB962_MIPI_YUV not found
01-01 08:00:11.140960   311   311 W MtkCam/MetadataProvider.constructStatic: [impConstructStaticMetadata_by_SymbolName] constructCustStaticMetadata_PROJECT_SCALER_SENSOR_DRVNAME_UB962_MIPI_YUV not found
01-01 08:00:11.141060   311   311 W MtkCam/MetadataProvider.constructStatic: [impConstructStaticMetadata_by_SymbolName] constructCustStaticMetadata_PROJECT_SCALER_COMMON not found
01-01 08:00:11.141169   311   311 W MtkCam/MetadataProvider.constructStatic: [impConstructStaticMetadata_by_SymbolName] constructCustStaticMetadata_PROJECT_FEATURE_SENSOR_DRVNAME_UB962_MIPI_YUV not found
01-01 08:00:11.141257   311   311 W MtkCam/MetadataProvider.constructStatic: [impConstructStaticMetadata_by_SymbolName] constructCustStaticMetadata_PROJECT_FEATURE_COMMON not found
01-01 08:00:11.141345   311   311 W MtkCam/MetadataProvider.constructStatic: [impConstructStaticMetadata_by_SymbolName] constructCustStaticMetadata_PROJECT_CAMERA_SENSOR_DRVNAME_UB962_MIPI_YUV not found
01-01 08:00:11.141433   311   311 W MtkCam/MetadataProvider.constructStatic: [impConstructStaticMetadata_by_SymbolName] constructCustStaticMetadata_PROJECT_CAMERA_COMMON not found
01-01 08:00:11.141520   311   311 W MtkCam/MetadataProvider.constructStatic: [impConstructStaticMetadata_by_SymbolName] constructCustStaticMetadata_PROJECT_REQUEST_SENSOR_DRVNAME_UB962_MIPI_YUV not found
01-01 08:00:11.141604   311   311 W MtkCam/MetadataProvider.constructStatic: [impConstructStaticMetadata_by_SymbolName] constructCustStaticMetadata_PROJECT_REQUEST_COMMON not found
01-01 08:00:11.141864   307   307 D chime   : volume = -22.826088, tpVolume 38776221
01-01 08:00:11.141965   307   307 D chime   : onoff = 0  prevolume= -758.000000
01-01 08:00:11.143118   183   183 D NVRAM   : NVM_SetCheckNo: CheckNo generate successfully!
01-01 08:00:11.143178   183   183 D NVRAM   : NVM_ProtectUserData:Set Check Num Success
01-01 08:00:11.143194   183   183 D NVRAM   : NVM_CloseFileDesc ProtectDataFile Success!!
01-01 08:00:11.143224   183   183 D ccci_mdinit: (1):Get: usp_sbp=-1, cip_sbp=0, project_sbp=0, nvram_sbp=0, set sbp=0
01-01 08:00:11.143407   183   183 I ccci_mdinit: (1):SBP_SUB_ID:persist.vendor.operator.subid not exist
01-01 08:00:11.143426   183   183 I ccci_mdinit: (1):set md boot data:mdl=0 sbp=0 dbg_dump=-1 sbp_sub=0
01-01 08:00:11.143501   183   183 D ccci_mdinit: (1):set md status:vendor.mtk.md1.status=bootup 
01-01 08:00:11.144171   159   159 I         : Waiting for activity service
01-01 08:00:11.144743   183   183 I ccci_mdinit: (1):MD1 set status: mtk.md1.status=bootup 
01-01 08:00:11.147369   311   311 I mtkcam-module: [ModuleStore] ctor
01-01 08:00:11.147431   311   311 I mtkcam-module: [dump_module] [registered] module_id:0x0x10001 module_factory:0x76e4b98268 register_name:vendor/mediatek/proprietary/hardware/mtkcam/main/core/module/aaa/register_Hal3A.cpp
01-01 08:00:11.147444   311   311 I mtkcam-module: [dump_module] [registered] module_id:0x0x1000b module_factory:0x76e4b7d400 register_name:vendor/mediatek/proprietary/hardware/mtkcam/main/core/module/aaa/register_Hal3ASimulator.cpp
01-01 08:00:11.147456   311   311 I mtkcam-module: [dump_module] [registered] module_id:0x0x10002 module_factory:0x76e20607f8 register_name:vendor/mediatek/proprietary/hardware/mtkcam/main/core/module/aaa/register_HalISP.cpp
01-01 08:00:11.147467   311   311 I mtkcam-module: [dump_module] [registered] module_id:0x0x10003 module_factory:0x76e4b71e38 register_name:vendor/mediatek/proprietary/hardware/mtkcam/main/core/module/aaa/register_HalFlash.cpp
01-01 08:00:11.147477   311   311 I mtkcam-module: [dump_module] [registered] module_id:0x0x10004 module_factory:0x76e4a57910 register_name:vendor/mediatek/proprietary/hardware/mtkcam/main/core/module/aaa/register_IspMgrIf.cpp
01-01 08:00:11.147488   311   311 I mtkcam-module: [dump_module] [registered] module_id:0x0x10006 module_factory:0x76e4b2ada8 register_name:vendor/mediatek/proprietary/hardware/mtkcam/main/core/module/aaa/register_SwNR.cpp
01-01 08:00:11.147499   311   311 I mtkcam-module: [dump_module] [registered] module_id:0x0x10007 module_factory:0x76e2092c68 register_name:vendor/mediatek/proprietary/hardware/mtkcam/main/core/module/aaa/register_DngInfo.cpp
01-01 08:00:11.147510   311   311 I mtkcam-module: [dump_module] [registered] module_id:0x0x10008 module_factory:0x76e2243b88 register_name:vendor/mediatek/proprietary/hardware/mtkcam/main/core/module/aaa/register_NvBufUtil.cpp
01-01 08:00:11.147520   311   311 I mtkcam-module: [dump_module] [registered] module_id:0x0x10009 module_factory:0x76e5bd7b88 register_name:vendor/mediatek/proprietary/hardware/mtkcam/main/core/module/aaa/register_LscTable.cpp
01-01 08:00:11.147529   311   311 I mtkcam-module: [dump_module] [registered] module_id:0x0x1000a module_factory:0x76e1fcee80 register_name:vendor/mediatek/proprietary/hardware/mtkcam/main/core/module/aaa/register_lcs_hal.cpp
01-01 08:00:11.147542   311   311 I mtkcam-module: [ShowLoading] loading (MODULE_GROUP_ID:1 MODULE_GROUP_COUNT:12 ...
01-01 08:00:11.147705   311   311 I mtkcam-module: [load] MtkCam_getModuleFactory_aaa(0x76e20022a0) @ libmtkcam_modulefactory_aaa.so
01-01 08:00:11.160492   291   291 I MobileLogD: ld_p type: 1, id: 13, log_name: scp_b_log, rotate_size: 3145728
01-01 08:00:11.160648   291   291 E MobileLogD: open /dev/scp_B fail(No such file or directory)
01-01 08:00:11.169132   311   311 D CAM_CUS_MSDK: CAM_CUS_MSDK [GetCameraDefaultPara] Find sensor id 3363942
01-01 08:00:11.169228   311   311 D CAM_CUS_MSDK: CAM_CUS_MSDK [compareSensorIdAndModuleId] SID 3363942 is found
01-01 08:00:11.169241   311   311 D CAM_CUS_MSDK: CAM_CUS_MSDK [compareSensorIdAndModuleId] target SID 3363942 and MID 0 are found
01-01 08:00:11.169253   311   311 D CAM_CUS_MSDK: CAM_CUS_MSDK Use MID data
01-01 08:00:11.169271   311   311 D CAM_CUS_MSDK: CAM_CUS_MSDK [openSoLibrary] Find sensor id 3363942 and module id 0
01-01 08:00:11.169282   311   311 D CAM_CUS_MSDK: CAM_CUS_MSDK [compareSensorIdAndModuleId] SID 3363942 is found
01-01 08:00:11.169294   311   311 D CAM_CUS_MSDK: CAM_CUS_MSDK [compareSensorIdAndModuleId] target SID 3363942 and MID 0 are found
01-01 08:00:11.169306   311   311 D CAM_CUS_MSDK: CAM_CUS_MSDK Use MID data
01-01 08:00:11.174482   291   291 I MobileLogD: ld_p type: 1, id: 14, log_name: sspm_log, rotate_size: 3145728
01-01 08:00:11.187043   291   291 I MobileLogD: ld_p type: 1, id: 15, log_name: adsp_log, rotate_size: 3145728
01-01 08:00:11.187184   291   291 E MobileLogD: open /dev/adsp fail(No such file or directory)
01-01 08:00:11.188696   291   291 E MobileLogD: open tagmap done
01-01 08:00:11.188807   291   291 E MobileLogD: set_android_log_level level:*:D
01-01 08:00:11.188914   291   291 I MobileLogD: current folder size limited is 300 MB, factor is 1
01-01 08:00:11.189000   291   291 I MobileLogD: main_log, rotation size 15728640
01-01 08:00:11.189075   291   291 I MobileLogD: radio_log, rotation size 7340032
01-01 08:00:11.189148   291   291 I MobileLogD: events_log, rotation size 5242880
01-01 08:00:11.189222   291   291 I MobileLogD: sys_log, rotation size 5242880
01-01 08:00:11.189294   291   291 I MobileLogD: crash_log, rotation size 2097152
01-01 08:00:11.189366   291   291 I MobileLogD: kernel_log, rotation size 10485760
01-01 08:00:11.189441   291   291 I MobileLogD: bsp_log, rotation size 5242880
01-01 08:00:11.189515   291   291 I MobileLogD: scp_log, rotation size 3145728
01-01 08:00:11.189589   291   291 I MobileLogD: sspm_log, rotation size 3145728
01-01 08:00:11.217662   340   340 I iptables-wrapper-1.0: iptables: No chain/target/match by that name.
01-01 08:00:11.218523   340   340 I iptables-wrapper-1.0: iptables-wrapper-1.0 terminated by exit(1)
01-01 08:00:11.218681   340   340 E NetdagentIptables: exec() res=0, status=256 for /system/bin/iptables-wrapper-1.0 -w -t filter -F oem_data 
01-01 08:00:11.223092   311   311 D CAM_CUS_MSDK: CAM_CUS_MSDK [openSoLibrary] end of open ub962_mipi_yuv_tuning.so
01-01 08:00:11.223187   311   311 D CAM_CUS_MSDK: CAM_CUS_MSDK [closeSoLibrary] +
01-01 08:00:11.225407   311   311 D CAM_CUS_MSDK: CAM_CUS_MSDK [closeSoLibrary] -
01-01 08:00:11.225493   311   311 E mtkcam-dngInfo: CCM1 row sum check fail, it will lead to dng validate fail! RowSum1(0, 0, 0), CCM1: [0, 0, 0][0, 0, 0][0, 0, 0] (convertColorTransform){#378:vendor/mediatek/proprietary/hardware/mtkcam/aaa/source/isp_50/dngInfo/dngInfoImp.cpp}
01-01 08:00:11.225521   311   311 E mtkcam-dngInfo: Fail to inverse the matrix (gen_CM_FM){#542:vendor/mediatek/proprietary/hardware/mtkcam/aaa/source/isp_50/dngInfo/dngInfoImp.cpp}
01-01 08:00:11.225540   311   311 E mtkcam-dngInfo: Fail to generate CM1 & FM1 due to invertible in_CCM1!, use identity matrix. (convertColorTransform){#415:vendor/mediatek/proprietary/hardware/mtkcam/aaa/source/isp_50/dngInfo/dngInfoImp.cpp}
01-01 08:00:11.225601   311   311 D CAM_CUS_MSDK: CAM_CUS_MSDK [GetCameraDefaultPara] Find sensor id 3363942
01-01 08:00:11.225618   311   311 D CAM_CUS_MSDK: CAM_CUS_MSDK [compareSensorIdAndModuleId] SID 3363942 is found
01-01 08:00:11.225630   311   311 D CAM_CUS_MSDK: CAM_CUS_MSDK [compareSensorIdAndModuleId] target SID 3363942 and MID 0 are found
01-01 08:00:11.225683   311   311 D CAM_CUS_MSDK: CAM_CUS_MSDK Use MID data
01-01 08:00:11.225698   311   311 D CAM_CUS_MSDK: CAM_CUS_MSDK [openSoLibrary] Find sensor id 3363942 and module id 0
01-01 08:00:11.225710   311   311 D CAM_CUS_MSDK: CAM_CUS_MSDK [compareSensorIdAndModuleId] SID 3363942 is found
01-01 08:00:11.225722   311   311 D CAM_CUS_MSDK: CAM_CUS_MSDK [compareSensorIdAndModuleId] target SID 3363942 and MID 0 are found
01-01 08:00:11.225733   311   311 D CAM_CUS_MSDK: CAM_CUS_MSDK Use MID data
01-01 08:00:11.240156   554   554 I MobileLogD: bsp ftrace buffer initialize done
01-01 08:00:11.243199   340   340 I ip6tables-wrapper-1.0: ip6tables: No chain/target/match by that name.
01-01 08:00:11.243564   340   340 I ip6tables-wrapper-1.0: ip6tables-wrapper-1.0 terminated by exit(1)
01-01 08:00:11.243717   340   340 E NetdagentIptables: exec() res=0, status=256 for /system/bin/ip6tables-wrapper-1.0 -w -t filter -F oem_data 
01-01 08:00:11.246152   311   311 D CAM_CUS_MSDK: CAM_CUS_MSDK [openSoLibrary] end of open ub962_mipi_yuv_tuning.so
01-01 08:00:11.246272   311   311 D CAM_CUS_MSDK: CAM_CUS_MSDK [closeSoLibrary] +
01-01 08:00:11.247965   311   311 D CAM_CUS_MSDK: CAM_CUS_MSDK [closeSoLibrary] -
01-01 08:00:11.248080   311   311 D CAM_CUS_MSDK: CAM_CUS_MSDK [GetCameraDefaultPara] Find sensor id 3363942
01-01 08:00:11.248094   311   311 D CAM_CUS_MSDK: CAM_CUS_MSDK [compareSensorIdAndModuleId] SID 3363942 is found
01-01 08:00:11.248106   311   311 D CAM_CUS_MSDK: CAM_CUS_MSDK [compareSensorIdAndModuleId] target SID 3363942 and MID 0 are found
01-01 08:00:11.248115   311   311 D CAM_CUS_MSDK: CAM_CUS_MSDK Use MID data
01-01 08:00:11.248126   311   311 D CAM_CUS_MSDK: CAM_CUS_MSDK [openSoLibrary] Find sensor id 3363942 and module id 0
01-01 08:00:11.248136   311   311 D CAM_CUS_MSDK: CAM_CUS_MSDK [compareSensorIdAndModuleId] SID 3363942 is found
01-01 08:00:11.248146   311   311 D CAM_CUS_MSDK: CAM_CUS_MSDK [compareSensorIdAndModuleId] target SID 3363942 and MID 0 are found
01-01 08:00:11.248154   311   311 D CAM_CUS_MSDK: CAM_CUS_MSDK Use MID data
01-01 08:00:11.256787   507   507 E UsbAlsaJackDetectorJNI: Can't register UsbAlsaJackDetector native methods
01-01 08:00:11.259549   311   311 D CAM_CUS_MSDK: CAM_CUS_MSDK [openSoLibrary] end of open ub962_mipi_yuv_tuning.so
01-01 08:00:11.259607   311   311 D CAM_CUS_MSDK: CAM_CUS_MSDK [closeSoLibrary] +
01-01 08:00:11.261063   311   311 D CAM_CUS_MSDK: CAM_CUS_MSDK [closeSoLibrary] -
01-01 08:00:11.266068   340   340 I iptables-wrapper-1.0: iptables: No chain/target/match by that name.
01-01 08:00:11.266503   311   311 W MtkCam/MetadataProvider.constructStatic: [impConstructStaticMetadata_by_SymbolName] constructCustStaticMetadata_DEVICE_CAMERA_SENSOR_DRVNAME_UB962_MIPI_YUV not found
01-01 08:00:11.266546   311   570 I mtkcam-dev3: doSignalDetectLoop +++
01-01 08:00:11.266673   340   340 I iptables-wrapper-1.0: iptables-wrapper-1.0 terminated by exit(1)
01-01 08:00:11.266850   311   311 W MtkCam/MetadataProvider.constructStatic: [impConstructStaticMetadata_by_SymbolName] constructCustStaticMetadata_PROJECT_SCALER_SENSOR_DRVNAME_UB962_MIPI_YUV not found
01-01 08:00:11.266780   340   340 E NetdagentIptables: exec() res=0, status=256 for /system/bin/iptables-wrapper-1.0 -w -t filter -X oem_data 
01-01 08:00:11.266986   311   311 W MtkCam/MetadataProvider.constructStatic: [impConstructStaticMetadata_by_SymbolName] constructCustStaticMetadata_PROJECT_SCALER_COMMON not found
01-01 08:00:11.267106   311   311 W MtkCam/MetadataProvider.constructStatic: [impConstructStaticMetadata_by_SymbolName] constructCustStaticMetadata_PROJECT_FEATURE_SENSOR_DRVNAME_UB962_MIPI_YUV not found
