01-01 08:00:12.996048   267   522 E         : curl_easy_download_epo_MD5: epo MD5 file download failed res:26. curl_easy_download url: https://oepodownload.mediatek.com/EPO_GR_3_1.MD5?retryCount=2 to /data/vendor/gps/EPO_GR_3_1.MD5
01-01 08:00:12.996070   267   522 E         : epo_MD5_download_process: Meet max retry time(3), give up download epo MD5
01-01 08:00:12.996087   267   522 E         : epo_file_download_impl: EPO_GR_3_1.MD5 download failed
01-01 08:00:13.096183   267   522 W         : epo_file_download_impl: retry cnt:3
01-01 08:00:13.096253   267   522 D         : epo_file_download_impl: EPO MD5 not valid, download EPO_GR_3_1.MD5 
01-01 08:00:13.099088    70   729 W DnsProxyListener: Netd event listener is not available; skipping.
01-01 08:00:13.101317   267   522 E         : curl_easy_download_epo_MD5: download file size error.
01-01 08:00:13.101478   267   522 E         : curl_easy_download_epo_MD5: epo MD5 file download failed res:26. curl_easy_download url: https://oepodownload.mediatek.com/EPO_GR_3_1.MD5?retryCount=3 to /data/vendor/gps/EPO_GR_3_1.MD5
01-01 08:00:13.101501   267   522 E         : epo_MD5_download_process: Meet max retry time(3), give up download epo MD5
01-01 08:00:13.101518   267   522 E         : epo_file_download_impl: EPO_GR_3_1.MD5 download failed
01-01 08:00:13.101533   267   522 W         : epo_file_download_impl: retry cnt:4
01-01 08:00:13.101550   267   522 D         : mnld_epo_download: download epo file completed!file count=0, epo_download_result=-1
01-01 08:00:13.101661   267   522 W         : epo_event_hdlr: mnld_epo_download() after
01-01 08:00:13.101676   267   532 D         : mnld_main_thread: main_event_hdlr msg
01-01 08:00:13.101679   267   522 D         : epo_downloader_thread: epo_downloader_thread wait
01-01 08:00:13.101727   267   532 D         : main_event_hdlr: EPO2MAIN_EVENT_EPO_DONE  result=-1
01-01 08:00:13.117716   169   169 I wmt_launcher: (persist.vendor.connsys.fwlog.status) is not supported
01-01 08:00:13.135752   178   178 W ccci_fsd(1): O: X://ST33_004, flag 0x700, ret 1
01-01 08:00:13.137141   178   178 W ccci_fsd(1): O: Y://ST33_004, flag 0x700, ret 1
01-01 08:00:13.250148   267   721 D         : mtk_gps_sys_gps_mnl_callback: msg:9
01-01 08:00:13.250563   320   368 D agps    : [agps][n][AGPS] [MNL] read  pmtk=[$PMTK764,0,0,0,2,0,128,4,128,1*2C
01-01 08:00:13.250563   320   368 D agps    : ]
01-01 08:00:13.250486   267   721 D pseudo  : mtk_gps_sys_nmea_output_to_app: len:17, $PMTK010,001*2E
01-01 08:00:13.250604   320   368 D agps    : [agps][n][AGPS] gnss_num=2
01-01 08:00:13.250633   320   368 D agps    : [agps][n][CP] [MD_1] write  pmtk [$PMTK764,0,0,0,2,0,128,4,128,1*2C
01-01 08:00:13.250633   320   368 D agps    : ]
01-01 08:00:13.252206   267   721 D         : mtk_gps_sys_gps_mnl_callback: msg:8
01-01 08:00:13.252443   267   721 D pseudo  : mtk_gps_sys_nmea_output_to_mnld: received 586 bytes:
01-01 08:00:13.252690   267   721 E         : safe_sendto: safe_sendto() sendto() failed path=[mtk_mnl2hal] ret=-1 reason=[Connection refused]111
01-01 08:00:13.253267   267   721 I chatty  : uid=1021(gps) /vendor/bin/mnld identical 12 lines
01-01 08:00:13.253309   267   721 E         : safe_sendto: safe_sendto() sendto() failed path=[mtk_mnl2hal] ret=-1 reason=[Connection refused]111
01-01 08:00:13.253333   267   721 D pseudo  : mtk_gps_sys_nmea_output_to_app: len:586, [NMEA]$GNGGA,000031.01...
01-01 08:00:13.253924   320   368 D agps    : [agps] WARNING: [AGPS] [MNL] read  gps_open  assist_req=1  version=[4.329.0]
01-01 08:00:13.253352   267   721 D         : mtk_gps_sys_gps_mnl_callback: msg:0
01-01 08:00:13.254064   152   188 D lbs_hidl_service: [1.06][mtk_mnld2nlputils] handleSocketEvent() ret=[12]
01-01 08:00:13.254031   320   368 D agps    : [agps] WARNING: [KEY_VALUE] load_key_value_list() fopen() failed for path=[/data/vendor/gps/secgps.conf], reason=[No such file or directory]2
01-01 08:00:13.253368   267   721 D         : send_active_notify: send clean nmea timer cmd!
01-01 08:00:13.254071   320   368 D agps    : [agps] WARNING: [KEY_VALUE] load_key_value_list() fopen() failed for path=[/data/system/gps/secgps.conf], reason=[No such file or directory]2
01-01 08:00:13.253426   267   721 D         : mtk_gps_sys_gps_mnl_callback: MTK_GPS_MSG_FIX_READY,GET_RTC_FAIL
01-01 08:00:13.254125   320   368 D agps    : [agps][n][AGPS] [MNL] write  set_id_req  flags=0x1
01-01 08:00:13.253456   267   521 D         : gps_control_thread: gps_control_thread wait
01-01 08:00:13.253459   267   721 D pseudo  : mtk_gps_sys_nmea_output_to_app: len:46, [vAGPS_Auto_Req]:g_FirstDbtt:1,u2BitMap:0x12f
01-01 08:00:13.253481   267   721 D         : mtk_gps_sys_agps_disaptcher_callback: MNL ready and assist req:1
01-01 08:00:13.253546   267   532 D         : mnld_main_thread: main_event_hdlr msg
01-01 08:00:13.253573   267   532 W         : main_event_hdlr: GPS2MAIN_EVENT_START_DONE  is_assist_req=1
01-01 08:00:13.253592   267   532 D         : mnld_fsm: mnld_fsm() state=[STARTING] event=[START_DONE]
01-01 08:00:13.253608   267   532 D         : fsm_gps_state_starting: fsm_gps_state_starting() data2=0,data3=0x0
01-01 08:00:13.253628   267   532 D         : mnl2hal_gps_status: mnl2hal_gps_status  status=3
01-01 08:00:13.253631   267   722 D         : mtk_gps_sys_agps_disaptcher_callback: MNL NTP/NLP request:2
01-01 08:00:13.253679   267   722 D         : mtk_gps_sys_agps_disaptcher_callback: Call nlp_server request
01-01 08:00:13.253696   267   722 D         : mnld_gps_request_nlp: mnld_gps_request_nlp src: 1
01-01 08:00:13.253703   267   532 E         : safe_sendto: safe_sendto() sendto() failed path=[mtk_mnl2hal] ret=-1 reason=[Connection refused]111
01-01 08:00:13.253728   267   532 D         : mnl2hal_gps_status: mnl2hal_gps_status  status=1
01-01 08:00:13.253766   267   532 E         : safe_sendto: safe_sendto() sendto() failed path=[mtk_mnl2hal] ret=-1 reason=[Connection refused]111
01-01 08:00:13.253789   267   532 D         : mnl2agps_gps_open: mnl2agps_gps_open
01-01 08:00:13.253881   267   532 D         : mnld_flp_session_update: mnld_flp_session_update,id=2,type=1
01-01 08:00:13.253905   267   532 D flpint  : mnl2flp_hdlr: mtk_mnl2flp_recv_msg type = 0x66, session = 2, len = 4, state = 2
01-01 08:00:13.253935   267   532 D flpint  : mnl2flp_hdlr: SESSION_UPDATE 2 support 1 mode 2
01-01 08:00:13.253953   267   532 D         : mtk_flp_set_sys_mode: mtk_flp_set_sys_mode success = 1
01-01 08:00:13.253969   267   532 D flpint  : mnl2flp_hdlr: SESSION_UPDATE: set ap mode
01-01 08:00:13.253987   267   532 D         : mnld_gfc_session_update: mnld_gfc_session_update,id=2,type=1
01-01 08:00:13.254005   267   532 D         : mnl2gfc_hdlr: mtk_mnl2gfc_recv_msg type = 102, session = 2, len = 4, state = 2
01-01 08:00:13.254022   267   532 D         : mnl2gfc_hdlr: SESSION_UPDATE 2 support 1 mode 2
01-01 08:00:13.254038   267   532 D         : mtk_gfc_set_sys_mode: mtk_gfc_set_sys_mode success = 1
01-01 08:00:13.254052   267   532 D         : mnl2gfc_hdlr: SESSION_UPDATE: set ap mode
01-01 08:00:13.254189   267   532 D         : agps_set_id_req: agps_set_id_req  flags=1
01-01 08:00:13.254207   267   532 D         : mnl2hal_request_set_id: mnl2hal_request_set_id  flag=0x1
01-01 08:00:13.254253   267   532 E         : safe_sendto: safe_sendto() sendto() failed path=[mtk_mnl2hal] ret=-1 reason=[Connection refused]111
01-01 08:00:13.313888   131   131 I v01_server_ota_main: select
01-01 08:00:13.314013   131   131 I v01_server_ota_main: rcvlen = 194
01-01 08:00:13.314034   131   131 I v01_server_ota_main: change@/devices/platform/dpisub2_disp_bl/backlight/dpisub2_disp_bl
01-01 08:00:13.314034   131   131 I v01_server_ota_main: ACTION=change
01-01 08:00:13.314034   131   131 I v01_server_ota_main: DEVPATH=/devices/platform/dpisub2_disp_bl/backlight/dpisub2_disp_bl
01-01 08:00:13.314034   131   131 I v01_server_ota_main: SUBSYSTEM=backlight
01-01 08:00:13.314034   131   131 I v01_server_ota_main: SOURCE=sysfs
01-01 08:00:13.314034   131   131 I v01_server_ota_main: SEQNUM=6845
01-01 08:00:13.314034   131   131 I v01_server_ota_main: 
01-01 08:00:13.337731   145   145 W lights  : APlights. set_lcd_blpower=0 
01-01 08:00:13.338543   145   145 D lights  : set_psd_power=0 
01-01 08:00:13.338574   145   145 W lights  : set_psd_bl is 255 
01-01 08:00:13.338612   145   145 D lights  : write_int open fd=7
01-01 08:00:13.339059   131   131 I v01_server_ota_main: select
01-01 08:00:13.339046   158   265 W ecarx_core_svr: EnableLCDBackLight param( benforce : 1, disable: 0 )
01-01 08:00:13.339112   131   131 I v01_server_ota_main: rcvlen = 186
01-01 08:00:13.339237   145   145 W lights  : APlights set_light_backlight--brightness 102 
01-01 08:00:13.339131   131   131 I v01_server_ota_main: change@/devices/platform/main2_disp_bl/backlight/main2_disp_bl
01-01 08:00:13.339131   131   131 I v01_server_ota_main: ACTION=change
01-01 08:00:13.339131   131   131 I v01_server_ota_main: DEVPATH=/devices/platform/main2_disp_bl/backlight/main2_disp_bl
01-01 08:00:13.339131   131   131 I v01_server_ota_main: SUBSYSTEM=backlight
01-01 08:00:13.339131   131   131 I v01_server_ota_main: SOURCE=sysfs
01-01 08:00:13.339131   131   131 I v01_server_ota_main: SEQNUM=6846
01-01 08:00:13.339131   131   131 I v01_server_ota_main: 
01-01 08:00:13.339325   145   145 D lights  : write_int open fd=7
01-01 08:00:13.339381   257   257 D BootAnimation: call play boot music, MSG_PLAY_BOOTMUSIC...
01-01 08:00:13.339824   507   507 W system_server: Long monitor contention with owner android.display (596) at void com.android.server.display.DisplayManagerService.handleDisplayDeviceAdded(com.android.server.display.DisplayDevice)(DisplayManagerService.java:913) waiters=1 in void java.lang.Object.wait(long, int) for 1.806s
01-01 08:00:13.340517   172   172 D SurfaceFlinger: Set power mode=2, type=1 flinger=0x770da58000
01-01 08:00:13.340882   143   143 I hwcomposer: [HWC] Display(1) SetPowerMode(2)  
01-01 08:00:13.340965   143   143 E hwcomposer: [DEV] DispDevice::setPowerMode() dpy:1 mode:2  
01-01 08:00:13.340999   143   143 E hwcomposer: [DEV] DispDevice::setPowerMode() mode=2, open fb1 device: return  
01-01 08:00:13.341311   172   172 D SurfaceFlinger: Finished set power mode=2, type=1
01-01 08:00:13.342161   172   172 D SurfaceFlinger: Set power mode=2, type=2 flinger=0x770da58000
01-01 08:00:13.342362   143   143 I hwcomposer: [HWC] Display(2) SetPowerMode(2)  
01-01 08:00:13.342545   172   172 D SurfaceFlinger: Finished set power mode=2, type=2
01-01 08:00:13.342412   143   143 E hwcomposer: [DEV] DispDevice::setPowerMode() dpy:2 mode:2  
01-01 08:00:13.342447   143   143 E hwcomposer: [DEV] DispDevice::setPowerMode() mode=2, open dpy2 device: return  
01-01 08:00:13.344258   332   413 D timesync: ntp_set_time, connect socket error, errno=101
01-01 08:00:13.348602   143   143 W hwcomposer: [JOBPRIV] (1) SET/bypass/no_visible_layers  
01-01 08:00:13.348685   143   143 W hwcomposer: [JOBPRIV] (2) SET/bypass/no_visible_layers  
01-01 08:00:13.362188   507   507 D FallbackCategoryProvider: Found 1 fallback categories
01-01 08:00:13.515575   507   507 D PackageManager: No files in app dir /product/overlay
01-01 08:00:13.580339   320   368 D agps    : [agps][n][CP] [MD_1] read  md_modem_reboot_ind_hdlr
01-01 08:00:13.580394   320   368 D agps    : [agps][n][CP] [MD_1] write  sim_info_req  gsm_disabled=[0] umts_disabled=[0] lte_disabled=[0] lppe_enable=[1] lppe_network_location_disable=[0] reject_non911_nilr_enable=[0] battery_percentage=[100]
01-01 08:00:13.580441   320   368 D agps    : [agps][n][CP] [MD_1] write  cp2_util_send_location_setting  enabled=[1]
01-01 08:00:13.580753   152   188 D lbs_hidl_service: [1.06][mtk_lppe_socket_wlan] handleSocketEvent() ret=[12]
01-01 08:00:13.580475   320   368 D agps    : [agps] WARNING: [LPPe] lppe_mgr_start_capabilities_sync()
01-01 08:00:13.580800   152   188 D lbs_hidl_service: [1.06][mtk_lppe_socket_bt] handleSocketEvent() ret=[12]
01-01 08:00:13.580830   152   188 D lbs_hidl_service: [1.06][mtk_lppe_socket_sensor] handleSocketEvent() ret=[12]
01-01 08:00:13.580856   152   188 D lbs_hidl_service: [1.06][mtk_lppe_socket_network] handleSocketEvent() ret=[12]
01-01 08:00:13.580878   152   188 D lbs_hidl_service: [1.06][mtk_lppe_socket_ipaddr] handleSocketEvent() ret=[12]
01-01 08:00:13.580903   152   188 D lbs_hidl_service: [1.06][mtk_lppe_socket_lbs] handleSocketEvent() ret=[12]
01-01 08:00:13.581848   320   368 D agps    : [agps][n][CP] [MD_1] read  sim_info_rsp  sim_number=2 md_type=0 (0=fdd, 1=tdd) ecid=1 otdoa=0 band_num=9
01-01 08:00:13.581889   320   368 D agps    : [agps][n][CP] i=0  support_band=1
01-01 08:00:13.581922   320   368 D agps    : [agps][n][CP] i=1  support_band=3
01-01 08:00:13.581938   320   368 D agps    : [agps][n][CP] i=2  support_band=7
01-01 08:00:13.581953   320   368 D agps    : [agps][n][CP] i=3  support_band=8
01-01 08:00:13.581973   320   368 D agps    : [agps][n][CP] i=4  support_band=34
01-01 08:00:13.581992   320   368 D agps    : [agps][n][CP] i=5  support_band=38
01-01 08:00:13.582392   267   532 D         : agps_settings_sync: agps setting, sib8_16_enable = 1, gps_sat_en = 1, glonass_sat_en = 1,         beidou_sat_en = 1, galileo_sat_en = 1, a_glonass_sat_en = 1,         a_gps_satellite_enable = 1, a_beidou_satellite_enable = 0, a_galileo_satellite_enable = 0, lppe_enable=1
01-01 08:00:13.582007   320   368 D agps    : [agps][n][CP] i=6  support_band=39
01-01 08:00:13.582024   320   368 D agps    : [agps][n][CP] i=7  support_band=40
01-01 08:00:13.582585   267   532 D         : agps_settings_sync: sent CMD_SWITCH_CONSTELLATION to mnl, sv_type_agps_set = 0x3f ,ret = 0
01-01 08:00:13.582052   320   368 D agps    : [agps][n][CP] i=8  support_band=41
01-01 08:00:13.582624   267   532 D         : agps_settings_sync: sent CMD_SIB8_16_ENABLE to mnl, sib8_16_enable = 1 ,ret = 0
01-01 08:00:13.582071   320   368 D agps    : [agps][n][CP] index=[0]  support_lpp_otdoa_nbr_cell_list=[0] support_supl_flow_ind=[1] support_location_settings=[1] support_cp_lppe=[0]
01-01 08:00:13.582651   267   532 D         : agps_settings_sync: sent MTK_PARAM_CMD_LPPE_ENABLE to mnl, lppe_enable = 1 ,ret = 0
01-01 08:00:13.582141   320   397 D agps    : [agps][n][task] lpp  rcv src=[MOD_LPP_CP] dest=[MOD_LPP_UP] msg=[MSG_ID_LPP_LBS_CAPABILITY_UPDATE_REQ]
01-01 08:00:13.582166   320   368 D agps    : [agps][n][CP] [MD_1] write  cp2_util_send_location_setting  enabled=[1]
01-01 08:00:13.582178   320   397 D agps    : [agps][n][task] lpp  rcv src=[MOD_LPP_CP] dest=[MOD_LPP_UP] msg=[MSG_ID_LPP_PEER_EUTRAN_BAND_UPDATE_CNF]
01-01 08:00:13.582287   320   368 D agps    : [agps][n][AGPS] [MNL] write  agps_settings_sync  sib8_16=[1], gps=[1] glonass=[1] beidou=[1] galileo=[1] agps=[1] aglonass=[1] abeidou=[0] agalileo=[0]
01-01 08:00:13.582559   320   368 D agps    : [agps][n][AGPS] [MNL] read  agps_settings_ack  gps=[1] glonass=[1] beidou=[1] galileo=[0]
01-01 08:00:13.597370   303   470 I ServiceManager: Waiting for service package_native...
01-01 08:00:13.666508   200   200 W TBOX_TAG: remote_ctrl_set.cpp ipc = 10010004
01-01 08:00:13.666699   202   202 I TBOX_TAG: hu_manager.cpp IPC RECV: 0x10010004
01-01 08:00:13.666507   197   197 I TBOX_TAG: handy_tool_fjd.h IPC RECV: Type:10010004 unsupported ipc id Length:0 Payload: 
01-01 08:00:13.670268   201   213 I TBOX_TAG: handy_tool_fjd.h IPC SEND: Type:70010001 IPC_APP_SSP_STARTUP_EVT Length:4 Payload: 04000000              F?               
01-01 08:00:13.670477   201   213 I TBOX_TAG: handy_tool_fjd.h IPC SEND: Type:70010001 IPC_APP_SSP_STARTUP_EVT Length:4 Payload: 06000000              F?               
01-01 08:00:13.672556   192   192 I TBOX_TAG: remote_config.cpp RCFG: send ssp startup evt: 1
01-01 08:00:13.672556   192   192 I TBOX_TAG:  
01-01 08:00:13.672671   192   192 I TBOX_TAG: remote_config.cpp RCFG:recv ipc 0x70010001.
01-01 08:00:13.672759   192   192 I chatty  : uid=0(root) tbox_remote_con identical 5 lines
01-01 08:00:13.672772   192   192 I TBOX_TAG: remote_config.cpp RCFG:recv ipc 0x70010001.
01-01 08:00:13.672785   192   192 I TBOX_TAG: remote_config.cpp RCFG:recv ipc 0x10010004.
01-01 08:00:13.674447   608   663 E EMDLOGGER1: select timeout
01-01 08:00:13.728054   507   507 D PackageManager: No files in app dir /vendor/priv-app
01-01 08:00:13.731238   507   507 D PackageManager: No files in app dir /odm/priv-app
01-01 08:00:13.731311   507   507 D PackageManager: No files in app dir /odm/app
01-01 08:00:13.731365   507   507 D PackageManager: No files in app dir /oem/app
01-01 08:00:13.731436   507   507 D PackageManager: No files in app dir /system/product/priv-app
01-01 08:00:13.731532   507   507 D PackageManager: No files in app dir /system/product/app
01-01 08:00:13.733041   507   507 D PackageManager: No files in app dir /data/app
01-01 08:00:13.733873   507   507 D PackageManager: No files in app dir /data/preinstall_app
01-01 08:00:13.737502   202   202 I TBOX_TAG: hu_manager.cpp IPC RECV: 0x10060100
01-01 08:00:13.738622   507   507 D PackageManager: No files in app dir /data/app-private
01-01 08:00:13.756987   273   363 I SELinux : SELinux: Loaded file_contexts
01-01 08:00:13.770050   167   167 D ML_AT   : ML_SendAT
01-01 08:00:13.781136    21    31 D ECPComm : read: numBytes=134, mSockFd=6
01-01 08:00:13.781420    21    31 W ECP_MCU_LOGCAT: t13930>>ePOWER##: TBOX REQ WORK
01-01 08:00:13.781420    21    31 W ECP_MCU_LOGCAT: t15037>>ePOWER##: TBOX Get Lock
01-01 08:00:13.782148   202   202 I TBOX_TAG: hu_manager.cpp IPC RECV: 0x70060206
01-01 08:00:13.842223    21    31 D ECPComm : read: numBytes=72, mSockFd=6
01-01 08:00:13.862123   495   495 E goc     : send_default_setting
01-01 08:00:13.862248   495   495 E goc     : IND_DEFAULT_SETING len:427
01-01 08:00:13.862336   495   495 E goc     : send_bt_stat:5
01-01 08:00:13.862364   495   495 E goc     : Goc bluetooth version : GBTSD3.98G3.9.121099
01-01 08:00:13.868882   273   754 W installd: Ignoring /data/data/com.tencent.mm/lib with unexpected GID 0 instead of 10030
01-01 08:00:13.891399   273   754 W installd: Ignoring /data/data/com.tencent.wecar/lib with unexpected GID 0 instead of 10013
01-01 08:00:13.893545   273   754 W installd: Ignoring /data/data/com.ecarx.mmsvr/lib with unexpected GID 0 instead of 10056
01-01 08:00:13.902285   273   754 W installd: Ignoring /data/data/com.tencent.qqlive.audiobox/lib with unexpected GID 0 instead of 10054
01-01 08:00:13.905060   273   754 W installd: Ignoring /data/data/com.huawei.hisight/lib with unexpected GID 0 instead of 10011
01-01 08:00:13.909761   273   754 W installd: Ignoring /data/data/com.android.webview/lib with unexpected GID 0 instead of 10064
01-01 08:00:13.913692   295   295 I ServiceManager: Waiting for service media.camera...
01-01 08:00:13.921945   273   754 W installd: Ignoring /data/data/com.cam.ddp_car/lib with unexpected GID 0 instead of 10069
01-01 08:00:13.922645   273   754 W installd: Ignoring /data/data/com.baidu.iov.dueros.activate/lib with unexpected GID 0 instead of 10055
01-01 08:00:13.954274   273   754 W installd: Ignoring /data/data/com.baidu.iov.faceos/lib with unexpected GID 0 instead of 10052
01-01 08:00:13.956546   273   754 W installd: Ignoring /data/data/com.tencent.wecarflow/lib with unexpected GID 0 instead of 10029
01-01 08:00:13.961164   507   507 I system_server: Explicit concurrent copying GC freed 62874(2MB) AllocSpace objects, 19(684KB) LOS objects, 42% free, 5MB/10MB, paused 47us total 45.107ms
01-01 08:00:13.971114   170   170 I lowmemorykiller: lmkd data connection established
01-01 08:00:13.973909   159   159 I SoundTriggerHalHidl: getProperties res implementor 
01-01 08:00:13.973991   159   159 I SoundTriggerHalHidl: getProperties ret -19
01-01 08:00:13.974010   159   159 E SoundTriggerHwService: could not read implementation properties
01-01 08:00:13.975419   507   760 D SensorService: nuSensorService starting...
01-01 08:00:13.978045   507   507 I android_os_HwBinder: HwBinder: Starting thread pool for default::android.hardware.health@2.0::IHealth
01-01 08:00:13.978883   309   309 E Sensors : sensors__get_sensors_list count=25
01-01 08:00:13.978973   309   309 I Accelerometer: enable: handle:0, en:0
01-01 08:00:13.979751   309   309 I ScpFusion: enable, handle:2, en:0
01-01 08:00:13.981624   309   309 I Gyroscope: enable: handle:3, en:0
01-01 08:00:13.981533   507   584 E BluetoothAdapter: Bluetooth binder is null
01-01 08:00:13.984238   309   309 I Pressure: enable: handle:5, en:0 
01-01 08:00:13.984315   309   309 E Pressure: no enable control attr
01-01 08:00:13.984443   507   507 I android_os_HwBinder: HwBinder: Starting thread pool for default::android.hidl.manager@1.0::IServiceManager
01-01 08:00:13.984335   309   309 I ScpFusion: enable, handle:8, en:0
01-01 08:00:13.985183   309   309 I ScpFusion: enable, handle:9, en:0
01-01 08:00:13.985329   507   761 E LightsService: Light requested not available on this device. 3
01-01 08:00:13.986177   309   309 I ScpFusion: enable, handle:10, en:0
01-01 08:00:13.992306   309   309 I ScpFusion: enable, handle:13, en:0
01-01 08:00:13.994021   309   309 I ScpFusion: enable, handle:14, en:0
01-01 08:00:14.001217   495   500 E goc     : get_serial_socket -1747 B/s len:-1
01-01 08:00:13.994960   309   309 I ScpFusion: enable, handle:15, en:0
01-01 08:00:13.988382   507   764 I android_os_HwBinder: HwBinder: Starting thread pool for default::android.hardware.health@2.0::IHealth
01-01 08:00:13.995183   309   309 I StepRecognize: enable: handle:16, en:0
01-01 08:00:13.995436   309   309 I StepRecognize: enable: handle:17, en:0
01-01 08:00:13.995724   309   309 I WakeUpSet: enable, handle:100, en:0
01-01 08:00:13.995753   309   309 I StepRecognize: enable: handle:18, en:0
01-01 08:00:13.996640   309   309 I ScpFusion: enable, handle:19, en:0
01-01 08:00:13.997729   309   309 I Situation: enable: handle:21, en:0 
01-01 08:00:13.998555   309   309 I Situation: enable: handle:22, en:0 
01-01 08:00:13.998920   309   309 I Situation: enable: handle:23, en:0 
01-01 08:00:13.999884   309   309 I Situation: enable: handle:26, en:0 
01-01 08:00:14.000842   309   309 I Situation: enable: handle:28, en:0 
01-01 08:00:14.001985   309   309 I Situation: enable: handle:29, en:0 
01-01 08:00:14.003666   309   309 I Situation: enable: handle:55, en:0 
01-01 08:00:14.004574   309   309 I ScpFusion: enable, handle:34, en:0
01-01 08:00:14.005542   309   309 I Situation: enable: handle:59, en:0 
01-01 08:00:14.006483   309   309 I ScpFusion: enable, handle:70, en:0
01-01 08:00:14.006859   507   760 E SensorService: Reported power 0.000000 not deemed sane, clamping to 0.001000
01-01 08:00:14.009363   507   760 I chatty  : uid=1000 system-server-i identical 23 lines
01-01 08:00:14.009456   507   760 E SensorService: Reported power 0.000000 not deemed sane, clamping to 0.001000
01-01 08:00:14.011299   507   767 D SensorService: nuSensorService thread starting...
01-01 08:00:14.012321   507   766 D SensorService: new thread SensorEventAckReceiver
01-01 08:00:14.015263   197   216 W TBOX_TAG: can_dataMgr.cpp Wait SSP SM start...
01-01 08:00:14.016183   507   760 I SchedulingPolicyService: Moving 308 back to group default
01-01 08:00:14.017068   507   572 I Zygote  : Process: zygote socket RESERVED/zygote opened, supported ABIS: arm64-v8a
01-01 08:00:14.038156   507   572 I Zygote  : Process: zygote socket RESERVED/zygote_secondary opened, supported ABIS: armeabi-v7a,armeabi
01-01 08:00:14.040987   507   507 I system_server: The ClassLoaderContext is a special shared library.
01-01 08:00:14.048856    72    72 I Zygote  : Lazily preloading resources.
01-01 08:00:14.048926    72    72 D Zygote  : begin preload
01-01 08:00:14.050037    72    72 I Zygote  : Preloading shared libraries...
01-01 08:00:14.050157    72   772 I Zygote  : Installing ICU cache reference pinning...
01-01 08:00:14.050195    72   772 I Zygote  : Preloading ICU data...
01-01 08:00:14.054186   320   403 D agps    : [agps] WARNING: [AGPS] agps2_set_id_timeout
01-01 08:00:14.054380   320   368 D agps    : [agps][n][AGPS] [MNL] write  ref_loc_req  flags=0x1
01-01 08:00:14.054563   267   532 D         : agps_ref_loc_req: agps_ref_loc_req  flags=1
01-01 08:00:14.054606   267   532 D         : mnl2hal_request_ref_loc: mnl2hal_request_ref_loc  flag=0x1
01-01 08:00:14.054749   267   532 E         : safe_sendto: safe_sendto() sendto() failed path=[mtk_mnl2hal] ret=-1 reason=[Connection refused]111
01-01 08:00:14.070279    72   772 I Zygote  : Preloading classes...
01-01 08:00:14.086056    16    16 W hwservicemanager: getTransport: Cannot find entry android.hardware.ir@1.0::IConsumerIr/default in either framework or device manifest.
01-01 08:00:14.089852    72   772 I PackageBackwardCompatibility: Loaded android.content.pm.OrgApacheHttpLegacyUpdater
01-01 08:00:14.090075    72   772 I PackageBackwardCompatibility: Could not find android.content.pm.AndroidTestBaseUpdater, ignoring
01-01 08:00:14.091041   183   205 D ccci_mdinit: (1):save_timezone++
01-01 08:00:14.091013   507   507 D AlarmManagerService: Kernel timezone updated to -480 minutes west of GMT
01-01 08:00:14.091276   507   507 D AlarmManagerService: Setting time of day to sec=1634698349
10-20 10:52:29.001713   495   500 E goc     : get_serial_socket 0 B/s len:-1
10-20 10:52:29.047846   172   471 D SurfaceFlinger: duplicate layer name: changing Display Root to Display Root#1
10-20 10:52:29.050273   172   471 D SurfaceFlinger: duplicate layer name: changing Display Overlays to Display Overlays#1
10-20 10:52:29.051095   172   471 D SurfaceFlinger: duplicate layer name: changing BootAds to BootAds#1
10-20 10:52:29.052865   172   471 D SurfaceFlinger: duplicate layer name: changing mBelowAppWindowsContainers to mBelowAppWindowsContainers#1
10-20 10:52:29.053289    72   773 I Zygote  : Preloading resources...
10-20 10:52:29.057382   143   143 W hwcomposer: [JOBPRIV] (1) SET/bypass/no_visible_layers  
10-20 10:52:29.057505   143   143 W hwcomposer: [JOBPRIV] (2) SET/bypass/no_visible_layers  
10-20 10:52:29.059927   172   471 D SurfaceFlinger: duplicate layer name: changing animationLayer to animationLayer#1
10-20 10:52:29.060458   172   471 D SurfaceFlinger: duplicate layer name: changing boostedAnimationLayer to boostedAnimationLayer#1
10-20 10:52:29.060895   172   499 D SurfaceFlinger: duplicate layer name: changing homeAnimationLayer to homeAnimationLayer#1
10-20 10:52:29.061362   172   499 D SurfaceFlinger: duplicate layer name: changing splitScreenDividerAnchor to splitScreenDividerAnchor#1
10-20 10:52:29.061801   172   499 D SurfaceFlinger: duplicate layer name: changing mAboveAppWindowsContainers to mAboveAppWindowsContainers#1
10-20 10:52:29.062492   172   499 D SurfaceFlinger: duplicate layer name: changing mImeWindowsContainers to mImeWindowsContainers#1
10-20 10:52:29.063185   172   471 D SurfaceFlinger: duplicate layer name: changing mBootAdsWindowContainers to mBootAdsWindowContainers#1
10-20 10:52:29.065397   172   471 D SurfaceFlinger: duplicate layer name: changing Display Root to Display Root#2
10-20 10:52:29.065907   172   471 D SurfaceFlinger: duplicate layer name: changing Display Overlays to Display Overlays#2
10-20 10:52:29.066328   172   499 D SurfaceFlinger: duplicate layer name: changing BootAds to BootAds#2
10-20 10:52:29.067173    72   773 W Resources: Preloaded drawable resource #0x1080269 (android:drawable/dialog_background_material) that varies with configuration!!
10-20 10:52:29.067132   172   499 D SurfaceFlinger: duplicate layer name: changing mBelowAppWindowsContainers to mBelowAppWindowsContainers#2
10-20 10:52:29.068869   172   499 D SurfaceFlinger: duplicate layer name: changing animationLayer to animationLayer#2
10-20 10:52:29.069464   143   143 W hwcomposer: [JOBPRIV] (1) SET/bypass/no_visible_layers  
10-20 10:52:29.069407   172   499 D SurfaceFlinger: duplicate layer name: changing boostedAnimationLayer to boostedAnimationLayer#2
10-20 10:52:29.069512   143   143 W hwcomposer: [JOBPRIV] (2) SET/bypass/no_visible_layers  
10-20 10:52:29.070790   172   499 D SurfaceFlinger: duplicate layer name: changing homeAnimationLayer to homeAnimationLayer#2
10-20 10:52:29.071323   172   471 D SurfaceFlinger: duplicate layer name: changing splitScreenDividerAnchor to splitScreenDividerAnchor#2
10-20 10:52:29.071764   172   499 D SurfaceFlinger: duplicate layer name: changing mAboveAppWindowsContainers to mAboveAppWindowsContainers#2
10-20 10:52:29.072307   172   471 D SurfaceFlinger: duplicate layer name: changing mImeWindowsContainers to mImeWindowsContainers#2
10-20 10:52:29.072781   172   499 D SurfaceFlinger: duplicate layer name: changing mBootAdsWindowContainers to mBootAdsWindowContainers#2
10-20 10:52:29.085316   143   143 W hwcomposer: [JOBPRIV] (1) SET/bypass/no_visible_layers  
10-20 10:52:29.085405   143   143 W hwcomposer: [JOBPRIV] (2) SET/bypass/no_visible_layers  
10-20 10:52:29.086125   507   578 D SensorService: enable pid: 507, handle: 23,samplingPeriodNs:0
10-20 10:52:29.087384   309   762 D android.hardware.sensors@1.0-service-mediatek: batch pid: 507, handle: 23,sampling_period_ns:1000000
10-20 10:52:29.087466   309   762 I Situation: batch: handle:22, flag:0,samplingPeriodNs:1000000 maxBatchReportLatencyNs:0
10-20 10:52:29.088480   309   762 I Situation: enable: handle:22, en:1 
10-20 10:52:29.094017    72   773 I Zygote  : ...preloaded 64 resources in 40ms.
10-20 10:52:29.104268    72   773 I Zygote  : ...preloaded 41 resources in 10ms.
10-20 10:52:29.107524   507   779 D EventHub: No input device configuration file found for device 'Touchscreen dim'.
10-20 10:52:29.107579   507   779 I EventHub: New device: Touchscreen dim skipped...
10-20 10:52:29.107673   507   779 D EventHub: No input device configuration file found for device 'Geely Touchscreen'.
10-20 10:52:29.107713   507   779 I EventHub: wakeMechanism=EPOLLWAKEUP, usingClockIoctl=true
10-20 10:52:29.107726   507   779 I EventHub: New device: id=2, fd=124, path='/dev/input/event2', name='Geely Touchscreen', classes=0x14, configuration='', keyLayout='', keyCharacterMap='', builtinKeyboard=false, 
10-20 10:52:29.107800   507   779 D EventHub: No input device configuration file found for device 'Geely Touchscreen PORT1'.
10-20 10:52:29.107827   507   779 I EventHub: wakeMechanism=EPOLLWAKEUP, usingClockIoctl=true
10-20 10:52:29.107839   507   779 I EventHub: New device: id=3, fd=125, path='/dev/input/event3', name='Geely Touchscreen PORT1', classes=0x80000014, configuration='', keyLayout='', keyCharacterMap='', builtinKeyboard=false, 
10-20 10:52:29.107899   507   779 D EventHub: No input device configuration file found for device 'ecarx-keypad'.
10-20 10:52:29.111257   507   779 W EventHub: Unable to disable kernel key repeat for /dev/input/event4: Function not implemented
10-20 10:52:29.111290   507   779 I EventHub: wakeMechanism=EPOLLWAKEUP, usingClockIoctl=true
10-20 10:52:29.111308   507   779 I EventHub: New device: id=4, fd=126, path='/dev/input/event4', name='ecarx-keypad', classes=0x1, configuration='', keyLayout='/system/usr/keylayout/Generic.kl', keyCharacterMap='/system/usr/keychars/Generic.kcm', builtinKeyboard=true, 
10-20 10:52:29.111456   507   779 D EventHub: No input device configuration file found for device 'ACCDET'.
10-20 10:52:29.113218   507   779 W EventHub: Unable to disable kernel key repeat for /dev/input/event0: Function not implemented
10-20 10:52:29.113255   507   779 I EventHub: wakeMechanism=EPOLLWAKEUP, usingClockIoctl=true
10-20 10:52:29.113275   507   779 I EventHub: New device: id=5, fd=129, path='/dev/input/event0', name='ACCDET', classes=0x81, configuration='', keyLayout='/system/usr/keylayout/ACCDET.kl', keyCharacterMap='/system/usr/keychars/Generic.kcm', builtinKeyboard=false, 
10-20 10:52:29.113426   507   779 D EventHub: No input device configuration file found for device 'gsensor-kpd'.
10-20 10:52:29.113779   197   197 I TBOX_TAG: handy_tool_fjd.h IPC RECV: Type:10030005 IPC_XCALL_CANMANAGER_MSG_EVT Length:0 Payload: Xo    
10-20 10:52:29.114177   202   202 I TBOX_TAG: hu_manager.cpp IPC RECV: 0x70060251
10-20 10:52:29.115154   507   779 W EventHub: Unable to disable kernel key repeat for /dev/input/event5: Function not implemented
10-20 10:52:29.115201   507   779 I EventHub: wakeMechanism=EPOLLWAKEUP, usingClockIoctl=true
10-20 10:52:29.115221   507   779 I EventHub: New device: id=6, fd=130, path='/dev/input/event5', name='gsensor-kpd', classes=0x1, configuration='', keyLayout='/system/usr/keylayout/Generic.kl', keyCharacterMap='/system/usr/keychars/Generic.kcm', builtinKeyboard=false, 
10-20 10:52:29.117386   507   779 I InputReader: Device added: id=-1, name='Virtual', sources=0x00000301
10-20 10:52:29.117499   507   779 I InputReader: Device added: id=6, name='gsensor-kpd', sources=0x00000101
10-20 10:52:29.117538   507   779 I InputReader: Device added: id=5, name='ACCDET', sources=0x80000101
10-20 10:52:29.117566   507   779 I InputReader: Device added: id=0, name='ecarx-keypad', sources=0x00000101
10-20 10:52:29.118109   507   779 E InputReader: zj --associatedDisplayIsExternal displayid=1
10-20 10:52:29.118145   507   779 E InputReader: zjzj id=3, name='Geely Touchscreen PORT1', size -1x-1, orientation 0, mode 1, display id -1, viewportChanged=1,mDeviceMode=1
10-20 10:52:29.118161   507   779 I InputReader: Device reconfigured: id=3, name='Geely Touchscreen PORT1', size 1920x720, orientation 0, mode 1, display id 1
10-20 10:52:29.118220   507   779 I InputReader: Device added: id=3, name='Geely Touchscreen PORT1', sources=0x00001002
10-20 10:52:29.118337   507   779 I InputReader:   Touch device 'Geely Touchscreen' could not query the properties of its associated display.  The device will be inoperable until the display size becomes available.
10-20 10:52:29.118395   507   779 I InputReader: Device added: id=2, name='Geely Touchscreen', sources=0x00001002
10-20 10:52:29.143784   507   779 I InputReader: Reconfiguring input devices.  changes=0x00000004
10-20 10:52:29.147154   172   172 I DisplayDevice: primary ori: 0
10-20 10:52:29.143883   507   779 E InputReader: zjzj id=2, name='Geely Touchscreen', size -1x-1, orientation 0, mode 1, display id -1, viewportChanged=1,mDeviceMode=1
10-20 10:52:29.143901   507   779 I InputReader: Device reconfigured: id=2, name='Geely Touchscreen', size 1920x720, orientation 0, mode 1, display id 0
10-20 10:52:29.143967   507   779 E InputReader: zj --associatedDisplayIsExternal displayid=1
10-20 10:52:29.143992   507   779 E InputReader: zjzj id=3, name='Geely Touchscreen PORT1', size 1920x720, orientation 0, mode 1, display id 1, viewportChanged=1,mDeviceMode=1
10-20 10:52:29.144007   507   779 I InputReader: Device reconfigured: id=3, name='Geely Touchscreen PORT1', size 1920x720, orientation 0, mode 1, display id 1
10-20 10:52:29.150472   143   143 E hwcomposer: [COMP] (2:0) Failed to get releaseFence !!  
10-20 10:52:29.162152   507   779 I InputReader: Reconfiguring input devices.  changes=0x00000004
10-20 10:52:29.162394   267   721 D         : mtk_gps_mnl_trigger_mpe: mpemsg len=0
10-20 10:52:29.162255   507   779 E InputReader: zjzj id=2, name='Geely Touchscreen', size 1920x720, orientation 0, mode 1, display id 0, viewportChanged=1,mDeviceMode=1
10-20 10:52:29.162273   507   779 I InputReader: Device reconfigured: id=2, name='Geely Touchscreen', size 1920x720, orientation 0, mode 1, display id 0
10-20 10:52:29.162362   507   779 E InputReader: zj --associatedDisplayIsExternal displayid=1
10-20 10:52:29.162381   507   779 E InputReader: zjzj id=3, name='Geely Touchscreen PORT1', size 1920x720, orientation 0, mode 1, display id 1, viewportChanged=1,mDeviceMode=1
10-20 10:52:29.162400   507   779 I InputReader: Device reconfigured: id=3, name='Geely Touchscreen PORT1', size 1920x720, orientation 0, mode 1, display id 1
10-20 10:52:29.165297   143   143 E hwcomposer: [COMP] (2:0) Failed to get releaseFence !!  
10-20 10:52:29.169384   273   754 D installd: Found quota mount /dev/block/platform/bootdevice/by-name/userdata at /data
10-20 10:52:29.171011   273   754 D installd: Found quota mount /dev/block/platform/bootdevice/by-name/userdata at /data
10-20 10:52:29.174280   267   721 D         : mtk_gps_mnl_trigger_mpe: mpemsg len=0
10-20 10:52:29.176274   267   721 D pseudo  : mtk_gps_sys_nmea_output_to_mnld: received 598 bytes:
10-20 10:52:29.176545   267   721 E         : safe_sendto: safe_sendto() sendto() failed path=[mtk_mnl2hal] ret=-1 reason=[Connection refused]111
10-20 10:52:29.177859   320   368 D agps    : [agps] WARNING: [AGPS] [MNL] read  reaiding_req
10-20 10:52:29.176606   267   721 E         : safe_sendto: safe_sendto() sendto() failed path=[mtk_mnl2hal] ret=-1 reason=[Connection refused]111
10-20 10:52:29.177898   320   368 D agps    : [agps] WARNING: [AGPS] agps_si_init  some mgr are running cp=0 up=0 evdo=0 is_si=1 e911=0, ignore this assist_req
10-20 10:52:29.176647   267   721 E         : safe_sendto: safe_sendto() sendto() failed path=[mtk_mnl2hal] ret=-1 reason=[Connection refused]111
10-20 10:52:29.177061   267   721 I chatty  : uid=1021(gps) /vendor/bin/mnld identical 10 lines
10-20 10:52:29.177099   267   721 E         : safe_sendto: safe_sendto() sendto() failed path=[mtk_mnl2hal] ret=-1 reason=[Connection refused]111
10-20 10:52:29.177122   267   721 D pseudo  : mtk_gps_sys_nmea_output_to_app: len:598, [NMEA]$GNGGA,000032.01...
10-20 10:52:29.177144   267   721 D         : mtk_gps_sys_gps_mnl_callback: msg:0
10-20 10:52:29.177160   267   721 D         : send_active_notify: send clean nmea timer cmd!
10-20 10:52:29.177265   267   521 D         : gps_control_thread: gps_control_thread wait
10-20 10:52:29.177302   267   721 D         : mtk_gps_sys_gps_mnl_callback: MTK_GPS_MSG_FIX_READY,GET_RTC_FAIL
10-20 10:52:29.177338   267   721 D pseudo  : mtk_gps_sys_nmea_output_to_app: len:46, [vAGPS_Auto_Req]:g_FirstDbtt:0,u2BitMap:0x12f
10-20 10:52:29.177605   267   722 D         : mtk_gps_sys_agps_disaptcher_callback: GPS re-aiding
10-20 10:52:29.198097   178   178 W ccci_fsd(1): O: X://NA77_006, flag 0x700, ret 1
10-20 10:52:29.199849   178   178 W ccci_fsd(1): O: X://NA77_006, flag 0x10400, ret 1
10-20 10:52:29.204869    16    16 W hwservicemanager: getTransport: Cannot find entry android.hardware.oemlock@1.0::IOemLock/default in either framework or device manifest.
10-20 10:52:29.210454   178   178 W ccci_fsd(1): O: Y://NA77_006, flag 0x10400, ret 1
10-20 10:52:29.221365   178   178 W ccci_fsd(1): O: X://NA77_006, flag 0x21010400, ret 1
10-20 10:52:29.222562   318   318 I thermal_src: spa_Tpolicy_check: spa stop 45sec...
10-20 10:52:29.225453   178   178 W ccci_fsd(1): O: Y://NA77_006, flag 0x21010400, ret 1
10-20 10:52:29.233386    72   773 D PQ      : [PQ_PROT] [PQCust] libpq_cust_base.so absent, libpq_cust.so absent
10-20 10:52:29.244777   143   143 E hwcomposer: [COMP] (2:0) Failed to get releaseFence !!  
10-20 10:52:29.248086   507   507 I NetworkScoreService: Registering network_score
10-20 10:52:29.260247    72   772 E ActivityRecognitionHardware: activity_recognition HAL is deprecated. class_init is effectively a no-op
10-20 10:52:29.320351   507   507 D WifiApConfigStore: 2G band allowed channels are:1,6,11
10-20 10:52:29.324277   143   143 E hwcomposer: [COMP] (2:0) Failed to get releaseFence !!  
10-20 10:52:29.330806   507   507 I WifiScoringParams: rssi2=-85:-85:-73:-60,rssi5=-82:-82:-70:-57,pps=0:1:100,horizon=15,nud=8,expid=0
10-20 10:52:29.354691    72   773 D libEGL  : loaded /vendor/lib/egl/libGLES_mali.so
10-20 10:52:29.359211   507   507 D WifiStateMachine: EnableConnectedMacRandomization Setting changed to false
10-20 10:52:29.359444   507   507 E WifiStateMachine: getWifiLinkLayerStats called without an interface
10-20 10:52:29.359946   507   507 D WifiStateMachinePrime: Starting Wifi in WifiDisabledState
10-20 10:52:29.360058   507   792 D WifiStateMachinePrime: Entering WifiDisabledState
10-20 10:52:29.360137   507   792 D ActiveModeManager: sending scan available broadcast: false
10-20 10:52:29.360929   507   507 D WifiOpenNetworkNotifier: Settings toggle enabled=true
10-20 10:52:29.361444   507   507 D WifiCarrierNetworkNotifier: Settings toggle enabled=true
10-20 10:52:29.362294    72   772 I zygote  : Thread[6,tid=772,Native,Thread*=0xf2dc8000,peer=0x12f40000,"Thread-1"] recursive attempt to load library "/system/lib/libmedia_jni.so"
10-20 10:52:29.362507   507   507 D WakeupController: WifiWake enabled
10-20 10:52:29.362621    72   772 D MtpDeviceJNI: register_android_mtp_MtpDevice
10-20 10:52:29.362952    72   772 I zygote  : Thread[6,tid=772,Native,Thread*=0xf2dc8000,peer=0x12f40000,"Thread-1"] recursive attempt to load library "/system/lib/libmedia_jni.so"
10-20 10:52:29.363170    72   772 I zygote  : Thread[6,tid=772,Native,Thread*=0xf2dc8000,peer=0x12f40000,"Thread-1"] recursive attempt to load library "/system/lib/libmedia_jni.so"
10-20 10:52:29.364215   507   507 D WifiController: isAirplaneModeOn = false, isWifiEnabled = true, isScanningAvailable = false, isLocationModeActive = false
10-20 10:52:29.365521   507   507 E SupplicantStaIfaceHal: Can't call setDebugParams, ISupplicant is null
10-20 10:52:29.365644   507   507 W WifiDiags: no ring buffers found
10-20 10:52:29.365708   507   507 W WifiDiags: Failed to start packet fate monitoring
10-20 10:52:29.365903   507   507 I WifiService: Registering wifi
10-20 10:52:29.368219   507   507 I WifiScanningService: Creating wifiscanner
10-20 10:52:29.369304   507   507 I WifiScanningService: Publishing wifiscanner
10-20 10:52:29.377966   507   507 W HalDevMgr: isWifiStarted called but mWifi is null!?
10-20 10:52:29.378090   507   507 I WifiP2pService: Registering wifip2p
10-20 10:52:29.379842   507   507 I EthernetService: Registering service ethernet
10-20 10:52:29.419717   143   143 E hwcomposer: [COMP] (2:0) Failed to get releaseFence !!  
10-20 10:52:29.450109    16    16 W hwservicemanager: getTransport: Cannot find entry android.hardware.gnss@1.1::IGnss/default in either framework or device manifest.
10-20 10:52:29.450286   507   507 D GnssLocationProvider: gnssHal 1.1 was null, trying 1.0
10-20 10:52:29.451298    72   773 I Zygote  : Installed AndroidKeyStoreProvider in 0ms.
10-20 10:52:29.455999   507   507 I GnssLocationProvider: WakeLock acquired by sendMessage(INITIALIZE_HANDLER, 0, null)
10-20 10:52:29.456585   507   575 D GnssLocationProvider: Link to death notification successful
10-20 10:52:29.457008   153   153 I MtkGnssHAL_GnssInterface: getExtensionXtra: GnssXtra interface not implemented by HAL
10-20 10:52:29.458170   153   153 I MtkGnssHAL_GnssInterface: getExtensionGnssDebug: GnssDebug interface not implemented by HAL
10-20 10:52:29.458230    72   773 I Zygote  : Warmed up JCA providers in 6ms.
10-20 10:52:29.458635   507   507 W ServiceWatcher: com.google.android.gms not found
10-20 10:52:29.459101   153   153 W MtkGnssHAL_GnssInterface: getExtensionGnssConfiguration: GnssConfiguration interface not implemented by HAL
10-20 10:52:29.459370   153   153 E MtkGnssHAL_GnssInterface: getExtensionGnssGeofencing: GnssGeofencing interface not implemented by HAL
10-20 10:52:29.459996   507   507 W ServiceWatcher: com.google.android.gms not found
10-20 10:52:29.460843   507   507 W ServiceWatcher: com.google.android.gms not found
10-20 10:52:29.461313   153   153 E MtkGnssHAL_GnssInterface: Fused Location hw_get_module returned null methods
10-20 10:52:29.461342   153   153 E MtkGnssHAL_GnssInterface: getExtensionGnssBatching: GnssBatching interface is not implemented by HAL
10-20 10:52:29.461883   153   153 D         : gpshal_gpscbs_save: Use GpsCallbacks
10-20 10:52:29.462001   153   153 D         : gpshal_check_capability: chip id = 0x6771
10-20 10:52:29.462014   153   153 D         : gpshal_resource_init: year = 2016, capabilities = 70
10-20 10:52:29.462092   507   575 D GnssLocationProvider: gnssSetCapabilitesCb: 70u
10-20 10:52:29.462504   507   575 D GnssLocationProvider: gnssSetSystemInfoCb: yearOfHw=2016
10-20 10:52:29.462593   507   575 D GnssLocationProvider: setGnssYearOfHardware called with 2016
10-20 10:52:29.462878   153   153 D         : socket_bind_udp: fd=8
10-20 10:52:29.462593   507   507 W ServiceWatcher: com.google.android.gms not found
10-20 10:52:29.462909   153   153 D         : socket_bind_udp: path=mtk_mnl2hal
10-20 10:52:29.463096   153   153 D         : hal2mnl_gps_init: hal2mnl_gps_init
10-20 10:52:29.463221   267   532 D         : mnld_main_thread: hal2mnl_hdlr msg
10-20 10:52:29.463280   267   532 W         : hal_gps_init: hal_gps_init
10-20 10:52:29.463295   507   575 E GnssLocationProvider: Unable to initialize GNSS Xtra interface
10-20 10:52:29.463295   267   532 D         : mnl2agps_gps_init: mnl2agps_gps_init
10-20 10:52:29.463520   320   368 D agps    : [agps][n][AGPS] [MNL] read  gps_init
10-20 10:52:29.463610   507   507 W ServiceWatcher: com.google.android.gms not found
10-20 10:52:29.463577   320   368 D agps    : [agps][n][CDMA] cdma_mgr_sync_gps_setting(): 1
10-20 10:52:29.463618   507   575 I GnssLocationProvider: Unable to initialize GNSS Geofencing interface
10-20 10:52:29.463928   153   153 D         : hal2mnl_gps_cleanup: hal2mnl_gps_cleanup
10-20 10:52:29.463594   320   368 D agps    : [agps][n][RPC] GPS_RPC_REQUEST_SET_PRIVACY_MODE
10-20 10:52:29.464013   267   532 D         : mnld_main_thread: hal2mnl_hdlr msg
10-20 10:52:29.464093   507   575 D GnssLocationProvider: Reset GPS properties, previous size = 0
10-20 10:52:29.463609   320   368 D agps    : [agps][n][CDMA] check_low_power_mode(): old=0, new=0
10-20 10:52:29.464046   267   532 W         : hal_gps_cleanup: hal_gps_cleanup
10-20 10:52:29.463644   320   368 D agps    : [agps] WARNING: [AGPS] agps2_mgr_aireplane_mode_from_c2k() flight_mode_state=[0] flight_mode_power_off_md=[0] is_cp_run=[0]
10-20 10:52:29.464061   267   532 D         : mnl2agps_gps_cleanup: mnl2agps_gps_cleanup
10-20 10:52:29.463660   320   368 D agps    : [agps][n][CP] [MD_1] write  cp2_util_send_location_setting  enabled=[1]
10-20 10:52:29.464216   507   575 D GnssLocationProvider: GpsParamsResource: SUPL_HOST=supl.google.com
10-20 10:52:29.464192   320   368 D agps    : [agps][n][AGPS] [MNL] read  gps_cleanup
10-20 10:52:29.464259   507   575 D GnssLocationProvider: GpsParamsResource: SUPL_PORT=7275
10-20 10:52:29.464216   320   368 D agps    : [agps][n][CDMA] cdma_mgr_sync_gps_setting(): 0
10-20 10:52:29.464944   153   153 D         : hal2mnl_set_server: hal2mnl_set_server  type=1 hostname=[supl.google.com] port=7275
10-20 10:52:29.464232   320   368 D agps    : [agps][n][RPC] GPS_RPC_REQUEST_SET_PRIVACY_MODE
10-20 10:52:29.465058   267   532 D         : mnld_main_thread: hal2mnl_hdlr msg
10-20 10:52:29.464287   507   575 D GnssLocationProvider: GpsParamsResource: SUPL_VER=0x20000
10-20 10:52:29.464246   320   368 D agps    : [agps][n][CDMA] check_low_power_mode(): old=0, new=0
10-20 10:52:29.465104   267   532 D         : hal_set_server: hal_set_server  type=1 hostname=[supl.google.com] port=7275
10-20 10:52:29.464312   507   575 D GnssLocationProvider: GpsParamsResource: SUPL_MODE=1
10-20 10:52:29.464278   320   368 D agps    : [agps] WARNING: [AGPS] agps2_mgr_aireplane_mode_from_c2k() flight_mode_state=[0] flight_mode_power_off_md=[0] is_cp_run=[0]
10-20 10:52:29.464327   507   507 E ActivityRecognitionHardware: activity_recognition HAL is deprecated. is_supported is effectively a no-op
10-20 10:52:29.464294   320   368 D agps    : [agps][n][CP] [MD_1] write  cp2_util_send_location_setting  enabled=[0]
10-20 10:52:29.464330   507   575 D GnssLocationProvider: GpsParamsResource: SUPL_ES=1
10-20 10:52:29.465214   320   368 D agps    : [agps][n][AGPS] [MNL] read  set_server  type=1 hostname=[supl.google.com] port=7275 aosp_profile_enable=0
10-20 10:52:29.464353   507   575 D GnssLocationProvider: GpsParamsResource: LPP_PROFILE=0
10-20 10:52:29.464381   507   575 D GnssLocationProvider: GpsParamsResource: USE_EMERGENCY_PDN_FOR_EMERGENCY_SUPL=1
10-20 10:52:29.464405   507   575 D GnssLocationProvider: GpsParamsResource: A_GLONASS_POS_PROTOCOL_SELECT=0
10-20 10:52:29.464423   507   575 D GnssLocationProvider: GpsParamsResource: GPS_LOCK=0
10-20 10:52:29.464700   507   507 W ServiceWatcher: com.google.android.gms not found
10-20 10:52:29.464739   507   575 D GnssLocationProvider: Could not open GPS configuration file /etc/gps_debug.conf
10-20 10:52:29.464882   507   507 E ActivityRecognitionProxy: ServiceWatcher could not start.
10-20 10:52:29.465139   507   507 I GnssLocationProvider: WakeLock acquired by sendMessage(ENABLE, 1, null)
10-20 10:52:29.465178   507   575 D GnssLocationProvider: Skipped configuration update because GNSS configuration in GPS HAL is not supported
10-20 10:52:29.467058   131   131 I v01_server_ota_main: select
10-20 10:52:29.467167   131   131 I v01_server_ota_main: rcvlen = 162
10-20 10:52:29.467184   131   131 I v01_server_ota_main: change@/devices/platform/regulatory.0
10-20 10:52:29.467184   131   131 I v01_server_ota_main: ACTION=change
10-20 10:52:29.467184   131   131 I v01_server_ota_main: DEVPATH=/devices/platform/regulatory.0
10-20 10:52:29.467184   131   131 I v01_server_ota_main: SUBSYSTEM=platform
10-20 10:52:29.467184   131   131 I v01_server_ota_main: COUNTRY=00
10-20 10:52:29.467184   131   131 I v01_server_ota_main: MODALIAS=platform:regulatory
10-20 10:52:29.467184   131   131 I v01_server_ota_main: SEQNUM=6847
10-20 10:52:29.467184   131   131 I v01_server_ota_main: 
10-20 10:52:29.474420   507   575 I GnssLocationProvider: WakeLock released by handleMessage(INITIALIZE_HANDLER, 0, null)
10-20 10:52:29.474767   507   575 I GnssLocationProvider: restartRequests
10-20 10:52:29.474811   507   575 D GnssLocationProvider: restartLocationRequest
10-20 10:52:29.474986   507   575 D GnssLocationProvider: handleEnable
