05-06 01:18:30.340   932   932 I MediaCodecsXmlParser: limit: alignment = 2x2
05-06 01:18:30.340   932   932 I MediaCodecsXmlParser: limit: block-size = 16x16
05-06 01:18:30.340   932   932 I MediaCodecsXmlParser: limit: blocks-per-second-range = 1-972000
05-06 01:18:30.340   932   932 I MediaCodecsXmlParser: limit: bitrate-range = 1-35000000
05-06 01:18:30.340   932   932 I MediaCodecsXmlParser: limit: feature-adaptive-playback = 0
05-06 01:18:30.340   932   932 I MediaCodecsXmlParser: limit: feature-secure-playback = 1
05-06 01:18:30.340   932   932 I MediaCodecsXmlParser: limit: max-concurrent-instances = 6
05-06 01:18:30.340   932   932 I MediaCodecsXmlParser: limit: performance-point-3840x2160-range = 30-30
05-06 01:18:30.340   932   932 D MediaCodecsXmlParser: parsing /vendor/etc/media_codecs_google_video.xml...
05-06 01:18:30.348   932   932 I MediaCodecsXmlParser: limit: size-range = 2x2-352x288
05-06 01:18:30.348   932   932 I MediaCodecsXmlParser: limit: alignment = 2x2
05-06 01:18:30.348   932   932 I MediaCodecsXmlParser: limit: block-size = 16x16
05-06 01:18:30.348   932   932 I MediaCodecsXmlParser: limit: blocks-per-second-range = 12-11880
05-06 01:18:30.348   932   932 I MediaCodecsXmlParser: limit: bitrate-range = 1-384000
05-06 01:18:30.348   932   932 I MediaCodecsXmlParser: limit: feature-adaptive-playback = 0
05-06 01:18:30.348   932   932 I MediaCodecsXmlParser: limit: size-range = 2x2-352x288
05-06 01:18:30.348   932   932 I MediaCodecsXmlParser: limit: alignment = 2x2
05-06 01:18:30.348   932   932 I MediaCodecsXmlParser: limit: bitrate-range = 1-384000
05-06 01:18:30.348   932   932 I MediaCodecsXmlParser: limit: feature-adaptive-playback = 0
05-06 01:18:30.348   932   932 I MediaCodecsXmlParser: limit: size-range = 2x2-4080x4080
05-06 01:18:30.348   932   932 I MediaCodecsXmlParser: limit: alignment = 2x2
05-06 01:18:30.348   932   932 I MediaCodecsXmlParser: limit: block-size = 16x16
05-06 01:18:30.348   932   932 I MediaCodecsXmlParser: limit: block-count-range = 1-32768
05-06 01:18:30.348   932   932 I MediaCodecsXmlParser: limit: blocks-per-second-range = 1-1966080
05-06 01:18:30.348   932   932 I MediaCodecsXmlParser: limit: bitrate-range = 1-48000000
05-06 01:18:30.348   932   932 I MediaCodecsXmlParser: limit: feature-adaptive-playback = 0
05-06 01:18:30.348   932   932 I MediaCodecsXmlParser: limit: size-range = 2x2-4096x4096
05-06 01:18:30.348   932   932 I MediaCodecsXmlParser: limit: alignment = 2x2
05-06 01:18:30.348   932   932 I MediaCodecsXmlParser: limit: block-size = 8x8
05-06 01:18:30.348   932   932 I MediaCodecsXmlParser: limit: block-count-range = 1-196608
05-06 01:18:30.348   932   932 I MediaCodecsXmlParser: limit: blocks-per-second-range = 1-2000000
05-06 01:18:30.348   932   932 I MediaCodecsXmlParser: limit: bitrate-range = 1-10000000
05-06 01:18:30.348   932   932 I MediaCodecsXmlParser: limit: feature-adaptive-playback = 0
05-06 01:18:30.348   932   932 I MediaCodecsXmlParser: limit: size-range = 2x2-2048x2048
05-06 01:18:30.348   932   932 I MediaCodecsXmlParser: limit: alignment = 2x2
05-06 01:18:30.348   932   932 I MediaCodecsXmlParser: limit: block-size = 16x16
05-06 01:18:30.348   932   932 I MediaCodecsXmlParser: limit: block-count-range = 1-16384
05-06 01:18:30.348   932   932 I MediaCodecsXmlParser: limit: blocks-per-second-range = 1-1000000
05-06 01:18:30.348   932   932 I MediaCodecsXmlParser: limit: bitrate-range = 1-40000000
05-06 01:18:30.348   932   932 I MediaCodecsXmlParser: limit: feature-adaptive-playback = 0
05-06 01:18:30.348   932   932 I MediaCodecsXmlParser: limit: size-range = 2x2-2048x2048
05-06 01:18:30.348   932   932 I MediaCodecsXmlParser: limit: alignment = 2x2
05-06 01:18:30.348   932   932 I MediaCodecsXmlParser: limit: block-size = 16x16
05-06 01:18:30.348   932   932 I MediaCodecsXmlParser: limit: block-count-range = 1-16384
05-06 01:18:30.348   932   932 I MediaCodecsXmlParser: limit: blocks-per-second-range = 1-500000
05-06 01:18:30.348   932   932 I MediaCodecsXmlParser: limit: bitrate-range = 1-40000000
05-06 01:18:30.348   932   932 I MediaCodecsXmlParser: limit: feature-adaptive-playback = 0
05-06 01:18:30.348   932   932 I MediaCodecsXmlParser: limit: size-range = 176x144-176x144
05-06 01:18:30.348   932   932 I MediaCodecsXmlParser: limit: alignment = 16x16
05-06 01:18:30.348   932   932 I MediaCodecsXmlParser: limit: bitrate-range = 1-128000
05-06 01:18:30.348   932   932 I MediaCodecsXmlParser: limit: size-range = 16x16-2048x2048
05-06 01:18:30.348   932   932 I MediaCodecsXmlParser: limit: alignment = 2x2
05-06 01:18:30.348   932   932 I MediaCodecsXmlParser: limit: block-size = 16x16
05-06 01:18:30.348   932   932 I MediaCodecsXmlParser: limit: block-count-range = 1-8192
05-06 01:18:30.348   932   932 I MediaCodecsXmlParser: limit: blocks-per-second-range = 1-245760
05-06 01:18:30.348   932   932 I MediaCodecsXmlParser: limit: bitrate-range = 1-12000000
05-06 01:18:30.348   932   932 I MediaCodecsXmlParser: limit: feature-intra-refresh = 0
05-06 01:18:30.348   932   932 I MediaCodecsXmlParser: limit: size-range = 16x16-176x144
05-06 01:18:30.348   932   932 I MediaCodecsXmlParser: limit: alignment = 16x16
05-06 01:18:30.348   932   932 I MediaCodecsXmlParser: limit: block-size = 16x16
05-06 01:18:30.349   932   932 I MediaCodecsXmlParser: limit: blocks-per-second-range = 12-1485
05-06 01:18:30.349   932   932 I MediaCodecsXmlParser: limit: bitrate-range = 1-64000
05-06 01:18:30.349   932   932 I MediaCodecsXmlParser: limit: size-range = 2x2-2048x2048
05-06 01:18:30.349   932   932 I MediaCodecsXmlParser: limit: alignment = 2x2
05-06 01:18:30.349   932   932 I MediaCodecsXmlParser: limit: block-size = 16x16
05-06 01:18:30.349   932   932 I MediaCodecsXmlParser: limit: block-count-range = 1-16384
05-06 01:18:30.349   932   932 I MediaCodecsXmlParser: limit: bitrate-range = 1-40000000
05-06 01:18:30.349   932   932 I MediaCodecsXmlParser: limit: feature-bitrate-modes = VBR,CBR
05-06 01:18:30.349   932   932 I MediaCodecsXmlParser: limit: size-range = 2x2-2048x2048
05-06 01:18:30.349   932   932 I MediaCodecsXmlParser: limit: alignment = 2x2
05-06 01:18:30.349   932   932 I MediaCodecsXmlParser: limit: block-size = 16x16
05-06 01:18:30.349   932   932 I MediaCodecsXmlParser: limit: block-count-range = 1-3600
05-06 01:18:30.349   932   932 I MediaCodecsXmlParser: limit: bitrate-range = 1-40000000
05-06 01:18:30.349   932   932 I MediaCodecsXmlParser: limit: feature-bitrate-modes = VBR,CBR
05-06 01:18:30.349   932   932 I MediaCodecsXmlParser: getVendorXmlPath (/vendor/etc/media_codecs_performance.xml)
05-06 01:18:30.349   932   932 D MediaCodecsXmlParser: parsing /vendor/etc/media_codecs_performance.xml...
05-06 01:18:30.358   932   932 I MediaCodecsXmlParser: limit: measured-frame-rate-320x240-range = 388-392
05-06 01:18:30.358   932   932 I MediaCodecsXmlParser: limit: measured-frame-rate-720x480-range = 80-90
05-06 01:18:30.359   932   932 I MediaCodecsXmlParser: limit: measured-frame-rate-1280x720-range = 32-37
05-06 01:18:30.359   932   932 I MediaCodecsXmlParser: limit: measured-frame-rate-1920x1080-range = 40-40
05-06 01:18:30.359   932   932 I MediaCodecsXmlParser: limit: measured-frame-rate-320x240-range = 226-226
05-06 01:18:30.359   932   932 I MediaCodecsXmlParser: limit: measured-frame-rate-720x480-range = 121-121
05-06 01:18:30.359   932   932 I MediaCodecsXmlParser: limit: measured-frame-rate-1280x720-range = 49-49
05-06 01:18:30.359   932   932 I MediaCodecsXmlParser: limit: measured-frame-rate-1920x1080-range = 16-45
05-06 01:18:30.359   932   932 I MediaCodecsXmlParser: limit: measured-frame-rate-3840x2160-range = 13-26
05-06 01:18:30.359   932   932 I MediaCodecsXmlParser: limit: measured-frame-rate-176x144-range = 517-521
05-06 01:18:30.359   932   932 I MediaCodecsXmlParser: limit: measured-frame-rate-352x288-range = 261-261
05-06 01:18:30.359   932   932 I MediaCodecsXmlParser: limit: measured-frame-rate-176x144-range = 515-518
05-06 01:18:30.359   932   932 I MediaCodecsXmlParser: limit: measured-frame-rate-352x288-range = 263-263
05-06 01:18:30.359   932   932 I MediaCodecsXmlParser: limit: measured-frame-rate-640x480-range = 144-144
05-06 01:18:30.359   932   932 I MediaCodecsXmlParser: limit: measured-frame-rate-320x180-range = 312-312
05-06 01:18:30.359   932   932 I MediaCodecsXmlParser: limit: measured-frame-rate-640x360-range = 175-174
05-06 01:18:30.359   932   932 I MediaCodecsXmlParser: limit: measured-frame-rate-1280x720-range = 30-40
05-06 01:18:30.359   932   932 I MediaCodecsXmlParser: limit: measured-frame-rate-1920x1080-range = 20-25
05-06 01:18:30.365   932   932 I MediaCodecsXmlParser: limit: measured-frame-rate-320x240-range = 185-185
05-06 01:18:30.365   932   932 I MediaCodecsXmlParser: limit: measured-frame-rate-720x480-range = 87-87
05-06 01:18:30.365   932   932 I MediaCodecsXmlParser: limit: measured-frame-rate-1280x720-range = 45-45
05-06 01:18:30.365   932   932 I MediaCodecsXmlParser: limit: measured-frame-rate-1920x1080-range = 28-28
05-06 01:18:30.365   932   932 D MediaCodecsXmlParser: MediaCodec: cannot update non-existing codec at line 57 of /vendor/etc/media_codecs_performance.xml
05-06 01:18:30.365   932   932 I MediaCodecsXmlParser: limit: measured-frame-rate-176x144-range = 350-365
05-06 01:18:30.365   932   932 D MediaCodecsXmlParser: MediaCodec: cannot update non-existing codec at line 66 of /vendor/etc/media_codecs_performance.xml
05-06 01:18:30.365   932   932 I MediaCodecsXmlParser: limit: measured-frame-rate-176x144-range = 385-385
05-06 01:18:30.365   932   932 D MediaCodecsXmlParser: MediaCodec: cannot update non-existing codec at line 72 of /vendor/etc/media_codecs_performance.xml
05-06 01:18:30.365   932   932 D MediaCodecsXmlParser: MediaCodec: cannot update non-existing codec at line 75 of /vendor/etc/media_codecs_performance.xml
05-06 01:18:30.365   932   932 I MediaCodecsXmlParser: limit: measured-frame-rate-320x180-range = 100-120
05-06 01:18:30.365   932   932 I MediaCodecsXmlParser: limit: measured-frame-rate-640x360-range = 45-50
05-06 01:18:30.365   932   932 I MediaCodecsXmlParser: limit: measured-frame-rate-1280x720-range = 30-35
05-06 01:18:30.365   932   932 I MediaCodecsXmlParser: limit: measured-frame-rate-1920x1080-range = 20-30
05-06 01:18:30.365   932   932 I MediaCodecsXmlParser: limit: measured-frame-rate-320x180-range = 140-180
05-06 01:18:30.365   932   932 I MediaCodecsXmlParser: limit: measured-frame-rate-640x360-range = 45-60
05-06 01:18:30.365   932   932 I MediaCodecsXmlParser: limit: measured-frame-rate-1280x720-range = 12-15
05-06 01:18:30.365   932   932 D MediaCodecsXmlParser: MediaCodec: cannot update non-existing codec at line 90 of /vendor/etc/media_codecs_performance.xml
05-06 01:18:30.365   932   932 I MediaCodecsXmlParser: limit: measured-frame-rate-320x240-range = 555-566
05-06 01:18:30.365   932   932 I MediaCodecsXmlParser: limit: measured-frame-rate-720x480-range = 239-239
05-06 01:18:30.365   932   932 I MediaCodecsXmlParser: limit: measured-frame-rate-1280x720-range = 197-197
05-06 01:18:30.365   932   932 I MediaCodecsXmlParser: limit: measured-frame-rate-1920x1088-range = 198-199
05-06 01:18:30.365   932   932 I MediaCodecsXmlParser: limit: measured-frame-rate-352x288-range = 650-655
05-06 01:18:30.365   932   932 I MediaCodecsXmlParser: limit: measured-frame-rate-640x360-range = 395-398
05-06 01:18:30.365   932   932 I MediaCodecsXmlParser: limit: measured-frame-rate-720x480-range = 300-304
05-06 01:18:30.365   932   932 I MediaCodecsXmlParser: limit: measured-frame-rate-1280x720-range = 241-241
05-06 01:18:30.365   932   932 I MediaCodecsXmlParser: limit: measured-frame-rate-1920x1088-range = 224-226
05-06 01:18:30.365   932   932 I MediaCodecsXmlParser: limit: measured-frame-rate-3840x2160-range = 30-40
05-06 01:18:30.365   932   932 I MediaCodecsXmlParser: limit: measured-frame-rate-176x144-range = 890-898
05-06 01:18:30.365   932   932 I MediaCodecsXmlParser: limit: measured-frame-rate-352x288-range = 840-850
05-06 01:18:30.365   932   932 I MediaCodecsXmlParser: limit: measured-frame-rate-176x144-range = 850-875
05-06 01:18:30.365   932   932 I MediaCodecsXmlParser: limit: measured-frame-rate-480x360-range = 766-794
05-06 01:18:30.365   932   932 I MediaCodecsXmlParser: limit: measured-frame-rate-320x180-range = 680-696
05-06 01:18:30.365   932   932 I MediaCodecsXmlParser: limit: measured-frame-rate-640x360-range = 400-415
05-06 01:18:30.365   932   932 I MediaCodecsXmlParser: limit: measured-frame-rate-1280x720-range = 350-358
05-06 01:18:30.365   932   932 I MediaCodecsXmlParser: limit: measured-frame-rate-1920x1080-range = 199-199
05-06 01:18:30.365   932   932 I MediaCodecsXmlParser: limit: measured-frame-rate-320x180-range = 500-524
05-06 01:18:30.365   932   932 I MediaCodecsXmlParser: limit: measured-frame-rate-640x360-range = 360-366
05-06 01:18:30.365   932   932 I MediaCodecsXmlParser: limit: measured-frame-rate-1280x720-range = 190-210
05-06 01:18:30.365   932   932 I MediaCodecsXmlParser: limit: measured-frame-rate-1920x1080-range = 170-190
05-06 01:18:30.365   932   932 I MediaCodecsXmlParser: limit: measured-frame-rate-3840x2160-range = 48-48
05-06 01:18:30.365   932   932 I MediaCodecsXmlParser: limit: measured-frame-rate-320x240-range = 320-350
05-06 01:18:30.366   932   932 I MediaCodecsXmlParser: limit: measured-frame-rate-720x480-range = 100-130
05-06 01:18:30.366   932   932 I MediaCodecsXmlParser: limit: measured-frame-rate-1280x720-range = 50-58
05-06 01:18:30.366   932   932 I MediaCodecsXmlParser: limit: measured-frame-rate-1920x1080-range = 20-30
05-06 01:18:30.366   932   932 D MediaCodecsXmlParser: MediaCodec: cannot update non-existing codec at line 139 of /vendor/etc/media_codecs_performance.xml
05-06 01:18:30.366   932   932 I MediaCodecsXmlParser: limit: measured-frame-rate-352x288-range = 458-458
05-06 01:18:30.366   932   932 I MediaCodecsXmlParser: limit: measured-frame-rate-640x360-range = 210-215
05-06 01:18:30.366   932   932 I MediaCodecsXmlParser: limit: measured-frame-rate-720x480-range = 120-125
05-06 01:18:30.366   932   932 I MediaCodecsXmlParser: limit: measured-frame-rate-1280x720-range = 70-85
05-06 01:18:30.366   932   932 I MediaCodecsXmlParser: limit: measured-frame-rate-1920x1080-range = 45-48
05-06 01:18:30.366   932   932 D MediaCodecsXmlParser: MediaCodec: cannot update non-existing codec at line 152 of /vendor/etc/media_codecs_performance.xml
05-06 01:18:30.366   932   932 I MediaCodecsXmlParser: limit: measured-frame-rate-176x144-range = 190-210
05-06 01:18:30.366   932   932 I MediaCodecsXmlParser: limit: measured-frame-rate-352x288-range = 170-182
05-06 01:18:30.366   932   932 D MediaCodecsXmlParser: MediaCodec: cannot update non-existing codec at line 163 of /vendor/etc/media_codecs_performance.xml
05-06 01:18:30.366   932   932 I MediaCodecsXmlParser: limit: measured-frame-rate-320x240-range = 575-580
05-06 01:18:30.366   932   932 I MediaCodecsXmlParser: limit: measured-frame-rate-640x360-range = 200-220
05-06 01:18:30.366   932   932 I MediaCodecsXmlParser: limit: measured-frame-rate-1280x720-range = 45-55
05-06 01:18:30.366   932   932 I MediaCodecsXmlParser: limit: measured-frame-rate-1920x1080-range = 18-22
05-06 01:18:30.366   932   932 D MediaCodecsXmlParser: MediaCodec: cannot update non-existing codec at line 173 of /vendor/etc/media_codecs_performance.xml
05-06 01:18:30.366   932   932 I MediaCodecsXmlParser: limit: measured-frame-rate-320x240-range = 580-604
05-06 01:18:30.366   932   932 I MediaCodecsXmlParser: limit: measured-frame-rate-640x360-range = 180-185
05-06 01:18:30.366   932   932 I MediaCodecsXmlParser: limit: measured-frame-rate-1280x720-range = 88-92
05-06 01:18:30.366   932   932 I MediaCodecsXmlParser: limit: measured-frame-rate-1920x1080-range = 47-52
05-06 01:18:30.366   932   932 D MediaCodecsXmlParser: MediaCodec: cannot update non-existing codec at line 185 of /vendor/etc/media_codecs_performance.xml
05-06 01:18:30.366   932   932 I MediaCodecsXmlParser: limit: measured-frame-rate-176x144-range = 380-400
05-06 01:18:30.366   932   932 D MediaCodecsXmlParser: MediaCodec: cannot update non-existing codec at line 197 of /vendor/etc/media_codecs_performance.xml
05-06 01:18:30.366   932   932 D MediaCodecsXmlParser: Cannot find /data/misc/media/media_codecs_profiling_results.xml
05-06 01:18:30.369   932   932 I ServiceManagement: Registered android.hardware.media.omx@1.0::IOmx/default (start delay of 365ms)
05-06 01:18:30.369   932   932 I ServiceManagement: Removing namespace from process name android.hardware.media.omx@1.0-service to omx@1.0-service.
05-06 01:18:30.370   932   932 I media.codec: IOmx HAL service created.
05-06 01:18:30.370   932   932 I MediaCodecsXmlParser: getVendorXmlPath (/vendor/etc/media_codecs_vendor.xml)
05-06 01:18:30.370   932   932 D MediaCodecsXmlParser: parsing /vendor/etc/media_codecs_vendor.xml...
05-06 01:18:30.371   932   932 D MediaCodecsXmlParser: parsing /vendor/etc/media_codecs_google_audio.xml...
05-06 01:18:30.371   932   932 I MediaCodecsXmlParser: limit: max-channel-count = 2
05-06 01:18:30.371   932   932 I MediaCodecsXmlParser: limit: sample-rate-ranges = 8000,11025,12000,16000,22050,24000,32000,44100,48000
05-06 01:18:30.371   932   932 I MediaCodecsXmlParser: limit: bitrate-range = 8000-320000
05-06 01:18:30.371   932   932 I MediaCodecsXmlParser: limit: max-channel-count = 1
05-06 01:18:30.371   932   932 I MediaCodecsXmlParser: limit: sample-rate-ranges = 8000
05-06 01:18:30.371   932   932 I MediaCodecsXmlParser: limit: bitrate-range = 4750-12200
05-06 01:18:30.371   932   932 I MediaCodecsXmlParser: limit: max-channel-count = 1
05-06 01:18:30.371   932   932 I MediaCodecsXmlParser: limit: sample-rate-ranges = 16000
05-06 01:18:30.371   932   932 I MediaCodecsXmlParser: limit: bitrate-range = 6600-23850
05-06 01:18:30.371   932   932 I MediaCodecsXmlParser: limit: max-channel-count = 8
05-06 01:18:30.371   932   932 I MediaCodecsXmlParser: limit: sample-rate-ranges = 7350,8000,11025,12000,16000,22050,24000,32000,44100,48000
05-06 01:18:30.371   932   932 I MediaCodecsXmlParser: limit: bitrate-range = 8000-960000
05-06 01:18:30.371   932   932 I MediaCodecsXmlParser: limit: max-channel-count = 1
05-06 01:18:30.371   932   932 I MediaCodecsXmlParser: limit: sample-rate-ranges = 8000-48000
05-06 01:18:30.371   932   932 I MediaCodecsXmlParser: limit: bitrate-range = 64000
05-06 01:18:30.371   932   932 I MediaCodecsXmlParser: limit: max-channel-count = 1
05-06 01:18:30.371   932   932 I MediaCodecsXmlParser: limit: sample-rate-ranges = 8000-48000
05-06 01:18:30.371   932   932 I MediaCodecsXmlParser: limit: bitrate-range = 64000
05-06 01:18:30.371   932   932 I MediaCodecsXmlParser: limit: max-channel-count = 8
05-06 01:18:30.371   932   932 I MediaCodecsXmlParser: limit: sample-rate-ranges = 8000-96000
05-06 01:18:30.371   932   932 I MediaCodecsXmlParser: limit: bitrate-range = 32000-500000
05-06 01:18:30.371   932   932 I MediaCodecsXmlParser: limit: max-channel-count = 8
05-06 01:18:30.371   932   932 I MediaCodecsXmlParser: limit: sample-rate-ranges = 48000
05-06 01:18:30.371   932   932 I MediaCodecsXmlParser: limit: bitrate-range = 6000-510000
05-06 01:18:30.371   932   932 I MediaCodecsXmlParser: limit: max-channel-count = 8
05-06 01:18:30.371   932   932 I MediaCodecsXmlParser: limit: sample-rate-ranges = 8000-192000
05-06 01:18:30.371   932   932 I MediaCodecsXmlParser: limit: bitrate-range = 1-10000000
05-06 01:18:30.371   932   932 I MediaCodecsXmlParser: limit: max-channel-count = 8
05-06 01:18:30.371   932   932 I MediaCodecsXmlParser: limit: sample-rate-ranges = 1-655350
05-06 01:18:30.371   932   932 I MediaCodecsXmlParser: limit: bitrate-range = 1-21000000
05-06 01:18:30.371   932   932 I MediaCodecsXmlParser: limit: max-channel-count = 6
05-06 01:18:30.372   932   932 I MediaCodecsXmlParser: limit: sample-rate-ranges = 8000,11025,12000,16000,22050,24000,32000,44100,48000
05-06 01:18:30.372   932   932 I MediaCodecsXmlParser: limit: bitrate-range = 8000-960000
05-06 01:18:30.372   932   932 I MediaCodecsXmlParser: limit: max-channel-count = 1
05-06 01:18:30.372   932   932 I MediaCodecsXmlParser: limit: sample-rate-ranges = 8000
05-06 01:18:30.372   913   913 I mediametrics: ServiceManager: 0x79f03f6800
05-06 01:18:30.372   932   932 I MediaCodecsXmlParser: limit: bitrate-range = 4750-12200
05-06 01:18:30.372   932   932 I MediaCodecsXmlParser: limit: feature-bitrate-modes = CBR
05-06 01:18:30.372   932   932 I MediaCodecsXmlParser: limit: max-channel-count = 1
05-06 01:18:30.372   913   913 D MediaAnalyticsService: MediaAnalyticsService created
05-06 01:18:30.372   932   932 I MediaCodecsXmlParser: limit: sample-rate-ranges = 16000
05-06 01:18:30.372   932   932 I MediaCodecsXmlParser: limit: bitrate-range = 6600-23850
05-06 01:18:30.372   932   932 I MediaCodecsXmlParser: limit: feature-bitrate-modes = CBR
05-06 01:18:30.372   932   932 I MediaCodecsXmlParser: limit: max-channel-count = 2
05-06 01:18:30.372   932   932 I MediaCodecsXmlParser: limit: sample-rate-ranges = 1-655350
05-06 01:18:30.372   932   932 I MediaCodecsXmlParser: limit: bitrate-range = 1-21000000
05-06 01:18:30.372   932   932 I MediaCodecsXmlParser: limit: complexity-default = 5
05-06 01:18:30.372   932   932 I MediaCodecsXmlParser: limit: complexity-range = 0-8
05-06 01:18:30.372   932   932 I MediaCodecsXmlParser: limit: feature-bitrate-modes = CQ
05-06 01:18:30.372   932   932 D MediaCodecsXmlParser: parsing /vendor/etc/media_codecs_vendor_audio.xml...
05-06 01:18:30.372   932   932 I MediaCodecsXmlParser: limit: max-concurrent-instances = 10
05-06 01:18:30.373   932   932 D MediaCodecsXmlParser: parsing /vendor/etc/media_codecs_google_telephony.xml...
05-06 01:18:30.373   932   932 I MediaCodecsXmlParser: limit: max-channel-count = 1
05-06 01:18:30.373   932   932 I MediaCodecsXmlParser: limit: sample-rate-ranges = 8000
05-06 01:18:30.373   932   932 I MediaCodecsXmlParser: limit: bitrate-range = 13000
05-06 01:18:30.373   932   932 I MediaCodecsXmlParser: limit: size-range = 176x64-3840x2160
05-06 01:18:30.373   932   932 I MediaCodecsXmlParser: limit: alignment = 2x2
05-06 01:18:30.373   932   932 I MediaCodecsXmlParser: limit: block-size = 16x16
05-06 01:18:30.373   932   932 I MediaCodecsXmlParser: limit: blocks-per-second-range = 1-972000
05-06 01:18:30.373   932   932 I MediaCodecsXmlParser: limit: bitrate-range = 1-100000000
05-06 01:18:30.373   932   932 I MediaCodecsXmlParser: limit: max-concurrent-instances = 16
05-06 01:18:30.373   932   932 I MediaCodecsXmlParser: limit: feature-intra-refresh = 0
05-06 01:18:30.373   932   932 I MediaCodecsXmlParser: limit: performance-point-3840x2160-range = 24-24
05-06 01:18:30.373   932   932 I MediaCodecsXmlParser: limit: size-range = 96x96-3840x2160
05-06 01:18:30.373   932   932 I MediaCodecsXmlParser: limit: alignment = 2x2
05-06 01:18:30.373   932   932 I MediaCodecsXmlParser: limit: block-size = 16x16
05-06 01:18:30.373   932   932 I MediaCodecsXmlParser: limit: blocks-per-second-range = 1-972000
05-06 01:18:30.373   932   932 I MediaCodecsXmlParser: limit: bitrate-range = 1-100000000
05-06 01:18:30.373   932   932 I MediaCodecsXmlParser: limit: max-concurrent-instances = 16
05-06 01:18:30.373   932   932 I MediaCodecsXmlParser: limit: feature-intra-refresh = 0
05-06 01:18:30.373   932   932 I MediaCodecsXmlParser: limit: feature-can-swap-width-height = 0
05-06 01:18:30.373   932   932 I MediaCodecsXmlParser: limit: performance-point-3840x2160-range = 24-24
05-06 01:18:30.373   932   932 I MediaCodecsXmlParser: limit: size-range = 96x64-1920x1088
05-06 01:18:30.373   932   932 I MediaCodecsXmlParser: limit: alignment = 2x2
05-06 01:18:30.373   932   932 I MediaCodecsXmlParser: limit: block-size = 16x16
05-06 01:18:30.373   932   932 I MediaCodecsXmlParser: limit: blocks-per-second-range = 1-244800
05-06 01:18:30.373   932   932 I MediaCodecsXmlParser: limit: bitrate-range = 1-40000000
05-06 01:18:30.373   932   932 I MediaCodecsXmlParser: limit: max-concurrent-instances = 16
05-06 01:18:30.373   932   932 I MediaCodecsXmlParser: limit: performance-point-1920x1088-range = 30-30
05-06 01:18:30.373   932   932 I MediaCodecsXmlParser: limit: size-range = 96x64-864x480
05-06 01:18:30.373   932   932 I MediaCodecsXmlParser: limit: alignment = 2x2
05-06 01:18:30.373   932   932 I MediaCodecsXmlParser: limit: block-size = 16x16
05-06 01:18:30.373   932   932 I MediaCodecsXmlParser: limit: blocks-per-second-range = 1-48600
05-06 01:18:30.373   932   932 I MediaCodecsXmlParser: limit: bitrate-range = 1-2000000
05-06 01:18:30.373   932   932 I MediaCodecsXmlParser: limit: max-concurrent-instances = 16
05-06 01:18:30.373   932   932 I MediaCodecsXmlParser: limit: performance-point-720x480-range = 30-30
05-06 01:18:30.373   932   932 I MediaCodecsXmlParser: limit: size-range = 96x64-1920x1088
05-06 01:18:30.373   932   932 I MediaCodecsXmlParser: limit: alignment = 2x2
05-06 01:18:30.373   932   932 I MediaCodecsXmlParser: limit: block-size = 16x16
05-06 01:18:30.373   932   932 I MediaCodecsXmlParser: limit: blocks-per-second-range = 1-244800
05-06 01:18:30.373   932   932 I MediaCodecsXmlParser: limit: bitrate-range = 1-40000000
05-06 01:18:30.374   932   932 I MediaCodecsXmlParser: limit: max-concurrent-instances = 16
05-06 01:18:30.374   932   932 I MediaCodecsXmlParser: limit: feature-intra-refresh = 0
05-06 01:18:30.374   932   932 I MediaCodecsXmlParser: limit: performance-point-1920x1088-range = 30-30
05-06 01:18:30.374   932   932 I MediaCodecsXmlParser: limit: size-range = 64x64-3840x2160
05-06 01:18:30.374   932   932 I MediaCodecsXmlParser: limit: alignment = 2x2
05-06 01:18:30.374   932   932 I MediaCodecsXmlParser: limit: block-size = 16x16
05-06 01:18:30.374   932   932 I MediaCodecsXmlParser: limit: blocks-per-second-range = 1-972000
05-06 01:18:30.374   932   932 I MediaCodecsXmlParser: limit: bitrate-range = 1-100000000
05-06 01:18:30.374   932   932 I MediaCodecsXmlParser: limit: feature-adaptive-playback = 0
05-06 01:18:30.374   932   932 I MediaCodecsXmlParser: limit: max-concurrent-instances = 16
05-06 01:18:30.374   932   932 I MediaCodecsXmlParser: limit: feature-can-swap-width-height = 0
05-06 01:18:30.374   932   932 I MediaCodecsXmlParser: limit: performance-point-3840x2160-range = 30-30
05-06 01:18:30.374   932   932 I MediaCodecsXmlParser: limit: size-range = 64x64-3840x2160
05-06 01:18:30.374   932   932 I MediaCodecsXmlParser: limit: alignment = 2x2
05-06 01:18:30.374   932   932 I MediaCodecsXmlParser: limit: block-size = 16x16
05-06 01:18:30.374   932   932 I MediaCodecsXmlParser: limit: blocks-per-second-range = 1-972000
05-06 01:18:30.374   932   932 I MediaCodecsXmlParser: limit: bitrate-range = 1-35000000
05-06 01:18:30.374   932   932 I MediaCodecsXmlParser: limit: feature-adaptive-playback = 0
05-06 01:18:30.374   932   932 I MediaCodecsXmlParser: limit: feature-secure-playback = 1
05-06 01:18:30.374   932   932 I MediaCodecsXmlParser: limit: max-concurrent-instances = 6
05-06 01:18:30.374   932   932 I MediaCodecsXmlParser: limit: performance-point-3840x2160-range = 30-30
05-06 01:18:30.374   932   932 I MediaCodecsXmlParser: limit: size-range = 64x64-1920x1088
05-06 01:18:30.374   932   932 I MediaCodecsXmlParser: limit: alignment = 2x2
05-06 01:18:30.374   932   932 I MediaCodecsXmlParser: limit: block-size = 16x16
05-06 01:18:30.374   932   932 I MediaCodecsXmlParser: limit: blocks-per-second-range = 1-244800
05-06 01:18:30.374   932   932 I MediaCodecsXmlParser: limit: bitrate-range = 1-40000000
05-06 01:18:30.374   932   932 I MediaCodecsXmlParser: limit: feature-adaptive-playback = 0
05-06 01:18:30.374   932   932 I MediaCodecsXmlParser: limit: max-concurrent-instances = 16
05-06 01:18:30.374   932   932 I MediaCodecsXmlParser: limit: performance-point-1920x1088-range = 30-30
05-06 01:18:30.374   932   932 I MediaCodecsXmlParser: limit: size-range = 64x64-1920x1088
05-06 01:18:30.374   932   932 I MediaCodecsXmlParser: limit: alignment = 2x2
05-06 01:18:30.374   932   932 I MediaCodecsXmlParser: limit: block-size = 16x16
05-06 01:18:30.374   932   932 I MediaCodecsXmlParser: limit: blocks-per-second-range = 1-244800
05-06 01:18:30.374   932   932 I MediaCodecsXmlParser: limit: bitrate-range = 1-20000000
05-06 01:18:30.374   932   932 I MediaCodecsXmlParser: limit: feature-adaptive-playback = 0
05-06 01:18:30.374   932   932 I MediaCodecsXmlParser: limit: feature-secure-playback = 1
05-06 01:18:30.374   932   932 I MediaCodecsXmlParser: limit: max-concurrent-instances = 6
05-06 01:18:30.374   932   932 I MediaCodecsXmlParser: limit: performance-point-1920x1088-range = 30-30
05-06 01:18:30.374   932   932 I MediaCodecsXmlParser: limit: size-range = 64x64-1920x1088
05-06 01:18:30.374   932   932 I MediaCodecsXmlParser: limit: alignment = 2x2
05-06 01:18:30.374   932   932 I MediaCodecsXmlParser: limit: block-size = 16x16
05-06 01:18:30.374   932   932 I MediaCodecsXmlParser: limit: blocks-per-second-range = 1-489600
05-06 01:18:30.374   932   932 I MediaCodecsXmlParser: limit: bitrate-range = 1-60000000
05-06 01:18:30.374   932   932 I MediaCodecsXmlParser: limit: feature-adaptive-playback = 0
05-06 01:18:30.374   932   932 I MediaCodecsXmlParser: limit: max-concurrent-instances = 16
05-06 01:18:30.374   932   932 I MediaCodecsXmlParser: limit: performance-point-1920x1088-range = 60-60
05-06 01:18:30.374   932   932 I MediaCodecsXmlParser: limit: size-range = 64x64-864x480
05-06 01:18:30.374   932   932 I MediaCodecsXmlParser: limit: alignment = 2x2
05-06 01:18:30.374   932   932 I MediaCodecsXmlParser: limit: block-size = 16x16
05-06 01:18:30.374   932   932 I MediaCodecsXmlParser: limit: blocks-per-second-range = 1-48600
05-06 01:18:30.374   932   932 I MediaCodecsXmlParser: limit: bitrate-range = 1-2000000
05-06 01:18:30.374   932   932 I MediaCodecsXmlParser: limit: feature-adaptive-playback = 0
05-06 01:18:30.374   932   932 I MediaCodecsXmlParser: limit: max-concurrent-instances = 16
05-06 01:18:30.374   932   932 I MediaCodecsXmlParser: limit: performance-point-720x480-range = 30-30
05-06 01:18:30.374   932   932 I MediaCodecsXmlParser: limit: size-range = 64x64-1920x1088
05-06 01:18:30.374   932   932 I MediaCodecsXmlParser: limit: alignment = 2x2
05-06 01:18:30.374   932   932 I MediaCodecsXmlParser: limit: block-size = 16x16
05-06 01:18:30.374   932   932 I MediaCodecsXmlParser: limit: blocks-per-second-range = 1-489600
05-06 01:18:30.374   932   932 I MediaCodecsXmlParser: limit: bitrate-range = 1-60000000
05-06 01:18:30.374   932   932 I MediaCodecsXmlParser: limit: feature-adaptive-playback = 0
05-06 01:18:30.374   932   932 I MediaCodecsXmlParser: limit: max-concurrent-instances = 16
05-06 01:18:30.374   932   932 I MediaCodecsXmlParser: limit: performance-point-1920x1088-range = 30-30
05-06 01:18:30.374   932   932 I MediaCodecsXmlParser: limit: size-range = 64x64-1920x1088
05-06 01:18:30.374   932   932 I MediaCodecsXmlParser: limit: alignment = 2x2
05-06 01:18:30.374   932   932 I MediaCodecsXmlParser: limit: block-size = 16x16
05-06 01:18:30.375   932   932 I MediaCodecsXmlParser: limit: blocks-per-second-range = 1-489600
05-06 01:18:30.375   932   932 I MediaCodecsXmlParser: limit: bitrate-range = 1-20000000
05-06 01:18:30.375   932   932 I MediaCodecsXmlParser: limit: feature-adaptive-playback = 0
05-06 01:18:30.375   932   932 I MediaCodecsXmlParser: limit: feature-secure-playback = 1
05-06 01:18:30.375   932   932 I MediaCodecsXmlParser: limit: max-concurrent-instances = 7
05-06 01:18:30.375   932   932 I MediaCodecsXmlParser: limit: performance-point-1920x1088-range = 30-30
05-06 01:18:30.375   932   932 I MediaCodecsXmlParser: limit: size-range = 64x64-1920x1088
05-06 01:18:30.375   932   932 I MediaCodecsXmlParser: limit: alignment = 2x2
05-06 01:18:30.375   932   932 I MediaCodecsXmlParser: limit: block-size = 16x16
05-06 01:18:30.375   932   932 I MediaCodecsXmlParser: limit: blocks-per-second-range = 1-244800
05-06 01:18:30.375   932   932 I MediaCodecsXmlParser: limit: bitrate-range = 1-10000000
05-06 01:18:30.375   932   932 I MediaCodecsXmlParser: limit: feature-adaptive-playback = 0
05-06 01:18:30.375   932   932 I MediaCodecsXmlParser: limit: max-concurrent-instances = 16
05-06 01:18:30.375   932   932 I MediaCodecsXmlParser: limit: performance-point-1920x1088-range = 30-30
05-06 01:18:30.375   932   932 I MediaCodecsXmlParser: limit: size-range = 64x64-720x480
05-06 01:18:30.375   932   932 I MediaCodecsXmlParser: limit: alignment = 2x2
05-06 01:18:30.378   888   888 I imsrcsd : Starting Service for First Time imsbaseimpl
05-06 01:18:30.380   888   888 I ServiceManagement: Registered com.qualcomm.qti.uceservice@2.2::IUceService/com.qualcomm.qti.uceservice (start delay of 496ms)
05-06 01:18:30.380   888   888 I imsrcsd : ImsRcsBaseImpl CM_IMSCONNECTIONMANAGER_CREATE_CONNECTION Before Registering Service
05-06 01:18:30.380   485   485 E SELinux : avc:  denied  { find } for interface=vendor.qti.hardware.slmadapter::ISlmAdapter sid=u:r:cnd:s0 pid=934 scontext=u:r:cnd:s0 tcontext=u:object_r:default_android_hwservice:s0 tclass=hwservice_manager permissive=0
05-06 01:18:30.381   932   932 I MediaCodecsXmlParser: limit: measured-frame-rate-320x240-range = 555-566
05-06 01:18:30.381   932   932 I MediaCodecsXmlParser: limit: measured-frame-rate-720x480-range = 239-239
05-06 01:18:30.381   932   932 I MediaCodecsXmlParser: limit: measured-frame-rate-1280x720-range = 197-197
05-06 01:18:30.381   932   932 I MediaCodecsXmlParser: limit: measured-frame-rate-1920x1088-range = 198-199
05-06 01:18:30.381   932   932 I MediaCodecsXmlParser: limit: measured-frame-rate-352x288-range = 650-655
05-06 01:18:30.381   932   932 I MediaCodecsXmlParser: limit: measured-frame-rate-640x360-range = 395-398
05-06 01:18:30.381   932   932 I MediaCodecsXmlParser: limit: measured-frame-rate-720x480-range = 300-304
05-06 01:18:30.381   932   932 I MediaCodecsXmlParser: limit: measured-frame-rate-1280x720-range = 241-241
05-06 01:18:30.381   932   932 I MediaCodecsXmlParser: limit: measured-frame-rate-1920x1088-range = 224-226
05-06 01:18:30.381   932   932 I MediaCodecsXmlParser: limit: measured-frame-rate-3840x2160-range = 30-40
05-06 01:18:30.381   932   932 I MediaCodecsXmlParser: limit: measured-frame-rate-176x144-range = 890-898
05-06 01:18:30.381   932   932 I MediaCodecsXmlParser: limit: measured-frame-rate-352x288-range = 840-850
05-06 01:18:30.381   932   932 I MediaCodecsXmlParser: limit: measured-frame-rate-176x144-range = 850-875
05-06 01:18:30.381   932   932 I MediaCodecsXmlParser: limit: measured-frame-rate-480x360-range = 766-794
05-06 01:18:30.381   932   932 I MediaCodecsXmlParser: limit: measured-frame-rate-320x180-range = 680-696
05-06 01:18:30.381   932   932 I MediaCodecsXmlParser: limit: measured-frame-rate-640x360-range = 400-415
05-06 01:18:30.381   932   932 I MediaCodecsXmlParser: limit: measured-frame-rate-1280x720-range = 350-358
05-06 01:18:30.381   932   932 I MediaCodecsXmlParser: limit: measured-frame-rate-1920x1080-range = 199-199
05-06 01:18:30.381   932   932 I MediaCodecsXmlParser: limit: measured-frame-rate-320x180-range = 500-524
05-06 01:18:30.381   932   932 I MediaCodecsXmlParser: limit: measured-frame-rate-640x360-range = 360-366
05-06 01:18:30.381   932   932 I MediaCodecsXmlParser: limit: measured-frame-rate-1280x720-range = 190-210
05-06 01:18:30.381   932   932 I MediaCodecsXmlParser: limit: measured-frame-rate-1920x1080-range = 170-190
05-06 01:18:30.381   932   932 I MediaCodecsXmlParser: limit: measured-frame-rate-3840x2160-range = 48-48
05-06 01:18:30.381   932   932 I MediaCodecsXmlParser: limit: measured-frame-rate-320x240-range = 320-350
05-06 01:18:30.381   932   932 I MediaCodecsXmlParser: limit: measured-frame-rate-720x480-range = 100-130
05-06 01:18:30.381   932   932 I MediaCodecsXmlParser: limit: measured-frame-rate-1280x720-range = 50-58
05-06 01:18:30.381   932   932 I MediaCodecsXmlParser: limit: measured-frame-rate-1920x1080-range = 20-30
05-06 01:18:30.381   932   932 D MediaCodecsXmlParser: MediaCodec: cannot update non-existing codec at line 139 of /vendor/etc/media_codecs_performance.xml
05-06 01:18:30.382   932   932 I MediaCodecsXmlParser: limit: measured-frame-rate-352x288-range = 458-458
05-06 01:18:30.382   932   932 I MediaCodecsXmlParser: limit: measured-frame-rate-640x360-range = 210-215
05-06 01:18:30.382   932   932 I MediaCodecsXmlParser: limit: measured-frame-rate-720x480-range = 120-125
05-06 01:18:30.382   932   932 I MediaCodecsXmlParser: limit: measured-frame-rate-1280x720-range = 70-85
05-06 01:18:30.382   932   932 I MediaCodecsXmlParser: limit: measured-frame-rate-1920x1080-range = 45-48
05-06 01:18:30.382   932   932 D MediaCodecsXmlParser: MediaCodec: cannot update non-existing codec at line 152 of /vendor/etc/media_codecs_performance.xml
05-06 01:18:30.382   932   932 I MediaCodecsXmlParser: limit: measured-frame-rate-176x144-range = 190-210
05-06 01:18:30.382   932   932 I MediaCodecsXmlParser: limit: measured-frame-rate-352x288-range = 170-182
05-06 01:18:30.382   932   932 D MediaCodecsXmlParser: MediaCodec: cannot update non-existing codec at line 163 of /vendor/etc/media_codecs_performance.xml
05-06 01:18:30.382   932   932 I MediaCodecsXmlParser: limit: measured-frame-rate-320x240-range = 575-580
05-06 01:18:30.382   932   932 I MediaCodecsXmlParser: limit: measured-frame-rate-640x360-range = 200-220
05-06 01:18:30.382   932   932 I MediaCodecsXmlParser: limit: measured-frame-rate-1280x720-range = 45-55
05-06 01:18:30.382   932   932 I MediaCodecsXmlParser: limit: measured-frame-rate-1920x1080-range = 18-22
05-06 01:18:30.382   932   932 D MediaCodecsXmlParser: MediaCodec: cannot update non-existing codec at line 173 of /vendor/etc/media_codecs_performance.xml
05-06 01:18:30.382   932   932 I MediaCodecsXmlParser: limit: measured-frame-rate-320x240-range = 580-604
05-06 01:18:30.382   932   932 I MediaCodecsXmlParser: limit: measured-frame-rate-640x360-range = 180-185
05-06 01:18:30.382   932   932 I MediaCodecsXmlParser: limit: measured-frame-rate-1280x720-range = 88-92
05-06 01:18:30.382   932   932 I MediaCodecsXmlParser: limit: measured-frame-rate-1920x1080-range = 47-52
05-06 01:18:30.382   932   932 D MediaCodecsXmlParser: MediaCodec: cannot update non-existing codec at line 185 of /vendor/etc/media_codecs_performance.xml
05-06 01:18:30.382   932   932 I MediaCodecsXmlParser: limit: measured-frame-rate-176x144-range = 380-400
05-06 01:18:30.382   932   932 D MediaCodecsXmlParser: MediaCodec: cannot update non-existing codec at line 197 of /vendor/etc/media_codecs_performance.xml
05-06 01:18:30.382   932   932 D MediaCodecsXmlParser: Cannot find /data/misc/media/media_codecs_profiling_results.xml
05-06 01:18:30.382   888   888 I ServiceManagement: Registered com.qualcomm.qti.imscmservice@2.2::IImsCmService/qti.ims.connectionmanagerservice (start delay of 498ms)
05-06 01:18:30.382   932   932 I OmxStore: node [OMX.qcom.video.decoder.mpeg2.secure] not found in IOmx
05-06 01:18:30.382   888   888 I imsrcsd : ImsRcsBaseImpl CM_IMSCONNECTIONMANAGER_CREATE_CONNECTION After Registering Service
05-06 01:18:30.382   888   888 E         : [IMS_COM] |ImsCom.cpp | 57 | | 888 |Com Fd: 7
05-06 01:18:30.382   888   888 E         : [IMS_COM] |ImsCom.cpp | 167 | | 888 |ImsCom::addComEventHandler(int 7, ComEventCallback 0x78f5a97668, void* 0x0, ComCloseCallback 0x0, events 17) EX
05-06 01:18:30.382   888   888 E         : [IMS_COM] |ImsCom.cpp | 179 | | 888 |ImsCom::addComEventHandler epoll_ctl returns: 0
05-06 01:18:30.383   888   888 E         : [IMS_COM] |ImsCom.cpp | 60 | | 888 |ImsCom is ready. epollFd:6
05-06 01:18:30.383   888   888 E         : [IMS_COM] |ImsQmiSvc.cpp | 38 | | 888 |ImsQmiSvc[ImsQmiPrivate]:  
05-06 01:18:30.383   888   888 E         : [IMS_COM] |ImsQmiSvc.cpp | 41 | | 888 |ImsQmiSvc: qmiimssvcfd : 8 svcObj[xf5a9f008] 
05-06 01:18:30.383   888   888 E         : [IMS_COM] |ImsCom.cpp | 167 | | 888 |ImsCom::addComEventHandler(int 8, ComEventCallback 0x78f5a9c548, void* 0x78f601c000, ComCloseCallback 0x0, events 1) EX
05-06 01:18:30.383   888   888 E         : [IMS_COM] |ImsCom.cpp | 179 | | 888 |ImsCom::addComEventHandler epoll_ctl returns: 0
05-06 01:18:30.383   888   888 E         : [IMS_COM] |ImsQmiSvc.cpp | 121 | | 888 |ImsQmiSvc[ImsQmiPrivate]: registerForQmiSvcUp 
05-06 01:18:30.383   888   888 E         : [IMS_COM] |ImsQmiPrivate.cpp | 121 | | 888 |ImsQmiPrivate Xtor
05-06 01:18:30.383   888   888 E         : [IMS_COM] |ImsCom.cpp | 167 | | 888 |ImsCom::addComEventHandler(int 12, ComEventCallback 0x78f5a9a6e8, void* 0x78f601c000, ComCloseCallback 0x0, events 1) EX
05-06 01:18:30.383   888   888 E         : [IMS_COM] |ImsCom.cpp | 179 | | 888 |ImsCom::addComEventHandler epoll_ctl returns: 0
05-06 01:18:30.383   888   888 I         : ImsCallInfoService: Ctor[f600a180]
05-06 01:18:30.383   888   888 E         : [IMS_COM] |ImsQmiPrivate.cpp | 234 | | 888 |QMI IMS Private listener added 0x78f600a180
05-06 01:18:30.383   888   888 I         : ImsCallInfoService - <API SVC> registerServiceImpl: Registering for vendor.qti.ims.callinfo 
05-06 01:18:30.384   888   888 I ServiceManagement: Registered vendor.qti.ims.callinfo@1.0::IService/default (start delay of 500ms)
05-06 01:18:30.384   888   888 I imsrcsd : ImsRcsBaseImpl ImsCallInfo After Registering Service
05-06 01:18:30.384   934   934 I ServiceManagement: Registered vendor.qti.hardware.data.latency@1.0::ILinkLatency/default (start delay of 370ms)
05-06 01:18:30.384   932   932 I ServiceManagement: Registered android.hardware.media.omx@1.0::IOmxStore/default (start delay of 380ms)
05-06 01:18:30.384   932   932 I ServiceManagement: Removing namespace from process name android.hardware.media.omx@1.0-service to omx@1.0-service.
05-06 01:18:30.386   875   914 I adbd    : UsbFfsConnection constructed
05-06 01:18:30.386   981   981 I update_engine: [0506/011830.386365:INFO:main.cc(181)] A/B Update Engine starting
05-06 01:18:30.388   612   612 D TetherController: Setting IP forward enable = 0
05-06 01:18:30.388   888   888 I ServiceManagement: Registered vendor.qti.ims.factory@1.0::IImsFactory/default (start delay of 504ms)
05-06 01:18:30.388   888   888 I imsrcsd : ImsRcsBaseImpl : Successfully registered ImsFactory
05-06 01:18:30.389   612   612 D FirewallController: Could not read /proc/self/uid_map, max uid defaulting to 4294967294
05-06 01:18:30.390   981   981 I update_engine: [0506/011830.390303:INFO:boot_control_android.cc(76)] Loaded boot control hidl hal.
05-06 01:18:30.390   981   981 I update_engine: [0506/011830.390551:INFO:daemon_state_android.cc(43)] Booted in dev mode.
05-06 01:18:30.401   875  1035 I adbd    : USB event: FUNCTIONFS_BIND
05-06 01:18:30.411   918   918 I mediaserver: ServiceManager: 0xea9232a0
05-06 01:18:30.412   918   918 W BatteryNotifier: batterystats service unavailable!
05-06 01:18:30.412   918   918 W BatteryNotifier: batterystats service unavailable!
05-06 01:18:30.414   934   934 I ServiceManagement: Registered vendor.qti.data.factory@2.1::IFactory/default (start delay of 400ms)
05-06 01:18:30.441   921  1042 I ServiceManager: Waiting for service 'package_native' on '/dev/binder'...
05-06 01:18:30.445   612   612 I netd    : Creating child chains: 27.4ms
05-06 01:18:30.446   612   612 I netd    : Setting up OEM hooks: 0.9ms
05-06 01:18:30.446   612   612 I netd    : Setting up FirewallController hooks: 0.1ms
05-06 01:18:30.455   612   612 I netd    : Setting up TetherController hooks: 8.8ms
05-06 01:18:30.460   612   612 I netd    : Setting up BandwidthController hooks: 5.5ms
05-06 01:18:30.460   612   612 I netd    : Setting up IdletimerController hooks: 0.1ms
05-06 01:18:30.466   612   612 I netd    : Setting up StrictController hooks: 6.0ms
05-06 01:18:30.466   612   612 I ClatdController: 4.9+ kernel and device shipped with Q+ - clat ebpf should work.
05-06 01:18:30.467   612   612 I netd    : Initializing ClatdController: 0.2ms
05-06 01:18:30.468   612   612 I netd    : Initializing traffic control: 1.1ms
05-06 01:18:30.472   963   963 I /apex/com.android.media.swcodec/bin/mediaswcodec: media swcodec service starting
05-06 01:18:30.474   612   612 I netd    : Enabling bandwidth control: 6.0ms
05-06 01:18:30.475   963   963 W /apex/com.android.media.swcodec/bin/mediaswcodec: Could not read additional policy file '/vendor/etc/seccomp_policy/mediaswcodec.policy'
05-06 01:18:30.475   963   963 W /apex/com.android.media.swcodec/bin/mediaswcodec: libminijail[963]: failed to get path of fd 4: No such file or directory
05-06 01:18:30.475   963   963 W /apex/com.android.media.swcodec/bin/mediaswcodec: libminijail[963]: allowing syscall: connect
05-06 01:18:30.475   963   963 W /apex/com.android.media.swcodec/bin/mediaswcodec: libminijail[963]: allowing syscall: fcntl
05-06 01:18:30.475   963   963 W /apex/com.android.media.swcodec/bin/mediaswcodec: libminijail[963]: allowing syscall: sendto
05-06 01:18:30.475   963   963 W /apex/com.android.media.swcodec/bin/mediaswcodec: libminijail[963]: allowing syscall: socket
05-06 01:18:30.475   963   963 W /apex/com.android.media.swcodec/bin/mediaswcodec: libminijail[963]: allowing syscall: writev
05-06 01:18:30.476   612   612 I netd    : Initializing RouteController: 1.9ms
05-06 01:18:30.476   612   612 D XfrmController: XfrmController::ipSecAddXfrmInterface, line=1379
05-06 01:18:30.478   963   963 W /apex/com.android.media.swcodec/bin/mediaswcodec: libminijail[963]: logging seccomp filter failures
05-06 01:18:30.478   612   612 D XfrmController: XfrmController::ipSecRemoveTunnelInterface, line=1592
05-06 01:18:30.478   612   612 D XfrmController: deviceName=ipsec_test
05-06 01:18:30.478   963   963 I CodecServiceRegistrant: Creating software Codec2 service...
05-06 01:18:30.480   963   963 I ServiceManagement: Registered android.hardware.media.c2@1.0::IComponentStore/software (start delay of 396ms)
05-06 01:18:30.481   963   963 I CodecServiceRegistrant: Software Codec2 service created.
05-06 01:18:30.494   893   893 I chatty  : uid=1047(cameraserver) expire 25 lines
05-06 01:18:30.509  1047  1047 E Diag_Lib: qpLogDiagInit <== result : 1
05-06 01:18:30.509  1047  1047 E Diag_Lib: DATAD : gIsQXDMDisabled 0, gIsADBDisabled 1, gIsDebugDisabled 0, gIsIMSLogsDisabled 0
05-06 01:18:30.509  1047  1047 E Diag_Lib: [IMS_DataD] imsdatad.c | 6232 | | 1047 |DATAD#$$#0#DATAD STARTED
05-06 01:18:30.537   612   612 D XfrmController: Sending Netlink XFRM Message: XFRM_MSG_FLUSHSA
05-06 01:18:30.537   612   612 D XfrmController: Sending Netlink XFRM Message: XFRM_MSG_FLUSHPOLICY
05-06 01:18:30.537   612   612 I netd    : Initializing XfrmController: 61.5ms
05-06 01:18:30.540   910   910 V MediaUtils: physMem: 2829258752
05-06 01:18:30.540   910   910 V MediaUtils: requested limit: 565851740
05-06 01:18:30.540   612   612 I libnetd_resolv: resolv_init: Initializing resolver
05-06 01:18:30.540   910   910 I libc    : malloc_limit: Allocation limit enabled, max size 565851740 bytes
05-06 01:18:30.542   921  1042 I ServiceManager: Waiting for service 'package_native' on '/dev/binder'...
05-06 01:18:30.542   612   612 D MDnsDS  : MDnsSdListener::Hander starting up
05-06 01:18:30.542   612  1079 D MDnsDS  : MDnsSdListener starting to monitor
05-06 01:18:30.542   612  1079 D MDnsDS  : Going to poll with pollCount 1
05-06 01:18:30.542   612   612 I netd    : Registering NetdNativeService: 0.3ms
05-06 01:18:30.552   875  1035 I adbd    : USB event: FUNCTIONFS_ENABLE
05-06 01:18:30.552   612   612 I ServiceManagement: Registered android.system.net.netd@1.1::INetd/default (start delay of 2399ms)
05-06 01:18:30.554   612   612 I netd    : Registering NetdHwService: 11.3ms
05-06 01:18:30.554   612   612 I netd    : Netd started in 2286ms
05-06 01:18:30.557   910   910 W mediaextractor: libminijail[910]: failed to get path of fd 4: No such file or directory
05-06 01:18:30.557   910   910 W mediaextractor: libminijail[910]: allowing syscall: connect
05-06 01:18:30.557   910   910 W mediaextractor: libminijail[910]: allowing syscall: fcntl
05-06 01:18:30.557   910   910 W mediaextractor: libminijail[910]: allowing syscall: sendto
05-06 01:18:30.557   910   910 W mediaextractor: libminijail[910]: allowing syscall: socket
05-06 01:18:30.557   910   910 W mediaextractor: libminijail[910]: allowing syscall: writev
05-06 01:18:30.560   910   910 W mediaextractor: libminijail[910]: logging seccomp filter failures
05-06 01:18:30.561   651   754 D audio_hw_utils: audio_extn_utils_open_snd_mixer: retry, retry_num 1
05-06 01:18:30.563  1070  1070 W libc    : Unable to set property "qemu.hw.mainkeys" to "0": error code: 0x18
05-06 01:18:30.605   884   884 V /vendor/bin/adsprpcd: vendor/qcom/proprietary/commonsys-intf/adsprpc/src/fastrpc_perf.c:213: fastrpc_perf_init: enabled RPC traces (kernel 0, dsp 0) with frequency 1000
05-06 01:18:30.606   884   884 V /vendor/bin/adsprpcd: vendor/qcom/proprietary/commonsys-intf/adsprpc/src/fastrpc_apps_user.c:1088: remote_handle_open: Successfully opened handle 0xb07ae770 for adsp_default_listener on domain 0
05-06 01:18:30.606   884   884 V /vendor/bin/adsprpcd: vendor/qcom/proprietary/commonsys-intf/adsprpc/src/fastrpc_apps_user.c:1088: remote_handle_open: Successfully opened handle 0x6 for '":;./\geteventfd on domain 0
05-06 01:18:30.617   884  1088 W /vendor/bin/adsprpcd: vendor/qcom/proprietary/commonsys-intf/adsprpc/src/apps_std_imp.c:749: Warning: fopen returned 0x2 for file oemconfig.so. (No such file or directory)
05-06 01:18:30.620   884  1088 W /vendor/bin/adsprpcd: vendor/qcom/proprietary/commonsys-intf/adsprpc/src/apps_std_imp.c:749: Warning: fopen returned 0x2 for file adsp_avs_config.acdb. (No such file or directory)
