07-08 01:45:14.837   875   875 E ThermalEngine: read_int_list_from_file: Read error -2.
07-08 01:45:14.837   875   875 E ThermalEngine: tmd_add_cpufreq_dev_data: Invalid or no boost freqs
07-08 01:45:14.841   875   875 E ThermalEngine: read_int_list_from_file: Read error -2.
07-08 01:45:14.841   875   875 E ThermalEngine: tmd_add_cpufreq_dev_data: Invalid or no boost freqs
07-08 01:45:14.843     0     0 I sn65dsi86_dsi2edp_disable: end
07-08 01:45:14.843     0     0 I sn65dsi86_dsi2edp_panel_enable: set to 0
07-08 01:45:14.843   875   923 I ThermalEngine: ADSP thermal mitigation available.
07-08 01:45:14.844   875   875 E ThermalEngine: read_int_list_from_file: Read error -2.
07-08 01:45:14.844   875   875 E ThermalEngine: tmd_add_cpufreq_dev_data: Invalid or no boost freqs
07-08 01:45:14.844   875   923 I ThermalEngine: Mitigation:vdd_restriction[ADSP]:0 pending QMI request succeded
07-08 01:45:14.846   914   914 I PerfDaemon: PerfDaemon is starting.
07-08 01:45:14.849   881   919 W /vendor/bin/adsprpcd: vendor/qcom/proprietary/commonsys-intf/adsprpc/src/apps_std_imp.c:749: Warning: fopen returned 0x2 for file oemconfig.so. (No such file or directory)
07-08 01:45:14.852   881   919 W /vendor/bin/adsprpcd: vendor/qcom/proprietary/commonsys-intf/adsprpc/src/apps_std_imp.c:749: Warning: fopen returned 0x2 for file remote_heap_config.so. (No such file or directory)
07-08 01:45:14.855   881   919 W /vendor/bin/adsprpcd: vendor/qcom/proprietary/commonsys-intf/adsprpc/src/apps_std_imp.c:749: Warning: fopen returned 0x2 for file adsp_avs_config.acdb. (No such file or directory)
07-08 01:45:14.858   896   896 I KIT     : KIT firing up 1.08
07-08 01:45:14.859   896   896 E KIT     : LogMessageBuffer: Thu Jul  8 05:45:14 2021
07-08 01:45:14.859   896   896 E KIT     :  KIT firing up
07-08 01:45:14.859   896   896 E KIT     : 
07-08 01:45:14.860   875   875 I ThermalEngine: tmd_init_cluster_devs: No clusters found
07-08 01:45:14.860   898   898 I chatty  : uid=0(root) Binder:898_2 expire 3 lines
07-08 01:45:14.860   898   898 E cutils  : Failed to read /data/.layout_version: No such file or directory
07-08 01:45:14.861   875   875 E ThermalEngine: Could not find npu cooling device
07-08 01:45:14.861   875   875 E ThermalEngine: tmd_init_npu_device: Invalid NPU level:-1.
07-08 01:45:14.861   875   875 E ThermalEngine: devices_init: Init NPU TMD failed -12
07-08 01:45:14.864   875   875 I ThermalEngine: vdd_rstr_init: Could not read /sys/module/msm_thermal/vdd_restriction/enabled
07-08 01:45:14.873   875   875 E ThermalEngine: open/sys/class/power_supply/battery/system_temp_level failed2
07-08 01:45:14.873   875   875 E ThermalEngine: Unable to init battery charging mitigation to 0
07-08 01:45:14.875   875   875 I ThermalEngine: sensors_manager_init: Init
07-08 01:45:14.883   875   936 E ThermalEngine: socket creation success
07-08 01:45:14.919   881   919 W /vendor/bin/adsprpcd: vendor/qcom/proprietary/commonsys-intf/adsprpc/src/apps_std_imp.c:749: Warning: fopen returned 0x2 for file custom_sm_ecns_2.so.1. (No such file or directory)
07-08 01:45:14.919   881   919 W /vendor/bin/adsprpcd: vendor/qcom/proprietary/commonsys-intf/adsprpc/src/apps_std_imp.c:749: Warning: fopen returned 0x2 for file custom_dm_ecns_2.so.1. (No such file or directory)
07-08 01:45:14.920   875   875 E ThermalEngine: pid_init_data: ERROR Uknown device
07-08 01:45:14.920   875   875 E ThermalEngine: thermal_monitor_init_data: read camera_thermal_migitation=125000
07-08 01:45:14.921   881   919 W /vendor/bin/adsprpcd: vendor/qcom/proprietary/commonsys-intf/adsprpc/src/apps_std_imp.c:749: Warning: fopen returned 0x2 for file custom_dm_ecns_1.so.1. (No such file or directory)
07-08 01:45:14.921   881   919 W /vendor/bin/adsprpcd: vendor/qcom/proprietary/commonsys-intf/adsprpc/src/apps_std_imp.c:749: Warning: fopen returned 0x2 for file custom_sm_ecns_1.so.1. (No such file or directory)
07-08 01:45:14.921   881   919 W /vendor/bin/adsprpcd: vendor/qcom/proprietary/commonsys-intf/adsprpc/src/apps_std_imp.c:749: Warning: fopen returned 0x2 for file custom_qm_ecns_1.so.1. (No such file or directory)
07-08 01:45:14.921   881   919 W /vendor/bin/adsprpcd: vendor/qcom/proprietary/commonsys-intf/adsprpc/src/apps_std_imp.c:749: Warning: fopen returned 0x2 for file custom_qm_ecns_2.so.1. (No such file or directory)
07-08 01:45:14.940   875   875 I ThermalEngine: Loading config file for virtual sensor
07-08 01:45:14.940   875   875 I ThermalEngine: Loading configuration file /vendor/etc/thermal-engine.conf
07-08 01:45:14.945   612   612 W zygote  : JNI RegisterNativeMethods: attempt to register 0 native methods for android.media.AudioAttributes
07-08 01:45:14.949   875   875 I ThermalEngine: Parsing section global
07-08 01:45:14.949   875   875 E ThermalEngine: virtual_sensors_init: Error getting virtual sensors set
07-08 01:45:14.949   875   875 I ThermalEngine: Loading configuration file /vendor/etc/thermal-engine.conf
07-08 01:45:14.949   875   875 I ThermalEngine: Parsing section global
07-08 01:45:14.950   875   875 E ThermalEngine: sensors_manager_reg_clnt: Invalid sensor pop_mem.
07-08 01:45:14.950   875   875 E ThermalEngine: pid_algo_init: Sensor clnt create fail pop_mem
07-08 01:45:14.950   875   875 E ThermalEngine: sensors_manager_reg_clnt: Invalid sensor cpu3.
07-08 01:45:14.950   875   875 E ThermalEngine: pid_algo_init: Sensor clnt create fail cpu3
07-08 01:45:14.950   875   875 E ThermalEngine: sensors_manager_reg_clnt: Invalid sensor cpu2.
07-08 01:45:14.950   875   875 E ThermalEngine: pid_algo_init: Sensor clnt create fail cpu2
07-08 01:45:14.950   875   875 E ThermalEngine: sensors_manager_reg_clnt: Invalid sensor cpu1.
07-08 01:45:14.950   875   875 E ThermalEngine: pid_algo_init: Sensor clnt create fail cpu1
07-08 01:45:14.950   875   875 E ThermalEngine: sensors_manager_reg_clnt: Invalid sensor cpu0.
07-08 01:45:14.950   875   875 E ThermalEngine: pid_algo_init: Sensor clnt create fail cpu0
07-08 01:45:14.950   875   875 I ThermalEngine: pid_algo_init: No PID's to be configured.
07-08 01:45:14.950   875   875 I ThermalEngine: [CAMERA_SKIN_EXIT_MITIGATION]
07-08 01:45:14.950   875   875 I ThermalEngine: #algo_type monitor
07-08 01:45:14.950   875   875 I ThermalEngine: sampling 10000
07-08 01:45:14.950   875   875 I ThermalEngine: sensor quiet-therm-adc
07-08 01:45:14.950   875   875 I ThermalEngine: thresholds 125000
07-08 01:45:14.950   875   875 I ThermalEngine: thresholds_clr 45000
07-08 01:45:14.950   875   875 I ThermalEngine: actions camera+camcorder
07-08 01:45:14.950   875   875 I ThermalEngine: action_info 10+10
07-08 01:45:14.950   875   875 I ThermalEngine: ss_algo_init: No SS's configured.
07-08 01:45:14.950   875   875 E ThermalEngine: No speaker_cal config
07-08 01:45:14.966   611   611 W zygote64: JNI RegisterNativeMethods: attempt to register 0 native methods for android.media.AudioAttributes
07-08 01:45:14.983   875   969 E ThermalEngine: open/sys/module/msm_thermal/parameters/enabled failed2
07-08 01:45:14.995   611   611 I sysui_multi_action: [757,804,799,boot_zygote_init,801,7761,802,1]
07-08 01:45:14.995   885   885 E Diag_Lib: qpLogDiagInit <== result : 1; log_write_mutex is Initialized
07-08 01:45:14.995   932   932 I wificond: wificond is starting up...
07-08 01:45:14.996   612   612 I sysui_multi_action: [757,804,799,boot_zygote_init,801,7758,802,1]
07-08 01:45:14.996   885   885 E VIMSVT  : VT-Vendor:: enableImsADB 0, log_priority value 240
07-08 01:45:14.997   885   885 E Diag_Lib: [IMS_AP_RTP]"RTPService callback Registraton"
07-08 01:45:15.002   885   885 I ServiceManagement: Registered vendor.qti.imsrtpservice@2.1::IRTPService/imsrtpservice (start delay of 288ms)
07-08 01:45:15.003   914   914 D PerfDaemon: added vendor.perfservice to services and is now running.
07-08 01:45:15.004   927   927 I ServiceManagement: Registered android.frameworks.stats@1.0::IStats/default (start delay of 170ms)
07-08 01:45:15.004   927   927 W statsd  : statscompanion service unavailable!
07-08 01:45:15.004   927   927 I statsd  : Statsd starts to listen to socket.
07-08 01:45:15.023   611   611 I boot_progress_preload_start: 7809
07-08 01:45:15.023   611   611 D Zygote  : begin preload
07-08 01:45:15.028   611   611 I Zygote  : Calling ZygoteHooks.beginPreload()
07-08 01:45:15.036   612   612 I zygote  : Explicit concurrent copying GC freed 307(38KB) AllocSpace objects, 0(0B) LOS objects, 98% free, 25KB/1561KB, paused 54us total 8.469ms
07-08 01:45:15.042   612   612 I zygote  : Explicit concurrent copying GC freed 5(32KB) AllocSpace objects, 0(0B) LOS objects, 98% free, 25KB/1561KB, paused 40us total 5.831ms
07-08 01:45:15.048   966   966 I CLD80211: /system/vendor/bin/cnss-daemon: initialized exit socket pair
07-08 01:45:15.048   966   966 I CLD80211: /system/vendor/bin/cnss-daemon: nlctrl family id: 16 group: svc_msgs mcast_id: 19
07-08 01:45:15.049   966   966 E cnss-daemon: interop issues ap: read_iot_ap_file: No such file /data/vendor/wifi/iotap_ps.bin
07-08 01:45:15.049   966   966 E cnss-daemon: interop issues ap: read_iot_ap_ps_from_file, read file error
07-08 01:45:15.049   966   966 I cnss-daemon: interop issues ap init successfully
07-08 01:45:15.049   966   966 I cnss-daemon:  cnss hang event handler init successfully
07-08 01:45:15.052   612   612 I chatty  : uid=0(root) main expire 6 lines
07-08 01:45:15.055   901   901 I keystore: found android.hardware.keymaster@4.0::IKeymasterDevice with interface name default and seclevel TRUSTED_ENVIRONMENT
07-08 01:45:15.058   971   971 I ssgqmigd: socket ANDROID_SOCKET_ssgqmig open success
07-08 01:45:15.058   971   971 I ssgqmigd: ssgqmigd uses 42
07-08 01:45:15.071     0     0 I         : lt9711_dp_dba_codec_rx_probe
07-08 01:45:15.071   901   901 I ServiceManagement: Registered android.system.wifi.keystore@1.0::IKeystore/default (start delay of 308ms)
07-08 01:45:15.075   948   948 E wifidisplayhal-service: Start with vendor binder
07-08 01:45:15.081     0     0 E sdm660-asoc-snd soc: qcom,msm-audio-apr:qcom,q6core-audio:sound: control 3:0:0:IEC958 DP2Playback PCM Stream:0 is already present
07-08 01:45:15.081     0     0 E lt9711-dp-dba-codec-rx soc: lt9711-dp-dba-codec-rx: ASoC: Failed to add IEC958 DP2Playback PCM Stream: -16
07-08 01:45:15.081     0     0 I         : lt9711_dp_dba_extcon_register
07-08 01:45:15.081     0     0 I lt9711mipi2dp_client_reg_fxn: hpd_notification_status is NOTIFY_UNKNOWN.
07-08 01:45:15.082   985   985 I /system/bin/tombstoned: tombstoned successfully initialized
07-08 01:45:15.082   966   966 E cnss-daemon: Couldn't resolve family id
07-08 01:45:15.083   952   952 I ServiceManagement: Registered com.qualcomm.qti.dpm.api@1.0::IdpmQmi/dpmQmiService (start delay of 189ms)
07-08 01:45:15.083   948   948 E wifidisplayhal-service: Registering wifidisplayhdcphal service...
07-08 01:45:15.084   966   966 E cnss-daemon: Failed to init genl between daemon and platform, continue
07-08 01:45:15.085   612   612 I Zygote  : Accepting command socket connections
07-08 01:45:15.088   948   948 I ServiceManagement: Registered com.qualcomm.qti.wifidisplayhal@1.0::IHDCPSession/wifidisplayhdcphal (start delay of 195ms)
07-08 01:45:15.088   948   948 E wifidisplayhal-service: Registering wifidisplaydshal service...
07-08 01:45:15.089   948   948 I ServiceManagement: Registered com.qualcomm.qti.wifidisplayhal@1.0::IDSManager/wifidisplaydshal (start delay of 195ms)
07-08 01:45:15.089   931   993 I chatty  : uid=0(root) storaged expire 2 lines
07-08 01:45:15.090   931   993 I ServiceManager: Waiting for service 'package_native' on '/dev/binder'...
07-08 01:45:15.094   875   936 E ThermalEngine: read error 0. buf:[add@/devices/virtual/thermal/thermal_zone36 ACTION=add DEVPATH=/devices/virtual/thermal/thermal_zone36 SUBSYSTEM=thermal SEQNUM=4442 ]
07-08 01:45:15.094     0     0 W         : (NULL device *): hwmon_device_register() is deprecated. Please convert the driver to use hwmon_device_register_with_info().
07-08 01:45:15.099   479   479 I hwservicemanager: getTransport: Cannot find entry android.hardware.usb.gadget@1.0::IUsbGadget/default in either framework or device manifest.
07-08 01:45:15.100   611   611 I chatty  : uid=0(root) main expire 7 lines
07-08 01:45:15.101   611   611 I Zygote  : Preloading classes...
07-08 01:45:15.102   991   991 I usbd    : Usb HAL not found
07-08 01:45:15.104   611   611 W Zygote  : Class not found for preloading: android.app.-$$Lambda$ActivityThread$ZXDWm3IBeFmLnFVblhB-IOZCr9o
07-08 01:45:15.116     0     0 W wsa881x_get_temp: Temperature registers[0 0 0 0] are out of range
07-08 01:45:15.116     0     0 W wsa881x_get_temp: T0: 65535 is out of range[5, 45]
07-08 01:45:15.126   911   911 I mediametrics: ServiceManager: 0x723443f800
07-08 01:45:15.127   911   911 D MediaAnalyticsService: MediaAnalyticsService created
07-08 01:45:15.140   935   935 E QCNEA   : Cne Version 4.9
07-08 01:45:15.149     0     0 W wsa881x_get_temp: Temperature registers[0 0 0 0] are out of range
07-08 01:45:15.149     0     0 W wsa881x_get_temp: T0: 65535 is out of range[5, 45]
07-08 01:45:15.168   984   984 I gatekeeperd: Starting gatekeeperd...
07-08 01:45:15.176   933   933 I media.codec: mediacodecservice starting
07-08 01:45:15.179     0     0 W wsa881x_get_temp: Temperature registers[0 0 0 0] are out of range
07-08 01:45:15.179     0     0 W wsa881x_get_temp: T0: 65535 is out of range[5, 45]
07-08 01:45:15.185   933   933 W media.codec: libminijail[933]: failed to get path of fd 4: No such file or directory
07-08 01:45:15.185   933   933 W media.codec: libminijail[933]: allowing syscall: clock_gettime
07-08 01:45:15.185   933   933 W media.codec: libminijail[933]: allowing syscall: connect
07-08 01:45:15.185   933   933 W media.codec: libminijail[933]: allowing syscall: fcntl64
07-08 01:45:15.185   933   933 W media.codec: libminijail[933]: allowing syscall: socket
07-08 01:45:15.185   651   651 D audio_hw_utils: audio_extn_utils_open_snd_mixer: retry, retry_num 1
07-08 01:45:15.185   933   933 W media.codec: libminijail[933]: allowing syscall: writev
07-08 01:45:15.190   913   913 I mediaserver: ServiceManager: 0xee1232a0
07-08 01:45:15.190   913   913 W BatteryNotifier: batterystats service unavailable!
07-08 01:45:15.191   913   913 W BatteryNotifier: batterystats service unavailable!
--------- beginning of radio
07-08 01:45:15.191   934   934 D RILD    : **RIL Daemon Started**
07-08 01:45:15.191   934   934 D RILD    : **RILd param count=3**
07-08 01:45:15.194   931   993 I ServiceManager: Waiting for service 'package_native' on '/dev/binder'...
07-08 01:45:15.195   933   933 W media.codec: libminijail[933]: logging seccomp filter failures
07-08 01:45:15.200   611   611 W Zygote  : Class not found for preloading: android.bluetooth.BluetoothA2dp$2
07-08 01:45:15.209     0     0 E hvdcpd  : Not valid charger for hvdcp3.
07-08 01:45:15.209     0     0 E CTM     : file connector_health does not exist in /sys/class/power_supply/usb/
07-08 01:45:15.209     0     0 E CTM     : Couldn't read connector_health from /sys/class/power_supply/parallel/
07-08 01:45:15.209     0     0 E CP      : charge_pump missing
07-08 01:45:15.209     0     0 E THERM-BALANCE: Parallel PSY entry not found.
07-08 01:45:15.211     0     0 E STD-PD  : Registered STD_PD
07-08 01:45:15.211     0     0 E SOH-D   : SOH file not exposed, disable SOH
07-08 01:45:15.212     0     0 E HVDCP2  : Not valid charger for hvdcp2.
07-08 01:45:15.213     0     0 E PPS     : Registered PPS
07-08 01:45:15.213   611   611 I PackageBackwardCompatibility: Could not find android.content.pm.AndroidTestBaseUpdater, ignoring
07-08 01:45:15.214     0     0 W wsa881x_get_temp: Temperature registers[0 0 0 0] are out of range
07-08 01:45:15.214     0     0 W wsa881x_get_temp: T0: 65535 is out of range[5, 45]
07-08 01:45:15.224   892   892 I chatty  : uid=1047(cameraserver) expire 6 lines
07-08 01:45:15.227   933   933 I SoftOMXPlugin: createOMXPlugin
07-08 01:45:15.227   933   933 I MediaCodecsXmlParser: getVendorXmlPath (/vendor/etc/media_codecs_vendor.xml)
07-08 01:45:15.227   933   933 D MediaCodecsXmlParser: parsing /vendor/etc/media_codecs_vendor.xml...
07-08 01:45:15.229   933   933 D MediaCodecsXmlParser: parsing /vendor/etc/media_codecs_google_audio.xml...
07-08 01:45:15.230   886   886 I imsrcsd : Uce Service HAL  loading imsrcsbaseimpl
07-08 01:45:15.232   933   933 I MediaCodecsXmlParser: limit: max-channel-count = 2
07-08 01:45:15.232   933   933 I MediaCodecsXmlParser: limit: sample-rate-ranges = 8000,11025,12000,16000,22050,24000,32000,44100,48000
07-08 01:45:15.232   933   933 I MediaCodecsXmlParser: limit: bitrate-range = 8000-320000
07-08 01:45:15.232   933   933 I MediaCodecsXmlParser: limit: max-channel-count = 1
07-08 01:45:15.232   933   933 I MediaCodecsXmlParser: limit: sample-rate-ranges = 8000
07-08 01:45:15.232   933   933 I MediaCodecsXmlParser: limit: bitrate-range = 4750-12200
07-08 01:45:15.232   933   933 I MediaCodecsXmlParser: limit: max-channel-count = 1
07-08 01:45:15.232   933   933 I MediaCodecsXmlParser: limit: sample-rate-ranges = 16000
07-08 01:45:15.232   933   933 I MediaCodecsXmlParser: limit: bitrate-range = 6600-23850
07-08 01:45:15.232   933   933 I MediaCodecsXmlParser: limit: max-channel-count = 8
07-08 01:45:15.232   933   933 I MediaCodecsXmlParser: limit: sample-rate-ranges = 7350,8000,11025,12000,16000,22050,24000,32000,44100,48000
07-08 01:45:15.232   933   933 I MediaCodecsXmlParser: limit: bitrate-range = 8000-960000
07-08 01:45:15.232   933   933 I MediaCodecsXmlParser: limit: max-channel-count = 1
07-08 01:45:15.232   933   933 I MediaCodecsXmlParser: limit: sample-rate-ranges = 8000-48000
07-08 01:45:15.232   933   933 I MediaCodecsXmlParser: limit: bitrate-range = 64000
07-08 01:45:15.232   933   933 I MediaCodecsXmlParser: limit: max-channel-count = 1
07-08 01:45:15.232   933   933 I MediaCodecsXmlParser: limit: sample-rate-ranges = 8000-48000
07-08 01:45:15.232   933   933 I MediaCodecsXmlParser: limit: bitrate-range = 64000
07-08 01:45:15.232   933   933 I MediaCodecsXmlParser: limit: max-channel-count = 8
07-08 01:45:15.233   933   933 I MediaCodecsXmlParser: limit: sample-rate-ranges = 8000-96000
07-08 01:45:15.233   933   933 I MediaCodecsXmlParser: limit: bitrate-range = 32000-500000
07-08 01:45:15.233   933   933 I MediaCodecsXmlParser: limit: max-channel-count = 8
07-08 01:45:15.233   933   933 I MediaCodecsXmlParser: limit: sample-rate-ranges = 48000
07-08 01:45:15.233   933   933 I MediaCodecsXmlParser: limit: bitrate-range = 6000-510000
07-08 01:45:15.233   933   933 I MediaCodecsXmlParser: limit: max-channel-count = 8
07-08 01:45:15.233   933   933 I MediaCodecsXmlParser: limit: sample-rate-ranges = 8000-192000
07-08 01:45:15.233   933   933 I MediaCodecsXmlParser: limit: bitrate-range = 1-10000000
07-08 01:45:15.233   933   933 I MediaCodecsXmlParser: limit: max-channel-count = 8
07-08 01:45:15.233   933   933 I MediaCodecsXmlParser: limit: sample-rate-ranges = 1-655350
07-08 01:45:15.233   933   933 I MediaCodecsXmlParser: limit: bitrate-range = 1-21000000
07-08 01:45:15.233   933   933 I MediaCodecsXmlParser: limit: max-channel-count = 6
07-08 01:45:15.233   933   933 I MediaCodecsXmlParser: limit: sample-rate-ranges = 8000,11025,12000,16000,22050,24000,32000,44100,48000
07-08 01:45:15.233   933   933 I MediaCodecsXmlParser: limit: bitrate-range = 8000-960000
07-08 01:45:15.233   933   933 I MediaCodecsXmlParser: limit: max-channel-count = 1
07-08 01:45:15.233   933   933 I MediaCodecsXmlParser: limit: sample-rate-ranges = 8000
07-08 01:45:15.233   933   933 I MediaCodecsXmlParser: limit: bitrate-range = 4750-12200
07-08 01:45:15.233   933   933 I MediaCodecsXmlParser: limit: feature-bitrate-modes = CBR
07-08 01:45:15.233   933   933 I MediaCodecsXmlParser: limit: max-channel-count = 1
07-08 01:45:15.233   933   933 I MediaCodecsXmlParser: limit: sample-rate-ranges = 16000
07-08 01:45:15.233   933   933 I MediaCodecsXmlParser: limit: bitrate-range = 6600-23850
07-08 01:45:15.233   933   933 I MediaCodecsXmlParser: limit: feature-bitrate-modes = CBR
07-08 01:45:15.233   933   933 I MediaCodecsXmlParser: limit: max-channel-count = 2
07-08 01:45:15.233   933   933 I MediaCodecsXmlParser: limit: sample-rate-ranges = 1-655350
07-08 01:45:15.233   933   933 I MediaCodecsXmlParser: limit: bitrate-range = 1-21000000
07-08 01:45:15.233   933   933 I MediaCodecsXmlParser: limit: complexity-default = 5
07-08 01:45:15.233   933   933 I MediaCodecsXmlParser: limit: complexity-range = 0-8
07-08 01:45:15.233   933   933 I MediaCodecsXmlParser: limit: feature-bitrate-modes = CQ
07-08 01:45:15.233   933   933 D MediaCodecsXmlParser: parsing /vendor/etc/media_codecs_vendor_audio.xml...
07-08 01:45:15.234   933   933 I MediaCodecsXmlParser: limit: max-concurrent-instances = 10
07-08 01:45:15.234   933   933 D MediaCodecsXmlParser: parsing /vendor/etc/media_codecs_google_telephony.xml...
07-08 01:45:15.237   859   903 I adbd    : UsbFfsConnection constructed
07-08 01:45:15.239   933   933 I MediaCodecsXmlParser: limit: max-channel-count = 1
07-08 01:45:15.239   933   933 I MediaCodecsXmlParser: limit: sample-rate-ranges = 8000
07-08 01:45:15.239   933   933 I MediaCodecsXmlParser: limit: bitrate-range = 13000
07-08 01:45:15.239   933   933 I MediaCodecsXmlParser: limit: size-range = 176x64-3840x2160
07-08 01:45:15.239   933   933 I MediaCodecsXmlParser: limit: alignment = 2x2
07-08 01:45:15.239   933   933 I MediaCodecsXmlParser: limit: block-size = 16x16
07-08 01:45:15.239   933   933 I MediaCodecsXmlParser: limit: blocks-per-second-range = 1-972000
07-08 01:45:15.239   933   933 I MediaCodecsXmlParser: limit: bitrate-range = 1-100000000
07-08 01:45:15.239   933   933 I MediaCodecsXmlParser: limit: max-concurrent-instances = 16
07-08 01:45:15.239   933   933 I MediaCodecsXmlParser: limit: feature-intra-refresh = 0
07-08 01:45:15.239   933   933 I MediaCodecsXmlParser: limit: performance-point-3840x2160-range = 24-24
07-08 01:45:15.239   933   933 I MediaCodecsXmlParser: limit: size-range = 96x96-3840x2160
07-08 01:45:15.239   933   933 I MediaCodecsXmlParser: limit: alignment = 2x2
07-08 01:45:15.239   933   933 I MediaCodecsXmlParser: limit: block-size = 16x16
07-08 01:45:15.239   933   933 I MediaCodecsXmlParser: limit: blocks-per-second-range = 1-972000
07-08 01:45:15.239   933   933 I MediaCodecsXmlParser: limit: bitrate-range = 1-100000000
07-08 01:45:15.239   933   933 I MediaCodecsXmlParser: limit: max-concurrent-instances = 16
07-08 01:45:15.239   933   933 I MediaCodecsXmlParser: limit: feature-intra-refresh = 0
07-08 01:45:15.239   933   933 I MediaCodecsXmlParser: limit: feature-can-swap-width-height = 0
07-08 01:45:15.239   933   933 I MediaCodecsXmlParser: limit: performance-point-3840x2160-range = 24-24
07-08 01:45:15.239   933   933 I MediaCodecsXmlParser: limit: size-range = 96x64-1920x1088
07-08 01:45:15.239   933   933 I MediaCodecsXmlParser: limit: alignment = 2x2
07-08 01:45:15.239   933   933 I MediaCodecsXmlParser: limit: block-size = 16x16
07-08 01:45:15.239   933   933 I MediaCodecsXmlParser: limit: blocks-per-second-range = 1-244800
07-08 01:45:15.239   933   933 I MediaCodecsXmlParser: limit: bitrate-range = 1-40000000
07-08 01:45:15.239   933   933 I MediaCodecsXmlParser: limit: max-concurrent-instances = 16
07-08 01:45:15.239   933   933 I MediaCodecsXmlParser: limit: performance-point-1920x1088-range = 30-30
07-08 01:45:15.239   933   933 I MediaCodecsXmlParser: limit: size-range = 96x64-864x480
07-08 01:45:15.239   933   933 I MediaCodecsXmlParser: limit: alignment = 2x2
07-08 01:45:15.239   933   933 I MediaCodecsXmlParser: limit: block-size = 16x16
07-08 01:45:15.239   933   933 I MediaCodecsXmlParser: limit: blocks-per-second-range = 1-48600
07-08 01:45:15.239   933   933 I MediaCodecsXmlParser: limit: bitrate-range = 1-2000000
07-08 01:45:15.239   933   933 I MediaCodecsXmlParser: limit: max-concurrent-instances = 16
07-08 01:45:15.239   933   933 I MediaCodecsXmlParser: limit: performance-point-720x480-range = 30-30
07-08 01:45:15.239   933   933 I MediaCodecsXmlParser: limit: size-range = 96x64-1920x1088
07-08 01:45:15.239   933   933 I MediaCodecsXmlParser: limit: alignment = 2x2
07-08 01:45:15.239   933   933 I MediaCodecsXmlParser: limit: block-size = 16x16
07-08 01:45:15.239   933   933 I MediaCodecsXmlParser: limit: blocks-per-second-range = 1-244800
07-08 01:45:15.239   933   933 I MediaCodecsXmlParser: limit: bitrate-range = 1-40000000
07-08 01:45:15.239   933   933 I MediaCodecsXmlParser: limit: max-concurrent-instances = 16
07-08 01:45:15.239   933   933 I MediaCodecsXmlParser: limit: feature-intra-refresh = 0
07-08 01:45:15.239   933   933 I MediaCodecsXmlParser: limit: performance-point-1920x1088-range = 30-30
07-08 01:45:15.239   933   933 I MediaCodecsXmlParser: limit: size-range = 64x64-3840x2160
07-08 01:45:15.239   933   933 I MediaCodecsXmlParser: limit: alignment = 2x2
07-08 01:45:15.239   933   933 I MediaCodecsXmlParser: limit: block-size = 16x16
07-08 01:45:15.239   933   933 I MediaCodecsXmlParser: limit: blocks-per-second-range = 1-972000
07-08 01:45:15.239   933   933 I MediaCodecsXmlParser: limit: bitrate-range = 1-100000000
07-08 01:45:15.239   933   933 I MediaCodecsXmlParser: limit: feature-adaptive-playback = 0
07-08 01:45:15.239   933   933 I MediaCodecsXmlParser: limit: max-concurrent-instances = 16
07-08 01:45:15.239   933   933 I MediaCodecsXmlParser: limit: feature-can-swap-width-height = 0
07-08 01:45:15.239   933   933 I MediaCodecsXmlParser: limit: performance-point-3840x2160-range = 30-30
07-08 01:45:15.240   933   933 I MediaCodecsXmlParser: limit: size-range = 64x64-3840x2160
07-08 01:45:15.240   933   933 I MediaCodecsXmlParser: limit: alignment = 2x2
07-08 01:45:15.240   933   933 I MediaCodecsXmlParser: limit: block-size = 16x16
07-08 01:45:15.240   933   933 I MediaCodecsXmlParser: limit: blocks-per-second-range = 1-972000
07-08 01:45:15.240   933   933 I MediaCodecsXmlParser: limit: bitrate-range = 1-35000000
07-08 01:45:15.240   933   933 I MediaCodecsXmlParser: limit: feature-adaptive-playback = 0
07-08 01:45:15.240   933   933 I MediaCodecsXmlParser: limit: feature-secure-playback = 1
07-08 01:45:15.240   933   933 I MediaCodecsXmlParser: limit: max-concurrent-instances = 6
07-08 01:45:15.240   933   933 I MediaCodecsXmlParser: limit: performance-point-3840x2160-range = 30-30
07-08 01:45:15.240   933   933 I MediaCodecsXmlParser: limit: size-range = 64x64-1920x1088
07-08 01:45:15.240   933   933 I MediaCodecsXmlParser: limit: alignment = 2x2
07-08 01:45:15.240   933   933 I MediaCodecsXmlParser: limit: block-size = 16x16
07-08 01:45:15.240   933   933 I MediaCodecsXmlParser: limit: blocks-per-second-range = 1-244800
07-08 01:45:15.240   933   933 I MediaCodecsXmlParser: limit: bitrate-range = 1-40000000
07-08 01:45:15.240   933   933 I MediaCodecsXmlParser: limit: feature-adaptive-playback = 0
07-08 01:45:15.240   933   933 I MediaCodecsXmlParser: limit: max-concurrent-instances = 16
07-08 01:45:15.240   933   933 I MediaCodecsXmlParser: limit: performance-point-1920x1088-range = 30-30
07-08 01:45:15.240   933   933 I MediaCodecsXmlParser: limit: size-range = 64x64-1920x1088
07-08 01:45:15.240   933   933 I MediaCodecsXmlParser: limit: alignment = 2x2
07-08 01:45:15.240   933   933 I MediaCodecsXmlParser: limit: block-size = 16x16
07-08 01:45:15.240   933   933 I MediaCodecsXmlParser: limit: blocks-per-second-range = 1-244800
07-08 01:45:15.240   933   933 I MediaCodecsXmlParser: limit: bitrate-range = 1-20000000
07-08 01:45:15.240   933   933 I MediaCodecsXmlParser: limit: feature-adaptive-playback = 0
07-08 01:45:15.240   933   933 I MediaCodecsXmlParser: limit: feature-secure-playback = 1
07-08 01:45:15.240   933   933 I MediaCodecsXmlParser: limit: max-concurrent-instances = 6
07-08 01:45:15.240   933   933 I MediaCodecsXmlParser: limit: performance-point-1920x1088-range = 30-30
07-08 01:45:15.240   933   933 I MediaCodecsXmlParser: limit: size-range = 64x64-1920x1088
07-08 01:45:15.240   933   933 I MediaCodecsXmlParser: limit: alignment = 2x2
07-08 01:45:15.240   933   933 I MediaCodecsXmlParser: limit: block-size = 16x16
07-08 01:45:15.240   933   933 I MediaCodecsXmlParser: limit: blocks-per-second-range = 1-489600
07-08 01:45:15.240   933   933 I MediaCodecsXmlParser: limit: bitrate-range = 1-60000000
07-08 01:45:15.240   933   933 I MediaCodecsXmlParser: limit: feature-adaptive-playback = 0
07-08 01:45:15.240   933   933 I MediaCodecsXmlParser: limit: max-concurrent-instances = 16
07-08 01:45:15.240   933   933 I MediaCodecsXmlParser: limit: performance-point-1920x1088-range = 60-60
07-08 01:45:15.240   933   933 I MediaCodecsXmlParser: limit: size-range = 64x64-864x480
07-08 01:45:15.240   933   933 I MediaCodecsXmlParser: limit: alignment = 2x2
07-08 01:45:15.240   933   933 I MediaCodecsXmlParser: limit: block-size = 16x16
07-08 01:45:15.240   933   933 I MediaCodecsXmlParser: limit: blocks-per-second-range = 1-48600
07-08 01:45:15.240   933   933 I MediaCodecsXmlParser: limit: bitrate-range = 1-2000000
07-08 01:45:15.240   933   933 I MediaCodecsXmlParser: limit: feature-adaptive-playback = 0
07-08 01:45:15.240   933   933 I MediaCodecsXmlParser: limit: max-concurrent-instances = 16
07-08 01:45:15.240   933   933 I MediaCodecsXmlParser: limit: performance-point-720x480-range = 30-30
07-08 01:45:15.240   933   933 I MediaCodecsXmlParser: limit: size-range = 64x64-1920x1088
07-08 01:45:15.240   933   933 I MediaCodecsXmlParser: limit: alignment = 2x2
07-08 01:45:15.240   933   933 I MediaCodecsXmlParser: limit: block-size = 16x16
07-08 01:45:15.240   933   933 I MediaCodecsXmlParser: limit: blocks-per-second-range = 1-489600
07-08 01:45:15.240   933   933 I MediaCodecsXmlParser: limit: bitrate-range = 1-60000000
07-08 01:45:15.240   933   933 I MediaCodecsXmlParser: limit: feature-adaptive-playback = 0
07-08 01:45:15.240   933   933 I MediaCodecsXmlParser: limit: max-concurrent-instances = 16
07-08 01:45:15.240   933   933 I MediaCodecsXmlParser: limit: performance-point-1920x1088-range = 30-30
07-08 01:45:15.240   933   933 I MediaCodecsXmlParser: limit: size-range = 64x64-1920x1088
07-08 01:45:15.240   933   933 I MediaCodecsXmlParser: limit: alignment = 2x2
07-08 01:45:15.240   933   933 I MediaCodecsXmlParser: limit: block-size = 16x16
07-08 01:45:15.240   933   933 I MediaCodecsXmlParser: limit: blocks-per-second-range = 1-489600
07-08 01:45:15.240   933   933 I MediaCodecsXmlParser: limit: bitrate-range = 1-20000000
07-08 01:45:15.240   933   933 I MediaCodecsXmlParser: limit: feature-adaptive-playback = 0
07-08 01:45:15.240   933   933 I MediaCodecsXmlParser: limit: feature-secure-playback = 1
07-08 01:45:15.240   933   933 I MediaCodecsXmlParser: limit: max-concurrent-instances = 7
07-08 01:45:15.240   933   933 I MediaCodecsXmlParser: limit: performance-point-1920x1088-range = 30-30
07-08 01:45:15.240   933   933 I MediaCodecsXmlParser: limit: size-range = 64x64-1920x1088
07-08 01:45:15.240   933   933 I MediaCodecsXmlParser: limit: alignment = 2x2
07-08 01:45:15.240   933   933 I MediaCodecsXmlParser: limit: block-size = 16x16
07-08 01:45:15.240   933   933 I MediaCodecsXmlParser: limit: blocks-per-second-range = 1-244800
07-08 01:45:15.240   933   933 I MediaCodecsXmlParser: limit: bitrate-range = 1-10000000
07-08 01:45:15.240   933   933 I MediaCodecsXmlParser: limit: feature-adaptive-playback = 0
07-08 01:45:15.240   933   933 I MediaCodecsXmlParser: limit: max-concurrent-instances = 16
07-08 01:45:15.240   933   933 I MediaCodecsXmlParser: limit: performance-point-1920x1088-range = 30-30
07-08 01:45:15.240   933   933 I MediaCodecsXmlParser: limit: size-range = 64x64-720x480
07-08 01:45:15.240   933   933 I MediaCodecsXmlParser: limit: alignment = 2x2
07-08 01:45:15.240   933   933 I MediaCodecsXmlParser: limit: block-size = 16x16
07-08 01:45:15.240   933   933 I MediaCodecsXmlParser: limit: blocks-per-second-range = 1-40500
07-08 01:45:15.240   933   933 I MediaCodecsXmlParser: limit: bitrate-range = 1-2000000
07-08 01:45:15.240   933   933 I MediaCodecsXmlParser: limit: feature-adaptive-playback = 0
07-08 01:45:15.240   933   933 I MediaCodecsXmlParser: limit: max-concurrent-instances = 16
07-08 01:45:15.240   933   933 I MediaCodecsXmlParser: limit: performance-point-720x480-range = 30-30
07-08 01:45:15.240   933   933 I MediaCodecsXmlParser: limit: size-range = 64x64-1920x1088
07-08 01:45:15.240   933   933 I MediaCodecsXmlParser: limit: alignment = 2x2
07-08 01:45:15.240   933   933 I MediaCodecsXmlParser: limit: block-size = 16x16
07-08 01:45:15.240   933   933 I MediaCodecsXmlParser: limit: blocks-per-second-range = 1-244800
07-08 01:45:15.240   933   933 I MediaCodecsXmlParser: limit: bitrate-range = 1-10000000
07-08 01:45:15.240   933   933 I MediaCodecsXmlParser: limit: feature-adaptive-playback = 0
07-08 01:45:15.240   933   933 I MediaCodecsXmlParser: limit: max-concurrent-instances = 16
07-08 01:45:15.240   933   933 I MediaCodecsXmlParser: limit: performance-point-1920x1088-range = 30-30
07-08 01:45:15.240   933   933 I MediaCodecsXmlParser: limit: size-range = 64x64-3840x2160
07-08 01:45:15.240   933   933 I MediaCodecsXmlParser: limit: alignment = 2x2
07-08 01:45:15.240   933   933 I MediaCodecsXmlParser: limit: block-size = 16x16
07-08 01:45:15.240   933   933 I MediaCodecsXmlParser: limit: blocks-per-second-range = 1-972000
07-08 01:45:15.240   933   933 I MediaCodecsXmlParser: limit: bitrate-range = 1-100000000
07-08 01:45:15.240   933   933 I MediaCodecsXmlParser: limit: feature-adaptive-playback = 0
07-08 01:45:15.241   933   933 I MediaCodecsXmlParser: limit: max-concurrent-instances = 16
07-08 01:45:15.241   933   933 I MediaCodecsXmlParser: limit: performance-point-3840x2160-range = 30-30
07-08 01:45:15.241   933   933 I MediaCodecsXmlParser: limit: size-range = 64x64-3840x2160
07-08 01:45:15.241   933   933 I MediaCodecsXmlParser: limit: alignment = 2x2
07-08 01:45:15.241   933   933 I MediaCodecsXmlParser: limit: block-size = 16x16
07-08 01:45:15.241   933   933 I MediaCodecsXmlParser: limit: blocks-per-second-range = 1-972000
07-08 01:45:15.241   933   933 I MediaCodecsXmlParser: limit: bitrate-range = 1-100000000
07-08 01:45:15.241   933   933 I MediaCodecsXmlParser: limit: feature-adaptive-playback = 0
07-08 01:45:15.241   933   933 I MediaCodecsXmlParser: limit: max-concurrent-instances = 16
07-08 01:45:15.241   933   933 I MediaCodecsXmlParser: limit: performance-point-3840x2160-range = 30-30
07-08 01:45:15.241   933   933 I MediaCodecsXmlParser: limit: size-range = 64x64-3840x2160
07-08 01:45:15.241   933   933 I MediaCodecsXmlParser: limit: alignment = 2x2
07-08 01:45:15.241   933   933 I MediaCodecsXmlParser: limit: block-size = 16x16
07-08 01:45:15.241   933   933 I MediaCodecsXmlParser: limit: blocks-per-second-range = 1-979200
07-08 01:45:15.241   933   933 I MediaCodecsXmlParser: limit: bitrate-range = 1-35000000
07-08 01:45:15.241   933   933 I MediaCodecsXmlParser: limit: frame-rate-range = 1-30
07-08 01:45:15.241   933   933 I MediaCodecsXmlParser: limit: feature-adaptive-playback = 0
07-08 01:45:15.241   933   933 I MediaCodecsXmlParser: limit: feature-secure-playback = 1
07-08 01:45:15.241   933   933 I MediaCodecsXmlParser: limit: max-concurrent-instances = 6
07-08 01:45:15.241   933   933 I MediaCodecsXmlParser: limit: performance-point-3840x2160-range = 30-30
07-08 01:45:15.241   933   933 I MediaCodecsXmlParser: limit: size-range = 64x64-3840x2160
07-08 01:45:15.241   933   933 I MediaCodecsXmlParser: limit: alignment = 2x2
07-08 01:45:15.241   933   933 I MediaCodecsXmlParser: limit: block-size = 16x16
07-08 01:45:15.241   933   933 I MediaCodecsXmlParser: limit: blocks-per-second-range = 1-972000
07-08 01:45:15.241   933   933 I MediaCodecsXmlParser: limit: bitrate-range = 1-100000000
07-08 01:45:15.241   933   933 I MediaCodecsXmlParser: limit: feature-adaptive-playback = 0
07-08 01:45:15.241   933   933 I MediaCodecsXmlParser: limit: max-concurrent-instances = 16
07-08 01:45:15.241   933   933 I MediaCodecsXmlParser: limit: performance-point-3840x2160-range = 30-30
07-08 01:45:15.241   933   933 I MediaCodecsXmlParser: limit: size-range = 64x64-3840x2160
07-08 01:45:15.241   933   933 I MediaCodecsXmlParser: limit: alignment = 2x2
07-08 01:45:15.241   933   933 I MediaCodecsXmlParser: limit: block-size = 16x16
07-08 01:45:15.241   933   933 I MediaCodecsXmlParser: limit: blocks-per-second-range = 1-972000
07-08 01:45:15.241   933   933 I MediaCodecsXmlParser: limit: bitrate-range = 1-35000000
07-08 01:45:15.241   933   933 I MediaCodecsXmlParser: limit: feature-adaptive-playback = 0
07-08 01:45:15.241   933   933 I MediaCodecsXmlParser: limit: feature-secure-playback = 1
07-08 01:45:15.241   933   933 I MediaCodecsXmlParser: limit: max-concurrent-instances = 6
07-08 01:45:15.241   933   933 I MediaCodecsXmlParser: limit: performance-point-3840x2160-range = 30-30
07-08 01:45:15.241   933   933 D MediaCodecsXmlParser: parsing /vendor/etc/media_codecs_google_video.xml...
07-08 01:45:15.241   610   610 D TetherController: Setting IP forward enable = 0
07-08 01:45:15.243   610   610 D FirewallController: Could not read /proc/self/uid_map, max uid defaulting to 4294967294
07-08 01:45:15.250   859  1040 I adbd    : USB event: FUNCTIONFS_BIND
07-08 01:45:15.252   910   910 V MediaUtils: physMem: 3812380672
07-08 01:45:15.252   910   910 V MediaUtils: requested limit: 762476120
07-08 01:45:15.253   910   910 I libc    : malloc_limit: Allocation limit enabled, max size 762476120 bytes
07-08 01:45:15.253   933   933 I MediaCodecsXmlParser: limit: size-range = 2x2-352x288
07-08 01:45:15.253   933   933 I MediaCodecsXmlParser: limit: alignment = 2x2
07-08 01:45:15.253   933   933 I MediaCodecsXmlParser: limit: block-size = 16x16
07-08 01:45:15.253   933   933 I MediaCodecsXmlParser: limit: blocks-per-second-range = 12-11880
07-08 01:45:15.253   933   933 I MediaCodecsXmlParser: limit: bitrate-range = 1-384000
07-08 01:45:15.253   933   933 I MediaCodecsXmlParser: limit: feature-adaptive-playback = 0
07-08 01:45:15.253   933   933 I MediaCodecsXmlParser: limit: size-range = 2x2-352x288
07-08 01:45:15.253   933   933 I MediaCodecsXmlParser: limit: alignment = 2x2
07-08 01:45:15.253   933   933 I MediaCodecsXmlParser: limit: bitrate-range = 1-384000
07-08 01:45:15.253   933   933 I MediaCodecsXmlParser: limit: feature-adaptive-playback = 0
07-08 01:45:15.253   933   933 I MediaCodecsXmlParser: limit: size-range = 2x2-4080x4080
07-08 01:45:15.253   933   933 I MediaCodecsXmlParser: limit: alignment = 2x2
07-08 01:45:15.253   933   933 I MediaCodecsXmlParser: limit: block-size = 16x16
07-08 01:45:15.253   933   933 I MediaCodecsXmlParser: limit: block-count-range = 1-32768
07-08 01:45:15.253   933   933 I MediaCodecsXmlParser: limit: blocks-per-second-range = 1-1966080
07-08 01:45:15.253   933   933 I MediaCodecsXmlParser: limit: bitrate-range = 1-48000000
07-08 01:45:15.253   933   933 I MediaCodecsXmlParser: limit: feature-adaptive-playback = 0
07-08 01:45:15.253   933   933 I MediaCodecsXmlParser: limit: size-range = 2x2-4096x4096
07-08 01:45:15.253   933   933 I MediaCodecsXmlParser: limit: alignment = 2x2
07-08 01:45:15.253   933   933 I MediaCodecsXmlParser: limit: block-size = 8x8
07-08 01:45:15.253   933   933 I MediaCodecsXmlParser: limit: block-count-range = 1-196608
07-08 01:45:15.253   933   933 I MediaCodecsXmlParser: limit: blocks-per-second-range = 1-2000000
07-08 01:45:15.253   933   933 I MediaCodecsXmlParser: limit: bitrate-range = 1-10000000
07-08 01:45:15.253   933   933 I MediaCodecsXmlParser: limit: feature-adaptive-playback = 0
07-08 01:45:15.253   933   933 I MediaCodecsXmlParser: limit: size-range = 2x2-2048x2048
07-08 01:45:15.253   933   933 I MediaCodecsXmlParser: limit: alignment = 2x2
07-08 01:45:15.253   933   933 I MediaCodecsXmlParser: limit: block-size = 16x16
07-08 01:45:15.253   933   933 I MediaCodecsXmlParser: limit: block-count-range = 1-16384
07-08 01:45:15.253   933   933 I MediaCodecsXmlParser: limit: blocks-per-second-range = 1-1000000
07-08 01:45:15.253   933   933 I MediaCodecsXmlParser: limit: bitrate-range = 1-40000000
07-08 01:45:15.253   933   933 I MediaCodecsXmlParser: limit: feature-adaptive-playback = 0
07-08 01:45:15.253   933   933 I MediaCodecsXmlParser: limit: size-range = 2x2-2048x2048
07-08 01:45:15.253   875   936 E ThermalEngine: read error 0. buf:[add@/devices/virtual/thermal/thermal_zone37 ACTION=add DEVPATH=/devices/virtual/thermal/thermal_zone37 SUBSYSTEM=thermal SEQNUM=4466 ]
07-08 01:45:15.253   933   933 I MediaCodecsXmlParser: limit: alignment = 2x2
07-08 01:45:15.253   933   933 I MediaCodecsXmlParser: limit: block-size = 16x16
07-08 01:45:15.253   933   933 I MediaCodecsXmlParser: limit: block-count-range = 1-16384
07-08 01:45:15.253   933   933 I MediaCodecsXmlParser: limit: blocks-per-second-range = 1-500000
07-08 01:45:15.253   933   933 I MediaCodecsXmlParser: limit: bitrate-range = 1-40000000
07-08 01:45:15.253   933   933 I MediaCodecsXmlParser: limit: feature-adaptive-playback = 0
07-08 01:45:15.253   933   933 I MediaCodecsXmlParser: limit: size-range = 176x144-176x144
07-08 01:45:15.253   933   933 I MediaCodecsXmlParser: limit: alignment = 16x16
07-08 01:45:15.253   933   933 I MediaCodecsXmlParser: limit: bitrate-range = 1-128000
07-08 01:45:15.253   933   933 I MediaCodecsXmlParser: limit: size-range = 16x16-2048x2048
07-08 01:45:15.253   933   933 I MediaCodecsXmlParser: limit: alignment = 2x2
07-08 01:45:15.253   933   933 I MediaCodecsXmlParser: limit: block-size = 16x16
07-08 01:45:15.253   933   933 I MediaCodecsXmlParser: limit: block-count-range = 1-8192
07-08 01:45:15.253   933   933 I MediaCodecsXmlParser: limit: blocks-per-second-range = 1-245760
07-08 01:45:15.254   933   933 I MediaCodecsXmlParser: limit: bitrate-range = 1-12000000
07-08 01:45:15.254   933   933 I MediaCodecsXmlParser: limit: feature-intra-refresh = 0
07-08 01:45:15.254   933   933 I MediaCodecsXmlParser: limit: size-range = 16x16-176x144
07-08 01:45:15.254   933   933 I MediaCodecsXmlParser: limit: alignment = 16x16
07-08 01:45:15.254   933   933 I MediaCodecsXmlParser: limit: block-size = 16x16
07-08 01:45:15.254   933   933 I MediaCodecsXmlParser: limit: blocks-per-second-range = 12-1485
07-08 01:45:15.254   933   933 I MediaCodecsXmlParser: limit: bitrate-range = 1-64000
07-08 01:45:15.254   933   933 I MediaCodecsXmlParser: limit: size-range = 2x2-2048x2048
07-08 01:45:15.254     0     0 W         : (NULL device *): hwmon_device_register() is deprecated. Please convert the driver to use hwmon_device_register_with_info().
07-08 01:45:15.254   933   933 I MediaCodecsXmlParser: limit: alignment = 2x2
07-08 01:45:15.254   933   933 I MediaCodecsXmlParser: limit: block-size = 16x16
07-08 01:45:15.254   933   933 I MediaCodecsXmlParser: limit: block-count-range = 1-16384
07-08 01:45:15.254   933   933 I MediaCodecsXmlParser: limit: bitrate-range = 1-40000000
07-08 01:45:15.254   933   933 I MediaCodecsXmlParser: limit: feature-bitrate-modes = VBR,CBR
07-08 01:45:15.254   933   933 I MediaCodecsXmlParser: limit: size-range = 2x2-2048x2048
07-08 01:45:15.254   933   933 I MediaCodecsXmlParser: limit: alignment = 2x2
07-08 01:45:15.254   933   933 I MediaCodecsXmlParser: limit: block-size = 16x16
07-08 01:45:15.254   933   933 I MediaCodecsXmlParser: limit: block-count-range = 1-3600
07-08 01:45:15.254   933   933 I MediaCodecsXmlParser: limit: bitrate-range = 1-40000000
07-08 01:45:15.254   933   933 I MediaCodecsXmlParser: limit: feature-bitrate-modes = VBR,CBR
07-08 01:45:15.254   933   933 I MediaCodecsXmlParser: getVendorXmlPath (/vendor/etc/media_codecs_performance.xml)
07-08 01:45:15.254   933   933 D MediaCodecsXmlParser: parsing /vendor/etc/media_codecs_performance.xml...
07-08 01:45:15.255   933   933 I MediaCodecsXmlParser: limit: measured-frame-rate-320x240-range = 388-392
07-08 01:45:15.255   933   933 I MediaCodecsXmlParser: limit: measured-frame-rate-720x480-range = 80-90
07-08 01:45:15.255   933   933 I MediaCodecsXmlParser: limit: measured-frame-rate-1280x720-range = 32-37
07-08 01:45:15.255   933   933 I MediaCodecsXmlParser: limit: measured-frame-rate-1920x1080-range = 40-40
07-08 01:45:15.255   933   933 I MediaCodecsXmlParser: limit: measured-frame-rate-320x240-range = 226-226
07-08 01:45:15.255   933   933 I MediaCodecsXmlParser: limit: measured-frame-rate-720x480-range = 121-121
07-08 01:45:15.255   933   933 I MediaCodecsXmlParser: limit: measured-frame-rate-1280x720-range = 49-49
07-08 01:45:15.255   933   933 I MediaCodecsXmlParser: limit: measured-frame-rate-1920x1080-range = 16-45
07-08 01:45:15.255   933   933 I MediaCodecsXmlParser: limit: measured-frame-rate-3840x2160-range = 13-26
07-08 01:45:15.255   933   933 I MediaCodecsXmlParser: limit: measured-frame-rate-176x144-range = 517-521
07-08 01:45:15.255   933   933 I MediaCodecsXmlParser: limit: measured-frame-rate-352x288-range = 261-261
07-08 01:45:15.255   933   933 I MediaCodecsXmlParser: limit: measured-frame-rate-176x144-range = 515-518
07-08 01:45:15.255   933   933 I MediaCodecsXmlParser: limit: measured-frame-rate-352x288-range = 263-263
07-08 01:45:15.255   933   933 I MediaCodecsXmlParser: limit: measured-frame-rate-640x480-range = 144-144
07-08 01:45:15.255   933   933 I MediaCodecsXmlParser: limit: measured-frame-rate-320x180-range = 312-312
07-08 01:45:15.255   933   933 I MediaCodecsXmlParser: limit: measured-frame-rate-640x360-range = 175-174
07-08 01:45:15.255   933   933 I MediaCodecsXmlParser: limit: measured-frame-rate-1280x720-range = 30-40
07-08 01:45:15.255   933   933 I MediaCodecsXmlParser: limit: measured-frame-rate-1920x1080-range = 20-25
07-08 01:45:15.255   933   933 I MediaCodecsXmlParser: limit: measured-frame-rate-320x240-range = 185-185
07-08 01:45:15.255   933   933 I MediaCodecsXmlParser: limit: measured-frame-rate-720x480-range = 87-87
07-08 01:45:15.255   933   933 I MediaCodecsXmlParser: limit: measured-frame-rate-1280x720-range = 45-45
07-08 01:45:15.255   933   933 I MediaCodecsXmlParser: limit: measured-frame-rate-1920x1080-range = 28-28
07-08 01:45:15.255   933   933 D MediaCodecsXmlParser: MediaCodec: cannot update non-existing codec at line 57 of /vendor/etc/media_codecs_performance.xml
07-08 01:45:15.255   933   933 I MediaCodecsXmlParser: limit: measured-frame-rate-176x144-range = 350-365
07-08 01:45:15.255   933   933 D MediaCodecsXmlParser: MediaCodec: cannot update non-existing codec at line 66 of /vendor/etc/media_codecs_performance.xml
07-08 01:45:15.256   933   933 I MediaCodecsXmlParser: limit: measured-frame-rate-176x144-range = 385-385
07-08 01:45:15.256   933   933 D MediaCodecsXmlParser: MediaCodec: cannot update non-existing codec at line 72 of /vendor/etc/media_codecs_performance.xml
07-08 01:45:15.256   933   933 D MediaCodecsXmlParser: MediaCodec: cannot update non-existing codec at line 75 of /vendor/etc/media_codecs_performance.xml
07-08 01:45:15.256   933   933 I MediaCodecsXmlParser: limit: measured-frame-rate-320x180-range = 100-120
07-08 01:45:15.256   933   933 I MediaCodecsXmlParser: limit: measured-frame-rate-640x360-range = 45-50
07-08 01:45:15.256   933   933 I MediaCodecsXmlParser: limit: measured-frame-rate-1280x720-range = 30-35
07-08 01:45:15.256   933   933 I MediaCodecsXmlParser: limit: measured-frame-rate-1920x1080-range = 20-30
07-08 01:45:15.256   933   933 I MediaCodecsXmlParser: limit: measured-frame-rate-320x180-range = 140-180
07-08 01:45:15.256   933   933 I MediaCodecsXmlParser: limit: measured-frame-rate-640x360-range = 45-60
07-08 01:45:15.256   933   933 I MediaCodecsXmlParser: limit: measured-frame-rate-1280x720-range = 12-15
07-08 01:45:15.256   933   933 D MediaCodecsXmlParser: MediaCodec: cannot update non-existing codec at line 90 of /vendor/etc/media_codecs_performance.xml
07-08 01:45:15.256   933   933 I MediaCodecsXmlParser: limit: measured-frame-rate-320x240-range = 555-566
07-08 01:45:15.256   933   933 I MediaCodecsXmlParser: limit: measured-frame-rate-720x480-range = 239-239
07-08 01:45:15.256   933   933 I MediaCodecsXmlParser: limit: measured-frame-rate-1280x720-range = 197-197
07-08 01:45:15.256   933   933 I MediaCodecsXmlParser: limit: measured-frame-rate-1920x1088-range = 198-199
07-08 01:45:15.256   933   933 I MediaCodecsXmlParser: limit: measured-frame-rate-352x288-range = 650-655
07-08 01:45:15.256   933   933 I MediaCodecsXmlParser: limit: measured-frame-rate-640x360-range = 395-398
07-08 01:45:15.256   933   933 I MediaCodecsXmlParser: limit: measured-frame-rate-720x480-range = 300-304
07-08 01:45:15.256   933   933 I MediaCodecsXmlParser: limit: measured-frame-rate-1280x720-range = 241-241
07-08 01:45:15.257   933   933 I MediaCodecsXmlParser: limit: measured-frame-rate-1920x1088-range = 224-226
07-08 01:45:15.257   933   933 I MediaCodecsXmlParser: limit: measured-frame-rate-3840x2160-range = 30-40
07-08 01:45:15.257   933   933 I MediaCodecsXmlParser: limit: measured-frame-rate-176x144-range = 890-898
07-08 01:45:15.257   933   933 I MediaCodecsXmlParser: limit: measured-frame-rate-352x288-range = 840-850
07-08 01:45:15.257   933   933 I MediaCodecsXmlParser: limit: measured-frame-rate-176x144-range = 850-875
07-08 01:45:15.257   933   933 I MediaCodecsXmlParser: limit: measured-frame-rate-480x360-range = 766-794
07-08 01:45:15.257   933   933 I MediaCodecsXmlParser: limit: measured-frame-rate-320x180-range = 680-696
07-08 01:45:15.257   933   933 I MediaCodecsXmlParser: limit: measured-frame-rate-640x360-range = 400-415
07-08 01:45:15.257   933   933 I MediaCodecsXmlParser: limit: measured-frame-rate-1280x720-range = 350-358
07-08 01:45:15.257   933   933 I MediaCodecsXmlParser: limit: measured-frame-rate-1920x1080-range = 199-199
07-08 01:45:15.257   933   933 I MediaCodecsXmlParser: limit: measured-frame-rate-320x180-range = 500-524
