01-01 09:57:48.202   949   949 I MediaCodecsXmlParser: limit: blocks-per-second-range = 1-972000
01-01 09:57:48.202   949   949 I MediaCodecsXmlParser: limit: bitrate-range = 1-35000000
01-01 09:57:48.202   949   949 I MediaCodecsXmlParser: limit: feature-adaptive-playback = 0
01-01 09:57:48.202   949   949 I MediaCodecsXmlParser: limit: feature-secure-playback = 1
01-01 09:57:48.202   949   949 I MediaCodecsXmlParser: limit: max-concurrent-instances = 6
01-01 09:57:48.202   949   949 I MediaCodecsXmlParser: limit: performance-point-3840x2160-range = 30-30
01-01 09:57:48.202   949   949 D MediaCodecsXmlParser: parsing /vendor/etc/media_codecs_google_video.xml...
01-01 09:57:48.202   949   949 I MediaCodecsXmlParser: limit: size-range = 2x2-352x288
01-01 09:57:48.202   949   949 I MediaCodecsXmlParser: limit: alignment = 2x2
01-01 09:57:48.202   949   949 I MediaCodecsXmlParser: limit: block-size = 16x16
01-01 09:57:48.202   949   949 I MediaCodecsXmlParser: limit: blocks-per-second-range = 12-11880
01-01 09:57:48.202   949   949 I MediaCodecsXmlParser: limit: bitrate-range = 1-384000
01-01 09:57:48.202   949   949 I MediaCodecsXmlParser: limit: feature-adaptive-playback = 0
01-01 09:57:48.202   949   949 I MediaCodecsXmlParser: limit: size-range = 2x2-352x288
01-01 09:57:48.202   949   949 I MediaCodecsXmlParser: limit: alignment = 2x2
01-01 09:57:48.202   949   949 I MediaCodecsXmlParser: limit: bitrate-range = 1-384000
01-01 09:57:48.202   949   949 I MediaCodecsXmlParser: limit: feature-adaptive-playback = 0
01-01 09:57:48.202   949   949 I MediaCodecsXmlParser: limit: size-range = 2x2-4080x4080
01-01 09:57:48.202   949   949 I MediaCodecsXmlParser: limit: alignment = 2x2
01-01 09:57:48.202   949   949 I MediaCodecsXmlParser: limit: block-size = 16x16
01-01 09:57:48.202   949   949 I MediaCodecsXmlParser: limit: block-count-range = 1-32768
01-01 09:57:48.202   949   949 I MediaCodecsXmlParser: limit: blocks-per-second-range = 1-1966080
01-01 09:57:48.202   949   949 I MediaCodecsXmlParser: limit: bitrate-range = 1-48000000
01-01 09:57:48.203   949   949 I MediaCodecsXmlParser: limit: feature-adaptive-playback = 0
01-01 09:57:48.203   949   949 I MediaCodecsXmlParser: limit: size-range = 2x2-4096x4096
01-01 09:57:48.203   949   949 I MediaCodecsXmlParser: limit: alignment = 2x2
01-01 09:57:48.203     0     0 I android_work: sent uevent USB_STATE=CONNECTED
01-01 09:57:48.207   670   670 D audio_hw_utils: audio_extn_utils_open_snd_mixer: retry, retry_num 1
01-01 09:57:48.210   949   949 I MediaCodecsXmlParser: limit: block-size = 8x8
01-01 09:57:48.210   949   949 I MediaCodecsXmlParser: limit: block-count-range = 1-196608
01-01 09:57:48.210   949   949 I MediaCodecsXmlParser: limit: blocks-per-second-range = 1-2000000
01-01 09:57:48.210   949   949 I MediaCodecsXmlParser: limit: bitrate-range = 1-10000000
01-01 09:57:48.210   949   949 I MediaCodecsXmlParser: limit: feature-adaptive-playback = 0
01-01 09:57:48.210   949   949 I MediaCodecsXmlParser: limit: size-range = 2x2-2048x2048
01-01 09:57:48.210   949   949 I MediaCodecsXmlParser: limit: alignment = 2x2
01-01 09:57:48.210   949   949 I MediaCodecsXmlParser: limit: block-size = 16x16
01-01 09:57:48.210   949   949 I MediaCodecsXmlParser: limit: block-count-range = 1-16384
01-01 09:57:48.210   949   949 I MediaCodecsXmlParser: limit: blocks-per-second-range = 1-1000000
01-01 09:57:48.210   949   949 I MediaCodecsXmlParser: limit: bitrate-range = 1-40000000
01-01 09:57:48.211   949   949 I MediaCodecsXmlParser: limit: feature-adaptive-playback = 0
01-01 09:57:48.211   949   949 I MediaCodecsXmlParser: limit: size-range = 2x2-2048x2048
01-01 09:57:48.211   949   949 I MediaCodecsXmlParser: limit: alignment = 2x2
01-01 09:57:48.211   949   949 I MediaCodecsXmlParser: limit: block-size = 16x16
01-01 09:57:48.211   949   949 I MediaCodecsXmlParser: limit: block-count-range = 1-16384
01-01 09:57:48.211   949   949 I MediaCodecsXmlParser: limit: blocks-per-second-range = 1-500000
01-01 09:57:48.211   949   949 I MediaCodecsXmlParser: limit: bitrate-range = 1-40000000
01-01 09:57:48.211   949   949 I MediaCodecsXmlParser: limit: feature-adaptive-playback = 0
01-01 09:57:48.211   949   949 I MediaCodecsXmlParser: limit: size-range = 176x144-176x144
01-01 09:57:48.211   949   949 I MediaCodecsXmlParser: limit: alignment = 16x16
01-01 09:57:48.211   949   949 I MediaCodecsXmlParser: limit: bitrate-range = 1-128000
01-01 09:57:48.211   949   949 I MediaCodecsXmlParser: limit: size-range = 16x16-2048x2048
01-01 09:57:48.211   949   949 I MediaCodecsXmlParser: limit: alignment = 2x2
01-01 09:57:48.211   949   949 I MediaCodecsXmlParser: limit: block-size = 16x16
01-01 09:57:48.211   949   949 I MediaCodecsXmlParser: limit: block-count-range = 1-8192
01-01 09:57:48.211   949   949 I MediaCodecsXmlParser: limit: blocks-per-second-range = 1-245760
01-01 09:57:48.211   949   949 I MediaCodecsXmlParser: limit: bitrate-range = 1-12000000
01-01 09:57:48.211   949   949 I MediaCodecsXmlParser: limit: feature-intra-refresh = 0
01-01 09:57:48.211   949   949 I MediaCodecsXmlParser: limit: size-range = 16x16-176x144
01-01 09:57:48.211   949   949 I MediaCodecsXmlParser: limit: alignment = 16x16
01-01 09:57:48.211   949   949 I MediaCodecsXmlParser: limit: block-size = 16x16
01-01 09:57:48.211   949   949 I MediaCodecsXmlParser: limit: blocks-per-second-range = 12-1485
01-01 09:57:48.211   949   949 I MediaCodecsXmlParser: limit: bitrate-range = 1-64000
01-01 09:57:48.211   949   949 I MediaCodecsXmlParser: limit: size-range = 2x2-2048x2048
01-01 09:57:48.211   949   949 I MediaCodecsXmlParser: limit: alignment = 2x2
01-01 09:57:48.211   949   949 I MediaCodecsXmlParser: limit: block-size = 16x16
01-01 09:57:48.211   949   949 I MediaCodecsXmlParser: limit: block-count-range = 1-16384
01-01 09:57:48.211   949   949 I MediaCodecsXmlParser: limit: bitrate-range = 1-40000000
01-01 09:57:48.211   949   949 I MediaCodecsXmlParser: limit: feature-bitrate-modes = VBR,CBR
01-01 09:57:48.211   949   949 I MediaCodecsXmlParser: limit: size-range = 2x2-2048x2048
01-01 09:57:48.211   949   949 I MediaCodecsXmlParser: limit: alignment = 2x2
01-01 09:57:48.211   949   949 I MediaCodecsXmlParser: limit: block-size = 16x16
01-01 09:57:48.211   949   949 I MediaCodecsXmlParser: limit: block-count-range = 1-3600
01-01 09:57:48.211   949   949 I MediaCodecsXmlParser: limit: bitrate-range = 1-40000000
01-01 09:57:48.211   949   949 I MediaCodecsXmlParser: limit: feature-bitrate-modes = VBR,CBR
01-01 09:57:48.211   949   949 I MediaCodecsXmlParser: getVendorXmlPath (/vendor/etc/media_codecs_performance.xml)
01-01 09:57:48.211   949   949 D MediaCodecsXmlParser: parsing /vendor/etc/media_codecs_performance.xml...
01-01 09:57:48.212   949   949 I MediaCodecsXmlParser: limit: measured-frame-rate-320x240-range = 388-392
01-01 09:57:48.212   949   949 I MediaCodecsXmlParser: limit: measured-frame-rate-720x480-range = 80-90
01-01 09:57:48.212   949   949 I MediaCodecsXmlParser: limit: measured-frame-rate-1280x720-range = 32-37
01-01 09:57:48.212   949   949 I MediaCodecsXmlParser: limit: measured-frame-rate-1920x1080-range = 40-40
01-01 09:57:48.212   949   949 I MediaCodecsXmlParser: limit: measured-frame-rate-320x240-range = 226-226
01-01 09:57:48.212   949   949 I MediaCodecsXmlParser: limit: measured-frame-rate-720x480-range = 121-121
01-01 09:57:48.212   949   949 I MediaCodecsXmlParser: limit: measured-frame-rate-1280x720-range = 49-49
01-01 09:57:48.212   949   949 I MediaCodecsXmlParser: limit: measured-frame-rate-1920x1080-range = 16-45
01-01 09:57:48.212   949   949 I MediaCodecsXmlParser: limit: measured-frame-rate-3840x2160-range = 13-26
01-01 09:57:48.212   949   949 I MediaCodecsXmlParser: limit: measured-frame-rate-176x144-range = 517-521
01-01 09:57:48.212   949   949 I MediaCodecsXmlParser: limit: measured-frame-rate-352x288-range = 261-261
01-01 09:57:48.212   949   949 I MediaCodecsXmlParser: limit: measured-frame-rate-176x144-range = 515-518
01-01 09:57:48.212   949   949 I MediaCodecsXmlParser: limit: measured-frame-rate-352x288-range = 263-263
01-01 09:57:48.212   949   949 I MediaCodecsXmlParser: limit: measured-frame-rate-640x480-range = 144-144
01-01 09:57:48.212   949   949 I MediaCodecsXmlParser: limit: measured-frame-rate-320x180-range = 312-312
01-01 09:57:48.212   949   949 I MediaCodecsXmlParser: limit: measured-frame-rate-640x360-range = 175-174
01-01 09:57:48.212   949   949 I MediaCodecsXmlParser: limit: measured-frame-rate-1280x720-range = 30-40
01-01 09:57:48.212   949   949 I MediaCodecsXmlParser: limit: measured-frame-rate-1920x1080-range = 20-25
01-01 09:57:48.212   949   949 I MediaCodecsXmlParser: limit: measured-frame-rate-320x240-range = 185-185
01-01 09:57:48.212   949   949 I MediaCodecsXmlParser: limit: measured-frame-rate-720x480-range = 87-87
01-01 09:57:48.212   949   949 I MediaCodecsXmlParser: limit: measured-frame-rate-1280x720-range = 45-45
01-01 09:57:48.212   949   949 I MediaCodecsXmlParser: limit: measured-frame-rate-1920x1080-range = 28-28
01-01 09:57:48.212   949   949 D MediaCodecsXmlParser: MediaCodec: cannot update non-existing codec at line 57 of /vendor/etc/media_codecs_performance.xml
01-01 09:57:48.212   949   949 I MediaCodecsXmlParser: limit: measured-frame-rate-176x144-range = 350-365
01-01 09:57:48.212   949   949 D MediaCodecsXmlParser: MediaCodec: cannot update non-existing codec at line 66 of /vendor/etc/media_codecs_performance.xml
01-01 09:57:48.212   949   949 I MediaCodecsXmlParser: limit: measured-frame-rate-176x144-range = 385-385
01-01 09:57:48.212   949   949 D MediaCodecsXmlParser: MediaCodec: cannot update non-existing codec at line 72 of /vendor/etc/media_codecs_performance.xml
01-01 09:57:48.212   949   949 D MediaCodecsXmlParser: MediaCodec: cannot update non-existing codec at line 75 of /vendor/etc/media_codecs_performance.xml
01-01 09:57:48.212   949   949 I MediaCodecsXmlParser: limit: measured-frame-rate-320x180-range = 100-120
01-01 09:57:48.212   949   949 I MediaCodecsXmlParser: limit: measured-frame-rate-640x360-range = 45-50
01-01 09:57:48.212   949   949 I MediaCodecsXmlParser: limit: measured-frame-rate-1280x720-range = 30-35
01-01 09:57:48.212   949   949 I MediaCodecsXmlParser: limit: measured-frame-rate-1920x1080-range = 20-30
01-01 09:57:48.212   949   949 I MediaCodecsXmlParser: limit: measured-frame-rate-320x180-range = 140-180
01-01 09:57:48.212   949   949 I MediaCodecsXmlParser: limit: measured-frame-rate-640x360-range = 45-60
01-01 09:57:48.212   949   949 I MediaCodecsXmlParser: limit: measured-frame-rate-1280x720-range = 12-15
01-01 09:57:48.212   949   949 D MediaCodecsXmlParser: MediaCodec: cannot update non-existing codec at line 90 of /vendor/etc/media_codecs_performance.xml
01-01 09:57:48.212   949   949 I MediaCodecsXmlParser: limit: measured-frame-rate-320x240-range = 555-566
01-01 09:57:48.212   949   949 I MediaCodecsXmlParser: limit: measured-frame-rate-720x480-range = 239-239
01-01 09:57:48.212   949   949 I MediaCodecsXmlParser: limit: measured-frame-rate-1280x720-range = 197-197
01-01 09:57:48.212   949   949 I MediaCodecsXmlParser: limit: measured-frame-rate-1920x1088-range = 198-199
01-01 09:57:48.212   949   949 I MediaCodecsXmlParser: limit: measured-frame-rate-352x288-range = 650-655
01-01 09:57:48.212   949   949 I MediaCodecsXmlParser: limit: measured-frame-rate-640x360-range = 395-398
01-01 09:57:48.212   949   949 I MediaCodecsXmlParser: limit: measured-frame-rate-720x480-range = 300-304
01-01 09:57:48.212   949   949 I MediaCodecsXmlParser: limit: measured-frame-rate-1280x720-range = 241-241
01-01 09:57:48.212   949   949 I MediaCodecsXmlParser: limit: measured-frame-rate-1920x1088-range = 224-226
01-01 09:57:48.212   949   949 I MediaCodecsXmlParser: limit: measured-frame-rate-3840x2160-range = 30-40
01-01 09:57:48.212   949   949 I MediaCodecsXmlParser: limit: measured-frame-rate-176x144-range = 890-898
01-01 09:57:48.212   949   949 I MediaCodecsXmlParser: limit: measured-frame-rate-352x288-range = 840-850
01-01 09:57:48.212   949   949 I MediaCodecsXmlParser: limit: measured-frame-rate-176x144-range = 850-875
01-01 09:57:48.212   949   949 I MediaCodecsXmlParser: limit: measured-frame-rate-480x360-range = 766-794
01-01 09:57:48.212   949   949 I MediaCodecsXmlParser: limit: measured-frame-rate-320x180-range = 680-696
01-01 09:57:48.212   949   949 I MediaCodecsXmlParser: limit: measured-frame-rate-640x360-range = 400-415
01-01 09:57:48.212   949   949 I MediaCodecsXmlParser: limit: measured-frame-rate-1280x720-range = 350-358
01-01 09:57:48.212   949   949 I MediaCodecsXmlParser: limit: measured-frame-rate-1920x1080-range = 199-199
01-01 09:57:48.212   949   949 I MediaCodecsXmlParser: limit: measured-frame-rate-320x180-range = 500-524
01-01 09:57:48.212   949   949 I MediaCodecsXmlParser: limit: measured-frame-rate-640x360-range = 360-366
01-01 09:57:48.212   949   949 I MediaCodecsXmlParser: limit: measured-frame-rate-1280x720-range = 190-210
01-01 09:57:48.213   949   949 I MediaCodecsXmlParser: limit: measured-frame-rate-1920x1080-range = 170-190
01-01 09:57:48.213   949   949 I MediaCodecsXmlParser: limit: measured-frame-rate-3840x2160-range = 48-48
01-01 09:57:48.213   949   949 I MediaCodecsXmlParser: limit: measured-frame-rate-320x240-range = 320-350
01-01 09:57:48.213   949   949 I MediaCodecsXmlParser: limit: measured-frame-rate-720x480-range = 100-130
01-01 09:57:48.213   949   949 I MediaCodecsXmlParser: limit: measured-frame-rate-1280x720-range = 50-58
01-01 09:57:48.213   949   949 I MediaCodecsXmlParser: limit: measured-frame-rate-1920x1080-range = 20-30
01-01 09:57:48.213   949   949 D MediaCodecsXmlParser: MediaCodec: cannot update non-existing codec at line 139 of /vendor/etc/media_codecs_performance.xml
01-01 09:57:48.213   949   949 I MediaCodecsXmlParser: limit: measured-frame-rate-352x288-range = 458-458
01-01 09:57:48.213   949   949 I MediaCodecsXmlParser: limit: measured-frame-rate-640x360-range = 210-215
01-01 09:57:48.213   949   949 I MediaCodecsXmlParser: limit: measured-frame-rate-720x480-range = 120-125
01-01 09:57:48.213   949   949 I MediaCodecsXmlParser: limit: measured-frame-rate-1280x720-range = 70-85
01-01 09:57:48.213   949   949 I MediaCodecsXmlParser: limit: measured-frame-rate-1920x1080-range = 45-48
01-01 09:57:48.213   949   949 D MediaCodecsXmlParser: MediaCodec: cannot update non-existing codec at line 152 of /vendor/etc/media_codecs_performance.xml
01-01 09:57:48.213   949   949 I MediaCodecsXmlParser: limit: measured-frame-rate-176x144-range = 190-210
01-01 09:57:48.213   949   949 I MediaCodecsXmlParser: limit: measured-frame-rate-352x288-range = 170-182
01-01 09:57:48.213   949   949 D MediaCodecsXmlParser: MediaCodec: cannot update non-existing codec at line 163 of /vendor/etc/media_codecs_performance.xml
01-01 09:57:48.213   949   949 I MediaCodecsXmlParser: limit: measured-frame-rate-320x240-range = 575-580
01-01 09:57:48.213   949   949 I MediaCodecsXmlParser: limit: measured-frame-rate-640x360-range = 200-220
01-01 09:57:48.213   949   949 I MediaCodecsXmlParser: limit: measured-frame-rate-1280x720-range = 45-55
01-01 09:57:48.213   949   949 I MediaCodecsXmlParser: limit: measured-frame-rate-1920x1080-range = 18-22
01-01 09:57:48.213   949   949 D MediaCodecsXmlParser: MediaCodec: cannot update non-existing codec at line 173 of /vendor/etc/media_codecs_performance.xml
01-01 09:57:48.213   949   949 I MediaCodecsXmlParser: limit: measured-frame-rate-320x240-range = 580-604
01-01 09:57:48.213   949   949 I MediaCodecsXmlParser: limit: measured-frame-rate-640x360-range = 180-185
01-01 09:57:48.213   949   949 I MediaCodecsXmlParser: limit: measured-frame-rate-1280x720-range = 88-92
01-01 09:57:48.213   949   949 I MediaCodecsXmlParser: limit: measured-frame-rate-1920x1080-range = 47-52
01-01 09:57:48.213   949   949 D MediaCodecsXmlParser: MediaCodec: cannot update non-existing codec at line 185 of /vendor/etc/media_codecs_performance.xml
01-01 09:57:48.213   949   949 I MediaCodecsXmlParser: limit: measured-frame-rate-176x144-range = 380-400
01-01 09:57:48.213   949   949 D MediaCodecsXmlParser: MediaCodec: cannot update non-existing codec at line 197 of /vendor/etc/media_codecs_performance.xml
01-01 09:57:48.213   949   949 D MediaCodecsXmlParser: Cannot find /data/misc/media/media_codecs_profiling_results.xml
01-01 09:57:48.214   949   949 I OmxStore: node [OMX.qcom.video.decoder.mpeg2.secure] not found in IOmx
01-01 09:57:48.217   949   949 I ServiceManagement: Registered android.hardware.media.omx@1.0::IOmxStore/default (start delay of 410ms)
01-01 09:57:48.217   949   949 I ServiceManagement: Removing namespace from process name android.hardware.media.omx@1.0-service to omx@1.0-service.
01-01 09:57:48.224   631   631 W zygote64: JNI RegisterNativeMethods: attempt to register 0 native methods for android.media.AudioAttributes
01-01 09:57:48.225   630   630 I netd    : Creating child chains: 33.3ms
01-01 09:57:48.225   630   630 I netd    : Setting up OEM hooks: 0.2ms
01-01 09:57:48.226   630   630 I netd    : Setting up FirewallController hooks: 0.0ms
01-01 09:57:48.229   632   632 W zygote  : JNI RegisterNativeMethods: attempt to register 0 native methods for android.media.AudioAttributes
01-01 09:57:48.229   630   630 I netd    : Setting up TetherController hooks: 3.6ms
01-01 09:57:48.232   630   630 I netd    : Setting up BandwidthController hooks: 2.5ms
01-01 09:57:48.232   630   630 I netd    : Setting up IdletimerController hooks: 0.1ms
01-01 09:57:48.240   630   630 I netd    : Setting up StrictController hooks: 7.8ms
01-01 09:57:48.240   630   630 I ClatdController: 4.9+ kernel and device shipped with Q+ - clat ebpf should work.
01-01 09:57:48.240   630   630 I netd    : Initializing ClatdController: 0.2ms
01-01 09:57:48.241   630   630 I netd    : Initializing traffic control: 1.0ms
01-01 09:57:48.241   947  1041 I ServiceManager: Waiting for service 'package_native' on '/dev/binder'...
01-01 09:57:48.246   630   630 I netd    : Enabling bandwidth control: 5.1ms
01-01 09:57:48.248   630   630 I netd    : Initializing RouteController: 1.7ms
01-01 09:57:48.248   630   630 D XfrmController: XfrmController::ipSecAddXfrmInterface, line=1379
01-01 09:57:48.253   630   630 D XfrmController: XfrmController::ipSecRemoveTunnelInterface, line=1592
01-01 09:57:48.253   630   630 D XfrmController: deviceName=ipsec_test
01-01 09:57:48.256   631   631 I sysui_multi_action: [757,804,799,boot_zygote_init,801,7336,802,1]
01-01 09:57:48.256   632   632 I sysui_multi_action: [757,804,799,boot_zygote_init,801,7351,802,1]
01-01 09:57:48.260     0     0 E [RMNET:HI] rmnet_config_notify_cb(): Kernel is trying to unregister ipsec_test
01-01 09:57:48.268     0     0 E hvdcpd  : Registered HVDCP
01-01 09:57:48.274     0     0 I configfs-gadget gadget: super-speed config #1: b
01-01 09:57:48.274     0     0 I diag    : USB channel diag: Received Connect event
01-01 09:57:48.274     0     0 I msm-dwc3 a800000.ssusb: Avail curr from USB = 900
01-01 09:57:48.274     0     0 E PMI     : set_sdp_current: ICL 50000uA isn't supported for SDP
01-01 09:57:48.274     0     0 E PMI     : smblib_set_icl_current: Couldn't set SDP ICL rc=-22
01-01 09:57:48.274   889  1060 I adbd    : USB event: FUNCTIONFS_ENABLE
01-01 09:57:48.275     0     0 I android_work: sent uevent USB_STATE=CONFIGURED
01-01 09:57:48.278  1004  1004 I update_engine: [0101/095748.277927:INFO:main.cc(181)] A/B Update Engine starting
01-01 09:57:48.278   631   631 I boot_progress_preload_start: 7381
01-01 09:57:48.278   631   631 D Zygote  : begin preload
01-01 09:57:48.281  1004  1004 I update_engine: [0101/095748.281880:INFO:boot_control_android.cc(76)] Loaded boot control hidl hal.
01-01 09:57:48.282  1004  1004 I update_engine: [0101/095748.282047:INFO:daemon_state_android.cc(43)] Booted in dev mode.
01-01 09:57:48.282   504   504 E SELinux : avc:  denied  { find } for interface=vendor.qti.hardware.slmadapter::ISlmAdapter sid=u:r:cnd:s0 pid=960 scontext=u:r:cnd:s0 tcontext=u:object_r:default_android_hwservice:s0 tclass=hwservice_manager permissive=0
01-01 09:57:48.282   504   504 I auditd  : avc:  denied  { find } for interface=vendor.qti.hardware.slmadapter::ISlmAdapter sid=u:r:cnd:s0 pid=960 scontext=u:r:cnd:s0 tcontext=u:object_r:default_android_hwservice:s0 tclass=hwservice_manager permissive=0
01-01 09:57:48.283   631   631 I Zygote  : Calling ZygoteHooks.beginPreload()
01-01 09:57:48.285   960   960 I ServiceManagement: Registered vendor.qti.hardware.data.latency@1.0::ILinkLatency/default (start delay of 457ms)
01-01 09:57:48.288   960   960 I ServiceManagement: Registered vendor.qti.data.factory@2.1::IFactory/default (start delay of 460ms)
01-01 09:57:48.293   674   674 E mm-camera: <SENSOR><ERROR> ov8856_gt24p64b_get_module_info: 77: EEPROM Version 1
01-01 09:57:48.293   674   674 E mm-camera: <SENSOR><ERROR> ov8856_gt24p64b_get_module_info: 86: EEPROM Manufacture date YYYY/MM/DD 2020/06/06 
01-01 09:57:48.293   674   674 E mm-camera: <SENSOR><ERROR> ov8856_gt24p64b_format_wbdata: 107: Enter
01-01 09:57:48.293   674   674 E mm-camera: <SENSOR><ERROR> ov8856_gt24p64b_format_wbdata: 121: WB : (4000K) r/gr = 0.486328
01-01 09:57:48.293   674   674 E mm-camera: <SENSOR><ERROR> ov8856_gt24p64b_format_wbdata: 122: WB : (4000K) b/gb = 0.740234
01-01 09:57:48.293   674   674 E mm-camera: <SENSOR><ERROR> ov8856_gt24p64b_format_wbdata: 123: WB : (4000K) gr/gb = 0.997079
01-01 09:57:48.293   674   674 E mm-camera: <SENSOR><ERROR> ov8856_gt24p64b_format_wbdata: 128: WB : (5000K) r/gr = 0.676758
01-01 09:57:48.293   674   674 E mm-camera: <SENSOR><ERROR> ov8856_gt24p64b_format_wbdata: 129: WB : (5000K) b/gb = 0.563477
01-01 09:57:48.293   674   674 E mm-camera: <SENSOR><ERROR> ov8856_gt24p64b_format_wbdata: 130: WB : (5000K) gr/gb = 0.999024
01-01 09:57:48.293   674   674 E mm-camera: <SENSOR><ERROR> ov8856_gt24p64b_format_wbdata: 183: Exit
01-01 09:57:48.293   674   674 E mm-camera: <SENSOR><ERROR> ov8856_gt24p64b_format_lensshading: 244: Enter
01-01 09:57:48.293   674   674 E mm-camera: <SENSOR><ERROR> ov8856_gt24p64b_format_lensshading: 300: Exit
01-01 09:57:48.293   674   674 E mm-camera: <SENSOR><ERROR> ov8856_gt24p64b_format_afdata: 202: Enter
01-01 09:57:48.293   674   674 E mm-camera: <SENSOR><ERROR> ov8856_gt24p64b_format_afdata: 223: AF : macro 400 infinity 280 (now starting DAC set to infinity)
01-01 09:57:48.293   674   674 E mm-camera: <SENSOR><ERROR> ov8856_gt24p64b_format_afdata: 224: Exit
01-01 09:57:48.293   674   674 E mm-camera: <SENSOR><ERROR> ov8856_gt24p64b_get_calibration_items: 30: is_insensor:0, is_afc:1, is_wbc:1, is_lsc:1, is_dpc:0, is_ois:0, is_dual:0
01-01 09:57:48.293   674   674 I mm-camera: <SENSOR>< INFO> 97: sensor_sysinfo_read: sysinfo:path /sys/module/msm_sensor_driver/parameters/module_vendor data default size 10
01-01 09:57:48.293   674   674 E mm-camera: <SENSOR><ERROR> 129: eeprom_af_add_margin: AF_infinity_dac:262, macro_dac:478
01-01 09:57:48.293   674   674 E mm-camera: <SENSOR><ERROR> 7675: module_sensor_init_eeprom: Exit subdev_id[SUB_MODULE_EEPROM] == -1
01-01 09:57:48.293   632   632 I zygote  : Explicit concurrent copying GC freed 307(38KB) AllocSpace objects, 0(0B) LOS objects, 98% free, 25KB/1561KB, paused 70us total 21.289ms
01-01 09:57:48.304   910   910 I cameraserver: ServiceManager: 0xee0232a0
01-01 09:57:48.305   910   910 I CameraService: CameraService started (pid=910)
01-01 09:57:48.305   910   910 I CameraService: CameraService process starting
01-01 09:57:48.305   910   910 W BatteryNotifier: batterystats service unavailable!
01-01 09:57:48.305   910   910 W BatteryNotifier: batterystats service unavailable!
01-01 09:57:48.307   632   632 I zygote  : Explicit concurrent copying GC freed 5(32KB) AllocSpace objects, 0(0B) LOS objects, 98% free, 25KB/1561KB, paused 53us total 8.858ms
01-01 09:57:48.307   632   632 D Zygote32Timing: PostZygoteInitGC took to complete: 35ms
01-01 09:57:48.307   632   632 D Zygote32Timing: ZygoteInit took to complete: 36ms
01-01 09:57:48.308   905   905 I imsrcsd : Starting Service for First Time imsbaseimpl
01-01 09:57:48.313   905   905 I ServiceManagement: Registered com.qualcomm.qti.uceservice@2.2::IUceService/com.qualcomm.qti.uceservice (start delay of 626ms)
01-01 09:57:48.313   905   905 I imsrcsd : ImsRcsBaseImpl CM_IMSCONNECTIONMANAGER_CREATE_CONNECTION Before Registering Service
01-01 09:57:48.315   905   905 I ServiceManagement: Registered com.qualcomm.qti.imscmservice@2.2::IImsCmService/qti.ims.connectionmanagerservice (start delay of 628ms)
01-01 09:57:48.315   905   905 I imsrcsd : ImsRcsBaseImpl CM_IMSCONNECTIONMANAGER_CREATE_CONNECTION After Registering Service
01-01 09:57:48.315   905   905 E         : [IMS_COM] |ImsCom.cpp | 57 | | 905 |Com Fd: 7
01-01 09:57:48.315   905   905 E         : [IMS_COM] |ImsCom.cpp | 167 | | 905 |ImsCom::addComEventHandler(int 7, ComEventCallback 0x74d16e2668, void* 0x0, ComCloseCallback 0x0, events 17) EX
01-01 09:57:48.315   905   905 E         : [IMS_COM] |ImsCom.cpp | 179 | | 905 |ImsCom::addComEventHandler epoll_ctl returns: 0
01-01 09:57:48.315   905   905 E         : [IMS_COM] |ImsCom.cpp | 60 | | 905 |ImsCom is ready. epollFd:6
01-01 09:57:48.315   905   905 E         : [IMS_COM] |ImsQmiSvc.cpp | 38 | | 905 |ImsQmiSvc[ImsQmiPrivate]:  
01-01 09:57:48.315   905   905 E         : [IMS_COM] |ImsQmiSvc.cpp | 41 | | 905 |ImsQmiSvc: qmiimssvcfd : 8 svcObj[xd16ea008] 
01-01 09:57:48.315   905   905 E         : [IMS_COM] |ImsCom.cpp | 167 | | 905 |ImsCom::addComEventHandler(int 8, ComEventCallback 0x74d16e7548, void* 0x74d201c000, ComCloseCallback 0x0, events 1) EX
01-01 09:57:48.315   905   905 E         : [IMS_COM] |ImsCom.cpp | 179 | | 905 |ImsCom::addComEventHandler epoll_ctl returns: 0
01-01 09:57:48.316   905   905 E         : [IMS_COM] |ImsQmiSvc.cpp | 121 | | 905 |ImsQmiSvc[ImsQmiPrivate]: registerForQmiSvcUp 
01-01 09:57:48.316   905   905 E         : [IMS_COM] |ImsQmiPrivate.cpp | 121 | | 905 |ImsQmiPrivate Xtor
01-01 09:57:48.316   905   905 E         : [IMS_COM] |ImsCom.cpp | 167 | | 905 |ImsCom::addComEventHandler(int 12, ComEventCallback 0x74d16e56e8, void* 0x74d201c000, ComCloseCallback 0x0, events 1) EX
01-01 09:57:48.316   905   905 E         : [IMS_COM] |ImsCom.cpp | 179 | | 905 |ImsCom::addComEventHandler epoll_ctl returns: 0
01-01 09:57:48.316   905   905 I         : ImsCallInfoService: Ctor[d200a180]
01-01 09:57:48.316   905   905 E         : [IMS_COM] |ImsQmiPrivate.cpp | 234 | | 905 |QMI IMS Private listener added 0x74d200a180
01-01 09:57:48.316   905   905 I         : ImsCallInfoService - <API SVC> registerServiceImpl: Registering for vendor.qti.ims.callinfo 
01-01 09:57:48.317   905   905 I ServiceManagement: Registered vendor.qti.ims.callinfo@1.0::IService/default (start delay of 630ms)
01-01 09:57:48.317   905   905 I imsrcsd : ImsRcsBaseImpl ImsCallInfo After Registering Service
01-01 09:57:48.319   905   905 I ServiceManagement: Registered vendor.qti.ims.factory@1.0::IImsFactory/default (start delay of 631ms)
01-01 09:57:48.319   905   905 I imsrcsd : ImsRcsBaseImpl : Successfully registered ImsFactory
01-01 09:57:48.320  1088  1088 W libc    : Unable to set property "qemu.hw.mainkeys" to "0": error code: 0x18
01-01 09:57:48.321   910   910 I ServiceManagement: getService: Trying again for android.hardware.camera.provider@2.4::ICameraProvider/legacy/0...
01-01 09:57:48.322     0     0 E [RMNET:HI] rmnet_config_notify_cb(): Kernel is trying to unregister ipsec_test
01-01 09:57:48.322   630   630 D XfrmController: Sending Netlink XFRM Message: XFRM_MSG_FLUSHSA
01-01 09:57:48.322   630   630 D XfrmController: Sending Netlink XFRM Message: XFRM_MSG_FLUSHPOLICY
01-01 09:57:48.322   630   630 I netd    : Initializing XfrmController: 74.3ms
01-01 09:57:48.327   630   630 I libnetd_resolv: resolv_init: Initializing resolver
01-01 09:57:48.329   630   630 D MDnsDS  : MDnsSdListener::Hander starting up
01-01 09:57:48.330   630   630 I netd    : Registering NetdNativeService: 0.5ms
01-01 09:57:48.332   632   632 I Zygote  : Accepting command socket connections
01-01 09:57:48.334  1070  1070 E Diag_Lib: qpLogDiagInit <== result : 1
01-01 09:57:48.334  1070  1070 E Diag_Lib: DATAD : gIsQXDMDisabled 0, gIsADBDisabled 1, gIsDebugDisabled 0, gIsIMSLogsDisabled 0
01-01 09:57:48.334  1070  1070 E Diag_Lib: [IMS_DataD] imsdatad.c | 6232 | | 1070 |DATAD#$$#0#DATAD STARTED
01-01 09:57:48.334   630   630 I ServiceManagement: Registered android.system.net.netd@1.1::INetd/default (start delay of 2297ms)
01-01 09:57:48.335   630  1103 D MDnsDS  : MDnsSdListener starting to monitor
01-01 09:57:48.335   630  1103 D MDnsDS  : Going to poll with pollCount 1
01-01 09:57:48.336   630   630 I netd    : Registering NetdHwService: 6.6ms
01-01 09:57:48.336   630   630 I netd    : Netd started in 2189ms
01-01 09:57:48.338   631   631 D Zygote64Timing: BeginPreload took to complete: 59ms
01-01 09:57:48.338   631   631 I Zygote  : Preloading classes...
01-01 09:57:48.340   631   631 W Zygote  : Class not found for preloading: android.app.-$$Lambda$ActivityThread$ZXDWm3IBeFmLnFVblhB-IOZCr9o
01-01 09:57:48.341   947  1041 I ServiceManager: Waiting for service 'package_native' on '/dev/binder'...
01-01 09:57:48.352     0     0 I pil-q6v5-mss 4080000.qcom,mss: modem: Brought out of reset
01-01 09:57:48.364   975   975 I /apex/com.android.media.swcodec/bin/mediaswcodec: media swcodec service starting
01-01 09:57:48.365   975   975 W /apex/com.android.media.swcodec/bin/mediaswcodec: Could not read additional policy file '/vendor/etc/seccomp_policy/mediaswcodec.policy'
01-01 09:57:48.365   975   975 W /apex/com.android.media.swcodec/bin/mediaswcodec: libminijail[975]: failed to get path of fd 4: No such file or directory
01-01 09:57:48.365   975   975 W /apex/com.android.media.swcodec/bin/mediaswcodec: libminijail[975]: allowing syscall: connect
01-01 09:57:48.365   975   975 W /apex/com.android.media.swcodec/bin/mediaswcodec: libminijail[975]: allowing syscall: fcntl
01-01 09:57:48.366   975   975 W /apex/com.android.media.swcodec/bin/mediaswcodec: libminijail[975]: allowing syscall: sendto
01-01 09:57:48.366   975   975 W /apex/com.android.media.swcodec/bin/mediaswcodec: libminijail[975]: allowing syscall: socket
01-01 09:57:48.366   975   975 W /apex/com.android.media.swcodec/bin/mediaswcodec: libminijail[975]: allowing syscall: writev
01-01 09:57:48.366   975   975 W /apex/com.android.media.swcodec/bin/mediaswcodec: libminijail[975]: logging seccomp filter failures
01-01 09:57:48.366   975   975 I CodecServiceRegistrant: Creating software Codec2 service...
01-01 09:57:48.368   975   975 I ServiceManagement: Registered android.hardware.media.c2@1.0::IComponentStore/software (start delay of 521ms)
01-01 09:57:48.369   975   975 I CodecServiceRegistrant: Software Codec2 service created.
01-01 09:57:48.369     0     0 I capability: warning: `msm_irqbalance' uses 32-bit capabilities (legacy support in use)
01-01 09:57:48.371     0     0 I pil-q6v5-mss 4080000.qcom,mss: Subsystem error monitoring/handling services are up
01-01 09:57:48.371     0     0 I pil-q6v5-mss 4080000.qcom,mss: modem: Power/Clock ready interrupt received
01-01 09:57:48.376   713   752 D PerMgrSrv: modem new state: is on-line
01-01 09:57:48.376     0     0 E qrtr    : Modem QMI Readiness RX cmd:0x2 node[0x0]
01-01 09:57:48.377   713   747 D PerMgrSrv: modem state: is on-line, add client cnss-daemon
01-01 09:57:48.377   713   747 D PerMgrSrv: cnss-daemon registered
01-01 09:57:48.377   983   983 D PerMgrLib: cnss-daemon successfully registered for modem
01-01 09:57:48.377   983   983 D PerMgrLib: cnss-daemon voting for modem
01-01 09:57:48.378   713   747 D PerMgrSrv: cnss-daemon voting for modem
01-01 09:57:48.378   713   747 D PerMgrSrv: modem num voters is 2
01-01 09:57:48.378  1111  1111 E MSM-irqbalance: WARNING: Cannot find matching virq for hwirq(446).
01-01 09:57:48.378     0     0 I service-notifier: service_notifier_new_server: Connection established between QMI handle and 180 service
01-01 09:57:48.378   983   983 E cnss-daemon: no interop issues ap currently
01-01 09:57:48.379  1111  1111 E MSM-irqbalance: WARNING: Cannot find matching virq for hwirq(455).
01-01 09:57:48.379     0     0 I sysmon-qmi: ssctl_new_server: Connection established between QMI handle and modem's SSCTL service
01-01 09:57:48.379   724   724 I vendor.rmt_storage: rmt_storage_connect_cb: clnt_h=0x1 conn_h=0x762aa05010
01-01 09:57:48.379     0     0 E rmt_storage: INFO:rmt_storage_open_cb: Processing: Open Request (req_h 0x1) for /boot/modem_fs1!
01-01 09:57:48.380   724   724 I vendor.rmt_storage: rmt_storage_open_cb: /boot/modem_fs1: req_h=0x1 msg_id=1: Client found
01-01 09:57:48.380   724   724 I vendor.rmt_storage: rmt_storage_open_cb: /boot/modem_fs1: req_h=0x1 msg_id=1: Send response: res=0 err=0
01-01 09:57:48.380  1111  1111 E MSM-irqbalance: WARNING: Cannot find matching virq for hwirq(456).
01-01 09:57:48.380   724  1119 I vendor.rmt_storage: rmt_storage_client_thread: /boot/modem_fs1: Worker thread started
01-01 09:57:48.380   724  1119 I vendor.rmt_storage: wake lock name: rmt_storage_507526958416, name creation success: 24
01-01 09:57:48.380  1111  1111 I MSM-irqbalance: msm-irq_balance (1.3) initialized
01-01 09:57:48.380   724   724 I vendor.rmt_storage: rmt_storage_connect_cb: clnt_h=0x2 conn_h=0x762aa05020
01-01 09:57:48.380  1111  1111 I MSM-irqbalance: Configuration
01-01 09:57:48.380     0     0 E rmt_storage: INFO:rmt_storage_open_cb: Processing: Open Request (req_h 0x2) for /boot/modem_fs2!
01-01 09:57:48.380  1111  1111 I MSM-irqbalance: Rate: 0.2 Hz
01-01 09:57:48.380  1111  1111 I MSM-irqbalance: Decay Factor: 75.0
01-01 09:57:48.380  1111  1111 I MSM-irqbalance: Balancing Factor: 0.1
01-01 09:57:48.380  1111  1111 I MSM-irqbalance: Debug Log: OFF
01-01 09:57:48.380  1111  1111 I MSM-irqbalance: Cfg file: /system/vendor/etc/msm_irqbalance.conf
01-01 09:57:48.380  1111  1111 I MSM-irqbalance: CPU PRIO: CPU0: 1 CPU1: 1 CPU2: 0 CPU3: 0 CPU4: 0 CPU5: 0 CPU6: 0 CPU7: 0 
01-01 09:57:48.380  1111  1111 I MSM-irqbalance: Ignored IRQs: 5 117 7 97 2 
01-01 09:57:48.380   724   724 I vendor.rmt_storage: rmt_storage_open_cb: /boot/modem_fs2: req_h=0x2 msg_id=1: Client found
01-01 09:57:48.380   724  1120 I vendor.rmt_storage: rmt_storage_client_thread: /boot/modem_fs2: Worker thread started
01-01 09:57:48.380   724   724 I vendor.rmt_storage: rmt_storage_open_cb: /boot/modem_fs2: req_h=0x2 msg_id=1: Send response: res=0 err=0
01-01 09:57:48.380   724  1120 I vendor.rmt_storage: wake lock name: rmt_storage_507498184016, name creation success: 24
01-01 09:57:48.380   724   724 I vendor.rmt_storage: rmt_storage_connect_cb: clnt_h=0x3 conn_h=0x762aa05030
01-01 09:57:48.380     0     0 E rmt_storage: INFO:rmt_storage_open_cb: Processing: Open Request (req_h 0x3) for /boot/modem_fsg!
01-01 09:57:48.380   724   724 I vendor.rmt_storage: rmt_storage_open_cb: /boot/modem_fsg: req_h=0x3 msg_id=1: Client found
01-01 09:57:48.380   724   724 I vendor.rmt_storage: rmt_storage_open_cb: /boot/modem_fsg: req_h=0x3 msg_id=1: Send response: res=0 err=0
01-01 09:57:48.381   724  1121 I vendor.rmt_storage: rmt_storage_client_thread: /boot/modem_fsg: Worker thread started
01-01 09:57:48.381   724  1121 I vendor.rmt_storage: wake lock name: rmt_storage_507480370512, name creation success: 24
01-01 09:57:48.381   724   724 I vendor.rmt_storage: rmt_storage_connect_cb: clnt_h=0x4 conn_h=0x762aa05040
01-01 09:57:48.381     0     0 E rmt_storage: INFO:rmt_storage_open_cb: Processing: Open Request (req_h 0x4) for /boot/modem_fsc!
01-01 09:57:48.381   724   724 I vendor.rmt_storage: rmt_storage_open_cb: /boot/modem_fsc: req_h=0x4 msg_id=1: Client found
01-01 09:57:48.381   724   724 I vendor.rmt_storage: rmt_storage_open_cb: /boot/modem_fsc: req_h=0x4 msg_id=1: Send response: res=0 err=0
01-01 09:57:48.381   724  1122 I vendor.rmt_storage: rmt_storage_client_thread: /boot/modem_fsc: Worker thread started
01-01 09:57:48.381   724  1122 I vendor.rmt_storage: wake lock name: rmt_storage_507462557008, name creation success: 24
01-01 09:57:48.381   983  1117 E cnss-daemon: ro.baseband : [apq]
01-01 09:57:48.381   983  1117 E cnss-daemon: Hardware does not support external modem
01-01 09:57:48.381   983  1117 E cnss-daemon: Target does not have external modem
01-01 09:57:48.381   724   724 I vendor.rmt_storage: rmt_storage_connect_cb: clnt_h=0x5 conn_h=0x762aa05050
01-01 09:57:48.381   724   724 I vendor.rmt_storage: rmt_storage_open_cb: Unable to open /boot/modem_fsg_oem_1
01-01 09:57:48.381   724   724 I vendor.rmt_storage: rmt_storage_open_cb: : req_h=0x5 msg_id=1: Send response: res=1 err=3
01-01 09:57:48.382   724   724 I vendor.rmt_storage: rmt_storage_connect_cb: clnt_h=0x6 conn_h=0x762aa05060
01-01 09:57:48.382   724   724 I vendor.rmt_storage: rmt_storage_open_cb: Unable to open /boot/modem_fsg_oem_2
01-01 09:57:48.382   724   724 I vendor.rmt_storage: rmt_storage_open_cb: : req_h=0x6 msg_id=1: Send response: res=1 err=3
01-01 09:57:48.382   724   724 I vendor.rmt_storage: rmt_storage_disconnect_cb: clnt_h=0x1 conn_h=0x762aa05010
01-01 09:57:48.384   724   724 I vendor.rmt_storage: rmt_storage_connect_cb: clnt_h=0x7 conn_h=0x762aa05010
01-01 09:57:48.384   724   724 I vendor.rmt_storage: rmt_storage_alloc_buff_cb: /boot/modem_fs1: req_h=0x7 msg_id=4: Alloc request received: Size: 2097152
01-01 09:57:48.384     0     0 E rmt_storage: INFO:rmt_storage_alloc_buff_cb: Received req_size: 2097152! avail: 2097152
01-01 09:57:48.384   724   724 I vendor.rmt_storage: rmt_storage_alloc_buff_cb: /boot/modem_fs1: req_h=0x7 msg_id=4: Old Client requesting buffer from RMTS Server
01-01 09:57:48.384   724   724 I vendor.rmt_storage: rmt_storage_alloc_buff_cb: /boot/modem_fs1: req_h=0x7 msg_id=4: Send response: res=0 err=0
01-01 09:57:48.385   724   724 I vendor.rmt_storage: rmt_storage_disconnect_cb: clnt_h=0x2 conn_h=0x762aa05020
01-01 09:57:48.385   724   724 I vendor.rmt_storage: rmt_storage_disconnect_cb: clnt_h=0x3 conn_h=0x762aa05030
01-01 09:57:48.385   724   724 I vendor.rmt_storage: rmt_storage_disconnect_cb: clnt_h=0x4 conn_h=0x762aa05040
01-01 09:57:48.385   724   724 I vendor.rmt_storage: rmt_storage_disconnect_cb: clnt_h=0x5 conn_h=0x762aa05050
01-01 09:57:48.385   724   724 I vendor.rmt_storage: rmt_storage_disconnect_cb: clnt_h=0x6 conn_h=0x762aa05060
01-01 09:57:48.385   724   724 I vendor.rmt_storage: rmt_storage_connect_cb: clnt_h=0x8 conn_h=0x762aa05060
01-01 09:57:48.385   724   724 I vendor.rmt_storage: rmt_storage_rw_iovec_cb: /boot/modem_fs1: req_h=0x8 msg_id=3: R/W request received (wr_count 0)
01-01 09:57:48.385     0     0 E rmt_storage: INFO:rmt_storage_rw_iovec_cb: Read iovec request (req_h 0x8 wr_count 0) received for /boot/modem_fs1
01-01 09:57:48.385   724   724 I vendor.rmt_storage: wakelock acquired: 1, error no: 11
01-01 09:57:48.386   724  1119 I vendor.rmt_storage: rmt_storage_client_thread: /boot/modem_fs1: Unblock worker thread (th_id: 507526958416)
01-01 09:57:48.386     0     0 E rmt_storage: INFO:rmt_storage_client_thread: Calling Read [offset=512, size=512, req_h 0x8, wr_count 0] for /boot/modem_fs1!
01-01 09:57:48.387     0     0 E rmt_storage: INFO:rmt_storage_client_thread: Done Read (bytes = 512, req_h 0x8, wr_count 0) for /boot/modem_fs1!
01-01 09:57:48.387   724  1119 I vendor.rmt_storage: rmt_storage_client_thread: /boot/modem_fs1: req_h=0x8 msg_id=3: Bytes read = 512, wr_count 0
01-01 09:57:48.387   724  1119 I vendor.rmt_storage: rmt_storage_client_thread: /boot/modem_fs1: req_h=0x8 msg_id=3: Send response: res=0 err=0, wr_count 0
01-01 09:57:48.387   724  1119 I vendor.rmt_storage: rmt_storage_client_thread: /boot/modem_fs1: About to block rmt_storage client thread (th_id: 507526958416) wakelock released: 1, error no: 0
01-01 09:57:48.387   724  1119 I vendor.rmt_storage: 
01-01 09:57:48.387   724   724 I vendor.rmt_storage: rmt_storage_connect_cb: clnt_h=0x9 conn_h=0x762aa05050
01-01 09:57:48.387   724   724 I vendor.rmt_storage: rmt_storage_rw_iovec_cb: /boot/modem_fs2: req_h=0x9 msg_id=3: R/W request received (wr_count 0)
01-01 09:57:48.388   724   724 I vendor.rmt_storage: wakelock acquired: 1, error no: 11
01-01 09:57:48.388   724  1120 I vendor.rmt_storage: rmt_storage_client_thread: /boot/modem_fs2: Unblock worker thread (th_id: 507498184016)
01-01 09:57:48.389   724  1120 I vendor.rmt_storage: rmt_storage_client_thread: /boot/modem_fs2: req_h=0x9 msg_id=3: Bytes read = 512, wr_count 0
01-01 09:57:48.389   724  1120 I vendor.rmt_storage: rmt_storage_client_thread: /boot/modem_fs2: req_h=0x9 msg_id=3: Send response: res=0 err=0, wr_count 0
01-01 09:57:48.389   724  1120 I vendor.rmt_storage: rmt_storage_client_thread: /boot/modem_fs2: About to block rmt_storage client thread (th_id: 507498184016) wakelock released: 1, error no: 0
01-01 09:57:48.389   724  1120 I vendor.rmt_storage: 
01-01 09:57:48.390   724   724 I vendor.rmt_storage: rmt_storage_connect_cb: clnt_h=0xa conn_h=0x762aa05040
01-01 09:57:48.390   724   724 I vendor.rmt_storage: rmt_storage_rw_iovec_cb: /boot/modem_fs1: req_h=0xa msg_id=3: R/W request received (wr_count 0)
01-01 09:57:48.390   724   724 I vendor.rmt_storage: wakelock acquired: 1, error no: 11
01-01 09:57:48.391   724  1119 I vendor.rmt_storage: rmt_storage_client_thread: /boot/modem_fs1: Unblock worker thread (th_id: 507526958416)
01-01 09:57:48.394   724   724 I vendor.rmt_storage: rmt_storage_disconnect_cb: clnt_h=0x7 conn_h=0x762aa05010
01-01 09:57:48.396   724   724 I vendor.rmt_storage: rmt_storage_disconnect_cb: clnt_h=0x8 conn_h=0x762aa05060
01-01 09:57:48.397   724   724 I vendor.rmt_storage: rmt_storage_disconnect_cb: clnt_h=0x9 conn_h=0x762aa05050
01-01 09:57:48.401   724  1119 I vendor.rmt_storage: rmt_storage_client_thread: /boot/modem_fs1: req_h=0xa msg_id=3: Bytes read = 2096128, wr_count 0
01-01 09:57:48.401   724  1119 I vendor.rmt_storage: rmt_storage_client_thread: /boot/modem_fs1: req_h=0xa msg_id=3: Send response: res=0 err=0, wr_count 0
01-01 09:57:48.401   724  1119 I vendor.rmt_storage: rmt_storage_client_thread: /boot/modem_fs1: About to block rmt_storage client thread (th_id: 507526958416) wakelock released: 1, error no: 0
01-01 09:57:48.401   724  1119 I vendor.rmt_storage: 
01-01 09:57:48.402   724   724 I vendor.rmt_storage: rmt_storage_disconnect_cb: clnt_h=0xa conn_h=0x762aa05040
01-01 09:57:48.422   631   631 W Zygote  : Class not found for preloading: android.bluetooth.BluetoothA2dp$2
01-01 09:57:48.434   631   631 I PackageBackwardCompatibility: Could not find android.content.pm.AndroidTestBaseUpdater, ignoring
01-01 09:57:48.439   674   674 E mm-camera: <IFACE ><ERROR> 318: iface_discover_subdev_nodes: iface_discover_subdev_nodes:318 entity name video1 type 10001 group id 0
01-01 09:57:48.439   674   674 E mm-camera: <IFACE ><ERROR> 318: iface_discover_subdev_nodes: iface_discover_subdev_nodes:318 entity name v4l-subdev0 type 10f0a group id 0
01-01 09:57:48.439   674   674 E mm-camera: <IFACE ><ERROR> 318: iface_discover_subdev_nodes: iface_discover_subdev_nodes:318 entity name v4l-subdev1 type 10f00 group id 0
01-01 09:57:48.439   674   674 E mm-camera: <IFACE ><ERROR> 318: iface_discover_subdev_nodes: iface_discover_subdev_nodes:318 entity name v4l-subdev2 type 10f00 group id 0
01-01 09:57:48.439   674   674 E mm-camera: <IFACE ><ERROR> 318: iface_discover_subdev_nodes: iface_discover_subdev_nodes:318 entity name v4l-subdev3 type 10f00 group id 0
01-01 09:57:48.439   674   674 E mm-camera: <IFACE ><ERROR> 318: iface_discover_subdev_nodes: iface_discover_subdev_nodes:318 entity name v4l-subdev4 type 10f0d group id 0
01-01 09:57:48.439   674   674 E mm-camera: <IFACE ><ERROR> 318: iface_discover_subdev_nodes: iface_discover_subdev_nodes:318 entity name v4l-subdev5 type 10f0d group id 0
01-01 09:57:48.439   674   674 E mm-camera: <IFACE ><ERROR> 318: iface_discover_subdev_nodes: iface_discover_subdev_nodes:318 entity name v4l-subdev6 type 10f0d group id 0
01-01 09:57:48.439   674   674 E mm-camera: <IFACE ><ERROR> 318: iface_discover_subdev_nodes: iface_discover_subdev_nodes:318 entity name v4l-subdev7 type 10f0d group id 0
01-01 09:57:48.439   674   674 E mm-camera: <IFACE ><ERROR> 318: iface_discover_subdev_nodes: iface_discover_subdev_nodes:318 entity name v4l-subdev8 type 10f07 group id 0
01-01 09:57:48.439   674   674 E mm-camera: <IFACE ><ERROR> 318: iface_discover_subdev_nodes: iface_discover_subdev_nodes:318 entity name v4l-subdev9 type 10f08 group id 0
01-01 09:57:48.439   674   674 E mm-camera: <IFACE ><ERROR> 318: iface_discover_subdev_nodes: iface_discover_subdev_nodes:318 entity name v4l-subdev10 type 10f10 group id 0
01-01 09:57:48.439   674   674 E mm-camera: <IFACE ><ERROR> 318: iface_discover_subdev_nodes: iface_discover_subdev_nodes:318 entity name v4l-subdev11 type 10f0e group id 0
01-01 09:57:48.439   674   674 E mm-camera: <IFACE ><ERROR> 318: iface_discover_subdev_nodes: iface_discover_subdev_nodes:318 entity name v4l-subdev12 type 10f09 group id 0
01-01 09:57:48.439   674   674 E mm-camera: <IFACE ><ERROR> 318: iface_discover_subdev_nodes: iface_discover_subdev_nodes:318 entity name v4l-subdev13 type 10f03 group id 0
01-01 09:57:48.439   674   674 E mm-camera: <IFACE ><ERROR> 318: iface_discover_subdev_nodes: iface_discover_subdev_nodes:318 entity name v4l-subdev14 type 10f03 group id 0
01-01 09:57:48.439   674   674 E mm-camera: <IFACE ><ERROR> 318: iface_discover_subdev_nodes: iface_discover_subdev_nodes:318 entity name v4l-subdev15 type 10f02 group id 0
01-01 09:57:48.439   674   674 E mm-camera: <IFACE ><ERROR> 318: iface_discover_subdev_nodes: iface_discover_subdev_nodes:318 entity name v4l-subdev16 type 10f01 group id 0
01-01 09:57:48.439   674   674 E mm-camera: <IFACE ><ERROR> 318: iface_discover_subdev_nodes: iface_discover_subdev_nodes:318 entity name v4l-subdev17 type 10f06 group id 0
01-01 09:57:48.439   674   674 E mm-camera: <IFACE ><ERROR> 318: iface_discover_subdev_nodes: iface_discover_subdev_nodes:318 entity name v4l-subdev18 type 10f06 group id 0
01-01 09:57:48.442   947  1041 I ServiceManager: Waiting for service 'package_native' on '/dev/binder'...
01-01 09:57:48.444   674   674 I mm-camera: <ISP   >< INFO> 4088: isp_resource_get_isp_hw_limit: isp hw limit 0
01-01 09:57:48.487   670   781 D audio_hw_utils: audio_extn_utils_open_snd_mixer: retry, retry_num 1
01-01 09:57:48.515   622   628 D QC-time-services: Daemon:time_service_modem_serv_notify_cb: QMI service is up 
01-01 09:57:48.515     0     0 I memshare_child soc: qcom,memshare:qcom,client_3: memshare_query: client_id : 1, query_resp.size :0, query_resp.resp.result :0
01-01 09:57:48.515   622   729 D QC-time-services: Daemon:genoff_modem_qmi_service_handle_cb: QMI service handle cb called 
01-01 09:57:48.516   728   728 I tftp_server: pid=728 tid=728 tftp-server : INF :[tftp_server.c, 659] rcvd request [1] [73] [2] [0] [29]
01-01 09:57:48.517   728  1130 I tftp_server: pid=728 tid=1130 tftp-server : INF :[tftp_server_utils.c, 113] file [readwrite/server_check.txt] : [/vendor/rfs/msm/mpss/readwrite/server_check.txt]
01-01 09:57:48.517   728  1130 I tftp_server: pid=728 tid=1130 tftp-server : INF :[tftp_server.c, 1201] OACK options [port: 29] : [7680, 1000, 10, 0, 0, 0, 0, 0]
01-01 09:57:48.517   728  1130 I tftp_server: pid=728 tid=1130 tftp-server : INF :[tftp_os_la.c, 63] open : [-1] [-1] [384] [577] [/vendor/rfs/msm/mpss/readwrite/server_check.txt]
01-01 09:57:48.519   896   933 I ThermalEngine: MODEM thermal mitigation available.
01-01 09:57:48.520     0     0 E diag    : In diag_send_feature_mask_update, control channel is not open, p: 0, 0000000000000000
01-01 09:57:48.520   896   933 I ThermalEngine: Mitigation:modem[MODEM]:0 pending QMI request succeded
01-01 09:57:48.520   896   933 I ThermalEngine: Mitigation:vdd_restriction[MODEM]:0 pending QMI request succeded
01-01 09:57:48.521     0     0 E diag    : In diag_send_peripheral_buffering_mode, buffering flag not set for 0
01-01 09:57:48.522   896   933 I ThermalEngine: Mitigation:modem_proc[MODEM]:0 pending QMI request succeded
01-01 09:57:48.522   896   944 E ThermalEngine: read error 0. buf:[add@/devices/virtual/thermal/cooling_device12 ACTION=add DEVPATH=/devices/virtual/thermal/cooling_device12 SUBSYSTEM=thermal SEQNUM=4542 ]
01-01 09:57:48.523   896   933 I ThermalEngine: Mitigation:modem_proc_current[MODEM]:0 pending QMI request succeded
01-01 09:57:48.523   896   944 E ThermalEngine: read error 0. buf:[add@/devices/virtual/thermal/cooling_device13 ACTION=add DEVPATH=/devices/virtual/thermal/cooling_device13 SUBSYSTEM=thermal SEQNUM=4543 ]
01-01 09:57:48.523   896   933 I ThermalEngine: Mitigation:cpr_band[MODEM]:0 pending QMI request succeded
01-01 09:57:48.524   896   944 E ThermalEngine: read error 0. buf:[add@/devices/virtual/thermal/cooling_device14 ACTION=add DEVPATH=/devices/virtual/thermal/cooling_device14 SUBSYSTEM=thermal SEQNUM=4544 ]
01-01 09:57:48.524   896   944 E ThermalEngine: read error 0. buf:[add@/devices/virtual/thermal/cooling_device15 ACTION=add DEVPATH=/devices/virtual/thermal/cooling_device15 SUBSYSTEM=thermal SEQNUM=4545 ]
01-01 09:57:48.527   728   728 I tftp_server: pid=728 tid=728 tftp-server : INF :[tftp_server.c, 659] rcvd request [1] [91] [1] [0] [39]
01-01 09:57:48.529   728  1131 I tftp_server: pid=728 tid=1131 tftp-server : INF :[tftp_server_utils.c, 113] file [readonly/firmware/image/wlanmdsp.mbn] : [/vendor/rfs/msm/mpss/readonly/firmware/image/wl
01-01 09:57:48.529   622   729 D QC-time-services: Daemon:genoff_modem_qmi_service_handle_cb: qmi_client_get_service_list for local returned 0num_services 1 num_entries 1
01-01 09:57:48.533   728  1131 I tftp_server: pid=728 tid=1131 tftp-server : INF :[tftp_server.c, 1201] OACK options [port: 39] : [7680, 1000, 3689408, 10, 0, 0, 0, 0]
