05-06 01:18:30.620   884  1088 W /vendor/bin/adsprpcd: vendor/qcom/proprietary/commonsys-intf/adsprpc/src/apps_std_imp.c:749: Warning: fopen returned 0x2 for file remote_heap_config.so. (No such file or directory)
05-06 01:18:30.621   875   875 I adbd    : UsbFfs: already offline
05-06 01:18:30.622   698   736 D PerMgrSrv: modem new state: is on-line
05-06 01:18:30.622   698   730 D PerMgrSrv: modem state: is on-line, add client cnss-daemon
05-06 01:18:30.622   698   730 D PerMgrSrv: cnss-daemon registered
05-06 01:18:30.622   968   968 D PerMgrLib: cnss-daemon successfully registered for modem
05-06 01:18:30.622   968   968 D PerMgrLib: cnss-daemon voting for modem
05-06 01:18:30.622   698   999 D PerMgrSrv: cnss-daemon voting for modem
05-06 01:18:30.622   698   999 D PerMgrSrv: modem num voters is 2
05-06 01:18:30.623   968   968 E cnss-daemon: no interop issues ap currently
05-06 01:18:30.624   968  1096 E cnss-daemon: ro.baseband : [apq]
05-06 01:18:30.624   968  1096 E cnss-daemon: Hardware does not support external modem
05-06 01:18:30.624   968  1096 E cnss-daemon: Target does not have external modem
05-06 01:18:30.626   717   717 I vendor.rmt_storage: rmt_storage_connect_cb: clnt_h=0x1 conn_h=0x7bd3a05010
05-06 01:18:30.626   717   717 I vendor.rmt_storage: rmt_storage_open_cb: /boot/modem_fs1: req_h=0x1 msg_id=1: Client found
05-06 01:18:30.626   717   717 I vendor.rmt_storage: rmt_storage_open_cb: /boot/modem_fs1: req_h=0x1 msg_id=1: Send response: res=0 err=0
05-06 01:18:30.627   717  1099 I vendor.rmt_storage: rmt_storage_client_thread: /boot/modem_fs1: Worker thread started
05-06 01:18:30.627   717  1099 I vendor.rmt_storage: wake lock name: rmt_storage_531825147216, name creation success: 24
05-06 01:18:30.627   717   717 I vendor.rmt_storage: rmt_storage_connect_cb: clnt_h=0x2 conn_h=0x7bd3a05020
05-06 01:18:30.627   717   717 I vendor.rmt_storage: rmt_storage_open_cb: /boot/modem_fs2: req_h=0x2 msg_id=1: Client found
05-06 01:18:30.627   717   717 I vendor.rmt_storage: rmt_storage_open_cb: /boot/modem_fs2: req_h=0x2 msg_id=1: Send response: res=0 err=0
05-06 01:18:30.627   717   717 I vendor.rmt_storage: rmt_storage_disconnect_cb: clnt_h=0x1 conn_h=0x7bd3a05010
05-06 01:18:30.627   717   717 I vendor.rmt_storage: rmt_storage_connect_cb: clnt_h=0x3 conn_h=0x7bd3a05010
05-06 01:18:30.627   717   717 I vendor.rmt_storage: rmt_storage_open_cb: /boot/modem_fsg: req_h=0x3 msg_id=1: Client found
05-06 01:18:30.627   717   717 I vendor.rmt_storage: rmt_storage_open_cb: /boot/modem_fsg: req_h=0x3 msg_id=1: Send response: res=0 err=0
05-06 01:18:30.627   717   717 I vendor.rmt_storage: rmt_storage_connect_cb: clnt_h=0x4 conn_h=0x7bd3a05030
05-06 01:18:30.628   717  1100 I vendor.rmt_storage: rmt_storage_client_thread: /boot/modem_fs2: Worker thread started
05-06 01:18:30.628   717  1100 I vendor.rmt_storage: wake lock name: rmt_storage_531807333712, name creation success: 24
05-06 01:18:30.628   717   717 I vendor.rmt_storage: rmt_storage_open_cb: /boot/modem_fsc: req_h=0x4 msg_id=1: Client found
05-06 01:18:30.628   717   717 I vendor.rmt_storage: rmt_storage_open_cb: /boot/modem_fsc: req_h=0x4 msg_id=1: Send response: res=0 err=0
05-06 01:18:30.628   717   717 I vendor.rmt_storage: rmt_storage_connect_cb: clnt_h=0x5 conn_h=0x7bd3a05040
05-06 01:18:30.628   717   717 I vendor.rmt_storage: rmt_storage_open_cb: Unable to open /boot/modem_fsg_oem_1
05-06 01:18:30.628   717   717 I vendor.rmt_storage: rmt_storage_open_cb: : req_h=0x5 msg_id=1: Send response: res=1 err=3
05-06 01:18:30.628   717   717 I vendor.rmt_storage: rmt_storage_disconnect_cb: clnt_h=0x2 conn_h=0x7bd3a05020
05-06 01:18:30.628   717  1101 I vendor.rmt_storage: rmt_storage_client_thread: /boot/modem_fsg: Worker thread started
05-06 01:18:30.628   717  1101 I vendor.rmt_storage: wake lock name: rmt_storage_531806297424, name creation success: 24
05-06 01:18:30.629   717  1103 I vendor.rmt_storage: rmt_storage_client_thread: /boot/modem_fsc: Worker thread started
05-06 01:18:30.629   717  1103 I vendor.rmt_storage: wake lock name: rmt_storage_531788483920, name creation success: 24
05-06 01:18:30.629   717   717 I vendor.rmt_storage: rmt_storage_connect_cb: clnt_h=0x6 conn_h=0x7bd3a05020
05-06 01:18:30.629   717   717 I vendor.rmt_storage: rmt_storage_open_cb: Unable to open /boot/modem_fsg_oem_2
05-06 01:18:30.629   717   717 I vendor.rmt_storage: rmt_storage_open_cb: : req_h=0x6 msg_id=1: Send response: res=1 err=3
05-06 01:18:30.629   717   717 I vendor.rmt_storage: rmt_storage_disconnect_cb: clnt_h=0x3 conn_h=0x7bd3a05010
05-06 01:18:30.630   717   717 I vendor.rmt_storage: rmt_storage_connect_cb: clnt_h=0x7 conn_h=0x7bd3a05010
05-06 01:18:30.630   717   717 I vendor.rmt_storage: rmt_storage_alloc_buff_cb: /boot/modem_fs1: req_h=0x7 msg_id=4: Alloc request received: Size: 2097152
05-06 01:18:30.630   717   717 I vendor.rmt_storage: rmt_storage_alloc_buff_cb: /boot/modem_fs1: req_h=0x7 msg_id=4: Old Client requesting buffer from RMTS Server
05-06 01:18:30.630   717   717 I vendor.rmt_storage: rmt_storage_alloc_buff_cb: /boot/modem_fs1: req_h=0x7 msg_id=4: Send response: res=0 err=0
05-06 01:18:30.630   717   717 I vendor.rmt_storage: rmt_storage_connect_cb: clnt_h=0x8 conn_h=0x7bd3a05050
05-06 01:18:30.630   717   717 I vendor.rmt_storage: rmt_storage_rw_iovec_cb: /boot/modem_fs1: req_h=0x8 msg_id=3: R/W request received (wr_count 0)
05-06 01:18:30.631   717   717 I vendor.rmt_storage: wakelock acquired: 1, error no: 11
05-06 01:18:30.631   717   717 I vendor.rmt_storage: rmt_storage_disconnect_cb: clnt_h=0x4 conn_h=0x7bd3a05030
05-06 01:18:30.631   717  1099 I vendor.rmt_storage: rmt_storage_client_thread: /boot/modem_fs1: Unblock worker thread (th_id: 531825147216)
05-06 01:18:30.631   717   717 I vendor.rmt_storage: rmt_storage_disconnect_cb: clnt_h=0x5 conn_h=0x7bd3a05040
05-06 01:18:30.632   717  1099 I vendor.rmt_storage: rmt_storage_client_thread: /boot/modem_fs1: req_h=0x8 msg_id=3: Bytes read = 512, wr_count 0
05-06 01:18:30.632   717  1099 I vendor.rmt_storage: rmt_storage_client_thread: /boot/modem_fs1: req_h=0x8 msg_id=3: Send response: res=0 err=0, wr_count 0
05-06 01:18:30.632   717  1099 I vendor.rmt_storage: rmt_storage_client_thread: /boot/modem_fs1: About to block rmt_storage client thread (th_id: 531825147216) wakelock released: 1, error no: 0
05-06 01:18:30.632   717  1099 I vendor.rmt_storage: 
05-06 01:18:30.632   717   717 I vendor.rmt_storage: rmt_storage_connect_cb: clnt_h=0x9 conn_h=0x7bd3a05040
05-06 01:18:30.632   717   717 I vendor.rmt_storage: rmt_storage_rw_iovec_cb: /boot/modem_fs2: req_h=0x9 msg_id=3: R/W request received (wr_count 0)
05-06 01:18:30.633   717   717 I vendor.rmt_storage: wakelock acquired: 1, error no: 11
05-06 01:18:30.633   717   717 I vendor.rmt_storage: rmt_storage_disconnect_cb: clnt_h=0x6 conn_h=0x7bd3a05020
05-06 01:18:30.633   717  1100 I vendor.rmt_storage: rmt_storage_client_thread: /boot/modem_fs2: Unblock worker thread (th_id: 531807333712)
05-06 01:18:30.633   717   717 I vendor.rmt_storage: rmt_storage_disconnect_cb: clnt_h=0x7 conn_h=0x7bd3a05010
05-06 01:18:30.634   717   717 I vendor.rmt_storage: rmt_storage_disconnect_cb: clnt_h=0x8 conn_h=0x7bd3a05050
05-06 01:18:30.635   717  1100 I vendor.rmt_storage: rmt_storage_client_thread: /boot/modem_fs2: req_h=0x9 msg_id=3: Bytes read = 512, wr_count 0
05-06 01:18:30.635   717  1100 I vendor.rmt_storage: rmt_storage_client_thread: /boot/modem_fs2: req_h=0x9 msg_id=3: Send response: res=0 err=0, wr_count 0
05-06 01:18:30.635   717  1100 I vendor.rmt_storage: rmt_storage_client_thread: /boot/modem_fs2: About to block rmt_storage client thread (th_id: 531807333712) wakelock released: 1, error no: 0
05-06 01:18:30.635   717  1100 I vendor.rmt_storage: 
05-06 01:18:30.635   717   717 I vendor.rmt_storage: rmt_storage_disconnect_cb: clnt_h=0x9 conn_h=0x7bd3a05040
05-06 01:18:30.636   717   717 I vendor.rmt_storage: rmt_storage_connect_cb: clnt_h=0xa conn_h=0x7bd3a05040
05-06 01:18:30.636   717   717 I vendor.rmt_storage: rmt_storage_rw_iovec_cb: /boot/modem_fs2: req_h=0xa msg_id=3: R/W request received (wr_count 0)
05-06 01:18:30.636   717   717 I vendor.rmt_storage: wakelock acquired: 1, error no: 11
05-06 01:18:30.636   717  1100 I vendor.rmt_storage: rmt_storage_client_thread: /boot/modem_fs2: Unblock worker thread (th_id: 531807333712)
05-06 01:18:30.641   884  1088 W /vendor/bin/adsprpcd: vendor/qcom/proprietary/commonsys-intf/adsprpc/src/apps_std_imp.c:749: Warning: fopen returned 0x2 for file custom_sm_ecns_1.so.1. (No such file or directory)
05-06 01:18:30.641   884  1088 W /vendor/bin/adsprpcd: vendor/qcom/proprietary/commonsys-intf/adsprpc/src/apps_std_imp.c:749: Warning: fopen returned 0x2 for file custom_sm_ecns_2.so.1. (No such file or directory)
05-06 01:18:30.641   884  1088 W /vendor/bin/adsprpcd: vendor/qcom/proprietary/commonsys-intf/adsprpc/src/apps_std_imp.c:749: Warning: fopen returned 0x2 for file custom_dm_ecns_1.so.1. (No such file or directory)
05-06 01:18:30.642   884  1088 W /vendor/bin/adsprpcd: vendor/qcom/proprietary/commonsys-intf/adsprpc/src/apps_std_imp.c:749: Warning: fopen returned 0x2 for file custom_dm_ecns_2.so.1. (No such file or directory)
05-06 01:18:30.643   921  1042 I ServiceManager: Waiting for service 'package_native' on '/dev/binder'...
05-06 01:18:30.643   884  1088 W /vendor/bin/adsprpcd: vendor/qcom/proprietary/commonsys-intf/adsprpc/src/apps_std_imp.c:749: Warning: fopen returned 0x2 for file custom_qm_ecns_1.so.1. (No such file or directory)
05-06 01:18:30.644   884  1088 W /vendor/bin/adsprpcd: vendor/qcom/proprietary/commonsys-intf/adsprpc/src/apps_std_imp.c:749: Warning: fopen returned 0x2 for file custom_qm_ecns_2.so.1. (No such file or directory)
05-06 01:18:30.646   717  1100 I vendor.rmt_storage: rmt_storage_client_thread: /boot/modem_fs2: req_h=0xa msg_id=3: Bytes read = 2096128, wr_count 0
05-06 01:18:30.646   717  1100 I vendor.rmt_storage: rmt_storage_client_thread: /boot/modem_fs2: req_h=0xa msg_id=3: Send response: res=0 err=0, wr_count 0
05-06 01:18:30.646   717  1100 I vendor.rmt_storage: rmt_storage_client_thread: /boot/modem_fs2: About to block rmt_storage client thread (th_id: 531807333712) wakelock released: 1, error no: 0
05-06 01:18:30.646   717  1100 I vendor.rmt_storage: 
05-06 01:18:30.648  1091  1091 E MSM-irqbalance: WARNING: Cannot find matching virq for hwirq(446).
05-06 01:18:30.650  1091  1091 E MSM-irqbalance: WARNING: Cannot find matching virq for hwirq(455).
05-06 01:18:30.652   717   717 I vendor.rmt_storage: rmt_storage_disconnect_cb: clnt_h=0xa conn_h=0x7bd3a05040
05-06 01:18:30.652  1091  1091 E MSM-irqbalance: WARNING: Cannot find matching virq for hwirq(456).
05-06 01:18:30.652  1091  1091 I MSM-irqbalance: msm-irq_balance (1.3) initialized
05-06 01:18:30.652  1091  1091 I MSM-irqbalance: Configuration
05-06 01:18:30.652  1091  1091 I MSM-irqbalance: Rate: 0.2 Hz
05-06 01:18:30.652  1091  1091 I MSM-irqbalance: Decay Factor: 75.0
05-06 01:18:30.652  1091  1091 I MSM-irqbalance: Balancing Factor: 0.1
05-06 01:18:30.652  1091  1091 I MSM-irqbalance: Debug Log: OFF
05-06 01:18:30.652  1091  1091 I MSM-irqbalance: Cfg file: /system/vendor/etc/msm_irqbalance.conf
05-06 01:18:30.652  1091  1091 I MSM-irqbalance: CPU PRIO: CPU0: 1 CPU1: 1 CPU2: 0 CPU3: 0 CPU4: 0 CPU5: 0 CPU6: 0 CPU7: 0 
05-06 01:18:30.652  1091  1091 I MSM-irqbalance: Ignored IRQs: 5 116 7 96 2 
05-06 01:18:30.743   921  1042 I ServiceManager: Waiting for service 'package_native' on '/dev/binder'...
05-06 01:18:30.754   882   936 E ThermalEngine: read error 0. buf:[add@/devices/virtual/thermal/cooling_device12 ACTION=add DEVPATH=/devices/virtual/thermal/cooling_device12 SUBSYSTEM=thermal SEQNUM=4615 ]
05-06 01:18:30.754   882   936 E ThermalEngine: read error 0. buf:[add@/devices/virtual/thermal/cooling_device13 ACTION=add DEVPATH=/devices/virtual/thermal/cooling_device13 SUBSYSTEM=thermal SEQNUM=4616 ]
05-06 01:18:30.754   882   936 E ThermalEngine: read error 0. buf:[add@/devices/virtual/thermal/cooling_device14 ACTION=add DEVPATH=/devices/virtual/thermal/cooling_device14 SUBSYSTEM=thermal SEQNUM=4617 ]
05-06 01:18:30.755   882   936 E ThermalEngine: read error 0. buf:[add@/devices/virtual/thermal/cooling_device15 ACTION=add DEVPATH=/devices/virtual/thermal/cooling_device15 SUBSYSTEM=thermal SEQNUM=4618 ]
05-06 01:18:30.756   604   610 D QC-time-services: Daemon:time_service_modem_serv_notify_cb: QMI service is up 
05-06 01:18:30.756   604   709 D QC-time-services: Daemon:genoff_modem_qmi_service_handle_cb: QMI service handle cb called 
05-06 01:18:30.757   719   719 I tftp_server: pid=719 tid=719 tftp-server : INF :[tftp_server.c, 659] rcvd request [1] [73] [2] [0] [29]
05-06 01:18:30.757   719  1112 I tftp_server: pid=719 tid=1112 tftp-server : INF :[tftp_server_utils.c, 113] file [readwrite/server_check.txt] : [/vendor/rfs/msm/mpss/readwrite/server_check.txt]
05-06 01:18:30.758   719  1112 I tftp_server: pid=719 tid=1112 tftp-server : INF :[tftp_server.c, 1201] OACK options [port: 29] : [7680, 1000, 10, 0, 0, 0, 0, 0]
05-06 01:18:30.758   719  1112 I tftp_server: pid=719 tid=1112 tftp-server : INF :[tftp_os_la.c, 63] open : [-1] [-1] [384] [577] [/vendor/rfs/msm/mpss/readwrite/server_check.txt]
05-06 01:18:30.759   882   926 I ThermalEngine: MODEM thermal mitigation available.
05-06 01:18:30.759   882   926 I ThermalEngine: Mitigation:modem[MODEM]:0 pending QMI request succeded
05-06 01:18:30.761   882   926 I ThermalEngine: Mitigation:vdd_restriction[MODEM]:0 pending QMI request succeded
05-06 01:18:30.762   882   926 I ThermalEngine: Mitigation:modem_proc[MODEM]:0 pending QMI request succeded
05-06 01:18:30.762   882   926 I ThermalEngine: Mitigation:modem_proc_current[MODEM]:0 pending QMI request succeded
05-06 01:18:30.763   882   926 I ThermalEngine: Mitigation:cpr_band[MODEM]:0 pending QMI request succeded
05-06 01:18:30.763   604   709 D QC-time-services: Daemon:genoff_modem_qmi_service_handle_cb: qmi_client_get_service_list for local returned 0num_services 1 num_entries 1
05-06 01:18:30.767   604   709 D QC-time-services: Daemon:genoff_modem_qmi_service_handle_cb: Initial transaction successful
05-06 01:18:30.767   661   661 I SDM     : HWCDisplay::SetFrameBufferResolution: New framebuffer resolution (720x1440)
05-06 01:18:30.769   661   661 I SDM     : HWCColorManager::CreateColorManager: Successfully loaded libsdm-disp-vndapis.so
05-06 01:18:30.772   719   719 I tftp_server: pid=719 tid=719 tftp-server : INF :[tftp_server.c, 659] rcvd request [1] [91] [1] [0] [39]
05-06 01:18:30.772   719  1118 I tftp_server: pid=719 tid=1118 tftp-server : INF :[tftp_server_utils.c, 113] file [readonly/firmware/image/wlanmdsp.mbn] : [/vendor/rfs/msm/mpss/readonly/firmware/image/wl
05-06 01:18:30.774   661   661 I SDM     : HWCColorManager::CreateColorManager: Successfully loaded libsdm-disp-vndapis.so and libsdm-diag.so and diag_init'ed
05-06 01:18:30.775   661   778 I SDM     : HWCDisplay::GetHdrCapabilities: HDR is not supported
05-06 01:18:30.775   719  1118 I tftp_server: pid=719 tid=1118 tftp-server : INF :[tftp_server.c, 1201] OACK options [port: 39] : [7680, 1000, 3689408, 10, 0, 0, 0, 0]
05-06 01:18:30.775   719  1118 I tftp_server: pid=719 tid=1118 tftp-server : INF :[tftp_os_la.c, 63] open : [-1] [-1] [384] [0] [/vendor/rfs/msm/mpss/readonly/firmware/image/wlanmdsp.mbn]
05-06 01:18:30.776   719  1118 I tftp_server: pid=719 tid=1118 tftp-server : INF :[tftp_protocol.c, 742] Recd END OF TRANSFER pkt. Code = 9, Msg = End of Transfer
05-06 01:18:30.776   719  1118 I tftp_server: pid=719 tid=1118 tftp-server : INF :[tftp_server.c, 1318] RRQ stats [port: 0]: sent_size = 39 total-blocks = 0 total-bytes = 0 timedout-pkts = 0, wrong-pkts 
05-06 01:18:30.776   719  1118 I tftp_server: pid=719 tid=1118 tftp-server : INF :[tftp_server.c, 1325] RRQ file stats [port: 39]: fread [Total, Max, Min] = [0, 0, 0]
05-06 01:18:30.776   719  1118 I tftp_server: pid=719 tid=1118 tftp-server : INF :[tftp_server.c, 1329] RRQ time stats : Total : [TX, RX] = [48, 315]
05-06 01:18:30.776   719  1118 I tftp_server: pid=719 tid=1118 tftp-server : INF :[tftp_server.c, 1336] RRQ time stats [port: 39]: Tx/Rx [Min, Max] = [48, 48, 315, 315]
05-06 01:18:30.776   719  1118 I tftp_server: pid=719 tid=1118 tftp-server : INF :[tftp_server.c, 1352] RRQ was successfully processed.
05-06 01:18:30.776   719  1118 I tftp_server: pid=719 tid=1118 tftp-server : INF :[tftp_server.c, 1807] RRQ Total API = 4027
05-06 01:18:30.777   719   719 I tftp_server: pid=719 tid=719 tftp-server : INF :[tftp_server.c, 659] rcvd request [1] [97] [1] [0] [40]
05-06 01:18:30.777   661   661 I ServiceManagement: Registered android.hardware.graphics.composer@2.1::IComposer/default (start delay of 1983ms)
05-06 01:18:30.777   661   661 I ServiceManagement: Removing namespace from process name android.hardware.graphics.composer@2.1-service to composer@2.1-service.
05-06 01:18:30.777   661   778 I SDM     : HWCDisplay::GetHdrCapabilities: HDR is not supported
05-06 01:18:30.777   661   661 I android.hardware.graphics.composer@2.1-service: Registration complete for android.hardware.graphics.composer@2.1::IComposer/default.
05-06 01:18:30.781   719  1121 I tftp_server: pid=719 tid=1121 tftp-server : INF :[tftp_server_utils.c, 113] file [readonly/firmware/image/wlanmdsp.mbn] : [/vendor/rfs/msm/mpss/readonly/firmware/image/wl
05-06 01:18:30.781   719  1121 I tftp_server: pid=719 tid=1121 tftp-server : INF :[tftp_server.c, 1201] OACK options [port: 40] : [7680, 1000, 10, 3689408, 0, 0, 0, 0]
05-06 01:18:30.781   719  1121 I tftp_server: pid=719 tid=1121 tftp-server : INF :[tftp_os_la.c, 63] open : [-1] [-1] [384] [0] [/vendor/rfs/msm/mpss/readonly/firmware/image/wlanmdsp.mbn]
05-06 01:18:30.782   704  1125 I chatty  : uid=1000(system) app expire 2 lines
05-06 01:18:30.783   704  1126 I chatty  : uid=1000(system) sf expire 2 lines
05-06 01:18:30.820   689   689 D QSEECOMAPI: Loaded image: APP id = 131074
05-06 01:18:30.824   689   689 D vendor.qti.hardware.soter@1.0-service: soter: svc service starting.
05-06 01:18:30.825   689   689 I ServiceManagement: Registered vendor.qti.hardware.soter@1.0::ISoter/default (start delay of 1941ms)
05-06 01:18:30.825   689   689 I ServiceManagement: Removing namespace from process name vendor.qti.hardware.soter@1.0-service to soter@1.0-service.
05-06 01:18:30.825   689   689 E vendor.qti.hardware.soter@1.0-service: Registered SOTER HAL service success
05-06 01:18:30.844   921  1042 I ServiceManager: Waiting for service 'package_native' on '/dev/binder'...
05-06 01:18:30.919   655  1182 I chatty  : uid=1047(cameraserver) provider@2.4-se expire 5 lines
05-06 01:18:30.920   655  1183 I chatty  : uid=1047(cameraserver) provider@2.4-se expire 5 lines
05-06 01:18:30.920   655  1185 I chatty  : uid=1047(cameraserver) provider@2.4-se expire 6 lines
05-06 01:18:30.922   655  1187 I chatty  : uid=1047(cameraserver) provider@2.4-se expire 5 lines
05-06 01:18:30.922   655  1191 I chatty  : uid=1047(cameraserver) provider@2.4-se expire 5 lines
05-06 01:18:30.923   661   661 I SDM     : HWCDisplay::GetHdrCapabilities: HDR is not supported
05-06 01:18:30.925   661   778 I SDM     : HWCDisplay::GetHdrCapabilities: HDR is not supported
05-06 01:18:30.925   655  1192 I chatty  : uid=1047(cameraserver) provider@2.4-se expire 5 lines
05-06 01:18:30.930   485   485 I hwservicemanager: getTransport: Cannot find entry android.hardware.graphics.mapper@3.0::IMapper/default in either framework or device manifest.
05-06 01:18:30.930   661   661 D ComposerHal: failed to get mapper 3.0 service, falling back to mapper 2.0
05-06 01:18:30.937   485   485 I hwservicemanager: getTransport: Cannot find entry vendor.display.config@1.16::IDisplayConfig/default in either framework or device manifest.
05-06 01:18:30.938   661   778 D SDM     : HWCSession::RegisterCallback: Registering callback: Hotplug
05-06 01:18:30.939   485   485 I hwservicemanager: getTransport: Cannot find entry vendor.display.config@1.12::IDisplayConfig/default in either framework or device manifest.
05-06 01:18:30.940   661   778 I SDM     : HWCDisplay::GetHdrCapabilities: HDR is not supported
05-06 01:18:30.940   661   778 I SDM     : HWCDisplay::GetHdrCapabilities: HDR is not supported
05-06 01:18:30.941   485   485 I hwservicemanager: getTransport: Cannot find entry android.hardware.graphics.mapper@3.0::IMapper/default in either framework or device manifest.
05-06 01:18:30.942   655  1204 I chatty  : uid=1047(cameraserver) provider@2.4-se expire 2 lines
05-06 01:18:30.944   921  1042 I ServiceManager: Waiting for service 'package_native' on '/dev/binder'...
05-06 01:18:30.945   485   485 I hwservicemanager: getTransport: Cannot find entry android.hardware.graphics.allocator@3.0::IAllocator/default in either framework or device manifest.
05-06 01:18:30.949   660   707 E ion     : ioctl c0044901 failed with code -1: Not a typewriter
05-06 01:18:30.952   613   613 E ActivityRecognitionHardware: activity_recognition HAL is deprecated. class_init is effectively a no-op
05-06 01:18:30.954   661   778 D SDM     : HWCSession::RegisterCallback: Registering callback: Refresh
05-06 01:18:30.954   661   778 D SDM     : HWCSession::RegisterCallback: Registering callback: Vsync
05-06 01:18:31.012   613   613 I zygote64: Thread[1,tid=613,Native,Thread*=0x7074274c00,peer=0x12c022c0,"main"] recursive attempt to load library "libmedia_jni.so"
05-06 01:18:31.012   613   613 D MtpDeviceJNI: register_android_mtp_MtpDevice
05-06 01:18:31.012   613   613 I zygote64: Thread[1,tid=613,Native,Thread*=0x7074274c00,peer=0x12c022c0,"main"] recursive attempt to load library "libmedia_jni.so"
05-06 01:18:31.013   613   613 I zygote64: Thread[1,tid=613,Native,Thread*=0x7074274c00,peer=0x12c022c0,"main"] recursive attempt to load library "libmedia_jni.so"
05-06 01:18:31.023   613   613 W Zygote  : Class not found for preloading: android.media.audiopolicy.AudioProductStrategies
05-06 01:18:31.023   613   613 W Zygote  : Class not found for preloading: android.media.audiopolicy.AudioVolumeGroups
05-06 01:18:31.034   655  1184 I chatty  : uid=1047(cameraserver) provider@2.4-se expire 1 line
05-06 01:18:31.043   655  1180 I chatty  : uid=1047(cameraserver) provider@2.4-se expire 12 lines
05-06 01:18:31.045   921  1042 I ServiceManager: Waiting for service 'package_native' on '/dev/binder'...
05-06 01:18:31.046   655  1213 I chatty  : uid=1047(cameraserver) provider@2.4-se expire 2 lines
05-06 01:18:31.046   655  1214 I chatty  : uid=1047(cameraserver) provider@2.4-se expire 2 lines
05-06 01:18:31.046   655  1215 I chatty  : uid=1047(cameraserver) provider@2.4-se expire 3 lines
05-06 01:18:31.047   655  1216 I chatty  : uid=1047(cameraserver) provider@2.4-se expire 2 lines
05-06 01:18:31.047   655  1217 I chatty  : uid=1047(cameraserver) provider@2.4-se expire 3 lines
05-06 01:18:31.048   655  1218 I chatty  : uid=1047(cameraserver) provider@2.4-se expire 2 lines
05-06 01:18:31.064   655  1225 I chatty  : uid=1047(cameraserver) provider@2.4-se expire 5 lines
05-06 01:18:31.064   655  1226 I chatty  : uid=1047(cameraserver) provider@2.4-se expire 5 lines
05-06 01:18:31.064   655  1229 I chatty  : uid=1047(cameraserver) provider@2.4-se expire 6 lines
05-06 01:18:31.064   655  1230 I chatty  : uid=1047(cameraserver) provider@2.4-se expire 5 lines
05-06 01:18:31.066   655  1231 I chatty  : uid=1047(cameraserver) provider@2.4-se expire 5 lines
05-06 01:18:31.067   655  1235 I chatty  : uid=1047(cameraserver) provider@2.4-se expire 5 lines
05-06 01:18:31.096   613   613 W Zygote  : Class not found for preloading: android.view.-$$Lambda$SurfaceView$Cs7TGTdA1lXf9qW8VOJAfEsMjdk
05-06 01:18:31.100   613   613 W Zygote  : Class not found for preloading: android.view.SurfaceView$3
05-06 01:18:31.102   613   613 W Zygote  : Class not found for preloading: android.view.textclassifier.-$$Lambda$TextClassificationManager$JIaezIJbMig_-kVzN6oArzkTsJE
05-06 01:18:31.109   613   613 W Zygote  : Class not found for preloading: com.android.internal.net.NetworkStatsFactory
05-06 01:18:31.114   613   613 W Zygote  : Class not found for preloading: com.android.internal.telephony.-$$Lambda$PhoneSubInfoController$8HFbCDJDN1mrLJG980qYH5MGqMk
05-06 01:18:31.115   613   613 W Zygote  : Class not found for preloading: com.android.internal.telephony.-$$Lambda$PhoneSubInfoController$U28a_EGx2cvmQhDfRRgonMt5Zrc
05-06 01:18:31.115   613   613 W Zygote  : Class not found for preloading: com.android.internal.telephony.-$$Lambda$SubscriptionInfoUpdater$-zZXM9oMRZ3vZz7dJOG19J00Bmw
05-06 01:18:31.115   613   613 W Zygote  : Class not found for preloading: com.android.internal.telephony.-$$Lambda$SubscriptionInfoUpdater$D5yF1HbS4cvCyoAj3FESkPtA_0g
05-06 01:18:31.115   613   613 W Zygote  : Class not found for preloading: com.android.internal.telephony.-$$Lambda$SubscriptionInfoUpdater$MMx9iQX0JVqqMPLTUZhdBubFSzU
05-06 01:18:31.116   613   613 W Zygote  : Class not found for preloading: com.android.internal.telephony.GsmCdmaPhone$3
05-06 01:18:31.117   613   613 W Zygote  : Class not found for preloading: com.android.internal.telephony.NewNitzStateMachine$1
05-06 01:18:31.117   613   613 W Zygote  : Class not found for preloading: com.android.internal.telephony.NewNitzStateMachine
05-06 01:18:31.117   613   613 W Zygote  : Class not found for preloading: com.android.internal.telephony.NewTimeServiceHelper$1
05-06 01:18:31.117   613   613 W Zygote  : Class not found for preloading: com.android.internal.telephony.NewTimeServiceHelper$Listener
05-06 01:18:31.117   613   613 W Zygote  : Class not found for preloading: com.android.internal.telephony.NewTimeServiceHelper
05-06 01:18:31.117   613   613 W Zygote  : Class not found for preloading: com.android.internal.telephony.PhoneConfigurationModels
05-06 01:18:31.118   613   613 W Zygote  : Class not found for preloading: com.android.internal.telephony.SubscriptionController$ScLocalLog
05-06 01:18:31.119   613   613 W Zygote  : Class not found for preloading: com.android.internal.telephony.UiccSmsController
05-06 01:18:31.120   613   613 W Zygote  : Class not found for preloading: com.android.internal.telephony.dataconnection.DcController$2
05-06 01:18:31.125   613   613 W Zygote  : Class not found for preloading: com.android.internal.telephony.imsphone.-$$Lambda$ImsPhoneCallTracker$QlPVd_3u4_verjHUDnkn6zaSe54
05-06 01:18:31.125   613   613 W Zygote  : Class not found for preloading: com.android.internal.telephony.imsphone.ImsPhone$3
05-06 01:18:31.132   655  1223 I chatty  : uid=1047(cameraserver) provider@2.4-se expire 22 lines
05-06 01:18:31.136   882   966 I ThermalEngine: Thermal-Server: Adding thermal event listener on fd 36
05-06 01:18:31.136   655  1250 I chatty  : uid=1047(cameraserver) provider@2.4-se expire 2 lines
05-06 01:18:31.138   655  1151 I chatty  : uid=1047(cameraserver) CAM_imgTh expire 6 lines
05-06 01:18:31.139   882   966 I ThermalEngine: Thermal-Server: removing client on fd 36
05-06 01:18:31.145   921  1042 I ServiceManager: Waiting for service 'package_native' on '/dev/binder'...
05-06 01:18:31.164   613   613 I Zygote  : ...preloaded 7579 classes in 1151ms.
05-06 01:18:31.164   613   613 I zygote64: VMRuntime.preloadDexCaches starting
05-06 01:18:31.192   613   613 I zygote64: VMRuntime.preloadDexCaches strings total=386944 before=10257 after=10257
05-06 01:18:31.192   613   613 I zygote64: VMRuntime.preloadDexCaches types total=36464 before=7390 after=7659
05-06 01:18:31.192   613   613 I zygote64: VMRuntime.preloadDexCaches fields total=163821 before=8034 after=8235
05-06 01:18:31.192   613   613 I zygote64: VMRuntime.preloadDexCaches methods total=286320 before=11208 after=11641
05-06 01:18:31.192   613   613 I zygote64: VMRuntime.preloadDexCaches finished
05-06 01:18:31.192   613   613 D Zygote64Timing: PreloadClasses took to complete: 1180ms
05-06 01:18:31.196   613   613 I zygote64: The ClassLoaderContext is a special shared library.
05-06 01:18:31.198   613   613 D ApplicationLoaders: Created zygote-cached class loader: /system/framework/android.hidl.base-V1.0-java.jar
05-06 01:18:31.201   613   613 I zygote64: The ClassLoaderContext is a special shared library.
05-06 01:18:31.203   613   613 D ApplicationLoaders: Created zygote-cached class loader: /system/framework/android.hidl.manager-V1.0-java.jar
05-06 01:18:31.203   613   613 D Zygote64Timing: CacheNonBootClasspathClassLoaders took to complete: 11ms
05-06 01:18:31.224   655  1227 I chatty  : uid=1047(cameraserver) provider@2.4-se expire 1 line
05-06 01:18:31.232   655  1252 I chatty  : uid=1047(cameraserver) provider@2.4-se expire 2 lines
05-06 01:18:31.233   655  1253 I chatty  : uid=1047(cameraserver) provider@2.4-se expire 2 lines
05-06 01:18:31.233   655  1254 I chatty  : uid=1047(cameraserver) provider@2.4-se expire 3 lines
05-06 01:18:31.234   655  1255 I chatty  : uid=1047(cameraserver) provider@2.4-se expire 2 lines
05-06 01:18:31.234   651   651 D audio_hw_utils: audio_extn_utils_open_snd_mixer: retry, retry_num 2
05-06 01:18:31.235   655  1256 I chatty  : uid=1047(cameraserver) provider@2.4-se expire 3 lines
05-06 01:18:31.237   651   651 D audio_hw_utils: audio_extn_utils_open_snd_mixer: snd_card_name: sdm660-snd-card-pay
05-06 01:18:31.237   651   651 W hardware_info: update_hardware_info_bear: Not an SDM device
05-06 01:18:31.237   651   651 D audio_hw_utils: audio_extn_utils_open_snd_mixer: Opened sound card:0
05-06 01:18:31.240   655  1257 I chatty  : uid=1047(cameraserver) provider@2.4-se expire 2 lines
05-06 01:18:31.245   921  1042 I ServiceManager: Waiting for service 'package_native' on '/dev/binder'...
05-06 01:18:31.251   655  1222 I chatty  : uid=1047(cameraserver) HwBinder:655_2 expire 34 lines
05-06 01:18:31.256   655  1264 I chatty  : uid=1047(cameraserver) provider@2.4-se expire 5 lines
05-06 01:18:31.256   655  1266 I chatty  : uid=1047(cameraserver) provider@2.4-se expire 5 lines
05-06 01:18:31.257   655  1267 I chatty  : uid=1047(cameraserver) provider@2.4-se expire 6 lines
05-06 01:18:31.257   655  1269 I chatty  : uid=1047(cameraserver) provider@2.4-se expire 5 lines
05-06 01:18:31.260   655  1270 I chatty  : uid=1047(cameraserver) provider@2.4-se expire 5 lines
05-06 01:18:31.261   655  1274 I chatty  : uid=1047(cameraserver) provider@2.4-se expire 5 lines
05-06 01:18:31.319   882   966 I ThermalEngine: Thermal-Server: Adding thermal event listener on fd 36
05-06 01:18:31.320   655  1262 I chatty  : uid=1047(cameraserver) provider@2.4-se expire 22 lines
05-06 01:18:31.320   655  1288 I chatty  : uid=1047(cameraserver) provider@2.4-se expire 2 lines
05-06 01:18:31.327   882   966 I ThermalEngine: Thermal-Server: removing client on fd 36
05-06 01:18:31.346   921  1042 I ServiceManager: Waiting for service 'package_native' on '/dev/binder'...
05-06 01:18:31.398   661   778 I SDM     : DisplayBase::SetDisplayState: Set state = 1, display 0
05-06 01:18:31.414   655  1265 I chatty  : uid=1047(cameraserver) provider@2.4-se expire 1 line
05-06 01:18:31.422   655  1295 I chatty  : uid=1047(cameraserver) provider@2.4-se expire 2 lines
05-06 01:18:31.424   655  1296 I chatty  : uid=1047(cameraserver) provider@2.4-se expire 2 lines
05-06 01:18:31.424   655  1297 I chatty  : uid=1047(cameraserver) provider@2.4-se expire 3 lines
05-06 01:18:31.426   655  1298 I chatty  : uid=1047(cameraserver) provider@2.4-se expire 2 lines
05-06 01:18:31.426   655  1299 I chatty  : uid=1047(cameraserver) provider@2.4-se expire 3 lines
05-06 01:18:31.427   655  1300 I chatty  : uid=1047(cameraserver) provider@2.4-se expire 2 lines
05-06 01:18:31.435   893  1056 I chatty  : uid=1047(cameraserver) HwBinder:893_1 expire 7 lines
05-06 01:18:31.446   921  1042 I ServiceManager: Waiting for service 'package_native' on '/dev/binder'...
05-06 01:18:31.483   613   613 I Zygote  : Preloading resources...
05-06 01:18:31.498   613   613 W Resources: Preloaded drawable resource #0x108027d (android:drawable/dialog_background_material) that varies with configuration!!
05-06 01:18:31.513   613   613 I Zygote  : ...preloaded 64 resources in 30ms.
05-06 01:18:31.517   613   613 I Zygote  : ...preloaded 41 resources in 4ms.
05-06 01:18:31.518   613   613 D Zygote64Timing: PreloadResources took to complete: 315ms
05-06 01:18:31.532   613   613 D libEGL  : loaded /vendor/lib64/egl/libEGL_adreno.so
05-06 01:18:31.537   613   613 D libEGL  : loaded /vendor/lib64/egl/libGLESv1_CM_adreno.so
05-06 01:18:31.540   613   613 D libEGL  : loaded /vendor/lib64/egl/libGLESv2_adreno.so
05-06 01:18:31.546   921  1042 I ServiceManager: Waiting for service 'package_native' on '/dev/binder'...
05-06 01:18:31.554   613   613 I Zygote  : Preloading shared libraries...
05-06 01:18:31.562   651   754 D audio_hw_utils: audio_extn_utils_open_snd_mixer: retry, retry_num 2
05-06 01:18:31.564   651   754 D audio_hw_utils: audio_extn_utils_open_snd_mixer: snd_card_name: sdm660-snd-card-pay
05-06 01:18:31.565   651   754 W hardware_info: update_hardware_info_bear: Not an SDM device
05-06 01:18:31.565   651   754 D audio_hw_utils: audio_extn_utils_open_snd_mixer: Opened sound card:0
05-06 01:18:31.565   651   754 D msm8974_platform: platform_init: Opened sound card:0
05-06 01:18:31.565   651   754 I audio_hw_extn: audio_extn_set_snd_card_split: snd_card_name(sdm660-snd-card-pay) device(sdm660) snd_card(snd) form_factor(card)
05-06 01:18:31.565   651   754 W hardware_info: update_hardware_info_bear: Not an SDM device
05-06 01:18:31.565   613   613 I Zygote  : Called ZygoteHooks.endPreload()
05-06 01:18:31.565   613   613 I Zygote  : Installed AndroidKeyStoreProvider in 1ms.
05-06 01:18:31.565   651   754 D msm8974_platform: Opening /sys/class/thermal/thermal_zone0/type
05-06 01:18:31.566   651   754 D msm8974_platform: Opening /sys/class/thermal/thermal_zone1/type
05-06 01:18:31.566   651   754 D msm8974_platform: Opening /sys/class/thermal/thermal_zone2/type
05-06 01:18:31.566   651   754 D msm8974_platform: Opening /sys/class/thermal/thermal_zone3/type
05-06 01:18:31.566   651   754 D msm8974_platform: Opening /sys/class/thermal/thermal_zone4/type
05-06 01:18:31.566   651   754 D msm8974_platform: Opening /sys/class/thermal/thermal_zone5/type
05-06 01:18:31.566   651   754 D msm8974_platform: Opening /sys/class/thermal/thermal_zone6/type
05-06 01:18:31.566   651   754 D msm8974_platform: Opening /sys/class/thermal/thermal_zone7/type
05-06 01:18:31.566   651   754 D msm8974_platform: Opening /sys/class/thermal/thermal_zone8/type
05-06 01:18:31.566   651   754 D msm8974_platform: Opening /sys/class/thermal/thermal_zone9/type
05-06 01:18:31.567   651   754 D msm8974_platform: Opening /sys/class/thermal/thermal_zone10/type
05-06 01:18:31.567   651   754 D msm8974_platform: Opening /sys/class/thermal/thermal_zone11/type
05-06 01:18:31.567   651   754 D msm8974_platform: Opening /sys/class/thermal/thermal_zone12/type
05-06 01:18:31.567   651   754 D msm8974_platform: Opening /sys/class/thermal/thermal_zone13/type
05-06 01:18:31.567   651   754 D msm8974_platform: Opening /sys/class/thermal/thermal_zone14/type
05-06 01:18:31.567   651   754 D msm8974_platform: Opening /sys/class/thermal/thermal_zone15/type
05-06 01:18:31.567   651   754 D msm8974_platform: Opening /sys/class/thermal/thermal_zone16/type
05-06 01:18:31.567   651   754 D msm8974_platform: Opening /sys/class/thermal/thermal_zone17/type
05-06 01:18:31.567   651   754 D msm8974_platform: Opening /sys/class/thermal/thermal_zone18/type
05-06 01:18:31.568   651   754 D msm8974_platform: Opening /sys/class/thermal/thermal_zone19/type
05-06 01:18:31.568   651   754 D msm8974_platform: Opening /sys/class/thermal/thermal_zone20/type
05-06 01:18:31.568   651   754 D msm8974_platform: Opening /sys/class/thermal/thermal_zone21/type
05-06 01:18:31.568   651   754 D msm8974_platform: Opening /sys/class/thermal/thermal_zone22/type
05-06 01:18:31.568   651   754 D msm8974_platform: Opening /sys/class/thermal/thermal_zone23/type
05-06 01:18:31.568   651   754 D msm8974_platform: Opening /sys/class/thermal/thermal_zone24/type
05-06 01:18:31.568   651   754 D msm8974_platform: Opening /sys/class/thermal/thermal_zone25/type
05-06 01:18:31.568   651   754 D msm8974_platform: Opening /sys/class/thermal/thermal_zone26/type
05-06 01:18:31.568   651   754 D msm8974_platform: Opening /sys/class/thermal/thermal_zone27/type
05-06 01:18:31.568   651   754 D msm8974_platform: Opening /sys/class/thermal/thermal_zone28/type
05-06 01:18:31.569   651   754 D msm8974_platform: Opening /sys/class/thermal/thermal_zone29/type
05-06 01:18:31.569   651   754 D msm8974_platform: Opening /sys/class/thermal/thermal_zone30/type
05-06 01:18:31.569   651   754 D msm8974_platform: Opening /sys/class/thermal/thermal_zone31/type
05-06 01:18:31.569   651   754 D msm8974_platform: Opening /sys/class/thermal/thermal_zone32/type
05-06 01:18:31.569   651   754 D msm8974_platform: Opening /sys/class/thermal/thermal_zone33/type
05-06 01:18:31.569   651   754 D msm8974_platform: Opening /sys/class/thermal/thermal_zone34/type
05-06 01:18:31.569   651   754 D msm8974_platform: Opening /sys/class/thermal/thermal_zone35/type
05-06 01:18:31.569   651   754 D msm8974_platform: Opening /sys/class/thermal/thermal_zone36/type
05-06 01:18:31.570   651   754 D msm8974_platform: Opening /sys/class/thermal/thermal_zone37/type
05-06 01:18:31.570   651   754 D msm8974_platform: Opening /sys/class/thermal/thermal_zone38/type
05-06 01:18:31.570   651   754 D msm8974_platform: Opening /sys/class/thermal/thermal_zone39/type
05-06 01:18:31.570   651   754 D msm8974_platform: Opening /sys/class/thermal/thermal_zone40/type
05-06 01:18:31.570   651   754 D msm8974_platform: Opening /sys/class/thermal/thermal_zone41/type
05-06 01:18:31.570   651   754 D msm8974_platform: Opening /sys/class/thermal/thermal_zone42/type
05-06 01:18:31.570   651   754 D msm8974_platform: Opening /sys/class/thermal/thermal_zone43/type
05-06 01:18:31.570   651   754 D msm8974_platform: Opening /sys/class/thermal/thermal_zone44/type
05-06 01:18:31.570   651   754 D msm8974_platform: Opening /sys/class/thermal/thermal_zone45/type
05-06 01:18:31.570   651   754 D msm8974_platform: Opening /sys/class/thermal/thermal_zone46/type
05-06 01:18:31.570   651   754 D msm8974_platform: Opening /sys/class/thermal/thermal_zone47/type
05-06 01:18:31.570   651   754 D msm8974_platform: Opening /sys/class/thermal/thermal_zone48/type
05-06 01:18:31.571   651   754 D msm8974_platform: Opening /sys/class/thermal/thermal_zone49/type
05-06 01:18:31.571   651   754 D msm8974_platform: Opening /sys/class/thermal/thermal_zone50/type
05-06 01:18:31.571   651   754 D msm8974_platform: Opening /sys/class/thermal/thermal_zone51/type
05-06 01:18:31.571   651   754 D audio_hw_extn: audio_extn_can_use_vbat: vbat.enabled property is set to 0
05-06 01:18:31.571   651   754 D audio_hw_extn: audio_extn_can_use_bcl: bcl.enabled property is set to 0
05-06 01:18:31.571   651   754 D audio_hw_extn: audio_extn_is_hifi_audio_supported: hifi audio supported on internal codec
05-06 01:18:31.571   651   754 D msm8974_platform: Alac software decoder is available...removing alac from DSP decoder list
05-06 01:18:31.571   651   754 D msm8974_platform: APE software decoder is available...removing ape from DSP decoder list
05-06 01:18:31.571   613   613 I Zygote  : Warmed up JCA providers in 5ms.
05-06 01:18:31.571   613   613 D Zygote  : end preload
05-06 01:18:31.571   613   613 D Zygote64Timing: ZygotePreload took to complete: 1621ms
05-06 01:18:31.572   651   754 D msm8974_platform: platform_set_audio_device_interface: Enter, device name:AUDIO_DEVICE_IN_BUILTIN_MIC, intf name:SLIMBUS_0
05-06 01:18:31.572   651   754 D msm8974_platform: platform_set_audio_device_interface: Matched device name:AUDIO_DEVICE_IN_BUILTIN_MIC, overwrite intf name with SLIMBUS_0
05-06 01:18:31.572   651   754 D msm8974_platform: platform_set_audio_device_interface: Enter, device name:AUDIO_DEVICE_IN_BACK_MIC, intf name:SLIMBUS_0
05-06 01:18:31.572   651   754 D msm8974_platform: platform_set_audio_device_interface: Matched device name:AUDIO_DEVICE_IN_BACK_MIC, overwrite intf name with SLIMBUS_0
05-06 01:18:31.572   651   754 D msm8974_platform: platform_set_audio_device_interface: Enter, device name:AUDIO_DEVICE_IN_BUILTIN_MIC, intf name:INT3_MI2S
05-06 01:18:31.572   651   754 D msm8974_platform: platform_set_audio_device_interface: Matched device name:AUDIO_DEVICE_IN_BUILTIN_MIC, overwrite intf name with INT3_MI2S
05-06 01:18:31.572   651   754 D msm8974_platform: platform_set_audio_device_interface: Enter, device name:AUDIO_DEVICE_IN_BACK_MIC, intf name:INT3_MI2S
05-06 01:18:31.572   651   754 D msm8974_platform: platform_set_audio_device_interface: Matched device name:AUDIO_DEVICE_IN_BACK_MIC, overwrite intf name with INT3_MI2S
05-06 01:18:31.572   651   754 V msm8974_platform: platform_set_parameters: enter: mono_speaker=left
05-06 01:18:31.572   651   754 D audio_hw_hfp: hfp_set_parameters: enter
05-06 01:18:31.573   651   754 V msm8974_platform: platform_set_parameters: enter: spkr_1_tz_name=wsatz.11
05-06 01:18:31.573   651   754 D audio_hw_hfp: hfp_set_parameters: enter
05-06 01:18:31.573   651   754 V msm8974_platform: platform_set_parameters: enter: spkr_2_tz_name=wsatz.12
05-06 01:18:31.573   651   754 D audio_hw_hfp: hfp_set_parameters: enter
05-06 01:18:31.573   651   754 V msm8974_platform: platform_set_parameters: enter: true_32_bit=true
05-06 01:18:31.573   651   754 D audio_hw_hfp: hfp_set_parameters: enter
05-06 01:18:31.573   651   754 V msm8974_platform: platform_set_parameters: enter: native_audio_mode=true
05-06 01:18:31.573   651   754 D msm8974_platform: native_audio_set_params:napb updating mode (2) from XML
05-06 01:18:31.573   651   754 D msm8974_platform: platform_set_native_support:napb: native audio playback enabled in (True) mode
05-06 01:18:31.573   651   754 D audio_hw_hfp: hfp_set_parameters: enter
05-06 01:18:31.573   651   754 V msm8974_platform: platform_set_parameters: enter: native_audio_mode=true;hfp_pcm_dev_id=39
05-06 01:18:31.573   651   754 D msm8974_platform: native_audio_set_params:napb updating mode (2) from XML
05-06 01:18:31.573   651   754 D msm8974_platform: platform_set_native_support:napb: native audio playback enabled in (True) mode
05-06 01:18:31.573   651   754 D audio_hw_hfp: hfp_set_parameters: enter
05-06 01:18:31.573   651   754 D audio_hw_hfp: Updating HFP_PCM_DEV_ID as 39 from platform XML
05-06 01:18:31.573   651   754 V msm8974_platform: platform_set_parameters: enter: native_audio_mode=true;input_mic_max_count=1
05-06 01:18:31.573   651   754 D msm8974_platform: native_audio_set_params:napb updating mode (2) from XML
05-06 01:18:31.573   651   754 D msm8974_platform: platform_set_native_support:napb: native audio playback enabled in (True) mode
05-06 01:18:31.573   651   754 D audio_hw_hfp: hfp_set_parameters: enter
05-06 01:18:31.573   651   754 D msm8974_platform: platform_set_snd_device_backend: backend_tag_table[headphones]: old = null new = headphones
05-06 01:18:31.573   651   754 D msm8974_platform: platform_set_snd_device_backend: hw_interface_table[9] = INT0_MI2S_RX
05-06 01:18:31.573   651   754 D msm8974_platform: platform_set_snd_device_backend: backend_tag_table[bt-sco-headset-wb]: old = bt-sco-wb new = bt-sco-wb
05-06 01:18:31.573   651   754 D msm8974_platform: platform_set_snd_device_backend: hw_interface_table[34] = SLIMBUS_7_RX
05-06 01:18:31.573   651   754 D msm8974_platform: platform_set_snd_device_backend: backend_tag_table[bt-sco-headset]: old = bt-sco new = bt-sco
05-06 01:18:31.573   651   754 D msm8974_platform: platform_set_snd_device_backend: hw_interface_table[33] = SLIMBUS_7_RX
05-06 01:18:31.574   651   754 D msm8974_platform: platform_set_snd_device_backend: backend_tag_table[bt-a2dp]: old = bt-a2dp new = bt-a2dp
05-06 01:18:31.574   651   754 D msm8974_platform: platform_set_snd_device_backend: hw_interface_table[36] = SLIMBUS_7_RX
05-06 01:18:31.574   651   754 D msm8974_platform: platform_set_snd_device_backend: backend_tag_table[line]: old = null new = headphones
05-06 01:18:31.574   651   754 D msm8974_platform: platform_set_snd_device_backend: hw_interface_table[8] = INT0_MI2S_RX
05-06 01:18:31.574   651   754 D msm8974_platform: platform_set_snd_device_backend: backend_tag_table[anc-headphones]: old = null new = headphones
05-06 01:18:31.574   651   754 D msm8974_platform: platform_set_snd_device_backend: hw_interface_table[69] = INT0_MI2S_RX
05-06 01:18:31.574   651   754 D msm8974_platform: platform_set_snd_device_backend: backend_tag_table[speaker-and-headphones]: old = null new = speaker-and-headphones
05-06 01:18:31.574   651   754 D msm8974_platform: platform_set_snd_device_backend: hw_interface_table[13] = INT0_MI2S_RX-and-INT0_MI2S_RX
05-06 01:18:31.574   651   754 D msm8974_platform: platform_set_snd_device_backend: backend_tag_table[speaker-and-line]: old = null new = speaker-and-headphones
05-06 01:18:31.574   651   754 D msm8974_platform: platform_set_snd_device_backend: hw_interface_table[16] = INT0_MI2S_RX-and-INT0_MI2S_RX
05-06 01:18:31.574   651   754 D msm8974_platform: platform_set_snd_device_backend: backend_tag_table[speaker-and-anc-headphones]: old = null new = speaker-and-headphones
05-06 01:18:31.574   651   754 D msm8974_platform: platform_set_snd_device_backend: hw_interface_table[73] = INT0_MI2S_RX-and-INT0_MI2S_RX
05-06 01:18:31.574   651   754 D msm8974_platform: platform_set_snd_device_backend: backend_tag_table[voice-headphones]: old = null new = headphones
05-06 01:18:31.574   651   754 D msm8974_platform: platform_set_snd_device_backend: hw_interface_table[26] = INT0_MI2S_RX
05-06 01:18:31.574   651   754 D msm8974_platform: platform_set_snd_device_backend: backend_tag_table[voice-anc-headphones]: old = null new = headphones
05-06 01:18:31.574   651   754 D msm8974_platform: platform_set_snd_device_backend: hw_interface_table[71] = INT0_MI2S_RX
05-06 01:18:31.574   651   754 D msm8974_platform: platform_set_snd_device_backend: backend_tag_table[voice-line]: old = null new = headphones
05-06 01:18:31.574   651   754 D msm8974_platform: platform_set_snd_device_backend: hw_interface_table[28] = INT0_MI2S_RX
05-06 01:18:31.574   651   754 D msm8974_platform: platform_set_snd_device_backend: backend_tag_table[voice-tty-full-headphones]: old = null new = headphones
05-06 01:18:31.574   651   754 D msm8974_platform: platform_set_snd_device_backend: hw_interface_table[49] = INT0_MI2S_RX
05-06 01:18:31.574   651   754 D msm8974_platform: platform_set_snd_device_backend: backend_tag_table[voice-tty-vco-headphones]: old = null new = headphones
05-06 01:18:31.574   651   754 D msm8974_platform: platform_set_snd_device_backend: hw_interface_table[51] = INT0_MI2S_RX
05-06 01:18:31.574   651   754 D msm8974_platform: platform_set_snd_device_backend: backend_tag_table[handset]: old = null new = (null)
05-06 01:18:31.574   651   754 D msm8974_platform: platform_set_snd_device_backend: hw_interface_table[1] = INT4_MI2S_RX
05-06 01:18:31.574   651   754 D msm8974_platform: platform_set_snd_device_backend: backend_tag_table[speaker]: old = null new = (null)
05-06 01:18:31.574   651   754 D msm8974_platform: platform_set_snd_device_backend: hw_interface_table[2] = INT0_MI2S_RX
05-06 01:18:31.574   651   754 D msm8974_platform: platform_set_snd_device_backend: backend_tag_table[speaker-ext-1]: old = null new = (null)
05-06 01:18:31.574   651   754 D msm8974_platform: platform_set_snd_device_backend: hw_interface_table[3] = INT0_MI2S_RX
05-06 01:18:31.574   651   754 D msm8974_platform: platform_set_snd_device_backend: backend_tag_table[speaker-ext-2]: old = null new = (null)
05-06 01:18:31.574   651   754 D msm8974_platform: platform_set_snd_device_backend: hw_interface_table[4] = INT0_MI2S_RX
05-06 01:18:31.574   651   754 D msm8974_platform: platform_set_snd_device_backend: backend_tag_table[speaker-reverse]: old = null new = (null)
05-06 01:18:31.574   651   754 D msm8974_platform: platform_set_snd_device_backend: hw_interface_table[5] = INT0_MI2S_RX
05-06 01:18:31.574   651   754 D msm8974_platform: platform_set_snd_device_backend: backend_tag_table[speaker-vbat]: old = null new = (null)
05-06 01:18:31.574   651   754 D msm8974_platform: platform_set_snd_device_backend: hw_interface_table[7] = INT0_MI2S_RX
05-06 01:18:31.574   651   754 D msm8974_platform: platform_set_snd_device_backend: backend_tag_table[speaker-and-headphones-ext-1]: old = null new = (null)
05-06 01:18:31.574   651   754 D msm8974_platform: platform_set_snd_device_backend: hw_interface_table[18] = INT0_MI2S_RX-and-INT0_MI2S_RX
05-06 01:18:31.574   651   754 D msm8974_platform: platform_set_snd_device_backend: backend_tag_table[speaker-and-headphones-ext-2]: old = null new = (null)
05-06 01:18:31.574   651   754 D msm8974_platform: platform_set_snd_device_backend: hw_interface_table[19] = INT0_MI2S_RX-and-INT0_MI2S_RX
05-06 01:18:31.574   651   754 D msm8974_platform: platform_set_snd_device_backend: backend_tag_table[voice-handset]: old = null new = (null)
05-06 01:18:31.574   651   754 D msm8974_platform: platform_set_snd_device_backend: hw_interface_table[20] = INT4_MI2S_RX
05-06 01:18:31.574   651   754 D msm8974_platform: platform_set_snd_device_backend: backend_tag_table[voice-speaker]: old = null new = (null)
05-06 01:18:31.574   651   754 D msm8974_platform: platform_set_snd_device_backend: hw_interface_table[21] = INT0_MI2S_RX
05-06 01:18:31.574   651   754 D msm8974_platform: platform_set_snd_device_backend: backend_tag_table[voice-speaker-vbat]: old = voice-speaker-vbat new = (null)
05-06 01:18:31.574   651   754 D msm8974_platform: platform_set_snd_device_backend: hw_interface_table[23] = INT0_MI2S_RX
05-06 01:18:31.574   651   754 D msm8974_platform: platform_set_snd_device_backend: backend_tag_table[voice-speaker-2]: old = null new = (null)
