06-17 22:41:24.655   690   690 I mm-camera: <MCT   >< INFO> 5404: mct_pipeline_stop_session: Initiating stop_session on session 3
06-17 22:41:24.655   690   690 I mm-camera: <MCT   >< INFO> 4288: mct_pipeline_process_set: command=800000b
06-17 22:41:24.655   690   690 I mm-camera: <MCT   >< INFO> 4533: mct_pipeline_process_set: Issuing DEL_STREAM on stream 0x3000f and stream type=10
06-17 22:41:24.666  1034  1153 I ServiceManager: Waiting for service 'package_native' on '/dev/binder'...
06-17 22:41:24.734   634   634 D XfrmController: Sending Netlink XFRM Message: XFRM_MSG_FLUSHSA
06-17 22:41:24.734   634   634 D XfrmController: Sending Netlink XFRM Message: XFRM_MSG_FLUSHPOLICY
06-17 22:41:24.734   634   634 I netd    : Initializing XfrmController: 104.6ms
06-17 22:41:24.736   634   634 I libnetd_resolv: resolv_init: Initializing resolver
06-17 22:41:24.744   690  1237 E mm-camera: <SENSOR><ERROR> ov8856_gt24p64b_get_calibration_items: 30: is_insensor:0, is_afc:1, is_wbc:1, is_lsc:1, is_dpc:0, is_ois:0, is_dual:0
06-17 22:41:24.744   690  1237 E mm-camera: <SENSOR><ERROR> 247: module_sensor_offload_init_config: func_tbl for submodule 4 is NULL
06-17 22:41:24.744   690  1237 E mm-camera: <SENSOR><ERROR> 249: module_sensor_offload_init_config: failed to get led off frame skip time
06-17 22:41:24.750   690   690 I mm-camera: <IFACE >< INFO> 700: iface_unreserve_sink_port: stream_id f mode 0 
06-17 22:41:24.750   690   690 I mm-camera: <ISP   >< INFO> 941: isp_port_check_caps_unreserve: ide 3000f port 0xf1c39300
06-17 22:41:24.752   690   690 I mm-camera: <MCT   >< INFO> 4556: mct_pipeline_process_set: Stream 0x3000f and stream type=10, successfully deleted
06-17 22:41:24.753   690  1288 I mm-camera: <MCT   >< INFO> 5138: mct_pipeline_stop_session_thread: Stop module name: sensor - E
06-17 22:41:24.753   690  1289 I mm-camera: <MCT   >< INFO> 5138: mct_pipeline_stop_session_thread: Stop module name: iface - E
06-17 22:41:24.753   690  1290 I mm-camera: <MCT   >< INFO> 5138: mct_pipeline_stop_session_thread: Stop module name: isp - E
06-17 22:41:24.753   690  1288 I mm-camera: <MCT   >< INFO> 5146: mct_pipeline_stop_session_thread: Stop module name: sensor - X
06-17 22:41:24.753   690  1290 I mm-camera: <ISP   >< INFO> 510: isp_module_stop_session: session id 3
06-17 22:41:24.754   690  1289 I mm-camera: <MCT   >< INFO> 5146: mct_pipeline_stop_session_thread: Stop module name: iface - X
06-17 22:41:24.754   690  1291 I mm-camera: <MCT   >< INFO> 5138: mct_pipeline_stop_session_thread: Stop module name: stats - E
06-17 22:41:24.755   690  1290 I mm-camera: <MCT   >< INFO> 5146: mct_pipeline_stop_session_thread: Stop module name: isp - X
06-17 22:41:24.755   690  1292 I mm-camera: <MCT   >< INFO> 5138: mct_pipeline_stop_session_thread: Stop module name: pproc - E
06-17 22:41:24.756   690   690 I mm-camera: <MCT   >< INFO> 5426: mct_pipeline_stop_session: Modules left: 5
06-17 22:41:24.756   690  1293 I mm-camera: <MCT   >< INFO> 5138: mct_pipeline_stop_session_thread: Stop module name: imglib - E
06-17 22:41:24.756   690   690 I mm-camera: <MCT   >< INFO> 5426: mct_pipeline_stop_session: Modules left: 4
06-17 22:41:24.756   690   690 I mm-camera: <MCT   >< INFO> 5426: mct_pipeline_stop_session: Modules left: 3
06-17 22:41:24.757   634   634 D MDnsDS  : MDnsSdListener::Hander starting up
06-17 22:41:24.757   634  1295 D MDnsDS  : MDnsSdListener starting to monitor
06-17 22:41:24.757   634  1295 D MDnsDS  : Going to poll with pollCount 1
06-17 22:41:24.757   690  1293 I mm-camera: <MCT   >< INFO> 5146: mct_pipeline_stop_session_thread: Stop module name: imglib - X
06-17 22:41:24.758   690   690 I mm-camera: <MCT   >< INFO> 5426: mct_pipeline_stop_session: Modules left: 2
06-17 22:41:24.758   634   634 I netd    : Registering NetdNativeService: 0.8ms
06-17 22:41:24.759   690  1292 E mm-camera: <IMGLIB><ERROR> 328: AllocateBuffers: Nothing allocated or already freed!
06-17 22:41:24.759   690  1292 I mm-camera: <MCT   >< INFO> 5146: mct_pipeline_stop_session_thread: Stop module name: pproc - X
06-17 22:41:24.759   690   690 I mm-camera: <MCT   >< INFO> 5426: mct_pipeline_stop_session: Modules left: 1
06-17 22:41:24.762   690  1291 I mm-camera: <MCT   >< INFO> 5146: mct_pipeline_stop_session_thread: Stop module name: stats - X
06-17 22:41:24.763   690   690 I mm-camera: <MCT   >< INFO> 5426: mct_pipeline_stop_session: Modules left: 0
06-17 22:41:24.763   690   690 I mm-camera: <MCT   >< INFO> 5436: mct_pipeline_stop_session: Stopped session 3 successfully
06-17 22:41:24.763   690   690 I mm-camera: <MCT   >< INFO> 5740: mct_pipeline_destroy: E: session:3
06-17 22:41:24.763   690   690 E mm-camera: <MCT   ><ERROR> 179: stop_sof_check_thread: Returning as SOF timer thread not yet initialized
06-17 22:41:24.763   690   690 I mm-camera: <MCT   >< INFO> 5818: mct_pipeline_destroy: X: Pipeline destroyed successfully session =3
06-17 22:41:24.763   690   690 I mm-camera: <MCT   >< INFO> 422: mct_controller_destroy: X Successfully closed mct_controller session 3
06-17 22:41:24.764   690   690 I QCamera : <HAL><INFO> closeCamera: 2409: [KPI Perf]: X PROFILE_CLOSE_CAMERA camera id 0, rc: 0
06-17 22:41:24.764   690   690 I QCamera : <HAL><INFO> close_camera_device: 1548: [KPI Perf]: X
06-17 22:41:24.764   979   979 I CameraProviderManager: Enumerating new camera device: device@3.4/legacy/0
06-17 22:41:24.764   690   690 E QCamera2Factory: get_number_of_cameras num of cameras: 1
06-17 22:41:24.765   979   979 E CameraProviderManager: DeviceInfo3: Converted ICameraDevice instance to nullptr
06-17 22:41:24.765   979   979 I CameraProviderManager: Camera provider legacy/0 ready with 2 camera devices
06-17 22:41:24.765   979  1160 W CameraProviderManager: addProviderLocked: Camera provider HAL with name 'legacy/0' already registered
06-17 22:41:24.765   979   979 I CameraService: onDeviceStatusChanged: Status changed for cameraId=0, newStatus=1
06-17 22:41:24.765   979   979 I CameraService: onDeviceStatusChanged: Unknown camera ID 0, a new camera is added
06-17 22:41:24.765   979  1160 I CameraService: onDeviceStatusChanged: Status changed for cameraId=0, newStatus=1
06-17 22:41:24.766   979  1160 V CameraService: updateStatus: Status has changed for camera ID 0 from 0 to 0x1
06-17 22:41:24.766   979   979 I         : Waiting for activity service
06-17 22:41:24.766  1034  1153 I ServiceManager: Waiting for service 'package_native' on '/dev/binder'...
06-17 22:41:24.776   686   789 D audio_hw_utils: audio_extn_utils_open_snd_mixer: retry, retry_num 2
06-17 22:41:24.780   686   789 D audio_hw_utils: audio_extn_utils_open_snd_mixer: snd_card_name: sdm660-snd-card-i40
06-17 22:41:24.780   686   789 W hardware_info: update_hardware_info_bear: Not an SDM device
06-17 22:41:24.780   686   789 D audio_hw_utils: audio_extn_utils_open_snd_mixer: Opened sound card:0
06-17 22:41:24.780   686   789 D msm8974_platform: platform_init: Opened sound card:0
06-17 22:41:24.780   686   789 I audio_hw_extn: audio_extn_set_snd_card_split: snd_card_name(sdm660-snd-card-i40) device(sdm660) snd_card(snd) form_factor(card)
06-17 22:41:24.780   686   789 W hardware_info: update_hardware_info_bear: Not an SDM device
06-17 22:41:24.780   686   789 D msm8974_platform: Opening /sys/class/thermal/thermal_zone0/type
06-17 22:41:24.781   686   789 D msm8974_platform: Opening /sys/class/thermal/thermal_zone1/type
06-17 22:41:24.781   686   789 D msm8974_platform: Opening /sys/class/thermal/thermal_zone2/type
06-17 22:41:24.781   686   789 D msm8974_platform: Opening /sys/class/thermal/thermal_zone3/type
06-17 22:41:24.781   686   789 D msm8974_platform: Opening /sys/class/thermal/thermal_zone4/type
06-17 22:41:24.781   686   789 D msm8974_platform: Opening /sys/class/thermal/thermal_zone5/type
06-17 22:41:24.781   686   789 D msm8974_platform: Opening /sys/class/thermal/thermal_zone6/type
06-17 22:41:24.781   686   789 D msm8974_platform: Opening /sys/class/thermal/thermal_zone7/type
06-17 22:41:24.781   686   789 D msm8974_platform: Opening /sys/class/thermal/thermal_zone8/type
06-17 22:41:24.781   686   789 D msm8974_platform: Opening /sys/class/thermal/thermal_zone9/type
06-17 22:41:24.782   686   789 D msm8974_platform: Opening /sys/class/thermal/thermal_zone10/type
06-17 22:41:24.782   686   789 D msm8974_platform: Opening /sys/class/thermal/thermal_zone11/type
06-17 22:41:24.782   686   789 D msm8974_platform: Opening /sys/class/thermal/thermal_zone12/type
06-17 22:41:24.782   686   789 D msm8974_platform: Opening /sys/class/thermal/thermal_zone13/type
06-17 22:41:24.782   686   789 D msm8974_platform: Opening /sys/class/thermal/thermal_zone14/type
06-17 22:41:24.782   686   789 D msm8974_platform: Opening /sys/class/thermal/thermal_zone15/type
06-17 22:41:24.782   686   789 D msm8974_platform: Opening /sys/class/thermal/thermal_zone16/type
06-17 22:41:24.782   686   789 D msm8974_platform: Opening /sys/class/thermal/thermal_zone17/type
06-17 22:41:24.783   686   789 D msm8974_platform: Opening /sys/class/thermal/thermal_zone18/type
06-17 22:41:24.783   686   789 D msm8974_platform: Opening /sys/class/thermal/thermal_zone19/type
06-17 22:41:24.783   686   789 D msm8974_platform: Opening /sys/class/thermal/thermal_zone20/type
06-17 22:41:24.783   686   789 D msm8974_platform: Opening /sys/class/thermal/thermal_zone21/type
06-17 22:41:24.783   686   789 D msm8974_platform: Opening /sys/class/thermal/thermal_zone22/type
06-17 22:41:24.783   686   789 D msm8974_platform: Opening /sys/class/thermal/thermal_zone23/type
06-17 22:41:24.783   686   789 D msm8974_platform: Opening /sys/class/thermal/thermal_zone24/type
06-17 22:41:24.784   686   789 D msm8974_platform: Opening /sys/class/thermal/thermal_zone25/type
06-17 22:41:24.784   686   789 D msm8974_platform: Opening /sys/class/thermal/thermal_zone26/type
06-17 22:41:24.784   686   789 D msm8974_platform: Opening /sys/class/thermal/thermal_zone27/type
06-17 22:41:24.784   686   789 D msm8974_platform: Opening /sys/class/thermal/thermal_zone28/type
06-17 22:41:24.784   686   789 D msm8974_platform: Opening /sys/class/thermal/thermal_zone29/type
06-17 22:41:24.784   686   789 D msm8974_platform: Opening /sys/class/thermal/thermal_zone30/type
06-17 22:41:24.785   686   789 D msm8974_platform: Opening /sys/class/thermal/thermal_zone31/type
06-17 22:41:24.786   686   789 D msm8974_platform: Opening /sys/class/thermal/thermal_zone32/type
06-17 22:41:24.786   686   789 D msm8974_platform: Opening /sys/class/thermal/thermal_zone33/type
06-17 22:41:24.786   686   789 D msm8974_platform: Opening /sys/class/thermal/thermal_zone34/type
06-17 22:41:24.787   686   789 D msm8974_platform: Opening /sys/class/thermal/thermal_zone35/type
06-17 22:41:24.787   686   789 D msm8974_platform: Opening /sys/class/thermal/thermal_zone36/type
06-17 22:41:24.787   686   789 D msm8974_platform: Opening /sys/class/thermal/thermal_zone37/type
06-17 22:41:24.787   686   789 D msm8974_platform: Opening /sys/class/thermal/thermal_zone37/type
06-17 22:41:24.787   686   789 D msm8974_platform: Opening /sys/class/thermal/thermal_zone38/type
06-17 22:41:24.787   686   789 D msm8974_platform: Opening /sys/class/thermal/thermal_zone39/type
06-17 22:41:24.787   686   789 D msm8974_platform: Opening /sys/class/thermal/thermal_zone40/type
06-17 22:41:24.787   686   789 D msm8974_platform: Opening /sys/class/thermal/thermal_zone41/type
06-17 22:41:24.788   686   789 D msm8974_platform: Opening /sys/class/thermal/thermal_zone42/type
06-17 22:41:24.788   686   789 D msm8974_platform: Opening /sys/class/thermal/thermal_zone43/type
06-17 22:41:24.788   686   789 D msm8974_platform: Opening /sys/class/thermal/thermal_zone44/type
06-17 22:41:24.788   686   789 D msm8974_platform: Opening /sys/class/thermal/thermal_zone45/type
06-17 22:41:24.788   686   789 D msm8974_platform: Opening /sys/class/thermal/thermal_zone46/type
06-17 22:41:24.788   686   789 D msm8974_platform: Opening /sys/class/thermal/thermal_zone47/type
06-17 22:41:24.788   686   789 D msm8974_platform: Opening /sys/class/thermal/thermal_zone48/type
06-17 22:41:24.788   686   789 D msm8974_platform: Opening /sys/class/thermal/thermal_zone49/type
06-17 22:41:24.788   686   789 D msm8974_platform: Opening /sys/class/thermal/thermal_zone50/type
06-17 22:41:24.788   686   789 D msm8974_platform: Opening /sys/class/thermal/thermal_zone51/type
06-17 22:41:24.788   686   789 D msm8974_platform: Opening /sys/class/thermal/thermal_zone52/type
06-17 22:41:24.788   686   789 D msm8974_platform: Found 18 WSA present on the platform
06-17 22:41:24.789   686   789 D audio_hw_extn: audio_extn_can_use_vbat: vbat.enabled property is set to 0
06-17 22:41:24.789   686   789 D audio_hw_extn: audio_extn_can_use_bcl: bcl.enabled property is set to 0
06-17 22:41:24.789   686   789 D audio_hw_extn: audio_extn_is_hifi_audio_supported: hifi audio supported on internal codec
06-17 22:41:24.789   686   789 D msm8974_platform: Alac software decoder is available...removing alac from DSP decoder list
06-17 22:41:24.789   686   789 D msm8974_platform: APE software decoder is available...removing ape from DSP decoder list
06-17 22:41:24.789   686   789 D platform_info: platform_info_init: platform info file name is /vendor/etc/audio_platform_info_i40.xml
06-17 22:41:24.794   686   789 D msm8974_platform: platform_set_audio_device_interface: Enter, device name:AUDIO_DEVICE_IN_BUILTIN_MIC, intf name:SLIMBUS_0
06-17 22:41:24.794   686   789 D msm8974_platform: platform_set_audio_device_interface: Matched device name:AUDIO_DEVICE_IN_BUILTIN_MIC, overwrite intf name with SLIMBUS_0
06-17 22:41:24.794   686   789 D msm8974_platform: platform_set_audio_device_interface: Enter, device name:AUDIO_DEVICE_IN_BACK_MIC, intf name:SLIMBUS_0
06-17 22:41:24.794   686   789 D msm8974_platform: platform_set_audio_device_interface: Matched device name:AUDIO_DEVICE_IN_BACK_MIC, overwrite intf name with SLIMBUS_0
06-17 22:41:24.794   686   789 D msm8974_platform: platform_set_audio_device_interface: Enter, device name:AUDIO_DEVICE_IN_BUILTIN_MIC, intf name:INT3_MI2S
06-17 22:41:24.794   686   789 D msm8974_platform: platform_set_audio_device_interface: Matched device name:AUDIO_DEVICE_IN_BUILTIN_MIC, overwrite intf name with INT3_MI2S
06-17 22:41:24.794   686   789 D msm8974_platform: platform_set_audio_device_interface: Enter, device name:AUDIO_DEVICE_IN_BACK_MIC, intf name:INT3_MI2S
06-17 22:41:24.794   686   789 D msm8974_platform: platform_set_audio_device_interface: Matched device name:AUDIO_DEVICE_IN_BACK_MIC, overwrite intf name with INT3_MI2S
06-17 22:41:24.795   686   789 V msm8974_platform: platform_set_parameters: enter: mono_speaker=right
06-17 22:41:24.795   686   789 D audio_hw_hfp: hfp_set_parameters: enter
06-17 22:41:24.795   686   789 V msm8974_platform: platform_set_parameters: enter: spkr_1_tz_name=wsatz.11
06-17 22:41:24.795   686   789 D audio_hw_hfp: hfp_set_parameters: enter
06-17 22:41:24.795   686   789 V msm8974_platform: platform_set_parameters: enter: spkr_2_tz_name=wsatz.12
06-17 22:41:24.795   686   789 D audio_hw_hfp: hfp_set_parameters: enter
06-17 22:41:24.795   686   789 V msm8974_platform: platform_set_parameters: enter: true_32_bit=true
06-17 22:41:24.795   686   789 D audio_hw_hfp: hfp_set_parameters: enter
06-17 22:41:24.795   686   789 V msm8974_platform: platform_set_parameters: enter: native_audio_mode=true
06-17 22:41:24.795   686   789 D msm8974_platform: native_audio_set_params:napb updating mode (2) from XML
06-17 22:41:24.795   686   789 D msm8974_platform: platform_set_native_support:napb: native audio playback enabled in (True) mode
06-17 22:41:24.795   686   789 D audio_hw_hfp: hfp_set_parameters: enter
06-17 22:41:24.795   686   789 V msm8974_platform: platform_set_parameters: enter: native_audio_mode=true;hfp_pcm_dev_id=39
06-17 22:41:24.795   686   789 D msm8974_platform: native_audio_set_params:napb updating mode (2) from XML
06-17 22:41:24.795   686   789 D msm8974_platform: platform_set_native_support:napb: native audio playback enabled in (True) mode
06-17 22:41:24.795   686   789 D audio_hw_hfp: hfp_set_parameters: enter
06-17 22:41:24.795   686   789 D audio_hw_hfp: Updating HFP_PCM_DEV_ID as 39 from platform XML
06-17 22:41:24.795   686   789 V msm8974_platform: platform_set_parameters: enter: native_audio_mode=true;input_mic_max_count=2
06-17 22:41:24.795   686   789 D msm8974_platform: native_audio_set_params:napb updating mode (2) from XML
06-17 22:41:24.795   686   789 D msm8974_platform: platform_set_native_support:napb: native audio playback enabled in (True) mode
06-17 22:41:24.795   686   789 D audio_hw_hfp: hfp_set_parameters: enter
06-17 22:41:24.796   686   789 D msm8974_platform: platform_set_snd_device_backend: backend_tag_table[headphones]: old = null new = headphones
06-17 22:41:24.796   686   789 D msm8974_platform: platform_set_snd_device_backend: hw_interface_table[9] = INT0_MI2S_RX
06-17 22:41:24.796   686   789 D msm8974_platform: platform_set_snd_device_backend: backend_tag_table[bt-sco-headset-wb]: old = bt-sco-wb new = bt-sco-wb
06-17 22:41:24.796   686   789 D msm8974_platform: platform_set_snd_device_backend: hw_interface_table[34] = SLIMBUS_7_RX
06-17 22:41:24.796   686   789 D msm8974_platform: platform_set_snd_device_backend: backend_tag_table[bt-sco-headset]: old = bt-sco new = bt-sco
06-17 22:41:24.796   686   789 D msm8974_platform: platform_set_snd_device_backend: hw_interface_table[33] = SLIMBUS_7_RX
06-17 22:41:24.796   686   789 D msm8974_platform: platform_set_snd_device_backend: backend_tag_table[bt-a2dp]: old = bt-a2dp new = bt-a2dp
06-17 22:41:24.796   686   789 D msm8974_platform: platform_set_snd_device_backend: hw_interface_table[36] = SLIMBUS_7_RX
06-17 22:41:24.796   686   789 D msm8974_platform: platform_set_snd_device_backend: backend_tag_table[line]: old = null new = headphones
06-17 22:41:24.796   686   789 D msm8974_platform: platform_set_snd_device_backend: hw_interface_table[8] = INT0_MI2S_RX
06-17 22:41:24.796   686   789 D msm8974_platform: platform_set_snd_device_backend: backend_tag_table[anc-headphones]: old = null new = headphones
06-17 22:41:24.796   686   789 D msm8974_platform: platform_set_snd_device_backend: hw_interface_table[69] = INT0_MI2S_RX
06-17 22:41:24.796   686   789 D msm8974_platform: platform_set_snd_device_backend: backend_tag_table[speaker-and-headphones]: old = null new = speaker-and-headphones
06-17 22:41:24.796   686   789 D msm8974_platform: platform_set_snd_device_backend: hw_interface_table[13] = INT4_MI2S_RX-and-INT0_MI2S_RX
06-17 22:41:24.796   686   789 D msm8974_platform: platform_set_snd_device_backend: backend_tag_table[speaker-and-line]: old = null new = speaker-and-headphones
06-17 22:41:24.796   686   789 D msm8974_platform: platform_set_snd_device_backend: hw_interface_table[16] = INT4_MI2S_RX-and-INT0_MI2S_RX
06-17 22:41:24.796   686   789 D msm8974_platform: platform_set_snd_device_backend: backend_tag_table[speaker-and-anc-headphones]: old = null new = speaker-and-headphones
06-17 22:41:24.796   686   789 D msm8974_platform: platform_set_snd_device_backend: hw_interface_table[73] = INT4_MI2S_RX-and-INT0_MI2S_RX
06-17 22:41:24.796   686   789 D msm8974_platform: platform_set_snd_device_backend: backend_tag_table[voice-headphones]: old = null new = headphones
06-17 22:41:24.796   686   789 D msm8974_platform: platform_set_snd_device_backend: hw_interface_table[26] = INT0_MI2S_RX
06-17 22:41:24.796   686   789 D msm8974_platform: platform_set_snd_device_backend: backend_tag_table[voice-anc-headphones]: old = null new = headphones
06-17 22:41:24.796   686   789 D msm8974_platform: platform_set_snd_device_backend: hw_interface_table[71] = INT0_MI2S_RX
06-17 22:41:24.796   686   789 D msm8974_platform: platform_set_snd_device_backend: backend_tag_table[voice-line]: old = null new = headphones
06-17 22:41:24.796   686   789 D msm8974_platform: platform_set_snd_device_backend: hw_interface_table[28] = INT0_MI2S_RX
06-17 22:41:24.796   686   789 D msm8974_platform: platform_set_snd_device_backend: backend_tag_table[voice-tty-full-headphones]: old = null new = headphones
06-17 22:41:24.796   686   789 D msm8974_platform: platform_set_snd_device_backend: hw_interface_table[49] = INT0_MI2S_RX
06-17 22:41:24.796   686   789 D msm8974_platform: platform_set_snd_device_backend: backend_tag_table[voice-tty-vco-headphones]: old = null new = headphones
06-17 22:41:24.796   686   789 D msm8974_platform: platform_set_snd_device_backend: hw_interface_table[51] = INT0_MI2S_RX
06-17 22:41:24.796   686   789 D msm8974_platform: platform_set_snd_device_backend: backend_tag_table[handset]: old = null new = (null)
06-17 22:41:24.796   686   789 D msm8974_platform: platform_set_snd_device_backend: hw_interface_table[1] = INT4_MI2S_RX
06-17 22:41:24.796   686   789 D msm8974_platform: platform_set_snd_device_backend: backend_tag_table[speaker]: old = null new = (null)
06-17 22:41:24.796   686   789 D msm8974_platform: platform_set_snd_device_backend: hw_interface_table[2] = INT4_MI2S_RX
06-17 22:41:24.796   686   789 D msm8974_platform: platform_set_snd_device_backend: backend_tag_table[speaker-ext-1]: old = null new = (null)
06-17 22:41:24.796   686   789 D msm8974_platform: platform_set_snd_device_backend: hw_interface_table[3] = INT4_MI2S_RX
06-17 22:41:24.796   686   789 D msm8974_platform: platform_set_snd_device_backend: backend_tag_table[speaker-ext-2]: old = null new = (null)
06-17 22:41:24.797   686   789 D msm8974_platform: platform_set_snd_device_backend: hw_interface_table[4] = INT4_MI2S_RX
06-17 22:41:24.797   686   789 D msm8974_platform: platform_set_snd_device_backend: backend_tag_table[speaker-reverse]: old = null new = (null)
06-17 22:41:24.797   686   789 D msm8974_platform: platform_set_snd_device_backend: hw_interface_table[5] = INT4_MI2S_RX
06-17 22:41:24.797   686   789 D msm8974_platform: platform_set_snd_device_backend: backend_tag_table[speaker-vbat]: old = null new = (null)
06-17 22:41:24.797   686   789 D msm8974_platform: platform_set_snd_device_backend: hw_interface_table[7] = INT4_MI2S_RX
06-17 22:41:24.797   686   789 D msm8974_platform: platform_set_snd_device_backend: backend_tag_table[speaker-and-headphones-ext-1]: old = null new = (null)
06-17 22:41:24.797   686   789 D msm8974_platform: platform_set_snd_device_backend: hw_interface_table[18] = INT4_MI2S_RX-and-INT0_MI2S_RX
06-17 22:41:24.797   686   789 D msm8974_platform: platform_set_snd_device_backend: backend_tag_table[speaker-and-headphones-ext-2]: old = null new = (null)
06-17 22:41:24.797   686   789 D msm8974_platform: platform_set_snd_device_backend: hw_interface_table[19] = INT4_MI2S_RX-and-INT0_MI2S_RX
06-17 22:41:24.797   686   789 D msm8974_platform: platform_set_snd_device_backend: backend_tag_table[voice-handset]: old = null new = (null)
06-17 22:41:24.797   686   789 D msm8974_platform: platform_set_snd_device_backend: hw_interface_table[20] = INT4_MI2S_RX
06-17 22:41:24.797   686   789 D msm8974_platform: platform_set_snd_device_backend: backend_tag_table[voice-speaker]: old = null new = (null)
06-17 22:41:24.797   686   789 D msm8974_platform: platform_set_snd_device_backend: hw_interface_table[21] = INT4_MI2S_RX
06-17 22:41:24.797   686   789 D msm8974_platform: platform_set_snd_device_backend: backend_tag_table[voice-speaker-vbat]: old = voice-speaker-vbat new = (null)
06-17 22:41:24.797   686   789 D msm8974_platform: platform_set_snd_device_backend: hw_interface_table[23] = INT4_MI2S_RX
06-17 22:41:24.797   686   789 D msm8974_platform: platform_set_snd_device_backend: backend_tag_table[voice-speaker-2]: old = null new = (null)
06-17 22:41:24.797   686   789 D msm8974_platform: platform_set_snd_device_backend: hw_interface_table[24] = INT4_MI2S_RX
06-17 22:41:24.797   686   789 D msm8974_platform: platform_set_snd_device_backend: backend_tag_table[voice-speaker-2-vbat]: old = voice-speaker-2-vbat new = (null)
06-17 22:41:24.797   686   789 D msm8974_platform: platform_set_snd_device_backend: hw_interface_table[25] = INT4_MI2S_RX
06-17 22:41:24.797   686   789 D msm8974_platform: platform_set_snd_device_backend: backend_tag_table[speaker-and-hdmi]: old = speaker-and-hdmi new = (null)
06-17 22:41:24.797   686   789 D msm8974_platform: platform_set_snd_device_backend: hw_interface_table[30] = INT4_MI2S_RX-and-HDMI
06-17 22:41:24.797   686   789 D msm8974_platform: platform_set_snd_device_backend: backend_tag_table[speaker-and-display-port]: old = speaker-and-display-port new = (null)
06-17 22:41:24.797   686   789 D msm8974_platform: platform_set_snd_device_backend: hw_interface_table[32] = INT4_MI2S_RX-and-DISPLAY_PORT
06-17 22:41:24.797   686   789 D msm8974_platform: platform_set_snd_device_backend: backend_tag_table[speaker-and-bt-sco]: old = null new = speaker-and-bt-sco
06-17 22:41:24.797   686   789 D msm8974_platform: platform_set_snd_device_backend: hw_interface_table[40] = SLIMBUS_0_RX-and-SLIMBUS_7_RX
06-17 22:41:24.797   686   789 D msm8974_platform: platform_set_snd_device_backend: backend_tag_table[speaker-and-bt-sco-wb]: old = null new = speaker-and-bt-sco-wb
06-17 22:41:24.797   686   789 D msm8974_platform: platform_set_snd_device_backend: hw_interface_table[42] = SLIMBUS_0_RX-and-SLIMBUS_7_RX
06-17 22:41:24.797   686   789 D msm8974_platform: platform_set_snd_device_backend: backend_tag_table[speaker-and-bt-a2dp]: old = speaker-and-bt-a2dp new = (null)
06-17 22:41:24.797   686   789 D msm8974_platform: platform_set_snd_device_backend: hw_interface_table[37] = INT4_MI2S_RX-and-SLIMBUS_7_RX
06-17 22:41:24.797   686   789 D msm8974_platform: platform_set_snd_device_backend: backend_tag_table[voice-tty-hco-handset]: old = null new = (null)
06-17 22:41:24.797   686   789 D msm8974_platform: platform_set_snd_device_backend: hw_interface_table[53] = INT4_MI2S_RX
06-17 22:41:24.797   686   789 D msm8974_platform: platform_set_snd_device_backend: backend_tag_table[anc-fb-headphones]: old = null new = (null)
06-17 22:41:24.797   686   789 D msm8974_platform: platform_set_snd_device_backend: hw_interface_table[70] = INT0_MI2S_RX
06-17 22:41:24.797   686   789 D msm8974_platform: platform_set_snd_device_backend: backend_tag_table[voice-anc-fb-headphones]: old = null new = (null)
06-17 22:41:24.797   686   789 D msm8974_platform: platform_set_snd_device_backend: hw_interface_table[72] = INT0_MI2S_RX
06-17 22:41:24.797   686   789 D msm8974_platform: platform_set_snd_device_backend: backend_tag_table[anc-handset]: old = null new = (null)
06-17 22:41:24.797   686   789 D msm8974_platform: platform_set_snd_device_backend: hw_interface_table[75] = INT4_MI2S_RX
06-17 22:41:24.797   686   789 D msm8974_platform: platform_set_snd_device_backend: backend_tag_table[speaker-protected]: old = null new = (null)
06-17 22:41:24.797   686   789 D msm8974_platform: platform_set_snd_device_backend: hw_interface_table[76] = INT4_MI2S_RX
06-17 22:41:24.797   686   789 D msm8974_platform: platform_set_snd_device_backend: backend_tag_table[voice-speaker-protected]: old = null new = (null)
06-17 22:41:24.797   686   789 D msm8974_platform: platform_set_snd_device_backend: hw_interface_table[77] = INT4_MI2S_RX
06-17 22:41:24.797   686   789 D msm8974_platform: platform_set_snd_device_backend: backend_tag_table[voice-speaker-2-protected]: old = null new = (null)
06-17 22:41:24.797   686   789 D msm8974_platform: platform_set_snd_device_backend: hw_interface_table[78] = INT4_MI2S_RX
06-17 22:41:24.797   686   789 D msm8974_platform: platform_set_snd_device_backend: backend_tag_table[speaker-protected-vbat]: old = null new = (null)
06-17 22:41:24.797   686   789 D msm8974_platform: platform_set_snd_device_backend: hw_interface_table[80] = INT4_MI2S_RX
06-17 22:41:24.797   686   789 D msm8974_platform: platform_set_snd_device_backend: backend_tag_table[voice-speaker-protected-vbat]: old = null new = (null)
06-17 22:41:24.797   686   789 D msm8974_platform: platform_set_snd_device_backend: hw_interface_table[81] = INT4_MI2S_RX
06-17 22:41:24.797   686   789 D msm8974_platform: platform_set_snd_device_backend: backend_tag_table[voice-speaker-2-protected-vbat]: old = null new = (null)
06-17 22:41:24.797   686   789 D msm8974_platform: platform_set_snd_device_backend: hw_interface_table[82] = INT4_MI2S_RX
06-17 22:41:24.797   686   789 D msm8974_platform: platform_set_snd_device_backend: backend_tag_table[wsa-speaker]: old = null new = (null)
06-17 22:41:24.797   686   789 D msm8974_platform: platform_set_snd_device_backend: hw_interface_table[83] = INT4_MI2S_RX
06-17 22:41:24.797   686   789 D msm8974_platform: platform_set_snd_device_backend: backend_tag_table[wsa-voice-speaker]: old = null new = (null)
06-17 22:41:24.797   686   789 D msm8974_platform: platform_set_snd_device_backend: hw_interface_table[84] = INT4_MI2S_RX
06-17 22:41:24.797   686   789 D msm8974_platform: platform_set_snd_device_backend: backend_tag_table[wsa-voice-speaker-2]: old = null new = (null)
06-17 22:41:24.797   686   789 D msm8974_platform: platform_set_snd_device_backend: hw_interface_table[85] = INT4_MI2S_RX
06-17 22:41:24.797   686   789 D msm8974_platform: platform_set_snd_device_backend: backend_tag_table[handset-mic]: old = null new = (null)
06-17 22:41:24.797   686   789 D msm8974_platform: platform_set_snd_device_backend: hw_interface_table[102] = INT3_MI2S_TX
06-17 22:41:24.797   686   789 D msm8974_platform: platform_set_snd_device_backend: backend_tag_table[handset-mic-ext]: old = null new = (null)
06-17 22:41:24.797   686   789 D msm8974_platform: platform_set_snd_device_backend: hw_interface_table[104] = INT3_MI2S_TX
06-17 22:41:24.798   686   789 D msm8974_platform: platform_set_snd_device_backend: backend_tag_table[handset-mic]: old = null new = (null)
06-17 22:41:24.798   686   789 D msm8974_platform: platform_set_snd_device_backend: hw_interface_table[105] = INT3_MI2S_TX
06-17 22:41:24.798   686   789 D msm8974_platform: platform_set_snd_device_backend: backend_tag_table[handset-mic]: old = null new = (null)
06-17 22:41:24.798   686   789 D msm8974_platform: platform_set_snd_device_backend: hw_interface_table[107] = INT3_MI2S_TX
06-17 22:41:24.798   686   789 D msm8974_platform: platform_set_snd_device_backend: backend_tag_table[handset-mic]: old = null new = (null)
06-17 22:41:24.798   686   789 D msm8974_platform: platform_set_snd_device_backend: hw_interface_table[109] = INT3_MI2S_TX
06-17 22:41:24.798   686   789 D msm8974_platform: platform_set_snd_device_backend: backend_tag_table[dmic-endfire]: old = null new = (null)
06-17 22:41:24.798   686   789 D msm8974_platform: platform_set_snd_device_backend: hw_interface_table[111] = INT3_MI2S_TX
06-17 22:41:24.798   686   789 D msm8974_platform: platform_set_snd_device_backend: backend_tag_table[dmic-endfire]: old = null new = (null)
06-17 22:41:24.798   686   789 D msm8974_platform: platform_set_snd_device_backend: hw_interface_table[112] = INT3_MI2S_TX
06-17 22:41:24.798   686   789 D msm8974_platform: platform_set_snd_device_backend: backend_tag_table[dmic-endfire]: old = null new = (null)
06-17 22:41:24.798   686   789 D msm8974_platform: platform_set_snd_device_backend: hw_interface_table[114] = INT3_MI2S_TX
06-17 22:41:24.798   686   789 D msm8974_platform: platform_set_snd_device_backend: backend_tag_table[dmic-endfire]: old = null new = (null)
06-17 22:41:24.798   686   789 D msm8974_platform: platform_set_snd_device_backend: hw_interface_table[116] = INT3_MI2S_TX
06-17 22:41:24.798   686   789 D msm8974_platform: platform_set_snd_device_backend: backend_tag_table[speaker-mic]: old = null new = (null)
06-17 22:41:24.798   686   789 D msm8974_platform: platform_set_snd_device_backend: hw_interface_table[118] = INT3_MI2S_TX
06-17 22:41:24.798   686   789 D msm8974_platform: platform_set_snd_device_backend: backend_tag_table[speaker-mic]: old = null new = (null)
06-17 22:41:24.798   686   789 D msm8974_platform: platform_set_snd_device_backend: hw_interface_table[120] = INT3_MI2S_TX
06-17 22:41:24.798   686   789 D msm8974_platform: platform_set_snd_device_backend: backend_tag_table[speaker-mic]: old = null new = (null)
06-17 22:41:24.798   686   789 D msm8974_platform: platform_set_snd_device_backend: hw_interface_table[122] = INT3_MI2S_TX
06-17 22:41:24.798   686   789 D msm8974_platform: platform_set_snd_device_backend: backend_tag_table[speaker-mic]: old = null new = (null)
06-17 22:41:24.798   686   789 D msm8974_platform: platform_set_snd_device_backend: hw_interface_table[124] = INT3_MI2S_TX
06-17 22:41:24.798   686   789 D msm8974_platform: platform_set_snd_device_backend: backend_tag_table[speaker-dmic-endfire]: old = null new = (null)
06-17 22:41:24.798   686   789 D msm8974_platform: platform_set_snd_device_backend: hw_interface_table[126] = INT3_MI2S_TX
06-17 22:41:24.798   686   789 D msm8974_platform: platform_set_snd_device_backend: backend_tag_table[speaker-dmic-endfire]: old = null new = (null)
06-17 22:41:24.798   686   789 D msm8974_platform: platform_set_snd_device_backend: hw_interface_table[127] = INT3_MI2S_TX
06-17 22:41:24.798   686   789 D msm8974_platform: platform_set_snd_device_backend: backend_tag_table[speaker-dmic-endfire]: old = null new = (null)
06-17 22:41:24.798   686   789 D msm8974_platform: platform_set_snd_device_backend: hw_interface_table[129] = INT3_MI2S_TX
06-17 22:41:24.798   686   789 D msm8974_platform: platform_set_snd_device_backend: backend_tag_table[speaker-dmic-endfire]: old = null new = (null)
06-17 22:41:24.798   686   789 D msm8974_platform: platform_set_snd_device_backend: hw_interface_table[131] = INT3_MI2S_TX
06-17 22:41:24.798   686   789 D msm8974_platform: platform_set_snd_device_backend: backend_tag_table[headset-mic]: old = null new = (null)
06-17 22:41:24.798   686   789 D msm8974_platform: platform_set_snd_device_backend: hw_interface_table[133] = INT3_MI2S_TX
06-17 22:41:24.798   686   789 D msm8974_platform: platform_set_snd_device_backend: backend_tag_table[headset-mic]: old = null new = (null)
06-17 22:41:24.798   686   789 D msm8974_platform: platform_set_snd_device_backend: hw_interface_table[135] = INT3_MI2S_TX
06-17 22:41:24.798   686   789 D msm8974_platform: platform_set_snd_device_backend: backend_tag_table[voice-speaker-mic]: old = null new = (null)
06-17 22:41:24.798   686   789 D msm8974_platform: platform_set_snd_device_backend: hw_interface_table[136] = INT3_MI2S_TX
06-17 22:41:24.798   686   789 D msm8974_platform: platform_set_snd_device_backend: backend_tag_table[voice-headset-mic]: old = null new = (null)
06-17 22:41:24.798   686   789 D msm8974_platform: platform_set_snd_device_backend: hw_interface_table[139] = INT3_MI2S_TX
06-17 22:41:24.798   686   789 D msm8974_platform: platform_set_snd_device_backend: backend_tag_table[hdmi-in]: old = hdmi-in new = (null)
06-17 22:41:24.798   686   789 D msm8974_platform: platform_set_snd_device_backend: hw_interface_table[141] = HDMI
06-17 22:41:24.798   686   789 D msm8974_platform: platform_set_snd_device_backend: backend_tag_table[bt-sco-mic]: old = bt-sco new = (null)
06-17 22:41:24.798   686   789 D msm8974_platform: platform_set_snd_device_backend: hw_interface_table[143] = SLIMBUS_7_TX
06-17 22:41:24.799   686   789 D msm8974_platform: platform_set_snd_device_backend: backend_tag_table[bt-sco-mic]: old = bt-sco new = (null)
06-17 22:41:24.799   686   789 D msm8974_platform: platform_set_snd_device_backend: hw_interface_table[144] = SLIMBUS_7_TX
06-17 22:41:24.799   686   789 D msm8974_platform: platform_set_snd_device_backend: backend_tag_table[bt-sco-mic-wb]: old = bt-sco-wb new = (null)
06-17 22:41:24.799   686   789 D msm8974_platform: platform_set_snd_device_backend: hw_interface_table[145] = SLIMBUS_7_TX
06-17 22:41:24.799   686   789 D msm8974_platform: platform_set_snd_device_backend: backend_tag_table[bt-sco-mic-wb]: old = bt-sco-wb new = (null)
06-17 22:41:24.799   686   789 D msm8974_platform: platform_set_snd_device_backend: hw_interface_table[146] = SLIMBUS_7_TX
06-17 22:41:24.799   686   789 D msm8974_platform: platform_set_snd_device_backend: backend_tag_table[camcorder-mic]: old = null new = (null)
06-17 22:41:24.799   686   789 D msm8974_platform: platform_set_snd_device_backend: hw_interface_table[150] = INT3_MI2S_TX
06-17 22:41:24.799   686   789 D msm8974_platform: platform_set_snd_device_backend: backend_tag_table[voice-dmic-ef]: old = null new = (null)
06-17 22:41:24.799  1299  1299 E MSM-irqbalance: WARNING: Cannot find matching virq for hwirq(446).
06-17 22:41:24.799   686   789 D msm8974_platform: platform_set_snd_device_backend: hw_interface_table[151] = INT3_MI2S_TX
06-17 22:41:24.799   686   789 D msm8974_platform: platform_set_snd_device_backend: backend_tag_table[voice-speaker-dmic-ef]: old = null new = (null)
06-17 22:41:24.799   686   789 D msm8974_platform: platform_set_snd_device_backend: hw_interface_table[154] = INT3_MI2S_TX
06-17 22:41:24.799   686   789 D msm8974_platform: platform_set_snd_device_backend: backend_tag_table[voice-speaker-qmic]: old = null new = (null)
06-17 22:41:24.799   686   789 D msm8974_platform: platform_set_snd_device_backend: hw_interface_table[157] = INT3_MI2S_TX
06-17 22:41:24.799   686   789 D msm8974_platform: platform_set_snd_device_backend: backend_tag_table[voice-tty-full-headset-mic]: old = null new = (null)
06-17 22:41:24.799   686   789 D msm8974_platform: platform_set_snd_device_backend: hw_interface_table[158] = INT3_MI2S_TX
06-17 22:41:24.799   686   789 D msm8974_platform: platform_set_snd_device_backend: backend_tag_table[voice-tty-vco-handset-mic]: old = null new = (null)
06-17 22:41:24.799   686   789 D msm8974_platform: platform_set_snd_device_backend: hw_interface_table[159] = INT3_MI2S_TX
06-17 22:41:24.799   686   789 D msm8974_platform: platform_set_snd_device_backend: backend_tag_table[voice-tty-hco-headset-mic]: old = null new = (null)
06-17 22:41:24.799   686   789 D msm8974_platform: platform_set_snd_device_backend: hw_interface_table[160] = INT3_MI2S_TX
06-17 22:41:24.799   686   789 D msm8974_platform: platform_set_snd_device_backend: backend_tag_table[voice-rec-mic]: old = null new = (null)
06-17 22:41:24.799   686   789 D msm8974_platform: platform_set_snd_device_backend: hw_interface_table[163] = INT3_MI2S_TX
06-17 22:41:24.799   686   789 D msm8974_platform: platform_set_snd_device_backend: backend_tag_table[voice-rec-mic]: old = null new = (null)
06-17 22:41:24.799   686   789 D msm8974_platform: platform_set_snd_device_backend: hw_interface_table[164] = INT3_MI2S_TX
06-17 22:41:24.799   686   789 D msm8974_platform: platform_set_snd_device_backend: backend_tag_table[voice-rec-dmic-ef]: old = null new = (null)
06-17 22:41:24.799   686   789 D msm8974_platform: platform_set_snd_device_backend: hw_interface_table[167] = INT3_MI2S_TX
06-17 22:41:24.799   686   789 D msm8974_platform: platform_set_snd_device_backend: backend_tag_table[voice-rec-dmic-ef-fluence]: old = null new = (null)
06-17 22:41:24.799   686   789 D msm8974_platform: platform_set_snd_device_backend: hw_interface_table[168] = INT3_MI2S_TX
06-17 22:41:24.799   686   789 D msm8974_platform: platform_set_snd_device_backend: backend_tag_table[aanc-handset-mic]: old = null new = (null)
06-17 22:41:24.799   686   789 D msm8974_platform: platform_set_snd_device_backend: hw_interface_table[181] = INT3_MI2S_TX
06-17 22:41:24.799   686   789 D msm8974_platform: platform_set_snd_device_backend: backend_tag_table[quad-mic]: old = null new = (null)
06-17 22:41:24.799   686   789 D msm8974_platform: platform_set_snd_device_backend: hw_interface_table[182] = INT3_MI2S_TX
06-17 22:41:24.799   686   789 E msm8974_platform: find_index: Could not find index for name = SND_DEVICE_IN_HANDSET_STEREO_DMIC
06-17 22:41:24.799   686   789 E platform_info: process_backend_name: Device SND_DEVICE_IN_HANDSET_STEREO_DMIC not found, no ACDB ID set!
06-17 22:41:24.799   686   789 E msm8974_platform: find_index: Could not find index for name = SND_DEVICE_IN_SPEAKER_STEREO_DMIC
06-17 22:41:24.799   686   789 E platform_info: process_backend_name: Device SND_DEVICE_IN_SPEAKER_STEREO_DMIC not found, no ACDB ID set!
06-17 22:41:24.800   686   789 D msm8974_platform: platform_set_snd_device_backend: backend_tag_table[vi-feedback]: old = null new = (null)
06-17 22:41:24.800   686   789 D msm8974_platform: platform_set_snd_device_backend: hw_interface_table[185] = INT5_MI2S_TX
06-17 22:41:24.800   686   789 D msm8974_platform: platform_set_snd_device_backend: backend_tag_table[vi-feedback-mono-1]: old = null new = (null)
06-17 22:41:24.800   686   789 D msm8974_platform: platform_set_snd_device_backend: hw_interface_table[186] = INT5_MI2S_TX
06-17 22:41:24.800   686   789 D msm8974_platform: platform_set_snd_device_backend: backend_tag_table[vi-feedback-mono-2]: old = null new = (null)
06-17 22:41:24.800   686   789 D msm8974_platform: platform_set_snd_device_backend: hw_interface_table[187] = INT5_MI2S_TX
06-17 22:41:24.800   686   789 D msm8974_platform: platform_set_snd_device_backend: backend_tag_table[voice-speaker-dmic-broadside]: old = null new = (null)
06-17 22:41:24.800   686   789 D msm8974_platform: platform_set_snd_device_backend: hw_interface_table[188] = INT3_MI2S_TX
06-17 22:41:24.800   686   789 D msm8974_platform: platform_set_snd_device_backend: backend_tag_table[speaker-dmic-broadside]: old = null new = (null)
06-17 22:41:24.800   686   789 D msm8974_platform: platform_set_snd_device_backend: hw_interface_table[189] = INT3_MI2S_TX
06-17 22:41:24.800  1299  1299 E MSM-irqbalance: WARNING: Cannot find matching virq for hwirq(455).
06-17 22:41:24.800   686   789 D msm8974_platform: platform_set_snd_device_backend: backend_tag_table[speaker-dmic-broadside]: old = null new = (null)
06-17 22:41:24.800   686   789 D msm8974_platform: platform_set_snd_device_backend: hw_interface_table[190] = INT3_MI2S_TX
06-17 22:41:24.800   686   789 D msm8974_platform: platform_set_snd_device_backend: backend_tag_table[speaker-dmic-broadside]: old = null new = (null)
06-17 22:41:24.800   686   789 D msm8974_platform: platform_set_snd_device_backend: hw_interface_table[191] = INT3_MI2S_TX
06-17 22:41:24.800   686   789 D msm8974_platform: platform_set_snd_device_backend: backend_tag_table[speaker-dmic-broadside]: old = null new = (null)
06-17 22:41:24.800   686   789 D msm8974_platform: platform_set_snd_device_backend: hw_interface_table[192] = INT3_MI2S_TX
06-17 22:41:24.800   686   789 D msm8974_platform: platform_set_snd_device_backend: backend_tag_table[aanc-handset-mic]: old = null new = (null)
06-17 22:41:24.800   686   789 D msm8974_platform: platform_set_snd_device_backend: hw_interface_table[193] = INT3_MI2S_TX
06-17 22:41:24.800   686   789 D msm8974_platform: platform_set_snd_device_backend: backend_tag_table[quad-mic]: old = null new = (null)
06-17 22:41:24.800   686   789 D msm8974_platform: platform_set_snd_device_backend: hw_interface_table[194] = INT3_MI2S_TX
06-17 22:41:24.800   686   789 D msm8974_platform: platform_set_snd_device_backend: backend_tag_table[quad-mic]: old = null new = (null)
06-17 22:41:24.800   686   789 D msm8974_platform: platform_set_snd_device_backend: hw_interface_table[196] = INT3_MI2S_TX
06-17 22:41:24.800   686   789 D msm8974_platform: platform_set_snd_device_backend: backend_tag_table[quad-mic]: old = null new = (null)
06-17 22:41:24.800   686   789 D msm8974_platform: platform_set_snd_device_backend: hw_interface_table[197] = INT3_MI2S_TX
06-17 22:41:24.800   686   789 D msm8974_platform: platform_set_snd_device_backend: backend_tag_table[quad-mic]: old = null new = (null)
06-17 22:41:24.800   686   789 D msm8974_platform: platform_set_snd_device_backend: hw_interface_table[198] = INT3_MI2S_TX
06-17 22:41:24.800   686   789 D msm8974_platform: platform_set_snd_device_backend: backend_tag_table[three-mic]: old = null new = (null)
06-17 22:41:24.800   686   789 D msm8974_platform: platform_set_snd_device_backend: hw_interface_table[200] = INT3_MI2S_TX
06-17 22:41:24.800   686   789 D msm8974_platform: platform_set_snd_device_backend: backend_tag_table[three-mic]: old = null new = (null)
06-17 22:41:24.800   686   789 D msm8974_platform: platform_set_snd_device_backend: hw_interface_table[202] = INT3_MI2S_TX
06-17 22:41:24.800   686   789 D msm8974_platform: platform_set_snd_device_backend: backend_tag_table[three-mic]: old = null new = (null)
06-17 22:41:24.800   686   789 D msm8974_platform: platform_set_snd_device_backend: hw_interface_table[209] = INT3_MI2S_TX
06-17 22:41:24.800   686   789 D msm8974_platform: platform_set_snd_device_backend: backend_tag_table[unprocessed-mic]: old = null new = (null)
06-17 22:41:24.800   686   789 D msm8974_platform: platform_set_snd_device_backend: hw_interface_table[210] = INT3_MI2S_TX
06-17 22:41:24.800   686   789 D msm8974_platform: platform_set_snd_device_backend: backend_tag_table[unprocessed-stereo-mic]: old = null new = (null)
06-17 22:41:24.800   686   789 D msm8974_platform: platform_set_snd_device_backend: hw_interface_table[211] = INT3_MI2S_TX
06-17 22:41:24.800   686   789 D msm8974_platform: platform_set_snd_device_backend: backend_tag_table[unprocessed-three-mic]: old = null new = (null)
06-17 22:41:24.800   686   789 D msm8974_platform: platform_set_snd_device_backend: hw_interface_table[212] = INT3_MI2S_TX
06-17 22:41:24.800   686   789 D msm8974_platform: platform_set_snd_device_backend: backend_tag_table[unprocessed-quad-mic]: old = null new = (null)
06-17 22:41:24.801   686   789 D msm8974_platform: platform_set_snd_device_backend: hw_interface_table[213] = INT3_MI2S_TX
06-17 22:41:24.801   686   789 D msm8974_platform: platform_set_snd_device_backend: backend_tag_table[unprocessed-headset-mic]: old = null new = (null)
06-17 22:41:24.801   686   789 D msm8974_platform: platform_set_snd_device_backend: hw_interface_table[214] = INT3_MI2S_TX
06-17 22:41:24.801   686   789 E msm8974_platform: find_index: Could not find index for name = SND_DEVICE_OUT_VOICE_SPEAKER_AND_VOICE_HEADPHONES
06-17 22:41:24.801   686   789 E platform_info: process_backend_name: Device SND_DEVICE_OUT_VOICE_SPEAKER_AND_VOICE_HEADPHONES not found, no ACDB ID set!
06-17 22:41:24.801  1299  1299 E MSM-irqbalance: WARNING: Cannot find matching virq for hwirq(456).
06-17 22:41:24.801   686   789 E msm8974_platform: find_index: Could not find index for name = SND_DEVICE_OUT_VOICE_SPEAKER_AND_VOICE_ANC_HEADSET
06-17 22:41:24.801   686   789 E platform_info: process_backend_name: Device SND_DEVICE_OUT_VOICE_SPEAKER_AND_VOICE_ANC_HEADSET not found, no ACDB ID set!
06-17 22:41:24.801   686   789 D msm8974_platform: platform_set_snd_device_backend: backend_tag_table[handset-stereo-dmic-ef]: old = null new = (null)
06-17 22:41:24.801   686   789 D msm8974_platform: platform_set_snd_device_backend: hw_interface_table[183] = INT3_MI2S_TX
06-17 22:41:24.801  1299  1299 I MSM-irqbalance: msm-irq_balance (1.3) initialized
06-17 22:41:24.801  1299  1299 I MSM-irqbalance: Configuration
06-17 22:41:24.801  1299  1299 I MSM-irqbalance: Rate: 0.2 Hz
06-17 22:41:24.801  1299  1299 I MSM-irqbalance: Decay Factor: 75.0
06-17 22:41:24.801  1299  1299 I MSM-irqbalance: Balancing Factor: 0.1
06-17 22:41:24.801  1299  1299 I MSM-irqbalance: Debug Log: OFF
06-17 22:41:24.801  1299  1299 I MSM-irqbalance: Cfg file: /system/vendor/etc/msm_irqbalance.conf
06-17 22:41:24.801  1299  1299 I MSM-irqbalance: CPU PRIO: CPU0: 1 CPU1: 1 CPU2: 0 CPU3: 0 CPU4: 0 CPU5: 0 CPU6: 0 CPU7: 0 
06-17 22:41:24.801  1299  1299 I MSM-irqbalance: Ignored IRQs: 5 109 7 89 2 
06-17 22:41:24.804   686   789 E msm8974_platform: find_index: Could not find index for name = SND_DEVICE_IN_HANDSET_STEREO_DMIC
06-17 22:41:24.804   686   789 E platform_info: process_snd_dev: Sound device not valid
06-17 22:41:24.804   686   789 E platform_info: start_tag: Error in previous tags, do not process mic info
06-17 22:41:24.804   686   789 E platform_info: start_tag: Error in previous tags, do not process mic info
06-17 22:41:24.804   686   789 E msm8974_platform: find_index: Could not find index for name = SND_DEVICE_IN_SPEAKER_STEREO_DMIC
06-17 22:41:24.804   686   789 E platform_info: process_snd_dev: Sound device not valid
06-17 22:41:24.804   686   789 E platform_info: start_tag: Error in previous tags, do not process mic info
06-17 22:41:24.804   686   789 E platform_info: start_tag: Error in previous tags, do not process mic info
06-17 22:41:24.808   686   789 E audio_hw_extn: audio_extn_perf_lock_acquire: Failed to acquire perf lock, err: -1
06-17 22:41:24.808   686   789 D msm8974_platform: platform_init: Loading mixer file: /vendor/etc/mixer_paths_i40.xml
06-17 22:41:24.826   634   634 I ServiceManagement: Registered android.system.net.netd@1.1::INetd/default (start delay of 4831ms)
06-17 22:41:24.826   634   634 I netd    : Registering NetdHwService: 68.2ms
06-17 22:41:24.826   634   634 I netd    : Netd started in 4710ms
06-17 22:41:24.864  1302  1302 E Diag_Lib: qpLogDiagInit <== result : 1
06-17 22:41:24.864  1302  1302 E Diag_Lib: DATAD : gIsQXDMDisabled 0, gIsADBDisabled 1, gIsDebugDisabled 0, gIsIMSLogsDisabled 0
06-17 22:41:24.864  1302  1302 E Diag_Lib: [IMS_DataD] imsdatad.c | 6232 | | 1302 |DATAD#$$#0#DATAD STARTED
06-17 22:41:24.868  1034  1153 I ServiceManager: Waiting for service 'package_native' on '/dev/binder'...
06-17 22:41:24.879   899   963 I adbd    : USB event: FUNCTIONFS_ENABLE
06-17 22:41:24.968  1034  1153 I ServiceManager: Waiting for service 'package_native' on '/dev/binder'...
06-17 22:41:24.997   932   932 E UsbAlsaJackDetectorJNI: Can't register UsbAlsaJackDetector native methods
06-17 22:41:25.025   932   932 E         : Activity trigger handling disabled.
06-17 22:41:25.042   932   932 D SystemServerTiming: InitBeforeStartServices took to complete: 865ms
06-17 22:41:25.042   932   932 I SystemServer: StartServices
06-17 22:41:25.042   932   932 I SystemServer: StartWatchdog
