05-06 01:18:31.574   651   754 D msm8974_platform: platform_set_snd_device_backend: hw_interface_table[24] = INT0_MI2S_RX
05-06 01:18:31.574   651   754 D msm8974_platform: platform_set_snd_device_backend: backend_tag_table[voice-speaker-2-vbat]: old = voice-speaker-2-vbat new = (null)
05-06 01:18:31.574   651   754 D msm8974_platform: platform_set_snd_device_backend: hw_interface_table[25] = INT0_MI2S_RX
05-06 01:18:31.574   651   754 D msm8974_platform: platform_set_snd_device_backend: backend_tag_table[speaker-and-hdmi]: old = speaker-and-hdmi new = (null)
05-06 01:18:31.574   651   754 D msm8974_platform: platform_set_snd_device_backend: hw_interface_table[30] = INT0_MI2S_RX-and-HDMI
05-06 01:18:31.574   651   754 D msm8974_platform: platform_set_snd_device_backend: backend_tag_table[speaker-and-display-port]: old = speaker-and-display-port new = (null)
05-06 01:18:31.574   651   754 D msm8974_platform: platform_set_snd_device_backend: hw_interface_table[32] = INT0_MI2S_RX-and-DISPLAY_PORT
05-06 01:18:31.574   651   754 D msm8974_platform: platform_set_snd_device_backend: backend_tag_table[speaker-and-bt-sco]: old = null new = speaker-and-bt-sco
05-06 01:18:31.574   651   754 D msm8974_platform: platform_set_snd_device_backend: hw_interface_table[40] = SLIMBUS_0_RX-and-SLIMBUS_7_RX
05-06 01:18:31.574   651   754 D msm8974_platform: platform_set_snd_device_backend: backend_tag_table[speaker-and-bt-sco-wb]: old = null new = speaker-and-bt-sco-wb
05-06 01:18:31.574   651   754 D msm8974_platform: platform_set_snd_device_backend: hw_interface_table[42] = SLIMBUS_0_RX-and-SLIMBUS_7_RX
05-06 01:18:31.574   651   754 D msm8974_platform: platform_set_snd_device_backend: backend_tag_table[speaker-and-bt-a2dp]: old = speaker-and-bt-a2dp new = (null)
05-06 01:18:31.574   651   754 D msm8974_platform: platform_set_snd_device_backend: hw_interface_table[37] = INT0_MI2S_RX-and-SLIMBUS_7_RX
05-06 01:18:31.574   651   754 D msm8974_platform: platform_set_snd_device_backend: backend_tag_table[voice-tty-hco-handset]: old = null new = (null)
05-06 01:18:31.574   651   754 D msm8974_platform: platform_set_snd_device_backend: hw_interface_table[53] = INT4_MI2S_RX
05-06 01:18:31.574   651   754 D msm8974_platform: platform_set_snd_device_backend: backend_tag_table[anc-fb-headphones]: old = null new = (null)
05-06 01:18:31.574   651   754 D msm8974_platform: platform_set_snd_device_backend: hw_interface_table[70] = INT0_MI2S_RX
05-06 01:18:31.574   651   754 D msm8974_platform: platform_set_snd_device_backend: backend_tag_table[voice-anc-fb-headphones]: old = null new = (null)
05-06 01:18:31.575   651   754 D msm8974_platform: platform_set_snd_device_backend: hw_interface_table[72] = INT0_MI2S_RX
05-06 01:18:31.575   651   754 D msm8974_platform: platform_set_snd_device_backend: backend_tag_table[anc-handset]: old = null new = (null)
05-06 01:18:31.575   651   754 D msm8974_platform: platform_set_snd_device_backend: hw_interface_table[75] = INT4_MI2S_RX
05-06 01:18:31.575   651   754 D msm8974_platform: platform_set_snd_device_backend: backend_tag_table[speaker-protected]: old = null new = (null)
05-06 01:18:31.575   651   754 D msm8974_platform: platform_set_snd_device_backend: hw_interface_table[76] = INT0_MI2S_RX
05-06 01:18:31.575   651   754 D msm8974_platform: platform_set_snd_device_backend: backend_tag_table[voice-speaker-protected]: old = null new = (null)
05-06 01:18:31.575   651   754 D msm8974_platform: platform_set_snd_device_backend: hw_interface_table[77] = INT0_MI2S_RX
05-06 01:18:31.575   651   754 D msm8974_platform: platform_set_snd_device_backend: backend_tag_table[voice-speaker-2-protected]: old = null new = (null)
05-06 01:18:31.575   651   754 D msm8974_platform: platform_set_snd_device_backend: hw_interface_table[78] = INT0_MI2S_RX
05-06 01:18:31.575   651   754 D msm8974_platform: platform_set_snd_device_backend: backend_tag_table[speaker-protected-vbat]: old = null new = (null)
05-06 01:18:31.575   651   754 D msm8974_platform: platform_set_snd_device_backend: hw_interface_table[80] = INT0_MI2S_RX
05-06 01:18:31.575   651   754 D msm8974_platform: platform_set_snd_device_backend: backend_tag_table[voice-speaker-protected-vbat]: old = null new = (null)
05-06 01:18:31.575   651   754 D msm8974_platform: platform_set_snd_device_backend: hw_interface_table[81] = INT0_MI2S_RX
05-06 01:18:31.575   651   754 D msm8974_platform: platform_set_snd_device_backend: backend_tag_table[voice-speaker-2-protected-vbat]: old = null new = (null)
05-06 01:18:31.575   651   754 D msm8974_platform: platform_set_snd_device_backend: hw_interface_table[82] = INT0_MI2S_RX
05-06 01:18:31.575   651   754 D msm8974_platform: platform_set_snd_device_backend: backend_tag_table[wsa-speaker]: old = null new = (null)
05-06 01:18:31.575   651   754 D msm8974_platform: platform_set_snd_device_backend: hw_interface_table[83] = INT4_MI2S_RX
05-06 01:18:31.575   651   754 D msm8974_platform: platform_set_snd_device_backend: backend_tag_table[wsa-voice-speaker]: old = null new = (null)
05-06 01:18:31.575   651   754 D msm8974_platform: platform_set_snd_device_backend: hw_interface_table[84] = INT4_MI2S_RX
05-06 01:18:31.575   651   754 D msm8974_platform: platform_set_snd_device_backend: backend_tag_table[wsa-voice-speaker-2]: old = null new = (null)
05-06 01:18:31.575   651   754 D msm8974_platform: platform_set_snd_device_backend: hw_interface_table[85] = INT4_MI2S_RX
05-06 01:18:31.575   651   754 D msm8974_platform: platform_set_snd_device_backend: backend_tag_table[handset-mic]: old = null new = (null)
05-06 01:18:31.575   651   754 D msm8974_platform: platform_set_snd_device_backend: hw_interface_table[102] = INT3_MI2S_TX
05-06 01:18:31.575   651   754 D msm8974_platform: platform_set_snd_device_backend: backend_tag_table[handset-mic-ext]: old = null new = (null)
05-06 01:18:31.575   651   754 D msm8974_platform: platform_set_snd_device_backend: hw_interface_table[104] = INT3_MI2S_TX
05-06 01:18:31.575   651   754 D msm8974_platform: platform_set_snd_device_backend: backend_tag_table[handset-mic]: old = null new = (null)
05-06 01:18:31.575   651   754 D msm8974_platform: platform_set_snd_device_backend: hw_interface_table[105] = INT3_MI2S_TX
05-06 01:18:31.575   651   754 D msm8974_platform: platform_set_snd_device_backend: backend_tag_table[handset-mic]: old = null new = (null)
05-06 01:18:31.575   651   754 D msm8974_platform: platform_set_snd_device_backend: hw_interface_table[107] = INT3_MI2S_TX
05-06 01:18:31.575   651   754 D msm8974_platform: platform_set_snd_device_backend: backend_tag_table[handset-mic]: old = null new = (null)
05-06 01:18:31.575   651   754 D msm8974_platform: platform_set_snd_device_backend: hw_interface_table[109] = INT3_MI2S_TX
05-06 01:18:31.575   651   754 D msm8974_platform: platform_set_snd_device_backend: backend_tag_table[dmic-endfire]: old = null new = (null)
05-06 01:18:31.575   651   754 D msm8974_platform: platform_set_snd_device_backend: hw_interface_table[111] = INT3_MI2S_TX
05-06 01:18:31.575   651   754 D msm8974_platform: platform_set_snd_device_backend: backend_tag_table[dmic-endfire]: old = null new = (null)
05-06 01:18:31.575   651   754 D msm8974_platform: platform_set_snd_device_backend: hw_interface_table[112] = INT3_MI2S_TX
05-06 01:18:31.575   651   754 D msm8974_platform: platform_set_snd_device_backend: backend_tag_table[dmic-endfire]: old = null new = (null)
05-06 01:18:31.575   651   754 D msm8974_platform: platform_set_snd_device_backend: hw_interface_table[114] = INT3_MI2S_TX
05-06 01:18:31.575   651   754 D msm8974_platform: platform_set_snd_device_backend: backend_tag_table[dmic-endfire]: old = null new = (null)
05-06 01:18:31.575   651   754 D msm8974_platform: platform_set_snd_device_backend: hw_interface_table[116] = INT3_MI2S_TX
05-06 01:18:31.575   651   754 D msm8974_platform: platform_set_snd_device_backend: backend_tag_table[speaker-mic]: old = null new = (null)
05-06 01:18:31.575   651   754 D msm8974_platform: platform_set_snd_device_backend: hw_interface_table[118] = INT3_MI2S_TX
05-06 01:18:31.575   651   754 D msm8974_platform: platform_set_snd_device_backend: backend_tag_table[speaker-mic]: old = null new = (null)
05-06 01:18:31.575   651   754 D msm8974_platform: platform_set_snd_device_backend: hw_interface_table[120] = INT3_MI2S_TX
05-06 01:18:31.575   651   754 D msm8974_platform: platform_set_snd_device_backend: backend_tag_table[speaker-mic]: old = null new = (null)
05-06 01:18:31.575   651   754 D msm8974_platform: platform_set_snd_device_backend: hw_interface_table[122] = INT3_MI2S_TX
05-06 01:18:31.575   651   754 D msm8974_platform: platform_set_snd_device_backend: backend_tag_table[speaker-mic]: old = null new = (null)
05-06 01:18:31.575   651   754 D msm8974_platform: platform_set_snd_device_backend: hw_interface_table[124] = INT3_MI2S_TX
05-06 01:18:31.575   651   754 D msm8974_platform: platform_set_snd_device_backend: backend_tag_table[speaker-dmic-endfire]: old = null new = (null)
05-06 01:18:31.575   651   754 D msm8974_platform: platform_set_snd_device_backend: hw_interface_table[126] = INT3_MI2S_TX
05-06 01:18:31.575   651   754 D msm8974_platform: platform_set_snd_device_backend: backend_tag_table[speaker-dmic-endfire]: old = null new = (null)
05-06 01:18:31.575   651   754 D msm8974_platform: platform_set_snd_device_backend: hw_interface_table[127] = INT3_MI2S_TX
05-06 01:18:31.575   651   754 D msm8974_platform: platform_set_snd_device_backend: backend_tag_table[speaker-dmic-endfire]: old = null new = (null)
05-06 01:18:31.575   651   754 D msm8974_platform: platform_set_snd_device_backend: hw_interface_table[129] = INT3_MI2S_TX
05-06 01:18:31.575   651   754 D msm8974_platform: platform_set_snd_device_backend: backend_tag_table[speaker-dmic-endfire]: old = null new = (null)
05-06 01:18:31.576   651   754 D msm8974_platform: platform_set_snd_device_backend: hw_interface_table[131] = INT3_MI2S_TX
05-06 01:18:31.576   651   754 D msm8974_platform: platform_set_snd_device_backend: backend_tag_table[headset-mic]: old = null new = (null)
05-06 01:18:31.576   651   754 D msm8974_platform: platform_set_snd_device_backend: hw_interface_table[133] = INT3_MI2S_TX
05-06 01:18:31.576   651   754 D msm8974_platform: platform_set_snd_device_backend: backend_tag_table[headset-mic]: old = null new = (null)
05-06 01:18:31.576   651   754 D msm8974_platform: platform_set_snd_device_backend: hw_interface_table[135] = INT3_MI2S_TX
05-06 01:18:31.576   651   754 D msm8974_platform: platform_set_snd_device_backend: backend_tag_table[voice-speaker-mic]: old = null new = (null)
05-06 01:18:31.576   651   754 D msm8974_platform: platform_set_snd_device_backend: hw_interface_table[136] = INT3_MI2S_TX
05-06 01:18:31.576   651   754 D msm8974_platform: platform_set_snd_device_backend: backend_tag_table[voice-headset-mic]: old = null new = (null)
05-06 01:18:31.576   651   754 D msm8974_platform: platform_set_snd_device_backend: hw_interface_table[139] = INT3_MI2S_TX
05-06 01:18:31.576   651   754 D msm8974_platform: platform_set_snd_device_backend: backend_tag_table[hdmi-in]: old = hdmi-in new = (null)
05-06 01:18:31.576   651   754 D msm8974_platform: platform_set_snd_device_backend: hw_interface_table[141] = HDMI
05-06 01:18:31.576   651   754 D msm8974_platform: platform_set_snd_device_backend: backend_tag_table[bt-sco-mic]: old = bt-sco new = (null)
05-06 01:18:31.576   651   754 D msm8974_platform: platform_set_snd_device_backend: hw_interface_table[143] = SLIMBUS_7_TX
05-06 01:18:31.576   651   754 D msm8974_platform: platform_set_snd_device_backend: backend_tag_table[bt-sco-mic]: old = bt-sco new = (null)
05-06 01:18:31.576   651   754 D msm8974_platform: platform_set_snd_device_backend: hw_interface_table[144] = SLIMBUS_7_TX
05-06 01:18:31.576   651   754 D msm8974_platform: platform_set_snd_device_backend: backend_tag_table[bt-sco-mic-wb]: old = bt-sco-wb new = (null)
05-06 01:18:31.576   651   754 D msm8974_platform: platform_set_snd_device_backend: hw_interface_table[145] = SLIMBUS_7_TX
05-06 01:18:31.576   651   754 D msm8974_platform: platform_set_snd_device_backend: backend_tag_table[bt-sco-mic-wb]: old = bt-sco-wb new = (null)
05-06 01:18:31.576   651   754 D msm8974_platform: platform_set_snd_device_backend: hw_interface_table[146] = SLIMBUS_7_TX
05-06 01:18:31.576   651   754 D msm8974_platform: platform_set_snd_device_backend: backend_tag_table[camcorder-mic]: old = null new = (null)
05-06 01:18:31.576   651   754 D msm8974_platform: platform_set_snd_device_backend: hw_interface_table[150] = INT3_MI2S_TX
05-06 01:18:31.576   651   754 D msm8974_platform: platform_set_snd_device_backend: backend_tag_table[voice-dmic-ef]: old = null new = (null)
05-06 01:18:31.576   651   754 D msm8974_platform: platform_set_snd_device_backend: hw_interface_table[151] = INT3_MI2S_TX
05-06 01:18:31.576   651   754 D msm8974_platform: platform_set_snd_device_backend: backend_tag_table[voice-speaker-dmic-ef]: old = null new = (null)
05-06 01:18:31.576   651   754 D msm8974_platform: platform_set_snd_device_backend: hw_interface_table[154] = INT3_MI2S_TX
05-06 01:18:31.576   651   754 D msm8974_platform: platform_set_snd_device_backend: backend_tag_table[voice-speaker-qmic]: old = null new = (null)
05-06 01:18:31.576   651   754 D msm8974_platform: platform_set_snd_device_backend: hw_interface_table[157] = INT3_MI2S_TX
05-06 01:18:31.576   651   754 D msm8974_platform: platform_set_snd_device_backend: backend_tag_table[voice-tty-full-headset-mic]: old = null new = (null)
05-06 01:18:31.576   651   754 D msm8974_platform: platform_set_snd_device_backend: hw_interface_table[158] = INT3_MI2S_TX
05-06 01:18:31.576   651   754 D msm8974_platform: platform_set_snd_device_backend: backend_tag_table[voice-tty-vco-handset-mic]: old = null new = (null)
05-06 01:18:31.576   651   754 D msm8974_platform: platform_set_snd_device_backend: hw_interface_table[159] = INT3_MI2S_TX
05-06 01:18:31.576   651   754 D msm8974_platform: platform_set_snd_device_backend: backend_tag_table[voice-tty-hco-headset-mic]: old = null new = (null)
05-06 01:18:31.576   651   754 D msm8974_platform: platform_set_snd_device_backend: hw_interface_table[160] = INT3_MI2S_TX
05-06 01:18:31.576   651   754 D msm8974_platform: platform_set_snd_device_backend: backend_tag_table[voice-rec-mic]: old = null new = (null)
05-06 01:18:31.576   651   754 D msm8974_platform: platform_set_snd_device_backend: hw_interface_table[163] = INT3_MI2S_TX
05-06 01:18:31.576   651   754 D msm8974_platform: platform_set_snd_device_backend: backend_tag_table[voice-rec-mic]: old = null new = (null)
05-06 01:18:31.576   651   754 D msm8974_platform: platform_set_snd_device_backend: hw_interface_table[164] = INT3_MI2S_TX
05-06 01:18:31.576   651   754 D msm8974_platform: platform_set_snd_device_backend: backend_tag_table[voice-rec-dmic-ef]: old = null new = (null)
05-06 01:18:31.576   651   754 D msm8974_platform: platform_set_snd_device_backend: hw_interface_table[167] = INT3_MI2S_TX
05-06 01:18:31.576   651   754 D msm8974_platform: platform_set_snd_device_backend: backend_tag_table[voice-rec-dmic-ef-fluence]: old = null new = (null)
05-06 01:18:31.576   651   754 D msm8974_platform: platform_set_snd_device_backend: hw_interface_table[168] = INT3_MI2S_TX
05-06 01:18:31.576   651   754 D msm8974_platform: platform_set_snd_device_backend: backend_tag_table[aanc-handset-mic]: old = null new = (null)
05-06 01:18:31.576   651   754 D msm8974_platform: platform_set_snd_device_backend: hw_interface_table[181] = INT3_MI2S_TX
05-06 01:18:31.576   651   754 D msm8974_platform: platform_set_snd_device_backend: backend_tag_table[quad-mic]: old = null new = (null)
05-06 01:18:31.576   651   754 D msm8974_platform: platform_set_snd_device_backend: hw_interface_table[182] = INT3_MI2S_TX
05-06 01:18:31.577   651   754 E msm8974_platform: find_index: Could not find index for name = SND_DEVICE_IN_HANDSET_STEREO_DMIC
05-06 01:18:31.577   651   754 E platform_info: process_backend_name: Device SND_DEVICE_IN_HANDSET_STEREO_DMIC not found, no ACDB ID set!
05-06 01:18:31.577   651   754 E msm8974_platform: find_index: Could not find index for name = SND_DEVICE_IN_SPEAKER_STEREO_DMIC
05-06 01:18:31.577   651   754 E platform_info: process_backend_name: Device SND_DEVICE_IN_SPEAKER_STEREO_DMIC not found, no ACDB ID set!
05-06 01:18:31.577   651   754 D msm8974_platform: platform_set_snd_device_backend: backend_tag_table[vi-feedback]: old = null new = (null)
05-06 01:18:31.577   651   754 D msm8974_platform: platform_set_snd_device_backend: hw_interface_table[185] = INT5_MI2S_TX
05-06 01:18:31.577   651   754 D msm8974_platform: platform_set_snd_device_backend: backend_tag_table[vi-feedback-mono-1]: old = null new = (null)
05-06 01:18:31.577   651   754 D msm8974_platform: platform_set_snd_device_backend: hw_interface_table[186] = INT5_MI2S_TX
05-06 01:18:31.577   651   754 D msm8974_platform: platform_set_snd_device_backend: backend_tag_table[vi-feedback-mono-2]: old = null new = (null)
05-06 01:18:31.577   651   754 D msm8974_platform: platform_set_snd_device_backend: hw_interface_table[187] = INT5_MI2S_TX
05-06 01:18:31.577   651   754 D msm8974_platform: platform_set_snd_device_backend: backend_tag_table[voice-speaker-dmic-broadside]: old = null new = (null)
05-06 01:18:31.577   651   754 D msm8974_platform: platform_set_snd_device_backend: hw_interface_table[188] = INT3_MI2S_TX
05-06 01:18:31.577   651   754 D msm8974_platform: platform_set_snd_device_backend: backend_tag_table[speaker-dmic-broadside]: old = null new = (null)
05-06 01:18:31.577   651   754 D msm8974_platform: platform_set_snd_device_backend: hw_interface_table[189] = INT3_MI2S_TX
05-06 01:18:31.577   651   754 D msm8974_platform: platform_set_snd_device_backend: backend_tag_table[speaker-dmic-broadside]: old = null new = (null)
05-06 01:18:31.577   651   754 D msm8974_platform: platform_set_snd_device_backend: hw_interface_table[190] = INT3_MI2S_TX
05-06 01:18:31.577   651   754 D msm8974_platform: platform_set_snd_device_backend: backend_tag_table[speaker-dmic-broadside]: old = null new = (null)
05-06 01:18:31.577   651   754 D msm8974_platform: platform_set_snd_device_backend: hw_interface_table[191] = INT3_MI2S_TX
05-06 01:18:31.577   651   754 D msm8974_platform: platform_set_snd_device_backend: backend_tag_table[speaker-dmic-broadside]: old = null new = (null)
05-06 01:18:31.577   651   754 D msm8974_platform: platform_set_snd_device_backend: hw_interface_table[192] = INT3_MI2S_TX
05-06 01:18:31.577   651   754 D msm8974_platform: platform_set_snd_device_backend: backend_tag_table[aanc-handset-mic]: old = null new = (null)
05-06 01:18:31.577   651   754 D msm8974_platform: platform_set_snd_device_backend: hw_interface_table[193] = INT3_MI2S_TX
05-06 01:18:31.577   651   754 D msm8974_platform: platform_set_snd_device_backend: backend_tag_table[quad-mic]: old = null new = (null)
05-06 01:18:31.577   651   754 D msm8974_platform: platform_set_snd_device_backend: hw_interface_table[194] = INT3_MI2S_TX
05-06 01:18:31.577   651   754 D msm8974_platform: platform_set_snd_device_backend: backend_tag_table[quad-mic]: old = null new = (null)
05-06 01:18:31.577   651   754 D msm8974_platform: platform_set_snd_device_backend: hw_interface_table[196] = INT3_MI2S_TX
05-06 01:18:31.577   651   754 D msm8974_platform: platform_set_snd_device_backend: backend_tag_table[quad-mic]: old = null new = (null)
05-06 01:18:31.577   651   754 D msm8974_platform: platform_set_snd_device_backend: hw_interface_table[197] = INT3_MI2S_TX
05-06 01:18:31.577   651   754 D msm8974_platform: platform_set_snd_device_backend: backend_tag_table[quad-mic]: old = null new = (null)
05-06 01:18:31.577   651   754 D msm8974_platform: platform_set_snd_device_backend: hw_interface_table[198] = INT3_MI2S_TX
05-06 01:18:31.577   651   754 D msm8974_platform: platform_set_snd_device_backend: backend_tag_table[three-mic]: old = null new = (null)
05-06 01:18:31.577   651   754 D msm8974_platform: platform_set_snd_device_backend: hw_interface_table[200] = INT3_MI2S_TX
05-06 01:18:31.577   651   754 D msm8974_platform: platform_set_snd_device_backend: backend_tag_table[three-mic]: old = null new = (null)
05-06 01:18:31.577   651   754 D msm8974_platform: platform_set_snd_device_backend: hw_interface_table[202] = INT3_MI2S_TX
05-06 01:18:31.577   651   754 D msm8974_platform: platform_set_snd_device_backend: backend_tag_table[three-mic]: old = null new = (null)
05-06 01:18:31.577   651   754 D msm8974_platform: platform_set_snd_device_backend: hw_interface_table[209] = INT3_MI2S_TX
05-06 01:18:31.577   651   754 D msm8974_platform: platform_set_snd_device_backend: backend_tag_table[unprocessed-mic]: old = null new = (null)
05-06 01:18:31.577   651   754 D msm8974_platform: platform_set_snd_device_backend: hw_interface_table[210] = INT3_MI2S_TX
05-06 01:18:31.577   651   754 D msm8974_platform: platform_set_snd_device_backend: backend_tag_table[unprocessed-stereo-mic]: old = null new = (null)
05-06 01:18:31.577   651   754 D msm8974_platform: platform_set_snd_device_backend: hw_interface_table[211] = INT3_MI2S_TX
05-06 01:18:31.577   651   754 D msm8974_platform: platform_set_snd_device_backend: backend_tag_table[unprocessed-three-mic]: old = null new = (null)
05-06 01:18:31.577   651   754 D msm8974_platform: platform_set_snd_device_backend: hw_interface_table[212] = INT3_MI2S_TX
05-06 01:18:31.578   651   754 D msm8974_platform: platform_set_snd_device_backend: backend_tag_table[unprocessed-quad-mic]: old = null new = (null)
05-06 01:18:31.578   651   754 D msm8974_platform: platform_set_snd_device_backend: hw_interface_table[213] = INT3_MI2S_TX
05-06 01:18:31.578   651   754 D msm8974_platform: platform_set_snd_device_backend: backend_tag_table[unprocessed-headset-mic]: old = null new = (null)
05-06 01:18:31.578   651   754 D msm8974_platform: platform_set_snd_device_backend: hw_interface_table[214] = INT3_MI2S_TX
05-06 01:18:31.578   651   754 E msm8974_platform: find_index: Could not find index for name = SND_DEVICE_OUT_VOICE_SPEAKER_AND_VOICE_HEADPHONES
05-06 01:18:31.578   651   754 E platform_info: process_backend_name: Device SND_DEVICE_OUT_VOICE_SPEAKER_AND_VOICE_HEADPHONES not found, no ACDB ID set!
05-06 01:18:31.578   651   754 E msm8974_platform: find_index: Could not find index for name = SND_DEVICE_OUT_VOICE_SPEAKER_AND_VOICE_ANC_HEADSET
05-06 01:18:31.578   651   754 E platform_info: process_backend_name: Device SND_DEVICE_OUT_VOICE_SPEAKER_AND_VOICE_ANC_HEADSET not found, no ACDB ID set!
05-06 01:18:31.579   651   754 E msm8974_platform: find_index: Could not find index for name = SND_DEVICE_IN_HANDSET_STEREO_DMIC
05-06 01:18:31.580   651   754 E platform_info: process_snd_dev: Sound device not valid
05-06 01:18:31.580   651   754 E platform_info: start_tag: Error in previous tags, do not process mic info
05-06 01:18:31.580   651   754 E platform_info: start_tag: Error in previous tags, do not process mic info
05-06 01:18:31.580   651   754 E msm8974_platform: find_index: Could not find index for name = SND_DEVICE_IN_SPEAKER_STEREO_DMIC
05-06 01:18:31.580   651   754 E platform_info: process_snd_dev: Sound device not valid
05-06 01:18:31.580   651   754 E platform_info: start_tag: Error in previous tags, do not process mic info
05-06 01:18:31.580   651   754 E platform_info: start_tag: Error in previous tags, do not process mic info
05-06 01:18:31.583   651   754 E audio_hw_extn: audio_extn_perf_lock_acquire: Failed to acquire perf lock, err: -1
05-06 01:18:31.583   651   754 D msm8974_platform: platform_init: Loading mixer file: /vendor/etc/mixer_paths_pay.xml
05-06 01:18:31.591   613   613 I zygote64: Explicit concurrent copying GC freed 63940(3547KB) AllocSpace objects, 16(388KB) LOS objects, 49% free, 2589KB/5178KB, paused 49us total 20.035ms
05-06 01:18:31.609   613   613 I zygote64: Explicit concurrent copying GC freed 6065(208KB) AllocSpace objects, 0(0B) LOS objects, 49% free, 2412KB/4825KB, paused 36us total 12.726ms
05-06 01:18:31.609   613   613 D Zygote64Timing: PostZygoteInitGC took to complete: 38ms
05-06 01:18:31.609   613   613 D Zygote64Timing: ZygoteInit took to complete: 1659ms
05-06 01:18:31.647   921  1042 I ServiceManager: Waiting for service 'package_native' on '/dev/binder'...
05-06 01:18:31.655   613   613 D Zygote  : Forked child process 1303
05-06 01:18:31.655   613   613 I Zygote  : System server process 1303 has been created
05-06 01:18:31.656   613   613 I Zygote  : Accepting command socket connections
05-06 01:18:31.685  1293  1293 D BootAnimation: BootAnimationStartTiming start time: 10021ms
05-06 01:18:31.686  1293  1293 D BootAnimation: BootAnimationPreloadTiming start time: 10022ms
05-06 01:18:31.686  1293  1293 D BootAnimation: Animation customzation path: 
05-06 01:18:31.692  1293  1293 D BootAnimation: BootAnimationPreloadStopTiming start time: 10029ms
05-06 01:18:31.698  1293  1311 D libEGL  : loaded /vendor/lib64/egl/libEGL_adreno.so
05-06 01:18:31.704  1293  1311 D libEGL  : loaded /vendor/lib64/egl/libGLESv1_CM_adreno.so
05-06 01:18:31.707  1293  1311 D libEGL  : loaded /vendor/lib64/egl/libGLESv2_adreno.so
05-06 01:18:31.723  1293  1311 I AdrenoGLES: QUALCOMM build                   : fefc463, I67da44d20d
05-06 01:18:31.723  1293  1311 I AdrenoGLES: Build Date                       : 11/23/20
05-06 01:18:31.723  1293  1311 I AdrenoGLES: OpenGL ES Shader Compiler Version: EV031.27.05.10
05-06 01:18:31.723  1293  1311 I AdrenoGLES: Local Branch                     : mybrancheb2d85f4-9bbf-f15d-8afb-5cb90179c3d8
05-06 01:18:31.723  1293  1311 I AdrenoGLES: Remote Branch                    : quic/gfx-adreno.lnx.1.0.r104-rel
05-06 01:18:31.723  1293  1311 I AdrenoGLES: Remote Branch                    : NONE
05-06 01:18:31.723  1293  1311 I AdrenoGLES: Reconstruct Branch               : NOTHING
05-06 01:18:31.723  1293  1311 I AdrenoGLES: Build Config                     : S L 8.0.12 AArch64
05-06 01:18:31.730  1293  1311 I AdrenoGLES: PFP: 0x005ff113, ME: 0x005ff066
05-06 01:18:31.734   661   778 I SDM     : HWCDisplay::GetHdrCapabilities: HDR is not supported
05-06 01:18:31.735   661   778 I SDM     : HWCDisplay::GetHdrCapabilities: HDR is not supported
05-06 01:18:31.739  1293  1311 D BootAnimation: BootAnimationShownTiming start time: 10075ms
05-06 01:18:31.747   921  1042 I ServiceManager: Waiting for service 'package_native' on '/dev/binder'...
05-06 01:18:31.763   485   485 I hwservicemanager: getTransport: Cannot find entry android.hardware.graphics.mapper@3.0::IMapper/default in either framework or device manifest.
05-06 01:18:31.763  1293  1311 W Gralloc3: mapper 3.x is not supported
05-06 01:18:31.768  1303  1303 I system_server: The ClassLoaderContext is a special shared library.
05-06 01:18:31.780   661   778 D qdutils : DEBUG_CALC_FPS: 0
05-06 01:18:31.781   661   778 D qdutils : period: 10
05-06 01:18:31.781   661   778 D qdutils : ignorethresh_us: 500000
05-06 01:18:31.807  1303  1303 I system_server: The ClassLoaderContext is a special shared library.
05-06 01:18:31.822   719  1112 I tftp_server: pid=719 tid=1112 tftp-server : INF :[tftp_server.c, 1499] WRQ stats : total-blocks = 1 : total-bytes = 5 : 5 timedout-pkts = 0, wrong-pkts = 0
05-06 01:18:31.822   719  1112 I tftp_server: pid=719 tid=1112 tftp-server : INF :[tftp_server.c, 1507] WRQ file stats [port: 29]: Total : [fwrite, fflush] = [9, 11802] max: 9 min: 0
05-06 01:18:31.822   719  1112 I tftp_server: pid=719 tid=1112 tftp-server : INF :[tftp_server.c, 1511] WRQ time stats : Total : [TX, RX] = [96, 1051210]
05-06 01:18:31.823   719  1112 I tftp_server: pid=719 tid=1112 tftp-server : INF :[tftp_server.c, 1515] WRQ time stats : Tx [Min, Max] = [36, 60]
05-06 01:18:31.823   719  1112 I tftp_server: pid=719 tid=1112 tftp-server : INF :[tftp_server.c, 1520] WRQ time stats [port : 29]: Rx [Min, Max] = [121, 1051089]
05-06 01:18:31.823   719  1112 I tftp_server: pid=719 tid=1112 tftp-server : INF :[tftp_server.c, 1807] WRQ Total API = 1065355
05-06 01:18:31.843  1303  1303 I system_server: The ClassLoaderContext is a special shared library.
05-06 01:18:31.848   921  1042 I ServiceManager: Waiting for service 'package_native' on '/dev/binder'...
05-06 01:18:31.859  1303  1303 I system_server: The ClassLoaderContext is a special shared library.
05-06 01:18:31.907  1303  1303 I SystemServer: InitBeforeStartServices
05-06 01:18:31.910   651   651 E audio_route: Control 'LSM6 Mixer INT3_MI2S_TX' doesn't exist - skipping
05-06 01:18:31.910   651   651 E audio_route: Control 'LSM7 Mixer INT3_MI2S_TX' doesn't exist - skipping
05-06 01:18:31.910   651   651 E audio_route: Control 'LSM8 Mixer INT3_MI2S_TX' doesn't exist - skipping
05-06 01:18:31.912  1303  1303 I SystemServer: Entered the Android system server!
05-06 01:18:31.912   651   651 E audio_route: Control 'LSM6 Mixer INT3_MI2S_TX' doesn't exist - skipping
05-06 01:18:31.912   651   651 E audio_route: Control 'LSM7 Mixer INT3_MI2S_TX' doesn't exist - skipping
05-06 01:18:31.912   651   651 E audio_route: Control 'LSM8 Mixer INT3_MI2S_TX' doesn't exist - skipping
05-06 01:18:31.913   920  1001 E statsd  : Found dropped events: 1 error -19 last atom tag 83 from uid 1000
05-06 01:18:31.914   651   651 E audio_route: Control 'LSM6 Mixer INT3_MI2S_TX' doesn't exist - skipping
05-06 01:18:31.914   651   651 E audio_route: Control 'LSM7 Mixer INT3_MI2S_TX' doesn't exist - skipping
05-06 01:18:31.914   651   651 E audio_route: Control 'LSM8 Mixer INT3_MI2S_TX' doesn't exist - skipping
05-06 01:18:31.925   651   651 W sound_trigger_platform: load_acdb: acdb_loader_send_listen_device_cal_v1 not found. undefined symbol: acdb_loader_send_listen_device_cal_v1
05-06 01:18:31.925   651   651 W sound_trigger_platform: load_acdb: acdb_loader_send_listen_lsm_cal_v1 not found. undefined symbol: acdb_loader_send_listen_lsm_cal_v1
05-06 01:18:31.925   651   651 I audio_hw_extn: audio_extn_set_snd_card_split: snd_card_name(sdm660-snd-card-pay) device(sdm660) snd_card(snd) form_factor(card)
05-06 01:18:31.925   651   651 D platform_info: platform_info_init: Failed to open audio_platform_info.xml, using defaults.
05-06 01:18:31.925   651   651 E audio_hw_acdb: acdb_init_v2: dlsym error undefined symbol: acdb_loader_init_v4 for acdb_loader_init_v4
05-06 01:18:31.925   651   651 D ACDB-LOADER: ACDB -> No .acdb files found in /vendor/etc/acdbdata!
05-06 01:18:31.925   651   651 D ACDB-LOADER: ACDB -> found 0 form factor & soundcard independant files
05-06 01:18:31.925   651   651 I ACDB-LOADER: ACDB -> Load EANS on ACDB
05-06 01:18:31.927   651   651 D ACDB-LOADER: ACDB -> Load file: /vendor/etc/acdbdata/QRD/sdm660-snd-card-pay/QRD_PAY_Bluetooth_cal.acdb
05-06 01:18:31.927   651   651 D ACDB-LOADER: ACDB -> Load file: /vendor/etc/acdbdata/QRD/sdm660-snd-card-pay/QRD_PAY_Hdmi_cal.acdb
05-06 01:18:31.927   651   651 D ACDB-LOADER: ACDB -> Load file: /vendor/etc/acdbdata/QRD/sdm660-snd-card-pay/QRD_PAY_workspaceFile.qwsp
05-06 01:18:31.927   651   651 D ACDB-LOADER: ACDB -> Load file: /vendor/etc/acdbdata/QRD/sdm660-snd-card-pay/QRD_PAY_Speaker_cal.acdb
05-06 01:18:31.927   651   651 D ACDB-LOADER: ACDB -> Load file: /vendor/etc/acdbdata/QRD/sdm660-snd-card-pay/QRD_PAY_Handset_cal.acdb
05-06 01:18:31.927   651   651 D ACDB-LOADER: ACDB -> Load file: /vendor/etc/acdbdata/QRD/sdm660-snd-card-pay/QRD_PAY_Global_cal.acdb
05-06 01:18:31.927   651   651 D ACDB-LOADER: ACDB -> Load file: /vendor/etc/acdbdata/QRD/sdm660-snd-card-pay/QRD_PAY_Headset_cal.acdb
05-06 01:18:31.927   651   651 D ACDB-LOADER: ACDB -> Load file: /vendor/etc/acdbdata/QRD/sdm660-snd-card-pay/QRD_PAY_General_cal.acdb
05-06 01:18:31.927   651   651 D ACDB-LOADER: ACDB -> ACDB_CMD_INITIALIZE_V2
05-06 01:18:31.928   651   651 D         : [ACDB Command]->SW Minor/Major/Revision version info for /vendor/etc/acdbdata/QRD/sdm660-snd-card-pay/QRD_PAY_Bluetooth_cal.acdb
05-06 01:18:31.928   651   651 D         : [ACDB Command]->ACDB Sw Major = 9, ACDB Sw Minor = 0, ACDB Sw Revision = 4, ACDB Sw Cpl Number = 0
05-06 01:18:31.928   651   651 D         : [ACDB Command]->ACDB File Major = 9, ACDB File Minor = 0, ACDB File Revision = 11, ACDB File Cpl Number = 0
05-06 01:18:31.929   651   651 D         : [ACDB Command]->SW Minor/Major/Revision version info for /vendor/etc/acdbdata/QRD/sdm660-snd-card-pay/QRD_PAY_Hdmi_cal.acdb
05-06 01:18:31.929   651   651 D         : [ACDB Command]->ACDB Sw Major = 9, ACDB Sw Minor = 0, ACDB Sw Revision = 4, ACDB Sw Cpl Number = 0
05-06 01:18:31.929   651   651 D         : [ACDB Command]->ACDB File Major = 9, ACDB File Minor = 0, ACDB File Revision = 11, ACDB File Cpl Number = 0
05-06 01:18:31.929   651   651 D         : [ACDB Command]->SW Minor/Major/Revision version info for /vendor/etc/acdbdata/QRD/sdm660-snd-card-pay/QRD_PAY_workspaceFile.qwsp
05-06 01:18:31.929   651   651 D         : [ACDB Command]->ACDB Sw Major = 9, ACDB Sw Minor = 0, ACDB Sw Revision = 4, ACDB Sw Cpl Number = 0
05-06 01:18:31.929   651   651 D         : [ACDB Command]->ACDB File Major = 9, ACDB File Minor = 0, ACDB File Revision = 11
05-06 01:18:31.933   651   651 D         : [ACDB Command]->SW Minor/Major/Revision version info for /vendor/etc/acdbdata/QRD/sdm660-snd-card-pay/QRD_PAY_Speaker_cal.acdb
05-06 01:18:31.933   651   651 D         : [ACDB Command]->ACDB Sw Major = 9, ACDB Sw Minor = 0, ACDB Sw Revision = 4, ACDB Sw Cpl Number = 0
05-06 01:18:31.933   651   651 D         : [ACDB Command]->ACDB File Major = 9, ACDB File Minor = 0, ACDB File Revision = 11, ACDB File Cpl Number = 0
05-06 01:18:31.935   651   651 D         : [ACDB Command]->SW Minor/Major/Revision version info for /vendor/etc/acdbdata/QRD/sdm660-snd-card-pay/QRD_PAY_Handset_cal.acdb
05-06 01:18:31.935   651   651 D         : [ACDB Command]->ACDB Sw Major = 9, ACDB Sw Minor = 0, ACDB Sw Revision = 4, ACDB Sw Cpl Number = 0
05-06 01:18:31.935   651   651 D         : [ACDB Command]->ACDB File Major = 9, ACDB File Minor = 0, ACDB File Revision = 11, ACDB File Cpl Number = 0
05-06 01:18:31.936   651   651 D         : [ACDB Command]->SW Minor/Major/Revision version info for /vendor/etc/acdbdata/QRD/sdm660-snd-card-pay/QRD_PAY_Global_cal.acdb
05-06 01:18:31.936   651   651 D         : [ACDB Command]->ACDB Sw Major = 9, ACDB Sw Minor = 0, ACDB Sw Revision = 4, ACDB Sw Cpl Number = 0
05-06 01:18:31.936   651   651 D         : [ACDB Command]->ACDB File Major = 9, ACDB File Minor = 0, ACDB File Revision = 11, ACDB File Cpl Number = 0
05-06 01:18:31.937   651   651 D         : [ACDB Command]->SW Minor/Major/Revision version info for /vendor/etc/acdbdata/QRD/sdm660-snd-card-pay/QRD_PAY_Headset_cal.acdb
05-06 01:18:31.937   651   651 D         : [ACDB Command]->ACDB Sw Major = 9, ACDB Sw Minor = 0, ACDB Sw Revision = 4, ACDB Sw Cpl Number = 0
05-06 01:18:31.937   651   651 D         : [ACDB Command]->ACDB File Major = 9, ACDB File Minor = 0, ACDB File Revision = 11, ACDB File Cpl Number = 0
05-06 01:18:31.938   651   651 D         : [ACDB Command]->SW Minor/Major/Revision version info for /vendor/etc/acdbdata/QRD/sdm660-snd-card-pay/QRD_PAY_General_cal.acdb
05-06 01:18:31.938   651   651 D         : [ACDB Command]->ACDB Sw Major = 9, ACDB Sw Minor = 0, ACDB Sw Revision = 4, ACDB Sw Cpl Number = 0
05-06 01:18:31.938   651   651 D         : [ACDB Command]->ACDB File Major = 9, ACDB File Minor = 0, ACDB File Revision = 11, ACDB File Cpl Number = 0
05-06 01:18:31.938   651   651 D ACDB-LOADER: ACDB -> ACPH INIT
05-06 01:18:31.938   651   651 D         : [ACPH]->Online service registered with ACPH
05-06 01:18:31.940   651   651 D         : [ACPH]->ACPH init success
05-06 01:18:31.940   651   651 D ACDB-LOADER: ACDB -> RTAC INIT
05-06 01:18:31.940   651   651 D         : [ACPH]->DSP RTC service registered with ACPH
05-06 01:18:31.940   651   651 D ACDB-LOADER: ACDB -> MCS, FTS INIT
05-06 01:18:31.940   651   651 D         : [ACPH]->MCS RTC service registered with ACPH
05-06 01:18:31.940   651   651 D         : [ACPH]->FTS RTC service registered with ACPH
05-06 01:18:31.940   651   651 D ACDB-LOADER: ACDB -> ADIE RTAC INIT
05-06 01:18:31.940   651   651 D         : [ACPH]->ADIE RTC service registered with ACPH
05-06 01:18:31.940   651   651 D ACDB-LOADER: ACDB -> ACDB_CMD_GET_VOC_PROC_DYNAMIC_TABLE_SIZE
05-06 01:18:31.941   651   651 E ion     : ioctl c0044901 failed with code -1: Not a typewriter
05-06 01:18:31.948   921  1042 I ServiceManager: Waiting for service 'package_native' on '/dev/binder'...
05-06 01:18:31.956   877   877 I Dpps    : InitPrimaryContextFeatures():324 Dpps feature enable properties are false, skipping primary feature context init
05-06 01:18:31.969   651   651 D ACDB-LOADER: ACDB -> send_common_custom_topology
05-06 01:18:31.969   651   651 D ACDB-LOADER: ACDB -> ACDB_CMD_GET_AVCS_CUSTOM_TOPO_INFO_SIZE
05-06 01:18:31.969   651   651 D ACDB-LOADER: ACDB -> ACDB_CMD_GET_AVCS_CUSTOM_TOPO_INFO
05-06 01:18:31.969   651   651 D ACDB-LOADER: ACDB -> ACDB_CMD_GET_AVCS_CUSTOM_TOPO_INFO: size:0x19c ret=0 
05-06 01:18:31.969   651   651 D ACDB-LOADER: ACDB -> CORE_CUSTOM_TOPOLOGIES
05-06 01:18:31.975   651   651 D ACDB-LOADER: ACDB -> acdb_loader_send_common_custom_topology: Common custom topology in use
05-06 01:18:31.975   651   651 D ACDB-LOADER: ACDB -> init done!
05-06 01:18:31.975   651   651 D audio_hw_acdb: acdb_init_v2: ACDB Instance ID support after ACDB init:0
05-06 01:18:31.976   651   651 D sound_trigger_platform: platform_stdev_init Opening device /dev/snd/hwC0D1002 for vad hwdep config
05-06 01:18:31.976   651   651 D sound_trigger_platform: platform_stdev_init: cannot open device '/dev/snd/hwC0D1002', error:No such file or directory
05-06 01:18:31.976   651   651 D sound_trigger_platform: get_codec_version: codec version 
05-06 01:18:31.977   651   651 I SoundTriggerHalImpl: onFirstRef() mModuleName primary mHwDevice 0xf5c18000
05-06 01:18:31.978   651   651 I ServiceManagement: Registered android.hardware.soundtrigger@2.1::ISoundTriggerHw/default (start delay of 3215ms)
05-06 01:18:31.979   651   651 I audiohalservice: Registration complete for android.hardware.soundtrigger@2.1::ISoundTriggerHw/default.
05-06 01:18:31.983   651   651 I BTAudioProviderA2dpSoftware: A2dpSoftwareAudioProvider - size of audio buffer 7168 byte(s)
05-06 01:18:31.984   651   651 I BTAudioProviderHearingAid: HearingAidAudioProvider - size of audio buffer 3584 byte(s)
05-06 01:18:31.985   651   651 I ServiceManagement: Registered android.hardware.bluetooth.audio@2.0::IBluetoothAudioProvidersFactory/default (start delay of 3221ms)
05-06 01:18:31.985   651   651 I audiohalservice: Registration complete for android.hardware.bluetooth.audio@2.0::IBluetoothAudioProvidersFactory/default.
05-06 01:18:31.985   485   485 I hwservicemanager: getTransport: Cannot find entry android.hardware.bluetooth.a2dp@1.0::IBluetoothAudioOffload/default in either framework or device manifest.
05-06 01:18:31.985   651   651 E audiohalservice: Could not get passthrough implementation for android.hardware.bluetooth.a2dp@1.0::IBluetoothAudioOffload/default.
05-06 01:18:31.985   651   651 W audiohalservice: Could not register Bluetooth audio offload 1.0
05-06 01:18:32.049   921  1042 I ServiceManager: Waiting for service 'package_native' on '/dev/binder'...
05-06 01:18:32.114  1303  1303 E UsbAlsaJackDetectorJNI: Can't register UsbAlsaJackDetector native methods
05-06 01:18:32.138  1303  1303 E         : Activity trigger handling disabled.
05-06 01:18:32.147  1303  1303 D SystemServerTiming: InitBeforeStartServices took to complete: 240ms
05-06 01:18:32.148  1303  1303 I SystemServer: StartServices
05-06 01:18:32.148  1303  1303 I SystemServer: StartWatchdog
05-06 01:18:32.149   921  1042 I ServiceManager: Waiting for service 'package_native' on '/dev/binder'...
05-06 01:18:32.159  1303  1303 D SystemServerTiming: StartWatchdog took to complete: 11ms
05-06 01:18:32.159  1303  1303 I SystemServer: Reading configuration...
05-06 01:18:32.159  1303  1303 I SystemServer: ReadingSystemConfig
05-06 01:18:32.159  1303  1303 D SystemServerTiming: ReadingSystemConfig took to complete: 0ms
05-06 01:18:32.159  1303  1303 I SystemServer: StartInstaller
05-06 01:18:32.159  1303  1303 I SystemServiceManager: Starting com.android.server.pm.Installer
05-06 01:18:32.159  1303  1340 D SystemServerInitThreadPool: Started executing ReadingSystemConfig
05-06 01:18:32.164   905   965 D installd: Found quota mount /dev/block/bootdevice/by-name/userdata at /data
05-06 01:18:32.164  1303  1303 D SystemServerTiming: StartInstaller took to complete: 5ms
05-06 01:18:32.164  1303  1303 I SystemServer: DeviceIdentifiersPolicyService
05-06 01:18:32.164  1303  1303 I SystemServiceManager: Starting com.android.server.os.DeviceIdentifiersPolicyService
05-06 01:18:32.165  1303  1303 D SystemServerTiming: DeviceIdentifiersPolicyService took to complete: 1ms
05-06 01:18:32.165  1303  1303 I SystemServer: UriGrantsManagerService
05-06 01:18:32.165  1303  1303 I SystemServiceManager: Starting com.android.server.uri.UriGrantsManagerService$Lifecycle
05-06 01:18:32.165  1303  1303 D SystemServerTiming: UriGrantsManagerService took to complete: 1ms
05-06 01:18:32.166  1303  1303 I SystemServer: StartActivityManager
05-06 01:18:32.166  1303  1303 I SystemServiceManager: Starting com.android.server.wm.ActivityTaskManagerService$Lifecycle
05-06 01:18:32.171  1303  1303 I SystemServiceManager: Starting com.android.server.am.ActivityManagerService$Lifecycle
05-06 01:18:32.179  1303  1303 I ActivityManager: dalvik.vm.heapgrowthlimit=256m
05-06 01:18:32.179  1303  1303 I ActivityManager: dalvik.vm.heapsize=512m
05-06 01:18:32.179  1303  1303 I ActivityManager: persist.vendor.dalvik.vm.heapglimit=
05-06 01:18:32.179  1303  1303 I ActivityManager: persist.vendor.dalvik.vm.heapsize=
05-06 01:18:32.179  1303  1303 I ActivityManager: Memory class: 256
05-06 01:18:32.181  1303  1303 E libpsi  : No kernel psi monitor support (errno=2)
05-06 01:18:32.181  1303  1303 E LowMemDetector: Failed to register psi trigger
05-06 01:18:32.188  1303  1303 D BatteryStatsImpl: Reading daily items from /data/system/batterystats-daily.xml
05-06 01:18:32.197   485   485 I hwservicemanager: getTransport: Cannot find entry android.hardware.power.stats@1.0::IPowerStats/default in either framework or device manifest.
05-06 01:18:32.198  1303  1347 I BatteryStatsService: Using power HAL
05-06 01:18:32.198  1303  1347 E BatteryStatsService: Unable to load Power.Stats.HAL. Setting rail availability to false
05-06 01:18:32.199  1303  1347 E BluetoothAdapter: Bluetooth binder is null
05-06 01:18:32.199  1303  1347 E BatteryExternalStatsWorker: no controller energy info supplied for telephony
05-06 01:18:32.202  1303  1347 I KernelCpuUidFreqTimeReader: mPerClusterTimesAvailable=true
05-06 01:18:32.205  1303  1347 E KernelCpuSpeedReader: Failed to read cpu-freq: /sys/devices/system/cpu/cpu4/cpufreq/stats/time_in_state: open failed: ENOENT (No such file or directory)
05-06 01:18:32.206  1303  1347 E KernelCpuSpeedReader: Failed to read cpu-freq: /sys/devices/system/cpu/cpu0/cpufreq/stats/time_in_state: open failed: ENOENT (No such file or directory)
05-06 01:18:32.209  1303  1347 I PowerManagerService-JNI: Loaded power HAL 1.0 service
05-06 01:18:32.226  1303  1340 W SystemConfig: No directory /product/etc/sysconfig, skipping
05-06 01:18:32.229   719  1121 I tftp_server: pid=719 tid=1121 tftp-server : INF :[tftp_server.c, 1318] RRQ stats [port: 3689408]: sent_size = 40 total-blocks = 481 total-bytes = 3689408 timedout-pkts = 
05-06 01:18:32.229   719  1121 I tftp_server: pid=719 tid=1121 tftp-server : INF :[tftp_server.c, 1325] RRQ file stats [port: 40]: fread [Total, Max, Min] = [14009, 1281, 0]
05-06 01:18:32.229   719  1121 I tftp_server: pid=719 tid=1121 tftp-server : INF :[tftp_server.c, 1329] RRQ time stats : Total : [TX, RX] = [1162004, 263802]
05-06 01:18:32.229   719  1121 I tftp_server: pid=719 tid=1121 tftp-server : INF :[tftp_server.c, 1336] RRQ time stats [port: 40]: Tx/Rx [Min, Max] = [16, 8077, 266, 7331]
05-06 01:18:32.229   719  1121 I tftp_server: pid=719 tid=1121 tftp-server : INF :[tftp_server.c, 1352] RRQ was successfully processed.
05-06 01:18:32.229   719  1121 I tftp_server: pid=719 tid=1121 tftp-server : INF :[tftp_server.c, 1807] RRQ Total API = 1448625
05-06 01:18:32.240   651   754 E audio_route: Control 'MultiMedia16 Mixer SLIM_7_TX' doesn't exist - skipping
05-06 01:18:32.243   651   754 E audio_route: Control 'INT4_MI2S_RX Channels' doesn't exist - skipping
05-06 01:18:32.243  1303  1303 I IntentFirewall: Read new rules (A:0 B:0 S:0)
05-06 01:18:32.243   651   754 E audio_route: Control 'VI_FEED_TX Channels' doesn't exist - skipping
05-06 01:18:32.243   651   754 E audio_route: Control 'AIF1_VI_SDW Mixer SPKR_VI_1' doesn't exist - skipping
05-06 01:18:32.243   651   754 E audio_route: Control 'AIF1_VI_SDW Mixer SPKR_VI_2' doesn't exist - skipping
05-06 01:18:32.244   651   754 E audio_route: Control 'INT5 MI2S VI MONO' doesn't exist - skipping
05-06 01:18:32.246  1303  1340 W SystemConfig: No directory /product_services/etc/sysconfig, skipping
05-06 01:18:32.246  1303  1340 W SystemConfig: No directory /product_services/etc/permissions, skipping
05-06 01:18:32.246  1303  1340 D SystemServerInitThreadPool: Finished executing ReadingSystemConfig
05-06 01:18:32.247   651   754 E audio_route: Control 'SpkrLeft COMP Switch' doesn't exist - skipping
05-06 01:18:32.247   651   754 E audio_route: Control 'SpkrRight COMP Switch' doesn't exist - skipping
05-06 01:18:32.247   651   754 E audio_route: Control 'SpkrLeft BOOST Switch' doesn't exist - skipping
05-06 01:18:32.248   651   754 E audio_route: Control 'SpkrRight BOOST Switch' doesn't exist - skipping
05-06 01:18:32.248   651   754 E audio_route: Control 'SpkrLeft VISENSE Switch' doesn't exist - skipping
05-06 01:18:32.248   651   754 E audio_route: Control 'SpkrRight VISENSE Switch' doesn't exist - skipping
05-06 01:18:32.248   651   754 E audio_route: Control 'SpkrLeft SWR DAC_Port Switch' doesn't exist - skipping
05-06 01:18:32.248   651   754 E audio_route: Control 'SpkrRight SWR DAC_Port Switch' doesn't exist - skipping
05-06 01:18:32.248   651   754 E audio_route: Control 'SpkrLeft WSA PA Gain' doesn't exist - skipping
05-06 01:18:32.248   651   754 E audio_route: Control 'SpkrRight WSA PA Gain' doesn't exist - skipping
05-06 01:18:32.248   651   754 E audio_route: Control 'SpkrLeft WSA PA Mute' doesn't exist - skipping
05-06 01:18:32.248   651   754 E audio_route: Control 'SpkrRight WSA PA Mute' doesn't exist - skipping
05-06 01:18:32.248   651   754 E audio_route: Control 'EAR SPKR PA Gain' doesn't exist - skipping
05-06 01:18:32.248   651   754 E audio_route: Control 'HPHL Volume' doesn't exist - skipping
05-06 01:18:32.248   651   754 E audio_route: Control 'HPHR Volume' doesn't exist - skipping
05-06 01:18:32.248   651   754 E audio_route: Control 'RX4 Digital Volume' doesn't exist - skipping
05-06 01:18:32.249   651   754 E audio_route: Control 'RX5 Digital Volume' doesn't exist - skipping
05-06 01:18:32.249   651   754 E audio_route: Control 'COMP1 Switch' doesn't exist - skipping
05-06 01:18:32.249   651   754 E audio_route: Control 'COMP2 Switch' doesn't exist - skipping
05-06 01:18:32.249   651   754 E audio_route: Control 'RX4 MIX1 INP1' doesn't exist - skipping
05-06 01:18:32.249   651   754 E audio_route: Control 'RX5 MIX1 INP1' doesn't exist - skipping
05-06 01:18:32.249   651   754 E audio_route: Control 'GSM mode Enable' doesn't exist - skipping
05-06 01:18:32.249   921  1042 I ServiceManager: Waiting for service 'package_native' on '/dev/binder'...
05-06 01:18:32.249  1303  1303 E libprocessgroup: Failed to open /dev/memcg/apps: No such file or directory
05-06 01:18:32.250   651   754 E audio_route: Control 'BT SampleRate RX' doesn't exist - skipping
05-06 01:18:32.250   651   754 E audio_route: Control 'BT SampleRate TX' doesn't exist - skipping
05-06 01:18:32.250   651   754 E audio_route: Control 'INT0_MI2S_RX Audio Mixer MultiMedia1' already exists in path 'deep-buffer-playback speaker-and-headphones'
05-06 01:18:32.250   651   754 E audio_route: Control 'INT0_MI2S_RX Audio Mixer MultiMedia1' already exists in path 'deep-buffer-playback speaker-safe-and-headphones'
05-06 01:18:32.250   651   754 E audio_route: Control 'BT SampleRate RX' doesn't exist - skipping
05-06 01:18:32.250   651   754 E audio_route: Control 'BT SampleRate TX' doesn't exist - skipping
05-06 01:18:32.250  1303  1303 D AppOps  : AppOpsService published
05-06 01:18:32.250   651   754 E audio_route: Control 'INT0_MI2S_RX Audio Mixer MultiMedia5' already exists in path 'low-latency-playback speaker-and-headphones'
05-06 01:18:32.250   651   754 E audio_route: Control 'INT0_MI2S_RX Audio Mixer MultiMedia5' already exists in path 'low-latency-playback speaker-safe-and-headphones'
05-06 01:18:32.250   651   754 E audio_route: Control 'INT0_MI2S_RX Audio Mixer MultiMedia8' already exists in path 'audio-ull-playback speaker-and-headphones'
05-06 01:18:32.250   651   754 E audio_route: Control 'INT0_MI2S_RX Audio Mixer MultiMedia8' already exists in path 'audio-ull-playback speaker-safe-and-headphones'
05-06 01:18:32.251   651   754 E audio_route: Control 'BT SampleRate RX' doesn't exist - skipping
05-06 01:18:32.251  1303  1303 D SystemServerTiming: StartActivityManager took to complete: 85ms
05-06 01:18:32.251  1303  1303 I SystemServer: StartPowerManager
05-06 01:18:32.251  1303  1303 I SystemServiceManager: Starting com.android.server.power.PowerManagerService
05-06 01:18:32.251   651   754 E audio_route: Control 'BT SampleRate TX' doesn't exist - skipping
05-06 01:18:32.251   651   754 E audio_route: Control 'BT SampleRate RX' doesn't exist - skipping
05-06 01:18:32.251   651   754 E audio_route: Control 'BT SampleRate TX' doesn't exist - skipping
