09-01 22:54:12.742   957  1413 I dvm_lock_sample: [system_server,0,AsyncTask #1,1698,PermissionSettings.java,88,com.android.server.pm.permission.BasePermission com.android.server.pm.permission.PermissionSettings.getPermission(java.lang.String),PackageManagerService.java,2605,void com.android.server.pm.PackageManagerService.<init>(android.content.Context, com.android.server.pm.Installer, boolean, boolean),100]
09-01 22:54:12.742   957  1322 I dvm_lock_sample: [system_server,0,android.fg,718,PermissionManagerService.java,476,void com.android.server.pm.permission.PermissionManagerService.doNotifyRuntimePermissionStateChanged(java.lang.String, int),PackageManagerService.java,2605,void com.android.server.pm.PackageManagerService.<init>(android.content.Context, com.android.server.pm.Installer, boolean, boolean),100]
09-01 22:54:12.742   957  1446 I dvm_lock_sample: [system_server,0,system-server-init-thread2,601,PackageManagerService.java,3365,void com.android.server.pm.PackageManagerService.lambda$new$0$PackageManagerService(java.util.List, int),-,2605,void com.android.server.pm.PackageManagerService.<init>(android.content.Context, com.android.server.pm.Installer, boolean, boolean),100]
09-01 22:54:12.743   957  1413 W ContextImpl: Missing ActivityManager; assuming 1000 holds android.permission.GET_RUNTIME_PERMISSIONS
09-01 22:54:12.743   957  1322 W Looper  : Slow dispatch took 719ms android.fg h=android.os.Handler c=<recycled PooledLambda@207e775> m=0
09-01 22:54:12.743   957  1322 W Looper  : Slow delivery took 719ms android.fg h=android.os.Handler c=<recycled PooledLambda@f61630a> m=0
09-01 22:54:12.743   957  1413 W ContextImpl: Missing ActivityManager; assuming 1000 holds android.permission.GET_RUNTIME_PERMISSIONS
09-01 22:54:12.745   957  1338 I dvm_lock_sample: [system_server,0,android.bg,504,Settings.java,5211,void com.android.server.pm.Settings$RuntimePermissionPersistence.writePermissionsSync(int),PackageManagerService.java,2605,void com.android.server.pm.PackageManagerService.<init>(android.content.Context, com.android.server.pm.Installer, boolean, boolean),100]
09-01 22:54:12.757   957  1413 I service_manager_stats: [100,11,18778]
09-01 22:54:12.804   957  1413 I chatty  : uid=1000(system) AsyncTask #1 identical 463 lines
09-01 22:54:12.804   957   957 I chatty  : uid=1000 system_server expire 1 line
09-01 22:54:12.804   957  1413 I chatty  : uid=1000(system) AsyncTask #1 expire 2 lines
09-01 22:54:12.804   957   957 I chatty  : uid=1000 system_server expire 3 lines
09-01 22:54:12.804   957  1413 I chatty  : uid=1000(system) AsyncTask #1 expire 2 lines
09-01 22:54:12.804   957   957 I chatty  : uid=1000 system_server expire 5 lines
09-01 22:54:12.804   957  1413 I chatty  : uid=1000(system) AsyncTask #1 expire 1 line
09-01 22:54:12.805   957   957 I chatty  : uid=1000 system_server expire 2 lines
09-01 22:54:12.805   957  1413 I chatty  : uid=1000(system) AsyncTask #1 expire 2 lines
09-01 22:54:12.805   957   957 I chatty  : uid=1000 system_server expire 2 lines
09-01 22:54:12.805   957  1413 I chatty  : uid=1000(system) AsyncTask #1 expire 1 line
09-01 22:54:12.806   957  1338 I commit_sys_config_file: [package-perms-0,60]
09-01 22:54:12.807   957   957 I am_uid_running: 1000
09-01 22:54:12.810   957   957 I am_uid_active: 1000
09-01 22:54:12.811   957   957 I chatty  : uid=1000 system_server expire 72 lines
09-01 22:54:12.904     0     0 W  
09-01 22:54:12.905   999  1102 I chatty  : uid=0(root) storaged expire 1 line
09-01 22:54:13.414   957  1338 I commit_sys_config_file: [package-perms-0,481]
09-01 22:54:13.519   957  1457 I chatty  : uid=1000 system_server expire 3 lines
09-01 22:54:13.524     0     0 I chatty  : uid=0(root) logd identical 1 line
09-01 22:54:13.525   957  1337 I battery_status: [1,1,0,1,Li-ion]
09-01 22:54:13.525     0     0 W  
09-01 22:54:14.200   957  1324 I commit_sys_config_file: [overlays,684]
09-01 22:54:14.353   957  1465 I chatty  : uid=1000 system_server expire 4 lines
09-01 22:54:14.355   957  1466 I chatty  : uid=1000 system_server expire 2 lines
09-01 22:54:14.368   635   635 I chatty  : uid=0(root) main expire 4 lines
09-01 22:54:14.571   635   635 I liblog  : 1
09-01 22:54:14.575   635   635 I liblog  : 417
09-01 22:54:14.651   635   635 D TelephonyManager: No /proc/cmdline exception=java.io.FileNotFoundException: /proc/cmdline: open failed: EACCES (Permission denied)
09-01 22:54:14.651   635   635 D TelephonyManager: /proc/cmdline=
09-01 22:54:15.131     0     0 I icnss   : WLAN FW is ready: 0xd87
09-01 22:54:15.134     0     0 I [kworke][489766965][02:54:15.134556] wlan: [229:I:HDD] hdd_soc_probe: 393: probing driver
09-01 22:54:15.134     0     0 I [kworke][489767962][02:54:15.134607] wlan: [229:I:HDD] hdd_context_create: 10546: OEM debug: get module_param band_cfg=0, dfs_cfg=1, ps_cfg=0.
09-01 22:54:15.134     0     0 I [kworke][489768103][02:54:15.134614] wlan: [229:I:HDD] hdd_parse_config_ini: 8745: OEM debug: get band_cfg 0
09-01 22:54:15.134     0     0 I [kworke][489768219][02:54:15.134620] wlan: [229:I:HDD] hdd_parse_config_ini: 8761: OEM debug: get dfs_cfg 1
09-01 22:54:15.134     0     0 I [kworke][489768334][02:54:15.134626] wlan: [229:I:HDD] hdd_parse_config_ini: 8774: OEM debug: get ps_cfg 0
09-01 22:54:15.134     0     0 I [kworke][489768982][02:54:15.134660] wlan: [229:I:HDD] hdd_parse_config_ini: 8798: OEM debug hdd_parse_config_ini: project is 44
09-01 22:54:15.140     0     0 I ueventd : firmware: loading 'wlan/qca_cld/WCNSS_qcom_cfg.ini' for '/devices/platform/soc/18800000.qcom,icnss/firmware/wlan!qca_cld!WCNSS_qcom_cfg.ini'
09-01 22:54:15.142     0     0 I ueventd : loading /devices/platform/soc/18800000.qcom,icnss/firmware/wlan!qca_cld!WCNSS_qcom_cfg.ini took 2ms
09-01 22:54:15.143     0     0 I [kworke][489933089][02:54:15.143207] wlan: [229:I:HDD] hdd_parse_config_ini: 8881: OEM debug: gEnableImps overwrite with 0
09-01 22:54:15.143     0     0 I [kworke][489933516][02:54:15.143229] wlan: [229:I:HDD] hdd_parse_config_ini: 8886: OEM debug: gEnableBmps overwrite with 0
09-01 22:54:15.143     0     0 I [kworke][489944468][02:54:15.143800] wlan: [229:I:HDD] hdd_parse_config_ini: 8871: OEM debug: BandCapability overwrite with 0
09-01 22:54:15.144     0     0 I [kworke][489948438][02:54:15.144006] wlan: [229:I:HDD] hdd_parse_config_ini: 8876: OEM debug: gEnableDFSChnlScan overwrite with 1
09-01 22:54:15.148     0     0 I [kworke][490035577][02:54:15.148545] wlan: [229:I:HDD] hdd_context_create: 10564: OEM debug: default gEnable2x2=1, TxChainmask1x1=1, RxChainmask1x1=1
09-01 22:54:15.148     0     0 I [kworke][490035751][02:54:15.148554] wlan: [229:I:HDD] hdd_context_create: 10566: OEM debug: current chain_number =
09-01 22:54:15.151     0     0 I [kworke][490086676][02:54:15.151206] wlan: [229:I:tdls] tdls_psoc_obj_create_notification: 68: TDLS obj attach to psoc successfully
09-01 22:54:15.151     0     0 I [kworke][490088214][02:54:15.151286] wlan: [229:I:OBJMGR] wlan_objmgr_psoc_obj_create: 187: Created psoc 0
09-01 22:54:15.161     0     0 I [kworke][490284856][02:54:15.161529] wlan: [229:W:HIF] hif_snoc_enable_bus: device_init_wakeup already done
09-01 22:54:15.161     0     0 I [kworke][490285377][02:54:15.161555] wlan: [229:E:TXRX] hif_print_hal_shadow_register_cfg: CONFIG_SHADOW_V2 not defined
09-01 22:54:15.926   957  1446 I chatty  : uid=1000 system_server expire 3 lines
09-01 22:54:15.927   957   957 I commit_sys_config_file: [settings-1-0,182]
09-01 22:54:15.929   957   957 I chatty  : uid=1000 system_server expire 212 lines
09-01 22:54:16.048   957   957 I commit_sys_config_file: [settings-2-0,117]
09-01 22:54:16.075   957   957 I commit_sys_config_file: [settings-0-0,24]
09-01 22:54:16.112   957   957 I commit_sys_config_file: [settings-0-0,35]
09-01 22:54:16.141   957   957 I commit_sys_config_file: [settings-2-0,28]
09-01 22:54:16.167   957   957 I commit_sys_config_file: [settings-1-0,25]
09-01 22:54:16.205     0     0 I ptdet_get_ac_status: 1
09-01 22:54:16.206     0     0 I ptdet_get_poe_status: poe staus is 0
09-01 22:54:16.226     0     0 I [kworke][510740804][22:54:16.226943] wlan: [229:I:HIF] hif_snoc_bus_configure: 188: expecting wake from ce 2, irq 95
09-01 22:54:16.227     0     0 I [kworke][510742033][22:54:16.227006] wlan: [229:E:QDF] cds_get_context: 1341: Module ID 66 context is Null
09-01 22:54:16.228     0     0 I [kworke][510775306][22:54:16.228739] wlan: [229:E:QDF] cds_get_context: 1341: Module ID 66 context is Null
09-01 22:54:16.229     0     0 I [kworke][510782410][22:54:16.229109] wlan: [229:F:WMA] WMA --> wmi_unified_attach - success
09-01 22:54:16.234     0     0 I [kworke][510886062][22:54:16.234508] wlan: [229:E:QDF] Target Ready! TX resource : 2 size:2184, MaxMsgsPerHTCBundle = 1
09-01 22:54:16.234     0     0 I [kworke][510886246][22:54:16.234517] wlan: [229:E:QDF] SVS Index : 1 TX : 0x100 : alloc:2
09-01 22:54:16.236     0     0 I [kworke][510920218][22:54:16.236287] wlan: [232:I:WMA] wma_rx_service_ready_event: Firmware build version : 335480ff
09-01 22:54:16.236     0     0 I [kworke][510920473][22:54:16.236300] wlan: [232:I:WMA] wma_rx_service_ready_event: Board id: 0, Board version: 20 0 0 0 0
09-01 22:54:16.236     0     0 I [kworke][510922099][22:54:16.236385] wlan: [232:E:QDF] Num chain mask tables: 0
09-01 22:54:16.236     0     0 I [kworke][510930112][22:54:16.236802] wlan: [232:E:WMA] wma_update_supported_bands: wrong supported band
09-01 22:54:16.236     0     0 I [kworke][510932378][22:54:16.236920] wlan: [232:E:QDF] copy_fw_abi_version_tlv: INIT_CMD version: 1, 0, 0x5f414351, 0x4c4d, 0x0, 0x0
09-01 22:54:16.258     0     0 I         : [ite_acc] get_accessory_id = 0
09-01 22:54:16.258     0     0 I [ite_acc] cfd_present_show: 0
09-01 22:54:16.263     0     0 I [kworke][511444689][22:54:16.263603] wlan: [232:E:QDF] ready_extract_init_status_tlv:0
09-01 22:54:16.263     0     0 I [kworke][511450159][22:54:16.263888] wlan: [232:I:dfs] WLAN_DEBUG_DFS_ALWAYS : wlan_dfs_pdev_obj_create_notification: 356: dfs_offload 0
09-01 22:54:16.264     0     0 I [kworke][511455618][22:54:16.264172] wlan: [232:E:dfs] WLAN_DEBUG_DFS_ALWAYS : dfs_init_radar_filters: 249: Unknown dfs domain 0
09-01 22:54:16.264     0     0 W null_get_capability: 1518: SPECTRAL : get_capability not registered
09-01 22:54:16.264     0     0 W target_if_pdev_spectral_init: 1992: HAL_CAP_PHYDIAG : Capable
09-01 22:54:16.264     0     0 W null_get_capability: 1518: SPECTRAL : get_capability not registered
09-01 22:54:16.264     0     0 W target_if_pdev_spectral_init: 1996: HAL_CAP_RADAR   : Capable
09-01 22:54:16.264     0     0 W null_get_capability: 1518: SPECTRAL : get_capability not registered
09-01 22:54:16.264     0     0 W target_if_pdev_spectral_init: 2001: HAL_CAP_SPECTRAL_SCAN : Capable
09-01 22:54:16.264     0     0 W null_get_tsf64: 1506: SPECTRAL : get_tsf64 not registered
09-01 22:54:16.264     0     0 I [kworke][511457349][22:54:16.264262] wlan: [232:I:OBJMGR] wlan_objmgr_pdev_obj_create: 176: Created pdev 0
09-01 22:54:16.264     0     0 I [kworke][511458569][22:54:16.264326] wlan: [232:I:HDD] hdd_update_tgt_cfg: 2273: hw_mac is zero
09-01 22:54:16.264     0     0 I [kworke][511459793][22:54:16.264389] wlan: [232:W:PE] cfg_set_int: 263: Value: 866 out of range: [0,780] cfg id: 121, WNI_CFG_VHT_RX_HIGHEST_SUPPORTED_DATA_RATE
09-01 22:54:16.264     0     0 I [kworke][511459927][22:54:16.264397] wlan: [232:E:HDD] hdd_update_tgt_vht_cap: 1537: Failed to set rx_supp_data_rate
09-01 22:54:16.264     0     0 I [kworke][511460067][22:54:16.264404] wlan: [232:W:PE] cfg_set_int: 263: Value: 866 out of range: [0,780] cfg id: 122, WNI_CFG_VHT_TX_HIGHEST_SUPPORTED_DATA_RATE
09-01 22:54:16.264     0     0 I [kworke][511460184][22:54:16.264410] wlan: [232:E:HDD] hdd_update_tgt_vht_cap: 1544: Failed to set tx_supp_data_rate
09-01 22:54:16.264     0     0 I [kworke][511466707][22:54:16.264750] wlan: [229:I:WMA] wma_wait_for_ready_event: 7111: FW ready event received
09-01 22:54:16.276     0     0 I [kworke][511684279][22:54:16.276083] wlan: [229:I:HTT] max pool size 64 pool filled 64
09-01 22:54:16.280     0     0 I [kworke][511766954][22:54:16.280388] wlan: [229:I:HTT] HTT: full reorder offload enabled
09-01 22:54:16.284     0     0 I [kworke][511850132][22:54:16.284720] wlan: [229:I:SYS] Creating periodic timer for OLBC UPDATE CACHE TIMEOUT
09-01 22:54:16.288     0     0 E cnss_utils: WLAN MAC address is not set, type 0
09-01 22:54:16.288     0     0 W Debug   : read WLAN MAC address from QOTP 1c:ee:c9:15:57:89
09-01 22:54:16.288     0     0 W Debug   : no_of_mac_addr = 1, get WLAN MAC address from Qotp 1c:ee:c9:15:57:89
09-01 22:54:16.288     0     0 I [kworke][511914805][22:54:16.288088] wlan: [229:I:HDD] hdd_platform_wlan_mac: 11610: provisioned MAC Addr [0]1c:ee:c9:15:57:89
09-01 22:54:16.288     0     0 I [kworke][511915681][22:54:16.288134] wlan: [229:I:HDD] hdd_initialize_mac_address: 11697: using MAC address from platform driver
09-01 22:54:16.299     0     0 I         : [ite_acc] get_accessory_id = 0
09-01 22:54:16.299     0     0 I         : [ite_acc] present_show -> accessory id is: 0
09-01 22:54:16.338     0     0 I         : [ite_acc] get_accessory_id = 0
09-01 22:54:16.338     0     0 I [ite_acc] cfd_present_show: 0
09-01 22:54:16.379     0     0 I         : [ite_acc] get_accessory_id = 0
09-01 22:54:16.379     0     0 I [ite_acc] flip_present_show: 0
09-01 22:54:16.423   957  1495 I chatty  : uid=1000(system) DataReceiver expire 1 line
09-01 22:54:16.433   957  1325 I chatty  : uid=1000(system) android.display expire 1 line
09-01 22:54:16.439   957  1468 I commit_sys_config_file: [settings-0-0,36]
09-01 22:54:16.444   957  1324 I chatty  : uid=1000(system) android.io expire 14 lines
09-01 22:54:16.469   957   957 I wm_stack_created: 0
09-01 22:54:16.478   957  1497 I chatty  : uid=1000 system_server expire 3 lines
09-01 22:54:16.502   957  1468 I commit_sys_config_file: [settings-2-0,63]
09-01 22:54:16.517   957  1499 I chatty  : uid=1000(system) InputReader expire 15 lines
09-01 22:54:16.519     0     0 I init    : processing action (sys.sysctl.extra_free_kbytes=*) from (/init.rc:828)
09-01 22:54:16.537   957  1322 I chatty  : uid=1000(system) android.fg expire 1 line
09-01 22:54:16.540   957   957 I commit_sys_config_file: [net-watchlist,54]
09-01 22:54:16.540   957  1501 I chatty  : uid=1000(system) NetworkWatchlis expire 2 lines
09-01 22:54:16.560   957  1468 I commit_sys_config_file: [settings-1-0,58]
09-01 22:54:16.561   957   957 I configuration_changed: 536894968
09-01 22:54:16.573   957   957 I sysui_multi_action: [757,1659,758,4,759,2,1660,0]
09-01 22:54:16.593   957  1503 I chatty  : uid=1000(system) StorageManagerS expire 4 lines
09-01 22:54:16.597   957  1504 I chatty  : uid=1000 system_server expire 4 lines
09-01 22:54:16.597   957  1504 I configuration_changed: 512
09-01 22:54:16.679   957  1324 I am_uid_running: 10056
09-01 22:54:16.836   957  1468 I commit_sys_config_file: [settings-0-0,55]
09-01 22:54:18.382   957  1474 I chatty  : uid=1000(system) InnerUsbPortCon expire 2 lines
09-01 22:54:21.594   957   957 I sysui_multi_action: [757,804,799,opt_dialog_num_dexopted,801,8,802,1]
09-01 22:54:21.594   957   957 I sysui_multi_action: [757,804,799,opt_dialog_num_skipped,801,163,802,1]
09-01 22:54:21.595   957   957 I sysui_multi_action: [757,804,799,opt_dialog_num_failed,801,0,802,1]
09-01 22:54:21.595   957   957 I sysui_multi_action: [757,804,799,opt_dialog_num_total,801,135,802,1]
09-01 22:54:21.595   957   957 I sysui_multi_action: [757,804,799,opt_dialog_time_s,801,4,802,1]
09-01 22:54:21.596   957   957 I service_manager_stats: [420,32,8839]
09-01 22:54:21.737   957  1585 I chatty  : uid=1000 system_server expire 3 lines
09-01 22:54:21.829   957   957 E TelephonyManager: IMSI error: Subscriber Info is null
09-01 22:54:21.978   957   957 I chatty  : uid=1000 system_server expire 251 lines
09-01 22:54:21.986   957   957 I sysui_multi_action: [757,856,758,1,806,android,857,VIRTUAL_KEYBOARD,858,2]
09-01 22:54:21.986   957   957 I sysui_multi_action: [757,856,758,1,806,android,857,PHYSICAL_KEYBOARD,858,3]
09-01 22:54:21.986   957   957 I sysui_multi_action: [757,856,758,1,806,android,857,SECURITY,858,2]
09-01 22:54:21.987   957   957 I sysui_multi_action: [757,856,758,1,806,android,857,CAR_MODE,858,2]
09-01 22:54:21.987   957   957 I sysui_multi_action: [757,856,758,1,806,android,857,ACCOUNT,858,2]
09-01 22:54:21.987   957   957 I sysui_multi_action: [757,856,758,1,806,android,857,DEVELOPER,858,2]
09-01 22:54:21.987   957   957 I sysui_multi_action: [757,856,758,1,806,android,857,UPDATES,858,2]
09-01 22:54:21.987   957   957 I sysui_multi_action: [757,856,758,1,806,android,857,NETWORK_STATUS,858,2]
09-01 22:54:21.987   957   957 I sysui_multi_action: [757,856,758,1,806,android,857,NETWORK_ALERTS,858,4]
09-01 22:54:21.987   957   957 I sysui_multi_action: [757,856,758,1,806,android,857,NETWORK_AVAILABLE,858,2]
09-01 22:54:21.988   957   957 I sysui_multi_action: [757,856,758,1,806,android,857,VPN,858,2]
09-01 22:54:21.988   957   957 I sysui_multi_action: [757,856,758,1,806,android,857,DEVICE_ADMIN_ALERTS,858,4]
09-01 22:54:21.988   957   957 I sysui_multi_action: [757,856,758,1,806,android,857,ALERTS,858,3]
09-01 22:54:21.988   957   957 I sysui_multi_action: [757,856,758,1,806,android,857,RETAIL_MODE,858,2]
09-01 22:54:21.988   957   957 I sysui_multi_action: [757,856,758,1,806,android,857,USB,858,1]
09-01 22:54:21.988   957   957 I sysui_multi_action: [757,856,758,1,806,android,857,FOREGROUND_SERVICE,858,2]
09-01 22:54:21.989   957   957 I sysui_multi_action: [757,856,758,1,806,android,857,HEAVY_WEIGHT_APP,858,3]
09-01 22:54:21.989   957   957 I sysui_multi_action: [757,856,758,1,806,android,857,SYSTEM_CHANGES,858,2]
09-01 22:54:21.989   957   957 I sysui_multi_action: [757,856,758,1,806,android,857,DO_NOT_DISTURB,858,2]
09-01 22:54:21.991   957  1601 I storage_state: [41217664-9172-527a-b3d5-edabb50a7d69,0,0,14088200192,14697467904]
09-01 22:54:22.017   957   957 I stream_devices_changed: [0,0,2]
09-01 22:54:22.017   957   957 I stream_devices_changed: [2,0,2]
09-01 22:54:22.017   957   957 I stream_devices_changed: [3,0,2]
09-01 22:54:22.017   957   957 I stream_devices_changed: [4,0,2]
09-01 22:54:22.018   957   957 I stream_devices_changed: [6,0,2]
09-01 22:54:22.020   957  1324 I commit_sys_config_file: [notification-policy,40]
09-01 22:54:22.042     0     0 I         : acc_open
09-01 22:54:22.042     0     0 I         : acc_release
09-01 22:54:22.044   957  1337 I chatty  : uid=1000(system) HwBinder:957_1 expire 1 line
09-01 22:54:22.045   957  1324 I commit_sys_config_file: [notification-policy,24]
09-01 22:54:22.061   957  1335 I chatty  : uid=1000 system_server expire 2 lines
09-01 22:54:22.071   700   700 I auditd  : type=1400 audit(0.0:10): avc: denied { read } for comm="cec@1.0-service" name="pa" dev="sysfs" ino=32121 scontext=u:r:hal_tv_cec_default:s0 tcontext=u:object_r:sysfs:s0 tclass=file permissive=0
09-01 22:54:22.079   957  1612 I chatty  : uid=1000(system) Hdmi Control Io expire 2 lines
09-01 22:54:22.125   957  1396 I commit_sys_config_file: [package-user-0,37]
09-01 22:54:22.272   957  1468 I commit_sys_config_file: [settings-0-0,53]
09-01 22:54:22.311   957  1468 I commit_sys_config_file: [settings-2-0,39]
09-01 22:54:22.311   957  1396 I commit_sys_config_file: [package-user-0,41]
09-01 22:54:22.311   957  1396 I commit_sys_config_file: [package,186]
09-01 22:54:22.315   957  1323 I chatty  : uid=1000(system) android.ui expire 1 line
09-01 22:54:22.561   957  1338 I commit_sys_config_file: [package-perms-0,48]
09-01 22:54:22.573   957  1457 I chatty  : uid=1000 system_server expire 2 lines
09-01 22:54:22.575   957   957 I chatty  : uid=1000 system_server expire 133 lines
09-01 22:54:22.653   957  1594 I chatty  : uid=1000(system) ConnectivitySer expire 2 lines
09-01 22:54:22.663   957   957 I am_wtf  : [0,957,system_server,-1,SystemServiceRegistry,No service published for: tv_input]
09-01 22:54:22.702   957  1356 I chatty  : uid=1000(system) PowerManagerSer expire 6 lines
09-01 22:54:22.705   957  1345 I chatty  : uid=1000(system) batterystats-wo expire 3 lines
09-01 22:54:22.707   957  1340 I chatty  : uid=1000(system) ActivityManager expire 4 lines
09-01 22:54:22.715   957   957 I sysui_multi_action: [757,1243,758,4,806,com.android.providers.telephony,1241,android.permission.RECEIVE_SMS]
09-01 22:54:22.717   957   957 I sysui_multi_action: [757,1243,758,4,806,com.android.providers.telephony,1241,android.permission.WRITE_EXTERNAL_STORAGE]
09-01 22:54:22.718   502   502 I chatty  : uid=0(root) Binder:502_2 expire 909 lines
09-01 22:54:22.731   957  1396 I chatty  : uid=1000(system) PackageManager expire 17 lines
09-01 22:54:22.731   957   957 I sysui_multi_action: [757,1243,758,4,806,com.android.providers.telephony,1241,android.permission.READ_EXTERNAL_STORAGE]
09-01 22:54:22.738   957   957 I sysui_multi_action: [757,1243,758,4,806,com.zebra.sdc,1241,android.permission.CAMERA]
09-01 22:54:22.740   957   957 I sysui_multi_action: [757,1243,758,4,806,com.zebra.sdc,1241,android.permission.WRITE_EXTERNAL_STORAGE]
09-01 22:54:22.752   957  1468 I commit_sys_config_file: [settings-2-0,43]
09-01 22:54:22.765   957   957 I sysui_multi_action: [757,1243,758,4,806,com.zebra.sdc,1241,android.permission.READ_PHONE_STATE]
09-01 22:54:22.767   957   957 I sysui_multi_action: [757,1243,758,4,806,com.zebra.sdc,1241,android.permission.READ_EXTERNAL_STORAGE]
09-01 22:54:22.820   957   957 I sysui_multi_action: [757,1243,758,4,806,com.oem.engineeringmode.emlist,1241,android.permission.CALL_PHONE]
09-01 22:54:22.846   957   957 I sysui_multi_action: [757,1243,758,4,806,com.oem.engineeringmode.emlist,1241,android.permission.ACCESS_COARSE_LOCATION]
09-01 22:54:22.848   957   957 I sysui_multi_action: [757,1243,758,4,806,com.android.mms.service,1241,android.permission.READ_SMS]
09-01 22:54:22.850   957   957 I sysui_multi_action: [757,1243,758,4,806,org.codeaurora.bluetooth,1241,android.permission.WRITE_EXTERNAL_STORAGE]
09-01 22:54:22.856   957   957 I sysui_multi_action: [757,1243,758,4,806,org.codeaurora.bluetooth,1241,android.permission.READ_EXTERNAL_STORAGE]
09-01 22:54:22.864   957   957 I sysui_multi_action: [757,1243,758,4,806,android,1241,android.permission.GET_ACCOUNTS]
09-01 22:54:22.866   957   957 I sysui_multi_action: [757,1243,758,4,806,com.android.nfc,1241,android.permission.READ_CONTACTS]
09-01 22:54:22.867   957   957 I sysui_multi_action: [757,1243,758,4,806,com.android.nfc,1241,android.permission.WRITE_EXTERNAL_STORAGE]
09-01 22:54:22.874   957   957 I sysui_multi_action: [757,1243,758,4,806,com.android.nfc,1241,android.permission.READ_EXTERNAL_STORAGE]
09-01 22:54:22.875   502  1626 I chatty  : uid=0(root) Binder:502_6 expire 507 lines
09-01 22:54:22.883   957   957 I sysui_multi_action: [757,1243,758,4,806,com.android.server.telecom,1241,android.permission.READ_CALL_LOG]
09-01 22:54:22.903   957   957 I sysui_multi_action: [757,1243,758,4,806,com.android.server.telecom,1241,android.permission.SEND_SMS]
09-01 22:54:22.904   957   957 I sysui_multi_action: [757,1243,758,4,806,com.android.server.telecom,1241,android.permission.WRITE_CALL_LOG]
09-01 22:54:22.945   957   957 I sysui_multi_action: [757,1243,758,4,806,com.qualcomm.qti.workloadclassifier,1241,android.permission.ACCESS_MEDIA_LOCATION]
09-01 22:54:22.966   502  1626 W vold    : Skipping due to root namespace
09-01 22:54:22.966   502  1626 D vold    : Found matching PID 710
09-01 22:54:22.966   502  1626 W vold    : Skipping due to root namespace
09-01 22:54:22.966   502  1626 D vold    : Found matching PID 715
09-01 22:54:22.966   502  1626 W vold    : Skipping due to root namespace
09-01 22:54:22.966   502  1626 D vold    : Found matching PID 717
09-01 22:54:22.966   502  1626 W vold    : Skipping due to root namespace
09-01 22:54:22.966   502  1626 D vold    : Found matching PID 718
09-01 22:54:22.966   502  1626 W vold    : Skipping due to root namespace
09-01 22:54:22.966   502  1626 D vold    : Found matching PID 719
09-01 22:54:22.966   502  1626 W vold    : Skipping due to root namespace
09-01 22:54:22.966   502  1626 D vold    : Found matching PID 720
09-01 22:54:22.966   502  1626 W vold    : Skipping due to root namespace
09-01 22:54:22.966   502  1626 D vold    : Found matching PID 726
09-01 22:54:22.966   502  1626 W vold    : Skipping due to root namespace
09-01 22:54:22.966   502  1626 D vold    : Found matching PID 727
09-01 22:54:22.966   502  1626 W vold    : Skipping due to root namespace
09-01 22:54:22.966   502  1626 D vold    : Found matching PID 732
09-01 22:54:22.966   502  1626 W vold    : Skipping due to root namespace
09-01 22:54:22.966   502  1626 D vold    : Found matching PID 733
09-01 22:54:22.966   502  1626 W vold    : Skipping due to root namespace
09-01 22:54:22.966   502  1626 D vold    : Found matching PID 777
09-01 22:54:22.966   502  1626 W vold    : Skipping due to root namespace
09-01 22:54:22.966   502  1626 D vold    : Found matching PID 907
09-01 22:54:22.966   502  1626 W vold    : Skipping due to root namespace
09-01 22:54:22.966   502  1626 D vold    : Found matching PID 908
09-01 22:54:22.966   502  1626 W vold    : Skipping due to root namespace
09-01 22:54:22.966   502  1626 D vold    : Found matching PID 957
09-01 22:54:22.970   502  1626 D vold    : Found matching PID 966
09-01 22:54:22.971   502  1626 W vold    : Skipping due to root namespace
09-01 22:54:22.971   502  1626 D vold    : Found matching PID 967
09-01 22:54:22.971   502  1626 W vold    : Skipping due to root namespace
09-01 22:54:22.971   502  1626 D vold    : Found matching PID 968
09-01 22:54:22.971   502  1626 W vold    : Skipping due to root namespace
09-01 22:54:22.971   502  1626 D vold    : Found matching PID 969
09-01 22:54:22.971   502  1626 W vold    : Skipping due to root namespace
09-01 22:54:22.971   502  1626 D vold    : Found matching PID 976
09-01 22:54:22.971   502  1626 W vold    : Skipping due to root namespace
09-01 22:54:22.971   502  1626 D vold    : Found matching PID 996
09-01 22:54:22.971   502  1626 W vold    : Skipping due to root namespace
09-01 22:54:22.971   502  1626 D vold    : Found matching PID 1013
09-01 22:54:22.971   502  1626 W vold    : Skipping due to root namespace
09-01 22:54:22.971   502  1626 D vold    : Found matching PID 1015
09-01 22:54:22.971   502  1626 W vold    : Skipping due to root namespace
09-01 22:54:22.971   502  1626 D vold    : Found matching PID 1027
09-01 22:54:22.971   502  1626 W vold    : Skipping due to root namespace
09-01 22:54:22.971   502  1626 D vold    : Found matching PID 1055
09-01 22:54:22.971   502  1626 W vold    : Skipping due to root namespace
09-01 22:54:22.971   502  1626 D vold    : Found matching PID 1067
09-01 22:54:22.971   502  1626 W vold    : Skipping due to root namespace
09-01 22:54:22.971   502  1626 D vold    : Found matching PID 1087
09-01 22:54:22.971   502  1626 W vold    : Skipping due to root namespace
09-01 22:54:22.971   502  1626 D vold    : Found matching PID 1261
09-01 22:54:22.971   502  1626 W vold    : Skipping due to root namespace
09-01 22:54:22.973   957   957 I sysui_multi_action: [757,1243,758,4,806,com.android.settings,1241,android.permission.READ_CONTACTS]
09-01 22:54:22.975   957   957 I sysui_multi_action: [757,1243,758,4,806,com.android.settings,1241,android.permission.WRITE_CONTACTS]
09-01 22:54:22.976   957   957 I sysui_multi_action: [757,1243,758,4,806,com.android.settings,1241,android.permission.ACCESS_FINE_LOCATION]
09-01 22:54:22.978   957   957 I sysui_multi_action: [757,1243,758,4,806,com.qualcomm.qti.cne,1241,android.permission.READ_PHONE_STATE]
09-01 22:54:22.980   957   957 I sysui_multi_action: [757,1243,758,4,806,com.qualcomm.qti.cne,1241,android.permission.ACCESS_COARSE_LOCATION]
09-01 22:54:22.981   957   957 I sysui_multi_action: [757,1243,758,4,806,com.qualcomm.qti.cne,1241,android.permission.ACCESS_FINE_LOCATION]
09-01 22:54:22.982   957   957 I sysui_multi_action: [757,1243,758,4,806,com.qualcomm.qti.cne,1241,android.permission.ACCESS_BACKGROUND_LOCATION]
09-01 22:54:22.986   957   957 I sysui_multi_action: [757,1243,758,4,806,com.android.phone,1241,android.permission.CALL_PHONE]
09-01 22:54:22.987   957   957 I sysui_multi_action: [757,1243,758,4,806,com.android.phone,1241,android.permission.READ_CONTACTS]
09-01 22:54:22.988   957   957 I sysui_multi_action: [757,1243,758,4,806,com.android.phone,1241,android.permission.READ_CALL_LOG]
09-01 22:54:22.989   957   957 I sysui_multi_action: [757,1243,758,4,806,com.android.phone,1241,android.permission.WRITE_CONTACTS]
09-01 22:54:22.990   957   957 I sysui_multi_action: [757,1243,758,4,806,com.android.phone,1241,android.permission.WRITE_CALL_LOG]
09-01 22:54:22.992     0     0 I IPv6    : ADDRCONF(NETDEV_UP): eth0: link is not ready
09-01 22:54:22.992   957   957 I sysui_multi_action: [757,1243,758,4,806,com.android.phone,1241,android.permission.SEND_SMS]
09-01 22:54:22.994   957   957 I sysui_multi_action: [757,1243,758,4,806,com.android.phone,1241,android.permission.PROCESS_OUTGOING_CALLS]
09-01 22:54:22.995   957   957 I sysui_multi_action: [757,1243,758,4,806,com.android.phone,1241,android.permission.RECORD_AUDIO]
09-01 22:54:22.996   957   957 I sysui_multi_action: [757,1243,758,4,806,com.android.phone,1241,android.permission.USE_SIP]
09-01 22:54:22.997   957   957 I sysui_multi_action: [757,1243,758,4,806,com.android.phone,1241,android.permission.GET_ACCOUNTS]
09-01 22:54:22.998   957   957 I sysui_multi_action: [757,1243,758,4,806,com.android.phone,1241,com.android.voicemail.permission.ADD_VOICEMAIL]
09-01 22:54:23.000   957   957 I sysui_multi_action: [757,1243,758,4,806,com.android.shell,1241,android.permission.SEND_SMS]
09-01 22:54:23.001   957   957 I sysui_multi_action: [757,1243,758,4,806,com.android.shell,1241,android.permission.READ_SMS]
09-01 22:54:23.001   957   957 I sysui_multi_action: [757,1243,758,4,806,com.android.shell,1241,android.permission.CALL_PHONE]
09-01 22:54:23.002   957   957 I sysui_multi_action: [757,1243,758,4,806,com.android.shell,1241,android.permission.READ_PHONE_STATE]
09-01 22:54:23.002   957   957 I sysui_multi_action: [757,1243,758,4,806,com.android.shell,1241,android.permission.READ_CONTACTS]
09-01 22:54:23.002   957   957 I sysui_multi_action: [757,1243,758,4,806,com.android.shell,1241,android.permission.WRITE_CONTACTS]
09-01 22:54:23.003   957   957 I sysui_multi_action: [757,1243,758,4,806,com.android.shell,1241,android.permission.READ_CALENDAR]
09-01 22:54:23.003   957   957 I sysui_multi_action: [757,1243,758,4,806,com.android.shell,1241,android.permission.WRITE_CALENDAR]
09-01 22:54:23.003   957   957 I sysui_multi_action: [757,1243,758,4,806,com.android.shell,1241,android.permission.ACCESS_FINE_LOCATION]
09-01 22:54:23.004   957   957 I sysui_multi_action: [757,1243,758,4,806,com.android.shell,1241,android.permission.READ_EXTERNAL_STORAGE]
09-01 22:54:23.004   502  1626 D vold    : Remounting 2000 as mode default
09-01 22:54:23.009   502  1626 D vold    : Found matching PID 902
09-01 22:54:23.009   502  1626 W vold    : Skipping due to root namespace
09-01 22:54:23.010   502  1626 D vold    : Remounting 2000 as mode default
09-01 22:54:23.014   502  1626 D vold    : Found matching PID 902
09-01 22:54:23.014   502  1626 W vold    : Skipping due to root namespace
09-01 22:54:23.015   957   957 I sysui_multi_action: [757,1243,758,4,806,com.android.shell,1241,android.permission.WRITE_EXTERNAL_STORAGE]
09-01 22:54:23.016   502   512 D vold    : Remounting 2000 as mode full
09-01 22:54:23.020   502   512 D vold    : Found matching PID 902
09-01 22:54:23.020   502   512 W vold    : Skipping due to root namespace
09-01 22:54:23.021   502   512 D vold    : Remounting 2000 as mode full
09-01 22:54:23.026   502   512 D vold    : Found matching PID 902
09-01 22:54:23.026   502   512 W vold    : Skipping due to root namespace
09-01 22:54:23.026   957   957 I sysui_multi_action: [757,1243,758,4,806,com.android.shell,1241,android.permission.GET_ACCOUNTS]
09-01 22:54:23.028   957   957 I sysui_multi_action: [757,1243,758,4,806,com.qualcomm.qti.qmmi,1241,android.permission.RECORD_AUDIO]
09-01 22:54:23.030   502   512 D vold    : Remounting 1000 as mode full
09-01 22:54:23.033   502   512 D vold    : Found matching PID 491
09-01 22:54:23.033   502   512 W vold    : Skipping due to root namespace
09-01 22:54:23.033   502   512 D vold    : Found matching PID 492
09-01 22:54:23.033   502   512 W vold    : Skipping due to root namespace
09-01 22:54:23.033   502   512 D vold    : Found matching PID 493
09-01 22:54:23.033   502   512 W vold    : Skipping due to root namespace
09-01 22:54:23.033   502   512 D vold    : Found matching PID 494
09-01 22:54:23.033   502   512 W vold    : Skipping due to root namespace
09-01 22:54:23.033   502   512 D vold    : Found matching PID 495
09-01 22:54:23.033   502   512 W vold    : Skipping due to root namespace
09-01 22:54:23.033   502   512 D vold    : Found matching PID 541
09-01 22:54:23.033   502   512 W vold    : Skipping due to root namespace
09-01 22:54:23.033   502   512 D vold    : Found matching PID 556
09-01 22:54:23.033   502   512 W vold    : Skipping due to root namespace
09-01 22:54:23.033   502   512 D vold    : Found matching PID 558
09-01 22:54:23.033   502   512 W vold    : Skipping due to root namespace
09-01 22:54:23.033   502   512 D vold    : Found matching PID 559
09-01 22:54:23.033   502   512 W vold    : Skipping due to root namespace
09-01 22:54:23.033   502   512 D vold    : Found matching PID 624
09-01 22:54:23.033   502   512 W vold    : Skipping due to root namespace
09-01 22:54:23.033   502   512 D vold    : Found matching PID 627
09-01 22:54:23.033   502   512 W vold    : Skipping due to root namespace
09-01 22:54:23.033   502   512 D vold    : Found matching PID 684
09-01 22:54:23.033   502   512 W vold    : Skipping due to root namespace
09-01 22:54:23.033   502   512 D vold    : Found matching PID 685
09-01 22:54:23.033   502   512 W vold    : Skipping due to root namespace
09-01 22:54:23.034   502   512 D vold    : Found matching PID 689
09-01 22:54:23.034   502   512 W vold    : Skipping due to root namespace
09-01 22:54:23.034   502   512 D vold    : Found matching PID 692
09-01 22:54:23.034   502   512 W vold    : Skipping due to root namespace
09-01 22:54:23.034   502   512 D vold    : Found matching PID 693
09-01 22:54:23.034   502   512 W vold    : Skipping due to root namespace
09-01 22:54:23.034   502   512 D vold    : Found matching PID 694
09-01 22:54:23.034   502   512 W vold    : Skipping due to root namespace
09-01 22:54:23.034   502   512 D vold    : Found matching PID 695
09-01 22:54:23.034   502   512 W vold    : Skipping due to root namespace
09-01 22:54:23.034   502   512 D vold    : Found matching PID 696
09-01 22:54:23.034   502   512 W vold    : Skipping due to root namespace
09-01 22:54:23.034   502   512 D vold    : Found matching PID 697
09-01 22:54:23.034   502   512 W vold    : Skipping due to root namespace
09-01 22:54:23.034   502   512 D vold    : Found matching PID 698
09-01 22:54:23.034   502   512 W vold    : Skipping due to root namespace
09-01 22:54:23.034   502   512 D vold    : Found matching PID 699
09-01 22:54:23.034   502   512 W vold    : Skipping due to root namespace
09-01 22:54:23.034   502   512 D vold    : Found matching PID 700
09-01 22:54:23.034   502   512 W vold    : Skipping due to root namespace
09-01 22:54:23.034   502   512 D vold    : Found matching PID 701
09-01 22:54:23.034   502   512 W vold    : Skipping due to root namespace
09-01 22:54:23.035   502   512 D vold    : Found matching PID 703
09-01 22:54:23.035   502   512 W vold    : Skipping due to root namespace
09-01 22:54:23.035   502   512 D vold    : Found matching PID 704
09-01 22:54:23.035   502   512 W vold    : Skipping due to root namespace
09-01 22:54:23.035   502   512 D vold    : Found matching PID 705
09-01 22:54:23.035   502   512 W vold    : Skipping due to root namespace
09-01 22:54:23.035   502   512 D vold    : Found matching PID 707
09-01 22:54:23.035   502   512 W vold    : Skipping due to root namespace
09-01 22:54:23.035   502   512 D vold    : Found matching PID 708
09-01 22:54:23.035   502   512 W vold    : Skipping due to root namespace
09-01 22:54:23.035   502   512 D vold    : Found matching PID 710
09-01 22:54:23.035   502   512 W vold    : Skipping due to root namespace
09-01 22:54:23.035   502   512 D vold    : Found matching PID 715
09-01 22:54:23.035   502   512 W vold    : Skipping due to root namespace
09-01 22:54:23.035   502   512 D vold    : Found matching PID 717
09-01 22:54:23.035   502   512 W vold    : Skipping due to root namespace
09-01 22:54:23.035   502   512 D vold    : Found matching PID 718
09-01 22:54:23.035   502   512 W vold    : Skipping due to root namespace
09-01 22:54:23.035   502   512 D vold    : Found matching PID 719
09-01 22:54:23.035   502   512 W vold    : Skipping due to root namespace
09-01 22:54:23.035   502   512 D vold    : Found matching PID 720
09-01 22:54:23.035   502   512 W vold    : Skipping due to root namespace
09-01 22:54:23.035   502   512 D vold    : Found matching PID 726
09-01 22:54:23.035   502   512 W vold    : Skipping due to root namespace
09-01 22:54:23.035   502   512 D vold    : Found matching PID 727
09-01 22:54:23.035   502   512 W vold    : Skipping due to root namespace
09-01 22:54:23.035   502   512 D vold    : Found matching PID 732
09-01 22:54:23.035   502   512 W vold    : Skipping due to root namespace
09-01 22:54:23.035   502   512 D vold    : Found matching PID 733
09-01 22:54:23.035   502   512 W vold    : Skipping due to root namespace
09-01 22:54:23.035   502   512 D vold    : Found matching PID 777
09-01 22:54:23.035   502   512 W vold    : Skipping due to root namespace
09-01 22:54:23.035   502   512 D vold    : Found matching PID 907
09-01 22:54:23.035   502   512 W vold    : Skipping due to root namespace
09-01 22:54:23.035   502   512 D vold    : Found matching PID 908
09-01 22:54:23.035   502   512 W vold    : Skipping due to root namespace
09-01 22:54:23.036   502   512 D vold    : Found matching PID 957
09-01 22:54:23.039   502   512 D vold    : Found matching PID 966
09-01 22:54:23.039   502   512 W vold    : Skipping due to root namespace
09-01 22:54:23.040   502   512 D vold    : Found matching PID 967
09-01 22:54:23.040   502   512 W vold    : Skipping due to root namespace
09-01 22:54:23.040   502   512 D vold    : Found matching PID 968
09-01 22:54:23.040   502   512 W vold    : Skipping due to root namespace
09-01 22:54:23.040   502   512 D vold    : Found matching PID 969
09-01 22:54:23.040   502   512 W vold    : Skipping due to root namespace
09-01 22:54:23.040   502   512 D vold    : Found matching PID 976
09-01 22:54:23.040   502   512 W vold    : Skipping due to root namespace
09-01 22:54:23.040   502   512 D vold    : Found matching PID 996
09-01 22:54:23.040   502   512 W vold    : Skipping due to root namespace
09-01 22:54:23.040   502   512 D vold    : Found matching PID 1013
09-01 22:54:23.040   502   512 W vold    : Skipping due to root namespace
09-01 22:54:23.040   502   512 D vold    : Found matching PID 1015
09-01 22:54:23.040   502   512 W vold    : Skipping due to root namespace
09-01 22:54:23.040   502   512 D vold    : Found matching PID 1027
09-01 22:54:23.040   502   512 W vold    : Skipping due to root namespace
09-01 22:54:23.040   502   512 D vold    : Found matching PID 1055
09-01 22:54:23.040   502   512 W vold    : Skipping due to root namespace
09-01 22:54:23.040   502   512 D vold    : Found matching PID 1067
09-01 22:54:23.040   502   512 W vold    : Skipping due to root namespace
09-01 22:54:23.040   502   512 D vold    : Found matching PID 1087
09-01 22:54:23.040   502   512 W vold    : Skipping due to root namespace
09-01 22:54:23.040   502   512 D vold    : Found matching PID 1261
09-01 22:54:23.040   502   512 W vold    : Skipping due to root namespace
09-01 22:54:23.042   502   512 D vold    : Remounting 1000 as mode full
09-01 22:54:23.045   502   512 D vold    : Found matching PID 491
09-01 22:54:23.045   502   512 W vold    : Skipping due to root namespace
09-01 22:54:23.045   502   512 D vold    : Found matching PID 492
09-01 22:54:23.045   502   512 W vold    : Skipping due to root namespace
09-01 22:54:23.045   502   512 D vold    : Found matching PID 493
09-01 22:54:23.045   502   512 W vold    : Skipping due to root namespace
09-01 22:54:23.045   502   512 D vold    : Found matching PID 494
09-01 22:54:23.045   502   512 W vold    : Skipping due to root namespace
09-01 22:54:23.045   502   512 D vold    : Found matching PID 495
09-01 22:54:23.045   502   512 W vold    : Skipping due to root namespace
09-01 22:54:23.045   502   512 D vold    : Found matching PID 541
09-01 22:54:23.045   502   512 W vold    : Skipping due to root namespace
09-01 22:54:23.045   502   512 D vold    : Found matching PID 556
09-01 22:54:23.045   502   512 W vold    : Skipping due to root namespace
09-01 22:54:23.045   502   512 D vold    : Found matching PID 558
09-01 22:54:23.045   502   512 W vold    : Skipping due to root namespace
09-01 22:54:23.045   502   512 D vold    : Found matching PID 559
09-01 22:54:23.045   502   512 W vold    : Skipping due to root namespace
09-01 22:54:23.045   502   512 D vold    : Found matching PID 624
09-01 22:54:23.045   502   512 W vold    : Skipping due to root namespace
09-01 22:54:23.045   502   512 D vold    : Found matching PID 627
09-01 22:54:23.045   502   512 W vold    : Skipping due to root namespace
09-01 22:54:23.045   502   512 D vold    : Found matching PID 684
09-01 22:54:23.045   502   512 W vold    : Skipping due to root namespace
09-01 22:54:23.045   502   512 D vold    : Found matching PID 685
09-01 22:54:23.045   502   512 W vold    : Skipping due to root namespace
09-01 22:54:23.045   502   512 D vold    : Found matching PID 689
09-01 22:54:23.046   502   512 W vold    : Skipping due to root namespace
09-01 22:54:23.046   502   512 D vold    : Found matching PID 692
09-01 22:54:23.046   502   512 W vold    : Skipping due to root namespace
09-01 22:54:23.046   502   512 D vold    : Found matching PID 693
09-01 22:54:23.046   502   512 W vold    : Skipping due to root namespace
09-01 22:54:23.046   502   512 D vold    : Found matching PID 694
09-01 22:54:23.046   502   512 W vold    : Skipping due to root namespace
09-01 22:54:23.046   502   512 D vold    : Found matching PID 695
09-01 22:54:23.046   502   512 W vold    : Skipping due to root namespace
09-01 22:54:23.046   502   512 D vold    : Found matching PID 696
09-01 22:54:23.046   502   512 W vold    : Skipping due to root namespace
09-01 22:54:23.046   502   512 D vold    : Found matching PID 697
09-01 22:54:23.046   502   512 W vold    : Skipping due to root namespace
09-01 22:54:23.046   502   512 D vold    : Found matching PID 698
09-01 22:54:23.046   502   512 W vold    : Skipping due to root namespace
09-01 22:54:23.046   502   512 D vold    : Found matching PID 699
09-01 22:54:23.046   502   512 W vold    : Skipping due to root namespace
09-01 22:54:23.046   502   512 D vold    : Found matching PID 700
09-01 22:54:23.046   502   512 W vold    : Skipping due to root namespace
09-01 22:54:23.046   502   512 D vold    : Found matching PID 701
09-01 22:54:23.046   502   512 W vold    : Skipping due to root namespace
09-01 22:54:23.046   502   512 D vold    : Found matching PID 703
09-01 22:54:23.046   502   512 W vold    : Skipping due to root namespace
09-01 22:54:23.047   502   512 D vold    : Found matching PID 704
09-01 22:54:23.047   502   512 W vold    : Skipping due to root namespace
09-01 22:54:23.047   502   512 D vold    : Found matching PID 705
09-01 22:54:23.047   502   512 W vold    : Skipping due to root namespace
09-01 22:54:23.047   502   512 D vold    : Found matching PID 707
09-01 22:54:23.047   502   512 W vold    : Skipping due to root namespace
09-01 22:54:23.047   502   512 D vold    : Found matching PID 708
09-01 22:54:23.047   502   512 W vold    : Skipping due to root namespace
09-01 22:54:23.047   502   512 D vold    : Found matching PID 710
09-01 22:54:23.047   502   512 W vold    : Skipping due to root namespace
09-01 22:54:23.047   502   512 D vold    : Found matching PID 715
09-01 22:54:23.047   502   512 W vold    : Skipping due to root namespace
09-01 22:54:23.047   502   512 D vold    : Found matching PID 717
09-01 22:54:23.047   502   512 W vold    : Skipping due to root namespace
09-01 22:54:23.047   502   512 D vold    : Found matching PID 718
09-01 22:54:23.047   502   512 W vold    : Skipping due to root namespace
09-01 22:54:23.047   502   512 D vold    : Found matching PID 719
09-01 22:54:23.047   502   512 W vold    : Skipping due to root namespace
09-01 22:54:23.047   502   512 D vold    : Found matching PID 720
09-01 22:54:23.047   502   512 W vold    : Skipping due to root namespace
09-01 22:54:23.047   502   512 D vold    : Found matching PID 726
09-01 22:54:23.047   502   512 W vold    : Skipping due to root namespace
09-01 22:54:23.047   502   512 D vold    : Found matching PID 727
09-01 22:54:23.047   502   512 W vold    : Skipping due to root namespace
09-01 22:54:23.047   502   512 D vold    : Found matching PID 732
09-01 22:54:23.047   502   512 W vold    : Skipping due to root namespace
09-01 22:54:23.047   502   512 D vold    : Found matching PID 733
09-01 22:54:23.047   502   512 W vold    : Skipping due to root namespace
09-01 22:54:23.047   502   512 D vold    : Found matching PID 777
09-01 22:54:23.047   502   512 W vold    : Skipping due to root namespace
09-01 22:54:23.047   502   512 D vold    : Found matching PID 907
09-01 22:54:23.047   502   512 W vold    : Skipping due to root namespace
09-01 22:54:23.047   502   512 D vold    : Found matching PID 908
09-01 22:54:23.047   502   512 W vold    : Skipping due to root namespace
09-01 22:54:23.048   502   512 D vold    : Found matching PID 957
09-01 22:54:23.051   502   512 D vold    : Found matching PID 966
09-01 22:54:23.051   502   512 W vold    : Skipping due to root namespace
09-01 22:54:23.051   502   512 D vold    : Found matching PID 967
09-01 22:54:23.051   502   512 W vold    : Skipping due to root namespace
09-01 22:54:23.051   502   512 D vold    : Found matching PID 968
09-01 22:54:23.051   502   512 W vold    : Skipping due to root namespace
09-01 22:54:23.051   502   512 D vold    : Found matching PID 969
09-01 22:54:23.052   502   512 W vold    : Skipping due to root namespace
09-01 22:54:23.052   502   512 D vold    : Found matching PID 976
09-01 22:54:23.052   502   512 W vold    : Skipping due to root namespace
09-01 22:54:23.052   502   512 D vold    : Found matching PID 996
09-01 22:54:23.052   502   512 W vold    : Skipping due to root namespace
09-01 22:54:23.052   502   512 D vold    : Found matching PID 1013
09-01 22:54:23.052   502   512 W vold    : Skipping due to root namespace
09-01 22:54:23.052   502   512 D vold    : Found matching PID 1015
09-01 22:54:23.052   502   512 W vold    : Skipping due to root namespace
09-01 22:54:23.052   502   512 D vold    : Found matching PID 1027
09-01 22:54:23.052   502   512 W vold    : Skipping due to root namespace
09-01 22:54:23.052   502   512 D vold    : Found matching PID 1055
09-01 22:54:23.052   502   512 W vold    : Skipping due to root namespace
09-01 22:54:23.052   502   512 D vold    : Found matching PID 1067
09-01 22:54:23.052   502   512 W vold    : Skipping due to root namespace
09-01 22:54:23.052   502   512 D vold    : Found matching PID 1087
09-01 22:54:23.052   502   512 W vold    : Skipping due to root namespace
09-01 22:54:23.052   502   512 D vold    : Found matching PID 1261
09-01 22:54:23.052   502   512 W vold    : Skipping due to root namespace
09-01 22:54:23.053   957   957 I sysui_multi_action: [757,1243,758,4,806,com.qualcomm.qti.qmmi,1241,android.permission.ACCESS_BACKGROUND_LOCATION]
09-01 22:54:23.055   957   957 I sysui_multi_action: [757,1243,758,4,806,com.android.systemui,1241,android.permission.READ_EXTERNAL_STORAGE]
09-01 22:54:23.055   502   512 D vold    : Remounting 10104 as mode default
09-01 22:54:23.061   957   957 I sysui_multi_action: [757,1243,758,4,806,com.android.systemui,1241,android.permission.READ_CONTACTS]
09-01 22:54:23.061   957   957 I sysui_multi_action: [757,1243,758,4,806,com.android.systemui,1241,android.permission.ACCESS_COARSE_LOCATION]
09-01 22:54:23.062   957   957 I sysui_multi_action: [757,1243,758,4,806,com.android.systemui,1241,android.permission.ACCESS_FINE_LOCATION]
09-01 22:54:23.062   957   957 I sysui_multi_action: [757,1243,758,4,806,com.android.systemui,1241,android.permission.GET_ACCOUNTS]
09-01 22:54:23.063   957   957 I sysui_multi_action: [757,1243,758,4,806,com.android.systemui,1241,android.permission.CAMERA]
09-01 22:54:23.063   957   957 I sysui_multi_action: [757,1243,758,4,806,com.android.systemui,1241,android.permission.RECORD_AUDIO]
09-01 22:54:23.063   957   957 I sysui_multi_action: [757,1243,758,4,806,com.android.systemui,1241,android.permission.READ_CALL_LOG]
09-01 22:54:23.065   957   957 I sysui_multi_action: [757,1243,758,4,806,com.android.bluetooth,1241,android.permission.ACCESS_COARSE_LOCATION]
09-01 22:54:23.065   957   957 I sysui_multi_action: [757,1243,758,4,806,com.android.bluetooth,1241,android.permission.ACCESS_FINE_LOCATION]
09-01 22:54:23.066   502   512 D vold    : Remounting 1002 as mode full
09-01 22:54:23.070   502   512 D vold    : Found matching PID 686
09-01 22:54:23.070   502   512 W vold    : Skipping due to root namespace
09-01 22:54:23.070   957  1468 I commit_sys_config_file: [settings-1-0,182]
09-01 22:54:23.072   502   512 D vold    : Remounting 1002 as mode full
09-01 22:54:23.075   502   512 D vold    : Found matching PID 686
