09-01 22:54:23.075   502   512 W vold    : Skipping due to root namespace
09-01 22:54:23.077   957   957 I sysui_multi_action: [757,1243,758,4,806,com.android.bluetooth,1241,android.permission.READ_CONTACTS]
09-01 22:54:23.077   957   957 I sysui_multi_action: [757,1243,758,4,806,com.android.bluetooth,1241,android.permission.WRITE_CONTACTS]
09-01 22:54:23.078   957   957 I sysui_multi_action: [757,1243,758,4,806,com.android.bluetooth,1241,android.permission.READ_CALL_LOG]
09-01 22:54:23.079   957   957 I sysui_multi_action: [757,1243,758,4,806,com.android.bluetooth,1241,android.permission.WRITE_CALL_LOG]
09-01 22:54:23.079   957   957 I sysui_multi_action: [757,1243,758,4,806,com.android.bluetooth,1241,android.permission.GET_ACCOUNTS]
09-01 22:54:23.080   957   957 I sysui_multi_action: [757,1243,758,4,806,com.android.bluetooth,1241,android.permission.RECEIVE_SMS]
09-01 22:54:23.080   957   957 I sysui_multi_action: [757,1243,758,4,806,com.android.bluetooth,1241,android.permission.SEND_SMS]
09-01 22:54:23.081   957   957 I sysui_multi_action: [757,1243,758,4,806,com.android.bluetooth,1241,android.permission.READ_SMS]
09-01 22:54:23.082   957   957 I sysui_multi_action: [757,1243,758,4,806,com.android.bluetooth,1241,com.android.email.permission.READ_ATTACHMENT]
09-01 22:54:23.102   957  1468 I commit_sys_config_file: [settings-0-0,32]
09-01 22:54:23.162   957   957 I sysui_multi_action: [757,1243,758,4,806,org.codeaurora.snapcam,1241,android.permission.CAMERA]
09-01 22:54:23.163   957   957 I sysui_multi_action: [757,1243,758,4,806,org.codeaurora.snapcam,1241,android.permission.RECORD_AUDIO]
09-01 22:54:23.164   957   957 I sysui_multi_action: [757,1243,758,4,806,org.codeaurora.snapcam,1241,android.permission.WRITE_EXTERNAL_STORAGE]
09-01 22:54:23.165   502   512 D vold    : Remounting 10057 as mode full
09-01 22:54:23.170   957   957 I sysui_multi_action: [757,1243,758,4,806,org.codeaurora.snapcam,1241,android.permission.READ_EXTERNAL_STORAGE]
09-01 22:54:23.171   502   512 D vold    : Remounting 10057 as mode full
09-01 22:54:23.176   957   957 I sysui_multi_action: [757,1243,758,4,806,com.android.soundrecorder,1241,android.permission.RECORD_AUDIO]
09-01 22:54:23.178   957   957 I sysui_multi_action: [757,1243,758,4,806,com.android.providers.media,1241,android.permission.WRITE_EXTERNAL_STORAGE]
09-01 22:54:23.178   502   512 D vold    : Remounting 10043 as mode full
09-01 22:54:23.184   957   957 I sysui_multi_action: [757,1243,758,4,806,com.android.providers.media,1241,android.permission.READ_EXTERNAL_STORAGE]
09-01 22:54:23.184   502   512 D vold    : Remounting 10043 as mode full
09-01 22:54:23.191   957   957 I sysui_multi_action: [757,1243,758,4,806,com.android.externalstorage,1241,android.permission.READ_EXTERNAL_STORAGE]
09-01 22:54:23.192   502   512 D vold    : Remounting 10060 as mode default
09-01 22:54:23.197   957   957 I sysui_multi_action: [757,1243,758,4,806,com.android.externalstorage,1241,android.permission.WRITE_EXTERNAL_STORAGE]
09-01 22:54:23.198   502   512 D vold    : Remounting 10060 as mode full
09-01 22:54:23.204   957   957 I sysui_multi_action: [757,1243,758,4,806,com.android.cellbroadcastreceiver,1241,android.permission.RECEIVE_SMS]
09-01 22:54:23.206   957   957 I sysui_multi_action: [757,1243,758,4,806,com.android.calendar,1241,android.permission.READ_CALENDAR]
09-01 22:54:23.206   957   957 I sysui_multi_action: [757,1243,758,4,806,com.android.calendar,1241,android.permission.WRITE_CALENDAR]
09-01 22:54:23.207   957   957 I sysui_multi_action: [757,1243,758,4,806,com.android.calendar,1241,android.permission.GET_ACCOUNTS]
09-01 22:54:23.207   957   957 I sysui_multi_action: [757,1243,758,4,806,com.android.calendar,1241,android.permission.READ_CONTACTS]
09-01 22:54:23.209   957   957 I sysui_multi_action: [757,1243,758,4,806,com.android.providers.calendar,1241,android.permission.GET_ACCOUNTS]
09-01 22:54:23.210   957   957 I sysui_multi_action: [757,1243,758,4,806,com.android.providers.calendar,1241,android.permission.WRITE_EXTERNAL_STORAGE]
09-01 22:54:23.210   502   512 D vold    : Remounting 10053 as mode default
09-01 22:54:23.217   957   957 I sysui_multi_action: [757,1243,758,4,806,com.android.providers.calendar,1241,android.permission.READ_EXTERNAL_STORAGE]
09-01 22:54:23.218   502   512 D vold    : Remounting 10053 as mode default
09-01 22:54:23.224   957   957 I sysui_multi_action: [757,1243,758,4,806,com.android.providers.calendar,1241,android.permission.READ_CALENDAR]
09-01 22:54:23.225   957   957 I sysui_multi_action: [757,1243,758,4,806,com.android.providers.calendar,1241,android.permission.WRITE_CALENDAR]
09-01 22:54:23.228   957   957 I sysui_multi_action: [757,1243,758,4,806,com.android.contacts,1241,android.permission.READ_CONTACTS]
09-01 22:54:23.229   957   957 I sysui_multi_action: [757,1243,758,4,806,com.android.contacts,1241,android.permission.WRITE_CONTACTS]
09-01 22:54:23.229   957   957 I sysui_multi_action: [757,1243,758,4,806,com.android.contacts,1241,android.permission.GET_ACCOUNTS]
09-01 22:54:23.231   957   957 I sysui_multi_action: [757,1243,758,4,806,com.android.contacts,1241,android.permission.CALL_PHONE]
09-01 22:54:23.232   957   957 I sysui_multi_action: [757,1243,758,4,806,com.android.contacts,1241,android.permission.READ_PHONE_STATE]
09-01 22:54:23.233   957   957 I sysui_multi_action: [757,1243,758,4,806,com.android.providers.contacts,1241,android.permission.GET_ACCOUNTS]
09-01 22:54:23.233   957   957 I sysui_multi_action: [757,1243,758,4,806,com.android.providers.contacts,1241,android.permission.READ_CONTACTS]
09-01 22:54:23.234   957   957 I sysui_multi_action: [757,1243,758,4,806,com.android.providers.contacts,1241,android.permission.WRITE_CONTACTS]
09-01 22:54:23.235   957   957 I sysui_multi_action: [757,1243,758,4,806,com.android.providers.contacts,1241,android.permission.READ_PHONE_STATE]
09-01 22:54:23.239   957   957 I sysui_multi_action: [757,1243,758,4,806,org.codeaurora.gallery,1241,android.permission.WRITE_EXTERNAL_STORAGE]
09-01 22:54:23.241   502   512 D vold    : Remounting 10051 as mode default
09-01 22:54:23.246   957   957 I sysui_multi_action: [757,1243,758,4,806,org.codeaurora.gallery,1241,android.permission.READ_EXTERNAL_STORAGE]
09-01 22:54:23.246   502   502 D vold    : Remounting 10051 as mode default
09-01 22:54:23.251   957   957 I sysui_multi_action: [757,1243,758,4,806,org.codeaurora.gallery,1241,android.permission.ACCESS_MEDIA_LOCATION]
09-01 22:54:23.253   957   957 I sysui_multi_action: [757,1243,758,4,806,com.android.email,1241,android.permission.GET_ACCOUNTS]
09-01 22:54:23.254   957   957 I sysui_multi_action: [757,1243,758,4,806,com.android.email,1241,android.permission.WRITE_CONTACTS]
09-01 22:54:23.254   957   957 I sysui_multi_action: [757,1243,758,4,806,com.android.email,1241,android.permission.READ_CONTACTS]
09-01 22:54:23.255   957   957 I sysui_multi_action: [757,1243,758,4,806,com.android.email,1241,android.permission.READ_CALENDAR]
09-01 22:54:23.255   957   957 I sysui_multi_action: [757,1243,758,4,806,com.android.email,1241,android.permission.WRITE_CALENDAR]
09-01 22:54:23.257   957   957 I sysui_multi_action: [757,1243,758,4,806,com.android.music,1241,android.permission.READ_EXTERNAL_STORAGE]
09-01 22:54:23.258   502   512 D vold    : Remounting 10065 as mode default
09-01 22:54:23.263   957   957 I sysui_multi_action: [757,1243,758,4,806,com.android.music,1241,android.permission.WRITE_EXTERNAL_STORAGE]
09-01 22:54:23.264   502   512 D vold    : Remounting 10065 as mode full
09-01 22:54:23.269   957   957 I sysui_multi_action: [757,1243,758,4,806,com.android.music,1241,android.permission.ACCESS_MEDIA_LOCATION]
09-01 22:54:23.270   957   957 I sysui_multi_action: [757,1243,758,4,806,com.android.printspooler,1241,android.permission.ACCESS_COARSE_LOCATION]
09-01 22:54:23.270   957   957 I sysui_multi_action: [757,1243,758,4,806,com.android.printspooler,1241,android.permission.ACCESS_FINE_LOCATION]
09-01 22:54:23.271   957   957 I sysui_multi_action: [757,1243,758,4,806,com.android.emergency,1241,android.permission.READ_CONTACTS]
09-01 22:54:23.271   957   957 I sysui_multi_action: [757,1243,758,4,806,com.android.emergency,1241,android.permission.CALL_PHONE]
09-01 22:54:23.272   957   957 I sysui_multi_action: [757,1243,758,4,806,com.android.emergency,1241,android.permission.READ_CALL_LOG]
09-01 22:54:23.273   957   957 I sysui_multi_action: [757,1243,758,4,806,com.android.apps.tag,1241,android.permission.READ_CONTACTS]
09-01 22:54:23.273   957   957 I sysui_multi_action: [757,1243,758,4,806,com.android.apps.tag,1241,android.permission.CALL_PHONE]
09-01 22:54:23.274   957   957 I sysui_multi_action: [757,1243,758,4,806,com.android.storagemanager,1241,android.permission.READ_EXTERNAL_STORAGE]
09-01 22:54:23.274   502   512 D vold    : Remounting 10103 as mode default
09-01 22:54:23.280   957   957 I sysui_multi_action: [757,1243,758,4,806,com.android.storagemanager,1241,android.permission.WRITE_EXTERNAL_STORAGE]
09-01 22:54:23.281   502   512 D vold    : Remounting 10103 as mode default
09-01 22:54:23.286   957   957 I sysui_multi_action: [757,1243,758,4,806,com.android.companiondevicemanager,1241,android.permission.ACCESS_FINE_LOCATION]
09-01 22:54:23.286   957   957 I sysui_multi_action: [757,1243,758,4,806,com.android.companiondevicemanager,1241,android.permission.ACCESS_BACKGROUND_LOCATION]
09-01 22:54:23.289   957   957 I sysui_multi_action: [757,1243,758,4,806,com.android.sharedstoragebackup,1241,android.permission.WRITE_EXTERNAL_STORAGE]
09-01 22:54:23.289   502   512 D vold    : Remounting 10058 as mode full
09-01 22:54:23.294   957   957 I sysui_multi_action: [757,1243,758,4,806,com.android.sharedstoragebackup,1241,android.permission.READ_EXTERNAL_STORAGE]
09-01 22:54:23.295   502   512 D vold    : Remounting 10058 as mode full
09-01 22:54:23.340   957   957 I commit_sys_config_file: [package-session,26]
09-01 22:54:23.359   957  1324 I chatty  : uid=1000(system) android.io expire 13 lines
09-01 22:54:23.419   957  1325 I chatty  : uid=1000(system) android.display expire 2 lines
09-01 22:54:23.423   957   957 I boot_progress_ams_ready: 29444
09-01 22:54:23.515     0     0 I init    : Received control message 'stop' for 'idmap2d' from pid: 957 (system_server)
09-01 22:54:23.515     0     0 I init    : Sending signal 9 to service 'idmap2d' (pid 976) process group...
09-01 22:54:23.519   957  1056 I chatty  : uid=1000(system) Binder:957_2 expire 14 lines
09-01 22:54:23.521     0     0 I libprocessgroup: Successfully killed process cgroup uid 1000 pid 976 in 5ms
09-01 22:54:23.523     0     0 I init    : Service 'idmap2d' (pid 976) received signal 9
09-01 22:54:23.529   957  1503 I chatty  : uid=1000(system) StorageManagerS expire 1 line
09-01 22:54:23.618   957  1338 I commit_sys_config_file: [package-perms-0,69]
09-01 22:54:23.618   957   957 I am_uid_running: 10104
09-01 22:54:23.625   957  1602 I chatty  : uid=1000(system) AudioService expire 1 line
09-01 22:54:23.630   957  1642 I chatty  : uid=1000(system) UsbService host expire 4 lines
09-01 22:54:23.632   957  1322 I am_uid_running: 10055
09-01 22:54:23.635   957  1341 I am_proc_start: [0,1643,10104,com.android.systemui,service,{com.android.systemui/com.android.systemui.ImageWallpaper}]
09-01 22:54:23.635   957  1341 I chatty  : uid=1000(system) ActivityManager expire 16 lines
09-01 22:54:23.652   957  1341 I am_proc_start: [0,1658,10055,com.android.permissioncontroller,service,{com.android.permissioncontroller/com.android.packageinstaller.permission.service.PermissionControllerServiceImpl}]
09-01 22:54:23.669   957  1056 I am_proc_bound: [0,1643,com.android.systemui]
09-01 22:54:23.676   957  1056 I am_uid_active: 10104
09-01 22:54:23.679   957  1652 I am_proc_bound: [0,1658,com.android.permissioncontroller]
09-01 22:54:23.681   957  1652 I am_uid_active: 10055
09-01 22:54:23.683  1002  1113 I liblog  : 191
09-01 22:54:23.716   957  1652 I chatty  : uid=1000(system) Binder:957_4 expire 8 lines
09-01 22:54:23.736   957  1056 D TelephonyRegistry: listen oscl: mHasNotifySubscriptionInfoChangedOccurred==false no callback
09-01 22:54:23.765  1643  1643 D SystemUIBootTiming: DependencyInjection took to complete: 9ms
09-01 22:54:23.815   957  1324 I am_uid_running: 1002
09-01 22:54:23.821   957  1468 I commit_sys_config_file: [settings-0-0,63]
09-01 22:54:23.831   957  1341 I am_proc_start: [0,1729,1002,com.android.bluetooth,service,{com.android.bluetooth/com.android.bluetooth.btservice.AdapterService}]
09-01 22:54:23.847     0     0 I msm_vidc: info: Opening video instance: 0000000000000000, 1
09-01 22:54:23.853   957  1054 I am_proc_bound: [0,1729,com.android.bluetooth]
09-01 22:54:23.855   957  1054 I am_uid_active: 1002
09-01 22:54:23.858     0     0 I subsys-restart: __subsystem_get(): Changing subsys fw_name to venus
09-01 22:54:23.860   957  1748 I chatty  : uid=1000(system) Binder:957_5 expire 1 line
09-01 22:54:23.861   957  1054 I chatty  : uid=1000(system) Binder:957_1 expire 16 lines
09-01 22:54:23.867     0     0 I ueventd : firmware: loading 'venus.mdt' for '/devices/platform/soc/cce0000.qcom,venus/firmware/venus.mdt'
09-01 22:54:23.869     0     0 I ueventd : loading /devices/platform/soc/cce0000.qcom,venus/firmware/venus.mdt took 2ms
09-01 22:54:23.871     0     0 I subsys-pil-tz cce0000.qcom,venus: venus: loading from 0x000000009f800000 to 0x000000009fd00000
09-01 22:54:23.880   957  1749 I chatty  : uid=1000(system) Binder:957_6 expire 10 lines
09-01 22:54:23.896     0     0 I ueventd : firmware: loading 'venus.b03' for '/devices/platform/soc/cce0000.qcom,venus/firmware/venus.b03'
09-01 22:54:23.897     0     0 I ueventd : loading /devices/platform/soc/cce0000.qcom,venus/firmware/venus.b03 took 1ms
09-01 22:54:23.906     0     0 I ueventd : firmware: loading 'venus.b02' for '/devices/platform/soc/cce0000.qcom,venus/firmware/venus.b02'
09-01 22:54:23.908     0     0 I ueventd : firmware: loading 'venus.b04' for '/devices/platform/soc/cce0000.qcom,venus/firmware/venus.b04'
09-01 22:54:23.911     0     0 I ueventd : loading /devices/platform/soc/cce0000.qcom,venus/firmware/venus.b04 took 3ms
09-01 22:54:23.913     0     0 I ueventd : loading /devices/platform/soc/cce0000.qcom,venus/firmware/venus.b02 took 6ms
09-01 22:54:23.934     0     0 I subsys-pil-tz cce0000.qcom,venus: venus: Brought out of reset
09-01 22:54:23.963     0     0 I msm_vidc: info: Closed video instance: 0000000000000000
09-01 22:54:23.981     0     0 I msm_vidc: info: Opening video instance: 0000000000000000, 1
09-01 22:54:23.993     0     0 I msm_vidc: info: Closed video instance: 0000000000000000
09-01 22:54:24.014     0     0 I msm_vidc: info: Opening video instance: 0000000000000000, 1
09-01 22:54:24.021     0     0 I msm_vidc: info: Closed video instance: 0000000000000000
09-01 22:54:24.032     0     0 I msm_vidc: info: Opening video instance: 0000000000000000, 1
09-01 22:54:24.038     0     0 I msm_vidc: info: Closed video instance: 0000000000000000
09-01 22:54:24.049     0     0 I msm_vidc: info: Opening video instance: 0000000000000000, 1
09-01 22:54:24.058     0     0 I msm_vidc: info: Closed video instance: 0000000000000000
09-01 22:54:24.070     0     0 I msm_vidc: info: Opening video instance: 0000000000000000, 1
09-01 22:54:24.076     0     0 I msm_vidc: info: Closed video instance: 0000000000000000
09-01 22:54:24.088   502   512 D vold    : Remounting 1001 as mode write
09-01 22:54:24.095   502   512 D vold    : Found matching PID 1064
09-01 22:54:24.095   502   512 W vold    : Skipping due to root namespace
09-01 22:54:24.097     0     0 I msm_vidc: info: Opening video instance: 0000000000000000, 1
09-01 22:54:24.106   957  1466 I chatty  : uid=1000 system_server expire 5 lines
09-01 22:54:24.107     0     0 I msm_vidc: info: Closed video instance: 0000000000000000
09-01 22:54:24.107   502   512 D vold    : Remounting 1001 as mode write
09-01 22:54:24.110   957  1466 I am_uid_running: 1037
09-01 22:54:24.112   957  1054 I sysui_multi_action: [757,856,758,1,806,com.android.systemui,857,ALR,858,4]
09-01 22:54:24.112   957  1054 I sysui_multi_action: [757,856,758,1,806,com.android.systemui,857,GEN,858,1]
09-01 22:54:24.112   957  1054 I sysui_multi_action: [757,856,758,1,806,com.android.systemui,857,DSK,858,2]
09-01 22:54:24.112   957  1054 I sysui_multi_action: [757,856,758,1,806,com.android.systemui,857,SCN_HEADSUP,858,4]
09-01 22:54:24.112   957  1054 I sysui_multi_action: [757,856,758,1,806,com.android.systemui,857,BAT,858,5]
09-01 22:54:24.112   957  1054 I sysui_multi_action: [757,856,758,1,806,com.android.systemui,857,HNT,858,3]
09-01 22:54:24.113  1643  1643 D SystemUIBootTiming: StartServicescom.android.systemui.util.NotificationChannels took to complete: 4ms
09-01 22:54:24.113   502   512 D vold    : Found matching PID 1064
09-01 22:54:24.113   502   512 W vold    : Skipping due to root namespace
09-01 22:54:24.114  1643  1643 D SystemUIBootTiming: StartServicescom.android.systemui.statusbar.CommandQueue$CommandQueueStart took to complete: 1ms
09-01 22:54:24.114   502   502 D vold    : Remounting 1001 as mode write
09-01 22:54:24.119  1729  1784 I bt_config_source: 4
09-01 22:54:24.120   502   502 D vold    : Found matching PID 1064
09-01 22:54:24.120   502   502 W vold    : Skipping due to root namespace
09-01 22:54:24.122   502   512 D vold    : Remounting 1001 as mode write
09-01 22:54:24.127   502   512 D vold    : Found matching PID 1064
09-01 22:54:24.127   502   512 W vold    : Skipping due to root namespace
09-01 22:54:24.128     0     0 I msm_vidc: info: Opening video instance: 0000000000000000, 1
09-01 22:54:24.128   502   502 D vold    : Remounting 1001 as mode write
09-01 22:54:24.133   502   502 D vold    : Found matching PID 1064
09-01 22:54:24.133   502   502 W vold    : Skipping due to root namespace
09-01 22:54:24.134   502   616 D vold    : Remounting 1001 as mode write
09-01 22:54:24.139   502   616 D vold    : Found matching PID 1064
09-01 22:54:24.139   502   616 W vold    : Skipping due to root namespace
09-01 22:54:24.140   502   502 D vold    : Remounting 1001 as mode write
09-01 22:54:24.143     0     0 I msm_vidc: info: Closed video instance: 0000000000000000
09-01 22:54:24.146   502   502 D vold    : Found matching PID 1064
09-01 22:54:24.146   502   502 W vold    : Skipping due to root namespace
09-01 22:54:24.148   502   502 D vold    : Remounting 1001 as mode write
09-01 22:54:24.154   502   502 D vold    : Found matching PID 1064
09-01 22:54:24.154   502   502 W vold    : Skipping due to root namespace
09-01 22:54:24.155   502   512 D vold    : Remounting 1001 as mode write
09-01 22:54:24.162   502   512 D vold    : Found matching PID 1064
09-01 22:54:24.162   502   512 W vold    : Skipping due to root namespace
09-01 22:54:24.163   502   616 D vold    : Remounting 1001 as mode write
09-01 22:54:24.171   957  1341 I am_proc_start: [0,1796,1037,WebViewLoader-armeabi-v7a,NULL,]
09-01 22:54:24.172   502   616 D vold    : Found matching PID 1064
09-01 22:54:24.172   502   616 W vold    : Skipping due to root namespace
09-01 22:54:24.172   502   616 D vold    : Remounting 1001 as mode write
09-01 22:54:24.173   957  1588 I commit_sys_config_file: [net-policy,60]
09-01 22:54:24.173   957  1588 I chatty  : uid=1000(system) NetworkPolicy expire 1 line
09-01 22:54:24.184   502   616 D vold    : Found matching PID 1064
09-01 22:54:24.184   502   616 W vold    : Skipping due to root namespace
09-01 22:54:24.187     0     0 I msm_vidc: info: Opening video instance: 0000000000000000, 1
09-01 22:54:24.187   502   616 D vold    : Remounting 1001 as mode write
09-01 22:54:24.192   957  1341 I am_proc_start: [0,1806,1037,WebViewLoader-arm64-v8a,NULL,]
09-01 22:54:24.194   502   616 D vold    : Found matching PID 1064
09-01 22:54:24.194   502   616 W vold    : Skipping due to root namespace
09-01 22:54:24.196   502   616 D vold    : Remounting 1000 as mode full
09-01 22:54:24.198     0     0 I msm_vidc: info: Closed video instance: 0000000000000000
09-01 22:54:24.200   502   616 D vold    : Found matching PID 491
09-01 22:54:24.201   502   616 W vold    : Skipping due to root namespace
09-01 22:54:24.201   502   616 D vold    : Found matching PID 492
09-01 22:54:24.201   502   616 W vold    : Skipping due to root namespace
09-01 22:54:24.201   502   616 D vold    : Found matching PID 493
09-01 22:54:24.201   502   616 W vold    : Skipping due to root namespace
09-01 22:54:24.201   502   616 D vold    : Found matching PID 494
09-01 22:54:24.201   502   616 W vold    : Skipping due to root namespace
09-01 22:54:24.201   502   616 D vold    : Found matching PID 495
09-01 22:54:24.201   502   616 W vold    : Skipping due to root namespace
09-01 22:54:24.201   502   616 D vold    : Found matching PID 541
09-01 22:54:24.201   502   616 W vold    : Skipping due to root namespace
09-01 22:54:24.201   502   616 D vold    : Found matching PID 556
09-01 22:54:24.201   502   616 W vold    : Skipping due to root namespace
09-01 22:54:24.201   502   616 D vold    : Found matching PID 558
09-01 22:54:24.201   502   616 W vold    : Skipping due to root namespace
09-01 22:54:24.201   502   616 D vold    : Found matching PID 559
09-01 22:54:24.201   502   616 W vold    : Skipping due to root namespace
09-01 22:54:24.201   502   616 D vold    : Found matching PID 624
09-01 22:54:24.201   502   616 W vold    : Skipping due to root namespace
09-01 22:54:24.201   502   616 D vold    : Found matching PID 627
09-01 22:54:24.201   502   616 W vold    : Skipping due to root namespace
09-01 22:54:24.202   502   616 D vold    : Found matching PID 684
09-01 22:54:24.202   502   616 W vold    : Skipping due to root namespace
09-01 22:54:24.202   502   616 D vold    : Found matching PID 685
09-01 22:54:24.202   502   616 W vold    : Skipping due to root namespace
09-01 22:54:24.202   502   616 D vold    : Found matching PID 689
09-01 22:54:24.202   502   616 W vold    : Skipping due to root namespace
09-01 22:54:24.202   502   616 D vold    : Found matching PID 692
09-01 22:54:24.203   502   616 W vold    : Skipping due to root namespace
09-01 22:54:24.203   502   616 D vold    : Found matching PID 693
09-01 22:54:24.203   502   616 W vold    : Skipping due to root namespace
09-01 22:54:24.203   502   616 D vold    : Found matching PID 694
09-01 22:54:24.203   502   616 W vold    : Skipping due to root namespace
09-01 22:54:24.203   502   616 D vold    : Found matching PID 695
09-01 22:54:24.203   502   616 W vold    : Skipping due to root namespace
09-01 22:54:24.203   502   616 D vold    : Found matching PID 696
09-01 22:54:24.203   502   616 W vold    : Skipping due to root namespace
09-01 22:54:24.203   502   616 D vold    : Found matching PID 697
09-01 22:54:24.203   502   616 W vold    : Skipping due to root namespace
09-01 22:54:24.203   502   616 D vold    : Found matching PID 698
09-01 22:54:24.203   502   616 W vold    : Skipping due to root namespace
09-01 22:54:24.203   502   616 D vold    : Found matching PID 699
09-01 22:54:24.203   502   616 W vold    : Skipping due to root namespace
09-01 22:54:24.203   502   616 D vold    : Found matching PID 700
09-01 22:54:24.203   502   616 W vold    : Skipping due to root namespace
09-01 22:54:24.203   502   616 D vold    : Found matching PID 701
09-01 22:54:24.203   502   616 W vold    : Skipping due to root namespace
09-01 22:54:24.203   502   616 D vold    : Found matching PID 703
09-01 22:54:24.203   502   616 W vold    : Skipping due to root namespace
09-01 22:54:24.203   502   616 D vold    : Found matching PID 704
09-01 22:54:24.203   502   616 W vold    : Skipping due to root namespace
09-01 22:54:24.203   502   616 D vold    : Found matching PID 705
09-01 22:54:24.203   502   616 W vold    : Skipping due to root namespace
09-01 22:54:24.203   502   616 D vold    : Found matching PID 707
09-01 22:54:24.203   502   616 W vold    : Skipping due to root namespace
09-01 22:54:24.203   502   616 D vold    : Found matching PID 708
09-01 22:54:24.203   502   616 W vold    : Skipping due to root namespace
09-01 22:54:24.203   502   616 D vold    : Found matching PID 710
09-01 22:54:24.203   502   616 W vold    : Skipping due to root namespace
09-01 22:54:24.204   502   616 D vold    : Found matching PID 715
09-01 22:54:24.204   502   616 W vold    : Skipping due to root namespace
09-01 22:54:24.204   502   616 D vold    : Found matching PID 717
09-01 22:54:24.204   957  1748 I am_proc_bound: [0,1796,WebViewLoader-armeabi-v7a]
09-01 22:54:24.204   502   616 W vold    : Skipping due to root namespace
09-01 22:54:24.204   502   616 D vold    : Found matching PID 718
09-01 22:54:24.204   502   616 W vold    : Skipping due to root namespace
09-01 22:54:24.204   502   616 D vold    : Found matching PID 719
09-01 22:54:24.204   502   616 W vold    : Skipping due to root namespace
09-01 22:54:24.204   502   616 D vold    : Found matching PID 720
09-01 22:54:24.204   502   616 W vold    : Skipping due to root namespace
09-01 22:54:24.204   502   616 D vold    : Found matching PID 726
09-01 22:54:24.204   502   616 W vold    : Skipping due to root namespace
09-01 22:54:24.204   502   616 D vold    : Found matching PID 727
09-01 22:54:24.204   502   616 W vold    : Skipping due to root namespace
09-01 22:54:24.204   502   616 D vold    : Found matching PID 732
09-01 22:54:24.204   502   616 W vold    : Skipping due to root namespace
09-01 22:54:24.204   502   616 D vold    : Found matching PID 733
09-01 22:54:24.204   502   616 W vold    : Skipping due to root namespace
09-01 22:54:24.204   502   616 D vold    : Found matching PID 777
09-01 22:54:24.204   502   616 W vold    : Skipping due to root namespace
09-01 22:54:24.204   502   616 D vold    : Found matching PID 907
09-01 22:54:24.204   502   616 W vold    : Skipping due to root namespace
09-01 22:54:24.204   502   616 D vold    : Found matching PID 908
09-01 22:54:24.204   502   616 W vold    : Skipping due to root namespace
09-01 22:54:24.205   502   616 D vold    : Found matching PID 957
09-01 22:54:24.208   957  1748 I am_uid_active: 1037
09-01 22:54:24.211   957  1588 D TelephonyRegistry: listen oscl: mHasNotifySubscriptionInfoChangedOccurred==false no callback
09-01 22:54:24.214   957  1324 I commit_sys_config_file: [notification-policy,101]
09-01 22:54:24.215  1643  1643 D SystemUIBootTiming: StartServicescom.android.systemui.keyguard.KeyguardViewMediator took to complete: 101ms
09-01 22:54:24.215   957  1338 I chatty  : uid=1000(system) android.bg expire 4 lines
09-01 22:54:24.215   502   616 D vold    : Found matching PID 966
09-01 22:54:24.215   502   616 W vold    : Skipping due to root namespace
09-01 22:54:24.215   502   616 D vold    : Found matching PID 967
09-01 22:54:24.216   502   616 W vold    : Skipping due to root namespace
09-01 22:54:24.216   502   616 D vold    : Found matching PID 968
09-01 22:54:24.216   502   616 W vold    : Skipping due to root namespace
09-01 22:54:24.216   502   616 D vold    : Found matching PID 969
09-01 22:54:24.216   502   616 W vold    : Skipping due to root namespace
09-01 22:54:24.216   957  1652 I am_proc_bound: [0,1806,WebViewLoader-arm64-v8a]
09-01 22:54:24.216   502   616 D vold    : Found matching PID 996
09-01 22:54:24.216   502   616 W vold    : Skipping due to root namespace
09-01 22:54:24.216   502   616 D vold    : Found matching PID 1013
09-01 22:54:24.216   502   616 W vold    : Skipping due to root namespace
09-01 22:54:24.216   502   616 D vold    : Found matching PID 1015
09-01 22:54:24.216   502   616 W vold    : Skipping due to root namespace
09-01 22:54:24.216   502   616 D vold    : Found matching PID 1027
09-01 22:54:24.216   502   616 W vold    : Skipping due to root namespace
09-01 22:54:24.216   502   616 D vold    : Found matching PID 1055
09-01 22:54:24.216   502   616 W vold    : Skipping due to root namespace
09-01 22:54:24.216   502   616 D vold    : Found matching PID 1067
09-01 22:54:24.216   502   616 W vold    : Skipping due to root namespace
09-01 22:54:24.216   502   616 D vold    : Found matching PID 1087
09-01 22:54:24.216   502   616 W vold    : Skipping due to root namespace
09-01 22:54:24.216   502   616 D vold    : Found matching PID 1261
09-01 22:54:24.217   502   616 W vold    : Skipping due to root namespace
09-01 22:54:24.218   502   616 D vold    : Remounting 1000 as mode full
09-01 22:54:24.220     0     0 I msm_vidc: info: Opening video instance: 0000000000000000, 1
09-01 22:54:24.222  1643  1643 D SystemUIBootTiming: StartServicescom.android.systemui.recents.Recents took to complete: 7ms
09-01 22:54:24.222   502   616 D vold    : Found matching PID 491
09-01 22:54:24.222   502   616 W vold    : Skipping due to root namespace
09-01 22:54:24.222   502   616 D vold    : Found matching PID 492
09-01 22:54:24.223   502   616 W vold    : Skipping due to root namespace
09-01 22:54:24.223   502   616 D vold    : Found matching PID 493
09-01 22:54:24.223   502   616 W vold    : Skipping due to root namespace
09-01 22:54:24.223   502   616 D vold    : Found matching PID 494
09-01 22:54:24.223   502   616 W vold    : Skipping due to root namespace
09-01 22:54:24.223   502   616 D vold    : Found matching PID 495
09-01 22:54:24.223   502   616 W vold    : Skipping due to root namespace
09-01 22:54:24.223   502   616 D vold    : Found matching PID 541
09-01 22:54:24.223   502   616 W vold    : Skipping due to root namespace
09-01 22:54:24.223   502   616 D vold    : Found matching PID 556
09-01 22:54:24.223   502   616 W vold    : Skipping due to root namespace
09-01 22:54:24.223   502   616 D vold    : Found matching PID 558
09-01 22:54:24.223   502   616 W vold    : Skipping due to root namespace
09-01 22:54:24.223   502   616 D vold    : Found matching PID 559
09-01 22:54:24.223   502   616 W vold    : Skipping due to root namespace
09-01 22:54:24.224   502   616 D vold    : Found matching PID 624
09-01 22:54:24.224   502   616 W vold    : Skipping due to root namespace
09-01 22:54:24.224   502   616 D vold    : Found matching PID 627
09-01 22:54:24.224   502   616 W vold    : Skipping due to root namespace
09-01 22:54:24.224   502   616 D vold    : Found matching PID 684
09-01 22:54:24.224   502   616 W vold    : Skipping due to root namespace
09-01 22:54:24.224   502   616 D vold    : Found matching PID 685
09-01 22:54:24.224   502   616 W vold    : Skipping due to root namespace
09-01 22:54:24.224   502   616 D vold    : Found matching PID 689
09-01 22:54:24.224   502   616 W vold    : Skipping due to root namespace
09-01 22:54:24.225   502   616 D vold    : Found matching PID 692
09-01 22:54:24.225   502   616 W vold    : Skipping due to root namespace
09-01 22:54:24.225   502   616 D vold    : Found matching PID 693
09-01 22:54:24.225   502   616 W vold    : Skipping due to root namespace
09-01 22:54:24.225   502   616 D vold    : Found matching PID 694
09-01 22:54:24.225   502   616 W vold    : Skipping due to root namespace
09-01 22:54:24.225   502   616 D vold    : Found matching PID 695
09-01 22:54:24.225   502   616 W vold    : Skipping due to root namespace
09-01 22:54:24.225   502   616 D vold    : Found matching PID 696
09-01 22:54:24.225   502   616 W vold    : Skipping due to root namespace
09-01 22:54:24.225   502   616 D vold    : Found matching PID 697
09-01 22:54:24.225   502   616 W vold    : Skipping due to root namespace
09-01 22:54:24.225   502   616 D vold    : Found matching PID 698
09-01 22:54:24.225   502   616 W vold    : Skipping due to root namespace
09-01 22:54:24.225   502   616 D vold    : Found matching PID 699
09-01 22:54:24.225   502   616 W vold    : Skipping due to root namespace
09-01 22:54:24.225   502   616 D vold    : Found matching PID 700
09-01 22:54:24.225   502   616 W vold    : Skipping due to root namespace
09-01 22:54:24.226   502   616 D vold    : Found matching PID 701
09-01 22:54:24.226   502   616 W vold    : Skipping due to root namespace
09-01 22:54:24.226   502   616 D vold    : Found matching PID 703
09-01 22:54:24.226   502   616 W vold    : Skipping due to root namespace
09-01 22:54:24.226   502   616 D vold    : Found matching PID 704
09-01 22:54:24.226   502   616 W vold    : Skipping due to root namespace
09-01 22:54:24.226   502   616 D vold    : Found matching PID 705
09-01 22:54:24.226   502   616 W vold    : Skipping due to root namespace
09-01 22:54:24.226   502   616 D vold    : Found matching PID 707
09-01 22:54:24.226   502   616 W vold    : Skipping due to root namespace
09-01 22:54:24.226   502   616 D vold    : Found matching PID 708
09-01 22:54:24.226   502   616 W vold    : Skipping due to root namespace
09-01 22:54:24.226   502   616 D vold    : Found matching PID 710
09-01 22:54:24.226   502   616 W vold    : Skipping due to root namespace
09-01 22:54:24.226   502   616 D vold    : Found matching PID 715
09-01 22:54:24.226   502   616 W vold    : Skipping due to root namespace
09-01 22:54:24.226   502   616 D vold    : Found matching PID 717
09-01 22:54:24.226   502   616 W vold    : Skipping due to root namespace
09-01 22:54:24.226   502   616 D vold    : Found matching PID 718
09-01 22:54:24.226   502   616 W vold    : Skipping due to root namespace
09-01 22:54:24.226   502   616 D vold    : Found matching PID 719
09-01 22:54:24.226   502   616 W vold    : Skipping due to root namespace
09-01 22:54:24.226   502   616 D vold    : Found matching PID 720
09-01 22:54:24.226   502   616 W vold    : Skipping due to root namespace
09-01 22:54:24.226   502   616 D vold    : Found matching PID 726
09-01 22:54:24.226   502   616 W vold    : Skipping due to root namespace
09-01 22:54:24.226   502   616 D vold    : Found matching PID 727
09-01 22:54:24.226   502   616 W vold    : Skipping due to root namespace
09-01 22:54:24.226   502   616 D vold    : Found matching PID 732
09-01 22:54:24.227   502   616 W vold    : Skipping due to root namespace
09-01 22:54:24.227   502   616 D vold    : Found matching PID 733
09-01 22:54:24.227   502   616 W vold    : Skipping due to root namespace
09-01 22:54:24.227   502   616 D vold    : Found matching PID 777
09-01 22:54:24.227   502   616 W vold    : Skipping due to root namespace
09-01 22:54:24.227   502   616 D vold    : Found matching PID 907
09-01 22:54:24.227   502   616 W vold    : Skipping due to root namespace
09-01 22:54:24.227   502   616 D vold    : Found matching PID 908
09-01 22:54:24.227   502   616 W vold    : Skipping due to root namespace
09-01 22:54:24.227   502   616 D vold    : Found matching PID 957
09-01 22:54:24.235     0     0 I msm_vidc: info: Closed video instance: 0000000000000000
09-01 22:54:24.237   502   616 D vold    : Found matching PID 966
09-01 22:54:24.237   502   616 W vold    : Skipping due to root namespace
09-01 22:54:24.237   502   616 D vold    : Found matching PID 967
09-01 22:54:24.237   502   616 W vold    : Skipping due to root namespace
09-01 22:54:24.237   502   616 D vold    : Found matching PID 968
09-01 22:54:24.237   502   616 W vold    : Skipping due to root namespace
09-01 22:54:24.237   502   616 D vold    : Found matching PID 969
09-01 22:54:24.237   502   616 W vold    : Skipping due to root namespace
09-01 22:54:24.237   502   616 D vold    : Found matching PID 996
09-01 22:54:24.237   502   616 W vold    : Skipping due to root namespace
09-01 22:54:24.238   502   616 D vold    : Found matching PID 1013
09-01 22:54:24.238   502   616 W vold    : Skipping due to root namespace
09-01 22:54:24.238   502   616 D vold    : Found matching PID 1015
09-01 22:54:24.238   502   616 W vold    : Skipping due to root namespace
09-01 22:54:24.238   502   616 D vold    : Found matching PID 1027
09-01 22:54:24.238   502   616 W vold    : Skipping due to root namespace
09-01 22:54:24.238   502   616 D vold    : Found matching PID 1055
09-01 22:54:24.238   502   616 W vold    : Skipping due to root namespace
09-01 22:54:24.238   502   616 D vold    : Found matching PID 1067
09-01 22:54:24.238   502   616 W vold    : Skipping due to root namespace
09-01 22:54:24.238   502   616 D vold    : Found matching PID 1087
09-01 22:54:24.238   502   616 W vold    : Skipping due to root namespace
09-01 22:54:24.238   502   616 D vold    : Found matching PID 1261
09-01 22:54:24.238   502   616 W vold    : Skipping due to root namespace
09-01 22:54:24.241   502   616 D vold    : Remounting 1000 as mode full
09-01 22:54:24.245   502   616 D vold    : Found matching PID 491
09-01 22:54:24.245   502   616 W vold    : Skipping due to root namespace
09-01 22:54:24.245   502   616 D vold    : Found matching PID 492
09-01 22:54:24.245   502   616 W vold    : Skipping due to root namespace
09-01 22:54:24.245   502   616 D vold    : Found matching PID 493
09-01 22:54:24.245   502   616 W vold    : Skipping due to root namespace
09-01 22:54:24.245   502   616 D vold    : Found matching PID 494
09-01 22:54:24.245   502   616 W vold    : Skipping due to root namespace
09-01 22:54:24.245   502   616 D vold    : Found matching PID 495
09-01 22:54:24.245   502   616 W vold    : Skipping due to root namespace
09-01 22:54:24.245   502   616 D vold    : Found matching PID 541
09-01 22:54:24.245   502   616 W vold    : Skipping due to root namespace
09-01 22:54:24.246   502   616 D vold    : Found matching PID 556
09-01 22:54:24.246   502   616 W vold    : Skipping due to root namespace
09-01 22:54:24.246   502   616 D vold    : Found matching PID 558
09-01 22:54:24.246   502   616 W vold    : Skipping due to root namespace
09-01 22:54:24.246   502   616 D vold    : Found matching PID 559
09-01 22:54:24.246   502   616 W vold    : Skipping due to root namespace
09-01 22:54:24.246   502   616 D vold    : Found matching PID 624
09-01 22:54:24.246   502   616 W vold    : Skipping due to root namespace
09-01 22:54:24.246   502   616 D vold    : Found matching PID 627
09-01 22:54:24.246   502   616 W vold    : Skipping due to root namespace
09-01 22:54:24.246   502   616 D vold    : Found matching PID 684
09-01 22:54:24.246   502   616 W vold    : Skipping due to root namespace
09-01 22:54:24.246   502   616 D vold    : Found matching PID 685
09-01 22:54:24.246   502   616 W vold    : Skipping due to root namespace
09-01 22:54:24.246   502   616 D vold    : Found matching PID 689
09-01 22:54:24.246   502   616 W vold    : Skipping due to root namespace
09-01 22:54:24.247   502   616 D vold    : Found matching PID 692
09-01 22:54:24.247   502   616 W vold    : Skipping due to root namespace
09-01 22:54:24.247   502   616 D vold    : Found matching PID 693
09-01 22:54:24.247   502   616 W vold    : Skipping due to root namespace
09-01 22:54:24.247   502   616 D vold    : Found matching PID 694
09-01 22:54:24.247   502   616 W vold    : Skipping due to root namespace
09-01 22:54:24.247   502   616 D vold    : Found matching PID 695
09-01 22:54:24.247   502   616 W vold    : Skipping due to root namespace
09-01 22:54:24.247   502   616 D vold    : Found matching PID 696
09-01 22:54:24.247   502   616 W vold    : Skipping due to root namespace
09-01 22:54:24.247   502   616 D vold    : Found matching PID 697
09-01 22:54:24.247   502   616 W vold    : Skipping due to root namespace
09-01 22:54:24.247   502   616 D vold    : Found matching PID 698
09-01 22:54:24.247   502   616 W vold    : Skipping due to root namespace
09-01 22:54:24.247   502   616 D vold    : Found matching PID 699
09-01 22:54:24.247   502   616 W vold    : Skipping due to root namespace
09-01 22:54:24.247   502   616 D vold    : Found matching PID 700
09-01 22:54:24.247   502   616 W vold    : Skipping due to root namespace
09-01 22:54:24.247   502   616 D vold    : Found matching PID 701
09-01 22:54:24.247   502   616 W vold    : Skipping due to root namespace
09-01 22:54:24.247   502   616 D vold    : Found matching PID 703
09-01 22:54:24.248   502   616 W vold    : Skipping due to root namespace
09-01 22:54:24.248   502   616 D vold    : Found matching PID 704
09-01 22:54:24.248   502   616 W vold    : Skipping due to root namespace
09-01 22:54:24.248   502   616 D vold    : Found matching PID 705
09-01 22:54:24.248   502   616 W vold    : Skipping due to root namespace
09-01 22:54:24.248   502   616 D vold    : Found matching PID 707
09-01 22:54:24.248   502   616 W vold    : Skipping due to root namespace
09-01 22:54:24.248   502   616 D vold    : Found matching PID 708
09-01 22:54:24.248   502   616 W vold    : Skipping due to root namespace
09-01 22:54:24.248   502   616 D vold    : Found matching PID 710
09-01 22:54:24.248   502   616 W vold    : Skipping due to root namespace
09-01 22:54:24.248   502   616 D vold    : Found matching PID 715
09-01 22:54:24.248   502   616 W vold    : Skipping due to root namespace
09-01 22:54:24.248   502   616 D vold    : Found matching PID 717
09-01 22:54:24.248   502   616 W vold    : Skipping due to root namespace
09-01 22:54:24.248   502   616 D vold    : Found matching PID 718
09-01 22:54:24.248   502   616 W vold    : Skipping due to root namespace
09-01 22:54:24.248   502   616 D vold    : Found matching PID 719
09-01 22:54:24.248   502   616 W vold    : Skipping due to root namespace
09-01 22:54:24.248   502   616 D vold    : Found matching PID 720
09-01 22:54:24.248   502   616 W vold    : Skipping due to root namespace
09-01 22:54:24.248   502   616 D vold    : Found matching PID 726
09-01 22:54:24.248   502   616 W vold    : Skipping due to root namespace
09-01 22:54:24.248   502   616 D vold    : Found matching PID 727
09-01 22:54:24.248   502   616 W vold    : Skipping due to root namespace
09-01 22:54:24.248   502   616 D vold    : Found matching PID 732
09-01 22:54:24.248   502   616 W vold    : Skipping due to root namespace
09-01 22:54:24.248   502   616 D vold    : Found matching PID 733
09-01 22:54:24.248   502   616 W vold    : Skipping due to root namespace
09-01 22:54:24.248   502   616 D vold    : Found matching PID 777
09-01 22:54:24.249   502   616 W vold    : Skipping due to root namespace
09-01 22:54:24.249   502   616 D vold    : Found matching PID 907
09-01 22:54:24.249   502   616 W vold    : Skipping due to root namespace
09-01 22:54:24.249   502   616 D vold    : Found matching PID 908
09-01 22:54:24.249   502   616 W vold    : Skipping due to root namespace
09-01 22:54:24.249   502   616 D vold    : Found matching PID 957
09-01 22:54:24.254     0     0 I msm_vidc: info: Opening video instance: 0000000000000000, 1
09-01 22:54:24.259     0     0 I msm_vidc: info: Closed video instance: 0000000000000000
09-01 22:54:24.259   502   616 D vold    : Found matching PID 966
09-01 22:54:24.260   502   616 W vold    : Skipping due to root namespace
09-01 22:54:24.260   502   616 D vold    : Found matching PID 967
09-01 22:54:24.260   502   616 W vold    : Skipping due to root namespace
09-01 22:54:24.260   502   616 D vold    : Found matching PID 968
09-01 22:54:24.260   502   616 W vold    : Skipping due to root namespace
09-01 22:54:24.260   502   616 D vold    : Found matching PID 969
09-01 22:54:24.260   502   616 W vold    : Skipping due to root namespace
09-01 22:54:24.260   502   616 D vold    : Found matching PID 996
09-01 22:54:24.260   502   616 W vold    : Skipping due to root namespace
09-01 22:54:24.260   502   616 D vold    : Found matching PID 1013
09-01 22:54:24.260   502   616 W vold    : Skipping due to root namespace
09-01 22:54:24.260   502   616 D vold    : Found matching PID 1015
09-01 22:54:24.260   502   616 W vold    : Skipping due to root namespace
09-01 22:54:24.260   502   616 D vold    : Found matching PID 1027
09-01 22:54:24.260   502   616 W vold    : Skipping due to root namespace
09-01 22:54:24.260   502   616 D vold    : Found matching PID 1055
09-01 22:54:24.260   502   616 W vold    : Skipping due to root namespace
09-01 22:54:24.260   502   616 D vold    : Found matching PID 1067
09-01 22:54:24.260   502   616 W vold    : Skipping due to root namespace
09-01 22:54:24.260   502   616 D vold    : Found matching PID 1087
09-01 22:54:24.261   502   616 W vold    : Skipping due to root namespace
09-01 22:54:24.261   502   616 D vold    : Found matching PID 1261
09-01 22:54:24.261   502   616 W vold    : Skipping due to root namespace
09-01 22:54:24.263   502   616 D vold    : Remounting 1000 as mode full
09-01 22:54:24.267   502   616 D vold    : Found matching PID 491
09-01 22:54:24.267   502   616 W vold    : Skipping due to root namespace
09-01 22:54:24.267   502   616 D vold    : Found matching PID 492
09-01 22:54:24.267   502   616 W vold    : Skipping due to root namespace
09-01 22:54:24.267   502   616 D vold    : Found matching PID 493
09-01 22:54:24.267   502   616 W vold    : Skipping due to root namespace
09-01 22:54:24.267   502   616 D vold    : Found matching PID 494
09-01 22:54:24.267   502   616 W vold    : Skipping due to root namespace
09-01 22:54:24.267   502   616 D vold    : Found matching PID 495
09-01 22:54:24.267   502   616 W vold    : Skipping due to root namespace
09-01 22:54:24.267   502   616 D vold    : Found matching PID 541
09-01 22:54:24.267   502   616 W vold    : Skipping due to root namespace
09-01 22:54:24.267   502   616 D vold    : Found matching PID 556
09-01 22:54:24.267   502   616 W vold    : Skipping due to root namespace
09-01 22:54:24.267   502   616 D vold    : Found matching PID 558
09-01 22:54:24.268   502   616 W vold    : Skipping due to root namespace
09-01 22:54:24.268   502   616 D vold    : Found matching PID 559
09-01 22:54:24.268   502   616 W vold    : Skipping due to root namespace
09-01 22:54:24.268   502   616 D vold    : Found matching PID 624
09-01 22:54:24.268   502   616 W vold    : Skipping due to root namespace
09-01 22:54:24.268   502   616 D vold    : Found matching PID 627
09-01 22:54:24.268   502   616 W vold    : Skipping due to root namespace
09-01 22:54:24.268   502   616 D vold    : Found matching PID 684
09-01 22:54:24.268   502   616 W vold    : Skipping due to root namespace
09-01 22:54:24.268   502   616 D vold    : Found matching PID 685
09-01 22:54:24.268   502   616 W vold    : Skipping due to root namespace
09-01 22:54:24.268   502   616 D vold    : Found matching PID 689
09-01 22:54:24.268   502   616 W vold    : Skipping due to root namespace
09-01 22:54:24.269   502   616 D vold    : Found matching PID 692
09-01 22:54:24.269   502   616 W vold    : Skipping due to root namespace
09-01 22:54:24.269   502   616 D vold    : Found matching PID 693
09-01 22:54:24.269   502   616 W vold    : Skipping due to root namespace
09-01 22:54:24.269   502   616 D vold    : Found matching PID 694
09-01 22:54:24.269   502   616 W vold    : Skipping due to root namespace
09-01 22:54:24.269   502   616 D vold    : Found matching PID 695
09-01 22:54:24.269   502   616 W vold    : Skipping due to root namespace
09-01 22:54:24.269   502   616 D vold    : Found matching PID 696
09-01 22:54:24.269   502   616 W vold    : Skipping due to root namespace
09-01 22:54:24.269   502   616 D vold    : Found matching PID 697
09-01 22:54:24.269   502   616 W vold    : Skipping due to root namespace
09-01 22:54:24.269   502   616 D vold    : Found matching PID 698
09-01 22:54:24.269   502   616 W vold    : Skipping due to root namespace
09-01 22:54:24.269   502   616 D vold    : Found matching PID 699
09-01 22:54:24.269   502   616 W vold    : Skipping due to root namespace
09-01 22:54:24.269   502   616 D vold    : Found matching PID 700
09-01 22:54:24.269   502   616 W vold    : Skipping due to root namespace
09-01 22:54:24.269   502   616 D vold    : Found matching PID 701
09-01 22:54:24.269   502   616 W vold    : Skipping due to root namespace
09-01 22:54:24.269   502   616 D vold    : Found matching PID 703
09-01 22:54:24.269   502   616 W vold    : Skipping due to root namespace
09-01 22:54:24.269   502   616 D vold    : Found matching PID 704
09-01 22:54:24.269   502   616 W vold    : Skipping due to root namespace
09-01 22:54:24.269   502   616 D vold    : Found matching PID 705
09-01 22:54:24.269   502   616 W vold    : Skipping due to root namespace
09-01 22:54:24.269   502   616 D vold    : Found matching PID 707
09-01 22:54:24.269   502   616 W vold    : Skipping due to root namespace
09-01 22:54:24.269   502   616 D vold    : Found matching PID 708
09-01 22:54:24.269   502   616 W vold    : Skipping due to root namespace
09-01 22:54:24.269   502   616 D vold    : Found matching PID 710
09-01 22:54:24.270   502   616 W vold    : Skipping due to root namespace
09-01 22:54:24.270   502   616 D vold    : Found matching PID 715
09-01 22:54:24.270   502   616 W vold    : Skipping due to root namespace
09-01 22:54:24.270   502   616 D vold    : Found matching PID 717
09-01 22:54:24.270   502   616 W vold    : Skipping due to root namespace
09-01 22:54:24.270   502   616 D vold    : Found matching PID 718
09-01 22:54:24.270   502   616 W vold    : Skipping due to root namespace
09-01 22:54:24.270   502   616 D vold    : Found matching PID 719
09-01 22:54:24.270   502   616 W vold    : Skipping due to root namespace
09-01 22:54:24.270   502   616 D vold    : Found matching PID 720
09-01 22:54:24.270   502   616 W vold    : Skipping due to root namespace
09-01 22:54:24.270   502   616 D vold    : Found matching PID 726
09-01 22:54:24.270   502   616 W vold    : Skipping due to root namespace
09-01 22:54:24.270   502   616 D vold    : Found matching PID 727
09-01 22:54:24.270   502   616 W vold    : Skipping due to root namespace
09-01 22:54:24.270   502   616 D vold    : Found matching PID 732
09-01 22:54:24.270   502   616 W vold    : Skipping due to root namespace
09-01 22:54:24.270   502   616 D vold    : Found matching PID 733
09-01 22:54:24.270   502   616 W vold    : Skipping due to root namespace
09-01 22:54:24.270   502   616 D vold    : Found matching PID 777
09-01 22:54:24.270   502   616 W vold    : Skipping due to root namespace
09-01 22:54:24.270   502   616 D vold    : Found matching PID 907
