09-01 23:30:45.300   684   802 D ACDB-LOADER: ACDB -> ACDB_CMD_GET_ANC_SETTING
09-01 23:30:45.300   684   802 D         : Failed to fetch the lookup information of the device 0000001A 
09-01 23:30:45.300   684   802 E ACDB-LOADER: Error: ACDB ANC returned = -19
09-01 23:30:45.300   684   802 D ACDB-LOADER: ACDB -> ACDB_CMD_GET_ANC_SETTING
09-01 23:30:45.300   684   802 D         : Failed to fetch the lookup information of the device 0000001A 
09-01 23:30:45.300   684   802 E ACDB-LOADER: Error: ACDB ANC returned = -19
09-01 23:30:45.300   684   802 D ACDB-LOADER: ACDB -> ACDB_CMD_GET_ANC_SETTING
09-01 23:30:45.300   684   802 D         : Failed to fetch the lookup information of the device 0000001A 
09-01 23:30:45.300   684   802 E ACDB-LOADER: Error: ACDB ANC returned = -19
09-01 23:30:45.300   684   802 D ACDB-LOADER: ACDB -> ACDB_CMD_GET_ANC_SETTING
09-01 23:30:45.300   684   802 D         : Failed to fetch the lookup information of the device 0000001B 
09-01 23:30:45.300   684   802 E ACDB-LOADER: Error: ACDB ANC returned = -19
09-01 23:30:45.300   684   802 D ACDB-LOADER: ACDB -> ACDB_CMD_GET_ANC_SETTING
09-01 23:30:45.300   684   802 D         : Failed to fetch the lookup information of the device 0000001B 
09-01 23:30:45.300   684   802 E ACDB-LOADER: Error: ACDB ANC returned = -19
09-01 23:30:45.300   684   802 D ACDB-LOADER: ACDB -> ACDB_CMD_GET_ANC_SETTING
09-01 23:30:45.300   684   802 D         : Failed to fetch the lookup information of the device 0000001B 
09-01 23:30:45.300   684   802 E ACDB-LOADER: Error: ACDB ANC returned = -19
09-01 23:30:45.300   684   802 D ACDB-LOADER: ACDB -> ACDB_CMD_GET_ANC_SETTING
09-01 23:30:45.300   684   802 D         : Failed to fetch the lookup information of the device 0000001C 
09-01 23:30:45.300   684   802 E ACDB-LOADER: Error: ACDB ANC returned = -19
09-01 23:30:45.300   684   802 D ACDB-LOADER: ACDB -> ACDB_CMD_GET_ANC_SETTING
09-01 23:30:45.300   684   802 D         : Failed to fetch the lookup information of the device 0000001C 
09-01 23:30:45.300   684   802 E ACDB-LOADER: Error: ACDB ANC returned = -19
09-01 23:30:45.300   684   802 D ACDB-LOADER: ACDB -> ACDB_CMD_GET_ANC_SETTING
09-01 23:30:45.300   684   802 D         : Failed to fetch the lookup information of the device 0000001C 
09-01 23:30:45.300   684   802 E ACDB-LOADER: Error: ACDB ANC returned = -19
09-01 23:30:45.300   684   802 D ACDB-LOADER: ACDB -> ACDB_CMD_GET_ANC_SETTING
09-01 23:30:45.300   684   802 D         : Failed to fetch the lookup information of the device 0000001D 
09-01 23:30:45.300   684   802 E ACDB-LOADER: Error: ACDB ANC returned = -19
09-01 23:30:45.300   684   802 D ACDB-LOADER: ACDB -> ACDB_CMD_GET_ANC_SETTING
09-01 23:30:45.300   684   802 D         : Failed to fetch the lookup information of the device 0000001D 
09-01 23:30:45.300   684   802 E ACDB-LOADER: Error: ACDB ANC returned = -19
09-01 23:30:45.300   684   802 D ACDB-LOADER: ACDB -> ACDB_CMD_GET_ANC_SETTING
09-01 23:30:45.300   684   802 D         : Failed to fetch the lookup information of the device 0000001D 
09-01 23:30:45.300   684   802 E ACDB-LOADER: Error: ACDB ANC returned = -19
09-01 23:30:45.300   684   802 D ACDB-LOADER: ACDB -> ACDB_CMD_GET_ANC_SETTING
09-01 23:30:45.300   684   802 D         : Failed to fetch the lookup information of the device 0000001E 
09-01 23:30:45.300   684   802 E ACDB-LOADER: Error: ACDB ANC returned = -19
09-01 23:30:45.300   684   802 D ACDB-LOADER: ACDB -> ACDB_CMD_GET_ANC_SETTING
09-01 23:30:45.300   684   802 D         : Failed to fetch the lookup information of the device 0000001E 
09-01 23:30:45.300   684   802 E ACDB-LOADER: Error: ACDB ANC returned = -19
09-01 23:30:45.300   684   802 D ACDB-LOADER: ACDB -> ACDB_CMD_GET_ANC_SETTING
09-01 23:30:45.300   684   802 D         : Failed to fetch the lookup information of the device 0000001E 
09-01 23:30:45.300   684   802 E ACDB-LOADER: Error: ACDB ANC returned = -19
09-01 23:30:45.300   684   802 D ACDB-LOADER: ACDB -> ACDB_CMD_GET_ANC_SETTING
09-01 23:30:45.300   684   802 D         : Failed to fetch the lookup information of the device 0000001F 
09-01 23:30:45.300   684   802 E ACDB-LOADER: Error: ACDB ANC returned = -19
09-01 23:30:45.300   684   802 D ACDB-LOADER: ACDB -> ACDB_CMD_GET_ANC_SETTING
09-01 23:30:45.300   684   802 D         : Failed to fetch the lookup information of the device 0000001F 
09-01 23:30:45.300   684   802 E ACDB-LOADER: Error: ACDB ANC returned = -19
09-01 23:30:45.300   684   802 D ACDB-LOADER: ACDB -> ACDB_CMD_GET_ANC_SETTING
09-01 23:30:45.300   684   802 D         : Failed to fetch the lookup information of the device 0000001F 
09-01 23:30:45.300   684   802 E ACDB-LOADER: Error: ACDB ANC returned = -19
09-01 23:30:45.300   684   802 D ACDB-LOADER: ACDB -> ACDB_CMD_GET_ANC_SETTING
09-01 23:30:45.300   684   802 D         : Failed to fetch the lookup information of the device 00000067 
09-01 23:30:45.300   684   802 E ACDB-LOADER: Error: ACDB ANC returned = -19
09-01 23:30:45.300   684   802 D ACDB-LOADER: ACDB -> ACDB_CMD_GET_ANC_SETTING
09-01 23:30:45.300   684   802 D         : Failed to fetch the lookup information of the device 00000067 
09-01 23:30:45.300   684   802 E ACDB-LOADER: Error: ACDB ANC returned = -19
09-01 23:30:45.300   684   802 D ACDB-LOADER: ACDB -> ACDB_CMD_GET_ANC_SETTING
09-01 23:30:45.300   684   802 D         : Failed to fetch the lookup information of the device 00000067 
09-01 23:30:45.300   684   802 E ACDB-LOADER: Error: ACDB ANC returned = -19
09-01 23:30:45.300   684   802 D ACDB-LOADER: ACDB -> ACDB_CMD_GET_ANC_SETTING
09-01 23:30:45.300   684   802 D         : Failed to fetch the lookup information of the device 00000056 
09-01 23:30:45.300   684   802 E ACDB-LOADER: Error: ACDB ANC returned = -19
09-01 23:30:45.300   684   802 D ACDB-LOADER: ACDB -> ACDB_CMD_GET_ANC_SETTING
09-01 23:30:45.300   684   802 D         : Failed to fetch the lookup information of the device 00000056 
09-01 23:30:45.300   684   802 E ACDB-LOADER: Error: ACDB ANC returned = -19
09-01 23:30:45.300   684   802 D ACDB-LOADER: ACDB -> ACDB_CMD_GET_ANC_SETTING
09-01 23:30:45.300   684   802 D         : Failed to fetch the lookup information of the device 00000056 
09-01 23:30:45.300   684   802 E ACDB-LOADER: Error: ACDB ANC returned = -19
09-01 23:30:45.300   684   802 D ACDB-LOADER: ACDB -> ACDB_CMD_GET_ANC_SETTING
09-01 23:30:45.300   684   802 D         : Failed to fetch the lookup information of the device 00000059 
09-01 23:30:45.300   684   802 E ACDB-LOADER: Error: ACDB ANC returned = -19
09-01 23:30:45.300   684   802 D ACDB-LOADER: ACDB -> ACDB_CMD_GET_ANC_SETTING
09-01 23:30:45.300   684   802 D         : Failed to fetch the lookup information of the device 00000059 
09-01 23:30:45.300   684   802 E ACDB-LOADER: Error: ACDB ANC returned = -19
09-01 23:30:45.301   684   802 D ACDB-LOADER: ACDB -> ACDB_CMD_GET_ANC_SETTING
09-01 23:30:45.301   684   802 D         : Failed to fetch the lookup information of the device 00000059 
09-01 23:30:45.301   684   802 E ACDB-LOADER: Error: ACDB ANC returned = -19
09-01 23:30:45.301   684   802 E msm8974_platform: send_codec_cal: anc_cal Failed to call ioctl, err=14
09-01 23:30:45.301     0     0 E wcdcal_hwdep_ioctl_shared: codec didn't set this 0!!
09-01 23:30:45.301   684   802 D ACDB-LOADER: send mbhc data
09-01 23:30:45.301   684   802 D ACDB-LOADER: ACDB -> MBHC ACDB_PID_GENERAL_CONFIG
09-01 23:30:45.301   684   802 D ACDB-LOADER: ACDB -> MBHC ACDB_PID_PLUG_REMOVAL_DETECTION
09-01 23:30:45.301   684   802 D ACDB-LOADER: ACDB -> MBHC ACDB_PID_PLUG_TYPE_DETECTION
09-01 23:30:45.301   684   802 D ACDB-LOADER: ACDB -> MBHC ACDB_PID_BUTTON_PRESS_DETECTION
09-01 23:30:45.301   684   802 D ACDB-LOADER: ACDB -> MBHC ACDB_PID_IMPEDANCE_DETECTION
09-01 23:30:45.301   684   802 D msm8974_platform: send_codec_cal: mbhc_cal cal sent successfully
09-01 23:30:45.301   684   802 D ACDB-LOADER: send vbat data
09-01 23:30:45.301   684   802 D ACDB-LOADER: ACDB -> VBAT ACDB_PID_ADC_CAL
09-01 23:30:45.301   684   802 D ACDB-LOADER: ACDB -> VBAT ACDB_PID_GAIN_PROC
09-01 23:30:45.301   684   802 D ACDB-LOADER: send vbat data, calling convert_vbat_data
09-01 23:30:45.301   684   802 D ACDB-LOADER: copied vbat cal size =72
09-01 23:30:45.301   684   802 E msm8974_platform: send_codec_cal: vbat_cal Failed to call ioctl, err=14
09-01 23:30:45.301     0     0 E wcdcal_hwdep_ioctl_shared: codec didn't set this 3!!
09-01 23:30:45.301   684   802 D audio_log_utils: read_module
09-01 23:30:45.301   684   802 D audio_log_utils: read_module: calling parse module xml file
09-01 23:30:45.301   684   802 D audio_log_utils: parse_module_xml_file: parse hal log mask
09-01 23:30:45.301   684   802 D log_xml_parser: parse_log_xml: Failed to open file /data/vendor/audio/audio_dynamic_log.xml
09-01 23:30:45.301   684   802 E audio_log_utils: parse_module_xml_file: could not parse hal logmask
09-01 23:30:45.301   684   802 D audio_log_utils: parse_module_xml_file: exit
09-01 23:30:45.301   684  1469 D audio_log_utils: monitor_mod_file_change
09-01 23:30:45.302   684   802 W msm8974_platform: init_be_dai_name_table: sound device  has no hw interface set
09-01 23:30:45.302   684   802 W msm8974_platform: init_be_dai_name_table: sound device headphones-hifi-filter has no hw interface set
09-01 23:30:45.302   684   802 D msm8974_platform: init_be_dai_name_table: sound device speaker-and-headphones does not have a valid hw interface set (disregard for combo devices) INT0_MI2S_RX-and-INT0_MI2S_RX
09-01 23:30:45.302   684   802 W msm8974_platform: init_be_dai_name_table: sound device speaker-and-headphones-hifi-filter has no hw interface set
09-01 23:30:45.302   684   802 D msm8974_platform: init_be_dai_name_table: sound device speaker-safe-and-headphones does not have a valid hw interface set (disregard for combo devices) SLIMBUS_0_RX-and-SLIMBUS_6_RX
09-01 23:30:45.302   684   802 D msm8974_platform: init_be_dai_name_table: sound device speaker-and-line does not have a valid hw interface set (disregard for combo devices) INT0_MI2S_RX-and-INT0_MI2S_RX
09-01 23:30:45.302   684   802 D msm8974_platform: init_be_dai_name_table: sound device speaker-safe-and-line does not have a valid hw interface set (disregard for combo devices) SLIMBUS_0_RX-and-SLIMBUS_6_RX
09-01 23:30:45.302   684   802 D msm8974_platform: init_be_dai_name_table: sound device speaker-and-headphones-ext-1 does not have a valid hw interface set (disregard for combo devices) INT0_MI2S_RX-and-INT0_MI2S_RX
09-01 23:30:45.302   684   802 D msm8974_platform: init_be_dai_name_table: sound device speaker-and-headphones-ext-2 does not have a valid hw interface set (disregard for combo devices) INT0_MI2S_RX-and-INT0_MI2S_RX
09-01 23:30:45.302   684   802 D msm8974_platform: init_be_dai_name_table: sound device speaker-and-hdmi does not have a valid hw interface set (disregard for combo devices) INT0_MI2S_RX-and-HDMI
09-01 23:30:45.302   684   802 D msm8974_platform: init_be_dai_name_table: sound device speaker-and-display-port does not have a valid hw interface set (disregard for combo devices) INT0_MI2S_RX-and-DISPLAY_PORT
09-01 23:30:45.302   684   802 D msm8974_platform: init_be_dai_name_table: sound device speaker-and-bt-a2dp does not have a valid hw interface set (disregard for combo devices) INT0_MI2S_RX-and-SLIMBUS_7_RX
09-01 23:30:45.302   684   802 D msm8974_platform: init_be_dai_name_table: sound device speaker-safe-and-bt-a2dp does not have a valid hw interface set (disregard for combo devices) SLIMBUS_0_RX-and-SLIMBUS_7_RX
09-01 23:30:45.302   684   802 D msm8974_platform: init_be_dai_name_table: sound device speaker-and-bt-sco does not have a valid hw interface set (disregard for combo devices) SLIMBUS_0_RX-and-SLIMBUS_7_RX
09-01 23:30:45.302   684   802 D msm8974_platform: init_be_dai_name_table: sound device speaker-safe-and-bt-sco does not have a valid hw interface set (disregard for combo devices) QUAT_TDM_RX_0-and-SLIMBUS_7_RX
09-01 23:30:45.302   684   802 D msm8974_platform: init_be_dai_name_table: sound device speaker-and-bt-sco-wb does not have a valid hw interface set (disregard for combo devices) SLIMBUS_0_RX-and-SLIMBUS_7_RX
09-01 23:30:45.302   684   802 D msm8974_platform: init_be_dai_name_table: sound device speaker-safe-and-bt-sco-wb does not have a valid hw interface set (disregard for combo devices) QUAT_TDM_RX_0-and-SLIMBUS_7_RX
09-01 23:30:45.302   684   802 D msm8974_platform: init_be_dai_name_table: sound device speaker-and-bt-sco-swb does not have a valid hw interface set (disregard for combo devices) SLIMBUS_0_RX-and-SEC_AUX_PCM_RX
09-01 23:30:45.302   684   802 D msm8974_platform: init_be_dai_name_table: sound device speaker-safe-and-bt-sco-swb does not have a valid hw interface set (disregard for combo devices) QUAT_TDM_RX_0-and-SLIMBUS_7_RX
09-01 23:30:45.302   684   802 W msm8974_platform: init_be_dai_name_table: sound device wsa-speaker-and-bt-sco has no hw interface set
09-01 23:30:45.302   684   802 W msm8974_platform: init_be_dai_name_table: sound device wsa-speaker-and-bt-sco-wb has no hw interface set
09-01 23:30:45.302   684   802 W msm8974_platform: init_be_dai_name_table: sound device wsa-speaker-and-bt-sco-wb has no hw interface set
09-01 23:30:45.302   684   802 D msm8974_platform: init_be_dai_name_table: sound device speaker-and-usb-headphones does not have a valid hw interface set (disregard for combo devices) SLIMBUS_0_RX-and-USB_AUDIO_RX
09-01 23:30:45.302   684   802 D msm8974_platform: init_be_dai_name_table: sound device speaker-safe-and-usb-headphones does not have a valid hw interface set (disregard for combo devices) SLIMBUS_0_RX-and-USB_AUDIO_RX
09-01 23:30:45.302   684   802 D msm8974_platform: init_be_dai_name_table: sound device speaker-and-anc-headphones does not have a valid hw interface set (disregard for combo devices) INT0_MI2S_RX-and-INT0_MI2S_RX
09-01 23:30:45.302   684   802 D msm8974_platform: init_be_dai_name_table: sound device speaker-and-anc-fb-headphones does not have a valid hw interface set (disregard for combo devices) SLIMBUS_0_RX-and-SLIMBUS_6_RX
09-01 23:30:45.302   684   802 W msm8974_platform: init_be_dai_name_table: sound device speaker-protected has no hw interface set
09-01 23:30:45.302   684   802 W msm8974_platform: init_be_dai_name_table: sound device speaker-protected-vbat has no hw interface set
09-01 23:30:45.302   684   802 D msm8974_platform: init_be_dai_name_table: sound device voice-speaker-and-voice-headphones does not have a valid hw interface set (disregard for combo devices) SLIMBUS_0_RX-and-SLIMBUS_6_RX
09-01 23:30:45.302   684   802 D msm8974_platform: init_be_dai_name_table: sound device voice-speaker-and-voice-anc-headphones does not have a valid hw interface set (disregard for combo devices) SLIMBUS_0_RX-and-SLIMBUS_6_RX
09-01 23:30:45.302   684   802 D msm8974_platform: init_be_dai_name_table: sound device voice-speaker-and-voice-anc-fb-headphones does not have a valid hw interface set (disregard for combo devices) SLIMBUS_0_RX-and-SLIMBUS_6_RX
09-01 23:30:45.302   684   802 D msm8974_platform: init_be_dai_name_table: sound device voice-speaker-stereo-and-voice-headphones does not have a valid hw interface set (disregard for combo devices) SLIMBUS_0_RX-and-SLIMBUS_6_RX
09-01 23:30:45.302   684   802 D msm8974_platform: init_be_dai_name_table: sound device voice-speaker-stereo-and-voice-anc-headphones does not have a valid hw interface set (disregard for combo devices) SLIMBUS_0_RX-and-SLIMBUS_6_RX
09-01 23:30:45.302   684   802 D msm8974_platform: init_be_dai_name_table: sound device voice-speaker-stereo-and-voice-anc-fb-headphones does not have a valid hw interface set (disregard for combo devices) SLIMBUS_0_RX-and-SLIMBUS_6_RX
09-01 23:30:45.302   684   802 D msm8974_platform: init_be_dai_name_table: sound device hearing-aid does not have a valid hw interface set (disregard for combo devices) BT_RX
09-01 23:30:45.302   684   802 W msm8974_platform: init_be_dai_name_table: sound device usb-headset-mic has no hw interface set
09-01 23:30:45.302   684   802 I chatty  : uid=1041(audioserver) HwBinder:684_2 identical 16 lines
09-01 23:30:45.302   684   802 W msm8974_platform: init_be_dai_name_table: sound device usb-headset-mic has no hw interface set
09-01 23:30:45.302   684   802 W msm8974_platform: init_be_dai_name_table: sound device handset-6mic has no hw interface set
09-01 23:30:45.302   684   802 W msm8974_platform: init_be_dai_name_table: sound device handset-8mic has no hw interface set
09-01 23:30:45.302   684   802 W msm8974_platform: init_be_dai_name_table: sound device (null) has no hw interface set
09-01 23:30:45.302   684   802 W msm8974_platform: init_be_dai_name_table: sound device (null) has no hw interface set
09-01 23:30:45.302   684   802 W msm8974_platform: init_be_dai_name_table: sound device incall-rec-rx-tx has no hw interface set
09-01 23:30:45.302   684   802 W msm8974_platform: init_be_dai_name_table: sound device ec-ref-loopback has no hw interface set
09-01 23:30:45.302   684   802 W msm8974_platform: init_be_dai_name_table: sound device handset-dmic-and-ec-ref-loopback has no hw interface set
09-01 23:30:45.302   684   802 W msm8974_platform: init_be_dai_name_table: sound device handset-qmic-and-ec-ref-loopback has no hw interface set
09-01 23:30:45.302   684   802 W msm8974_platform: init_be_dai_name_table: sound device handset-6mic-and-ec-ref-loopback has no hw interface set
09-01 23:30:45.302   684   802 W msm8974_platform: init_be_dai_name_table: sound device handset-8mic-and-ec-ref-loopback has no hw interface set
09-01 23:30:45.302   684   802 D audio_hw_extn: audio_extn_can_use_ras: ras.enabled property is set to 0
09-01 23:30:45.302   684   802 D msm8974_platform: platform_init: Fluence_Type(0) max_mic_count(1) mic_type(0x1) fluence_in_voice_call(0) fluence_in_voice_rec(0) fluence_in_spkr_mode(0) fluence_in_hfp_call(0)fluence_sb_enabled(0)
09-01 23:30:45.302   684   802 D a2dp_offload: a2dp_source_init START
09-01 23:30:45.302   684   802 D a2dp_offload: Requesting for BT lib handle
09-01 23:30:45.308  1449  1449 I system_server_start: [1,10703,10703]
09-01 23:30:45.309   684   802 D a2dp_offload: calling BT module preinit
09-01 23:30:45.309   684   802 E btaudio_offload_qti: is_value_adds_supported: openning the lib libqti_vndfwk_detect.so
09-01 23:30:45.309   684   802 D btaudio_offload_qti: is_value_adds_supported: vendor_info = 3
09-01 23:30:45.309   684   802 D btaudio_offload_qti: is_value_adds_supported: Build is running with QC Value-adds for odm 
09-01 23:30:45.310  1449  1449 I boot_progress_system_run: 10709
09-01 23:30:45.310  1449  1449 I sysui_multi_action: [757,804,799,boot_system_server_init,801,10709,802,1]
09-01 23:30:45.312   684   802 I BTAudioProviderA2dpSoftware: A2dpSoftwareAudioProvider - size of audio buffer 21504 byte(s)
09-01 23:30:45.312   684   802 I BTAudioProviderHearingAid: HearingAidAudioProvider - size of audio buffer 3584 byte(s)
09-01 23:30:45.313   684   802 I ServiceManagement: Registered vendor.qti.hardware.bluetooth_audio@2.0::IBluetoothAudioProvidersFactory/default (start delay of 3753ms)
09-01 23:30:45.313   684   802 I         : Registration complete for vendor.qti.hardware.bluetooth_audio@2.0::IBluetoothAudioProvidersFactory/default.
09-01 23:30:45.313   684   802 I btaudio_offload_qti: bt_audio_pre_init_qti: IBluetoothAudioProvidersFactory registration succeded
09-01 23:30:45.314   684   802 D a2dp_offload: a2dp_set_bit_format: set AFE input bit format = 16
09-01 23:30:45.314     0     0 I service-notifier: root_service_service_ind_cb: Indication received from msm/modem/wlan_pd, state: 0x1fffffff, trans-id: 1
09-01 23:30:45.315     0     0 I service-notifier: send_ind_ack: Indication ACKed for transid 1, service msm/modem/wlan_pd, instance 180!
09-01 23:30:45.316   684   802 E a2dp_offload:  ERROR  a2dp decoder format mixer control not identified
09-01 23:30:45.316   684   802 E a2dp_offload:  ERROR  bit format CONFIG data mixer control not identified
09-01 23:30:45.316     0     0 I icnss_qmi: QMI Server Connected: state: 0x980
09-01 23:30:45.316   684   802 D a2dp_offload:  Open A2DP input start 
09-01 23:30:45.316   684   802 D a2dp_offload:  Requesting for BT lib handle
09-01 23:30:45.317   684   802 E a2dp_offload: open_a2dp_sink: DLOPEN failed for libbthost_if_sink.so
09-01 23:30:45.317   684   802 D a2dp_offload: update_offload_codec_capabilities: A2DP offload supported = 1
09-01 23:30:45.317   684   802 D audio_hw_ssr: ssr_update_enabled: surround sound recording is not supported
09-01 23:30:45.317   684   802 D audio_hw_spkr_prot: spkr_prot_init: Initialize speaker protection module
09-01 23:30:45.317   684   802 D audio_hw_spkr_prot: spkr_prot_init: Speaker protection disabled
09-01 23:30:45.317   684   802 D msm8974_platform: platform_get_snd_device_backend_interface: hw_interface set for device HDMI
09-01 23:30:45.317   684   802 D msm8974_platform: platform_get_mixer_control: mixer ctl not obtained
09-01 23:30:45.318   684   802 D msm8974_platform: platform_get_mixer_control: mixer ctl not obtained
09-01 23:30:45.319   989  1115 I cnss-daemon: WLFW service connected
09-01 23:30:45.319   989  1115 I cnss-daemon: wlfw_read_file: No such file /data/vendor/wifi/wlfw_cal_00.bin
09-01 23:30:45.319   989  1115 E cnss-daemon: wlfw_build_cal_table: not read /data/vendor/wifi/wlfw_cal_00.bin
09-01 23:30:45.320   989  1115 I cnss-daemon: wlfw_read_file: No such file /data/vendor/wifi/wlfw_cal_01.bin
09-01 23:30:45.320   989  1115 E cnss-daemon: wlfw_build_cal_table: not read /data/vendor/wifi/wlfw_cal_01.bin
09-01 23:30:45.320   989  1115 I cnss-daemon: wlfw_read_file: No such file /data/vendor/wifi/wlfw_cal_02.bin
09-01 23:30:45.320   989  1115 E cnss-daemon: wlfw_build_cal_table: not read /data/vendor/wifi/wlfw_cal_02.bin
09-01 23:30:45.320   989  1115 I cnss-daemon: wlfw_read_file: No such file /data/vendor/wifi/wlfw_cal_03.bin
09-01 23:30:45.320   989  1115 E cnss-daemon: wlfw_build_cal_table: not read /data/vendor/wifi/wlfw_cal_03.bin
09-01 23:30:45.320   989  1115 I cnss-daemon: wlfw_read_file: No such file /data/vendor/wifi/wlfw_cal_04.bin
09-01 23:30:45.320   989  1115 E cnss-daemon: wlfw_build_cal_table: not read /data/vendor/wifi/wlfw_cal_04.bin
09-01 23:30:45.326   684   802 D msm8974_platform: platform_get_mixer_control: mixer ctl not obtained
09-01 23:30:45.335   684   802 D msm8974_platform: platform_get_mixer_control: mixer ctl not obtained
09-01 23:30:45.335   684   802 E audio_hw_utils: audio_extn_utils_get_codec_variant: ERROR. cannot open /proc/asound/card0/codecs/wcd937x/variant
09-01 23:30:45.339   684   684 I auditd  : type=1400 audit(0.0:4): avc: denied { read } for comm="HwBinder:684_2" name="u:object_r:default_prop:s0" dev="tmpfs" ino=15312 scontext=u:r:hal_audio_default:s0 tcontext=u:object_r:default_prop:s0 tclass=file permissive=0
09-01 23:30:45.339   684   684 W HwBinder:684_2: type=1400 audit(0.0:4): avc: denied { read } for name="u:object_r:default_prop:s0" dev="tmpfs" ino=15312 scontext=u:r:hal_audio_default:s0 tcontext=u:object_r:default_prop:s0 tclass=file permissive=0
09-01 23:30:45.341   684   802 D audio_hw_utils: audio_extn_utils_update_streams_cfg_lists: failed to open io config file(/vendor/etc/audio_io_policy.conf), trying older config file
09-01 23:30:45.342   684   802 I audio_hw_utils: load_cfg_list: could not load input, node is NULL
09-01 23:30:45.343   684   802 E libc    : Access denied finding property "audio_hal.in_period_size"
09-01 23:30:45.343   684   802 W audio_hw_sndmonitor: access /proc/asound/card0/cpe0_state failed w/ err No such file or directory
09-01 23:30:45.343   684   802 I soundtrigger: audio_extn_sound_trigger_init: Enter
09-01 23:30:45.344   684   802 I soundtrigger: audio_extn_sound_trigger_init: DLOPEN successful for /vendor/lib/hw/sound_trigger.primary.sdm660.so
09-01 23:30:45.344   684   802 D soundtrigger: audio_extn_sound_trigger_init: sthal is using proprietary API version 0x0101
09-01 23:30:45.344   684   802 D sound_trigger_hw: handle_battery_status_change: battery status changed to 0
09-01 23:30:45.344   684   802 E audio_hw_primary: adev_open: ERROR. Could not get ctl for mixer cmd - AudStr 0 ChMixer Weight Ch 1
09-01 23:30:45.344   684   802 D audio_hw_primary: [is_exdp_device] prop ro.vendor.oem.hw.feature = (nqnfc-vib-ZBcr-GSen-LPSen-cuLED-Batt-MoSpk-DRP-Key3-amic-SD)
09-01 23:30:45.344   684   802 D audio_hw_primary: [is_hdmi_device] prop ro.vendor.oem.hw.feature = (nqnfc-vib-ZBcr-GSen-LPSen-cuLED-Batt-MoSpk-DRP-Key3-amic-SD)
09-01 23:30:45.344   684   684 W DeviceHAL: Error from HAL Device in function get_master_volume: Function not implemented
09-01 23:30:45.344   684   684 W DeviceHAL: Error from HAL Device in function get_master_mute: Function not implemented
09-01 23:30:45.345   684   684 W DeviceHAL: Error from HAL Device in function set_master_volume: Function not implemented
09-01 23:30:45.345   684   684 W DeviceHAL: Error from HAL Device in function set_master_mute: Function not implemented
09-01 23:30:45.345   731   731 I AudioFlinger: loadHwModule() Loaded primary audio interface, handle 10
09-01 23:30:45.345   731   731 I AudioFlinger: openOutput() this 0x796e5b8600, module 10 Device 0x2, SamplingRate 48000, Format 0x000001, Channels 0x3, flags 0x6
09-01 23:30:45.345   684   684 D audio_hw_primary: adev_open_output_stream: enter: format(0x1) sample_rate(48000) channel_mask(0x3) devices(0x2) flags(0x6)        stream_handle(0xee6a9800) address()
09-01 23:30:45.345   684   684 I audio_hw_primary: adev_open_output_stream: dynamic qos voting not enabled for platform
09-01 23:30:45.345   684   684 I audio_hw_utils: audio_extn_utils_update_stream_output_app_type_cfg Allowing 24 and above bits playback on speaker ONLY at default sampling rate
09-01 23:30:45.345   684   684 D audio_hw_primary: adev_open_output_stream: Stream (0xee6a9800) picks up usecase (low-latency-playback)
09-01 23:30:45.345   731   731 I AudioFlinger: HAL output buffer size 192 frames, normal sink buffer size 960 frames
09-01 23:30:45.364   684   684 E EffectsFactoryConfigLoader: Error querying effect 7d1580bd-297f-4683-9239-e475b6d1d69f on lib offload_bundle
09-01 23:30:45.365   684   684 D volume_listener: init_once Called 
09-01 23:30:45.365   684   684 D msm8974_platform: platform_get_gain_level_mapping: empty or currupted gain_mapping_table
09-01 23:30:45.365   684   684 D volume_listener: init_once: using default volume table
09-01 23:30:45.365   684   684 E EffectsFactoryConfigLoader: 1 errors during loading of configuration: /vendor/etc/audio_effects.xml
09-01 23:30:45.365   684   684 E EffectsFactory: Effect config is partially invalid, skipped 1 elements
09-01 23:30:45.365   731   731 I BufferProvider: found effect "Multichannel Downmix To Stereo" from The Android Open Source Project
09-01 23:30:45.366   731  1474 I AudioFlinger: AudioFlinger's thread 0x796e69d8c0 tid=1474 ready to run
09-01 23:30:45.366   731   731 I AudioFlinger: Using module 10 as the primary audio interface
09-01 23:30:45.366   731  1474 W AudioFlinger: no wake lock to update, system not ready yet
09-01 23:30:45.366   684   684 D audio_hw_primary: out_standby_byfeature: enter: stream (0xee6a9800) usecase(1: low-latency-playback)
09-01 23:30:45.366   684   684 D audio_hw_primary: out_standby: enter: stream (0xee6a9800) usecase(1: low-latency-playback)
09-01 23:30:45.366   684   684 D audio_hw_primary: out_standby: exit
09-01 23:30:45.368   948  1045 I ServiceManager: Waiting for service 'package_native' on '/dev/binder'...
09-01 23:30:45.369   731  1474 W AudioFlinger: no wake lock to update, system not ready yet
09-01 23:30:45.369   731   731 V APM_AudioPolicyManager: checkAndSetVolume cannot set volume group 3 volume with force use = 0 for comm
09-01 23:30:45.373   731   731 W AudioFlinger: moveEffects() bad srcOutput 0
09-01 23:30:45.373   731   731 V APM_AudioPolicyManager: selectOutputForMusicEffects selected output 13
09-01 23:30:45.373   731   731 V APM_AudioPolicyManager: setOutputDevices device {type:0x2,@:} delayMs 0
09-01 23:30:45.373   731   731 V APM_AudioPolicyManager: setOutputDevices() prevDevice {type:0x2,@:}
09-01 23:30:45.373   731   731 V APM_AudioPolicyManager: setOutputDevices changing device to {type:0x2,@:}
09-01 23:30:45.390   989  1115 I cnss-daemon: wlfw_send_cap_req: chip_id: 0x30214, chip_family 0x4001, board_id: 0xff, soc_id: 0x40050000, fw_version: 0x335480ff, fw_build_timestamp: 2020-11-09 15:03
09-01 23:30:45.390   989  1115 I cnss-daemon: wlfw_send_bdf_download_req: BDF file : regdb.bin
09-01 23:30:45.390   989  1115 I cnss-daemon: wlfw_send_bdf_download_req: Looking for BDF file: /firmware/image/regdb.bin
09-01 23:30:45.390   989  1115 I cnss-daemon: wlfw_send_bdf_download_req: Looking for BDF file: /vendor/firmware/regdb.bin
09-01 23:30:45.390   989  1115 I cnss-daemon: wlfw_send_bdf_download_req: Looking for BDF file: /vendor/firmware_mnt/image/regdb.bin
09-01 23:30:45.391   989  1115 E cnss-daemon: wlfw_send_bdf_download_req: Failed to find BDF file regdb.bin
09-01 23:30:45.391   989  1115 E cnss-daemon: Failed to Download the REGDB File
09-01 23:30:45.391   989  1115 I cnss-daemon: OEM debug wlfw_send_bdf_download_req: For this HW model bdf_path is /vendor/etc/oem_bdf/bdwlan_m50_nonpayment_wifi.bin 
09-01 23:30:45.391   989  1115 I cnss-daemon: wlfw_send_bdf_download_req: BDF file : bdwlan.bin
09-01 23:30:45.392   989  1115 I cnss-daemon: OEM debug wlfw_send_bdf_download_req: BDF file found: /vendor/etc/oem_bdf/bdwlan_m50_nonpayment_wifi.bin
09-01 23:30:45.394   989  1115 I cnss-daemon: wlfw_send_bdf_download_req: bdf type 0,result 0, error 0
09-01 23:30:45.398   684   684 D audio_hw_primary: out_set_parameters: enter: usecase(1: low-latency-playback) kvpairs: routing=2
09-01 23:30:45.398   684   684 D audio_hw_extn: audio_extn_fm_set_parameters: Enter
09-01 23:30:45.398   684   684 D audio_hw_hfp: hfp_set_parameters: enter
09-01 23:30:45.398   731   731 V APM_AudioPolicyManager: setOutputDevices() AF::createAudioPatch returned 0 patchHandle 12 num_sources 1 num_sinks 1
09-01 23:30:45.400   731   731 V APM_AudioPolicyManager: checkAndSetVolume cannot set volume group 3 volume with force use = 0 for comm
09-01 23:30:45.402   731   731 I AudioFlinger: openOutput() this 0x796e5b8600, module 10 Device 0x2, SamplingRate 48000, Format 0x000001, Channels 0x3, flags 0x4
09-01 23:30:45.402   684   684 D audio_hw_primary: adev_open_output_stream: enter: format(0x1) sample_rate(48000) channel_mask(0x3) devices(0x2) flags(0x4)        stream_handle(0xee6ac000) address()
09-01 23:30:45.402   684   684 I audio_hw_primary: adev_open_output_stream: dynamic qos voting not enabled for platform
09-01 23:30:45.402   684   684 I audio_hw_utils: audio_extn_utils_update_stream_output_app_type_cfg Allowing 24 and above bits playback on speaker ONLY at default sampling rate
09-01 23:30:45.402   684   684 E audio_hw_primary: adev_open_output_stream: Primary output is already opened
09-01 23:30:45.402   684   684 D audio_hw_primary: adev_open_output_stream: exit: ret -17
09-01 23:30:45.402   684   684 W DeviceHAL: Error from HAL Device in function open_output_stream: File exists
09-01 23:30:45.403   731   731 I AudioHwDevice: openOutputStream(), HAL returned sampleRate 48000, Format 0x1, channelMask 0x3, status -61
09-01 23:30:45.403   731   731 W APM_AudioPolicyManager: Cannot open output stream for devices type:0x2,@: on hw module primary
09-01 23:30:45.403   731   731 I AudioFlinger: openOutput() this 0x796e5b8600, module 10 Device 0x2, SamplingRate 48000, Format 0x000001, Channels 0x3, flags 0x8
09-01 23:30:45.403   684   684 D audio_hw_primary: adev_open_output_stream: enter: format(0x1) sample_rate(48000) channel_mask(0x3) devices(0x2) flags(0x8)        stream_handle(0xee6ac000) address()
09-01 23:30:45.403   684   684 I audio_hw_utils: audio_extn_utils_update_stream_output_app_type_cfg Allowing 24 and above bits playback on speaker ONLY at default sampling rate
09-01 23:30:45.403   684   684 D audio_hw_primary: adev_open_output_stream: Stream (0xee6ac000) picks up usecase (deep-buffer-playback)
09-01 23:30:45.403   731   731 I AudioFlinger: HAL output buffer size 1920 frames, normal sink buffer size 1920 frames
09-01 23:30:45.404   731  1475 I AudioFlinger: AudioFlinger's thread 0x78dfb92200 tid=1475 ready to run
09-01 23:30:45.404   731  1475 W AudioFlinger: no wake lock to update, system not ready yet
09-01 23:30:45.405   684   684 D audio_hw_primary: out_standby_byfeature: enter: stream (0xee6ac000) usecase(0: deep-buffer-playback)
09-01 23:30:45.405   684   684 D audio_hw_primary: out_standby: enter: stream (0xee6ac000) usecase(0: deep-buffer-playback)
09-01 23:30:45.405   684   684 D audio_hw_primary: out_standby: exit
09-01 23:30:45.405   731  1475 W AudioFlinger: no wake lock to update, system not ready yet
09-01 23:30:45.405   731   731 V APM_AudioPolicyManager: checkAndSetVolume cannot set volume group 3 volume with force use = 0 for comm
09-01 23:30:45.408   731   731 V APM_AudioPolicyManager: selectOutputForMusicEffects selected output 13
09-01 23:30:45.408   731   731 V APM_AudioPolicyManager: setOutputDevices device {type:0x2,@:} delayMs 0
09-01 23:30:45.408   731   731 V APM_AudioPolicyManager: setOutputDevices() prevDevice {type:0x2,@:}
09-01 23:30:45.409   731   731 V APM_AudioPolicyManager: setOutputDevices changing device to {type:0x2,@:}
09-01 23:30:45.449   684   684 D audio_hw_primary: out_set_parameters: enter: usecase(0: deep-buffer-playback) kvpairs: routing=2
09-01 23:30:45.450   731   731 V APM_AudioPolicyManager: setOutputDevices() AF::createAudioPatch returned 0 patchHandle 20 num_sources 1 num_sinks 1
09-01 23:30:45.451   731   731 V APM_AudioPolicyManager: checkAndSetVolume cannot set volume group 3 volume with force use = 0 for comm
09-01 23:30:45.453   684   684 D audio_hw_primary: adev_open_input_stream: enter: sample_rate(48000) channel_mask(0xc) devices(0x80000004)        stream_handle(0xf10e8000) io_handle(14) source(1) format 1
09-01 23:30:45.453   684   684 W audio_hw_utils: audio_extn_utils_update_stream_input_app_type_cfg: App type could not be selected. Falling back to default
09-01 23:30:45.456   731  1476 I AudioFlinger: AudioFlinger's thread 0x78dfbe9680 tid=1476 ready to run
09-01 23:30:45.456   684   684 D audio_hw_primary: in_standby: enter: stream (0xf10e8000) usecase(20: audio-record)
09-01 23:30:45.457   731  1476 W AudioFlinger: no wake lock to update, system not ready yet
09-01 23:30:45.457   684   802 D audio_hw_primary: in_standby: enter: stream (0xf10e8000) usecase(20: audio-record)
09-01 23:30:45.457   731  1476 W AudioFlinger: no wake lock to update, system not ready yet
09-01 23:30:45.457   684   802 D audio_hw_primary: adev_close_input_stream: enter:stream_handle(0xf10e8000)
09-01 23:30:45.458   684   802 D soundtrigger: audio_extn_sound_trigger_check_ec_ref_enable: EC Reference is disabled
09-01 23:30:45.458   684   802 D sound_trigger_hw: handle_audio_ec_ref_enabled: Enter
09-01 23:30:45.458   684   802 D sound_trigger_hw: handle_audio_ec_ref_enabled: Exit audio ec ref=0
09-01 23:30:45.458   684   802 D soundtrigger: audio_extn_sound_trigger_update_ec_ref_status: update audio echo ref status false
09-01 23:30:45.458   684   802 D audio_hw_primary: in_standby: enter: stream (0xf10e8000) usecase(20: audio-record)
09-01 23:30:45.458   684   802 D audio_hw_primary: adev_open_input_stream: enter: sample_rate(48000) channel_mask(0x10) devices(0x80000004)        stream_handle(0xf10e8000) io_handle(22) source(1) format 1
09-01 23:30:45.458   684   802 W audio_hw_utils: audio_extn_utils_update_stream_input_app_type_cfg: App type could not be selected. Falling back to default
09-01 23:30:45.459   731  1478 I AudioFlinger: AudioFlinger's thread 0x78dfbe9f80 tid=1478 ready to run
09-01 23:30:45.459   684   684 D audio_hw_primary: in_standby: enter: stream (0xf10e8000) usecase(20: audio-record)
09-01 23:30:45.459   731  1478 W AudioFlinger: no wake lock to update, system not ready yet
09-01 23:30:45.459   684   684 D audio_hw_primary: in_standby: enter: stream (0xf10e8000) usecase(20: audio-record)
09-01 23:30:45.459   731  1478 W AudioFlinger: no wake lock to update, system not ready yet
09-01 23:30:45.460   684   684 D audio_hw_primary: adev_close_input_stream: enter:stream_handle(0xf10e8000)
09-01 23:30:45.460   684   684 D soundtrigger: audio_extn_sound_trigger_check_ec_ref_enable: EC Reference is disabled
09-01 23:30:45.460   684   684 D sound_trigger_hw: handle_audio_ec_ref_enabled: Enter
09-01 23:30:45.460   684   684 D sound_trigger_hw: handle_audio_ec_ref_enabled: Exit audio ec ref=0
09-01 23:30:45.460   684   684 D soundtrigger: audio_extn_sound_trigger_update_ec_ref_status: update audio echo ref status false
09-01 23:30:45.460   684   684 D audio_hw_primary: in_standby: enter: stream (0xf10e8000) usecase(20: audio-record)
09-01 23:30:45.460   684   684 D audio_hw_primary: adev_open_input_stream: enter: sample_rate(48000) channel_mask(0x17000c) devices(0x80000004)        stream_handle(0xf10e8000) io_handle(30) source(1) format 1
09-01 23:30:45.460   684   684 D audio_hw_primary: adev_open_input_stream: return error to retry with updated channel mask (0xc)
09-01 23:30:45.460   684   684 D audio_hw_primary: adev_open_input_stream: enter: sample_rate(48000) channel_mask(0xc) devices(0x80000004)        stream_handle(0xf10e8000) io_handle(30) source(1) format 1
09-01 23:30:45.460   684   684 W audio_hw_utils: audio_extn_utils_update_stream_input_app_type_cfg: App type could not be selected. Falling back to default
09-01 23:30:45.461   731  1480 I AudioFlinger: AudioFlinger's thread 0x78dfbe9f40 tid=1480 ready to run
09-01 23:30:45.461   684   684 D audio_hw_primary: in_standby: enter: stream (0xf10e8000) usecase(20: audio-record)
09-01 23:30:45.462   731  1480 W AudioFlinger: no wake lock to update, system not ready yet
09-01 23:30:45.462   684   802 D audio_hw_primary: in_standby: enter: stream (0xf10e8000) usecase(20: audio-record)
09-01 23:30:45.462   731  1480 W AudioFlinger: no wake lock to update, system not ready yet
09-01 23:30:45.462   684   802 D audio_hw_primary: adev_close_input_stream: enter:stream_handle(0xf10e8000)
09-01 23:30:45.462   684   802 D soundtrigger: audio_extn_sound_trigger_check_ec_ref_enable: EC Reference is disabled
09-01 23:30:45.462   684   802 D sound_trigger_hw: handle_audio_ec_ref_enabled: Enter
09-01 23:30:45.462   684   802 D sound_trigger_hw: handle_audio_ec_ref_enabled: Exit audio ec ref=0
09-01 23:30:45.462   684   802 D soundtrigger: audio_extn_sound_trigger_update_ec_ref_status: update audio echo ref status false
09-01 23:30:45.462   684   802 D audio_hw_primary: in_standby: enter: stream (0xf10e8000) usecase(20: audio-record)
09-01 23:30:45.463   684   802 D audio_hw_primary: adev_open_input_stream: enter: sample_rate(192000) channel_mask(0x8000000f) devices(0x80000004)        stream_handle(0xf10e8000) io_handle(38) source(1) format 6
09-01 23:30:45.463   684   802 D audio_hw_primary: adev_open_input_stream: enter: sample_rate(48000) channel_mask(0x8000000f) devices(0x80000004)        stream_handle(0xf10e8000) io_handle(38) source(1) format 1
09-01 23:30:45.463   684   802 W audio_hw_utils: audio_extn_utils_update_stream_input_app_type_cfg: App type could not be selected. Falling back to default
09-01 23:30:45.464   731  1482 I AudioFlinger: AudioFlinger's thread 0x78dfbe9d00 tid=1482 ready to run
09-01 23:30:45.464   684   802 D audio_hw_primary: in_standby: enter: stream (0xf10e8000) usecase(20: audio-record)
09-01 23:30:45.464   731  1482 W AudioFlinger: no wake lock to update, system not ready yet
09-01 23:30:45.465   684   684 D audio_hw_primary: in_standby: enter: stream (0xf10e8000) usecase(20: audio-record)
09-01 23:30:45.465   731  1482 W AudioFlinger: no wake lock to update, system not ready yet
09-01 23:30:45.465   684   684 D audio_hw_primary: adev_close_input_stream: enter:stream_handle(0xf10e8000)
09-01 23:30:45.465   684   684 D soundtrigger: audio_extn_sound_trigger_check_ec_ref_enable: EC Reference is disabled
09-01 23:30:45.465   684   684 D sound_trigger_hw: handle_audio_ec_ref_enabled: Enter
09-01 23:30:45.465   684   684 D sound_trigger_hw: handle_audio_ec_ref_enabled: Exit audio ec ref=0
09-01 23:30:45.465   684   684 D soundtrigger: audio_extn_sound_trigger_update_ec_ref_status: update audio echo ref status false
09-01 23:30:45.465   684   684 D audio_hw_primary: in_standby: enter: stream (0xf10e8000) usecase(20: audio-record)
09-01 23:30:45.465   731   731 E APM_AudioPolicyManager: initialize: Input device list is empty!
09-01 23:30:45.465   731   731 E APM_AudioPolicyManager: initialize: Input device list is empty!
09-01 23:30:45.468   948  1045 I ServiceManager: Waiting for service 'package_native' on '/dev/binder'...
09-01 23:30:45.471   731   731 I bt_a2dp_hw: adev_open:  adev_open in A2dp_hw module
09-01 23:30:45.472   731   731 I AudioFlinger: loadHwModule() Loaded a2dp audio interface, handle 18
09-01 23:30:45.472   731   731 E APM_AudioPolicyManager: initialize: Input device list is empty!
09-01 23:30:45.475   684   684 W DeviceHAL: Error from HAL Device in function set_master_volume: Function not implemented
09-01 23:30:45.476   731   731 I AudioFlinger: loadHwModule() Loaded usb audio interface, handle 26
09-01 23:30:45.479   684   684 I r_submix: adev_open(name=audio_hw_if)
09-01 23:30:45.480   684   684 I r_submix: adev_init_check()
09-01 23:30:45.480   684   684 W DeviceHAL: Error from HAL Device in function set_master_volume: Function not implemented
09-01 23:30:45.480   684   684 W DeviceHAL: Error from HAL Device in function set_master_mute: Function not implemented
09-01 23:30:45.480   731   731 I AudioFlinger: loadHwModule() Loaded r_submix audio interface, handle 34
09-01 23:30:45.480   684   684 D r_submix: adev_open_input_stream(addr=0)
09-01 23:30:45.480   684   684 D r_submix: submix_audio_device_create_pipe_l(addr=0, idx=9)
09-01 23:30:45.480   684   684 D r_submix:   now using address 0 for route 9
09-01 23:30:45.481   731  1484 I AudioFlinger: AudioFlinger's thread 0x78dfbe9640 tid=1484 ready to run
09-01 23:30:45.481   684   684 I r_submix: in_standby()
09-01 23:30:45.482   731  1484 W AudioFlinger: no wake lock to update, system not ready yet
09-01 23:30:45.482   684   802 I r_submix: in_standby()
09-01 23:30:45.482   731  1484 W AudioFlinger: no wake lock to update, system not ready yet
09-01 23:30:45.482   684   802 D r_submix: adev_close_input_stream()
09-01 23:30:45.482   684   802 D r_submix: submix_audio_device_release_pipe_l(idx=9) addr=0
09-01 23:30:45.482   684   802 D r_submix: submix_audio_device_destroy_pipe_l(): pipe destroyed
09-01 23:30:45.485   731   731 D AudioPolicyManagerCustom: USE_XML_AUDIO_POLICY_CONF is TRUE
09-01 23:30:45.486   731   731 I         : Waiting for activity service
09-01 23:30:45.569   948  1045 I ServiceManager: Waiting for service 'package_native' on '/dev/binder'...
09-01 23:30:45.578   934   988 D installd: Found quota mount /dev/block/bootdevice/by-name/userdata at /data
09-01 23:30:45.665   504   504 I hwservicemanager: getTransport: Cannot find entry android.hardware.power.stats@1.0::IPowerStats/default in either framework or device manifest.
09-01 23:30:45.667  1449  1500 I chatty  : uid=1000(system) batterystats-wo expire 5 lines
09-01 23:30:45.669   948  1045 I ServiceManager: Waiting for service 'package_native' on '/dev/binder'...
09-01 23:30:45.673  1449  1495 I commit_sys_config_file: [batterystats-daily,11]
09-01 23:30:45.702  1449  1495 I commit_sys_config_file: [batterystats,12]
09-01 23:30:45.716  1449  1495 I commit_sys_config_file: [batterystats,15]
09-01 23:30:45.769   948  1045 I ServiceManager: Waiting for service 'package_native' on '/dev/binder'...
09-01 23:30:45.781   698   698 E QTI PowerHAL: Failed to acquire lock for hint_id: 1041.
09-01 23:30:45.781   698   698 I QTI PowerHAL: Got set_interactive hint
09-01 23:30:45.787  1449  1449 I rescue_note: [0,1,11186]
09-01 23:30:45.791   706   706 E OEMLIGHT: [=============getSupportedTypes =============]
09-01 23:30:45.801   694   805 I SDM     : HWCDisplay::GetColorModeCount: Supported color mode count = 1
09-01 23:30:45.801   694   805 I SDM     : HWCDisplay::GetColorModes: Supports color mode[0] = 0
09-01 23:30:45.808   734   734 D SurfaceFlinger: Setting power mode 2 on display 0
09-01 23:30:45.810  1449  1449 I sysui_multi_action: [757,804,799,boot_package_manager_init_start,801,11209,802,1]
09-01 23:30:45.823  1449  1449 I boot_progress_pms_start: 11223
09-01 23:30:45.870   948  1045 I ServiceManager: Waiting for service 'package_native' on '/dev/binder'...
09-01 23:30:45.927  1449  1449 I pm_critical_info: Unknown element under <package>: uses-static-lib
09-01 23:30:45.933  1449  1449 I pm_critical_info: Unknown element under <package>: uses-static-lib
09-01 23:30:45.970   948  1045 I chatty  : uid=0(root) storaged identical 1 line
09-01 23:30:46.053  1449  1449 I boot_progress_pms_system_scan_start: 11452
09-01 23:30:46.070   948  1045 I ServiceManager: Waiting for service 'package_native' on '/dev/binder'...
09-01 23:30:46.171   948  1045 I ServiceManager: Waiting for service 'package_native' on '/dev/binder'...
09-01 23:30:46.270  1449  1449 I boot_progress_pms_data_scan_start: 11669
09-01 23:30:46.271   948  1045 I ServiceManager: Waiting for service 'package_native' on '/dev/binder'...
09-01 23:30:46.274  1449  1449 I pm_critical_info: Relax SCAN_REQUIRE_KNOWN requirement for package com.google.android.tts
09-01 23:30:46.276  1449  1449 I pm_critical_info: Relax SCAN_REQUIRE_KNOWN requirement for package com.google.android.deskclock
09-01 23:30:46.278  1449  1449 I pm_critical_info: Relax SCAN_REQUIRE_KNOWN requirement for package com.google.android.keep
09-01 23:30:46.286  1449  1449 I pm_critical_info: Relax SCAN_REQUIRE_KNOWN requirement for package com.google.android.apps.photos
09-01 23:30:46.290  1449  1449 I pm_critical_info: Relax SCAN_REQUIRE_KNOWN requirement for package com.android.vending
09-01 23:30:46.294  1449  1449 I pm_critical_info: Relax SCAN_REQUIRE_KNOWN requirement for package com.google.android.googlequicksearchbox
09-01 23:30:46.300  1449  1449 I pm_critical_info: Relax SCAN_REQUIRE_KNOWN requirement for package com.google.android.apps.wellbeing
09-01 23:30:46.303  1449  1449 I pm_critical_info: Relax SCAN_REQUIRE_KNOWN requirement for package com.google.android.gms
09-01 23:30:46.324  1449  1449 I boot_progress_pms_scan_end: 11724
--------- beginning of system
09-01 23:30:46.331  1449  1449 I PackageManager: Un-granting permission android.permission.ACCESS_SHARED_LIBRARIES from package com.google.android.permissioncontroller (protectionLevel=258 flags=0x30c83e05)
09-01 23:30:46.331  1449  1449 I PackageManager: Un-granting permission android.permission.ACCESS_INSTANT_APPS from package com.google.android.permissioncontroller (protectionLevel=131842 flags=0x30c83e05)
09-01 23:30:46.331  1449  1449 I PackageManager: Un-granting permission android.permission.OPEN_ACCESSIBILITY_DETAILS_SETTINGS from package com.google.android.permissioncontroller (protectionLevel=258 flags=0x30c83e05)
09-01 23:30:46.332  1449  1449 I PackageManager: Un-granting permission android.permission.MANAGE_ROLE_HOLDERS from package com.google.android.apps.wellbeing (protectionLevel=258 flags=0x204bbec5)
09-01 23:30:46.332  1449  1449 I PackageManager: Un-granting permission android.permission.REQUEST_INSTALL_PACKAGES from package com.google.android.captiveportallogin (protectionLevel=66 flags=0x3848be45)
09-01 23:30:46.332  1449  1449 I PackageManager: Un-granting permission android.permission.REQUEST_INSTALL_PACKAGES from package com.google.android.apps.docs (protectionLevel=66 flags=0x284bbe45)
09-01 23:30:46.333  1449  1449 I PackageManager: Un-granting permission android.permission.INTERACT_ACROSS_USERS from package com.google.android.syncadapters.contacts (protectionLevel=50 flags=0x20083e45)
09-01 23:30:46.333  1449  1449 I PackageManager: Un-granting permission android.permission.REQUEST_INSTALL_PACKAGES from package com.android.chrome (protectionLevel=66 flags=0xa04bbe45)
09-01 23:30:46.334  1449  1449 I PackageManager: Un-granting permission android.permission.HIDE_NON_SYSTEM_OVERLAY_WINDOWS from package com.google.android.packageinstaller (protectionLevel=258 flags=0x30483e45)
09-01 23:30:46.334  1449  1449 I PackageManager: Un-granting permission android.permission.MANAGE_APP_OPS_MODES from package com.google.android.packageinstaller (protectionLevel=770 flags=0x30483e45)
09-01 23:30:46.334  1449  1449 I PackageManager: Un-granting permission android.permission.INTERACT_ACROSS_USERS_FULL from package com.google.android.packageinstaller (protectionLevel=258 flags=0x30483e45)
09-01 23:30:46.334  1449  1449 I PackageManager: Un-granting permission android.permission.CAPTURE_VIDEO_OUTPUT from package com.google.android.gms (protectionLevel=2 flags=0xa04abec5)
09-01 23:30:46.334  1449  1449 I PackageManager: Un-granting permission android.permission.MANAGE_DEVICE_ADMINS from package com.google.android.gms (protectionLevel=2 flags=0xa04abec5)
09-01 23:30:46.334  1449  1449 I PackageManager: Un-granting permission android.permission.MANAGE_ACTIVITY_STACKS from package com.google.android.gms (protectionLevel=2 flags=0xa04abec5)
09-01 23:30:46.334  1449  1449 I PackageManager: Un-granting permission android.permission.CAPTURE_SECURE_VIDEO_OUTPUT from package com.google.android.gms (protectionLevel=2 flags=0xa04abec5)
09-01 23:30:46.334  1449  1449 I PackageManager: Un-granting permission android.permission.MANAGE_ROLLBACKS from package com.google.android.gms (protectionLevel=514 flags=0xa04abec5)
09-01 23:30:46.336  1449  1449 I PackageManager: Un-granting permission com.google.android.googleapps.permission.GOOGLE_AUTH from package com.google.android.videos (protectionLevel=2 flags=0x305bbe45)
