09-01 22:54:08.936     0     0 I init    : Service 'usbd' (pid 1074) exited with status 0
09-01 22:54:08.944     0     0 I msm_pm_qos_update_request: update request 100
09-01 22:54:08.944     0     0 I msm_pm_qos_add_request: add request
09-01 22:54:08.945     0     0 E THERM-BALANCE: Parallel PSY entry not found.
09-01 22:54:08.946     0     0 E CTM     : file connector_health does not exist in /sys/class/power_supply/usb/
09-01 22:54:08.946     0     0 E CTM     : Couldn't read connector_health from /sys/class/power_supply/parallel/
09-01 22:54:08.947     0     0 E SOH-D   : SOH file not exposed, disable SOH
09-01 22:54:08.948     0     0 E CP      : charge_pump missing
09-01 22:54:08.948     0     0 E selinux : avc:  denied  { set } for property=qemu.hw.mainkeys pid=1114 uid=0 gid=0 scontext=u:r:qti_init_shell:s0 tcontext=u:object_r:default_prop:s0 tclass=property_service permissive=0
09-01 22:54:08.948     0     0 E init    : Unable to set property 'qemu.hw.mainkeys' to '0' from uid:0 gid:0 pid:1114: SELinux permission check failed
09-01 22:54:08.948     0     0 E hvdcpd  : Not valid charger for hvdcp3.
09-01 22:54:08.951     0     0 E PPS     : Registered PPS
09-01 22:54:08.952     0     0 I msm_csid_init: CSID_VERSION = 0x30050000
09-01 22:54:08.952     0     0 I init    : Received control message 'interface_start' for 'android.hardware.camera.provider@2.4::ICameraProvider/legacy/0' from pid: 492 (/system/bin/hwservicemanager)
09-01 22:54:08.953     0     0 E STD-PD  : Registered STD_PD
09-01 22:54:08.954     0     0 E         : msm_csid_irq CSID0_IRQ_STATUS_ADDR = 0x800
09-01 22:54:08.956     0     0 I init    : Received control message 'interface_start' for 'android.hardware.camera.provider@2.4::ICameraProvider/legacy/0' from pid: 492 (/system/bin/hwservicemanager)
09-01 22:54:08.958     0     0 I mdss_fb_start_disp_thread: mdss_fb_blank_unblank+0x1ac/0x340: start display thread fb0
09-01 22:54:08.965     0     0 I sn65dsi86_dsi2edp_enable_early: start
09-01 22:54:08.965     0     0 I sn65dsi86_dsi2edp_panel_enable: set to 1
09-01 22:54:08.967     0     0 I android_work: did not send uevent (0 0 0000000000000000)
09-01 22:54:08.968     0     0 I init    : Received control message 'stop' for 'ril-daemon' from pid: 1178 (stop ril-daemon)
09-01 22:54:08.968     0     0 E init    : Could not find 'ril-daemon' for ctl.stop
09-01 22:54:08.968     0     0 I MSM-CPP cpp_init_hardware: 1135 CPP HW Version: 0x60010002
09-01 22:54:08.968     0     0 E MSM-CPP cpp_init_hardware: 1153 stream_cnt:0
09-01 22:54:08.970   957   957 I system_server_start: [1,14587,14587]
09-01 22:54:08.972   957   957 I boot_progress_system_run: 14994
09-01 22:54:08.973   957   957 I sysui_multi_action: [757,804,799,boot_system_server_init,801,14994,802,1]
09-01 22:54:08.990     0     0 E [RMNET:HI] rmnet_config_notify_cb(): Kernel is trying to unregister ipsec_test
09-01 22:54:08.993     0     0 I msm_cci_init: 1440: hw_version = 0x10060000
09-01 22:54:08.994     0     0 I         : @@@ original_sid = 0x10, valid_flag = 0x01, eeprom_version = 0x01, checksum = 0x03
09-01 22:54:08.994     0     0 I         : @@@ rc = 0, camera_sid = 0x10, eeprom_reg_addr = 0x03 , eeprom_reg_value = 0x32
09-01 22:54:08.994     0     0 I         : @@@ rc = 0, camera_sid = 0x10, eeprom_reg_addr = 0x04 , eeprom_reg_value = 0x30
09-01 22:54:08.995     0     0 I         : @@@ rc = 0, camera_sid = 0x10, eeprom_reg_addr = 0x05 , eeprom_reg_value = 0x32
09-01 22:54:08.995     0     0 I         : @@@ rc = 0, camera_sid = 0x10, eeprom_reg_addr = 0x06 , eeprom_reg_value = 0x30
09-01 22:54:08.995     0     0 I         : @@@ rc = 0, camera_sid = 0x10, eeprom_reg_addr = 0x07 , eeprom_reg_value = 0x31
09-01 22:54:08.995     0     0 I         : @@@ rc = 0, camera_sid = 0x10, eeprom_reg_addr = 0x08 , eeprom_reg_value = 0x31
09-01 22:54:08.995     0     0 I         : @@@ rc = 0, camera_sid = 0x10, eeprom_reg_addr = 0x09 , eeprom_reg_value = 0x32
09-01 22:54:08.995     0     0 I         : @@@ rc = 0, camera_sid = 0x10, eeprom_reg_addr = 0x0a , eeprom_reg_value = 0x37
09-01 22:54:08.996     0     0 I         : @@@ rc = 0, camera_sid = 0x10, eeprom_reg_addr = 0x0b , eeprom_reg_value = 0x31
09-01 22:54:08.996     0     0 I         : @@@ rc = 0, camera_sid = 0x10, eeprom_reg_addr = 0x0c , eeprom_reg_value = 0x38
09-01 22:54:09.004     0     0 I init    : processing action (init.svc.mediadrm=running) from (/vendor/etc/init/android.hardware.drm@1.2-service-lazy.widevine.rc:1)
09-01 22:54:09.058     0     0 E [RMNET:HI] rmnet_config_notify_cb(): Kernel is trying to unregister ipsec_test
09-01 22:54:09.067     0     0 I msm-dwc3 c200000.hsusb: Avail curr from USB = 100
09-01 22:54:09.081     0     0 I init    : Received control message 'start' for 'vendor.msm_irqbalance' from pid: 1189 (start vendor.msm_irqbalance)
09-01 22:54:09.084     0     0 I MSM-CPP cpp_release_hardware: 1216 cpp hw release done
09-01 22:54:09.093     0     0 I msm_pm_qos_update_request: update request -1
09-01 22:54:09.093     0     0 I msm_pm_qos_add_request: add request
09-01 22:54:09.098     0     0 I sn65dsi86_dsi2edp_enable_early: done
09-01 22:54:09.098     0     0 I sn65dsi86_dsi2edp_enable_lately: start for first time
09-01 22:54:09.098     0     0 I sn65dsi86_dsi2edp_enable_lately: start
09-01 22:54:09.104     0     0 I msm_pm_qos_update_request: update request 100
09-01 22:54:09.104     0     0 I msm_pm_qos_add_request: add request
09-01 22:54:09.111     0     0 I MSM-CPP cpp_init_hardware: 1135 CPP HW Version: 0x60010002
09-01 22:54:09.111     0     0 E MSM-CPP cpp_init_hardware: 1153 stream_cnt:0
09-01 22:54:09.117     0     0 I capability: warning: `msm_irqbalance' uses 32-bit capabilities (legacy support in use)
09-01 22:54:09.122     0     0 I msm_csid_init: CSID_VERSION = 0x30050000
09-01 22:54:09.123     0     0 E         : msm_csid_irq CSID0_IRQ_STATUS_ADDR = 0x800
09-01 22:54:09.129     0     0 E         : msm_qti_pp_get_rms_value_control, back not active to query rms be_idx:3
09-01 22:54:09.152     0     0 I core_get_license_status: cmdrsp_license_result.result = 0x15 for module 0x131ff
09-01 22:54:09.154     0     0 E msm-ext-disp-audio-codec-rx soc: qcom,msm-ext-disp:qcom,msm-ext-disp-audio-codec-rx: msm_ext_disp_audio_type_get: Display cable disconnected
09-01 22:54:09.154     0     0 E msm-ext-disp-audio-codec-rx soc: qcom,msm-ext-disp:qcom,msm-ext-disp-audio-codec-rx: msm_ext_disp_audio_type_get: Display cable disconnected
09-01 22:54:09.155     0     0 I android_work: sent uevent USB_STATE=CONNECTED
09-01 22:54:09.163     0     0 I msm_cci_init: 1440: hw_version = 0x10060000
09-01 22:54:09.163     0     0 I         : @@@ original_sid = 0x10, valid_flag = 0x01, eeprom_version = 0x01, checksum = 0x03
09-01 22:54:09.163     0     0 I         : @@@ rc = 0, camera_sid = 0x10, eeprom_reg_addr = 0x03 , eeprom_reg_value = 0x32
09-01 22:54:09.164     0     0 I         : @@@ rc = 0, camera_sid = 0x10, eeprom_reg_addr = 0x04 , eeprom_reg_value = 0x30
09-01 22:54:09.164     0     0 I         : @@@ rc = 0, camera_sid = 0x10, eeprom_reg_addr = 0x05 , eeprom_reg_value = 0x32
09-01 22:54:09.164     0     0 I         : @@@ rc = 0, camera_sid = 0x10, eeprom_reg_addr = 0x06 , eeprom_reg_value = 0x30
09-01 22:54:09.164     0     0 I         : @@@ rc = 0, camera_sid = 0x10, eeprom_reg_addr = 0x07 , eeprom_reg_value = 0x31
09-01 22:54:09.164     0     0 I         : @@@ rc = 0, camera_sid = 0x10, eeprom_reg_addr = 0x08 , eeprom_reg_value = 0x31
09-01 22:54:09.165     0     0 I         : @@@ rc = 0, camera_sid = 0x10, eeprom_reg_addr = 0x09 , eeprom_reg_value = 0x32
09-01 22:54:09.165     0     0 I         : @@@ rc = 0, camera_sid = 0x10, eeprom_reg_addr = 0x0a , eeprom_reg_value = 0x37
09-01 22:54:09.165     0     0 I         : @@@ rc = 0, camera_sid = 0x10, eeprom_reg_addr = 0x0b , eeprom_reg_value = 0x31
09-01 22:54:09.165     0     0 I         : @@@ rc = 0, camera_sid = 0x10, eeprom_reg_addr = 0x0c , eeprom_reg_value = 0x38
09-01 22:54:09.191     0     0 E         : msm_pcm_path_latency_ctl_get substream runtime not found
09-01 22:54:09.204     0     0 I chatty  : uid=0(root) logd identical 4 lines
09-01 22:54:09.209     0     0 E         : msm_pcm_path_latency_ctl_get substream runtime not found
09-01 22:54:09.210     0     0 E         : msm_qti_pp_get_rms_value_control, back not active to query rms be_idx:3
09-01 22:54:09.235     0     0 I core_get_license_status: cmdrsp_license_result.result = 0x15 for module 0x131ff
09-01 22:54:09.237     0     0 E msm-ext-disp-audio-codec-rx soc: qcom,msm-ext-disp:qcom,msm-ext-disp-audio-codec-rx: msm_ext_disp_audio_type_get: Display cable disconnected
09-01 22:54:09.238     0     0 E msm-ext-disp-audio-codec-rx soc: qcom,msm-ext-disp:qcom,msm-ext-disp-audio-codec-rx: msm_ext_disp_audio_type_get: Display cable disconnected
09-01 22:54:09.252     0     0 I MSM-CPP cpp_release_hardware: 1216 cpp hw release done
09-01 22:54:09.257     0     0 I msm_pm_qos_update_request: update request -1
09-01 22:54:09.257     0     0 I msm_pm_qos_add_request: add request
09-01 22:54:09.265     0     0 I msm_pm_qos_update_request: update request 100
09-01 22:54:09.265     0     0 I msm_pm_qos_add_request: add request
09-01 22:54:09.270     0     0 I configfs-gadget gadget: high-speed config #1: b
09-01 22:54:09.270     0     0 I diag    : USB channel diag: Received Connect event
09-01 22:54:09.270     0     0 I msm-dwc3 c200000.hsusb: Avail curr from USB = 500
09-01 22:54:09.270     0     0 I android_work: sent uevent USB_STATE=CONFIGURED
09-01 22:54:09.275     0     0 I MSM-CPP cpp_init_hardware: 1135 CPP HW Version: 0x60010002
09-01 22:54:09.275     0     0 E MSM-CPP cpp_init_hardware: 1153 stream_cnt:0
09-01 22:54:09.295     0     0 I msm_csid_init: CSID_VERSION = 0x30050000
09-01 22:54:09.295     0     0 E         : msm_csid_irq CSID0_IRQ_STATUS_ADDR = 0x800
09-01 22:54:09.295     0     0 E         : msm_pcm_path_latency_ctl_get substream runtime not found
09-01 22:54:09.314     0     0 I chatty  : uid=0(root) logd identical 3 lines
09-01 22:54:09.325     0     0 E         : msm_pcm_path_latency_ctl_get substream runtime not found
09-01 22:54:09.334     0     0 I msm_cci_init: 1440: hw_version = 0x10060000
09-01 22:54:09.335     0     0 I         : @@@ original_sid = 0x10, valid_flag = 0x01, eeprom_version = 0x01, checksum = 0x03
09-01 22:54:09.335     0     0 I         : @@@ rc = 0, camera_sid = 0x10, eeprom_reg_addr = 0x03 , eeprom_reg_value = 0x32
09-01 22:54:09.335     0     0 I         : @@@ rc = 0, camera_sid = 0x10, eeprom_reg_addr = 0x04 , eeprom_reg_value = 0x30
09-01 22:54:09.335     0     0 I         : @@@ rc = 0, camera_sid = 0x10, eeprom_reg_addr = 0x05 , eeprom_reg_value = 0x32
09-01 22:54:09.335     0     0 I         : @@@ rc = 0, camera_sid = 0x10, eeprom_reg_addr = 0x06 , eeprom_reg_value = 0x30
09-01 22:54:09.336     0     0 I         : @@@ rc = 0, camera_sid = 0x10, eeprom_reg_addr = 0x07 , eeprom_reg_value = 0x31
09-01 22:54:09.336     0     0 I         : @@@ rc = 0, camera_sid = 0x10, eeprom_reg_addr = 0x08 , eeprom_reg_value = 0x31
09-01 22:54:09.336     0     0 I         : @@@ rc = 0, camera_sid = 0x10, eeprom_reg_addr = 0x09 , eeprom_reg_value = 0x32
09-01 22:54:09.336     0     0 I         : @@@ rc = 0, camera_sid = 0x10, eeprom_reg_addr = 0x0a , eeprom_reg_value = 0x37
09-01 22:54:09.336     0     0 I         : @@@ rc = 0, camera_sid = 0x10, eeprom_reg_addr = 0x0b , eeprom_reg_value = 0x31
09-01 22:54:09.336     0     0 I         : @@@ rc = 0, camera_sid = 0x10, eeprom_reg_addr = 0x0c , eeprom_reg_value = 0x38
09-01 22:54:09.338     0     0 E         : msm_pcm_path_latency_ctl_get substream runtime not found
09-01 22:54:09.418     0     0 I MSM-CPP cpp_release_hardware: 1216 cpp hw release done
09-01 22:54:09.426     0     0 I msm_pm_qos_update_request: update request -1
09-01 22:54:09.426     0     0 I msm_pm_qos_add_request: add request
09-01 22:54:09.528     0     0 I sn65dsi86_dsi2edp_enable_lately_2nd_part: start
09-01 22:54:09.581   957  1338 I commit_sys_config_file: [batterystats,45]
09-01 22:54:09.589     0     0 E wcdcal_hwdep_ioctl_shared: codec didn't set this 0!!
09-01 22:54:09.589     0     0 E wcdcal_hwdep_ioctl_shared: codec didn't set this 3!!
09-01 22:54:09.608     0     0 I sn65dsi86_dsi2edp_enable: DP_PLL_LOCK=85(LOCK)
09-01 22:54:09.631   683   683 I auditd  : type=1400 audit(0.0:9): avc: denied { read } for comm="HwBinder:683_2" name="u:object_r:default_prop:s0" dev="tmpfs" ino=16449 scontext=u:r:hal_audio_default:s0 tcontext=u:object_r:default_prop:s0 tclass=file permissive=0
09-01 22:54:09.637   957  1338 I commit_sys_config_file: [batterystats,56]
09-01 22:54:09.644   492   492 I auditd  : avc:  denied  { find } for interface=vendor.qti.hardware.slmadapter::ISlmAdapter sid=u:r:cnd:s0 pid=1013 scontext=u:r:cnd:s0 tcontext=u:object_r:default_android_hwservice:s0 tclass=hwservice_manager permissive=0
09-01 22:54:09.738     0     0 I sn65dsi86_dsi2edp_enable_lately_2nd_part: DisplayPort Link Semi-Auto train Success!!
09-01 22:54:09.786     0     0 I service-notifier: root_service_service_ind_cb: Indication received from msm/modem/wlan_pd, state: 0x1fffffff, trans-id: 1
09-01 22:54:09.786     0     0 I service-notifier: send_ind_ack: Indication ACKed for transid 1, service msm/modem/wlan_pd, instance 180!
09-01 22:54:09.788     0     0 I icnss_qmi: QMI Server Connected: state: 0x980
09-01 22:54:10.078     0     0 I sn65dsi86_dsi2edp_print_status:  
09-01 22:54:10.078     0     0 I sn65dsi86: f0:       0
09-01 22:54:10.080     0     0 I sn65dsi86: f1:       0
09-01 22:54:10.081     0     0 I sn65dsi86: f2:       0
09-01 22:54:10.082     0     0 I sn65dsi86: f3:       0
09-01 22:54:10.083     0     0 I sn65dsi86: f4:       1
09-01 22:54:10.084     0     0 I sn65dsi86: f5:       0
09-01 22:54:10.085     0     0 I sn65dsi86: f6:       0
09-01 22:54:10.087     0     0 I sn65dsi86: f7:       0
09-01 22:54:10.088     0     0 I sn65dsi86: f8:       1
09-01 22:54:10.089     0     0 I sn65dsi86_dsi2edp_enable_lately_2nd_part: end
09-01 22:54:10.089     0     0 I sn65dsi86_dsi2edp_enable_lately: end
09-01 22:54:10.089     0     0 I mdss_dsi_on-:  
09-01 22:54:10.090     0     0 I mdss_dp_wta_hpd: hpd=0 cable_connected=false
09-01 22:54:10.090     0     0 E mdss_dp_notify_clients: Invalid request NOTIFY_UNKNOWN --> NOTIFY_DISCONNECT
09-01 22:54:10.091     0     0 I mdss_dp_wta_hpd: hpd=1 cable_connected=false
09-01 22:54:10.649     0     0 I         : stand_access,stand is absent.
09-01 22:54:10.649     0     0 I set done: ret 253, rerult 0xff , ret_vallen 0x0, ret_get_ver 0x00 .
09-01 22:54:10.649     0     0 I pdev_fb_notifier_callback: ret 253, value_out 0x0.
09-01 22:54:10.753   957  1325 I commit_sys_config_file: [display-state,37]
09-01 22:54:10.756   957   957 I sysui_multi_action: [757,804,799,boot_package_manager_init_start,801,16777,802,1]
09-01 22:54:10.786   957   957 I boot_progress_pms_start: 16807
09-01 22:54:10.846   957   957 I pm_critical_info: No settings file; creating initial state
09-01 22:54:10.847   957   957 I boot_progress_pms_system_scan_start: 16869
09-01 22:54:10.873     0     0 E apexd   : Can't open /product/apex for reading : No such file or directory
09-01 22:54:10.975     0     0 I sn65dsi86_dsi2edp_bl_enable: enable, set IO to 1
09-01 22:54:11.018     0     0 I mdss_dsi_panel_bklt_pwm: set led_en(28) to high
--------- beginning of system
09-01 22:54:11.040   957   957 E PackageManager: Adding duplicate shared id: 1000 name=android
09-01 22:54:11.040   957   957 I pm_critical_info: Adding duplicate shared id: 1000 name=android
09-01 22:54:11.054   957   957 I PackageManager: /system/priv-app/LocalTransport changed; collecting certs
09-01 22:54:11.056   957   957 E PackageManager: Adding duplicate shared id: 1000 name=com.android.localtransport
09-01 22:54:11.056   957   957 I pm_critical_info: Adding duplicate shared id: 1000 name=com.android.localtransport
09-01 22:54:11.056   957   957 I PackageManager: /system/priv-app/SdcDemo changed; collecting certs
09-01 22:54:11.058   957   957 E PackageManager: Adding duplicate shared id: 1000 name=com.zebra.sdc
09-01 22:54:11.058   957   957 I pm_critical_info: Adding duplicate shared id: 1000 name=com.zebra.sdc
09-01 22:54:11.059   957   957 I PackageManager: /system/priv-app/VpnDialogs changed; collecting certs
09-01 22:54:11.060   957   957 I PackageManager: /system/priv-app/MtpDocumentsProvider changed; collecting certs
09-01 22:54:11.062   957   957 E PackageManager: Adding duplicate app id: 10043 name=com.android.mtp
09-01 22:54:11.062   957   957 I pm_critical_info: Adding duplicate app id: 10043 name=com.android.mtp
09-01 22:54:11.062   957   957 I PackageManager: /system/priv-app/ProxyHandler changed; collecting certs
09-01 22:54:11.064   957   957 I PackageManager: /system/priv-app/EloCoreApp changed; collecting certs
09-01 22:54:11.066   957   957 E PackageManager: Adding duplicate shared id: 1000 name=com.elo.EloCoreApp
09-01 22:54:11.066   957   957 I pm_critical_info: Adding duplicate shared id: 1000 name=com.elo.EloCoreApp
09-01 22:54:11.066   957   957 I PackageManager: /system/priv-app/WfdService changed; collecting certs
09-01 22:54:11.068   957   957 E PackageManager: Adding duplicate shared id: 1000 name=com.qualcomm.wfd.service
09-01 22:54:11.068   957   957 I pm_critical_info: Adding duplicate shared id: 1000 name=com.qualcomm.wfd.service
09-01 22:54:11.072   957   957 I PackageManager: /system/priv-app/MusicFX changed; collecting certs
09-01 22:54:11.074   957   957 I PackageManager: /system/priv-app/ONS changed; collecting certs
09-01 22:54:11.075   957   957 E PackageManager: Adding duplicate shared id: 1001 name=com.android.ons
09-01 22:54:11.075   957   957 I pm_critical_info: Adding duplicate shared id: 1001 name=com.android.ons
09-01 22:54:11.079   957   957 I PackageManager: /system/priv-app/MediaProvider changed; collecting certs
09-01 22:54:11.082   957   957 E PackageManager: Adding duplicate app id: 10043 name=com.android.providers.media
09-01 22:54:11.082   957   957 I pm_critical_info: Adding duplicate app id: 10043 name=com.android.providers.media
09-01 22:54:11.082   957   957 I PackageManager: /system/priv-app/FakeLocationApp changed; collecting certs
09-01 22:54:11.084   957   957 E PackageManager: Adding duplicate shared id: 1000 name=com.oem.location
09-01 22:54:11.084   957   957 I pm_critical_info: Adding duplicate shared id: 1000 name=com.oem.location
09-01 22:54:11.143   957   957 I PackageManager: /system/priv-app/StatementService changed; collecting certs
09-01 22:54:11.145   957   957 I PackageManager: /system/priv-app/InputDevices changed; collecting certs
09-01 22:54:11.146   957   957 E PackageManager: Adding duplicate shared id: 1000 name=com.android.inputdevices
09-01 22:54:11.146   957   957 I pm_critical_info: Adding duplicate shared id: 1000 name=com.android.inputdevices
09-01 22:54:11.147   957   957 I PackageManager: /system/priv-app/TelephonyProvider changed; collecting certs
09-01 22:54:11.148   957   957 E PackageManager: Adding duplicate shared id: 1001 name=com.android.providers.telephony
09-01 22:54:11.148   957   957 I pm_critical_info: Adding duplicate shared id: 1001 name=com.android.providers.telephony
09-01 22:54:11.149   957   957 I PackageManager: /system/priv-app/Telecom changed; collecting certs
09-01 22:54:11.151   957   957 E PackageManager: Adding duplicate shared id: 1000 name=com.android.server.telecom
09-01 22:54:11.151   957   957 I pm_critical_info: Adding duplicate shared id: 1000 name=com.android.server.telecom
09-01 22:54:11.154   957   957 I PackageManager: /system/priv-app/BackupRestoreConfirmation changed; collecting certs
09-01 22:54:11.157   957   957 I PackageManager: /system/priv-app/MmsService changed; collecting certs
09-01 22:54:11.159   957   957 E PackageManager: Adding duplicate shared id: 1001 name=com.android.mms.service
09-01 22:54:11.159   957   957 I pm_critical_info: Adding duplicate shared id: 1001 name=com.android.mms.service
09-01 22:54:11.160   957   957 I PackageManager: /system/priv-app/QtiSoundRecorder changed; collecting certs
09-01 22:54:11.168   957   957 I PackageManager: /system/priv-app/SettingsProvider changed; collecting certs
09-01 22:54:11.169   957   957 E PackageManager: Adding duplicate shared id: 1000 name=com.android.providers.settings
09-01 22:54:11.169   957   957 I pm_critical_info: Adding duplicate shared id: 1000 name=com.android.providers.settings
09-01 22:54:11.171   957   957 I PackageManager: /system/priv-app/Tag changed; collecting certs
09-01 22:54:11.176   957   957 I PackageManager: /system/priv-app/UserDictionaryProvider changed; collecting certs
09-01 22:54:11.177   957   957 E PackageManager: Adding duplicate app id: 10050 name=com.android.providers.userdictionary
09-01 22:54:11.177   957   957 I pm_critical_info: Adding duplicate app id: 10050 name=com.android.providers.userdictionary
09-01 22:54:11.178   957   957 I PackageManager: /system/priv-app/SnapdragonGallery changed; collecting certs
09-01 22:54:11.181   957   957 I PackageManager: /system/priv-app/DocumentsUI changed; collecting certs
09-01 22:54:11.183   957   957 I PackageManager: /system/priv-app/SDLGui changed; collecting certs
09-01 22:54:11.185   957   957 E PackageManager: Adding duplicate shared id: 1000 name=com.zebra.sdl
09-01 22:54:11.185   957   957 I pm_critical_info: Adding duplicate shared id: 1000 name=com.zebra.sdl
09-01 22:54:11.189   957   957 I PackageManager: /system/priv-app/ContactsProvider changed; collecting certs
09-01 22:54:11.191   957   957 E PackageManager: Adding duplicate app id: 10050 name=com.android.providers.contacts
09-01 22:54:11.191   957   957 I pm_critical_info: Adding duplicate app id: 10050 name=com.android.providers.contacts
09-01 22:54:11.194   957   957 I PackageManager: /system/priv-app/DownloadProviderUi changed; collecting certs
09-01 22:54:11.196   957   957 E PackageManager: Adding duplicate app id: 10043 name=com.android.providers.downloads.ui
09-01 22:54:11.196   957   957 I pm_critical_info: Adding duplicate app id: 10043 name=com.android.providers.downloads.ui
09-01 22:54:11.206   957   957 I PackageManager: /system/priv-app/DownloadProvider changed; collecting certs
09-01 22:54:11.208   957   957 E PackageManager: Adding duplicate app id: 10043 name=com.android.providers.downloads
09-01 22:54:11.208   957   957 I pm_critical_info: Adding duplicate app id: 10043 name=com.android.providers.downloads
09-01 22:54:11.209   957   957 I PackageManager: /system/priv-app/CalendarProvider changed; collecting certs
09-01 22:54:11.210   957   957 E PackageManager: Adding duplicate app id: 10053 name=com.android.providers.calendar
09-01 22:54:11.210   957   957 I pm_critical_info: Adding duplicate app id: 10053 name=com.android.providers.calendar
09-01 22:54:11.216   957   957 I PackageManager: /system/priv-app/PlatformNetworkPermissionConfig changed; collecting certs
09-01 22:54:11.217   957   957 E PackageManager: Adding duplicate shared id: 1073 name=com.android.networkstack.permissionconfig
09-01 22:54:11.217   957   957 I pm_critical_info: Adding duplicate shared id: 1073 name=com.android.networkstack.permissionconfig
09-01 22:54:11.282   957   957 I PackageManager: /system/priv-app/BlockedNumberProvider changed; collecting certs
09-01 22:54:11.284   957   957 E PackageManager: Adding duplicate app id: 10050 name=com.android.providers.blockednumber
09-01 22:54:11.284   957   957 I pm_critical_info: Adding duplicate app id: 10050 name=com.android.providers.blockednumber
09-01 22:54:11.291   957   957 I PackageManager: /system/priv-app/PackageInstaller changed; collecting certs
09-01 22:54:11.294   957  1414 I PackageParser: Parse times for '/system/priv-app/PermissionController': parse=102ms, update_cache=2 ms
09-01 22:54:11.294   957   957 I PackageManager: /system/priv-app/PermissionController changed; collecting certs
09-01 22:54:11.300   957   957 I PackageManager: /system/priv-app/CallLogBackup changed; collecting certs
09-01 22:54:11.301   957   957 E PackageManager: Adding duplicate app id: 10050 name=com.android.calllogbackup
09-01 22:54:11.301   957   957 I pm_critical_info: Adding duplicate app id: 10050 name=com.android.calllogbackup
09-01 22:54:11.304   957   957 I PackageManager: /system/priv-app/ExtServices changed; collecting certs
09-01 22:54:11.306   957  1415 I PackageParser: Parse times for '/system/priv-app/TeleService': parse=128ms, update_cache=3 ms
09-01 22:54:11.306   957   957 I PackageManager: /system/priv-app/TeleService changed; collecting certs
09-01 22:54:11.308   957   957 E PackageManager: Adding duplicate shared id: 1001 name=com.android.phone
09-01 22:54:11.309   957   957 I pm_critical_info: Adding duplicate shared id: 1001 name=com.android.phone
09-01 22:54:11.310   957   957 I PackageManager: /system/priv-app/DynamicSystemInstallationService changed; collecting certs
09-01 22:54:11.311   957   957 E PackageManager: Adding duplicate shared id: 1000 name=com.android.dynsystem
09-01 22:54:11.311   957   957 I pm_critical_info: Adding duplicate shared id: 1000 name=com.android.dynsystem
09-01 22:54:11.314   957   957 I PackageManager: /system/priv-app/InProcessNetworkStack changed; collecting certs
09-01 22:54:11.317   957   957 E PackageManager: Adding duplicate shared id: 1000 name=com.android.networkstack.inprocess
09-01 22:54:11.317   957   957 I pm_critical_info: Adding duplicate shared id: 1000 name=com.android.networkstack.inprocess
09-01 22:54:11.318   957   957 I PackageManager: /system/priv-app/PaymentCoreApp changed; collecting certs
09-01 22:54:11.319   957   957 E PackageManager: Adding duplicate shared id: 1000 name=com.oem.paymentcore
09-01 22:54:11.319   957   957 I pm_critical_info: Adding duplicate shared id: 1000 name=com.oem.paymentcore
09-01 22:54:11.335   957  1417 W PackageParser: Ignoring duplicate uses-permissions/uses-permissions-sdk-m: android.permission.INSTALL_GRANT_RUNTIME_PERMISSIONS in package: com.android.shell at: Binary XML file line #127
09-01 22:54:11.335   957   957 I PackageManager: /system/priv-app/SnapdragonCamera changed; collecting certs
09-01 22:54:11.339   957   957 I PackageManager: /system/priv-app/Shell changed; collecting certs
09-01 22:54:11.340   957   957 E PackageManager: Adding duplicate shared id: 2000 name=com.android.shell
09-01 22:54:11.341   957   957 I pm_critical_info: Adding duplicate shared id: 2000 name=com.android.shell
09-01 22:54:11.343   957   957 I PackageManager: /system/priv-app/SharedStorageBackup changed; collecting certs
09-01 22:54:11.347   957   957 I PackageManager: /system/priv-app/ManagedProvisioning changed; collecting certs
09-01 22:54:11.356   957   957 I PackageManager: /system/priv-app/ExternalStorageProvider changed; collecting certs
09-01 22:54:11.359   957   957 I PackageManager: /system/priv-app/CtsShimPrivPrebuilt changed; collecting certs
09-01 22:54:11.366   957   957 I PackageManager: /system/priv-app/FusedLocation changed; collecting certs
09-01 22:54:11.369   957   957 E PackageManager: Adding duplicate shared id: 1000 name=com.android.location.fused
09-01 22:54:11.369   957   957 I pm_critical_info: Adding duplicate shared id: 1000 name=com.android.location.fused
09-01 22:54:11.416   957  1416 I PackageParser: Parse times for '/system/priv-app/CellBroadcastReceiver': parse=100ms, update_cache=1 ms
09-01 22:54:11.416   957   957 I PackageManager: /system/priv-app/CellBroadcastReceiver changed; collecting certs
09-01 22:54:11.431   957   957 I PackageManager: /system/app/ExtShared changed; collecting certs
09-01 22:54:11.436   957  1424 W PackageParser: Ignoring duplicate uses-permissions/uses-permissions-sdk-m: android.permission.WAKE_LOCK in package: com.qualcomm.qti.qmmi at: Binary XML file line #25
09-01 22:54:11.437   957  1424 W PackageParser: Ignoring duplicate uses-permissions/uses-permissions-sdk-m: android.permission.READ_PHONE_STATE in package: com.qualcomm.qti.qmmi at: Binary XML file line #38
09-01 22:54:11.437   957  1424 W PackageParser: Ignoring duplicate uses-permissions/uses-permissions-sdk-m: android.permission.DISABLE_KEYGUARD in package: com.qualcomm.qti.qmmi at: Binary XML file line #44
09-01 22:54:11.438   957   957 I PackageManager: /system/app/PrintSpooler changed; collecting certs
09-01 22:54:11.443   957  1423 W PackageParser: Ignoring duplicate uses-permissions/uses-permissions-sdk-m: android.permission.SYSTEM_ALERT_WINDOW in package: com.android.music at: Binary XML file line #39
09-01 22:54:11.443   957   957 I PackageManager: /system/app/Qmmi changed; collecting certs
09-01 22:54:11.443   957  1423 W PackageParser: No actions in intent filter at /system/app/SnapdragonMusic/SnapdragonMusic.apk Binary XML file line #71
09-01 22:54:11.446   957  1423 W PackageParser: No actions in intent filter at /system/app/SnapdragonMusic/SnapdragonMusic.apk Binary XML file line #208
09-01 22:54:11.448   957   957 E PackageManager: Adding duplicate shared id: 1000 name=com.qualcomm.qti.qmmi
09-01 22:54:11.448   957   957 I pm_critical_info: Adding duplicate shared id: 1000 name=com.qualcomm.qti.qmmi
09-01 22:54:11.450   957   957 I PackageManager: /system/app/TouchFirmwareUpgrade changed; collecting certs
09-01 22:54:11.453   957   957 E PackageManager: Adding duplicate shared id: 1000 name=com.oem.touchfirmwareupgrade
09-01 22:54:11.453   957   957 I pm_critical_info: Adding duplicate shared id: 1000 name=com.oem.touchfirmwareupgrade
09-01 22:54:11.454   957   957 I PackageManager: /system/app/SnapdragonMusic changed; collecting certs
09-01 22:54:11.458   957   957 I PackageManager: /system/app/BasicDreams changed; collecting certs
09-01 22:54:11.460   957   957 I PackageManager: /system/app/SecureElement changed; collecting certs
09-01 22:54:11.462   957   957 E PackageManager: Adding duplicate shared id: 1068 name=com.android.se
09-01 22:54:11.462   957   957 I pm_critical_info: Adding duplicate shared id: 1068 name=com.android.se
09-01 22:54:11.463   957   957 I PackageManager: /system/app/EMVBinderCallback changed; collecting certs
09-01 22:54:11.465   957   957 E PackageManager: Adding duplicate shared id: 1000 name=com.callback.emv
09-01 22:54:11.465   957   957 I pm_critical_info: Adding duplicate shared id: 1000 name=com.callback.emv
09-01 22:54:11.465   957   957 I PackageManager: /system/app/workloadclassifier changed; collecting certs
09-01 22:54:11.468   957   957 E PackageManager: Adding duplicate shared id: 1000 name=com.qualcomm.qti.workloadclassifier
09-01 22:54:11.468   957   957 I pm_critical_info: Adding duplicate shared id: 1000 name=com.qualcomm.qti.workloadclassifier
09-01 22:54:11.468   957   957 I PackageManager: /system/app/PacProcessor changed; collecting certs
09-01 22:54:11.472   957   957 I PackageManager: /system/app/EMList changed; collecting certs
09-01 22:54:11.474   957   957 E PackageManager: Adding duplicate shared id: 1000 name=com.oem.engineeringmode.emlist
09-01 22:54:11.474   957   957 I pm_critical_info: Adding duplicate shared id: 1000 name=com.oem.engineeringmode.emlist
09-01 22:54:11.475   957   957 I PackageManager: /system/app/KeyChain changed; collecting certs
09-01 22:54:11.477   957   957 E PackageManager: Adding duplicate shared id: 1000 name=com.android.keychain
09-01 22:54:11.477   957   957 I pm_critical_info: Adding duplicate shared id: 1000 name=com.android.keychain
09-01 22:54:11.478   957   957 I PackageManager: /system/app/WAPPushManager changed; collecting certs
09-01 22:54:11.480   957   957 I PackageManager: /system/app/CompanionDeviceManager changed; collecting certs
09-01 22:54:11.482   957   957 I PackageManager: /system/app/EMVCLBinderCallback changed; collecting certs
09-01 22:54:11.484   957   957 E PackageManager: Adding duplicate shared id: 1000 name=com.callback.emvcl
09-01 22:54:11.484   957   957 I pm_critical_info: Adding duplicate shared id: 1000 name=com.callback.emvcl
09-01 22:54:11.484   957   957 I PackageManager: /system/app/BluetoothMidiService changed; collecting certs
09-01 22:54:11.486   957   957 I PackageManager: /system/app/Traceur changed; collecting certs
09-01 22:54:11.489   957   957 I PackageManager: /system/app/Protips changed; collecting certs
09-01 22:54:11.491   957   957 I PackageManager: /system/app/Stk changed; collecting certs
09-01 22:54:11.493   957   957 E PackageManager: Adding duplicate shared id: 1001 name=com.android.stk
09-01 22:54:11.493   957   957 I pm_critical_info: Adding duplicate shared id: 1001 name=com.android.stk
09-01 22:54:11.493   957   957 I PackageManager: /system/app/Key_Bridge changed; collecting certs
09-01 22:54:11.495   957   957 E PackageManager: Adding duplicate shared id: 1000 name=com.example.key_bridge
09-01 22:54:11.495   957   957 I pm_critical_info: Adding duplicate shared id: 1000 name=com.example.key_bridge
09-01 22:54:11.496   957   957 I PackageManager: /system/app/SerialPort changed; collecting certs
09-01 22:54:11.499   957   957 E PackageManager: Adding duplicate shared id: 1000 name=android_serialport_api.sample
09-01 22:54:11.499   957   957 I pm_critical_info: Adding duplicate shared id: 1000 name=android_serialport_api.sample
09-01 22:54:11.500   957   957 I PackageManager: /system/app/EasterEgg changed; collecting certs
09-01 22:54:11.502   957   957 I PackageManager: /system/app/PlatformCaptivePortalLogin changed; collecting certs
09-01 22:54:11.504   957   957 I PackageManager: /system/app/OsuLogin changed; collecting certs
09-01 22:54:11.506   957   957 I PackageManager: /system/app/BookmarkProvider changed; collecting certs
09-01 22:54:11.508   957   957 I PackageManager: /system/app/TouchPanel changed; collecting certs
09-01 22:54:11.563   957  1424 W PackageParser: Ignoring duplicate uses-permissions/uses-permissions-sdk-m: android.permission.CHANGE_WIFI_STATE in package: com.android.nfc at: Binary XML file line #53
09-01 22:54:11.563   957  1424 W PackageParser: Ignoring duplicate uses-permissions/uses-permissions-sdk-m: android.permission.ACCESS_WIFI_STATE in package: com.android.nfc at: Binary XML file line #54
09-01 22:54:11.563   957  1424 W PackageParser: Ignoring duplicate uses-permissions/uses-permissions-sdk-m: android.permission.NETWORK_SETTINGS in package: com.android.nfc at: Binary XML file line #67
09-01 22:54:11.563   957  1423 W PackageParser: No actions in intent filter at /system/app/CarrierDefaultApp/CarrierDefaultApp.apk Binary XML file line #43
09-01 22:54:11.564   957   957 I PackageManager: /system/app/LiveWallpapersPicker changed; collecting certs
09-01 22:54:11.566   957   957 I PackageManager: /system/app/CarrierDefaultApp changed; collecting certs
09-01 22:54:11.567   957  1425 W PackageParser: Ignoring duplicate uses-permissions/uses-permissions-sdk-m: android.permission.ACCESS_NETWORK_STATE in package: com.android.bluetooth at: Binary XML file line #80
09-01 22:54:11.567   957  1425 W PackageParser: Ignoring duplicate uses-permissions/uses-permissions-sdk-m: android.permission.INTERNET in package: com.android.bluetooth at: Binary XML file line #83
09-01 22:54:11.568   957   957 I PackageManager: /system/app/NQNfcNci changed; collecting certs
09-01 22:54:11.568   957  1425 W PackageParser: No actions in intent filter at /system/app/Bluetooth/Bluetooth.apk Binary XML file line #274
09-01 22:54:11.571   957   957 E PackageManager: Adding duplicate shared id: 1027 name=com.android.nfc
09-01 22:54:11.571   957   957 I pm_critical_info: Adding duplicate shared id: 1027 name=com.android.nfc
09-01 22:54:11.572   957   957 I PackageManager: /system/app/Bluetooth changed; collecting certs
09-01 22:54:11.574   957   957 E PackageManager: Adding duplicate shared id: 1002 name=com.android.bluetooth
09-01 22:54:11.574   957   957 I pm_critical_info: Adding duplicate shared id: 1002 name=com.android.bluetooth
09-01 22:54:11.575   957   957 I PackageManager: /system/app/SDPLBinderCallback changed; collecting certs
09-01 22:54:11.577   957   957 E PackageManager: Adding duplicate shared id: 1000 name=com.callback.sdpl
09-01 22:54:11.577   957   957 I pm_critical_info: Adding duplicate shared id: 1000 name=com.callback.sdpl
09-01 22:54:11.577   957   957 I PackageManager: /system/app/QTIDiagServices changed; collecting certs
09-01 22:54:11.579   957   957 E PackageManager: Adding duplicate shared id: 1000 name=com.qti.diagservices
09-01 22:54:11.579   957   957 I pm_critical_info: Adding duplicate shared id: 1000 name=com.qti.diagservices
09-01 22:54:11.580   957   957 I PackageManager: /system/app/WallpaperBackup changed; collecting certs
09-01 22:54:11.581   957   957 E PackageManager: Adding duplicate shared id: 1000 name=com.android.wallpaperbackup
09-01 22:54:11.581   957   957 I pm_critical_info: Adding duplicate shared id: 1000 name=com.android.wallpaperbackup
09-01 22:54:11.582   957   957 I PackageManager: /system/app/BuiltInPrintService changed; collecting certs
09-01 22:54:11.585   957   957 I PackageManager: /system/app/SimAppDialog changed; collecting certs
09-01 22:54:11.587   957   957 I PackageManager: /system/app/CertInstaller changed; collecting certs
09-01 22:54:11.588   957  1426 W PackageParser: No actions in intent filter at /system/app/BluetoothExt/BluetoothExt.apk Binary XML file line #48
09-01 22:54:11.589   957   957 I PackageManager: /system/app/key_injection changed; collecting certs
09-01 22:54:11.591   957   957 E PackageManager: Adding duplicate shared id: 1000 name=com.example.kia.key_injection
09-01 22:54:11.591   957   957 I pm_critical_info: Adding duplicate shared id: 1000 name=com.example.kia.key_injection
09-01 22:54:11.591   957   957 I PackageManager: /system/app/BluetoothExt changed; collecting certs
09-01 22:54:11.593   957   957 E PackageManager: Adding duplicate shared id: 1002 name=org.codeaurora.bluetooth
09-01 22:54:11.593   957   957 I pm_critical_info: Adding duplicate shared id: 1002 name=org.codeaurora.bluetooth
09-01 22:54:11.594   957   957 I PackageManager: /system/app/CtsShimPrebuilt changed; collecting certs
09-01 22:54:11.596   957   957 I PackageManager: /system/app/KMSBinderCallback changed; collecting certs
09-01 22:54:11.598   957   957 E PackageManager: Adding duplicate shared id: 1000 name=com.callback.kms
09-01 22:54:11.598   957   957 I pm_critical_info: Adding duplicate shared id: 1000 name=com.callback.kms
09-01 22:54:11.598   957   957 I PackageManager: /system/app/SimContact changed; collecting certs
09-01 22:54:11.601   957   957 I PackageManager: /system/app/AntHalService changed; collecting certs
09-01 22:54:11.602   957   957 E PackageManager: Adding duplicate shared id: 1000 name=com.dsi.ant.server
09-01 22:54:11.603   957   957 I pm_critical_info: Adding duplicate shared id: 1000 name=com.dsi.ant.server
09-01 22:54:11.603   957   957 I PackageManager: /system/app/PrintRecommendationService changed; collecting certs
09-01 22:54:11.605   957   957 I PackageManager: /system/app/HTMLViewer changed; collecting certs
09-01 22:54:11.607   957   957 I PackageManager: /system/app/ScannerControl changed; collecting certs
09-01 22:54:11.611   957   957 W PackageManager: Failed to parse /vendor/app/QDMA: Missing base APK in /vendor/app/QDMA
09-01 22:54:11.612   957   957 W PackageManager: Failed to parse /vendor/app/QDMA-UI: Missing base APK in /vendor/app/QDMA-UI
09-01 22:54:11.618   957   957 I PackageManager: /vendor/app/CACertService changed; collecting certs
09-01 22:54:11.619   957   957 E PackageManager: Adding duplicate shared id: 1001 name=vendor.qti.hardware.cacert.server
09-01 22:54:11.619   957   957 I pm_critical_info: Adding duplicate shared id: 1001 name=vendor.qti.hardware.cacert.server
09-01 22:54:11.620   957   957 I PackageManager: /vendor/app/QFingerprintService changed; collecting certs
09-01 22:54:11.622   957   957 I PackageManager: /vendor/app/IWlanService changed; collecting certs
09-01 22:54:11.623   957   957 E PackageManager: Adding duplicate shared id: 1001 name=vendor.qti.iwlan
09-01 22:54:11.623   957   957 I pm_critical_info: Adding duplicate shared id: 1001 name=vendor.qti.iwlan
09-01 22:54:11.624   957   957 I PackageManager: /vendor/app/CneApp changed; collecting certs
09-01 22:54:11.626   957   957 E PackageManager: Adding duplicate shared id: 1001 name=com.qualcomm.qti.cne
09-01 22:54:11.626   957   957 I pm_critical_info: Adding duplicate shared id: 1001 name=com.qualcomm.qti.cne
09-01 22:54:11.628   957   957 I PackageManager: /vendor/app/ConnectionSecurityService changed; collecting certs
09-01 22:54:11.640   957   957 I PackageManager: /vendor/app/SSGTelemetryService changed; collecting certs
09-01 22:54:11.647   957   957 I PackageManager: /vendor/app/TimeService changed; collecting certs
09-01 22:54:11.649   957   957 I PackageManager: /vendor/app/QSensorTest changed; collecting certs
09-01 22:54:11.651   957   957 I PackageManager: /vendor/app/TrustZoneAccessService changed; collecting certs
09-01 22:54:11.666   957   957 I PackageManager: /product/priv-app/dpmserviceapp changed; collecting certs
09-01 22:54:11.667   957   957 E PackageManager: Adding duplicate shared id: 1001 name=com.qti.dpmserviceapp
09-01 22:54:11.667   957   957 I pm_critical_info: Adding duplicate shared id: 1001 name=com.qti.dpmserviceapp
09-01 22:54:11.668   957   957 I PackageManager: /product/priv-app/WallpaperCropper changed; collecting certs
09-01 22:54:11.674   957   957 I PackageManager: /product/priv-app/Provision changed; collecting certs
09-01 22:54:11.688   957   957 I PackageManager: /product/priv-app/SettingsIntelligence changed; collecting certs
09-01 22:54:11.692   957   957 I PackageManager: /product/priv-app/EmergencyInfo changed; collecting certs
09-01 22:54:11.694   957   957 E PackageManager: Adding duplicate app id: 10097 name=com.android.emergency
09-01 22:54:11.694   957   957 I pm_critical_info: Adding duplicate app id: 10097 name=com.android.emergency
09-01 22:54:11.697   957  1434 W PackageParser: No actions in intent filter at /product/priv-app/Contacts/Contacts.apk Binary XML file line #412
09-01 22:54:11.701   957   957 I PackageManager: /product/priv-app/Launcher3QuickStep changed; collecting certs
09-01 22:54:11.703   957   957 I PackageManager: /product/priv-app/Contacts changed; collecting certs
09-01 22:54:11.706   957   957 I PackageManager: /product/priv-app/seccamservice changed; collecting certs
09-01 22:54:11.709   957   957 I PackageManager: /product/priv-app/OneTimeInitializer changed; collecting certs
09-01 22:54:11.783   957   957 I PackageManager: /product/priv-app/CarrierConfig changed; collecting certs
09-01 22:54:11.786   957   957 I PackageManager: /product/priv-app/StorageManager changed; collecting certs
09-01 22:54:11.850   957  1432 W PackageParser: Ignoring duplicate uses-permissions/uses-permissions-sdk-m: android.permission.CONFIGURE_WIFI_DISPLAY in package: com.android.systemui at: Binary XML file line #156
09-01 22:54:11.862   957  1432 I PackageParser: Parse times for '/product/priv-app/SystemUI': parse=171ms, update_cache=2 ms
09-01 22:54:11.862   957   957 I PackageManager: /product/priv-app/SystemUI changed; collecting certs
09-01 22:54:11.866   957   957 E PackageManager: Adding duplicate app id: 10104 name=com.android.systemui
09-01 22:54:11.866   957   957 I pm_critical_info: Adding duplicate app id: 10104 name=com.android.systemui
09-01 22:54:11.912   957  1433 I PackageParser: Parse times for '/product/priv-app/Settings': parse=194ms, update_cache=8 ms
09-01 22:54:11.912   957   957 I PackageManager: /product/priv-app/Settings changed; collecting certs
09-01 22:54:11.915   957   957 E PackageManager: Adding duplicate shared id: 1000 name=com.android.settings
09-01 22:54:11.916   957   957 I pm_critical_info: Adding duplicate shared id: 1000 name=com.android.settings
09-01 22:54:11.920   957   957 W PackageManager: Skipping provider name androidx.lifecycle.process.lifecycle-process (in package com.android.settings): name already used by com.android.systemui
09-01 22:54:11.934   957   957 I PackageManager: /product/app/com.qualcomm.qti.services.secureui changed; collecting certs
09-01 22:54:11.937   957   957 E PackageManager: Adding duplicate shared id: 1000 name=com.qualcomm.qti.services.secureui
09-01 22:54:11.937   957   957 I pm_critical_info: Adding duplicate shared id: 1000 name=com.qualcomm.qti.services.secureui
09-01 22:54:11.947   957   957 I PackageManager: /product/app/uimlpaservice changed; collecting certs
09-01 22:54:11.951   957   957 E PackageManager: Adding duplicate shared id: 1001 name=com.qualcomm.qti.lpa
09-01 22:54:11.951   957   957 I pm_critical_info: Adding duplicate shared id: 1001 name=com.qualcomm.qti.lpa
09-01 22:54:11.954   957   957 I PackageManager: /product/app/Camera2 changed; collecting certs
09-01 22:54:11.962   957   957 I PackageManager: /product/app/embms changed; collecting certs
09-01 22:54:11.965   957  1439 W PackageParser: Ignoring duplicate uses-permissions/uses-permissions-sdk-m: android.permission.WRITE_CONTACTS in package: com.android.email at: Binary XML file line #45
09-01 22:54:11.966   957   957 I PackageManager: /product/app/ModuleMetadata changed; collecting certs
09-01 22:54:11.970   957   957 I PackageManager: /product/app/DeskClock changed; collecting certs
09-01 22:54:11.976   957   957 I PackageManager: /product/app/webview changed; collecting certs
09-01 22:54:11.980   957   957 I PackageManager: /product/app/PhotoTable changed; collecting certs
09-01 22:54:11.982   957   957 I PackageManager: /product/app/Email changed; collecting certs
09-01 22:54:11.986   957   957 I PackageManager: /product/app/uceShimService changed; collecting certs
09-01 22:54:11.988   957   957 E PackageManager: Adding duplicate shared id: 1001 name=com.qualcomm.qti.uceShimService
09-01 22:54:11.988   957   957 I pm_critical_info: Adding duplicate shared id: 1001 name=com.qualcomm.qti.uceShimService
09-01 22:54:11.988   957   957 I PackageManager: /product/app/Browser2 changed; collecting certs
09-01 22:54:11.990   957   957 I PackageManager: /product/app/PowerOffAlarm changed; collecting certs
09-01 22:54:11.992   957   957 E PackageManager: Adding duplicate shared id: 1000 name=com.qualcomm.qti.poweroffalarm
09-01 22:54:11.992   957   957 I pm_critical_info: Adding duplicate shared id: 1000 name=com.qualcomm.qti.poweroffalarm
09-01 22:54:11.995   957   957 I PackageManager: /product/app/remotesimlockservice changed; collecting certs
09-01 22:54:11.996   957   957 E PackageManager: Adding duplicate shared id: 1001 name=com.qualcomm.qti.uim
09-01 22:54:11.996   957   957 I pm_critical_info: Adding duplicate shared id: 1001 name=com.qualcomm.qti.uim
09-01 22:54:12.008   957   957 I PackageManager: /product/app/Calendar changed; collecting certs
09-01 22:54:12.011   957   957 I PackageManager: /product/app/LatinIME changed; collecting certs
09-01 22:54:12.015   957   957 I PackageManager: Finished scanning system apps. Time: 1167 ms, packageCount: 171 , timePerPackage: 6 , cached: 0
09-01 22:54:12.015   957   957 I boot_progress_pms_data_scan_start: 18036
09-01 22:54:12.015   957   957 I PackageManager: Finished scanning non-system apps. Time: 0 ms, packageCount: 0 , timePerPackage: 0 , cached: 0
09-01 22:54:12.016   957   957 E PackageManager: updateAllSharedLibrariesLPw failed: Package com.qualcomm.embms requires unavailable shared library com.qualcomm.qcrilhook; failing!
09-01 22:54:12.016   957   957 E PackageManager: updateAllSharedLibrariesLPw failed: Package com.qualcomm.qti.uim requires unavailable shared library com.qualcomm.qti.remoteSimlock.uimremotesimlocklibrary; failing!
09-01 22:54:12.016   957   957 E PackageManager: updateAllSharedLibrariesLPw failed: Package com.qualcomm.qti.lpa requires unavailable shared library com.qualcomm.qti.lpa.uimlpalibrary; failing!
09-01 22:54:12.023   957   957 I boot_progress_pms_scan_end: 18044
09-01 22:54:12.023   957   957 I PackageManager: Time to scan packages: 1.175 seconds
09-01 22:54:12.024   957   957 I PackageManager: Un-granting permission android.permission.HIDE_NON_SYSTEM_OVERLAY_WINDOWS from package com.android.companiondevicemanager (protectionLevel=258 flags=0x30483e45)
09-01 22:54:12.026   957   957 I PackageManager: Un-granting permission android.permission.BIND_WALLPAPER from package com.android.camera2 (protectionLevel=18 flags=0x2058bc45)
09-01 22:54:12.034   957   957 I PackageManager: Un-granting permission android.permission.INTERACT_ACROSS_USERS_FULL from package org.codeaurora.snapcam (protectionLevel=258 flags=0x2058bc45)
09-01 22:54:12.034   957   957 I PackageManager: Un-granting permission android.permission.SET_ORIENTATION from package org.codeaurora.snapcam (protectionLevel=2 flags=0x2058bc45)
09-01 22:54:12.038   957   957 V PackageManager: reconcileAppsData for null u0 0x1 migrateAppData=true
09-01 22:54:12.139   957   957 V PackageManager: reconcileAppsData finished 32 packages
09-01 22:54:12.140   957  1446 D SystemServerInitThreadPool: Started executing prepareAppData
09-01 22:54:12.141   957  1446 D SystemServerTimingAsync: AppDataFixup took to complete: 2ms
09-01 22:54:12.731   957   957 I commit_sys_config_file: [package-user-0,31]
09-01 22:54:12.731   957   957 I commit_sys_config_file: [package,591]
09-01 22:54:12.731   957   957 I boot_progress_pms_ready: 18752
09-01 22:54:12.733   957   957 D PackageManager: Ephemeral resolver NOT found; no matching intent filters
09-01 22:54:12.733   957   957 D PackageManager: Instant App installer not found with android.intent.action.INSTALL_INSTANT_APP_PACKAGE
09-01 22:54:12.733   957   957 D PackageManager: Clear ephemeral installer activity
