01-30 20:49:36.312     0     0 W ite_accessory: probe of soc:ite_accessory failed with error -22
01-30 20:49:36.313     0     0 W         : OEM Debug, usb_gigabit ethernet init begin
01-30 20:49:36.313     0     0 W         : OEM Debug usb_eth_io_ctl_probe: probe enter.
01-30 20:49:36.333     0     0 W usb_eth_gpio_map_dump: usb_eth_gpio_map information:
01-30 20:49:36.333     0     0 W pmwke   : [i=0]-[qcom,usb_eth_wol_en]-[eth_wol_en]-[out]-[io=80]-[def=1]-[delay=0]
01-30 20:49:36.333     0     0 W pmwke   : [i=1]-[qcom,usb_eth_reset-gpio]-[eth_reset_io]-[out]-[io=106]-[def=0]-[delay=0]
01-30 20:49:36.333     0     0 W pmwke   : [i=2]-[qcom,usb_eth_wakeup-gpio]-[eth_wakeup_io]-[out]-[io=110]-[def=1]-[delay=0]
01-30 20:49:36.333     0     0 W         : eth_pwr
01-30 20:49:36.333     0     0 W         : OEM debug usb_eth_gpio_reset begin.
01-30 20:49:36.358     0     0 W         : OEM debug usb_eth_gpio_reset end.
01-30 20:49:36.358     0     0 I [usb_mux]: registered handler(-1672832940) for usb mode switch
01-30 20:49:36.359     0     0 I usb_oem_probe: enter
01-30 20:49:36.359     0     0 I         : usbPortPathInit 596 read path succeed: typec-u2-path 1-1.4
01-30 20:49:36.359     0     0 I usb_oem_probe: usbPortsSpeedCfg[0].portU2Path=1-1.4
01-30 20:49:36.359     0     0 I         : usbPortPathInit 596 read path succeed: typec-u3-path 2-1.4
01-30 20:49:36.359     0     0 I usb_oem_probe: usbPortsSpeedCfg[0].portU3Path=2-1.4
01-30 20:49:36.359     0     0 I         : usbPortPathInit 596 read path succeed: typea-u2-path 1-1.2
01-30 20:49:36.359     0     0 I usb_oem_probe: usbPortsSpeedCfg[1].portU2Path=1-1.2
01-30 20:49:36.359     0     0 I         : usbPortPathInit 596 read path succeed: typea-u3-path 2-1.2
01-30 20:49:36.359     0     0 I usb_oem_probe: usbPortsSpeedCfg[1].portU3Path=2-1.2
01-30 20:49:36.359     0     0 E         : usbPortPathInit 593 read path failed: typea-ex3-u2-path
01-30 20:49:36.359     0     0 I usb_oem_probe: usbPortsSpeedCfg[2].portU2Path=
01-30 20:49:36.359     0     0 E         : usbPortPathInit 593 read path failed: typea-ex3-u3-path
01-30 20:49:36.359     0     0 I usb_oem_probe: usbPortsSpeedCfg[2].portU3Path=
01-30 20:49:36.359     0     0 E         : usbPortPathInit 593 read path failed: typea-ex4-u2-path
01-30 20:49:36.359     0     0 I usb_oem_probe: usbPortsSpeedCfg[3].portU2Path=
01-30 20:49:36.359     0     0 E         : usbPortPathInit 593 read path failed: typea-ex4-u3-path
01-30 20:49:36.359     0     0 I usb_oem_probe: usbPortsSpeedCfg[3].portU3Path=
01-30 20:49:36.359     0     0 E         : usbPortPathInit 593 read path failed: typea-ex5-u2-path
01-30 20:49:36.359     0     0 I usb_oem_probe: usbPortsSpeedCfg[4].portU2Path=
01-30 20:49:36.359     0     0 E         : usbPortPathInit 593 read path failed: typea-ex5-u3-path
01-30 20:49:36.359     0     0 I usb_oem_probe: usbPortsSpeedCfg[4].portU3Path=
01-30 20:49:36.359     0     0 I         : usbPortPathInit 596 read path succeed: micro-usb1-path 1-1.3.1
01-30 20:49:36.359     0     0 I usb_oem_probe: usbPortsSpeedCfg[5].portU2Path=1-1.3.1
01-30 20:49:36.359     0     0 I usb_oem_probe: usbPortsSpeedCfg[5].portU3Path=
01-30 20:49:36.359     0     0 I         : usbPortPathInit 596 read path succeed: micro-usb2-path 1-1.3.2
01-30 20:49:36.359     0     0 I usb_oem_probe: usbPortsSpeedCfg[6].portU2Path=1-1.3.2
01-30 20:49:36.359     0     0 I usb_oem_probe: usbPortsSpeedCfg[6].portU3Path=
01-30 20:49:36.359     0     0 I         : usbPortPathInit 596 read path succeed: micro-usb3-path 1-1.3.3
01-30 20:49:36.359     0     0 I usb_oem_probe: usbPortsSpeedCfg[7].portU2Path=1-1.3.3
01-30 20:49:36.359     0     0 I usb_oem_probe: usbPortsSpeedCfg[7].portU3Path=
01-30 20:49:36.359     0     0 I         : usbPortPathInit 596 read path succeed: micro-usb4-path 1-1.3.4
01-30 20:49:36.359     0     0 I usb_oem_probe: usbPortsSpeedCfg[8].portU2Path=1-1.3.4
01-30 20:49:36.359     0     0 I usb_oem_probe: usbPortsSpeedCfg[8].portU3Path=
01-30 20:49:36.359     0     0 I usb_ports_pwr_reset(): enter
01-30 20:49:36.359     0     0 I GL3523_portpwr_get: enter, 0
01-30 20:49:36.359     0     0 I usb_ports_pwr_reset(): HUB3_PWR_CFG currentValue=0
01-30 20:49:36.359     0     0 I usb_ports_pwr_reset(): HUB3_PWR_CFG pwrDisableValue=30
01-30 20:49:36.359     0     0 I GL3523_portpwr_set: enter val = 30
01-30 20:49:36.359     0     0 I GL3523_portpwr_set: typeC pwr enable
01-30 20:49:36.359     0     0 I         : [ite_acc] stand_ctrl vbus_disable val=0
01-30 20:49:36.359     0     0 E         : [ite_acc] usb_c vbus is already: VBUS-Enabled
01-30 20:49:36.359     0     0 I GL3523_portpwr_set: typeA pwr disable
01-30 20:49:36.359     0     0 I gl3523_typeA_pwr_set: enter = 1
01-30 20:49:36.359     0     0 I gl3523_typeA_pwr_set: it is in device mode, ignore the typa pwr set from FS, only store the config
01-30 20:49:36.359     0     0 I         : [it8855] set_typec_power = 0
01-30 20:49:36.359     0     0 I         : [ite_acc] stand_ctrl vbus_disable val=1
01-30 20:49:36.359     0     0 I         : [ite_acc] stand_ctrl vbus_disable write val=4
01-30 20:49:36.359     0     0 E i2c-msm-v2 c1b6000.i2c: msm_bus_scale_register_client(mstr-id:84):0x1e (ok)
01-30 20:49:36.708     0     0 I usb 1-1.1: new high-speed USB device number 4 using xhci-hcd
01-30 20:49:36.828     0     0 E of_batterydata_get_best_profile: No battery data found
01-30 20:49:36.828     0     0 E FG      : fg_get_batt_profile: couldn't find profile handle
01-30 20:49:36.828     0     0 W FG      : profile_load_work: profile for batt_id=100KOhms not found..using OTP, rc:-61
01-30 20:49:36.835     0     0 I         : Disable AX88179 lpm.
01-30 20:49:36.835     0     0 I usb 1-1.1: New USB device found, idVendor=0b95, idProduct=1790
01-30 20:49:36.835     0     0 I usb 1-1.1: New USB device strings: Mfr=1, Product=2, SerialNumber=3
01-30 20:49:36.835     0     0 I usb 1-1.1: Product: AX88179
01-30 20:49:36.835     0     0 I usb 1-1.1: Manufacturer: ASIX Elec. Corp.
01-30 20:49:36.835     0     0 I usb 1-1.1: SerialNumber: 00000000000003
01-30 20:49:36.843     0     0 W OEM debug: ax88179 usb device number = 4, dev path = 1.1, dev serial = 00000000000003.
01-30 20:49:36.844     0     0 W         : OEM debug oem_set_eth_nameflag: devpath 1.1 get name_flag 88179.
01-30 20:49:36.844     0     0 W         : OEM debug dev_alloc_name_ns: after alloc eth dev name = eth0.
01-30 20:49:36.845     0     0 W OEM debug: general mode disable autosuspend.
01-30 20:49:36.868     0     0 I         : [it8855] set_typec_power = 1
01-30 20:49:36.868     0     0 I         : [ite_acc] stand_ctrl vbus_disable val=0
01-30 20:49:36.868     0     0 I         : [ite_acc] stand_ctrl vbus_disable write val=0
01-30 20:49:36.868     0     0 I it8855 6-0040: Reset it8855 when enable vbus!
01-30 20:49:36.935     0     0 I it8855 6-0040: irq comming!
01-30 20:49:36.935     0     0 I it8855 6-0040: irq_work_func!
01-30 20:49:36.948     0     0 I it8855 6-0040: status is: detach, no contract, CC1, dfp, source, exit mode
01-30 20:49:36.948     0     0 I it8855 6-0040: Exit Alternate mode!
01-30 20:49:36.968     0     0 I it8855 6-0040: reset irq gpio to high
01-30 20:49:36.988     0     0 I GL3523_portpwr_set: enter val = 0
01-30 20:49:36.988     0     0 I GL3523_portpwr_set: typeC pwr enable
01-30 20:49:36.988     0     0 I         : [ite_acc] stand_ctrl vbus_disable val=0
01-30 20:49:36.988     0     0 E         : [ite_acc] usb_c vbus is already: VBUS-Enabled
01-30 20:49:36.988     0     0 I GL3523_portpwr_set: typeA pwr enable
01-30 20:49:36.988     0     0 I gl3523_typeA_pwr_set: enter = 0
01-30 20:49:36.988     0     0 I gl3523_typeA_pwr_set: it is in device mode, ignore the typa pwr set from FS, only store the config
01-30 20:49:36.988     0     0 I gl852_portpwr_get: enter
01-30 20:49:36.988     0     0 I usb_ports_pwr_reset(): HUB2_PWR_CFG currentValue=0
01-30 20:49:36.988     0     0 I gl852_portpwr_set: enter val = 15
01-30 20:49:36.988     0     0 I gl852_portpwr_set: 83 0
01-30 20:49:36.988     0     0 I gl852_portpwr_set: 84 0
01-30 20:49:36.988     0     0 I gl852_portpwr_set: 85 0
01-30 20:49:36.988     0     0 I gl852_portpwr_set: 86 0
01-30 20:49:36.988     0     0 I         : [ite_acc] get_accessory_id = 0
01-30 20:49:36.988     0     0 I it8855 6-0040: irq_work_func!
01-30 20:49:37.008     0     0 I it8855 6-0040: status is: detach, no contract, CC1, dfp, source, exit mode
01-30 20:49:37.008     0     0 I it8855 6-0040: Exit Alternate mode!
01-30 20:49:37.048     0     0 I         : [ite_acc] get_accessory_id = 0
01-30 20:49:37.498     0     0 I gl852_portpwr_set: enter val = 0
01-30 20:49:37.498     0     0 I gl852_portpwr_set: 83 1
01-30 20:49:37.498     0     0 I gl852_portpwr_set: 84 1
01-30 20:49:37.498     0     0 I gl852_portpwr_set: 85 1
01-30 20:49:37.498     0     0 I gl852_portpwr_set: 86 1
01-30 20:49:37.498     0     0 E         : read oem,hub-protocol-cfg= 0x60
01-30 20:49:37.498     0     0 I usb_oem_probe: succeed exit!
01-30 20:49:37.499     0     0 I input   : soc:gpio_keys as /devices/platform/soc/soc:gpio_keys/input/input3
01-30 20:49:37.500     0     0 I rtc-max31343 1-0068: read date/time raw! 0x00-01-31 01:49:37 W03
01-30 20:49:37.500     0     0 I rtc-max31343 1-0068: read date/time! 2000-01-31 01:49:37
01-30 20:49:37.500     0     0 I rtc-max31343 1-0068: setting system clock to 2000-01-31 01:49:37 UTC (949283377)
01-30 20:49:37.502     0     0 E lpm_levels: register_cluster_lpm_stats()
01-30 20:49:37.502     0     0 E lpm_levels: register_cluster_lpm_stats()
01-30 20:49:37.507     0     0 I gfx_mem_acc_corner: disabling
01-30 20:49:37.507     0     0 I gdsc_ufs: disabling
01-30 20:49:37.507     0     0 I cam_vadd_gpio_regulator: disabling
01-30 20:49:37.507     0     0 I cam_vaf_gpio_regulator: disabling
01-30 20:49:37.507     0     0 I cam_rear_dvdd_gpio_regulator: disabling
01-30 20:49:37.507     0     0 I apc0_pwrcl_corner: disabling
01-30 20:49:37.507     0     0 I apc1_perfcl_corner: disabling
01-30 20:49:37.507     0     0 I regulator_proxy_consumer_remove_all: removing regulator proxy consumer requests
01-30 20:49:37.507     0     0 I         : ALSA device list:
01-30 20:49:37.507     0     0 I         : No soundcards found.
01-30 20:49:37.509     0     0 I         : Freeing unused kernel memory: 6144K
01-30 20:49:37.513     0     0 I init    : init first stage started!
01-30 20:49:37.513     0     0 I init    : [libfs_mgr]dt_fstab: Skip disabled entry for partition vendor
01-30 20:49:37.513     0     0 I init    : [libfs_mgr]ReadFstabFromDt(): failed to read fstab from dt
01-30 20:49:37.513     0     0 I init    : [libfs_mgr]dt_fstab: Skip disabled entry for partition vendor
01-30 20:49:37.514     0     0 I init    : Using Android DT directory /proc/device-tree/firmware/android/
01-30 20:49:37.546     0     0 I init    : [libfs_mgr]Created logical partition system_a on device /dev/block/dm-0
01-30 20:49:37.546     0     0 I init    : [libfs_mgr]Skipping zero-length logical partition: system_b
01-30 20:49:37.547     0     0 I init    : [libfs_mgr]Created logical partition product_a on device /dev/block/dm-1
01-30 20:49:37.547     0     0 I init    : [libfs_mgr]Skipping zero-length logical partition: product_b
01-30 20:49:37.547     0     0 I init    : [libfs_mgr]Created logical partition vendor_a on device /dev/block/dm-2
01-30 20:49:37.551     0     0 I EXT4-fs (mmcblk0p52): mounted filesystem with ordered data mode. Opts: discard
01-30 20:49:37.558     0     0 I device-mapper: verity: sha1 using implementation "sha1-ce"
01-30 20:49:37.566     0     0 W EXT4-fs (dm-3): mounting with "discard" option, but the device does not support discard
01-30 20:49:37.566     0     0 I EXT4-fs (dm-3): mounted filesystem without journal. Opts: barrier=1,discard
01-30 20:49:37.580     0     0 I device-mapper: verity: sha1 using implementation "sha1-ce"
01-30 20:49:37.594     0     0 W EXT4-fs (dm-4): mounting with "discard" option, but the device does not support discard
01-30 20:49:37.594     0     0 I EXT4-fs (dm-4): mounted filesystem without journal. Opts: barrier=1,discard
01-30 20:49:37.595     0     0 I device-mapper: verity: sha1 using implementation "sha1-ce"
01-30 20:49:37.615     0     0 W EXT4-fs (dm-5): mounting with "discard" option, but the device does not support discard
01-30 20:49:37.615     0     0 I EXT4-fs (dm-5): mounted filesystem without journal. Opts: barrier=1,discard
01-30 20:49:37.644     0     0 W init    : 20 output lines suppressed due to ratelimiting
01-30 20:49:37.807     0     0 I init    : Loading SELinux policy
01-30 20:49:37.827     0     0 D SELinux : 16384 avtab hash slots, 50285 rules.
01-30 20:49:37.852     0     0 D SELinux : 16384 avtab hash slots, 50285 rules.
01-30 20:49:37.852     0     0 D SELinux : 1 users, 4 roles, 2240 types, 0 bools, 1 sens, 1024 cats
01-30 20:49:37.852     0     0 D SELinux : 97 classes, 50285 rules
01-30 20:49:37.856     0     0 I SELinux : Permission nlmsg_readpriv in class netlink_route_socket not defined in policy.
01-30 20:49:37.856     0     0 I SELinux : the above unknown classes and permissions will be denied
01-30 20:49:37.856     0     0 I SELinux : policy capability network_peer_controls=1
01-30 20:49:37.856     0     0 I SELinux : policy capability open_perms=1
01-30 20:49:37.856     0     0 I SELinux : policy capability extended_socket_class=1
01-30 20:49:37.856     0     0 I SELinux : policy capability always_check_network=0
01-30 20:49:37.856     0     0 I SELinux : policy capability cgroup_seclabel=0
01-30 20:49:37.856     0     0 I SELinux : policy capability nnp_nosuid_transition=1
01-30 20:49:37.856     0     0 D SELinux : Completing initialization.
01-30 20:49:37.856     0     0 D SELinux : Setting up existing superblocks.
01-30 20:49:37.909   490   490 I auditd  : type=1403 audit(0.0:2): policy loaded auid=4294967295 ses=4294967295
01-30 20:49:37.909   490   490 I auditd  : type=1404 audit(0.0:3): enforcing=1 old_enforcing=0 auid=4294967295 ses=4294967295
01-30 20:49:37.919     0     0 I selinux : SELinux: Loaded policy from /vendor/etc/selinux/precompiled_sepolicy
01-30 20:49:37.924     0     0 I selinux : SELinux: Loaded file_contexts
01-30 20:49:37.943     0     0 I init    : init second stage started!
01-30 20:49:37.961     0     0 I init    : Using Android DT directory /proc/device-tree/firmware/android/
01-30 20:49:37.964     0     0 I selinux : SELinux: Loaded file_contexts
01-30 20:49:37.964     0     0 I init    : Running restorecon...
01-30 20:49:37.982     0     0 E selinux : avc:  denied  { set } for  scontext=u:r:vendor_init:s0 tcontext=u:object_r:default_prop:s0 tclass=property_service permissive=0
01-30 20:49:37.982     0     0 E init    : Do not have permissions to set 'ro.product.vendor.otadevice' to 'ota.sdm660_64' in property file '/vendor/build.prop': SELinux permission check failed
01-30 20:49:37.982     0     0 E selinux : avc:  denied  { set } for  scontext=u:r:vendor_init:s0 tcontext=u:object_r:default_prop:s0 tclass=property_service permissive=0
01-30 20:49:37.982     0     0 E init    : Do not have permissions to set 'ro.product.vendor.otamodel' to 'ota.sdm660_64' in property file '/vendor/build.prop': SELinux permission check failed
01-30 20:49:37.982     0     0 E selinux : avc:  denied  { set } for  scontext=u:r:vendor_init:s0 tcontext=u:object_r:default_prop:s0 tclass=property_service permissive=0
01-30 20:49:37.982     0     0 E init    : Do not have permissions to set 'ro.product.vendor.otaname' to 'ota.sdm660_64' in property file '/vendor/build.prop': SELinux permission check failed
01-30 20:49:38.106     0     0 I ueventd : ueventd started!
01-30 20:49:38.109     0     0 I selinux : SELinux: Loaded file_contexts
01-30 20:49:38.109     0     0 I ueventd : Parsing file /ueventd.rc...
01-30 20:49:38.111     0     0 I ueventd : Parsing file /vendor/ueventd.rc...
01-30 20:49:38.113     0     0 E ueventd : /vendor/ueventd.rc: 194: /sys/ lines must have 5 entries
01-30 20:49:38.114     0     0 I ueventd : Parsing file /odm/ueventd.rc...
01-30 20:49:38.114     0     0 I ueventd : Unable to read config file '/odm/ueventd.rc': open() failed: No such file or directory
01-30 20:49:38.114     0     0 I ueventd : Parsing file /ueventd.qcom.rc...
01-30 20:49:38.114     0     0 I ueventd : Unable to read config file '/ueventd.qcom.rc': open() failed: No such file or directory
01-30 20:49:38.121     0     0 I apexd   : Bootstrap subcommand detected
01-30 20:49:38.127     0     0 I apexd   : Scanning /system/apex for embedded keys
01-30 20:49:38.127     0     0 I apexd   : Scanning /product/apex for embedded keys
01-30 20:49:38.127     0     0 I apexd   : ... does not exist. Skipping
01-30 20:49:38.127     0     0 I apexd   : Scanning /system/apex looking for APEX packages.
01-30 20:49:38.127     0     0 I apexd   : Found /system/apex/com.android.runtime.debug
01-30 20:49:38.127     0     0 I apexd   : Successfully bind-mounted flattened package /system/apex/com.android.runtime.debug on /apex/com.android.runtime@1
01-30 20:49:38.128     0     0 I apexd   : Found /system/apex/com.android.resolv
01-30 20:49:38.128     0     0 I apexd   : Skipped when bootstrapping
01-30 20:49:38.128     0     0 I apexd   : Found /system/apex/com.android.conscrypt
01-30 20:49:38.129     0     0 W apexd   : 9 output lines suppressed due to ratelimiting
01-30 20:49:38.129     0     0 I         : apexd (476) used greatest stack depth: 11664 bytes left
01-30 20:49:38.227     0     0 W q6_pdr_dlkm: loading out-of-tree module taints kernel.
01-30 20:49:38.244     0     0 W adsp_loader_dlkm: no symbol version for apr_set_modem_state
01-30 20:49:38.493     0     0 E pmic_analog_codec 800f000.qcom,spmi: qcom,pm660l@3:anlg-cdc@f000: Adsp is not loaded yet 0
01-30 20:49:38.504     0     0 E msm_sdw_codec 152c1000.msm-sdw-codec: Adsp is not loaded yet 0
01-30 20:49:38.522     0     0 E pmic_analog_codec 800f000.qcom,spmi: qcom,pm660l@3:anlg-cdc@f000: Adsp is not loaded yet 0
01-30 20:49:38.522     0     0 E msm_sdw_codec 152c1000.msm-sdw-codec: Adsp is not loaded yet 0
01-30 20:49:38.522     0     0 E pmic_analog_codec 800f000.qcom,spmi: qcom,pm660l@3:anlg-cdc@f000: Adsp is not loaded yet 0
01-30 20:49:38.522     0     0 E msm_sdw_codec 152c1000.msm-sdw-codec: Adsp is not loaded yet 0
01-30 20:49:38.604     0     0 I oem-init: /vendor/bin/oem_init start with 1 parameters
01-30 20:49:38.605     0     0 I oem-init: sysfs:path sys/devices/soc0/project_id data 44 size 4
01-30 20:49:38.605     0     0 I oem-init: Project id: 44
01-30 20:49:38.605     0     0 I oem-init: model id: 15in-I-Series-4
01-30 20:49:38.605     0     0 I oem-init: product 15in-I-Series-4
01-30 20:49:38.605     0     0 I oem-init: product device: 15in-I-Series-4
01-30 20:49:38.606     0     0 I oem-init: product name: 15in-I-Series-4_E8MP
01-30 20:49:38.606     0     0 I oem-init: oemmodel id: i4_in15_std
01-30 20:49:38.606     0     0 I oem-init: common features: BT-WIFI-PwrLED-UartMux-TypeC
01-30 20:49:38.606     0     0 I oem-init: sku features: eth-PoE-GSen-DuSpk-GPIO-AdbMux-eRTC-Key2-dmic-SD-exPD
01-30 20:49:38.804     0     0 E FG      : fg_get_time_to_full_locked: battery profile is not loaded
01-30 20:49:40.525     0     0 I ueventd : Coldboot took 2.41 seconds
01-30 20:49:40.563     0     0 I         : Registered swp emulation handler
01-30 20:49:40.635     0     0 I logd.auditd: start
01-30 20:49:40.650     0     0 I init    : wait for '/dev/block/platform/soc/c0c4000.sdhci' took 0ms
01-30 20:49:40.713     0     0 I EXT4-fs (mmcblk0p48): mounted filesystem with ordered data mode. Opts: barrier=1
01-30 20:49:40.718     0     0 I EXT4-fs (mmcblk0p37): mounted filesystem with ordered data mode. Opts: barrier=1
01-30 20:49:40.779     0     0 I subsys-pil-tz 15700000.qcom,lpass: adsp: loading from 0x0000000092a00000 to 0x0000000094800000
01-30 20:49:40.782     0     0 I EXT4-fs (mmcblk0p39): mounted filesystem with ordered data mode. Opts: barrier=1
01-30 20:49:40.805     0     0 D vdc     : Waited 0ms for vold
01-30 20:49:41.055     0     0 I         : init.qti.qseeco (542) used greatest stack depth: 11520 bytes left
01-30 20:49:41.055     0     0 I init    : wait for '/dev/block/bootdevice/by-name/eloconf' took 0ms
01-30 20:49:41.058     0     0 I EXT4-fs (mmcblk0p38): mounted filesystem with ordered data mode. Opts: barrier=1
01-30 20:49:41.443     0     0 I tune2fs : tune2fs 1.44.4 (18-Aug-2018)
01-30 20:49:41.444     0     0 W EXT4-fs (dm-6): Ignoring removed nomblk_io_submit option
01-30 20:49:41.448     0     0 I EXT4-fs (dm-6): mounted filesystem with ordered data mode. Opts: errors=remount-ro,nomblk_io_submit
01-30 20:49:41.473     0     0 I subsys-pil-tz 15700000.qcom,lpass: adsp: Brought out of reset
01-30 20:49:41.491     0     0 I subsys-pil-tz 15700000.qcom,lpass: adsp: Power/Clock ready interrupt received
01-30 20:49:41.491     0     0 I subsys-pil-tz 15700000.qcom,lpass: Subsystem error monitoring/handling services are up
01-30 20:49:41.493     0     0 E pmic_analog_codec 800f000.qcom,spmi: qcom,pm660l@3:anlg-cdc@f000: Adsp is not loaded yet 0
01-30 20:49:41.493     0     0 E msm_sdw_codec 152c1000.msm-sdw-codec: Adsp is not loaded yet 0
01-30 20:49:41.498     0     0 I apr_tal_rpmsg qcom,glink: adsp.apr_audio_svc.-1.-1: apr_tal_rpmsg_probe: Channel[apr_audio_svc] state[Up]
01-30 20:49:41.499     0     0 E pmic_analog_codec 800f000.qcom,spmi: qcom,pm660l@3:anlg-cdc@f000: Adsp is not loaded yet 0
01-30 20:49:41.500     0     0 E msm_sdw_codec 152c1000.msm-sdw-codec: Adsp is not loaded yet 0
01-30 20:49:41.505     0     0 E pmic_analog_codec 800f000.qcom,spmi: qcom,pm660l@3:anlg-cdc@f000: Adsp is not loaded yet 0
01-30 20:49:41.506     0     0 E msm_sdw_codec 152c1000.msm-sdw-codec: Adsp is not loaded yet 0
01-30 20:49:41.510     0     0 I adsprpc : fastrpc_rpmsg_probe: opened rpmsg channel for adsp
01-30 20:49:41.511     0     0 E pmic_analog_codec 800f000.qcom,spmi: qcom,pm660l@3:anlg-cdc@f000: Adsp is not loaded yet 0
01-30 20:49:41.511     0     0 E msm_sdw_codec 152c1000.msm-sdw-codec: Adsp is not loaded yet 0
01-30 20:49:41.578     0     0 I e2fsck  : e2fsck 1.44.4 (18-Aug-2018)
01-30 20:49:41.578     0     0 I e2fsck  : Pass 1: Checking inodes, blocks, and sizes
01-30 20:49:41.578     0     0 I e2fsck  : Pass 2: Checking directory structure
01-30 20:49:41.578     0     0 I e2fsck  : Pass 3: Checking directory connectivity
01-30 20:49:41.578     0     0 I e2fsck  : Pass 4: Checking reference counts
01-30 20:49:41.578     0     0 I e2fsck  : Pass 5: Checking group summary information
01-30 20:49:41.578     0     0 I e2fsck  : data: 451/915712 files (0.7% non-contiguous), 181809/3662109 blocks
01-30 20:49:41.599     0     0 I tune2fs : tune2fs 1.44.4 (18-Aug-2018)
01-30 20:49:41.599     0     0 I tune2fs : Setting reserved blocks gid to 1065
01-30 20:49:41.623     0     0 I EXT4-fs (dm-6): mounted filesystem with ordered data mode. Opts: barrier=1,noauto_da_alloc,discard,lazytime
01-30 20:49:41.631     0     0 W init    : 2 output lines suppressed due to ratelimiting
01-30 20:49:41.651     0     0 D vdc     : Waited 0ms for vold
01-30 20:49:41.660     0     0 I device-mapper: bow: Switching to state Checkpoint
01-30 20:49:41.686     0     0 D vdc     : Waited 0ms for vold
01-30 20:49:41.866     0     0 W         : init (pid 1) is setting deprecated v1 encryption policy; recommend upgrading to v2.
01-30 20:49:41.867     0     0 I fscrypt : AES-256-CTS-CBC using implementation "cts(cbc-aes-ce)"
01-30 20:49:41.966     0     0 I apexd   : Marking APEXd as starting
01-30 20:49:41.968     0     0 I apexd   : Scanning /system/apex for embedded keys
01-30 20:49:41.969     0     0 I apexd   : Scanning /product/apex for embedded keys
01-30 20:49:41.969     0     0 I apexd   : ... does not exist. Skipping
01-30 20:49:41.969     0     0 I apexd   : Populating APEX database from mounts...
01-30 20:49:41.969     0     0 E apexd   : Failed to walk /product/apex : Can't open /product/apex for reading : No such file or directory
01-30 20:49:41.969     0     0 I apexd   : Found "/apex/com.android.runtime@1"
01-30 20:49:41.969     0     0 I apexd   : Found "/apex/com.android.tzdata@290000000"
01-30 20:49:41.969     0     0 I apexd   : 2 packages restored.
01-30 20:49:41.969     0     0 I apexd   : Scanning /data/apex/sessions looking for sessions to be activated.
01-30 20:49:42.003     0     0 D vdc     : Waited 0ms for vold
01-30 20:49:42.819     1     1 I auditd  : type=1400 audit(0.0:4): avc: denied { read } for comm="init" name="nativetest" dev="dm-6" ino=116 scontext=u:r:init:s0 tcontext=u:object_r:nativetest_data_file:s0 tclass=dir permissive=0 b/77873135
01-30 20:49:42.829     1     1 I auditd  : type=1400 audit(0.0:5): avc: denied { read } for comm="init" name="nativetest64" dev="dm-6" ino=119 scontext=u:r:init:s0 tcontext=u:object_r:nativetest_data_file:s0 tclass=dir permissive=0 b/77873135
01-30 20:49:43.069     1     1 I auditd  : type=1400 audit(0.0:6): avc: denied { setattr } for comm="init" name="nativetest" dev="dm-6" ino=116 scontext=u:r:init:s0 tcontext=u:object_r:nativetest_data_file:s0 tclass=dir permissive=0 b/77873135
01-30 20:49:43.069     1     1 I auditd  : type=1400 audit(0.0:7): avc: denied { setattr } for comm="init" name="nativetest64" dev="dm-6" ino=119 scontext=u:r:init:s0 tcontext=u:object_r:nativetest_data_file:s0 tclass=dir permissive=0 b/77873135
01-30 20:49:43.084     0     0 E selinux : SELinux:  setxattr failed: /data/nativetest:  Permission denied
01-30 20:49:43.085     0     0 E selinux : SELinux:  setxattr failed: /data/nativetest64:  Permission denied
01-30 20:49:43.088     0     0 I init    : Command 'restorecon --recursive --skip-ce /data' action=post-fs-data (/init.rc:617) took 302ms and succeeded
01-30 20:49:43.089     0     0 I init    : starting service 'exec 10 (/system/bin/tzdatacheck /apex/com.android.runtime/etc/tz /data/misc/zoneinfo)'...
01-30 20:49:43.090     0     0 I init    : SVC_EXEC service 'exec 10 (/system/bin/tzdatacheck /apex/com.android.runtime/etc/tz /data/misc/zoneinfo)' pid 617 (uid 1000 gid 1000+0 context default) started; waiting...
01-30 20:49:43.103     0     0 I init    : Service 'exec 10 (/system/bin/tzdatacheck /apex/com.android.runtime/etc/tz /data/misc/zoneinfo)' (pid 617) exited with status 0 waiting took 0.012000 seconds
01-30 20:49:43.103     0     0 I init    : processing action (post-fs-data) from (/init.usb.rc:6)
01-30 20:49:43.104     0     0 I init    : Setting policy on /data/adb
01-30 20:49:43.104     0     0 I init    : Policy for /data/adb set to 5eb14e0556686173 modes 127/4
01-30 20:49:43.104     0     0 I init    : processing action (post-fs-data) from (/vendor/etc/init/hw/init.qcom.rc:254)
01-30 20:49:43.274     0     0 I rtc-max31343 1-0068: read date/time raw! 0x00-01-31 01:49:43 W03
01-30 20:49:43.274     0     0 I rtc-max31343 1-0068: read date/time! 2000-01-31 01:49:43
01-30 20:49:43.281     0     0 I rtc-max31343 1-0068: read date/time raw! 0x00-01-31 01:49:43 W03
01-30 20:49:43.281     0     0 I rtc-max31343 1-0068: read date/time! 2000-01-31 01:49:43
01-30 20:49:43.938     0     0 I logd.daemon: reinit
01-30 20:49:43.946     0     0 I it8855 6-0040: PD version is: 6.06
01-30 20:49:44.018     0     0 I ptdet_get_poe_status: poe staus is 0
01-30 20:49:44.047     0     0 I update_verifier: Started with arg 1: nonencrypted
01-30 20:49:44.050     0     0 I update_verifier: Booting slot 0: isSlotMarkedSuccessful=0
01-30 20:49:44.050     0     0 E update_verifier: /data/ota_package/care_map.pb doesn't exist
01-30 20:49:44.050     0     0 W update_verifier: Failed to parse the care map file, skipping verification
01-30 20:49:44.050     0     0 I update_verifier: Deferred marking slot 0 as booted successfully.
01-30 20:49:44.050     0     0 I update_verifier: Leaving update_verifier.
01-30 20:49:44.058     0     0 I         : [ite_acc] get_accessory_id = 0
01-30 20:49:44.058     0     0 I [ite_acc] cfd_present_show: 0
01-30 20:49:44.068     0     0 I ueventd : firmware: loading 'cdsp.mdt' for '/devices/platform/soc/1a300000.qcom,turing/firmware/cdsp.mdt'
01-30 20:49:44.069     0     0 I ueventd : loading /devices/platform/soc/1a300000.qcom,turing/firmware/cdsp.mdt took 1ms
01-30 20:49:44.069     0     0 I subsys-pil-tz 1a300000.qcom,turing: cdsp: loading from 0x0000000094a00000 to 0x0000000095000000
01-30 20:49:44.086     0     0 I ueventd : firmware: loading 'cdsp.b02' for '/devices/platform/soc/1a300000.qcom,turing/firmware/cdsp.b02'
01-30 20:49:44.091     0     0 I ueventd : loading /devices/platform/soc/1a300000.qcom,turing/firmware/cdsp.b02 took 4ms
01-30 20:49:44.091     0     0 I ueventd : firmware: loading 'cdsp.b03' for '/devices/platform/soc/1a300000.qcom,turing/firmware/cdsp.b03'
01-30 20:49:44.093     0     0 I ueventd : loading /devices/platform/soc/1a300000.qcom,turing/firmware/cdsp.b03 took 1ms
01-30 20:49:44.095     0     0 I ueventd : firmware: loading 'cdsp.b04' for '/devices/platform/soc/1a300000.qcom,turing/firmware/cdsp.b04'
01-30 20:49:44.098     0     0 I         : [ite_acc] get_accessory_id = 0
01-30 20:49:44.098     0     0 I         : [ite_acc] present_show -> accessory id is: 0
01-30 20:49:44.100     0     0 I ueventd : firmware: loading 'cdsp.b05' for '/devices/platform/soc/1a300000.qcom,turing/firmware/cdsp.b05'
01-30 20:49:44.104     0     0 I ueventd : firmware: loading 'cdsp.b06' for '/devices/platform/soc/1a300000.qcom,turing/firmware/cdsp.b06'
01-30 20:49:44.104     0     0 I ueventd : loading /devices/platform/soc/1a300000.qcom,turing/firmware/cdsp.b04 took 9ms
01-30 20:49:44.138     0     0 I         : [ite_acc] get_accessory_id = 0
01-30 20:49:44.138     0     0 I         : [ite_acc] present_show -> accessory id is: 0
01-30 20:49:44.147     0     0 I subsys-pil-tz 1a300000.qcom,turing: cdsp: Brought out of reset
01-30 20:49:44.155     0     0 I subsys-pil-tz 1a300000.qcom,turing: Subsystem error monitoring/handling services are up
01-30 20:49:44.155     0     0 I subsys-pil-tz 1a300000.qcom,turing: cdsp: Power/Clock ready interrupt received
01-30 20:49:44.158     0     0 E pmic_analog_codec 800f000.qcom,spmi: qcom,pm660l@3:anlg-cdc@f000: Adsp is not loaded yet 0
01-30 20:49:44.158     0     0 E msm_sdw_codec 152c1000.msm-sdw-codec: Adsp is not loaded yet 0
01-30 20:49:44.160     0     0 E pmic_analog_codec 800f000.qcom,spmi: qcom,pm660l@3:anlg-cdc@f000: Adsp is not loaded yet 0
01-30 20:49:44.160     0     0 E msm_sdw_codec 152c1000.msm-sdw-codec: Adsp is not loaded yet 0
01-30 20:49:44.162     0     0 I adsprpc : fastrpc_rpmsg_probe: opened rpmsg channel for cdsp
01-30 20:49:44.165     0     0 E pmic_analog_codec 800f000.qcom,spmi: qcom,pm660l@3:anlg-cdc@f000: Adsp is not loaded yet 0
01-30 20:49:44.165     0     0 E msm_sdw_codec 152c1000.msm-sdw-codec: Adsp is not loaded yet 0
01-30 20:49:44.178     0     0 I         : [ite_acc] get_accessory_id = 0
01-30 20:49:44.178     0     0 I [ite_acc] flip_present_show: 0
01-30 20:49:44.529     0     0 I oem-init: ro.persistent_properties.ready: true
01-30 20:49:44.529     0     0 I oem-init: sysfs:path sys/devices/soc0/project_id data 44 size 4
01-30 20:49:44.529     0     0 I oem-init: set_customba_prop project_id: 44
01-30 20:49:44.529     0     0 I oem-init: project_id: 44
01-30 20:49:44.529     0     0 I oem-init: feature is: eth-PoE-GSen-DuSpk-GPIO-AdbMux-eRTC-Key2-dmic-SD-exPD
01-30 20:49:44.529     0     0 I oem-init: [item :]precast, [flag :]0
01-30 20:49:44.529     0     0 I oem-init: precast_flag: 0
01-30 20:49:45.494     0     0 E         : can't get fw name.
01-30 20:49:45.494     0     0 E sensors-ssc soc: qcom,msm-ssc-sensors: slpi_load_fw: SLPI image loading failed
01-30 20:49:45.521     0     0 I oem-init: precast prop set to 0
01-30 20:49:45.521     0     0 I oem-init: [item :]ctsmode, [flag :]0
01-30 20:49:45.521     0     0 I oem-init: cts_flag: 0
01-30 20:49:45.714     0     0 W oem_init: 32 output lines suppressed due to ratelimiting
01-30 20:49:46.179     0     0 W healthd : Unknown power supply type 'BMS'
01-30 20:49:46.179     0     0 W healthd : Unknown power supply type 'Main'
09-01 22:54:05.316   634   634 I boot_progress_start: 11338
09-01 22:54:06.114   635   635 I sysui_multi_action: [757,804,799,boot_zygote_init,801,12127,802,1]
09-01 22:54:06.118   634   634 I sysui_multi_action: [757,804,799,boot_zygote_init,801,12135,802,1]
09-01 22:54:06.129   634   634 I boot_progress_preload_start: 12150
09-01 22:54:06.868     0     0 W  
09-01 22:54:06.891   700   700 I auditd  : type=1400 audit(0.0:8): avc: denied { read } for comm="android.hardwar" name="pa" dev="sysfs" ino=32121 scontext=u:r:hal_tv_cec_default:s0 tcontext=u:object_r:sysfs:s0 tclass=file permissive=0
09-01 22:54:06.963     0     0 E diag    : In diag_send_feature_mask_update, control channel is not open, p: 5, 00000000fec0bdbf
09-01 22:54:06.971     0     0 E diag    : In diag_send_peripheral_buffering_mode, buffering flag not set for 5
09-01 22:54:06.993     0     0 I sysmon-qmi: ssctl_new_server: Connection established between QMI handle and adsp's SSCTL service
09-01 22:54:07.003     0     0 E rmt_storage: INFO:check_support_using_libmdm: Modem subsystem found on target!
09-01 22:54:07.009     0     0 E diag    : In diag_send_peripheral_buffering_mode, buffering flag not set for 1
09-01 22:54:07.015     0     0 E rmt_storage: INFO:main: Done with init now waiting for messages!
09-01 22:54:07.015     0     0 I servloc : service_locator_new_server: Connection established with the Service locator
09-01 22:54:07.015     0     0 I sps     : BAM 0x0000000015204000 (va:0x00000000be04f75c) enabled: ver:0x19, number of pipes:13
09-01 22:54:07.015     0     0 I sps     : BAM 0x0000000015204000 is registered.
09-01 22:54:07.016     0     0 I servloc : init_service_locator: Service locator initialized
09-01 22:54:07.025     0     0 I         : Mass Storage Function, version: 2009/09/11
09-01 22:54:07.025     0     0 I LUN     : removable file: (no medium)
09-01 22:54:07.031     0     0 I         : file system registered
09-01 22:54:07.033     0     0 I f_cdev_alloc: port_name:at_usb0 (0000000050046e62) portno:(0)
09-01 22:54:07.037     0     0 I f_cdev_alloc: port_name:at_usb1 (000000009f55bc16) portno:(1)
09-01 22:54:07.039     0     0 I f_cdev_alloc: port_name:at_usb2 (00000000819e23a4) portno:(2)
09-01 22:54:07.046     0     0 I audio_notifer_reg_service: service PDR_ADSP is in use
09-01 22:54:07.046     0     0 I service-notifier: service_notifier_new_server: Connection established between QMI handle and 74 service
09-01 22:54:07.046     0     0 I ADSPRPC : audio_pdr_adsprpc is uninitialzed
09-01 22:54:07.047     0     0 I apr_adsp_up: Q6 is Up
09-01 22:54:07.047     0     0 I iommu   : Adding device soc:qcom,msm-audio-apr:qcom,msm-audio-ion to group 28
09-01 22:54:07.047     0     0 E msm-audio-ion soc: qcom,msm-audio-apr:qcom,msm-audio-ion: msm_audio_ion_probe: qcom,smmu-sid-mask missing in DT node, using default
09-01 22:54:07.056     0     0 I ADSPRPC : sensors_pdr_adsprpc is uninitialzed
09-01 22:54:07.056     0     0 I service-notifier: service_notifier_new_server: Connection established between QMI handle and 74 service
09-01 22:54:07.062     0     0 I wsa881x.20170211: wsa881x_swr_probe: bolero node not found
09-01 22:54:07.069     0     0 I wsa881x.20170212: wsa881x_swr_probe: bolero node not found
09-01 22:54:07.077     0     0 E swr-wcd msm_sdw_swr_ctrl: swrm_get_logical_dev_num: device 0x21170213 is not ready
09-01 22:54:07.077     0     0 E swr_get_logical_dev_num: Error -22 to get logical addr for device 21170213
09-01 22:54:07.077     0     0 W wsa881x : probe of wsa881x.21170213 failed with error -22
09-01 22:54:07.085     0     0 E swr-wcd msm_sdw_swr_ctrl: swrm_get_logical_dev_num: device 0x21170214 is not ready
09-01 22:54:07.085     0     0 E swr_get_logical_dev_num: Error -22 to get logical addr for device 21170214
09-01 22:54:07.085     0     0 W wsa881x : probe of wsa881x.21170214 failed with error -22
09-01 22:54:07.145     0     0 I mdss_fb_start_disp_thread: mdss_fb_blank_unblank+0x1ac/0x340: start display thread fb0
09-01 22:54:07.145     0     0 I mdss_fb_do_ioctl: reset MIPI for EDP IC can't catch mipi signal when power up
09-01 22:54:07.145     0     0 I sn65dsi86_dsi2edp_bl_enable: enable, set IO to 1
09-01 22:54:07.155     0     0 W QSEECOM : qseecom_load_app: App (soter64) does'nt exist, loading apps for first time
09-01 22:54:07.168     0     0 I mdss_dsi_panel_bklt_pwm: set led_en(28) to low
09-01 22:54:07.169     0     0 I sdm660-asoc-snd soc: qcom,msm-audio-apr:qcom,q6core-audio:sound: msm_internal_init: default codec configured
09-01 22:54:07.169     0     0 E OF      : /soc/qcom,msm-audio-apr/qcom,q6core-audio/sound: could not get #gpio-cells for /soc/msm_cdc_pinctrl@75
09-01 22:54:07.170     0     0 I sdm660-asoc-snd soc: qcom,msm-audio-apr:qcom,q6core-audio:sound: msm_init_wsa_dev: found 2 wsa881x devices registered with ALSA core
09-01 22:54:07.199     0     0 W QSEECOM : qseecom_load_app: App with id 131074 (soter64) now loaded
09-01 22:54:07.206   634   634 I liblog  : 802
--------- beginning of radio
09-01 22:54:07.206   634   634 D TelephonyManager: No /proc/cmdline exception=java.io.FileNotFoundException: /proc/cmdline: open failed: EACCES (Permission denied)
09-01 22:54:07.207   634   634 D TelephonyManager: /proc/cmdline=
09-01 22:54:07.218     0     0 I sn65dsi86_dsi2edp_bl_enable: disable, set IO to 0
09-01 22:54:07.238     0     0 I sn65dsi86_dsi2edp_disable: start
09-01 22:54:07.422     0     0 I msm_pm_qos_add_request: add request
09-01 22:54:07.438     0     0 E failed  : s_ctrl 000000001fa51530 for camera_id 0
09-01 22:54:07.438     0     0 E MSM-SENSOR-INIT msm_sensor_driver_cmd: 82 msm_sensor_driver_cmd failed (non-fatal) rc -22
09-01 22:54:07.438     0     0 E MSM-SENSOR-INIT msm_sensor_init_subdev_do_ioctl: 150 msm_sensor_init_subdev_do_ioctl:150 VIDIOC_MSM_SENSOR_INIT_CFG failed (non-fatal)
09-01 22:54:07.447     0     0 E failed  : s_ctrl 000000001fa51530 for camera_id 1
09-01 22:54:07.447     0     0 E MSM-SENSOR-INIT msm_sensor_driver_cmd: 82 msm_sensor_driver_cmd failed (non-fatal) rc -22
09-01 22:54:07.447     0     0 E MSM-SENSOR-INIT msm_sensor_init_subdev_do_ioctl: 150 msm_sensor_init_subdev_do_ioctl:150 VIDIOC_MSM_SENSOR_INIT_CFG failed (non-fatal)
09-01 22:54:07.450     0     0 E msm_sensor_fill_eeprom_subdevid_by_name: 469 Eeprom userspace probe for ov8856_gt24p64b
09-01 22:54:07.479     0     0 I msm_cci_init: 1440: hw_version = 0x10060000
09-01 22:54:07.480     0     0 I         : @@@ original_sid = 0x10, valid_flag = 0x01, eeprom_version = 0x01, checksum = 0x03
09-01 22:54:07.480     0     0 I         : @@@ rc = 0, camera_sid = 0x10, eeprom_reg_addr = 0x03 , eeprom_reg_value = 0x32
09-01 22:54:07.480     0     0 I         : @@@ rc = 0, camera_sid = 0x10, eeprom_reg_addr = 0x04 , eeprom_reg_value = 0x30
09-01 22:54:07.480     0     0 I         : @@@ rc = 0, camera_sid = 0x10, eeprom_reg_addr = 0x05 , eeprom_reg_value = 0x32
09-01 22:54:07.480     0     0 I         : @@@ rc = 0, camera_sid = 0x10, eeprom_reg_addr = 0x06 , eeprom_reg_value = 0x30
09-01 22:54:07.480     0     0 I         : @@@ rc = 0, camera_sid = 0x10, eeprom_reg_addr = 0x07 , eeprom_reg_value = 0x31
09-01 22:54:07.481     0     0 I         : @@@ rc = 0, camera_sid = 0x10, eeprom_reg_addr = 0x08 , eeprom_reg_value = 0x31
09-01 22:54:07.481     0     0 I         : @@@ rc = 0, camera_sid = 0x10, eeprom_reg_addr = 0x09 , eeprom_reg_value = 0x32
09-01 22:54:07.481     0     0 I         : @@@ rc = 0, camera_sid = 0x10, eeprom_reg_addr = 0x0a , eeprom_reg_value = 0x37
09-01 22:54:07.481     0     0 I         : @@@ rc = 0, camera_sid = 0x10, eeprom_reg_addr = 0x0b , eeprom_reg_value = 0x31
09-01 22:54:07.481     0     0 I         : @@@ rc = 0, camera_sid = 0x10, eeprom_reg_addr = 0x0c , eeprom_reg_value = 0x38
09-01 22:54:07.482     0     0 E         : ov8856 probe succeeded
09-01 22:54:07.497     0     0 E failed  : s_ctrl 000000001fa51530 for camera_id 3
09-01 22:54:07.497     0     0 E MSM-SENSOR-INIT msm_sensor_driver_cmd: 82 msm_sensor_driver_cmd failed (non-fatal) rc -22
09-01 22:54:07.497     0     0 E MSM-SENSOR-INIT msm_sensor_init_subdev_do_ioctl: 150 msm_sensor_init_subdev_do_ioctl:150 VIDIOC_MSM_SENSOR_INIT_CFG failed (non-fatal)
09-01 22:54:07.499     0     0 I msm_csid_init: CSID_VERSION = 0x30050000
09-01 22:54:07.500     0     0 E scm_call failed: func id 0x42001801, ret: -1, syscall returns: 0x0, 0x0, 0x0
09-01 22:54:07.500     0     0 E         : msm_csid_irq CSID0_IRQ_STATUS_ADDR = 0x800
09-01 22:54:07.535     0     0 I msm_cci_init: 1440: hw_version = 0x10060000
09-01 22:54:07.681     0     0 E wlan    : Loading driver v5.2.03.27K; 2021-08-31T03:31:39Z; cld:I59e3b71c2d; cmn:Ibe1096815a; ()
09-01 22:54:07.681     0     0 I qdf_print_ctrl_register: Allocated print control object 0
09-01 22:54:07.683     0     0 I [init][346699938][02:54:07.683147] wlan: [473:I:tdls] ucfg_tdls_init: 40: tdls module dispatcher init
09-01 22:54:07.683     0     0 I [init][346700136][02:54:07.683157] wlan: [473:I:tdls] ucfg_tdls_init: 72: tdls module dispatcher init done
09-01 22:54:07.683     0     0 I [init][346700354][02:54:07.683169] wlan: [473:I:POLICY_MGR] policy_mgr_init: 214: Callbacks registered with obj mgr
09-01 22:54:07.684     0     0 I         : wlan_hdd_state wlan major(497) initialized
09-01 22:54:07.684     0     0 I wlan    : driver loaded
09-01 22:54:07.752     0     0 I subsys-restart: __subsystem_get(): Changing subsys fw_name to modem
09-01 22:54:07.760     0     0 I pil-q6v5-mss 4080000.qcom,mss: modem: loading from 0x000000008ac00000 to 0x000000008dc00000
09-01 22:54:07.769     0     0 I         : read descriptors
09-01 22:54:07.769     0     0 I         : read strings
09-01 22:54:07.772     0     0 W         : (NULL device *): hwmon_device_register() is deprecated. Please convert the driver to use hwmon_device_register_with_info().
09-01 22:54:07.777     0     0 E firmware msadp: _request_firmware_load: firmware state wait timeout: rc = -2
09-01 22:54:07.777     0     0 W pil-q6v5-mss 4080000.qcom,mss: Debug policy not present - msadp. Continue.
09-01 22:54:07.777     0     0 I pil-q6v5-mss 4080000.qcom,mss: Loading MBA and DP (if present) from 0x0000000094800000 to 0x0000000094900000
09-01 22:54:07.781     0     0 W wsa881x_get_temp: Temperature registers[0 0 0 0] are out of range
09-01 22:54:07.781     0     0 W wsa881x_get_temp: T0: 65535 is out of range[5, 45]
09-01 22:54:07.813     0     0 W wsa881x_get_temp: Temperature registers[0 0 0 0] are out of range
09-01 22:54:07.813     0     0 W wsa881x_get_temp: T0: 65535 is out of range[5, 45]
09-01 22:54:07.827     0     0 I pil-q6v5-mss 4080000.qcom,mss: MBA boot done
09-01 22:54:07.843     0     0 W wsa881x_get_temp: Temperature registers[0 0 0 0] are out of range
09-01 22:54:07.843     0     0 W wsa881x_get_temp: T0: 65535 is out of range[5, 45]
09-01 22:54:07.873     0     0 W wsa881x_get_temp: Temperature registers[0 0 0 0] are out of range
09-01 22:54:07.873     0     0 W wsa881x_get_temp: T0: 65535 is out of range[5, 45]
09-01 22:54:07.879     0     0 W         : (NULL device *): hwmon_device_register() is deprecated. Please convert the driver to use hwmon_device_register_with_info().
09-01 22:54:07.888     0     0 W wsa881x_get_temp: Temperature registers[0 0 0 0] are out of range
09-01 22:54:07.888     0     0 W wsa881x_get_temp: T0: 65535 is out of range[5, 45]
09-01 22:54:07.923     0     0 W wsa881x_get_temp: Temperature registers[0 0 0 0] are out of range
09-01 22:54:07.923     0     0 W wsa881x_get_temp: T0: 65535 is out of range[5, 45]
09-01 22:54:07.953     0     0 W wsa881x_get_temp: Temperature registers[0 0 0 0] are out of range
09-01 22:54:07.953     0     0 W wsa881x_get_temp: T0: 65535 is out of range[5, 45]
09-01 22:54:07.969     0     0 I sn65dsi86_dsi2edp_disable: end
09-01 22:54:07.969     0     0 I sn65dsi86_dsi2edp_panel_enable: set to 0
09-01 22:54:07.983     0     0 W wsa881x_get_temp: Temperature registers[0 0 0 0] are out of range
09-01 22:54:07.983     0     0 W wsa881x_get_temp: T0: 65535 is out of range[5, 45]
09-01 22:54:08.020     0     0 I pil-q6v5-mss 4080000.qcom,mss: modem: Brought out of reset
09-01 22:54:08.034     0     0 I pil-q6v5-mss 4080000.qcom,mss: Subsystem error monitoring/handling services are up
09-01 22:54:08.034     0     0 I pil-q6v5-mss 4080000.qcom,mss: modem: Power/Clock ready interrupt received
09-01 22:54:08.039     0     0 E qrtr    : Modem QMI Readiness RX cmd:0x2 node[0x0]
09-01 22:54:08.040     0     0 I service-notifier: service_notifier_new_server: Connection established between QMI handle and 180 service
09-01 22:54:08.040     0     0 I sysmon-qmi: ssctl_new_server: Connection established between QMI handle and modem's SSCTL service
09-01 22:54:08.041     0     0 E rmt_storage: INFO:rmt_storage_open_cb: Processing: Open Request (req_h 0x1) for /boot/modem_fs1!
09-01 22:54:08.041     0     0 E rmt_storage: INFO:rmt_storage_open_cb: Processing: Open Request (req_h 0x2) for /boot/modem_fs2!
09-01 22:54:08.042     0     0 E rmt_storage: INFO:rmt_storage_open_cb: Processing: Open Request (req_h 0x3) for /boot/modem_fsg!
09-01 22:54:08.042     0     0 E rmt_storage: INFO:rmt_storage_open_cb: Processing: Open Request (req_h 0x4) for /boot/modem_fsc!
09-01 22:54:08.044     0     0 E rmt_storage: INFO:rmt_storage_alloc_buff_cb: Received req_size: 2097152! avail: 2097152
09-01 22:54:08.045     0     0 E rmt_storage: INFO:rmt_storage_rw_iovec_cb: Read iovec request (req_h 0x8 wr_count 0) received for /boot/modem_fs1
09-01 22:54:08.045     0     0 E rmt_storage: INFO:rmt_storage_client_thread: Calling Read [offset=512, size=512, req_h 0x8, wr_count 0] for /boot/modem_fs1!
09-01 22:54:08.046     0     0 E rmt_storage: INFO:rmt_storage_client_thread: Done Read (bytes = 512, req_h 0x8, wr_count 0) for /boot/modem_fs1!
09-01 22:54:08.104     0     0 I memshare_child soc: qcom,memshare:qcom,client_3: memshare_query: client_id : 1, query_resp.size :0, query_resp.resp.result :0
09-01 22:54:08.110     0     0 E diag    : In diag_send_feature_mask_update, control channel is not open, p: 0, 0000000000000000
09-01 22:54:08.111     0     0 E diag    : In diag_send_peripheral_buffering_mode, buffering flag not set for 0
09-01 22:54:08.143     0     0 I input   : sdm660-snd-card-i40 Headset Jack as /devices/platform/soc/soc:qcom,msm-audio-apr/soc:qcom,msm-audio-apr:qcom,q6core-audio/soc:qcom,msm-audio-apr:qcom,q6core-audio:sound/sound/card0/input4
09-01 22:54:08.143     0     0 I input   : sdm660-snd-card-i40 Button Jack as /devices/platform/soc/soc:qcom,msm-audio-apr/soc:qcom,msm-audio-apr:qcom,q6core-audio/soc:qcom,msm-audio-apr:qcom,q6core-audio:sound/sound/card0/input5
09-01 22:54:08.186   634   634 I boot_progress_preload_end: 14207
09-01 22:54:08.220     0     0 I MSM-CPP cpp_init_hardware: 1135 CPP HW Version: 0x60010002
09-01 22:54:08.220     0     0 E MSM-CPP cpp_init_hardware: 1153 stream_cnt:0
09-01 22:54:08.383     0     0 E MAIN_MGR: hvdcp_opti Version: 3:0:0
09-01 22:54:08.542     0     0 I MSM-CPP cpp_release_hardware: 1216 cpp hw release done
09-01 22:54:08.670     0     0 I subsys-pil-tz soc: qcom,kgsl-hyp: a512_zap: loading from 0x00000000fbc00000 to 0x00000000fbc02000
09-01 22:54:08.689  1007  1007 D RILD    : **RIL Daemon Started**
09-01 22:54:08.689  1007  1007 D RILD    : **RILd param count=3**
09-01 22:54:08.714     0     0 E mdss_mdp_cxipeak_vote: cxipeak api fail ret:-22 set_vote :0 new_rate:150000000 prev_rate:412500000
09-01 22:54:08.714     0     0 I mdss_dsi_on-:  
09-01 22:54:08.735  1007  1007 D RILD    : RIL_Init argc = 3 clientId = 0
09-01 22:54:08.735  1007  1007 D RILC    : Quectel RIL Version: Quectel_Android_RIL_Driver_V3.3.4-0712
09-01 22:54:08.735  1007  1007 E RIL_READ_CONF: '/system/etc/ql-ril.conf' not exist.
09-01 22:54:08.736  1007  1007 D RIL_READ_CONF: original conf line: At_Cmds_For_Customer_Initialize=at+qgpscfg="gpsnmeatype",31;at+qgpscfg="glonassnmeatype",7;at+qgpscfg="beidounmeatype",3;at+qgpscfg="galileonmeatype",1;at+qgpscfg="gnssrawdata",1,0;AT+QNVW=5895,0,"01";AT+QNVW=7145,0,"00"
09-01 22:54:08.736  1007  1007 D RIL_READ_CONF: original conf line: Query_Available_Networks=1
09-01 22:54:08.736  1007  1007 D RIL_READ_CONF: Query_Available_Networks = 1
09-01 22:54:08.736  1007  1007 E RILC    : '/vendor/manifest.xml' not exist.
09-01 22:54:08.736  1007  1007 D RILC    : t-prop_value is 2
09-01 22:54:08.736  1007  1007 D RILC    : before_dot is 10
09-01 22:54:08.736  1007  1007 D RILC    : [ro.build.version.release]: [10.0]
09-01 22:54:08.736  1007  1007 D RILC    : Android Version: 100, RIL_VERSION: 12 / 12
09-01 22:54:08.736  1007  1007 D RILC    : [ro.build.description]: [Must use __system_property_read_callback() to read]
09-01 22:54:08.736  1007  1007 D RILC    : [ro.hardware]: [qcom]
09-01 22:54:08.736  1007  1007 D RILC    : selinux maybe set Enforcing mode, use command getenforce to check
09-01 22:54:08.736  1007  1007 D RILC    : selinux maybe set Enforcing mode, use command "setenforce 0" to disable
09-01 22:54:08.736  1007  1007 I RILC    : clientID = 0
09-01 22:54:08.739     0     0 I subsys-pil-tz soc: qcom,kgsl-hyp: a512_zap: Brought out of reset
09-01 22:54:08.758  1007  1098 I RILC    : mainLoop Start
09-01 22:54:08.761  1007  1098 E RILU    : cannot find ttyname for AT Port
09-01 22:54:08.761  1007  1098 D RILC    : try to match pci
09-01 22:54:08.762  1007  1098 D RILU    : find_pci_device is 0
09-01 22:54:08.762  1007  1098 E RILU    : can not find ttyname for pci AT port
09-01 22:54:08.762  1007  1098 D RILC    : PCI can't find at device
09-01 22:54:08.935     0     0 E HVDCP2  : Not valid charger for hvdcp2.
09-01 22:54:08.936     0     0 I init    : Service 'bpfloader' (pid 973) exited with status 0
