--------- beginning of system
01-01 14:56:02.313   495   495 I vold    : Vold 3.0 (the awakening) firing up
01-01 14:56:02.314   495   495 D vold    : Detected support for: ext4 f2fs vfat
01-01 14:56:02.318   495   495 D vold    : Found unmanaged dm device named system_a
01-01 14:56:02.318   495   495 D vold    : Found unmanaged dm device named vendor_a
01-01 14:56:02.318   495   495 D vold    : Found unmanaged dm device named scratch
01-01 14:56:02.318   495   495 D vold    : Found unmanaged dm device named product_a
01-01 14:56:02.318   495   495 W vold    : Failed to LOOP_GET_STATUS64 /dev/block/loop10: No such device or address
01-01 14:56:02.318   495   495 W vold    : Failed to LOOP_GET_STATUS64 /dev/block/loop5: No such device or address
01-01 14:56:02.318   495   495 W vold    : Failed to LOOP_GET_STATUS64 /dev/block/loop8: No such device or address
01-01 14:56:02.318   495   495 W vold    : Failed to LOOP_GET_STATUS64 /dev/block/loop14: No such device or address
01-01 14:56:02.318   495   495 W vold    : Failed to LOOP_GET_STATUS64 /dev/block/loop13: No such device or address
01-01 14:56:02.318   495   495 W vold    : Failed to LOOP_GET_STATUS64 /dev/block/loop3: No such device or address
01-01 14:56:02.318   495   495 W vold    : Failed to LOOP_GET_STATUS64 /dev/block/loop0: No such device or address
01-01 14:56:02.318   495   495 W vold    : Failed to LOOP_GET_STATUS64 /dev/block/loop4: No such device or address
01-01 14:56:02.318   495   495 W vold    : Failed to LOOP_GET_STATUS64 /dev/block/loop1: No such device or address
01-01 14:56:02.318   495   495 W vold    : Failed to LOOP_GET_STATUS64 /dev/block/loop9: No such device or address
01-01 14:56:02.318   495   495 W vold    : Failed to LOOP_GET_STATUS64 /dev/block/loop11: No such device or address
01-01 14:56:02.318   495   495 W vold    : Failed to LOOP_GET_STATUS64 /dev/block/loop12: No such device or address
01-01 14:56:02.318   495   495 W vold    : Failed to LOOP_GET_STATUS64 /dev/block/loop15: No such device or address
01-01 14:56:02.318   495   495 W vold    : Failed to LOOP_GET_STATUS64 /dev/block/loop7: No such device or address
01-01 14:56:02.318   495   495 W vold    : Failed to LOOP_GET_STATUS64 /dev/block/loop2: No such device or address
01-01 14:56:02.318   495   495 W vold    : Failed to LOOP_GET_STATUS64 /dev/block/loop6: No such device or address
01-01 14:56:02.319   495   495 I vold    : [libfs_mgr]dt_fstab: Skip disabled entry for partition vendor
01-01 14:56:02.320   495   495 D vold    : VoldNativeService::start() completed OK
01-01 14:56:02.509   537   550 I QISL    : QSEE Interrupt Service Listener Thread is started
01-01 14:56:02.510   537   550 I QISL    : QSEE Interrupt Service Listener was activated successfully
01-01 14:56:02.640   495   513 I Checkpoint: Validating checkpoint on /dev/block/bootdevice/by-name/userdata
01-01 14:56:02.642   495   513 E Checkpoint: No magic
01-01 14:56:02.768   495   513 I Checkpoint: cp_prepareCheckpoint called
01-01 14:56:02.793   495   513 I vold    : fscrypt_initialize_systemwide_keys
01-01 14:56:02.794   495   513 D vold    : Key exists, using: /data/unencrypted/key
01-01 14:56:02.798   495   513 I vold    : List of Keymaster HALs found:
01-01 14:56:02.798   495   513 I vold    : Keymaster HAL #1: Keymaster HAL: 4 from QTI SecurityLevel: TRUSTED_ENVIRONMENT HAL: android.hardware.keymaster@4.0::IKeymasterDevice/default
01-01 14:56:02.902   495   513 D vold    : Computing HMAC with params { (seed: 253679b220427120ecadcedae857ddfeb865d77fed731c3b967e1a3c2d7366, nonce: 74cdc17fd8a69da776dc1365d0947f3fcadbeb952791d89824d497d1dd95ada) }
01-01 14:56:02.902   495   513 D vold    : Computing HMAC for Keymaster HAL: 4 from QTI SecurityLevel: TRUSTED_ENVIRONMENT HAL: android.hardware.keymaster@4.0::IKeymasterDevice/default
01-01 14:56:02.906   495   513 I vold    : Using Keymaster HAL: 4 from QTI for encryption.  Security level: TRUSTED_ENVIRONMENT, HAL: android.hardware.keymaster@4.0::IKeymasterDevice/default
01-01 14:56:02.916   495   513 E vold    : Inserting using old mechanism  Error 19: No such device
01-01 14:56:02.916   495   513 D vold    : Added key 814465793 (ext4:83dc24c5eca6554d) to keyring 64467374 in process 495key size64
01-01 14:56:02.916   495   513 E vold    : Inserting using old mechanism  Error 19: No such device
01-01 14:56:02.916   495   513 D vold    : Added key 447933313 (f2fs:83dc24c5eca6554d) to keyring 64467374 in process 495key size64
01-01 14:56:02.916   495   513 E vold    : Inserting using old mechanism  Error 19: No such device
01-01 14:56:02.916   495   513 D vold    : Added key 761751681 (fscrypt:83dc24c5eca6554d) to keyring 64467374 in process 495key size64
01-01 14:56:02.925   495   513 I vold    : Wrote system DE key reference to:/data/unencrypted/ref
01-01 14:56:02.925   495   513 E vold    : Inserting using old mechanism  Error 19: No such device
01-01 14:56:02.925   495   513 D vold    : Added key 751568439 (ext4:b4bb69c9ed20e250) to keyring 64467374 in process 495key size64
01-01 14:56:02.925   495   513 E vold    : Inserting using old mechanism  Error 19: No such device
01-01 14:56:02.925   495   513 D vold    : Added key 139568742 (f2fs:b4bb69c9ed20e250) to keyring 64467374 in process 495key size64
01-01 14:56:02.925   495   513 E vold    : Inserting using old mechanism  Error 19: No such device
01-01 14:56:02.925   495   513 D vold    : Added key 771810764 (fscrypt:b4bb69c9ed20e250) to keyring 64467374 in process 495key size64
01-01 14:56:02.927   495   513 I vold    : Wrote per boot key reference to:/data/unencrypted/per_boot_ref
01-01 14:56:03.141   495   513 D vold    : fscrypt_init_user0
01-01 14:56:03.141   495   513 D vold    : Preparing: /data/misc/vold/user_keys
01-01 14:56:03.142   495   513 D vold    : Preparing: /data/misc/vold/user_keys/ce
01-01 14:56:03.142   495   513 D vold    : Preparing: /data/misc/vold/user_keys/de
01-01 14:56:03.142   495   513 D vold    : Skipping non-de-key .
01-01 14:56:03.143   495   513 D vold    : Skipping non-de-key ..
01-01 14:56:03.147   495   513 I vold    : List of Keymaster HALs found:
01-01 14:56:03.147   495   513 I vold    : Keymaster HAL #1: Keymaster HAL: 4 from QTI SecurityLevel: TRUSTED_ENVIRONMENT HAL: android.hardware.keymaster@4.0::IKeymasterDevice/default
01-01 14:56:03.147   495   513 I vold    : Using Keymaster HAL: 4 from QTI for encryption.  Security level: TRUSTED_ENVIRONMENT, HAL: android.hardware.keymaster@4.0::IKeymasterDevice/default
01-01 14:56:03.157   495   513 E vold    : Inserting using old mechanism  Error 19: No such device
01-01 14:56:03.157   495   513 D vold    : Added key 272904885 (ext4:b648508a6528c1e7) to keyring 64467374 in process 495key size64
01-01 14:56:03.157   495   513 E vold    : Inserting using old mechanism  Error 19: No such device
01-01 14:56:03.157   495   513 D vold    : Added key 118931476 (f2fs:b648508a6528c1e7) to keyring 64467374 in process 495key size64
01-01 14:56:03.157   495   513 E vold    : Inserting using old mechanism  Error 19: No such device
01-01 14:56:03.157   495   513 D vold    : Added key 956295426 (fscrypt:b648508a6528c1e7) to keyring 64467374 in process 495key size64
01-01 14:56:03.158   495   513 D vold    : Installed de key for user 0
01-01 14:56:03.158   495   513 D vold    : fscrypt_prepare_user_storage for volume null, user 0, serial 0, flags 1
01-01 14:56:03.158   495   513 D vold    : Preparing: /data/system/users/0
01-01 14:56:03.158   495   513 D vold    : Preparing: /data/misc/profiles/cur/0
01-01 14:56:03.159   495   513 D vold    : Preparing: /data/system_de/0
01-01 14:56:03.159   495   513 D vold    : Preparing: /data/misc_de/0
01-01 14:56:03.159   495   513 D vold    : Preparing: /data/vendor_de/0
01-01 14:56:03.160   495   513 D vold    : Preparing: /data/user_de/0
01-01 14:56:03.160   495   513 I vold    : Found policy b648508a6528c1e7 at /data/system_de/0 which matches expected value
01-01 14:56:03.161   495   513 I vold    : Found policy b648508a6528c1e7 at /data/misc_de/0 which matches expected value
01-01 14:56:03.161   495   513 I vold    : Found policy b648508a6528c1e7 at /data/vendor_de/0 which matches expected value
01-01 14:56:03.162   495   513 I vold    : Found policy b648508a6528c1e7 at /data/user_de/0 which matches expected value
01-01 14:56:03.162   495   513 D vold    : /system/bin/vold_prepare_subdirs
01-01 14:56:03.162   495   513 D vold    :     prepare
01-01 14:56:03.163   495   513 D vold    :     
01-01 14:56:03.163   495   513 D vold    :     0
01-01 14:56:03.163   495   513 D vold    :     1
--------- beginning of main
05-06 01:18:28.972   614   614 I zygote  : option[8]=-XX:HeapMinFree=512k
05-06 01:18:28.972   614   614 I zygote  : option[9]=-XX:HeapMaxFree=8m
05-06 01:18:28.972   614   614 I zygote  : option[10]=-XX:HeapTargetUtilization=0.75
05-06 01:18:28.972   614   614 I zygote  : option[11]=-Xusejit:true
05-06 01:18:28.972   614   614 I zygote  : option[12]=-Xjitsaveprofilinginfo
05-06 01:18:28.972   614   614 I zygote  : option[13]=-XjdwpOptions:suspend=n,server=y
05-06 01:18:28.972   614   614 I zygote  : option[14]=-XjdwpProvider:default
05-06 01:18:28.972   614   614 I zygote  : option[15]=-Xlockprofthreshold:500
05-06 01:18:28.972   614   614 I zygote  : option[16]=-Ximage-compiler-option
05-06 01:18:28.972   614   614 I zygote  : option[17]=--runtime-arg
05-06 01:18:28.972   614   614 I zygote  : option[18]=-Ximage-compiler-option
05-06 01:18:28.972   614   614 I zygote  : option[19]=-Xms64m
05-06 01:18:28.972   614   614 I zygote  : option[20]=-Ximage-compiler-option
05-06 01:18:28.972   614   614 I zygote  : option[21]=--runtime-arg
05-06 01:18:28.972   614   614 I zygote  : option[22]=-Ximage-compiler-option
05-06 01:18:28.972   614   614 I zygote  : option[23]=-Xmx64m
05-06 01:18:28.972   614   614 I zygote  : option[24]=-Ximage-compiler-option
05-06 01:18:28.972   614   614 I zygote  : option[25]=--profile-file=/system/etc/boot-image.prof
05-06 01:18:28.972   614   614 I zygote  : option[26]=-Ximage-compiler-option
05-06 01:18:28.972   614   614 I zygote  : option[27]=--compiler-filter=speed-profile
05-06 01:18:28.972   614   614 I zygote  : option[28]=-Xcompiler-option
05-06 01:18:28.972   614   614 I zygote  : option[29]=--runtime-arg
05-06 01:18:28.972   614   614 I zygote  : option[30]=-Xcompiler-option
05-06 01:18:28.972   614   614 I zygote  : option[31]=-Xms64m
05-06 01:18:28.972   614   614 I zygote  : option[32]=-Xcompiler-option
05-06 01:18:28.972   614   614 I zygote  : option[33]=--runtime-arg
05-06 01:18:28.972   614   614 I zygote  : option[34]=-Xcompiler-option
05-06 01:18:28.972   614   614 I zygote  : option[35]=-Xmx512m
05-06 01:18:28.972   614   614 I zygote  : option[36]=-Ximage-compiler-option
05-06 01:18:28.972   614   614 I zygote  : option[37]=--instruction-set-variant=cortex-a73
05-06 01:18:28.972   614   614 I zygote  : option[38]=-Xcompiler-option
05-06 01:18:28.972   614   614 I zygote  : option[39]=--instruction-set-variant=cortex-a73
05-06 01:18:28.972   614   614 I zygote  : option[40]=-Ximage-compiler-option
05-06 01:18:28.972   614   614 I zygote  : option[41]=--instruction-set-features=default
05-06 01:18:28.972   614   614 I zygote  : option[42]=-Xcompiler-option
05-06 01:18:28.972   614   614 I zygote  : option[43]=--instruction-set-features=default
05-06 01:18:28.972   614   614 I zygote  : option[44]=-Duser.locale=en-US
05-06 01:18:28.972   614   614 I zygote  : option[45]=--cpu-abilist=armeabi-v7a,armeabi
05-06 01:18:28.972   614   614 I zygote  : option[46]=-Xcompiler-option
05-06 01:18:28.972   614   614 I zygote  : option[47]=--generate-mini-debug-info
05-06 01:18:28.973   614   614 I zygote  : option[48]=-Xcore-platform-api-policy:just-warn
05-06 01:18:28.973   614   614 I zygote  : option[49]=-Xfingerprint:Elo/M60-Pay/M60-Pay:10/QKQ1.201112.002/5.0.2+p:userdebug/debug,release-keys
05-06 01:18:28.974   668   668 E qdhdmi_cec: write_node: Failed to access path: /sys/devices/virtual/graphics/fb2/cec/logical_addr error: No such file or directory
05-06 01:18:28.974   668   668 E qdhdmi_cec: write_node: Failed to access path: /sys/devices/virtual/graphics/fb2/cec/enable error: No such file or directory
05-06 01:18:28.974   668   668 E qdhdmi_cec: cec_enable: Failed to toggle CEC: enable: 1
05-06 01:18:28.974   668   668 D qdhdmi_cec: cec_init_context: CEC enabled
05-06 01:18:28.974   668   668 E qdhdmi_cec: Node open failed for display 2 event cec/rd_msg error No such file or directory
05-06 01:18:28.974   668   668 E qdhdmi_cec: Failed to set poll event parameters
05-06 01:18:28.974   668   668 E qdhdmi_cec: Failed to populate poll parameters for monitoring HDMI CEC events. Exiting.
05-06 01:18:28.975   665   665 I ServiceManagement: Registered android.hardware.power@1.0::IPower/default (start delay of 171ms)
05-06 01:18:28.975   668   668 E qdhdmi_cec: write_node: Failed to access path: /sys/devices/virtual/graphics/fb2/cec/enable error: No such file or directory
05-06 01:18:28.975   668   668 E qdhdmi_cec: cec_enable: Failed to toggle CEC: enable: 0
05-06 01:18:28.975   665   665 I ServiceManagement: Removing namespace from process name android.hardware.power@1.0-service to power@1.0-service.
05-06 01:18:28.975   665   665 I android.hardware.power@1.0-service: Registration complete for android.hardware.power@1.0::IPower/default.
05-06 01:18:28.977   680   680 I ServiceManagement: Registered vendor.qti.esepowermanager@1.0::IEsePowerManager/default (start delay of 123ms)
05-06 01:18:28.978   680   680 I ServiceManagement: Removing namespace from process name vendor.qti.esepowermanager@1.0-service to esepowermanager@1.0-service.
05-06 01:18:28.978   680   680 I vendor.qti.esepowermanager@1.0-service: Registration complete for vendor.qti.esepowermanager@1.0::IEsePowerManager/default.
05-06 01:18:28.978   668   668 I ServiceManagement: Registered android.hardware.tv.cec@1.0::IHdmiCec/default (start delay of 164ms)
05-06 01:18:28.978   668   668 I ServiceManagement: Removing namespace from process name android.hardware.tv.cec@1.0-service to cec@1.0-service.
05-06 01:18:28.978   668   668 I android.hardware.tv.cec@1.0-service: Registration complete for android.hardware.tv.cec@1.0::IHdmiCec/default.
05-06 01:18:28.982   695   695 I irsc_util: Starting irsc tool
05-06 01:18:28.984   654   654 I android.hardware.bluetooth@1.0-service: vendorEnhancedInfo: 3
05-06 01:18:28.984   654   654 I android.hardware.bluetooth@1.0-service: isVendorEnhancedFramework: 1
05-06 01:18:28.984   654   654 I android.hardware.bluetooth@1.0-service: Registering BT Service
05-06 01:18:28.987   614   614 I zygote  : Core platform API reporting enabled, enforcing=false
05-06 01:18:28.989   660   660 I ServiceManagement: Registered android.hardware.graphics.allocator@2.0::IAllocator/default (start delay of 194ms)
05-06 01:18:28.989   660   660 I ServiceManagement: Removing namespace from process name android.hardware.graphics.allocator@2.0-service to allocator@2.0-service.
05-06 01:18:28.989   660   660 I android.hardware.graphics.allocator@2.0-service: Registration complete for android.hardware.graphics.allocator@2.0::IAllocator/default.
05-06 01:18:28.993   604   610 E QMI_FW  : ctrl_msg_reader_thread: control thread received ENETRESET 102
05-06 01:18:28.994   604   604 E QMI_FW  : xport_lookup: No RX for lookup -1
05-06 01:18:28.994   604   604 D QC-time-services: Daemon:genoff_modem_qmi_init: Initializing QMI 
05-06 01:18:28.994   695   695 I irsc_util: Num of entries:299
05-06 01:18:28.994   695   695 E irsc_util: irsc_feed_config: Security config ioctl failed
05-06 01:18:28.994   695   695 I irsc_util: Ending irsc tool
05-06 01:18:28.997   485   485 I hwservicemanager: getTransport: Cannot find entry android.hardware.gnss@2.0::IGnss/default in either framework or device manifest.
05-06 01:18:29.000   604   714 D QC-time-services: Daemon: Time-services: All initializations done
05-06 01:18:29.000   604   714 E QC-time-services: Daemon: Time-services: Waiting to acceptconnection
05-06 01:18:29.002   683   683 D         : QdutilsDisp: svc service starting :)
05-06 01:18:29.012   685   685 I ServiceManagement: Registered vendor.qti.hardware.qteeconnector@1.0::IAppConnector/default (start delay of 148ms)
05-06 01:18:29.013   685   685 I ServiceManagement: Removing namespace from process name vendor.qti.hardware.qteeconnector@1.0-service to qteeconnector@1.0-service.
05-06 01:18:29.013   674   674 I vendor.elo.hardware.oemmisc@1.0-service: OemMisc Service start!
05-06 01:18:29.015   674   674 I ServiceManagement: Registered vendor.elo.hardware.oemmisc@1.0::IOemMisc/default (start delay of 181ms)
05-06 01:18:29.015   674   674 I ServiceManagement: Removing namespace from process name vendor.elo.hardware.oemmisc@1.0-service to oemmisc@1.0-service.
05-06 01:18:29.020   705   705 W logd2   : Should set uid/gid from root to system
05-06 01:18:29.020   705   705 W logd2   : waiting client connection
05-06 01:18:29.021   683   683 I ServiceManagement: Registered vendor.qti.hardware.qdutils_disp@1.0::IQdutilsDisp/default (start delay of 157ms)
05-06 01:18:29.021   683   683 I ServiceManagement: Removing namespace from process name vendor.qti.hardware.qdutils_disp@1.0-service-qti to qdutils_disp@1.0-service-qti.
05-06 01:18:29.021   683   683 E         : Registered IQdutilsDisp HAL service success!
05-06 01:18:29.023   685   685 I ServiceManagement: Registered vendor.qti.hardware.qteeconnector@1.0::IGPAppConnector/default (start delay of 159ms)
05-06 01:18:29.023   685   685 I ServiceManagement: Removing namespace from process name vendor.qti.hardware.qteeconnector@1.0-service to qteeconnector@1.0-service.
05-06 01:18:29.034   689   689 D QSEECOMAPI: QSEECom_get_handle sb_length = 0x2800
05-06 01:18:29.034   689   689 D QSEECOMAPI: App is not loaded in QSEE
05-06 01:18:29.038   699   699 I pd-mapper-svc: Starting pd-mapper service
05-06 01:18:29.038   689   689 D QSEECOMAPI: app_arch = 2, total_files = 9
05-06 01:18:29.039   699   699 I pd-mapper-svc: Parsing file :/vendor/firmware_mnt/image/adspr.jsn:
05-06 01:18:29.040   689   689 E ion     : ioctl c0044901 failed with code -1: Not a typewriter
05-06 01:18:29.041   659   659 D gps_ql  : get android version:29
05-06 01:18:29.042   654   654 I ServiceManagement: Registered android.hardware.bluetooth@1.0::IBluetoothHci/default (start delay of 268ms)
05-06 01:18:29.042   654   654 I ServiceManagement: Removing namespace from process name android.hardware.bluetooth@1.0-service-qti to bluetooth@1.0-service-qti.
05-06 01:18:29.042   654   654 I         : Registration complete for android.hardware.bluetooth@1.0::IBluetoothHci/default.
05-06 01:18:29.042   654   654 I android.hardware.bluetooth@1.0-service: Registering ANT Service
05-06 01:18:29.042   671   671 I ServiceManagement: Registered vendor.display.color@1.0::IDisplayColor/default (start delay of 218ms)
05-06 01:18:29.043   671   671 I ServiceManagement: Removing namespace from process name vendor.display.color@1.0-service to color@1.0-service.
05-06 01:18:29.043   698   698 I PerMgrSrv: Adding entry for modem : offTimeout : 500 ackTimeout : 200
05-06 01:18:29.044   717   717 I vendor.rmt_storage: Modem subsystem found on target!
05-06 01:18:29.044   671   671 I ServiceManagement: Registered vendor.display.postproc@1.0::IDisplayPostproc/default (start delay of 220ms)
05-06 01:18:29.044   659   659 I ServiceManagement: Registered android.hardware.gnss@2.0::IGnss/default (start delay of 260ms)
05-06 01:18:29.044   659   659 I ServiceManagement: Removing namespace from process name android.hardware.gnss@2.0-service.quectel to gnss@2.0-service.quectel.
05-06 01:18:29.044   659   659 I android.hardware.gnss@2.0-service: Registration complete for android.hardware.gnss@2.0::IGnss/default.
05-06 01:18:29.044   717   717 I vendor.rmt_storage: Shared memory initialised successfully.
05-06 01:18:29.045   717   717 I vendor.rmt_storage: Registering modemst1: 0x4a /boot/modem_fs1
05-06 01:18:29.045   717   717 I vendor.rmt_storage: Registering modemst2: 0x4b /boot/modem_fs2
05-06 01:18:29.045   717   717 I vendor.rmt_storage: Registering fsc: 0xff /boot/modem_fsc
05-06 01:18:29.045   717   717 I vendor.rmt_storage: Registering fsg: 0x58 /boot/modem_fsg
05-06 01:18:29.045   717   717 I vendor.rmt_storage: 4 GPT partitions found
05-06 01:18:29.045   717   717 I vendor.rmt_storage: Capset success!
05-06 01:18:29.047   703   703 I ServiceManagement: getService: Trying again for vendor.qti.hardware.perf@2.0::IPerf/default...
05-06 01:18:29.047   699   699 I pd-mapper-svc: Parsing file :/vendor/firmware_mnt/image/adsps.jsn:
05-06 01:18:29.051   716   716 I qpart-server: *** Starting Qpart Server *** 
05-06 01:18:29.051   716   716 I qpart-server: sizeof(T_Socket_Packet):40
05-06 01:18:29.051   716   716 I qpart-server: SOCKET_PKT_HEADER_LEN:40
05-06 01:18:29.051   716   716 I qpart-server: init all signals
05-06 01:18:29.051   716   716 I qpart-server: waiting client connection
05-06 01:18:29.058   699   699 I pd-mapper-svc: Parsing file :/vendor/firmware_mnt/image/adspua.jsn:
05-06 01:18:29.059   719   719 I tftp_server: Initializing tftp_server RING buffer
05-06 01:18:29.059   719   719 I tftp_server: Starting...
05-06 01:18:29.061   699   699 I pd-mapper-svc: Parsing file :/vendor/firmware_mnt/image/cdspr.jsn:
05-06 01:18:29.062   654   654 I ServiceManagement: Registered com.qualcomm.qti.ant@1.0::IAntHci/default (start delay of 288ms)
05-06 01:18:29.063   654   654 I         : Registration complete for com.qualcomm.qti.ant@1.0::IAntHci/default.
05-06 01:18:29.063   654   654 I android.hardware.bluetooth@1.0-service: Registering SAR service
05-06 01:18:29.064   699   699 I pd-mapper-svc: Parsing file :/vendor/firmware_mnt/image/modemr.jsn:
05-06 01:18:29.067   657   657 W /vendor/bin/hw/android.hardware.configstore@1.1-service: libminijail[657]: allowing syscall: connect
05-06 01:18:29.067   657   657 W /vendor/bin/hw/android.hardware.configstore@1.1-service: libminijail[657]: allowing syscall: fcntl
05-06 01:18:29.068   657   657 W /vendor/bin/hw/android.hardware.configstore@1.1-service: libminijail[657]: allowing syscall: sendto
05-06 01:18:29.068   657   657 W /vendor/bin/hw/android.hardware.configstore@1.1-service: libminijail[657]: allowing syscall: socket
05-06 01:18:29.068   699   699 I pd-mapper-svc: Parsing file :/vendor/firmware_mnt/image/modemuw.jsn:
05-06 01:18:29.068   657   657 W /vendor/bin/hw/android.hardware.configstore@1.1-service: libminijail[657]: allowing syscall: writev
05-06 01:18:29.068   698   698 I PerMgrSrv: Peripheral Mananager service start
05-06 01:18:29.068   698   698 I PerMgrSrv: power-off timeout 500,ms; event-ack timeout 200,ms; debug-mode false
05-06 01:18:29.068   698   698 I PerMgrSrv: Statistics for : modem
05-06 01:18:29.068   698   698 I PerMgrSrv: modem: Current State : is off-line
05-06 01:18:29.068   698   698 I PerMgrSrv: modem: Voter/Listener count : 0/0
05-06 01:18:29.068   698   698 I PerMgrSrv: modem: Power on count : 0
05-06 01:18:29.068   698   698 I PerMgrSrv: modem: Power off count: 0
05-06 01:18:29.068   698   698 I PerMgrSrv: modem: Client list:
05-06 01:18:29.069   698   729 I PerMgrSrv: QMI service start
05-06 01:18:29.071   654   654 E vendor.qti.hardware.bluetooth_sar@1.0-BluetoothSar: HIDL_FETCH_IBluetoothSar
05-06 01:18:29.071   670   670 I android.hardware.wifi@1.0-service: Wifi Hal is booting up...
05-06 01:18:29.072   657   657 W /vendor/bin/hw/android.hardware.configstore@1.1-service: libminijail[657]: logging seccomp filter failures
05-06 01:18:29.074   670   670 I ServiceManagement: Registered android.hardware.wifi@1.3::IWifi/default (start delay of 250ms)
05-06 01:18:29.074   670   670 I ServiceManagement: Removing namespace from process name android.hardware.wifi@1.0-service to wifi@1.0-service.
05-06 01:18:29.076   657   657 I ServiceManagement: Registered android.hardware.configstore@1.1::ISurfaceFlingerConfigs/default (start delay of 292ms)
05-06 01:18:29.077   657   657 I ServiceManagement: Removing namespace from process name android.hardware.configstore@1.1-service to configstore@1.1-service.
05-06 01:18:29.077   654   654 I ServiceManagement: Registered vendor.qti.hardware.bluetooth_sar@1.0::IBluetoothSar/default (start delay of 303ms)
05-06 01:18:29.077   654   654 I         : Registration complete for vendor.qti.hardware.bluetooth_sar@1.0::IBluetoothSar/default.
05-06 01:18:29.077   654   654 I android.hardware.bluetooth@1.0-service: Registering BT Config store Service
05-06 01:18:29.082   699   737 I pd-mapper-svc: Starting servloc server
05-06 01:18:29.086   666   666 E libsensor1: check_sensors_enabled: Sensors enabled = true
05-06 01:18:29.096   654   654 I ServiceManagement: Registered vendor.qti.hardware.btconfigstore@1.0::IBTConfigStore/default (start delay of 322ms)
05-06 01:18:29.096   654   654 I         : Registration complete for vendor.qti.hardware.btconfigstore@1.0::IBTConfigStore/default.
05-06 01:18:29.096   682   682 I ServiceManagement: Registered vendor.qti.hardware.perf@2.1::IPerf/default (start delay of 242ms)
05-06 01:18:29.097   682   682 I ServiceManagement: Removing namespace from process name vendor.qti.hardware.perf@2.1-service to perf@2.1-service.
05-06 01:18:29.097   682   682 E vendor.qti.hardware.perf@2.1-service: Registered IPerf HAL service success!
05-06 01:18:29.116   651   651 I ServiceManagement: Registered android.hardware.audio@5.0::IDevicesFactory/default (start delay of 352ms)
05-06 01:18:29.116   651   651 I ServiceManagement: Removing namespace from process name android.hardware.audio@2.0-service to audio@2.0-service.
05-06 01:18:29.116   651   651 I audiohalservice: Registration complete for android.hardware.audio@5.0::IDevicesFactory/default.
05-06 01:18:29.119   703   703 I lowmemorykiller: PSI window size is changed to 500ms
05-06 01:18:29.120   703   703 I lowmemorykiller: PSI poll period for super critical event is changed to 100ms
05-06 01:18:29.120   703   703 I lowmemorykiller: Using in-kernel low memory killer interface
05-06 01:18:29.141   651   651 I ServiceManagement: Registered android.hardware.audio.effect@5.0::IEffectsFactory/default (start delay of 377ms)
05-06 01:18:29.141   651   651 I audiohalservice: Registration complete for android.hardware.audio.effect@5.0::IEffectsFactory/default.
05-06 01:18:29.142   485   485 I hwservicemanager: getTransport: Cannot find entry android.hardware.soundtrigger@2.2::ISoundTriggerHw/default in either framework or device manifest.
05-06 01:18:29.145   651   651 E audiohalservice: Could not get passthrough implementation for android.hardware.soundtrigger@2.2::ISoundTriggerHw/default.
05-06 01:18:29.172   651   651 D sound_trigger_hw: stdev_open: Enter
05-06 01:18:29.186   740   763 I         : OEM debug sns_reg_storage_init: sns_reg_filename = /mnt/vendor/persist/sensors/sns.reg
05-06 01:18:29.192   655   655 I chatty  : uid=1047(cameraserver) provider@2.4-se expire 360 lines
05-06 01:18:29.212   661   661 I ServiceManagement: Registered vendor.display.config@1.9::IDisplayConfig/default (start delay of 417ms)
05-06 01:18:29.212   661   661 I SDM     : HWCSession::StartServices: IDisplayConfig service registration completed.
05-06 01:18:29.217   651   651 D sound_trigger_hw: load_audio_hal: ahal is using proprietary API version 0x0101
05-06 01:18:29.217   651   651 I sound_trigger_platform: platform_stdev_init: Enter
05-06 01:18:29.233   651   651 W sound_trigger_platform: load_smlib: generate_sound_trigger_phrase_recognition_event_v3 not found. undefined symbol: generate_sound_trigger_phrase_recognition_event_v3
05-06 01:18:29.239   661   776 W SDM     : HWCSession::UEventThread: UEvent dropped. No uevent listener.
05-06 01:18:29.239   661   776 W SDM     : HWCSession::UEventThread: UEvent dropped. No uevent listener.
05-06 01:18:29.247   661   661 I SDM     : ExtensionInterface::CreateExtensionInterface: 
05-06 01:18:29.247   661   661 I SDM     : SDM-EXTENSION Version: Date: 11/23/20, Commit: 9f32874, Change: I882287a529
05-06 01:18:29.248   661   661 I SDM     : HWInfo::GetHWResourceInfo: SDE Version = 5, SDE Revision = 30020000, RGB = 0, VIG = 2, DMA = 3, Cursor = 1
05-06 01:18:29.249   661   661 I SDM     : HWInfo::GetHWResourceInfo: Upscale Ratio = 20, Downscale Ratio = 4, Blending Stages = 7
05-06 01:18:29.249   661   661 I SDM     : HWInfo::GetHWResourceInfo: SourceSplit = 1 QSEED3 = 1
05-06 01:18:29.249   661   661 I SDM     : HWInfo::GetHWResourceInfo: BWC = 0, UBWC = 1, Decimation = 1, Tile Format = 0 Concurrent Writeback = 1
05-06 01:18:29.249   661   661 I SDM     : HWInfo::GetHWResourceInfo: MaxLowBw = 6600000 , MaxHighBw = 6600000
05-06 01:18:29.249   661   661 I SDM     : HWInfo::GetHWResourceInfo: MaxPipeBw = 3100000 KBps, MaxSDEClock = 412500000 Hz, ClockFudgeFactor = 1.050000
05-06 01:18:29.249   661   661 I SDM     : HWInfo::GetHWResourceInfo: Prefill factors: Tiled_NV12 = 8, Tiled = 4, Linear = 1, Scale = 1, Fudge_factor = 2
05-06 01:18:29.249   661   661 W SDM     : HWInfo::GetMDSSRotatorInfo: File '/sys/devices/virtual/rotator/mdss_rotator/caps' not found
05-06 01:18:29.249   661   661 I SDM     : HWInfo::GetV4L2RotatorInfo: V4L2 Rotator: Count = 1, Downscale = 1, Min_downscale = 1.500000, Downscale_compression = 1
05-06 01:18:29.249   661   661 I SDM     : HWInfo::GetHWResourceInfo: Has Support for multiple bw limits shown below
05-06 01:18:29.249   661   661 I SDM     : HWInfo::GetHWResourceInfo: Mode-index=0  total_bw_limit=6600000 and pipe_bw_limit=3100000
05-06 01:18:29.249   661   661 I SDM     : HWInfo::GetHWResourceInfo: Mode-index=1  total_bw_limit=4500000 and pipe_bw_limit=3100000
05-06 01:18:29.249   661   661 I SDM     : HWInfo::GetHWResourceInfo: Mode-index=2  total_bw_limit=6600000 and pipe_bw_limit=3100000
05-06 01:18:29.249   661   661 I SDM     : HWInfo::GetHWResourceInfo: Mode-index=3  total_bw_limit=6600000 and pipe_bw_limit=3100000
05-06 01:18:29.250   661   661 I SDM     : SessionManager::SessionManager: Allocate buffers synchronously = 0
05-06 01:18:29.259   661   776 W SDM     : HWCSession::UEventThread: UEvent dropped. No uevent listener.
05-06 01:18:29.294   661   661 I SDM     : ScalarConfig::Init: DE sharpness value is 50
05-06 01:18:29.298   740   763 I         : OEM debug sns_reg_write_conf_item: get platform_string = PAYMENT
05-06 01:18:29.298   740   763 I         : , persist.sys.gsensor.cal = 
05-06 01:18:29.298   740   763 I         : OEM debug sns_reg_match_conf_item: now we found platform_conf=sdm660
05-06 01:18:29.298   740   763 I chatty  : uid=1000(system) /vendor/bin/sensors.qti identical 1 line
05-06 01:18:29.298   740   763 I         : OEM debug sns_reg_match_conf_item: now we found platform_conf=sdm660
05-06 01:18:29.321   740   763 I libqpart: item :GSENSOR_BIAS, length: 0x20
05-06 01:18:29.321   740   763 I qpart-client: *** qpart_socket_client *** 
05-06 01:18:29.321   740   763 I qpart-client: Packet header to send
05-06 01:18:29.321   740   763 I qpart-client: 136 bytes sent
05-06 01:18:29.321   716   716 I qpart-server: accepted qvart request client = 5
05-06 01:18:29.321   716   716 I qpart-server: qpart_req_handle: enter +++++
05-06 01:18:29.321   716   716 I qpart-server: qotp_cmd_handle: enter +++++
05-06 01:18:29.321   716   716 I qpart-server: qotp_cmd_handle: cmd read-----
05-06 01:18:29.321   716   716 I qotp_implement: item :GSENSOR_BIAS, offset :0x00002400, length: 0x20
05-06 01:18:29.323   716   716 I qotp_implement: crc32_cal:  0x00000000 , size: 4
05-06 01:18:29.323   716   716 E qotp_implement: qotp_read_item, ERROR: read data is not valid 
05-06 01:18:29.323   716   716 I qpart-server: qotp_cmd_handle: leave ,rc =-32-----
05-06 01:18:29.323   716   716 I qpart-server: qpart_req_handle: rc = -32, payload_len =32 -----
05-06 01:18:29.323   716   716 I qpart-server: qpart_req_handle: end +++++
05-06 01:18:29.324   740   763 I qpart-client: payload_len:32
05-06 01:18:29.324   740   763 I qpart-client: Packet header received
05-06 01:18:29.324   740   763 E libqpart: read qotp fail :-32
05-06 01:18:29.324   740   763 E Sensors : sns_reg_la.c(286):gsensor otp item read fail
05-06 01:18:29.324   740   763 E         : update_gsensor_nv: gsensor otp item read fail
05-06 01:18:29.324   740   763 E Sensors : sns_reg_la.c(542):update_gsensor_nv from OTP failed, error code = -3
05-06 01:18:29.324   740   763 I libqpart: item :PSENSOR_NV, length: 0x10
05-06 01:18:29.324   740   763 I qpart-client: *** qpart_socket_client *** 
05-06 01:18:29.324   740   763 I qpart-client: Packet header to send
05-06 01:18:29.324   740   763 I qpart-client: 104 bytes sent
05-06 01:18:29.324   716   716 I qpart-server: accepted qvart request client = 5
05-06 01:18:29.324   716   716 I qpart-server: qpart_req_handle: enter +++++
05-06 01:18:29.324   716   716 I qpart-server: qotp_cmd_handle: enter +++++
05-06 01:18:29.324   716   716 I qpart-server: qotp_cmd_handle: cmd read-----
05-06 01:18:29.324   716   716 I qotp_implement: item :PSENSOR_NV, offset :0x00002800, length: 0x10
05-06 01:18:29.326   661   661 I SDM     : CoreInterface::CreateCore: Open interface handle = 0x77cf43c000
05-06 01:18:29.326   661   661 I SDM     : HWCSession::Register: Set uevent listener = 0x77cf426280
05-06 01:18:29.326   661   661 I SDM     : HWInfo::GetFirstDisplayInterfaceType: First display is internal display
05-06 01:18:29.326   661   661 I SDM     : CPUHint::Init: Invalid CPU Hint Pre-enable Window -1
05-06 01:18:29.327   661   661 I SDM     : HWDevice::GetHWPanelMaxBrightnessFromNode: Max brightness level = 255
05-06 01:18:29.327   661   661 I SDM     : HWDevice::Init: access(/dev/graphics/fb0) successful
05-06 01:18:29.327   661   661 I SDM     : HWDevice::GetHWPanelMaxBrightnessFromNode: Max brightness level = 255
05-06 01:18:29.327   661   661 I SDM     : HWDevice::PopulateHWPanelInfo: Device type = 0, Display Port = 1, Display Mode = 1, Device Node = 0, Is Primary = 1
05-06 01:18:29.327   661   661 I SDM     : HWDevice::PopulateHWPanelInfo: Partial Update = 0, supported roi_count =0, Dynamic FPS = 0
05-06 01:18:29.327   661   661 I SDM     : HWDevice::PopulateHWPanelInfo: Align: left = 0, width = 0, top = 0, height = 0
05-06 01:18:29.327   661   661 I SDM     : HWDevice::PopulateHWPanelInfo: ROI: min_width = 0, min_height = 0, need_merge = 0
05-06 01:18:29.327   661   661 I SDM     : HWDevice::PopulateHWPanelInfo: FPS: min = 60, max =60
05-06 01:18:29.327   661   661 I SDM     : HWDevice::PopulateHWPanelInfo: Ping Pong Split = 0
05-06 01:18:29.327   661   661 I SDM     : HWDevice::PopulateHWPanelInfo: Left Split = 0, Right Split = 0
05-06 01:18:29.329   716   716 I qotp_implement: crc32_cal:  0x00000000 , size: 4
05-06 01:18:29.329   716   716 E qotp_implement: qotp_read_item, ERROR: read data is not valid 
05-06 01:18:29.329   716   716 I qpart-server: qotp_cmd_handle: leave ,rc =-32-----
05-06 01:18:29.329   716   716 I qpart-server: qpart_req_handle: rc = -32, payload_len =32 -----
05-06 01:18:29.329   716   716 I qpart-server: qpart_req_handle: end +++++
05-06 01:18:29.329   740   763 I qpart-client: payload_len:32
05-06 01:18:29.329   740   763 I qpart-client: Packet header received
05-06 01:18:29.329   740   763 E libqpart: read qotp fail :-32
05-06 01:18:29.329   740   763 E Sensors : sns_reg_la.c(357):psensor otp item read fail
05-06 01:18:29.329   740   763 E         : update_psensor_nv: psensor otp item read fail
05-06 01:18:29.329   740   763 E Sensors : sns_reg_la.c(552):update_psensor_nv from OTP failed, error code = -3
05-06 01:18:29.329   661   661 I SDM     : HWDevice::GetHWPanelMaxBrightnessFromNode: Max brightness level = 255
05-06 01:18:29.329   661   661 I chatty  : uid=1000(system) composer@2.1-se identical 2 lines
05-06 01:18:29.330   661   661 I SDM     : HWDevice::GetHWPanelMaxBrightnessFromNode: Max brightness level = 255
05-06 01:18:29.330   661   661 W SDM     : HWDevice::GetHWPanelInfoByNode: Failed to open msm_fb_panel_info node device node 3
05-06 01:18:29.330   661   661 I SDM     : HWDevice::GetHWPanelMaxBrightnessFromNode: Max brightness level = 255
05-06 01:18:29.331   661   661 I SDM     : HWDevice::GetHWPanelMaxBrightnessFromNode: Max brightness level = 255
05-06 01:18:29.331   661   661 W SDM     : HWDevice::GetHWPanelInfoByNode: Failed to open msm_fb_panel_info node device node 3
05-06 01:18:29.331   661   661 I SDM     : StrategyImpl::SetIdleTimeoutMs: Idle timeout: active = 70, inactive = 520
05-06 01:18:29.331   661   661 W SDM     : ColorManager::CreateColorManagerProxy: PAV2 version is versions = 11, version = 11 
05-06 01:18:29.331   740   740 E Sensors : sns_debug_main.c(294):Debug Config File missing in EFS!
05-06 01:18:29.331   740   740 E Sensors : aon_control.c(119):inotify_add_watch::/persist/sensors failed
05-06 01:18:29.332   740   796 E libsensor1: check_sensors_enabled: Sensors enabled = true
05-06 01:18:29.336   661   661 W SDM     : DisplayBase::Init: InitColorModes failed for display = 0
05-06 01:18:29.337   661   661 I SDM     : HWCDisplay::Init: Display created with id: 0
05-06 01:18:29.337   661   661 W SDM     : HWCDisplay::PopulateColorModes: GetColorModeCount failed, use native color mode
05-06 01:18:29.337   661   661 I SDM     : DisplayBase::SetFrameBufferConfig: New framebuffer resolution (720x1440)
05-06 01:18:29.349   740   763 E QMI_FW  : xport_handle_event: QCSI Received Resume_Tx from 00000005:0000003b on FD- 4
05-06 01:18:29.352   740   763 E QMI_FW  : xport_handle_event: QCSI Received Resume_Tx from 00000005:0000003b on FD- 4
05-06 01:18:29.360   740   763 E QMI_FW  : xport_handle_event: QCSI Received Resume_Tx from 00000005:0000003a on FD- 4
05-06 01:18:29.406   740   796 E Sensors : aon_control.c(119):inotify_add_watch::/persist/sensors failed
05-06 01:18:29.492   701   701 I FastMixerState: sMaxFastTracks = 8
05-06 01:18:29.493   701   701 V MediaUtils: physMem: 2829258752
05-06 01:18:29.493   701   701 V MediaUtils: requested limit: 536870912
05-06 01:18:29.493   701   701 I libc    : malloc_limit: Allocation limit enabled, max size 536870912 bytes
05-06 01:18:29.494   701   701 I audioserver: ServiceManager: 0x75dbf79340
05-06 01:18:29.494   701   701 W BatteryNotifier: batterystats service unavailable!
05-06 01:18:29.496   485   485 I hwservicemanager: getTransport: Cannot find entry android.hardware.audio@5.0::IDevicesFactory/msd in either framework or device manifest.
05-06 01:18:29.500   701   701 I AudioFlinger: Using default 3000 mSec as standby time.
05-06 01:18:29.502   701   701 E APM::Serializer: deserialize: Could not parse /odm/etc/audio_policy_configuration.xml document.
05-06 01:18:29.513   701   701 E APM::AudioPolicyEngine/Config: parse: Could not parse document /vendor/etc/audio_policy_engine_configuration.xml
05-06 01:18:29.513   701   701 W APM::AudioPolicyEngine/Base: loadAudioPolicyEngineConfig: No configuration found, using default matching phone experience.
05-06 01:18:29.513   701   701 E APM::AudioPolicyEngine/Config: parseLegacyVolumeFile: Could not parse document /odm/etc/audio_policy_configuration.xml
05-06 01:18:29.519   701   701 D APM::AudioPolicyEngine: [Engine] prop ro.vendor.oem.hw.feature = (pay-GSen-LPSen-cuLED-Batt-MoSpk-DRP-Key3-amic-SD)
05-06 01:18:29.521   651   754 D audio_hw_primary: adev_open: enter
05-06 01:18:29.521   651   754 D audio_log_utils: registered, module hal
05-06 01:18:29.523   651   754 W audio_hw_utils: audio_extn_utils_get_vendor_enhanced_info: vendor_enhanced_info 0x3
05-06 01:18:29.523   651   754 D audio_hw_extn: snd_mon_feature_init: Called with feature Enabled
05-06 01:18:29.525   651   754 D audio_hw_extn: snd_mon_feature_init:: ---- Feature SND_MONITOR is Enabled ----
05-06 01:18:29.525   651   754 W audio_hw_extn: :: compr_cap_feature_init: ---- Feature COMPRESS_CAPTURE is disabled ----
05-06 01:18:29.525   651   754 D audio_hw_extn: dsm_feedback_feature_init: Called with feature NOT Enabled
05-06 01:18:29.526   651   754 W audio_hw_extn: :: dsm_feedback_feature_init: ---- Feature DSM_FEEDBACK is disabled ----
05-06 01:18:29.527   651   754 D audio_hw_extn: ssrec_feature_init:: ---- Feature SSREC is Enabled ----
05-06 01:18:29.527   651   754 D audio_hw_extn: src_trkn_feature_init:: ---- Feature SOURCE_TRACKING is Enabled ----
05-06 01:18:29.528   651   754 D audio_hw_extn: hdmi_edid_feature_init: HDMI_EDID feature Enabled
05-06 01:18:29.530   651   754 D audio_hw_extn: hdmi_edid_feature_init:: ---- Feature HDMI_EDID is Enabled ----
05-06 01:18:29.530   651   754 D audio_hw_extn: :: keep_alive_feature_init: ---- Feature KEEP_ALIVE is  NOT ENABLED ----
05-06 01:18:29.530   651   754 D audio_hw_extn: :: hifi_audio_feature_init: ---- Feature HIFI_AUDIO is ENABLED ----
05-06 01:18:29.530   651   754 D audio_hw_extn: :: ras_feature_init: ---- Feature RAS_FEATURE is ENABLED ----
05-06 01:18:29.530   651   754 D audio_hw_extn: :: kpi_optimize_feature_init: ---- Feature KPI_OPTIMIZE is ENABLED ----
05-06 01:18:29.530   651   754 D audio_hw_extn: usb_offload_feature_init: Called with feature Enabled
05-06 01:18:29.530   651   754 D audio_hw_extn: usb_offload_burst_mode_feature_init: Called with feature NOT Enabled
05-06 01:18:29.530   651   754 D audio_hw_extn: usb_offload_sidetone_volume_feature_init: Called with feature NOT Enabled
05-06 01:18:29.530   651   754 D audio_hw_extn: a2dp_offload_feature_init: Called with feature Enabled
05-06 01:18:29.532   651   754 D audio_hw_extn: a2dp_offload_feature_init:: ---- Feature A2DP_OFFLOAD is Enabled ----
05-06 01:18:29.532   651   754 D audio_hw_extn: :: vbat_feature_init: ---- Feature VBAT is ENABLED ----
05-06 01:18:29.532   651   754 D audio_hw_extn: :: display_port_feature_init: ---- Feature DISPLAY_PORT is ENABLED ----
05-06 01:18:29.532   651   754 D audio_hw_extn: :: fluence_feature_init: ---- Feature FLUENCE is ENABLED ----
05-06 01:18:29.532   651   754 D audio_hw_extn: :: custom_stereo_feature_init: ---- Feature CUSTOM_STEREO is ENABLED ----
05-06 01:18:29.532   651   754 D audio_hw_extn: :: anc_headset_feature_init: ---- Feature ANC_HEADSET is ENABLED----
05-06 01:18:29.532   651   754 D audio_hw_extn: spkr_prot_feature_init: Called with feature Enabled, vendor_enhanced_info 0x3
05-06 01:18:29.535   651   754 D audio_hw_extn: spkr_prot_feature_init:: ---- Feature SPKR_PROT is Enabled ----
05-06 01:18:29.535   651   754 D audio_hw_extn: fm_feature_init: ---- Feature FM_POWER_OPT is ENABLED----
05-06 01:18:29.535   651   754 D audio_hw_extn: external_qdsp_feature_init: Called with feature NOT Enabled
05-06 01:18:29.535   651   754 W audio_hw_extn: :: external_qdsp_feature_init: ---- Feature EXTERNAL_QDSP is disabled ----
05-06 01:18:29.535   651   754 D audio_hw_extn: external_speaker_feature_init: Called with feature NOT Enabled
05-06 01:18:29.535   651   754 W audio_hw_extn: :: external_speaker_feature_init: ---- Feature EXTERNAL_SPKR is disabled ----
05-06 01:18:29.535   651   754 D audio_hw_extn: external_speaker_tfa_feature_init: Called with feature NOT Enabled
05-06 01:18:29.535   651   754 W audio_hw_extn: :: external_speaker_tfa_feature_init: ---- Feature EXTERNAL_SPKR_TFA is disabled ----
05-06 01:18:29.535   651   754 D audio_hw_extn: hwdep_cal_feature_init: Called with feature NOT Enabled
05-06 01:18:29.535   651   754 W audio_hw_extn: :: hwdep_cal_feature_init: ---- Feature HWDEP_CAL is disabled ----
05-06 01:18:29.535   651   754 D audio_hw_extn: hfp_feature_init: Called with feature Enabled
05-06 01:18:29.537   704   704 I chatty  : uid=1000(system) surfaceflinger expire 36 lines
05-06 01:18:29.544   651   754 D audio_hw_extn: hfp_feature_init:: ---- Feature HFP is Enabled ----
05-06 01:18:29.544   651   754 D audio_hw_extn: ext_hw_plugin_feature_init: Called with feature NOT Enabled
05-06 01:18:29.544   651   754 W audio_hw_extn: :: ext_hw_plugin_feature_init: ---- Feature EXT_HW_PLUGIN is disabled ----
05-06 01:18:29.544   651   754 D audio_hw_extn: record_play_concurency_feature_init: ---- Feature RECORD_PLAY_CONCURRENCY is NOT ENABLED----
05-06 01:18:29.544   651   754 D audio_hw_extn: hdmi_passthrough_feature_init: Called with feature Enabled
05-06 01:18:29.552   651   754 E audio_hw_extn: hdmi_passthrough_feature_init: dlsym failed
05-06 01:18:29.552   651   754 W audio_hw_extn: :: hdmi_passthrough_feature_init: ---- Feature HDMI_PASSTHROUGH is disabled ----
05-06 01:18:29.552   651   754 D audio_hw_extn: concurrent_capture_feature_init: ---- Feature CONCURRENT_CAPTURE is NOT ENABLED----
05-06 01:18:29.552   651   754 D audio_hw_extn: compress_in_feature_init: ---- Feature COMPRESS_IN is NOT ENABLED----
05-06 01:18:29.552   651   754 W audio_hw_extn: :: battery_listener_feature_init: ---- Feature BATTERY_LISTENER is disabled ----
05-06 01:18:29.552   651   754 D audio_hw_extn: maxx_audio_feature_init: Called with feature NOT Enabled
05-06 01:18:29.552   651   754 W audio_hw_extn: :: maxx_audio_feature_init: ---- Feature MAXX_AUDIO is disabled ----
05-06 01:18:29.552   651   754 D audio_hw_extn: audiozoom_feature_init: Called with feature NOT Enabled
05-06 01:18:29.552   651   754 W audio_hw_extn: :: audiozoom_feature_init: ---- Feature AUDIOZOOM is disabled ----
05-06 01:18:29.552   651   754 D voice_extn: :: dynamic_ecns_feature_init: ---- Feature DYNAMIC_ECNS is NOT ENABLED ----
05-06 01:18:29.561   651   754 E audio_hw_extn: audio_extn_perf_lock_init: Perf lock handles Success 
05-06 01:18:29.566   666   666 W qti_sensors_hal: addSensor : Not supported sensor with handle 67!
05-06 01:18:29.584   666   666 W qti_sensors_hal: addSensor : Not supported sensor with handle 39!
05-06 01:18:29.593   666   666 W qti_sensors_hal: addSensor : Not supported sensor with handle 48!
05-06 01:18:29.593   666   666 W qti_sensors_hal: addSensor : Not supported sensor with handle 49!
05-06 01:18:29.597   666   666 W qti_sensors_hal: addSensor : Not supported sensor with handle 53!
05-06 01:18:29.603   666   666 W qti_sensors_hal: addSensor : Not supported sensor with handle 68!
05-06 01:18:29.621   666   666 I         : Loaded library from sensors.ssc.so
05-06 01:18:29.621   666   666 E /vendor/bin/hw/android.hardware.sensors@1.0-service: HAL specifies version 1.4, but does not implement set_operation_mode()
05-06 01:18:29.629   666   666 I ServiceManagement: Registered android.hardware.sensors@1.0::ISensors/default (start delay of 826ms)
05-06 01:18:29.630   666   666 I ServiceManagement: Removing namespace from process name android.hardware.sensors@1.0-service to sensors@1.0-service.
05-06 01:18:29.632   666   666 I android.hardware.sensors@1.0-service: Registration complete for android.hardware.sensors@1.0::ISensors/default.
05-06 01:18:29.712   613   613 D ICU     : Time zone APEX file found: /apex/com.android.tzdata/etc/icu/icu_tzdata.dat
05-06 01:18:29.712   614   614 D ICU     : Time zone APEX file found: /apex/com.android.tzdata/etc/icu/icu_tzdata.dat
05-06 01:18:29.877   878   878 W sp_api_tst: type=1400 audit(0.0:7): avc: denied { read write } for name="sp_tst" dev="tmpfs" ino=13662 scontext=u:r:sp_api_tst:s0 tcontext=u:object_r:device:s0 tclass=chr_file permissive=0
05-06 01:18:29.883   878   878 I sp_api_tst: argv[0] is /system/bin/sp_api_tst
05-06 01:18:29.884   878   878 I sp_api_tst: main- open /dev/sp_tst failed, ret -1.
05-06 01:18:29.892   884   884 E /vendor/bin/adsprpcd: vendor/qcom/proprietary/commonsys-intf/adsprpc/src/adsprpcd.c:29:adsp daemon starting
05-06 01:18:29.898   613   613 W zygote64: JNI RegisterNativeMethods: attempt to register 0 native methods for android.media.AudioAttributes
05-06 01:18:29.901   614   614 W zygote  : JNI RegisterNativeMethods: attempt to register 0 native methods for android.media.AudioAttributes
05-06 01:18:29.902   884   884 V /vendor/bin/adsprpcd: vendor/qcom/proprietary/commonsys-intf/adsprpc/src/fastrpc_apps_user.c:1088: remote_handle_open: Successfully opened handle 0x64 for '":;./\createstaticpd:audiopd on domain 0
05-06 01:18:29.913   876   876 E PerMgrProxy: Starting pm-proxy service
05-06 01:18:29.915   698   736 D PerMgrSrv: modem state: is off-line, add client PM-PROXY-THREAD
05-06 01:18:29.915   698   736 D PerMgrSrv: PM-PROXY-THREAD registered
05-06 01:18:29.916   876   876 D PerMgrLib: PM-PROXY-THREAD successfully registered for modem
05-06 01:18:29.916   876   876 I PerMgrProxy: Casting proxy vote for modem
05-06 01:18:29.916   876   876 D PerMgrLib: PM-PROXY-THREAD voting for modem
05-06 01:18:29.916   698   736 D PerMgrSrv: PM-PROXY-THREAD voting for modem
05-06 01:18:29.916   698   736 D PerMgrSrv: modem new state: going on-line
05-06 01:18:29.916   698   736 D PerMgrSrv: modem num voters is 1
05-06 01:18:29.916   876   876 I PerMgrProxy: pm-proxy-thread vote successful for modem
05-06 01:18:29.916   883   883 E /vendor/bin/adsprpcd: vendor/qcom/proprietary/commonsys-intf/adsprpc/src/adsprpcd.c:29:adsp daemon starting
05-06 01:18:29.918   883   883 V /vendor/bin/adsprpcd: vendor/qcom/proprietary/commonsys-intf/adsprpc/src/fastrpc_apps_user.c:1088: remote_handle_open: Successfully opened handle 0x64 for '":;./\attachguestos on domain 0
05-06 01:18:29.923   883   883 D /vendor/bin/adsprpcd: vendor/qcom/proprietary/commonsys-intf/adsprpc/src/fastrpc_apps_user.c:1030: Error 0xffffffff: remote_handle64_invoke failed for handle 0x6b806090, method 4 on domain 0 (sc 0x4010100)
05-06 01:18:29.924   883   883 E /vendor/bin/adsprpcd: vendor/qcom/proprietary/commonsys-intf/adsprpc/src/adspmsgd.c:93:adspmsgd_init failed with error -1
05-06 01:18:29.926   883   883 D /vendor/bin/adsprpcd: vendor/qcom/proprietary/commonsys-intf/adsprpc/src/fastrpc_apps_user.c:1030: Error 0xffffffff: remote_handle64_invoke failed for handle 0x6b806090, method 3 on domain 0 (sc 0x3000000)
05-06 01:18:29.926   883   883 V /vendor/bin/adsprpcd: vendor/qcom/proprietary/commonsys-intf/adsprpc/src/fastrpc_perf.c:213: fastrpc_perf_init: enabled RPC traces (kernel 0, dsp 0) with frequency 1000
