06-10 06:43:25.051   978   978 I ServiceManagement: Removing namespace from process name android.hardware.media.omx@1.0-service to omx@1.0-service.
06-10 06:43:25.054   626   626 I netd    : Initializing traffic control: 4.4ms
06-10 06:43:25.060   626   626 I netd    : Enabling bandwidth control: 6.3ms
06-10 06:43:25.060   935   935 V MediaUtils: physMem: 2829275136
06-10 06:43:25.061   935   935 V MediaUtils: requested limit: 565855020
06-10 06:43:25.061   935   935 I libc    : malloc_limit: Allocation limit enabled, max size 565855020 bytes
06-10 06:43:25.062   626   626 I netd    : Initializing RouteController: 1.6ms
06-10 06:43:25.062   626   626 D XfrmController: XfrmController::ipSecAddXfrmInterface, line=1379
06-10 06:43:25.063   669   669 E mm-camera: <SENSOR><ERROR> ov8856_gt24p64b_get_module_info: 77: EEPROM Version 1
06-10 06:43:25.064   669   669 E mm-camera: <SENSOR><ERROR> ov8856_gt24p64b_get_module_info: 86: EEPROM Manufacture date YYYY/MM/DD 2020/06/06 
06-10 06:43:25.064   669   669 E mm-camera: <SENSOR><ERROR> ov8856_gt24p64b_format_wbdata: 107: Enter
06-10 06:43:25.064   669   669 E mm-camera: <SENSOR><ERROR> ov8856_gt24p64b_format_wbdata: 121: WB : (4000K) r/gr = 0.486328
06-10 06:43:25.064   669   669 E mm-camera: <SENSOR><ERROR> ov8856_gt24p64b_format_wbdata: 122: WB : (4000K) b/gb = 0.740234
06-10 06:43:25.064   669   669 E mm-camera: <SENSOR><ERROR> ov8856_gt24p64b_format_wbdata: 123: WB : (4000K) gr/gb = 0.997079
06-10 06:43:25.064   669   669 E mm-camera: <SENSOR><ERROR> ov8856_gt24p64b_format_wbdata: 128: WB : (5000K) r/gr = 0.676758
06-10 06:43:25.064   669   669 E mm-camera: <SENSOR><ERROR> ov8856_gt24p64b_format_wbdata: 129: WB : (5000K) b/gb = 0.563477
06-10 06:43:25.064   669   669 E mm-camera: <SENSOR><ERROR> ov8856_gt24p64b_format_wbdata: 130: WB : (5000K) gr/gb = 0.999024
06-10 06:43:25.064   669   669 E mm-camera: <SENSOR><ERROR> ov8856_gt24p64b_format_wbdata: 183: Exit
06-10 06:43:25.064   669   669 E mm-camera: <SENSOR><ERROR> ov8856_gt24p64b_format_lensshading: 244: Enter
06-10 06:43:25.064   669   669 E mm-camera: <SENSOR><ERROR> ov8856_gt24p64b_format_lensshading: 300: Exit
06-10 06:43:25.064   669   669 E mm-camera: <SENSOR><ERROR> ov8856_gt24p64b_format_afdata: 202: Enter
06-10 06:43:25.064   669   669 E mm-camera: <SENSOR><ERROR> ov8856_gt24p64b_format_afdata: 223: AF : macro 400 infinity 280 (now starting DAC set to infinity)
06-10 06:43:25.064   669   669 E mm-camera: <SENSOR><ERROR> ov8856_gt24p64b_format_afdata: 224: Exit
06-10 06:43:25.064   669   669 E mm-camera: <SENSOR><ERROR> ov8856_gt24p64b_get_calibration_items: 30: is_insensor:0, is_afc:1, is_wbc:1, is_lsc:1, is_dpc:0, is_ois:0, is_dual:0
06-10 06:43:25.064   669   669 I mm-camera: <SENSOR>< INFO> 97: sensor_sysinfo_read: sysinfo:path /sys/module/msm_sensor_driver/parameters/module_vendor data default size 10
06-10 06:43:25.064   669   669 E mm-camera: <SENSOR><ERROR> 129: eeprom_af_add_margin: AF_infinity_dac:262, macro_dac:478
06-10 06:43:25.064   669   669 E mm-camera: <SENSOR><ERROR> 7675: module_sensor_init_eeprom: Exit subdev_id[SUB_MODULE_EEPROM] == -1
06-10 06:43:25.070   626   626 D XfrmController: XfrmController::ipSecRemoveTunnelInterface, line=1592
06-10 06:43:25.070   626   626 D XfrmController: deviceName=ipsec_test
06-10 06:43:25.073     0     0 E [RMNET:HI] rmnet_config_notify_cb(): Kernel is trying to unregister ipsec_test
06-10 06:43:25.073   935   935 W mediaextractor: libminijail[935]: failed to get path of fd 4: No such file or directory
06-10 06:43:25.073   935   935 W mediaextractor: libminijail[935]: allowing syscall: connect
06-10 06:43:25.073   935   935 W mediaextractor: libminijail[935]: allowing syscall: fcntl
06-10 06:43:25.074   935   935 W mediaextractor: libminijail[935]: allowing syscall: sendto
06-10 06:43:25.074   935   935 W mediaextractor: libminijail[935]: allowing syscall: socket
06-10 06:43:25.074   935   935 W mediaextractor: libminijail[935]: allowing syscall: writev
06-10 06:43:25.074   910   910 I cameraserver: ServiceManager: 0xe9f232a0
06-10 06:43:25.075   910   910 I CameraService: CameraService started (pid=910)
06-10 06:43:25.075   910   910 I CameraService: CameraService process starting
06-10 06:43:25.075   910   910 W BatteryNotifier: batterystats service unavailable!
06-10 06:43:25.075   910   910 W BatteryNotifier: batterystats service unavailable!
06-10 06:43:25.077     0     0 I configfs-gadget gadget: super-speed config #1: b
06-10 06:43:25.077     0     0 I diag    : USB channel diag: Received Connect event
06-10 06:43:25.077   501   501 E SELinux : avc:  denied  { find } for interface=vendor.qti.hardware.slmadapter::ISlmAdapter sid=u:r:cnd:s0 pid=984 scontext=u:r:cnd:s0 tcontext=u:object_r:default_android_hwservice:s0 tclass=hwservice_manager permissive=0
06-10 06:43:25.077   501   501 I auditd  : avc:  denied  { find } for interface=vendor.qti.hardware.slmadapter::ISlmAdapter sid=u:r:cnd:s0 pid=984 scontext=u:r:cnd:s0 tcontext=u:object_r:default_android_hwservice:s0 tclass=hwservice_manager permissive=0
06-10 06:43:25.077   888  1041 I adbd    : USB event: FUNCTIONFS_ENABLE
06-10 06:43:25.078   905   905 I imsrcsd : Starting Service for First Time imsbaseimpl
06-10 06:43:25.078   935   935 W mediaextractor: libminijail[935]: logging seccomp filter failures
06-10 06:43:25.082   905   905 I ServiceManagement: Registered com.qualcomm.qti.uceservice@2.2::IUceService/com.qualcomm.qti.uceservice (start delay of 617ms)
06-10 06:43:25.082   905   905 I imsrcsd : ImsRcsBaseImpl CM_IMSCONNECTIONMANAGER_CREATE_CONNECTION Before Registering Service
06-10 06:43:25.082   984   984 I ServiceManagement: Registered vendor.qti.hardware.data.latency@1.0::ILinkLatency/default (start delay of 447ms)
06-10 06:43:25.084   905   905 I ServiceManagement: Registered com.qualcomm.qti.imscmservice@2.2::IImsCmService/qti.ims.connectionmanagerservice (start delay of 618ms)
06-10 06:43:25.084   905   905 I imsrcsd : ImsRcsBaseImpl CM_IMSCONNECTIONMANAGER_CREATE_CONNECTION After Registering Service
06-10 06:43:25.084   905   905 E         : [IMS_COM] |ImsCom.cpp | 57 | | 905 |Com Fd: 7
06-10 06:43:25.084   905   905 E         : [IMS_COM] |ImsCom.cpp | 167 | | 905 |ImsCom::addComEventHandler(int 7, ComEventCallback 0x7f7e2a8668, void* 0x0, ComCloseCallback 0x0, events 17) EX
06-10 06:43:25.084   905   905 E         : [IMS_COM] |ImsCom.cpp | 179 | | 905 |ImsCom::addComEventHandler epoll_ctl returns: 0
06-10 06:43:25.084   905   905 E         : [IMS_COM] |ImsCom.cpp | 60 | | 905 |ImsCom is ready. epollFd:6
06-10 06:43:25.084   905   905 E         : [IMS_COM] |ImsQmiSvc.cpp | 38 | | 905 |ImsQmiSvc[ImsQmiPrivate]:  
06-10 06:43:25.084   905   905 E         : [IMS_COM] |ImsQmiSvc.cpp | 41 | | 905 |ImsQmiSvc: qmiimssvcfd : 8 svcObj[x7e2b0008] 
06-10 06:43:25.084   905   905 E         : [IMS_COM] |ImsCom.cpp | 167 | | 905 |ImsCom::addComEventHandler(int 8, ComEventCallback 0x7f7e2ad548, void* 0x7f7de1c000, ComCloseCallback 0x0, events 1) EX
06-10 06:43:25.084   905   905 E         : [IMS_COM] |ImsCom.cpp | 179 | | 905 |ImsCom::addComEventHandler epoll_ctl returns: 0
06-10 06:43:25.084   905   905 E         : [IMS_COM] |ImsQmiSvc.cpp | 121 | | 905 |ImsQmiSvc[ImsQmiPrivate]: registerForQmiSvcUp 
06-10 06:43:25.084   905   905 E         : [IMS_COM] |ImsQmiPrivate.cpp | 121 | | 905 |ImsQmiPrivate Xtor
06-10 06:43:25.084   905   905 E         : [IMS_COM] |ImsCom.cpp | 167 | | 905 |ImsCom::addComEventHandler(int 12, ComEventCallback 0x7f7e2ab6e8, void* 0x7f7de1c000, ComCloseCallback 0x0, events 1) EX
06-10 06:43:25.084   905   905 E         : [IMS_COM] |ImsCom.cpp | 179 | | 905 |ImsCom::addComEventHandler epoll_ctl returns: 0
06-10 06:43:25.084   905   905 I         : ImsCallInfoService: Ctor[7de0a180]
06-10 06:43:25.084   905   905 E         : [IMS_COM] |ImsQmiPrivate.cpp | 234 | | 905 |QMI IMS Private listener added 0x7f7de0a180
06-10 06:43:25.084   905   905 I         : ImsCallInfoService - <API SVC> registerServiceImpl: Registering for vendor.qti.ims.callinfo 
06-10 06:43:25.085   984   984 I ServiceManagement: Registered vendor.qti.data.factory@2.1::IFactory/default (start delay of 449ms)
06-10 06:43:25.088   971  1031 I ServiceManager: Waiting for service 'package_native' on '/dev/binder'...
06-10 06:43:25.095     0     0 I msm-dwc3 a800000.ssusb: Avail curr from USB = 900
06-10 06:43:25.095     0     0 E PMI     : set_sdp_current: ICL 50000uA isn't supported for SDP
06-10 06:43:25.095     0     0 E PMI     : smblib_set_icl_current: Couldn't set SDP ICL rc=-22
06-10 06:43:25.096     0     0 I android_work: sent uevent USB_STATE=CONFIGURED
06-10 06:43:25.099   905   905 I ServiceManagement: Registered vendor.qti.ims.callinfo@1.0::IService/default (start delay of 634ms)
06-10 06:43:25.099   905   905 I imsrcsd : ImsRcsBaseImpl ImsCallInfo After Registering Service
06-10 06:43:25.104   627   627 W Zygote  : Class not found for preloading: android.bluetooth.BluetoothA2dp$2
06-10 06:43:25.105   910   910 I ServiceManagement: getService: Trying again for android.hardware.camera.provider@2.4::ICameraProvider/legacy/0...
06-10 06:43:25.106   905   905 I ServiceManagement: Registered vendor.qti.ims.factory@1.0::IImsFactory/default (start delay of 640ms)
06-10 06:43:25.106   905   905 I imsrcsd : ImsRcsBaseImpl : Successfully registered ImsFactory
06-10 06:43:25.114   627   627 I PackageBackwardCompatibility: Could not find android.content.pm.AndroidTestBaseUpdater, ignoring
06-10 06:43:25.116     0     0 E hvdcpd  : Registered HVDCP
06-10 06:43:25.124  1069  1069 E Diag_Lib: qpLogDiagInit <== result : 1
06-10 06:43:25.124  1069  1069 E Diag_Lib: DATAD : gIsQXDMDisabled 0, gIsADBDisabled 1, gIsDebugDisabled 0, gIsIMSLogsDisabled 0
06-10 06:43:25.124  1069  1069 E Diag_Lib: [IMS_DataD] imsdatad.c | 6232 | | 1069 |DATAD#$$#0#DATAD STARTED
06-10 06:43:25.139   995   995 I /apex/com.android.media.swcodec/bin/mediaswcodec: media swcodec service starting
06-10 06:43:25.143  1094  1094 W libc    : Unable to set property "qemu.hw.mainkeys" to "0": error code: 0x18
06-10 06:43:25.144     0     0 E [RMNET:HI] rmnet_config_notify_cb(): Kernel is trying to unregister ipsec_test
06-10 06:43:25.144     0     0 I pil-q6v5-mss 4080000.qcom,mss: modem: Brought out of reset
06-10 06:43:25.144   626   626 D XfrmController: Sending Netlink XFRM Message: XFRM_MSG_FLUSHSA
06-10 06:43:25.144   626   626 D XfrmController: Sending Netlink XFRM Message: XFRM_MSG_FLUSHPOLICY
06-10 06:43:25.144   626   626 I netd    : Initializing XfrmController: 82.1ms
06-10 06:43:25.146   995   995 W /apex/com.android.media.swcodec/bin/mediaswcodec: Could not read additional policy file '/vendor/etc/seccomp_policy/mediaswcodec.policy'
06-10 06:43:25.146   995   995 W /apex/com.android.media.swcodec/bin/mediaswcodec: libminijail[995]: failed to get path of fd 4: No such file or directory
06-10 06:43:25.146   995   995 W /apex/com.android.media.swcodec/bin/mediaswcodec: libminijail[995]: allowing syscall: connect
06-10 06:43:25.146   995   995 W /apex/com.android.media.swcodec/bin/mediaswcodec: libminijail[995]: allowing syscall: fcntl
06-10 06:43:25.146   995   995 W /apex/com.android.media.swcodec/bin/mediaswcodec: libminijail[995]: allowing syscall: sendto
06-10 06:43:25.147   995   995 W /apex/com.android.media.swcodec/bin/mediaswcodec: libminijail[995]: allowing syscall: socket
06-10 06:43:25.147   995   995 W /apex/com.android.media.swcodec/bin/mediaswcodec: libminijail[995]: allowing syscall: writev
06-10 06:43:25.147   626   626 I libnetd_resolv: resolv_init: Initializing resolver
06-10 06:43:25.147   995   995 W /apex/com.android.media.swcodec/bin/mediaswcodec: libminijail[995]: logging seccomp filter failures
06-10 06:43:25.147   995   995 I CodecServiceRegistrant: Creating software Codec2 service...
06-10 06:43:25.149   995   995 I ServiceManagement: Registered android.hardware.media.c2@1.0::IComponentStore/software (start delay of 484ms)
06-10 06:43:25.149   995   995 I CodecServiceRegistrant: Software Codec2 service created.
06-10 06:43:25.156   626   626 D MDnsDS  : MDnsSdListener::Hander starting up
06-10 06:43:25.156   626  1106 D MDnsDS  : MDnsSdListener starting to monitor
06-10 06:43:25.156   626  1106 D MDnsDS  : Going to poll with pollCount 1
06-10 06:43:25.161   626   626 I netd    : Registering NetdNativeService: 1.2ms
06-10 06:43:25.162     0     0 I pil-q6v5-mss 4080000.qcom,mss: Subsystem error monitoring/handling services are up
06-10 06:43:25.162     0     0 I pil-q6v5-mss 4080000.qcom,mss: modem: Power/Clock ready interrupt received
06-10 06:43:25.169   705   743 D PerMgrSrv: modem new state: is on-line
06-10 06:43:25.169   705   742 D PerMgrSrv: modem state: is on-line, add client cnss-daemon
06-10 06:43:25.169   705   742 D PerMgrSrv: cnss-daemon registered
06-10 06:43:25.169   626   626 I ServiceManagement: Registered android.system.net.netd@1.1::INetd/default (start delay of 2384ms)
06-10 06:43:25.169     0     0 E qrtr    : Modem QMI Readiness RX cmd:0x2 node[0x0]
06-10 06:43:25.169   999   999 D PerMgrLib: cnss-daemon successfully registered for modem
06-10 06:43:25.169   999   999 D PerMgrLib: cnss-daemon voting for modem
06-10 06:43:25.169   705   742 D PerMgrSrv: cnss-daemon voting for modem
06-10 06:43:25.169   705   742 D PerMgrSrv: modem num voters is 2
06-10 06:43:25.171   999   999 E cnss-daemon: no interop issues ap currently
06-10 06:43:25.171     0     0 I service-notifier: service_notifier_new_server: Connection established between QMI handle and 180 service
06-10 06:43:25.172     0     0 I sysmon-qmi: ssctl_new_server: Connection established between QMI handle and modem's SSCTL service
06-10 06:43:25.172   999  1116 E cnss-daemon: ro.baseband : [apq]
06-10 06:43:25.172   999  1116 E cnss-daemon: Hardware does not support external modem
06-10 06:43:25.172   999  1116 E cnss-daemon: Target does not have external modem
06-10 06:43:25.173   720   720 I vendor.rmt_storage: rmt_storage_connect_cb: clnt_h=0x1 conn_h=0x7436c05010
06-10 06:43:25.173     0     0 E rmt_storage: INFO:rmt_storage_open_cb: Processing: Open Request (req_h 0x1) for /boot/modem_fs1!
06-10 06:43:25.173   626   626 I netd    : Registering NetdHwService: 11.6ms
06-10 06:43:25.173   626   626 I netd    : Netd started in 2272ms
06-10 06:43:25.173   720   720 I vendor.rmt_storage: rmt_storage_open_cb: /boot/modem_fs1: req_h=0x1 msg_id=1: Client found
06-10 06:43:25.173   720   720 I vendor.rmt_storage: rmt_storage_open_cb: /boot/modem_fs1: req_h=0x1 msg_id=1: Send response: res=0 err=0
06-10 06:43:25.173   720   720 I vendor.rmt_storage: rmt_storage_connect_cb: clnt_h=0x2 conn_h=0x7436c05020
06-10 06:43:25.173   720  1118 I vendor.rmt_storage: rmt_storage_client_thread: /boot/modem_fs1: Worker thread started
06-10 06:43:25.173   720  1118 I vendor.rmt_storage: wake lock name: rmt_storage_499128307024, name creation success: 24
06-10 06:43:25.173     0     0 E rmt_storage: INFO:rmt_storage_open_cb: Processing: Open Request (req_h 0x2) for /boot/modem_fs2!
06-10 06:43:25.173   720   720 I vendor.rmt_storage: rmt_storage_open_cb: /boot/modem_fs2: req_h=0x2 msg_id=1: Client found
06-10 06:43:25.173   720   720 I vendor.rmt_storage: rmt_storage_open_cb: /boot/modem_fs2: req_h=0x2 msg_id=1: Send response: res=0 err=0
06-10 06:43:25.174   720  1119 I vendor.rmt_storage: rmt_storage_client_thread: /boot/modem_fs2: Worker thread started
06-10 06:43:25.174   720  1119 I vendor.rmt_storage: wake lock name: rmt_storage_499110493520, name creation success: 24
06-10 06:43:25.175   720   720 I vendor.rmt_storage: rmt_storage_connect_cb: clnt_h=0x3 conn_h=0x7436c05030
06-10 06:43:25.175     0     0 E rmt_storage: INFO:rmt_storage_open_cb: Processing: Open Request (req_h 0x3) for /boot/modem_fsg!
06-10 06:43:25.175   720   720 I vendor.rmt_storage: rmt_storage_open_cb: /boot/modem_fsg: req_h=0x3 msg_id=1: Client found
06-10 06:43:25.175   720   720 I vendor.rmt_storage: rmt_storage_open_cb: /boot/modem_fsg: req_h=0x3 msg_id=1: Send response: res=0 err=0
06-10 06:43:25.175   720   720 I vendor.rmt_storage: rmt_storage_disconnect_cb: clnt_h=0x1 conn_h=0x7436c05010
06-10 06:43:25.175   720   720 I vendor.rmt_storage: rmt_storage_connect_cb: clnt_h=0x4 conn_h=0x7436c05010
06-10 06:43:25.175     0     0 E rmt_storage: INFO:rmt_storage_open_cb: Processing: Open Request (req_h 0x4) for /boot/modem_fsc!
06-10 06:43:25.175   720  1121 I vendor.rmt_storage: rmt_storage_client_thread: /boot/modem_fsg: Worker thread started
06-10 06:43:25.175   720  1121 I vendor.rmt_storage: wake lock name: rmt_storage_499092680016, name creation success: 24
06-10 06:43:25.175   720   720 I vendor.rmt_storage: rmt_storage_open_cb: /boot/modem_fsc: req_h=0x4 msg_id=1: Client found
06-10 06:43:25.175   720   720 I vendor.rmt_storage: rmt_storage_open_cb: /boot/modem_fsc: req_h=0x4 msg_id=1: Send response: res=0 err=0
06-10 06:43:25.175   720   720 I vendor.rmt_storage: rmt_storage_disconnect_cb: clnt_h=0x2 conn_h=0x7436c05020
06-10 06:43:25.176   720   720 I vendor.rmt_storage: rmt_storage_connect_cb: clnt_h=0x5 conn_h=0x7436c05020
06-10 06:43:25.176   720   720 I vendor.rmt_storage: rmt_storage_open_cb: Unable to open /boot/modem_fsg_oem_1
06-10 06:43:25.176   720   720 I vendor.rmt_storage: rmt_storage_open_cb: : req_h=0x5 msg_id=1: Send response: res=1 err=3
06-10 06:43:25.176   720   720 I vendor.rmt_storage: rmt_storage_connect_cb: clnt_h=0x6 conn_h=0x7436c05040
06-10 06:43:25.176   720   720 I vendor.rmt_storage: rmt_storage_open_cb: Unable to open /boot/modem_fsg_oem_2
06-10 06:43:25.176   720   720 I vendor.rmt_storage: rmt_storage_open_cb: : req_h=0x6 msg_id=1: Send response: res=1 err=3
06-10 06:43:25.176   720   720 I vendor.rmt_storage: rmt_storage_disconnect_cb: clnt_h=0x3 conn_h=0x7436c05030
06-10 06:43:25.176   720  1122 I vendor.rmt_storage: rmt_storage_client_thread: /boot/modem_fsc: Worker thread started
06-10 06:43:25.176   720  1122 I vendor.rmt_storage: wake lock name: rmt_storage_499074866512, name creation success: 24
06-10 06:43:25.177   720   720 I vendor.rmt_storage: rmt_storage_disconnect_cb: clnt_h=0x4 conn_h=0x7436c05010
06-10 06:43:25.177   720   720 I vendor.rmt_storage: rmt_storage_connect_cb: clnt_h=0x7 conn_h=0x7436c05010
06-10 06:43:25.178   720   720 I vendor.rmt_storage: rmt_storage_alloc_buff_cb: /boot/modem_fs1: req_h=0x7 msg_id=4: Alloc request received: Size: 2097152
06-10 06:43:25.178     0     0 E rmt_storage: INFO:rmt_storage_alloc_buff_cb: Received req_size: 2097152! avail: 2097152
06-10 06:43:25.178   720   720 I vendor.rmt_storage: rmt_storage_alloc_buff_cb: /boot/modem_fs1: req_h=0x7 msg_id=4: Old Client requesting buffer from RMTS Server
06-10 06:43:25.178   720   720 I vendor.rmt_storage: rmt_storage_alloc_buff_cb: /boot/modem_fs1: req_h=0x7 msg_id=4: Send response: res=0 err=0
06-10 06:43:25.178   720   720 I vendor.rmt_storage: rmt_storage_disconnect_cb: clnt_h=0x5 conn_h=0x7436c05020
06-10 06:43:25.178   720   720 I vendor.rmt_storage: rmt_storage_connect_cb: clnt_h=0x8 conn_h=0x7436c05020
06-10 06:43:25.178   720   720 I vendor.rmt_storage: rmt_storage_rw_iovec_cb: /boot/modem_fs1: req_h=0x8 msg_id=3: R/W request received (wr_count 0)
06-10 06:43:25.178     0     0 E rmt_storage: INFO:rmt_storage_rw_iovec_cb: Read iovec request (req_h 0x8 wr_count 0) received for /boot/modem_fs1
06-10 06:43:25.179   720   720 I vendor.rmt_storage: wakelock acquired: 1, error no: 11
06-10 06:43:25.179   720   720 I vendor.rmt_storage: rmt_storage_disconnect_cb: clnt_h=0x6 conn_h=0x7436c05040
06-10 06:43:25.179   720  1118 I vendor.rmt_storage: rmt_storage_client_thread: /boot/modem_fs1: Unblock worker thread (th_id: 499128307024)
06-10 06:43:25.179   720   720 I vendor.rmt_storage: rmt_storage_disconnect_cb: clnt_h=0x7 conn_h=0x7436c05010
06-10 06:43:25.179     0     0 E rmt_storage: INFO:rmt_storage_client_thread: Calling Read [offset=512, size=512, req_h 0x8, wr_count 0] for /boot/modem_fs1!
06-10 06:43:25.181     0     0 E rmt_storage: INFO:rmt_storage_client_thread: Done Read (bytes = 512, req_h 0x8, wr_count 0) for /boot/modem_fs1!
06-10 06:43:25.181   720  1118 I vendor.rmt_storage: rmt_storage_client_thread: /boot/modem_fs1: req_h=0x8 msg_id=3: Bytes read = 512, wr_count 0
06-10 06:43:25.181   720  1118 I vendor.rmt_storage: rmt_storage_client_thread: /boot/modem_fs1: req_h=0x8 msg_id=3: Send response: res=0 err=0, wr_count 0
06-10 06:43:25.181   720  1118 I vendor.rmt_storage: rmt_storage_client_thread: /boot/modem_fs1: About to block rmt_storage client thread (th_id: 499128307024) wakelock released: 1, error no: 0
06-10 06:43:25.181   720  1118 I vendor.rmt_storage: 
06-10 06:43:25.181   720   720 I vendor.rmt_storage: rmt_storage_connect_cb: clnt_h=0x9 conn_h=0x7436c05010
06-10 06:43:25.181   720   720 I vendor.rmt_storage: rmt_storage_rw_iovec_cb: /boot/modem_fs2: req_h=0x9 msg_id=3: R/W request received (wr_count 0)
06-10 06:43:25.182   720   720 I vendor.rmt_storage: wakelock acquired: 1, error no: 11
06-10 06:43:25.182   720  1119 I vendor.rmt_storage: rmt_storage_client_thread: /boot/modem_fs2: Unblock worker thread (th_id: 499110493520)
06-10 06:43:25.183   720   720 I vendor.rmt_storage: rmt_storage_disconnect_cb: clnt_h=0x8 conn_h=0x7436c05020
06-10 06:43:25.183   720  1119 I vendor.rmt_storage: rmt_storage_client_thread: /boot/modem_fs2: req_h=0x9 msg_id=3: Bytes read = 512, wr_count 0
06-10 06:43:25.183   720  1119 I vendor.rmt_storage: rmt_storage_client_thread: /boot/modem_fs2: req_h=0x9 msg_id=3: Send response: res=0 err=0, wr_count 0
06-10 06:43:25.183   720  1119 I vendor.rmt_storage: rmt_storage_client_thread: /boot/modem_fs2: About to block rmt_storage client thread (th_id: 499110493520) wakelock released: 1, error no: 0
06-10 06:43:25.183   720  1119 I vendor.rmt_storage: 
06-10 06:43:25.184   720   720 I vendor.rmt_storage: rmt_storage_connect_cb: clnt_h=0xa conn_h=0x7436c05020
06-10 06:43:25.185   720   720 I vendor.rmt_storage: rmt_storage_rw_iovec_cb: /boot/modem_fs2: req_h=0xa msg_id=3: R/W request received (wr_count 0)
06-10 06:43:25.185   720   720 I vendor.rmt_storage: wakelock acquired: 1, error no: 11
06-10 06:43:25.185   720   720 I vendor.rmt_storage: rmt_storage_disconnect_cb: clnt_h=0x9 conn_h=0x7436c05010
06-10 06:43:25.185   720  1119 I vendor.rmt_storage: rmt_storage_client_thread: /boot/modem_fs2: Unblock worker thread (th_id: 499110493520)
06-10 06:43:25.187     0     0 I capability: warning: `msm_irqbalance' uses 32-bit capabilities (legacy support in use)
06-10 06:43:25.188   971  1031 I ServiceManager: Waiting for service 'package_native' on '/dev/binder'...
06-10 06:43:25.195   720  1119 I vendor.rmt_storage: rmt_storage_client_thread: /boot/modem_fs2: req_h=0xa msg_id=3: Bytes read = 2096128, wr_count 0
06-10 06:43:25.195   720  1119 I vendor.rmt_storage: rmt_storage_client_thread: /boot/modem_fs2: req_h=0xa msg_id=3: Send response: res=0 err=0, wr_count 0
06-10 06:43:25.196   720  1119 I vendor.rmt_storage: rmt_storage_client_thread: /boot/modem_fs2: About to block rmt_storage client thread (th_id: 499110493520) wakelock released: 1, error no: 0
06-10 06:43:25.196   720  1119 I vendor.rmt_storage: 
06-10 06:43:25.196   720   720 I vendor.rmt_storage: rmt_storage_disconnect_cb: clnt_h=0xa conn_h=0x7436c05020
06-10 06:43:25.197  1112  1112 E MSM-irqbalance: WARNING: Cannot find matching virq for hwirq(446).
06-10 06:43:25.198  1112  1112 E MSM-irqbalance: WARNING: Cannot find matching virq for hwirq(455).
06-10 06:43:25.199  1112  1112 E MSM-irqbalance: WARNING: Cannot find matching virq for hwirq(456).
06-10 06:43:25.199  1112  1112 I MSM-irqbalance: msm-irq_balance (1.3) initialized
06-10 06:43:25.199  1112  1112 I MSM-irqbalance: Configuration
06-10 06:43:25.199  1112  1112 I MSM-irqbalance: Rate: 0.2 Hz
06-10 06:43:25.199  1112  1112 I MSM-irqbalance: Decay Factor: 75.0
06-10 06:43:25.199  1112  1112 I MSM-irqbalance: Balancing Factor: 0.1
06-10 06:43:25.199  1112  1112 I MSM-irqbalance: Debug Log: OFF
06-10 06:43:25.199  1112  1112 I MSM-irqbalance: Cfg file: /system/vendor/etc/msm_irqbalance.conf
06-10 06:43:25.199  1112  1112 I MSM-irqbalance: CPU PRIO: CPU0: 1 CPU1: 1 CPU2: 0 CPU3: 0 CPU4: 0 CPU5: 0 CPU6: 0 CPU7: 0 
06-10 06:43:25.199  1112  1112 I MSM-irqbalance: Ignored IRQs: 5 117 7 97 2 
06-10 06:43:25.215   669   669 E mm-camera: <IFACE ><ERROR> 318: iface_discover_subdev_nodes: iface_discover_subdev_nodes:318 entity name video1 type 10001 group id 0
06-10 06:43:25.215   669   669 E mm-camera: <IFACE ><ERROR> 318: iface_discover_subdev_nodes: iface_discover_subdev_nodes:318 entity name v4l-subdev0 type 10f0a group id 0
06-10 06:43:25.215   669   669 E mm-camera: <IFACE ><ERROR> 318: iface_discover_subdev_nodes: iface_discover_subdev_nodes:318 entity name v4l-subdev1 type 10f00 group id 0
06-10 06:43:25.215   669   669 E mm-camera: <IFACE ><ERROR> 318: iface_discover_subdev_nodes: iface_discover_subdev_nodes:318 entity name v4l-subdev2 type 10f00 group id 0
06-10 06:43:25.215   669   669 E mm-camera: <IFACE ><ERROR> 318: iface_discover_subdev_nodes: iface_discover_subdev_nodes:318 entity name v4l-subdev3 type 10f00 group id 0
06-10 06:43:25.215   669   669 E mm-camera: <IFACE ><ERROR> 318: iface_discover_subdev_nodes: iface_discover_subdev_nodes:318 entity name v4l-subdev4 type 10f0d group id 0
06-10 06:43:25.215   669   669 E mm-camera: <IFACE ><ERROR> 318: iface_discover_subdev_nodes: iface_discover_subdev_nodes:318 entity name v4l-subdev5 type 10f0d group id 0
06-10 06:43:25.215   669   669 E mm-camera: <IFACE ><ERROR> 318: iface_discover_subdev_nodes: iface_discover_subdev_nodes:318 entity name v4l-subdev6 type 10f0d group id 0
06-10 06:43:25.215   669   669 E mm-camera: <IFACE ><ERROR> 318: iface_discover_subdev_nodes: iface_discover_subdev_nodes:318 entity name v4l-subdev7 type 10f0d group id 0
06-10 06:43:25.216   669   669 E mm-camera: <IFACE ><ERROR> 318: iface_discover_subdev_nodes: iface_discover_subdev_nodes:318 entity name v4l-subdev8 type 10f07 group id 0
06-10 06:43:25.216   669   669 E mm-camera: <IFACE ><ERROR> 318: iface_discover_subdev_nodes: iface_discover_subdev_nodes:318 entity name v4l-subdev9 type 10f08 group id 0
06-10 06:43:25.216   669   669 E mm-camera: <IFACE ><ERROR> 318: iface_discover_subdev_nodes: iface_discover_subdev_nodes:318 entity name v4l-subdev10 type 10f10 group id 0
06-10 06:43:25.216   669   669 E mm-camera: <IFACE ><ERROR> 318: iface_discover_subdev_nodes: iface_discover_subdev_nodes:318 entity name v4l-subdev11 type 10f0e group id 0
06-10 06:43:25.216   669   669 E mm-camera: <IFACE ><ERROR> 318: iface_discover_subdev_nodes: iface_discover_subdev_nodes:318 entity name v4l-subdev12 type 10f09 group id 0
06-10 06:43:25.216   669   669 E mm-camera: <IFACE ><ERROR> 318: iface_discover_subdev_nodes: iface_discover_subdev_nodes:318 entity name v4l-subdev13 type 10f03 group id 0
06-10 06:43:25.216   669   669 E mm-camera: <IFACE ><ERROR> 318: iface_discover_subdev_nodes: iface_discover_subdev_nodes:318 entity name v4l-subdev14 type 10f03 group id 0
06-10 06:43:25.216   669   669 E mm-camera: <IFACE ><ERROR> 318: iface_discover_subdev_nodes: iface_discover_subdev_nodes:318 entity name v4l-subdev15 type 10f02 group id 0
06-10 06:43:25.216   669   669 E mm-camera: <IFACE ><ERROR> 318: iface_discover_subdev_nodes: iface_discover_subdev_nodes:318 entity name v4l-subdev16 type 10f01 group id 0
06-10 06:43:25.216   669   669 E mm-camera: <IFACE ><ERROR> 318: iface_discover_subdev_nodes: iface_discover_subdev_nodes:318 entity name v4l-subdev17 type 10f06 group id 0
06-10 06:43:25.216   669   669 E mm-camera: <IFACE ><ERROR> 318: iface_discover_subdev_nodes: iface_discover_subdev_nodes:318 entity name v4l-subdev18 type 10f06 group id 0
06-10 06:43:25.225   669   669 I mm-camera: <ISP   >< INFO> 4088: isp_resource_get_isp_hw_limit: isp hw limit 0
06-10 06:43:25.225   888   888 I adbd    : UsbFfs: already offline
06-10 06:43:25.243   665   797 D audio_hw_utils: audio_extn_utils_open_snd_mixer: retry, retry_num 1
06-10 06:43:25.253     0     0 E sdm660-asoc-snd soc: qcom,msm-audio-apr:qcom,q6core-audio:sound: ASoC: no source widget found for SPK1 OUT
06-10 06:43:25.253     0     0 E sdm660-asoc-snd soc: qcom,msm-audio-apr:qcom,q6core-audio:sound: ASoC: Failed to add route SPK1 OUT -> direct -> SpkrLeft IN
06-10 06:43:25.253     0     0 E sdm660-asoc-snd soc: qcom,msm-audio-apr:qcom,q6core-audio:sound: ASoC: no source widget found for SPK2 OUT
06-10 06:43:25.253     0     0 E sdm660-asoc-snd soc: qcom,msm-audio-apr:qcom,q6core-audio:sound: ASoC: Failed to add route SPK2 OUT -> direct -> SpkrRight IN
06-10 06:43:25.273     0     0 I subsys-pil-tz soc: qcom,kgsl-hyp: a512_zap: Brought out of reset
06-10 06:43:25.286     0     0 I input   : sdm660-snd-card-nonpay Headset Jack as /devices/platform/soc/soc:qcom,msm-audio-apr/soc:qcom,msm-audio-apr:qcom,q6core-audio/soc:qcom,msm-audio-apr:qcom,q6core-audio:sound/sound/card0/input4
06-10 06:43:25.287     0     0 I input   : sdm660-snd-card-nonpay Button Jack as /devices/platform/soc/soc:qcom,msm-audio-apr/soc:qcom,msm-audio-apr:qcom,q6core-audio/soc:qcom,msm-audio-apr:qcom,q6core-audio:sound/sound/card0/input5
06-10 06:43:25.289   971  1031 I ServiceManager: Waiting for service 'package_native' on '/dev/binder'...
06-10 06:43:25.304   895   949 E ThermalEngine: read error 0. buf:[add@/devices/virtual/thermal/cooling_device12 ACTION=add DEVPATH=/devices/virtual/thermal/cooling_device12 SUBSYSTEM=thermal SEQNUM=4656 ]
06-10 06:43:25.305   895   949 E ThermalEngine: read error 0. buf:[add@/devices/virtual/thermal/cooling_device13 ACTION=add DEVPATH=/devices/virtual/thermal/cooling_device13 SUBSYSTEM=thermal SEQNUM=4657 ]
06-10 06:43:25.306     0     0 I memshare_child soc: qcom,memshare:qcom,client_3: memshare_query: client_id : 1, query_resp.size :0, query_resp.resp.result :0
06-10 06:43:25.306   618   624 D QC-time-services: Daemon:time_service_modem_serv_notify_cb: QMI service is up 
06-10 06:43:25.306   618   728 D QC-time-services: Daemon:genoff_modem_qmi_service_handle_cb: QMI service handle cb called 
06-10 06:43:25.307   895   949 E ThermalEngine: read error 0. buf:[add@/devices/virtual/thermal/cooling_device14 ACTION=add DEVPATH=/devices/virtual/thermal/cooling_device14 SUBSYSTEM=thermal SEQNUM=4659 ]
06-10 06:43:25.307   721   721 I tftp_server: pid=721 tid=721 tftp-server : INF :[tftp_server.c, 659] rcvd request [1] [73] [2] [0] [29]
06-10 06:43:25.307   895   949 E ThermalEngine: read error 0. buf:[add@/devices/virtual/thermal/cooling_device15 ACTION=add DEVPATH=/devices/virtual/thermal/cooling_device15 SUBSYSTEM=thermal SEQNUM=4661 ]
06-10 06:43:25.307   721  1130 I tftp_server: pid=721 tid=1130 tftp-server : INF :[tftp_server_utils.c, 113] file [readwrite/server_check.txt] : [/vendor/rfs/msm/mpss/readwrite/server_check.txt]
06-10 06:43:25.307   721  1130 I tftp_server: pid=721 tid=1130 tftp-server : INF :[tftp_server.c, 1201] OACK options [port: 29] : [7680, 1000, 10, 0, 0, 0, 0, 0]
06-10 06:43:25.307   721  1130 I tftp_server: pid=721 tid=1130 tftp-server : INF :[tftp_os_la.c, 63] open : [-1] [-1] [384] [577] [/vendor/rfs/msm/mpss/readwrite/server_check.txt]
06-10 06:43:25.309   895   930 I ThermalEngine: MODEM thermal mitigation available.
06-10 06:43:25.310   895   930 I ThermalEngine: Mitigation:modem[MODEM]:0 pending QMI request succeded
06-10 06:43:25.310   895   930 I ThermalEngine: Mitigation:vdd_restriction[MODEM]:0 pending QMI request succeded
06-10 06:43:25.310   895   930 I ThermalEngine: Mitigation:modem_proc[MODEM]:0 pending QMI request succeded
06-10 06:43:25.310   895   930 I ThermalEngine: Mitigation:modem_proc_current[MODEM]:0 pending QMI request succeded
06-10 06:43:25.311     0     0 E diag    : In diag_send_feature_mask_update, control channel is not open, p: 0, 0000000000000000
06-10 06:43:25.311   895   930 I ThermalEngine: Mitigation:cpr_band[MODEM]:0 pending QMI request succeded
06-10 06:43:25.313   721   721 I tftp_server: pid=721 tid=721 tftp-server : INF :[tftp_server.c, 659] rcvd request [1] [91] [1] [0] [39]
06-10 06:43:25.313   721  1131 I tftp_server: pid=721 tid=1131 tftp-server : INF :[tftp_server_utils.c, 113] file [readonly/firmware/image/wlanmdsp.mbn] : [/vendor/rfs/msm/mpss/readonly/firmware/image/wl
06-10 06:43:25.314     0     0 E diag    : In diag_send_peripheral_buffering_mode, buffering flag not set for 0
06-10 06:43:25.315   721  1131 I tftp_server: pid=721 tid=1131 tftp-server : INF :[tftp_server.c, 1201] OACK options [port: 39] : [7680, 1000, 3689408, 10, 0, 0, 0, 0]
06-10 06:43:25.315   721  1131 I tftp_server: pid=721 tid=1131 tftp-server : INF :[tftp_os_la.c, 63] open : [-1] [-1] [384] [0] [/vendor/rfs/msm/mpss/readonly/firmware/image/wlanmdsp.mbn]
06-10 06:43:25.316   721  1131 I tftp_server: pid=721 tid=1131 tftp-server : INF :[tftp_protocol.c, 742] Recd END OF TRANSFER pkt. Code = 9, Msg = End of Transfer
06-10 06:43:25.316   721  1131 I tftp_server: pid=721 tid=1131 tftp-server : INF :[tftp_server.c, 1318] RRQ stats [port: 0]: sent_size = 39 total-blocks = 0 total-bytes = 0 timedout-pkts = 0, wrong-pkts 
06-10 06:43:25.316   721   721 I tftp_server: pid=721 tid=721 tftp-server : INF :[tftp_server.c, 659] rcvd request [1] [97] [1] [0] [40]
06-10 06:43:25.316   721  1131 I tftp_server: pid=721 tid=1131 tftp-server : INF :[tftp_server.c, 1325] RRQ file stats [port: 39]: fread [Total, Max, Min] = [0, 0, 0]
06-10 06:43:25.316   721  1131 I tftp_server: pid=721 tid=1131 tftp-server : INF :[tftp_server.c, 1329] RRQ time stats : Total : [TX, RX] = [91, 259]
06-10 06:43:25.316   721  1131 I tftp_server: pid=721 tid=1131 tftp-server : INF :[tftp_server.c, 1336] RRQ time stats [port: 39]: Tx/Rx [Min, Max] = [91, 91, 259, 259]
06-10 06:43:25.316   721  1131 I tftp_server: pid=721 tid=1131 tftp-server : INF :[tftp_server.c, 1352] RRQ was successfully processed.
06-10 06:43:25.316   721  1131 I tftp_server: pid=721 tid=1131 tftp-server : INF :[tftp_server.c, 1807] RRQ Total API = 3277
06-10 06:43:25.317   721  1133 I tftp_server: pid=721 tid=1133 tftp-server : INF :[tftp_server_utils.c, 113] file [readonly/firmware/image/wlanmdsp.mbn] : [/vendor/rfs/msm/mpss/readonly/firmware/image/wl
06-10 06:43:25.317   721  1133 I tftp_server: pid=721 tid=1133 tftp-server : INF :[tftp_server.c, 1201] OACK options [port: 40] : [7680, 1000, 10, 3689408, 0, 0, 0, 0]
06-10 06:43:25.317   721  1133 I tftp_server: pid=721 tid=1133 tftp-server : INF :[tftp_os_la.c, 63] open : [-1] [-1] [384] [0] [/vendor/rfs/msm/mpss/readonly/firmware/image/wlanmdsp.mbn]
06-10 06:43:25.321   618   728 D QC-time-services: Daemon:genoff_modem_qmi_service_handle_cb: qmi_client_get_service_list for local returned 0num_services 1 num_entries 1
06-10 06:43:25.325   618   728 D QC-time-services: Daemon:genoff_modem_qmi_service_handle_cb: Initial transaction successful
06-10 06:43:25.355   675   675 I SDM     : HWCDisplay::SetFrameBufferResolution: New framebuffer resolution (720x1280)
06-10 06:43:25.357   675   675 I SDM     : HWCColorManager::CreateColorManager: Successfully loaded libsdm-disp-vndapis.so
06-10 06:43:25.357   669   669 I mm-camera: <ISP   >< INFO> 4088: isp_resource_get_isp_hw_limit: isp hw limit 0
06-10 06:43:25.370   669   669 I mm-camera: <ISP   >< INFO> 926: module_isp_init: module 0xeb914780
06-10 06:43:25.371   675   675 I SDM     : HWCColorManager::CreateColorManager: Successfully loaded libsdm-disp-vndapis.so and libsdm-diag.so and diag_init'ed
06-10 06:43:25.371   675   801 I SDM     : HWCDisplay::GetHdrCapabilities: HDR is not supported
06-10 06:43:25.372   675   675 I ServiceManagement: Registered android.hardware.graphics.composer@2.1::IComposer/default (start delay of 1947ms)
06-10 06:43:25.373   675   675 I ServiceManagement: Removing namespace from process name android.hardware.graphics.composer@2.1-service to composer@2.1-service.
06-10 06:43:25.373   675   801 I SDM     : HWCDisplay::GetHdrCapabilities: HDR is not supported
06-10 06:43:25.373   675   675 I android.hardware.graphics.composer@2.1-service: Registration complete for android.hardware.graphics.composer@2.1::IComposer/default.
06-10 06:43:25.373     0     0 I MSM-CPP cpp_init_hardware: 1135 CPP HW Version: 0x60010002
06-10 06:43:25.373     0     0 E MSM-CPP cpp_init_hardware: 1153 stream_cnt:0
06-10 06:43:25.374   714   714 I SurfaceFlinger: Enabling HWC virtual displays
06-10 06:43:25.374   714   714 I SurfaceFlinger: Treble testing override: 'false'
06-10 06:43:25.375   714   714 W SurfaceFlinger: Unable to open libdolphin.so: dlopen failed: library "libdolphin.so" not found.
06-10 06:43:25.375   714   714 E SurfaceFlinger: Unable to open libframeextension.so: dlopen failed: library "libframeextension.so" not found.
06-10 06:43:25.376   714   714 I SurfaceFlinger: SurfaceFlinger's main thread ready to run. Initializing graphics H/W...
06-10 06:43:25.376   714   714 I SurfaceFlinger: Phase offset NS: 1000000
06-10 06:43:25.376   714   714 W SurfaceFlinger: Unable to open libdolphin.so: dlopen failed: library "libdolphin.so" not found.
06-10 06:43:25.377   714  1138 W SurfaceFlinger: Ignoring VSYNC request while display is disconnected
06-10 06:43:25.377   714   714 W SurfaceFlinger: Unable to open libdolphin.so: dlopen failed: library "libdolphin.so" not found.
06-10 06:43:25.377   714  1138 W SurfaceFlinger: Ignoring VSYNC request while display is disconnected
06-10 06:43:25.377   714   714 W SurfaceFlinger: Unable to open libdolphin.so: dlopen failed: library "libdolphin.so" not found.
06-10 06:43:25.377   714  1139 W SurfaceFlinger: Ignoring VSYNC request while display is disconnected
06-10 06:43:25.378   714   714 W SurfaceFlinger: Unable to open libdolphin.so: dlopen failed: library "libdolphin.so" not found.
06-10 06:43:25.378   714  1139 W SurfaceFlinger: Ignoring VSYNC request while display is disconnected
06-10 06:43:25.378   714   714 D RenderEngine: RenderEngine GLES Backend
06-10 06:43:25.383   714   714 D libEGL  : loaded /vendor/lib64/egl/libEGL_adreno.so
06-10 06:43:25.390   971  1031 I ServiceManager: Waiting for service 'package_native' on '/dev/binder'...
06-10 06:43:25.455     0     0 W healthd : battery l=100 v=4224 t=24.4 h=2 st=5 c=-160 fc=3811000 cc=28 fcd=4000000 chg=u
06-10 06:43:25.490   971  1031 I ServiceManager: Waiting for service 'package_native' on '/dev/binder'...
06-10 06:43:25.492     0     0 I MSM-CPP cpp_release_hardware: 1216 cpp hw release done
06-10 06:43:25.492   669   669 I mm-camera: <CPP   >< INFO> 191: cpp_module_init: info: CPP module_init successful
06-10 06:43:25.505   714   714 D libEGL  : loaded /vendor/lib64/egl/libGLESv1_CM_adreno.so
06-10 06:43:25.509   714   714 D libEGL  : loaded /vendor/lib64/egl/libGLESv2_adreno.so
06-10 06:43:25.535   714   714 I AdrenoGLES: QUALCOMM build                   : fefc463, I67da44d20d
06-10 06:43:25.535   714   714 I AdrenoGLES: Build Date                       : 11/23/20
06-10 06:43:25.535   714   714 I AdrenoGLES: OpenGL ES Shader Compiler Version: EV031.27.05.10
06-10 06:43:25.535   714   714 I AdrenoGLES: Local Branch                     : mybrancheb2d85f4-9bbf-f15d-8afb-5cb90179c3d8
06-10 06:43:25.535   714   714 I AdrenoGLES: Remote Branch                    : quic/gfx-adreno.lnx.1.0.r104-rel
06-10 06:43:25.535   714   714 I AdrenoGLES: Remote Branch                    : NONE
06-10 06:43:25.535   714   714 I AdrenoGLES: Reconstruct Branch               : NOTHING
06-10 06:43:25.535   714   714 I AdrenoGLES: Build Config                     : S L 8.0.12 AArch64
06-10 06:43:25.588   714   714 I AdrenoGLES: PFP: 0x005ff113, ME: 0x005ff066
06-10 06:43:25.590   971  1031 I ServiceManager: Waiting for service 'package_native' on '/dev/binder'...
06-10 06:43:25.594   669   669 E mm-camera: <IMGLIB><ERROR> 1392: frameproc_comp_reload_lib: Error opening frameproc library libmmcamera_ppeiscore.so error dlopen failed: library "libGLESv2_adreno.so" not found
06-10 06:43:25.594   669   669 E mm-camera: <IMGLIB><ERROR> 1258: frameproc_comp_load: frameproc_comp_load:1258] cannot load libmmcamera_ppeiscore.so
06-10 06:43:25.594   669   669 E mm-camera: <IMGLIB><ERROR> 3592: module_imgbase_init: ppeiscore] Error rc -7
06-10 06:43:25.599   675   801 I SDM     : HWCDisplay::GetHdrCapabilities: HDR is not supported
06-10 06:43:25.601   675   801 I SDM     : HWCDisplay::GetHdrCapabilities: HDR is not supported
06-10 06:43:25.604   714   714 I RenderEngine: OpenGL ES informations:
06-10 06:43:25.604   714   714 I RenderEngine: vendor    : Qualcomm
06-10 06:43:25.604   714   714 I RenderEngine: renderer  : Adreno (TM) 512
06-10 06:43:25.604   714   714 I RenderEngine: version   : OpenGL ES 3.2 V@415.0 (GIT@fefc463, I67da44d20d, 1606140253) (Date:11/23/20)
06-10 06:43:25.604   714   714 I RenderEngine: extensions: GL_OES_EGL_image GL_OES_EGL_image_external GL_OES_EGL_sync GL_OES_vertex_half_float GL_OES_framebuffer_object GL_OES_rgb8_rgba8 GL_OES_compressed_ETC1_RGB8_texture GL_AMD_compressed_ATC_texture GL_KHR_texture_compression_astc_ldr GL_KHR_texture_compression_astc_hdr GL_OES_texture_compression_astc GL_OES_texture_npot GL_EXT_texture_filter_anisotropic GL_EXT_texture_format_BGRA8888 GL_EXT_read_format_bgra GL_OES_texture_3D GL_EXT_color_buffer_float GL_EXT_color_buffer_half_float GL_QCOM_alpha_test GL_OES_depth24 GL_OES_packed_depth_stencil GL_OES_depth_texture GL_OES_depth_texture_cube_map GL_EXT_sRGB GL_OES_texture_float GL_OES_texture_float_linear GL_OES_texture_half_float GL_OES_texture_half_float_linear GL_EXT_texture_type_2_10_10_10_REV GL_EXT_texture_sRGB_decode GL_EXT_texture_format_sRGB_override GL_OES_element_index_uint GL_EXT_copy_image GL_EXT_geometry_shader GL_EXT_tessellation_shader GL_OES_texture_stencil8 GL_EXT_shader_io_blocks GL_OES_shader_image_atomic GL_OES_sample_variables GL_EX
06-10 06:43:25.604   714   714 I RenderEngine: GL_MAX_TEXTURE_SIZE = 16384
06-10 06:43:25.604   714   714 I RenderEngine: GL_MAX_VIEWPORT_DIMS = 16384
06-10 06:43:25.606   669   669 E mm-camera: <IMGLIB><ERROR> 1392: frameproc_comp_reload_lib: Error opening frameproc library libmmcamera_llvd.so error dlopen failed: library "libmmcamera_llvd.so" not found
06-10 06:43:25.606   669   669 E mm-camera: <IMGLIB><ERROR> 1258: frameproc_comp_load: frameproc_comp_load:1258] cannot load libmmcamera_llvd.so
06-10 06:43:25.606   669   669 E mm-camera: <IMGLIB><ERROR> 3592: module_imgbase_init: llvd] Error rc -7
06-10 06:43:25.606   501   501 I hwservicemanager: getTransport: Cannot find entry android.hardware.graphics.mapper@3.0::IMapper/default in either framework or device manifest.
06-10 06:43:25.607   675   801 D ComposerHal: failed to get mapper 3.0 service, falling back to mapper 2.0
06-10 06:43:25.612   669   669 E mm-camera: <IMGLIB><ERROR> 4510: module_qdc_common_init:  Algo Capabilities Crop caps 1,core type 2, access mode 1, exec mode 1
06-10 06:43:25.613   669   669 E mm-camera: <IMGLIB><ERROR> 4270: module_qdc_common_get_valid_lib_index: error, invalid library
06-10 06:43:25.613   669   669 E mm-camera: <IMGLIB><ERROR> 4306: module_qdc_common_get_feature_lib: invalid index
06-10 06:43:25.613   669   669 E mm-camera: <IMGLIB><ERROR> 4270: module_qdc_common_get_valid_lib_index: error, invalid library
06-10 06:43:25.613   669   669 E mm-camera: <IMGLIB><ERROR> 4306: module_qdc_common_get_feature_lib: invalid index
06-10 06:43:25.614   501   501 I hwservicemanager: getTransport: Cannot find entry vendor.display.config@1.16::IDisplayConfig/default in either framework or device manifest.
06-10 06:43:25.615   675   875 D SDM     : HWCSession::RegisterCallback: Registering callback: Hotplug
06-10 06:43:25.615   714   714 I HWComposer: Switching to legacy multi-display mode
06-10 06:43:25.617   669   669 E mm-camera: <IMGLIB><ERROR> 4270: module_qdc_common_get_valid_lib_index: error, invalid library
06-10 06:43:25.617   501   501 I hwservicemanager: getTransport: Cannot find entry vendor.display.config@1.12::IDisplayConfig/default in either framework or device manifest.
06-10 06:43:25.617   669   669 E mm-camera: <IMGLIB><ERROR> 4306: module_qdc_common_get_feature_lib: invalid index
06-10 06:43:25.618   675   875 I SDM     : HWCDisplay::GetHdrCapabilities: HDR is not supported
06-10 06:43:25.618   675   875 I SDM     : HWCDisplay::GetHdrCapabilities: HDR is not supported
06-10 06:43:25.620   501   501 I hwservicemanager: getTransport: Cannot find entry android.hardware.graphics.mapper@3.0::IMapper/default in either framework or device manifest.
06-10 06:43:25.620   714   714 W Gralloc3: mapper 3.x is not supported
06-10 06:43:25.622   669   669 E mm-camera: <IMGLIB><ERROR> 1392: frameproc_comp_reload_lib: Error opening frameproc library libmmcamera_mfproc_precpp.so error dlopen failed: library "libmmcamera_mfproc_precpp.so" not found
06-10 06:43:25.622   669   669 E mm-camera: <IMGLIB><ERROR> 1258: frameproc_comp_load: frameproc_comp_load:1258] cannot load libmmcamera_mfproc_precpp.so
06-10 06:43:25.622   669   669 E mm-camera: <IMGLIB><ERROR> 3592: module_imgbase_init: mfproc_precpp] Error rc -7
06-10 06:43:25.623   669   669 E mm-camera: <IMGLIB><ERROR> 215: faceproc_hw_comp_get_fd_device_name: Can not discover face-detect device
06-10 06:43:25.623   669   669 E mm-camera: <IMGLIB><ERROR> 5842: faceproc_hw_comp_load: Can not find device name
06-10 06:43:25.623   669   669 W mm-camera: <IMGLIB>< WARN> 1235: faceproc_dsp_comp_load: face detection dsp disabled , enable by set property
06-10 06:43:25.623   669   669 I mm-camera: <IMGLIB>< INFO> 2157: faceproc_sw_wrapper_load: Loading faceproc library
06-10 06:43:25.626   501   501 I hwservicemanager: getTransport: Cannot find entry android.hardware.graphics.allocator@3.0::IAllocator/default in either framework or device manifest.
06-10 06:43:25.626   714   714 W Gralloc3: allocator 3.x is not supported
06-10 06:43:25.629   674   733 E ion     : ioctl c0044901 failed with code -1: Not a typewriter
06-10 06:43:25.635   675   875 D SDM     : HWCSession::RegisterCallback: Registering callback: Refresh
06-10 06:43:25.635   675   875 D SDM     : HWCSession::RegisterCallback: Registering callback: Vsync
06-10 06:43:25.644   669   669 E mm-camera: <IMGLIB><ERROR> 1392: frameproc_comp_reload_lib: Error opening frameproc library libmmcamera_chromaflash_lib.so error dlopen failed: library "libmmcamera_chromaflash_lib.so" not found
06-10 06:43:25.644   669   669 E mm-camera: <IMGLIB><ERROR> 1258: frameproc_comp_load: frameproc_comp_load:1258] cannot load libmmcamera_chromaflash_lib.so
06-10 06:43:25.644   669   669 E mm-camera: <IMGLIB><ERROR> 3592: module_imgbase_init: imglib_chroma_flash] Error rc -7
06-10 06:43:25.644   669   669 W mm-camera: <IMGLIB>< WARN> 748: module_imglib_create_topology: Can not init the module imglib_chroma_flash
06-10 06:43:25.646   669   669 E mm-camera: <IMGLIB><ERROR> 1392: frameproc_comp_reload_lib: Error opening frameproc library libmmcamera_optizoom_lib.so error dlopen failed: library "libmmcamera_optizoom_lib.so" not found
06-10 06:43:25.646   669   669 E mm-camera: <IMGLIB><ERROR> 1258: frameproc_comp_load: frameproc_comp_load:1258] cannot load libmmcamera_optizoom_lib.so
06-10 06:43:25.646   669   669 E mm-camera: <IMGLIB><ERROR> 3592: module_imgbase_init: imglib_optizoom] Error rc -7
06-10 06:43:25.646   669   669 W mm-camera: <IMGLIB>< WARN> 748: module_imglib_create_topology: Can not init the module imglib_optizoom
06-10 06:43:25.647   669   669 E mm-camera: <IMGLIB><ERROR> 1392: frameproc_comp_reload_lib: Error opening frameproc library libmmcamera_ubifocus_lib.so error dlopen failed: library "libmmcamera_ubifocus_lib.so" not found
06-10 06:43:25.647   669   669 E mm-camera: <IMGLIB><ERROR> 1258: frameproc_comp_load: frameproc_comp_load:1258] cannot load libmmcamera_ubifocus_lib.so
06-10 06:43:25.647   669   669 E mm-camera: <IMGLIB><ERROR> 3592: module_imgbase_init: imglib_ubifocus] Error rc -7
06-10 06:43:25.647   669   669 W mm-camera: <IMGLIB>< WARN> 748: module_imglib_create_topology: Can not init the module imglib_ubifocus
06-10 06:43:25.647   669   669 E mm-camera: <IMGLIB><ERROR> 1392: frameproc_comp_reload_lib: Error opening frameproc library libmmcamera_ubifocus_lib.so error dlopen failed: library "libmmcamera_ubifocus_lib.so" not found
06-10 06:43:25.647   669   669 E mm-camera: <IMGLIB><ERROR> 1258: frameproc_comp_load: frameproc_comp_load:1258] cannot load libmmcamera_ubifocus_lib.so
06-10 06:43:25.647   669   669 E mm-camera: <IMGLIB><ERROR> 3592: module_imgbase_init: imglib_refocus] Error rc -7
06-10 06:43:25.648   669   669 W mm-camera: <IMGLIB>< WARN> 748: module_imglib_create_topology: Can not init the module imglib_refocus
06-10 06:43:25.648   669   669 E mm-camera: <IMGLIB><ERROR> 1392: frameproc_comp_reload_lib: Error opening frameproc library libmmcamera_trueportrait_lib.so error dlopen failed: library "libmmcamera_trueportrait_lib.so" not found
06-10 06:43:25.648   669   669 E mm-camera: <IMGLIB><ERROR> 1258: frameproc_comp_load: frameproc_comp_load:1258] cannot load libmmcamera_trueportrait_lib.so
06-10 06:43:25.648   669   669 E mm-camera: <IMGLIB><ERROR> 3592: module_imgbase_init: imglib_trueportrait] Error rc -7
06-10 06:43:25.648   669   669 W mm-camera: <IMGLIB>< WARN> 748: module_imglib_create_topology: Can not init the module imglib_trueportrait
06-10 06:43:25.680   669   669 I OpenCV  : calling android_getCpuFeatures() ...
06-10 06:43:25.680   669   669 I OpenCV  : calling android_getCpuFeatures() ... Done (1f7ff)
06-10 06:43:25.681   669   669 E mm-camera: <IMGLIB><ERROR> 111: module_mfproc_postcpp_init:  module_mfproc_postcpp_init(),  E 
06-10 06:43:25.682   669   669 E mm-camera: <IMGLIB><ERROR> 1392: frameproc_comp_reload_lib: Error opening frameproc library libmmcamera_mfproc_postcpp.so error dlopen failed: library "libmmcamera_mfproc_postcpp.so" not found
06-10 06:43:25.682   669   669 E mm-camera: <IMGLIB><ERROR> 1258: frameproc_comp_load: frameproc_comp_load:1258] cannot load libmmcamera_mfproc_postcpp.so
