01-01 09:57:48.533   728  1131 I tftp_server: pid=728 tid=1131 tftp-server : INF :[tftp_os_la.c, 63] open : [-1] [-1] [384] [0] [/vendor/rfs/msm/mpss/readonly/firmware/image/wlanmdsp.mbn]
01-01 09:57:48.534   728   728 I tftp_server: pid=728 tid=728 tftp-server : INF :[tftp_server.c, 659] rcvd request [1] [97] [1] [0] [40]
01-01 09:57:48.535   728  1133 I tftp_server: pid=728 tid=1133 tftp-server : INF :[tftp_server_utils.c, 113] file [readonly/firmware/image/wlanmdsp.mbn] : [/vendor/rfs/msm/mpss/readonly/firmware/image/wl
01-01 09:57:48.535   728  1133 I tftp_server: pid=728 tid=1133 tftp-server : INF :[tftp_server.c, 1201] OACK options [port: 40] : [7680, 1000, 10, 3689408, 0, 0, 0, 0]
01-01 09:57:48.535   728  1133 I tftp_server: pid=728 tid=1133 tftp-server : INF :[tftp_os_la.c, 63] open : [-1] [-1] [384] [0] [/vendor/rfs/msm/mpss/readonly/firmware/image/wlanmdsp.mbn]
01-01 09:57:48.535   728  1131 I tftp_server: pid=728 tid=1131 tftp-server : INF :[tftp_protocol.c, 742] Recd END OF TRANSFER pkt. Code = 9, Msg = End of Transfer
01-01 09:57:48.535   622   729 D QC-time-services: Daemon:genoff_modem_qmi_service_handle_cb: Initial transaction successful
01-01 09:57:48.538   728  1131 I tftp_server: pid=728 tid=1131 tftp-server : INF :[tftp_server.c, 1318] RRQ stats [port: 0]: sent_size = 39 total-blocks = 0 total-bytes = 0 timedout-pkts = 0, wrong-pkts 
01-01 09:57:48.538   728  1131 I tftp_server: pid=728 tid=1131 tftp-server : INF :[tftp_server.c, 1325] RRQ file stats [port: 39]: fread [Total, Max, Min] = [0, 0, 0]
01-01 09:57:48.538   728  1131 I tftp_server: pid=728 tid=1131 tftp-server : INF :[tftp_server.c, 1329] RRQ time stats : Total : [TX, RX] = [36, 1404]
01-01 09:57:48.538   728  1131 I tftp_server: pid=728 tid=1131 tftp-server : INF :[tftp_server.c, 1336] RRQ time stats [port: 39]: Tx/Rx [Min, Max] = [36, 36, 1404, 1404]
01-01 09:57:48.538   728  1131 I tftp_server: pid=728 tid=1131 tftp-server : INF :[tftp_server.c, 1352] RRQ was successfully processed.
01-01 09:57:48.538   728  1131 I tftp_server: pid=728 tid=1131 tftp-server : INF :[tftp_server.c, 1807] RRQ Total API = 9743
01-01 09:57:48.543   947  1041 I ServiceManager: Waiting for service 'package_native' on '/dev/binder'...
01-01 09:57:48.559   680   680 I SDM     : HWCDisplay::SetFrameBufferResolution: New framebuffer resolution (720x1280)
01-01 09:57:48.560   680   680 I SDM     : HWCColorManager::CreateColorManager: Successfully loaded libsdm-disp-vndapis.so
01-01 09:57:48.562   674   674 I mm-camera: <ISP   >< INFO> 4088: isp_resource_get_isp_hw_limit: isp hw limit 0
01-01 09:57:48.572   680   680 I SDM     : HWCColorManager::CreateColorManager: Successfully loaded libsdm-disp-vndapis.so and libsdm-diag.so and diag_init'ed
01-01 09:57:48.573   680   797 I SDM     : HWCDisplay::GetHdrCapabilities: HDR is not supported
01-01 09:57:48.574   674   674 I mm-camera: <ISP   >< INFO> 926: module_isp_init: module 0xf5e14780
01-01 09:57:48.575   680   680 I ServiceManagement: Registered android.hardware.graphics.composer@2.1::IComposer/default (start delay of 1908ms)
01-01 09:57:48.576   680   680 I ServiceManagement: Removing namespace from process name android.hardware.graphics.composer@2.1-service to composer@2.1-service.
01-01 09:57:48.576   680   797 I SDM     : HWCDisplay::GetHdrCapabilities: HDR is not supported
01-01 09:57:48.576   680   680 I android.hardware.graphics.composer@2.1-service: Registration complete for android.hardware.graphics.composer@2.1::IComposer/default.
01-01 09:57:48.577   720   720 I SurfaceFlinger: Enabling HWC virtual displays
01-01 09:57:48.577   720   720 I SurfaceFlinger: Treble testing override: 'false'
01-01 09:57:48.578   720   720 W SurfaceFlinger: Unable to open libdolphin.so: dlopen failed: library "libdolphin.so" not found.
01-01 09:57:48.578   720   720 E SurfaceFlinger: Unable to open libframeextension.so: dlopen failed: library "libframeextension.so" not found.
01-01 09:57:48.578     0     0 I MSM-CPP cpp_init_hardware: 1135 CPP HW Version: 0x60010002
01-01 09:57:48.578     0     0 E MSM-CPP cpp_init_hardware: 1153 stream_cnt:0
01-01 09:57:48.579   720   720 I SurfaceFlinger: SurfaceFlinger's main thread ready to run. Initializing graphics H/W...
01-01 09:57:48.579   720   720 I SurfaceFlinger: Phase offset NS: 1000000
01-01 09:57:48.579     0     0 E sdm660-asoc-snd soc: qcom,msm-audio-apr:qcom,q6core-audio:sound: ASoC: no source widget found for SPK1 OUT
01-01 09:57:48.579     0     0 E sdm660-asoc-snd soc: qcom,msm-audio-apr:qcom,q6core-audio:sound: ASoC: Failed to add route SPK1 OUT -> direct -> SpkrLeft IN
01-01 09:57:48.579     0     0 E sdm660-asoc-snd soc: qcom,msm-audio-apr:qcom,q6core-audio:sound: ASoC: no source widget found for SPK2 OUT
01-01 09:57:48.579     0     0 E sdm660-asoc-snd soc: qcom,msm-audio-apr:qcom,q6core-audio:sound: ASoC: Failed to add route SPK2 OUT -> direct -> SpkrRight IN
01-01 09:57:48.579   720   720 W SurfaceFlinger: Unable to open libdolphin.so: dlopen failed: library "libdolphin.so" not found.
01-01 09:57:48.579   720  1138 W SurfaceFlinger: Ignoring VSYNC request while display is disconnected
01-01 09:57:48.580   720   720 W SurfaceFlinger: Unable to open libdolphin.so: dlopen failed: library "libdolphin.so" not found.
01-01 09:57:48.580   720  1138 W SurfaceFlinger: Ignoring VSYNC request while display is disconnected
01-01 09:57:48.580   720   720 W SurfaceFlinger: Unable to open libdolphin.so: dlopen failed: library "libdolphin.so" not found.
01-01 09:57:48.580   720  1139 W SurfaceFlinger: Ignoring VSYNC request while display is disconnected
01-01 09:57:48.581   720   720 W SurfaceFlinger: Unable to open libdolphin.so: dlopen failed: library "libdolphin.so" not found.
01-01 09:57:48.581   720  1139 W SurfaceFlinger: Ignoring VSYNC request while display is disconnected
01-01 09:57:48.582   720   720 D RenderEngine: RenderEngine GLES Backend
01-01 09:57:48.588   720   720 D libEGL  : loaded /vendor/lib64/egl/libEGL_adreno.so
01-01 09:57:48.594     0     0 I MSM-CPP cpp_release_hardware: 1216 cpp hw release done
01-01 09:57:48.594   674   674 I mm-camera: <CPP   >< INFO> 191: cpp_module_init: info: CPP module_init successful
01-01 09:57:48.615     0     0 I input   : sdm660-snd-card-nonpay Headset Jack as /devices/platform/soc/soc:qcom,msm-audio-apr/soc:qcom,msm-audio-apr:qcom,q6core-audio/soc:qcom,msm-audio-apr:qcom,q6core-audio:sound/sound/card0/input4
01-01 09:57:48.616     0     0 I input   : sdm660-snd-card-nonpay Button Jack as /devices/platform/soc/soc:qcom,msm-audio-apr/soc:qcom,msm-audio-apr:qcom,q6core-audio/soc:qcom,msm-audio-apr:qcom,q6core-audio:sound/sound/card0/input5
01-01 09:57:48.633     0     0 W0 l=100 v=4288 t=24.0 h=2 st=5 c=-49 fc=3791000 cc=28 fcd=4000000 chg=u
01-01 09:57:48.643   947  1041 I ServiceManager: Waiting for service 'package_native' on '/dev/binder'...
01-01 09:57:48.697   674   674 E mm-camera: <IMGLIB><ERROR> 1392: frameproc_comp_reload_lib: Error opening frameproc library libmmcamera_ppeiscore.so error dlopen failed: library "libGLESv2_adreno.so" not found
01-01 09:57:48.698   674   674 E mm-camera: <IMGLIB><ERROR> 1258: frameproc_comp_load: frameproc_comp_load:1258] cannot load libmmcamera_ppeiscore.so
01-01 09:57:48.698   674   674 E mm-camera: <IMGLIB><ERROR> 3592: module_imgbase_init: ppeiscore] Error rc -7
01-01 09:57:48.711   674   674 E mm-camera: <IMGLIB><ERROR> 1392: frameproc_comp_reload_lib: Error opening frameproc library libmmcamera_llvd.so error dlopen failed: library "libmmcamera_llvd.so" not found
01-01 09:57:48.711   720   720 D libEGL  : loaded /vendor/lib64/egl/libGLESv1_CM_adreno.so
01-01 09:57:48.711   674   674 E mm-camera: <IMGLIB><ERROR> 1258: frameproc_comp_load: frameproc_comp_load:1258] cannot load libmmcamera_llvd.so
01-01 09:57:48.711   674   674 E mm-camera: <IMGLIB><ERROR> 3592: module_imgbase_init: llvd] Error rc -7
01-01 09:57:48.715   720   720 D libEGL  : loaded /vendor/lib64/egl/libGLESv2_adreno.so
01-01 09:57:48.723   674   674 E mm-camera: <IMGLIB><ERROR> 4510: module_qdc_common_init:  Algo Capabilities Crop caps 1,core type 2, access mode 1, exec mode 1
01-01 09:57:48.723   674   674 E mm-camera: <IMGLIB><ERROR> 4270: module_qdc_common_get_valid_lib_index: error, invalid library
01-01 09:57:48.723   674   674 E mm-camera: <IMGLIB><ERROR> 4306: module_qdc_common_get_feature_lib: invalid index
01-01 09:57:48.724   674   674 E mm-camera: <IMGLIB><ERROR> 4270: module_qdc_common_get_valid_lib_index: error, invalid library
01-01 09:57:48.724   674   674 E mm-camera: <IMGLIB><ERROR> 4306: module_qdc_common_get_feature_lib: invalid index
01-01 09:57:48.726   674   674 E mm-camera: <IMGLIB><ERROR> 4270: module_qdc_common_get_valid_lib_index: error, invalid library
01-01 09:57:48.726   674   674 E mm-camera: <IMGLIB><ERROR> 4306: module_qdc_common_get_feature_lib: invalid index
01-01 09:57:48.730   674   674 E mm-camera: <IMGLIB><ERROR> 1392: frameproc_comp_reload_lib: Error opening frameproc library libmmcamera_mfproc_precpp.so error dlopen failed: library "libmmcamera_mfproc_precpp.so" not found
01-01 09:57:48.730   674   674 E mm-camera: <IMGLIB><ERROR> 1258: frameproc_comp_load: frameproc_comp_load:1258] cannot load libmmcamera_mfproc_precpp.so
01-01 09:57:48.730   674   674 E mm-camera: <IMGLIB><ERROR> 3592: module_imgbase_init: mfproc_precpp] Error rc -7
01-01 09:57:48.731   674   674 E mm-camera: <IMGLIB><ERROR> 215: faceproc_hw_comp_get_fd_device_name: Can not discover face-detect device
01-01 09:57:48.731   674   674 E mm-camera: <IMGLIB><ERROR> 5842: faceproc_hw_comp_load: Can not find device name
01-01 09:57:48.731   674   674 W mm-camera: <IMGLIB>< WARN> 1235: faceproc_dsp_comp_load: face detection dsp disabled , enable by set property
01-01 09:57:48.731   674   674 I mm-camera: <IMGLIB>< INFO> 2157: faceproc_sw_wrapper_load: Loading faceproc library
01-01 09:57:48.744   947  1041 I ServiceManager: Waiting for service 'package_native' on '/dev/binder'...
01-01 09:57:48.745   720   720 I AdrenoGLES: QUALCOMM build                   : fefc463, I67da44d20d
01-01 09:57:48.745   720   720 I AdrenoGLES: Build Date                       : 11/23/20
01-01 09:57:48.745   720   720 I AdrenoGLES: OpenGL ES Shader Compiler Version: EV031.27.05.10
01-01 09:57:48.745   720   720 I AdrenoGLES: Local Branch                     : mybrancheb2d85f4-9bbf-f15d-8afb-5cb90179c3d8
01-01 09:57:48.745   720   720 I AdrenoGLES: Remote Branch                    : quic/gfx-adreno.lnx.1.0.r104-rel
01-01 09:57:48.745   720   720 I AdrenoGLES: Remote Branch                    : NONE
01-01 09:57:48.745   720   720 I AdrenoGLES: Reconstruct Branch               : NOTHING
01-01 09:57:48.745   720   720 I AdrenoGLES: Build Config                     : S L 8.0.12 AArch64
01-01 09:57:48.748   674   674 E mm-camera: <IMGLIB><ERROR> 1392: frameproc_comp_reload_lib: Error opening frameproc library libmmcamera_chromaflash_lib.so error dlopen failed: library "libmmcamera_chromaflash_lib.so" not found
01-01 09:57:48.748   674   674 E mm-camera: <IMGLIB><ERROR> 1258: frameproc_comp_load: frameproc_comp_load:1258] cannot load libmmcamera_chromaflash_lib.so
01-01 09:57:48.748   674   674 E mm-camera: <IMGLIB><ERROR> 3592: module_imgbase_init: imglib_chroma_flash] Error rc -7
01-01 09:57:48.748   674   674 W mm-camera: <IMGLIB>< WARN> 748: module_imglib_create_topology: Can not init the module imglib_chroma_flash
01-01 09:57:48.749   674   674 E mm-camera: <IMGLIB><ERROR> 1392: frameproc_comp_reload_lib: Error opening frameproc library libmmcamera_optizoom_lib.so error dlopen failed: library "libmmcamera_optizoom_lib.so" not found
01-01 09:57:48.749   674   674 E mm-camera: <IMGLIB><ERROR> 1258: frameproc_comp_load: frameproc_comp_load:1258] cannot load libmmcamera_optizoom_lib.so
01-01 09:57:48.749   674   674 E mm-camera: <IMGLIB><ERROR> 3592: module_imgbase_init: imglib_optizoom] Error rc -7
01-01 09:57:48.749   674   674 W mm-camera: <IMGLIB>< WARN> 748: module_imglib_create_topology: Can not init the module imglib_optizoom
01-01 09:57:48.749   674   674 E mm-camera: <IMGLIB><ERROR> 1392: frameproc_comp_reload_lib: Error opening frameproc library libmmcamera_ubifocus_lib.so error dlopen failed: library "libmmcamera_ubifocus_lib.so" not found
01-01 09:57:48.749   674   674 E mm-camera: <IMGLIB><ERROR> 1258: frameproc_comp_load: frameproc_comp_load:1258] cannot load libmmcamera_ubifocus_lib.so
01-01 09:57:48.749   674   674 E mm-camera: <IMGLIB><ERROR> 3592: module_imgbase_init: imglib_ubifocus] Error rc -7
01-01 09:57:48.749   674   674 W mm-camera: <IMGLIB>< WARN> 748: module_imglib_create_topology: Can not init the module imglib_ubifocus
01-01 09:57:48.750   674   674 E mm-camera: <IMGLIB><ERROR> 1392: frameproc_comp_reload_lib: Error opening frameproc library libmmcamera_ubifocus_lib.so error dlopen failed: library "libmmcamera_ubifocus_lib.so" not found
01-01 09:57:48.750   674   674 E mm-camera: <IMGLIB><ERROR> 1258: frameproc_comp_load: frameproc_comp_load:1258] cannot load libmmcamera_ubifocus_lib.so
01-01 09:57:48.750   674   674 E mm-camera: <IMGLIB><ERROR> 3592: module_imgbase_init: imglib_refocus] Error rc -7
01-01 09:57:48.750   674   674 W mm-camera: <IMGLIB>< WARN> 748: module_imglib_create_topology: Can not init the module imglib_refocus
01-01 09:57:48.750   674   674 E mm-camera: <IMGLIB><ERROR> 1392: frameproc_comp_reload_lib: Error opening frameproc library libmmcamera_trueportrait_lib.so error dlopen failed: library "libmmcamera_trueportrait_lib.so" not found
01-01 09:57:48.750   674   674 E mm-camera: <IMGLIB><ERROR> 1258: frameproc_comp_load: frameproc_comp_load:1258] cannot load libmmcamera_trueportrait_lib.so
01-01 09:57:48.750   674   674 E mm-camera: <IMGLIB><ERROR> 3592: module_imgbase_init: imglib_trueportrait] Error rc -7
01-01 09:57:48.750   674   674 W mm-camera: <IMGLIB>< WARN> 748: module_imglib_create_topology: Can not init the module imglib_trueportrait
01-01 09:57:48.753   720   720 I AdrenoGLES: PFP: 0x005ff113, ME: 0x005ff066
01-01 09:57:48.764   680   797 I SDM     : HWCDisplay::GetHdrCapabilities: HDR is not supported
01-01 09:57:48.766   680   797 I SDM     : HWCDisplay::GetHdrCapabilities: HDR is not supported
01-01 09:57:48.768   720   720 I RenderEngine: OpenGL ES informations:
01-01 09:57:48.768   720   720 I RenderEngine: vendor    : Qualcomm
01-01 09:57:48.768   720   720 I RenderEngine: renderer  : Adreno (TM) 512
01-01 09:57:48.768   720   720 I RenderEngine: version   : OpenGL ES 3.2 V@415.0 (GIT@fefc463, I67da44d20d, 1606140253) (Date:11/23/20)
01-01 09:57:48.768   720   720 I RenderEngine: extensions: GL_OES_EGL_image GL_OES_EGL_image_external GL_OES_EGL_sync GL_OES_vertex_half_float GL_OES_framebuffer_object GL_OES_rgb8_rgba8 GL_OES_compressed_ETC1_RGB8_texture GL_AMD_compressed_ATC_texture GL_KHR_texture_compression_astc_ldr GL_KHR_texture_compression_astc_hdr GL_OES_texture_compression_astc GL_OES_texture_npot GL_EXT_texture_filter_anisotropic GL_EXT_texture_format_BGRA8888 GL_EXT_read_format_bgra GL_OES_texture_3D GL_EXT_color_buffer_float GL_EXT_color_buffer_half_float GL_QCOM_alpha_test GL_OES_depth24 GL_OES_packed_depth_stencil GL_OES_depth_texture GL_OES_depth_texture_cube_map GL_EXT_sRGB GL_OES_texture_float GL_OES_texture_float_linear GL_OES_texture_half_float GL_OES_texture_half_float_linear GL_EXT_texture_type_2_10_10_10_REV GL_EXT_texture_sRGB_decode GL_EXT_texture_format_sRGB_override GL_OES_element_index_uint GL_EXT_copy_image GL_EXT_geometry_shader GL_EXT_tessellation_shader GL_OES_texture_stencil8 GL_EXT_shader_io_blocks GL_OES_shader_image_atomic GL_OES_sample_variables GL_EX
01-01 09:57:48.768   720   720 I RenderEngine: GL_MAX_TEXTURE_SIZE = 16384
01-01 09:57:48.768   720   720 I RenderEngine: GL_MAX_VIEWPORT_DIMS = 16384
01-01 09:57:48.770   504   504 I hwservicemanager: getTransport: Cannot find entry android.hardware.graphics.mapper@3.0::IMapper/default in either framework or device manifest.
01-01 09:57:48.770   680   797 D ComposerHal: failed to get mapper 3.0 service, falling back to mapper 2.0
01-01 09:57:48.771   674   674 I OpenCV  : calling android_getCpuFeatures() ...
01-01 09:57:48.772   674   674 I OpenCV  : calling android_getCpuFeatures() ... Done (1f7ff)
01-01 09:57:48.772   674   674 E mm-camera: <IMGLIB><ERROR> 111: module_mfproc_postcpp_init:  module_mfproc_postcpp_init(),  E 
01-01 09:57:48.773   674   674 E mm-camera: <IMGLIB><ERROR> 1392: frameproc_comp_reload_lib: Error opening frameproc library libmmcamera_mfproc_postcpp.so error dlopen failed: library "libmmcamera_mfproc_postcpp.so" not found
01-01 09:57:48.773   674   674 E mm-camera: <IMGLIB><ERROR> 1258: frameproc_comp_load: frameproc_comp_load:1258] cannot load libmmcamera_mfproc_postcpp.so
01-01 09:57:48.773   674   674 E mm-camera: <IMGLIB><ERROR> 3592: module_imgbase_init: imglib_mfproc_postcpp] Error rc -7
01-01 09:57:48.773   674   674 W mm-camera: <IMGLIB>< WARN> 748: module_imglib_create_topology: Can not init the module imglib_mfproc_postcpp
01-01 09:57:48.773   674   674 W mm-camera: <IMGLIB>< WARN> 748: module_imglib_create_topology: Can not init the module imglib_oem1
01-01 09:57:48.774   674   674 I QCamera : <MCI><INFO> get_num_of_cameras: 2783: dev_info[id=0,name='video3']
01-01 09:57:48.774   674   674 I QCamera : <MCI><INFO> get_num_of_cameras: 2783: dev_info[id=1,name='video4']
01-01 09:57:48.774   674   674 I QCamera : <MCI><INFO> sort_camera_info: 2617: Camera id: 0 facing: 0, type: 1 is_yuv: 0
01-01 09:57:48.774   674   674 I QCamera : <MCI><INFO> sort_camera_info: 2617: Camera id: 1 facing: 1, type: 1 is_yuv: 0
01-01 09:57:48.774   674   674 I QCamera : <MCI><INFO> sort_camera_info: 2623: Number of cameras 2 sorted 2
01-01 09:57:48.774   674   674 I QCamera : <MCI><INFO> get_num_of_cameras: 2801: num_cameras=2
01-01 09:57:48.774   674   674 E QCamera2Factory: get_number_of_cameras num of cameras: 2
01-01 09:57:48.774   674   674 I CamPrvdr@2.4-legacy: Loaded "QCamera Module" camera module
01-01 09:57:48.774   674   674 E QCamera2Factory: get_number_of_cameras num of cameras: 2
01-01 09:57:48.774     0     0 I msm_pm_qos_update_request: update request 100
01-01 09:57:48.774     0     0 I msm_pm_qos_add_request: add request
01-01 09:57:48.775   674   674 E QCamera2Factory: get_number_of_cameras num of cameras: 2
01-01 09:57:48.775   674   674 I CamPrvdr@2.4-legacy: initialize, cts mode off, mNumberOfLegacyCameras = 2
01-01 09:57:48.775   674   674 I QCamera : <HAL><INFO> getCameraInfo: 359: Camera id 0 API version 768
01-01 09:57:48.775   674   674 D QCamera : Debug log file is not enabled
01-01 09:57:48.775   504   504 I hwservicemanager: getTransport: Cannot find entry vendor.display.config@1.16::IDisplayConfig/default in either framework or device manifest.
01-01 09:57:48.775   674   674 I mm-camera: <MCT   >< INFO> 118: mct_controller_new: Creating new mct_controller with session-id 3
01-01 09:57:48.775   680   797 D SDM     : HWCSession::RegisterCallback: Registering callback: Hotplug
01-01 09:57:48.775   720   720 I HWComposer: Switching to legacy multi-display mode
01-01 09:57:48.776   674  1199 I mm-camera: <MCT   >< INFO> 5326: mct_pipeline_start_session_thread: E sensor
01-01 09:57:48.776   674  1199 I mm-camera: <MCT   >< INFO> 5333: mct_pipeline_start_session_thread: Calling start_session on Module sensor
01-01 09:57:48.776   674  1200 I mm-camera: <MCT   >< INFO> 5326: mct_pipeline_start_session_thread: E iface
01-01 09:57:48.776   674  1200 I mm-camera: <MCT   >< INFO> 5333: mct_pipeline_start_session_thread: Calling start_session on Module iface
01-01 09:57:48.776   504   504 I hwservicemanager: getTransport: Cannot find entry vendor.display.config@1.12::IDisplayConfig/default in either framework or device manifest.
01-01 09:57:48.777   674  1202 I mm-camera: <MCT   >< INFO> 5326: mct_pipeline_start_session_thread: E isp
01-01 09:57:48.777   674  1200 I mm-camera: <MCT   >< INFO> 5336: mct_pipeline_start_session_thread: Module iface start_session rc = 1
01-01 09:57:48.777   674  1200 I mm-camera: <MCT   >< INFO> 5344: mct_pipeline_start_session_thread: started_num = 1, success = 1
01-01 09:57:48.777   674  1200 I mm-camera: <MCT   >< INFO> 5351: mct_pipeline_start_session_thread: X iface
01-01 09:57:48.777   674  1202 I mm-camera: <MCT   >< INFO> 5333: mct_pipeline_start_session_thread: Calling start_session on Module isp
01-01 09:57:48.777   674  1202 I mm-camera: <ISP   >< INFO> 214: isp_module_start_session: session id 3 
01-01 09:57:48.777   674  1204 I mm-camera: <MCT   >< INFO> 5326: mct_pipeline_start_session_thread: E stats
01-01 09:57:48.777   680   797 I SDM     : HWCDisplay::GetHdrCapabilities: HDR is not supported
01-01 09:57:48.777   680   797 I SDM     : HWCDisplay::GetHdrCapabilities: HDR is not supported
01-01 09:57:48.777   674  1204 I mm-camera: <MCT   >< INFO> 5333: mct_pipeline_start_session_thread: Calling start_session on Module stats
01-01 09:57:48.778     0     0 I msm_csid_init: CSID_VERSION = 0x30050000
01-01 09:57:48.778   674  1205 I mm-camera: <MCT   >< INFO> 5326: mct_pipeline_start_session_thread: E pproc
01-01 09:57:48.778   674  1205 I mm-camera: <MCT   >< INFO> 5333: mct_pipeline_start_session_thread: Calling start_session on Module pproc
01-01 09:57:48.778   504   504 I hwservicemanager: getTransport: Cannot find entry android.hardware.graphics.mapper@3.0::IMapper/default in either framework or device manifest.
01-01 09:57:48.778   720   720 W Gralloc3: mapper 3.x is not supported
01-01 09:57:48.778     0     0 E         : msm_csid_irq CSID0_IRQ_STATUS_ADDR = 0x800
01-01 09:57:48.780   674  1207 I mm-camera: <MCT   >< INFO> 5326: mct_pipeline_start_session_thread: E imglib
01-01 09:57:48.780   674  1207 I mm-camera: <MCT   >< INFO> 5333: mct_pipeline_start_session_thread: Calling start_session on Module imglib
01-01 09:57:48.781   674  1207 I mm-camera: <MCT   >< INFO> 5336: mct_pipeline_start_session_thread: Module imglib start_session rc = 1
01-01 09:57:48.781   674  1207 I mm-camera: <MCT   >< INFO> 5344: mct_pipeline_start_session_thread: started_num = 2, success = 2
01-01 09:57:48.781   674  1207 I mm-camera: <MCT   >< INFO> 5351: mct_pipeline_start_session_thread: X imglib
01-01 09:57:48.782   674  1205 I mm-camera: <MCT   >< INFO> 5336: mct_pipeline_start_session_thread: Module pproc start_session rc = 1
01-01 09:57:48.782   674  1205 I mm-camera: <MCT   >< INFO> 5344: mct_pipeline_start_session_thread: started_num = 3, success = 3
01-01 09:57:48.782   674  1205 I mm-camera: <MCT   >< INFO> 5351: mct_pipeline_start_session_thread: X pproc
01-01 09:57:48.783   504   504 I hwservicemanager: getTransport: Cannot find entry android.hardware.graphics.allocator@3.0::IAllocator/default in either framework or device manifest.
01-01 09:57:48.783   720   720 W Gralloc3: allocator 3.x is not supported
01-01 09:57:48.784   674  1202 I mm-camera: <MCT   >< INFO> 5336: mct_pipeline_start_session_thread: Module isp start_session rc = 1
01-01 09:57:48.784   674  1202 I mm-camera: <MCT   >< INFO> 5344: mct_pipeline_start_session_thread: started_num = 4, success = 4
01-01 09:57:48.784   674  1202 I mm-camera: <MCT   >< INFO> 5351: mct_pipeline_start_session_thread: X isp
01-01 09:57:48.785   674  1204 I mm-camera: <MCT   >< INFO> 5336: mct_pipeline_start_session_thread: Module stats start_session rc = 1
01-01 09:57:48.785   674  1204 I mm-camera: <MCT   >< INFO> 5344: mct_pipeline_start_session_thread: started_num = 5, success = 5
01-01 09:57:48.785   674  1204 I mm-camera: <MCT   >< INFO> 5351: mct_pipeline_start_session_thread: X stats
01-01 09:57:48.785     0     0 I MSM-CPP cpp_init_hardware: 1135 CPP HW Version: 0x60010002
01-01 09:57:48.785     0     0 E MSM-CPP cpp_init_hardware: 1153 stream_cnt:0
01-01 09:57:48.787   679   737 E ion     : ioctl c0044901 failed with code -1: Not a typewriter
01-01 09:57:48.788   674  1199 I mm-camera: <MCT   >< INFO> 5336: mct_pipeline_start_session_thread: Module sensor start_session rc = 1
01-01 09:57:48.788   674  1199 I mm-camera: <MCT   >< INFO> 5344: mct_pipeline_start_session_thread: started_num = 6, success = 6
01-01 09:57:48.788   674  1199 I mm-camera: <MCT   >< INFO> 5351: mct_pipeline_start_session_thread: X sensor
01-01 09:57:48.793   680   797 D SDM     : HWCSession::RegisterCallback: Registering callback: Refresh
01-01 09:57:48.793   680   797 D SDM     : HWCSession::RegisterCallback: Registering callback: Vsync
01-01 09:57:48.801   674   674 I mm-camera: <MCT   >< INFO> 5247: mct_pipeline_start_stream_internal: Adding session stream streamid= 0xf for session=3
01-01 09:57:48.801   674   674 I mm-camera: <MCT   >< INFO> 5295: mct_pipeline_start_stream_internal: Linking session stream for session 3
01-01 09:57:48.801   674   674 I mm-camera: <MCT   >< INFO> 526: mct_stream_start_link: Start linking Session-stream 0x3000f
01-01 09:57:48.801   674   674 I mm-camera: <IFACE >< INFO> 344: iface_util_find_primary_cid: iface_util_find_primary_cid:344 error cannot find primary sensor format cids 1
01-01 09:57:48.801   674   674 I mm-camera: <ISP   >< INFO> 851: isp_port_check_caps_reserve: port 0xf30fc0c0 ide 3000f type 10 dim 0 0
01-01 09:57:48.802   674   674 I mm-camera: <PPROC >< INFO> 449: pproc_port_add_modules_to_stream: in identity 3000f stream 10 int_link = 0xf2cdf940
01-01 09:57:48.802   674   674 I mm-camera: <PPROC >< INFO> 461: pproc_port_add_modules_to_stream: :LINK linking mods tmod and paaf for identity 3000f
01-01 09:57:48.802   674   674 I mm-camera: <PPROC >< INFO> 461: pproc_port_add_modules_to_stream: :LINK linking mods paaf and sat for identity 3000f
01-01 09:57:48.802   674   674 I mm-camera: <PPROC >< INFO> 461: pproc_port_add_modules_to_stream: :LINK linking mods sat and c2d for identity 3000f
01-01 09:57:48.802   674   674 I mm-camera: <C2D   >< INFO> 1557: c2d_module_notify_add_stream: width 0, height 0, stride 0, scanline 0, is_type 0
01-01 09:57:48.802   674   674 I mm-camera: <PPROC >< INFO> 461: pproc_port_add_modules_to_stream: :LINK linking mods c2d and cpp for identity 3000f
01-01 09:57:48.802   674   674 I mm-camera: <CPP   >< INFO> 2538: cpp_module_notify_add_stream: :stream 10, width 0, height 0, stride 0,scanline 0, framelen 0
01-01 09:57:48.802   674   674 I mm-camera: <CPP   >< INFO> 2695: cpp_module_notify_add_stream: : stream 10, fmt 1, asf_mode 0, sharpness_level 0.000000,asf mask 0, denoise 0, denoise_mask 0, dsdn mask 0,dsdn enable 0, tnr mask 0, tnr enable 0, ds_mask 0, luma dsdn 0
01-01 09:57:48.802   674   674 I mm-camera: <PPROC >< INFO> 461: pproc_port_add_modules_to_stream: :LINK linking mods cpp and depth_map for identity 3000f
01-01 09:57:48.803   674   674 I mm-camera: <PPROC >< INFO> 461: pproc_port_add_modules_to_stream: :LINK linking mods depth_map and ezt for identity 3000f
01-01 09:57:48.803   674   674 I mm-camera: <PPROC >< INFO> 461: pproc_port_add_modules_to_stream: :LINK linking mods ezt and quadracfa for identity 3000f
01-01 09:57:48.803   674   674 E mm-camera: <STATS ><ERROR> 3027: stats_port_check_caps_reserve: Invalid Port capability type!
01-01 09:57:48.803   674   674 I chatty  : uid=1047(cameraserver) provider@2.4-se identical 3 lines
01-01 09:57:48.803   674   674 E mm-camera: <STATS ><ERROR> 3027: stats_port_check_caps_reserve: Invalid Port capability type!
01-01 09:57:48.804   674   674 I mm-camera: <MCT   >< INFO> 5304: mct_pipeline_start_stream_internal: Session stream linked successfully session 3
01-01 09:57:48.805   674  1219 E libsensor1: check_sensors_enabled: Sensors enabled = true
01-01 09:57:48.805   674  1219 E Diag_Lib:  Diag_LSM_Init: Failed to open handle to diag driver, error = 13
01-01 09:57:48.806   674   674 E ion     : ioctl c0044901 failed with code -1: Not a typewriter
01-01 09:57:48.826     0     0 I msm_cci_init: 1440: hw_version = 0x10060000
01-01 09:57:48.827     0     0 I         : @@@ original_sid = 0x10, valid_flag = 0x01, eeprom_version = 0x01, checksum = 0x03
01-01 09:57:48.827     0     0 I         : @@@ rc = 0, camera_sid = 0x10, eeprom_reg_addr = 0x03 , eeprom_reg_value = 0x32
01-01 09:57:48.827     0     0 I         : @@@ rc = 0, camera_sid = 0x10, eeprom_reg_addr = 0x04 , eeprom_reg_value = 0x30
01-01 09:57:48.827     0     0 I         : @@@ rc = 0, camera_sid = 0x10, eeprom_reg_addr = 0x05 , eeprom_reg_value = 0x32
01-01 09:57:48.828     0     0 I         : @@@ rc = 0, camera_sid = 0x10, eeprom_reg_addr = 0x06 , eeprom_reg_value = 0x30
01-01 09:57:48.828     0     0 I         : @@@ rc = 0, camera_sid = 0x10, eeprom_reg_addr = 0x07 , eeprom_reg_value = 0x30
01-01 09:57:48.828     0     0 I         : @@@ rc = 0, camera_sid = 0x10, eeprom_reg_addr = 0x08 , eeprom_reg_value = 0x36
01-01 09:57:48.828     0     0 I         : @@@ rc = 0, camera_sid = 0x10, eeprom_reg_addr = 0x09 , eeprom_reg_value = 0x30
01-01 09:57:48.828     0     0 I         : @@@ rc = 0, camera_sid = 0x10, eeprom_reg_addr = 0x0a , eeprom_reg_value = 0x36
01-01 09:57:48.828     0     0 I         : @@@ rc = 0, camera_sid = 0x10, eeprom_reg_addr = 0x0b , eeprom_reg_value = 0x31
01-01 09:57:48.829     0     0 I         : @@@ rc = 0, camera_sid = 0x10, eeprom_reg_addr = 0x0c , eeprom_reg_value = 0x36
01-01 09:57:48.844   947  1041 I ServiceManager: Waiting for service 'package_native' on '/dev/binder'...
01-01 09:57:48.907   674  1201 E mm-camera: <SENSOR><ERROR> ov8856_gt24p64b_get_calibration_items: 30: is_insensor:0, is_afc:1, is_wbc:1, is_lsc:1, is_dpc:0, is_ois:0, is_dual:0
01-01 09:57:48.919   674  1197 I mm-camera: <MCT   >< INFO> 3323: mct_sysinfo_read: sysinfo:path /sys/module/msm_sensor_driver/parameters/only_support_5M data 0 size 10
01-01 09:57:48.919   674  1197 I mm-camera: <MCT   >< INFO> 2279: mct_pipeline_append_fps_entry:  Added hal_table[0]: (15.000000, 15.000000)
01-01 09:57:48.919   674  1197 I mm-camera: <MCT   >< INFO> 2279: mct_pipeline_append_fps_entry:  Added hal_table[1]: (20.000000, 20.000000)
01-01 09:57:48.919   674  1197 I mm-camera: <MCT   >< INFO> 2279: mct_pipeline_append_fps_entry:  Added hal_table[2]: (24.000000, 24.000000)
01-01 09:57:48.919   674  1197 I mm-camera: <MCT   >< INFO> 2279: mct_pipeline_append_fps_entry:  Added hal_table[3]: (7.000000, 30.000000)
01-01 09:57:48.919   674  1197 I mm-camera: <MCT   >< INFO> 2292: mct_pipeline_append_fps_entry:  Added hal_table[4]: (30.000000, 30.000000)
01-01 09:57:48.919   674  1197 I mm-camera: <MCT   >< INFO> 3611: mct_pipeline_fill_dimensions_snapshot: Cam 0: FPS range selection complete. Publishing 5 ranges.
01-01 09:57:48.919   674  1197 I mm-camera: <MCT   >< INFO> 2540: mct_pipeline_fill_caps_sensor: =====sensitivity_range.min_sensitivity =0 =====
01-01 09:57:48.919   674  1197 I mm-camera: <MCT   >< INFO> 2541: mct_pipeline_fill_caps_sensor: =====sensitivity_range.max_sensitivity =1500 =====
01-01 09:57:48.919   674  1197 I mm-camera: <MCT   >< INFO> 2739: mct_pipeline_fill_caps_isp: isp max encoder size : 5504 X 16383
01-01 09:57:48.919   674  1197 I mm-camera: <MCT   >< INFO> 2746: mct_pipeline_fill_caps_isp: single isp max size : 3264 X 2448
01-01 09:57:48.919   674  1197 I mm-camera: <MCT   >< INFO> 2757: mct_pipeline_fill_caps_isp: HAL max snapshot size in dual cam mode : 3264 X 2448
01-01 09:57:48.919   674   674 I mm-camera: <MCT   >< INFO> 310: mct_controller_destroy: Initiating destroy sequence for session = 3
01-01 09:57:48.920   674   674 I mm-camera: <MCT   >< INFO> 328: mct_controller_destroy: serv_thread closed
01-01 09:57:48.920   674   674 I mm-camera: <MCT   >< INFO> 343: mct_controller_destroy: bus_handler thread closed
01-01 09:57:48.920   674   674 I mm-camera: <MCT   >< INFO> 5404: mct_pipeline_stop_session: Initiating stop_session on session 3
01-01 09:57:48.920   674   674 I mm-camera: <MCT   >< INFO> 4288: mct_pipeline_process_set: command=800000b
01-01 09:57:48.920   674   674 I mm-camera: <MCT   >< INFO> 4533: mct_pipeline_process_set: Issuing DEL_STREAM on stream 0x3000f and stream type=10
01-01 09:57:48.920   674   674 I mm-camera: <IFACE >< INFO> 700: iface_unreserve_sink_port: stream_id f mode 0 
01-01 09:57:48.920   674   674 I mm-camera: <ISP   >< INFO> 941: isp_port_check_caps_unreserve: ide 3000f port 0xf30fc0c0
01-01 09:57:48.922   674   674 I mm-camera: <MCT   >< INFO> 4556: mct_pipeline_process_set: Stream 0x3000f and stream type=10, successfully deleted
01-01 09:57:48.922   674  1227 I mm-camera: <MCT   >< INFO> 5138: mct_pipeline_stop_session_thread: Stop module name: sensor - E
01-01 09:57:48.922   674  1227 I mm-camera: <MCT   >< INFO> 5146: mct_pipeline_stop_session_thread: Stop module name: sensor - X
01-01 09:57:48.922   674  1228 I mm-camera: <MCT   >< INFO> 5138: mct_pipeline_stop_session_thread: Stop module name: iface - E
01-01 09:57:48.922   674  1229 I mm-camera: <MCT   >< INFO> 5138: mct_pipeline_stop_session_thread: Stop module name: isp - E
01-01 09:57:48.922   674  1229 I mm-camera: <ISP   >< INFO> 510: isp_module_stop_session: session id 3
01-01 09:57:48.923   674  1230 I mm-camera: <MCT   >< INFO> 5138: mct_pipeline_stop_session_thread: Stop module name: stats - E
01-01 09:57:48.923   674  1231 I mm-camera: <MCT   >< INFO> 5138: mct_pipeline_stop_session_thread: Stop module name: pproc - E
01-01 09:57:48.923   674  1228 I mm-camera: <MCT   >< INFO> 5146: mct_pipeline_stop_session_thread: Stop module name: iface - X
01-01 09:57:48.923     0     0 I MSM-CPP cpp_release_hardware: 1216 cpp hw release done
01-01 09:57:48.924   674   674 I mm-camera: <MCT   >< INFO> 5426: mct_pipeline_stop_session: Modules left: 5
01-01 09:57:48.924   674  1232 I mm-camera: <MCT   >< INFO> 5138: mct_pipeline_stop_session_thread: Stop module name: imglib - E
01-01 09:57:48.924   674   674 I mm-camera: <MCT   >< INFO> 5426: mct_pipeline_stop_session: Modules left: 4
01-01 09:57:48.924   674  1232 I mm-camera: <MCT   >< INFO> 5146: mct_pipeline_stop_session_thread: Stop module name: imglib - X
01-01 09:57:48.924   674   674 I mm-camera: <MCT   >< INFO> 5426: mct_pipeline_stop_session: Modules left: 3
01-01 09:57:48.925   674  1229 I mm-camera: <MCT   >< INFO> 5146: mct_pipeline_stop_session_thread: Stop module name: isp - X
01-01 09:57:48.925   674   674 I mm-camera: <MCT   >< INFO> 5426: mct_pipeline_stop_session: Modules left: 2
01-01 09:57:48.926   674  1231 E mm-camera: <IMGLIB><ERROR> 328: AllocateBuffers: Nothing allocated or already freed!
01-01 09:57:48.927   674  1231 I mm-camera: <MCT   >< INFO> 5146: mct_pipeline_stop_session_thread: Stop module name: pproc - X
01-01 09:57:48.927   674   674 I mm-camera: <MCT   >< INFO> 5426: mct_pipeline_stop_session: Modules left: 1
01-01 09:57:48.928   674  1230 I mm-camera: <MCT   >< INFO> 5146: mct_pipeline_stop_session_thread: Stop module name: stats - X
01-01 09:57:48.928   674   674 I mm-camera: <MCT   >< INFO> 5426: mct_pipeline_stop_session: Modules left: 0
01-01 09:57:48.928   674   674 I mm-camera: <MCT   >< INFO> 5436: mct_pipeline_stop_session: Stopped session 3 successfully
01-01 09:57:48.928   674   674 I mm-camera: <MCT   >< INFO> 5740: mct_pipeline_destroy: E: session:3
01-01 09:57:48.928   674   674 E mm-camera: <MCT   ><ERROR> 179: stop_sof_check_thread: Returning as SOF timer thread not yet initialized
01-01 09:57:48.928   674   674 I mm-camera: <MCT   >< INFO> 5818: mct_pipeline_destroy: X: Pipeline destroyed successfully session =3
01-01 09:57:48.928   674   674 I mm-camera: <MCT   >< INFO> 422: mct_controller_destroy: X Successfully closed mct_controller session 3
01-01 09:57:48.929     0     0 I msm_pm_qos_update_request: update request -1
01-01 09:57:48.929     0     0 I msm_pm_qos_add_request: add request
01-01 09:57:48.930   674   674 E CamComm1.0-MD: Update metadata entry: Unknown tag -2145976319
01-01 09:57:48.930   674   674 E CamComm1.0-MD: Update metadata entry: Unknown tag -2145976317
01-01 09:57:48.930   674   674 I QCamera : <HAL><INFO> getCamInfo: 13767: camera 0 resource cost is 100
01-01 09:57:48.930   674   674 I CamComm1.0-CamModule: isOpenLegacyDefined: cts Enable == 0 
01-01 09:57:48.930   674   674 I QCamera : <HAL><INFO> openLegacy: 520: openLegacy halVersion: 256 cameraId = 0
01-01 09:57:48.935   674   674 E QCameraCommon: parseHWID: Got HW_ID = 324
01-01 09:57:48.936   674   674 I QCamera : <HAL><INFO> openCamera: 1901: [KPI Perf]: E PROFILE_OPEN_CAMERA camera id 0
01-01 09:57:48.938     0     0 I msm_pm_qos_update_request: update request 100
01-01 09:57:48.938     0     0 I msm_pm_qos_add_request: add request
01-01 09:57:48.938   674   674 E QCamera : <HAL><ERROR> acquirePerfLock: 614: Failed to acquire the perf lock
01-01 09:57:48.938   674   674 D QCamera : Debug log file is not enabled
01-01 09:57:48.938   674   674 I mm-camera: <MCT   >< INFO> 118: mct_controller_new: Creating new mct_controller with session-id 3
01-01 09:57:48.939   674  1239 I mm-camera: <MCT   >< INFO> 5326: mct_pipeline_start_session_thread: E sensor
01-01 09:57:48.939   674  1239 I mm-camera: <MCT   >< INFO> 5333: mct_pipeline_start_session_thread: Calling start_session on Module sensor
01-01 09:57:48.939   674  1240 I mm-camera: <MCT   >< INFO> 5326: mct_pipeline_start_session_thread: E iface
01-01 09:57:48.939   674  1240 I mm-camera: <MCT   >< INFO> 5333: mct_pipeline_start_session_thread: Calling start_session on Module iface
01-01 09:57:48.939   674  1240 I mm-camera: <MCT   >< INFO> 5336: mct_pipeline_start_session_thread: Module iface start_session rc = 1
01-01 09:57:48.939   674  1240 I mm-camera: <MCT   >< INFO> 5344: mct_pipeline_start_session_thread: started_num = 1, success = 1
01-01 09:57:48.939   674  1240 I mm-camera: <MCT   >< INFO> 5351: mct_pipeline_start_session_thread: X iface
01-01 09:57:48.940   674  1243 I mm-camera: <MCT   >< INFO> 5326: mct_pipeline_start_session_thread: E isp
01-01 09:57:48.940   674  1243 I mm-camera: <MCT   >< INFO> 5333: mct_pipeline_start_session_thread: Calling start_session on Module isp
01-01 09:57:48.940   674  1243 I mm-camera: <ISP   >< INFO> 214: isp_module_start_session: session id 3 
01-01 09:57:48.940   674  1244 I mm-camera: <MCT   >< INFO> 5326: mct_pipeline_start_session_thread: E stats
01-01 09:57:48.940   674  1244 I mm-camera: <MCT   >< INFO> 5333: mct_pipeline_start_session_thread: Calling start_session on Module stats
01-01 09:57:48.941   674  1246 I mm-camera: <MCT   >< INFO> 5326: mct_pipeline_start_session_thread: E pproc
01-01 09:57:48.942   674  1246 I mm-camera: <MCT   >< INFO> 5333: mct_pipeline_start_session_thread: Calling start_session on Module pproc
01-01 09:57:48.942   674  1247 I mm-camera: <MCT   >< INFO> 5326: mct_pipeline_start_session_thread: E imglib
01-01 09:57:48.942   674  1247 I mm-camera: <MCT   >< INFO> 5333: mct_pipeline_start_session_thread: Calling start_session on Module imglib
01-01 09:57:48.942   674  1244 I mm-camera: <MCT   >< INFO> 5336: mct_pipeline_start_session_thread: Module stats start_session rc = 1
01-01 09:57:48.942   674  1244 I mm-camera: <MCT   >< INFO> 5344: mct_pipeline_start_session_thread: started_num = 2, success = 2
01-01 09:57:48.942   674  1244 I mm-camera: <MCT   >< INFO> 5351: mct_pipeline_start_session_thread: X stats
01-01 09:57:48.943   674  1247 I mm-camera: <MCT   >< INFO> 5336: mct_pipeline_start_session_thread: Module imglib start_session rc = 1
01-01 09:57:48.943   674  1247 I mm-camera: <MCT   >< INFO> 5344: mct_pipeline_start_session_thread: started_num = 3, success = 3
01-01 09:57:48.943   674  1247 I mm-camera: <MCT   >< INFO> 5351: mct_pipeline_start_session_thread: X imglib
01-01 09:57:48.943   674  1243 I mm-camera: <MCT   >< INFO> 5336: mct_pipeline_start_session_thread: Module isp start_session rc = 1
01-01 09:57:48.943   674  1243 I mm-camera: <MCT   >< INFO> 5344: mct_pipeline_start_session_thread: started_num = 4, success = 4
01-01 09:57:48.943   674  1243 I mm-camera: <MCT   >< INFO> 5351: mct_pipeline_start_session_thread: X isp
01-01 09:57:48.943   674  1246 I mm-camera: <MCT   >< INFO> 5336: mct_pipeline_start_session_thread: Module pproc start_session rc = 1
01-01 09:57:48.943   674  1246 I mm-camera: <MCT   >< INFO> 5344: mct_pipeline_start_session_thread: started_num = 5, success = 5
01-01 09:57:48.943   674  1246 I mm-camera: <MCT   >< INFO> 5351: mct_pipeline_start_session_thread: X pproc
01-01 09:57:48.944   947  1041 I ServiceManager: Waiting for service 'package_native' on '/dev/binder'...
01-01 09:57:48.945     0     0 I MSM-CPP cpp_init_hardware: 1135 CPP HW Version: 0x60010002
01-01 09:57:48.945     0     0 E MSM-CPP cpp_init_hardware: 1153 stream_cnt:0
01-01 09:57:49.008     0     0 I msm_csid_init: CSID_VERSION = 0x30050000
01-01 09:57:49.009     0     0 E         : msm_csid_irq CSID0_IRQ_STATUS_ADDR = 0x800
01-01 09:57:49.017   674  1239 I mm-camera: <MCT   >< INFO> 5336: mct_pipeline_start_session_thread: Module sensor start_session rc = 1
01-01 09:57:49.017   674  1239 I mm-camera: <MCT   >< INFO> 5344: mct_pipeline_start_session_thread: started_num = 6, success = 6
01-01 09:57:49.017   674  1239 I mm-camera: <MCT   >< INFO> 5351: mct_pipeline_start_session_thread: X sensor
01-01 09:57:49.022   674   674 I mm-camera: <MCT   >< INFO> 5247: mct_pipeline_start_stream_internal: Adding session stream streamid= 0xf for session=3
01-01 09:57:49.022   674   674 I mm-camera: <MCT   >< INFO> 5295: mct_pipeline_start_stream_internal: Linking session stream for session 3
01-01 09:57:49.022   674   674 I mm-camera: <MCT   >< INFO> 526: mct_stream_start_link: Start linking Session-stream 0x3000f
01-01 09:57:49.023   674   674 I mm-camera: <IFACE >< INFO> 344: iface_util_find_primary_cid: iface_util_find_primary_cid:344 error cannot find primary sensor format cids 1
01-01 09:57:49.023   674   674 I mm-camera: <ISP   >< INFO> 851: isp_port_check_caps_reserve: port 0xf30fc0c0 ide 3000f type 10 dim 0 0
01-01 09:57:49.023   674   674 I mm-camera: <PPROC >< INFO> 449: pproc_port_add_modules_to_stream: in identity 3000f stream 10 int_link = 0xf2cdf940
01-01 09:57:49.023   674   674 I mm-camera: <PPROC >< INFO> 461: pproc_port_add_modules_to_stream: :LINK linking mods tmod and paaf for identity 3000f
01-01 09:57:49.023   674   674 I mm-camera: <PPROC >< INFO> 461: pproc_port_add_modules_to_stream: :LINK linking mods paaf and sat for identity 3000f
01-01 09:57:49.023   674   674 I mm-camera: <PPROC >< INFO> 461: pproc_port_add_modules_to_stream: :LINK linking mods sat and c2d for identity 3000f
01-01 09:57:49.023   674   674 I mm-camera: <C2D   >< INFO> 1557: c2d_module_notify_add_stream: width 0, height 0, stride 0, scanline 0, is_type 0
01-01 09:57:49.023   674   674 I mm-camera: <PPROC >< INFO> 461: pproc_port_add_modules_to_stream: :LINK linking mods c2d and cpp for identity 3000f
01-01 09:57:49.023   674   674 I mm-camera: <CPP   >< INFO> 2538: cpp_module_notify_add_stream: :stream 10, width 0, height 0, stride 0,scanline 0, framelen 0
01-01 09:57:49.023   674   674 I mm-camera: <CPP   >< INFO> 2695: cpp_module_notify_add_stream: : stream 10, fmt 1, asf_mode 0, sharpness_level 0.000000,asf mask 0, denoise 0, denoise_mask 0, dsdn mask 0,dsdn enable 0, tnr mask 0, tnr enable 0, ds_mask 0, luma dsdn 0
01-01 09:57:49.023   674   674 I mm-camera: <PPROC >< INFO> 461: pproc_port_add_modules_to_stream: :LINK linking mods cpp and depth_map for identity 3000f
01-01 09:57:49.024   674   674 I mm-camera: <PPROC >< INFO> 461: pproc_port_add_modules_to_stream: :LINK linking mods depth_map and ezt for identity 3000f
01-01 09:57:49.024   674   674 I mm-camera: <PPROC >< INFO> 461: pproc_port_add_modules_to_stream: :LINK linking mods ezt and quadracfa for identity 3000f
01-01 09:57:49.024   674   674 E mm-camera: <STATS ><ERROR> 3027: stats_port_check_caps_reserve: Invalid Port capability type!
01-01 09:57:49.024   674   674 I chatty  : uid=1047(cameraserver) provider@2.4-se identical 3 lines
01-01 09:57:49.024   674   674 E mm-camera: <STATS ><ERROR> 3027: stats_port_check_caps_reserve: Invalid Port capability type!
01-01 09:57:49.025   674   674 I mm-camera: <MCT   >< INFO> 5304: mct_pipeline_start_stream_internal: Session stream linked successfully session 3
01-01 09:57:49.028   674  1237 E mm-camera: <IMGLIB><ERROR> 322: module_depth_map_handle_ctrl_parm: E
01-01 09:57:49.028   674  1237 E mm-camera: <IMGLIB><ERROR> 430: module_depth_map_set_config_param: X
01-01 09:57:49.028   674  1237 E mm-camera: <IMGLIB><ERROR> 254: module_depth_map_send_config_data: CAM_STREAM_TYPE_DEPTH not set !!
01-01 09:57:49.028   674  1237 E mm-camera: <IMGLIB><ERROR> 369: module_depth_map_handle_ctrl_parm: Error module_depth_map_send_config_data
01-01 09:57:49.028   674  1237 E mm-camera: <IMGLIB><ERROR> 373: module_depth_map_handle_ctrl_parm: X
01-01 09:57:49.028   674  1237 E mm-camera: <IMGLIB><ERROR> 880: module_imgbase_process_param: [depth_map] handle_ctrl_parm error : type=10, rc=-5
01-01 09:57:49.028   674  1237 I mm-camera: <IFACE >< INFO> 6274: iface_util_set_dis_enable_flag: iface_util_set_dis_enable_flag:6274 DIS enable flag = 0
01-01 09:57:49.032   674   674 I Thermal-Lib: Thermal-Lib-Client: Registration successful for camera with handle:1
01-01 09:57:49.032   674   674 I Thermal-Lib: Thermal-Lib-Client: Registration successful for camcorder with handle:2
01-01 09:57:49.032   674   674 I QCamera : <HAL><INFO> openCamera: 1931: [KPI Perf]: X PROFILE_OPEN_CAMERA camera id 0, rc: 0
01-01 09:57:49.032   674   674 I QCamera : <HAL><INFO> close_camera_device: 1530: [KPI Perf]: E camera id 0
01-01 09:57:49.032   896   978 I ThermalEngine: Thermal-Server: Adding thermal event listener on fd 34
01-01 09:57:49.033   674  1264 I Thermal-Lib: Thermal-Lib-Client: Client received msg camera 0
01-01 09:57:49.033   674  1264 I Thermal-Lib: Thermal-Lib-Client: Client received msg camcorder 0
01-01 09:57:49.033   674  1237 E mm-camera: <IMGLIB><ERROR> 322: module_depth_map_handle_ctrl_parm: E
01-01 09:57:49.033   674  1237 E mm-camera: <IMGLIB><ERROR> 430: module_depth_map_set_config_param: X
01-01 09:57:49.033   674  1237 E mm-camera: <IMGLIB><ERROR> 254: module_depth_map_send_config_data: CAM_STREAM_TYPE_DEPTH not set !!
01-01 09:57:49.033   674  1237 E mm-camera: <IMGLIB><ERROR> 369: module_depth_map_handle_ctrl_parm: Error module_depth_map_send_config_data
01-01 09:57:49.033   674   674 E QCamera : <HAL><ERROR> acquirePerfLock: 614: Failed to acquire the perf lock
01-01 09:57:49.033   674  1237 E mm-camera: <IMGLIB><ERROR> 373: module_depth_map_handle_ctrl_parm: X
01-01 09:57:49.033   674  1237 E mm-camera: <IMGLIB><ERROR> 880: module_imgbase_process_param: [depth_map] handle_ctrl_parm error : type=10, rc=-5
01-01 09:57:49.033   674  1237 E mm-camera: <IMGLIB><ERROR> 322: module_depth_map_handle_ctrl_parm: E
01-01 09:57:49.033   674  1237 E mm-camera: <IMGLIB><ERROR> 430: module_depth_map_set_config_param: X
01-01 09:57:49.033   674  1237 E mm-camera: <IMGLIB><ERROR> 254: module_depth_map_send_config_data: CAM_STREAM_TYPE_DEPTH not set !!
01-01 09:57:49.033   674  1237 E mm-camera: <IMGLIB><ERROR> 369: module_depth_map_handle_ctrl_parm: Error module_depth_map_send_config_data
01-01 09:57:49.033   674  1237 E mm-camera: <IMGLIB><ERROR> 373: module_depth_map_handle_ctrl_parm: X
01-01 09:57:49.033   674  1237 E mm-camera: <IMGLIB><ERROR> 880: module_imgbase_process_param: [depth_map] handle_ctrl_parm error : type=10, rc=-5
01-01 09:57:49.034   674   674 I QCamera : <HAL><INFO> closeCamera: 2333: E
01-01 09:57:49.034   674   674 I QCamera : <HAL><INFO> closeCamera: 2338: [KPI Perf]: E PROFILE_CLOSE_CAMERA camera id 0
01-01 09:57:49.034   674  1237 I mm-camera: <ISP   >< INFO> 7159: isp_util_print_meta_stream_info: Deallocate resources
01-01 09:57:49.034   674  1164 E mm-camera: <IMGLIB><ERROR> 297: AllocateBuffers: Invalid dimensions 0x0
01-01 09:57:49.034   674  1164 E mm-camera: <IMGLIB><ERROR> 197: img_algo_preload: Preload: Failed to allocate buffer, rc -4
01-01 09:57:49.034   674  1237 I mm-camera: <ISP   >< INFO> 7490: isp_util_handle_stream_info: streams_desc num_streams is 0 
01-01 09:57:49.034   674  1164 E mm-camera: <IMGLIB><ERROR> 127: module_imgbase_client_preload_exec: IMG_CORE_PRELOAD failed -4
01-01 09:57:49.034   674  1237 I mm-camera: <IFACE >< INFO> 6384: iface_util_handle_meta_stream_info: iface_util_handle_meta_stream_info: ms_type 0 num streams 0
01-01 09:57:49.035   674   674 I Thermal-Lib: thermal_bandwidth_client_cancel_request: Removing all bw request for camera_bw
01-01 09:57:49.035   674   674 I Thermal-Lib: Thermal-Lib-Client: Unregisteration is successfull for handle:1
01-01 09:57:49.035   896   978 I ThermalEngine: Thermal-Server: removing client on fd 34
01-01 09:57:49.035   674   674 I Thermal-Lib: Thermal-Lib-Client: Unregisteration is successfull for handle:2
01-01 09:57:49.035   674   674 I mm-camera: <MCT   >< INFO> 310: mct_controller_destroy: Initiating destroy sequence for session = 3
01-01 09:57:49.036   674   674 I mm-camera: <MCT   >< INFO> 328: mct_controller_destroy: serv_thread closed
01-01 09:57:49.036   674   674 I mm-camera: <MCT   >< INFO> 343: mct_controller_destroy: bus_handler thread closed
01-01 09:57:49.036   674   674 I mm-camera: <MCT   >< INFO> 5404: mct_pipeline_stop_session: Initiating stop_session on session 3
01-01 09:57:49.036   674   674 I mm-camera: <MCT   >< INFO> 4288: mct_pipeline_process_set: command=800000b
01-01 09:57:49.036   674   674 I mm-camera: <MCT   >< INFO> 4533: mct_pipeline_process_set: Issuing DEL_STREAM on stream 0x3000f and stream type=10
01-01 09:57:49.045   947  1041 I ServiceManager: Waiting for service 'package_native' on '/dev/binder'...
01-01 09:57:49.046     0     0 I msm_cci_init: 1440: hw_version = 0x10060000
01-01 09:57:49.048     0     0 I         : @@@ original_sid = 0x10, valid_flag = 0x01, eeprom_version = 0x01, checksum = 0x03
01-01 09:57:49.048     0     0 I         : @@@ rc = 0, camera_sid = 0x10, eeprom_reg_addr = 0x03 , eeprom_reg_value = 0x32
01-01 09:57:49.048     0     0 I         : @@@ rc = 0, camera_sid = 0x10, eeprom_reg_addr = 0x04 , eeprom_reg_value = 0x30
