09-01 23:30:43.070   954   954 D MediaCodecsXmlParser: MediaCodec: cannot update non-existing codec at line 163 of /vendor/etc/media_codecs_performance.xml
09-01 23:30:43.071   954   954 I MediaCodecsXmlParser: limit: measured-frame-rate-320x240-range = 575-580
09-01 23:30:43.071   954   954 I MediaCodecsXmlParser: limit: measured-frame-rate-640x360-range = 200-220
09-01 23:30:43.071  1015  1015 I update_engine: [0901/233043.071048:INFO:main.cc(181)] A/B Update Engine starting
09-01 23:30:43.071   954   954 I MediaCodecsXmlParser: limit: measured-frame-rate-1280x720-range = 45-55
09-01 23:30:43.071   954   954 I MediaCodecsXmlParser: limit: measured-frame-rate-1920x1080-range = 18-22
09-01 23:30:43.071   954   954 D MediaCodecsXmlParser: MediaCodec: cannot update non-existing codec at line 173 of /vendor/etc/media_codecs_performance.xml
09-01 23:30:43.072   937   937 W mediaextractor: libminijail[937]: failed to get path of fd 4: No such file or directory
09-01 23:30:43.072   954   954 I MediaCodecsXmlParser: limit: measured-frame-rate-320x240-range = 580-604
09-01 23:30:43.072   954   954 I MediaCodecsXmlParser: limit: measured-frame-rate-640x360-range = 180-185
09-01 23:30:43.072   937   937 W mediaextractor: libminijail[937]: allowing syscall: connect
09-01 23:30:43.072   954   954 I MediaCodecsXmlParser: limit: measured-frame-rate-1280x720-range = 88-92
09-01 23:30:43.072   937   937 W mediaextractor: libminijail[937]: allowing syscall: fcntl
09-01 23:30:43.072   937   937 W mediaextractor: libminijail[937]: allowing syscall: sendto
09-01 23:30:43.072   954   954 I MediaCodecsXmlParser: limit: measured-frame-rate-1920x1080-range = 47-52
09-01 23:30:43.072   937   937 W mediaextractor: libminijail[937]: allowing syscall: socket
09-01 23:30:43.072   954   954 D MediaCodecsXmlParser: MediaCodec: cannot update non-existing codec at line 185 of /vendor/etc/media_codecs_performance.xml
09-01 23:30:43.072   937   937 W mediaextractor: libminijail[937]: allowing syscall: writev
09-01 23:30:43.072   954   954 I MediaCodecsXmlParser: limit: measured-frame-rate-176x144-range = 380-400
09-01 23:30:43.072   954   954 D MediaCodecsXmlParser: MediaCodec: cannot update non-existing codec at line 197 of /vendor/etc/media_codecs_performance.xml
09-01 23:30:43.072   954   954 D MediaCodecsXmlParser: Cannot find /data/misc/media/media_codecs_profiling_results.xml
09-01 23:30:43.074   954   954 I ServiceManagement: Registered android.hardware.media.omx@1.0::IOmx/default (start delay of 393ms)
09-01 23:30:43.074   954   954 I ServiceManagement: Removing namespace from process name android.hardware.media.omx@1.0-service to omx@1.0-service.
09-01 23:30:43.075   954   954 I media.codec: IOmx HAL service created.
09-01 23:30:43.075  1015  1015 I update_engine: [0901/233043.075389:INFO:boot_control_android.cc(76)] Loaded boot control hidl hal.
09-01 23:30:43.075  1015  1015 I update_engine: [0901/233043.075575:INFO:daemon_state_android.cc(43)] Booted in dev mode.
09-01 23:30:43.077   954   954 I MediaCodecsXmlParser: getVendorXmlPath (/vendor/etc/media_codecs_vendor.xml)
09-01 23:30:43.077   954   954 D MediaCodecsXmlParser: parsing /vendor/etc/media_codecs_vendor.xml...
09-01 23:30:43.077   954   954 D MediaCodecsXmlParser: parsing /vendor/etc/media_codecs_google_audio.xml...
09-01 23:30:43.077   954   954 I MediaCodecsXmlParser: limit: max-channel-count = 2
09-01 23:30:43.077   954   954 I MediaCodecsXmlParser: limit: sample-rate-ranges = 8000,11025,12000,16000,22050,24000,32000,44100,48000
09-01 23:30:43.077   954   954 I MediaCodecsXmlParser: limit: bitrate-range = 8000-320000
09-01 23:30:43.077   954   954 I MediaCodecsXmlParser: limit: max-channel-count = 1
09-01 23:30:43.077   954   954 I MediaCodecsXmlParser: limit: sample-rate-ranges = 8000
09-01 23:30:43.077   954   954 I MediaCodecsXmlParser: limit: bitrate-range = 4750-12200
09-01 23:30:43.077   954   954 I MediaCodecsXmlParser: limit: max-channel-count = 1
09-01 23:30:43.077   954   954 I MediaCodecsXmlParser: limit: sample-rate-ranges = 16000
09-01 23:30:43.077   954   954 I MediaCodecsXmlParser: limit: bitrate-range = 6600-23850
09-01 23:30:43.078   954   954 I MediaCodecsXmlParser: limit: max-channel-count = 8
09-01 23:30:43.078   954   954 I MediaCodecsXmlParser: limit: sample-rate-ranges = 7350,8000,11025,12000,16000,22050,24000,32000,44100,48000
09-01 23:30:43.078   954   954 I MediaCodecsXmlParser: limit: bitrate-range = 8000-960000
09-01 23:30:43.078   684   684 D audio_hw_utils: audio_extn_utils_open_snd_mixer: retry, retry_num 1
09-01 23:30:43.078   954   954 I MediaCodecsXmlParser: limit: max-channel-count = 1
09-01 23:30:43.078   954   954 I MediaCodecsXmlParser: limit: sample-rate-ranges = 8000-48000
09-01 23:30:43.078   954   954 I MediaCodecsXmlParser: limit: bitrate-range = 64000
09-01 23:30:43.078   954   954 I MediaCodecsXmlParser: limit: max-channel-count = 1
09-01 23:30:43.078   954   954 I MediaCodecsXmlParser: limit: sample-rate-ranges = 8000-48000
09-01 23:30:43.078   954   954 I MediaCodecsXmlParser: limit: bitrate-range = 64000
09-01 23:30:43.078   954   954 I MediaCodecsXmlParser: limit: max-channel-count = 8
09-01 23:30:43.078   954   954 I MediaCodecsXmlParser: limit: sample-rate-ranges = 8000-96000
09-01 23:30:43.078   954   954 I MediaCodecsXmlParser: limit: bitrate-range = 32000-500000
09-01 23:30:43.078   954   954 I MediaCodecsXmlParser: limit: max-channel-count = 8
09-01 23:30:43.078   954   954 I MediaCodecsXmlParser: limit: sample-rate-ranges = 48000
09-01 23:30:43.078   954   954 I MediaCodecsXmlParser: limit: bitrate-range = 6000-510000
09-01 23:30:43.078   954   954 I MediaCodecsXmlParser: limit: max-channel-count = 8
09-01 23:30:43.078   954   954 I MediaCodecsXmlParser: limit: sample-rate-ranges = 8000-192000
09-01 23:30:43.078   954   954 I MediaCodecsXmlParser: limit: bitrate-range = 1-10000000
09-01 23:30:43.078   954   954 I MediaCodecsXmlParser: limit: max-channel-count = 8
09-01 23:30:43.078   954   954 I MediaCodecsXmlParser: limit: sample-rate-ranges = 1-655350
09-01 23:30:43.078   954   954 I MediaCodecsXmlParser: limit: bitrate-range = 1-21000000
09-01 23:30:43.078   954   954 I MediaCodecsXmlParser: limit: max-channel-count = 6
09-01 23:30:43.079   954   954 I MediaCodecsXmlParser: limit: sample-rate-ranges = 8000,11025,12000,16000,22050,24000,32000,44100,48000
09-01 23:30:43.079   954   954 I MediaCodecsXmlParser: limit: bitrate-range = 8000-960000
09-01 23:30:43.079   937   937 W mediaextractor: libminijail[937]: logging seccomp filter failures
09-01 23:30:43.079   954   954 I MediaCodecsXmlParser: limit: max-channel-count = 1
09-01 23:30:43.079   954   954 I MediaCodecsXmlParser: limit: sample-rate-ranges = 8000
09-01 23:30:43.079   954   954 I MediaCodecsXmlParser: limit: bitrate-range = 4750-12200
09-01 23:30:43.079   954   954 I MediaCodecsXmlParser: limit: feature-bitrate-modes = CBR
09-01 23:30:43.079   954   954 I MediaCodecsXmlParser: limit: max-channel-count = 1
09-01 23:30:43.079   954   954 I MediaCodecsXmlParser: limit: sample-rate-ranges = 16000
09-01 23:30:43.079   954   954 I MediaCodecsXmlParser: limit: bitrate-range = 6600-23850
09-01 23:30:43.079   954   954 I MediaCodecsXmlParser: limit: feature-bitrate-modes = CBR
09-01 23:30:43.080   954   954 I MediaCodecsXmlParser: limit: max-channel-count = 2
09-01 23:30:43.080   954   954 I MediaCodecsXmlParser: limit: sample-rate-ranges = 1-655350
09-01 23:30:43.080   954   954 I MediaCodecsXmlParser: limit: bitrate-range = 1-21000000
09-01 23:30:43.080   954   954 I MediaCodecsXmlParser: limit: complexity-default = 5
09-01 23:30:43.080   954   954 I MediaCodecsXmlParser: limit: complexity-range = 0-8
09-01 23:30:43.080   954   954 I MediaCodecsXmlParser: limit: feature-bitrate-modes = CQ
09-01 23:30:43.080   954   954 D MediaCodecsXmlParser: parsing /vendor/etc/media_codecs_vendor_audio.xml...
09-01 23:30:43.080   954   954 I MediaCodecsXmlParser: limit: max-concurrent-instances = 10
09-01 23:30:43.080   954   954 D MediaCodecsXmlParser: parsing /vendor/etc/media_codecs_google_telephony.xml...
09-01 23:30:43.080   954   954 I MediaCodecsXmlParser: limit: max-channel-count = 1
09-01 23:30:43.080   954   954 I MediaCodecsXmlParser: limit: sample-rate-ranges = 8000
09-01 23:30:43.081   954   954 I MediaCodecsXmlParser: limit: bitrate-range = 13000
09-01 23:30:43.081   954   954 I MediaCodecsXmlParser: limit: size-range = 176x64-3840x2160
09-01 23:30:43.081   954   954 I MediaCodecsXmlParser: limit: alignment = 2x2
09-01 23:30:43.081   954   954 I MediaCodecsXmlParser: limit: block-size = 16x16
09-01 23:30:43.081   954   954 I MediaCodecsXmlParser: limit: blocks-per-second-range = 1-972000
09-01 23:30:43.081   954   954 I MediaCodecsXmlParser: limit: bitrate-range = 1-100000000
09-01 23:30:43.081   954   954 I MediaCodecsXmlParser: limit: max-concurrent-instances = 16
09-01 23:30:43.081   954   954 I MediaCodecsXmlParser: limit: feature-intra-refresh = 0
09-01 23:30:43.081   954   954 I MediaCodecsXmlParser: limit: performance-point-3840x2160-range = 24-24
09-01 23:30:43.081   954   954 I MediaCodecsXmlParser: limit: size-range = 96x96-3840x2160
09-01 23:30:43.081   954   954 I MediaCodecsXmlParser: limit: alignment = 2x2
09-01 23:30:43.081   954   954 I MediaCodecsXmlParser: limit: block-size = 16x16
09-01 23:30:43.081   954   954 I MediaCodecsXmlParser: limit: blocks-per-second-range = 1-972000
09-01 23:30:43.081   954   954 I MediaCodecsXmlParser: limit: bitrate-range = 1-100000000
09-01 23:30:43.081   954   954 I MediaCodecsXmlParser: limit: max-concurrent-instances = 16
09-01 23:30:43.081   954   954 I MediaCodecsXmlParser: limit: feature-intra-refresh = 0
09-01 23:30:43.081   954   954 I MediaCodecsXmlParser: limit: feature-can-swap-width-height = 0
09-01 23:30:43.081   954   954 I MediaCodecsXmlParser: limit: performance-point-3840x2160-range = 24-24
09-01 23:30:43.081   954   954 I MediaCodecsXmlParser: limit: size-range = 96x64-1920x1088
09-01 23:30:43.081   954   954 I MediaCodecsXmlParser: limit: alignment = 2x2
09-01 23:30:43.081   954   954 I MediaCodecsXmlParser: limit: block-size = 16x16
09-01 23:30:43.081   954   954 I MediaCodecsXmlParser: limit: blocks-per-second-range = 1-244800
09-01 23:30:43.081   954   954 I MediaCodecsXmlParser: limit: bitrate-range = 1-40000000
09-01 23:30:43.081   954   954 I MediaCodecsXmlParser: limit: max-concurrent-instances = 16
09-01 23:30:43.081   954   954 I MediaCodecsXmlParser: limit: performance-point-1920x1088-range = 30-30
09-01 23:30:43.081   954   954 I MediaCodecsXmlParser: limit: size-range = 96x64-864x480
09-01 23:30:43.081   954   954 I MediaCodecsXmlParser: limit: alignment = 2x2
09-01 23:30:43.081   954   954 I MediaCodecsXmlParser: limit: block-size = 16x16
09-01 23:30:43.081   954   954 I MediaCodecsXmlParser: limit: blocks-per-second-range = 1-48600
09-01 23:30:43.081   954   954 I MediaCodecsXmlParser: limit: bitrate-range = 1-2000000
09-01 23:30:43.081   954   954 I MediaCodecsXmlParser: limit: max-concurrent-instances = 16
09-01 23:30:43.081   954   954 I MediaCodecsXmlParser: limit: performance-point-720x480-range = 30-30
09-01 23:30:43.082   954   954 I MediaCodecsXmlParser: limit: size-range = 96x64-1920x1088
09-01 23:30:43.082   954   954 I MediaCodecsXmlParser: limit: alignment = 2x2
09-01 23:30:43.082   954   954 I MediaCodecsXmlParser: limit: block-size = 16x16
09-01 23:30:43.082   954   954 I MediaCodecsXmlParser: limit: blocks-per-second-range = 1-244800
09-01 23:30:43.082   954   954 I MediaCodecsXmlParser: limit: bitrate-range = 1-40000000
09-01 23:30:43.082   954   954 I MediaCodecsXmlParser: limit: max-concurrent-instances = 16
09-01 23:30:43.082   954   954 I MediaCodecsXmlParser: limit: feature-intra-refresh = 0
09-01 23:30:43.082   954   954 I MediaCodecsXmlParser: limit: performance-point-1920x1088-range = 30-30
09-01 23:30:43.082   954   954 I MediaCodecsXmlParser: limit: size-range = 64x64-3840x2160
09-01 23:30:43.082   954   954 I MediaCodecsXmlParser: limit: alignment = 2x2
09-01 23:30:43.082   954   954 I MediaCodecsXmlParser: limit: block-size = 16x16
09-01 23:30:43.082   954   954 I MediaCodecsXmlParser: limit: blocks-per-second-range = 1-972000
09-01 23:30:43.082   954   954 I MediaCodecsXmlParser: limit: bitrate-range = 1-100000000
09-01 23:30:43.082   954   954 I MediaCodecsXmlParser: limit: feature-adaptive-playback = 0
09-01 23:30:43.082   954   954 I MediaCodecsXmlParser: limit: max-concurrent-instances = 16
09-01 23:30:43.082   954   954 I MediaCodecsXmlParser: limit: feature-can-swap-width-height = 0
09-01 23:30:43.082   954   954 I MediaCodecsXmlParser: limit: performance-point-3840x2160-range = 30-30
09-01 23:30:43.082   954   954 I MediaCodecsXmlParser: limit: size-range = 64x64-3840x2160
09-01 23:30:43.082   954   954 I MediaCodecsXmlParser: limit: alignment = 2x2
09-01 23:30:43.082   954   954 I MediaCodecsXmlParser: limit: block-size = 16x16
09-01 23:30:43.082   954   954 I MediaCodecsXmlParser: limit: blocks-per-second-range = 1-972000
09-01 23:30:43.082   954   954 I MediaCodecsXmlParser: limit: bitrate-range = 1-35000000
09-01 23:30:43.082   954   954 I MediaCodecsXmlParser: limit: feature-adaptive-playback = 0
09-01 23:30:43.082   954   954 I MediaCodecsXmlParser: limit: feature-secure-playback = 1
09-01 23:30:43.082   954   954 I MediaCodecsXmlParser: limit: max-concurrent-instances = 6
09-01 23:30:43.082   954   954 I MediaCodecsXmlParser: limit: performance-point-3840x2160-range = 30-30
09-01 23:30:43.082   954   954 I MediaCodecsXmlParser: limit: size-range = 64x64-1920x1088
09-01 23:30:43.082   954   954 I MediaCodecsXmlParser: limit: alignment = 2x2
09-01 23:30:43.082   954   954 I MediaCodecsXmlParser: limit: block-size = 16x16
09-01 23:30:43.082   954   954 I MediaCodecsXmlParser: limit: blocks-per-second-range = 1-244800
09-01 23:30:43.082   954   954 I MediaCodecsXmlParser: limit: bitrate-range = 1-40000000
09-01 23:30:43.082   954   954 I MediaCodecsXmlParser: limit: feature-adaptive-playback = 0
09-01 23:30:43.082   954   954 I MediaCodecsXmlParser: limit: max-concurrent-instances = 16
09-01 23:30:43.082   954   954 I MediaCodecsXmlParser: limit: performance-point-1920x1088-range = 30-30
09-01 23:30:43.082   954   954 I MediaCodecsXmlParser: limit: size-range = 64x64-1920x1088
09-01 23:30:43.082   954   954 I MediaCodecsXmlParser: limit: alignment = 2x2
09-01 23:30:43.082   954   954 I MediaCodecsXmlParser: limit: block-size = 16x16
09-01 23:30:43.083   954   954 I MediaCodecsXmlParser: limit: blocks-per-second-range = 1-244800
09-01 23:30:43.083   954   954 I MediaCodecsXmlParser: limit: bitrate-range = 1-20000000
09-01 23:30:43.083   954   954 I MediaCodecsXmlParser: limit: feature-adaptive-playback = 0
09-01 23:30:43.083   954   954 I MediaCodecsXmlParser: limit: feature-secure-playback = 1
09-01 23:30:43.083   954   954 I MediaCodecsXmlParser: limit: max-concurrent-instances = 6
09-01 23:30:43.083   954   954 I MediaCodecsXmlParser: limit: performance-point-1920x1088-range = 30-30
09-01 23:30:43.083   954   954 I MediaCodecsXmlParser: limit: size-range = 64x64-1920x1088
09-01 23:30:43.083   954   954 I MediaCodecsXmlParser: limit: alignment = 2x2
09-01 23:30:43.083   954   954 I MediaCodecsXmlParser: limit: block-size = 16x16
09-01 23:30:43.083   954   954 I MediaCodecsXmlParser: limit: blocks-per-second-range = 1-489600
09-01 23:30:43.083   954   954 I MediaCodecsXmlParser: limit: bitrate-range = 1-60000000
09-01 23:30:43.083   954   954 I MediaCodecsXmlParser: limit: feature-adaptive-playback = 0
09-01 23:30:43.083   954   954 I MediaCodecsXmlParser: limit: max-concurrent-instances = 16
09-01 23:30:43.083   954   954 I MediaCodecsXmlParser: limit: performance-point-1920x1088-range = 60-60
09-01 23:30:43.083   954   954 I MediaCodecsXmlParser: limit: size-range = 64x64-864x480
09-01 23:30:43.083   954   954 I MediaCodecsXmlParser: limit: alignment = 2x2
09-01 23:30:43.083   954   954 I MediaCodecsXmlParser: limit: block-size = 16x16
09-01 23:30:43.083   954   954 I MediaCodecsXmlParser: limit: blocks-per-second-range = 1-48600
09-01 23:30:43.083   954   954 I MediaCodecsXmlParser: limit: bitrate-range = 1-2000000
09-01 23:30:43.083   954   954 I MediaCodecsXmlParser: limit: feature-adaptive-playback = 0
09-01 23:30:43.083   954   954 I MediaCodecsXmlParser: limit: max-concurrent-instances = 16
09-01 23:30:43.083   954   954 I MediaCodecsXmlParser: limit: performance-point-720x480-range = 30-30
09-01 23:30:43.083   954   954 I MediaCodecsXmlParser: limit: size-range = 64x64-1920x1088
09-01 23:30:43.083   954   954 I MediaCodecsXmlParser: limit: alignment = 2x2
09-01 23:30:43.083   954   954 I MediaCodecsXmlParser: limit: block-size = 16x16
09-01 23:30:43.083   954   954 I MediaCodecsXmlParser: limit: blocks-per-second-range = 1-489600
09-01 23:30:43.083   954   954 I MediaCodecsXmlParser: limit: bitrate-range = 1-60000000
09-01 23:30:43.083   954   954 I MediaCodecsXmlParser: limit: feature-adaptive-playback = 0
09-01 23:30:43.083   954   954 I MediaCodecsXmlParser: limit: max-concurrent-instances = 16
09-01 23:30:43.083   954   954 I MediaCodecsXmlParser: limit: performance-point-1920x1088-range = 30-30
09-01 23:30:43.083   954   954 I MediaCodecsXmlParser: limit: size-range = 64x64-1920x1088
09-01 23:30:43.083   954   954 I MediaCodecsXmlParser: limit: alignment = 2x2
09-01 23:30:43.083   954   954 I MediaCodecsXmlParser: limit: block-size = 16x16
09-01 23:30:43.083   954   954 I MediaCodecsXmlParser: limit: blocks-per-second-range = 1-489600
09-01 23:30:43.083   954   954 I MediaCodecsXmlParser: limit: bitrate-range = 1-20000000
09-01 23:30:43.083   954   954 I MediaCodecsXmlParser: limit: feature-adaptive-playback = 0
09-01 23:30:43.083   954   954 I MediaCodecsXmlParser: limit: feature-secure-playback = 1
09-01 23:30:43.083   954   954 I MediaCodecsXmlParser: limit: max-concurrent-instances = 7
09-01 23:30:43.083   954   954 I MediaCodecsXmlParser: limit: performance-point-1920x1088-range = 30-30
09-01 23:30:43.084   954   954 I MediaCodecsXmlParser: limit: size-range = 64x64-1920x1088
09-01 23:30:43.084   954   954 I MediaCodecsXmlParser: limit: alignment = 2x2
09-01 23:30:43.084   954   954 I MediaCodecsXmlParser: limit: block-size = 16x16
09-01 23:30:43.084   954   954 I MediaCodecsXmlParser: limit: blocks-per-second-range = 1-244800
09-01 23:30:43.084   954   954 I MediaCodecsXmlParser: limit: bitrate-range = 1-10000000
09-01 23:30:43.084   954   954 I MediaCodecsXmlParser: limit: feature-adaptive-playback = 0
09-01 23:30:43.084   954   954 I MediaCodecsXmlParser: limit: max-concurrent-instances = 16
09-01 23:30:43.084   954   954 I MediaCodecsXmlParser: limit: performance-point-1920x1088-range = 30-30
09-01 23:30:43.084   954   954 I MediaCodecsXmlParser: limit: size-range = 64x64-720x480
09-01 23:30:43.084   954   954 I MediaCodecsXmlParser: limit: alignment = 2x2
09-01 23:30:43.084   954   954 I MediaCodecsXmlParser: limit: block-size = 16x16
09-01 23:30:43.084   954   954 I MediaCodecsXmlParser: limit: blocks-per-second-range = 1-40500
09-01 23:30:43.084   954   954 I MediaCodecsXmlParser: limit: bitrate-range = 1-2000000
09-01 23:30:43.084   954   954 I MediaCodecsXmlParser: limit: feature-adaptive-playback = 0
09-01 23:30:43.084   954   954 I MediaCodecsXmlParser: limit: max-concurrent-instances = 16
09-01 23:30:43.084   954   954 I MediaCodecsXmlParser: limit: performance-point-720x480-range = 30-30
09-01 23:30:43.084   954   954 I MediaCodecsXmlParser: limit: size-range = 64x64-1920x1088
09-01 23:30:43.084   954   954 I MediaCodecsXmlParser: limit: alignment = 2x2
09-01 23:30:43.084   954   954 I MediaCodecsXmlParser: limit: block-size = 16x16
09-01 23:30:43.084   954   954 I MediaCodecsXmlParser: limit: blocks-per-second-range = 1-244800
09-01 23:30:43.084   954   954 I MediaCodecsXmlParser: limit: bitrate-range = 1-10000000
09-01 23:30:43.084   954   954 I MediaCodecsXmlParser: limit: feature-adaptive-playback = 0
09-01 23:30:43.084   954   954 I MediaCodecsXmlParser: limit: max-concurrent-instances = 16
09-01 23:30:43.084   954   954 I MediaCodecsXmlParser: limit: performance-point-1920x1088-range = 30-30
09-01 23:30:43.084   954   954 I MediaCodecsXmlParser: limit: size-range = 64x64-3840x2160
09-01 23:30:43.084   954   954 I MediaCodecsXmlParser: limit: alignment = 2x2
09-01 23:30:43.084   954   954 I MediaCodecsXmlParser: limit: block-size = 16x16
09-01 23:30:43.084   954   954 I MediaCodecsXmlParser: limit: blocks-per-second-range = 1-972000
09-01 23:30:43.084   954   954 I MediaCodecsXmlParser: limit: bitrate-range = 1-100000000
09-01 23:30:43.084   954   954 I MediaCodecsXmlParser: limit: feature-adaptive-playback = 0
09-01 23:30:43.084   954   954 I MediaCodecsXmlParser: limit: max-concurrent-instances = 16
09-01 23:30:43.084   954   954 I MediaCodecsXmlParser: limit: performance-point-3840x2160-range = 30-30
09-01 23:30:43.084   954   954 I MediaCodecsXmlParser: limit: size-range = 64x64-3840x2160
09-01 23:30:43.084   954   954 I MediaCodecsXmlParser: limit: alignment = 2x2
09-01 23:30:43.084   954   954 I MediaCodecsXmlParser: limit: block-size = 16x16
09-01 23:30:43.084   954   954 I MediaCodecsXmlParser: limit: blocks-per-second-range = 1-972000
09-01 23:30:43.084   954   954 I MediaCodecsXmlParser: limit: bitrate-range = 1-100000000
09-01 23:30:43.084   954   954 I MediaCodecsXmlParser: limit: feature-adaptive-playback = 0
09-01 23:30:43.085   954   954 I MediaCodecsXmlParser: limit: max-concurrent-instances = 16
09-01 23:30:43.085   954   954 I MediaCodecsXmlParser: limit: performance-point-3840x2160-range = 30-30
09-01 23:30:43.085   954   954 I MediaCodecsXmlParser: limit: size-range = 64x64-3840x2160
09-01 23:30:43.085   954   954 I MediaCodecsXmlParser: limit: alignment = 2x2
09-01 23:30:43.085   954   954 I MediaCodecsXmlParser: limit: block-size = 16x16
09-01 23:30:43.085   954   954 I MediaCodecsXmlParser: limit: blocks-per-second-range = 1-979200
09-01 23:30:43.085   954   954 I MediaCodecsXmlParser: limit: bitrate-range = 1-35000000
09-01 23:30:43.085   954   954 I MediaCodecsXmlParser: limit: frame-rate-range = 1-30
09-01 23:30:43.085   954   954 I MediaCodecsXmlParser: limit: feature-adaptive-playback = 0
09-01 23:30:43.085   954   954 I MediaCodecsXmlParser: limit: feature-secure-playback = 1
09-01 23:30:43.085   954   954 I MediaCodecsXmlParser: limit: max-concurrent-instances = 6
09-01 23:30:43.085   954   954 I MediaCodecsXmlParser: limit: performance-point-3840x2160-range = 30-30
09-01 23:30:43.085   954   954 I MediaCodecsXmlParser: limit: size-range = 64x64-3840x2160
09-01 23:30:43.085   954   954 I MediaCodecsXmlParser: limit: alignment = 2x2
09-01 23:30:43.085   954   954 I MediaCodecsXmlParser: limit: block-size = 16x16
09-01 23:30:43.085   954   954 I MediaCodecsXmlParser: limit: blocks-per-second-range = 1-972000
09-01 23:30:43.085   954   954 I MediaCodecsXmlParser: limit: bitrate-range = 1-100000000
09-01 23:30:43.085   954   954 I MediaCodecsXmlParser: limit: feature-adaptive-playback = 0
09-01 23:30:43.085   954   954 I MediaCodecsXmlParser: limit: max-concurrent-instances = 16
09-01 23:30:43.085   954   954 I MediaCodecsXmlParser: limit: performance-point-3840x2160-range = 30-30
09-01 23:30:43.085   954   954 I MediaCodecsXmlParser: limit: size-range = 64x64-3840x2160
09-01 23:30:43.085   954   954 I MediaCodecsXmlParser: limit: alignment = 2x2
09-01 23:30:43.085   954   954 I MediaCodecsXmlParser: limit: block-size = 16x16
09-01 23:30:43.085   954   954 I MediaCodecsXmlParser: limit: blocks-per-second-range = 1-972000
09-01 23:30:43.085   954   954 I MediaCodecsXmlParser: limit: bitrate-range = 1-35000000
09-01 23:30:43.085   954   954 I MediaCodecsXmlParser: limit: feature-adaptive-playback = 0
09-01 23:30:43.085   954   954 I MediaCodecsXmlParser: limit: feature-secure-playback = 1
09-01 23:30:43.085   954   954 I MediaCodecsXmlParser: limit: max-concurrent-instances = 6
09-01 23:30:43.085   954   954 I MediaCodecsXmlParser: limit: performance-point-3840x2160-range = 30-30
09-01 23:30:43.085   954   954 D MediaCodecsXmlParser: parsing /vendor/etc/media_codecs_google_video.xml...
09-01 23:30:43.085   954   954 I MediaCodecsXmlParser: limit: size-range = 2x2-352x288
09-01 23:30:43.085   954   954 I MediaCodecsXmlParser: limit: alignment = 2x2
09-01 23:30:43.085   954   954 I MediaCodecsXmlParser: limit: block-size = 16x16
09-01 23:30:43.085   954   954 I MediaCodecsXmlParser: limit: blocks-per-second-range = 12-11880
09-01 23:30:43.085   954   954 I MediaCodecsXmlParser: limit: bitrate-range = 1-384000
09-01 23:30:43.085   954   954 I MediaCodecsXmlParser: limit: feature-adaptive-playback = 0
09-01 23:30:43.085   954   954 I MediaCodecsXmlParser: limit: size-range = 2x2-352x288
09-01 23:30:43.086   954   954 I MediaCodecsXmlParser: limit: alignment = 2x2
09-01 23:30:43.086   954   954 I MediaCodecsXmlParser: limit: bitrate-range = 1-384000
09-01 23:30:43.086   954   954 I MediaCodecsXmlParser: limit: feature-adaptive-playback = 0
09-01 23:30:43.086   954   954 I MediaCodecsXmlParser: limit: size-range = 2x2-4080x4080
09-01 23:30:43.086   954   954 I MediaCodecsXmlParser: limit: alignment = 2x2
09-01 23:30:43.086   954   954 I MediaCodecsXmlParser: limit: block-size = 16x16
09-01 23:30:43.086   954   954 I MediaCodecsXmlParser: limit: block-count-range = 1-32768
09-01 23:30:43.086   954   954 I MediaCodecsXmlParser: limit: blocks-per-second-range = 1-1966080
09-01 23:30:43.086   954   954 I MediaCodecsXmlParser: limit: bitrate-range = 1-48000000
09-01 23:30:43.086   954   954 I MediaCodecsXmlParser: limit: feature-adaptive-playback = 0
09-01 23:30:43.086   954   954 I MediaCodecsXmlParser: limit: size-range = 2x2-4096x4096
09-01 23:30:43.086   954   954 I MediaCodecsXmlParser: limit: alignment = 2x2
09-01 23:30:43.086   954   954 I MediaCodecsXmlParser: limit: block-size = 8x8
09-01 23:30:43.086   954   954 I MediaCodecsXmlParser: limit: block-count-range = 1-196608
09-01 23:30:43.086   954   954 I MediaCodecsXmlParser: limit: blocks-per-second-range = 1-2000000
09-01 23:30:43.086   954   954 I MediaCodecsXmlParser: limit: bitrate-range = 1-10000000
09-01 23:30:43.086   954   954 I MediaCodecsXmlParser: limit: feature-adaptive-playback = 0
09-01 23:30:43.086   954   954 I MediaCodecsXmlParser: limit: size-range = 2x2-2048x2048
09-01 23:30:43.086   954   954 I MediaCodecsXmlParser: limit: alignment = 2x2
09-01 23:30:43.086   954   954 I MediaCodecsXmlParser: limit: block-size = 16x16
09-01 23:30:43.086   954   954 I MediaCodecsXmlParser: limit: block-count-range = 1-16384
09-01 23:30:43.086   954   954 I MediaCodecsXmlParser: limit: blocks-per-second-range = 1-1000000
09-01 23:30:43.086   954   954 I MediaCodecsXmlParser: limit: bitrate-range = 1-40000000
09-01 23:30:43.086   954   954 I MediaCodecsXmlParser: limit: feature-adaptive-playback = 0
09-01 23:30:43.086   954   954 I MediaCodecsXmlParser: limit: size-range = 2x2-2048x2048
09-01 23:30:43.086   954   954 I MediaCodecsXmlParser: limit: alignment = 2x2
09-01 23:30:43.086   954   954 I MediaCodecsXmlParser: limit: block-size = 16x16
09-01 23:30:43.086   954   954 I MediaCodecsXmlParser: limit: block-count-range = 1-16384
09-01 23:30:43.086   954   954 I MediaCodecsXmlParser: limit: blocks-per-second-range = 1-500000
09-01 23:30:43.086   954   954 I MediaCodecsXmlParser: limit: bitrate-range = 1-40000000
09-01 23:30:43.086   954   954 I MediaCodecsXmlParser: limit: feature-adaptive-playback = 0
09-01 23:30:43.086   954   954 I MediaCodecsXmlParser: limit: size-range = 176x144-176x144
09-01 23:30:43.086   954   954 I MediaCodecsXmlParser: limit: alignment = 16x16
09-01 23:30:43.086   954   954 I MediaCodecsXmlParser: limit: bitrate-range = 1-128000
09-01 23:30:43.086   954   954 I MediaCodecsXmlParser: limit: size-range = 16x16-2048x2048
09-01 23:30:43.086   954   954 I MediaCodecsXmlParser: limit: alignment = 2x2
09-01 23:30:43.086   954   954 I MediaCodecsXmlParser: limit: block-size = 16x16
09-01 23:30:43.086   954   954 I MediaCodecsXmlParser: limit: block-count-range = 1-8192
09-01 23:30:43.086   954   954 I MediaCodecsXmlParser: limit: blocks-per-second-range = 1-245760
09-01 23:30:43.086   954   954 I MediaCodecsXmlParser: limit: bitrate-range = 1-12000000
09-01 23:30:43.086   954   954 I MediaCodecsXmlParser: limit: feature-intra-refresh = 0
09-01 23:30:43.086   954   954 I MediaCodecsXmlParser: limit: size-range = 16x16-176x144
09-01 23:30:43.086   954   954 I MediaCodecsXmlParser: limit: alignment = 16x16
09-01 23:30:43.086   954   954 I MediaCodecsXmlParser: limit: block-size = 16x16
09-01 23:30:43.086   954   954 I MediaCodecsXmlParser: limit: blocks-per-second-range = 12-1485
09-01 23:30:43.087   954   954 I MediaCodecsXmlParser: limit: bitrate-range = 1-64000
09-01 23:30:43.087   954   954 I MediaCodecsXmlParser: limit: size-range = 2x2-2048x2048
09-01 23:30:43.087   954   954 I MediaCodecsXmlParser: limit: alignment = 2x2
09-01 23:30:43.087   954   954 I MediaCodecsXmlParser: limit: block-size = 16x16
09-01 23:30:43.087   954   954 I MediaCodecsXmlParser: limit: block-count-range = 1-16384
09-01 23:30:43.087   954   954 I MediaCodecsXmlParser: limit: bitrate-range = 1-40000000
09-01 23:30:43.087   954   954 I MediaCodecsXmlParser: limit: feature-bitrate-modes = VBR,CBR
09-01 23:30:43.087   954   954 I MediaCodecsXmlParser: limit: size-range = 2x2-2048x2048
09-01 23:30:43.087   954   954 I MediaCodecsXmlParser: limit: alignment = 2x2
09-01 23:30:43.087   954   954 I MediaCodecsXmlParser: limit: block-size = 16x16
09-01 23:30:43.087   954   954 I MediaCodecsXmlParser: limit: block-count-range = 1-3600
09-01 23:30:43.087   954   954 I MediaCodecsXmlParser: limit: bitrate-range = 1-40000000
09-01 23:30:43.087   954   954 I MediaCodecsXmlParser: limit: feature-bitrate-modes = VBR,CBR
09-01 23:30:43.087   954   954 I MediaCodecsXmlParser: getVendorXmlPath (/vendor/etc/media_codecs_performance.xml)
09-01 23:30:43.087   954   954 D MediaCodecsXmlParser: parsing /vendor/etc/media_codecs_performance.xml...
09-01 23:30:43.087   954   954 I MediaCodecsXmlParser: limit: measured-frame-rate-320x240-range = 388-392
09-01 23:30:43.087   954   954 I MediaCodecsXmlParser: limit: measured-frame-rate-720x480-range = 80-90
09-01 23:30:43.087   954   954 I MediaCodecsXmlParser: limit: measured-frame-rate-1280x720-range = 32-37
09-01 23:30:43.087   954   954 I MediaCodecsXmlParser: limit: measured-frame-rate-1920x1080-range = 40-40
09-01 23:30:43.087   954   954 I MediaCodecsXmlParser: limit: measured-frame-rate-320x240-range = 226-226
09-01 23:30:43.087   954   954 I MediaCodecsXmlParser: limit: measured-frame-rate-720x480-range = 121-121
09-01 23:30:43.087   954   954 I MediaCodecsXmlParser: limit: measured-frame-rate-1280x720-range = 49-49
09-01 23:30:43.087   954   954 I MediaCodecsXmlParser: limit: measured-frame-rate-1920x1080-range = 16-45
09-01 23:30:43.087   954   954 I MediaCodecsXmlParser: limit: measured-frame-rate-3840x2160-range = 13-26
09-01 23:30:43.087   954   954 I MediaCodecsXmlParser: limit: measured-frame-rate-176x144-range = 517-521
09-01 23:30:43.087   954   954 I MediaCodecsXmlParser: limit: measured-frame-rate-352x288-range = 261-261
09-01 23:30:43.087   954   954 I MediaCodecsXmlParser: limit: measured-frame-rate-176x144-range = 515-518
09-01 23:30:43.087   954   954 I MediaCodecsXmlParser: limit: measured-frame-rate-352x288-range = 263-263
09-01 23:30:43.087   954   954 I MediaCodecsXmlParser: limit: measured-frame-rate-640x480-range = 144-144
09-01 23:30:43.087   954   954 I MediaCodecsXmlParser: limit: measured-frame-rate-320x180-range = 312-312
09-01 23:30:43.087   954   954 I MediaCodecsXmlParser: limit: measured-frame-rate-640x360-range = 175-174
09-01 23:30:43.087   954   954 I MediaCodecsXmlParser: limit: measured-frame-rate-1280x720-range = 30-40
09-01 23:30:43.087   954   954 I MediaCodecsXmlParser: limit: measured-frame-rate-1920x1080-range = 20-25
09-01 23:30:43.087   954   954 I MediaCodecsXmlParser: limit: measured-frame-rate-320x240-range = 185-185
09-01 23:30:43.088   954   954 I MediaCodecsXmlParser: limit: measured-frame-rate-720x480-range = 87-87
09-01 23:30:43.088   954   954 I MediaCodecsXmlParser: limit: measured-frame-rate-1280x720-range = 45-45
09-01 23:30:43.088   954   954 I MediaCodecsXmlParser: limit: measured-frame-rate-1920x1080-range = 28-28
09-01 23:30:43.088   954   954 D MediaCodecsXmlParser: MediaCodec: cannot update non-existing codec at line 57 of /vendor/etc/media_codecs_performance.xml
09-01 23:30:43.088   954   954 I MediaCodecsXmlParser: limit: measured-frame-rate-176x144-range = 350-365
09-01 23:30:43.088   954   954 D MediaCodecsXmlParser: MediaCodec: cannot update non-existing codec at line 66 of /vendor/etc/media_codecs_performance.xml
09-01 23:30:43.088   954   954 I MediaCodecsXmlParser: limit: measured-frame-rate-176x144-range = 385-385
09-01 23:30:43.088   954   954 D MediaCodecsXmlParser: MediaCodec: cannot update non-existing codec at line 72 of /vendor/etc/media_codecs_performance.xml
09-01 23:30:43.088   954   954 D MediaCodecsXmlParser: MediaCodec: cannot update non-existing codec at line 75 of /vendor/etc/media_codecs_performance.xml
09-01 23:30:43.088   954   954 I MediaCodecsXmlParser: limit: measured-frame-rate-320x180-range = 100-120
09-01 23:30:43.088   954   954 I MediaCodecsXmlParser: limit: measured-frame-rate-640x360-range = 45-50
09-01 23:30:43.088   954   954 I MediaCodecsXmlParser: limit: measured-frame-rate-1280x720-range = 30-35
09-01 23:30:43.088   954   954 I MediaCodecsXmlParser: limit: measured-frame-rate-1920x1080-range = 20-30
09-01 23:30:43.088   954   954 I MediaCodecsXmlParser: limit: measured-frame-rate-320x180-range = 140-180
09-01 23:30:43.088   954   954 I MediaCodecsXmlParser: limit: measured-frame-rate-640x360-range = 45-60
09-01 23:30:43.088   954   954 I MediaCodecsXmlParser: limit: measured-frame-rate-1280x720-range = 12-15
09-01 23:30:43.088   954   954 D MediaCodecsXmlParser: MediaCodec: cannot update non-existing codec at line 90 of /vendor/etc/media_codecs_performance.xml
09-01 23:30:43.088   954   954 I MediaCodecsXmlParser: limit: measured-frame-rate-320x240-range = 555-566
09-01 23:30:43.088   954   954 I MediaCodecsXmlParser: limit: measured-frame-rate-720x480-range = 239-239
09-01 23:30:43.088   954   954 I MediaCodecsXmlParser: limit: measured-frame-rate-1280x720-range = 197-197
09-01 23:30:43.088   954   954 I MediaCodecsXmlParser: limit: measured-frame-rate-1920x1088-range = 198-199
09-01 23:30:43.088   954   954 I MediaCodecsXmlParser: limit: measured-frame-rate-352x288-range = 650-655
09-01 23:30:43.088   954   954 I MediaCodecsXmlParser: limit: measured-frame-rate-640x360-range = 395-398
09-01 23:30:43.088   954   954 I MediaCodecsXmlParser: limit: measured-frame-rate-720x480-range = 300-304
09-01 23:30:43.088   954   954 I MediaCodecsXmlParser: limit: measured-frame-rate-1280x720-range = 241-241
09-01 23:30:43.088   954   954 I MediaCodecsXmlParser: limit: measured-frame-rate-1920x1088-range = 224-226
09-01 23:30:43.088   954   954 I MediaCodecsXmlParser: limit: measured-frame-rate-3840x2160-range = 30-40
09-01 23:30:43.088   954   954 I MediaCodecsXmlParser: limit: measured-frame-rate-176x144-range = 890-898
09-01 23:30:43.088   954   954 I MediaCodecsXmlParser: limit: measured-frame-rate-352x288-range = 840-850
09-01 23:30:43.088   954   954 I MediaCodecsXmlParser: limit: measured-frame-rate-176x144-range = 850-875
09-01 23:30:43.088   954   954 I MediaCodecsXmlParser: limit: measured-frame-rate-480x360-range = 766-794
09-01 23:30:43.088   954   954 I MediaCodecsXmlParser: limit: measured-frame-rate-320x180-range = 680-696
09-01 23:30:43.088   954   954 I MediaCodecsXmlParser: limit: measured-frame-rate-640x360-range = 400-415
09-01 23:30:43.088   954   954 I MediaCodecsXmlParser: limit: measured-frame-rate-1280x720-range = 350-358
09-01 23:30:43.088   954   954 I MediaCodecsXmlParser: limit: measured-frame-rate-1920x1080-range = 199-199
09-01 23:30:43.088   954   954 I MediaCodecsXmlParser: limit: measured-frame-rate-320x180-range = 500-524
09-01 23:30:43.089   954   954 I MediaCodecsXmlParser: limit: measured-frame-rate-640x360-range = 360-366
09-01 23:30:43.089   954   954 I MediaCodecsXmlParser: limit: measured-frame-rate-1280x720-range = 190-210
09-01 23:30:43.089   954   954 I MediaCodecsXmlParser: limit: measured-frame-rate-1920x1080-range = 170-190
09-01 23:30:43.089   954   954 I MediaCodecsXmlParser: limit: measured-frame-rate-3840x2160-range = 48-48
09-01 23:30:43.089   954   954 I MediaCodecsXmlParser: limit: measured-frame-rate-320x240-range = 320-350
09-01 23:30:43.089   954   954 I MediaCodecsXmlParser: limit: measured-frame-rate-720x480-range = 100-130
09-01 23:30:43.089   954   954 I MediaCodecsXmlParser: limit: measured-frame-rate-1280x720-range = 50-58
09-01 23:30:43.089   954   954 I MediaCodecsXmlParser: limit: measured-frame-rate-1920x1080-range = 20-30
09-01 23:30:43.089   954   954 D MediaCodecsXmlParser: MediaCodec: cannot update non-existing codec at line 139 of /vendor/etc/media_codecs_performance.xml
09-01 23:30:43.089   954   954 I MediaCodecsXmlParser: limit: measured-frame-rate-352x288-range = 458-458
09-01 23:30:43.089   954   954 I MediaCodecsXmlParser: limit: measured-frame-rate-640x360-range = 210-215
09-01 23:30:43.089   954   954 I MediaCodecsXmlParser: limit: measured-frame-rate-720x480-range = 120-125
09-01 23:30:43.089   954   954 I MediaCodecsXmlParser: limit: measured-frame-rate-1280x720-range = 70-85
09-01 23:30:43.089   954   954 I MediaCodecsXmlParser: limit: measured-frame-rate-1920x1080-range = 45-48
09-01 23:30:43.089   954   954 D MediaCodecsXmlParser: MediaCodec: cannot update non-existing codec at line 152 of /vendor/etc/media_codecs_performance.xml
09-01 23:30:43.089   954   954 I MediaCodecsXmlParser: limit: measured-frame-rate-176x144-range = 190-210
09-01 23:30:43.089   954   954 I MediaCodecsXmlParser: limit: measured-frame-rate-352x288-range = 170-182
09-01 23:30:43.089   954   954 D MediaCodecsXmlParser: MediaCodec: cannot update non-existing codec at line 163 of /vendor/etc/media_codecs_performance.xml
09-01 23:30:43.089   954   954 I MediaCodecsXmlParser: limit: measured-frame-rate-320x240-range = 575-580
09-01 23:30:43.089   954   954 I MediaCodecsXmlParser: limit: measured-frame-rate-640x360-range = 200-220
09-01 23:30:43.089   954   954 I MediaCodecsXmlParser: limit: measured-frame-rate-1280x720-range = 45-55
09-01 23:30:43.089   954   954 I MediaCodecsXmlParser: limit: measured-frame-rate-1920x1080-range = 18-22
09-01 23:30:43.089   954   954 D MediaCodecsXmlParser: MediaCodec: cannot update non-existing codec at line 173 of /vendor/etc/media_codecs_performance.xml
09-01 23:30:43.089   954   954 I MediaCodecsXmlParser: limit: measured-frame-rate-320x240-range = 580-604
09-01 23:30:43.089   954   954 I MediaCodecsXmlParser: limit: measured-frame-rate-640x360-range = 180-185
09-01 23:30:43.089   954   954 I MediaCodecsXmlParser: limit: measured-frame-rate-1280x720-range = 88-92
09-01 23:30:43.089   954   954 I MediaCodecsXmlParser: limit: measured-frame-rate-1920x1080-range = 47-52
09-01 23:30:43.089   954   954 D MediaCodecsXmlParser: MediaCodec: cannot update non-existing codec at line 185 of /vendor/etc/media_codecs_performance.xml
09-01 23:30:43.089   954   954 I MediaCodecsXmlParser: limit: measured-frame-rate-176x144-range = 380-400
09-01 23:30:43.089   954   954 D MediaCodecsXmlParser: MediaCodec: cannot update non-existing codec at line 197 of /vendor/etc/media_codecs_performance.xml
09-01 23:30:43.090   954   954 D MediaCodecsXmlParser: Cannot find /data/misc/media/media_codecs_profiling_results.xml
09-01 23:30:43.092   954   954 I OmxStore: node [OMX.qcom.video.decoder.mpeg2.secure] not found in IOmx
09-01 23:30:43.093   957   957 D RILD    : RIL_Init argc = 3 clientId = 0
09-01 23:30:43.094   957   957 D RILC    : Quectel RIL Version: Quectel_Android_RIL_Driver_V3.3.4-0518
09-01 23:30:43.094   957   957 E RIL_READ_CONF: '/system/etc/ql-ril.conf' not exist.
09-01 23:30:43.094   954   954 I ServiceManagement: Registered android.hardware.media.omx@1.0::IOmxStore/default (start delay of 414ms)
09-01 23:30:43.095   954   954 I ServiceManagement: Removing namespace from process name android.hardware.media.omx@1.0-service to omx@1.0-service.
09-01 23:30:43.097   957   957 D RIL_READ_CONF: original conf line: At_Cmds_For_Customer_Initialize=at+qgpscfg="gpsnmeatype",31;at+qgpscfg="glonassnmeatype",7;at+qgpscfg="beidounmeatype",3;at+qgpscfg="galileonmeatype",1;at+qgpscfg="gnssrawdata",1,0;AT+QNVW=5895,0,"01";AT+QNVW=7145,0,"00"
09-01 23:30:43.097   957   957 D RIL_READ_CONF: original conf line: Query_Available_Networks=1
09-01 23:30:43.097   957   957 D RIL_READ_CONF: Query_Available_Networks = 1
09-01 23:30:43.097   957   957 E RILC    : '/vendor/manifest.xml' not exist.
09-01 23:30:43.097   957   957 D RILC    : t-prop_value is 2
09-01 23:30:43.097   957   957 D RILC    : before_dot is 10
09-01 23:30:43.097   957   957 D RILC    : [ro.build.version.release]: [10.0]
09-01 23:30:43.097   957   957 D RILC    : Android Version: 100, RIL_VERSION: 12 / 12
09-01 23:30:43.097   957   957 D RILC    : [ro.build.description]: [M50-userdebug 10 QKQ1.201112.002 5.6.01+p debug,release-keys]
09-01 23:30:43.097   957   957 D RILC    : [ro.hardware]: [qcom]
09-01 23:30:43.097   957   957 D RILC    : selinux maybe set Enforcing mode, use command getenforce to check
09-01 23:30:43.097   957   957 D RILC    : selinux maybe set Enforcing mode, use command "setenforce 0" to disable
09-01 23:30:43.097   957   957 I RILC    : clientID = 0
09-01 23:30:43.103   957  1063 I RILC    : mainLoop Start
09-01 23:30:43.105   957  1063 E RILU    : cannot find ttyname for AT Port
09-01 23:30:43.105   957  1063 D RILC    : try to match pci
09-01 23:30:43.105   957  1063 D RILU    : find_pci_device is 0
09-01 23:30:43.105   957  1063 E RILU    : can not find ttyname for pci AT port
09-01 23:30:43.105   957  1063 D RILC    : PCI can't find at device
09-01 23:30:43.133   940   940 I mediaserver: ServiceManager: 0xedf232a0
09-01 23:30:43.133   940   940 W BatteryNotifier: batterystats service unavailable!
09-01 23:30:43.134   940   940 W BatteryNotifier: batterystats service unavailable!
09-01 23:30:43.140   924   924 I cameraserver: ServiceManager: 0xf08fd2a0
09-01 23:30:43.140   924   924 I CameraService: CameraService started (pid=924)
09-01 23:30:43.140   924   924 I CameraService: CameraService process starting
09-01 23:30:43.140   924   924 W BatteryNotifier: batterystats service unavailable!
09-01 23:30:43.140   924   924 W BatteryNotifier: batterystats service unavailable!
09-01 23:30:43.143   924   924 I ServiceManagement: getService: Trying again for android.hardware.camera.provider@2.4::ICameraProvider/legacy/0...
09-01 23:30:43.157   948  1045 I ServiceManager: Waiting for service 'package_native' on '/dev/binder'...
09-01 23:30:43.214     0     0 E THERM-BALANCE: Bad Parallel.
09-01 23:30:43.216   905   949 I adbd    : UsbFfsConnection constructed
09-01 23:30:43.217     0     0 E CTM     : file connector_health does not exist in /sys/class/power_supply/usb/
09-01 23:30:43.217     0     0 E CTM     : Couldn't read connector_health from /sys/class/power_supply/parallel/
09-01 23:30:43.217     0     0 E CP      : charge_pump missing
09-01 23:30:43.217     0     0 E SOH-D   : SOH file not exposed, disable SOH
09-01 23:30:43.219   644   644 D TetherController: Setting IP forward enable = 0
09-01 23:30:43.220   644   644 D FirewallController: Could not read /proc/self/uid_map, max uid defaulting to 4294967294
09-01 23:30:43.225  1075  1075 W libc    : Unable to set property "qemu.hw.mainkeys" to "0": error code: 0x18
09-01 23:30:43.227     0     0 E hvdcpd  : Registered HVDCP
09-01 23:30:43.229   905  1095 I adbd    : USB event: FUNCTIONFS_BIND
09-01 23:30:43.230     0     0 E PPS     : Registered PPS
09-01 23:30:43.230     0     0 E STD-PD  : Registered STD_PD
09-01 23:30:43.230     0     0 I android_work: did not send uevent (0 0 0000000000000000)
09-01 23:30:43.232     0     0 E HVDCP2  : Registered HVDCP2
09-01 23:30:43.241   644   644 I netd    : Creating child chains: 15.0ms
09-01 23:30:43.241   644   644 I netd    : Setting up OEM hooks: 0.3ms
09-01 23:30:43.241   644   644 I netd    : Setting up FirewallController hooks: 0.0ms
09-01 23:30:43.243   644   644 I netd    : Setting up TetherController hooks: 2.0ms
09-01 23:30:43.245   644   644 I netd    : Setting up BandwidthController hooks: 1.6ms
09-01 23:30:43.245   644   644 I netd    : Setting up IdletimerController hooks: 0.1ms
09-01 23:30:43.258   948  1045 I ServiceManager: Waiting for service 'package_native' on '/dev/binder'...
09-01 23:30:43.263     0     0 I pil-q6v5-mss 4080000.qcom,mss: modem: Brought out of reset
09-01 23:30:43.264   688   688 E mm-camera: <SENSOR><ERROR> ov8856_gt24p64b_get_module_info: 77: EEPROM Version 1
09-01 23:30:43.264   688   688 E mm-camera: <SENSOR><ERROR> ov8856_gt24p64b_get_module_info: 86: EEPROM Manufacture date YYYY/MM/DD 2020/06/06 
09-01 23:30:43.264   688   688 E mm-camera: <SENSOR><ERROR> ov8856_gt24p64b_format_wbdata: 107: Enter
09-01 23:30:43.264   688   688 E mm-camera: <SENSOR><ERROR> ov8856_gt24p64b_format_wbdata: 121: WB : (4000K) r/gr = 0.486328
09-01 23:30:43.264   688   688 E mm-camera: <SENSOR><ERROR> ov8856_gt24p64b_format_wbdata: 122: WB : (4000K) b/gb = 0.740234
09-01 23:30:43.264   688   688 E mm-camera: <SENSOR><ERROR> ov8856_gt24p64b_format_wbdata: 123: WB : (4000K) gr/gb = 0.997079
09-01 23:30:43.264   688   688 E mm-camera: <SENSOR><ERROR> ov8856_gt24p64b_format_wbdata: 128: WB : (5000K) r/gr = 0.676758
09-01 23:30:43.264   688   688 E mm-camera: <SENSOR><ERROR> ov8856_gt24p64b_format_wbdata: 129: WB : (5000K) b/gb = 0.563477
09-01 23:30:43.264   688   688 E mm-camera: <SENSOR><ERROR> ov8856_gt24p64b_format_wbdata: 130: WB : (5000K) gr/gb = 0.999024
09-01 23:30:43.264   688   688 E mm-camera: <SENSOR><ERROR> ov8856_gt24p64b_format_wbdata: 183: Exit
09-01 23:30:43.264   688   688 E mm-camera: <SENSOR><ERROR> ov8856_gt24p64b_format_lensshading: 244: Enter
09-01 23:30:43.264   688   688 E mm-camera: <SENSOR><ERROR> ov8856_gt24p64b_format_lensshading: 300: Exit
09-01 23:30:43.264   688   688 E mm-camera: <SENSOR><ERROR> ov8856_gt24p64b_format_afdata: 202: Enter
09-01 23:30:43.264   688   688 E mm-camera: <SENSOR><ERROR> ov8856_gt24p64b_format_afdata: 223: AF : macro 400 infinity 280 (now starting DAC set to infinity)
09-01 23:30:43.264   688   688 E mm-camera: <SENSOR><ERROR> ov8856_gt24p64b_format_afdata: 224: Exit
09-01 23:30:43.264   688   688 E mm-camera: <SENSOR><ERROR> ov8856_gt24p64b_get_calibration_items: 30: is_insensor:0, is_afc:1, is_wbc:1, is_lsc:1, is_dpc:0, is_ois:0, is_dual:0
09-01 23:30:43.264   688   688 I mm-camera: <SENSOR>< INFO> 97: sensor_sysinfo_read: sysinfo:path /sys/module/msm_sensor_driver/parameters/module_vendor data default size 10
09-01 23:30:43.264   688   688 E mm-camera: <SENSOR><ERROR> 129: eeprom_af_add_margin: AF_infinity_dac:262, macro_dac:478
09-01 23:30:43.264   688   688 E mm-camera: <SENSOR><ERROR> 7675: module_sensor_init_eeprom: Exit subdev_id[SUB_MODULE_EEPROM] == -1
09-01 23:30:43.266   644   644 I netd    : Setting up StrictController hooks: 20.9ms
09-01 23:30:43.266   644   644 I ClatdController: 4.9+ kernel and device shipped with Q+ - clat ebpf should work.
09-01 23:30:43.266   644   644 I netd    : Initializing ClatdController: 0.4ms
09-01 23:30:43.269   644   644 I netd    : Initializing traffic control: 3.1ms
09-01 23:30:43.274   644   644 I netd    : Enabling bandwidth control: 4.9ms
09-01 23:30:43.276   644   644 I netd    : Initializing RouteController: 1.4ms
09-01 23:30:43.276   644   644 D XfrmController: XfrmController::ipSecAddXfrmInterface, line=1379
09-01 23:30:43.279     0     0 I capability: warning: `msm_irqbalance' uses 32-bit capabilities (legacy support in use)
09-01 23:30:43.282   644   644 D XfrmController: XfrmController::ipSecRemoveTunnelInterface, line=1592
09-01 23:30:43.282   644   644 D XfrmController: deviceName=ipsec_test
09-01 23:30:43.282     0     0 I pil-q6v5-mss 4080000.qcom,mss: Subsystem error monitoring/handling services are up
09-01 23:30:43.282     0     0 I pil-q6v5-mss 4080000.qcom,mss: modem: Power/Clock ready interrupt received
09-01 23:30:43.285     0     0 E [RMNET:HI] rmnet_config_notify_cb(): Kernel is trying to unregister ipsec_test
09-01 23:30:43.288   728   775 D PerMgrSrv: modem new state: is on-line
09-01 23:30:43.289   728   769 D PerMgrSrv: modem state: is on-line, add client cnss-daemon
09-01 23:30:43.289   728   769 D PerMgrSrv: cnss-daemon registered
09-01 23:30:43.289   989   989 D PerMgrLib: cnss-daemon successfully registered for modem
09-01 23:30:43.289   989   989 D PerMgrLib: cnss-daemon voting for modem
09-01 23:30:43.289   728   769 D PerMgrSrv: cnss-daemon voting for modem
09-01 23:30:43.289   728   769 D PerMgrSrv: modem num voters is 2
09-01 23:30:43.290   989   989 E cnss-daemon: no interop issues ap currently
09-01 23:30:43.293  1106  1106 E MSM-irqbalance: WARNING: Cannot find matching virq for hwirq(446).
09-01 23:30:43.294  1106  1106 E MSM-irqbalance: WARNING: Cannot find matching virq for hwirq(455).
09-01 23:30:43.295   989  1114 E cnss-daemon: ro.baseband : [apq]
09-01 23:30:43.295   989  1114 E cnss-daemon: Hardware does not support external modem
09-01 23:30:43.295   989  1114 E cnss-daemon: Target does not have external modem
09-01 23:30:43.295  1106  1106 E MSM-irqbalance: WARNING: Cannot find matching virq for hwirq(456).
09-01 23:30:43.295  1106  1106 I MSM-irqbalance: msm-irq_balance (1.3) initialized
09-01 23:30:43.295  1106  1106 I MSM-irqbalance: Configuration
09-01 23:30:43.295  1106  1106 I MSM-irqbalance: Rate: 0.2 Hz
09-01 23:30:43.295  1106  1106 I MSM-irqbalance: Decay Factor: 75.0
