06-10 06:43:23.775   747   768 E         : update_psensor_nv: psensor otp item read fail
06-10 06:43:23.775   747   768 E Sensors : sns_reg_la.c(552):update_psensor_nv from OTP failed, error code = -3
06-10 06:43:23.781   747   747 E Sensors : sns_debug_main.c(294):Debug Config File missing in EFS!
06-10 06:43:23.781   747   747 E Sensors : aon_control.c(119):inotify_add_watch::/persist/sensors failed
06-10 06:43:23.781   747   787 E libsensor1: check_sensors_enabled: Sensors enabled = true
06-10 06:43:23.785   747   768 E QMI_FW  : xport_handle_event: QCSI Received Resume_Tx from 00000005:0000003a on FD- 4
06-10 06:43:23.795   747   768 E QMI_FW  : xport_handle_event: QCSI Received Resume_Tx from 00000005:0000003a on FD- 4
06-10 06:43:23.801   628   628 D AndroidRuntime: >>>>>> START com.android.internal.os.ZygoteInit uid 0 <<<<<<
06-10 06:43:23.802   747   768 E QMI_FW  : xport_handle_event: QCSI Received Resume_Tx from 00000005:0000003b on FD- 4
06-10 06:43:23.816   665   665 I ServiceManagement: Registered android.hardware.audio@5.0::IDevicesFactory/default (start delay of 420ms)
06-10 06:43:23.816   665   665 I ServiceManagement: Removing namespace from process name android.hardware.audio@2.0-service to audio@2.0-service.
06-10 06:43:23.816   665   665 I audiohalservice: Registration complete for android.hardware.audio@5.0::IDevicesFactory/default.
06-10 06:43:23.836   675   675 I ServiceManagement: Registered vendor.display.config@1.9::IDisplayConfig/default (start delay of 410ms)
06-10 06:43:23.836   675   675 I SDM     : HWCSession::StartServices: IDisplayConfig service registration completed.
06-10 06:43:23.837     0     0 I sdm660-asoc-snd soc: qcom,msm-audio-apr:qcom,q6core-audio:sound: msm_internal_init: default codec configured
06-10 06:43:23.837     0     0 E OF      : /soc/qcom,msm-audio-apr/qcom,q6core-audio/sound: could not get #gpio-cells for /soc/msm_cdc_pinctrl@75
06-10 06:43:23.840   665   665 I ServiceManagement: Registered android.hardware.audio.effect@5.0::IEffectsFactory/default (start delay of 444ms)
06-10 06:43:23.840   665   665 I audiohalservice: Registration complete for android.hardware.audio.effect@5.0::IEffectsFactory/default.
06-10 06:43:23.840   501   501 I hwservicemanager: getTransport: Cannot find entry android.hardware.soundtrigger@2.2::ISoundTriggerHw/default in either framework or device manifest.
06-10 06:43:23.840   675   800 W SDM     : HWCSession::UEventThread: UEvent dropped. No uevent listener.
06-10 06:43:23.840   675   800 I chatty  : uid=1000(system) HWC_UeventThrea identical 1 line
06-10 06:43:23.840   675   800 W SDM     : HWCSession::UEventThread: UEvent dropped. No uevent listener.
06-10 06:43:23.841   747   787 E Sensors : aon_control.c(119):inotify_add_watch::/persist/sensors failed
06-10 06:43:23.842   665   665 E audiohalservice: Could not get passthrough implementation for android.hardware.soundtrigger@2.2::ISoundTriggerHw/default.
06-10 06:43:23.852   675   800 W SDM     : HWCSession::UEventThread: UEvent dropped. No uevent listener.
06-10 06:43:23.852   675   800 W SDM     : HWCSession::UEventThread: UEvent dropped. No uevent listener.
06-10 06:43:23.854   675   675 I SDM     : ExtensionInterface::CreateExtensionInterface: 
06-10 06:43:23.854   675   675 I SDM     : SDM-EXTENSION Version: Date: 11/23/20, Commit: 9f32874, Change: I882287a529
06-10 06:43:23.856   675   675 I SDM     : HWInfo::GetHWResourceInfo: SDE Version = 5, SDE Revision = 30020000, RGB = 0, VIG = 2, DMA = 3, Cursor = 1
06-10 06:43:23.856   675   675 I SDM     : HWInfo::GetHWResourceInfo: Upscale Ratio = 20, Downscale Ratio = 4, Blending Stages = 7
06-10 06:43:23.856   675   675 I SDM     : HWInfo::GetHWResourceInfo: SourceSplit = 1 QSEED3 = 1
06-10 06:43:23.856   675   675 I SDM     : HWInfo::GetHWResourceInfo: BWC = 0, UBWC = 1, Decimation = 1, Tile Format = 0 Concurrent Writeback = 1
06-10 06:43:23.856   675   675 I SDM     : HWInfo::GetHWResourceInfo: MaxLowBw = 6600000 , MaxHighBw = 6600000
06-10 06:43:23.856   675   675 I SDM     : HWInfo::GetHWResourceInfo: MaxPipeBw = 3100000 KBps, MaxSDEClock = 412500000 Hz, ClockFudgeFactor = 1.050000
06-10 06:43:23.856   675   675 I SDM     : HWInfo::GetHWResourceInfo: Prefill factors: Tiled_NV12 = 8, Tiled = 4, Linear = 1, Scale = 1, Fudge_factor = 2
06-10 06:43:23.856   675   675 W SDM     : HWInfo::GetMDSSRotatorInfo: File '/sys/devices/virtual/rotator/mdss_rotator/caps' not found
06-10 06:43:23.856   675   675 I SDM     : HWInfo::GetV4L2RotatorInfo: V4L2 Rotator: Count = 1, Downscale = 1, Min_downscale = 1.500000, Downscale_compression = 1
06-10 06:43:23.856   675   675 I SDM     : HWInfo::GetHWResourceInfo: Has Support for multiple bw limits shown below
06-10 06:43:23.856   675   675 I SDM     : HWInfo::GetHWResourceInfo: Mode-index=0  total_bw_limit=6600000 and pipe_bw_limit=3100000
06-10 06:43:23.856   675   675 I SDM     : HWInfo::GetHWResourceInfo: Mode-index=1  total_bw_limit=4500000 and pipe_bw_limit=3100000
06-10 06:43:23.856   675   675 I SDM     : HWInfo::GetHWResourceInfo: Mode-index=2  total_bw_limit=6600000 and pipe_bw_limit=3100000
06-10 06:43:23.856   675   675 I SDM     : HWInfo::GetHWResourceInfo: Mode-index=3  total_bw_limit=6600000 and pipe_bw_limit=3100000
06-10 06:43:23.857   675   675 I SDM     : SessionManager::SessionManager: Allocate buffers synchronously = 0
06-10 06:43:23.859   675   800 W SDM     : HWCSession::UEventThread: UEvent dropped. No uevent listener.
06-10 06:43:23.863   675   800 I chatty  : uid=1000(system) HWC_UeventThrea identical 2 lines
06-10 06:43:23.863   675   800 W SDM     : HWCSession::UEventThread: UEvent dropped. No uevent listener.
06-10 06:43:23.865   669   669 I QCamera : <MCI><INFO> needHAL1Support: 336: HAL1/HAL3 IS SUPPORTED
06-10 06:43:23.867   675   675 I SDM     : ScalarConfig::Init: DE sharpness value is 50
06-10 06:43:23.868   675   800 W SDM     : HWCSession::UEventThread: UEvent dropped. No uevent listener.
06-10 06:43:23.881   675   800 I chatty  : uid=1000(system) HWC_UeventThrea identical 5 lines
06-10 06:43:23.885     0     0 W QSEECOM : qseecom_load_app: App (soter64) does'nt exist, loading apps for first time
06-10 06:43:23.892   675   800 W SDM     : HWCSession::UEventThread: UEvent dropped. No uevent listener.
06-10 06:43:23.894   675   675 I SDM     : CoreInterface::CreateCore: Open interface handle = 0x732ec3c000
06-10 06:43:23.894   675   675 I SDM     : HWCSession::Register: Set uevent listener = 0x732ec26280
06-10 06:43:23.894   675   675 I SDM     : HWInfo::GetFirstDisplayInterfaceType: First display is internal display
06-10 06:43:23.894   675   675 I SDM     : CPUHint::Init: Invalid CPU Hint Pre-enable Window -1
06-10 06:43:23.894   675   675 I SDM     : HWDevice::GetHWPanelMaxBrightnessFromNode: Max brightness level = 255
06-10 06:43:23.894   675   675 I SDM     : HWDevice::Init: access(/dev/graphics/fb0) successful
06-10 06:43:23.894   675   675 I SDM     : HWDevice::GetHWPanelMaxBrightnessFromNode: Max brightness level = 255
06-10 06:43:23.894   675   675 I SDM     : HWDevice::PopulateHWPanelInfo: Device type = 0, Display Port = 1, Display Mode = 1, Device Node = 0, Is Primary = 1
06-10 06:43:23.894   675   675 I SDM     : HWDevice::PopulateHWPanelInfo: Partial Update = 0, supported roi_count =0, Dynamic FPS = 0
06-10 06:43:23.894   675   675 I SDM     : HWDevice::PopulateHWPanelInfo: Align: left = 0, width = 0, top = 0, height = 0
06-10 06:43:23.894   675   675 I SDM     : HWDevice::PopulateHWPanelInfo: ROI: min_width = 0, min_height = 0, need_merge = 0
06-10 06:43:23.894   675   675 I SDM     : HWDevice::PopulateHWPanelInfo: FPS: min = 60, max =60
06-10 06:43:23.894   675   675 I SDM     : HWDevice::PopulateHWPanelInfo: Ping Pong Split = 0
06-10 06:43:23.894   675   675 I SDM     : HWDevice::PopulateHWPanelInfo: Left Split = 0, Right Split = 0
06-10 06:43:23.894     0     0 I mdss_fb_start_disp_thread: mdss_fb_blank_unblank+0x1ac/0x340: start display thread fb0
06-10 06:43:23.895   675   675 I SDM     : HWDevice::GetHWPanelMaxBrightnessFromNode: Max brightness level = 255
06-10 06:43:23.895   675   675 I chatty  : uid=1000(system) composer@2.1-se identical 1 line
06-10 06:43:23.895   675   675 I SDM     : HWDevice::GetHWPanelMaxBrightnessFromNode: Max brightness level = 255
06-10 06:43:23.895     0     0 E mdss_dp_notify_clients: Invalid request NOTIFY_UNKNOWN --> NOTIFY_DISCONNECT
06-10 06:43:23.895   675   675 W SDM     : HWDevice::GetHWPanelInfoByNode: Failed to open msm_fb_panel_info node device node 3
06-10 06:43:23.895   675   675 I SDM     : HWDevice::GetHWPanelMaxBrightnessFromNode: Max brightness level = 255
06-10 06:43:23.895   675   675 I chatty  : uid=1000(system) composer@2.1-se identical 1 line
06-10 06:43:23.896   675   675 I SDM     : HWDevice::GetHWPanelMaxBrightnessFromNode: Max brightness level = 255
06-10 06:43:23.896   675   675 W SDM     : HWDevice::GetHWPanelInfoByNode: Failed to open msm_fb_panel_info node device node 3
06-10 06:43:23.896   675   675 I SDM     : StrategyImpl::SetIdleTimeoutMs: Idle timeout: active = 70, inactive = 520
06-10 06:43:23.896   675   675 W SDM     : ColorManager::CreateColorManagerProxy: PAV2 version is versions = 11, version = 11 
06-10 06:43:23.903   665   665 D sound_trigger_hw: stdev_open: Enter
06-10 06:43:23.911     0     0 W QSEECOM : qseecom_load_app: App with id 131074 (soter64) now loaded
06-10 06:43:23.911   699   699 D QSEECOMAPI: Loaded image: APP id = 131074
06-10 06:43:23.915   675   675 W SDM     : DisplayBase::Init: InitColorModes failed for display = 0
06-10 06:43:23.916   675   675 I SDM     : HWCDisplay::Init: Display created with id: 0
06-10 06:43:23.916   675   675 W SDM     : HWCDisplay::PopulateColorModes: GetColorModeCount failed, use native color mode
06-10 06:43:23.916   675   675 I SDM     : DisplayBase::SetFrameBufferConfig: New framebuffer resolution (720x1280)
06-10 06:43:23.928   628   628 I AndroidRuntime: Using default boot image
06-10 06:43:23.928   628   628 I AndroidRuntime: Leaving lock profiling enabled
06-10 06:43:23.944   628   628 I zygote  : option[0]=-Xzygote
06-10 06:43:23.944   628   628 I zygote  : option[1]=exit
06-10 06:43:23.944   628   628 I zygote  : option[2]=vfprintf
06-10 06:43:23.944   628   628 I zygote  : option[3]=sensitiveThread
06-10 06:43:23.944   628   628 I zygote  : option[4]=-verbose:gc
06-10 06:43:23.944   628   628 I zygote  : option[5]=-Xms8m
06-10 06:43:23.944   628   628 I zygote  : option[6]=-Xmx512m
06-10 06:43:23.944   628   628 I zygote  : option[7]=-XX:HeapGrowthLimit=256m
06-10 06:43:23.944   628   628 I zygote  : option[8]=-XX:HeapMinFree=512k
06-10 06:43:23.944   628   628 I zygote  : option[9]=-XX:HeapMaxFree=8m
06-10 06:43:23.944   628   628 I zygote  : option[10]=-XX:HeapTargetUtilization=0.75
06-10 06:43:23.944   628   628 I zygote  : option[11]=-Xusejit:true
06-10 06:43:23.944   628   628 I zygote  : option[12]=-Xjitsaveprofilinginfo
06-10 06:43:23.944   628   628 I zygote  : option[13]=-XjdwpOptions:suspend=n,server=y
06-10 06:43:23.944   628   628 I zygote  : option[14]=-XjdwpProvider:default
06-10 06:43:23.944   628   628 I zygote  : option[15]=-Xlockprofthreshold:500
06-10 06:43:23.944   628   628 I zygote  : option[16]=-Ximage-compiler-option
06-10 06:43:23.944   628   628 I zygote  : option[17]=--runtime-arg
06-10 06:43:23.944   628   628 I zygote  : option[18]=-Ximage-compiler-option
06-10 06:43:23.944   628   628 I zygote  : option[19]=-Xms64m
06-10 06:43:23.945   628   628 I zygote  : option[20]=-Ximage-compiler-option
06-10 06:43:23.945   628   628 I zygote  : option[21]=--runtime-arg
06-10 06:43:23.945   628   628 I zygote  : option[22]=-Ximage-compiler-option
06-10 06:43:23.945   628   628 I zygote  : option[23]=-Xmx64m
06-10 06:43:23.945   628   628 I zygote  : option[24]=-Ximage-compiler-option
06-10 06:43:23.945   628   628 I zygote  : option[25]=--profile-file=/system/etc/boot-image.prof
06-10 06:43:23.945   628   628 I zygote  : option[26]=-Ximage-compiler-option
06-10 06:43:23.945   628   628 I zygote  : option[27]=--compiler-filter=speed-profile
06-10 06:43:23.945   628   628 I zygote  : option[28]=-Xcompiler-option
06-10 06:43:23.945   628   628 I zygote  : option[29]=--runtime-arg
06-10 06:43:23.945   628   628 I zygote  : option[30]=-Xcompiler-option
06-10 06:43:23.945   628   628 I zygote  : option[31]=-Xms64m
06-10 06:43:23.945   628   628 I zygote  : option[32]=-Xcompiler-option
06-10 06:43:23.945   628   628 I zygote  : option[33]=--runtime-arg
06-10 06:43:23.945   628   628 I zygote  : option[34]=-Xcompiler-option
06-10 06:43:23.945   628   628 I zygote  : option[35]=-Xmx512m
06-10 06:43:23.945   628   628 I zygote  : option[36]=-Ximage-compiler-option
06-10 06:43:23.945   628   628 I zygote  : option[37]=--instruction-set-variant=cortex-a73
06-10 06:43:23.945   628   628 I zygote  : option[38]=-Xcompiler-option
06-10 06:43:23.945   628   628 I zygote  : option[39]=--instruction-set-variant=cortex-a73
06-10 06:43:23.945   628   628 I zygote  : option[40]=-Ximage-compiler-option
06-10 06:43:23.945   628   628 I zygote  : option[41]=--instruction-set-features=default
06-10 06:43:23.945   628   628 I zygote  : option[42]=-Xcompiler-option
06-10 06:43:23.945   628   628 I zygote  : option[43]=--instruction-set-features=default
06-10 06:43:23.945   628   628 I zygote  : option[44]=-Duser.locale=en-US
06-10 06:43:23.945   628   628 I zygote  : option[45]=--cpu-abilist=armeabi-v7a,armeabi
06-10 06:43:23.945   628   628 I zygote  : option[46]=-Xcompiler-option
06-10 06:43:23.945   628   628 I zygote  : option[47]=--generate-mini-debug-info
06-10 06:43:23.945   628   628 I zygote  : option[48]=-Xcore-platform-api-policy:just-warn
06-10 06:43:23.945   628   628 I zygote  : option[49]=-Xfingerprint:Elo/M50/M50:10/QKQ1.201112.002/eng.youkai.20210512.004620:userdebug/debug,release-keys
06-10 06:43:23.956   665   665 D sound_trigger_hw: load_audio_hal: ahal is using proprietary API version 0x0101
06-10 06:43:23.956   665   665 I sound_trigger_platform: platform_stdev_init: Enter
06-10 06:43:23.956   628   628 I zygote  : Core platform API reporting enabled, enforcing=false
06-10 06:43:23.964   665   665 W sound_trigger_platform: load_smlib: generate_sound_trigger_phrase_recognition_event_v3 not found. undefined symbol: generate_sound_trigger_phrase_recognition_event_v3
06-10 06:43:24.003   680   680 W qti_sensors_hal: addSensor : Not supported sensor with handle 67!
06-10 06:43:24.029   680   680 W qti_sensors_hal: addSensor : Not supported sensor with handle 39!
06-10 06:43:24.040   680   680 W qti_sensors_hal: addSensor : Not supported sensor with handle 48!
06-10 06:43:24.040   680   680 W qti_sensors_hal: addSensor : Not supported sensor with handle 49!
06-10 06:43:24.049   680   680 W qti_sensors_hal: addSensor : Not supported sensor with handle 53!
06-10 06:43:24.055   680   680 W qti_sensors_hal: addSensor : Not supported sensor with handle 68!
06-10 06:43:24.088   680   680 I         : Loaded library from sensors.ssc.so
06-10 06:43:24.088   680   680 E /vendor/bin/hw/android.hardware.sensors@1.0-service: HAL specifies version 1.4, but does not implement set_operation_mode()
06-10 06:43:24.092   680   680 I ServiceManagement: Registered android.hardware.sensors@1.0::ISensors/default (start delay of 657ms)
06-10 06:43:24.093   680   680 I ServiceManagement: Removing namespace from process name android.hardware.sensors@1.0-service to sensors@1.0-service.
06-10 06:43:24.095   680   680 I android.hardware.sensors@1.0-service: Registration complete for android.hardware.sensors@1.0::ISensors/default.
06-10 06:43:24.108   714   714 I SurfaceFlinger: Using HWComposer service: 'default'
06-10 06:43:24.108   714   714 I SurfaceFlinger: SurfaceFlinger is starting
06-10 06:43:24.114   669   669 I mm-camera: < INFO> 421: init: memleak lib init.
06-10 06:43:24.114   669   669 I mm-camera: < INFO> 440: init: memleak tracer not attached
06-10 06:43:24.115     0     0 I msm_pm_qos_add_request: add request
06-10 06:43:24.116   669   669 I mm-camera: <SENSOR>< INFO> 387: eebin_read: failed!
06-10 06:43:24.116   669   669 I mm-camera: <SENSOR>< INFO> 589: sensor_init_probe: opening: /dev/v4l-subdev11
06-10 06:43:24.116   669   669 I mm-camera: <SENSOR>< INFO> 598: sensor_init_probe: failed: to probe eeprom bin sensors (non-fatal)
06-10 06:43:24.124   669   669 I mm-camera: <SENSOR>< INFO> 216: sensor_xml_util_get_node_data: num_pairs = 13
06-10 06:43:24.124   669   669 I mm-camera: <SENSOR>< INFO> 255: sensor_xml_util_get_node_data:  i = 1 str = ov8856
06-10 06:43:24.124   669   669 I mm-camera: <SENSOR>< INFO> 255: sensor_xml_util_get_node_data:  i = 2 str = dw9714
06-10 06:43:24.124   669   669 I mm-camera: <SENSOR>< INFO> 255: sensor_xml_util_get_node_data:  i = 3 str = ov8856_gt24p64b
06-10 06:43:24.124   669   669 I mm-camera: <SENSOR>< INFO> 255: sensor_xml_util_get_node_data:  i = 5 str = pmic
06-10 06:43:24.124   669   669 I mm-camera: <SENSOR>< INFO> 255: sensor_xml_util_get_node_data:  i = 6 str = ov8856_chromatix
06-10 06:43:24.125   669   669 I mm-camera: <SENSOR>< INFO> 184: sensor_sysinfo_read: sysinfo:path /sys/module/msm_sensor_driver/parameters/module_vendor data default size 10
06-10 06:43:24.125   669   669 I mm-camera: <SENSOR>< INFO> 255: sensor_xml_util_get_node_data:  i = 8 str = 0
06-10 06:43:24.125   669   669 I mm-camera: <SENSOR>< INFO> 255: sensor_xml_util_get_node_data:  i = 9 str = 1
06-10 06:43:24.125   669   669 I mm-camera: <SENSOR>< INFO> 255: sensor_xml_util_get_node_data:  i = 10 str = BACK
06-10 06:43:24.125   669   669 I mm-camera: <SENSOR>< INFO> 255: sensor_xml_util_get_node_data:  i = 11 str = 360
06-10 06:43:24.130   669   669 I mm-camera: <SENSOR>< INFO> 311: sensor_sdk_util_get_i2c_freq_mode: Invalid i2c_freq_mode = 4
06-10 06:43:24.131     0     0 E msm_sensor_fill_eeprom_subdevid_by_name: 469 Eeprom userspace probe for ov8856_gt24p64b
06-10 06:43:24.160     0     0 I msm_cci_init: 1440: hw_version = 0x10060000
06-10 06:43:24.161     0     0 I         : @@@ original_sid = 0x10, valid_flag = 0x01, eeprom_version = 0x01, checksum = 0x03
06-10 06:43:24.161     0     0 I         : @@@ rc = 0, camera_sid = 0x10, eeprom_reg_addr = 0x03 , eeprom_reg_value = 0x32
06-10 06:43:24.161     0     0 I         : @@@ rc = 0, camera_sid = 0x10, eeprom_reg_addr = 0x04 , eeprom_reg_value = 0x30
06-10 06:43:24.161     0     0 I         : @@@ rc = 0, camera_sid = 0x10, eeprom_reg_addr = 0x05 , eeprom_reg_value = 0x32
06-10 06:43:24.161     0     0 I         : @@@ rc = 0, camera_sid = 0x10, eeprom_reg_addr = 0x06 , eeprom_reg_value = 0x30
06-10 06:43:24.162     0     0 I         : @@@ rc = 0, camera_sid = 0x10, eeprom_reg_addr = 0x07 , eeprom_reg_value = 0x30
06-10 06:43:24.162     0     0 I         : @@@ rc = 0, camera_sid = 0x10, eeprom_reg_addr = 0x08 , eeprom_reg_value = 0x36
06-10 06:43:24.162     0     0 I         : @@@ rc = 0, camera_sid = 0x10, eeprom_reg_addr = 0x09 , eeprom_reg_value = 0x30
06-10 06:43:24.162     0     0 I         : @@@ rc = 0, camera_sid = 0x10, eeprom_reg_addr = 0x0a , eeprom_reg_value = 0x36
06-10 06:43:24.162     0     0 I         : @@@ rc = 0, camera_sid = 0x10, eeprom_reg_addr = 0x0b , eeprom_reg_value = 0x31
06-10 06:43:24.162     0     0 I         : @@@ rc = 0, camera_sid = 0x10, eeprom_reg_addr = 0x0c , eeprom_reg_value = 0x36
06-10 06:43:24.163     0     0 E         : ov8856 probe succeeded
06-10 06:43:24.167   710   710 I FastMixerState: sMaxFastTracks = 8
06-10 06:43:24.167   710   710 V MediaUtils: physMem: 2829275136
06-10 06:43:24.167   710   710 V MediaUtils: requested limit: 536870912
06-10 06:43:24.167   710   710 I libc    : malloc_limit: Allocation limit enabled, max size 536870912 bytes
06-10 06:43:24.168   710   710 I audioserver: ServiceManager: 0x76e80b3340
06-10 06:43:24.168   710   710 W BatteryNotifier: batterystats service unavailable!
06-10 06:43:24.171   501   501 I hwservicemanager: getTransport: Cannot find entry android.hardware.audio@5.0::IDevicesFactory/msd in either framework or device manifest.
06-10 06:43:24.173   669   669 I mm-camera: <SENSOR>< INFO> 216: sensor_xml_util_get_node_data: num_pairs = 9
06-10 06:43:24.173   669   669 I mm-camera: <SENSOR>< INFO> 255: sensor_xml_util_get_node_data:  i = 0 str = 2.94
06-10 06:43:24.173   669   669 I mm-camera: <SENSOR>< INFO> 255: sensor_xml_util_get_node_data:  i = 1 str = 2.4
06-10 06:43:24.173   669   669 I mm-camera: <SENSOR>< INFO> 255: sensor_xml_util_get_node_data:  i = 2 str = 1.98
06-10 06:43:24.173   669   669 I mm-camera: <SENSOR>< INFO> 255: sensor_xml_util_get_node_data:  i = 3 str = 63.2
06-10 06:43:24.173   669   669 I mm-camera: <SENSOR>< INFO> 255: sensor_xml_util_get_node_data:  i = 4 str = 49.7
06-10 06:43:24.173   669   669 I mm-camera: <SENSOR>< INFO> 255: sensor_xml_util_get_node_data:  i = 5 str = 0.1
06-10 06:43:24.173   669   669 I mm-camera: <SENSOR>< INFO> 216: sensor_xml_util_get_node_data: num_pairs = 4
06-10 06:43:24.173   669   669 I mm-camera: <SENSOR>< INFO> 255: sensor_xml_util_get_node_data:  i = 0 str = 0
06-10 06:43:24.173   669   669 I mm-camera: <SENSOR>< INFO> 255: sensor_xml_util_get_node_data:  i = 1 str = 0x1f
06-10 06:43:24.173   669   669 I mm-camera: <SENSOR>< INFO> 255: sensor_xml_util_get_node_data:  i = 2 str = 0x4320
06-10 06:43:24.173   669   669 I mm-camera: <SENSOR>< INFO> 255: sensor_xml_util_get_node_data:  i = 3 str = 0
06-10 06:43:24.173   710   710 I AudioFlinger: Using default 3000 mSec as standby time.
06-10 06:43:24.175   669   669 I mm-camera: <SENSOR>< INFO> 216: sensor_xml_util_get_node_data: num_pairs = 15
06-10 06:43:24.175   669   669 I mm-camera: <SENSOR>< INFO> 255: sensor_xml_util_get_node_data:  i = 0 str = 0
06-10 06:43:24.175   669   669 I mm-camera: <SENSOR>< INFO> 255: sensor_xml_util_get_node_data:  i = 3 str = ov8856_snapshot
06-10 06:43:24.175   669   669 I mm-camera: <SENSOR>< INFO> 255: sensor_xml_util_get_node_data:  i = 4 str = ov8856_snapshot
06-10 06:43:24.175   669   669 I mm-camera: <SENSOR>< INFO> 255: sensor_xml_util_get_node_data:  i = 5 str = ov8856_default_video
06-10 06:43:24.175   669   669 I mm-camera: <SENSOR>< INFO> 255: sensor_xml_util_get_node_data:  i = 8 str = ov8856_cpp_video
06-10 06:43:24.175   669   669 I mm-camera: <SENSOR>< INFO> 255: sensor_xml_util_get_node_data:  i = 11 str = ov8856_zsl_preview
06-10 06:43:24.175   669   669 I mm-camera: <SENSOR>< INFO> 255: sensor_xml_util_get_node_data:  i = 12 str = ov8856_zsl_video
06-10 06:43:24.175   669   669 I mm-camera: <SENSOR>< INFO> 216: sensor_xml_util_get_node_data: num_pairs = 15
06-10 06:43:24.175   669   669 I mm-camera: <SENSOR>< INFO> 255: sensor_xml_util_get_node_data:  i = 0 str = 1
06-10 06:43:24.175   669   669 I mm-camera: <SENSOR>< INFO> 255: sensor_xml_util_get_node_data:  i = 3 str = ov8856_preview
06-10 06:43:24.175   669   669 I mm-camera: <SENSOR>< INFO> 255: sensor_xml_util_get_node_data:  i = 4 str = ov8856_preview
06-10 06:43:24.175   669   669 I mm-camera: <SENSOR>< INFO> 255: sensor_xml_util_get_node_data:  i = 5 str = ov8856_default_video
06-10 06:43:24.175   669   669 I mm-camera: <SENSOR>< INFO> 255: sensor_xml_util_get_node_data:  i = 8 str = ov8856_cpp_video
06-10 06:43:24.175   669   669 I mm-camera: <SENSOR>< INFO> 255: sensor_xml_util_get_node_data:  i = 11 str = ov8856_a3_default_preview
06-10 06:43:24.175   669   669 I mm-camera: <SENSOR>< INFO> 255: sensor_xml_util_get_node_data:  i = 12 str = ov8856_a3_default_video
06-10 06:43:24.175   669   669 I mm-camera: <SENSOR>< INFO> 216: sensor_xml_util_get_node_data: num_pairs = 15
06-10 06:43:24.175   669   669 I mm-camera: <SENSOR>< INFO> 255: sensor_xml_util_get_node_data:  i = 0 str = 2
06-10 06:43:24.175   669   669 I mm-camera: <SENSOR>< INFO> 255: sensor_xml_util_get_node_data:  i = 3 str = ov8856_preview
06-10 06:43:24.175   669   669 I mm-camera: <SENSOR>< INFO> 255: sensor_xml_util_get_node_data:  i = 4 str = ov8856_preview
06-10 06:43:24.175   669   669 I mm-camera: <SENSOR>< INFO> 255: sensor_xml_util_get_node_data:  i = 5 str = ov8856_default_video
06-10 06:43:24.175   669   669 I mm-camera: <SENSOR>< INFO> 255: sensor_xml_util_get_node_data:  i = 8 str = ov8856_cpp_video
06-10 06:43:24.175   669   669 I mm-camera: <SENSOR>< INFO> 255: sensor_xml_util_get_node_data:  i = 11 str = ov8856_a3_default_preview
06-10 06:43:24.175   669   669 I mm-camera: <SENSOR>< INFO> 255: sensor_xml_util_get_node_data:  i = 12 str = ov8856_a3_default_video
06-10 06:43:24.175   669   669 I mm-camera: <SENSOR>< INFO> 216: sensor_xml_util_get_node_data: num_pairs = 15
06-10 06:43:24.175   669   669 I mm-camera: <SENSOR>< INFO> 255: sensor_xml_util_get_node_data:  i = 0 str = 3
06-10 06:43:24.175   669   669 I mm-camera: <SENSOR>< INFO> 255: sensor_xml_util_get_node_data:  i = 3 str = ov8856_hfr_60
06-10 06:43:24.175   669   669 I mm-camera: <SENSOR>< INFO> 255: sensor_xml_util_get_node_data:  i = 4 str = ov8856_hfr_60
06-10 06:43:24.175   669   669 I mm-camera: <SENSOR>< INFO> 255: sensor_xml_util_get_node_data:  i = 5 str = ov8856_hfr_60
06-10 06:43:24.175   669   669 I mm-camera: <SENSOR>< INFO> 255: sensor_xml_util_get_node_data:  i = 8 str = ov8856_cpp_hfr_60
06-10 06:43:24.175   669   669 I mm-camera: <SENSOR>< INFO> 255: sensor_xml_util_get_node_data:  i = 11 str = ov8856_a3_hfr_60
06-10 06:43:24.175   669   669 I mm-camera: <SENSOR>< INFO> 255: sensor_xml_util_get_node_data:  i = 12 str = ov8856_a3_hfr_60
06-10 06:43:24.175   669   669 I mm-camera: <SENSOR>< INFO> 216: sensor_xml_util_get_node_data: num_pairs = 15
06-10 06:43:24.175   669   669 I mm-camera: <SENSOR>< INFO> 255: sensor_xml_util_get_node_data:  i = 0 str = 4
06-10 06:43:24.175   669   669 I mm-camera: <SENSOR>< INFO> 255: sensor_xml_util_get_node_data:  i = 3 str = ov8856_hfr_90
06-10 06:43:24.175   669   669 I mm-camera: <SENSOR>< INFO> 255: sensor_xml_util_get_node_data:  i = 4 str = ov8856_hfr_90
06-10 06:43:24.175   669   669 I mm-camera: <SENSOR>< INFO> 255: sensor_xml_util_get_node_data:  i = 5 str = ov8856_hfr_90
06-10 06:43:24.175   669   669 I mm-camera: <SENSOR>< INFO> 255: sensor_xml_util_get_node_data:  i = 8 str = ov8856_cpp_hfr_90
06-10 06:43:24.175   669   669 I mm-camera: <SENSOR>< INFO> 255: sensor_xml_util_get_node_data:  i = 11 str = ov8856_a3_hfr_90
06-10 06:43:24.175   669   669 I mm-camera: <SENSOR>< INFO> 255: sensor_xml_util_get_node_data:  i = 12 str = ov8856_a3_hfr_90
06-10 06:43:24.175   669   669 I mm-camera: <SENSOR>< INFO> 216: sensor_xml_util_get_node_data: num_pairs = 14
06-10 06:43:24.175   669   669 I mm-camera: <SENSOR>< INFO> 255: sensor_xml_util_get_node_data:  i = 1 str = ov8856_common
06-10 06:43:24.175   669   669 I mm-camera: <SENSOR>< INFO> 255: sensor_xml_util_get_node_data:  i = 5 str = ov8856_cpp_preview
06-10 06:43:24.175   669   669 I mm-camera: <SENSOR>< INFO> 255: sensor_xml_util_get_node_data:  i = 6 str = ov8856_cpp_snapshot
06-10 06:43:24.175   669   669 I mm-camera: <SENSOR>< INFO> 255: sensor_xml_util_get_node_data:  i = 8 str = ov8856_cpp_liveshot
06-10 06:43:24.175   669   669 I mm-camera: <SENSOR>< INFO> 255: sensor_xml_util_get_node_data:  i = 9 str = ov8856_postproc
06-10 06:43:24.175   669   669 I mm-camera: <SENSOR>< INFO> 216: sensor_xml_util_get_node_data: num_pairs = 14
06-10 06:43:24.175   669   669 I mm-camera: <SENSOR>< INFO> 255: sensor_xml_util_get_node_data:  i = 0 str = ZOOM_UPSCALE
06-10 06:43:24.175   669   669 I mm-camera: <SENSOR>< INFO> 255: sensor_xml_util_get_node_data:  i = 6 str = ov8856_cpp_us_chromatix
06-10 06:43:24.175   669   669 I mm-camera: <SENSOR>< INFO> 216: sensor_xml_util_get_node_data: num_pairs = 14
06-10 06:43:24.175   669   669 I mm-camera: <SENSOR>< INFO> 255: sensor_xml_util_get_node_data:  i = 0 str = ZOOM_DOWNSCALE
06-10 06:43:24.175   669   669 I mm-camera: <SENSOR>< INFO> 255: sensor_xml_util_get_node_data:  i = 6 str = ov8856_cpp_ds_chromatix
06-10 06:43:24.175   669   669 I mm-camera: <SENSOR>< INFO> 216: sensor_xml_util_get_node_data: num_pairs = 13
06-10 06:43:24.175   669   669 I mm-camera: <SENSOR>< INFO> 255: sensor_xml_util_get_node_data:  i = 1 str = se475x
06-10 06:43:24.175   669   669 I mm-camera: <SENSOR>< INFO> 255: sensor_xml_util_get_node_data:  i = 6 str = csidtg_chromatix
06-10 06:43:24.175   669   669 I mm-camera: <SENSOR>< INFO> 255: sensor_xml_util_get_node_data:  i = 8 str = 1
06-10 06:43:24.175   669   669 I mm-camera: <SENSOR>< INFO> 255: sensor_xml_util_get_node_data:  i = 9 str = 1
06-10 06:43:24.175   669   669 I mm-camera: <SENSOR>< INFO> 255: sensor_xml_util_get_node_data:  i = 10 str = FRONT
06-10 06:43:24.175   669   669 I mm-camera: <SENSOR>< INFO> 255: sensor_xml_util_get_node_data:  i = 11 str = 270
06-10 06:43:24.177   710   710 E APM::Serializer: deserialize: Could not parse /odm/etc/audio_policy_configuration.xml document.
06-10 06:43:24.183   669   669 I mm-camera: <SENSOR>< INFO> 311: sensor_sdk_util_get_i2c_freq_mode: Invalid i2c_freq_mode = 4
06-10 06:43:24.183     0     0 I         : se4500 power up
06-10 06:43:24.188   710   710 E APM::AudioPolicyEngine/Config: parse: Could not parse document /vendor/etc/audio_policy_engine_configuration.xml
06-10 06:43:24.188   710   710 W APM::AudioPolicyEngine/Base: loadAudioPolicyEngineConfig: No configuration found, using default matching phone experience.
06-10 06:43:24.188   710   710 E APM::AudioPolicyEngine/Config: parseLegacyVolumeFile: Could not parse document /odm/etc/audio_policy_configuration.xml
06-10 06:43:24.193   710   710 D APM::AudioPolicyEngine: [Engine] prop ro.vendor.oem.hw.feature = (nqnfc-vib-ZBcr-GSen-LPSen-cuLED-Batt-MoSpk-DRP-Key3-amic-SD)
06-10 06:43:24.194   665   797 D audio_hw_primary: adev_open: enter
06-10 06:43:24.194   665   797 D audio_log_utils: registered, module hal
06-10 06:43:24.198   665   797 W audio_hw_utils: audio_extn_utils_get_vendor_enhanced_info: vendor_enhanced_info 0x3
06-10 06:43:24.198   665   797 D audio_hw_extn: snd_mon_feature_init: Called with feature Enabled
06-10 06:43:24.201   665   797 D audio_hw_extn: snd_mon_feature_init:: ---- Feature SND_MONITOR is Enabled ----
06-10 06:43:24.201   665   797 W audio_hw_extn: :: compr_cap_feature_init: ---- Feature COMPRESS_CAPTURE is disabled ----
06-10 06:43:24.201   665   797 D audio_hw_extn: dsm_feedback_feature_init: Called with feature NOT Enabled
06-10 06:43:24.201   665   797 W audio_hw_extn: :: dsm_feedback_feature_init: ---- Feature DSM_FEEDBACK is disabled ----
06-10 06:43:24.208   665   797 D audio_hw_extn: ssrec_feature_init:: ---- Feature SSREC is Enabled ----
06-10 06:43:24.208   665   797 D audio_hw_extn: src_trkn_feature_init:: ---- Feature SOURCE_TRACKING is Enabled ----
06-10 06:43:24.208   665   797 D audio_hw_extn: hdmi_edid_feature_init: HDMI_EDID feature Enabled
06-10 06:43:24.212   665   797 D audio_hw_extn: hdmi_edid_feature_init:: ---- Feature HDMI_EDID is Enabled ----
06-10 06:43:24.212   665   797 D audio_hw_extn: :: keep_alive_feature_init: ---- Feature KEEP_ALIVE is  NOT ENABLED ----
06-10 06:43:24.212   665   797 D audio_hw_extn: :: hifi_audio_feature_init: ---- Feature HIFI_AUDIO is ENABLED ----
06-10 06:43:24.212   665   797 D audio_hw_extn: :: ras_feature_init: ---- Feature RAS_FEATURE is ENABLED ----
06-10 06:43:24.213   665   797 D audio_hw_extn: :: kpi_optimize_feature_init: ---- Feature KPI_OPTIMIZE is ENABLED ----
06-10 06:43:24.213   665   797 D audio_hw_extn: usb_offload_feature_init: Called with feature Enabled
06-10 06:43:24.213   665   797 D audio_hw_extn: usb_offload_burst_mode_feature_init: Called with feature NOT Enabled
06-10 06:43:24.213   665   797 D audio_hw_extn: usb_offload_sidetone_volume_feature_init: Called with feature NOT Enabled
06-10 06:43:24.213   665   797 D audio_hw_extn: a2dp_offload_feature_init: Called with feature Enabled
06-10 06:43:24.218   665   797 D audio_hw_extn: a2dp_offload_feature_init:: ---- Feature A2DP_OFFLOAD is Enabled ----
06-10 06:43:24.218   665   797 D audio_hw_extn: :: vbat_feature_init: ---- Feature VBAT is ENABLED ----
06-10 06:43:24.218   665   797 D audio_hw_extn: :: display_port_feature_init: ---- Feature DISPLAY_PORT is ENABLED ----
06-10 06:43:24.218   665   797 D audio_hw_extn: :: fluence_feature_init: ---- Feature FLUENCE is ENABLED ----
06-10 06:43:24.218   665   797 D audio_hw_extn: :: custom_stereo_feature_init: ---- Feature CUSTOM_STEREO is ENABLED ----
06-10 06:43:24.218   665   797 D audio_hw_extn: :: anc_headset_feature_init: ---- Feature ANC_HEADSET is ENABLED----
06-10 06:43:24.218   665   797 D audio_hw_extn: spkr_prot_feature_init: Called with feature Enabled, vendor_enhanced_info 0x3
06-10 06:43:24.221   665   797 D audio_hw_extn: spkr_prot_feature_init:: ---- Feature SPKR_PROT is Enabled ----
06-10 06:43:24.221   665   797 D audio_hw_extn: fm_feature_init: ---- Feature FM_POWER_OPT is ENABLED----
06-10 06:43:24.221   665   797 D audio_hw_extn: external_qdsp_feature_init: Called with feature NOT Enabled
06-10 06:43:24.221   665   797 W audio_hw_extn: :: external_qdsp_feature_init: ---- Feature EXTERNAL_QDSP is disabled ----
06-10 06:43:24.221   665   797 D audio_hw_extn: external_speaker_feature_init: Called with feature NOT Enabled
06-10 06:43:24.221   665   797 W audio_hw_extn: :: external_speaker_feature_init: ---- Feature EXTERNAL_SPKR is disabled ----
06-10 06:43:24.221   665   797 D audio_hw_extn: external_speaker_tfa_feature_init: Called with feature NOT Enabled
06-10 06:43:24.221   665   797 W audio_hw_extn: :: external_speaker_tfa_feature_init: ---- Feature EXTERNAL_SPKR_TFA is disabled ----
06-10 06:43:24.221   665   797 D audio_hw_extn: hwdep_cal_feature_init: Called with feature NOT Enabled
06-10 06:43:24.221   665   797 W audio_hw_extn: :: hwdep_cal_feature_init: ---- Feature HWDEP_CAL is disabled ----
06-10 06:43:24.221   665   797 D audio_hw_extn: hfp_feature_init: Called with feature Enabled
06-10 06:43:24.227   665   797 D audio_hw_extn: hfp_feature_init:: ---- Feature HFP is Enabled ----
06-10 06:43:24.227   665   797 D audio_hw_extn: ext_hw_plugin_feature_init: Called with feature NOT Enabled
06-10 06:43:24.227   665   797 W audio_hw_extn: :: ext_hw_plugin_feature_init: ---- Feature EXT_HW_PLUGIN is disabled ----
06-10 06:43:24.227   665   797 D audio_hw_extn: record_play_concurency_feature_init: ---- Feature RECORD_PLAY_CONCURRENCY is NOT ENABLED----
06-10 06:43:24.227   665   797 D audio_hw_extn: hdmi_passthrough_feature_init: Called with feature Enabled
06-10 06:43:24.232   665   797 E audio_hw_extn: hdmi_passthrough_feature_init: dlsym failed
06-10 06:43:24.232   665   797 W audio_hw_extn: :: hdmi_passthrough_feature_init: ---- Feature HDMI_PASSTHROUGH is disabled ----
06-10 06:43:24.232   665   797 D audio_hw_extn: concurrent_capture_feature_init: ---- Feature CONCURRENT_CAPTURE is NOT ENABLED----
06-10 06:43:24.232   665   797 D audio_hw_extn: compress_in_feature_init: ---- Feature COMPRESS_IN is NOT ENABLED----
06-10 06:43:24.232   665   797 W audio_hw_extn: :: battery_listener_feature_init: ---- Feature BATTERY_LISTENER is disabled ----
06-10 06:43:24.232   665   797 D audio_hw_extn: maxx_audio_feature_init: Called with feature NOT Enabled
06-10 06:43:24.232   665   797 W audio_hw_extn: :: maxx_audio_feature_init: ---- Feature MAXX_AUDIO is disabled ----
06-10 06:43:24.232   665   797 D audio_hw_extn: audiozoom_feature_init: Called with feature NOT Enabled
06-10 06:43:24.232   665   797 W audio_hw_extn: :: audiozoom_feature_init: ---- Feature AUDIOZOOM is disabled ----
06-10 06:43:24.232   665   797 D voice_extn: :: dynamic_ecns_feature_init: ---- Feature DYNAMIC_ECNS is NOT ENABLED ----
06-10 06:43:24.242   665   797 E audio_hw_extn: audio_extn_perf_lock_init: Perf lock handles Success 
06-10 06:43:24.255     0     0 W         : We will detect the device!
06-10 06:43:24.260     0     0 I         : detect E
06-10 06:43:24.260     0     0 W         : se4750 command CMD_LEN = 4, CMD = 70:00:00:90
06-10 06:43:24.260     0     0 W         : se4750 CMD_LEN = 4, CMD = 70:00:00:90
06-10 06:43:24.280     0     0 W         : moto_se4750_command 1931 se4750 command retVal=0
06-10 06:43:24.296     0     0 W         : Read_res = 0, Resp = 70:80
06-10 06:43:24.296     0     0 W         : zebra scan engine model: SE4710-LM000R
06-10 06:43:24.296     0     0 W         : detect result = 22
06-10 06:43:24.296     0     0 E         : se475x probe succeeded
06-10 06:43:24.298     0     0 I         : se4500 power down
06-10 06:43:24.375   669   669 I mm-camera: <SENSOR>< INFO> 216: sensor_xml_util_get_node_data: num_pairs = 9
06-10 06:43:24.375   669   669 I mm-camera: <SENSOR>< INFO> 255: sensor_xml_util_get_node_data:  i = 0 str = 3.81
06-10 06:43:24.375   669   669 I mm-camera: <SENSOR>< INFO> 255: sensor_xml_util_get_node_data:  i = 1 str = 2.2
06-10 06:43:24.375   669   669 I mm-camera: <SENSOR>< INFO> 255: sensor_xml_util_get_node_data:  i = 2 str = 2.94
06-10 06:43:24.375   669   669 I mm-camera: <SENSOR>< INFO> 255: sensor_xml_util_get_node_data:  i = 3 str = 62.7
06-10 06:43:24.375   669   669 I mm-camera: <SENSOR>< INFO> 255: sensor_xml_util_get_node_data:  i = 4 str = 48.7
06-10 06:43:24.375   669   669 I mm-camera: <SENSOR>< INFO> 255: sensor_xml_util_get_node_data:  i = 5 str = 0.1
06-10 06:43:24.375   669   669 I mm-camera: <SENSOR>< INFO> 216: sensor_xml_util_get_node_data: num_pairs = 4
06-10 06:43:24.375   669   669 I mm-camera: <SENSOR>< INFO> 255: sensor_xml_util_get_node_data:  i = 0 str = 1
06-10 06:43:24.375   669   669 I mm-camera: <SENSOR>< INFO> 255: sensor_xml_util_get_node_data:  i = 1 str = 0x03
06-10 06:43:24.375   669   669 I mm-camera: <SENSOR>< INFO> 255: sensor_xml_util_get_node_data:  i = 2 str = 0x4320
06-10 06:43:24.375   669   669 I mm-camera: <SENSOR>< INFO> 255: sensor_xml_util_get_node_data:  i = 3 str = 0
06-10 06:43:24.376   621   621 D OEM-HPM : change@/devices/platform/soc/800f000.qcom,spmi/spmi-0/spmi0-00/800f000.qcom,spmi:qcom,pm660@0:qcom,qpnp-smb2/power_supply/usb
06-10 06:43:24.377   621   621 I OEM-HPM : sysfs:path /sys/class/power_supply/usb/online data 0 size 1
06-10 06:43:24.377   621   621 I OEM-HPM : /sys/class/power_supply/usb/online is 0
06-10 06:43:24.377   621   621 I OEM-HPM : sysfs:path /sys/class/power_supply/pc_port/online data 10 size 1
06-10 06:43:24.377   621   621 I OEM-HPM : /sys/class/power_supply/pc_port/online is 1
06-10 06:43:24.377   621   621 E OEM-HPM : open sysfs fail: /sys/class/power_supply/ac/online: error: No such file or directory
06-10 06:43:24.377   621   621 E OEM-HPM : Read /sys/class/power_supply/ac/online failed
06-10 06:43:24.378     0     0 W healthd : battery l=100 v=4142 t=24.4 h=2 st=5 c=-876 fc=3811000 cc=28 fcd=4000000 chg=u
06-10 06:43:24.379   669   669 I mm-camera: <SENSOR>< INFO> 216: sensor_xml_util_get_node_data: num_pairs = 15
06-10 06:43:24.379   669   669 I mm-camera: <SENSOR>< INFO> 255: sensor_xml_util_get_node_data:  i = 0 str = 0
06-10 06:43:24.379   669   669 I mm-camera: <SENSOR>< INFO> 255: sensor_xml_util_get_node_data:  i = 3 str = csidtg_preview
06-10 06:43:24.379   669   669 I mm-camera: <SENSOR>< INFO> 255: sensor_xml_util_get_node_data:  i = 4 str = csidtg_preview
06-10 06:43:24.379   669   669 I mm-camera: <SENSOR>< INFO> 255: sensor_xml_util_get_node_data:  i = 5 str = csidtg_preview
06-10 06:43:24.379   669   669 I mm-camera: <SENSOR>< INFO> 255: sensor_xml_util_get_node_data:  i = 6 str = csidtg_cpp_preview
06-10 06:43:24.379   669   669 I mm-camera: <SENSOR>< INFO> 255: sensor_xml_util_get_node_data:  i = 7 str = csidtg_cpp_preview
06-10 06:43:24.379   669   669 I mm-camera: <SENSOR>< INFO> 255: sensor_xml_util_get_node_data:  i = 8 str = csidtg_cpp_preview
06-10 06:43:24.379   669   669 I mm-camera: <SENSOR>< INFO> 255: sensor_xml_util_get_node_data:  i = 9 str = csidtg_cpp_preview
06-10 06:43:24.379   669   669 I mm-camera: <SENSOR>< INFO> 255: sensor_xml_util_get_node_data:  i = 11 str = csidtg_zsl_preview
06-10 06:43:24.379   669   669 I mm-camera: <SENSOR>< INFO> 255: sensor_xml_util_get_node_data:  i = 12 str = csidtg_zsl_preview
06-10 06:43:24.379   669   669 I mm-camera: <SENSOR>< INFO> 216: sensor_xml_util_get_node_data: num_pairs = 15
06-10 06:43:24.379   669   669 I mm-camera: <SENSOR>< INFO> 255: sensor_xml_util_get_node_data:  i = 0 str = 1
06-10 06:43:24.379   669   669 I mm-camera: <SENSOR>< INFO> 255: sensor_xml_util_get_node_data:  i = 3 str = csidtg_preview
06-10 06:43:24.379   669   669 I mm-camera: <SENSOR>< INFO> 255: sensor_xml_util_get_node_data:  i = 4 str = csidtg_preview
06-10 06:43:24.379   669   669 I mm-camera: <SENSOR>< INFO> 255: sensor_xml_util_get_node_data:  i = 5 str = csidtg_preview
06-10 06:43:24.379   669   669 I mm-camera: <SENSOR>< INFO> 255: sensor_xml_util_get_node_data:  i = 6 str = csidtg_cpp_preview
06-10 06:43:24.380   669   669 I mm-camera: <SENSOR>< INFO> 255: sensor_xml_util_get_node_data:  i = 7 str = csidtg_cpp_preview
06-10 06:43:24.380   669   669 I mm-camera: <SENSOR>< INFO> 255: sensor_xml_util_get_node_data:  i = 8 str = csidtg_cpp_preview
06-10 06:43:24.380   669   669 I mm-camera: <SENSOR>< INFO> 255: sensor_xml_util_get_node_data:  i = 9 str = csidtg_cpp_preview
06-10 06:43:24.380   669   669 I mm-camera: <SENSOR>< INFO> 255: sensor_xml_util_get_node_data:  i = 11 str = csidtg_zsl_preview
06-10 06:43:24.380   669   669 I mm-camera: <SENSOR>< INFO> 255: sensor_xml_util_get_node_data:  i = 12 str = csidtg_zsl_preview
06-10 06:43:24.380   669   669 I mm-camera: <SENSOR>< INFO> 216: sensor_xml_util_get_node_data: num_pairs = 15
06-10 06:43:24.380   669   669 I mm-camera: <SENSOR>< INFO> 255: sensor_xml_util_get_node_data:  i = 0 str = 2
06-10 06:43:24.380   669   669 I mm-camera: <SENSOR>< INFO> 255: sensor_xml_util_get_node_data:  i = 3 str = csidtg_preview
06-10 06:43:24.380   669   669 I mm-camera: <SENSOR>< INFO> 255: sensor_xml_util_get_node_data:  i = 4 str = csidtg_preview
06-10 06:43:24.380   669   669 I mm-camera: <SENSOR>< INFO> 255: sensor_xml_util_get_node_data:  i = 5 str = csidtg_preview
06-10 06:43:24.380   669   669 I mm-camera: <SENSOR>< INFO> 255: sensor_xml_util_get_node_data:  i = 6 str = csidtg_cpp_preview
06-10 06:43:24.380   669   669 I mm-camera: <SENSOR>< INFO> 255: sensor_xml_util_get_node_data:  i = 7 str = csidtg_cpp_preview
06-10 06:43:24.380   669   669 I mm-camera: <SENSOR>< INFO> 255: sensor_xml_util_get_node_data:  i = 8 str = csidtg_cpp_preview
06-10 06:43:24.380   669   669 I mm-camera: <SENSOR>< INFO> 255: sensor_xml_util_get_node_data:  i = 9 str = csidtg_cpp_preview
06-10 06:43:24.380   669   669 I mm-camera: <SENSOR>< INFO> 255: sensor_xml_util_get_node_data:  i = 11 str = csidtg_zsl_preview
06-10 06:43:24.380   669   669 I mm-camera: <SENSOR>< INFO> 255: sensor_xml_util_get_node_data:  i = 12 str = csidtg_zsl_preview
06-10 06:43:24.380   669   669 I mm-camera: <SENSOR>< INFO> 216: sensor_xml_util_get_node_data: num_pairs = 15
06-10 06:43:24.380   669   669 I mm-camera: <SENSOR>< INFO> 255: sensor_xml_util_get_node_data:  i = 0 str = 3
06-10 06:43:24.380   669   669 I mm-camera: <SENSOR>< INFO> 255: sensor_xml_util_get_node_data:  i = 3 str = csidtg_preview
06-10 06:43:24.380   669   669 I mm-camera: <SENSOR>< INFO> 255: sensor_xml_util_get_node_data:  i = 4 str = csidtg_preview
06-10 06:43:24.380   669   669 I mm-camera: <SENSOR>< INFO> 255: sensor_xml_util_get_node_data:  i = 5 str = csidtg_preview
06-10 06:43:24.380   669   669 I mm-camera: <SENSOR>< INFO> 255: sensor_xml_util_get_node_data:  i = 6 str = csidtg_cpp_preview
06-10 06:43:24.380   669   669 I mm-camera: <SENSOR>< INFO> 255: sensor_xml_util_get_node_data:  i = 7 str = csidtg_cpp_preview
06-10 06:43:24.380   669   669 I mm-camera: <SENSOR>< INFO> 255: sensor_xml_util_get_node_data:  i = 8 str = csidtg_cpp_preview
06-10 06:43:24.380   669   669 I mm-camera: <SENSOR>< INFO> 255: sensor_xml_util_get_node_data:  i = 9 str = csidtg_cpp_preview
06-10 06:43:24.380   669   669 I mm-camera: <SENSOR>< INFO> 255: sensor_xml_util_get_node_data:  i = 11 str = csidtg_zsl_preview
06-10 06:43:24.380   669   669 I mm-camera: <SENSOR>< INFO> 255: sensor_xml_util_get_node_data:  i = 12 str = csidtg_zsl_preview
06-10 06:43:24.380   669   669 I mm-camera: <SENSOR>< INFO> 216: sensor_xml_util_get_node_data: num_pairs = 15
06-10 06:43:24.380   669   669 I mm-camera: <SENSOR>< INFO> 255: sensor_xml_util_get_node_data:  i = 0 str = 4
06-10 06:43:24.380   669   669 I mm-camera: <SENSOR>< INFO> 255: sensor_xml_util_get_node_data:  i = 3 str = csidtg_preview
06-10 06:43:24.380   669   669 I mm-camera: <SENSOR>< INFO> 255: sensor_xml_util_get_node_data:  i = 4 str = csidtg_preview
06-10 06:43:24.380   669   669 I mm-camera: <SENSOR>< INFO> 255: sensor_xml_util_get_node_data:  i = 5 str = csidtg_preview
06-10 06:43:24.380   669   669 I mm-camera: <SENSOR>< INFO> 255: sensor_xml_util_get_node_data:  i = 6 str = csidtg_cpp_preview
06-10 06:43:24.380   669   669 I mm-camera: <SENSOR>< INFO> 255: sensor_xml_util_get_node_data:  i = 7 str = csidtg_cpp_preview
06-10 06:43:24.380   669   669 I mm-camera: <SENSOR>< INFO> 255: sensor_xml_util_get_node_data:  i = 8 str = csidtg_cpp_preview
06-10 06:43:24.380   669   669 I mm-camera: <SENSOR>< INFO> 255: sensor_xml_util_get_node_data:  i = 9 str = csidtg_cpp_preview
06-10 06:43:24.380   669   669 I mm-camera: <SENSOR>< INFO> 255: sensor_xml_util_get_node_data:  i = 11 str = csidtg_zsl_preview
06-10 06:43:24.380   669   669 I mm-camera: <SENSOR>< INFO> 255: sensor_xml_util_get_node_data:  i = 12 str = csidtg_zsl_preview
06-10 06:43:24.380   669   669 I mm-camera: <SENSOR>< INFO> 216: sensor_xml_util_get_node_data: num_pairs = 14
06-10 06:43:24.380   669   669 I mm-camera: <SENSOR>< INFO> 255: sensor_xml_util_get_node_data:  i = 1 str = csidtg_common
06-10 06:43:24.380   669   669 I mm-camera: <SENSOR>< INFO> 255: sensor_xml_util_get_node_data:  i = 2 str = csidtg_preview
06-10 06:43:24.380   669   669 I mm-camera: <SENSOR>< INFO> 255: sensor_xml_util_get_node_data:  i = 3 str = csidtg_preview
06-10 06:43:24.380   669   669 I mm-camera: <SENSOR>< INFO> 255: sensor_xml_util_get_node_data:  i = 4 str = csidtg_preview
06-10 06:43:24.380   669   669 I mm-camera: <SENSOR>< INFO> 255: sensor_xml_util_get_node_data:  i = 5 str = csidtg_cpp_preview
06-10 06:43:24.380   669   669 I mm-camera: <SENSOR>< INFO> 255: sensor_xml_util_get_node_data:  i = 6 str = csidtg_cpp_preview
06-10 06:43:24.380   669   669 I mm-camera: <SENSOR>< INFO> 255: sensor_xml_util_get_node_data:  i = 7 str = csidtg_cpp_preview
06-10 06:43:24.380   669   669 I mm-camera: <SENSOR>< INFO> 255: sensor_xml_util_get_node_data:  i = 8 str = csidtg_cpp_preview
06-10 06:43:24.380   669   669 I mm-camera: <SENSOR>< INFO> 255: sensor_xml_util_get_node_data:  i = 9 str = csidtg_postproc
06-10 06:43:24.381   669   669 I mm-camera: <SENSOR>< INFO> 255: sensor_xml_util_get_node_data:  i = 10 str = csidtg_zsl_preview
06-10 06:43:24.381   669   669 I mm-camera: <SENSOR>< INFO> 255: sensor_xml_util_get_node_data:  i = 11 str = csidtg_zsl_preview
06-10 06:43:24.381   669   669 I mm-camera: <SENSOR>< INFO> 216: sensor_xml_util_get_node_data: num_pairs = 13
06-10 06:43:24.381   669   669 I mm-camera: <SENSOR>< INFO> 255: sensor_xml_util_get_node_data:  i = 1 str = ov8856
06-10 06:43:24.381   669   669 I mm-camera: <SENSOR>< INFO> 255: sensor_xml_util_get_node_data:  i = 2 str = dw9714
06-10 06:43:24.381   669   669 I mm-camera: <SENSOR>< INFO> 255: sensor_xml_util_get_node_data:  i = 3 str = ov8856_gt24p64b
06-10 06:43:24.381   669   669 I mm-camera: <SENSOR>< INFO> 255: sensor_xml_util_get_node_data:  i = 5 str = pmic
06-10 06:43:24.381   669   669 I mm-camera: <SENSOR>< INFO> 255: sensor_xml_util_get_node_data:  i = 6 str = ov8856_chromatix
06-10 06:43:24.381   669   669 I mm-camera: <SENSOR>< INFO> 184: sensor_sysinfo_read: sysinfo:path /sys/module/msm_sensor_driver/parameters/module_vendor data default size 10
06-10 06:43:24.381   669   669 I mm-camera: <SENSOR>< INFO> 255: sensor_xml_util_get_node_data:  i = 8 str = 2
06-10 06:43:24.381   669   669 I mm-camera: <SENSOR>< INFO> 255: sensor_xml_util_get_node_data:  i = 9 str = 1
06-10 06:43:24.381   669   669 I mm-camera: <SENSOR>< INFO> 255: sensor_xml_util_get_node_data:  i = 10 str = FRONT
06-10 06:43:24.381   669   669 I mm-camera: <SENSOR>< INFO> 255: sensor_xml_util_get_node_data:  i = 11 str = 360
06-10 06:43:24.382   669   669 I mm-camera: <SENSOR>< INFO> 311: sensor_sdk_util_get_i2c_freq_mode: Invalid i2c_freq_mode = 4
06-10 06:43:24.382     0     0 E failed  : s_ctrl 00000000b6b128eb for camera_id 2
06-10 06:43:24.382     0     0 E MSM-SENSOR-INIT msm_sensor_driver_cmd: 82 msm_sensor_driver_cmd failed (non-fatal) rc -22
06-10 06:43:24.382     0     0 E MSM-SENSOR-INIT msm_sensor_init_subdev_do_ioctl: 150 msm_sensor_init_subdev_do_ioctl:150 VIDIOC_MSM_SENSOR_INIT_CFG failed (non-fatal)
06-10 06:43:24.382   669   669 I mm-camera: <SENSOR>< INFO> 246: sensor_probe: [ov8856]CFG_SINIT_PROBE failed
06-10 06:43:24.382   669   669 I mm-camera: <SENSOR>< INFO> 399: sensor_init_xml_probe: failed: to probe ov8856
06-10 06:43:24.382   669   669 I mm-camera: <SENSOR>< INFO> 216: sensor_xml_util_get_node_data: num_pairs = 13
06-10 06:43:24.382   669   669 I mm-camera: <SENSOR>< INFO> 255: sensor_xml_util_get_node_data:  i = 1 str = s5k5e9yx04
06-10 06:43:24.382   669   669 I mm-camera: <SENSOR>< INFO> 255: sensor_xml_util_get_node_data:  i = 2 str = dw9714a
06-10 06:43:24.382   669   669 I mm-camera: <SENSOR>< INFO> 255: sensor_xml_util_get_node_data:  i = 3 str = s5k5e9yx04_le24l043cb
06-10 06:43:24.383   669   669 I mm-camera: <SENSOR>< INFO> 255: sensor_xml_util_get_node_data:  i = 5 str = pmic
06-10 06:43:24.383   669   669 I mm-camera: <SENSOR>< INFO> 255: sensor_xml_util_get_node_data:  i = 6 str = s5k5e9yx04_chromatix
06-10 06:43:24.383   669   669 I mm-camera: <SENSOR>< INFO> 255: sensor_xml_util_get_node_data:  i = 8 str = 3
06-10 06:43:24.383   669   669 I mm-camera: <SENSOR>< INFO> 255: sensor_xml_util_get_node_data:  i = 9 str = 1
