07-21 20:38:02.016   506  1623 D vold    : Found matching PID 725
07-21 20:38:02.016   506  1623 W vold    : Skipping due to root namespace
07-21 20:38:02.016   506  1623 D vold    : Found matching PID 727
07-21 20:38:02.016   506  1623 W vold    : Skipping due to root namespace
07-21 20:38:02.016   506  1623 D vold    : Found matching PID 774
07-21 20:38:02.016   506  1623 W vold    : Skipping due to root namespace
07-21 20:38:02.016   506  1623 D vold    : Found matching PID 889
07-21 20:38:02.016   506  1623 W vold    : Skipping due to root namespace
07-21 20:38:02.016   506  1623 D vold    : Found matching PID 890
07-21 20:38:02.016   506  1623 W vold    : Skipping due to root namespace
07-21 20:38:02.017   506  1623 D vold    : Found matching PID 898
07-21 20:38:02.017   506  1623 W vold    : Skipping due to root namespace
07-21 20:38:02.017   506  1623 D vold    : Found matching PID 901
07-21 20:38:02.017   506  1623 W vold    : Skipping due to root namespace
07-21 20:38:02.017   506  1623 D vold    : Found matching PID 904
07-21 20:38:02.017   506  1623 W vold    : Skipping due to root namespace
07-21 20:38:02.017   506  1623 D vold    : Found matching PID 905
07-21 20:38:02.017   506  1623 W vold    : Skipping due to root namespace
07-21 20:38:02.017   506  1623 D vold    : Found matching PID 914
07-21 20:38:02.017   506  1623 W vold    : Skipping due to root namespace
07-21 20:38:02.018   506  1623 D vold    : Found matching PID 943
07-21 20:38:02.018   506  1623 W vold    : Skipping due to root namespace
07-21 20:38:02.018   506  1623 D vold    : Found matching PID 976
07-21 20:38:02.018   506  1623 W vold    : Skipping due to root namespace
07-21 20:38:02.018   506  1623 D vold    : Found matching PID 977
07-21 20:38:02.018   506  1623 W vold    : Skipping due to root namespace
07-21 20:38:02.018   506  1623 D vold    : Found matching PID 980
07-21 20:38:02.018   506  1623 W vold    : Skipping due to root namespace
07-21 20:38:02.018   506  1623 D vold    : Found matching PID 987
07-21 20:38:02.018   506  1623 W vold    : Skipping due to root namespace
07-21 20:38:02.018   506  1623 D vold    : Found matching PID 999
07-21 20:38:02.018   506  1623 W vold    : Skipping due to root namespace
07-21 20:38:02.018   506  1623 D vold    : Found matching PID 1027
07-21 20:38:02.018   506  1623 W vold    : Skipping due to root namespace
07-21 20:38:02.019   506  1623 D vold    : Found matching PID 1266
07-21 20:38:02.023   506  1623 D vold    : Found matching PID 1343
07-21 20:38:02.024   506  1623 W vold    : Skipping due to root namespace
07-21 20:38:02.025   506   514 D vold    : Remounting 1000 as mode full
07-21 20:38:02.031     0     0 I init    : Received control message 'stop' for 'idmap2d' from pid: 1266 (system_server)
07-21 20:38:02.031     0     0 I init    : Sending signal 9 to service 'idmap2d' (pid 914) process group...
07-21 20:38:02.033   506   514 D vold    : Found matching PID 496
07-21 20:38:02.033   506   514 W vold    : Skipping due to root namespace
07-21 20:38:02.033   506   514 D vold    : Found matching PID 497
07-21 20:38:02.033   506   514 W vold    : Skipping due to root namespace
07-21 20:38:02.033   506   514 D vold    : Found matching PID 498
07-21 20:38:02.033   506   514 W vold    : Skipping due to root namespace
07-21 20:38:02.033   506   514 D vold    : Found matching PID 499
07-21 20:38:02.033   506   514 W vold    : Skipping due to root namespace
07-21 20:38:02.033   506   514 D vold    : Found matching PID 500
07-21 20:38:02.033   506   514 W vold    : Skipping due to root namespace
07-21 20:38:02.033   506   514 D vold    : Found matching PID 544
07-21 20:38:02.034   506   514 W vold    : Skipping due to root namespace
07-21 20:38:02.034   506   514 D vold    : Found matching PID 560
07-21 20:38:02.034   506   514 W vold    : Skipping due to root namespace
07-21 20:38:02.034   506   514 D vold    : Found matching PID 562
07-21 20:38:02.034   506   514 W vold    : Skipping due to root namespace
07-21 20:38:02.034   506   514 D vold    : Found matching PID 563
07-21 20:38:02.034   506   514 W vold    : Skipping due to root namespace
07-21 20:38:02.034   506   514 D vold    : Found matching PID 627
07-21 20:38:02.034   506   514 W vold    : Skipping due to root namespace
07-21 20:38:02.034   506   514 D vold    : Found matching PID 630
07-21 20:38:02.034   506   514 W vold    : Skipping due to root namespace
07-21 20:38:02.034   506   514 D vold    : Found matching PID 678
07-21 20:38:02.034   506   514 W vold    : Skipping due to root namespace
07-21 20:38:02.034   506   514 D vold    : Found matching PID 679
07-21 20:38:02.034   506   514 W vold    : Skipping due to root namespace
07-21 20:38:02.035   506   514 D vold    : Found matching PID 683
07-21 20:38:02.035   506   514 W vold    : Skipping due to root namespace
07-21 20:38:02.035   506   514 D vold    : Found matching PID 686
07-21 20:38:02.035   506   514 W vold    : Skipping due to root namespace
07-21 20:38:02.035   506   514 D vold    : Found matching PID 687
07-21 20:38:02.035   506   514 W vold    : Skipping due to root namespace
07-21 20:38:02.035   506   514 D vold    : Found matching PID 688
07-21 20:38:02.036   506   514 W vold    : Skipping due to root namespace
07-21 20:38:02.036   506   514 D vold    : Found matching PID 689
07-21 20:38:02.036   506   514 W vold    : Skipping due to root namespace
07-21 20:38:02.036   506   514 D vold    : Found matching PID 690
07-21 20:38:02.036   506   514 W vold    : Skipping due to root namespace
07-21 20:38:02.036   506   514 D vold    : Found matching PID 691
07-21 20:38:02.036   506   514 W vold    : Skipping due to root namespace
07-21 20:38:02.036   506   514 D vold    : Found matching PID 692
07-21 20:38:02.036   506   514 W vold    : Skipping due to root namespace
07-21 20:38:02.036   506   514 D vold    : Found matching PID 693
07-21 20:38:02.036   506   514 W vold    : Skipping due to root namespace
07-21 20:38:02.036   506   514 D vold    : Found matching PID 694
07-21 20:38:02.036   506   514 W vold    : Skipping due to root namespace
07-21 20:38:02.036   506   514 D vold    : Found matching PID 695
07-21 20:38:02.036   506   514 W vold    : Skipping due to root namespace
07-21 20:38:02.036   506   514 D vold    : Found matching PID 697
07-21 20:38:02.036   506   514 W vold    : Skipping due to root namespace
07-21 20:38:02.036   506   514 D vold    : Found matching PID 698
07-21 20:38:02.036   506   514 W vold    : Skipping due to root namespace
07-21 20:38:02.036   506   514 D vold    : Found matching PID 699
07-21 20:38:02.036   506   514 W vold    : Skipping due to root namespace
07-21 20:38:02.036   506   514 D vold    : Found matching PID 702
07-21 20:38:02.036   506   514 W vold    : Skipping due to root namespace
07-21 20:38:02.036   506   514 D vold    : Found matching PID 704
07-21 20:38:02.036   506   514 W vold    : Skipping due to root namespace
07-21 20:38:02.036   506   514 D vold    : Found matching PID 706
07-21 20:38:02.036   506   514 W vold    : Skipping due to root namespace
07-21 20:38:02.036   506   514 D vold    : Found matching PID 708
07-21 20:38:02.037   506   514 W vold    : Skipping due to root namespace
07-21 20:38:02.037     0     0 I libprocessgroup: Successfully killed process cgroup uid 1000 pid 914 in 5ms
07-21 20:38:02.037   506   514 D vold    : Found matching PID 709
07-21 20:38:02.037   506   514 W vold    : Skipping due to root namespace
07-21 20:38:02.037   506   514 D vold    : Found matching PID 710
07-21 20:38:02.037   506   514 W vold    : Skipping due to root namespace
07-21 20:38:02.037   506   514 D vold    : Found matching PID 711
07-21 20:38:02.037   506   514 W vold    : Skipping due to root namespace
07-21 20:38:02.037   506   514 D vold    : Found matching PID 712
07-21 20:38:02.037   506   514 W vold    : Skipping due to root namespace
07-21 20:38:02.037   506   514 D vold    : Found matching PID 717
07-21 20:38:02.037   506   514 W vold    : Skipping due to root namespace
07-21 20:38:02.037   506   514 D vold    : Found matching PID 718
07-21 20:38:02.037  1266  1308 I chatty  : uid=1000(system) Binder:1266_2 expire 7 lines
07-21 20:38:02.037   506   514 W vold    : Skipping due to root namespace
07-21 20:38:02.037   506   514 D vold    : Found matching PID 725
07-21 20:38:02.037   506   514 W vold    : Skipping due to root namespace
07-21 20:38:02.037   506   514 D vold    : Found matching PID 727
07-21 20:38:02.037   506   514 W vold    : Skipping due to root namespace
07-21 20:38:02.037   506   514 D vold    : Found matching PID 774
07-21 20:38:02.038   506   514 W vold    : Skipping due to root namespace
07-21 20:38:02.038   506   514 D vold    : Found matching PID 889
07-21 20:38:02.038   506   514 W vold    : Skipping due to root namespace
07-21 20:38:02.038   506   514 D vold    : Found matching PID 890
07-21 20:38:02.038   506   514 W vold    : Skipping due to root namespace
07-21 20:38:02.038   506   514 D vold    : Found matching PID 898
07-21 20:38:02.038   506   514 W vold    : Skipping due to root namespace
07-21 20:38:02.038     0     0 I init    : Service 'idmap2d' (pid 914) received signal 9
07-21 20:38:02.038   506   514 D vold    : Found matching PID 901
07-21 20:38:02.038   506   514 W vold    : Skipping due to root namespace
07-21 20:38:02.038   506   514 D vold    : Found matching PID 904
07-21 20:38:02.038   506   514 W vold    : Skipping due to root namespace
07-21 20:38:02.038   506   514 D vold    : Found matching PID 905
07-21 20:38:02.038   506   514 W vold    : Skipping due to root namespace
07-21 20:38:02.038   506   514 D vold    : Found matching PID 943
07-21 20:38:02.038   506   514 W vold    : Skipping due to root namespace
07-21 20:38:02.039   506   514 D vold    : Found matching PID 976
07-21 20:38:02.039   506   514 W vold    : Skipping due to root namespace
07-21 20:38:02.039   506   514 D vold    : Found matching PID 977
07-21 20:38:02.039   506   514 W vold    : Skipping due to root namespace
07-21 20:38:02.039   506   514 D vold    : Found matching PID 980
07-21 20:38:02.039   506   514 W vold    : Skipping due to root namespace
07-21 20:38:02.039   506   514 D vold    : Found matching PID 987
07-21 20:38:02.039   506   514 W vold    : Skipping due to root namespace
07-21 20:38:02.039   506   514 D vold    : Found matching PID 999
07-21 20:38:02.039   506   514 W vold    : Skipping due to root namespace
07-21 20:38:02.039   506   514 D vold    : Found matching PID 1027
07-21 20:38:02.039   506   514 W vold    : Skipping due to root namespace
07-21 20:38:02.039   506   514 D vold    : Found matching PID 1266
07-21 20:38:02.043   506   514 D vold    : Found matching PID 1343
07-21 20:38:02.043   506   514 W vold    : Skipping due to root namespace
07-21 20:38:02.044  1266  1266 I sysui_multi_action: [757,1243,758,4,806,com.qualcomm.qti.workloadclassifier,1241,android.permission.ACCESS_MEDIA_LOCATION]
07-21 20:38:02.047  1266  1266 I sysui_multi_action: [757,1243,758,4,806,com.android.settings,1241,android.permission.READ_CONTACTS]
07-21 20:38:02.048  1266  1266 I sysui_multi_action: [757,1243,758,4,806,com.android.settings,1241,android.permission.WRITE_CONTACTS]
07-21 20:38:02.049  1266  1266 I sysui_multi_action: [757,1243,758,4,806,com.android.settings,1241,android.permission.ACCESS_FINE_LOCATION]
07-21 20:38:02.050  1266  1266 I sysui_multi_action: [757,1243,758,4,806,com.qualcomm.qti.cne,1241,android.permission.READ_PHONE_STATE]
07-21 20:38:02.051  1266  1266 I sysui_multi_action: [757,1243,758,4,806,com.qualcomm.qti.cne,1241,android.permission.ACCESS_COARSE_LOCATION]
07-21 20:38:02.052  1266  1266 I sysui_multi_action: [757,1243,758,4,806,com.qualcomm.qti.cne,1241,android.permission.ACCESS_FINE_LOCATION]
07-21 20:38:02.052  1266  1266 I sysui_multi_action: [757,1243,758,4,806,com.qualcomm.qti.cne,1241,android.permission.ACCESS_BACKGROUND_LOCATION]
07-21 20:38:02.055  1266  1266 I sysui_multi_action: [757,1243,758,4,806,com.android.phone,1241,android.permission.CALL_PHONE]
07-21 20:38:02.056  1266  1266 I sysui_multi_action: [757,1243,758,4,806,com.android.phone,1241,android.permission.READ_CONTACTS]
07-21 20:38:02.057  1266  1266 I sysui_multi_action: [757,1243,758,4,806,com.android.phone,1241,android.permission.READ_CALL_LOG]
07-21 20:38:02.058  1266  1266 I sysui_multi_action: [757,1243,758,4,806,com.android.phone,1241,android.permission.WRITE_CONTACTS]
07-21 20:38:02.059  1266  1266 I sysui_multi_action: [757,1243,758,4,806,com.android.phone,1241,android.permission.WRITE_CALL_LOG]
07-21 20:38:02.060  1266  1266 I sysui_multi_action: [757,1243,758,4,806,com.android.phone,1241,android.permission.SEND_SMS]
07-21 20:38:02.061  1266  1266 I sysui_multi_action: [757,1243,758,4,806,com.android.phone,1241,android.permission.PROCESS_OUTGOING_CALLS]
07-21 20:38:02.063  1266  1266 I sysui_multi_action: [757,1243,758,4,806,com.android.phone,1241,android.permission.RECORD_AUDIO]
07-21 20:38:02.064  1266  1266 I sysui_multi_action: [757,1243,758,4,806,com.android.phone,1241,android.permission.USE_SIP]
07-21 20:38:02.065  1266  1266 I sysui_multi_action: [757,1243,758,4,806,com.android.phone,1241,android.permission.GET_ACCOUNTS]
07-21 20:38:02.066  1266  1266 I sysui_multi_action: [757,1243,758,4,806,com.android.phone,1241,com.android.voicemail.permission.ADD_VOICEMAIL]
07-21 20:38:02.068  1266  1266 I sysui_multi_action: [757,1243,758,4,806,com.android.shell,1241,android.permission.SEND_SMS]
07-21 20:38:02.069  1266  1266 I sysui_multi_action: [757,1243,758,4,806,com.android.shell,1241,android.permission.READ_SMS]
07-21 20:38:02.069  1266  1266 I sysui_multi_action: [757,1243,758,4,806,com.android.shell,1241,android.permission.CALL_PHONE]
07-21 20:38:02.070  1266  1266 I sysui_multi_action: [757,1243,758,4,806,com.android.shell,1241,android.permission.READ_PHONE_STATE]
07-21 20:38:02.070  1266  1266 I sysui_multi_action: [757,1243,758,4,806,com.android.shell,1241,android.permission.READ_CONTACTS]
07-21 20:38:02.070  1266  1266 I sysui_multi_action: [757,1243,758,4,806,com.android.shell,1241,android.permission.WRITE_CONTACTS]
07-21 20:38:02.071  1266  1266 I sysui_multi_action: [757,1243,758,4,806,com.android.shell,1241,android.permission.READ_CALENDAR]
07-21 20:38:02.071  1266  1266 I sysui_multi_action: [757,1243,758,4,806,com.android.shell,1241,android.permission.WRITE_CALENDAR]
07-21 20:38:02.071  1266  1266 I sysui_multi_action: [757,1243,758,4,806,com.android.shell,1241,android.permission.ACCESS_FINE_LOCATION]
07-21 20:38:02.072  1266  1266 I sysui_multi_action: [757,1243,758,4,806,com.android.shell,1241,android.permission.READ_EXTERNAL_STORAGE]
07-21 20:38:02.072   506   514 D vold    : Remounting 2000 as mode default
07-21 20:38:02.077   506   514 D vold    : Found matching PID 885
07-21 20:38:02.077   506   514 W vold    : Skipping due to root namespace
07-21 20:38:02.078   506   514 D vold    : Remounting 2000 as mode default
07-21 20:38:02.082   506   514 D vold    : Found matching PID 885
07-21 20:38:02.082   506   514 W vold    : Skipping due to root namespace
07-21 20:38:02.083  1266  1266 I sysui_multi_action: [757,1243,758,4,806,com.android.shell,1241,android.permission.WRITE_EXTERNAL_STORAGE]
07-21 20:38:02.084   506   514 D vold    : Remounting 2000 as mode full
07-21 20:38:02.088   506   514 D vold    : Found matching PID 885
07-21 20:38:02.088   506   514 W vold    : Skipping due to root namespace
07-21 20:38:02.089   506  1628 D vold    : Remounting 2000 as mode full
07-21 20:38:02.093   506  1628 D vold    : Found matching PID 885
07-21 20:38:02.093   506  1628 W vold    : Skipping due to root namespace
07-21 20:38:02.094  1266  1266 I sysui_multi_action: [757,1243,758,4,806,com.android.shell,1241,android.permission.GET_ACCOUNTS]
07-21 20:38:02.096  1266  1266 I sysui_multi_action: [757,1243,758,4,806,com.qualcomm.qti.qmmi,1241,android.permission.RECORD_AUDIO]
07-21 20:38:02.096  1266  1469 I commit_sys_config_file: [settings-1-0,187]
07-21 20:38:02.097   506   514 D vold    : Remounting 1000 as mode full
07-21 20:38:02.100   506   514 D vold    : Found matching PID 496
07-21 20:38:02.100   506   514 W vold    : Skipping due to root namespace
07-21 20:38:02.100   506   514 D vold    : Found matching PID 497
07-21 20:38:02.100   506   514 W vold    : Skipping due to root namespace
07-21 20:38:02.100   506   514 D vold    : Found matching PID 498
07-21 20:38:02.101   506   514 W vold    : Skipping due to root namespace
07-21 20:38:02.101   506   514 D vold    : Found matching PID 499
07-21 20:38:02.101   506   514 W vold    : Skipping due to root namespace
07-21 20:38:02.101   506   514 D vold    : Found matching PID 500
07-21 20:38:02.101   506   514 W vold    : Skipping due to root namespace
07-21 20:38:02.101   506   514 D vold    : Found matching PID 544
07-21 20:38:02.101   506   514 W vold    : Skipping due to root namespace
07-21 20:38:02.101   506   514 D vold    : Found matching PID 560
07-21 20:38:02.101   506   514 W vold    : Skipping due to root namespace
07-21 20:38:02.101   506   514 D vold    : Found matching PID 562
07-21 20:38:02.101   506   514 W vold    : Skipping due to root namespace
07-21 20:38:02.101   506   514 D vold    : Found matching PID 563
07-21 20:38:02.101   506   514 W vold    : Skipping due to root namespace
07-21 20:38:02.101   506   514 D vold    : Found matching PID 627
07-21 20:38:02.101   506   514 W vold    : Skipping due to root namespace
07-21 20:38:02.101   506   514 D vold    : Found matching PID 630
07-21 20:38:02.101   506   514 W vold    : Skipping due to root namespace
07-21 20:38:02.101   506   514 D vold    : Found matching PID 678
07-21 20:38:02.101   506   514 W vold    : Skipping due to root namespace
07-21 20:38:02.101   506   514 D vold    : Found matching PID 679
07-21 20:38:02.101   506   514 W vold    : Skipping due to root namespace
07-21 20:38:02.102   506   514 D vold    : Found matching PID 683
07-21 20:38:02.102   506   514 W vold    : Skipping due to root namespace
07-21 20:38:02.102   506   514 D vold    : Found matching PID 686
07-21 20:38:02.102   506   514 W vold    : Skipping due to root namespace
07-21 20:38:02.102   506   514 D vold    : Found matching PID 687
07-21 20:38:02.102   506   514 W vold    : Skipping due to root namespace
07-21 20:38:02.102   506   514 D vold    : Found matching PID 688
07-21 20:38:02.102   506   514 W vold    : Skipping due to root namespace
07-21 20:38:02.102   506   514 D vold    : Found matching PID 689
07-21 20:38:02.102   506   514 W vold    : Skipping due to root namespace
07-21 20:38:02.102   506   514 D vold    : Found matching PID 690
07-21 20:38:02.102   506   514 W vold    : Skipping due to root namespace
07-21 20:38:02.102   506   514 D vold    : Found matching PID 691
07-21 20:38:02.102   506   514 W vold    : Skipping due to root namespace
07-21 20:38:02.102   506   514 D vold    : Found matching PID 692
07-21 20:38:02.102   506   514 W vold    : Skipping due to root namespace
07-21 20:38:02.102   506   514 D vold    : Found matching PID 693
07-21 20:38:02.102   506   514 W vold    : Skipping due to root namespace
07-21 20:38:02.102   506   514 D vold    : Found matching PID 694
07-21 20:38:02.102   506   514 W vold    : Skipping due to root namespace
07-21 20:38:02.102   506   514 D vold    : Found matching PID 695
07-21 20:38:02.102   506   514 W vold    : Skipping due to root namespace
07-21 20:38:02.102   506   514 D vold    : Found matching PID 697
07-21 20:38:02.102   506   514 W vold    : Skipping due to root namespace
07-21 20:38:02.102   506   514 D vold    : Found matching PID 698
07-21 20:38:02.102   506   514 W vold    : Skipping due to root namespace
07-21 20:38:02.102   506   514 D vold    : Found matching PID 699
07-21 20:38:02.102   506   514 W vold    : Skipping due to root namespace
07-21 20:38:02.102   506   514 D vold    : Found matching PID 702
07-21 20:38:02.102   506   514 W vold    : Skipping due to root namespace
07-21 20:38:02.102   506   514 D vold    : Found matching PID 704
07-21 20:38:02.102   506   514 W vold    : Skipping due to root namespace
07-21 20:38:02.102   506   514 D vold    : Found matching PID 706
07-21 20:38:02.102   506   514 W vold    : Skipping due to root namespace
07-21 20:38:02.102   506   514 D vold    : Found matching PID 708
07-21 20:38:02.102   506   514 W vold    : Skipping due to root namespace
07-21 20:38:02.102   506   514 D vold    : Found matching PID 709
07-21 20:38:02.103   506   514 W vold    : Skipping due to root namespace
07-21 20:38:02.103   506   514 D vold    : Found matching PID 710
07-21 20:38:02.103   506   514 W vold    : Skipping due to root namespace
07-21 20:38:02.103   506   514 D vold    : Found matching PID 711
07-21 20:38:02.103   506   514 W vold    : Skipping due to root namespace
07-21 20:38:02.103   506   514 D vold    : Found matching PID 712
07-21 20:38:02.103   506   514 W vold    : Skipping due to root namespace
07-21 20:38:02.103   506   514 D vold    : Found matching PID 717
07-21 20:38:02.103   506   514 W vold    : Skipping due to root namespace
07-21 20:38:02.103   506   514 D vold    : Found matching PID 718
07-21 20:38:02.103   506   514 W vold    : Skipping due to root namespace
07-21 20:38:02.103   506   514 D vold    : Found matching PID 725
07-21 20:38:02.103   506   514 W vold    : Skipping due to root namespace
07-21 20:38:02.103   506   514 D vold    : Found matching PID 727
07-21 20:38:02.103   506   514 W vold    : Skipping due to root namespace
07-21 20:38:02.103   506   514 D vold    : Found matching PID 774
07-21 20:38:02.103   506   514 W vold    : Skipping due to root namespace
07-21 20:38:02.103   506   514 D vold    : Found matching PID 889
07-21 20:38:02.103   506   514 W vold    : Skipping due to root namespace
07-21 20:38:02.103   506   514 D vold    : Found matching PID 890
07-21 20:38:02.103   506   514 W vold    : Skipping due to root namespace
07-21 20:38:02.103   506   514 D vold    : Found matching PID 898
07-21 20:38:02.103   506   514 W vold    : Skipping due to root namespace
07-21 20:38:02.103   506   514 D vold    : Found matching PID 901
07-21 20:38:02.103   506   514 W vold    : Skipping due to root namespace
07-21 20:38:02.103   506   514 D vold    : Found matching PID 904
07-21 20:38:02.103   506   514 W vold    : Skipping due to root namespace
07-21 20:38:02.103   506   514 D vold    : Found matching PID 905
07-21 20:38:02.103   506   514 W vold    : Skipping due to root namespace
07-21 20:38:02.103   506   514 D vold    : Found matching PID 943
07-21 20:38:02.103   506   514 W vold    : Skipping due to root namespace
07-21 20:38:02.103   506   514 D vold    : Found matching PID 976
07-21 20:38:02.103   506   514 W vold    : Skipping due to root namespace
07-21 20:38:02.103   506   514 D vold    : Found matching PID 977
07-21 20:38:02.103   506   514 W vold    : Skipping due to root namespace
07-21 20:38:02.103   506   514 D vold    : Found matching PID 980
07-21 20:38:02.104   506   514 W vold    : Skipping due to root namespace
07-21 20:38:02.104   506   514 D vold    : Found matching PID 987
07-21 20:38:02.104   506   514 W vold    : Skipping due to root namespace
07-21 20:38:02.104   506   514 D vold    : Found matching PID 999
07-21 20:38:02.104   506   514 W vold    : Skipping due to root namespace
07-21 20:38:02.104   506   514 D vold    : Found matching PID 1027
07-21 20:38:02.104   506   514 W vold    : Skipping due to root namespace
07-21 20:38:02.104   506   514 D vold    : Found matching PID 1266
07-21 20:38:02.108   506   514 D vold    : Found matching PID 1343
07-21 20:38:02.108   506   514 W vold    : Skipping due to root namespace
07-21 20:38:02.110   506   514 D vold    : Remounting 1000 as mode full
07-21 20:38:02.113   506   514 D vold    : Found matching PID 496
07-21 20:38:02.113   506   514 W vold    : Skipping due to root namespace
07-21 20:38:02.113   506   514 D vold    : Found matching PID 497
07-21 20:38:02.113   506   514 W vold    : Skipping due to root namespace
07-21 20:38:02.113   506   514 D vold    : Found matching PID 498
07-21 20:38:02.113   506   514 W vold    : Skipping due to root namespace
07-21 20:38:02.113   506   514 D vold    : Found matching PID 499
07-21 20:38:02.113   506   514 W vold    : Skipping due to root namespace
07-21 20:38:02.113   506   514 D vold    : Found matching PID 500
07-21 20:38:02.113   506   514 W vold    : Skipping due to root namespace
07-21 20:38:02.113   506   514 D vold    : Found matching PID 544
07-21 20:38:02.113   506   514 W vold    : Skipping due to root namespace
07-21 20:38:02.113   506   514 D vold    : Found matching PID 560
07-21 20:38:02.113   506   514 W vold    : Skipping due to root namespace
07-21 20:38:02.113   506   514 D vold    : Found matching PID 562
07-21 20:38:02.113   506   514 W vold    : Skipping due to root namespace
07-21 20:38:02.113   506   514 D vold    : Found matching PID 563
07-21 20:38:02.113   506   514 W vold    : Skipping due to root namespace
07-21 20:38:02.113   506   514 D vold    : Found matching PID 627
07-21 20:38:02.113   506   514 W vold    : Skipping due to root namespace
07-21 20:38:02.113   506   514 D vold    : Found matching PID 630
07-21 20:38:02.113   506   514 W vold    : Skipping due to root namespace
07-21 20:38:02.113   506   514 D vold    : Found matching PID 678
07-21 20:38:02.114   506   514 W vold    : Skipping due to root namespace
07-21 20:38:02.114   506   514 D vold    : Found matching PID 679
07-21 20:38:02.114   506   514 W vold    : Skipping due to root namespace
07-21 20:38:02.114   506   514 D vold    : Found matching PID 683
07-21 20:38:02.114   506   514 W vold    : Skipping due to root namespace
07-21 20:38:02.114   506   514 D vold    : Found matching PID 686
07-21 20:38:02.114   506   514 W vold    : Skipping due to root namespace
07-21 20:38:02.114   506   514 D vold    : Found matching PID 687
07-21 20:38:02.114   506   514 W vold    : Skipping due to root namespace
07-21 20:38:02.114   506   514 D vold    : Found matching PID 688
07-21 20:38:02.114   506   514 W vold    : Skipping due to root namespace
07-21 20:38:02.114   506   514 D vold    : Found matching PID 689
07-21 20:38:02.114   506   514 W vold    : Skipping due to root namespace
07-21 20:38:02.114   506   514 D vold    : Found matching PID 690
07-21 20:38:02.114   506   514 W vold    : Skipping due to root namespace
07-21 20:38:02.114   506   514 D vold    : Found matching PID 691
07-21 20:38:02.114   506   514 W vold    : Skipping due to root namespace
07-21 20:38:02.114   506   514 D vold    : Found matching PID 692
07-21 20:38:02.114   506   514 W vold    : Skipping due to root namespace
07-21 20:38:02.114   506   514 D vold    : Found matching PID 693
07-21 20:38:02.114   506   514 W vold    : Skipping due to root namespace
07-21 20:38:02.114   506   514 D vold    : Found matching PID 694
07-21 20:38:02.114   506   514 W vold    : Skipping due to root namespace
07-21 20:38:02.115   506   514 D vold    : Found matching PID 695
07-21 20:38:02.115   506   514 W vold    : Skipping due to root namespace
07-21 20:38:02.115   506   514 D vold    : Found matching PID 697
07-21 20:38:02.115   506   514 W vold    : Skipping due to root namespace
07-21 20:38:02.115   506   514 D vold    : Found matching PID 698
07-21 20:38:02.115   506   514 W vold    : Skipping due to root namespace
07-21 20:38:02.115   506   514 D vold    : Found matching PID 699
07-21 20:38:02.115   506   514 W vold    : Skipping due to root namespace
07-21 20:38:02.115   506   514 D vold    : Found matching PID 702
07-21 20:38:02.115   506   514 W vold    : Skipping due to root namespace
07-21 20:38:02.115   506   514 D vold    : Found matching PID 704
07-21 20:38:02.115   506   514 W vold    : Skipping due to root namespace
07-21 20:38:02.115   506   514 D vold    : Found matching PID 706
07-21 20:38:02.115   506   514 W vold    : Skipping due to root namespace
07-21 20:38:02.115   506   514 D vold    : Found matching PID 708
07-21 20:38:02.115   506   514 W vold    : Skipping due to root namespace
07-21 20:38:02.115   506   514 D vold    : Found matching PID 709
07-21 20:38:02.115   506   514 W vold    : Skipping due to root namespace
07-21 20:38:02.115   506   514 D vold    : Found matching PID 710
07-21 20:38:02.115   506   514 W vold    : Skipping due to root namespace
07-21 20:38:02.115   506   514 D vold    : Found matching PID 711
07-21 20:38:02.115   506   514 W vold    : Skipping due to root namespace
07-21 20:38:02.115   506   514 D vold    : Found matching PID 712
07-21 20:38:02.115   506   514 W vold    : Skipping due to root namespace
07-21 20:38:02.115   506   514 D vold    : Found matching PID 717
07-21 20:38:02.115   506   514 W vold    : Skipping due to root namespace
07-21 20:38:02.115   506   514 D vold    : Found matching PID 718
07-21 20:38:02.115   506   514 W vold    : Skipping due to root namespace
07-21 20:38:02.115   506   514 D vold    : Found matching PID 725
07-21 20:38:02.115   506   514 W vold    : Skipping due to root namespace
07-21 20:38:02.115   506   514 D vold    : Found matching PID 727
07-21 20:38:02.115   506   514 W vold    : Skipping due to root namespace
07-21 20:38:02.115   506   514 D vold    : Found matching PID 774
07-21 20:38:02.115   506   514 W vold    : Skipping due to root namespace
07-21 20:38:02.115   506   514 D vold    : Found matching PID 889
07-21 20:38:02.115   506   514 W vold    : Skipping due to root namespace
07-21 20:38:02.115   506   514 D vold    : Found matching PID 890
07-21 20:38:02.115   506   514 W vold    : Skipping due to root namespace
07-21 20:38:02.115   506   514 D vold    : Found matching PID 898
07-21 20:38:02.116   506   514 W vold    : Skipping due to root namespace
07-21 20:38:02.116   506   514 D vold    : Found matching PID 901
07-21 20:38:02.116   506   514 W vold    : Skipping due to root namespace
07-21 20:38:02.116   506   514 D vold    : Found matching PID 904
07-21 20:38:02.116   506   514 W vold    : Skipping due to root namespace
07-21 20:38:02.116   506   514 D vold    : Found matching PID 905
07-21 20:38:02.116   506   514 W vold    : Skipping due to root namespace
07-21 20:38:02.116   506   514 D vold    : Found matching PID 943
07-21 20:38:02.116   506   514 W vold    : Skipping due to root namespace
07-21 20:38:02.116   506   514 D vold    : Found matching PID 976
07-21 20:38:02.116   506   514 W vold    : Skipping due to root namespace
07-21 20:38:02.116   506   514 D vold    : Found matching PID 977
07-21 20:38:02.116   506   514 W vold    : Skipping due to root namespace
07-21 20:38:02.116   506   514 D vold    : Found matching PID 980
07-21 20:38:02.116   506   514 W vold    : Skipping due to root namespace
07-21 20:38:02.116   506   514 D vold    : Found matching PID 987
07-21 20:38:02.116   506   514 W vold    : Skipping due to root namespace
07-21 20:38:02.116   506   514 D vold    : Found matching PID 999
07-21 20:38:02.116   506   514 W vold    : Skipping due to root namespace
07-21 20:38:02.116   506   514 D vold    : Found matching PID 1027
07-21 20:38:02.116   506   514 W vold    : Skipping due to root namespace
07-21 20:38:02.116   506   514 D vold    : Found matching PID 1266
07-21 20:38:02.120   506   514 D vold    : Found matching PID 1343
07-21 20:38:02.120   506   514 W vold    : Skipping due to root namespace
07-21 20:38:02.121  1266  1266 I sysui_multi_action: [757,1243,758,4,806,com.qualcomm.qti.qmmi,1241,android.permission.ACCESS_BACKGROUND_LOCATION]
07-21 20:38:02.124  1266  1266 I sysui_multi_action: [757,1243,758,4,806,com.android.systemui,1241,android.permission.READ_EXTERNAL_STORAGE]
07-21 20:38:02.125   506   514 D vold    : Remounting 10104 as mode default
07-21 20:38:02.130  1266  1266 I sysui_multi_action: [757,1243,758,4,806,com.android.systemui,1241,android.permission.READ_CONTACTS]
07-21 20:38:02.131  1266  1266 I sysui_multi_action: [757,1243,758,4,806,com.android.systemui,1241,android.permission.ACCESS_COARSE_LOCATION]
07-21 20:38:02.132  1266  1266 I sysui_multi_action: [757,1243,758,4,806,com.android.systemui,1241,android.permission.ACCESS_FINE_LOCATION]
07-21 20:38:02.132  1266  1266 I sysui_multi_action: [757,1243,758,4,806,com.android.systemui,1241,android.permission.GET_ACCOUNTS]
07-21 20:38:02.133  1266  1266 I sysui_multi_action: [757,1243,758,4,806,com.android.systemui,1241,android.permission.CAMERA]
07-21 20:38:02.133  1266  1266 I sysui_multi_action: [757,1243,758,4,806,com.android.systemui,1241,android.permission.RECORD_AUDIO]
07-21 20:38:02.134  1266  1266 I sysui_multi_action: [757,1243,758,4,806,com.android.systemui,1241,android.permission.READ_CALL_LOG]
07-21 20:38:02.136  1266  1266 I sysui_multi_action: [757,1243,758,4,806,com.android.bluetooth,1241,android.permission.ACCESS_COARSE_LOCATION]
07-21 20:38:02.137  1266  1266 I sysui_multi_action: [757,1243,758,4,806,com.android.bluetooth,1241,android.permission.ACCESS_FINE_LOCATION]
07-21 20:38:02.138   506   514 D vold    : Remounting 1002 as mode full
07-21 20:38:02.141   506   514 D vold    : Found matching PID 680
07-21 20:38:02.141   506   514 W vold    : Skipping due to root namespace
07-21 20:38:02.144   506   514 D vold    : Remounting 1002 as mode full
07-21 20:38:02.147   506   514 D vold    : Found matching PID 680
07-21 20:38:02.147   506   514 W vold    : Skipping due to root namespace
07-21 20:38:02.149  1266  1266 I sysui_multi_action: [757,1243,758,4,806,com.android.bluetooth,1241,android.permission.READ_CONTACTS]
07-21 20:38:02.149  1266  1266 I sysui_multi_action: [757,1243,758,4,806,com.android.bluetooth,1241,android.permission.WRITE_CONTACTS]
07-21 20:38:02.150  1266  1266 I sysui_multi_action: [757,1243,758,4,806,com.android.bluetooth,1241,android.permission.READ_CALL_LOG]
07-21 20:38:02.151  1266  1266 I sysui_multi_action: [757,1243,758,4,806,com.android.bluetooth,1241,android.permission.WRITE_CALL_LOG]
07-21 20:38:02.152  1266  1266 I sysui_multi_action: [757,1243,758,4,806,com.android.bluetooth,1241,android.permission.GET_ACCOUNTS]
07-21 20:38:02.152  1266  1266 I sysui_multi_action: [757,1243,758,4,806,com.android.bluetooth,1241,android.permission.RECEIVE_SMS]
07-21 20:38:02.153  1266  1266 I sysui_multi_action: [757,1243,758,4,806,com.android.bluetooth,1241,android.permission.SEND_SMS]
07-21 20:38:02.154  1266  1266 I sysui_multi_action: [757,1243,758,4,806,com.android.bluetooth,1241,android.permission.READ_SMS]
07-21 20:38:02.154  1266  1266 I sysui_multi_action: [757,1243,758,4,806,com.android.bluetooth,1241,com.android.email.permission.READ_ATTACHMENT]
07-21 20:38:02.165  1266  1469 I commit_sys_config_file: [settings-0-0,69]
07-21 20:38:02.240  1266  1266 I sysui_multi_action: [757,1243,758,4,806,org.codeaurora.snapcam,1241,android.permission.CAMERA]
07-21 20:38:02.241  1266  1266 I sysui_multi_action: [757,1243,758,4,806,org.codeaurora.snapcam,1241,android.permission.RECORD_AUDIO]
07-21 20:38:02.243  1266  1266 I sysui_multi_action: [757,1243,758,4,806,org.codeaurora.snapcam,1241,android.permission.WRITE_EXTERNAL_STORAGE]
07-21 20:38:02.243   506   514 D vold    : Remounting 10049 as mode full
07-21 20:38:02.249  1266  1266 I sysui_multi_action: [757,1243,758,4,806,org.codeaurora.snapcam,1241,android.permission.READ_EXTERNAL_STORAGE]
07-21 20:38:02.249   506   517 D vold    : Remounting 10049 as mode full
07-21 20:38:02.255  1266  1266 I sysui_multi_action: [757,1243,758,4,806,com.android.soundrecorder,1241,android.permission.RECORD_AUDIO]
07-21 20:38:02.256  1266  1266 I sysui_multi_action: [757,1243,758,4,806,com.android.providers.media,1241,android.permission.WRITE_EXTERNAL_STORAGE]
07-21 20:38:02.257   506   514 D vold    : Remounting 10042 as mode full
07-21 20:38:02.262  1266  1266 I sysui_multi_action: [757,1243,758,4,806,com.android.providers.media,1241,android.permission.READ_EXTERNAL_STORAGE]
07-21 20:38:02.263   506   514 D vold    : Remounting 10042 as mode full
07-21 20:38:02.270  1266  1266 I sysui_multi_action: [757,1243,758,4,806,com.android.externalstorage,1241,android.permission.READ_EXTERNAL_STORAGE]
07-21 20:38:02.270   506   514 D vold    : Remounting 10059 as mode default
07-21 20:38:02.275  1266  1266 I sysui_multi_action: [757,1243,758,4,806,com.android.externalstorage,1241,android.permission.WRITE_EXTERNAL_STORAGE]
07-21 20:38:02.277   506   514 D vold    : Remounting 10059 as mode full
07-21 20:38:02.283  1266  1266 I sysui_multi_action: [757,1243,758,4,806,com.android.cellbroadcastreceiver,1241,android.permission.RECEIVE_SMS]
07-21 20:38:02.285  1266  1266 I sysui_multi_action: [757,1243,758,4,806,com.android.calendar,1241,android.permission.READ_CALENDAR]
07-21 20:38:02.285  1266  1266 I sysui_multi_action: [757,1243,758,4,806,com.android.calendar,1241,android.permission.WRITE_CALENDAR]
07-21 20:38:02.286  1266  1266 I sysui_multi_action: [757,1243,758,4,806,com.android.calendar,1241,android.permission.GET_ACCOUNTS]
07-21 20:38:02.286  1266  1266 I sysui_multi_action: [757,1243,758,4,806,com.android.calendar,1241,android.permission.READ_CONTACTS]
07-21 20:38:02.287  1266  1266 I sysui_multi_action: [757,1243,758,4,806,com.android.providers.calendar,1241,android.permission.GET_ACCOUNTS]
07-21 20:38:02.288  1266  1266 I sysui_multi_action: [757,1243,758,4,806,com.android.providers.calendar,1241,android.permission.WRITE_EXTERNAL_STORAGE]
07-21 20:38:02.289   506   514 D vold    : Remounting 10056 as mode default
07-21 20:38:02.294  1266  1266 I sysui_multi_action: [757,1243,758,4,806,com.android.providers.calendar,1241,android.permission.READ_EXTERNAL_STORAGE]
07-21 20:38:02.295   506   514 D vold    : Remounting 10056 as mode default
07-21 20:38:02.301  1266  1266 I sysui_multi_action: [757,1243,758,4,806,com.android.providers.calendar,1241,android.permission.READ_CALENDAR]
07-21 20:38:02.301  1266  1266 I sysui_multi_action: [757,1243,758,4,806,com.android.providers.calendar,1241,android.permission.WRITE_CALENDAR]
07-21 20:38:02.303  1266  1266 I sysui_multi_action: [757,1243,758,4,806,com.android.contacts,1241,android.permission.READ_CONTACTS]
07-21 20:38:02.303  1266  1266 I sysui_multi_action: [757,1243,758,4,806,com.android.contacts,1241,android.permission.WRITE_CONTACTS]
07-21 20:38:02.304  1266  1266 I sysui_multi_action: [757,1243,758,4,806,com.android.contacts,1241,android.permission.GET_ACCOUNTS]
07-21 20:38:02.305  1266  1266 I sysui_multi_action: [757,1243,758,4,806,com.android.contacts,1241,android.permission.CALL_PHONE]
07-21 20:38:02.305  1266  1266 I sysui_multi_action: [757,1243,758,4,806,com.android.contacts,1241,android.permission.READ_PHONE_STATE]
07-21 20:38:02.306  1266  1266 I sysui_multi_action: [757,1243,758,4,806,com.android.providers.contacts,1241,android.permission.GET_ACCOUNTS]
07-21 20:38:02.306  1266  1266 I sysui_multi_action: [757,1243,758,4,806,com.android.providers.contacts,1241,android.permission.READ_CONTACTS]
07-21 20:38:02.307  1266  1266 I sysui_multi_action: [757,1243,758,4,806,com.android.providers.contacts,1241,android.permission.WRITE_CONTACTS]
07-21 20:38:02.307  1266  1266 I sysui_multi_action: [757,1243,758,4,806,com.android.providers.contacts,1241,android.permission.READ_PHONE_STATE]
07-21 20:38:02.310  1266  1266 I sysui_multi_action: [757,1243,758,4,806,org.codeaurora.gallery,1241,android.permission.WRITE_EXTERNAL_STORAGE]
07-21 20:38:02.311   506   514 D vold    : Remounting 10043 as mode default
07-21 20:38:02.316  1266  1266 I sysui_multi_action: [757,1243,758,4,806,org.codeaurora.gallery,1241,android.permission.READ_EXTERNAL_STORAGE]
07-21 20:38:02.317   506   514 D vold    : Remounting 10043 as mode default
07-21 20:38:02.322  1266  1266 I sysui_multi_action: [757,1243,758,4,806,org.codeaurora.gallery,1241,android.permission.ACCESS_MEDIA_LOCATION]
07-21 20:38:02.323  1266  1266 I sysui_multi_action: [757,1243,758,4,806,com.android.email,1241,android.permission.GET_ACCOUNTS]
07-21 20:38:02.323  1266  1266 I sysui_multi_action: [757,1243,758,4,806,com.android.email,1241,android.permission.WRITE_CONTACTS]
07-21 20:38:02.324  1266  1266 I sysui_multi_action: [757,1243,758,4,806,com.android.email,1241,android.permission.READ_CONTACTS]
07-21 20:38:02.325  1266  1266 I sysui_multi_action: [757,1243,758,4,806,com.android.email,1241,android.permission.READ_CALENDAR]
07-21 20:38:02.325  1266  1266 I sysui_multi_action: [757,1243,758,4,806,com.android.email,1241,android.permission.WRITE_CALENDAR]
07-21 20:38:02.327  1266  1266 I sysui_multi_action: [757,1243,758,4,806,com.android.music,1241,android.permission.READ_EXTERNAL_STORAGE]
07-21 20:38:02.328   506   514 D vold    : Remounting 10071 as mode default
07-21 20:38:02.333  1266  1266 I sysui_multi_action: [757,1243,758,4,806,com.android.music,1241,android.permission.WRITE_EXTERNAL_STORAGE]
07-21 20:38:02.334   506   514 D vold    : Remounting 10071 as mode full
07-21 20:38:02.339  1266  1266 I sysui_multi_action: [757,1243,758,4,806,com.android.music,1241,android.permission.ACCESS_MEDIA_LOCATION]
07-21 20:38:02.341  1266  1266 I sysui_multi_action: [757,1243,758,4,806,com.android.printspooler,1241,android.permission.ACCESS_COARSE_LOCATION]
07-21 20:38:02.342  1266  1266 I sysui_multi_action: [757,1243,758,4,806,com.android.printspooler,1241,android.permission.ACCESS_FINE_LOCATION]
07-21 20:38:02.342  1266  1266 I sysui_multi_action: [757,1243,758,4,806,com.android.emergency,1241,android.permission.READ_CONTACTS]
07-21 20:38:02.343  1266  1266 I sysui_multi_action: [757,1243,758,4,806,com.android.emergency,1241,android.permission.CALL_PHONE]
07-21 20:38:02.344  1266  1266 I sysui_multi_action: [757,1243,758,4,806,com.android.emergency,1241,android.permission.READ_CALL_LOG]
07-21 20:38:02.345  1266  1266 I sysui_multi_action: [757,1243,758,4,806,com.android.apps.tag,1241,android.permission.READ_CONTACTS]
07-21 20:38:02.345  1266  1266 I sysui_multi_action: [757,1243,758,4,806,com.android.apps.tag,1241,android.permission.CALL_PHONE]
07-21 20:38:02.347  1266  1266 I sysui_multi_action: [757,1243,758,4,806,com.android.storagemanager,1241,android.permission.READ_EXTERNAL_STORAGE]
07-21 20:38:02.347   506   514 D vold    : Remounting 10095 as mode default
07-21 20:38:02.353  1266  1266 I sysui_multi_action: [757,1243,758,4,806,com.android.storagemanager,1241,android.permission.WRITE_EXTERNAL_STORAGE]
07-21 20:38:02.354   506   514 D vold    : Remounting 10095 as mode default
07-21 20:38:02.359  1266  1266 I sysui_multi_action: [757,1243,758,4,806,com.android.companiondevicemanager,1241,android.permission.ACCESS_FINE_LOCATION]
07-21 20:38:02.360  1266  1266 I sysui_multi_action: [757,1243,758,4,806,com.android.companiondevicemanager,1241,android.permission.ACCESS_BACKGROUND_LOCATION]
07-21 20:38:02.362  1266  1266 I sysui_multi_action: [757,1243,758,4,806,com.android.sharedstoragebackup,1241,android.permission.WRITE_EXTERNAL_STORAGE]
07-21 20:38:02.363   506   514 D vold    : Remounting 10058 as mode full
07-21 20:38:02.368  1266  1266 I sysui_multi_action: [757,1243,758,4,806,com.android.sharedstoragebackup,1241,android.permission.READ_EXTERNAL_STORAGE]
07-21 20:38:02.368   506   517 D vold    : Remounting 10058 as mode full
07-21 20:38:02.429  1266  1266 I commit_sys_config_file: [package-session,35]
07-21 20:38:02.480  1266  1375 I chatty  : uid=1000(system) android.display expire 2 lines
07-21 20:38:02.483  1266  1266 I boot_progress_ams_ready: 29676
07-21 20:38:02.554  1266  1374 I chatty  : uid=1000(system) android.io expire 6 lines
07-21 20:38:02.555  1266  1374 I am_uid_running: 1002
07-21 20:38:02.585  1266  1385 I am_proc_start: [0,1639,1002,com.android.bluetooth,service,{com.android.bluetooth/com.android.bluetooth.btservice.AdapterService}]
07-21 20:38:02.585  1266  1385 I chatty  : uid=1000(system) ActivityManager expire 3 lines
07-21 20:38:02.600  1266  1308 I am_proc_bound: [0,1639,com.android.bluetooth]
07-21 20:38:02.606  1266  1308 I am_uid_active: 1002
07-21 20:38:02.612  1266  1502 I chatty  : uid=1000(system) StorageManagerS expire 1 line
07-21 20:38:02.718  1266  1383 I commit_sys_config_file: [package-perms-0,118]
07-21 20:38:02.721  1266  1266 I am_uid_running: 10104
07-21 20:38:02.725  1266  1661 I chatty  : uid=1000(system) UsbService host expire 4 lines
07-21 20:38:02.728  1266  1601 I chatty  : uid=1000(system) AudioService expire 1 line
07-21 20:38:02.728  1266  1372 I am_uid_running: 10062
07-21 20:38:02.748  1266  1385 I am_proc_start: [0,1667,10104,com.android.systemui,service,{com.android.systemui/com.android.systemui.ImageWallpaper}]
07-21 20:38:02.775  1266  1385 I am_proc_start: [0,1680,10062,com.android.permissioncontroller,service,{com.android.permissioncontroller/com.android.packageinstaller.permission.service.PermissionControllerServiceImpl}]
07-21 20:38:02.778  1639  1689 I bt_config_source: 4
07-21 20:38:02.786  1266  1665 I am_proc_bound: [0,1667,com.android.systemui]
07-21 20:38:02.789  1266  1665 I am_uid_active: 10104
07-21 20:38:02.794  1266  1664 I am_proc_bound: [0,1680,com.android.permissioncontroller]
07-21 20:38:02.796  1266  1664 I am_uid_active: 10062
07-21 20:38:02.828  1266  1665 I chatty  : uid=1000(system) Binder:1266_4 expire 9 lines
07-21 20:38:02.857  1266  1665 D TelephonyRegistry: listen oscl: mHasNotifySubscriptionInfoChangedOccurred==false no callback
07-21 20:38:02.882  1667  1667 D SystemUIBootTiming: DependencyInjection took to complete: 9ms
07-21 20:38:02.907  1266  1664 I chatty  : uid=1000(system) Binder:1266_3 expire 3 lines
07-21 20:38:02.927  1266  1469 I commit_sys_config_file: [settings-0-0,79]
07-21 20:38:02.933  1266  1307 I chatty  : uid=1000(system) Binder:1266_1 expire 10 lines
07-21 20:38:02.938     0     0 I msm_vidc: info: Opening video instance: 0000000000000000, 1
07-21 20:38:02.946     0     0 I subsys-restart: __subsystem_get(): Changing subsys fw_name to venus
07-21 20:38:02.954     0     0 I ueventd : firmware: loading 'venus.mdt' for '/devices/platform/soc/cce0000.qcom,venus/firmware/venus.mdt'
07-21 20:38:02.955     0     0 I ueventd : loading /devices/platform/soc/cce0000.qcom,venus/firmware/venus.mdt took 1ms
07-21 20:38:02.956  1266  1665 I chatty  : uid=1000(system) Binder:1266_4 expire 9 lines
07-21 20:38:02.957     0     0 I subsys-pil-tz cce0000.qcom,venus: venus: loading from 0x000000009f800000 to 0x000000009fd00000
07-21 20:38:02.962  1266  1308 I chatty  : uid=1000(system) Binder:1266_2 expire 9 lines
07-21 20:38:02.965  1266  1664 I chatty  : uid=1000(system) Binder:1266_3 expire 5 lines
07-21 20:38:02.976     0     0 I ueventd : firmware: loading 'venus.b03' for '/devices/platform/soc/cce0000.qcom,venus/firmware/venus.b03'
07-21 20:38:02.977     0     0 I ueventd : loading /devices/platform/soc/cce0000.qcom,venus/firmware/venus.b03 took 1ms
07-21 20:38:02.983     0     0 I ueventd : firmware: loading 'venus.b02' for '/devices/platform/soc/cce0000.qcom,venus/firmware/venus.b02'
07-21 20:38:02.988     0     0 I ueventd : firmware: loading 'venus.b04' for '/devices/platform/soc/cce0000.qcom,venus/firmware/venus.b04'
07-21 20:38:02.989     0     0 I ueventd : loading /devices/platform/soc/cce0000.qcom,venus/firmware/venus.b04 took 1ms
07-21 20:38:02.989     0     0 I ueventd : loading /devices/platform/soc/cce0000.qcom,venus/firmware/venus.b02 took 6ms
07-21 20:38:03.011     0     0 I subsys-pil-tz cce0000.qcom,venus: venus: Brought out of reset
07-21 20:38:03.040     0     0 I msm_vidc: info: Closed video instance: 0000000000000000
07-21 20:38:03.049   506   514 D vold    : Remounting 1001 as mode write
07-21 20:38:03.054  1266  1266 I chatty  : uid=1000 system_server expire 130 lines
07-21 20:38:03.056   506   514 D vold    : Found matching PID 990
07-21 20:38:03.056     0     0 I msm_vidc: info: Opening video instance: 0000000000000000, 1
07-21 20:38:03.056   506   514 W vold    : Skipping due to root namespace
07-21 20:38:03.066     0     0 I msm_vidc: info: Closed video instance: 0000000000000000
07-21 20:38:03.072  1266  1466 I chatty  : uid=1000 system_server expire 5 lines
07-21 20:38:03.073   506   514 D vold    : Remounting 1001 as mode write
07-21 20:38:03.076  1266  1466 I am_uid_running: 1037
07-21 20:38:03.078  1266  1664 I sysui_multi_action: [757,856,758,1,806,com.android.systemui,857,ALR,858,4]
07-21 20:38:03.078  1266  1664 I sysui_multi_action: [757,856,758,1,806,com.android.systemui,857,GEN,858,1]
07-21 20:38:03.078  1266  1664 I sysui_multi_action: [757,856,758,1,806,com.android.systemui,857,DSK,858,2]
07-21 20:38:03.078  1266  1664 I sysui_multi_action: [757,856,758,1,806,com.android.systemui,857,SCN_HEADSUP,858,4]
07-21 20:38:03.079  1266  1664 I sysui_multi_action: [757,856,758,1,806,com.android.systemui,857,BAT,858,5]
07-21 20:38:03.079  1266  1664 I sysui_multi_action: [757,856,758,1,806,com.android.systemui,857,HNT,858,3]
07-21 20:38:03.079  1667  1667 D SystemUIBootTiming: StartServicescom.android.systemui.util.NotificationChannels took to complete: 4ms
07-21 20:38:03.079   506   514 D vold    : Found matching PID 990
07-21 20:38:03.080   506   514 W vold    : Skipping due to root namespace
07-21 20:38:03.080  1667  1667 D SystemUIBootTiming: StartServicescom.android.systemui.statusbar.CommandQueue$CommandQueueStart took to complete: 1ms
07-21 20:38:03.080   506   517 D vold    : Remounting 1001 as mode write
07-21 20:38:03.081  1266  1388 I chatty  : uid=1000(system) batterystats-wo expire 3 lines
07-21 20:38:03.086   506   517 D vold    : Found matching PID 990
07-21 20:38:03.086   506   517 W vold    : Skipping due to root namespace
07-21 20:38:03.088   506   514 D vold    : Remounting 1001 as mode write
07-21 20:38:03.091     0     0 I msm_vidc: info: Opening video instance: 0000000000000000, 1
07-21 20:38:03.093   506   514 D vold    : Found matching PID 990
07-21 20:38:03.093  1266  1374 I chatty  : uid=1000(system) android.io expire 2 lines
07-21 20:38:03.093   506   514 W vold    : Skipping due to root namespace
