01-01 09:57:46.398   622   622 D QC-time-services: Daemon: Storage Name: ats_2 
01-01 09:57:46.398   622   622 D QC-time-services: Daemon:Opening File: /mnt/vendor/persist/time/ats_2 /data/vendor/time/ats_2
01-01 09:57:46.398   622   622 D QC-time-services: Daemon:time_persistent_memory_opr:Genoff Read operation 
01-01 09:57:46.398   622   622 D QC-time-services: Daemon:Open File: /mnt/vendor/persist/time/ats_2
01-01 09:57:46.399   622   622 D QC-time-services: Daemon:genoff_pre_init::Base = 3
01-01 09:57:46.399   622   622 D QC-time-services: Daemon: Storage Name: ats_3 
01-01 09:57:46.399   622   622 D QC-time-services: Daemon:Opening File: /mnt/vendor/persist/time/ats_3 /data/vendor/time/ats_3
01-01 09:57:46.399   622   622 D QC-time-services: Daemon:time_persistent_memory_opr:Genoff Read operation 
01-01 09:57:46.399   622   622 D QC-time-services: Daemon:Open File: /mnt/vendor/persist/time/ats_3
01-01 09:57:46.399   622   622 D QC-time-services: Daemon:Unable to open filefor read
01-01 09:57:46.399   622   622 D QC-time-services: Daemon:genoff_post_init:Error in accessing storage
01-01 09:57:46.399   622   622 D QC-time-services: Daemon:genoff_pre_init::Base = 4
01-01 09:57:46.399   622   622 D QC-time-services: Daemon: Storage Name: ats_4 
01-01 09:57:46.399   622   622 D QC-time-services: Daemon:Opening File: /mnt/vendor/persist/time/ats_4 /data/vendor/time/ats_4
01-01 09:57:46.399   622   622 D QC-time-services: Daemon:time_persistent_memory_opr:Genoff Read operation 
01-01 09:57:46.399   622   622 D QC-time-services: Daemon:Open File: /mnt/vendor/persist/time/ats_4
01-01 09:57:46.399   622   622 D QC-time-services: Daemon:Unable to open filefor read
01-01 09:57:46.399   622   622 D QC-time-services: Daemon:genoff_post_init:Error in accessing storage
01-01 09:57:46.399   622   622 D QC-time-services: Daemon:genoff_pre_init::Base = 5
01-01 09:57:46.399   622   622 D QC-time-services: Daemon: Storage Name: ats_5 
01-01 09:57:46.399   622   622 D QC-time-services: Daemon:Opening File: /mnt/vendor/persist/time/ats_5 /data/vendor/time/ats_5
01-01 09:57:46.399   622   622 D QC-time-services: Daemon:time_persistent_memory_opr:Genoff Read operation 
01-01 09:57:46.399   622   622 D QC-time-services: Daemon:Open File: /mnt/vendor/persist/time/ats_5
01-01 09:57:46.399   622   622 D QC-time-services: Daemon:Unable to open filefor read
01-01 09:57:46.399   622   622 D QC-time-services: Daemon:genoff_post_init:Error in accessing storage
01-01 09:57:46.399   622   622 D QC-time-services: Daemon:genoff_pre_init::Base = 6
01-01 09:57:46.399   622   622 D QC-time-services: Daemon: Storage Name: ats_6 
01-01 09:57:46.399   622   622 D QC-time-services: Daemon:Opening File: /mnt/vendor/persist/time/ats_6 /data/vendor/time/ats_6
01-01 09:57:46.399   622   622 D QC-time-services: Daemon:time_persistent_memory_opr:Genoff Read operation 
01-01 09:57:46.399   622   622 D QC-time-services: Daemon:Open File: /mnt/vendor/persist/time/ats_6
01-01 09:57:46.399   622   622 D QC-time-services: Daemon:Unable to open filefor read
01-01 09:57:46.399   622   622 D QC-time-services: Daemon:genoff_post_init:Error in accessing storage
01-01 09:57:46.399   622   622 D QC-time-services: Daemon:genoff_pre_init::Base = 7
01-01 09:57:46.399   622   622 D QC-time-services: Daemon: Storage Name: ats_7 
01-01 09:57:46.399   622   622 D QC-time-services: Daemon:Opening File: /mnt/vendor/persist/time/ats_7 /data/vendor/time/ats_7
01-01 09:57:46.399   622   622 D QC-time-services: Daemon:time_persistent_memory_opr:Genoff Read operation 
01-01 09:57:46.399   622   622 D QC-time-services: Daemon:Open File: /mnt/vendor/persist/time/ats_7
01-01 09:57:46.399   622   622 D QC-time-services: Daemon:Unable to open filefor read
01-01 09:57:46.399   622   622 D QC-time-services: Daemon:genoff_post_init:Error in accessing storage
01-01 09:57:46.399   622   622 D QC-time-services: Daemon:genoff_pre_init::Base = 8
01-01 09:57:46.399   622   622 D QC-time-services: Daemon: Storage Name: ats_8 
01-01 09:57:46.399   622   622 D QC-time-services: Daemon:Opening File: /mnt/vendor/persist/time/ats_8 /data/vendor/time/ats_8
01-01 09:57:46.399   622   622 D QC-time-services: Daemon:time_persistent_memory_opr:Genoff Read operation 
01-01 09:57:46.399   622   622 D QC-time-services: Daemon:Open File: /mnt/vendor/persist/time/ats_8
01-01 09:57:46.399   622   622 D QC-time-services: Daemon:Unable to open filefor read
01-01 09:57:46.399   622   622 D QC-time-services: Daemon:genoff_post_init:Error in accessing storage
01-01 09:57:46.399   622   622 D QC-time-services: Daemon:genoff_pre_init::Base = 9
01-01 09:57:46.399   622   622 D QC-time-services: Daemon: Storage Name: ats_9 
01-01 09:57:46.399   622   622 D QC-time-services: Daemon:Opening File: /mnt/vendor/persist/time/ats_9 /data/vendor/time/ats_9
01-01 09:57:46.399   622   622 D QC-time-services: Daemon:time_persistent_memory_opr:Genoff Read operation 
01-01 09:57:46.399   622   622 D QC-time-services: Daemon:Open File: /mnt/vendor/persist/time/ats_9
01-01 09:57:46.399   622   622 D QC-time-services: Daemon:Unable to open filefor read
01-01 09:57:46.399   622   622 D QC-time-services: Daemon:genoff_post_init:Error in accessing storage
01-01 09:57:46.399   622   622 D QC-time-services: Daemon:genoff_pre_init::Base = 10
01-01 09:57:46.399   622   622 D QC-time-services: Daemon: Storage Name: ats_10 
01-01 09:57:46.399   622   622 D QC-time-services: Daemon:Opening File: /mnt/vendor/persist/time/ats_10 /data/vendor/time/ats_10
01-01 09:57:46.399   622   622 D QC-time-services: Daemon:time_persistent_memory_opr:Genoff Read operation 
01-01 09:57:46.399   622   622 D QC-time-services: Daemon:Open File: /mnt/vendor/persist/time/ats_10
01-01 09:57:46.399   622   622 D QC-time-services: Daemon:Unable to open filefor read
01-01 09:57:46.399   622   622 D QC-time-services: Daemon:genoff_post_init:Error in accessing storage
01-01 09:57:46.399   622   622 D QC-time-services: Daemon:genoff_pre_init::Base = 11
01-01 09:57:46.399   622   622 D QC-time-services: Daemon: Storage Name: ats_11 
01-01 09:57:46.399   622   622 D QC-time-services: Daemon:Opening File: /mnt/vendor/persist/time/ats_11 /data/vendor/time/ats_11
01-01 09:57:46.399   622   622 D QC-time-services: Daemon:time_persistent_memory_opr:Genoff Read operation 
01-01 09:57:46.399   622   622 D QC-time-services: Daemon:Open File: /mnt/vendor/persist/time/ats_11
01-01 09:57:46.399   622   622 D QC-time-services: Daemon:Unable to open filefor read
01-01 09:57:46.399   622   622 D QC-time-services: Daemon:genoff_post_init:Error in accessing storage
01-01 09:57:46.399   622   622 D QC-time-services: Daemon:genoff_pre_init::Base = 12
01-01 09:57:46.399   622   622 D QC-time-services: Daemon: Storage Name: ats_12 
01-01 09:57:46.399   622   622 D QC-time-services: Daemon:Opening File: /mnt/vendor/persist/time/ats_12 /data/vendor/time/ats_12
01-01 09:57:46.399   622   622 D QC-time-services: Daemon:time_persistent_memory_opr:Genoff Read operation 
01-01 09:57:46.399   622   622 D QC-time-services: Daemon:Open File: /mnt/vendor/persist/time/ats_12
01-01 09:57:46.399   622   622 D QC-time-services: Daemon:Unable to open filefor read
01-01 09:57:46.399   622   622 D QC-time-services: Daemon:genoff_post_init:Error in accessing storage
01-01 09:57:46.399   622   622 D QC-time-services: Daemon:genoff_pre_init::Base = 13
01-01 09:57:46.399   622   622 D QC-time-services: Daemon: Storage Name: ats_13 
01-01 09:57:46.399   622   622 D QC-time-services: Daemon:Opening File: /mnt/vendor/persist/time/ats_13 /data/vendor/time/ats_13
01-01 09:57:46.399   622   622 D QC-time-services: Daemon:time_persistent_memory_opr:Genoff Read operation 
01-01 09:57:46.399   622   622 D QC-time-services: Daemon:Open File: /mnt/vendor/persist/time/ats_13
01-01 09:57:46.399   622   622 D QC-time-services: Daemon:Unable to open filefor read
01-01 09:57:46.399   622   622 D QC-time-services: Daemon:genoff_post_init:Error in accessing storage
01-01 09:57:46.399   622   622 D QC-time-services: Daemon:genoff_pre_init::Base = 14
01-01 09:57:46.399   622   622 D QC-time-services: Daemon: Storage Name: ats_14 
01-01 09:57:46.399   622   622 D QC-time-services: Daemon:Opening File: /mnt/vendor/persist/time/ats_14 /data/vendor/time/ats_14
01-01 09:57:46.399   622   622 D QC-time-services: Daemon:time_persistent_memory_opr:Genoff Read operation 
01-01 09:57:46.399   622   622 D QC-time-services: Daemon:Open File: /mnt/vendor/persist/time/ats_14
01-01 09:57:46.399   622   622 D QC-time-services: Daemon:Unable to open filefor read
01-01 09:57:46.399   622   622 D QC-time-services: Daemon:genoff_post_init:Error in accessing storage
01-01 09:57:46.399   622   622 D QC-time-services: Daemon:genoff_pre_init::Base = 15
01-01 09:57:46.399   622   622 D QC-time-services: Daemon: Storage Name: ats_15 
01-01 09:57:46.399   622   622 D QC-time-services: Daemon:Opening File: /mnt/vendor/persist/time/ats_15 /data/vendor/time/ats_15
01-01 09:57:46.399   622   622 D QC-time-services: Daemon:time_persistent_memory_opr:Genoff Read operation 
01-01 09:57:46.399   622   622 D QC-time-services: Daemon:Open File: /mnt/vendor/persist/time/ats_15
01-01 09:57:46.399   622   622 D QC-time-services: Daemon:Unable to open filefor read
01-01 09:57:46.399   622   622 D QC-time-services: Daemon:genoff_post_init:Error in accessing storage
01-01 09:57:46.400   622   622 D QC-time-services: Daemon:genoff_pre_init::Base = 16
01-01 09:57:46.400   622   622 D QC-time-services: Daemon: Storage Name: ats_16 
01-01 09:57:46.400   622   622 D QC-time-services: Daemon:Opening File: /mnt/vendor/persist/time/ats_16 /data/vendor/time/ats_16
01-01 09:57:46.400   622   622 D QC-time-services: Daemon:time_persistent_memory_opr:Genoff Read operation 
01-01 09:57:46.400   622   622 D QC-time-services: Daemon:Open File: /mnt/vendor/persist/time/ats_16
01-01 09:57:46.400   622   622 D QC-time-services: Daemon:genoff_pre_init::Base = 17
01-01 09:57:46.400   622   622 D QC-time-services: Daemon: Storage Name: ats_17 
01-01 09:57:46.400   622   622 D QC-time-services: Daemon:Opening File: /mnt/vendor/persist/time/ats_17 /data/vendor/time/ats_17
01-01 09:57:46.400   622   622 D QC-time-services: Daemon:time_persistent_memory_opr:Genoff Read operation 
01-01 09:57:46.400   622   622 D QC-time-services: Daemon:Open File: /mnt/vendor/persist/time/ats_17
01-01 09:57:46.400   622   622 D QC-time-services: Daemon:Unable to open filefor read
01-01 09:57:46.400   622   622 D QC-time-services: Daemon:genoff_post_init:Error in accessing storage
01-01 09:57:46.400   622   622 D QC-time-services: Daemon:genoff_pre_init::Base = 18
01-01 09:57:46.400   622   622 D QC-time-services: Daemon: Storage Name: ats_18 
01-01 09:57:46.400   622   622 D QC-time-services: Daemon:Opening File: /mnt/vendor/persist/time/ats_18 /data/vendor/time/ats_18
01-01 09:57:46.400   622   622 D QC-time-services: Daemon:time_persistent_memory_opr:Genoff Read operation 
01-01 09:57:46.400   622   622 D QC-time-services: Daemon:Open File: /mnt/vendor/persist/time/ats_18
01-01 09:57:46.400   622   622 D QC-time-services: Daemon:Unable to open filefor read
01-01 09:57:46.400   622   622 D QC-time-services: Daemon:genoff_post_init:Error in accessing storage
01-01 09:57:46.400   622   622 D QC-time-services: Daemon:genoff_init_config: Other bases initilized, exiting genoff_init
01-01 09:57:46.400   622   622 D QC-time-services: Daemon:rtc_get: Time read from RTC -- MM/DD/YY HH:MM:SS0/1/70 14:57:46
01-01 09:57:46.400   622   622 D QC-time-services: Daemon rtc_get: seconds = 53866
01-01 09:57:46.400   622   622 D QC-time-services: Daemon:Value read from RTC mseconds = 53866000
01-01 09:57:46.400   622   622 D QC-time-services: Daemon:Value read from QTimer mseconds = 8792
01-01 09:57:46.400   622   622 D QC-time-services: Daemon:genoff_opr: Base = 1, val = 0, operation = 1
01-01 09:57:46.400   622   622 D QC-time-services: Daemon: genoff get for 1
01-01 09:57:46.400   622   622 D QC-time-services: Daemon:Value read from QTimer mseconds = 8793
01-01 09:57:46.400   622   622 D QC-time-services: Daemon:Value read from RTC mseconds on boot = 53866000
01-01 09:57:46.400   622   622 D QC-time-services: Daemon:Value read from QTimer mseconds = 8793
01-01 09:57:46.400   622   622 D QC-time-services: Daemon:Value read from generic offset = 0
01-01 09:57:46.400   622   622 D QC-time-services: Daemon:Delta read on boot mseconds = 53857208
01-01 09:57:46.400   622   622 D QC-time-services: Daemon:Final Time = 53866001
01-01 09:57:46.400   622   622 D QC-time-services: Daemon:genoff_opr: Base = 18, val = 53866001, operation = 1
01-01 09:57:46.400   622   622 D QC-time-services: Daemon: genoff get for 18
01-01 09:57:46.400   622   622 D QC-time-services: Daemon:Value read from QTimer mseconds = 8793
01-01 09:57:46.400   622   622 D QC-time-services: Daemon:Value read from RTC mseconds on boot = 53866000
01-01 09:57:46.400   622   622 D QC-time-services: Daemon:Value read from QTimer mseconds = 8793
01-01 09:57:46.400   622   622 D QC-time-services: Daemon:Value read from generic offset = 0
01-01 09:57:46.400   622   622 D QC-time-services: Daemon:Delta read on boot mseconds = 53857208
01-01 09:57:46.400   622   622 D QC-time-services: Daemon:Final Time = 53866001
01-01 09:57:46.400   622   622 D QC-time-services: Daemon:genoff_boot_tod_init: Updating system time to sec=53866, usec=1000
01-01 09:57:46.417   625   625 D OEM-HPM : change@/devices/platform/soc/800f000.qcom,spmi/spmi-0/spmi0-00/800f000.qcom,spmi:qcom,pm660@0:qcom,qpnp-smb2/power_supply/usb
01-01 09:57:46.418   625   625 I OEM-HPM : sysfs:path /sys/class/power_supply/usb/online data 0 size 1
01-01 09:57:46.418   625   625 I OEM-HPM : /sys/class/power_supply/usb/online is 0
01-01 09:57:46.418   625   625 I OEM-HPM : sysfs:path /sys/class/power_supply/pc_port/online data 10 size 1
01-01 09:57:46.418   625   625 I OEM-HPM : /sys/class/power_supply/pc_port/online is 1
01-01 09:57:46.418   625   625 E OEM-HPM : open sysfs fail: /sys/class/power_supply/ac/online: error: No such file or directory
01-01 09:57:46.418   625   625 E OEM-HPM : Read /sys/class/power_supply/ac/online failed
01-01 09:57:46.434     0     0 I update_verifier: Started with arg 1: nonencrypted
01-01 09:57:46.436     0     0 I update_verifier: Booting slot 0: isSlotMarkedSuccessful=1
01-01 09:57:46.436     0     0 I update_verifier: Leaving update_verifier.
01-01 09:57:46.456     0     0 I subsys-pil-tz 1a300000.qcom,turing: cdsp: loading from 0x0000000094a00000 to 0x0000000095000000
01-01 09:57:46.519     0     0 I subsys-pil-tz 1a300000.qcom,turing: cdsp: Brought out of reset
01-01 09:57:46.528     0     0 I subsys-pil-tz 1a300000.qcom,turing: cdsp: Power/Clock ready interrupt received
01-01 09:57:46.528     0     0 I subsys-pil-tz 1a300000.qcom,turing: Subsystem error monitoring/handling services are up
01-01 09:57:46.530     0     0 E pmic_analog_codec 800f000.qcom,spmi: qcom,pm660l@3:anlg-cdc@f000: Adsp is not loaded yet 0
01-01 09:57:46.531     0     0 E pmic_analog_codec 800f000.qcom,spmi: qcom,pm660l@3:anlg-cdc@f000: Adsp is not loaded yet 0
01-01 09:57:46.533     0     0 I adsprpc : fastrpc_rpmsg_probe: opened rpmsg channel for cdsp
01-01 09:57:46.534     0     0 E pmic_analog_codec 800f000.qcom,spmi: qcom,pm660l@3:anlg-cdc@f000: Adsp is not loaded yet 0
01-01 09:57:46.539     0     0 E         : can't get fw name.
01-01 09:57:46.539     0     0 E sensors-ssc soc: qcom,msm-ssc-sensors: slpi_load_fw: SLPI image loading failed
01-01 09:57:46.579     0     0 I usbpd0  : send hard reset
01-01 09:57:46.580     0     0 I QCOM-STEPCHG: handle_jeita: JEITA float voltage is same as max-vfloat, skip any further VBAT specific checks
01-01 09:57:46.580     0     0 I QCOM-STEPCHG: handle_jeita: batt_temp =240 FCC = 3000000uA FV = 4350000uV
01-01 09:57:46.657   625   625 D OEM-HPM : change@/devices/platform/soc/800f000.qcom,spmi/spmi-0/spmi0-00/800f000.qcom,spmi:qcom,pm660@0:qcom,qpnp-smb2/power_supply/usb
01-01 09:57:46.658   625   625 I OEM-HPM : sysfs:path /sys/class/power_supply/usb/online data 0 size 1
01-01 09:57:46.658   625   625 I OEM-HPM : /sys/class/power_supply/usb/online is 0
01-01 09:57:46.658   625   625 I OEM-HPM : sysfs:path /sys/class/power_supply/pc_port/online data 10 size 1
01-01 09:57:46.658   625   625 I OEM-HPM : /sys/class/power_supply/pc_port/online is 1
01-01 09:57:46.658   625   625 E OEM-HPM : open sysfs fail: /sys/class/power_supply/ac/online: error: No such file or directory
01-01 09:57:46.658   625   625 E OEM-HPM : Read /sys/class/power_supply/ac/online failed
01-01 09:57:46.673   671   671 I ServiceManagement: Registered android.hidl.allocator@1.0::IAllocator/ashmem (start delay of 35ms)
01-01 09:57:46.673   671   671 I ServiceManagement: Removing namespace from process name android.hidl.allocator@1.0-service to allocator@1.0-service.
01-01 09:57:46.707   631   631 D AndroidRuntime: >>>>>> START com.android.internal.os.ZygoteInit uid 0 <<<<<<
01-01 09:57:46.707   631   631 I boot_progress_start: 5810
01-01 09:57:46.717   672   672 I ServiceManagement: Registered android.system.suspend@1.0::ISystemSuspend/default (start delay of 79ms)
01-01 09:57:46.717   672   672 I ServiceManagement: Removing namespace from process name android.system.suspend@1.0-service to suspend@1.0-service.
01-01 09:57:46.735   677   677 I ServiceManagement: Registered android.hardware.drm@1.0::IDrmFactory/default (start delay of 78ms)
01-01 09:57:46.736   677   677 I ServiceManagement: Removing namespace from process name android.hardware.drm@1.0-service to drm@1.0-service.
01-01 09:57:46.736   677   677 I         : Registration complete for android.hardware.drm@1.0::IDrmFactory/default.
01-01 09:57:46.749   677   677 I ServiceManagement: Registered android.hardware.drm@1.0::ICryptoFactory/default (start delay of 92ms)
01-01 09:57:46.749   677   677 I ServiceManagement: Removing namespace from process name android.hardware.drm@1.0-service to drm@1.0-service.
01-01 09:57:46.750   677   677 I         : Registration complete for android.hardware.drm@1.0::ICryptoFactory/default.
01-01 09:57:46.767   673   673 I android.hardware.bluetooth@1.0-service: vendorEnhancedInfo: 3
01-01 09:57:46.767   673   673 I android.hardware.bluetooth@1.0-service: isVendorEnhancedFramework: 1
01-01 09:57:46.767   673   673 I android.hardware.bluetooth@1.0-service: Registering BT Service
01-01 09:57:46.782   682   682 E light   : light_open lights keyboard failed: -22
01-01 09:57:46.782   682   682 E light   : Light passthrough failed to load legacy HAL.
01-01 09:57:46.782   682   682 E light   : light_open lights buttons failed: -22
01-01 09:57:46.782   682   682 E light   : Light passthrough failed to load legacy HAL.
01-01 09:57:46.784   682   682 E light   : light_open lights bluetooth failed: -22
01-01 09:57:46.784   682   682 E light   : Light passthrough failed to load legacy HAL.
01-01 09:57:46.784   682   682 E light   : light_open lights wifi failed: -22
01-01 09:57:46.784   682   682 E light   : Light passthrough failed to load legacy HAL.
01-01 09:57:46.786   681   681 I health@2.0/: health@2.0/default: Hal starting main loop...
01-01 09:57:46.786   681   681 I health@2.0/: health@2.0/default Hal is starting up...
01-01 09:57:46.786   682   682 I ServiceManagement: Registered android.hardware.light@2.0::ILight/default (start delay of 109ms)
01-01 09:57:46.786   682   682 I ServiceManagement: Removing namespace from process name android.hardware.light@2.0-service to light@2.0-service.
01-01 09:57:46.786   682   682 I         : Registration complete for android.hardware.light@2.0::ILight/default.
01-01 09:57:46.793   681   681 I ServiceManagement: Registered android.hardware.health@2.0::IHealth/default (start delay of 115ms)
01-01 09:57:46.793   681   681 I ServiceManagement: Removing namespace from process name android.hardware.health@2.0-service to health@2.0-service.
01-01 09:57:46.793   681   681 I health@2.0/: health@2.0/default: Hal init done
01-01 09:57:46.795     0     0 W0 l=100 v=4232 t=24.0 h=2 st=5 c=-581 fc=3791000 cc=28 fcd=4000000 chg=u
01-01 09:57:46.809   710   710 I irsc_util: Starting irsc tool
01-01 09:57:46.809   673   673 I ServiceManagement: Registered android.hardware.bluetooth@1.0::IBluetoothHci/default (start delay of 162ms)
01-01 09:57:46.809   673   673 I ServiceManagement: Removing namespace from process name android.hardware.bluetooth@1.0-service-qti to bluetooth@1.0-service-qti.
01-01 09:57:46.809   673   673 I         : Registration complete for android.hardware.bluetooth@1.0::IBluetoothHci/default.
01-01 09:57:46.809   673   673 I android.hardware.bluetooth@1.0-service: Registering ANT Service
01-01 09:57:46.815   675   675 I ServiceManagement: Registered android.hardware.cas@1.1::IMediaCasService/default (start delay of 167ms)
01-01 09:57:46.815   675   675 I ServiceManagement: Removing namespace from process name android.hardware.cas@1.1-service to cas@1.1-service.
01-01 09:57:46.816   693   693 E OEMLIGHT: OemLight Hal start
01-01 09:57:46.817   693   693 E OEMLIGHT: indication LED not support
01-01 09:57:46.817   688   688 I ServiceManagement: Registered android.hardware.usb@1.0::IUsb/default (start delay of 119ms)
01-01 09:57:46.817   688   688 I ServiceManagement: Removing namespace from process name android.hardware.usb@1.0-service to usb@1.0-service.
01-01 09:57:46.817   688   688 I android.hardware.usb@1.0-service: USB HAL Ready.
01-01 09:57:46.822   695   695 I OEMPowerUtil: initialize().
01-01 09:57:46.826   693   693 I ServiceManagement: Registered vendor.elo.hardware.oemlight@1.0::IOemLight/default (start delay of 119ms)
01-01 09:57:46.827   693   693 I ServiceManagement: Removing namespace from process name vendor.elo.hardware.oemlight@1.0-service to oemlight@1.0-service.
01-01 09:57:46.829   710   710 I irsc_util: Num of entries:299
01-01 09:57:46.829   710   710 E irsc_util: irsc_feed_config: Security config ioctl failed
01-01 09:57:46.829   710   710 I irsc_util: Ending irsc tool
01-01 09:57:46.834   698   698 D hal-OemUsbConfig: OemUsbConfig hal start
01-01 09:57:46.841   622   628 E QMI_FW  : ctrl_msg_reader_thread: control thread received ENETRESET 102
01-01 09:57:46.841   622   622 E QMI_FW  : xport_lookup: No RX for lookup -1
01-01 09:57:46.841   622   622 D QC-time-services: Daemon:genoff_modem_qmi_init: Initializing QMI 
01-01 09:57:46.845   706   706 D         : tui_comm: svc service starting :)
01-01 09:57:46.847   683   683 I ServiceManagement: Registered android.hardware.memtrack@1.0::IMemtrack/default (start delay of 169ms)
01-01 09:57:46.847   683   683 I ServiceManagement: Removing namespace from process name android.hardware.memtrack@1.0-service to memtrack@1.0-service.
01-01 09:57:46.847   683   683 I android.hardware.memtrack@1.0-service: Registration complete for android.hardware.memtrack@1.0::IMemtrack/default.
01-01 09:57:46.848   698   698 I ServiceManagement: Registered vendor.elo.hardware.oemusbconfig@1.0::IOemUsbConfig/default (start delay of 131ms)
01-01 09:57:46.848   698   698 I ServiceManagement: Removing namespace from process name vendor.elo.hardware.oemusbconfig@1.0-service to oemusbconfig@1.0-service.
01-01 09:57:46.849   695   695 I ServiceManagement: Registered vendor.elo.hardware.oempowersave@1.0::IOemPowerSave/default (start delay of 132ms)
01-01 09:57:46.849   695   695 I ServiceManagement: Removing namespace from process name vendor.elo.hardware.oempowersave@1.0-service to oempowersave@1.0-service.
01-01 09:57:46.850   706   706 I ServiceManagement: Registered vendor.qti.hardware.tui_comm@1.0::ITuiComm/default (start delay of 103ms)
01-01 09:57:46.850   673   673 I ServiceManagement: Registered com.qualcomm.qti.ant@1.0::IAntHci/default (start delay of 203ms)
01-01 09:57:46.851   706   706 I ServiceManagement: Removing namespace from process name vendor.qti.hardware.tui_comm@1.0-service-qti to tui_comm@1.0-service-qti.
01-01 09:57:46.851   673   673 I         : Registration complete for com.qualcomm.qti.ant@1.0::IAntHci/default.
01-01 09:57:46.851   673   673 I android.hardware.bluetooth@1.0-service: Registering SAR service
01-01 09:57:46.851   706   706 E         : Registered ITuiComm HAL service success!
01-01 09:57:46.852   703   703 I ServiceManagement: Registered vendor.qti.hardware.qteeconnector@1.0::IAppConnector/default (start delay of 114ms)
01-01 09:57:46.852   703   703 I ServiceManagement: Removing namespace from process name vendor.qti.hardware.qteeconnector@1.0-service to qteeconnector@1.0-service.
01-01 09:57:46.852   697   697 I ServiceManagement: Registered vendor.elo.hardware.oemuinput@1.0::IOemUinput/default (start delay of 135ms)
01-01 09:57:46.853   697   697 I ServiceManagement: Removing namespace from process name vendor.elo.hardware.oemuinput@1.0-service to oemuinput@1.0-service.
01-01 09:57:46.855   703   703 I ServiceManagement: Registered vendor.qti.hardware.qteeconnector@1.0::IGPAppConnector/default (start delay of 118ms)
01-01 09:57:46.855   703   703 I ServiceManagement: Removing namespace from process name vendor.qti.hardware.qteeconnector@1.0-service to qteeconnector@1.0-service.
01-01 09:57:46.865     0     0 E diag    : In diag_send_feature_mask_update, control channel is not open, p: 5, 000000000d8949d3
01-01 09:57:46.865     0     0 I usbpd0  : start_usb_peripheral
01-01 09:57:46.866   684   684 I QTI PowerHAL: Initing
01-01 09:57:46.869     0     0 E diag    : In diag_send_peripheral_buffering_mode, buffering flag not set for 5
01-01 09:57:46.869   622   733 D QC-time-services: Daemon: Time-services: All initializations done
01-01 09:57:46.869   622   733 E QC-time-services: Daemon: Time-services: Waiting to acceptconnection
01-01 09:57:46.875   699   699 D vendor.qti.esepowermanager@1.0-service: loading eseservice
01-01 09:57:46.875   699   699 D QSEECOMAPI: QSEECom_get_handle sb_length = 0x400
01-01 09:57:46.875   699   699 D QSEECOMAPI: App is not loaded in QSEE
01-01 09:57:46.875   699   699 E QSEECOMAPI: Error::Cannot open the file /vendor/firmware_mnt/image/eseservice.mdt errno = 2
01-01 09:57:46.875   699   699 E QSEECOMAPI: Error::Loading image failed with ret = -1
01-01 09:57:46.875   699   699 D vendor.qti.esepowermanager@1.0-service: loading eseservice failed
01-01 09:57:46.875   699   699 D vendor.qti.esepowermanager@1.0-service: eSEPowerManager is starting
01-01 09:57:46.876   504   504 I hwservicemanager: getTransport: Cannot find entry android.hardware.gnss@2.0::IGnss/default in either framework or device manifest.
01-01 09:57:46.878   690   690 I ServiceManagement: Registered vendor.display.color@1.0::IDisplayColor/default (start delay of 171ms)
01-01 09:57:46.879   690   690 I ServiceManagement: Removing namespace from process name vendor.display.color@1.0-service to color@1.0-service.
01-01 09:57:46.880   673   673 E vendor.qti.hardware.bluetooth_sar@1.0-BluetoothSar: HIDL_FETCH_IBluetoothSar
01-01 09:57:46.882   691   691 I ServiceManagement: Registered vendor.elo.hardware.oemkeys@1.0::IOemKeys/default (start delay of 175ms)
01-01 09:57:46.883   691   691 I ServiceManagement: Removing namespace from process name vendor.elo.hardware.oemkeys@1.0-service to oemkeys@1.0-service.
01-01 09:57:46.883   684   684 I ServiceManagement: Registered android.hardware.power@1.0::IPower/default (start delay of 196ms)
01-01 09:57:46.884   684   684 I ServiceManagement: Removing namespace from process name android.hardware.power@1.0-service to power@1.0-service.
01-01 09:57:46.884   684   684 I android.hardware.power@1.0-service: Registration complete for android.hardware.power@1.0::IPower/default.
01-01 09:57:46.885   690   690 I ServiceManagement: Registered vendor.display.postproc@1.0::IDisplayPostproc/default (start delay of 177ms)
01-01 09:57:46.885   673   673 I ServiceManagement: Registered vendor.qti.hardware.bluetooth_sar@1.0::IBluetoothSar/default (start delay of 238ms)
01-01 09:57:46.885   673   673 I         : Registration complete for vendor.qti.hardware.bluetooth_sar@1.0::IBluetoothSar/default.
01-01 09:57:46.885   673   673 I android.hardware.bluetooth@1.0-service: Registering BT Config store Service
01-01 09:57:46.888   686   686 I ServiceManagement: Registered android.hardware.thermal@1.0::IThermal/default (start delay of 200ms)
01-01 09:57:46.888   686   686 I ServiceManagement: Removing namespace from process name android.hardware.thermal@1.0-service to thermal@1.0-service.
01-01 09:57:46.888   686   686 I android.hardware.thermal@1.0-service: Registration complete for android.hardware.thermal@1.0::IThermal/default.
01-01 09:57:46.894   723   723 I qpart-server: *** Starting Qpart Server *** 
01-01 09:57:46.894   723   723 I qpart-server: sizeof(T_Socket_Packet):40
01-01 09:57:46.894   723   723 I qpart-server: SOCKET_PKT_HEADER_LEN:40
01-01 09:57:46.894   723   723 I qpart-server: init all signals
01-01 09:57:46.894   723   723 I qpart-server: waiting client connection
01-01 09:57:46.895     0     0 E rmt_storage: INFO:check_support_using_libmdm: Modem subsystem found on target!
01-01 09:57:46.895   724   724 I vendor.rmt_storage: Modem subsystem found on target!
01-01 09:57:46.896   724   724 I vendor.rmt_storage: Shared memory initialised successfully.
01-01 09:57:46.896   674   674 I android.hardware.camera.provider@2.4-service: CameraProvider@2.4 legacy service is starting.
01-01 09:57:46.896   724   724 I vendor.rmt_storage: Registering modemst1: 0x4a /boot/modem_fs1
01-01 09:57:46.896   721   721 W logd2   : Should set uid/gid from root to system
01-01 09:57:46.896   724   724 I vendor.rmt_storage: Registering modemst2: 0x4b /boot/modem_fs2
01-01 09:57:46.896   721   721 W logd2   : waiting client connection
01-01 09:57:46.896   724   724 I vendor.rmt_storage: Registering fsc: 0xff /boot/modem_fsc
01-01 09:57:46.896   724   724 I vendor.rmt_storage: Registering fsg: 0x58 /boot/modem_fsg
01-01 09:57:46.896   724   724 I vendor.rmt_storage: 4 GPT partitions found
01-01 09:57:46.896   724   724 I vendor.rmt_storage: Capset success!
01-01 09:57:46.897     0     0 I sysmon-qmi: ssctl_new_server: Connection established between QMI handle and adsp's SSCTL service
01-01 09:57:46.898   631   631 I AndroidRuntime: Using default boot image
01-01 09:57:46.898   631   631 I AndroidRuntime: Leaving lock profiling enabled
01-01 09:57:46.904   679   679 I ServiceManagement: Registered android.hardware.graphics.allocator@2.0::IAllocator/default (start delay of 236ms)
01-01 09:57:46.904   679   679 I ServiceManagement: Removing namespace from process name android.hardware.graphics.allocator@2.0-service to allocator@2.0-service.
01-01 09:57:46.904   679   679 I android.hardware.graphics.allocator@2.0-service: Registration complete for android.hardware.graphics.allocator@2.0::IAllocator/default.
01-01 09:57:46.906   702   702 D         : QdutilsDisp: svc service starting :)
01-01 09:57:46.907     0     0 E rmt_storage: INFO:main: Done with init now waiting for messages!
01-01 09:57:46.908   687   687 E qdhdmi_cec: write_node: Failed to access path: /sys/devices/virtual/graphics/fb2/cec/logical_addr error: No such file or directory
01-01 09:57:46.908   687   687 E qdhdmi_cec: write_node: Failed to access path: /sys/devices/virtual/graphics/fb2/cec/enable error: No such file or directory
01-01 09:57:46.908   687   687 E qdhdmi_cec: cec_enable: Failed to toggle CEC: enable: 1
01-01 09:57:46.908   687   687 D qdhdmi_cec: cec_init_context: CEC enabled
01-01 09:57:46.908   687   687 E qdhdmi_cec: Node open failed for display 2 event cec/rd_msg error No such file or directory
01-01 09:57:46.908   687   687 E qdhdmi_cec: Failed to set poll event parameters
01-01 09:57:46.908   687   687 E qdhdmi_cec: Failed to populate poll parameters for monitoring HDMI CEC events. Exiting.
01-01 09:57:46.908   687   687 E qdhdmi_cec: write_node: Failed to access path: /sys/devices/virtual/graphics/fb2/cec/enable error: No such file or directory
01-01 09:57:46.908   687   687 E qdhdmi_cec: cec_enable: Failed to toggle CEC: enable: 0
01-01 09:57:46.908     0     0 E diag    : In diag_send_feature_mask_update, control channel is not open, p: 1, 000000003d91cf56
01-01 09:57:46.909   632   632 D AndroidRuntime: >>>>>> START com.android.internal.os.ZygoteInit uid 0 <<<<<<
01-01 09:57:46.910   702   702 I ServiceManagement: Registered vendor.qti.hardware.qdutils_disp@1.0::IQdutilsDisp/default (start delay of 173ms)
01-01 09:57:46.911     0     0 E diag    : In diag_send_peripheral_buffering_mode, buffering flag not set for 1
01-01 09:57:46.912   702   702 I ServiceManagement: Removing namespace from process name vendor.qti.hardware.qdutils_disp@1.0-service-qti to qdutils_disp@1.0-service-qti.
01-01 09:57:46.912   702   702 E         : Registered IQdutilsDisp HAL service success!
01-01 09:57:46.914   687   687 I ServiceManagement: Registered android.hardware.tv.cec@1.0::IHdmiCec/default (start delay of 217ms)
01-01 09:57:46.914   687   687 I ServiceManagement: Removing namespace from process name android.hardware.tv.cec@1.0-service to cec@1.0-service.
01-01 09:57:46.914   687   687 I android.hardware.tv.cec@1.0-service: Registration complete for android.hardware.tv.cec@1.0::IHdmiCec/default.
01-01 09:57:46.916   705   705 D QSEECOMAPI: QSEECom_get_handle sb_length = 0x2800
01-01 09:57:46.916   705   705 D QSEECOMAPI: App is not loaded in QSEE
01-01 09:57:46.917   704   704 I ServiceManagement: Registered vendor.qti.hardware.servicetracker@1.0::IServicetracker/default (start delay of 169ms)
01-01 09:57:46.917   694   694 I vendor.elo.hardware.oemmisc@1.0-service: OemMisc Service start!
01-01 09:57:46.917   704   704 I ServiceManagement: Removing namespace from process name vendor.qti.hardware.servicetracker@1.0-service to servicetracker@1.0-service.
01-01 09:57:46.918   704   704 I         : Registration complete for vendor.qti.hardware.servicetracker@1.0::IServicetracker/default.
01-01 09:57:46.918   631   631 I zygote64: option[0]=-Xzygote
01-01 09:57:46.918   631   631 I zygote64: option[1]=exit
01-01 09:57:46.918   631   631 I zygote64: option[2]=vfprintf
01-01 09:57:46.918   631   631 I zygote64: option[3]=sensitiveThread
01-01 09:57:46.918   631   631 I zygote64: option[4]=-verbose:gc
01-01 09:57:46.918   631   631 I zygote64: option[5]=-Xms8m
01-01 09:57:46.918   631   631 I zygote64: option[6]=-Xmx512m
01-01 09:57:46.918   631   631 I zygote64: option[7]=-XX:HeapGrowthLimit=256m
01-01 09:57:46.918   631   631 I zygote64: option[8]=-XX:HeapMinFree=512k
01-01 09:57:46.918   631   631 I zygote64: option[9]=-XX:HeapMaxFree=8m
01-01 09:57:46.918   631   631 I zygote64: option[10]=-XX:HeapTargetUtilization=0.75
01-01 09:57:46.918   631   631 I zygote64: option[11]=-Xusejit:true
01-01 09:57:46.918   631   631 I zygote64: option[12]=-Xjitsaveprofilinginfo
01-01 09:57:46.918   631   631 I zygote64: option[13]=-XjdwpOptions:suspend=n,server=y
01-01 09:57:46.918   631   631 I zygote64: option[14]=-XjdwpProvider:default
01-01 09:57:46.918   631   631 I zygote64: option[15]=-Xlockprofthreshold:500
01-01 09:57:46.918   631   631 I zygote64: option[16]=-Ximage-compiler-option
01-01 09:57:46.918   631   631 I zygote64: option[17]=--runtime-arg
01-01 09:57:46.918   631   631 I zygote64: option[18]=-Ximage-compiler-option
01-01 09:57:46.918   631   631 I zygote64: option[19]=-Xms64m
01-01 09:57:46.919   631   631 I zygote64: option[20]=-Ximage-compiler-option
01-01 09:57:46.919   631   631 I zygote64: option[21]=--runtime-arg
01-01 09:57:46.919   631   631 I zygote64: option[22]=-Ximage-compiler-option
01-01 09:57:46.919   631   631 I zygote64: option[23]=-Xmx64m
01-01 09:57:46.919   631   631 I zygote64: option[24]=-Ximage-compiler-option
01-01 09:57:46.919   631   631 I zygote64: option[25]=--profile-file=/system/etc/boot-image.prof
01-01 09:57:46.919   631   631 I zygote64: option[26]=-Ximage-compiler-option
01-01 09:57:46.919   631   631 I zygote64: option[27]=--compiler-filter=speed-profile
01-01 09:57:46.919   631   631 I zygote64: option[28]=-Xcompiler-option
01-01 09:57:46.919   631   631 I zygote64: option[29]=--runtime-arg
01-01 09:57:46.919   631   631 I zygote64: option[30]=-Xcompiler-option
01-01 09:57:46.919   631   631 I zygote64: option[31]=-Xms64m
01-01 09:57:46.919   631   631 I zygote64: option[32]=-Xcompiler-option
01-01 09:57:46.919   631   631 I zygote64: option[33]=--runtime-arg
01-01 09:57:46.919   631   631 I zygote64: option[34]=-Xcompiler-option
01-01 09:57:46.919   631   631 I zygote64: option[35]=-Xmx512m
01-01 09:57:46.919   631   631 I zygote64: option[36]=-Ximage-compiler-option
01-01 09:57:46.919   631   631 I zygote64: option[37]=--instruction-set-variant=generic
01-01 09:57:46.919   631   631 I zygote64: option[38]=-Xcompiler-option
01-01 09:57:46.919   631   631 I zygote64: option[39]=--instruction-set-variant=generic
01-01 09:57:46.919   631   631 I zygote64: option[40]=-Ximage-compiler-option
01-01 09:57:46.919   631   631 I zygote64: option[41]=--instruction-set-features=default
01-01 09:57:46.919   631   631 I zygote64: option[42]=-Xcompiler-option
01-01 09:57:46.919   631   631 I zygote64: option[43]=--instruction-set-features=default
01-01 09:57:46.919   631   631 I zygote64: option[44]=-Duser.locale=en-US
01-01 09:57:46.919   631   631 I zygote64: option[45]=--cpu-abilist=arm64-v8a
01-01 09:57:46.919   631   631 I zygote64: option[46]=-Xcompiler-option
01-01 09:57:46.919   631   631 I zygote64: option[47]=--generate-mini-debug-info
01-01 09:57:46.919   631   631 I zygote64: option[48]=-Xcore-platform-api-policy:just-warn
01-01 09:57:46.919   631   631 I zygote64: option[49]=-Xfingerprint:Elo/M50/M50:10/QKQ1.201112.002/5.5.01+p:userdebug/debug,release-keys
01-01 09:57:46.919   699   699 I ServiceManagement: Registered vendor.qti.esepowermanager@1.0::IEsePowerManager/default (start delay of 192ms)
01-01 09:57:46.919   699   699 I ServiceManagement: Removing namespace from process name vendor.qti.esepowermanager@1.0-service to esepowermanager@1.0-service.
01-01 09:57:46.919   713   713 I PerMgrSrv: Adding entry for modem : offTimeout : 500 ackTimeout : 200
01-01 09:57:46.919   699   699 I vendor.qti.esepowermanager@1.0-service: Registration complete for vendor.qti.esepowermanager@1.0::IEsePowerManager/default.
01-01 09:57:46.919   705   705 D QSEECOMAPI: app_arch = 2, total_files = 9
01-01 09:57:46.920   673   673 I ServiceManagement: Registered vendor.qti.hardware.btconfigstore@1.0::IBTConfigStore/default (start delay of 272ms)
01-01 09:57:46.920   673   673 I         : Registration complete for vendor.qti.hardware.btconfigstore@1.0::IBTConfigStore/default.
01-01 09:57:46.920   705   705 E ion     : ioctl c0044901 failed with code -1: Not a typewriter
01-01 09:57:46.922   678   678 D gps_ql  : get android version:29
01-01 09:57:46.924     0     0 W oem_init: 37 output lines suppressed due to ratelimiting
01-01 09:57:46.924   694   694 I ServiceManagement: Registered vendor.elo.hardware.oemmisc@1.0::IOemMisc/default (start delay of 217ms)
01-01 09:57:46.925   694   694 I ServiceManagement: Removing namespace from process name vendor.elo.hardware.oemmisc@1.0-service to oemmisc@1.0-service.
01-01 09:57:46.925     0     0 I sps     : BAM 0x0000000015204000 (va:0x00000000e87cd14e) enabled: ver:0x19, number of pipes:13
01-01 09:57:46.925     0     0 I sps     : BAM 0x0000000015204000 is registered.
01-01 09:57:46.926   678   678 I ServiceManagement: Registered android.hardware.gnss@2.0::IGnss/default (start delay of 269ms)
01-01 09:57:46.926   678   678 I ServiceManagement: Removing namespace from process name android.hardware.gnss@2.0-service.quectel to gnss@2.0-service.quectel.
01-01 09:57:46.926   678   678 I android.hardware.gnss@2.0-service: Registration complete for android.hardware.gnss@2.0::IGnss/default.
01-01 09:57:46.929   719   719 I ServiceManagement: getService: Trying again for vendor.qti.hardware.perf@2.0::IPerf/default...
01-01 09:57:46.933   728   728 I tftp_server: Initializing tftp_server RING buffer
01-01 09:57:46.933   728   728 I tftp_server: Starting...
01-01 09:57:46.939   713   713 I PerMgrSrv: Peripheral Mananager service start
01-01 09:57:46.939   713   713 I PerMgrSrv: power-off timeout 500,ms; event-ack timeout 200,ms; debug-mode false
01-01 09:57:46.939   713   713 I PerMgrSrv: Statistics for : modem
01-01 09:57:46.939   713   713 I PerMgrSrv: modem: Current State : is off-line
01-01 09:57:46.939   685   685 E libsensor1: check_sensors_enabled: Sensors enabled = true
01-01 09:57:46.939   713   713 I PerMgrSrv: modem: Voter/Listener count : 0/0
01-01 09:57:46.939   713   713 I PerMgrSrv: modem: Power on count : 0
01-01 09:57:46.939   713   713 I PerMgrSrv: modem: Power off count: 0
01-01 09:57:46.939   713   713 I PerMgrSrv: modem: Client list:
01-01 09:57:46.942     0     0 E pmic_analog_codec 800f000.qcom,spmi: qcom,pm660l@3:anlg-cdc@f000: Adsp is not loaded yet 0
01-01 09:57:46.943   713   746 I PerMgrSrv: QMI service start
01-01 09:57:46.943   714   714 I pd-mapper-svc: Starting pd-mapper service
01-01 09:57:46.944   714   714 I pd-mapper-svc: Parsing file :/vendor/firmware_mnt/image/adspr.jsn:
01-01 09:57:46.945   714   714 I pd-mapper-svc: Parsing file :/vendor/firmware_mnt/image/adsps.jsn:
01-01 09:57:46.946   714   714 I pd-mapper-svc: Parsing file :/vendor/firmware_mnt/image/adspua.jsn:
01-01 09:57:46.946   714   714 I pd-mapper-svc: Parsing file :/vendor/firmware_mnt/image/cdspr.jsn:
01-01 09:57:46.947   631   631 I zygote64: Core platform API reporting enabled, enforcing=false
01-01 09:57:46.947   714   714 I pd-mapper-svc: Parsing file :/vendor/firmware_mnt/image/modemr.jsn:
01-01 09:57:46.948   714   714 I pd-mapper-svc: Parsing file :/vendor/firmware_mnt/image/modemuw.jsn:
01-01 09:57:46.955     0     0 I servloc : service_locator_new_server: Connection established with the Service locator
01-01 09:57:46.955     0     0 I servloc : init_service_locator: Service locator initialized
01-01 09:57:46.955   714   754 I pd-mapper-svc: Starting servloc server
01-01 09:57:46.956     0     0 I ADSPRPC : audio_pdr_adsprpc is uninitialzed
01-01 09:57:46.956     0     0 I service-notifier: service_notifier_new_server: Connection established between QMI handle and 74 service
01-01 09:57:46.956     0     0 I ADSPRPC : sensors_pdr_adsprpc is uninitialzed
01-01 09:57:46.956     0     0 I service-notifier: service_notifier_new_server: Connection established between QMI handle and 74 service
01-01 09:57:46.961   676   676 W /vendor/bin/hw/android.hardware.configstore@1.1-service: libminijail[676]: allowing syscall: connect
01-01 09:57:46.961   676   676 W /vendor/bin/hw/android.hardware.configstore@1.1-service: libminijail[676]: allowing syscall: fcntl
01-01 09:57:46.961   676   676 W /vendor/bin/hw/android.hardware.configstore@1.1-service: libminijail[676]: allowing syscall: sendto
01-01 09:57:46.961   676   676 W /vendor/bin/hw/android.hardware.configstore@1.1-service: libminijail[676]: allowing syscall: socket
01-01 09:57:46.961   676   676 W /vendor/bin/hw/android.hardware.configstore@1.1-service: libminijail[676]: allowing syscall: writev
01-01 09:57:46.965   676   676 W /vendor/bin/hw/android.hardware.configstore@1.1-service: libminijail[676]: logging seccomp filter failures
01-01 09:57:46.966     0     0 I audio_notifer_reg_service: service PDR_ADSP is in use
01-01 09:57:46.966     0     0 I apr_adsp_up: Q6 is Up
01-01 09:57:46.967   676   676 I ServiceManagement: Registered android.hardware.configstore@1.1::ISurfaceFlingerConfigs/default (start delay of 319ms)
01-01 09:57:46.967   676   676 I ServiceManagement: Removing namespace from process name android.hardware.configstore@1.1-service to configstore@1.1-service.
01-01 09:57:46.967     0     0 I iommu   : Adding device soc:qcom,msm-audio-apr:qcom,msm-audio-ion to group 28
01-01 09:57:46.967     0     0 E msm-audio-ion soc: qcom,msm-audio-apr:qcom,msm-audio-ion: msm_audio_ion_probe: qcom,smmu-sid-mask missing in DT node, using default
01-01 09:57:46.972     0     0 I         : Mass Storage Function, version: 2009/09/11
01-01 09:57:46.972     0     0 I LUN     : removable file: (no medium)
01-01 09:57:46.976     0     0 I         : file system registered
01-01 09:57:46.978     0     0 I f_cdev_alloc: port_name:at_usb0 (00000000c57a604c) portno:(0)
01-01 09:57:46.978   689   689 I android.hardware.wifi@1.0-service: Wifi Hal is booting up...
01-01 09:57:46.980   689   689 I ServiceManagement: Registered android.hardware.wifi@1.3::IWifi/default (start delay of 283ms)
01-01 09:57:46.980   689   689 I ServiceManagement: Removing namespace from process name android.hardware.wifi@1.0-service to wifi@1.0-service.
01-01 09:57:46.981     0     0 I f_cdev_alloc: port_name:at_usb1 (000000004ebde39e) portno:(1)
01-01 09:57:46.982     0     0 I f_cdev_alloc: port_name:at_usb2 (000000000a138dea) portno:(2)
01-01 09:57:46.998   700   700 I ServiceManagement: Registered vendor.qti.hardware.perf@2.1::IPerf/default (start delay of 271ms)
01-01 09:57:46.999   700   700 I ServiceManagement: Removing namespace from process name vendor.qti.hardware.perf@2.1-service to perf@2.1-service.
01-01 09:57:46.999   700   700 E vendor.qti.hardware.perf@2.1-service: Registered IPerf HAL service success!
01-01 09:57:47.000   670   670 I ServiceManagement: Registered android.hardware.audio@5.0::IDevicesFactory/default (start delay of 362ms)
01-01 09:57:47.000   670   670 I ServiceManagement: Removing namespace from process name android.hardware.audio@2.0-service to audio@2.0-service.
01-01 09:57:47.000   670   670 I audiohalservice: Registration complete for android.hardware.audio@5.0::IDevicesFactory/default.
01-01 09:57:47.005   632   632 I AndroidRuntime: Using default boot image
01-01 09:57:47.005   632   632 I AndroidRuntime: Leaving lock profiling enabled
01-01 09:57:47.024   632   632 I zygote  : option[0]=-Xzygote
01-01 09:57:47.024   632   632 I zygote  : option[1]=exit
01-01 09:57:47.024   632   632 I zygote  : option[2]=vfprintf
01-01 09:57:47.024   632   632 I zygote  : option[3]=sensitiveThread
01-01 09:57:47.024   632   632 I zygote  : option[4]=-verbose:gc
01-01 09:57:47.024   632   632 I zygote  : option[5]=-Xms8m
01-01 09:57:47.024   632   632 I zygote  : option[6]=-Xmx512m
01-01 09:57:47.024   632   632 I zygote  : option[7]=-XX:HeapGrowthLimit=256m
01-01 09:57:47.024   632   632 I zygote  : option[8]=-XX:HeapMinFree=512k
01-01 09:57:47.024   632   632 I zygote  : option[9]=-XX:HeapMaxFree=8m
01-01 09:57:47.024   632   632 I zygote  : option[10]=-XX:HeapTargetUtilization=0.75
01-01 09:57:47.024   632   632 I zygote  : option[11]=-Xusejit:true
01-01 09:57:47.024   632   632 I zygote  : option[12]=-Xjitsaveprofilinginfo
01-01 09:57:47.024   632   632 I zygote  : option[13]=-XjdwpOptions:suspend=n,server=y
01-01 09:57:47.024   632   632 I zygote  : option[14]=-XjdwpProvider:default
01-01 09:57:47.024   632   632 I zygote  : option[15]=-Xlockprofthreshold:500
01-01 09:57:47.024   632   632 I zygote  : option[16]=-Ximage-compiler-option
01-01 09:57:47.024   632   632 I zygote  : option[17]=--runtime-arg
01-01 09:57:47.024   632   632 I zygote  : option[18]=-Ximage-compiler-option
01-01 09:57:47.024   632   632 I zygote  : option[19]=-Xms64m
01-01 09:57:47.024   632   632 I zygote  : option[20]=-Ximage-compiler-option
01-01 09:57:47.025   632   632 I zygote  : option[21]=--runtime-arg
01-01 09:57:47.025   632   632 I zygote  : option[22]=-Ximage-compiler-option
01-01 09:57:47.025   632   632 I zygote  : option[23]=-Xmx64m
01-01 09:57:47.025   632   632 I zygote  : option[24]=-Ximage-compiler-option
01-01 09:57:47.025   632   632 I zygote  : option[25]=--profile-file=/system/etc/boot-image.prof
01-01 09:57:47.025   632   632 I zygote  : option[26]=-Ximage-compiler-option
01-01 09:57:47.025   632   632 I zygote  : option[27]=--compiler-filter=speed-profile
01-01 09:57:47.025   632   632 I zygote  : option[28]=-Xcompiler-option
01-01 09:57:47.025   632   632 I zygote  : option[29]=--runtime-arg
01-01 09:57:47.025   632   632 I zygote  : option[30]=-Xcompiler-option
01-01 09:57:47.025   632   632 I zygote  : option[31]=-Xms64m
01-01 09:57:47.025   632   632 I zygote  : option[32]=-Xcompiler-option
01-01 09:57:47.025   632   632 I zygote  : option[33]=--runtime-arg
01-01 09:57:47.025   632   632 I zygote  : option[34]=-Xcompiler-option
01-01 09:57:47.025   632   632 I zygote  : option[35]=-Xmx512m
01-01 09:57:47.025   632   632 I zygote  : option[36]=-Ximage-compiler-option
01-01 09:57:47.025   632   632 I zygote  : option[37]=--instruction-set-variant=cortex-a73
01-01 09:57:47.025   632   632 I zygote  : option[38]=-Xcompiler-option
01-01 09:57:47.025   632   632 I zygote  : option[39]=--instruction-set-variant=cortex-a73
01-01 09:57:47.025   632   632 I zygote  : option[40]=-Ximage-compiler-option
01-01 09:57:47.025   632   632 I zygote  : option[41]=--instruction-set-features=default
01-01 09:57:47.025   632   632 I zygote  : option[42]=-Xcompiler-option
01-01 09:57:47.025   632   632 I zygote  : option[43]=--instruction-set-features=default
01-01 09:57:47.025   632   632 I zygote  : option[44]=-Duser.locale=en-US
01-01 09:57:47.025   632   632 I zygote  : option[45]=--cpu-abilist=armeabi-v7a,armeabi
01-01 09:57:47.025   632   632 I zygote  : option[46]=-Xcompiler-option
01-01 09:57:47.025   632   632 I zygote  : option[47]=--generate-mini-debug-info
01-01 09:57:47.025   632   632 I zygote  : option[48]=-Xcore-platform-api-policy:just-warn
01-01 09:57:47.025   632   632 I zygote  : option[49]=-Xfingerprint:Elo/M50/M50:10/QKQ1.201112.002/5.5.01+p:userdebug/debug,release-keys
01-01 09:57:47.033   719   719 I lowmemorykiller: PSI window size is changed to 500ms
01-01 09:57:47.033   719   719 I lowmemorykiller: PSI poll period for super critical event is changed to 100ms
01-01 09:57:47.033   719   719 I lowmemorykiller: Using in-kernel low memory killer interface
01-01 09:57:47.039   632   632 W zygote  : Could not reserve sentinel fault page
