07-08 01:45:13.995   661   661 I SDM     : HWInfo::GetHWResourceInfo: Mode-index=2  total_bw_limit=6600000 and pipe_bw_limit=3100000
07-08 01:45:13.995   661   661 I SDM     : HWInfo::GetHWResourceInfo: Mode-index=3  total_bw_limit=6600000 and pipe_bw_limit=3100000
07-08 01:45:13.995   661   661 I SDM     : SessionManager::SessionManager: Allocate buffers synchronously = 0
07-08 01:45:13.996   661   747 W SDM     : HWCSession::UEventThread: UEvent dropped. No uevent listener.
07-08 01:45:13.997     0     0 I         : Mass Storage Function, version: 2009/09/11
07-08 01:45:13.997     0     0 I LUN     : removable file: (no medium)
07-08 01:45:14.001     0     0 E swr-wcd msm_sdw_swr_ctrl: swrm_get_logical_dev_num: device 0x21170213 is not ready
07-08 01:45:14.001     0     0 E swr_get_logical_dev_num: Error -22 to get logical addr for device 21170213
07-08 01:45:14.001     0     0 W wsa881x : probe of wsa881x.21170213 failed with error -22
07-08 01:45:14.002   661   747 W SDM     : HWCSession::UEventThread: UEvent dropped. No uevent listener.
07-08 01:45:14.002   661   661 I SDM     : ScalarConfig::Init: DE sharpness value is 50
07-08 01:45:14.003   661   747 W SDM     : HWCSession::UEventThread: UEvent dropped. No uevent listener.
07-08 01:45:14.006     0     0 I         : file system registered
07-08 01:45:14.012     0     0 E swr-wcd msm_sdw_swr_ctrl: swrm_get_logical_dev_num: device 0x21170214 is not ready
07-08 01:45:14.012     0     0 E swr_get_logical_dev_num: Error -22 to get logical addr for device 21170214
07-08 01:45:14.012     0     0 W wsa881x : probe of wsa881x.21170214 failed with error -22
07-08 01:45:14.015     0     0 W oem_init: 40 output lines suppressed due to ratelimiting
07-08 01:45:14.016   661   747 W SDM     : HWCSession::UEventThread: UEvent dropped. No uevent listener.
07-08 01:45:14.016   661   661 I SDM     : CoreInterface::CreateCore: Open interface handle = 0x79fc63c000
07-08 01:45:14.016   661   661 I SDM     : HWCSession::Register: Set uevent listener = 0x79fc626280
07-08 01:45:14.016   661   747 W SDM     : HWCSession::UEventThread: UEvent dropped. No uevent listener.
07-08 01:45:14.016     0     0 I f_cdev_alloc: port_name:at_usb0 (0000000034e2ab6a) portno:(0)
07-08 01:45:14.016   661   661 I SDM     : HWInfo::GetFirstDisplayInterfaceType: First display is internal display
07-08 01:45:14.016   661   661 I SDM     : CPUHint::Init: Invalid CPU Hint Pre-enable Window -1
07-08 01:45:14.017   661   661 I SDM     : HWDevice::GetHWPanelMaxBrightnessFromNode: Max brightness level = 255
07-08 01:45:14.017   661   661 I SDM     : HWDevice::Init: access(/dev/graphics/fb0) successful
07-08 01:45:14.017   661   661 I SDM     : HWDevice::GetHWPanelMaxBrightnessFromNode: Max brightness level = 255
07-08 01:45:14.017   661   661 I SDM     : HWDevice::PopulateHWPanelInfo: Device type = 0, Display Port = 1, Display Mode = 1, Device Node = 0, Is Primary = 1
07-08 01:45:14.017   661   661 I SDM     : HWDevice::PopulateHWPanelInfo: Partial Update = 0, supported roi_count =0, Dynamic FPS = 0
07-08 01:45:14.017   661   661 I SDM     : HWDevice::PopulateHWPanelInfo: Align: left = 0, width = 0, top = 0, height = 0
07-08 01:45:14.017   661   661 I SDM     : HWDevice::PopulateHWPanelInfo: ROI: min_width = 0, min_height = 0, need_merge = 0
07-08 01:45:14.017   661   661 I SDM     : HWDevice::PopulateHWPanelInfo: FPS: min = 60, max =60
07-08 01:45:14.017   661   661 I SDM     : HWDevice::PopulateHWPanelInfo: Ping Pong Split = 0
07-08 01:45:14.017   661   661 I SDM     : HWDevice::PopulateHWPanelInfo: Left Split = 0, Right Split = 0
07-08 01:45:14.017     0     0 I mdss_fb_start_disp_thread: mdss_fb_blank_unblank+0x1ac/0x340: start display thread fb0
07-08 01:45:14.018     0     0 I mdss_fb_do_ioctl: reset MIPI for EDP IC can't catch mipi signal when power up
07-08 01:45:14.019     0     0 I sn65dsi86_dsi2edp_bl_enable: enable, set IO to 0
07-08 01:45:14.025   651   651 I ServiceManagement: Registered android.hardware.audio@5.0::IDevicesFactory/default (start delay of 391ms)
07-08 01:45:14.025   651   651 I ServiceManagement: Removing namespace from process name android.hardware.audio@2.0-service to audio@2.0-service.
07-08 01:45:14.025   651   651 I audiohalservice: Registration complete for android.hardware.audio@5.0::IDevicesFactory/default.
07-08 01:45:14.028     0     0 I f_cdev_alloc: port_name:at_usb1 (00000000f63127a5) portno:(1)
07-08 01:45:14.029   749   768 I         : OEM debug sns_reg_storage_init: sns_reg_filename = /mnt/vendor/persist/sensors/sns.reg
07-08 01:45:14.031     0     0 I f_cdev_alloc: port_name:at_usb2 (00000000d7e12e0c) portno:(2)
07-08 01:45:14.043     0     0 I mdss_dsi_panel_bklt_pwm: set led_en(67) to low
07-08 01:45:14.045   749   768 I         : OEM debug sns_reg_write_conf_item: get platform_string = I40_TYPEC
07-08 01:45:14.045   749   768 I         : , persist.sys.gsensor.cal = 
07-08 01:45:14.046   749   768 I         : OEM debug sns_reg_match_conf_item: now we found platform_conf=sdm660
07-08 01:45:14.046   749   768 I chatty  : uid=1000(system) /vendor/bin/sensors.qti identical 1 line
07-08 01:45:14.046   749   768 I         : OEM debug sns_reg_match_conf_item: now we found platform_conf=sdm660
07-08 01:45:14.047   651   651 I ServiceManagement: Registered android.hardware.audio.effect@5.0::IEffectsFactory/default (start delay of 414ms)
07-08 01:45:14.047   651   651 I audiohalservice: Registration complete for android.hardware.audio.effect@5.0::IEffectsFactory/default.
07-08 01:45:14.049   479   479 I hwservicemanager: getTransport: Cannot find entry android.hardware.soundtrigger@2.2::ISoundTriggerHw/default in either framework or device manifest.
07-08 01:45:14.049   749   768 I libqpart: item :GSENSOR_BIAS, length: 0x20
07-08 01:45:14.049   749   768 I qpart-client: *** qpart_socket_client *** 
07-08 01:45:14.050   719   719 I qpart-server: accepted qvart request client = 5
07-08 01:45:14.050   749   768 I qpart-client: Packet header to send
07-08 01:45:14.050   719   719 I qpart-server: qpart_req_handle: enter +++++
07-08 01:45:14.050   719   719 I qpart-server: qotp_cmd_handle: enter +++++
07-08 01:45:14.050   719   719 I qpart-server: qotp_cmd_handle: cmd read-----
07-08 01:45:14.050   719   719 I qotp_implement: item :GSENSOR_BIAS, offset :0x00002400, length: 0x20
07-08 01:45:14.050   749   768 I qpart-client: 136 bytes sent
07-08 01:45:14.051   719   719 I qotp_implement: crc32_cal:  0x00000000 , size: 4
07-08 01:45:14.051   719   719 E qotp_implement: qotp_read_item, ERROR: read data is not valid 
07-08 01:45:14.051   719   719 I qpart-server: qotp_cmd_handle: leave ,rc =-32-----
07-08 01:45:14.051   719   719 I qpart-server: qpart_req_handle: rc = -32, payload_len =32 -----
07-08 01:45:14.051   719   719 I qpart-server: qpart_req_handle: end +++++
07-08 01:45:14.051   749   768 I qpart-client: payload_len:32
07-08 01:45:14.051   749   768 I qpart-client: Packet header received
07-08 01:45:14.051   749   768 E libqpart: read qotp fail :-32
07-08 01:45:14.051   749   768 E Sensors : sns_reg_la.c(286):gsensor otp item read fail
07-08 01:45:14.051   749   768 E         : update_gsensor_nv: gsensor otp item read fail
07-08 01:45:14.051   749   768 E Sensors : sns_reg_la.c(542):update_gsensor_nv from OTP failed, error code = -3
07-08 01:45:14.051   749   768 I libqpart: item :PSENSOR_NV, length: 0x10
07-08 01:45:14.051   749   768 I qpart-client: *** qpart_socket_client *** 
07-08 01:45:14.051   719   719 I qpart-server: accepted qvart request client = 5
07-08 01:45:14.051   749   768 I qpart-client: Packet header to send
07-08 01:45:14.051   719   719 I qpart-server: qpart_req_handle: enter +++++
07-08 01:45:14.051   719   719 I qpart-server: qotp_cmd_handle: enter +++++
07-08 01:45:14.051   719   719 I qpart-server: qotp_cmd_handle: cmd read-----
07-08 01:45:14.051   719   719 I qotp_implement: item :PSENSOR_NV, offset :0x00002800, length: 0x10
07-08 01:45:14.052   749   768 I qpart-client: 104 bytes sent
07-08 01:45:14.052   719   719 I qotp_implement: crc32_cal:  0x00000000 , size: 4
07-08 01:45:14.052   719   719 E qotp_implement: qotp_read_item, ERROR: read data is not valid 
07-08 01:45:14.052   719   719 I qpart-server: qotp_cmd_handle: leave ,rc =-32-----
07-08 01:45:14.052   719   719 I qpart-server: qpart_req_handle: rc = -32, payload_len =32 -----
07-08 01:45:14.052   719   719 I qpart-server: qpart_req_handle: end +++++
07-08 01:45:14.052   749   768 I qpart-client: payload_len:32
07-08 01:45:14.052   749   768 I qpart-client: Packet header received
07-08 01:45:14.052   749   768 E libqpart: read qotp fail :-32
07-08 01:45:14.052   749   768 E Sensors : sns_reg_la.c(357):psensor otp item read fail
07-08 01:45:14.052   749   768 E         : update_psensor_nv: psensor otp item read fail
07-08 01:45:14.052   749   768 E Sensors : sns_reg_la.c(552):update_psensor_nv from OTP failed, error code = -3
07-08 01:45:14.052   651   651 E audiohalservice: Could not get passthrough implementation for android.hardware.soundtrigger@2.2::ISoundTriggerHw/default.
07-08 01:45:14.056   749   749 E Sensors : sns_debug_main.c(294):Debug Config File missing in EFS!
07-08 01:45:14.056   749   749 E Sensors : aon_control.c(119):inotify_add_watch::/persist/sensors failed
07-08 01:45:14.057   749   784 E libsensor1: check_sensors_enabled: Sensors enabled = true
07-08 01:45:14.066     0     0 I sdm660-asoc-snd soc: qcom,msm-audio-apr:qcom,q6core-audio:sound: msm_internal_init: default codec configured
07-08 01:45:14.066     0     0 E OF      : /soc/qcom,msm-audio-apr/qcom,q6core-audio/sound: could not get #gpio-cells for /soc/msm_cdc_pinctrl@75
07-08 01:45:14.067     0     0 I sdm660-asoc-snd soc: qcom,msm-audio-apr:qcom,q6core-audio:sound: msm_init_wsa_dev: found 2 wsa881x devices registered with ALSA core
07-08 01:45:14.074   749   768 E QMI_FW  : xport_handle_event: QCSI Received Resume_Tx from 00000005:0000003a on FD- 4
07-08 01:45:14.075   749   768 E QMI_FW  : xport_handle_event: QCSI Received Resume_Tx from 00000005:0000003b on FD- 4
07-08 01:45:14.076     0     0 W QSEECOM : qseecom_load_app: App (soter64) does'nt exist, loading apps for first time
07-08 01:45:14.078   749   768 E QMI_FW  : xport_handle_event: QCSI Received Resume_Tx from 00000005:0000003b on FD- 4
07-08 01:45:14.093     0     0 I sn65dsi86_dsi2edp_bl_enable: disable, set IO to 1
07-08 01:45:14.109     0     0 W QSEECOM : qseecom_load_app: App with id 131074 (soter64) now loaded
07-08 01:45:14.109   686   686 D QSEECOMAPI: Loaded image: APP id = 131074
07-08 01:45:14.113     0     0 I sn65dsi86_dsi2edp_disable: start
07-08 01:45:14.117   749   784 E Sensors : aon_control.c(119):inotify_add_watch::/persist/sensors failed
07-08 01:45:14.125   651   651 D sound_trigger_hw: stdev_open: Enter
07-08 01:45:14.179   651   651 D sound_trigger_hw: load_audio_hal: ahal is using proprietary API version 0x0101
07-08 01:45:14.179   651   651 I sound_trigger_platform: platform_stdev_init: Enter
07-08 01:45:14.185   651   651 W sound_trigger_platform: load_smlib: generate_sound_trigger_phrase_recognition_event_v3 not found. undefined symbol: generate_sound_trigger_phrase_recognition_event_v3
07-08 01:45:14.266   666   666 W qti_sensors_hal: addSensor : Not supported sensor with handle 67!
07-08 01:45:14.279     0     0 W healthd : Unknown power supply type 'BMS'
07-08 01:45:14.279     0     0 W healthd : Unknown power supply type 'Main'
07-08 01:45:14.294   666   666 W qti_sensors_hal: addSensor : Not supported sensor with handle 39!
07-08 01:45:14.307   666   666 W qti_sensors_hal: addSensor : Not supported sensor with handle 48!
07-08 01:45:14.307   666   666 W qti_sensors_hal: addSensor : Not supported sensor with handle 49!
07-08 01:45:14.314   666   666 W qti_sensors_hal: addSensor : Not supported sensor with handle 53!
07-08 01:45:14.320   666   666 W qti_sensors_hal: addSensor : Not supported sensor with handle 68!
07-08 01:45:14.325   717   717 I SurfaceFlinger: Using HWComposer service: 'default'
07-08 01:45:14.325   717   717 I SurfaceFlinger: SurfaceFlinger is starting
07-08 01:45:14.327   666   666 I         : Loaded library from sensors.ssc.so
07-08 01:45:14.328   666   666 E /vendor/bin/hw/android.hardware.sensors@1.0-service: HAL specifies version 1.4, but does not implement set_operation_mode()
07-08 01:45:14.329   666   666 I ServiceManagement: Registered android.hardware.sensors@1.0::ISensors/default (start delay of 656ms)
07-08 01:45:14.330   666   666 I ServiceManagement: Removing namespace from process name android.hardware.sensors@1.0-service to sensors@1.0-service.
07-08 01:45:14.331   666   666 I android.hardware.sensors@1.0-service: Registration complete for android.hardware.sensors@1.0::ISensors/default.
07-08 01:45:14.406     0     0 I msm_pm_qos_add_request: add request
07-08 01:45:14.418     0     0 E failed  : s_ctrl 00000000f9b4894b for camera_id 0
07-08 01:45:14.418     0     0 E MSM-SENSOR-INIT msm_sensor_driver_cmd: 82 msm_sensor_driver_cmd failed (non-fatal) rc -22
07-08 01:45:14.418     0     0 E MSM-SENSOR-INIT msm_sensor_init_subdev_do_ioctl: 150 msm_sensor_init_subdev_do_ioctl:150 VIDIOC_MSM_SENSOR_INIT_CFG failed (non-fatal)
07-08 01:45:14.431     0     0 E failed  : s_ctrl 00000000f9b4894b for camera_id 1
07-08 01:45:14.431     0     0 E MSM-SENSOR-INIT msm_sensor_driver_cmd: 82 msm_sensor_driver_cmd failed (non-fatal) rc -22
07-08 01:45:14.431     0     0 E MSM-SENSOR-INIT msm_sensor_init_subdev_do_ioctl: 150 msm_sensor_init_subdev_do_ioctl:150 VIDIOC_MSM_SENSOR_INIT_CFG failed (non-fatal)
07-08 01:45:14.433     0     0 E failed  : s_ctrl 00000000f9b4894b for camera_id 2
07-08 01:45:14.433     0     0 E MSM-SENSOR-INIT msm_sensor_driver_cmd: 82 msm_sensor_driver_cmd failed (non-fatal) rc -22
07-08 01:45:14.433     0     0 E MSM-SENSOR-INIT msm_sensor_init_subdev_do_ioctl: 150 msm_sensor_init_subdev_do_ioctl:150 VIDIOC_MSM_SENSOR_INIT_CFG failed (non-fatal)
07-08 01:45:14.439     0     0 E msm_sensor_fill_eeprom_subdevid_by_name: 469 Eeprom userspace probe for s5k5e9yx04_le24l043cb
07-08 01:45:14.443   712   712 I FastMixerState: sMaxFastTracks = 8
07-08 01:45:14.444   712   712 V MediaUtils: physMem: 3812380672
07-08 01:45:14.444   712   712 V MediaUtils: requested limit: 536870912
07-08 01:45:14.444   712   712 I libc    : malloc_limit: Allocation limit enabled, max size 536870912 bytes
07-08 01:45:14.444   712   712 I audioserver: ServiceManager: 0x7306bc2340
07-08 01:45:14.444   712   712 W BatteryNotifier: batterystats service unavailable!
07-08 01:45:14.454   479   479 I hwservicemanager: getTransport: Cannot find entry android.hardware.audio@5.0::IDevicesFactory/msd in either framework or device manifest.
07-08 01:45:14.456   712   712 I AudioFlinger: Using default 3000 mSec as standby time.
07-08 01:45:14.459   712   712 E APM::Serializer: deserialize: Could not parse /odm/etc/audio_policy_configuration.xml document.
07-08 01:45:14.469   712   712 E APM::AudioPolicyEngine/Config: parse: Could not parse document /vendor/etc/audio_policy_engine_configuration.xml
07-08 01:45:14.469   712   712 W APM::AudioPolicyEngine/Base: loadAudioPolicyEngineConfig: No configuration found, using default matching phone experience.
07-08 01:45:14.469   712   712 E APM::AudioPolicyEngine/Config: parseLegacyVolumeFile: Could not parse document /odm/etc/audio_policy_configuration.xml
07-08 01:45:14.477     0     0 I msm_cci_init: 1440: hw_version = 0x10060000
07-08 01:45:14.477   712   712 D APM::AudioPolicyEngine: [Engine] prop ro.vendor.oem.hw.feature = (GSen-DuSpk-GPIO-AdbMux-exDP-eRTC-Key2-dmic-exPD)
07-08 01:45:14.477     0     0 I         : @@@ original_sid = 0x10, valid_flag = 0x01, eeprom_version = 0x01, checksum = 0x03
07-08 01:45:14.478     0     0 I         : @@@ rc = 0, camera_sid = 0x10, eeprom_reg_addr = 0x03 , eeprom_reg_value = 0x32
07-08 01:45:14.478     0     0 I         : @@@ rc = 0, camera_sid = 0x10, eeprom_reg_addr = 0x04 , eeprom_reg_value = 0x30
07-08 01:45:14.478     0     0 I         : @@@ rc = 0, camera_sid = 0x10, eeprom_reg_addr = 0x05 , eeprom_reg_value = 0x32
07-08 01:45:14.479   651   765 D audio_hw_primary: adev_open: enter
07-08 01:45:14.479   651   765 D audio_log_utils: registered, module hal
07-08 01:45:14.479     0     0 I         : @@@ rc = 0, camera_sid = 0x10, eeprom_reg_addr = 0x06 , eeprom_reg_value = 0x30
07-08 01:45:14.479     0     0 I         : @@@ rc = 0, camera_sid = 0x10, eeprom_reg_addr = 0x07 , eeprom_reg_value = 0x31
07-08 01:45:14.479     0     0 I         : @@@ rc = 0, camera_sid = 0x10, eeprom_reg_addr = 0x08 , eeprom_reg_value = 0x30
07-08 01:45:14.479     0     0 I         : @@@ rc = 0, camera_sid = 0x10, eeprom_reg_addr = 0x09 , eeprom_reg_value = 0x32
07-08 01:45:14.480     0     0 I         : @@@ rc = 0, camera_sid = 0x10, eeprom_reg_addr = 0x0a , eeprom_reg_value = 0x34
07-08 01:45:14.480     0     0 I         : @@@ rc = 0, camera_sid = 0x10, eeprom_reg_addr = 0x0b , eeprom_reg_value = 0x31
07-08 01:45:14.480     0     0 I         : @@@ rc = 0, camera_sid = 0x10, eeprom_reg_addr = 0x0c , eeprom_reg_value = 0x30
07-08 01:45:14.481     0     0 E         : s5k5e9yx04 probe succeeded
07-08 01:45:14.481   651   765 W audio_hw_utils: audio_extn_utils_get_vendor_enhanced_info: vendor_enhanced_info 0x3
07-08 01:45:14.481   651   765 D audio_hw_extn: snd_mon_feature_init: Called with feature Enabled
07-08 01:45:14.485   651   765 D audio_hw_extn: snd_mon_feature_init:: ---- Feature SND_MONITOR is Enabled ----
07-08 01:45:14.485   651   765 W audio_hw_extn: :: compr_cap_feature_init: ---- Feature COMPRESS_CAPTURE is disabled ----
07-08 01:45:14.485   651   765 D audio_hw_extn: dsm_feedback_feature_init: Called with feature NOT Enabled
07-08 01:45:14.485   651   765 W audio_hw_extn: :: dsm_feedback_feature_init: ---- Feature DSM_FEEDBACK is disabled ----
07-08 01:45:14.490   651   765 D audio_hw_extn: ssrec_feature_init:: ---- Feature SSREC is Enabled ----
07-08 01:45:14.490   651   765 D audio_hw_extn: src_trkn_feature_init:: ---- Feature SOURCE_TRACKING is Enabled ----
07-08 01:45:14.490   651   765 D audio_hw_extn: hdmi_edid_feature_init: HDMI_EDID feature Enabled
07-08 01:45:14.491   651   765 D audio_hw_extn: hdmi_edid_feature_init:: ---- Feature HDMI_EDID is Enabled ----
07-08 01:45:14.492   651   765 D audio_hw_extn: :: keep_alive_feature_init: ---- Feature KEEP_ALIVE is  NOT ENABLED ----
07-08 01:45:14.492   651   765 D audio_hw_extn: :: hifi_audio_feature_init: ---- Feature HIFI_AUDIO is ENABLED ----
07-08 01:45:14.492   651   765 D audio_hw_extn: :: ras_feature_init: ---- Feature RAS_FEATURE is ENABLED ----
07-08 01:45:14.492   651   765 D audio_hw_extn: :: kpi_optimize_feature_init: ---- Feature KPI_OPTIMIZE is ENABLED ----
07-08 01:45:14.492   651   765 D audio_hw_extn: usb_offload_feature_init: Called with feature Enabled
07-08 01:45:14.492   651   765 D audio_hw_extn: usb_offload_burst_mode_feature_init: Called with feature NOT Enabled
07-08 01:45:14.492   651   765 D audio_hw_extn: usb_offload_sidetone_volume_feature_init: Called with feature NOT Enabled
07-08 01:45:14.492   651   765 D audio_hw_extn: a2dp_offload_feature_init: Called with feature Enabled
07-08 01:45:14.494   651   765 D audio_hw_extn: a2dp_offload_feature_init:: ---- Feature A2DP_OFFLOAD is Enabled ----
07-08 01:45:14.494   651   765 D audio_hw_extn: :: vbat_feature_init: ---- Feature VBAT is ENABLED ----
07-08 01:45:14.494   651   765 D audio_hw_extn: :: display_port_feature_init: ---- Feature DISPLAY_PORT is ENABLED ----
07-08 01:45:14.494   651   765 D audio_hw_extn: :: fluence_feature_init: ---- Feature FLUENCE is ENABLED ----
07-08 01:45:14.494   651   765 D audio_hw_extn: :: custom_stereo_feature_init: ---- Feature CUSTOM_STEREO is ENABLED ----
07-08 01:45:14.494   651   765 D audio_hw_extn: :: anc_headset_feature_init: ---- Feature ANC_HEADSET is ENABLED----
07-08 01:45:14.494   651   765 D audio_hw_extn: spkr_prot_feature_init: Called with feature Enabled, vendor_enhanced_info 0x3
07-08 01:45:14.498     0     0 I msm_csid_init: CSID_VERSION = 0x30050000
07-08 01:45:14.499     0     0 E scm_call failed: func id 0x42001801, ret: -1, syscall returns: 0x0, 0x0, 0x0
07-08 01:45:14.499     0     0 E         : msm_csid_irq CSID0_IRQ_STATUS_ADDR = 0x800
07-08 01:45:14.500   651   765 D audio_hw_extn: spkr_prot_feature_init:: ---- Feature SPKR_PROT is Enabled ----
07-08 01:45:14.500   651   765 D audio_hw_extn: fm_feature_init: ---- Feature FM_POWER_OPT is ENABLED----
07-08 01:45:14.500   651   765 D audio_hw_extn: external_qdsp_feature_init: Called with feature NOT Enabled
07-08 01:45:14.500   651   765 W audio_hw_extn: :: external_qdsp_feature_init: ---- Feature EXTERNAL_QDSP is disabled ----
07-08 01:45:14.500   651   765 D audio_hw_extn: external_speaker_feature_init: Called with feature NOT Enabled
07-08 01:45:14.500   651   765 W audio_hw_extn: :: external_speaker_feature_init: ---- Feature EXTERNAL_SPKR is disabled ----
07-08 01:45:14.500   651   765 D audio_hw_extn: external_speaker_tfa_feature_init: Called with feature NOT Enabled
07-08 01:45:14.500   651   765 W audio_hw_extn: :: external_speaker_tfa_feature_init: ---- Feature EXTERNAL_SPKR_TFA is disabled ----
07-08 01:45:14.500   651   765 D audio_hw_extn: hwdep_cal_feature_init: Called with feature NOT Enabled
07-08 01:45:14.500   651   765 W audio_hw_extn: :: hwdep_cal_feature_init: ---- Feature HWDEP_CAL is disabled ----
07-08 01:45:14.500   651   765 D audio_hw_extn: hfp_feature_init: Called with feature Enabled
07-08 01:45:14.502   651   765 D audio_hw_extn: hfp_feature_init:: ---- Feature HFP is Enabled ----
07-08 01:45:14.502   651   765 D audio_hw_extn: ext_hw_plugin_feature_init: Called with feature NOT Enabled
07-08 01:45:14.502   651   765 W audio_hw_extn: :: ext_hw_plugin_feature_init: ---- Feature EXT_HW_PLUGIN is disabled ----
07-08 01:45:14.502   651   765 D audio_hw_extn: record_play_concurency_feature_init: ---- Feature RECORD_PLAY_CONCURRENCY is NOT ENABLED----
07-08 01:45:14.502   651   765 D audio_hw_extn: hdmi_passthrough_feature_init: Called with feature Enabled
07-08 01:45:14.506   651   765 E audio_hw_extn: hdmi_passthrough_feature_init: dlsym failed
07-08 01:45:14.507   651   765 W audio_hw_extn: :: hdmi_passthrough_feature_init: ---- Feature HDMI_PASSTHROUGH is disabled ----
07-08 01:45:14.507   651   765 D audio_hw_extn: concurrent_capture_feature_init: ---- Feature CONCURRENT_CAPTURE is NOT ENABLED----
07-08 01:45:14.507   651   765 D audio_hw_extn: compress_in_feature_init: ---- Feature COMPRESS_IN is NOT ENABLED----
07-08 01:45:14.507   651   765 W audio_hw_extn: :: battery_listener_feature_init: ---- Feature BATTERY_LISTENER is disabled ----
07-08 01:45:14.507   651   765 D audio_hw_extn: maxx_audio_feature_init: Called with feature NOT Enabled
07-08 01:45:14.507   651   765 W audio_hw_extn: :: maxx_audio_feature_init: ---- Feature MAXX_AUDIO is disabled ----
07-08 01:45:14.507   651   765 D audio_hw_extn: audiozoom_feature_init: Called with feature NOT Enabled
07-08 01:45:14.507   651   765 W audio_hw_extn: :: audiozoom_feature_init: ---- Feature AUDIOZOOM is disabled ----
07-08 01:45:14.507   651   765 D voice_extn: :: dynamic_ecns_feature_init: ---- Feature DYNAMIC_ECNS is NOT ENABLED ----
07-08 01:45:14.520   651   765 E audio_hw_extn: audio_extn_perf_lock_init: Perf lock handles Success 
07-08 01:45:14.544     0     0 I msm_cci_init: 1440: hw_version = 0x10060000
07-08 01:45:14.563   611   611 D ICU     : Time zone APEX file found: /apex/com.android.tzdata/etc/icu/icu_tzdata.dat
07-08 01:45:14.564   612   612 D ICU     : Time zone APEX file found: /apex/com.android.tzdata/etc/icu/icu_tzdata.dat
07-08 01:45:14.643     0     0 E wlan    : Loading driver v5.2.03.27K; 2021-07-05T19:13:01Z; cld:Ib99fd37f54; cmn:I8e0989ac26,I2bbf9f08b6,Icd45e3a085,Ifddf1afca7,I105afd6625,I7fa17d3afa; ()
07-08 01:45:14.643     0     0 I qdf_print_ctrl_register: Allocated print control object 0
07-08 01:45:14.644     0     0 I [init][222827636][05:45:14.644492] wlan: [459:I:tdls] ucfg_tdls_init: 40: tdls module dispatcher init
07-08 01:45:14.644     0     0 I [init][222827813][05:45:14.644501] wlan: [459:I:tdls] ucfg_tdls_init: 72: tdls module dispatcher init done
07-08 01:45:14.644     0     0 I [init][222827994][05:45:14.644510] wlan: [459:I:POLICY_MGR] policy_mgr_init: 214: Callbacks registered with obj mgr
07-08 01:45:14.645     0     0 I         : wlan_hdd_state wlan major(497) initialized
07-08 01:45:14.645     0     0 I wlan    : driver loaded
07-08 01:45:14.646     0     0 I init    : Command 'insmod /vendor/lib/modules/qca_cld3_wlan.ko band_cfg=${persist.vendor.wifi.band.conf} dfs_cfg=${persist.vendor.wifi.dfs.conf} ps_cfg=${vendor.setting.wifi.ps_ena}' action=boot (/vendor/etc/init/hw/init.target.rc:109) took 580ms and succeeded
07-08 01:45:14.649     0     0 I init    : processing action (boot) from (/system/etc/init/bootstat.rc:63)
07-08 01:45:14.650     0     0 I init    : processing action (boot) from (/system/etc/init/dumpstate.rc:1)
07-08 01:45:14.650     0     0 I init    : processing action (boot) from (/system/etc/init/elabel.rc:1)
07-08 01:45:14.654     0     0 I init    : processing action (boot) from (/system/etc/init/gsid.rc:14)
07-08 01:45:14.655     0     0 I init    : starting service 'exec 16 (/system/bin/gsid run-startup-tasks)'...
07-08 01:45:14.659     0     0 I init    : processing action (boot) from (/system/etc/init/init.castles.rc:29)
07-08 01:45:14.659     0     0 E init    : property 'persist.serialno' doesn't exist while expanding '${persist.serialno}'
07-08 01:45:14.659     0     0 I init    : Command 'setprop ro.serialno ${persist.serialno}' action=boot (/system/etc/init/init.castles.rc:30) took 0ms and failed: cannot expand '${persist.serialno}'
07-08 01:45:14.659     0     0 E init    : property 'persist.serialno' doesn't exist while expanding '${persist.serialno}'
07-08 01:45:14.693   863   863 E PerMgrProxy: Starting pm-proxy service
07-08 01:45:14.694   697   735 D PerMgrSrv: modem state: is off-line, add client PM-PROXY-THREAD
07-08 01:45:14.694   697   735 D PerMgrSrv: PM-PROXY-THREAD registered
07-08 01:45:14.694   863   863 D PerMgrLib: PM-PROXY-THREAD successfully registered for modem
07-08 01:45:14.694   863   863 I PerMgrProxy: Casting proxy vote for modem
07-08 01:45:14.694   863   863 D PerMgrLib: PM-PROXY-THREAD voting for modem
07-08 01:45:14.694   697   735 D PerMgrSrv: PM-PROXY-THREAD voting for modem
07-08 01:45:14.694   697   735 D PerMgrSrv: modem new state: going on-line
07-08 01:45:14.694   697   735 D PerMgrSrv: modem num voters is 1
07-08 01:45:14.694   863   863 I PerMgrProxy: pm-proxy-thread vote successful for modem
07-08 01:45:14.696     0     0 I subsys-restart: __subsystem_get(): Changing subsys fw_name to modem
07-08 01:45:14.703     0     0 I ueventd : firmware: loading 'modem.mdt' for '/devices/platform/soc/4080000.qcom,mss/firmware/modem.mdt'
07-08 01:45:14.705     0     0 I ueventd : loading /devices/platform/soc/4080000.qcom,mss/firmware/modem.mdt took 2ms
07-08 01:45:14.706     0     0 I pil-q6v5-mss 4080000.qcom,mss: modem: loading from 0x000000008ac00000 to 0x000000008dc00000
07-08 01:45:14.711     0     0 I ueventd : firmware: loading 'mba.mbn' for '/devices/platform/soc/4080000.qcom,mss/firmware/mba.mbn'
07-08 01:45:14.723     0     0 I ueventd : loading /devices/platform/soc/4080000.qcom,mss/firmware/mba.mbn took 12ms
07-08 01:45:14.734   880   880 E /vendor/bin/adsprpcd: vendor/qcom/proprietary/commonsys-intf/adsprpc/src/adsprpcd.c:29:adsp daemon starting
07-08 01:45:14.735     0     0 I ueventd : firmware: loading 'msadp' for '/devices/platform/soc/4080000.qcom,mss/firmware/msadp'
07-08 01:45:14.736     0     0 E ueventd : firmware: could not find firmware for msadp
07-08 01:45:14.736     0     0 E firmware msadp: _request_firmware_load: firmware state wait timeout: rc = -2
07-08 01:45:14.736     0     0 I ueventd : loading /devices/platform/soc/4080000.qcom,mss/firmware/msadp took 0ms
07-08 01:45:14.736     0     0 W pil-q6v5-mss 4080000.qcom,mss: Debug policy not present - msadp. Continue.
07-08 01:45:14.736     0     0 I pil-q6v5-mss 4080000.qcom,mss: Loading MBA and DP (if present) from 0x0000000094800000 to 0x0000000094900000
07-08 01:45:14.755   881   881 E /vendor/bin/adsprpcd: vendor/qcom/proprietary/commonsys-intf/adsprpc/src/adsprpcd.c:29:adsp daemon starting
07-08 01:45:14.757   881   881 V /vendor/bin/adsprpcd: vendor/qcom/proprietary/commonsys-intf/adsprpc/src/fastrpc_apps_user.c:1088: remote_handle_open: Successfully opened handle 0x60 for '":;./\createstaticpd:audiopd on domain 0
07-08 01:45:14.758   880   880 V /vendor/bin/adsprpcd: vendor/qcom/proprietary/commonsys-intf/adsprpc/src/fastrpc_apps_user.c:1088: remote_handle_open: Successfully opened handle 0x62 for '":;./\attachguestos on domain 0
07-08 01:45:14.762   873   873 E QCOMSysDaemon: Can't find/open bootselect node: (No such file or directory)
07-08 01:45:14.762   873   873 I QCOMSysDaemon: Starting qcom system daemon
07-08 01:45:14.766   880   880 D /vendor/bin/adsprpcd: vendor/qcom/proprietary/commonsys-intf/adsprpc/src/fastrpc_apps_user.c:1030: Error 0xffffffff: remote_handle64_invoke failed for handle 0x9ac06090, method 4 on domain 0 (sc 0x4010100)
07-08 01:45:14.767   880   880 E /vendor/bin/adsprpcd: vendor/qcom/proprietary/commonsys-intf/adsprpc/src/adspmsgd.c:93:adspmsgd_init failed with error -1
07-08 01:45:14.767   866   866 I Dpps    : GetInstance: DppsServer ref count increased to 1
07-08 01:45:14.768   880   880 D /vendor/bin/adsprpcd: vendor/qcom/proprietary/commonsys-intf/adsprpc/src/fastrpc_apps_user.c:1030: Error 0xffffffff: remote_handle64_invoke failed for handle 0x9ac06090, method 3 on domain 0 (sc 0x3000000)
07-08 01:45:14.768   866   866 I Dpps    : WaitForComposer():129 Waiting for composer service init
07-08 01:45:14.768   880   880 V /vendor/bin/adsprpcd: vendor/qcom/proprietary/commonsys-intf/adsprpc/src/fastrpc_perf.c:213: fastrpc_perf_init: enabled RPC traces (kernel 0, dsp 0) with frequency 1000
07-08 01:45:14.773   880   880 V /vendor/bin/adsprpcd: vendor/qcom/proprietary/commonsys-intf/adsprpc/src/fastrpc_apps_user.c:1088: remote_handle_open: Successfully opened handle 0xf057d680 for adsp_default_listener on domain 0
07-08 01:45:14.774   859   859 I /system/bin/adbd: Not payment device, enable adbd
07-08 01:45:14.774   859   859 I /system/bin/adbd: 
07-08 01:45:14.775   880   880 V /vendor/bin/adsprpcd: vendor/qcom/proprietary/commonsys-intf/adsprpc/src/fastrpc_apps_user.c:1088: remote_handle_open: Successfully opened handle 0x6 for '":;./\geteventfd on domain 0
07-08 01:45:14.775   859   859 I adbd    : ro.boot.qvar :0.0.4.0.
07-08 01:45:14.776   859   859 I adbd    : 
07-08 01:45:14.776   859   859 I adbd    : [item :]root, [flag :]0
07-08 01:45:14.776   859   859 I adbd    : 
07-08 01:45:14.776   859   859 I adbd    : ro.boot.qvar :0.0.4.0.
07-08 01:45:14.776   859   859 I adbd    : 
07-08 01:45:14.776   859   859 I adbd    : [item :]adb_auth, [flag :]0
07-08 01:45:14.776   859   859 I adbd    : 
07-08 01:45:14.776   859   859 I adbd    : ro.boot.qvar :0.0.4.0.
07-08 01:45:14.776   859   859 I adbd    : 
07-08 01:45:14.776   859   859 I adbd    : [item :]root, [flag :]0
07-08 01:45:14.776   859   859 I adbd    : 
07-08 01:45:14.776   859   859 I adbd    : adbd listening on port 5555
07-08 01:45:14.777     0     0 E MAIN_MGR: hvdcp_opti Version: 3:0:0
07-08 01:45:14.781   886   886 I imsrcsd : Uce Service HAL  is starting up...
07-08 01:45:14.781   859   903 I adbd    : opening control endpoint /dev/usb-ffs/adb/ep0
07-08 01:45:14.782     0     0 I         : read descriptors
07-08 01:45:14.782     0     0 I         : read strings
07-08 01:45:14.783   890   890 D LibBpfLoader: Loading ELF object /system/etc/bpf/netd.o with license Apache 2.0
07-08 01:45:14.784   890   890 D LibBpfLoader: Loaded code section 3 (cgroupskb_ingress_stats)
07-08 01:45:14.784   890   890 D LibBpfLoader: Loaded relo section 3 (.relcgroupskb/ingress/stats)
07-08 01:45:14.784   890   890 D LibBpfLoader: Adding section 3 to cs list
07-08 01:45:14.784   890   890 D LibBpfLoader: Loaded code section 5 (cgroupskb_egress_stats)
07-08 01:45:14.784   890   890 D LibBpfLoader: Loaded relo section 5 (.relcgroupskb/egress/stats)
07-08 01:45:14.784   890   890 D LibBpfLoader: Adding section 5 to cs list
07-08 01:45:14.784   890   890 D LibBpfLoader: Loaded code section 7 (skfilter_egress_xtbpf)
07-08 01:45:14.784   890   890 D LibBpfLoader: Loaded relo section 7 (.relskfilter/egress/xtbpf)
07-08 01:45:14.784   890   890 D LibBpfLoader: Adding section 7 to cs list
07-08 01:45:14.784   890   890 D LibBpfLoader: Loaded code section 9 (skfilter_ingress_xtbpf)
07-08 01:45:14.784   890   890 D LibBpfLoader: Loaded relo section 9 (.relskfilter/ingress/xtbpf)
07-08 01:45:14.784   890   890 D LibBpfLoader: Adding section 9 to cs list
07-08 01:45:14.784   890   890 D LibBpfLoader: Loaded code section 11 (skfilter_whitelist_xtbpf)
07-08 01:45:14.784   890   890 D LibBpfLoader: Loaded relo section 11 (.relskfilter/whitelist/xtbpf)
07-08 01:45:14.784   890   890 D LibBpfLoader: Adding section 11 to cs list
07-08 01:45:14.784   890   890 D LibBpfLoader: Loaded code section 13 (skfilter_blacklist_xtbpf)
07-08 01:45:14.784   890   890 D LibBpfLoader: Loaded relo section 13 (.relskfilter/blacklist/xtbpf)
07-08 01:45:14.784   890   890 D LibBpfLoader: Adding section 13 to cs list
07-08 01:45:14.784   890   890 D LibBpfLoader: Loaded code section 15 (cgroupsock_inet_create)
07-08 01:45:14.784   890   890 D LibBpfLoader: Loaded relo section 15 (.relcgroupsock/inet/create)
07-08 01:45:14.784   890   890 D LibBpfLoader: Adding section 15 to cs list
07-08 01:45:14.786   890   890 D LibBpfLoader: bpf_create_map name cookie_tag_map, ret: 6
07-08 01:45:14.787   890   890 D LibBpfLoader: bpf_create_map name uid_counterset_map, ret: 7
07-08 01:45:14.787   889   889 D ELOPartd: ELOPartd
07-08 01:45:14.787   889   889 D ELOPartd: argc = 1
07-08 01:45:14.787   890   890 D LibBpfLoader: bpf_create_map name app_uid_stats_map, ret: 8
07-08 01:45:14.789   890   890 D LibBpfLoader: bpf_create_map name stats_map_A, ret: 9
07-08 01:45:14.789   890   890 D LibBpfLoader: bpf_create_map name stats_map_B, ret: 10
07-08 01:45:14.789   890   890 D LibBpfLoader: bpf_create_map name iface_stats_map, ret: 11
07-08 01:45:14.790   890   890 D LibBpfLoader: bpf_create_map name configuration_map, ret: 12
07-08 01:45:14.790   890   890 D LibBpfLoader: bpf_create_map name uid_owner_map, ret: 13
07-08 01:45:14.790   890   890 D LibBpfLoader: bpf_create_map name iface_index_name_map, ret: 14
07-08 01:45:14.790   890   890 D LibBpfLoader: bpf_create_map name uid_permission_map, ret: 15
07-08 01:45:14.790   890   890 D LibBpfLoader: map_fd found at 0 is 6 in /system/etc/bpf/netd.o
07-08 01:45:14.790   890   890 D LibBpfLoader: map_fd found at 1 is 7 in /system/etc/bpf/netd.o
07-08 01:45:14.790   890   890 D LibBpfLoader: map_fd found at 2 is 8 in /system/etc/bpf/netd.o
07-08 01:45:14.790   890   890 D LibBpfLoader: map_fd found at 3 is 9 in /system/etc/bpf/netd.o
07-08 01:45:14.790   890   890 D LibBpfLoader: map_fd found at 4 is 10 in /system/etc/bpf/netd.o
07-08 01:45:14.790   890   890 D LibBpfLoader: map_fd found at 5 is 11 in /system/etc/bpf/netd.o
07-08 01:45:14.790   890   890 D LibBpfLoader: map_fd found at 6 is 12 in /system/etc/bpf/netd.o
07-08 01:45:14.790   890   890 D LibBpfLoader: map_fd found at 7 is 13 in /system/etc/bpf/netd.o
07-08 01:45:14.790   890   890 D LibBpfLoader: map_fd found at 8 is 14 in /system/etc/bpf/netd.o
07-08 01:45:14.790   890   890 D LibBpfLoader: map_fd found at 9 is 15 in /system/etc/bpf/netd.o
07-08 01:45:14.791   890   890 D LibBpfLoader: applying relo to instruction at byte offset: 616, 	       insn offset 77 , insn 118
07-08 01:45:14.791   890   890 D LibBpfLoader: applying relo to instruction at byte offset: 688, 	       insn offset 86 , insn 118
07-08 01:45:14.791   890   890 D LibBpfLoader: applying relo to instruction at byte offset: 1040, 	       insn offset 130 , insn 118
07-08 01:45:14.791   890   890 D LibBpfLoader: applying relo to instruction at byte offset: 1184, 	       insn offset 148 , insn 118
07-08 01:45:14.791   890   890 D LibBpfLoader: applying relo to instruction at byte offset: 1264, 	       insn offset 158 , insn 118
07-08 01:45:14.791   890   890 D LibBpfLoader: applying relo to instruction at byte offset: 1368, 	       insn offset 171 , insn 118
07-08 01:45:14.791   890   890 D LibBpfLoader: applying relo to instruction at byte offset: 1472, 	       insn offset 184 , insn 118
07-08 01:45:14.791   890   890 D LibBpfLoader: applying relo to instruction at byte offset: 1512, 	       insn offset 189 , insn 118
07-08 01:45:14.791   890   890 D LibBpfLoader: applying relo to instruction at byte offset: 1632, 	       insn offset 204 , insn 118
07-08 01:45:14.791   890   890 D LibBpfLoader: applying relo to instruction at byte offset: 1736, 	       insn offset 217 , insn 118
07-08 01:45:14.791   890   890 D LibBpfLoader: applying relo to instruction at byte offset: 1776, 	       insn offset 222 , insn 118
07-08 01:45:14.791   890   890 D LibBpfLoader: applying relo to instruction at byte offset: 2064, 	       insn offset 258 , insn 118
07-08 01:45:14.792   890   890 D LibBpfLoader: applying relo to instruction at byte offset: 2168, 	       insn offset 271 , insn 118
07-08 01:45:14.792   890   890 D LibBpfLoader: applying relo to instruction at byte offset: 2208, 	       insn offset 276 , insn 118
07-08 01:45:14.792   890   890 D LibBpfLoader: applying relo to instruction at byte offset: 2328, 	       insn offset 291 , insn 118
07-08 01:45:14.792   890   890 D LibBpfLoader: applying relo to instruction at byte offset: 2432, 	       insn offset 304 , insn 118
07-08 01:45:14.792   890   890 D LibBpfLoader: applying relo to instruction at byte offset: 2472, 	       insn offset 309 , insn 118
07-08 01:45:14.792   890   890 D LibBpfLoader: applying relo to instruction at byte offset: 2720, 	       insn offset 340 , insn 118
07-08 01:45:14.792   890   890 D LibBpfLoader: applying relo to instruction at byte offset: 2824, 	       insn offset 353 , insn 118
07-08 01:45:14.792   890   890 D LibBpfLoader: applying relo to instruction at byte offset: 2864, 	       insn offset 358 , insn 118
07-08 01:45:14.792   890   890 D LibBpfLoader: applying relo to instruction at byte offset: 608, 	       insn offset 76 , insn 118
07-08 01:45:14.792   890   890 D LibBpfLoader: applying relo to instruction at byte offset: 680, 	       insn offset 85 , insn 118
07-08 01:45:14.792   890   890 D LibBpfLoader: applying relo to instruction at byte offset: 904, 	       insn offset 113 , insn 118
07-08 01:45:14.792   890   890 D LibBpfLoader: applying relo to instruction at byte offset: 1048, 	       insn offset 131 , insn 118
07-08 01:45:14.792   890   890 D LibBpfLoader: applying relo to instruction at byte offset: 1128, 	       insn offset 141 , insn 118
07-08 01:45:14.792   890   890 D LibBpfLoader: applying relo to instruction at byte offset: 1232, 	       insn offset 154 , insn 118
07-08 01:45:14.792   890   890 D LibBpfLoader: applying relo to instruction at byte offset: 1336, 	       insn offset 167 , insn 118
07-08 01:45:14.792   890   890 D LibBpfLoader: applying relo to instruction at byte offset: 1376, 	       insn offset 172 , insn 118
07-08 01:45:14.792   890   890 D LibBpfLoader: applying relo to instruction at byte offset: 1496, 	       insn offset 187 , insn 118
07-08 01:45:14.792   890   890 D LibBpfLoader: applying relo to instruction at byte offset: 1600, 	       insn offset 200 , insn 118
07-08 01:45:14.792   890   890 D LibBpfLoader: applying relo to instruction at byte offset: 1640, 	       insn offset 205 , insn 118
07-08 01:45:14.792   890   890 D LibBpfLoader: applying relo to instruction at byte offset: 1928, 	       insn offset 241 , insn 118
07-08 01:45:14.792   890   890 D LibBpfLoader: applying relo to instruction at byte offset: 2032, 	       insn offset 254 , insn 118
07-08 01:45:14.792   889   889 D ELOPartd: ~~~~ ELOPart_event_set 5602bcd198 ~~~~
07-08 01:45:14.792   890   890 D LibBpfLoader: applying relo to instruction at byte offset: 2072, 	       insn offset 259 , insn 118
07-08 01:45:14.792   875   875 I ThermalEngine: Thermal daemon started
07-08 01:45:14.792   890   890 D LibBpfLoader: applying relo to instruction at byte offset: 2192, 	       insn offset 274 , insn 118
07-08 01:45:14.792   889   889 D ELOPartd: ~~~~ +ELOPart_event_add ~~~~
07-08 01:45:14.792   889   889 D ELOPartd: ~~~~ added at 0 ~~~~
07-08 01:45:14.792   890   890 D LibBpfLoader: applying relo to instruction at byte offset: 2296, 	       insn offset 287 , insn 118
07-08 01:45:14.792   890   890 D LibBpfLoader: applying relo to instruction at byte offset: 2336, 	       insn offset 292 , insn 118
07-08 01:45:14.792   889   909 D ELOPartd: ~~~~ ELOPart_event_set 5602bcd1e0 ~~~~
07-08 01:45:14.792   890   890 D LibBpfLoader: applying relo to instruction at byte offset: 2584, 	       insn offset 323 , insn 118
07-08 01:45:14.793   889   909 D ELOPartd: ~~~~ +ELOPart_event_add ~~~~
07-08 01:45:14.793   889   909 D ELOPartd: ~~~~ added at 1 ~~~~
07-08 01:45:14.793   890   890 D LibBpfLoader: applying relo to instruction at byte offset: 2688, 	       insn offset 336 , insn 118
07-08 01:45:14.793   890   890 D LibBpfLoader: applying relo to instruction at byte offset: 2728, 	       insn offset 341 , insn 118
07-08 01:45:14.793   890   890 D LibBpfLoader: applying relo to instruction at byte offset: 40, 	       insn offset 5 , insn 118
07-08 01:45:14.793   890   890 D LibBpfLoader: applying relo to instruction at byte offset: 144, 	       insn offset 18 , insn 118
07-08 01:45:14.793   875   875 I ThermalEngine: No target config file, falling back to '/vendor/etc/thermal-engine.conf'
07-08 01:45:14.793   890   890 D LibBpfLoader: applying relo to instruction at byte offset: 184, 	       insn offset 23 , insn 118
07-08 01:45:14.793   890   890 D LibBpfLoader: applying relo to instruction at byte offset: 40, 	       insn offset 5 , insn 118
07-08 01:45:14.793   890   890 D LibBpfLoader: applying relo to instruction at byte offset: 144, 	       insn offset 18 , insn 118
07-08 01:45:14.793   890   890 D LibBpfLoader: applying relo to instruction at byte offset: 184, 	       insn offset 23 , insn 118
07-08 01:45:14.793   890   890 D LibBpfLoader: applying relo to instruction at byte offset: 136, 	       insn offset 17 , insn 118
07-08 01:45:14.793   890   890 D LibBpfLoader: applying relo to instruction at byte offset: 32, 	       insn offset 4 , insn 118
07-08 01:45:14.793   890   890 D LibBpfLoader: applying relo to instruction at byte offset: 80, 	       insn offset 10 , insn 118
07-08 01:45:14.793     0     0 I pil-q6v5-mss 4080000.qcom,mss: MBA boot done
07-08 01:45:14.806     0     0 I ueventd : firmware: loading 'modem.b02' for '/devices/platform/soc/4080000.qcom,mss/firmware/modem.b02'
07-08 01:45:14.810   890   890 D LibBpfLoader: New bpf core prog_load for /system/etc/bpf/netd.o (cgroupskb_ingress_stats) returned: 16
07-08 01:45:14.812     0     0 I ueventd : loading /devices/platform/soc/4080000.qcom,mss/firmware/modem.b02 took 6ms
07-08 01:45:14.814   890   890 D LibBpfLoader: New bpf core prog_load for /system/etc/bpf/netd.o (cgroupskb_egress_stats) returned: 17
07-08 01:45:14.814   890   890 D LibBpfLoader: New bpf core prog_load for /system/etc/bpf/netd.o (skfilter_egress_xtbpf) returned: 18
07-08 01:45:14.815   890   890 D LibBpfLoader: New bpf core prog_load for /system/etc/bpf/netd.o (skfilter_ingress_xtbpf) returned: 19
07-08 01:45:14.815   890   890 D LibBpfLoader: New bpf core prog_load for /system/etc/bpf/netd.o (skfilter_whitelist_xtbpf) returned: 20
07-08 01:45:14.815   890   890 D LibBpfLoader: New bpf core prog_load for /system/etc/bpf/netd.o (skfilter_blacklist_xtbpf) returned: 21
07-08 01:45:14.815   890   890 D LibBpfLoader: New bpf core prog_load for /system/etc/bpf/netd.o (cgroupsock_inet_create) returned: 22
07-08 01:45:14.815   890   890 I bpfloader: Attempted load object: /system/etc/bpf/netd.o, ret: Success
07-08 01:45:14.816   686   686 D vendor.qti.hardware.soter@1.0-service: soter: svc service starting.
07-08 01:45:14.816   884   884 I CLD80211: /system/vendor/bin/cnss_diag: initialized exit socket pair
07-08 01:45:14.816   884   884 I CLD80211: /system/vendor/bin/cnss_diag: nlctrl family id: 16 group: fw_logs mcast_id: 21
07-08 01:45:14.816   884   884 I CLD80211: /system/vendor/bin/cnss_diag: nlctrl family id: 16 group: host_logs mcast_id: 20
07-08 01:45:14.816   884   884 I CLD80211: /system/vendor/bin/cnss_diag: nlctrl family id: 16 group: diag_events mcast_id: 23
07-08 01:45:14.817   884   884 I CNSS    : cnss_open_log_file: create directory /data/vendor/wifi/wlan_logs/ ret = 0 errno= 2
07-08 01:45:14.817   884   884 I CNSS    : failed to open file a+ mode or file size 0 is less than max_file_size 31457280
07-08 01:45:14.817   884   884 I CNSS    : cnss_open_log_file: directory /data/vendor/wifi/wlan_logs/ created
07-08 01:45:14.817   884   884 I CNSS    : failed to open file a+ mode or file size 0 is less than max_file_size 31457280
07-08 01:45:14.817   884   884 I CNSS    : cnss_open_log_file: directory /data/vendor/wifi/wlan_logs/ created
07-08 01:45:14.817   884   884 I CNSS    : failed to open file a+ mode or file size 0 is less than max_file_size 31457280
07-08 01:45:14.818   884   884 I CNSS    : initialize_cnsslog_timer: create cnss log timer 
07-08 01:45:14.818   686   686 I ServiceManagement: Registered vendor.qti.hardware.soter@1.0::ISoter/default (start delay of 1064ms)
07-08 01:45:14.818   686   686 I ServiceManagement: Removing namespace from process name vendor.qti.hardware.soter@1.0-service to soter@1.0-service.
07-08 01:45:14.818   686   686 E vendor.qti.hardware.soter@1.0-service: Registered SOTER HAL service success
07-08 01:45:14.819   890   890 D LibBpfLoader: Loading ELF object /system/etc/bpf/clatd.o with license Apache 2.0
07-08 01:45:14.819   890   890 D LibBpfLoader: Loaded code section 3 (schedcls_ingress_clat_ether)
07-08 01:45:14.819   890   890 D LibBpfLoader: Loaded relo section 3 (.relschedcls/ingress/clat_ether)
07-08 01:45:14.819   890   890 D LibBpfLoader: Adding section 3 to cs list
07-08 01:45:14.819   890   890 D LibBpfLoader: Loaded code section 5 (schedcls_ingress_clat_rawip)
07-08 01:45:14.819   890   890 D LibBpfLoader: Loaded relo section 5 (.relschedcls/ingress/clat_rawip)
07-08 01:45:14.819   890   890 D LibBpfLoader: Adding section 5 to cs list
07-08 01:45:14.820   890   890 D LibBpfLoader: bpf_create_map name clat_ingress_map, ret: 23
07-08 01:45:14.820   890   890 D LibBpfLoader: map_fd found at 0 is 23 in /system/etc/bpf/clatd.o
07-08 01:45:14.820   890   890 D LibBpfLoader: applying relo to instruction at byte offset: 400, 	       insn offset 50 , insn 118
07-08 01:45:14.820   890   890 D LibBpfLoader: applying relo to instruction at byte offset: 360, 	       insn offset 45 , insn 118
07-08 01:45:14.821   890   890 D LibBpfLoader: New bpf core prog_load for /system/etc/bpf/clatd.o (schedcls_ingress_clat_ether) returned: 24
07-08 01:45:14.821   890   890 D LibBpfLoader: New bpf core prog_load for /system/etc/bpf/clatd.o (schedcls_ingress_clat_rawip) returned: 25
07-08 01:45:14.821   890   890 I bpfloader: Attempted load object: /system/etc/bpf/clatd.o, ret: Success
07-08 01:45:14.822   881   881 V /vendor/bin/adsprpcd: vendor/qcom/proprietary/commonsys-intf/adsprpc/src/fastrpc_perf.c:213: fastrpc_perf_init: enabled RPC traces (kernel 0, dsp 0) with frequency 1000
07-08 01:45:14.822   875   875 I ThermalEngine: devices_manager_init: Init
07-08 01:45:14.822   875   875 I ThermalEngine: Number of gpus :1
07-08 01:45:14.823   875   875 I ThermalEngine: Number of cpus :8
07-08 01:45:14.823   875   875 I ThermalEngine: update_cpu_topology: Cluster info node not found/sys/module/msm_thermal/cluster_info
07-08 01:45:14.824   881   881 V /vendor/bin/adsprpcd: vendor/qcom/proprietary/commonsys-intf/adsprpc/src/fastrpc_apps_user.c:1088: remote_handle_open: Successfully opened handle 0xb07ae770 for adsp_default_listener on domain 0
07-08 01:45:14.824   881   881 V /vendor/bin/adsprpcd: vendor/qcom/proprietary/commonsys-intf/adsprpc/src/fastrpc_apps_user.c:1088: remote_handle_open: Successfully opened handle 0x6 for '":;./\geteventfd on domain 0
07-08 01:45:14.824   875   875 E ThermalEngine: read_int_list_from_file: Read error -2.
07-08 01:45:14.825   875   875 E ThermalEngine: tmd_add_cpufreq_dev_data: Invalid or no boost freqs
07-08 01:45:14.825     0     0 I ueventd : firmware: loading 'modem.b03' for '/devices/platform/soc/4080000.qcom,mss/firmware/modem.b03'
07-08 01:45:14.827   875   875 E ThermalEngine: read_int_list_from_file: Read error -2.
07-08 01:45:14.827   875   875 E ThermalEngine: tmd_add_cpufreq_dev_data: Invalid or no boost freqs
07-08 01:45:14.828   875   875 E ThermalEngine: read_int_list_from_file: Read error -2.
07-08 01:45:14.828   875   875 E ThermalEngine: tmd_add_cpufreq_dev_data: Invalid or no boost freqs
07-08 01:45:14.830   875   875 E ThermalEngine: read_int_list_from_file: Read error -2.
07-08 01:45:14.830   875   875 E ThermalEngine: tmd_add_cpufreq_dev_data: Invalid or no boost freqs
07-08 01:45:14.832   875   875 E ThermalEngine: read_int_list_from_file: Read error -2.
07-08 01:45:14.832   875   875 E ThermalEngine: tmd_add_cpufreq_dev_data: Invalid or no boost freqs
07-08 01:45:14.834   882   882 E Diag_Lib: qpLogDiagInit <== result : 1
07-08 01:45:14.834   882   882 E Diag_Lib: QMID : gIsQXDMDisabled 0, gIsADBDisabled 1, gIsDebugDisabled 0, gIsIMSLogsDisabled 0
07-08 01:45:14.834   882   882 E Diag_Lib: [IMS_QMID] |imsqmiserver.c | 541 | QMID#$$#0#QMI DAEMON STARTED
07-08 01:45:14.835   907   907 I mediaserver: ServiceManager: 0x79e301a580
