09-01 23:30:44.723   688  1415 I mm-camera: <MCT   >< INFO> 5333: mct_pipeline_start_session_thread: Calling start_session on Module pproc
09-01 23:30:44.723   688  1416 I mm-camera: <MCT   >< INFO> 5326: mct_pipeline_start_session_thread: E imglib
09-01 23:30:44.723   688  1416 I mm-camera: <MCT   >< INFO> 5333: mct_pipeline_start_session_thread: Calling start_session on Module imglib
09-01 23:30:44.724   688  1416 I mm-camera: <MCT   >< INFO> 5336: mct_pipeline_start_session_thread: Module imglib start_session rc = 1
09-01 23:30:44.724   688  1416 I mm-camera: <MCT   >< INFO> 5344: mct_pipeline_start_session_thread: started_num = 2, success = 2
09-01 23:30:44.724   688  1416 I mm-camera: <MCT   >< INFO> 5351: mct_pipeline_start_session_thread: X imglib
09-01 23:30:44.725   688  1415 I mm-camera: <MCT   >< INFO> 5336: mct_pipeline_start_session_thread: Module pproc start_session rc = 1
09-01 23:30:44.725   688  1415 I mm-camera: <MCT   >< INFO> 5344: mct_pipeline_start_session_thread: started_num = 3, success = 3
09-01 23:30:44.725   688  1415 I mm-camera: <MCT   >< INFO> 5351: mct_pipeline_start_session_thread: X pproc
09-01 23:30:44.725   688  1413 I mm-camera: <MCT   >< INFO> 5336: mct_pipeline_start_session_thread: Module stats start_session rc = 1
09-01 23:30:44.726   688  1413 I mm-camera: <MCT   >< INFO> 5344: mct_pipeline_start_session_thread: started_num = 4, success = 4
09-01 23:30:44.726   688  1413 I mm-camera: <MCT   >< INFO> 5351: mct_pipeline_start_session_thread: X stats
09-01 23:30:44.727     0     0 I MSM-CPP cpp_init_hardware: 1135 CPP HW Version: 0x60010002
09-01 23:30:44.727     0     0 E MSM-CPP cpp_init_hardware: 1153 stream_cnt:0
09-01 23:30:44.727   688  1411 I mm-camera: <MCT   >< INFO> 5336: mct_pipeline_start_session_thread: Module isp start_session rc = 1
09-01 23:30:44.727   688  1411 I mm-camera: <MCT   >< INFO> 5344: mct_pipeline_start_session_thread: started_num = 5, success = 5
09-01 23:30:44.727   688  1411 I mm-camera: <MCT   >< INFO> 5351: mct_pipeline_start_session_thread: X isp
09-01 23:30:44.731   688  1408 I mm-camera: <MCT   >< INFO> 5336: mct_pipeline_start_session_thread: Module sensor start_session rc = 1
09-01 23:30:44.731   688  1408 I mm-camera: <MCT   >< INFO> 5344: mct_pipeline_start_session_thread: started_num = 6, success = 6
09-01 23:30:44.731   688  1408 I mm-camera: <MCT   >< INFO> 5351: mct_pipeline_start_session_thread: X sensor
09-01 23:30:44.731     0     0 W moto_se4750_sensor_config32: 2403 se475x cfgtype = 7
09-01 23:30:44.731     0     0 W moto_se4750_sensor_config32: 2403 se475x cfgtype = 5
09-01 23:30:44.731     0     0 I         : 2513 se475x CFG_POWER_UP 1 rc=0
09-01 23:30:44.731     0     0 I         : se4500 power up
09-01 23:30:44.736   688  1256 I mm-camera: <MCT   >< INFO> 5247: mct_pipeline_start_stream_internal: Adding session stream streamid= 0xf for session=4
09-01 23:30:44.736   688  1256 I mm-camera: <MCT   >< INFO> 5295: mct_pipeline_start_stream_internal: Linking session stream for session 4
09-01 23:30:44.736   688  1256 I mm-camera: <MCT   >< INFO> 526: mct_stream_start_link: Start linking Session-stream 0x4000f
09-01 23:30:44.736   688  1256 I mm-camera: <IFACE >< INFO> 344: iface_util_find_primary_cid: iface_util_find_primary_cid:344 error cannot find primary sensor format cids 1
09-01 23:30:44.736   688  1256 I mm-camera: <ISP   >< INFO> 851: isp_port_check_caps_reserve: port 0xe87490c0 ide 4000f type 10 dim 0 0
09-01 23:30:44.737   688  1256 I mm-camera: <PPROC >< INFO> 449: pproc_port_add_modules_to_stream: in identity 4000f stream 10 int_link = 0xe832c940
09-01 23:30:44.737   688  1256 I mm-camera: <PPROC >< INFO> 461: pproc_port_add_modules_to_stream: :LINK linking mods tmod and paaf for identity 4000f
09-01 23:30:44.737   688  1256 I mm-camera: <PPROC >< INFO> 461: pproc_port_add_modules_to_stream: :LINK linking mods paaf and sat for identity 4000f
09-01 23:30:44.737   688  1256 I mm-camera: <PPROC >< INFO> 461: pproc_port_add_modules_to_stream: :LINK linking mods sat and c2d for identity 4000f
09-01 23:30:44.737   688  1256 I mm-camera: <C2D   >< INFO> 1557: c2d_module_notify_add_stream: width 0, height 0, stride 0, scanline 0, is_type 0
09-01 23:30:44.737   688  1256 I mm-camera: <PPROC >< INFO> 461: pproc_port_add_modules_to_stream: :LINK linking mods c2d and cpp for identity 4000f
09-01 23:30:44.737   688  1256 I mm-camera: <CPP   >< INFO> 2538: cpp_module_notify_add_stream: :stream 10, width 0, height 0, stride 0,scanline 0, framelen 0
09-01 23:30:44.737   688  1256 I mm-camera: <CPP   >< INFO> 2695: cpp_module_notify_add_stream: : stream 10, fmt 1, asf_mode 0, sharpness_level 0.000000,asf mask 0, denoise 0, denoise_mask 0, dsdn mask 0,dsdn enable 0, tnr mask 0, tnr enable 0, ds_mask 0, luma dsdn 0
09-01 23:30:44.737   688  1256 I mm-camera: <PPROC >< INFO> 461: pproc_port_add_modules_to_stream: :LINK linking mods cpp and depth_map for identity 4000f
09-01 23:30:44.738   688  1256 I mm-camera: <PPROC >< INFO> 461: pproc_port_add_modules_to_stream: :LINK linking mods depth_map and ezt for identity 4000f
09-01 23:30:44.738   688  1256 I mm-camera: <PPROC >< INFO> 461: pproc_port_add_modules_to_stream: :LINK linking mods ezt and quadracfa for identity 4000f
09-01 23:30:44.738   688  1256 E mm-camera: <STATS ><ERROR> 3027: stats_port_check_caps_reserve: Invalid Port capability type!
09-01 23:30:44.738   688  1256 E mm-camera: <STATS ><ERROR> 3027: stats_port_check_caps_reserve: Invalid Port capability type!
09-01 23:30:44.739   688  1256 I mm-camera: <MCT   >< INFO> 5304: mct_pipeline_start_stream_internal: Session stream linked successfully session 4
09-01 23:30:44.742   688  1405 E QCamera : <HAL><ERROR> initDefaultParameters: 5895: se475x initDefaultParameters() ======start==== CameraId=1
09-01 23:30:44.743   688  1405 E QCamera : <HAL><ERROR> initDefaultParameters: 6692: se475x barcode_CameraId=1, config m_bRdiMode to true
09-01 23:30:44.743   688  1256 I Thermal-Lib: Thermal-Lib-Client: Registration successful for camera with handle:1
09-01 23:30:44.743   688  1256 I Thermal-Lib: Thermal-Lib-Client: Registration successful for camcorder with handle:2
09-01 23:30:44.743   688  1256 I QCamera : <HAL><INFO> openCamera: 1931: [KPI Perf]: X PROFILE_OPEN_CAMERA camera id 1, rc: 0
09-01 23:30:44.743   688  1256 I CamDev@1.0-impl: could not cast ICameraDeviceCallback to IQCameraDeviceCallback
09-01 23:30:44.743   688  1406 I mm-camera: <IFACE >< INFO> 6274: iface_util_set_dis_enable_flag: iface_util_set_dis_enable_flag:6274 DIS enable flag = 0
09-01 23:30:44.743   913  1001 I ThermalEngine: Thermal-Server: Adding thermal event listener on fd 36
09-01 23:30:44.743   688  1406 E mm-camera: <SENSOR><ERROR> 5338: module_sensor_event_control_set_parm: func_tbl for submodule 4 is NULL
09-01 23:30:44.744   688  1431 I Thermal-Lib: Thermal-Lib-Client: Client received msg camera 0
09-01 23:30:44.744   688  1431 I Thermal-Lib: Thermal-Lib-Client: Client received msg camcorder 0
09-01 23:30:44.745   688  1405 E QCamera : <HAL><ERROR> initDefaultParameters: 6841: se475x store m_bNoDisplayModeAux=0 to tmp_bNoDisplayMode
09-01 23:30:44.745   688  1406 E mm-camera: <IMGLIB><ERROR> 322: module_depth_map_handle_ctrl_parm: E
09-01 23:30:44.745   688  1406 E mm-camera: <IMGLIB><ERROR> 430: module_depth_map_set_config_param: X
09-01 23:30:44.745   688  1406 E mm-camera: <IMGLIB><ERROR> 254: module_depth_map_send_config_data: CAM_STREAM_TYPE_DEPTH not set !!
09-01 23:30:44.745   688  1406 E mm-camera: <IMGLIB><ERROR> 369: module_depth_map_handle_ctrl_parm: Error module_depth_map_send_config_data
09-01 23:30:44.745   688  1406 E mm-camera: <IMGLIB><ERROR> 373: module_depth_map_handle_ctrl_parm: X
09-01 23:30:44.745   688  1406 E mm-camera: <IMGLIB><ERROR> 880: module_imgbase_process_param: [depth_map] handle_ctrl_parm error : type=10, rc=-5
09-01 23:30:44.745   688  1406 E mm-camera: <IMGLIB><ERROR> 322: module_depth_map_handle_ctrl_parm: E
09-01 23:30:44.745   688  1406 E mm-camera: <IMGLIB><ERROR> 430: module_depth_map_set_config_param: X
09-01 23:30:44.745   688  1406 E mm-camera: <IMGLIB><ERROR> 254: module_depth_map_send_config_data: CAM_STREAM_TYPE_DEPTH not set !!
09-01 23:30:44.745   688  1406 E mm-camera: <IMGLIB><ERROR> 369: module_depth_map_handle_ctrl_parm: Error module_depth_map_send_config_data
09-01 23:30:44.746   688  1406 E mm-camera: <IMGLIB><ERROR> 373: module_depth_map_handle_ctrl_parm: X
09-01 23:30:44.746   688  1406 E mm-camera: <IMGLIB><ERROR> 880: module_imgbase_process_param: [depth_map] handle_ctrl_parm error : type=10, rc=-5
09-01 23:30:44.747   688  1256 I CamDev@1.0-impl: Closing camera 1
09-01 23:30:44.747   688  1256 I QCamera : <HAL><INFO> close_camera_device: 1530: [KPI Perf]: E camera id 1
09-01 23:30:44.749   688  1256 E QCamera : <HAL><ERROR> acquirePerfLock: 614: Failed to acquire the perf lock
09-01 23:30:44.750   688  1256 I QCamera : <HAL><INFO> closeCamera: 2333: E
09-01 23:30:44.750   688  1256 I QCamera : <HAL><INFO> closeCamera: 2338: [KPI Perf]: E PROFILE_CLOSE_CAMERA camera id 1
09-01 23:30:44.751   688  1406 I mm-camera: <ISP   >< INFO> 7159: isp_util_print_meta_stream_info: Deallocate resources
09-01 23:30:44.751   688  1406 I mm-camera: <ISP   >< INFO> 7490: isp_util_handle_stream_info: streams_desc num_streams is 0 
09-01 23:30:44.751   688  1184 E mm-camera: <IMGLIB><ERROR> 297: AllocateBuffers: Invalid dimensions 0x0
09-01 23:30:44.751   688  1406 I mm-camera: <IFACE >< INFO> 6384: iface_util_handle_meta_stream_info: iface_util_handle_meta_stream_info: ms_type 0 num streams 0
09-01 23:30:44.751   688  1184 E mm-camera: <IMGLIB><ERROR> 197: img_algo_preload: Preload: Failed to allocate buffer, rc -4
09-01 23:30:44.751   688  1184 E mm-camera: <IMGLIB><ERROR> 127: module_imgbase_client_preload_exec: IMG_CORE_PRELOAD failed -4
09-01 23:30:44.751   688  1256 E QCamera : <HAL><ERROR> deinit: 7099: se475x deinit 
09-01 23:30:44.753   688  1256 I Thermal-Lib: thermal_bandwidth_client_cancel_request: Removing all bw request for camera_bw
09-01 23:30:44.753   688  1256 I Thermal-Lib: Thermal-Lib-Client: Unregisteration is successfull for handle:1
09-01 23:30:44.753   913  1001 I ThermalEngine: Thermal-Server: removing client on fd 36
09-01 23:30:44.753   688  1256 I Thermal-Lib: Thermal-Lib-Client: Unregisteration is successfull for handle:2
09-01 23:30:44.753   688  1256 I mm-camera: <MCT   >< INFO> 310: mct_controller_destroy: Initiating destroy sequence for session = 4
09-01 23:30:44.754   688  1256 I mm-camera: <MCT   >< INFO> 328: mct_controller_destroy: serv_thread closed
09-01 23:30:44.754   688  1256 I mm-camera: <MCT   >< INFO> 343: mct_controller_destroy: bus_handler thread closed
09-01 23:30:44.754   688  1256 I mm-camera: <MCT   >< INFO> 5404: mct_pipeline_stop_session: Initiating stop_session on session 4
09-01 23:30:44.754   688  1256 I mm-camera: <MCT   >< INFO> 4288: mct_pipeline_process_set: command=800000b
09-01 23:30:44.754   688  1256 I mm-camera: <MCT   >< INFO> 4533: mct_pipeline_process_set: Issuing DEL_STREAM on stream 0x4000f and stream type=10
09-01 23:30:44.766   948  1045 I ServiceManager: Waiting for service 'package_native' on '/dev/binder'...
09-01 23:30:44.780  1347  1347 D BootAnimation: BootAnimationStartTiming start time: 10180ms
09-01 23:30:44.781  1347  1347 D BootAnimation: BootAnimationPreloadTiming start time: 10180ms
09-01 23:30:44.781  1347  1347 D BootAnimation: Animation customzation path: 
09-01 23:30:44.782  1347  1347 D BootAnimation: BootAnimationPreloadStopTiming start time: 10181ms
09-01 23:30:44.788  1347  1436 D libEGL  : loaded /vendor/lib64/egl/libEGL_adreno.so
09-01 23:30:44.793  1347  1436 D libEGL  : loaded /vendor/lib64/egl/libGLESv1_CM_adreno.so
09-01 23:30:44.797  1347  1436 D libEGL  : loaded /vendor/lib64/egl/libGLESv2_adreno.so
09-01 23:30:44.811     0     0 W         : We will detect the device!
09-01 23:30:44.815  1347  1436 I AdrenoGLES: QUALCOMM build                   : fefc463, I67da44d20d
09-01 23:30:44.815  1347  1436 I AdrenoGLES: Build Date                       : 11/23/20
09-01 23:30:44.815  1347  1436 I AdrenoGLES: OpenGL ES Shader Compiler Version: EV031.27.05.10
09-01 23:30:44.815  1347  1436 I AdrenoGLES: Local Branch                     : mybrancheb2d85f4-9bbf-f15d-8afb-5cb90179c3d8
09-01 23:30:44.815  1347  1436 I AdrenoGLES: Remote Branch                    : quic/gfx-adreno.lnx.1.0.r104-rel
09-01 23:30:44.815  1347  1436 I AdrenoGLES: Remote Branch                    : NONE
09-01 23:30:44.815  1347  1436 I AdrenoGLES: Reconstruct Branch               : NOTHING
09-01 23:30:44.815  1347  1436 I AdrenoGLES: Build Config                     : S L 8.0.12 AArch64
09-01 23:30:44.816     0     0 I         : detect E
09-01 23:30:44.816     0     0 E         : scan engine has been detected!
09-01 23:30:44.816     0     0 W         : detect result = 1
09-01 23:30:44.816     0     0 I         : sensor state 1
09-01 23:30:44.816     0     0 W moto_se4750_sensor_config32: 2403 se475x cfgtype = 2
09-01 23:30:44.816     0     0 I         : se475x CFG_WRITE_I2C_ARRAY write i2c array nothing
09-01 23:30:44.816   688  1410 E mm-camera: <SENSOR><ERROR> 247: module_sensor_offload_init_config: func_tbl for submodule 4 is NULL
09-01 23:30:44.816   688  1410 E mm-camera: <SENSOR><ERROR> 249: module_sensor_offload_init_config: failed to get led off frame skip time
09-01 23:30:44.816   688  1256 I mm-camera: <IFACE >< INFO> 700: iface_unreserve_sink_port: stream_id f mode 0 
09-01 23:30:44.816   688  1256 I mm-camera: <ISP   >< INFO> 941: isp_port_check_caps_unreserve: ide 4000f port 0xe87490c0
09-01 23:30:44.818   688  1256 I mm-camera: <MCT   >< INFO> 4556: mct_pipeline_process_set: Stream 0x4000f and stream type=10, successfully deleted
09-01 23:30:44.819   688  1438 I mm-camera: <MCT   >< INFO> 5138: mct_pipeline_stop_session_thread: Stop module name: sensor - E
09-01 23:30:44.819   688  1438 I mm-camera: <MCT   >< INFO> 5146: mct_pipeline_stop_session_thread: Stop module name: sensor - X
09-01 23:30:44.819     0     0 W moto_se4750_sensor_config32: 2403 se475x cfgtype = 6
09-01 23:30:44.819     0     0 I         : 2538 se475x CFG_POWER_DOWN 1
09-01 23:30:44.819     0     0 I         : se4500 power down
09-01 23:30:44.819   688  1439 I mm-camera: <MCT   >< INFO> 5138: mct_pipeline_stop_session_thread: Stop module name: iface - E
09-01 23:30:44.820   688  1440 I mm-camera: <MCT   >< INFO> 5138: mct_pipeline_stop_session_thread: Stop module name: isp - E
09-01 23:30:44.820   688  1440 I mm-camera: <ISP   >< INFO> 510: isp_module_stop_session: session id 4
09-01 23:30:44.820   688  1439 I mm-camera: <MCT   >< INFO> 5146: mct_pipeline_stop_session_thread: Stop module name: iface - X
09-01 23:30:44.820   688  1441 I mm-camera: <MCT   >< INFO> 5138: mct_pipeline_stop_session_thread: Stop module name: stats - E
09-01 23:30:44.821   688  1440 I mm-camera: <MCT   >< INFO> 5146: mct_pipeline_stop_session_thread: Stop module name: isp - X
09-01 23:30:44.821   688  1442 I mm-camera: <MCT   >< INFO> 5138: mct_pipeline_stop_session_thread: Stop module name: pproc - E
09-01 23:30:44.822  1347  1436 I AdrenoGLES: PFP: 0x005ff113, ME: 0x005ff066
09-01 23:30:44.823   688  1443 I mm-camera: <MCT   >< INFO> 5138: mct_pipeline_stop_session_thread: Stop module name: imglib - E
09-01 23:30:44.823   688  1256 I mm-camera: <MCT   >< INFO> 5426: mct_pipeline_stop_session: Modules left: 5
09-01 23:30:44.823   688  1256 I mm-camera: <MCT   >< INFO> 5426: mct_pipeline_stop_session: Modules left: 4
09-01 23:30:44.823   688  1256 I mm-camera: <MCT   >< INFO> 5426: mct_pipeline_stop_session: Modules left: 3
09-01 23:30:44.824   688  1443 I mm-camera: <MCT   >< INFO> 5146: mct_pipeline_stop_session_thread: Stop module name: imglib - X
09-01 23:30:44.824   688  1256 I mm-camera: <MCT   >< INFO> 5426: mct_pipeline_stop_session: Modules left: 2
09-01 23:30:44.824     0     0 I MSM-CPP cpp_release_hardware: 1216 cpp hw release done
09-01 23:30:44.825   688  1442 E mm-camera: <IMGLIB><ERROR> 328: AllocateBuffers: Nothing allocated or already freed!
09-01 23:30:44.825   688  1442 I mm-camera: <MCT   >< INFO> 5146: mct_pipeline_stop_session_thread: Stop module name: pproc - X
09-01 23:30:44.825   688  1441 I mm-camera: <MCT   >< INFO> 5146: mct_pipeline_stop_session_thread: Stop module name: stats - X
09-01 23:30:44.825   688  1256 I mm-camera: <MCT   >< INFO> 5426: mct_pipeline_stop_session: Modules left: 1
09-01 23:30:44.825   688  1256 I mm-camera: <MCT   >< INFO> 5426: mct_pipeline_stop_session: Modules left: 0
09-01 23:30:44.825   688  1256 I mm-camera: <MCT   >< INFO> 5436: mct_pipeline_stop_session: Stopped session 4 successfully
09-01 23:30:44.825   688  1256 I mm-camera: <MCT   >< INFO> 5740: mct_pipeline_destroy: E: session:4
09-01 23:30:44.825   688  1256 E mm-camera: <MCT   ><ERROR> 179: stop_sof_check_thread: Returning as SOF timer thread not yet initialized
09-01 23:30:44.825   688  1256 I mm-camera: <MCT   >< INFO> 5818: mct_pipeline_destroy: X: Pipeline destroyed successfully session =4
09-01 23:30:44.825   688  1256 I mm-camera: <MCT   >< INFO> 422: mct_controller_destroy: X Successfully closed mct_controller session 4
09-01 23:30:44.826     0     0 I msm_pm_qos_update_request: update request -1
09-01 23:30:44.826     0     0 I msm_pm_qos_add_request: add request
09-01 23:30:44.826   688  1256 I QCamera : <HAL><INFO> closeCamera: 2409: [KPI Perf]: X PROFILE_CLOSE_CAMERA camera id 1, rc: 0
09-01 23:30:44.827   688  1256 I QCamera : <HAL><INFO> close_camera_device: 1548: [KPI Perf]: X
09-01 23:30:44.827   924   924 I CameraProviderManager: Enumerating new camera device: device@3.4/legacy/1
09-01 23:30:44.827   688  1256 E QCamera2Factory: get_number_of_cameras num of cameras: 2
09-01 23:30:44.828   924   924 E CameraProviderManager: DeviceInfo3: Converted ICameraDevice instance to nullptr
09-01 23:30:44.828   924   924 I CameraProviderManager: Camera provider legacy/0 ready with 4 camera devices
09-01 23:30:44.828   694   805 I SDM     : HWCDisplay::GetHdrCapabilities: HDR is not supported
09-01 23:30:44.828   924  1077 W CameraProviderManager: addProviderLocked: Camera provider HAL with name 'legacy/0' already registered
09-01 23:30:44.828   924   924 I CameraService: onDeviceStatusChanged: Status changed for cameraId=1, newStatus=1
09-01 23:30:44.828   924   924 I CameraService: onDeviceStatusChanged: Unknown camera ID 1, a new camera is added
09-01 23:30:44.828   924  1077 I CameraService: onDeviceStatusChanged: Status changed for cameraId=1, newStatus=1
09-01 23:30:44.829   924  1077 V CameraService: updateStatus: Status has changed for camera ID 1 from 0 to 0x1
09-01 23:30:44.829   924  1077 I CameraService: onDeviceStatusChanged: Status changed for cameraId=0, newStatus=1
09-01 23:30:44.829   924  1077 I CameraService: onDeviceStatusChanged: Unknown camera ID 0, a new camera is added
09-01 23:30:44.829   924  1077 V CameraService: updateStatus: Status has changed for camera ID 0 from 0 to 0x1
09-01 23:30:44.829   694   805 I SDM     : HWCDisplay::GetHdrCapabilities: HDR is not supported
09-01 23:30:44.829   924   924 I         : Waiting for activity service
09-01 23:30:44.850   504   504 I hwservicemanager: getTransport: Cannot find entry android.hardware.graphics.mapper@3.0::IMapper/default in either framework or device manifest.
09-01 23:30:44.850  1347  1436 W Gralloc3: mapper 3.x is not supported
09-01 23:30:44.860   734   734 I SurfaceFlinger: Enter boot animation
09-01 23:30:44.866   948  1045 I ServiceManager: Waiting for service 'package_native' on '/dev/binder'...
09-01 23:30:44.870   694   805 D qdutils : DEBUG_CALC_FPS: 0
09-01 23:30:44.870   694   805 D qdutils : period: 10
09-01 23:30:44.870   694   805 D qdutils : ignorethresh_us: 500000
09-01 23:30:44.870     0     0 E mdss_mdp_cxipeak_vote: cxipeak api fail ret:-22 set_vote :0 new_rate:100000000 prev_rate:412500000
09-01 23:30:44.871     0     0 I mdss_dsi_on-:  
09-01 23:30:44.885   747  1160 I tftp_server: pid=747 tid=1160 tftp-server : INF :[tftp_server.c, 1499] WRQ stats : total-blocks = 1 : total-bytes = 5 : 5 timedout-pkts = 0, wrong-pkts = 0
09-01 23:30:44.885   747  1160 I tftp_server: pid=747 tid=1160 tftp-server : INF :[tftp_server.c, 1507] WRQ file stats [port: 29]: Total : [fwrite, fflush] = [15, 5994] max: 15 min: 0
09-01 23:30:44.885   747  1160 I tftp_server: pid=747 tid=1160 tftp-server : INF :[tftp_server.c, 1511] WRQ time stats : Total : [TX, RX] = [53, 1054101]
09-01 23:30:44.885   747  1160 I tftp_server: pid=747 tid=1160 tftp-server : INF :[tftp_server.c, 1515] WRQ time stats : Tx [Min, Max] = [20, 33]
09-01 23:30:44.885   747  1160 I tftp_server: pid=747 tid=1160 tftp-server : INF :[tftp_server.c, 1520] WRQ time stats [port : 29]: Rx [Min, Max] = [3011, 1051090]
09-01 23:30:44.885   747  1160 I tftp_server: pid=747 tid=1160 tftp-server : INF :[tftp_server.c, 1807] WRQ Total API = 1062356
09-01 23:30:44.890     0     0 I         : sensor state 0
09-01 23:30:44.907   684   684 E audio_route: Control 'LSM6 Mixer INT3_MI2S_TX' doesn't exist - skipping
09-01 23:30:44.907   684   684 E audio_route: Control 'LSM7 Mixer INT3_MI2S_TX' doesn't exist - skipping
09-01 23:30:44.907   684   684 E audio_route: Control 'LSM8 Mixer INT3_MI2S_TX' doesn't exist - skipping
09-01 23:30:44.909   684   684 E audio_route: Control 'LSM6 Mixer INT3_MI2S_TX' doesn't exist - skipping
09-01 23:30:44.909   684   684 E audio_route: Control 'LSM7 Mixer INT3_MI2S_TX' doesn't exist - skipping
09-01 23:30:44.910   684   684 E audio_route: Control 'LSM8 Mixer INT3_MI2S_TX' doesn't exist - skipping
09-01 23:30:44.911   684   684 E audio_route: Control 'LSM6 Mixer INT3_MI2S_TX' doesn't exist - skipping
09-01 23:30:44.911   684   684 E audio_route: Control 'LSM7 Mixer INT3_MI2S_TX' doesn't exist - skipping
09-01 23:30:44.911   684   684 E audio_route: Control 'LSM8 Mixer INT3_MI2S_TX' doesn't exist - skipping
09-01 23:30:44.921   684   684 W sound_trigger_platform: load_acdb: acdb_loader_send_listen_device_cal_v1 not found. undefined symbol: acdb_loader_send_listen_device_cal_v1
09-01 23:30:44.921   684   684 W sound_trigger_platform: load_acdb: acdb_loader_send_listen_lsm_cal_v1 not found. undefined symbol: acdb_loader_send_listen_lsm_cal_v1
09-01 23:30:44.921   684   684 I audio_hw_extn: audio_extn_set_snd_card_split: snd_card_name(sdm660-snd-card-nonpay) device(sdm660) snd_card(snd) form_factor(card)
09-01 23:30:44.921   684   684 D platform_info: platform_info_init: platform info file name is audio_platform_info.xml
09-01 23:30:44.921   684   684 D platform_info: platform_info_init: Failed to open audio_platform_info.xml, using defaults.
09-01 23:30:44.922   684   684 E audio_hw_acdb: acdb_init_v2: dlsym error undefined symbol: acdb_loader_init_v4 for acdb_loader_init_v4
09-01 23:30:44.922   684   684 D ACDB-LOADER: ACDB -> No .acdb files found in /vendor/etc/acdbdata!
09-01 23:30:44.922   684   684 D ACDB-LOADER: ACDB -> found 0 form factor & soundcard independant files
09-01 23:30:44.922   684   684 I ACDB-LOADER: ACDB -> Load EANS on ACDB
09-01 23:30:44.923   684   684 D ACDB-LOADER: ACDB -> Load file: /vendor/etc/acdbdata/QRD/sdm660-snd-card-nonpay/QRD_NONPAY_Bluetooth_cal.acdb
09-01 23:30:44.923   684   684 D ACDB-LOADER: ACDB -> Load file: /vendor/etc/acdbdata/QRD/sdm660-snd-card-nonpay/QRD_NONPAY_Speaker_cal.acdb
09-01 23:30:44.923   684   684 D ACDB-LOADER: ACDB -> Load file: /vendor/etc/acdbdata/QRD/sdm660-snd-card-nonpay/QRD_NONPAY_workspaceFile.qwsp
09-01 23:30:44.923   684   684 D ACDB-LOADER: ACDB -> Load file: /vendor/etc/acdbdata/QRD/sdm660-snd-card-nonpay/QRD_NONPAY_Handset_cal.acdb
09-01 23:30:44.923   684   684 D ACDB-LOADER: ACDB -> Load file: /vendor/etc/acdbdata/QRD/sdm660-snd-card-nonpay/QRD_NONPAY_General_cal.acdb
09-01 23:30:44.923   684   684 D ACDB-LOADER: ACDB -> Load file: /vendor/etc/acdbdata/QRD/sdm660-snd-card-nonpay/QRD_NONPAY_Headset_cal.acdb
09-01 23:30:44.923   684   684 D ACDB-LOADER: ACDB -> Load file: /vendor/etc/acdbdata/QRD/sdm660-snd-card-nonpay/QRD_NONPAY_Hdmi_cal.acdb
09-01 23:30:44.923   684   684 D ACDB-LOADER: ACDB -> Load file: /vendor/etc/acdbdata/QRD/sdm660-snd-card-nonpay/QRD_NONPAY_Global_cal.acdb
09-01 23:30:44.923   684   684 D ACDB-LOADER: ACDB -> ACDB_CMD_INITIALIZE_V2
09-01 23:30:44.924   684   684 D         : [ACDB Command]->SW Minor/Major/Revision version info for /vendor/etc/acdbdata/QRD/sdm660-snd-card-nonpay/QRD_NONPAY_Bluetooth_cal.acdb
09-01 23:30:44.924   684   684 D         : [ACDB Command]->ACDB Sw Major = 9, ACDB Sw Minor = 0, ACDB Sw Revision = 4, ACDB Sw Cpl Number = 0
09-01 23:30:44.924   684   684 D         : [ACDB Command]->ACDB File Major = 9, ACDB File Minor = 0, ACDB File Revision = 11, ACDB File Cpl Number = 0
09-01 23:30:44.927   684   684 D         : [ACDB Command]->SW Minor/Major/Revision version info for /vendor/etc/acdbdata/QRD/sdm660-snd-card-nonpay/QRD_NONPAY_Speaker_cal.acdb
09-01 23:30:44.927   684   684 D         : [ACDB Command]->ACDB Sw Major = 9, ACDB Sw Minor = 0, ACDB Sw Revision = 4, ACDB Sw Cpl Number = 0
09-01 23:30:44.927   684   684 D         : [ACDB Command]->ACDB File Major = 9, ACDB File Minor = 0, ACDB File Revision = 11, ACDB File Cpl Number = 0
09-01 23:30:44.928   684   684 D         : [ACDB Command]->SW Minor/Major/Revision version info for /vendor/etc/acdbdata/QRD/sdm660-snd-card-nonpay/QRD_NONPAY_workspaceFile.qwsp
09-01 23:30:44.928   684   684 D         : [ACDB Command]->ACDB Sw Major = 9, ACDB Sw Minor = 0, ACDB Sw Revision = 4, ACDB Sw Cpl Number = 0
09-01 23:30:44.928   684   684 D         : [ACDB Command]->ACDB File Major = 9, ACDB File Minor = 0, ACDB File Revision = 11
09-01 23:30:44.931   684   684 D         : [ACDB Command]->SW Minor/Major/Revision version info for /vendor/etc/acdbdata/QRD/sdm660-snd-card-nonpay/QRD_NONPAY_Handset_cal.acdb
09-01 23:30:44.931   684   684 D         : [ACDB Command]->ACDB Sw Major = 9, ACDB Sw Minor = 0, ACDB Sw Revision = 4, ACDB Sw Cpl Number = 0
09-01 23:30:44.931   684   684 D         : [ACDB Command]->ACDB File Major = 9, ACDB File Minor = 0, ACDB File Revision = 11, ACDB File Cpl Number = 0
09-01 23:30:44.931   684   684 D         : [ACDB Command]->SW Minor/Major/Revision version info for /vendor/etc/acdbdata/QRD/sdm660-snd-card-nonpay/QRD_NONPAY_General_cal.acdb
09-01 23:30:44.931   684   684 D         : [ACDB Command]->ACDB Sw Major = 9, ACDB Sw Minor = 0, ACDB Sw Revision = 4, ACDB Sw Cpl Number = 0
09-01 23:30:44.931   684   684 D         : [ACDB Command]->ACDB File Major = 9, ACDB File Minor = 0, ACDB File Revision = 11, ACDB File Cpl Number = 0
09-01 23:30:44.933   684   684 D         : [ACDB Command]->SW Minor/Major/Revision version info for /vendor/etc/acdbdata/QRD/sdm660-snd-card-nonpay/QRD_NONPAY_Headset_cal.acdb
09-01 23:30:44.933   684   684 D         : [ACDB Command]->ACDB Sw Major = 9, ACDB Sw Minor = 0, ACDB Sw Revision = 4, ACDB Sw Cpl Number = 0
09-01 23:30:44.933   684   684 D         : [ACDB Command]->ACDB File Major = 9, ACDB File Minor = 0, ACDB File Revision = 11, ACDB File Cpl Number = 0
09-01 23:30:44.933   684   684 D         : [ACDB Command]->SW Minor/Major/Revision version info for /vendor/etc/acdbdata/QRD/sdm660-snd-card-nonpay/QRD_NONPAY_Hdmi_cal.acdb
09-01 23:30:44.933   684   684 D         : [ACDB Command]->ACDB Sw Major = 9, ACDB Sw Minor = 0, ACDB Sw Revision = 4, ACDB Sw Cpl Number = 0
09-01 23:30:44.933   684   684 D         : [ACDB Command]->ACDB File Major = 9, ACDB File Minor = 0, ACDB File Revision = 11, ACDB File Cpl Number = 0
09-01 23:30:44.934   684   684 D         : [ACDB Command]->SW Minor/Major/Revision version info for /vendor/etc/acdbdata/QRD/sdm660-snd-card-nonpay/QRD_NONPAY_Global_cal.acdb
09-01 23:30:44.934   684   684 D         : [ACDB Command]->ACDB Sw Major = 9, ACDB Sw Minor = 0, ACDB Sw Revision = 4, ACDB Sw Cpl Number = 0
09-01 23:30:44.934   684   684 D         : [ACDB Command]->ACDB File Major = 9, ACDB File Minor = 0, ACDB File Revision = 11, ACDB File Cpl Number = 0
09-01 23:30:44.934   684   684 D ACDB-LOADER: ACDB -> ACPH INIT
09-01 23:30:44.934   684   684 D         : [ACPH]->Online service registered with ACPH
09-01 23:30:44.936   684   684 D         : [ACPH]->ACPH init success
09-01 23:30:44.936   684   684 D ACDB-LOADER: ACDB -> RTAC INIT
09-01 23:30:44.936   684   684 D         : [ACPH]->DSP RTC service registered with ACPH
09-01 23:30:44.936   684   684 D ACDB-LOADER: ACDB -> MCS, FTS INIT
09-01 23:30:44.936   684   684 D         : [ACPH]->MCS RTC service registered with ACPH
09-01 23:30:44.936   684   684 D         : [ACPH]->FTS RTC service registered with ACPH
09-01 23:30:44.936   684   684 D ACDB-LOADER: ACDB -> ADIE RTAC INIT
09-01 23:30:44.936   684   684 D         : [ACPH]->ADIE RTC service registered with ACPH
09-01 23:30:44.936   684   684 D ACDB-LOADER: ACDB -> ACDB_CMD_GET_VOC_PROC_DYNAMIC_TABLE_SIZE
09-01 23:30:44.937   684   684 E ion     : ioctl c0044901 failed with code -1: Not a typewriter
09-01 23:30:44.945   684   684 D ACDB-LOADER: ACDB -> send_common_custom_topology
09-01 23:30:44.945   684   684 D ACDB-LOADER: ACDB -> ACDB_CMD_GET_AVCS_CUSTOM_TOPO_INFO_SIZE
09-01 23:30:44.945   684   684 D ACDB-LOADER: ACDB -> ACDB_CMD_GET_AVCS_CUSTOM_TOPO_INFO
09-01 23:30:44.945   684   684 D ACDB-LOADER: ACDB -> ACDB_CMD_GET_AVCS_CUSTOM_TOPO_INFO: size:0x19c ret=0 
09-01 23:30:44.945   684   684 D ACDB-LOADER: ACDB -> CORE_CUSTOM_TOPOLOGIES
09-01 23:30:44.948   684   684 D ACDB-LOADER: ACDB -> acdb_loader_send_common_custom_topology: Common custom topology in use
09-01 23:30:44.948   684   684 D ACDB-LOADER: ACDB -> init done!
09-01 23:30:44.948   684   684 D audio_hw_acdb: acdb_init_v2: ACDB Instance ID support after ACDB init:0
09-01 23:30:44.949   684   684 D sound_trigger_platform: platform_stdev_init Opening device /dev/snd/hwC0D1002 for vad hwdep config
09-01 23:30:44.949   684   684 D sound_trigger_platform: platform_stdev_init: cannot open device '/dev/snd/hwC0D1002', error:No such file or directory
09-01 23:30:44.949   684   684 D sound_trigger_platform: get_codec_version: codec version 
09-01 23:30:44.951   684   684 I SoundTriggerHalImpl: onFirstRef() mModuleName primary mHwDevice 0xf10d7000
09-01 23:30:44.952   684   684 I ServiceManagement: Registered android.hardware.soundtrigger@2.1::ISoundTriggerHw/default (start delay of 3391ms)
09-01 23:30:44.952   684   684 I audiohalservice: Registration complete for android.hardware.soundtrigger@2.1::ISoundTriggerHw/default.
09-01 23:30:44.956   684   684 I BTAudioProviderA2dpSoftware: A2dpSoftwareAudioProvider - size of audio buffer 7168 byte(s)
09-01 23:30:44.957   684   684 I BTAudioProviderHearingAid: HearingAidAudioProvider - size of audio buffer 3584 byte(s)
09-01 23:30:44.957   684   684 I ServiceManagement: Registered android.hardware.bluetooth.audio@2.0::IBluetoothAudioProvidersFactory/default (start delay of 3397ms)
09-01 23:30:44.958   684   684 I audiohalservice: Registration complete for android.hardware.bluetooth.audio@2.0::IBluetoothAudioProvidersFactory/default.
09-01 23:30:44.958   504   504 I hwservicemanager: getTransport: Cannot find entry android.hardware.bluetooth.a2dp@1.0::IBluetoothAudioOffload/default in either framework or device manifest.
09-01 23:30:44.958   684   684 E audiohalservice: Could not get passthrough implementation for android.hardware.bluetooth.a2dp@1.0::IBluetoothAudioOffload/default.
09-01 23:30:44.958   684   684 W audiohalservice: Could not register Bluetooth audio offload 1.0
09-01 23:30:44.967   948  1045 I ServiceManager: Waiting for service 'package_native' on '/dev/binder'...
09-01 23:30:44.969   645   645 I Zygote  : Preloading resources...
09-01 23:30:44.985   645   645 W Resources: Preloaded drawable resource #0x108027d (android:drawable/dialog_background_material) that varies with configuration!!
09-01 23:30:45.003     0     0 E         : msm_qti_pp_get_rms_value_control, back not active to query rms be_idx:3
09-01 23:30:45.004   645   645 I Zygote  : ...preloaded 64 resources in 36ms.
09-01 23:30:45.008   645   645 I Zygote  : ...preloaded 41 resources in 4ms.
09-01 23:30:45.018     0     0 I core_get_license_status: cmdrsp_license_result.result = 0x15 for module 0x131ff
09-01 23:30:45.019     0     0 E msm-ext-disp-audio-codec-rx soc: qcom,msm-ext-disp:qcom,msm-ext-disp-audio-codec-rx: msm_ext_disp_audio_type_get: Display cable disconnected
09-01 23:30:45.019     0     0 E msm-ext-disp-audio-codec-rx soc: qcom,msm-ext-disp:qcom,msm-ext-disp-audio-codec-rx: msm_ext_disp_audio_type_get: Display cable disconnected
09-01 23:30:45.023   645   645 D libEGL  : loaded /vendor/lib64/egl/libEGL_adreno.so
09-01 23:30:45.028   645   645 D libEGL  : loaded /vendor/lib64/egl/libGLESv1_CM_adreno.so
09-01 23:30:45.031   645   645 D libEGL  : loaded /vendor/lib64/egl/libGLESv2_adreno.so
09-01 23:30:45.045   645   645 I Zygote  : Preloading shared libraries...
09-01 23:30:45.052     0     0 E         : msm_pcm_path_latency_ctl_get substream runtime not found
09-01 23:30:45.055   645   645 I Zygote  : Called ZygoteHooks.endPreload()
09-01 23:30:45.056   645   645 I Zygote  : Installed AndroidKeyStoreProvider in 0ms.
09-01 23:30:45.061   645   645 I Zygote  : Warmed up JCA providers in 6ms.
09-01 23:30:45.061   645   645 D Zygote  : end preload
09-01 23:30:45.061   645   645 I boot_progress_preload_end: 10461
09-01 23:30:45.067   948  1045 I ServiceManager: Waiting for service 'package_native' on '/dev/binder'...
09-01 23:30:45.077     0     0 I chatty  : uid=0(root) logd identical 4 lines
09-01 23:30:45.081   645   645 I zygote64: Explicit concurrent copying GC freed 63957(3542KB) AllocSpace objects, 16(388KB) LOS objects, 49% free, 2593KB/5187KB, paused 48us total 19.373ms
09-01 23:30:45.085     0     0 E         : msm_pcm_path_latency_ctl_get substream runtime not found
09-01 23:30:45.098   645   645 I zygote64: Explicit concurrent copying GC freed 6065(208KB) AllocSpace objects, 0(0B) LOS objects, 49% free, 2417KB/4834KB, paused 33us total 12.274ms
09-01 23:30:45.102   747  1163 I tftp_server: pid=747 tid=1163 tftp-server : INF :[tftp_server.c, 1318] RRQ stats [port: 3689408]: sent_size = 40 total-blocks = 481 total-bytes = 3689408 timedout-pkts = 
09-01 23:30:45.102   747  1163 I tftp_server: pid=747 tid=1163 tftp-server : INF :[tftp_server.c, 1325] RRQ file stats [port: 40]: fread [Total, Max, Min] = [12710, 920, 0]
09-01 23:30:45.102   747  1163 I tftp_server: pid=747 tid=1163 tftp-server : INF :[tftp_server.c, 1329] RRQ time stats : Total : [TX, RX] = [1008593, 235738]
09-01 23:30:45.102   747  1163 I tftp_server: pid=747 tid=1163 tftp-server : INF :[tftp_server.c, 1336] RRQ time stats [port: 40]: Tx/Rx [Min, Max] = [16, 18032, 240, 7254]
09-01 23:30:45.103   747  1163 I tftp_server: pid=747 tid=1163 tftp-server : INF :[tftp_server.c, 1352] RRQ was successfully processed.
09-01 23:30:45.103   747  1163 I tftp_server: pid=747 tid=1163 tftp-server : INF :[tftp_server.c, 1807] RRQ Total API = 1265576
09-01 23:30:45.141   645   645 D Zygote  : Forked child process 1449
09-01 23:30:45.141   645   645 I Zygote  : System server process 1449 has been created
09-01 23:30:45.142   645   645 I Zygote  : Accepting command socket connections
09-01 23:30:45.167  1449  1449 I chatty  : uid=1000 system_server expire 183 lines
09-01 23:30:45.167   948  1045 I ServiceManager: Waiting for service 'package_native' on '/dev/binder'...
09-01 23:30:45.268   948  1045 I ServiceManager: Waiting for service 'package_native' on '/dev/binder'...
09-01 23:30:45.268   684   802 E audio_route: Control 'MultiMedia16 Mixer SLIM_7_TX' doesn't exist - skipping
09-01 23:30:45.271   684   802 E audio_route: Control 'INT4_MI2S_RX Channels' doesn't exist - skipping
09-01 23:30:45.271   684   802 E audio_route: Control 'VI_FEED_TX Channels' doesn't exist - skipping
09-01 23:30:45.271   684   802 E audio_route: Control 'AIF1_VI_SDW Mixer SPKR_VI_1' doesn't exist - skipping
09-01 23:30:45.271   684   802 E audio_route: Control 'AIF1_VI_SDW Mixer SPKR_VI_2' doesn't exist - skipping
09-01 23:30:45.271   684   802 E audio_route: Control 'INT5 MI2S VI MONO' doesn't exist - skipping
09-01 23:30:45.274   684   802 E audio_route: Control 'SpkrLeft COMP Switch' doesn't exist - skipping
09-01 23:30:45.274   684   802 E audio_route: Control 'SpkrRight COMP Switch' doesn't exist - skipping
09-01 23:30:45.275   684   802 E audio_route: Control 'SpkrLeft BOOST Switch' doesn't exist - skipping
09-01 23:30:45.275   684   802 E audio_route: Control 'SpkrRight BOOST Switch' doesn't exist - skipping
09-01 23:30:45.275   684   802 E audio_route: Control 'SpkrLeft VISENSE Switch' doesn't exist - skipping
09-01 23:30:45.275   684   802 E audio_route: Control 'SpkrRight VISENSE Switch' doesn't exist - skipping
09-01 23:30:45.275   684   802 E audio_route: Control 'SpkrLeft SWR DAC_Port Switch' doesn't exist - skipping
09-01 23:30:45.275   684   802 E audio_route: Control 'SpkrRight SWR DAC_Port Switch' doesn't exist - skipping
09-01 23:30:45.275   684   802 E audio_route: Control 'SpkrLeft WSA PA Gain' doesn't exist - skipping
09-01 23:30:45.275   684   802 E audio_route: Control 'SpkrRight WSA PA Gain' doesn't exist - skipping
09-01 23:30:45.275   684   802 E audio_route: Control 'SpkrLeft WSA PA Mute' doesn't exist - skipping
09-01 23:30:45.275   684   802 E audio_route: Control 'SpkrRight WSA PA Mute' doesn't exist - skipping
09-01 23:30:45.276   684   802 E audio_route: Control 'EAR SPKR PA Gain' doesn't exist - skipping
09-01 23:30:45.276   684   802 E audio_route: Control 'HPHL Volume' doesn't exist - skipping
09-01 23:30:45.276   684   802 E audio_route: Control 'HPHR Volume' doesn't exist - skipping
09-01 23:30:45.276   684   802 E audio_route: Control 'RX4 Digital Volume' doesn't exist - skipping
09-01 23:30:45.276   684   802 E audio_route: Control 'RX5 Digital Volume' doesn't exist - skipping
09-01 23:30:45.276   684   802 E audio_route: Control 'COMP1 Switch' doesn't exist - skipping
09-01 23:30:45.276   684   802 E audio_route: Control 'COMP2 Switch' doesn't exist - skipping
09-01 23:30:45.276   684   802 E audio_route: Control 'RX4 MIX1 INP1' doesn't exist - skipping
09-01 23:30:45.276   684   802 E audio_route: Control 'RX5 MIX1 INP1' doesn't exist - skipping
09-01 23:30:45.276   684   802 E audio_route: Control 'GSM mode Enable' doesn't exist - skipping
09-01 23:30:45.277   684   802 E audio_route: Control 'BT SampleRate RX' doesn't exist - skipping
09-01 23:30:45.277   684   802 E audio_route: Control 'BT SampleRate TX' doesn't exist - skipping
09-01 23:30:45.277   684   802 E audio_route: Control 'INT0_MI2S_RX Audio Mixer MultiMedia1' already exists in path 'deep-buffer-playback speaker-and-headphones'
09-01 23:30:45.277   684   802 E audio_route: Control 'INT0_MI2S_RX Audio Mixer MultiMedia1' already exists in path 'deep-buffer-playback speaker-safe-and-headphones'
09-01 23:30:45.277   684   802 E audio_route: Control 'BT SampleRate RX' doesn't exist - skipping
09-01 23:30:45.277   684   802 E audio_route: Control 'BT SampleRate TX' doesn't exist - skipping
09-01 23:30:45.278   684   802 E audio_route: Control 'INT0_MI2S_RX Audio Mixer MultiMedia5' already exists in path 'low-latency-playback speaker-and-headphones'
09-01 23:30:45.278   684   802 E audio_route: Control 'INT0_MI2S_RX Audio Mixer MultiMedia5' already exists in path 'low-latency-playback speaker-safe-and-headphones'
09-01 23:30:45.278   684   802 E audio_route: Control 'INT0_MI2S_RX Audio Mixer MultiMedia8' already exists in path 'audio-ull-playback speaker-and-headphones'
09-01 23:30:45.278   684   802 E audio_route: Control 'INT0_MI2S_RX Audio Mixer MultiMedia8' already exists in path 'audio-ull-playback speaker-safe-and-headphones'
09-01 23:30:45.278   684   802 E audio_route: Control 'BT SampleRate RX' doesn't exist - skipping
09-01 23:30:45.278   684   802 E audio_route: Control 'BT SampleRate TX' doesn't exist - skipping
09-01 23:30:45.278   684   802 E audio_route: Control 'BT SampleRate RX' doesn't exist - skipping
09-01 23:30:45.278   684   802 E audio_route: Control 'BT SampleRate TX' doesn't exist - skipping
09-01 23:30:45.278   684   802 E audio_route: Control 'INT0_MI2S_RX Audio Mixer MultiMedia4' already exists in path 'compress-offload-playback speaker-and-headphones'
09-01 23:30:45.278   684   802 E audio_route: Control 'INT0_MI2S_RX Audio Mixer MultiMedia4' already exists in path 'compress-offload-playback speaker-safe-and-headphones'
09-01 23:30:45.279   684   802 E audio_route: Control 'BT SampleRate RX' doesn't exist - skipping
09-01 23:30:45.279   684   802 E audio_route: Control 'BT SampleRate TX' doesn't exist - skipping
09-01 23:30:45.279   684   802 E audio_route: Control 'INT0_MI2S_RX Audio Mixer MultiMedia7' already exists in path 'compress-offload-playback2 speaker-and-headphones'
09-01 23:30:45.279   684   802 E audio_route: Control 'INT0_MI2S_RX Audio Mixer MultiMedia7' already exists in path 'compress-offload-playback2 speaker-safe-and-headphones'
09-01 23:30:45.279   684   802 E audio_route: Control 'BT SampleRate RX' doesn't exist - skipping
09-01 23:30:45.279   684   802 E audio_route: Control 'BT SampleRate TX' doesn't exist - skipping
09-01 23:30:45.279   684   802 E audio_route: Control 'INT0_MI2S_RX Audio Mixer MultiMedia10' already exists in path 'compress-offload-playback3 speaker-and-headphones'
09-01 23:30:45.279   684   802 E audio_route: Control 'INT0_MI2S_RX Audio Mixer MultiMedia10' already exists in path 'compress-offload-playback3 speaker-safe-and-headphones'
09-01 23:30:45.280   684   802 E audio_route: Control 'BT SampleRate RX' doesn't exist - skipping
09-01 23:30:45.280   684   802 E audio_route: Control 'BT SampleRate TX' doesn't exist - skipping
09-01 23:30:45.280   684   802 E audio_route: Control 'INT0_MI2S_RX Audio Mixer MultiMedia11' already exists in path 'compress-offload-playback4 speaker-and-headphones'
09-01 23:30:45.280   684   802 E audio_route: Control 'INT0_MI2S_RX Audio Mixer MultiMedia11' already exists in path 'compress-offload-playback4 speaker-safe-and-headphones'
09-01 23:30:45.280   684   802 E audio_route: Control 'BT SampleRate RX' doesn't exist - skipping
09-01 23:30:45.280   684   802 E audio_route: Control 'BT SampleRate TX' doesn't exist - skipping
09-01 23:30:45.281   684   802 E audio_route: Control 'INT0_MI2S_RX Audio Mixer MultiMedia12' already exists in path 'compress-offload-playback5 speaker-and-headphones'
09-01 23:30:45.281   684   802 E audio_route: Control 'INT0_MI2S_RX Audio Mixer MultiMedia12' already exists in path 'compress-offload-playback5 speaker-safe-and-headphones'
09-01 23:30:45.281   684   802 E audio_route: Control 'BT SampleRate RX' doesn't exist - skipping
09-01 23:30:45.281   684   802 E audio_route: Control 'BT SampleRate TX' doesn't exist - skipping
09-01 23:30:45.281   684   802 E audio_route: Control 'INT0_MI2S_RX Audio Mixer MultiMedia13' already exists in path 'compress-offload-playback6 speaker-and-headphones'
09-01 23:30:45.281   684   802 E audio_route: Control 'INT0_MI2S_RX Audio Mixer MultiMedia13' already exists in path 'compress-offload-playback6 speaker-safe-and-headphones'
09-01 23:30:45.281   684   802 E audio_route: Control 'BT SampleRate RX' doesn't exist - skipping
09-01 23:30:45.282   684   802 E audio_route: Control 'BT SampleRate TX' doesn't exist - skipping
09-01 23:30:45.282   684   802 E audio_route: Control 'INT0_MI2S_RX Audio Mixer MultiMedia14' already exists in path 'compress-offload-playback7 speaker-and-headphones'
09-01 23:30:45.282   684   802 E audio_route: Control 'INT0_MI2S_RX Audio Mixer MultiMedia14' already exists in path 'compress-offload-playback7 speaker-safe-and-headphones'
09-01 23:30:45.282   684   802 E audio_route: Control 'BT SampleRate RX' doesn't exist - skipping
09-01 23:30:45.282   684   802 E audio_route: Control 'BT SampleRate TX' doesn't exist - skipping
09-01 23:30:45.282   684   802 E audio_route: Control 'INT0_MI2S_RX Audio Mixer MultiMedia15' already exists in path 'compress-offload-playback8 speaker-and-headphones'
09-01 23:30:45.283   684   802 E audio_route: Control 'INT0_MI2S_RX Audio Mixer MultiMedia15' already exists in path 'compress-offload-playback8 speaker-safe-and-headphones'
09-01 23:30:45.283   684   802 E audio_route: Control 'BT SampleRate RX' doesn't exist - skipping
09-01 23:30:45.283   684   802 E audio_route: Control 'BT SampleRate TX' doesn't exist - skipping
09-01 23:30:45.283   684   802 E audio_route: Control 'INT0_MI2S_RX Audio Mixer MultiMedia16' already exists in path 'compress-offload-playback9 speaker-and-headphones'
09-01 23:30:45.283   684   802 E audio_route: Control 'INT0_MI2S_RX Audio Mixer MultiMedia16' already exists in path 'compress-offload-playback9 speaker-safe-and-headphones'
09-01 23:30:45.283   684   802 E audio_route: Control 'BT SampleRate RX' doesn't exist - skipping
09-01 23:30:45.283   684   802 E audio_route: Control 'BT SampleRate TX' doesn't exist - skipping
09-01 23:30:45.284   684   802 E audio_route: Control 'BT SampleRate RX' doesn't exist - skipping
09-01 23:30:45.284   684   802 E audio_route: Control 'BT SampleRate TX' doesn't exist - skipping
09-01 23:30:45.284   684   802 E audio_route: Control 'BT SampleRate RX' doesn't exist - skipping
09-01 23:30:45.284   684   802 E audio_route: Control 'BT SampleRate TX' doesn't exist - skipping
09-01 23:30:45.284   684   802 E audio_route: Control 'MultiMedia8 Mixer SLIM_8_TX' doesn't exist - skipping
09-01 23:30:45.286   684   802 E audio_route: Control 'BT SampleRate RX' doesn't exist - skipping
09-01 23:30:45.286   684   802 E audio_route: Control 'BT SampleRate TX' doesn't exist - skipping
09-01 23:30:45.287   684   802 E audio_route: Control 'BT SampleRate RX' doesn't exist - skipping
09-01 23:30:45.287   684   802 E audio_route: Control 'BT SampleRate TX' doesn't exist - skipping
09-01 23:30:45.287   684   802 E audio_route: Control 'BT SampleRate RX' doesn't exist - skipping
09-01 23:30:45.287   684   802 E audio_route: Control 'BT SampleRate TX' doesn't exist - skipping
09-01 23:30:45.289   684   802 E audio_route: Control 'AIF1_VI_SDW Mixer SPKR_VI_1' doesn't exist - skipping
09-01 23:30:45.289   684   802 E audio_route: Control 'AIF1_VI_SDW Mixer SPKR_VI_2' doesn't exist - skipping
09-01 23:30:45.289   684   802 E audio_route: Control 'VI_FEED_TX Channels' doesn't exist - skipping
09-01 23:30:45.289   684   802 E audio_route: Control 'AIF1_VI_SDW Mixer SPKR_VI_1' doesn't exist - skipping
09-01 23:30:45.289   684   802 E audio_route: Control 'VI_FEED_TX Channels' doesn't exist - skipping
09-01 23:30:45.289   684   802 E audio_route: Control 'AIF1_VI_SDW Mixer SPKR_VI_2' doesn't exist - skipping
09-01 23:30:45.289   684   802 E audio_route: Control 'VI_FEED_TX Channels' doesn't exist - skipping
09-01 23:30:45.290   684   802 E audio_route: Control 'INT5 MI2S VI MONO' doesn't exist - skipping
09-01 23:30:45.290   684   802 E audio_route: Control 'EAR SPKR PA Gain' doesn't exist - skipping
09-01 23:30:45.290   684   802 E audio_route: Control 'INT0_MI2S_RX Channels' already exists in path 'speaker-and-headphones'
09-01 23:30:45.290   684   802 E audio_route: Control 'INT0_MI2S_RX Channels' already exists in path 'speaker-safe-and-headphones'
09-01 23:30:45.290   684   802 E audio_route: Control 'INT0_MI2S_RX Channels' already exists in path 'speaker-and-headphones-liquid'
09-01 23:30:45.290   684   802 E audio_route: Control 'INT0_MI2S_RX Channels' already exists in path 'speaker-and-anc-headphones'
09-01 23:30:45.290   684   802 E audio_route: Control 'INT0_MI2S_RX Channels' already exists in path 'speaker-and-anc-fb-headphones'
09-01 23:30:45.292   684   802 E audio_route: unable to find sub path 'speakersafe'
09-01 23:30:45.293   684   802 E audio_route: Control 'BT SampleRate RX' doesn't exist - skipping
09-01 23:30:45.293   684   802 E audio_route: Control 'BT SampleRate TX' doesn't exist - skipping
09-01 23:30:45.293   684   802 E audio_route: Control 'MultiMedia16 Mixer SLIM_7_TX' doesn't exist - skipping
09-01 23:30:45.293   684   802 E audio_route: Control 'BT SampleRate RX' doesn't exist - skipping
09-01 23:30:45.293   684   802 E audio_route: Control 'BT SampleRate TX' doesn't exist - skipping
09-01 23:30:45.293   684   802 E audio_route: Control 'AUX PCM SampleRate' doesn't exist - skipping
09-01 23:30:45.294   684   802 E audio_route: Control 'MultiMedia16 Mixer TERT_MI2S_TX' doesn't exist - skipping
09-01 23:30:45.299   684   802 E audio_hw_extn: audio_extn_perf_lock_release: Perf lock release error 
09-01 23:30:45.299   684   802 E msm8974_platform: platform_init: soundcard: sdm660-snd-card-nonpay supports only default sample rate
09-01 23:30:45.299   684   802 E msm8974_platform: platform_init: Could not find the symbol acdb_send_audio_cal_v4 from libacdbloader.so
09-01 23:30:45.299   684   802 E msm8974_platform: platform_init: dlsym error undefined symbol: acdb_loader_init_v4 for acdb_loader_init_v4
09-01 23:30:45.299   684   802 I audio_hw_extn: audio_extn_set_snd_card_split: snd_card_name(sdm660-snd-card-nonpay) device(sdm660) snd_card(snd) form_factor(card)
09-01 23:30:45.299   684   802 D platform_info: platform_info_init: platform info file name is audio_platform_info.xml
09-01 23:30:45.299   684   802 D platform_info: platform_info_init: Failed to open audio_platform_info.xml, using defaults.
09-01 23:30:45.300   684   802 E audio_hw_acdb: acdb_init_v2: dlsym error undefined symbol: acdb_loader_init_v4 for acdb_loader_init_v4
09-01 23:30:45.300   684   802 D ACDB-LOADER: ACDB -> already initialized, exit
09-01 23:30:45.300   684   802 D audio_hw_acdb: acdb_init_v2: ACDB Instance ID support after ACDB init:0
09-01 23:30:45.300   684   802 D msm8974_platform: ACDB initialized
09-01 23:30:45.300   684   802 D msm8974_platform: hw_util_open Opening device /dev/snd/hwC0D1000
09-01 23:30:45.300   684   802 D msm8974_platform: hw_util_open success
