09-01 23:30:43.964   694   805 I SDM     : HWCDisplay::GetHdrCapabilities: HDR is not supported
09-01 23:30:43.964   688   688 I mm-camera: <PPROC >< INFO> 461: pproc_port_add_modules_to_stream: :LINK linking mods sat and c2d for identity 3000f
09-01 23:30:43.964   688   688 I mm-camera: <C2D   >< INFO> 1557: c2d_module_notify_add_stream: width 0, height 0, stride 0, scanline 0, is_type 0
09-01 23:30:43.964   688   688 I mm-camera: <PPROC >< INFO> 461: pproc_port_add_modules_to_stream: :LINK linking mods c2d and cpp for identity 3000f
09-01 23:30:43.964   688   688 I mm-camera: <CPP   >< INFO> 2538: cpp_module_notify_add_stream: :stream 10, width 0, height 0, stride 0,scanline 0, framelen 0
09-01 23:30:43.964   688   688 I mm-camera: <CPP   >< INFO> 2695: cpp_module_notify_add_stream: : stream 10, fmt 1, asf_mode 0, sharpness_level 0.000000,asf mask 0, denoise 0, denoise_mask 0, dsdn mask 0,dsdn enable 0, tnr mask 0, tnr enable 0, ds_mask 0, luma dsdn 0
09-01 23:30:43.964   688   688 I mm-camera: <PPROC >< INFO> 461: pproc_port_add_modules_to_stream: :LINK linking mods cpp and depth_map for identity 3000f
09-01 23:30:43.964   688   688 I mm-camera: <PPROC >< INFO> 461: pproc_port_add_modules_to_stream: :LINK linking mods depth_map and ezt for identity 3000f
09-01 23:30:43.964   688   688 I mm-camera: <PPROC >< INFO> 461: pproc_port_add_modules_to_stream: :LINK linking mods ezt and quadracfa for identity 3000f
09-01 23:30:43.965   688   688 E mm-camera: <STATS ><ERROR> 3027: stats_port_check_caps_reserve: Invalid Port capability type!
09-01 23:30:43.965   688   688 I chatty  : uid=1047(cameraserver) provider@2.4-se identical 153 lines
09-01 23:30:43.966   688  1234 I chatty  : uid=1047(cameraserver) provider@2.4-se expire 2 lines
09-01 23:30:43.967   734   734 I RenderEngine: OpenGL ES informations:
09-01 23:30:43.967   734   734 I RenderEngine: vendor    : Qualcomm
09-01 23:30:43.967   734   734 I RenderEngine: renderer  : Adreno (TM) 512
09-01 23:30:43.967   734   734 I RenderEngine: version   : OpenGL ES 3.2 V@415.0 (GIT@fefc463, I67da44d20d, 1606140253) (Date:11/23/20)
09-01 23:30:43.967   734   734 I RenderEngine: extensions: GL_OES_EGL_image GL_OES_EGL_image_external GL_OES_EGL_sync GL_OES_vertex_half_float GL_OES_framebuffer_object GL_OES_rgb8_rgba8 GL_OES_compressed_ETC1_RGB8_texture GL_AMD_compressed_ATC_texture GL_KHR_texture_compression_astc_ldr GL_KHR_texture_compression_astc_hdr GL_OES_texture_compression_astc GL_OES_texture_npot GL_EXT_texture_filter_anisotropic GL_EXT_texture_format_BGRA8888 GL_EXT_read_format_bgra GL_OES_texture_3D GL_EXT_color_buffer_float GL_EXT_color_buffer_half_float GL_QCOM_alpha_test GL_OES_depth24 GL_OES_packed_depth_stencil GL_OES_depth_texture GL_OES_depth_texture_cube_map GL_EXT_sRGB GL_OES_texture_float GL_OES_texture_float_linear GL_OES_texture_half_float GL_OES_texture_half_float_linear GL_EXT_texture_type_2_10_10_10_REV GL_EXT_texture_sRGB_decode GL_EXT_texture_format_sRGB_override GL_OES_element_index_uint GL_EXT_copy_image GL_EXT_geometry_shader GL_EXT_tessellation_shader GL_OES_texture_stencil8 GL_EXT_shader_io_blocks GL_OES_shader_image_atomic GL_OES_sample_variables GL_EX
09-01 23:30:43.967   734   734 I RenderEngine: GL_MAX_TEXTURE_SIZE = 16384
09-01 23:30:43.967   734   734 I RenderEngine: GL_MAX_VIEWPORT_DIMS = 16384
09-01 23:30:43.970   504   504 I hwservicemanager: getTransport: Cannot find entry android.hardware.graphics.mapper@3.0::IMapper/default in either framework or device manifest.
09-01 23:30:43.970   694   805 D ComposerHal: failed to get mapper 3.0 service, falling back to mapper 2.0
09-01 23:30:43.977   504   504 I hwservicemanager: getTransport: Cannot find entry vendor.display.config@1.16::IDisplayConfig/default in either framework or device manifest.
09-01 23:30:43.977   694   805 D SDM     : HWCSession::RegisterCallback: Registering callback: Hotplug
09-01 23:30:43.978   734   734 I HWComposer: Switching to legacy multi-display mode
09-01 23:30:43.978   504   504 I hwservicemanager: getTransport: Cannot find entry vendor.display.config@1.12::IDisplayConfig/default in either framework or device manifest.
09-01 23:30:43.979   694   805 I SDM     : HWCDisplay::GetHdrCapabilities: HDR is not supported
09-01 23:30:43.979   694   805 I SDM     : HWCDisplay::GetHdrCapabilities: HDR is not supported
09-01 23:30:43.980   504   504 I hwservicemanager: getTransport: Cannot find entry android.hardware.graphics.mapper@3.0::IMapper/default in either framework or device manifest.
09-01 23:30:43.980   734   734 W Gralloc3: mapper 3.x is not supported
09-01 23:30:43.981     0     0 I msm_cci_init: 1440: hw_version = 0x10060000
09-01 23:30:43.981     0     0 I         : @@@ original_sid = 0x10, valid_flag = 0x01, eeprom_version = 0x01, checksum = 0x03
09-01 23:30:43.982     0     0 I         : @@@ rc = 0, camera_sid = 0x10, eeprom_reg_addr = 0x03 , eeprom_reg_value = 0x32
09-01 23:30:43.982     0     0 I         : @@@ rc = 0, camera_sid = 0x10, eeprom_reg_addr = 0x04 , eeprom_reg_value = 0x30
09-01 23:30:43.982     0     0 I         : @@@ rc = 0, camera_sid = 0x10, eeprom_reg_addr = 0x05 , eeprom_reg_value = 0x32
09-01 23:30:43.982     0     0 I         : @@@ rc = 0, camera_sid = 0x10, eeprom_reg_addr = 0x06 , eeprom_reg_value = 0x30
09-01 23:30:43.982     0     0 I         : @@@ rc = 0, camera_sid = 0x10, eeprom_reg_addr = 0x07 , eeprom_reg_value = 0x30
09-01 23:30:43.982     0     0 I         : @@@ rc = 0, camera_sid = 0x10, eeprom_reg_addr = 0x08 , eeprom_reg_value = 0x36
09-01 23:30:43.983     0     0 I         : @@@ rc = 0, camera_sid = 0x10, eeprom_reg_addr = 0x09 , eeprom_reg_value = 0x30
09-01 23:30:43.983     0     0 I         : @@@ rc = 0, camera_sid = 0x10, eeprom_reg_addr = 0x0a , eeprom_reg_value = 0x36
09-01 23:30:43.983     0     0 I         : @@@ rc = 0, camera_sid = 0x10, eeprom_reg_addr = 0x0b , eeprom_reg_value = 0x31
09-01 23:30:43.983     0     0 I         : @@@ rc = 0, camera_sid = 0x10, eeprom_reg_addr = 0x0c , eeprom_reg_value = 0x36
09-01 23:30:43.984   504   504 I hwservicemanager: getTransport: Cannot find entry android.hardware.graphics.allocator@3.0::IAllocator/default in either framework or device manifest.
09-01 23:30:43.984   734   734 W Gralloc3: allocator 3.x is not supported
09-01 23:30:43.987   693   740 E ion     : ioctl c0044901 failed with code -1: Not a typewriter
09-01 23:30:43.993   694   805 D SDM     : HWCSession::RegisterCallback: Registering callback: Refresh
09-01 23:30:43.993   694   805 D SDM     : HWCSession::RegisterCallback: Registering callback: Vsync
09-01 23:30:44.060   688  1219 I chatty  : uid=1047(cameraserver) provider@2.4-se expire 1 line
09-01 23:30:44.063   948  1045 I ServiceManager: Waiting for service 'package_native' on '/dev/binder'...
09-01 23:30:44.070   688  1213 I chatty  : uid=1047(cameraserver) provider@2.4-se expire 12 lines
09-01 23:30:44.074   688  1247 I chatty  : uid=1047(cameraserver) provider@2.4-se expire 2 lines
09-01 23:30:44.074   688  1248 I chatty  : uid=1047(cameraserver) provider@2.4-se expire 2 lines
09-01 23:30:44.074   688  1249 I chatty  : uid=1047(cameraserver) provider@2.4-se expire 3 lines
09-01 23:30:44.075   688  1250 I chatty  : uid=1047(cameraserver) provider@2.4-se expire 2 lines
09-01 23:30:44.075   688  1251 I chatty  : uid=1047(cameraserver) provider@2.4-se expire 3 lines
09-01 23:30:44.076     0     0 I MSM-CPP cpp_release_hardware: 1216 cpp hw release done
09-01 23:30:44.077   688  1252 I chatty  : uid=1047(cameraserver) provider@2.4-se expire 2 lines
09-01 23:30:44.078   684   684 D audio_hw_utils: audio_extn_utils_open_snd_mixer: retry, retry_num 2
09-01 23:30:44.081   684   684 D audio_hw_utils: audio_extn_utils_open_snd_mixer: snd_card_name: sdm660-snd-card-nonpay
09-01 23:30:44.081   684   684 W hardware_info: update_hardware_info_bear: Not an SDM device
09-01 23:30:44.081   684   684 D audio_hw_utils: audio_extn_utils_open_snd_mixer: Opened sound card:0
09-01 23:30:44.088     0     0 I msm_pm_qos_update_request: update request -1
09-01 23:30:44.088     0     0 I msm_pm_qos_add_request: add request
09-01 23:30:44.099     0     0 I msm_pm_qos_update_request: update request 100
09-01 23:30:44.099     0     0 I msm_pm_qos_add_request: add request
09-01 23:30:44.101   688  1260 I chatty  : uid=1047(cameraserver) provider@2.4-se expire 5 lines
09-01 23:30:44.101   688  1261 I chatty  : uid=1047(cameraserver) provider@2.4-se expire 5 lines
09-01 23:30:44.110   688  1263 I chatty  : uid=1047(cameraserver) provider@2.4-se expire 6 lines
09-01 23:30:44.111   688  1265 I chatty  : uid=1047(cameraserver) provider@2.4-se expire 5 lines
09-01 23:30:44.112   688  1267 I chatty  : uid=1047(cameraserver) provider@2.4-se expire 5 lines
09-01 23:30:44.112   688  1268 I chatty  : uid=1047(cameraserver) provider@2.4-se expire 5 lines
09-01 23:30:44.117     0     0 I MSM-CPP cpp_init_hardware: 1135 CPP HW Version: 0x60010002
09-01 23:30:44.117     0     0 E MSM-CPP cpp_init_hardware: 1153 stream_cnt:0
09-01 23:30:44.143   924   924 I chatty  : uid=1047(cameraserver) expire 6 lines
09-01 23:30:44.160     0     0 I msm_csid_init: CSID_VERSION = 0x30050000
09-01 23:30:44.160     0     0 E         : msm_csid_irq CSID0_IRQ_STATUS_ADDR = 0x800
09-01 23:30:44.164   948  1045 I ServiceManager: Waiting for service 'package_native' on '/dev/binder'...
09-01 23:30:44.180   688  1258 I chatty  : uid=1047(cameraserver) provider@2.4-se expire 22 lines
09-01 23:30:44.187   913  1001 I ThermalEngine: Thermal-Server: Adding thermal event listener on fd 36
09-01 23:30:44.188   688  1285 I chatty  : uid=1047(cameraserver) provider@2.4-se expire 2 lines
09-01 23:30:44.190   688  1184 I chatty  : uid=1047(cameraserver) CAM_imgTh expire 6 lines
09-01 23:30:44.190   913  1001 I ThermalEngine: Thermal-Server: removing client on fd 36
09-01 23:30:44.199     0     0 I msm_cci_init: 1440: hw_version = 0x10060000
09-01 23:30:44.200     0     0 I         : @@@ original_sid = 0x10, valid_flag = 0x01, eeprom_version = 0x01, checksum = 0x03
09-01 23:30:44.200     0     0 I         : @@@ rc = 0, camera_sid = 0x10, eeprom_reg_addr = 0x03 , eeprom_reg_value = 0x32
09-01 23:30:44.200     0     0 I         : @@@ rc = 0, camera_sid = 0x10, eeprom_reg_addr = 0x04 , eeprom_reg_value = 0x30
09-01 23:30:44.201     0     0 I         : @@@ rc = 0, camera_sid = 0x10, eeprom_reg_addr = 0x05 , eeprom_reg_value = 0x32
09-01 23:30:44.201     0     0 I         : @@@ rc = 0, camera_sid = 0x10, eeprom_reg_addr = 0x06 , eeprom_reg_value = 0x30
09-01 23:30:44.201     0     0 I         : @@@ rc = 0, camera_sid = 0x10, eeprom_reg_addr = 0x07 , eeprom_reg_value = 0x30
09-01 23:30:44.201     0     0 I         : @@@ rc = 0, camera_sid = 0x10, eeprom_reg_addr = 0x08 , eeprom_reg_value = 0x36
09-01 23:30:44.201     0     0 I         : @@@ rc = 0, camera_sid = 0x10, eeprom_reg_addr = 0x09 , eeprom_reg_value = 0x30
09-01 23:30:44.201     0     0 I         : @@@ rc = 0, camera_sid = 0x10, eeprom_reg_addr = 0x0a , eeprom_reg_value = 0x36
09-01 23:30:44.202     0     0 I         : @@@ rc = 0, camera_sid = 0x10, eeprom_reg_addr = 0x0b , eeprom_reg_value = 0x31
09-01 23:30:44.202     0     0 I         : @@@ rc = 0, camera_sid = 0x10, eeprom_reg_addr = 0x0c , eeprom_reg_value = 0x36
09-01 23:30:44.208   645   645 E ActivityRecognitionHardware: activity_recognition HAL is deprecated. class_init is effectively a no-op
09-01 23:30:44.264   948  1045 I ServiceManager: Waiting for service 'package_native' on '/dev/binder'...
09-01 23:30:44.280   688  1262 I chatty  : uid=1047(cameraserver) provider@2.4-se expire 1 line
09-01 23:30:44.289   688  1287 I chatty  : uid=1047(cameraserver) provider@2.4-se expire 2 lines
09-01 23:30:44.289   688  1288 I chatty  : uid=1047(cameraserver) provider@2.4-se expire 2 lines
09-01 23:30:44.289   688  1289 I chatty  : uid=1047(cameraserver) provider@2.4-se expire 3 lines
09-01 23:30:44.289   688  1290 I chatty  : uid=1047(cameraserver) provider@2.4-se expire 2 lines
09-01 23:30:44.290   688  1291 I chatty  : uid=1047(cameraserver) provider@2.4-se expire 3 lines
09-01 23:30:44.291     0     0 I MSM-CPP cpp_release_hardware: 1216 cpp hw release done
09-01 23:30:44.292   688  1292 I chatty  : uid=1047(cameraserver) provider@2.4-se expire 2 lines
09-01 23:30:44.296     0     0 I msm_pm_qos_update_request: update request -1
09-01 23:30:44.296     0     0 I msm_pm_qos_add_request: add request
09-01 23:30:44.297     0     0 I msm_pm_qos_update_request: update request 100
09-01 23:30:44.297     0     0 I msm_pm_qos_add_request: add request
09-01 23:30:44.297   688  1295 I chatty  : uid=1047(cameraserver) provider@2.4-se expire 5 lines
09-01 23:30:44.298   688  1296 I chatty  : uid=1047(cameraserver) provider@2.4-se expire 5 lines
09-01 23:30:44.298   688  1298 I chatty  : uid=1047(cameraserver) provider@2.4-se expire 6 lines
09-01 23:30:44.298   688  1300 I chatty  : uid=1047(cameraserver) provider@2.4-se expire 5 lines
09-01 23:30:44.298     0     0 I msm_csid_init: CSID_VERSION = 0x30050000
09-01 23:30:44.298   688  1302 I chatty  : uid=1047(cameraserver) provider@2.4-se expire 5 lines
09-01 23:30:44.299     0     0 E         : msm_csid_irq CSID1_IRQ_STATUS_ADDR = 0x800
09-01 23:30:44.299   688  1303 I chatty  : uid=1047(cameraserver) provider@2.4-se expire 5 lines
09-01 23:30:44.302   645   645 I zygote64: Thread[1,tid=645,Native,Thread*=0x7648927c00,peer=0x12c022c0,"main"] recursive attempt to load library "libmedia_jni.so"
09-01 23:30:44.302   645   645 D MtpDeviceJNI: register_android_mtp_MtpDevice
09-01 23:30:44.302   645   645 I zygote64: Thread[1,tid=645,Native,Thread*=0x7648927c00,peer=0x12c022c0,"main"] recursive attempt to load library "libmedia_jni.so"
09-01 23:30:44.303   645   645 I zygote64: Thread[1,tid=645,Native,Thread*=0x7648927c00,peer=0x12c022c0,"main"] recursive attempt to load library "libmedia_jni.so"
09-01 23:30:44.303     0     0 I MSM-CPP cpp_init_hardware: 1135 CPP HW Version: 0x60010002
09-01 23:30:44.303     0     0 E MSM-CPP cpp_init_hardware: 1153 stream_cnt:0
09-01 23:30:44.305     0     0 W moto_se4750_sensor_config32: 2403 se475x cfgtype = 7
09-01 23:30:44.306     0     0 W moto_se4750_sensor_config32: 2403 se475x cfgtype = 5
09-01 23:30:44.306     0     0 I         : 2513 se475x CFG_POWER_UP 1 rc=0
09-01 23:30:44.306     0     0 I         : se4500 power up
09-01 23:30:44.321   645   645 W Zygote  : Class not found for preloading: android.media.audiopolicy.AudioProductStrategies
09-01 23:30:44.321   645   645 W Zygote  : Class not found for preloading: android.media.audiopolicy.AudioVolumeGroups
09-01 23:30:44.364   948  1045 I ServiceManager: Waiting for service 'package_native' on '/dev/binder'...
09-01 23:30:44.380     0     0 W         : We will detect the device!
09-01 23:30:44.385     0     0 I         : detect E
09-01 23:30:44.385     0     0 E         : scan engine has been detected!
09-01 23:30:44.385     0     0 W         : detect result = 1
09-01 23:30:44.385     0     0 I         : sensor state 1
09-01 23:30:44.385     0     0 W moto_se4750_sensor_config32: 2403 se475x cfgtype = 2
09-01 23:30:44.385     0     0 I         : se475x CFG_WRITE_I2C_ARRAY write i2c array nothing
09-01 23:30:44.385   688  1297 I chatty  : uid=1047(cameraserver) provider@2.4-se expire 2 lines
09-01 23:30:44.386   688  1293 I chatty  : uid=1047(cameraserver) provider@2.4-se expire 15 lines
09-01 23:30:44.389   688  1320 I chatty  : uid=1047(cameraserver) provider@2.4-se expire 2 lines
09-01 23:30:44.389   688  1321 I chatty  : uid=1047(cameraserver) provider@2.4-se expire 2 lines
09-01 23:30:44.389   688  1322 I chatty  : uid=1047(cameraserver) provider@2.4-se expire 2 lines
09-01 23:30:44.389     0     0 W moto_se4750_sensor_config32: 2403 se475x cfgtype = 6
09-01 23:30:44.389     0     0 I         : 2538 se475x CFG_POWER_DOWN 1
09-01 23:30:44.389     0     0 I         : se4500 power down
09-01 23:30:44.389   688  1323 I chatty  : uid=1047(cameraserver) provider@2.4-se expire 1 line
09-01 23:30:44.390   688  1324 I chatty  : uid=1047(cameraserver) provider@2.4-se expire 3 lines
09-01 23:30:44.392   688  1325 I chatty  : uid=1047(cameraserver) provider@2.4-se expire 2 lines
09-01 23:30:44.392     0     0 I MSM-CPP cpp_release_hardware: 1216 cpp hw release done
09-01 23:30:44.394   688  1323 I mm-camera: <MCT   >< INFO> 5146: mct_pipeline_stop_session_thread: Stop module name: stats - X
09-01 23:30:44.394   688   688 I mm-camera: <MCT   >< INFO> 5426: mct_pipeline_stop_session: Modules left: 1
09-01 23:30:44.395   688  1322 I mm-camera: <MCT   >< INFO> 5146: mct_pipeline_stop_session_thread: Stop module name: isp - X
09-01 23:30:44.395   688   688 I mm-camera: <MCT   >< INFO> 5426: mct_pipeline_stop_session: Modules left: 0
09-01 23:30:44.395   688   688 I mm-camera: <MCT   >< INFO> 5436: mct_pipeline_stop_session: Stopped session 4 successfully
09-01 23:30:44.395   688   688 I mm-camera: <MCT   >< INFO> 5740: mct_pipeline_destroy: E: session:4
09-01 23:30:44.395   688   688 E mm-camera: <MCT   ><ERROR> 179: stop_sof_check_thread: Returning as SOF timer thread not yet initialized
09-01 23:30:44.395   688   688 I mm-camera: <MCT   >< INFO> 5818: mct_pipeline_destroy: X: Pipeline destroyed successfully session =4
09-01 23:30:44.395   688   688 I mm-camera: <MCT   >< INFO> 422: mct_controller_destroy: X Successfully closed mct_controller session 4
09-01 23:30:44.396     0     0 I msm_pm_qos_update_request: update request -1
09-01 23:30:44.396     0     0 I msm_pm_qos_add_request: add request
09-01 23:30:44.396   688   688 E CamComm1.0-MD: Update metadata entry: Unknown tag -2145976319
09-01 23:30:44.396   688   688 E CamComm1.0-MD: Update metadata entry: Unknown tag -2145976317
09-01 23:30:44.396   688   688 I QCamera : <HAL><INFO> getCamInfo: 13767: camera 1 resource cost is 0
09-01 23:30:44.396   688   688 I CamComm1.0-CamModule: isOpenLegacyDefined: cts Enable == 0 
09-01 23:30:44.396   688   688 I QCamera : <HAL><INFO> openLegacy: 520: openLegacy halVersion: 256 cameraId = 1
09-01 23:30:44.398   688   688 I QCamera : <HAL><INFO> openCamera: 1901: [KPI Perf]: E PROFILE_OPEN_CAMERA camera id 1
09-01 23:30:44.399   688   688 E QCamera : <HAL><ERROR> acquirePerfLock: 614: Failed to acquire the perf lock
09-01 23:30:44.399   688   688 D QCamera : Debug log file is not enabled
09-01 23:30:44.399     0     0 I msm_pm_qos_update_request: update request 100
09-01 23:30:44.399     0     0 I msm_pm_qos_add_request: add request
09-01 23:30:44.399   688   688 I mm-camera: <MCT   >< INFO> 118: mct_controller_new: Creating new mct_controller with session-id 4
09-01 23:30:44.400   688  1330 I mm-camera: <MCT   >< INFO> 5326: mct_pipeline_start_session_thread: E sensor
09-01 23:30:44.400   688  1330 I mm-camera: <MCT   >< INFO> 5333: mct_pipeline_start_session_thread: Calling start_session on Module sensor
09-01 23:30:44.400   688  1331 I mm-camera: <MCT   >< INFO> 5326: mct_pipeline_start_session_thread: E iface
09-01 23:30:44.400   688  1331 I mm-camera: <MCT   >< INFO> 5333: mct_pipeline_start_session_thread: Calling start_session on Module iface
09-01 23:30:44.400   688  1333 I mm-camera: <MCT   >< INFO> 5326: mct_pipeline_start_session_thread: E isp
09-01 23:30:44.400   688  1331 I mm-camera: <MCT   >< INFO> 5336: mct_pipeline_start_session_thread: Module iface start_session rc = 1
09-01 23:30:44.400   688  1333 I mm-camera: <MCT   >< INFO> 5333: mct_pipeline_start_session_thread: Calling start_session on Module isp
09-01 23:30:44.400   688  1331 I mm-camera: <MCT   >< INFO> 5344: mct_pipeline_start_session_thread: started_num = 1, success = 1
09-01 23:30:44.400   688  1333 I mm-camera: <ISP   >< INFO> 214: isp_module_start_session: session id 4 
09-01 23:30:44.400   688  1331 I mm-camera: <MCT   >< INFO> 5351: mct_pipeline_start_session_thread: X iface
09-01 23:30:44.401   688  1335 I mm-camera: <MCT   >< INFO> 5326: mct_pipeline_start_session_thread: E stats
09-01 23:30:44.401   688  1335 I mm-camera: <MCT   >< INFO> 5333: mct_pipeline_start_session_thread: Calling start_session on Module stats
09-01 23:30:44.402   688  1337 I mm-camera: <MCT   >< INFO> 5326: mct_pipeline_start_session_thread: E pproc
09-01 23:30:44.402   688  1337 I mm-camera: <MCT   >< INFO> 5333: mct_pipeline_start_session_thread: Calling start_session on Module pproc
09-01 23:30:44.402   688  1340 I mm-camera: <MCT   >< INFO> 5326: mct_pipeline_start_session_thread: E imglib
09-01 23:30:44.402   688  1333 I mm-camera: <MCT   >< INFO> 5336: mct_pipeline_start_session_thread: Module isp start_session rc = 1
09-01 23:30:44.402   688  1333 I mm-camera: <MCT   >< INFO> 5344: mct_pipeline_start_session_thread: started_num = 2, success = 2
09-01 23:30:44.402   688  1340 I mm-camera: <MCT   >< INFO> 5333: mct_pipeline_start_session_thread: Calling start_session on Module imglib
09-01 23:30:44.402   688  1333 I mm-camera: <MCT   >< INFO> 5351: mct_pipeline_start_session_thread: X isp
09-01 23:30:44.403   688  1340 I mm-camera: <MCT   >< INFO> 5336: mct_pipeline_start_session_thread: Module imglib start_session rc = 1
09-01 23:30:44.403   688  1335 I mm-camera: <MCT   >< INFO> 5336: mct_pipeline_start_session_thread: Module stats start_session rc = 1
09-01 23:30:44.403   688  1340 I mm-camera: <MCT   >< INFO> 5344: mct_pipeline_start_session_thread: started_num = 3, success = 3
09-01 23:30:44.404   688  1340 I mm-camera: <MCT   >< INFO> 5351: mct_pipeline_start_session_thread: X imglib
09-01 23:30:44.404   688  1335 I mm-camera: <MCT   >< INFO> 5344: mct_pipeline_start_session_thread: started_num = 4, success = 4
09-01 23:30:44.404   688  1335 I mm-camera: <MCT   >< INFO> 5351: mct_pipeline_start_session_thread: X stats
09-01 23:30:44.405   688  1337 I mm-camera: <MCT   >< INFO> 5336: mct_pipeline_start_session_thread: Module pproc start_session rc = 1
09-01 23:30:44.405   688  1337 I mm-camera: <MCT   >< INFO> 5344: mct_pipeline_start_session_thread: started_num = 5, success = 5
09-01 23:30:44.405   688  1337 I mm-camera: <MCT   >< INFO> 5351: mct_pipeline_start_session_thread: X pproc
09-01 23:30:44.406     0     0 I MSM-CPP cpp_init_hardware: 1135 CPP HW Version: 0x60010002
09-01 23:30:44.406     0     0 E MSM-CPP cpp_init_hardware: 1153 stream_cnt:0
09-01 23:30:44.425   645   645 D TelephonyManager: No /proc/cmdline exception=java.io.FileNotFoundException: /proc/cmdline: open failed: EACCES (Permission denied)
09-01 23:30:44.425   645   645 D TelephonyManager: /proc/cmdline=
09-01 23:30:44.429   645   645 W Zygote  : Class not found for preloading: android.view.-$$Lambda$SurfaceView$Cs7TGTdA1lXf9qW8VOJAfEsMjdk
09-01 23:30:44.432   684   802 D audio_hw_utils: audio_extn_utils_open_snd_mixer: retry, retry_num 2
09-01 23:30:44.434   684   802 D audio_hw_utils: audio_extn_utils_open_snd_mixer: snd_card_name: sdm660-snd-card-nonpay
09-01 23:30:44.434   684   802 W hardware_info: update_hardware_info_bear: Not an SDM device
09-01 23:30:44.434   684   802 D audio_hw_utils: audio_extn_utils_open_snd_mixer: Opened sound card:0
09-01 23:30:44.434   684   802 D msm8974_platform: platform_init: Opened sound card:0
09-01 23:30:44.434   684   802 I audio_hw_extn: audio_extn_set_snd_card_split: snd_card_name(sdm660-snd-card-nonpay) device(sdm660) snd_card(snd) form_factor(card)
09-01 23:30:44.434   684   802 W hardware_info: update_hardware_info_bear: Not an SDM device
09-01 23:30:44.435   684   802 D msm8974_platform: Opening /sys/class/thermal/thermal_zone0/type
09-01 23:30:44.435   684   802 D msm8974_platform: Opening /sys/class/thermal/thermal_zone1/type
09-01 23:30:44.435   684   802 D msm8974_platform: Opening /sys/class/thermal/thermal_zone2/type
09-01 23:30:44.435   684   802 D msm8974_platform: Opening /sys/class/thermal/thermal_zone3/type
09-01 23:30:44.436   684   802 D msm8974_platform: Opening /sys/class/thermal/thermal_zone4/type
09-01 23:30:44.436   684   802 D msm8974_platform: Opening /sys/class/thermal/thermal_zone5/type
09-01 23:30:44.436   684   802 D msm8974_platform: Opening /sys/class/thermal/thermal_zone6/type
09-01 23:30:44.436   684   802 D msm8974_platform: Opening /sys/class/thermal/thermal_zone7/type
09-01 23:30:44.436   684   802 D msm8974_platform: Opening /sys/class/thermal/thermal_zone8/type
09-01 23:30:44.436   684   802 D msm8974_platform: Opening /sys/class/thermal/thermal_zone9/type
09-01 23:30:44.436   684   802 D msm8974_platform: Opening /sys/class/thermal/thermal_zone10/type
09-01 23:30:44.436   684   802 D msm8974_platform: Opening /sys/class/thermal/thermal_zone11/type
09-01 23:30:44.436   684   802 D msm8974_platform: Opening /sys/class/thermal/thermal_zone12/type
09-01 23:30:44.437   684   802 D msm8974_platform: Opening /sys/class/thermal/thermal_zone13/type
09-01 23:30:44.437   645   645 W Zygote  : Class not found for preloading: android.view.SurfaceView$3
09-01 23:30:44.437   684   802 D msm8974_platform: Opening /sys/class/thermal/thermal_zone14/type
09-01 23:30:44.437   684   802 D msm8974_platform: Opening /sys/class/thermal/thermal_zone15/type
09-01 23:30:44.437   684   802 D msm8974_platform: Opening /sys/class/thermal/thermal_zone16/type
09-01 23:30:44.437   684   802 D msm8974_platform: Opening /sys/class/thermal/thermal_zone17/type
09-01 23:30:44.437   684   802 D msm8974_platform: Opening /sys/class/thermal/thermal_zone18/type
09-01 23:30:44.437   684   802 D msm8974_platform: Opening /sys/class/thermal/thermal_zone19/type
09-01 23:30:44.437   684   802 D msm8974_platform: Opening /sys/class/thermal/thermal_zone20/type
09-01 23:30:44.437   684   802 D msm8974_platform: Opening /sys/class/thermal/thermal_zone21/type
09-01 23:30:44.438   684   802 D msm8974_platform: Opening /sys/class/thermal/thermal_zone22/type
09-01 23:30:44.438   684   802 D msm8974_platform: Opening /sys/class/thermal/thermal_zone23/type
09-01 23:30:44.438   684   802 D msm8974_platform: Opening /sys/class/thermal/thermal_zone24/type
09-01 23:30:44.438   684   802 D msm8974_platform: Opening /sys/class/thermal/thermal_zone25/type
09-01 23:30:44.438   684   802 D msm8974_platform: Opening /sys/class/thermal/thermal_zone26/type
09-01 23:30:44.438   684   802 D msm8974_platform: Opening /sys/class/thermal/thermal_zone27/type
09-01 23:30:44.438   684   802 D msm8974_platform: Opening /sys/class/thermal/thermal_zone28/type
09-01 23:30:44.438   684   802 D msm8974_platform: Opening /sys/class/thermal/thermal_zone29/type
09-01 23:30:44.438   684   802 D msm8974_platform: Opening /sys/class/thermal/thermal_zone30/type
09-01 23:30:44.438   684   802 D msm8974_platform: Opening /sys/class/thermal/thermal_zone31/type
09-01 23:30:44.439   684   802 D msm8974_platform: Opening /sys/class/thermal/thermal_zone32/type
09-01 23:30:44.439   684   802 D msm8974_platform: Opening /sys/class/thermal/thermal_zone33/type
09-01 23:30:44.439   684   802 D msm8974_platform: Opening /sys/class/thermal/thermal_zone34/type
09-01 23:30:44.439   684   802 D msm8974_platform: Opening /sys/class/thermal/thermal_zone35/type
09-01 23:30:44.439   684   802 D msm8974_platform: Opening /sys/class/thermal/thermal_zone36/type
09-01 23:30:44.439   645   645 W Zygote  : Class not found for preloading: android.view.textclassifier.-$$Lambda$TextClassificationManager$JIaezIJbMig_-kVzN6oArzkTsJE
09-01 23:30:44.439   684   802 D msm8974_platform: Opening /sys/class/thermal/thermal_zone37/type
09-01 23:30:44.439   684   802 D msm8974_platform: Opening /sys/class/thermal/thermal_zone38/type
09-01 23:30:44.439   684   802 D msm8974_platform: Opening /sys/class/thermal/thermal_zone39/type
09-01 23:30:44.439   684   802 D msm8974_platform: Opening /sys/class/thermal/thermal_zone40/type
09-01 23:30:44.440   684   802 D msm8974_platform: Opening /sys/class/thermal/thermal_zone41/type
09-01 23:30:44.440   684   802 D msm8974_platform: Opening /sys/class/thermal/thermal_zone42/type
09-01 23:30:44.440   684   802 D msm8974_platform: Opening /sys/class/thermal/thermal_zone43/type
09-01 23:30:44.440   684   802 D msm8974_platform: Opening /sys/class/thermal/thermal_zone44/type
09-01 23:30:44.440   684   802 D msm8974_platform: Opening /sys/class/thermal/thermal_zone45/type
09-01 23:30:44.440   684   802 D msm8974_platform: Opening /sys/class/thermal/thermal_zone46/type
09-01 23:30:44.440   684   802 D msm8974_platform: Opening /sys/class/thermal/thermal_zone47/type
09-01 23:30:44.440   684   802 D msm8974_platform: Opening /sys/class/thermal/thermal_zone48/type
09-01 23:30:44.440   684   802 D msm8974_platform: Opening /sys/class/thermal/thermal_zone49/type
09-01 23:30:44.440   684   802 D msm8974_platform: Opening /sys/class/thermal/thermal_zone50/type
09-01 23:30:44.440   684   802 D msm8974_platform: Opening /sys/class/thermal/thermal_zone51/type
09-01 23:30:44.441   684   802 D msm8974_platform: Opening /sys/class/thermal/thermal_zone52/type
09-01 23:30:44.441   684   802 D audio_hw_extn: audio_extn_can_use_vbat: vbat.enabled property is set to 0
09-01 23:30:44.441   684   802 D audio_hw_extn: audio_extn_can_use_bcl: bcl.enabled property is set to 0
09-01 23:30:44.441   684   802 D audio_hw_extn: audio_extn_is_hifi_audio_supported: hifi audio supported on internal codec
09-01 23:30:44.441   684   802 D msm8974_platform: Alac software decoder is available...removing alac from DSP decoder list
09-01 23:30:44.441   684   802 D msm8974_platform: APE software decoder is available...removing ape from DSP decoder list
09-01 23:30:44.441   684   802 D platform_info: platform_info_init: platform info file name is /vendor/etc/audio_platform_info_nonpay.xml
09-01 23:30:44.442   684   802 D msm8974_platform: platform_set_audio_device_interface: Enter, device name:AUDIO_DEVICE_IN_BUILTIN_MIC, intf name:SLIMBUS_0
09-01 23:30:44.442   684   802 D msm8974_platform: platform_set_audio_device_interface: Matched device name:AUDIO_DEVICE_IN_BUILTIN_MIC, overwrite intf name with SLIMBUS_0
09-01 23:30:44.442   684   802 D msm8974_platform: platform_set_audio_device_interface: Enter, device name:AUDIO_DEVICE_IN_BACK_MIC, intf name:SLIMBUS_0
09-01 23:30:44.442   684   802 D msm8974_platform: platform_set_audio_device_interface: Matched device name:AUDIO_DEVICE_IN_BACK_MIC, overwrite intf name with SLIMBUS_0
09-01 23:30:44.442   684   802 D msm8974_platform: platform_set_audio_device_interface: Enter, device name:AUDIO_DEVICE_IN_BUILTIN_MIC, intf name:INT3_MI2S
09-01 23:30:44.442   684   802 D msm8974_platform: platform_set_audio_device_interface: Matched device name:AUDIO_DEVICE_IN_BUILTIN_MIC, overwrite intf name with INT3_MI2S
09-01 23:30:44.442   684   802 D msm8974_platform: platform_set_audio_device_interface: Enter, device name:AUDIO_DEVICE_IN_BACK_MIC, intf name:INT3_MI2S
09-01 23:30:44.442   684   802 D msm8974_platform: platform_set_audio_device_interface: Matched device name:AUDIO_DEVICE_IN_BACK_MIC, overwrite intf name with INT3_MI2S
09-01 23:30:44.442   684   802 V msm8974_platform: platform_set_parameters: enter: mono_speaker=left
09-01 23:30:44.442   684   802 D audio_hw_hfp: hfp_set_parameters: enter
09-01 23:30:44.442   684   802 V msm8974_platform: platform_set_parameters: enter: spkr_1_tz_name=wsatz.11
09-01 23:30:44.442   684   802 D audio_hw_hfp: hfp_set_parameters: enter
09-01 23:30:44.442   684   802 V msm8974_platform: platform_set_parameters: enter: spkr_2_tz_name=wsatz.12
09-01 23:30:44.442   684   802 D audio_hw_hfp: hfp_set_parameters: enter
09-01 23:30:44.442   684   802 V msm8974_platform: platform_set_parameters: enter: true_32_bit=true
09-01 23:30:44.442   684   802 D audio_hw_hfp: hfp_set_parameters: enter
09-01 23:30:44.442   684   802 V msm8974_platform: platform_set_parameters: enter: native_audio_mode=true
09-01 23:30:44.442   684   802 D msm8974_platform: native_audio_set_params:napb updating mode (2) from XML
09-01 23:30:44.442   684   802 D msm8974_platform: platform_set_native_support:napb: native audio playback enabled in (True) mode
09-01 23:30:44.442   684   802 D audio_hw_hfp: hfp_set_parameters: enter
09-01 23:30:44.442   684   802 V msm8974_platform: platform_set_parameters: enter: native_audio_mode=true;hfp_pcm_dev_id=39
09-01 23:30:44.442   684   802 D msm8974_platform: native_audio_set_params:napb updating mode (2) from XML
09-01 23:30:44.443   684   802 D msm8974_platform: platform_set_native_support:napb: native audio playback enabled in (True) mode
09-01 23:30:44.443   684   802 D audio_hw_hfp: hfp_set_parameters: enter
09-01 23:30:44.443   684   802 D audio_hw_hfp: Updating HFP_PCM_DEV_ID as 39 from platform XML
09-01 23:30:44.443   684   802 V msm8974_platform: platform_set_parameters: enter: native_audio_mode=true;input_mic_max_count=1
09-01 23:30:44.443   684   802 D msm8974_platform: native_audio_set_params:napb updating mode (2) from XML
09-01 23:30:44.443   684   802 D msm8974_platform: platform_set_native_support:napb: native audio playback enabled in (True) mode
09-01 23:30:44.443   684   802 D audio_hw_hfp: hfp_set_parameters: enter
09-01 23:30:44.443   684   802 D msm8974_platform: platform_set_snd_device_backend: backend_tag_table[headphones]: old = null new = headphones
09-01 23:30:44.443   684   802 D msm8974_platform: platform_set_snd_device_backend: hw_interface_table[9] = INT0_MI2S_RX
09-01 23:30:44.443   684   802 D msm8974_platform: platform_set_snd_device_backend: backend_tag_table[bt-sco-headset-wb]: old = bt-sco-wb new = bt-sco-wb
09-01 23:30:44.443   684   802 D msm8974_platform: platform_set_snd_device_backend: hw_interface_table[34] = SLIMBUS_7_RX
09-01 23:30:44.443   684   802 D msm8974_platform: platform_set_snd_device_backend: backend_tag_table[bt-sco-headset]: old = bt-sco new = bt-sco
09-01 23:30:44.443   684   802 D msm8974_platform: platform_set_snd_device_backend: hw_interface_table[33] = SLIMBUS_7_RX
09-01 23:30:44.443   684   802 D msm8974_platform: platform_set_snd_device_backend: backend_tag_table[bt-a2dp]: old = bt-a2dp new = bt-a2dp
09-01 23:30:44.443   684   802 D msm8974_platform: platform_set_snd_device_backend: hw_interface_table[36] = SLIMBUS_7_RX
09-01 23:30:44.443   684   802 D msm8974_platform: platform_set_snd_device_backend: backend_tag_table[line]: old = null new = headphones
09-01 23:30:44.443   684   802 D msm8974_platform: platform_set_snd_device_backend: hw_interface_table[8] = INT0_MI2S_RX
09-01 23:30:44.443   684   802 D msm8974_platform: platform_set_snd_device_backend: backend_tag_table[anc-headphones]: old = null new = headphones
09-01 23:30:44.443   684   802 D msm8974_platform: platform_set_snd_device_backend: hw_interface_table[69] = INT0_MI2S_RX
09-01 23:30:44.443   684   802 D msm8974_platform: platform_set_snd_device_backend: backend_tag_table[speaker-and-headphones]: old = null new = speaker-and-headphones
09-01 23:30:44.443   684   802 D msm8974_platform: platform_set_snd_device_backend: hw_interface_table[13] = INT0_MI2S_RX-and-INT0_MI2S_RX
09-01 23:30:44.443   684   802 D msm8974_platform: platform_set_snd_device_backend: backend_tag_table[speaker-and-line]: old = null new = speaker-and-headphones
09-01 23:30:44.443   684   802 D msm8974_platform: platform_set_snd_device_backend: hw_interface_table[16] = INT0_MI2S_RX-and-INT0_MI2S_RX
09-01 23:30:44.443   684   802 D msm8974_platform: platform_set_snd_device_backend: backend_tag_table[speaker-and-anc-headphones]: old = null new = speaker-and-headphones
09-01 23:30:44.443   684   802 D msm8974_platform: platform_set_snd_device_backend: hw_interface_table[73] = INT0_MI2S_RX-and-INT0_MI2S_RX
09-01 23:30:44.443   684   802 D msm8974_platform: platform_set_snd_device_backend: backend_tag_table[voice-headphones]: old = null new = headphones
09-01 23:30:44.443   684   802 D msm8974_platform: platform_set_snd_device_backend: hw_interface_table[26] = INT0_MI2S_RX
09-01 23:30:44.443   684   802 D msm8974_platform: platform_set_snd_device_backend: backend_tag_table[voice-anc-headphones]: old = null new = headphones
09-01 23:30:44.443   684   802 D msm8974_platform: platform_set_snd_device_backend: hw_interface_table[71] = INT0_MI2S_RX
09-01 23:30:44.443   684   802 D msm8974_platform: platform_set_snd_device_backend: backend_tag_table[voice-line]: old = null new = headphones
09-01 23:30:44.443   684   802 D msm8974_platform: platform_set_snd_device_backend: hw_interface_table[28] = INT0_MI2S_RX
09-01 23:30:44.443   684   802 D msm8974_platform: platform_set_snd_device_backend: backend_tag_table[voice-tty-full-headphones]: old = null new = headphones
09-01 23:30:44.443   684   802 D msm8974_platform: platform_set_snd_device_backend: hw_interface_table[49] = INT0_MI2S_RX
09-01 23:30:44.443   684   802 D msm8974_platform: platform_set_snd_device_backend: backend_tag_table[voice-tty-vco-headphones]: old = null new = headphones
09-01 23:30:44.443   684   802 D msm8974_platform: platform_set_snd_device_backend: hw_interface_table[51] = INT0_MI2S_RX
09-01 23:30:44.443   684   802 D msm8974_platform: platform_set_snd_device_backend: backend_tag_table[handset]: old = null new = (null)
09-01 23:30:44.443   684   802 D msm8974_platform: platform_set_snd_device_backend: hw_interface_table[1] = INT4_MI2S_RX
09-01 23:30:44.443   684   802 D msm8974_platform: platform_set_snd_device_backend: backend_tag_table[speaker]: old = null new = (null)
09-01 23:30:44.443   684   802 D msm8974_platform: platform_set_snd_device_backend: hw_interface_table[2] = INT0_MI2S_RX
09-01 23:30:44.443   684   802 D msm8974_platform: platform_set_snd_device_backend: backend_tag_table[speaker-ext-1]: old = null new = (null)
09-01 23:30:44.443   684   802 D msm8974_platform: platform_set_snd_device_backend: hw_interface_table[3] = INT0_MI2S_RX
09-01 23:30:44.443   684   802 D msm8974_platform: platform_set_snd_device_backend: backend_tag_table[speaker-ext-2]: old = null new = (null)
09-01 23:30:44.443   684   802 D msm8974_platform: platform_set_snd_device_backend: hw_interface_table[4] = INT0_MI2S_RX
09-01 23:30:44.444   684   802 D msm8974_platform: platform_set_snd_device_backend: backend_tag_table[speaker-reverse]: old = null new = (null)
09-01 23:30:44.444   684   802 D msm8974_platform: platform_set_snd_device_backend: hw_interface_table[5] = INT0_MI2S_RX
09-01 23:30:44.444   684   802 D msm8974_platform: platform_set_snd_device_backend: backend_tag_table[speaker-vbat]: old = null new = (null)
09-01 23:30:44.444   684   802 D msm8974_platform: platform_set_snd_device_backend: hw_interface_table[7] = INT0_MI2S_RX
09-01 23:30:44.444   684   802 D msm8974_platform: platform_set_snd_device_backend: backend_tag_table[speaker-and-headphones-ext-1]: old = null new = (null)
09-01 23:30:44.444   684   802 D msm8974_platform: platform_set_snd_device_backend: hw_interface_table[18] = INT0_MI2S_RX-and-INT0_MI2S_RX
09-01 23:30:44.444   684   802 D msm8974_platform: platform_set_snd_device_backend: backend_tag_table[speaker-and-headphones-ext-2]: old = null new = (null)
09-01 23:30:44.444   684   802 D msm8974_platform: platform_set_snd_device_backend: hw_interface_table[19] = INT0_MI2S_RX-and-INT0_MI2S_RX
09-01 23:30:44.444   684   802 D msm8974_platform: platform_set_snd_device_backend: backend_tag_table[voice-handset]: old = null new = (null)
09-01 23:30:44.444   684   802 D msm8974_platform: platform_set_snd_device_backend: hw_interface_table[20] = INT4_MI2S_RX
09-01 23:30:44.444   684   802 D msm8974_platform: platform_set_snd_device_backend: backend_tag_table[voice-speaker]: old = null new = (null)
09-01 23:30:44.444   684   802 D msm8974_platform: platform_set_snd_device_backend: hw_interface_table[21] = INT0_MI2S_RX
09-01 23:30:44.444   684   802 D msm8974_platform: platform_set_snd_device_backend: backend_tag_table[voice-speaker-vbat]: old = voice-speaker-vbat new = (null)
09-01 23:30:44.444   684   802 D msm8974_platform: platform_set_snd_device_backend: hw_interface_table[23] = INT0_MI2S_RX
09-01 23:30:44.444   684   802 D msm8974_platform: platform_set_snd_device_backend: backend_tag_table[voice-speaker-2]: old = null new = (null)
09-01 23:30:44.444   684   802 D msm8974_platform: platform_set_snd_device_backend: hw_interface_table[24] = INT0_MI2S_RX
09-01 23:30:44.444   684   802 D msm8974_platform: platform_set_snd_device_backend: backend_tag_table[voice-speaker-2-vbat]: old = voice-speaker-2-vbat new = (null)
09-01 23:30:44.444   684   802 D msm8974_platform: platform_set_snd_device_backend: hw_interface_table[25] = INT0_MI2S_RX
09-01 23:30:44.444   684   802 D msm8974_platform: platform_set_snd_device_backend: backend_tag_table[speaker-and-hdmi]: old = speaker-and-hdmi new = (null)
09-01 23:30:44.444   684   802 D msm8974_platform: platform_set_snd_device_backend: hw_interface_table[30] = INT0_MI2S_RX-and-HDMI
09-01 23:30:44.444   684   802 D msm8974_platform: platform_set_snd_device_backend: backend_tag_table[speaker-and-display-port]: old = speaker-and-display-port new = (null)
09-01 23:30:44.444   684   802 D msm8974_platform: platform_set_snd_device_backend: hw_interface_table[32] = INT0_MI2S_RX-and-DISPLAY_PORT
09-01 23:30:44.444   684   802 D msm8974_platform: platform_set_snd_device_backend: backend_tag_table[speaker-and-bt-sco]: old = null new = speaker-and-bt-sco
09-01 23:30:44.444   684   802 D msm8974_platform: platform_set_snd_device_backend: hw_interface_table[40] = SLIMBUS_0_RX-and-SLIMBUS_7_RX
09-01 23:30:44.444   684   802 D msm8974_platform: platform_set_snd_device_backend: backend_tag_table[speaker-and-bt-sco-wb]: old = null new = speaker-and-bt-sco-wb
09-01 23:30:44.444   684   802 D msm8974_platform: platform_set_snd_device_backend: hw_interface_table[42] = SLIMBUS_0_RX-and-SLIMBUS_7_RX
09-01 23:30:44.444   684   802 D msm8974_platform: platform_set_snd_device_backend: backend_tag_table[speaker-and-bt-a2dp]: old = speaker-and-bt-a2dp new = (null)
09-01 23:30:44.444   684   802 D msm8974_platform: platform_set_snd_device_backend: hw_interface_table[37] = INT0_MI2S_RX-and-SLIMBUS_7_RX
09-01 23:30:44.444   684   802 D msm8974_platform: platform_set_snd_device_backend: backend_tag_table[voice-tty-hco-handset]: old = null new = (null)
09-01 23:30:44.444   684   802 D msm8974_platform: platform_set_snd_device_backend: hw_interface_table[53] = INT4_MI2S_RX
09-01 23:30:44.444   684   802 D msm8974_platform: platform_set_snd_device_backend: backend_tag_table[anc-fb-headphones]: old = null new = (null)
09-01 23:30:44.444   684   802 D msm8974_platform: platform_set_snd_device_backend: hw_interface_table[70] = INT0_MI2S_RX
09-01 23:30:44.444   684   802 D msm8974_platform: platform_set_snd_device_backend: backend_tag_table[voice-anc-fb-headphones]: old = null new = (null)
09-01 23:30:44.444   684   802 D msm8974_platform: platform_set_snd_device_backend: hw_interface_table[72] = INT0_MI2S_RX
09-01 23:30:44.444   684   802 D msm8974_platform: platform_set_snd_device_backend: backend_tag_table[anc-handset]: old = null new = (null)
09-01 23:30:44.444   684   802 D msm8974_platform: platform_set_snd_device_backend: hw_interface_table[75] = INT4_MI2S_RX
09-01 23:30:44.444   684   802 D msm8974_platform: platform_set_snd_device_backend: backend_tag_table[speaker-protected]: old = null new = (null)
09-01 23:30:44.444   684   802 D msm8974_platform: platform_set_snd_device_backend: hw_interface_table[76] = INT0_MI2S_RX
09-01 23:30:44.444   684   802 D msm8974_platform: platform_set_snd_device_backend: backend_tag_table[voice-speaker-protected]: old = null new = (null)
09-01 23:30:44.444   684   802 D msm8974_platform: platform_set_snd_device_backend: hw_interface_table[77] = INT0_MI2S_RX
09-01 23:30:44.444   684   802 D msm8974_platform: platform_set_snd_device_backend: backend_tag_table[voice-speaker-2-protected]: old = null new = (null)
09-01 23:30:44.444   684   802 D msm8974_platform: platform_set_snd_device_backend: hw_interface_table[78] = INT0_MI2S_RX
09-01 23:30:44.444   684   802 D msm8974_platform: platform_set_snd_device_backend: backend_tag_table[speaker-protected-vbat]: old = null new = (null)
09-01 23:30:44.444   684   802 D msm8974_platform: platform_set_snd_device_backend: hw_interface_table[80] = INT0_MI2S_RX
09-01 23:30:44.444   684   802 D msm8974_platform: platform_set_snd_device_backend: backend_tag_table[voice-speaker-protected-vbat]: old = null new = (null)
09-01 23:30:44.444   684   802 D msm8974_platform: platform_set_snd_device_backend: hw_interface_table[81] = INT0_MI2S_RX
09-01 23:30:44.444   684   802 D msm8974_platform: platform_set_snd_device_backend: backend_tag_table[voice-speaker-2-protected-vbat]: old = null new = (null)
09-01 23:30:44.444   684   802 D msm8974_platform: platform_set_snd_device_backend: hw_interface_table[82] = INT0_MI2S_RX
09-01 23:30:44.444   684   802 D msm8974_platform: platform_set_snd_device_backend: backend_tag_table[wsa-speaker]: old = null new = (null)
09-01 23:30:44.444   684   802 D msm8974_platform: platform_set_snd_device_backend: hw_interface_table[83] = INT4_MI2S_RX
09-01 23:30:44.444   684   802 D msm8974_platform: platform_set_snd_device_backend: backend_tag_table[wsa-voice-speaker]: old = null new = (null)
09-01 23:30:44.444   684   802 D msm8974_platform: platform_set_snd_device_backend: hw_interface_table[84] = INT4_MI2S_RX
09-01 23:30:44.444   684   802 D msm8974_platform: platform_set_snd_device_backend: backend_tag_table[wsa-voice-speaker-2]: old = null new = (null)
09-01 23:30:44.444   684   802 D msm8974_platform: platform_set_snd_device_backend: hw_interface_table[85] = INT4_MI2S_RX
09-01 23:30:44.444   684   802 D msm8974_platform: platform_set_snd_device_backend: backend_tag_table[handset-mic]: old = null new = (null)
09-01 23:30:44.444   684   802 D msm8974_platform: platform_set_snd_device_backend: hw_interface_table[102] = INT3_MI2S_TX
09-01 23:30:44.444   684   802 D msm8974_platform: platform_set_snd_device_backend: backend_tag_table[handset-mic-ext]: old = null new = (null)
09-01 23:30:44.444   684   802 D msm8974_platform: platform_set_snd_device_backend: hw_interface_table[104] = INT3_MI2S_TX
09-01 23:30:44.444   734   734 D RenderEngine: shader cache generated - 48 shaders in 451.156189 ms
09-01 23:30:44.444   684   802 D msm8974_platform: platform_set_snd_device_backend: backend_tag_table[handset-mic]: old = null new = (null)
09-01 23:30:44.444   684   802 D msm8974_platform: platform_set_snd_device_backend: hw_interface_table[105] = INT3_MI2S_TX
09-01 23:30:44.444   684   802 D msm8974_platform: platform_set_snd_device_backend: backend_tag_table[handset-mic]: old = null new = (null)
09-01 23:30:44.444   684   802 D msm8974_platform: platform_set_snd_device_backend: hw_interface_table[107] = INT3_MI2S_TX
09-01 23:30:44.445   684   802 D msm8974_platform: platform_set_snd_device_backend: backend_tag_table[handset-mic]: old = null new = (null)
09-01 23:30:44.445   684   802 D msm8974_platform: platform_set_snd_device_backend: hw_interface_table[109] = INT3_MI2S_TX
09-01 23:30:44.445   684   802 D msm8974_platform: platform_set_snd_device_backend: backend_tag_table[dmic-endfire]: old = null new = (null)
09-01 23:30:44.445   684   802 D msm8974_platform: platform_set_snd_device_backend: hw_interface_table[111] = INT3_MI2S_TX
09-01 23:30:44.445   684   802 D msm8974_platform: platform_set_snd_device_backend: backend_tag_table[dmic-endfire]: old = null new = (null)
09-01 23:30:44.445   684   802 D msm8974_platform: platform_set_snd_device_backend: hw_interface_table[112] = INT3_MI2S_TX
09-01 23:30:44.445   684   802 D msm8974_platform: platform_set_snd_device_backend: backend_tag_table[dmic-endfire]: old = null new = (null)
09-01 23:30:44.445   684   802 D msm8974_platform: platform_set_snd_device_backend: hw_interface_table[114] = INT3_MI2S_TX
09-01 23:30:44.445   684   802 D msm8974_platform: platform_set_snd_device_backend: backend_tag_table[dmic-endfire]: old = null new = (null)
09-01 23:30:44.445   684   802 D msm8974_platform: platform_set_snd_device_backend: hw_interface_table[116] = INT3_MI2S_TX
09-01 23:30:44.445   684   802 D msm8974_platform: platform_set_snd_device_backend: backend_tag_table[speaker-mic]: old = null new = (null)
09-01 23:30:44.445   684   802 D msm8974_platform: platform_set_snd_device_backend: hw_interface_table[118] = INT3_MI2S_TX
09-01 23:30:44.445   684   802 D msm8974_platform: platform_set_snd_device_backend: backend_tag_table[speaker-mic]: old = null new = (null)
09-01 23:30:44.445   684   802 D msm8974_platform: platform_set_snd_device_backend: hw_interface_table[120] = INT3_MI2S_TX
09-01 23:30:44.445   684   802 D msm8974_platform: platform_set_snd_device_backend: backend_tag_table[speaker-mic]: old = null new = (null)
09-01 23:30:44.445   684   802 D msm8974_platform: platform_set_snd_device_backend: hw_interface_table[122] = INT3_MI2S_TX
09-01 23:30:44.445   684   802 D msm8974_platform: platform_set_snd_device_backend: backend_tag_table[speaker-mic]: old = null new = (null)
09-01 23:30:44.445   684   802 D msm8974_platform: platform_set_snd_device_backend: hw_interface_table[124] = INT3_MI2S_TX
09-01 23:30:44.445   684   802 D msm8974_platform: platform_set_snd_device_backend: backend_tag_table[speaker-dmic-endfire]: old = null new = (null)
09-01 23:30:44.445   684   802 D msm8974_platform: platform_set_snd_device_backend: hw_interface_table[126] = INT3_MI2S_TX
09-01 23:30:44.445   684   802 D msm8974_platform: platform_set_snd_device_backend: backend_tag_table[speaker-dmic-endfire]: old = null new = (null)
09-01 23:30:44.445   684   802 D msm8974_platform: platform_set_snd_device_backend: hw_interface_table[127] = INT3_MI2S_TX
09-01 23:30:44.445   684   802 D msm8974_platform: platform_set_snd_device_backend: backend_tag_table[speaker-dmic-endfire]: old = null new = (null)
09-01 23:30:44.445   684   802 D msm8974_platform: platform_set_snd_device_backend: hw_interface_table[129] = INT3_MI2S_TX
09-01 23:30:44.445   684   802 D msm8974_platform: platform_set_snd_device_backend: backend_tag_table[speaker-dmic-endfire]: old = null new = (null)
09-01 23:30:44.445   684   802 D msm8974_platform: platform_set_snd_device_backend: hw_interface_table[131] = INT3_MI2S_TX
