06-10 06:43:24.983   978   978 I MediaCodecsXmlParser: limit: bitrate-range = 1-2000000
06-10 06:43:24.983   978   978 I MediaCodecsXmlParser: limit: max-concurrent-instances = 16
06-10 06:43:24.983   978   978 I MediaCodecsXmlParser: limit: performance-point-720x480-range = 30-30
06-10 06:43:24.983   978   978 I MediaCodecsXmlParser: limit: size-range = 96x64-1920x1088
06-10 06:43:24.983   978   978 I MediaCodecsXmlParser: limit: alignment = 2x2
06-10 06:43:24.983   978   978 I MediaCodecsXmlParser: limit: block-size = 16x16
06-10 06:43:24.983   978   978 I MediaCodecsXmlParser: limit: blocks-per-second-range = 1-244800
06-10 06:43:24.983   978   978 I MediaCodecsXmlParser: limit: bitrate-range = 1-40000000
06-10 06:43:24.983   978   978 I MediaCodecsXmlParser: limit: max-concurrent-instances = 16
06-10 06:43:24.983   978   978 I MediaCodecsXmlParser: limit: feature-intra-refresh = 0
06-10 06:43:24.983   978   978 I MediaCodecsXmlParser: limit: performance-point-1920x1088-range = 30-30
06-10 06:43:24.983   978   978 I MediaCodecsXmlParser: limit: size-range = 64x64-3840x2160
06-10 06:43:24.983   978   978 I MediaCodecsXmlParser: limit: alignment = 2x2
06-10 06:43:24.983   978   978 I MediaCodecsXmlParser: limit: block-size = 16x16
06-10 06:43:24.983   978   978 I MediaCodecsXmlParser: limit: blocks-per-second-range = 1-972000
06-10 06:43:24.983   978   978 I MediaCodecsXmlParser: limit: bitrate-range = 1-100000000
06-10 06:43:24.983   978   978 I MediaCodecsXmlParser: limit: feature-adaptive-playback = 0
06-10 06:43:24.983   978   978 I MediaCodecsXmlParser: limit: max-concurrent-instances = 16
06-10 06:43:24.983   978   978 I MediaCodecsXmlParser: limit: feature-can-swap-width-height = 0
06-10 06:43:24.983   978   978 I MediaCodecsXmlParser: limit: performance-point-3840x2160-range = 30-30
06-10 06:43:24.984   978   978 I MediaCodecsXmlParser: limit: size-range = 64x64-3840x2160
06-10 06:43:24.984   978   978 I MediaCodecsXmlParser: limit: alignment = 2x2
06-10 06:43:24.984   978   978 I MediaCodecsXmlParser: limit: block-size = 16x16
06-10 06:43:24.984   978   978 I MediaCodecsXmlParser: limit: blocks-per-second-range = 1-972000
06-10 06:43:24.984   978   978 I MediaCodecsXmlParser: limit: bitrate-range = 1-35000000
06-10 06:43:24.984   978   978 I MediaCodecsXmlParser: limit: feature-adaptive-playback = 0
06-10 06:43:24.984   978   978 I MediaCodecsXmlParser: limit: feature-secure-playback = 1
06-10 06:43:24.984   978   978 I MediaCodecsXmlParser: limit: max-concurrent-instances = 6
06-10 06:43:24.984   978   978 I MediaCodecsXmlParser: limit: performance-point-3840x2160-range = 30-30
06-10 06:43:24.984   978   978 I MediaCodecsXmlParser: limit: size-range = 64x64-1920x1088
06-10 06:43:24.984   978   978 I MediaCodecsXmlParser: limit: alignment = 2x2
06-10 06:43:24.984   978   978 I MediaCodecsXmlParser: limit: block-size = 16x16
06-10 06:43:24.984   978   978 I MediaCodecsXmlParser: limit: blocks-per-second-range = 1-244800
06-10 06:43:24.984   978   978 I MediaCodecsXmlParser: limit: bitrate-range = 1-40000000
06-10 06:43:24.984   978   978 I MediaCodecsXmlParser: limit: feature-adaptive-playback = 0
06-10 06:43:24.984   978   978 I MediaCodecsXmlParser: limit: max-concurrent-instances = 16
06-10 06:43:24.984   978   978 I MediaCodecsXmlParser: limit: performance-point-1920x1088-range = 30-30
06-10 06:43:24.984   978   978 I MediaCodecsXmlParser: limit: size-range = 64x64-1920x1088
06-10 06:43:24.984   978   978 I MediaCodecsXmlParser: limit: alignment = 2x2
06-10 06:43:24.984   978   978 I MediaCodecsXmlParser: limit: block-size = 16x16
06-10 06:43:24.984   978   978 I MediaCodecsXmlParser: limit: blocks-per-second-range = 1-244800
06-10 06:43:24.984   978   978 I MediaCodecsXmlParser: limit: bitrate-range = 1-20000000
06-10 06:43:24.984   978   978 I MediaCodecsXmlParser: limit: feature-adaptive-playback = 0
06-10 06:43:24.984   978   978 I MediaCodecsXmlParser: limit: feature-secure-playback = 1
06-10 06:43:24.984   978   978 I MediaCodecsXmlParser: limit: max-concurrent-instances = 6
06-10 06:43:24.984   978   978 I MediaCodecsXmlParser: limit: performance-point-1920x1088-range = 30-30
06-10 06:43:24.985   978   978 I MediaCodecsXmlParser: limit: size-range = 64x64-1920x1088
06-10 06:43:24.985   978   978 I MediaCodecsXmlParser: limit: alignment = 2x2
06-10 06:43:24.985   978   978 I MediaCodecsXmlParser: limit: block-size = 16x16
06-10 06:43:24.985   978   978 I MediaCodecsXmlParser: limit: blocks-per-second-range = 1-489600
06-10 06:43:24.985   978   978 I MediaCodecsXmlParser: limit: bitrate-range = 1-60000000
06-10 06:43:24.985   978   978 I MediaCodecsXmlParser: limit: feature-adaptive-playback = 0
06-10 06:43:24.985   978   978 I MediaCodecsXmlParser: limit: max-concurrent-instances = 16
06-10 06:43:24.985   978   978 I MediaCodecsXmlParser: limit: performance-point-1920x1088-range = 60-60
06-10 06:43:24.985   978   978 I MediaCodecsXmlParser: limit: size-range = 64x64-864x480
06-10 06:43:24.985   978   978 I MediaCodecsXmlParser: limit: alignment = 2x2
06-10 06:43:24.985   978   978 I MediaCodecsXmlParser: limit: block-size = 16x16
06-10 06:43:24.985   978   978 I MediaCodecsXmlParser: limit: blocks-per-second-range = 1-48600
06-10 06:43:24.985   978   978 I MediaCodecsXmlParser: limit: bitrate-range = 1-2000000
06-10 06:43:24.985   978   978 I MediaCodecsXmlParser: limit: feature-adaptive-playback = 0
06-10 06:43:24.985   978   978 I MediaCodecsXmlParser: limit: max-concurrent-instances = 16
06-10 06:43:24.985   978   978 I MediaCodecsXmlParser: limit: performance-point-720x480-range = 30-30
06-10 06:43:24.985   978   978 I MediaCodecsXmlParser: limit: size-range = 64x64-1920x1088
06-10 06:43:24.985   978   978 I MediaCodecsXmlParser: limit: alignment = 2x2
06-10 06:43:24.985   978   978 I MediaCodecsXmlParser: limit: block-size = 16x16
06-10 06:43:24.985   978   978 I MediaCodecsXmlParser: limit: blocks-per-second-range = 1-489600
06-10 06:43:24.985   978   978 I MediaCodecsXmlParser: limit: bitrate-range = 1-60000000
06-10 06:43:24.985   978   978 I MediaCodecsXmlParser: limit: feature-adaptive-playback = 0
06-10 06:43:24.985   978   978 I MediaCodecsXmlParser: limit: max-concurrent-instances = 16
06-10 06:43:24.985   978   978 I MediaCodecsXmlParser: limit: performance-point-1920x1088-range = 30-30
06-10 06:43:24.985   978   978 I MediaCodecsXmlParser: limit: size-range = 64x64-1920x1088
06-10 06:43:24.985   978   978 I MediaCodecsXmlParser: limit: alignment = 2x2
06-10 06:43:24.985   978   978 I MediaCodecsXmlParser: limit: block-size = 16x16
06-10 06:43:24.985   978   978 I MediaCodecsXmlParser: limit: blocks-per-second-range = 1-489600
06-10 06:43:24.985   978   978 I MediaCodecsXmlParser: limit: bitrate-range = 1-20000000
06-10 06:43:24.985   978   978 I MediaCodecsXmlParser: limit: feature-adaptive-playback = 0
06-10 06:43:24.985   978   978 I MediaCodecsXmlParser: limit: feature-secure-playback = 1
06-10 06:43:24.985   978   978 I MediaCodecsXmlParser: limit: max-concurrent-instances = 7
06-10 06:43:24.985   978   978 I MediaCodecsXmlParser: limit: performance-point-1920x1088-range = 30-30
06-10 06:43:24.985   978   978 I MediaCodecsXmlParser: limit: size-range = 64x64-1920x1088
06-10 06:43:24.985   978   978 I MediaCodecsXmlParser: limit: alignment = 2x2
06-10 06:43:24.985   978   978 I MediaCodecsXmlParser: limit: block-size = 16x16
06-10 06:43:24.985   978   978 I MediaCodecsXmlParser: limit: blocks-per-second-range = 1-244800
06-10 06:43:24.985   978   978 I MediaCodecsXmlParser: limit: bitrate-range = 1-10000000
06-10 06:43:24.985   978   978 I MediaCodecsXmlParser: limit: feature-adaptive-playback = 0
06-10 06:43:24.985   978   978 I MediaCodecsXmlParser: limit: max-concurrent-instances = 16
06-10 06:43:24.985   978   978 I MediaCodecsXmlParser: limit: performance-point-1920x1088-range = 30-30
06-10 06:43:24.985   978   978 I MediaCodecsXmlParser: limit: size-range = 64x64-720x480
06-10 06:43:24.985   978   978 I MediaCodecsXmlParser: limit: alignment = 2x2
06-10 06:43:24.985   978   978 I MediaCodecsXmlParser: limit: block-size = 16x16
06-10 06:43:24.985   978   978 I MediaCodecsXmlParser: limit: blocks-per-second-range = 1-40500
06-10 06:43:24.985   978   978 I MediaCodecsXmlParser: limit: bitrate-range = 1-2000000
06-10 06:43:24.985   978   978 I MediaCodecsXmlParser: limit: feature-adaptive-playback = 0
06-10 06:43:24.985   978   978 I MediaCodecsXmlParser: limit: max-concurrent-instances = 16
06-10 06:43:24.985   978   978 I MediaCodecsXmlParser: limit: performance-point-720x480-range = 30-30
06-10 06:43:24.985   978   978 I MediaCodecsXmlParser: limit: size-range = 64x64-1920x1088
06-10 06:43:24.985   978   978 I MediaCodecsXmlParser: limit: alignment = 2x2
06-10 06:43:24.985   978   978 I MediaCodecsXmlParser: limit: block-size = 16x16
06-10 06:43:24.985   978   978 I MediaCodecsXmlParser: limit: blocks-per-second-range = 1-244800
06-10 06:43:24.985   978   978 I MediaCodecsXmlParser: limit: bitrate-range = 1-10000000
06-10 06:43:24.985   978   978 I MediaCodecsXmlParser: limit: feature-adaptive-playback = 0
06-10 06:43:24.985   978   978 I MediaCodecsXmlParser: limit: max-concurrent-instances = 16
06-10 06:43:24.985   978   978 I MediaCodecsXmlParser: limit: performance-point-1920x1088-range = 30-30
06-10 06:43:24.985   978   978 I MediaCodecsXmlParser: limit: size-range = 64x64-3840x2160
06-10 06:43:24.985   978   978 I MediaCodecsXmlParser: limit: alignment = 2x2
06-10 06:43:24.985   978   978 I MediaCodecsXmlParser: limit: block-size = 16x16
06-10 06:43:24.985   978   978 I MediaCodecsXmlParser: limit: blocks-per-second-range = 1-972000
06-10 06:43:24.985   978   978 I MediaCodecsXmlParser: limit: bitrate-range = 1-100000000
06-10 06:43:24.985   978   978 I MediaCodecsXmlParser: limit: feature-adaptive-playback = 0
06-10 06:43:24.985   978   978 I MediaCodecsXmlParser: limit: max-concurrent-instances = 16
06-10 06:43:24.985   978   978 I MediaCodecsXmlParser: limit: performance-point-3840x2160-range = 30-30
06-10 06:43:24.985   978   978 I MediaCodecsXmlParser: limit: size-range = 64x64-3840x2160
06-10 06:43:24.985   978   978 I MediaCodecsXmlParser: limit: alignment = 2x2
06-10 06:43:24.985   978   978 I MediaCodecsXmlParser: limit: block-size = 16x16
06-10 06:43:24.985   978   978 I MediaCodecsXmlParser: limit: blocks-per-second-range = 1-972000
06-10 06:43:24.985   978   978 I MediaCodecsXmlParser: limit: bitrate-range = 1-100000000
06-10 06:43:24.985   978   978 I MediaCodecsXmlParser: limit: feature-adaptive-playback = 0
06-10 06:43:24.985   978   978 I MediaCodecsXmlParser: limit: max-concurrent-instances = 16
06-10 06:43:24.986   978   978 I MediaCodecsXmlParser: limit: performance-point-3840x2160-range = 30-30
06-10 06:43:24.986   978   978 I MediaCodecsXmlParser: limit: size-range = 64x64-3840x2160
06-10 06:43:24.986   978   978 I MediaCodecsXmlParser: limit: alignment = 2x2
06-10 06:43:24.986   978   978 I MediaCodecsXmlParser: limit: block-size = 16x16
06-10 06:43:24.986   978   978 I MediaCodecsXmlParser: limit: blocks-per-second-range = 1-979200
06-10 06:43:24.986   978   978 I MediaCodecsXmlParser: limit: bitrate-range = 1-35000000
06-10 06:43:24.986   978   978 I MediaCodecsXmlParser: limit: frame-rate-range = 1-30
06-10 06:43:24.986   978   978 I MediaCodecsXmlParser: limit: feature-adaptive-playback = 0
06-10 06:43:24.986   978   978 I MediaCodecsXmlParser: limit: feature-secure-playback = 1
06-10 06:43:24.986   978   978 I MediaCodecsXmlParser: limit: max-concurrent-instances = 6
06-10 06:43:24.986   978   978 I MediaCodecsXmlParser: limit: performance-point-3840x2160-range = 30-30
06-10 06:43:24.986   978   978 I MediaCodecsXmlParser: limit: size-range = 64x64-3840x2160
06-10 06:43:24.986   978   978 I MediaCodecsXmlParser: limit: alignment = 2x2
06-10 06:43:24.986   978   978 I MediaCodecsXmlParser: limit: block-size = 16x16
06-10 06:43:24.986   978   978 I MediaCodecsXmlParser: limit: blocks-per-second-range = 1-972000
06-10 06:43:24.986   978   978 I MediaCodecsXmlParser: limit: bitrate-range = 1-100000000
06-10 06:43:24.986   978   978 I MediaCodecsXmlParser: limit: feature-adaptive-playback = 0
06-10 06:43:24.986   978   978 I MediaCodecsXmlParser: limit: max-concurrent-instances = 16
06-10 06:43:24.986   978   978 I MediaCodecsXmlParser: limit: performance-point-3840x2160-range = 30-30
06-10 06:43:24.986     0     0 E THERM-BALANCE: Bad Parallel.
06-10 06:43:24.986   978   978 I MediaCodecsXmlParser: limit: size-range = 64x64-3840x2160
06-10 06:43:24.986   978   978 I MediaCodecsXmlParser: limit: alignment = 2x2
06-10 06:43:24.986   978   978 I MediaCodecsXmlParser: limit: block-size = 16x16
06-10 06:43:24.986   978   978 I MediaCodecsXmlParser: limit: blocks-per-second-range = 1-972000
06-10 06:43:24.986   978   978 I MediaCodecsXmlParser: limit: bitrate-range = 1-35000000
06-10 06:43:24.986   978   978 I MediaCodecsXmlParser: limit: feature-adaptive-playback = 0
06-10 06:43:24.986   978   978 I MediaCodecsXmlParser: limit: feature-secure-playback = 1
06-10 06:43:24.986   978   978 I MediaCodecsXmlParser: limit: max-concurrent-instances = 6
06-10 06:43:24.986   978   978 I MediaCodecsXmlParser: limit: performance-point-3840x2160-range = 30-30
06-10 06:43:24.986   978   978 D MediaCodecsXmlParser: parsing /vendor/etc/media_codecs_google_video.xml...
06-10 06:43:24.987   971  1031 I ServiceManager: Waiting for service 'package_native' on '/dev/binder'...
06-10 06:43:24.988  1015  1015 I update_engine: [0610/064324.987995:INFO:main.cc(181)] A/B Update Engine starting
06-10 06:43:24.988   888  1041 I adbd    : USB event: FUNCTIONFS_BIND
06-10 06:43:24.991   984   984 E QCNEA   : Cne Version 4.9
06-10 06:43:24.991   628   628 I Zygote  : Accepting command socket connections
06-10 06:43:24.991  1015  1015 I update_engine: [0610/064324.991687:INFO:boot_control_android.cc(76)] Loaded boot control hidl hal.
06-10 06:43:24.991  1015  1015 I update_engine: [0610/064324.991820:INFO:daemon_state_android.cc(43)] Booted in dev mode.
06-10 06:43:24.993   978   978 I MediaCodecsXmlParser: limit: size-range = 2x2-352x288
06-10 06:43:24.993   978   978 I MediaCodecsXmlParser: limit: alignment = 2x2
06-10 06:43:24.993   978   978 I MediaCodecsXmlParser: limit: block-size = 16x16
06-10 06:43:24.993   978   978 I MediaCodecsXmlParser: limit: blocks-per-second-range = 12-11880
06-10 06:43:24.993   978   978 I MediaCodecsXmlParser: limit: bitrate-range = 1-384000
06-10 06:43:24.993   978   978 I MediaCodecsXmlParser: limit: feature-adaptive-playback = 0
06-10 06:43:24.993   978   978 I MediaCodecsXmlParser: limit: size-range = 2x2-352x288
06-10 06:43:24.993   978   978 I MediaCodecsXmlParser: limit: alignment = 2x2
06-10 06:43:24.993   978   978 I MediaCodecsXmlParser: limit: bitrate-range = 1-384000
06-10 06:43:24.993   978   978 I MediaCodecsXmlParser: limit: feature-adaptive-playback = 0
06-10 06:43:24.993   978   978 I MediaCodecsXmlParser: limit: size-range = 2x2-4080x4080
06-10 06:43:24.993   978   978 I MediaCodecsXmlParser: limit: alignment = 2x2
06-10 06:43:24.993   978   978 I MediaCodecsXmlParser: limit: block-size = 16x16
06-10 06:43:24.993   978   978 I MediaCodecsXmlParser: limit: block-count-range = 1-32768
06-10 06:43:24.993   978   978 I MediaCodecsXmlParser: limit: blocks-per-second-range = 1-1966080
06-10 06:43:24.993   978   978 I MediaCodecsXmlParser: limit: bitrate-range = 1-48000000
06-10 06:43:24.993   978   978 I MediaCodecsXmlParser: limit: feature-adaptive-playback = 0
06-10 06:43:24.993   978   978 I MediaCodecsXmlParser: limit: size-range = 2x2-4096x4096
06-10 06:43:24.993   978   978 I MediaCodecsXmlParser: limit: alignment = 2x2
06-10 06:43:24.993   978   978 I MediaCodecsXmlParser: limit: block-size = 8x8
06-10 06:43:24.993   978   978 I MediaCodecsXmlParser: limit: block-count-range = 1-196608
06-10 06:43:24.993   978   978 I MediaCodecsXmlParser: limit: blocks-per-second-range = 1-2000000
06-10 06:43:24.993   978   978 I MediaCodecsXmlParser: limit: bitrate-range = 1-10000000
06-10 06:43:24.993   978   978 I MediaCodecsXmlParser: limit: feature-adaptive-playback = 0
06-10 06:43:24.993   978   978 I MediaCodecsXmlParser: limit: size-range = 2x2-2048x2048
06-10 06:43:24.993   978   978 I MediaCodecsXmlParser: limit: alignment = 2x2
06-10 06:43:24.993   978   978 I MediaCodecsXmlParser: limit: block-size = 16x16
06-10 06:43:24.993   978   978 I MediaCodecsXmlParser: limit: block-count-range = 1-16384
06-10 06:43:24.993   978   978 I MediaCodecsXmlParser: limit: blocks-per-second-range = 1-1000000
06-10 06:43:24.993   978   978 I MediaCodecsXmlParser: limit: bitrate-range = 1-40000000
06-10 06:43:24.993   978   978 I MediaCodecsXmlParser: limit: feature-adaptive-playback = 0
06-10 06:43:24.993   978   978 I MediaCodecsXmlParser: limit: size-range = 2x2-2048x2048
06-10 06:43:24.993   978   978 I MediaCodecsXmlParser: limit: alignment = 2x2
06-10 06:43:24.993   978   978 I MediaCodecsXmlParser: limit: block-size = 16x16
06-10 06:43:24.993   978   978 I MediaCodecsXmlParser: limit: block-count-range = 1-16384
06-10 06:43:24.993   978   978 I MediaCodecsXmlParser: limit: blocks-per-second-range = 1-500000
06-10 06:43:24.993   978   978 I MediaCodecsXmlParser: limit: bitrate-range = 1-40000000
06-10 06:43:24.993   978   978 I MediaCodecsXmlParser: limit: feature-adaptive-playback = 0
06-10 06:43:24.993   978   978 I MediaCodecsXmlParser: limit: size-range = 176x144-176x144
06-10 06:43:24.993   978   978 I MediaCodecsXmlParser: limit: alignment = 16x16
06-10 06:43:24.993   978   978 I MediaCodecsXmlParser: limit: bitrate-range = 1-128000
06-10 06:43:24.993   978   978 I MediaCodecsXmlParser: limit: size-range = 16x16-2048x2048
06-10 06:43:24.993   978   978 I MediaCodecsXmlParser: limit: alignment = 2x2
06-10 06:43:24.993   978   978 I MediaCodecsXmlParser: limit: block-size = 16x16
06-10 06:43:24.993   978   978 I MediaCodecsXmlParser: limit: block-count-range = 1-8192
06-10 06:43:24.993   978   978 I MediaCodecsXmlParser: limit: blocks-per-second-range = 1-245760
06-10 06:43:24.993   978   978 I MediaCodecsXmlParser: limit: bitrate-range = 1-12000000
06-10 06:43:24.993   978   978 I MediaCodecsXmlParser: limit: feature-intra-refresh = 0
06-10 06:43:24.993   978   978 I MediaCodecsXmlParser: limit: size-range = 16x16-176x144
06-10 06:43:24.993   978   978 I MediaCodecsXmlParser: limit: alignment = 16x16
06-10 06:43:24.993   978   978 I MediaCodecsXmlParser: limit: block-size = 16x16
06-10 06:43:24.993   978   978 I MediaCodecsXmlParser: limit: blocks-per-second-range = 12-1485
06-10 06:43:24.993   978   978 I MediaCodecsXmlParser: limit: bitrate-range = 1-64000
06-10 06:43:24.993   978   978 I MediaCodecsXmlParser: limit: size-range = 2x2-2048x2048
06-10 06:43:24.993   978   978 I MediaCodecsXmlParser: limit: alignment = 2x2
06-10 06:43:24.993   978   978 I MediaCodecsXmlParser: limit: block-size = 16x16
06-10 06:43:24.993   978   978 I MediaCodecsXmlParser: limit: block-count-range = 1-16384
06-10 06:43:24.993   978   978 I MediaCodecsXmlParser: limit: bitrate-range = 1-40000000
06-10 06:43:24.993   978   978 I MediaCodecsXmlParser: limit: feature-bitrate-modes = VBR,CBR
06-10 06:43:24.993   978   978 I MediaCodecsXmlParser: limit: size-range = 2x2-2048x2048
06-10 06:43:24.993   978   978 I MediaCodecsXmlParser: limit: alignment = 2x2
06-10 06:43:24.993   978   978 I MediaCodecsXmlParser: limit: block-size = 16x16
06-10 06:43:24.993   978   978 I MediaCodecsXmlParser: limit: block-count-range = 1-3600
06-10 06:43:24.993   978   978 I MediaCodecsXmlParser: limit: bitrate-range = 1-40000000
06-10 06:43:24.993   978   978 I MediaCodecsXmlParser: limit: feature-bitrate-modes = VBR,CBR
06-10 06:43:24.994   978   978 I MediaCodecsXmlParser: getVendorXmlPath (/vendor/etc/media_codecs_performance.xml)
06-10 06:43:24.994   978   978 D MediaCodecsXmlParser: parsing /vendor/etc/media_codecs_performance.xml...
06-10 06:43:24.995     0     0 E HVDCP2  : Registered HVDCP2
06-10 06:43:24.997     0     0 E STD-PD  : Registered STD_PD
06-10 06:43:24.997     0     0 I android_work: did not send uevent (0 0 0000000000000000)
06-10 06:43:25.003   627   627 D Zygote64Timing: BeginPreload took to complete: 80ms
06-10 06:43:25.003   627   627 I Zygote  : Preloading classes...
06-10 06:43:25.003   978   978 I MediaCodecsXmlParser: limit: measured-frame-rate-320x240-range = 388-392
06-10 06:43:25.003   978   978 I MediaCodecsXmlParser: limit: measured-frame-rate-720x480-range = 80-90
06-10 06:43:25.003   978   978 I MediaCodecsXmlParser: limit: measured-frame-rate-1280x720-range = 32-37
06-10 06:43:25.003   978   978 I MediaCodecsXmlParser: limit: measured-frame-rate-1920x1080-range = 40-40
06-10 06:43:25.003   978   978 I MediaCodecsXmlParser: limit: measured-frame-rate-320x240-range = 226-226
06-10 06:43:25.003   978   978 I MediaCodecsXmlParser: limit: measured-frame-rate-720x480-range = 121-121
06-10 06:43:25.003   978   978 I MediaCodecsXmlParser: limit: measured-frame-rate-1280x720-range = 49-49
06-10 06:43:25.003   978   978 I MediaCodecsXmlParser: limit: measured-frame-rate-1920x1080-range = 16-45
06-10 06:43:25.003   978   978 I MediaCodecsXmlParser: limit: measured-frame-rate-3840x2160-range = 13-26
06-10 06:43:25.003   978   978 I MediaCodecsXmlParser: limit: measured-frame-rate-176x144-range = 517-521
06-10 06:43:25.003   978   978 I MediaCodecsXmlParser: limit: measured-frame-rate-352x288-range = 261-261
06-10 06:43:25.003   978   978 I MediaCodecsXmlParser: limit: measured-frame-rate-176x144-range = 515-518
06-10 06:43:25.003   978   978 I MediaCodecsXmlParser: limit: measured-frame-rate-352x288-range = 263-263
06-10 06:43:25.003   978   978 I MediaCodecsXmlParser: limit: measured-frame-rate-640x480-range = 144-144
06-10 06:43:25.003   978   978 I MediaCodecsXmlParser: limit: measured-frame-rate-320x180-range = 312-312
06-10 06:43:25.003   978   978 I MediaCodecsXmlParser: limit: measured-frame-rate-640x360-range = 175-174
06-10 06:43:25.003   978   978 I MediaCodecsXmlParser: limit: measured-frame-rate-1280x720-range = 30-40
06-10 06:43:25.003   978   978 I MediaCodecsXmlParser: limit: measured-frame-rate-1920x1080-range = 20-25
06-10 06:43:25.003   978   978 I MediaCodecsXmlParser: limit: measured-frame-rate-320x240-range = 185-185
06-10 06:43:25.003   978   978 I MediaCodecsXmlParser: limit: measured-frame-rate-720x480-range = 87-87
06-10 06:43:25.003   978   978 I MediaCodecsXmlParser: limit: measured-frame-rate-1280x720-range = 45-45
06-10 06:43:25.003   978   978 I MediaCodecsXmlParser: limit: measured-frame-rate-1920x1080-range = 28-28
06-10 06:43:25.003   978   978 D MediaCodecsXmlParser: MediaCodec: cannot update non-existing codec at line 57 of /vendor/etc/media_codecs_performance.xml
06-10 06:43:25.003   978   978 I MediaCodecsXmlParser: limit: measured-frame-rate-176x144-range = 350-365
06-10 06:43:25.003   978   978 D MediaCodecsXmlParser: MediaCodec: cannot update non-existing codec at line 66 of /vendor/etc/media_codecs_performance.xml
06-10 06:43:25.003   978   978 I MediaCodecsXmlParser: limit: measured-frame-rate-176x144-range = 385-385
06-10 06:43:25.003   978   978 D MediaCodecsXmlParser: MediaCodec: cannot update non-existing codec at line 72 of /vendor/etc/media_codecs_performance.xml
06-10 06:43:25.003   978   978 D MediaCodecsXmlParser: MediaCodec: cannot update non-existing codec at line 75 of /vendor/etc/media_codecs_performance.xml
06-10 06:43:25.003   978   978 I MediaCodecsXmlParser: limit: measured-frame-rate-320x180-range = 100-120
06-10 06:43:25.003   978   978 I MediaCodecsXmlParser: limit: measured-frame-rate-640x360-range = 45-50
06-10 06:43:25.003   978   978 I MediaCodecsXmlParser: limit: measured-frame-rate-1280x720-range = 30-35
06-10 06:43:25.003   978   978 I MediaCodecsXmlParser: limit: measured-frame-rate-1920x1080-range = 20-30
06-10 06:43:25.004   978   978 I MediaCodecsXmlParser: limit: measured-frame-rate-320x180-range = 140-180
06-10 06:43:25.004   978   978 I MediaCodecsXmlParser: limit: measured-frame-rate-640x360-range = 45-60
06-10 06:43:25.004   978   978 I MediaCodecsXmlParser: limit: measured-frame-rate-1280x720-range = 12-15
06-10 06:43:25.004   978   978 D MediaCodecsXmlParser: MediaCodec: cannot update non-existing codec at line 90 of /vendor/etc/media_codecs_performance.xml
06-10 06:43:25.004   978   978 I MediaCodecsXmlParser: limit: measured-frame-rate-320x240-range = 555-566
06-10 06:43:25.004   978   978 I MediaCodecsXmlParser: limit: measured-frame-rate-720x480-range = 239-239
06-10 06:43:25.004   978   978 I MediaCodecsXmlParser: limit: measured-frame-rate-1280x720-range = 197-197
06-10 06:43:25.004   978   978 I MediaCodecsXmlParser: limit: measured-frame-rate-1920x1088-range = 198-199
06-10 06:43:25.004   978   978 I MediaCodecsXmlParser: limit: measured-frame-rate-352x288-range = 650-655
06-10 06:43:25.004   978   978 I MediaCodecsXmlParser: limit: measured-frame-rate-640x360-range = 395-398
06-10 06:43:25.004   978   978 I MediaCodecsXmlParser: limit: measured-frame-rate-720x480-range = 300-304
06-10 06:43:25.004   978   978 I MediaCodecsXmlParser: limit: measured-frame-rate-1280x720-range = 241-241
06-10 06:43:25.004   978   978 I MediaCodecsXmlParser: limit: measured-frame-rate-1920x1088-range = 224-226
06-10 06:43:25.004   978   978 I MediaCodecsXmlParser: limit: measured-frame-rate-3840x2160-range = 30-40
06-10 06:43:25.004   978   978 I MediaCodecsXmlParser: limit: measured-frame-rate-176x144-range = 890-898
06-10 06:43:25.004   978   978 I MediaCodecsXmlParser: limit: measured-frame-rate-352x288-range = 840-850
06-10 06:43:25.004   978   978 I MediaCodecsXmlParser: limit: measured-frame-rate-176x144-range = 850-875
06-10 06:43:25.004   978   978 I MediaCodecsXmlParser: limit: measured-frame-rate-480x360-range = 766-794
06-10 06:43:25.004   978   978 I MediaCodecsXmlParser: limit: measured-frame-rate-320x180-range = 680-696
06-10 06:43:25.004   978   978 I MediaCodecsXmlParser: limit: measured-frame-rate-640x360-range = 400-415
06-10 06:43:25.004   978   978 I MediaCodecsXmlParser: limit: measured-frame-rate-1280x720-range = 350-358
06-10 06:43:25.004   978   978 I MediaCodecsXmlParser: limit: measured-frame-rate-1920x1080-range = 199-199
06-10 06:43:25.004   978   978 I MediaCodecsXmlParser: limit: measured-frame-rate-320x180-range = 500-524
06-10 06:43:25.004   978   978 I MediaCodecsXmlParser: limit: measured-frame-rate-640x360-range = 360-366
06-10 06:43:25.004   978   978 I MediaCodecsXmlParser: limit: measured-frame-rate-1280x720-range = 190-210
06-10 06:43:25.004   978   978 I MediaCodecsXmlParser: limit: measured-frame-rate-1920x1080-range = 170-190
06-10 06:43:25.005   978   978 I MediaCodecsXmlParser: limit: measured-frame-rate-3840x2160-range = 48-48
06-10 06:43:25.005     0     0 I msm-dwc3 a800000.ssusb: Avail curr from USB = 100
06-10 06:43:25.006   978   978 I MediaCodecsXmlParser: limit: measured-frame-rate-320x240-range = 320-350
06-10 06:43:25.006   978   978 I MediaCodecsXmlParser: limit: measured-frame-rate-720x480-range = 100-130
06-10 06:43:25.006   978   978 I MediaCodecsXmlParser: limit: measured-frame-rate-1280x720-range = 50-58
06-10 06:43:25.006   978   978 I MediaCodecsXmlParser: limit: measured-frame-rate-1920x1080-range = 20-30
06-10 06:43:25.006   978   978 D MediaCodecsXmlParser: MediaCodec: cannot update non-existing codec at line 139 of /vendor/etc/media_codecs_performance.xml
06-10 06:43:25.006   978   978 I MediaCodecsXmlParser: limit: measured-frame-rate-352x288-range = 458-458
06-10 06:43:25.006   978   978 I MediaCodecsXmlParser: limit: measured-frame-rate-640x360-range = 210-215
06-10 06:43:25.006   978   978 I MediaCodecsXmlParser: limit: measured-frame-rate-720x480-range = 120-125
06-10 06:43:25.006   978   978 I MediaCodecsXmlParser: limit: measured-frame-rate-1280x720-range = 70-85
06-10 06:43:25.006   978   978 I MediaCodecsXmlParser: limit: measured-frame-rate-1920x1080-range = 45-48
06-10 06:43:25.006   978   978 D MediaCodecsXmlParser: MediaCodec: cannot update non-existing codec at line 152 of /vendor/etc/media_codecs_performance.xml
06-10 06:43:25.006   978   978 I MediaCodecsXmlParser: limit: measured-frame-rate-176x144-range = 190-210
06-10 06:43:25.006   978   978 I MediaCodecsXmlParser: limit: measured-frame-rate-352x288-range = 170-182
06-10 06:43:25.006   978   978 D MediaCodecsXmlParser: MediaCodec: cannot update non-existing codec at line 163 of /vendor/etc/media_codecs_performance.xml
06-10 06:43:25.006   978   978 I MediaCodecsXmlParser: limit: measured-frame-rate-320x240-range = 575-580
06-10 06:43:25.006   978   978 I MediaCodecsXmlParser: limit: measured-frame-rate-640x360-range = 200-220
06-10 06:43:25.006   978   978 I MediaCodecsXmlParser: limit: measured-frame-rate-1280x720-range = 45-55
06-10 06:43:25.006   978   978 I MediaCodecsXmlParser: limit: measured-frame-rate-1920x1080-range = 18-22
06-10 06:43:25.006   978   978 D MediaCodecsXmlParser: MediaCodec: cannot update non-existing codec at line 173 of /vendor/etc/media_codecs_performance.xml
06-10 06:43:25.006   978   978 I MediaCodecsXmlParser: limit: measured-frame-rate-320x240-range = 580-604
06-10 06:43:25.006   978   978 I MediaCodecsXmlParser: limit: measured-frame-rate-640x360-range = 180-185
06-10 06:43:25.006   978   978 I MediaCodecsXmlParser: limit: measured-frame-rate-1280x720-range = 88-92
06-10 06:43:25.006   978   978 I MediaCodecsXmlParser: limit: measured-frame-rate-1920x1080-range = 47-52
06-10 06:43:25.006   978   978 D MediaCodecsXmlParser: MediaCodec: cannot update non-existing codec at line 185 of /vendor/etc/media_codecs_performance.xml
06-10 06:43:25.006   978   978 I MediaCodecsXmlParser: limit: measured-frame-rate-176x144-range = 380-400
06-10 06:43:25.006     0     0 E PPS     : Registered PPS
06-10 06:43:25.006   978   978 D MediaCodecsXmlParser: MediaCodec: cannot update non-existing codec at line 197 of /vendor/etc/media_codecs_performance.xml
06-10 06:43:25.007   978   978 D MediaCodecsXmlParser: Cannot find /data/misc/media/media_codecs_profiling_results.xml
06-10 06:43:25.007   627   627 W Zygote  : Class not found for preloading: android.app.-$$Lambda$ActivityThread$ZXDWm3IBeFmLnFVblhB-IOZCr9o
06-10 06:43:25.010   978   978 I ServiceManagement: Registered android.hardware.media.omx@1.0::IOmx/default (start delay of 394ms)
06-10 06:43:25.010   978   978 I ServiceManagement: Removing namespace from process name android.hardware.media.omx@1.0-service to omx@1.0-service.
06-10 06:43:25.010   978   978 I media.codec: IOmx HAL service created.
06-10 06:43:25.011   978   978 I MediaCodecsXmlParser: getVendorXmlPath (/vendor/etc/media_codecs_vendor.xml)
06-10 06:43:25.011   978   978 D MediaCodecsXmlParser: parsing /vendor/etc/media_codecs_vendor.xml...
06-10 06:43:25.011   978   978 D MediaCodecsXmlParser: parsing /vendor/etc/media_codecs_google_audio.xml...
06-10 06:43:25.011   978   978 I MediaCodecsXmlParser: limit: max-channel-count = 2
06-10 06:43:25.011   978   978 I MediaCodecsXmlParser: limit: sample-rate-ranges = 8000,11025,12000,16000,22050,24000,32000,44100,48000
06-10 06:43:25.011   978   978 I MediaCodecsXmlParser: limit: bitrate-range = 8000-320000
06-10 06:43:25.011   978   978 I MediaCodecsXmlParser: limit: max-channel-count = 1
06-10 06:43:25.011   978   978 I MediaCodecsXmlParser: limit: sample-rate-ranges = 8000
06-10 06:43:25.011   978   978 I MediaCodecsXmlParser: limit: bitrate-range = 4750-12200
06-10 06:43:25.011   978   978 I MediaCodecsXmlParser: limit: max-channel-count = 1
06-10 06:43:25.011   978   978 I MediaCodecsXmlParser: limit: sample-rate-ranges = 16000
06-10 06:43:25.011   978   978 I MediaCodecsXmlParser: limit: bitrate-range = 6600-23850
06-10 06:43:25.011   978   978 I MediaCodecsXmlParser: limit: max-channel-count = 8
06-10 06:43:25.011   978   978 I MediaCodecsXmlParser: limit: sample-rate-ranges = 7350,8000,11025,12000,16000,22050,24000,32000,44100,48000
06-10 06:43:25.011   978   978 I MediaCodecsXmlParser: limit: bitrate-range = 8000-960000
06-10 06:43:25.011   978   978 I MediaCodecsXmlParser: limit: max-channel-count = 1
06-10 06:43:25.011   978   978 I MediaCodecsXmlParser: limit: sample-rate-ranges = 8000-48000
06-10 06:43:25.011   978   978 I MediaCodecsXmlParser: limit: bitrate-range = 64000
06-10 06:43:25.011   978   978 I MediaCodecsXmlParser: limit: max-channel-count = 1
06-10 06:43:25.011   978   978 I MediaCodecsXmlParser: limit: sample-rate-ranges = 8000-48000
06-10 06:43:25.012   978   978 I MediaCodecsXmlParser: limit: bitrate-range = 64000
06-10 06:43:25.012   978   978 I MediaCodecsXmlParser: limit: max-channel-count = 8
06-10 06:43:25.012   978   978 I MediaCodecsXmlParser: limit: sample-rate-ranges = 8000-96000
06-10 06:43:25.012   978   978 I MediaCodecsXmlParser: limit: bitrate-range = 32000-500000
06-10 06:43:25.012   978   978 I MediaCodecsXmlParser: limit: max-channel-count = 8
06-10 06:43:25.012   978   978 I MediaCodecsXmlParser: limit: sample-rate-ranges = 48000
06-10 06:43:25.012   978   978 I MediaCodecsXmlParser: limit: bitrate-range = 6000-510000
06-10 06:43:25.012   978   978 I MediaCodecsXmlParser: limit: max-channel-count = 8
06-10 06:43:25.012   978   978 I MediaCodecsXmlParser: limit: sample-rate-ranges = 8000-192000
06-10 06:43:25.012   978   978 I MediaCodecsXmlParser: limit: bitrate-range = 1-10000000
06-10 06:43:25.012   978   978 I MediaCodecsXmlParser: limit: max-channel-count = 8
06-10 06:43:25.012   978   978 I MediaCodecsXmlParser: limit: sample-rate-ranges = 1-655350
06-10 06:43:25.012   978   978 I MediaCodecsXmlParser: limit: bitrate-range = 1-21000000
06-10 06:43:25.012   978   978 I MediaCodecsXmlParser: limit: max-channel-count = 6
06-10 06:43:25.012   978   978 I MediaCodecsXmlParser: limit: sample-rate-ranges = 8000,11025,12000,16000,22050,24000,32000,44100,48000
06-10 06:43:25.012   978   978 I MediaCodecsXmlParser: limit: bitrate-range = 8000-960000
06-10 06:43:25.012   978   978 I MediaCodecsXmlParser: limit: max-channel-count = 1
06-10 06:43:25.012   978   978 I MediaCodecsXmlParser: limit: sample-rate-ranges = 8000
06-10 06:43:25.012     0     0 I android_work: sent uevent USB_STATE=CONNECTED
06-10 06:43:25.012   978   978 I MediaCodecsXmlParser: limit: bitrate-range = 4750-12200
06-10 06:43:25.012   978   978 I MediaCodecsXmlParser: limit: feature-bitrate-modes = CBR
06-10 06:43:25.012   978   978 I MediaCodecsXmlParser: limit: max-channel-count = 1
06-10 06:43:25.012   978   978 I MediaCodecsXmlParser: limit: sample-rate-ranges = 16000
06-10 06:43:25.012   978   978 I MediaCodecsXmlParser: limit: bitrate-range = 6600-23850
06-10 06:43:25.012   978   978 I MediaCodecsXmlParser: limit: feature-bitrate-modes = CBR
06-10 06:43:25.012   978   978 I MediaCodecsXmlParser: limit: max-channel-count = 2
06-10 06:43:25.012   978   978 I MediaCodecsXmlParser: limit: sample-rate-ranges = 1-655350
06-10 06:43:25.012   978   978 I MediaCodecsXmlParser: limit: bitrate-range = 1-21000000
06-10 06:43:25.012   978   978 I MediaCodecsXmlParser: limit: complexity-default = 5
06-10 06:43:25.012   978   978 I MediaCodecsXmlParser: limit: complexity-range = 0-8
06-10 06:43:25.012   978   978 I MediaCodecsXmlParser: limit: feature-bitrate-modes = CQ
06-10 06:43:25.012   978   978 D MediaCodecsXmlParser: parsing /vendor/etc/media_codecs_vendor_audio.xml...
06-10 06:43:25.012   978   978 I MediaCodecsXmlParser: limit: max-concurrent-instances = 10
06-10 06:43:25.012   978   978 D MediaCodecsXmlParser: parsing /vendor/etc/media_codecs_google_telephony.xml...
06-10 06:43:25.012   978   978 I MediaCodecsXmlParser: limit: max-channel-count = 1
06-10 06:43:25.012   978   978 I MediaCodecsXmlParser: limit: sample-rate-ranges = 8000
06-10 06:43:25.012   978   978 I MediaCodecsXmlParser: limit: bitrate-range = 13000
06-10 06:43:25.012   978   978 I MediaCodecsXmlParser: limit: size-range = 176x64-3840x2160
06-10 06:43:25.012   978   978 I MediaCodecsXmlParser: limit: alignment = 2x2
06-10 06:43:25.012   978   978 I MediaCodecsXmlParser: limit: block-size = 16x16
06-10 06:43:25.012   978   978 I MediaCodecsXmlParser: limit: blocks-per-second-range = 1-972000
06-10 06:43:25.012   978   978 I MediaCodecsXmlParser: limit: bitrate-range = 1-100000000
06-10 06:43:25.013   978   978 I MediaCodecsXmlParser: limit: max-concurrent-instances = 16
06-10 06:43:25.013   978   978 I MediaCodecsXmlParser: limit: feature-intra-refresh = 0
06-10 06:43:25.013   978   978 I MediaCodecsXmlParser: limit: performance-point-3840x2160-range = 24-24
06-10 06:43:25.013   978   978 I MediaCodecsXmlParser: limit: size-range = 96x96-3840x2160
06-10 06:43:25.013   978   978 I MediaCodecsXmlParser: limit: alignment = 2x2
06-10 06:43:25.013   978   978 I MediaCodecsXmlParser: limit: block-size = 16x16
06-10 06:43:25.013   978   978 I MediaCodecsXmlParser: limit: blocks-per-second-range = 1-972000
06-10 06:43:25.013   978   978 I MediaCodecsXmlParser: limit: bitrate-range = 1-100000000
06-10 06:43:25.013   978   978 I MediaCodecsXmlParser: limit: max-concurrent-instances = 16
06-10 06:43:25.013   978   978 I MediaCodecsXmlParser: limit: feature-intra-refresh = 0
06-10 06:43:25.013   978   978 I MediaCodecsXmlParser: limit: feature-can-swap-width-height = 0
06-10 06:43:25.013   978   978 I MediaCodecsXmlParser: limit: performance-point-3840x2160-range = 24-24
06-10 06:43:25.013   978   978 I MediaCodecsXmlParser: limit: size-range = 96x64-1920x1088
06-10 06:43:25.013   978   978 I MediaCodecsXmlParser: limit: alignment = 2x2
06-10 06:43:25.013   978   978 I MediaCodecsXmlParser: limit: block-size = 16x16
06-10 06:43:25.013   978   978 I MediaCodecsXmlParser: limit: blocks-per-second-range = 1-244800
06-10 06:43:25.013   978   978 I MediaCodecsXmlParser: limit: bitrate-range = 1-40000000
06-10 06:43:25.013   978   978 I MediaCodecsXmlParser: limit: max-concurrent-instances = 16
06-10 06:43:25.013   978   978 I MediaCodecsXmlParser: limit: performance-point-1920x1088-range = 30-30
06-10 06:43:25.013   978   978 I MediaCodecsXmlParser: limit: size-range = 96x64-864x480
06-10 06:43:25.013   978   978 I MediaCodecsXmlParser: limit: alignment = 2x2
06-10 06:43:25.013   978   978 I MediaCodecsXmlParser: limit: block-size = 16x16
06-10 06:43:25.013   978   978 I MediaCodecsXmlParser: limit: blocks-per-second-range = 1-48600
06-10 06:43:25.013   978   978 I MediaCodecsXmlParser: limit: bitrate-range = 1-2000000
06-10 06:43:25.013   978   978 I MediaCodecsXmlParser: limit: max-concurrent-instances = 16
06-10 06:43:25.013   978   978 I MediaCodecsXmlParser: limit: performance-point-720x480-range = 30-30
06-10 06:43:25.017   978   978 I MediaCodecsXmlParser: limit: size-range = 96x64-1920x1088
06-10 06:43:25.017   978   978 I MediaCodecsXmlParser: limit: alignment = 2x2
06-10 06:43:25.017   978   978 I MediaCodecsXmlParser: limit: block-size = 16x16
06-10 06:43:25.017   978   978 I MediaCodecsXmlParser: limit: blocks-per-second-range = 1-244800
06-10 06:43:25.017   978   978 I MediaCodecsXmlParser: limit: bitrate-range = 1-40000000
06-10 06:43:25.017   978   978 I MediaCodecsXmlParser: limit: max-concurrent-instances = 16
06-10 06:43:25.017   978   978 I MediaCodecsXmlParser: limit: feature-intra-refresh = 0
06-10 06:43:25.017   978   978 I MediaCodecsXmlParser: limit: performance-point-1920x1088-range = 30-30
06-10 06:43:25.017   978   978 I MediaCodecsXmlParser: limit: size-range = 64x64-3840x2160
06-10 06:43:25.017   978   978 I MediaCodecsXmlParser: limit: alignment = 2x2
06-10 06:43:25.017   978   978 I MediaCodecsXmlParser: limit: block-size = 16x16
06-10 06:43:25.017   978   978 I MediaCodecsXmlParser: limit: blocks-per-second-range = 1-972000
06-10 06:43:25.017   978   978 I MediaCodecsXmlParser: limit: bitrate-range = 1-100000000
06-10 06:43:25.017   978   978 I MediaCodecsXmlParser: limit: feature-adaptive-playback = 0
06-10 06:43:25.017   978   978 I MediaCodecsXmlParser: limit: max-concurrent-instances = 16
06-10 06:43:25.017   978   978 I MediaCodecsXmlParser: limit: feature-can-swap-width-height = 0
06-10 06:43:25.017   978   978 I MediaCodecsXmlParser: limit: performance-point-3840x2160-range = 30-30
06-10 06:43:25.017   978   978 I MediaCodecsXmlParser: limit: size-range = 64x64-3840x2160
06-10 06:43:25.017   978   978 I MediaCodecsXmlParser: limit: alignment = 2x2
06-10 06:43:25.017   978   978 I MediaCodecsXmlParser: limit: block-size = 16x16
06-10 06:43:25.017   978   978 I MediaCodecsXmlParser: limit: blocks-per-second-range = 1-972000
06-10 06:43:25.017   978   978 I MediaCodecsXmlParser: limit: bitrate-range = 1-35000000
06-10 06:43:25.017   978   978 I MediaCodecsXmlParser: limit: feature-adaptive-playback = 0
06-10 06:43:25.017   978   978 I MediaCodecsXmlParser: limit: feature-secure-playback = 1
06-10 06:43:25.017   978   978 I MediaCodecsXmlParser: limit: max-concurrent-instances = 6
06-10 06:43:25.017   978   978 I MediaCodecsXmlParser: limit: performance-point-3840x2160-range = 30-30
06-10 06:43:25.017   978   978 I MediaCodecsXmlParser: limit: size-range = 64x64-1920x1088
06-10 06:43:25.017   978   978 I MediaCodecsXmlParser: limit: alignment = 2x2
06-10 06:43:25.017   978   978 I MediaCodecsXmlParser: limit: block-size = 16x16
06-10 06:43:25.017   978   978 I MediaCodecsXmlParser: limit: blocks-per-second-range = 1-244800
06-10 06:43:25.017   978   978 I MediaCodecsXmlParser: limit: bitrate-range = 1-40000000
06-10 06:43:25.017   978   978 I MediaCodecsXmlParser: limit: feature-adaptive-playback = 0
06-10 06:43:25.017   978   978 I MediaCodecsXmlParser: limit: max-concurrent-instances = 16
06-10 06:43:25.017   978   978 I MediaCodecsXmlParser: limit: performance-point-1920x1088-range = 30-30
06-10 06:43:25.017   978   978 I MediaCodecsXmlParser: limit: size-range = 64x64-1920x1088
06-10 06:43:25.017   978   978 I MediaCodecsXmlParser: limit: alignment = 2x2
06-10 06:43:25.017   978   978 I MediaCodecsXmlParser: limit: block-size = 16x16
06-10 06:43:25.017   978   978 I MediaCodecsXmlParser: limit: blocks-per-second-range = 1-244800
06-10 06:43:25.017   978   978 I MediaCodecsXmlParser: limit: bitrate-range = 1-20000000
06-10 06:43:25.017   978   978 I MediaCodecsXmlParser: limit: feature-adaptive-playback = 0
06-10 06:43:25.017   978   978 I MediaCodecsXmlParser: limit: feature-secure-playback = 1
06-10 06:43:25.017   978   978 I MediaCodecsXmlParser: limit: max-concurrent-instances = 6
06-10 06:43:25.017   978   978 I MediaCodecsXmlParser: limit: performance-point-1920x1088-range = 30-30
06-10 06:43:25.018   978   978 I MediaCodecsXmlParser: limit: size-range = 64x64-1920x1088
06-10 06:43:25.018   978   978 I MediaCodecsXmlParser: limit: alignment = 2x2
06-10 06:43:25.018   978   978 I MediaCodecsXmlParser: limit: block-size = 16x16
06-10 06:43:25.018   978   978 I MediaCodecsXmlParser: limit: blocks-per-second-range = 1-489600
06-10 06:43:25.018   978   978 I MediaCodecsXmlParser: limit: bitrate-range = 1-60000000
06-10 06:43:25.018   978   978 I MediaCodecsXmlParser: limit: feature-adaptive-playback = 0
06-10 06:43:25.029   955   955 I mediaserver: ServiceManager: 0xf32232a0
06-10 06:43:25.029   955   955 W BatteryNotifier: batterystats service unavailable!
06-10 06:43:25.033   626   626 I netd    : Creating child chains: 46.3ms
06-10 06:43:25.033   626   626 I netd    : Setting up OEM hooks: 0.3ms
06-10 06:43:25.033   626   626 I netd    : Setting up FirewallController hooks: 0.0ms
06-10 06:43:25.035   955   955 W BatteryNotifier: batterystats service unavailable!
06-10 06:43:25.036   626   626 I netd    : Setting up TetherController hooks: 2.8ms
06-10 06:43:25.040   626   626 I netd    : Setting up BandwidthController hooks: 3.9ms
06-10 06:43:25.040   626   626 I netd    : Setting up IdletimerController hooks: 0.1ms
06-10 06:43:25.044   978   978 I liblog  : 199
06-10 06:43:25.044   978   978 I MediaCodecsXmlParser: limit: measured-frame-rate-720x480-range = 239-239
06-10 06:43:25.044   978   978 I MediaCodecsXmlParser: limit: measured-frame-rate-1280x720-range = 197-197
06-10 06:43:25.044   978   978 I MediaCodecsXmlParser: limit: measured-frame-rate-1920x1088-range = 198-199
06-10 06:43:25.044   978   978 I MediaCodecsXmlParser: limit: measured-frame-rate-352x288-range = 650-655
06-10 06:43:25.044   978   978 I MediaCodecsXmlParser: limit: measured-frame-rate-640x360-range = 395-398
06-10 06:43:25.044   978   978 I MediaCodecsXmlParser: limit: measured-frame-rate-720x480-range = 300-304
06-10 06:43:25.044   978   978 I MediaCodecsXmlParser: limit: measured-frame-rate-1280x720-range = 241-241
06-10 06:43:25.044   978   978 I MediaCodecsXmlParser: limit: measured-frame-rate-1920x1088-range = 224-226
06-10 06:43:25.044   978   978 I MediaCodecsXmlParser: limit: measured-frame-rate-3840x2160-range = 30-40
06-10 06:43:25.044   978   978 I MediaCodecsXmlParser: limit: measured-frame-rate-176x144-range = 890-898
06-10 06:43:25.044   978   978 I MediaCodecsXmlParser: limit: measured-frame-rate-352x288-range = 840-850
06-10 06:43:25.044   978   978 I MediaCodecsXmlParser: limit: measured-frame-rate-176x144-range = 850-875
06-10 06:43:25.044   978   978 I MediaCodecsXmlParser: limit: measured-frame-rate-480x360-range = 766-794
06-10 06:43:25.044   978   978 I MediaCodecsXmlParser: limit: measured-frame-rate-320x180-range = 680-696
06-10 06:43:25.044   978   978 I MediaCodecsXmlParser: limit: measured-frame-rate-640x360-range = 400-415
06-10 06:43:25.044   978   978 I MediaCodecsXmlParser: limit: measured-frame-rate-1280x720-range = 350-358
06-10 06:43:25.044   978   978 I MediaCodecsXmlParser: limit: measured-frame-rate-1920x1080-range = 199-199
06-10 06:43:25.044   978   978 I MediaCodecsXmlParser: limit: measured-frame-rate-320x180-range = 500-524
06-10 06:43:25.044   978   978 I MediaCodecsXmlParser: limit: measured-frame-rate-640x360-range = 360-366
06-10 06:43:25.044   978   978 I MediaCodecsXmlParser: limit: measured-frame-rate-1280x720-range = 190-210
06-10 06:43:25.044   978   978 I MediaCodecsXmlParser: limit: measured-frame-rate-1920x1080-range = 170-190
06-10 06:43:25.044   978   978 I MediaCodecsXmlParser: limit: measured-frame-rate-3840x2160-range = 48-48
06-10 06:43:25.044   978   978 I MediaCodecsXmlParser: limit: measured-frame-rate-320x240-range = 320-350
06-10 06:43:25.044   978   978 I MediaCodecsXmlParser: limit: measured-frame-rate-720x480-range = 100-130
06-10 06:43:25.044   978   978 I MediaCodecsXmlParser: limit: measured-frame-rate-1280x720-range = 50-58
06-10 06:43:25.044   978   978 I MediaCodecsXmlParser: limit: measured-frame-rate-1920x1080-range = 20-30
06-10 06:43:25.044   978   978 D MediaCodecsXmlParser: MediaCodec: cannot update non-existing codec at line 139 of /vendor/etc/media_codecs_performance.xml
06-10 06:43:25.044   978   978 I MediaCodecsXmlParser: limit: measured-frame-rate-352x288-range = 458-458
06-10 06:43:25.044   978   978 I MediaCodecsXmlParser: limit: measured-frame-rate-640x360-range = 210-215
06-10 06:43:25.044   978   978 I MediaCodecsXmlParser: limit: measured-frame-rate-720x480-range = 120-125
06-10 06:43:25.044   978   978 I MediaCodecsXmlParser: limit: measured-frame-rate-1280x720-range = 70-85
06-10 06:43:25.044   978   978 I MediaCodecsXmlParser: limit: measured-frame-rate-1920x1080-range = 45-48
06-10 06:43:25.044   978   978 D MediaCodecsXmlParser: MediaCodec: cannot update non-existing codec at line 152 of /vendor/etc/media_codecs_performance.xml
06-10 06:43:25.044   978   978 I MediaCodecsXmlParser: limit: measured-frame-rate-176x144-range = 190-210
06-10 06:43:25.044   978   978 I MediaCodecsXmlParser: limit: measured-frame-rate-352x288-range = 170-182
06-10 06:43:25.045   978   978 D MediaCodecsXmlParser: MediaCodec: cannot update non-existing codec at line 163 of /vendor/etc/media_codecs_performance.xml
06-10 06:43:25.045   978   978 I MediaCodecsXmlParser: limit: measured-frame-rate-320x240-range = 575-580
06-10 06:43:25.045   978   978 I MediaCodecsXmlParser: limit: measured-frame-rate-640x360-range = 200-220
06-10 06:43:25.045   978   978 I MediaCodecsXmlParser: limit: measured-frame-rate-1280x720-range = 45-55
06-10 06:43:25.045   978   978 I MediaCodecsXmlParser: limit: measured-frame-rate-1920x1080-range = 18-22
06-10 06:43:25.045   978   978 D MediaCodecsXmlParser: MediaCodec: cannot update non-existing codec at line 173 of /vendor/etc/media_codecs_performance.xml
06-10 06:43:25.045   978   978 I MediaCodecsXmlParser: limit: measured-frame-rate-320x240-range = 580-604
06-10 06:43:25.045   978   978 I MediaCodecsXmlParser: limit: measured-frame-rate-640x360-range = 180-185
06-10 06:43:25.045   978   978 I MediaCodecsXmlParser: limit: measured-frame-rate-1280x720-range = 88-92
06-10 06:43:25.045   978   978 I MediaCodecsXmlParser: limit: measured-frame-rate-1920x1080-range = 47-52
06-10 06:43:25.045   978   978 D MediaCodecsXmlParser: MediaCodec: cannot update non-existing codec at line 185 of /vendor/etc/media_codecs_performance.xml
06-10 06:43:25.045   978   978 I MediaCodecsXmlParser: limit: measured-frame-rate-176x144-range = 380-400
06-10 06:43:25.045   978   978 D MediaCodecsXmlParser: MediaCodec: cannot update non-existing codec at line 197 of /vendor/etc/media_codecs_performance.xml
06-10 06:43:25.045   978   978 D MediaCodecsXmlParser: Cannot find /data/misc/media/media_codecs_profiling_results.xml
06-10 06:43:25.046   978   978 I OmxStore: node [OMX.qcom.video.decoder.mpeg2.secure] not found in IOmx
06-10 06:43:25.049   626   626 I netd    : Setting up StrictController hooks: 9.0ms
06-10 06:43:25.049   626   626 I ClatdController: 4.9+ kernel and device shipped with Q+ - clat ebpf should work.
06-10 06:43:25.050   626   626 I netd    : Initializing ClatdController: 0.7ms
06-10 06:43:25.050   978   978 I ServiceManagement: Registered android.hardware.media.omx@1.0::IOmxStore/default (start delay of 435ms)
