06-17 22:41:26.225   932   932 W PackageManager: Failed to parse /system/framework/oat: Missing base APK in /system/framework/oat
06-17 22:41:26.269  1116  1152 I cnss-daemon: WLFW service connected
06-17 22:41:26.269  1116  1152 I cnss-daemon: wlfw_read_file: No such file /data/vendor/wifi/wlfw_cal_00.bin
06-17 22:41:26.270  1116  1152 E cnss-daemon: wlfw_build_cal_table: not read /data/vendor/wifi/wlfw_cal_00.bin
06-17 22:41:26.270  1116  1152 I cnss-daemon: wlfw_read_file: No such file /data/vendor/wifi/wlfw_cal_01.bin
06-17 22:41:26.270  1116  1152 E cnss-daemon: wlfw_build_cal_table: not read /data/vendor/wifi/wlfw_cal_01.bin
06-17 22:41:26.270  1116  1152 I cnss-daemon: wlfw_read_file: No such file /data/vendor/wifi/wlfw_cal_02.bin
06-17 22:41:26.270  1116  1152 E cnss-daemon: wlfw_build_cal_table: not read /data/vendor/wifi/wlfw_cal_02.bin
06-17 22:41:26.270  1116  1152 I cnss-daemon: wlfw_read_file: No such file /data/vendor/wifi/wlfw_cal_03.bin
06-17 22:41:26.270  1116  1152 E cnss-daemon: wlfw_build_cal_table: not read /data/vendor/wifi/wlfw_cal_03.bin
06-17 22:41:26.270  1116  1152 I cnss-daemon: wlfw_read_file: No such file /data/vendor/wifi/wlfw_cal_04.bin
06-17 22:41:26.270  1116  1152 E cnss-daemon: wlfw_build_cal_table: not read /data/vendor/wifi/wlfw_cal_04.bin
06-17 22:41:26.270   932   932 I PackageManager: /system/framework/framework-res.apk changed; collecting certs
06-17 22:41:26.274  1034  1153 I ServiceManager: Waiting for service 'package_native' on '/dev/binder'...
06-17 22:41:26.275   932   932 E PackageManager: Adding duplicate shared id: 1000 name=android
06-17 22:41:26.275   932   932 I pm_critical_info: Adding duplicate shared id: 1000 name=android
06-17 22:41:26.292   932   932 I PackageManager: /system/priv-app/PaymentCoreApp changed; collecting certs
06-17 22:41:26.293   932   932 E PackageManager: Adding duplicate shared id: 1000 name=com.oem.paymentcore
06-17 22:41:26.293   932   932 I pm_critical_info: Adding duplicate shared id: 1000 name=com.oem.paymentcore
06-17 22:41:26.294   932   932 I PackageManager: New shared user android.media: id=10042
06-17 22:41:26.294   932   932 I PackageManager: /system/priv-app/DownloadProviderUi changed; collecting certs
06-17 22:41:26.296   932   932 E PackageManager: Adding duplicate app id: 10042 name=com.android.providers.downloads.ui
06-17 22:41:26.296   932   932 I pm_critical_info: Adding duplicate app id: 10042 name=com.android.providers.downloads.ui
06-17 22:41:26.296   932   932 I PackageManager: /system/priv-app/WfdService changed; collecting certs
06-17 22:41:26.298   932   932 E PackageManager: Adding duplicate shared id: 1000 name=com.qualcomm.wfd.service
06-17 22:41:26.298   932   932 I pm_critical_info: Adding duplicate shared id: 1000 name=com.qualcomm.wfd.service
06-17 22:41:26.299   932   932 I PackageManager: /system/priv-app/MediaProvider changed; collecting certs
06-17 22:41:26.301   932   932 E PackageManager: Adding duplicate app id: 10042 name=com.android.providers.media
06-17 22:41:26.301   932   932 I pm_critical_info: Adding duplicate app id: 10042 name=com.android.providers.media
06-17 22:41:26.308   932   932 I PackageManager: /system/priv-app/CtsShimPrivPrebuilt changed; collecting certs
06-17 22:41:26.315   932   932 I PackageManager: /system/priv-app/PackageInstaller changed; collecting certs
06-17 22:41:26.325   932   932 I PackageManager: /system/priv-app/FusedLocation changed; collecting certs
06-17 22:41:26.327   932   932 E PackageManager: Adding duplicate shared id: 1000 name=com.android.location.fused
06-17 22:41:26.327   932   932 I pm_critical_info: Adding duplicate shared id: 1000 name=com.android.location.fused
06-17 22:41:26.341  1116  1152 I cnss-daemon: wlfw_send_cap_req: chip_id: 0x30214, chip_family 0x4001, board_id: 0xff, soc_id: 0x40050000, fw_version: 0x335480ff, fw_build_timestamp: 2020-11-09 15:03
06-17 22:41:26.341  1116  1152 I cnss-daemon: wlfw_send_bdf_download_req: BDF file : regdb.bin
06-17 22:41:26.341  1116  1152 I cnss-daemon: wlfw_send_bdf_download_req: Looking for BDF file: /firmware/image/regdb.bin
06-17 22:41:26.341  1116  1152 I cnss-daemon: wlfw_send_bdf_download_req: Looking for BDF file: /vendor/firmware/regdb.bin
06-17 22:41:26.341  1116  1152 I cnss-daemon: wlfw_send_bdf_download_req: Looking for BDF file: /vendor/firmware_mnt/image/regdb.bin
06-17 22:41:26.342  1116  1152 E cnss-daemon: wlfw_send_bdf_download_req: Failed to find BDF file regdb.bin
06-17 22:41:26.342  1116  1152 E cnss-daemon: Failed to Download the REGDB File
06-17 22:41:26.342  1116  1152 I cnss-daemon: OEM debug wlfw_send_bdf_download_req: For this HW model bdf_path is /vendor/etc/oem_bdf/bdwlan_i4_in15_std.bin 
06-17 22:41:26.342  1116  1152 I cnss-daemon: wlfw_send_bdf_download_req: BDF file : bdwlan.bin
06-17 22:41:26.345  1116  1152 I cnss-daemon: OEM debug wlfw_send_bdf_download_req: BDF file found: /vendor/etc/oem_bdf/bdwlan_i4_in15_std.bin
06-17 22:41:26.347   932   932 I PackageManager: /system/priv-app/DocumentsUI changed; collecting certs
06-17 22:41:26.349  1116  1152 I cnss-daemon: wlfw_send_bdf_download_req: bdf type 0,result 0, error 0
06-17 22:41:26.349   932   932 I PackageManager: /system/priv-app/ManagedProvisioning changed; collecting certs
06-17 22:41:26.374  1034  1153 I ServiceManager: Waiting for service 'package_native' on '/dev/binder'...
06-17 22:41:26.400  1410  1410 W ResourceType: CREATING STRING CACHE OF 72 bytes
06-17 22:41:26.405   932   932 I PackageManager: /system/priv-app/QtiSoundRecorder changed; collecting certs
06-17 22:41:26.408   932   932 I PackageManager: /system/priv-app/DownloadProvider changed; collecting certs
06-17 22:41:26.411   932   932 E PackageManager: Adding duplicate app id: 10042 name=com.android.providers.downloads
06-17 22:41:26.411   932   932 I pm_critical_info: Adding duplicate app id: 10042 name=com.android.providers.downloads
06-17 22:41:26.412   932   932 I PackageManager: /system/priv-app/SnapdragonCamera changed; collecting certs
06-17 22:41:26.418   932   932 I PackageManager: /system/priv-app/ProxyHandler changed; collecting certs
06-17 22:41:26.419   932  1407 I PackageParser: Parse times for '/system/priv-app/TeleService': parse=126ms, update_cache=2 ms
06-17 22:41:26.421   932   932 I PackageManager: /system/priv-app/TeleService changed; collecting certs
06-17 22:41:26.425   932   932 E PackageManager: Adding duplicate shared id: 1001 name=com.android.phone
06-17 22:41:26.425   932   932 I pm_critical_info: Adding duplicate shared id: 1001 name=com.android.phone
06-17 22:41:26.426   932   932 I PackageManager: /system/priv-app/BackupRestoreConfirmation changed; collecting certs
06-17 22:41:26.429   932   932 I PackageManager: /system/priv-app/MmsService changed; collecting certs
06-17 22:41:26.432   932   932 E PackageManager: Adding duplicate shared id: 1001 name=com.android.mms.service
06-17 22:41:26.432   932   932 I pm_critical_info: Adding duplicate shared id: 1001 name=com.android.mms.service
06-17 22:41:26.439   932   932 I PackageManager: /system/priv-app/TelephonyProvider changed; collecting certs
06-17 22:41:26.442   932   932 E PackageManager: Adding duplicate shared id: 1001 name=com.android.providers.telephony
06-17 22:41:26.442   932   932 I pm_critical_info: Adding duplicate shared id: 1001 name=com.android.providers.telephony
06-17 22:41:26.443   932   932 I PackageManager: /system/priv-app/SdcDemo changed; collecting certs
06-17 22:41:26.447   932   932 E PackageManager: Adding duplicate shared id: 1000 name=com.zebra.sdc
06-17 22:41:26.447   932   932 I pm_critical_info: Adding duplicate shared id: 1000 name=com.zebra.sdc
06-17 22:41:26.475  1034  1153 I ServiceManager: Waiting for service 'package_native' on '/dev/binder'...
06-17 22:41:26.501  1412  1412 W ResourceType: CREATING STRING CACHE OF 24 bytes
06-17 22:41:26.504   932   932 I PackageManager: /system/priv-app/ONS changed; collecting certs
06-17 22:41:26.507   932   932 E PackageManager: Adding duplicate shared id: 1001 name=com.android.ons
06-17 22:41:26.507   932   932 I pm_critical_info: Adding duplicate shared id: 1001 name=com.android.ons
06-17 22:41:26.508   932   932 I PackageManager: /system/priv-app/Tag changed; collecting certs
06-17 22:41:26.514   932   932 I PackageManager: /system/priv-app/Telecom changed; collecting certs
06-17 22:41:26.518   932   932 E PackageManager: Adding duplicate shared id: 1000 name=com.android.server.telecom
06-17 22:41:26.518   932   932 I pm_critical_info: Adding duplicate shared id: 1000 name=com.android.server.telecom
06-17 22:41:26.519   932   932 I PackageManager: /system/priv-app/PlatformNetworkPermissionConfig changed; collecting certs
06-17 22:41:26.522   932  1407 I PackageParser: Parse times for '/system/priv-app/PermissionController': parse=95ms, update_cache=7 ms
06-17 22:41:26.522   932   932 E PackageManager: Adding duplicate shared id: 1073 name=com.android.networkstack.permissionconfig
06-17 22:41:26.522   932   932 I pm_critical_info: Adding duplicate shared id: 1073 name=com.android.networkstack.permissionconfig
06-17 22:41:26.523   932   932 I PackageManager: /system/priv-app/StatementService changed; collecting certs
06-17 22:41:26.526   932   932 I PackageManager: /system/priv-app/PermissionController changed; collecting certs
06-17 22:41:26.530   932   932 I PackageManager: /system/priv-app/SharedStorageBackup changed; collecting certs
06-17 22:41:26.534   932   932 I PackageManager: New shared user android.uid.shared: id=10055
06-17 22:41:26.534   932   932 I PackageManager: /system/priv-app/ContactsProvider changed; collecting certs
06-17 22:41:26.536   932   932 E PackageManager: Adding duplicate app id: 10055 name=com.android.providers.contacts
06-17 22:41:26.536   932   932 I pm_critical_info: Adding duplicate app id: 10055 name=com.android.providers.contacts
06-17 22:41:26.536   932   932 I PackageManager: /system/priv-app/FakeLocationApp changed; collecting certs
06-17 22:41:26.538   932   932 E PackageManager: Adding duplicate shared id: 1000 name=com.oem.location
06-17 22:41:26.538   932   932 I pm_critical_info: Adding duplicate shared id: 1000 name=com.oem.location
06-17 22:41:26.539   932   932 I PackageManager: /system/priv-app/VpnDialogs changed; collecting certs
06-17 22:41:26.539   932  1409 W PackageParser: Ignoring duplicate uses-permissions/uses-permissions-sdk-m: android.permission.INSTALL_GRANT_RUNTIME_PERMISSIONS in package: com.android.shell at: Binary XML file line #127
06-17 22:41:26.541   932   932 I PackageManager: /system/priv-app/LocalTransport changed; collecting certs
06-17 22:41:26.543   932   932 E PackageManager: Adding duplicate shared id: 1000 name=com.android.localtransport
06-17 22:41:26.543   932   932 I pm_critical_info: Adding duplicate shared id: 1000 name=com.android.localtransport
06-17 22:41:26.543   932   932 I PackageManager: /system/priv-app/CallLogBackup changed; collecting certs
06-17 22:41:26.545   932   932 E PackageManager: Adding duplicate app id: 10055 name=com.android.calllogbackup
06-17 22:41:26.545   932   932 I pm_critical_info: Adding duplicate app id: 10055 name=com.android.calllogbackup
06-17 22:41:26.545   932   932 I PackageManager: /system/priv-app/Shell changed; collecting certs
06-17 22:41:26.547   932   932 E PackageManager: Adding duplicate shared id: 2000 name=com.android.shell
06-17 22:41:26.547   932   932 I pm_critical_info: Adding duplicate shared id: 2000 name=com.android.shell
06-17 22:41:26.548   932   932 I PackageManager: New shared user android.uid.calendar: id=10057
06-17 22:41:26.548   932   932 I PackageManager: /system/priv-app/CalendarProvider changed; collecting certs
06-17 22:41:26.549   932   932 E PackageManager: Adding duplicate app id: 10057 name=com.android.providers.calendar
06-17 22:41:26.549   932   932 I pm_critical_info: Adding duplicate app id: 10057 name=com.android.providers.calendar
06-17 22:41:26.556   932   932 I PackageManager: /system/priv-app/ExtServices changed; collecting certs
06-17 22:41:26.563   932   932 I PackageManager: /system/priv-app/InputDevices changed; collecting certs
06-17 22:41:26.566   932   932 E PackageManager: Adding duplicate shared id: 1000 name=com.android.inputdevices
06-17 22:41:26.566   932   932 I pm_critical_info: Adding duplicate shared id: 1000 name=com.android.inputdevices
06-17 22:41:26.567   932   932 I PackageManager: /system/priv-app/ExternalStorageProvider changed; collecting certs
06-17 22:41:26.574   932   932 I PackageManager: /system/priv-app/InProcessNetworkStack changed; collecting certs
06-17 22:41:26.575  1034  1153 I ServiceManager: Waiting for service 'package_native' on '/dev/binder'...
06-17 22:41:26.576   932   932 E PackageManager: Adding duplicate shared id: 1000 name=com.android.networkstack.inprocess
06-17 22:41:26.576   932   932 I pm_critical_info: Adding duplicate shared id: 1000 name=com.android.networkstack.inprocess
06-17 22:41:26.578   932   932 I PackageManager: /system/priv-app/SDLGui changed; collecting certs
06-17 22:41:26.580   932   932 E PackageManager: Adding duplicate shared id: 1000 name=com.zebra.sdl
06-17 22:41:26.580   932   932 I pm_critical_info: Adding duplicate shared id: 1000 name=com.zebra.sdl
06-17 22:41:26.582   932   932 I PackageManager: /system/priv-app/SnapdragonGallery changed; collecting certs
06-17 22:41:26.634  1414  1414 W ResourceType: CREATING STRING CACHE OF 24 bytes
06-17 22:41:26.637   932  1406 I dvm_lock_sample: [system_server,0,package-parsing-thread1,47,PackageManagerService.java,-1,java.lang.String[] com.android.server.pm.PackageManagerService$ParallelPackageParserCallback.getStaticOverlayPaths(java.lang.String, java.lang.String),-,-1,java.lang.String[] com.android.server.pm.PackageManagerService$ParallelPackageParserCallback.getStaticOverlayPaths(java.lang.String, java.lang.String),9]
06-17 22:41:26.638   932   932 I PackageManager: /system/priv-app/BlockedNumberProvider changed; collecting certs
06-17 22:41:26.640   932   932 E PackageManager: Adding duplicate app id: 10055 name=com.android.providers.blockednumber
06-17 22:41:26.640   932   932 I pm_critical_info: Adding duplicate app id: 10055 name=com.android.providers.blockednumber
06-17 22:41:26.641   932   932 I PackageManager: /system/priv-app/DynamicSystemInstallationService changed; collecting certs
06-17 22:41:26.642   932   932 E PackageManager: Adding duplicate shared id: 1000 name=com.android.dynsystem
06-17 22:41:26.642   932   932 I pm_critical_info: Adding duplicate shared id: 1000 name=com.android.dynsystem
06-17 22:41:26.643   932   932 I PackageManager: /system/priv-app/EloCoreApp changed; collecting certs
06-17 22:41:26.645   932  1408 I PackageParser: Parse times for '/system/priv-app/CellBroadcastReceiver': parse=103ms, update_cache=1 ms
06-17 22:41:26.645   932   932 E PackageManager: Adding duplicate shared id: 1000 name=com.elo.EloCoreApp
06-17 22:41:26.645   932   932 I pm_critical_info: Adding duplicate shared id: 1000 name=com.elo.EloCoreApp
06-17 22:41:26.646   932   932 I PackageManager: /system/priv-app/CellBroadcastReceiver changed; collecting certs
06-17 22:41:26.648   932   932 I PackageManager: /system/priv-app/UserDictionaryProvider changed; collecting certs
06-17 22:41:26.650   932   932 E PackageManager: Adding duplicate app id: 10055 name=com.android.providers.userdictionary
06-17 22:41:26.650   932   932 I pm_critical_info: Adding duplicate app id: 10055 name=com.android.providers.userdictionary
06-17 22:41:26.650   932   932 I PackageManager: /system/priv-app/SettingsProvider changed; collecting certs
06-17 22:41:26.652   932   932 E PackageManager: Adding duplicate shared id: 1000 name=com.android.providers.settings
06-17 22:41:26.652   932   932 I pm_critical_info: Adding duplicate shared id: 1000 name=com.android.providers.settings
06-17 22:41:26.652   932   932 I PackageManager: /system/priv-app/MusicFX changed; collecting certs
06-17 22:41:26.659   932   932 I PackageManager: /system/priv-app/MtpDocumentsProvider changed; collecting certs
06-17 22:41:26.661   932   932 E PackageManager: Adding duplicate app id: 10042 name=com.android.mtp
06-17 22:41:26.661   932   932 I pm_critical_info: Adding duplicate app id: 10042 name=com.android.mtp
06-17 22:41:26.673   932   932 I PackageManager: /system/app/SerialPort changed; collecting certs
06-17 22:41:26.675  1034  1153 I ServiceManager: Waiting for service 'package_native' on '/dev/binder'...
06-17 22:41:26.676   932   932 E PackageManager: Adding duplicate shared id: 1000 name=android_serialport_api.sample
06-17 22:41:26.676   932   932 I pm_critical_info: Adding duplicate shared id: 1000 name=android_serialport_api.sample
06-17 22:41:26.676   932   932 I PackageManager: /system/app/QTIDiagServices changed; collecting certs
06-17 22:41:26.678   932   932 E PackageManager: Adding duplicate shared id: 1000 name=com.qti.diagservices
06-17 22:41:26.678   932   932 I pm_critical_info: Adding duplicate shared id: 1000 name=com.qti.diagservices
06-17 22:41:26.679   932   932 I PackageManager: /system/app/SimAppDialog changed; collecting certs
06-17 22:41:26.683   932   932 I PackageManager: /system/app/AntHalService changed; collecting certs
06-17 22:41:26.685   932   932 E PackageManager: Adding duplicate shared id: 1000 name=com.dsi.ant.server
06-17 22:41:26.685   932   932 I pm_critical_info: Adding duplicate shared id: 1000 name=com.dsi.ant.server
06-17 22:41:26.685   932   932 I PackageManager: /system/app/BookmarkProvider changed; collecting certs
06-17 22:41:26.691   932   932 I PackageManager: /system/app/HTMLViewer changed; collecting certs
06-17 22:41:26.698   932   932 I PackageManager: /system/app/Traceur changed; collecting certs
06-17 22:41:26.751  1419  1419 W ResourceType: CREATING STRING CACHE OF 56 bytes
06-17 22:41:26.754   932  1417 W PackageParser: Ignoring duplicate uses-permissions/uses-permissions-sdk-m: android.permission.SYSTEM_ALERT_WINDOW in package: com.android.music at: Binary XML file line #39
06-17 22:41:26.755   932  1416 W PackageParser: Ignoring duplicate uses-permissions/uses-permissions-sdk-m: android.permission.CHANGE_WIFI_STATE in package: com.android.nfc at: Binary XML file line #53
06-17 22:41:26.755   932  1416 W PackageParser: Ignoring duplicate uses-permissions/uses-permissions-sdk-m: android.permission.ACCESS_WIFI_STATE in package: com.android.nfc at: Binary XML file line #54
06-17 22:41:26.755   932  1417 W PackageParser: No actions in intent filter at /system/app/SnapdragonMusic/SnapdragonMusic.apk Binary XML file line #71
06-17 22:41:26.755   932  1416 W PackageParser: Ignoring duplicate uses-permissions/uses-permissions-sdk-m: android.permission.NETWORK_SETTINGS in package: com.android.nfc at: Binary XML file line #67
06-17 22:41:26.755   932   932 I PackageManager: /system/app/EMVBinderCallback changed; collecting certs
06-17 22:41:26.757   932   932 E PackageManager: Adding duplicate shared id: 1000 name=com.callback.emv
06-17 22:41:26.757   932   932 I pm_critical_info: Adding duplicate shared id: 1000 name=com.callback.emv
06-17 22:41:26.758   932   932 I PackageManager: /system/app/NQNfcNci changed; collecting certs
06-17 22:41:26.760   932  1417 W PackageParser: No actions in intent filter at /system/app/SnapdragonMusic/SnapdragonMusic.apk Binary XML file line #208
06-17 22:41:26.760   932  1418 W PackageParser: Ignoring duplicate uses-permissions/uses-permissions-sdk-m: android.permission.ACCESS_NETWORK_STATE in package: com.android.bluetooth at: Binary XML file line #80
06-17 22:41:26.760   932  1418 W PackageParser: Ignoring duplicate uses-permissions/uses-permissions-sdk-m: android.permission.INTERNET in package: com.android.bluetooth at: Binary XML file line #83
06-17 22:41:26.762   932   932 E PackageManager: Adding duplicate shared id: 1027 name=com.android.nfc
06-17 22:41:26.762   932  1418 W PackageParser: No actions in intent filter at /system/app/Bluetooth/Bluetooth.apk Binary XML file line #274
06-17 22:41:26.762   932   932 I pm_critical_info: Adding duplicate shared id: 1027 name=com.android.nfc
06-17 22:41:26.762   932   932 I PackageManager: /system/app/SnapdragonMusic changed; collecting certs
06-17 22:41:26.766   932   932 I PackageManager: /system/app/Bluetooth changed; collecting certs
06-17 22:41:26.771   932   932 E PackageManager: Adding duplicate shared id: 1002 name=com.android.bluetooth
06-17 22:41:26.771   932   932 I pm_critical_info: Adding duplicate shared id: 1002 name=com.android.bluetooth
06-17 22:41:26.777   932   932 I PackageManager: /system/app/EasterEgg changed; collecting certs
06-17 22:41:26.778  1034  1153 I ServiceManager: Waiting for service 'package_native' on '/dev/binder'...
06-17 22:41:26.781   932  1418 W PackageParser: No actions in intent filter at /system/app/CarrierDefaultApp/CarrierDefaultApp.apk Binary XML file line #43
06-17 22:41:26.781   932   932 I PackageManager: /system/app/key_injection changed; collecting certs
06-17 22:41:26.782   932   932 E PackageManager: Adding duplicate shared id: 1000 name=com.example.kia.key_injection
06-17 22:41:26.783   932   932 I pm_critical_info: Adding duplicate shared id: 1000 name=com.example.kia.key_injection
06-17 22:41:26.783   932   932 I PackageManager: /system/app/PrintSpooler changed; collecting certs
06-17 22:41:26.785   932   932 I PackageManager: /system/app/CarrierDefaultApp changed; collecting certs
06-17 22:41:26.789   932  1416 W PackageParser: Ignoring duplicate uses-permissions/uses-permissions-sdk-m: android.permission.WAKE_LOCK in package: com.qualcomm.qti.qmmi at: Binary XML file line #25
06-17 22:41:26.789   932  1416 W PackageParser: Ignoring duplicate uses-permissions/uses-permissions-sdk-m: android.permission.READ_PHONE_STATE in package: com.qualcomm.qti.qmmi at: Binary XML file line #38
06-17 22:41:26.789   932  1416 W PackageParser: Ignoring duplicate uses-permissions/uses-permissions-sdk-m: android.permission.DISABLE_KEYGUARD in package: com.qualcomm.qti.qmmi at: Binary XML file line #44
06-17 22:41:26.792   932   932 I PackageManager: /system/app/Qmmi changed; collecting certs
06-17 22:41:26.796   932   932 E PackageManager: Adding duplicate shared id: 1000 name=com.qualcomm.qti.qmmi
06-17 22:41:26.796   932   932 I pm_critical_info: Adding duplicate shared id: 1000 name=com.qualcomm.qti.qmmi
06-17 22:41:26.797   932   932 I PackageManager: /system/app/PlatformCaptivePortalLogin changed; collecting certs
06-17 22:41:26.801   932   932 I PackageManager: /system/app/BasicDreams changed; collecting certs
06-17 22:41:26.803   932   932 I PackageManager: /system/app/ScannerControl changed; collecting certs
06-17 22:41:26.806   932   932 I PackageManager: /system/app/LiveWallpapersPicker changed; collecting certs
06-17 22:41:26.812   932   932 I PackageManager: /system/app/Protips changed; collecting certs
06-17 22:41:26.814   932   932 I PackageManager: /system/app/EMList changed; collecting certs
06-17 22:41:26.816   932   932 E PackageManager: Adding duplicate shared id: 1000 name=com.oem.engineeringmode.emlist
06-17 22:41:26.816   932   932 I pm_critical_info: Adding duplicate shared id: 1000 name=com.oem.engineeringmode.emlist
06-17 22:41:26.816   932   932 I PackageManager: /system/app/PacProcessor changed; collecting certs
06-17 22:41:26.819   932   932 I PackageManager: /system/app/TouchPanel changed; collecting certs
06-17 22:41:26.821   932   932 I PackageManager: /system/app/ExtShared changed; collecting certs
06-17 22:41:26.824   932   932 I PackageManager: /system/app/KeyChain changed; collecting certs
06-17 22:41:26.826   932   932 E PackageManager: Adding duplicate shared id: 1000 name=com.android.keychain
06-17 22:41:26.826   932   932 I pm_critical_info: Adding duplicate shared id: 1000 name=com.android.keychain
06-17 22:41:26.826   932   932 I PackageManager: /system/app/Key_Bridge changed; collecting certs
06-17 22:41:26.828   932   932 E PackageManager: Adding duplicate shared id: 1000 name=com.example.key_bridge
06-17 22:41:26.828   932   932 I pm_critical_info: Adding duplicate shared id: 1000 name=com.example.key_bridge
06-17 22:41:26.829   932   932 I PackageManager: /system/app/BuiltInPrintService changed; collecting certs
06-17 22:41:26.831   932   932 I PackageManager: /system/app/workloadclassifier changed; collecting certs
06-17 22:41:26.831   932  1418 W PackageParser: No actions in intent filter at /system/app/BluetoothExt/BluetoothExt.apk Binary XML file line #48
06-17 22:41:26.833   932   932 E PackageManager: Adding duplicate shared id: 1000 name=com.qualcomm.qti.workloadclassifier
06-17 22:41:26.833   932   932 I pm_critical_info: Adding duplicate shared id: 1000 name=com.qualcomm.qti.workloadclassifier
06-17 22:41:26.834   932   932 I PackageManager: /system/app/WAPPushManager changed; collecting certs
06-17 22:41:26.836   932   932 I PackageManager: /system/app/BluetoothExt changed; collecting certs
06-17 22:41:26.837   932   932 E PackageManager: Adding duplicate shared id: 1002 name=org.codeaurora.bluetooth
06-17 22:41:26.837   932   932 I pm_critical_info: Adding duplicate shared id: 1002 name=org.codeaurora.bluetooth
06-17 22:41:26.838   932   932 I PackageManager: /system/app/CtsShimPrebuilt changed; collecting certs
06-17 22:41:26.842   932   932 I PackageManager: /system/app/OsuLogin changed; collecting certs
06-17 22:41:26.844   932   932 I PackageManager: /system/app/EMVCLBinderCallback changed; collecting certs
06-17 22:41:26.846   932   932 E PackageManager: Adding duplicate shared id: 1000 name=com.callback.emvcl
06-17 22:41:26.846   932   932 I pm_critical_info: Adding duplicate shared id: 1000 name=com.callback.emvcl
06-17 22:41:26.846   932   932 I PackageManager: /system/app/SimContact changed; collecting certs
06-17 22:41:26.849   932   932 I PackageManager: /system/app/Stk changed; collecting certs
06-17 22:41:26.851   932   932 E PackageManager: Adding duplicate shared id: 1001 name=com.android.stk
06-17 22:41:26.851   932   932 I pm_critical_info: Adding duplicate shared id: 1001 name=com.android.stk
06-17 22:41:26.851   932   932 I PackageManager: /system/app/SecureElement changed; collecting certs
06-17 22:41:26.854   932   932 E PackageManager: Adding duplicate shared id: 1068 name=com.android.se
06-17 22:41:26.854   932   932 I pm_critical_info: Adding duplicate shared id: 1068 name=com.android.se
06-17 22:41:26.855   932   932 I PackageManager: /system/app/CompanionDeviceManager changed; collecting certs
06-17 22:41:26.857   932   932 I PackageManager: /system/app/SDPLBinderCallback changed; collecting certs
06-17 22:41:26.859   932   932 E PackageManager: Adding duplicate shared id: 1000 name=com.callback.sdpl
06-17 22:41:26.859   932   932 I pm_critical_info: Adding duplicate shared id: 1000 name=com.callback.sdpl
06-17 22:41:26.860   932   932 I PackageManager: /system/app/BluetoothMidiService changed; collecting certs
06-17 22:41:26.861   932   932 I PackageManager: /system/app/WallpaperBackup changed; collecting certs
06-17 22:41:26.863   932   932 E PackageManager: Adding duplicate shared id: 1000 name=com.android.wallpaperbackup
06-17 22:41:26.863   932   932 I pm_critical_info: Adding duplicate shared id: 1000 name=com.android.wallpaperbackup
06-17 22:41:26.864   932   932 I PackageManager: /system/app/CertInstaller changed; collecting certs
06-17 22:41:26.865   932   932 I PackageManager: /system/app/KMSBinderCallback changed; collecting certs
06-17 22:41:26.867   932   932 E PackageManager: Adding duplicate shared id: 1000 name=com.callback.kms
06-17 22:41:26.867   932   932 I pm_critical_info: Adding duplicate shared id: 1000 name=com.callback.kms
06-17 22:41:26.867   932   932 I PackageManager: /system/app/PrintRecommendationService changed; collecting certs
06-17 22:41:26.869   932   932 I PackageManager: /system/app/TouchFirmwareUpgrade changed; collecting certs
06-17 22:41:26.871   932   932 E PackageManager: Adding duplicate shared id: 1000 name=com.oem.touchfirmwareupgrade
06-17 22:41:26.871   932   932 I pm_critical_info: Adding duplicate shared id: 1000 name=com.oem.touchfirmwareupgrade
06-17 22:41:26.871   932   932 D PackageManager: No files in app dir /vendor/priv-app
06-17 22:41:26.880  1034  1153 I ServiceManager: Waiting for service 'package_native' on '/dev/binder'...
06-17 22:41:26.883   932   932 I PackageManager: /vendor/app/TrustZoneAccessService changed; collecting certs
06-17 22:41:26.888   932   932 I PackageManager: /vendor/app/QFingerprintService changed; collecting certs
06-17 22:41:26.889   932   932 I PackageManager: /vendor/app/ConnectionSecurityService changed; collecting certs
06-17 22:41:26.906   932   932 I PackageManager: /vendor/app/QSensorTest changed; collecting certs
06-17 22:41:26.907   932   932 W PackageManager: Failed to parse /vendor/app/QDMA: Missing base APK in /vendor/app/QDMA
06-17 22:41:26.907   932   932 W PackageManager: Failed to parse /vendor/app/QDMA-UI: Missing base APK in /vendor/app/QDMA-UI
06-17 22:41:26.907   932   932 I PackageManager: /vendor/app/IWlanService changed; collecting certs
06-17 22:41:26.909   932   932 E PackageManager: Adding duplicate shared id: 1001 name=vendor.qti.iwlan
06-17 22:41:26.909   932   932 I pm_critical_info: Adding duplicate shared id: 1001 name=vendor.qti.iwlan
06-17 22:41:26.909   932   932 I PackageManager: /vendor/app/TimeService changed; collecting certs
06-17 22:41:26.911   932   932 I PackageManager: /vendor/app/CneApp changed; collecting certs
06-17 22:41:26.913   932   932 E PackageManager: Adding duplicate shared id: 1001 name=com.qualcomm.qti.cne
06-17 22:41:26.913   932   932 I pm_critical_info: Adding duplicate shared id: 1001 name=com.qualcomm.qti.cne
06-17 22:41:26.913   932   932 I PackageManager: /vendor/app/SSGTelemetryService changed; collecting certs
06-17 22:41:26.920   932   932 I PackageManager: /vendor/app/CACertService changed; collecting certs
06-17 22:41:26.922   932   932 E PackageManager: Adding duplicate shared id: 1001 name=vendor.qti.hardware.cacert.server
06-17 22:41:26.922   932   932 I pm_critical_info: Adding duplicate shared id: 1001 name=vendor.qti.hardware.cacert.server
06-17 22:41:26.923   932   932 D PackageManager: No files in app dir /odm/priv-app
06-17 22:41:26.923   932   932 D PackageManager: No files in app dir /odm/app
06-17 22:41:26.923   932   932 D PackageManager: No files in app dir /oem/app
06-17 22:41:26.934   932   932 I PackageManager: /product/priv-app/Provision changed; collecting certs
06-17 22:41:26.956   932   932 I PackageManager: /product/priv-app/SettingsIntelligence changed; collecting certs
06-17 22:41:26.958   932   932 I PackageManager: /product/priv-app/StorageManager changed; collecting certs
06-17 22:41:26.960   932   932 I PackageManager: New shared user com.android.emergency.uid: id=10097
06-17 22:41:26.960   932   932 I PackageManager: /product/priv-app/EmergencyInfo changed; collecting certs
06-17 22:41:26.962   932   932 E PackageManager: Adding duplicate app id: 10097 name=com.android.emergency
06-17 22:41:26.962   932   932 I pm_critical_info: Adding duplicate app id: 10097 name=com.android.emergency
06-17 22:41:26.963   932   932 I PackageManager: /product/priv-app/Launcher3QuickStep changed; collecting certs
06-17 22:41:26.966   932   932 I PackageManager: /product/priv-app/seccamservice changed; collecting certs
06-17 22:41:26.968   932   932 I PackageManager: /product/priv-app/dpmserviceapp changed; collecting certs
06-17 22:41:26.969   932   932 E PackageManager: Adding duplicate shared id: 1001 name=com.qti.dpmserviceapp
06-17 22:41:26.969   932   932 I pm_critical_info: Adding duplicate shared id: 1001 name=com.qti.dpmserviceapp
06-17 22:41:26.980  1034  1153 I ServiceManager: Waiting for service 'package_native' on '/dev/binder'...
06-17 22:41:27.022  1428  1428 W ResourceType: CREATING STRING CACHE OF 8 bytes
06-17 22:41:27.027   932   932 I PackageManager: /product/priv-app/OneTimeInitializer changed; collecting certs
06-17 22:41:27.029   932   932 I PackageManager: /product/priv-app/CarrierConfig changed; collecting certs
06-17 22:41:27.041   932  1424 W PackageParser: No actions in intent filter at /product/priv-app/Contacts/Contacts.apk Binary XML file line #412
06-17 22:41:27.044   932   932 I PackageManager: /product/priv-app/Contacts changed; collecting certs
06-17 22:41:27.080  1429  1429 W ResourceType: CREATING STRING CACHE OF 8 bytes
06-17 22:41:27.080  1034  1153 I ServiceManager: Waiting for service 'package_native' on '/dev/binder'...
06-17 22:41:27.084   932   932 I PackageManager: /product/priv-app/WallpaperCropper changed; collecting certs
06-17 22:41:27.084   932  1425 W PackageParser: Ignoring duplicate uses-permissions/uses-permissions-sdk-m: android.permission.CONFIGURE_WIFI_DISPLAY in package: com.android.systemui at: Binary XML file line #156
06-17 22:41:27.111   932  1425 I PackageParser: Parse times for '/product/priv-app/SystemUI': parse=151ms, update_cache=3 ms
06-17 22:41:27.111   932   932 I PackageManager: New shared user android.uid.systemui: id=10104
06-17 22:41:27.111   932   932 I PackageManager: /product/priv-app/SystemUI changed; collecting certs
06-17 22:41:27.115   932   932 E PackageManager: Adding duplicate app id: 10104 name=com.android.systemui
06-17 22:41:27.115   932   932 I pm_critical_info: Adding duplicate app id: 10104 name=com.android.systemui
06-17 22:41:27.181  1034  1153 I ServiceManager: Waiting for service 'package_native' on '/dev/binder'...
06-17 22:41:27.235   932  1426 I PackageParser: Parse times for '/product/priv-app/Settings': parse=200ms, update_cache=8 ms
06-17 22:41:27.236   932   932 I PackageManager: /product/priv-app/Settings changed; collecting certs
06-17 22:41:27.239   932   932 E PackageManager: Adding duplicate shared id: 1000 name=com.android.settings
06-17 22:41:27.239   932   932 I pm_critical_info: Adding duplicate shared id: 1000 name=com.android.settings
06-17 22:41:27.244   932   932 W PackageManager: Skipping provider name androidx.lifecycle.process.lifecycle-process (in package com.android.settings): name already used by com.android.systemui
06-17 22:41:27.256   932   932 I PackageManager: /product/app/embms changed; collecting certs
06-17 22:41:27.258   932   932 I PackageManager: /product/app/PowerOffAlarm changed; collecting certs
06-17 22:41:27.261   932   932 E PackageManager: Adding duplicate shared id: 1000 name=com.qualcomm.qti.poweroffalarm
06-17 22:41:27.261   932   932 I pm_critical_info: Adding duplicate shared id: 1000 name=com.qualcomm.qti.poweroffalarm
06-17 22:41:27.280   932   932 I PackageManager: /product/app/Camera2 changed; collecting certs
06-17 22:41:27.281  1034  1153 I ServiceManager: Waiting for service 'package_native' on '/dev/binder'...
06-17 22:41:27.289   932   932 I PackageManager: /product/app/Calendar changed; collecting certs
06-17 22:41:27.300   932   932 I PackageManager: /product/app/remotesimlockservice changed; collecting certs
06-17 22:41:27.303   932   932 E PackageManager: Adding duplicate shared id: 1001 name=com.qualcomm.qti.uim
06-17 22:41:27.303   932   932 I pm_critical_info: Adding duplicate shared id: 1001 name=com.qualcomm.qti.uim
06-17 22:41:27.305   932   932 I PackageManager: /product/app/DeskClock changed; collecting certs
06-17 22:41:27.309   932   932 I PackageManager: /product/app/webview changed; collecting certs
06-17 22:41:27.323   932   932 I PackageManager: /product/app/LatinIME changed; collecting certs
06-17 22:41:27.328   932   932 I PackageManager: /product/app/PhotoTable changed; collecting certs
06-17 22:41:27.331   932   932 I PackageManager: /product/app/uimlpaservice changed; collecting certs
06-17 22:41:27.334   932   932 E PackageManager: Adding duplicate shared id: 1001 name=com.qualcomm.qti.lpa
06-17 22:41:27.334   932   932 I pm_critical_info: Adding duplicate shared id: 1001 name=com.qualcomm.qti.lpa
06-17 22:41:27.335   932   932 I PackageManager: /product/app/com.qualcomm.qti.services.secureui changed; collecting certs
06-17 22:41:27.338   932   932 E PackageManager: Adding duplicate shared id: 1000 name=com.qualcomm.qti.services.secureui
06-17 22:41:27.338   932   932 I pm_critical_info: Adding duplicate shared id: 1000 name=com.qualcomm.qti.services.secureui
06-17 22:41:27.339   932   932 I PackageManager: /product/app/uceShimService changed; collecting certs
06-17 22:41:27.339   932  1433 W PackageParser: Ignoring duplicate uses-permissions/uses-permissions-sdk-m: android.permission.WRITE_CONTACTS in package: com.android.email at: Binary XML file line #45
06-17 22:41:27.341   932   932 E PackageManager: Adding duplicate shared id: 1001 name=com.qualcomm.qti.uceShimService
06-17 22:41:27.341   932   932 I pm_critical_info: Adding duplicate shared id: 1001 name=com.qualcomm.qti.uceShimService
06-17 22:41:27.342   932   932 I PackageManager: /product/app/ModuleMetadata changed; collecting certs
06-17 22:41:27.346   932   932 I PackageManager: /product/app/Browser2 changed; collecting certs
06-17 22:41:27.349   932   932 I PackageManager: /product/app/Email changed; collecting certs
06-17 22:41:27.353   932   932 D PackageManager: No files in app dir /product_services/priv-app
06-17 22:41:27.353   932   932 D PackageManager: No files in app dir /product_services/app
06-17 22:41:27.355   932   932 I PackageManager: Finished scanning system apps. Time: 1242 ms, packageCount: 171 , timePerPackage: 7 , cached: 0
06-17 22:41:27.355   932   932 I boot_progress_pms_data_scan_start: 18381
06-17 22:41:27.356   932   932 D PackageManager: No files in app dir /data/app
06-17 22:41:27.356   932   932 I PackageManager: Finished scanning non-system apps. Time: 0 ms, packageCount: 0 , timePerPackage: 0 , cached: 0
06-17 22:41:27.357   932   932 E PackageManager: updateAllSharedLibrariesLPw failed: Package com.qualcomm.embms requires unavailable shared library com.qualcomm.qcrilhook; failing!
06-17 22:41:27.358   932   932 E PackageManager: updateAllSharedLibrariesLPw failed: Package com.qualcomm.qti.uim requires unavailable shared library com.qualcomm.qti.remoteSimlock.uimremotesimlocklibrary; failing!
06-17 22:41:27.358   932   932 E PackageManager: updateAllSharedLibrariesLPw failed: Package com.qualcomm.qti.lpa requires unavailable shared library com.qualcomm.qti.lpa.uimlpalibrary; failing!
06-17 22:41:27.359   987  1028 E installd: Invalid path /system/framework/framework-res.apk: No such file or directory
06-17 22:41:27.361   987  1028 E installd: Invalid path /product/priv-app/Settings: No such file or directory
06-17 22:41:27.362   987  1028 E installd: Invalid path /product/app/PowerOffAlarm: No such file or directory
06-17 22:41:27.364   987  1413 E installd: Invalid path /product/app/com.qualcomm.qti.services.secureui: Success
06-17 22:41:27.366   932   932 I boot_progress_pms_scan_end: 18392
06-17 22:41:27.366   932   932 I PackageManager: Time to scan packages: 1.253 seconds
06-17 22:41:27.369   932   932 I PackageManager: Un-granting permission android.permission.HIDE_NON_SYSTEM_OVERLAY_WINDOWS from package com.android.companiondevicemanager (protectionLevel=258 flags=0x30483e45)
06-17 22:41:27.372   932   932 I PackageManager: Un-granting permission android.permission.BIND_WALLPAPER from package com.android.camera2 (protectionLevel=18 flags=0x2058bc45)
06-17 22:41:27.381  1034  1153 I ServiceManager: Waiting for service 'package_native' on '/dev/binder'...
06-17 22:41:27.388   932   932 I PackageManager: Un-granting permission android.permission.INTERACT_ACROSS_USERS_FULL from package org.codeaurora.snapcam (protectionLevel=258 flags=0x2058bc45)
06-17 22:41:27.388   932   932 I PackageManager: Un-granting permission android.permission.SET_ORIENTATION from package org.codeaurora.snapcam (protectionLevel=2 flags=0x2058bc45)
06-17 22:41:27.395   932   932 V PackageManager: reconcileAppsData for null u0 0x1 migrateAppData=true
06-17 22:41:27.399   987  1413 I SELinux : SELinux: Loaded file_contexts
06-17 22:41:27.481  1034  1153 I ServiceManager: Waiting for service 'package_native' on '/dev/binder'...
06-17 22:41:27.496   932   932 V PackageManager: reconcileAppsData finished 32 packages
06-17 22:41:27.496   932  1439 D SystemServerInitThreadPool: Started executing prepareAppData
06-17 22:41:27.498   932  1439 D SystemServerTimingAsync: AppDataFixup took to complete: 2ms
06-17 22:41:27.982  1034  1153 I chatty  : uid=0(root) storaged identical 5 lines
06-17 22:41:28.083  1034  1153 I ServiceManager: Waiting for service 'package_native' on '/dev/binder'...
06-17 22:41:28.151   932   932 I SELinux : SELinux: Loaded file_contexts
06-17 22:41:28.183  1034  1153 I ServiceManager: Waiting for service 'package_native' on '/dev/binder'...
06-17 22:41:28.230   932   932 I commit_sys_config_file: [package-user-0,36]
06-17 22:41:28.231   932   932 I commit_sys_config_file: [package,734]
06-17 22:41:28.231   932   932 I boot_progress_pms_ready: 19256
06-17 22:41:28.231   932   932 E PackageManager: There should probably be a verifier, but, none were found
06-17 22:41:28.233   932   932 D PackageManager: Ephemeral resolver NOT found; no matching intent filters
06-17 22:41:28.233   932   932 D PackageManager: Instant App installer not found with android.intent.action.INSTALL_INSTANT_APP_PACKAGE
06-17 22:41:28.233   932   932 D PackageManager: Clear ephemeral installer activity
06-17 22:41:28.242   932  1405 W system_server: Long monitor contention with owner main (932) at void com.android.server.pm.PackageManagerService.<init>(android.content.Context, com.android.server.pm.Installer, boolean, boolean)(PackageManagerService.java:2604) waiters=0 in com.android.server.pm.permission.BasePermission com.android.server.pm.permission.PermissionSettings.getPermission(java.lang.String) for 1.963s
06-17 22:41:28.242   932  1405 I dvm_lock_sample: [system_server,0,AsyncTask #1,1963,PermissionSettings.java,88,com.android.server.pm.permission.BasePermission com.android.server.pm.permission.PermissionSettings.getPermission(java.lang.String),PackageManagerService.java,2604,void com.android.server.pm.PackageManagerService.<init>(android.content.Context, com.android.server.pm.Installer, boolean, boolean),100]
06-17 22:41:28.242   932  1320 W system_server: Long monitor contention with owner main (932) at void com.android.server.pm.PackageManagerService.<init>(android.content.Context, com.android.server.pm.Installer, boolean, boolean)(PackageManagerService.java:2604) waiters=1 in void com.android.server.pm.permission.PermissionManagerService.doNotifyRuntimePermissionStateChanged(java.lang.String, int) for 875ms
06-17 22:41:28.242   932  1320 I dvm_lock_sample: [system_server,0,android.fg,875,PermissionManagerService.java,476,void com.android.server.pm.permission.PermissionManagerService.doNotifyRuntimePermissionStateChanged(java.lang.String, int),PackageManagerService.java,2604,void com.android.server.pm.PackageManagerService.<init>(android.content.Context, com.android.server.pm.Installer, boolean, boolean),100]
06-17 22:41:28.242   932  1439 W system_server: Long monitor contention with owner main (932) at void com.android.server.pm.PackageManagerService.<init>(android.content.Context, com.android.server.pm.Installer, boolean, boolean)(PackageManagerService.java:2604) waiters=2 in void com.android.server.pm.PackageManagerService.lambda$new$0$PackageManagerService(java.util.List, int) for 744ms
06-17 22:41:28.242   932  1439 I dvm_lock_sample: [system_server,0,system-server-init-thread2,744,PackageManagerService.java,3364,void com.android.server.pm.PackageManagerService.lambda$new$0$PackageManagerService(java.util.List, int),-,2604,void com.android.server.pm.PackageManagerService.<init>(android.content.Context, com.android.server.pm.Installer, boolean, boolean),100]
06-17 22:41:28.242   932  1320 W Looper  : Slow dispatch took 875ms android.fg h=android.os.Handler c=<recycled PooledLambda@620e0ef> m=0
06-17 22:41:28.242   932  1330 W system_server: Long monitor contention with owner main (932) at void com.android.server.pm.PackageManagerService.<init>(android.content.Context, com.android.server.pm.Installer, boolean, boolean)(PackageManagerService.java:2604) waiters=3 in void com.android.server.pm.Settings$RuntimePermissionPersistence.writePermissionsSync(int) for 647ms
06-17 22:41:28.242   932  1405 W ContextImpl: Missing ActivityManager; assuming 1000 holds android.permission.GET_RUNTIME_PERMISSIONS
06-17 22:41:28.244   932  1330 I dvm_lock_sample: [system_server,0,android.bg,647,Settings.java,5211,void com.android.server.pm.Settings$RuntimePermissionPersistence.writePermissionsSync(int),PackageManagerService.java,2604,void com.android.server.pm.PackageManagerService.<init>(android.content.Context, com.android.server.pm.Installer, boolean, boolean),100]
06-17 22:41:28.245   932  1320 W Looper  : Slow delivery took 877ms android.fg h=android.os.Handler c=<recycled PooledLambda@862c7fc> m=0
06-17 22:41:28.245   932  1405 W ContextImpl: Missing ActivityManager; assuming 1000 holds android.permission.GET_RUNTIME_PERMISSIONS
06-17 22:41:28.259   932  1405 I service_manager_stats: [100,10,19285]
06-17 22:41:28.283  1034  1153 I ServiceManager: Waiting for service 'package_native' on '/dev/binder'...
06-17 22:41:28.300   932   932 I system_server: Explicit concurrent copying GC freed 174254(12MB) AllocSpace objects, 95(2556KB) LOS objects, 42% free, 4683KB/8195KB, paused 1.767ms total 58.701ms
06-17 22:41:28.300   932   932 I PackageManager: Skipping system user blacklist since config_systemUserPackagesBlacklistSupported is false
06-17 22:41:28.303   932  1405 I chatty  : uid=1000(system) AsyncTask #1 identical 456 lines
06-17 22:41:28.304   932   932 I chatty  : uid=1000 system_server expire 206 lines
06-17 22:41:28.307   932   932 I am_uid_running: 1000
06-17 22:41:28.308   738   738 I lowmemorykiller: lmkd data connection established
06-17 22:41:28.308   932   932 I am_uid_active: 1000
06-17 22:41:28.309   979   979 V CameraService: UidPolicy: Registered with ActivityManager
06-17 22:41:28.309   979   979 I         : Waiting for sensor privacy service
06-17 22:41:28.310   736   736 I         : Waiting for sensor privacy service
06-17 22:41:28.600   932  1330 I commit_sys_config_file: [package-perms-0,352]
06-17 22:41:28.777   932  1330 I commit_sys_config_file: [package-perms-0,177]
06-17 22:41:28.968   932  1451 I chatty  : uid=1000 system_server expire 3 lines
06-17 22:41:28.968   932  1451 D SensorService: nuSensorService starting...
06-17 22:41:28.970   496   496 I hwservicemanager: getTransport: Cannot find entry android.hardware.sensors@2.0::ISensors/default in either framework or device manifest.
06-17 22:41:28.971   932   932 I android_os_HwBinder: HwBinder: Starting thread pool for getting: android.hardware.health@2.0::IHealth/default
06-17 22:41:28.972   702   702 W qti_sensors_hal: sensors_get_sensors_list: handle 11 is not registered!
06-17 22:41:28.972   702   702 W qti_sensors_hal: sensors_get_sensors_list: handle 12 is not registered!
06-17 22:41:28.972   702   702 W qti_sensors_hal: sensors_get_sensors_list: handle 59 is not registered!
06-17 22:41:28.972   702   702 W qti_sensors_hal: sensors_get_sensors_list: handle 60 is not registered!
06-17 22:41:28.972   702   702 W qti_sensors_hal: sensors_get_sensors_list: handle 3 is not registered!
06-17 22:41:28.972   702   702 W qti_sensors_hal: sensors_get_sensors_list: handle 9 is not registered!
06-17 22:41:28.972   702   702 W qti_sensors_hal: sensors_get_sensors_list: handle 21 is not registered!
06-17 22:41:28.972   702   702 W qti_sensors_hal: sensors_get_sensors_list: handle 56 is not registered!
06-17 22:41:28.972   702   702 W qti_sensors_hal: sensors_get_sensors_list: handle 2 is not registered!
06-17 22:41:28.972   702   702 W qti_sensors_hal: sensors_get_sensors_list: handle 4 is not registered!
06-17 22:41:28.972   702   702 W qti_sensors_hal: sensors_get_sensors_list: handle 10 is not registered!
06-17 22:41:28.972   702   702 W qti_sensors_hal: sensors_get_sensors_list: handle 16 is not registered!
06-17 22:41:28.972   702   702 W qti_sensors_hal: sensors_get_sensors_list: handle 32 is not registered!
06-17 22:41:28.972   702   702 W qti_sensors_hal: sensors_get_sensors_list: handle 33 is not registered!
06-17 22:41:28.972   702   702 W qti_sensors_hal: sensors_get_sensors_list: handle 84 is not registered!
06-17 22:41:28.972   702   702 W qti_sensors_hal: sensors_get_sensors_list: handle 85 is not registered!
06-17 22:41:28.972   702   702 W qti_sensors_hal: sensors_get_sensors_list: handle 25 is not registered!
06-17 22:41:28.972   702   702 W qti_sensors_hal: sensors_get_sensors_list: handle 30 is not registered!
06-17 22:41:28.972   702   702 W qti_sensors_hal: sensors_get_sensors_list: handle 35 is not registered!
06-17 22:41:28.972   702   702 W qti_sensors_hal: sensors_get_sensors_list: handle 83 is not registered!
06-17 22:41:28.972   702   702 W qti_sensors_hal: sensors_get_sensors_list: handle 24 is not registered!
06-17 22:41:28.972   702   702 W qti_sensors_hal: sensors_get_sensors_list: handle 26 is not registered!
06-17 22:41:28.972   702   702 W qti_sensors_hal: sensors_get_sensors_list: handle 31 is not registered!
06-17 22:41:28.972   702   702 W qti_sensors_hal: sensors_get_sensors_list: handle 34 is not registered!
06-17 22:41:28.972   702   702 W qti_sensors_hal: sensors_get_sensors_list: handle 37 is not registered!
06-17 22:41:28.972   702   702 W qti_sensors_hal: sensors_get_sensors_list: handle 38 is not registered!
06-17 22:41:28.972   702   702 W qti_sensors_hal: sensors_get_sensors_list: handle 44 is not registered!
06-17 22:41:28.972   702   702 W qti_sensors_hal: sensors_get_sensors_list: handle 58 is not registered!
06-17 22:41:28.972   702   702 W qti_sensors_hal: sensors_get_sensors_list: handle 61 is not registered!
06-17 22:41:28.972   702   702 W qti_sensors_hal: sensors_get_sensors_list: handle 57 is not registered!
