06-17 22:41:24.001   978   978 D LibBpfLoader: applying relo to instruction at byte offset: 2328, 	       insn offset 291 , insn 118
06-17 22:41:24.001   978   978 D LibBpfLoader: applying relo to instruction at byte offset: 2432, 	       insn offset 304 , insn 118
06-17 22:41:24.001   978   978 D LibBpfLoader: applying relo to instruction at byte offset: 2472, 	       insn offset 309 , insn 118
06-17 22:41:24.001   978   978 D LibBpfLoader: applying relo to instruction at byte offset: 2720, 	       insn offset 340 , insn 118
06-17 22:41:24.001   978   978 D LibBpfLoader: applying relo to instruction at byte offset: 2824, 	       insn offset 353 , insn 118
06-17 22:41:24.001   978   978 D LibBpfLoader: applying relo to instruction at byte offset: 2864, 	       insn offset 358 , insn 118
06-17 22:41:24.001   978   978 D LibBpfLoader: applying relo to instruction at byte offset: 608, 	       insn offset 76 , insn 118
06-17 22:41:24.001   978   978 D LibBpfLoader: applying relo to instruction at byte offset: 680, 	       insn offset 85 , insn 118
06-17 22:41:24.001   978   978 D LibBpfLoader: applying relo to instruction at byte offset: 904, 	       insn offset 113 , insn 118
06-17 22:41:24.001   978   978 D LibBpfLoader: applying relo to instruction at byte offset: 1048, 	       insn offset 131 , insn 118
06-17 22:41:24.001   978   978 D LibBpfLoader: applying relo to instruction at byte offset: 1128, 	       insn offset 141 , insn 118
06-17 22:41:24.001   978   978 D LibBpfLoader: applying relo to instruction at byte offset: 1232, 	       insn offset 154 , insn 118
06-17 22:41:24.001   978   978 D LibBpfLoader: applying relo to instruction at byte offset: 1336, 	       insn offset 167 , insn 118
06-17 22:41:24.001   978   978 D LibBpfLoader: applying relo to instruction at byte offset: 1376, 	       insn offset 172 , insn 118
06-17 22:41:24.001   978   978 D LibBpfLoader: applying relo to instruction at byte offset: 1496, 	       insn offset 187 , insn 118
06-17 22:41:24.002   978   978 D LibBpfLoader: applying relo to instruction at byte offset: 1600, 	       insn offset 200 , insn 118
06-17 22:41:24.002   978   978 D LibBpfLoader: applying relo to instruction at byte offset: 1640, 	       insn offset 205 , insn 118
06-17 22:41:24.002   978   978 D LibBpfLoader: applying relo to instruction at byte offset: 1928, 	       insn offset 241 , insn 118
06-17 22:41:24.002   978   978 D LibBpfLoader: applying relo to instruction at byte offset: 2032, 	       insn offset 254 , insn 118
06-17 22:41:24.002   978   978 D LibBpfLoader: applying relo to instruction at byte offset: 2072, 	       insn offset 259 , insn 118
06-17 22:41:24.002   978   978 D LibBpfLoader: applying relo to instruction at byte offset: 2192, 	       insn offset 274 , insn 118
06-17 22:41:24.002   978   978 D LibBpfLoader: applying relo to instruction at byte offset: 2296, 	       insn offset 287 , insn 118
06-17 22:41:24.002   978   978 D LibBpfLoader: applying relo to instruction at byte offset: 2336, 	       insn offset 292 , insn 118
06-17 22:41:24.002   978   978 D LibBpfLoader: applying relo to instruction at byte offset: 2584, 	       insn offset 323 , insn 118
06-17 22:41:24.002   978   978 D LibBpfLoader: applying relo to instruction at byte offset: 2688, 	       insn offset 336 , insn 118
06-17 22:41:24.002   978   978 D LibBpfLoader: applying relo to instruction at byte offset: 2728, 	       insn offset 341 , insn 118
06-17 22:41:24.002   978   978 D LibBpfLoader: applying relo to instruction at byte offset: 40, 	       insn offset 5 , insn 118
06-17 22:41:24.002   978   978 D LibBpfLoader: applying relo to instruction at byte offset: 144, 	       insn offset 18 , insn 118
06-17 22:41:24.002   978   978 D LibBpfLoader: applying relo to instruction at byte offset: 184, 	       insn offset 23 , insn 118
06-17 22:41:24.002   978   978 D LibBpfLoader: applying relo to instruction at byte offset: 40, 	       insn offset 5 , insn 118
06-17 22:41:24.002   978   978 D LibBpfLoader: applying relo to instruction at byte offset: 144, 	       insn offset 18 , insn 118
06-17 22:41:24.002   978   978 D LibBpfLoader: applying relo to instruction at byte offset: 184, 	       insn offset 23 , insn 118
06-17 22:41:24.002   978   978 D LibBpfLoader: applying relo to instruction at byte offset: 136, 	       insn offset 17 , insn 118
06-17 22:41:24.002   978   978 D LibBpfLoader: applying relo to instruction at byte offset: 32, 	       insn offset 4 , insn 118
06-17 22:41:24.002   978   978 D LibBpfLoader: applying relo to instruction at byte offset: 80, 	       insn offset 10 , insn 118
06-17 22:41:24.002   968   968 E ThermalEngine: read_int_list_from_file: Read error -2.
06-17 22:41:24.002   968   968 E ThermalEngine: tmd_add_cpufreq_dev_data: Invalid or no boost freqs
06-17 22:41:24.010   968   968 E ThermalEngine: read_int_list_from_file: Read error -2.
06-17 22:41:24.010   968   968 E ThermalEngine: tmd_add_cpufreq_dev_data: Invalid or no boost freqs
06-17 22:41:24.011   968   968 E ThermalEngine: read_int_list_from_file: Read error -2.
06-17 22:41:24.011   968   968 E ThermalEngine: tmd_add_cpufreq_dev_data: Invalid or no boost freqs
06-17 22:41:24.012   968   968 E ThermalEngine: read_int_list_from_file: Read error -2.
06-17 22:41:24.012   968   968 E ThermalEngine: tmd_add_cpufreq_dev_data: Invalid or no boost freqs
06-17 22:41:24.013   968   968 E ThermalEngine: read_int_list_from_file: Read error -2.
06-17 22:41:24.013   968   968 E ThermalEngine: tmd_add_cpufreq_dev_data: Invalid or no boost freqs
06-17 22:41:24.018   970   994 W /vendor/bin/adsprpcd: vendor/qcom/proprietary/commonsys-intf/adsprpc/src/apps_std_imp.c:749: Warning: fopen returned 0x2 for file oemconfig.so. (No such file or directory)
06-17 22:41:24.019   748   748 I tftp_server: pid=748 tid=748 tftp-server : INF :[tftp_server.c, 659] rcvd request [1] [91] [1] [0] [39]
06-17 22:41:24.020   968  1004 I ThermalEngine: ADSP thermal mitigation available.
06-17 22:41:24.020   968  1002 I ThermalEngine: MODEM thermal mitigation available.
06-17 22:41:24.020   978   978 D LibBpfLoader: New bpf core prog_load for /system/etc/bpf/netd.o (cgroupskb_ingress_stats) returned: 16
06-17 22:41:24.020   968  1004 I ThermalEngine: Mitigation:vdd_restriction[ADSP]:0 pending QMI request succeded
06-17 22:41:24.020   968  1002 I ThermalEngine: Mitigation:modem[MODEM]:0 pending QMI request succeded
06-17 22:41:24.021   968   968 E ThermalEngine: read_int_list_from_file: Read error -2.
06-17 22:41:24.021   968   968 E ThermalEngine: tmd_add_cpufreq_dev_data: Invalid or no boost freqs
06-17 22:41:24.022   968  1002 I ThermalEngine: Mitigation:vdd_restriction[MODEM]:0 pending QMI request succeded
06-17 22:41:24.022   978   978 D LibBpfLoader: New bpf core prog_load for /system/etc/bpf/netd.o (cgroupskb_egress_stats) returned: 17
06-17 22:41:24.022   968   968 E ThermalEngine: read_int_list_from_file: Read error -2.
06-17 22:41:24.022   968   968 E ThermalEngine: tmd_add_cpufreq_dev_data: Invalid or no boost freqs
06-17 22:41:24.022   968  1002 I ThermalEngine: Mitigation:modem_proc[MODEM]:0 pending QMI request succeded
06-17 22:41:24.022   968  1002 I ThermalEngine: Mitigation:modem_proc_current[MODEM]:0 pending QMI request succeded
06-17 22:41:24.022   978   978 D LibBpfLoader: New bpf core prog_load for /system/etc/bpf/netd.o (skfilter_egress_xtbpf) returned: 18
06-17 22:41:24.023   968  1002 I ThermalEngine: Mitigation:cpr_band[MODEM]:0 pending QMI request succeded
06-17 22:41:24.024   970   994 W /vendor/bin/adsprpcd: vendor/qcom/proprietary/commonsys-intf/adsprpc/src/apps_std_imp.c:749: Warning: fopen returned 0x2 for file remote_heap_config.so. (No such file or directory)
06-17 22:41:24.025   970   994 W /vendor/bin/adsprpcd: vendor/qcom/proprietary/commonsys-intf/adsprpc/src/apps_std_imp.c:749: Warning: fopen returned 0x2 for file adsp_avs_config.acdb. (No such file or directory)
06-17 22:41:24.030   987   987 I chatty  : uid=0(root) Binder:987_2 expire 3 lines
06-17 22:41:24.030   987   987 E cutils  : Failed to read /data/.layout_version: No such file or directory
06-17 22:41:24.031   968   968 I ThermalEngine: tmd_init_cluster_devs: No clusters found
06-17 22:41:24.033   968   968 E ThermalEngine: Could not find npu cooling device
06-17 22:41:24.033   968   968 E ThermalEngine: tmd_init_npu_device: Invalid NPU level:-1.
06-17 22:41:24.033   968   968 E ThermalEngine: devices_init: Init NPU TMD failed -12
06-17 22:41:24.035   690   690 E mm-camera: <IMGLIB><ERROR> 1392: frameproc_comp_reload_lib: Error opening frameproc library libmmcamera_ppeiscore.so error dlopen failed: library "libGLESv2_adreno.so" not found
06-17 22:41:24.035   690   690 E mm-camera: <IMGLIB><ERROR> 1258: frameproc_comp_load: frameproc_comp_load:1258] cannot load libmmcamera_ppeiscore.so
06-17 22:41:24.035   690   690 E mm-camera: <IMGLIB><ERROR> 3592: module_imgbase_init: ppeiscore] Error rc -7
06-17 22:41:24.036   748  1011 I tftp_server: pid=748 tid=1011 tftp-server : INF :[tftp_server_utils.c, 113] file [readonly/firmware/image/wlanmdsp.mbn] : [/vendor/rfs/msm/mpss/readonly/firmware/image/wl
06-17 22:41:24.037   978   978 D LibBpfLoader: New bpf core prog_load for /system/etc/bpf/netd.o (skfilter_ingress_xtbpf) returned: 19
06-17 22:41:24.037   968   968 I ThermalEngine: vdd_rstr_init: Could not read /sys/module/msm_thermal/vdd_restriction/enabled
06-17 22:41:24.037   978   978 D LibBpfLoader: New bpf core prog_load for /system/etc/bpf/netd.o (skfilter_whitelist_xtbpf) returned: 20
06-17 22:41:24.037   978   978 D LibBpfLoader: New bpf core prog_load for /system/etc/bpf/netd.o (skfilter_blacklist_xtbpf) returned: 21
06-17 22:41:24.038   978   978 D LibBpfLoader: New bpf core prog_load for /system/etc/bpf/netd.o (cgroupsock_inet_create) returned: 22
06-17 22:41:24.038   978   978 I bpfloader: Attempted load object: /system/etc/bpf/netd.o, ret: Success
06-17 22:41:24.042   968   968 E ThermalEngine: open/sys/class/power_supply/battery/system_temp_level failed2
06-17 22:41:24.042   968   968 E ThermalEngine: Unable to init battery charging mitigation to 0
06-17 22:41:24.044   968   968 I ThermalEngine: sensors_manager_init: Init
06-17 22:41:24.045   978   978 D LibBpfLoader: Loading ELF object /system/etc/bpf/clatd.o with license Apache 2.0
06-17 22:41:24.046   978   978 D LibBpfLoader: Loaded code section 3 (schedcls_ingress_clat_ether)
06-17 22:41:24.046   978   978 D LibBpfLoader: Loaded relo section 3 (.relschedcls/ingress/clat_ether)
06-17 22:41:24.046   978   978 D LibBpfLoader: Adding section 3 to cs list
06-17 22:41:24.046   978   978 D LibBpfLoader: Loaded code section 5 (schedcls_ingress_clat_rawip)
06-17 22:41:24.046   978   978 D LibBpfLoader: Loaded relo section 5 (.relschedcls/ingress/clat_rawip)
06-17 22:41:24.046   978   978 D LibBpfLoader: Adding section 5 to cs list
06-17 22:41:24.046   978   978 D LibBpfLoader: bpf_create_map name clat_ingress_map, ret: 23
06-17 22:41:24.046   978   978 D LibBpfLoader: map_fd found at 0 is 23 in /system/etc/bpf/clatd.o
06-17 22:41:24.046   978   978 D LibBpfLoader: applying relo to instruction at byte offset: 400, 	       insn offset 50 , insn 118
06-17 22:41:24.046   978   978 D LibBpfLoader: applying relo to instruction at byte offset: 360, 	       insn offset 45 , insn 118
06-17 22:41:24.047   978   978 D LibBpfLoader: New bpf core prog_load for /system/etc/bpf/clatd.o (schedcls_ingress_clat_ether) returned: 24
06-17 22:41:24.047   978   978 D LibBpfLoader: New bpf core prog_load for /system/etc/bpf/clatd.o (schedcls_ingress_clat_rawip) returned: 25
06-17 22:41:24.047   978   978 I bpfloader: Attempted load object: /system/etc/bpf/clatd.o, ret: Success
06-17 22:41:24.048   748  1011 I tftp_server: pid=748 tid=1011 tftp-server : INF :[tftp_server.c, 1201] OACK options [port: 39] : [7680, 1000, 3689408, 10, 0, 0, 0, 0]
06-17 22:41:24.048   748  1011 I tftp_server: pid=748 tid=1011 tftp-server : INF :[tftp_os_la.c, 63] open : [-1] [-1] [384] [0] [/vendor/rfs/msm/mpss/readonly/firmware/image/wlanmdsp.mbn]
06-17 22:41:24.054   968  1056 E ThermalEngine: socket creation success
06-17 22:41:24.054   690   690 E mm-camera: <IMGLIB><ERROR> 1392: frameproc_comp_reload_lib: Error opening frameproc library libmmcamera_llvd.so error dlopen failed: library "libmmcamera_llvd.so" not found
06-17 22:41:24.054   748  1011 I tftp_server: pid=748 tid=1011 tftp-server : INF :[tftp_protocol.c, 742] Recd END OF TRANSFER pkt. Code = 9, Msg = End of Transfer
06-17 22:41:24.054   690   690 E mm-camera: <IMGLIB><ERROR> 1258: frameproc_comp_load: frameproc_comp_load:1258] cannot load libmmcamera_llvd.so
06-17 22:41:24.054   690   690 E mm-camera: <IMGLIB><ERROR> 3592: module_imgbase_init: llvd] Error rc -7
06-17 22:41:24.054   748  1011 I tftp_server: pid=748 tid=1011 tftp-server : INF :[tftp_server.c, 1318] RRQ stats [port: 0]: sent_size = 39 total-blocks = 0 total-bytes = 0 timedout-pkts = 0, wrong-pkts 
06-17 22:41:24.055   748  1011 I tftp_server: pid=748 tid=1011 tftp-server : INF :[tftp_server.c, 1325] RRQ file stats [port: 39]: fread [Total, Max, Min] = [0, 0, 0]
06-17 22:41:24.055   748  1011 I tftp_server: pid=748 tid=1011 tftp-server : INF :[tftp_server.c, 1329] RRQ time stats : Total : [TX, RX] = [36, 6403]
06-17 22:41:24.055   748  1011 I tftp_server: pid=748 tid=1011 tftp-server : INF :[tftp_server.c, 1336] RRQ time stats [port: 39]: Tx/Rx [Min, Max] = [36, 36, 6403, 6403]
06-17 22:41:24.055   748  1011 I tftp_server: pid=748 tid=1011 tftp-server : INF :[tftp_server.c, 1352] RRQ was successfully processed.
06-17 22:41:24.055   748  1011 I tftp_server: pid=748 tid=1011 tftp-server : INF :[tftp_server.c, 1807] RRQ Total API = 18479
06-17 22:41:24.055   748   748 I tftp_server: pid=748 tid=748 tftp-server : INF :[tftp_server.c, 659] rcvd request [1] [97] [1] [0] [40]
06-17 22:41:24.058   970   994 W /vendor/bin/adsprpcd: vendor/qcom/proprietary/commonsys-intf/adsprpc/src/apps_std_imp.c:749: Warning: fopen returned 0x2 for file custom_sm_ecns_1.so.1. (No such file or directory)
06-17 22:41:24.058   970   994 W /vendor/bin/adsprpcd: vendor/qcom/proprietary/commonsys-intf/adsprpc/src/apps_std_imp.c:749: Warning: fopen returned 0x2 for file custom_sm_ecns_2.so.1. (No such file or directory)
06-17 22:41:24.058   970   994 W /vendor/bin/adsprpcd: vendor/qcom/proprietary/commonsys-intf/adsprpc/src/apps_std_imp.c:749: Warning: fopen returned 0x2 for file custom_dm_ecns_1.so.1. (No such file or directory)
06-17 22:41:24.059   970   994 W /vendor/bin/adsprpcd: vendor/qcom/proprietary/commonsys-intf/adsprpc/src/apps_std_imp.c:749: Warning: fopen returned 0x2 for file custom_dm_ecns_2.so.1. (No such file or directory)
06-17 22:41:24.059   970   994 W /vendor/bin/adsprpcd: vendor/qcom/proprietary/commonsys-intf/adsprpc/src/apps_std_imp.c:749: Warning: fopen returned 0x2 for file custom_qm_ecns_1.so.1. (No such file or directory)
06-17 22:41:24.059   970   994 W /vendor/bin/adsprpcd: vendor/qcom/proprietary/commonsys-intf/adsprpc/src/apps_std_imp.c:749: Warning: fopen returned 0x2 for file custom_qm_ecns_2.so.1. (No such file or directory)
06-17 22:41:24.062   748  1065 I tftp_server: pid=748 tid=1065 tftp-server : INF :[tftp_server_utils.c, 113] file [readonly/firmware/image/wlanmdsp.mbn] : [/vendor/rfs/msm/mpss/readonly/firmware/image/wl
06-17 22:41:24.063   748  1065 I tftp_server: pid=748 tid=1065 tftp-server : INF :[tftp_server.c, 1201] OACK options [port: 40] : [7680, 1000, 10, 3689408, 0, 0, 0, 0]
06-17 22:41:24.063   748  1065 I tftp_server: pid=748 tid=1065 tftp-server : INF :[tftp_os_la.c, 63] open : [-1] [-1] [384] [0] [/vendor/rfs/msm/mpss/readonly/firmware/image/wlanmdsp.mbn]
06-17 22:41:24.068   991   991 I mediaserver: ServiceManager: 0x72f701a580
06-17 22:41:24.070   690   690 E mm-camera: <IMGLIB><ERROR> 4510: module_qdc_common_init:  Algo Capabilities Crop caps 1,core type 2, access mode 1, exec mode 1
06-17 22:41:24.070   690   690 E mm-camera: <IMGLIB><ERROR> 4270: module_qdc_common_get_valid_lib_index: error, invalid library
06-17 22:41:24.070   690   690 E mm-camera: <IMGLIB><ERROR> 4306: module_qdc_common_get_feature_lib: invalid index
06-17 22:41:24.070   690   690 E mm-camera: <IMGLIB><ERROR> 4270: module_qdc_common_get_valid_lib_index: error, invalid library
06-17 22:41:24.070   690   690 E mm-camera: <IMGLIB><ERROR> 4306: module_qdc_common_get_feature_lib: invalid index
06-17 22:41:24.073   986   986 I KIT     : KIT firing up 1.08
06-17 22:41:24.075   690   690 E mm-camera: <IMGLIB><ERROR> 4270: module_qdc_common_get_valid_lib_index: error, invalid library
06-17 22:41:24.075   690   690 E mm-camera: <IMGLIB><ERROR> 4306: module_qdc_common_get_feature_lib: invalid index
06-17 22:41:24.076  1032  1032 I PerfDaemon: PerfDaemon is starting.
06-17 22:41:24.079   690   690 E mm-camera: <IMGLIB><ERROR> 1392: frameproc_comp_reload_lib: Error opening frameproc library libmmcamera_mfproc_precpp.so error dlopen failed: library "libmmcamera_mfproc_precpp.so" not found
06-17 22:41:24.079   690   690 E mm-camera: <IMGLIB><ERROR> 1258: frameproc_comp_load: frameproc_comp_load:1258] cannot load libmmcamera_mfproc_precpp.so
06-17 22:41:24.079   690   690 E mm-camera: <IMGLIB><ERROR> 3592: module_imgbase_init: mfproc_precpp] Error rc -7
06-17 22:41:24.080   690   690 E mm-camera: <IMGLIB><ERROR> 215: faceproc_hw_comp_get_fd_device_name: Can not discover face-detect device
06-17 22:41:24.080   690   690 E mm-camera: <IMGLIB><ERROR> 5842: faceproc_hw_comp_load: Can not find device name
06-17 22:41:24.080   690   690 W mm-camera: <IMGLIB>< WARN> 1235: faceproc_dsp_comp_load: face detection dsp disabled , enable by set property
06-17 22:41:24.080   690   690 I mm-camera: <IMGLIB>< INFO> 2157: faceproc_sw_wrapper_load: Loading faceproc library
06-17 22:41:24.085   968   968 E ThermalEngine: pid_init_data: ERROR Uknown device
06-17 22:41:24.085   968   968 E ThermalEngine: thermal_monitor_init_data: read camera_thermal_migitation=125000
06-17 22:41:24.087   968   968 I ThermalEngine: Loading config file for virtual sensor
06-17 22:41:24.087   968   968 I ThermalEngine: Loading configuration file /vendor/etc/thermal-engine.conf
06-17 22:41:24.089   968   968 I ThermalEngine: Parsing section global
06-17 22:41:24.089   968   968 E ThermalEngine: virtual_sensors_init: Error getting virtual sensors set
06-17 22:41:24.090   968   968 I ThermalEngine: Loading configuration file /vendor/etc/thermal-engine.conf
06-17 22:41:24.090   968   968 I ThermalEngine: Parsing section global
06-17 22:41:24.090   968   968 E ThermalEngine: sensors_manager_reg_clnt: Invalid sensor pop_mem.
06-17 22:41:24.090   968   968 E ThermalEngine: pid_algo_init: Sensor clnt create fail pop_mem
06-17 22:41:24.090   968   968 E ThermalEngine: sensors_manager_reg_clnt: Invalid sensor cpu3.
06-17 22:41:24.090   968   968 E ThermalEngine: pid_algo_init: Sensor clnt create fail cpu3
06-17 22:41:24.090   968   968 E ThermalEngine: sensors_manager_reg_clnt: Invalid sensor cpu2.
06-17 22:41:24.090   968   968 E ThermalEngine: pid_algo_init: Sensor clnt create fail cpu2
06-17 22:41:24.090   968   968 E ThermalEngine: sensors_manager_reg_clnt: Invalid sensor cpu1.
06-17 22:41:24.090   968   968 E ThermalEngine: pid_algo_init: Sensor clnt create fail cpu1
06-17 22:41:24.090   968   968 E ThermalEngine: sensors_manager_reg_clnt: Invalid sensor cpu0.
06-17 22:41:24.090   968   968 E ThermalEngine: pid_algo_init: Sensor clnt create fail cpu0
06-17 22:41:24.090   968   968 I ThermalEngine: pid_algo_init: No PID's to be configured.
06-17 22:41:24.090   968   968 I ThermalEngine: [CAMERA_SKIN_EXIT_MITIGATION]
06-17 22:41:24.090   968   968 I ThermalEngine: #algo_type monitor
06-17 22:41:24.090   968   968 I ThermalEngine: sampling 10000
06-17 22:41:24.090   968   968 I ThermalEngine: sensor quiet-therm-adc
06-17 22:41:24.090   968   968 I ThermalEngine: thresholds 125000
06-17 22:41:24.090   968   968 I ThermalEngine: thresholds_clr 45000
06-17 22:41:24.090   968   968 I ThermalEngine: actions camera+camcorder
06-17 22:41:24.090   968   968 I ThermalEngine: action_info 10+10
06-17 22:41:24.090   968   968 I ThermalEngine: ss_algo_init: No SS's configured.
06-17 22:41:24.090   968   968 E ThermalEngine: No speaker_cal config
06-17 22:41:24.094   986   986 E KIT     : LogMessageBuffer: Fri Jun 18 02:41:24 2021
06-17 22:41:24.094   986   986 E KIT     :  KIT firing up
06-17 22:41:24.094   986   986 E KIT     : 
06-17 22:41:24.099  1032  1032 D PerfDaemon: added vendor.perfservice to services and is now running.
06-17 22:41:24.102   968  1081 E ThermalEngine: open/sys/module/msm_thermal/parameters/enabled failed2
06-17 22:41:24.110  1049  1049 I wificond: wificond is starting up...
06-17 22:41:24.117   690   690 E mm-camera: <IMGLIB><ERROR> 1392: frameproc_comp_reload_lib: Error opening frameproc library libmmcamera_chromaflash_lib.so error dlopen failed: library "libmmcamera_chromaflash_lib.so" not found
06-17 22:41:24.117   690   690 E mm-camera: <IMGLIB><ERROR> 1258: frameproc_comp_load: frameproc_comp_load:1258] cannot load libmmcamera_chromaflash_lib.so
06-17 22:41:24.117   690   690 E mm-camera: <IMGLIB><ERROR> 3592: module_imgbase_init: imglib_chroma_flash] Error rc -7
06-17 22:41:24.117   690   690 W mm-camera: <IMGLIB>< WARN> 748: module_imglib_create_topology: Can not init the module imglib_chroma_flash
06-17 22:41:24.117   690   690 E mm-camera: <IMGLIB><ERROR> 1392: frameproc_comp_reload_lib: Error opening frameproc library libmmcamera_optizoom_lib.so error dlopen failed: library "libmmcamera_optizoom_lib.so" not found
06-17 22:41:24.117   690   690 E mm-camera: <IMGLIB><ERROR> 1258: frameproc_comp_load: frameproc_comp_load:1258] cannot load libmmcamera_optizoom_lib.so
06-17 22:41:24.117   690   690 E mm-camera: <IMGLIB><ERROR> 3592: module_imgbase_init: imglib_optizoom] Error rc -7
06-17 22:41:24.117   690   690 W mm-camera: <IMGLIB>< WARN> 748: module_imglib_create_topology: Can not init the module imglib_optizoom
06-17 22:41:24.120   690   690 E mm-camera: <IMGLIB><ERROR> 1392: frameproc_comp_reload_lib: Error opening frameproc library libmmcamera_ubifocus_lib.so error dlopen failed: library "libmmcamera_ubifocus_lib.so" not found
06-17 22:41:24.120   690   690 E mm-camera: <IMGLIB><ERROR> 1258: frameproc_comp_load: frameproc_comp_load:1258] cannot load libmmcamera_ubifocus_lib.so
06-17 22:41:24.120   690   690 E mm-camera: <IMGLIB><ERROR> 3592: module_imgbase_init: imglib_ubifocus] Error rc -7
06-17 22:41:24.120   690   690 W mm-camera: <IMGLIB>< WARN> 748: module_imglib_create_topology: Can not init the module imglib_ubifocus
06-17 22:41:24.120   690   690 E mm-camera: <IMGLIB><ERROR> 1392: frameproc_comp_reload_lib: Error opening frameproc library libmmcamera_ubifocus_lib.so error dlopen failed: library "libmmcamera_ubifocus_lib.so" not found
06-17 22:41:24.120   690   690 E mm-camera: <IMGLIB><ERROR> 1258: frameproc_comp_load: frameproc_comp_load:1258] cannot load libmmcamera_ubifocus_lib.so
06-17 22:41:24.120   690   690 E mm-camera: <IMGLIB><ERROR> 3592: module_imgbase_init: imglib_refocus] Error rc -7
06-17 22:41:24.120   690   690 W mm-camera: <IMGLIB>< WARN> 748: module_imglib_create_topology: Can not init the module imglib_refocus
06-17 22:41:24.121   690   690 E mm-camera: <IMGLIB><ERROR> 1392: frameproc_comp_reload_lib: Error opening frameproc library libmmcamera_trueportrait_lib.so error dlopen failed: library "libmmcamera_trueportrait_lib.so" not found
06-17 22:41:24.121   690   690 E mm-camera: <IMGLIB><ERROR> 1258: frameproc_comp_load: frameproc_comp_load:1258] cannot load libmmcamera_trueportrait_lib.so
06-17 22:41:24.121   690   690 E mm-camera: <IMGLIB><ERROR> 3592: module_imgbase_init: imglib_trueportrait] Error rc -7
06-17 22:41:24.121   690   690 W mm-camera: <IMGLIB>< WARN> 748: module_imglib_create_topology: Can not init the module imglib_trueportrait
06-17 22:41:24.139   690   690 I OpenCV  : calling android_getCpuFeatures() ...
06-17 22:41:24.139   690   690 I OpenCV  : calling android_getCpuFeatures() ... Done (1f7ff)
06-17 22:41:24.140   974   974 E Diag_Lib: qpLogDiagInit <== result : 1; log_write_mutex is Initialized
06-17 22:41:24.140   690   690 E mm-camera: <IMGLIB><ERROR> 111: module_mfproc_postcpp_init:  module_mfproc_postcpp_init(),  E 
06-17 22:41:24.141   974   974 E VIMSVT  : VT-Vendor:: enableImsADB 0, log_priority value 240
06-17 22:41:24.141   690   690 E mm-camera: <IMGLIB><ERROR> 1392: frameproc_comp_reload_lib: Error opening frameproc library libmmcamera_mfproc_postcpp.so error dlopen failed: library "libmmcamera_mfproc_postcpp.so" not found
06-17 22:41:24.141   690   690 E mm-camera: <IMGLIB><ERROR> 1258: frameproc_comp_load: frameproc_comp_load:1258] cannot load libmmcamera_mfproc_postcpp.so
06-17 22:41:24.141   690   690 E mm-camera: <IMGLIB><ERROR> 3592: module_imgbase_init: imglib_mfproc_postcpp] Error rc -7
06-17 22:41:24.141   690   690 W mm-camera: <IMGLIB>< WARN> 748: module_imglib_create_topology: Can not init the module imglib_mfproc_postcpp
06-17 22:41:24.141   690   690 W mm-camera: <IMGLIB>< WARN> 748: module_imglib_create_topology: Can not init the module imglib_oem1
06-17 22:41:24.141   974   974 E Diag_Lib: [IMS_AP_RTP]"RTPService callback Registraton"
06-17 22:41:24.141   690   690 I QCamera : <MCI><INFO> get_num_of_cameras: 2783: dev_info[id=0,name='video3']
06-17 22:41:24.141   690   690 I QCamera : <MCI><INFO> sort_camera_info: 2617: Camera id: 0 facing: 1, type: 1 is_yuv: 0
06-17 22:41:24.141   690   690 I QCamera : <MCI><INFO> sort_camera_info: 2623: Number of cameras 1 sorted 1
06-17 22:41:24.141   690   690 I QCamera : <MCI><INFO> get_num_of_cameras: 2801: num_cameras=1
06-17 22:41:24.141   690   690 E QCamera2Factory: get_number_of_cameras num of cameras: 1
06-17 22:41:24.141   690   690 I CamPrvdr@2.4-legacy: Loaded "QCamera Module" camera module
06-17 22:41:24.142   690   690 E QCamera2Factory: get_number_of_cameras num of cameras: 1
06-17 22:41:24.142   690   690 I QCamera : <HAL><INFO> getCameraInfo: 359: Camera id 0 API version 768
06-17 22:41:24.142   690   690 D QCamera : Debug log file is not enabled
06-17 22:41:24.142   690   690 I mm-camera: <MCT   >< INFO> 118: mct_controller_new: Creating new mct_controller with session-id 3
06-17 22:41:24.144   974   974 I ServiceManagement: Registered vendor.qti.imsrtpservice@2.1::IRTPService/imsrtpservice (start delay of 219ms)
06-17 22:41:24.160   690  1105 I mm-camera: <MCT   >< INFO> 5326: mct_pipeline_start_session_thread: E sensor
06-17 22:41:24.160   690  1105 I mm-camera: <MCT   >< INFO> 5333: mct_pipeline_start_session_thread: Calling start_session on Module sensor
06-17 22:41:24.164  1033  1033 I ServiceManagement: Registered android.frameworks.stats@1.0::IStats/default (start delay of 130ms)
06-17 22:41:24.165  1033  1033 W statsd  : statscompanion service unavailable!
06-17 22:41:24.166  1033  1033 I statsd  : Statsd starts to listen to socket.
06-17 22:41:24.177   932   932 I SystemServer: InitBeforeStartServices
06-17 22:41:24.189   690  1106 I mm-camera: <MCT   >< INFO> 5326: mct_pipeline_start_session_thread: E iface
06-17 22:41:24.189   690  1106 I mm-camera: <MCT   >< INFO> 5333: mct_pipeline_start_session_thread: Calling start_session on Module iface
06-17 22:41:24.192   690  1105 I mm-camera: <MCT   >< INFO> 5336: mct_pipeline_start_session_thread: Module sensor start_session rc = 1
06-17 22:41:24.192   690  1105 I mm-camera: <MCT   >< INFO> 5344: mct_pipeline_start_session_thread: started_num = 1, success = 1
06-17 22:41:24.192   690  1105 I mm-camera: <MCT   >< INFO> 5351: mct_pipeline_start_session_thread: X sensor
06-17 22:41:24.193   989   989 I keystore: found android.hardware.keymaster@4.0::IKeymasterDevice with interface name default and seclevel TRUSTED_ENVIRONMENT
06-17 22:41:24.194   690  1117 I mm-camera: <MCT   >< INFO> 5326: mct_pipeline_start_session_thread: E isp
06-17 22:41:24.194   690  1117 I mm-camera: <MCT   >< INFO> 5333: mct_pipeline_start_session_thread: Calling start_session on Module isp
06-17 22:41:24.194   690  1117 I mm-camera: <ISP   >< INFO> 214: isp_module_start_session: session id 3 
06-17 22:41:24.195   690  1106 I mm-camera: <MCT   >< INFO> 5336: mct_pipeline_start_session_thread: Module iface start_session rc = 1
06-17 22:41:24.195   690  1106 I mm-camera: <MCT   >< INFO> 5344: mct_pipeline_start_session_thread: started_num = 2, success = 2
06-17 22:41:24.196   690  1106 I mm-camera: <MCT   >< INFO> 5351: mct_pipeline_start_session_thread: X iface
06-17 22:41:24.204   690  1119 I mm-camera: <MCT   >< INFO> 5326: mct_pipeline_start_session_thread: E stats
06-17 22:41:24.204   690  1119 I mm-camera: <MCT   >< INFO> 5333: mct_pipeline_start_session_thread: Calling start_session on Module stats
06-17 22:41:24.206   690  1119 I mm-camera: <MCT   >< INFO> 5336: mct_pipeline_start_session_thread: Module stats start_session rc = 1
06-17 22:41:24.206   690  1119 I mm-camera: <MCT   >< INFO> 5344: mct_pipeline_start_session_thread: started_num = 3, success = 3
06-17 22:41:24.206   690  1119 I mm-camera: <MCT   >< INFO> 5351: mct_pipeline_start_session_thread: X stats
06-17 22:41:24.207   690  1122 I mm-camera: <MCT   >< INFO> 5326: mct_pipeline_start_session_thread: E pproc
06-17 22:41:24.207   690  1122 I mm-camera: <MCT   >< INFO> 5333: mct_pipeline_start_session_thread: Calling start_session on Module pproc
06-17 22:41:24.207   690  1117 I mm-camera: <MCT   >< INFO> 5336: mct_pipeline_start_session_thread: Module isp start_session rc = 1
06-17 22:41:24.207   690  1117 I mm-camera: <MCT   >< INFO> 5344: mct_pipeline_start_session_thread: started_num = 4, success = 4
06-17 22:41:24.207   690  1117 I mm-camera: <MCT   >< INFO> 5351: mct_pipeline_start_session_thread: X isp
06-17 22:41:24.214   690  1126 I mm-camera: <MCT   >< INFO> 5326: mct_pipeline_start_session_thread: E imglib
06-17 22:41:24.214   690  1126 I mm-camera: <MCT   >< INFO> 5333: mct_pipeline_start_session_thread: Calling start_session on Module imglib
06-17 22:41:24.214   690  1126 I mm-camera: <MCT   >< INFO> 5336: mct_pipeline_start_session_thread: Module imglib start_session rc = 1
06-17 22:41:24.214   690  1126 I mm-camera: <MCT   >< INFO> 5344: mct_pipeline_start_session_thread: started_num = 5, success = 5
06-17 22:41:24.214   690  1126 I mm-camera: <MCT   >< INFO> 5351: mct_pipeline_start_session_thread: X imglib
06-17 22:41:24.217   690  1122 I mm-camera: <MCT   >< INFO> 5336: mct_pipeline_start_session_thread: Module pproc start_session rc = 1
06-17 22:41:24.217   690  1122 I mm-camera: <MCT   >< INFO> 5344: mct_pipeline_start_session_thread: started_num = 6, success = 6
06-17 22:41:24.217   690  1122 I mm-camera: <MCT   >< INFO> 5351: mct_pipeline_start_session_thread: X pproc
06-17 22:41:24.235  1093  1093 E wifidisplayhal-service: Start with vendor binder
06-17 22:41:24.236  1093  1093 E wifidisplayhal-service: Registering wifidisplayhdcphal service...
06-17 22:41:24.239  1093  1093 I ServiceManagement: Registered com.qualcomm.qti.wifidisplayhal@1.0::IHDCPSession/wifidisplayhdcphal (start delay of 114ms)
06-17 22:41:24.239  1093  1093 E wifidisplayhal-service: Registering wifidisplaydshal service...
06-17 22:41:24.241  1093  1093 I ServiceManagement: Registered com.qualcomm.qti.wifidisplayhal@1.0::IDSManager/wifidisplaydshal (start delay of 117ms)
06-17 22:41:24.244  1094  1094 I ServiceManagement: Registered com.qualcomm.qti.dpm.api@1.0::IdpmQmi/dpmQmiService (start delay of 120ms)
06-17 22:41:24.244   690   690 I mm-camera: <MCT   >< INFO> 5247: mct_pipeline_start_stream_internal: Adding session stream streamid= 0xf for session=3
06-17 22:41:24.245   690   690 I mm-camera: <MCT   >< INFO> 5295: mct_pipeline_start_stream_internal: Linking session stream for session 3
06-17 22:41:24.245   690   690 I mm-camera: <MCT   >< INFO> 526: mct_stream_start_link: Start linking Session-stream 0x3000f
06-17 22:41:24.245   690   690 I mm-camera: <IFACE >< INFO> 344: iface_util_find_primary_cid: iface_util_find_primary_cid:344 error cannot find primary sensor format cids 1
06-17 22:41:24.246   690   690 I mm-camera: <ISP   >< INFO> 851: isp_port_check_caps_reserve: port 0xf1c39300 ide 3000f type 10 dim 0 0
06-17 22:41:24.246   690   690 I mm-camera: <PPROC >< INFO> 449: pproc_port_add_modules_to_stream: in identity 3000f stream 10 int_link = 0xf144eb80
06-17 22:41:24.247   690   690 I mm-camera: <PPROC >< INFO> 461: pproc_port_add_modules_to_stream: :LINK linking mods tmod and paaf for identity 3000f
06-17 22:41:24.249   690   690 I mm-camera: <PPROC >< INFO> 461: pproc_port_add_modules_to_stream: :LINK linking mods paaf and sat for identity 3000f
06-17 22:41:24.249   690   690 I mm-camera: <PPROC >< INFO> 461: pproc_port_add_modules_to_stream: :LINK linking mods sat and c2d for identity 3000f
06-17 22:41:24.249   690   690 I mm-camera: <C2D   >< INFO> 1557: c2d_module_notify_add_stream: width 0, height 0, stride 0, scanline 0, is_type 0
06-17 22:41:24.249   690   690 I mm-camera: <PPROC >< INFO> 461: pproc_port_add_modules_to_stream: :LINK linking mods c2d and cpp for identity 3000f
06-17 22:41:24.249   690   690 I mm-camera: <CPP   >< INFO> 2538: cpp_module_notify_add_stream: :stream 10, width 0, height 0, stride 0,scanline 0, framelen 0
06-17 22:41:24.249   690   690 I mm-camera: <CPP   >< INFO> 2695: cpp_module_notify_add_stream: : stream 10, fmt 1, asf_mode 0, sharpness_level 0.000000,asf mask 0, denoise 0, denoise_mask 0, dsdn mask 0,dsdn enable 0, tnr mask 0, tnr enable 0, ds_mask 0, luma dsdn 0
06-17 22:41:24.249   690   690 I mm-camera: <PPROC >< INFO> 461: pproc_port_add_modules_to_stream: :LINK linking mods cpp and depth_map for identity 3000f
06-17 22:41:24.250   690   690 I mm-camera: <PPROC >< INFO> 461: pproc_port_add_modules_to_stream: :LINK linking mods depth_map and ezt for identity 3000f
06-17 22:41:24.250   690   690 I mm-camera: <PPROC >< INFO> 461: pproc_port_add_modules_to_stream: :LINK linking mods ezt and quadracfa for identity 3000f
06-17 22:41:24.251   690   690 E mm-camera: <STATS ><ERROR> 3027: stats_port_check_caps_reserve: Invalid Port capability type!
06-17 22:41:24.251   690   690 I chatty  : uid=1047(cameraserver) provider@2.4-se identical 3 lines
06-17 22:41:24.251   690   690 E mm-camera: <STATS ><ERROR> 3027: stats_port_check_caps_reserve: Invalid Port capability type!
06-17 22:41:24.252   690   690 I mm-camera: <MCT   >< INFO> 5304: mct_pipeline_start_stream_internal: Session stream linked successfully session 3
06-17 22:41:24.253   690   690 E ion     : ioctl c0044901 failed with code -1: Not a typewriter
06-17 22:41:24.255   690  1138 E libsensor1: check_sensors_enabled: Sensors enabled = true
06-17 22:41:24.255   690  1138 E Diag_Lib:  Diag_LSM_Init: Failed to open handle to diag driver, error = 13
06-17 22:41:24.263  1123  1123 I ssgqmigd: socket ANDROID_SOCKET_ssgqmig open success
06-17 22:41:24.263  1123  1123 I ssgqmigd: ssgqmigd uses 42
06-17 22:41:24.275  1116  1116 I CLD80211: /system/vendor/bin/cnss-daemon: initialized exit socket pair
06-17 22:41:24.275  1116  1116 I CLD80211: /system/vendor/bin/cnss-daemon: nlctrl family id: 16 group: svc_msgs mcast_id: 19
06-17 22:41:24.275  1116  1116 E cnss-daemon: interop issues ap: read_iot_ap_file: No such file /data/vendor/wifi/iotap_ps.bin
06-17 22:41:24.275  1116  1116 E cnss-daemon: interop issues ap: read_iot_ap_ps_from_file, read file error
06-17 22:41:24.275  1116  1116 I cnss-daemon: interop issues ap init successfully
06-17 22:41:24.275  1116  1116 I cnss-daemon:  cnss hang event handler init successfully
06-17 22:41:24.276  1089  1089 D RILD    : **RIL Daemon Started**
06-17 22:41:24.277  1089  1089 D RILD    : **RILd param count=3**
06-17 22:41:24.279  1116  1116 E cnss-daemon: Couldn't resolve family id
06-17 22:41:24.279  1116  1116 E cnss-daemon: Failed to init genl between daemon and platform, continue
06-17 22:41:24.281   730   767 D PerMgrSrv: modem state: is on-line, add client cnss-daemon
06-17 22:41:24.281   730   767 D PerMgrSrv: cnss-daemon registered
06-17 22:41:24.281  1116  1116 D PerMgrLib: cnss-daemon successfully registered for modem
06-17 22:41:24.281  1116  1116 D PerMgrLib: cnss-daemon voting for modem
06-17 22:41:24.281   730   767 D PerMgrSrv: cnss-daemon voting for modem
06-17 22:41:24.281   730   767 D PerMgrSrv: modem num voters is 2
06-17 22:41:24.281  1116  1116 E cnss-daemon: no interop issues ap currently
06-17 22:41:24.287  1116  1151 E cnss-daemon: ro.baseband : [apq]
06-17 22:41:24.287  1116  1151 E cnss-daemon: Hardware does not support external modem
06-17 22:41:24.287  1116  1151 E cnss-daemon: Target does not have external modem
06-17 22:41:24.304   690  1107 E mm-camera: <SENSOR><ERROR> ov8856_gt24p64b_get_calibration_items: 30: is_insensor:0, is_afc:1, is_wbc:1, is_lsc:1, is_dpc:0, is_ois:0, is_dual:0
06-17 22:41:24.304   690  1107 E mm-camera: <SENSOR><ERROR> 247: module_sensor_offload_init_config: func_tbl for submodule 4 is NULL
06-17 22:41:24.304   690  1107 E mm-camera: <SENSOR><ERROR> 249: module_sensor_offload_init_config: failed to get led off frame skip time
06-17 22:41:24.307  1141  1141 I /system/bin/tombstoned: tombstoned successfully initialized
06-17 22:41:24.314   690  1101 I mm-camera: <MCT   >< INFO> 3323: mct_sysinfo_read: sysinfo:path /sys/module/msm_sensor_driver/parameters/only_support_5M data 0 size 10
06-17 22:41:24.314   690  1101 I mm-camera: <MCT   >< INFO> 2279: mct_pipeline_append_fps_entry:  Added hal_table[0]: (15.000000, 15.000000)
06-17 22:41:24.314   690  1101 I mm-camera: <MCT   >< INFO> 2279: mct_pipeline_append_fps_entry:  Added hal_table[1]: (20.000000, 20.000000)
06-17 22:41:24.314   690  1101 I mm-camera: <MCT   >< INFO> 2279: mct_pipeline_append_fps_entry:  Added hal_table[2]: (24.000000, 24.000000)
06-17 22:41:24.314   690  1101 I mm-camera: <MCT   >< INFO> 2279: mct_pipeline_append_fps_entry:  Added hal_table[3]: (7.000000, 30.000000)
06-17 22:41:24.314   690  1101 I mm-camera: <MCT   >< INFO> 2292: mct_pipeline_append_fps_entry:  Added hal_table[4]: (30.000000, 30.000000)
06-17 22:41:24.314   690  1101 I mm-camera: <MCT   >< INFO> 3611: mct_pipeline_fill_dimensions_snapshot: Cam 1: FPS range selection complete. Publishing 5 ranges.
06-17 22:41:24.314   690  1101 I mm-camera: <MCT   >< INFO> 2540: mct_pipeline_fill_caps_sensor: =====sensitivity_range.min_sensitivity =0 =====
06-17 22:41:24.314   690  1101 I mm-camera: <MCT   >< INFO> 2541: mct_pipeline_fill_caps_sensor: =====sensitivity_range.max_sensitivity =1500 =====
06-17 22:41:24.314   690  1101 I mm-camera: <MCT   >< INFO> 2739: mct_pipeline_fill_caps_isp: isp max encoder size : 5504 X 16383
06-17 22:41:24.314   690  1101 I mm-camera: <MCT   >< INFO> 2746: mct_pipeline_fill_caps_isp: single isp max size : 3264 X 2448
06-17 22:41:24.314   690  1101 I mm-camera: <MCT   >< INFO> 2757: mct_pipeline_fill_caps_isp: HAL max snapshot size in dual cam mode : 3264 X 2448
06-17 22:41:24.315   690   690 I mm-camera: <MCT   >< INFO> 310: mct_controller_destroy: Initiating destroy sequence for session = 3
06-17 22:41:24.315   690   690 I mm-camera: <MCT   >< INFO> 328: mct_controller_destroy: serv_thread closed
06-17 22:41:24.315   690   690 I mm-camera: <MCT   >< INFO> 343: mct_controller_destroy: bus_handler thread closed
06-17 22:41:24.315   690   690 I mm-camera: <MCT   >< INFO> 5404: mct_pipeline_stop_session: Initiating stop_session on session 3
06-17 22:41:24.315   690   690 I mm-camera: <MCT   >< INFO> 4288: mct_pipeline_process_set: command=800000b
06-17 22:41:24.315   690   690 I mm-camera: <MCT   >< INFO> 4533: mct_pipeline_process_set: Issuing DEL_STREAM on stream 0x3000f and stream type=10
06-17 22:41:24.315   690   690 I mm-camera: <IFACE >< INFO> 700: iface_unreserve_sink_port: stream_id f mode 0 
06-17 22:41:24.315   690   690 I mm-camera: <ISP   >< INFO> 941: isp_port_check_caps_unreserve: ide 3000f port 0xf1c39300
06-17 22:41:24.317   690   690 I mm-camera: <MCT   >< INFO> 4556: mct_pipeline_process_set: Stream 0x3000f and stream type=10, successfully deleted
06-17 22:41:24.320   496   496 I hwservicemanager: getTransport: Cannot find entry android.hardware.usb.gadget@1.0::IUsbGadget/default in either framework or device manifest.
06-17 22:41:24.321  1089  1089 D RILD    : RIL_Init argc = 3 clientId = 0
06-17 22:41:24.321  1089  1089 D RILC    : Quectel RIL Version: Quectel_Android_RIL_Driver_V3.3.4-0426
06-17 22:41:24.321  1089  1089 E RIL_READ_CONF: '/system/etc/ql-ril.conf' not exist.
06-17 22:41:24.322  1147  1147 I usbd    : Usb HAL not found
06-17 22:41:24.323   979   979 I cameraserver: ServiceManager: 0xf62662a0
06-17 22:41:24.323   979   979 I CameraService: CameraService started (pid=979)
06-17 22:41:24.323   979   979 I CameraService: CameraService process starting
06-17 22:41:24.323   979   979 W BatteryNotifier: batterystats service unavailable!
06-17 22:41:24.323   979   979 W BatteryNotifier: batterystats service unavailable!
06-17 22:41:24.324  1131  1131 I gatekeeperd: Starting gatekeeperd...
06-17 22:41:24.324  1089  1089 D RIL_READ_CONF: original conf line: At_Cmds_For_Customer_Initialize=at+qgpscfg="gpsnmeatype",31;at+qgpscfg="glonassnmeatype",7;at+qgpscfg="beidounmeatype",3;at+qgpscfg="galileonmeatype",1;at+qgpscfg="gnssrawdata",1,0;AT+QNVW=5895,0,"01";AT+QNVW=7145,0,"00"
06-17 22:41:24.324  1089  1089 D RIL_READ_CONF: original conf line: Query_Available_Networks=1
06-17 22:41:24.324  1089  1089 D RIL_READ_CONF: Query_Available_Networks = 1
06-17 22:41:24.324  1089  1089 E RILC    : '/vendor/manifest.xml' not exist.
06-17 22:41:24.324  1089  1089 D RILC    : t-prop_value is 2
06-17 22:41:24.324  1089  1089 D RILC    : before_dot is 10
06-17 22:41:24.324  1089  1089 D RILC    : [ro.build.version.release]: [10.0]
06-17 22:41:24.324  1089  1089 D RILC    : Android Version: 100, RIL_VERSION: 12 / 12
06-17 22:41:24.324  1089  1089 D RILC    : [ro.build.description]: [15in-I-Series-4-userdebug 10 QKQ1.201112.002 eng.youkai.20210618.014854 debug,release-keys]
06-17 22:41:24.324  1089  1089 D RILC    : [ro.hardware]: [qcom]
06-17 22:41:24.324  1089  1089 D RILC    : selinux maybe set Enforcing mode, use command getenforce to check
06-17 22:41:24.324  1089  1089 D RILC    : selinux maybe set Enforcing mode, use command "setenforce 0" to disable
06-17 22:41:24.324  1089  1089 I RILC    : clientID = 0
06-17 22:41:24.325  1089  1161 I RILC    : mainLoop Start
06-17 22:41:24.327  1089  1161 E RILU    : cannot find ttyname for AT Port
06-17 22:41:24.327   690  1159 I mm-camera: <MCT   >< INFO> 5138: mct_pipeline_stop_session_thread: Stop module name: sensor - E
06-17 22:41:24.327  1089  1161 D RILC    : try to match pci
06-17 22:41:24.328  1089  1161 D RILU    : find_pci_device is 0
06-17 22:41:24.328  1089  1161 E RILU    : can not find ttyname for pci AT port
06-17 22:41:24.328  1089  1161 D RILC    : PCI can't find at device
06-17 22:41:24.328   690  1159 I mm-camera: <MCT   >< INFO> 5146: mct_pipeline_stop_session_thread: Stop module name: sensor - X
06-17 22:41:24.329   690  1163 I mm-camera: <MCT   >< INFO> 5138: mct_pipeline_stop_session_thread: Stop module name: iface - E
06-17 22:41:24.330   690  1165 I mm-camera: <MCT   >< INFO> 5138: mct_pipeline_stop_session_thread: Stop module name: isp - E
06-17 22:41:24.330   690  1165 I mm-camera: <ISP   >< INFO> 510: isp_module_stop_session: session id 3
06-17 22:41:24.330   690  1166 I mm-camera: <MCT   >< INFO> 5138: mct_pipeline_stop_session_thread: Stop module name: stats - E
06-17 22:41:24.331   690  1163 I mm-camera: <MCT   >< INFO> 5146: mct_pipeline_stop_session_thread: Stop module name: iface - X
06-17 22:41:24.331   690  1167 I mm-camera: <MCT   >< INFO> 5138: mct_pipeline_stop_session_thread: Stop module name: pproc - E
06-17 22:41:24.339   979   979 I ServiceManagement: getService: Trying again for android.hardware.camera.provider@2.4::ICameraProvider/legacy/0...
06-17 22:41:24.346  1092  1092 E QCNEA   : Cne Version 4.9
06-17 22:41:24.346  1034  1153 I chatty  : uid=0(root) storaged expire 2 lines
06-17 22:41:24.346   690  1165 I mm-camera: <MCT   >< INFO> 5146: mct_pipeline_stop_session_thread: Stop module name: isp - X
06-17 22:41:24.348  1005  1005 I mediaserver: ServiceManager: 0xeed232a0
06-17 22:41:24.348   690  1167 E mm-camera: <IMGLIB><ERROR> 328: AllocateBuffers: Nothing allocated or already freed!
06-17 22:41:24.348   690  1167 I mm-camera: <MCT   >< INFO> 5146: mct_pipeline_stop_session_thread: Stop module name: pproc - X
06-17 22:41:24.348  1005  1005 W BatteryNotifier: batterystats service unavailable!
06-17 22:41:24.349  1005  1005 W BatteryNotifier: batterystats service unavailable!
06-17 22:41:24.351   690  1166 I mm-camera: <MCT   >< INFO> 5146: mct_pipeline_stop_session_thread: Stop module name: stats - X
06-17 22:41:24.354   690  1168 I mm-camera: <MCT   >< INFO> 5138: mct_pipeline_stop_session_thread: Stop module name: imglib - E
06-17 22:41:24.354   690   690 I mm-camera: <MCT   >< INFO> 5426: mct_pipeline_stop_session: Modules left: 5
06-17 22:41:24.354   690   690 I mm-camera: <MCT   >< INFO> 5426: mct_pipeline_stop_session: Modules left: 4
06-17 22:41:24.354   690   690 I mm-camera: <MCT   >< INFO> 5426: mct_pipeline_stop_session: Modules left: 3
06-17 22:41:24.354   690   690 I mm-camera: <MCT   >< INFO> 5426: mct_pipeline_stop_session: Modules left: 2
06-17 22:41:24.354   690   690 I mm-camera: <MCT   >< INFO> 5426: mct_pipeline_stop_session: Modules left: 1
06-17 22:41:24.356   690  1168 I mm-camera: <MCT   >< INFO> 5146: mct_pipeline_stop_session_thread: Stop module name: imglib - X
06-17 22:41:24.356   690   690 I mm-camera: <MCT   >< INFO> 5426: mct_pipeline_stop_session: Modules left: 0
06-17 22:41:24.356   690   690 I mm-camera: <MCT   >< INFO> 5436: mct_pipeline_stop_session: Stopped session 3 successfully
06-17 22:41:24.356   690   690 I mm-camera: <MCT   >< INFO> 5740: mct_pipeline_destroy: E: session:3
06-17 22:41:24.356   690   690 E mm-camera: <MCT   ><ERROR> 179: stop_sof_check_thread: Returning as SOF timer thread not yet initialized
06-17 22:41:24.356   690   690 I mm-camera: <MCT   >< INFO> 5818: mct_pipeline_destroy: X: Pipeline destroyed successfully session =3
06-17 22:41:24.356   690   690 I mm-camera: <MCT   >< INFO> 422: mct_controller_destroy: X Successfully closed mct_controller session 3
06-17 22:41:24.357   690   690 E CamComm1.0-MD: Update metadata entry: Unknown tag -2145976319
06-17 22:41:24.358   690   690 E CamComm1.0-MD: Update metadata entry: Unknown tag -2145976317
06-17 22:41:24.358   690   690 I QCamera : <HAL><INFO> getCamInfo: 13767: camera 0 resource cost is 100
06-17 22:41:24.358   690   690 I CamComm1.0-CamModule: isOpenLegacyDefined: cts Enable == 0 
06-17 22:41:24.358   690   690 I QCamera : <HAL><INFO> openLegacy: 520: openLegacy halVersion: 256 cameraId = 0
06-17 22:41:24.363   690   690 E QCameraCommon: parseHWID: Got HW_ID = 324
06-17 22:41:24.365   690   690 I QCamera : <HAL><INFO> openCamera: 1901: [KPI Perf]: E PROFILE_OPEN_CAMERA camera id 0
06-17 22:41:24.365  1034  1153 I ServiceManager: Waiting for service 'package_native' on '/dev/binder'...
06-17 22:41:24.367   690   690 E QCamera : <HAL><ERROR> acquirePerfLock: 614: Failed to acquire the perf lock
06-17 22:41:24.367   690   690 D QCamera : Debug log file is not enabled
06-17 22:41:24.368   690   690 I mm-camera: <MCT   >< INFO> 118: mct_controller_new: Creating new mct_controller with session-id 3
06-17 22:41:24.369   690  1183 I mm-camera: <MCT   >< INFO> 5326: mct_pipeline_start_session_thread: E sensor
06-17 22:41:24.369   690  1183 I mm-camera: <MCT   >< INFO> 5333: mct_pipeline_start_session_thread: Calling start_session on Module sensor
06-17 22:41:24.382   690  1185 I mm-camera: <MCT   >< INFO> 5326: mct_pipeline_start_session_thread: E iface
06-17 22:41:24.382   690  1185 I mm-camera: <MCT   >< INFO> 5333: mct_pipeline_start_session_thread: Calling start_session on Module iface
06-17 22:41:24.383   690  1185 I mm-camera: <MCT   >< INFO> 5336: mct_pipeline_start_session_thread: Module iface start_session rc = 1
06-17 22:41:24.383   690  1190 I mm-camera: <MCT   >< INFO> 5326: mct_pipeline_start_session_thread: E isp
06-17 22:41:24.383   690  1185 I mm-camera: <MCT   >< INFO> 5344: mct_pipeline_start_session_thread: started_num = 1, success = 1
06-17 22:41:24.383   690  1185 I mm-camera: <MCT   >< INFO> 5351: mct_pipeline_start_session_thread: X iface
06-17 22:41:24.383   690  1190 I mm-camera: <MCT   >< INFO> 5333: mct_pipeline_start_session_thread: Calling start_session on Module isp
06-17 22:41:24.383   690  1190 I mm-camera: <ISP   >< INFO> 214: isp_module_start_session: session id 3 
06-17 22:41:24.383   690  1192 I mm-camera: <MCT   >< INFO> 5326: mct_pipeline_start_session_thread: E stats
06-17 22:41:24.386   690  1192 I mm-camera: <MCT   >< INFO> 5333: mct_pipeline_start_session_thread: Calling start_session on Module stats
06-17 22:41:24.386   690  1195 I mm-camera: <MCT   >< INFO> 5326: mct_pipeline_start_session_thread: E pproc
06-17 22:41:24.387   690  1195 I mm-camera: <MCT   >< INFO> 5333: mct_pipeline_start_session_thread: Calling start_session on Module pproc
06-17 22:41:24.387   690  1196 I mm-camera: <MCT   >< INFO> 5326: mct_pipeline_start_session_thread: E imglib
06-17 22:41:24.387   690  1196 I mm-camera: <MCT   >< INFO> 5333: mct_pipeline_start_session_thread: Calling start_session on Module imglib
06-17 22:41:24.388   690  1195 I mm-camera: <MCT   >< INFO> 5336: mct_pipeline_start_session_thread: Module pproc start_session rc = 1
06-17 22:41:24.388   690  1195 I mm-camera: <MCT   >< INFO> 5344: mct_pipeline_start_session_thread: started_num = 2, success = 2
06-17 22:41:24.388   690  1195 I mm-camera: <MCT   >< INFO> 5351: mct_pipeline_start_session_thread: X pproc
06-17 22:41:24.388   690  1190 I mm-camera: <MCT   >< INFO> 5336: mct_pipeline_start_session_thread: Module isp start_session rc = 1
