07-08 01:45:16.533   651   765 D msm8974_platform: platform_set_native_support:napb: native audio playback enabled in (True) mode
07-08 01:45:16.533   651   765 D audio_hw_hfp: hfp_set_parameters: enter
07-08 01:45:16.533   651   765 D msm8974_platform: platform_set_snd_device_backend: backend_tag_table[headphones]: old = null new = headphones
07-08 01:45:16.533   651   765 D msm8974_platform: platform_set_snd_device_backend: hw_interface_table[9] = INT0_MI2S_RX
07-08 01:45:16.533   651   765 D msm8974_platform: platform_set_snd_device_backend: backend_tag_table[bt-sco-headset-wb]: old = bt-sco-wb new = bt-sco-wb
07-08 01:45:16.533   651   765 D msm8974_platform: platform_set_snd_device_backend: hw_interface_table[34] = SLIMBUS_7_RX
07-08 01:45:16.533   651   765 D msm8974_platform: platform_set_snd_device_backend: backend_tag_table[bt-sco-headset]: old = bt-sco new = bt-sco
07-08 01:45:16.533   651   765 D msm8974_platform: platform_set_snd_device_backend: hw_interface_table[33] = SLIMBUS_7_RX
07-08 01:45:16.534   651   765 D msm8974_platform: platform_set_snd_device_backend: backend_tag_table[bt-a2dp]: old = bt-a2dp new = bt-a2dp
07-08 01:45:16.534   651   765 D msm8974_platform: platform_set_snd_device_backend: hw_interface_table[36] = SLIMBUS_7_RX
07-08 01:45:16.534   651   765 D msm8974_platform: platform_set_snd_device_backend: backend_tag_table[line]: old = null new = headphones
07-08 01:45:16.534   651   765 D msm8974_platform: platform_set_snd_device_backend: hw_interface_table[8] = INT0_MI2S_RX
07-08 01:45:16.534   651   765 D msm8974_platform: platform_set_snd_device_backend: backend_tag_table[anc-headphones]: old = null new = headphones
07-08 01:45:16.534   651   765 D msm8974_platform: platform_set_snd_device_backend: hw_interface_table[69] = INT0_MI2S_RX
07-08 01:45:16.534   651   765 D msm8974_platform: platform_set_snd_device_backend: backend_tag_table[speaker-and-headphones]: old = null new = speaker-and-headphones
07-08 01:45:16.534   651   765 D msm8974_platform: platform_set_snd_device_backend: hw_interface_table[13] = INT4_MI2S_RX-and-INT0_MI2S_RX
07-08 01:45:16.534   651   765 D msm8974_platform: platform_set_snd_device_backend: backend_tag_table[speaker-and-line]: old = null new = speaker-and-headphones
07-08 01:45:16.534   651   765 D msm8974_platform: platform_set_snd_device_backend: hw_interface_table[16] = INT4_MI2S_RX-and-INT0_MI2S_RX
07-08 01:45:16.534   651   765 D msm8974_platform: platform_set_snd_device_backend: backend_tag_table[speaker-and-anc-headphones]: old = null new = speaker-and-headphones
07-08 01:45:16.534   651   765 D msm8974_platform: platform_set_snd_device_backend: hw_interface_table[73] = INT4_MI2S_RX-and-INT0_MI2S_RX
07-08 01:45:16.534   651   765 D msm8974_platform: platform_set_snd_device_backend: backend_tag_table[voice-headphones]: old = null new = headphones
07-08 01:45:16.534   651   765 D msm8974_platform: platform_set_snd_device_backend: hw_interface_table[26] = INT0_MI2S_RX
07-08 01:45:16.534   651   765 D msm8974_platform: platform_set_snd_device_backend: backend_tag_table[voice-anc-headphones]: old = null new = headphones
07-08 01:45:16.534   651   765 D msm8974_platform: platform_set_snd_device_backend: hw_interface_table[71] = INT0_MI2S_RX
07-08 01:45:16.534   651   765 D msm8974_platform: platform_set_snd_device_backend: backend_tag_table[voice-line]: old = null new = headphones
07-08 01:45:16.534   651   765 D msm8974_platform: platform_set_snd_device_backend: hw_interface_table[28] = INT0_MI2S_RX
07-08 01:45:16.534   651   765 D msm8974_platform: platform_set_snd_device_backend: backend_tag_table[voice-tty-full-headphones]: old = null new = headphones
07-08 01:45:16.534   651   765 D msm8974_platform: platform_set_snd_device_backend: hw_interface_table[49] = INT0_MI2S_RX
07-08 01:45:16.534   651   765 D msm8974_platform: platform_set_snd_device_backend: backend_tag_table[voice-tty-vco-headphones]: old = null new = headphones
07-08 01:45:16.534   651   765 D msm8974_platform: platform_set_snd_device_backend: hw_interface_table[51] = INT0_MI2S_RX
07-08 01:45:16.534   651   765 D msm8974_platform: platform_set_snd_device_backend: backend_tag_table[handset]: old = null new = (null)
07-08 01:45:16.534   651   765 D msm8974_platform: platform_set_snd_device_backend: hw_interface_table[1] = INT4_MI2S_RX
07-08 01:45:16.534   651   765 D msm8974_platform: platform_set_snd_device_backend: backend_tag_table[speaker]: old = null new = (null)
07-08 01:45:16.534   651   765 D msm8974_platform: platform_set_snd_device_backend: hw_interface_table[2] = INT4_MI2S_RX
07-08 01:45:16.534   651   765 D msm8974_platform: platform_set_snd_device_backend: backend_tag_table[speaker-ext-1]: old = null new = (null)
07-08 01:45:16.534   651   765 D msm8974_platform: platform_set_snd_device_backend: hw_interface_table[3] = INT4_MI2S_RX
07-08 01:45:16.534   651   765 D msm8974_platform: platform_set_snd_device_backend: backend_tag_table[speaker-ext-2]: old = null new = (null)
07-08 01:45:16.534   651   765 D msm8974_platform: platform_set_snd_device_backend: hw_interface_table[4] = INT4_MI2S_RX
07-08 01:45:16.534   651   765 D msm8974_platform: platform_set_snd_device_backend: backend_tag_table[speaker-reverse]: old = null new = (null)
07-08 01:45:16.534   651   765 D msm8974_platform: platform_set_snd_device_backend: hw_interface_table[5] = INT4_MI2S_RX
07-08 01:45:16.534   651   765 D msm8974_platform: platform_set_snd_device_backend: backend_tag_table[speaker-vbat]: old = null new = (null)
07-08 01:45:16.534   651   765 D msm8974_platform: platform_set_snd_device_backend: hw_interface_table[7] = INT4_MI2S_RX
07-08 01:45:16.534   651   765 D msm8974_platform: platform_set_snd_device_backend: backend_tag_table[speaker-and-headphones-ext-1]: old = null new = (null)
07-08 01:45:16.534   651   765 D msm8974_platform: platform_set_snd_device_backend: hw_interface_table[18] = INT4_MI2S_RX-and-INT0_MI2S_RX
07-08 01:45:16.534   651   765 D msm8974_platform: platform_set_snd_device_backend: backend_tag_table[speaker-and-headphones-ext-2]: old = null new = (null)
07-08 01:45:16.534   651   765 D msm8974_platform: platform_set_snd_device_backend: hw_interface_table[19] = INT4_MI2S_RX-and-INT0_MI2S_RX
07-08 01:45:16.534   651   765 D msm8974_platform: platform_set_snd_device_backend: backend_tag_table[voice-handset]: old = null new = (null)
07-08 01:45:16.534   651   765 D msm8974_platform: platform_set_snd_device_backend: hw_interface_table[20] = INT4_MI2S_RX
07-08 01:45:16.535   651   765 D msm8974_platform: platform_set_snd_device_backend: backend_tag_table[voice-speaker]: old = null new = (null)
07-08 01:45:16.535   651   765 D msm8974_platform: platform_set_snd_device_backend: hw_interface_table[21] = INT4_MI2S_RX
07-08 01:45:16.535   651   765 D msm8974_platform: platform_set_snd_device_backend: backend_tag_table[voice-speaker-vbat]: old = voice-speaker-vbat new = (null)
07-08 01:45:16.535   651   765 D msm8974_platform: platform_set_snd_device_backend: hw_interface_table[23] = INT4_MI2S_RX
07-08 01:45:16.535   651   765 D msm8974_platform: platform_set_snd_device_backend: backend_tag_table[voice-speaker-2]: old = null new = (null)
07-08 01:45:16.535   651   765 D msm8974_platform: platform_set_snd_device_backend: hw_interface_table[24] = INT4_MI2S_RX
07-08 01:45:16.535   651   765 D msm8974_platform: platform_set_snd_device_backend: backend_tag_table[voice-speaker-2-vbat]: old = voice-speaker-2-vbat new = (null)
07-08 01:45:16.535   651   765 D msm8974_platform: platform_set_snd_device_backend: hw_interface_table[25] = INT4_MI2S_RX
07-08 01:45:16.535   651   765 D msm8974_platform: platform_set_snd_device_backend: backend_tag_table[speaker-and-hdmi]: old = speaker-and-hdmi new = (null)
07-08 01:45:16.535   651   765 D msm8974_platform: platform_set_snd_device_backend: hw_interface_table[30] = INT4_MI2S_RX-and-HDMI
07-08 01:45:16.535   651   765 D msm8974_platform: platform_set_snd_device_backend: backend_tag_table[speaker-and-display-port]: old = speaker-and-display-port new = (null)
07-08 01:45:16.535   651   765 D msm8974_platform: platform_set_snd_device_backend: hw_interface_table[32] = INT4_MI2S_RX-and-DISPLAY_PORT
07-08 01:45:16.535   651   765 D msm8974_platform: platform_set_snd_device_backend: backend_tag_table[speaker-and-bt-sco]: old = null new = speaker-and-bt-sco
07-08 01:45:16.535   651   765 D msm8974_platform: platform_set_snd_device_backend: hw_interface_table[40] = SLIMBUS_0_RX-and-SLIMBUS_7_RX
07-08 01:45:16.535   651   765 D msm8974_platform: platform_set_snd_device_backend: backend_tag_table[speaker-and-bt-sco-wb]: old = null new = speaker-and-bt-sco-wb
07-08 01:45:16.535   651   765 D msm8974_platform: platform_set_snd_device_backend: hw_interface_table[42] = SLIMBUS_0_RX-and-SLIMBUS_7_RX
07-08 01:45:16.535   651   765 D msm8974_platform: platform_set_snd_device_backend: backend_tag_table[speaker-and-bt-a2dp]: old = speaker-and-bt-a2dp new = (null)
07-08 01:45:16.535   651   765 D msm8974_platform: platform_set_snd_device_backend: hw_interface_table[37] = INT4_MI2S_RX-and-SLIMBUS_7_RX
07-08 01:45:16.535   651   765 D msm8974_platform: platform_set_snd_device_backend: backend_tag_table[voice-tty-hco-handset]: old = null new = (null)
07-08 01:45:16.535   651   765 D msm8974_platform: platform_set_snd_device_backend: hw_interface_table[53] = INT4_MI2S_RX
07-08 01:45:16.536   651   765 D msm8974_platform: platform_set_snd_device_backend: backend_tag_table[anc-fb-headphones]: old = null new = (null)
07-08 01:45:16.536   651   765 D msm8974_platform: platform_set_snd_device_backend: hw_interface_table[70] = INT0_MI2S_RX
07-08 01:45:16.536   651   765 D msm8974_platform: platform_set_snd_device_backend: backend_tag_table[voice-anc-fb-headphones]: old = null new = (null)
07-08 01:45:16.536   651   765 D msm8974_platform: platform_set_snd_device_backend: hw_interface_table[72] = INT0_MI2S_RX
07-08 01:45:16.536   651   765 D msm8974_platform: platform_set_snd_device_backend: backend_tag_table[anc-handset]: old = null new = (null)
07-08 01:45:16.536   651   765 D msm8974_platform: platform_set_snd_device_backend: hw_interface_table[75] = INT4_MI2S_RX
07-08 01:45:16.536   651   765 D msm8974_platform: platform_set_snd_device_backend: backend_tag_table[speaker-protected]: old = null new = (null)
07-08 01:45:16.536   651   765 D msm8974_platform: platform_set_snd_device_backend: hw_interface_table[76] = INT4_MI2S_RX
07-08 01:45:16.536   651   765 D msm8974_platform: platform_set_snd_device_backend: backend_tag_table[voice-speaker-protected]: old = null new = (null)
07-08 01:45:16.536   651   765 D msm8974_platform: platform_set_snd_device_backend: hw_interface_table[77] = INT4_MI2S_RX
07-08 01:45:16.536   651   765 D msm8974_platform: platform_set_snd_device_backend: backend_tag_table[voice-speaker-2-protected]: old = null new = (null)
07-08 01:45:16.536   651   765 D msm8974_platform: platform_set_snd_device_backend: hw_interface_table[78] = INT4_MI2S_RX
07-08 01:45:16.536   651   765 D msm8974_platform: platform_set_snd_device_backend: backend_tag_table[speaker-protected-vbat]: old = null new = (null)
07-08 01:45:16.536   651   765 D msm8974_platform: platform_set_snd_device_backend: hw_interface_table[80] = INT4_MI2S_RX
07-08 01:45:16.536   651   765 D msm8974_platform: platform_set_snd_device_backend: backend_tag_table[voice-speaker-protected-vbat]: old = null new = (null)
07-08 01:45:16.536   651   765 D msm8974_platform: platform_set_snd_device_backend: hw_interface_table[81] = INT4_MI2S_RX
07-08 01:45:16.536   651   765 D msm8974_platform: platform_set_snd_device_backend: backend_tag_table[voice-speaker-2-protected-vbat]: old = null new = (null)
07-08 01:45:16.536   651   765 D msm8974_platform: platform_set_snd_device_backend: hw_interface_table[82] = INT4_MI2S_RX
07-08 01:45:16.536   651   765 D msm8974_platform: platform_set_snd_device_backend: backend_tag_table[wsa-speaker]: old = null new = (null)
07-08 01:45:16.536   651   765 D msm8974_platform: platform_set_snd_device_backend: hw_interface_table[83] = INT4_MI2S_RX
07-08 01:45:16.536   651   765 D msm8974_platform: platform_set_snd_device_backend: backend_tag_table[wsa-voice-speaker]: old = null new = (null)
07-08 01:45:16.536   651   765 D msm8974_platform: platform_set_snd_device_backend: hw_interface_table[84] = INT4_MI2S_RX
07-08 01:45:16.537   651   765 D msm8974_platform: platform_set_snd_device_backend: backend_tag_table[wsa-voice-speaker-2]: old = null new = (null)
07-08 01:45:16.537   651   765 D msm8974_platform: platform_set_snd_device_backend: hw_interface_table[85] = INT4_MI2S_RX
07-08 01:45:16.537   651   765 D msm8974_platform: platform_set_snd_device_backend: backend_tag_table[handset-mic]: old = null new = (null)
07-08 01:45:16.537   651   765 D msm8974_platform: platform_set_snd_device_backend: hw_interface_table[102] = INT3_MI2S_TX
07-08 01:45:16.537   651   765 D msm8974_platform: platform_set_snd_device_backend: backend_tag_table[handset-mic-ext]: old = null new = (null)
07-08 01:45:16.537   651   765 D msm8974_platform: platform_set_snd_device_backend: hw_interface_table[104] = INT3_MI2S_TX
07-08 01:45:16.537   651   765 D msm8974_platform: platform_set_snd_device_backend: backend_tag_table[handset-mic]: old = null new = (null)
07-08 01:45:16.537   651   765 D msm8974_platform: platform_set_snd_device_backend: hw_interface_table[105] = INT3_MI2S_TX
07-08 01:45:16.537   651   765 D msm8974_platform: platform_set_snd_device_backend: backend_tag_table[handset-mic]: old = null new = (null)
07-08 01:45:16.537   651   765 D msm8974_platform: platform_set_snd_device_backend: hw_interface_table[107] = INT3_MI2S_TX
07-08 01:45:16.537   651   765 D msm8974_platform: platform_set_snd_device_backend: backend_tag_table[handset-mic]: old = null new = (null)
07-08 01:45:16.537   651   765 D msm8974_platform: platform_set_snd_device_backend: hw_interface_table[109] = INT3_MI2S_TX
07-08 01:45:16.537   651   765 D msm8974_platform: platform_set_snd_device_backend: backend_tag_table[dmic-endfire]: old = null new = (null)
07-08 01:45:16.537   651   765 D msm8974_platform: platform_set_snd_device_backend: hw_interface_table[111] = INT3_MI2S_TX
07-08 01:45:16.537   651   765 D msm8974_platform: platform_set_snd_device_backend: backend_tag_table[dmic-endfire]: old = null new = (null)
07-08 01:45:16.537   651   765 D msm8974_platform: platform_set_snd_device_backend: hw_interface_table[112] = INT3_MI2S_TX
07-08 01:45:16.537   651   765 D msm8974_platform: platform_set_snd_device_backend: backend_tag_table[dmic-endfire]: old = null new = (null)
07-08 01:45:16.537   651   765 D msm8974_platform: platform_set_snd_device_backend: hw_interface_table[114] = INT3_MI2S_TX
07-08 01:45:16.537   651   765 D msm8974_platform: platform_set_snd_device_backend: backend_tag_table[dmic-endfire]: old = null new = (null)
07-08 01:45:16.537   651   765 D msm8974_platform: platform_set_snd_device_backend: hw_interface_table[116] = INT3_MI2S_TX
07-08 01:45:16.537   651   765 D msm8974_platform: platform_set_snd_device_backend: backend_tag_table[speaker-mic]: old = null new = (null)
07-08 01:45:16.537   651   765 D msm8974_platform: platform_set_snd_device_backend: hw_interface_table[118] = INT3_MI2S_TX
07-08 01:45:16.537   651   765 D msm8974_platform: platform_set_snd_device_backend: backend_tag_table[speaker-mic]: old = null new = (null)
07-08 01:45:16.537   651   765 D msm8974_platform: platform_set_snd_device_backend: hw_interface_table[120] = INT3_MI2S_TX
07-08 01:45:16.537   651   765 D msm8974_platform: platform_set_snd_device_backend: backend_tag_table[speaker-mic]: old = null new = (null)
07-08 01:45:16.537   651   765 D msm8974_platform: platform_set_snd_device_backend: hw_interface_table[122] = INT3_MI2S_TX
07-08 01:45:16.537   651   765 D msm8974_platform: platform_set_snd_device_backend: backend_tag_table[speaker-mic]: old = null new = (null)
07-08 01:45:16.537   651   765 D msm8974_platform: platform_set_snd_device_backend: hw_interface_table[124] = INT3_MI2S_TX
07-08 01:45:16.537   651   765 D msm8974_platform: platform_set_snd_device_backend: backend_tag_table[speaker-dmic-endfire]: old = null new = (null)
07-08 01:45:16.537   651   765 D msm8974_platform: platform_set_snd_device_backend: hw_interface_table[126] = INT3_MI2S_TX
07-08 01:45:16.537   651   765 D msm8974_platform: platform_set_snd_device_backend: backend_tag_table[speaker-dmic-endfire]: old = null new = (null)
07-08 01:45:16.537   651   765 D msm8974_platform: platform_set_snd_device_backend: hw_interface_table[127] = INT3_MI2S_TX
07-08 01:45:16.537   651   765 D msm8974_platform: platform_set_snd_device_backend: backend_tag_table[speaker-dmic-endfire]: old = null new = (null)
07-08 01:45:16.537   651   765 D msm8974_platform: platform_set_snd_device_backend: hw_interface_table[129] = INT3_MI2S_TX
07-08 01:45:16.537   651   765 D msm8974_platform: platform_set_snd_device_backend: backend_tag_table[speaker-dmic-endfire]: old = null new = (null)
07-08 01:45:16.537   651   765 D msm8974_platform: platform_set_snd_device_backend: hw_interface_table[131] = INT3_MI2S_TX
07-08 01:45:16.537   651   765 D msm8974_platform: platform_set_snd_device_backend: backend_tag_table[headset-mic]: old = null new = (null)
07-08 01:45:16.537   651   765 D msm8974_platform: platform_set_snd_device_backend: hw_interface_table[133] = INT3_MI2S_TX
07-08 01:45:16.537   651   765 D msm8974_platform: platform_set_snd_device_backend: backend_tag_table[headset-mic]: old = null new = (null)
07-08 01:45:16.537   651   765 D msm8974_platform: platform_set_snd_device_backend: hw_interface_table[135] = INT3_MI2S_TX
07-08 01:45:16.537   651   765 D msm8974_platform: platform_set_snd_device_backend: backend_tag_table[voice-speaker-mic]: old = null new = (null)
07-08 01:45:16.537   651   765 D msm8974_platform: platform_set_snd_device_backend: hw_interface_table[136] = INT3_MI2S_TX
07-08 01:45:16.537   651   765 D msm8974_platform: platform_set_snd_device_backend: backend_tag_table[voice-headset-mic]: old = null new = (null)
07-08 01:45:16.537   651   765 D msm8974_platform: platform_set_snd_device_backend: hw_interface_table[139] = INT3_MI2S_TX
07-08 01:45:16.537   651   765 D msm8974_platform: platform_set_snd_device_backend: backend_tag_table[hdmi-in]: old = hdmi-in new = (null)
07-08 01:45:16.537   651   765 D msm8974_platform: platform_set_snd_device_backend: hw_interface_table[141] = HDMI
07-08 01:45:16.537   651   765 D msm8974_platform: platform_set_snd_device_backend: backend_tag_table[bt-sco-mic]: old = bt-sco new = (null)
07-08 01:45:16.537   651   765 D msm8974_platform: platform_set_snd_device_backend: hw_interface_table[143] = SLIMBUS_7_TX
07-08 01:45:16.537   651   765 D msm8974_platform: platform_set_snd_device_backend: backend_tag_table[bt-sco-mic]: old = bt-sco new = (null)
07-08 01:45:16.537   651   765 D msm8974_platform: platform_set_snd_device_backend: hw_interface_table[144] = SLIMBUS_7_TX
07-08 01:45:16.537   651   765 D msm8974_platform: platform_set_snd_device_backend: backend_tag_table[bt-sco-mic-wb]: old = bt-sco-wb new = (null)
07-08 01:45:16.537   651   765 D msm8974_platform: platform_set_snd_device_backend: hw_interface_table[145] = SLIMBUS_7_TX
07-08 01:45:16.538   651   765 D msm8974_platform: platform_set_snd_device_backend: backend_tag_table[bt-sco-mic-wb]: old = bt-sco-wb new = (null)
07-08 01:45:16.538   651   765 D msm8974_platform: platform_set_snd_device_backend: hw_interface_table[146] = SLIMBUS_7_TX
07-08 01:45:16.538   651   765 D msm8974_platform: platform_set_snd_device_backend: backend_tag_table[camcorder-mic]: old = null new = (null)
07-08 01:45:16.538   651   765 D msm8974_platform: platform_set_snd_device_backend: hw_interface_table[150] = INT3_MI2S_TX
07-08 01:45:16.538   651   765 D msm8974_platform: platform_set_snd_device_backend: backend_tag_table[voice-dmic-ef]: old = null new = (null)
07-08 01:45:16.538   651   765 D msm8974_platform: platform_set_snd_device_backend: hw_interface_table[151] = INT3_MI2S_TX
07-08 01:45:16.538   651   765 D msm8974_platform: platform_set_snd_device_backend: backend_tag_table[voice-speaker-dmic-ef]: old = null new = (null)
07-08 01:45:16.538   651   765 D msm8974_platform: platform_set_snd_device_backend: hw_interface_table[154] = INT3_MI2S_TX
07-08 01:45:16.538   651   765 D msm8974_platform: platform_set_snd_device_backend: backend_tag_table[voice-speaker-qmic]: old = null new = (null)
07-08 01:45:16.538   651   765 D msm8974_platform: platform_set_snd_device_backend: hw_interface_table[157] = INT3_MI2S_TX
07-08 01:45:16.538   651   765 D msm8974_platform: platform_set_snd_device_backend: backend_tag_table[voice-tty-full-headset-mic]: old = null new = (null)
07-08 01:45:16.538   651   765 D msm8974_platform: platform_set_snd_device_backend: hw_interface_table[158] = INT3_MI2S_TX
07-08 01:45:16.538   651   765 D msm8974_platform: platform_set_snd_device_backend: backend_tag_table[voice-tty-vco-handset-mic]: old = null new = (null)
07-08 01:45:16.538   651   765 D msm8974_platform: platform_set_snd_device_backend: hw_interface_table[159] = INT3_MI2S_TX
07-08 01:45:16.538   651   765 D msm8974_platform: platform_set_snd_device_backend: backend_tag_table[voice-tty-hco-headset-mic]: old = null new = (null)
07-08 01:45:16.538   651   765 D msm8974_platform: platform_set_snd_device_backend: hw_interface_table[160] = INT3_MI2S_TX
07-08 01:45:16.538   651   765 D msm8974_platform: platform_set_snd_device_backend: backend_tag_table[voice-rec-mic]: old = null new = (null)
07-08 01:45:16.538   651   765 D msm8974_platform: platform_set_snd_device_backend: hw_interface_table[163] = INT3_MI2S_TX
07-08 01:45:16.538   651   765 D msm8974_platform: platform_set_snd_device_backend: backend_tag_table[voice-rec-mic]: old = null new = (null)
07-08 01:45:16.538   651   765 D msm8974_platform: platform_set_snd_device_backend: hw_interface_table[164] = INT3_MI2S_TX
07-08 01:45:16.538   651   765 D msm8974_platform: platform_set_snd_device_backend: backend_tag_table[voice-rec-dmic-ef]: old = null new = (null)
07-08 01:45:16.538   651   765 D msm8974_platform: platform_set_snd_device_backend: hw_interface_table[167] = INT3_MI2S_TX
07-08 01:45:16.538   651   765 D msm8974_platform: platform_set_snd_device_backend: backend_tag_table[voice-rec-dmic-ef-fluence]: old = null new = (null)
07-08 01:45:16.538   651   765 D msm8974_platform: platform_set_snd_device_backend: hw_interface_table[168] = INT3_MI2S_TX
07-08 01:45:16.538   651   765 D msm8974_platform: platform_set_snd_device_backend: backend_tag_table[aanc-handset-mic]: old = null new = (null)
07-08 01:45:16.538   651   765 D msm8974_platform: platform_set_snd_device_backend: hw_interface_table[181] = INT3_MI2S_TX
07-08 01:45:16.538   651   765 D msm8974_platform: platform_set_snd_device_backend: backend_tag_table[quad-mic]: old = null new = (null)
07-08 01:45:16.538   651   765 D msm8974_platform: platform_set_snd_device_backend: hw_interface_table[182] = INT3_MI2S_TX
07-08 01:45:16.538   651   765 E msm8974_platform: find_index: Could not find index for name = SND_DEVICE_IN_HANDSET_STEREO_DMIC
07-08 01:45:16.538   651   765 E platform_info: process_backend_name: Device SND_DEVICE_IN_HANDSET_STEREO_DMIC not found, no ACDB ID set!
07-08 01:45:16.538   651   765 E msm8974_platform: find_index: Could not find index for name = SND_DEVICE_IN_SPEAKER_STEREO_DMIC
07-08 01:45:16.538   651   765 E platform_info: process_backend_name: Device SND_DEVICE_IN_SPEAKER_STEREO_DMIC not found, no ACDB ID set!
07-08 01:45:16.538   651   765 D msm8974_platform: platform_set_snd_device_backend: backend_tag_table[vi-feedback]: old = null new = (null)
07-08 01:45:16.538   651   765 D msm8974_platform: platform_set_snd_device_backend: hw_interface_table[185] = INT5_MI2S_TX
07-08 01:45:16.538   651   765 D msm8974_platform: platform_set_snd_device_backend: backend_tag_table[vi-feedback-mono-1]: old = null new = (null)
07-08 01:45:16.538   651   765 D msm8974_platform: platform_set_snd_device_backend: hw_interface_table[186] = INT5_MI2S_TX
07-08 01:45:16.538   651   765 D msm8974_platform: platform_set_snd_device_backend: backend_tag_table[vi-feedback-mono-2]: old = null new = (null)
07-08 01:45:16.538   651   765 D msm8974_platform: platform_set_snd_device_backend: hw_interface_table[187] = INT5_MI2S_TX
07-08 01:45:16.538   651   765 D msm8974_platform: platform_set_snd_device_backend: backend_tag_table[voice-speaker-dmic-broadside]: old = null new = (null)
07-08 01:45:16.538   651   765 D msm8974_platform: platform_set_snd_device_backend: hw_interface_table[188] = INT3_MI2S_TX
07-08 01:45:16.538   651   765 D msm8974_platform: platform_set_snd_device_backend: backend_tag_table[speaker-dmic-broadside]: old = null new = (null)
07-08 01:45:16.538   651   765 D msm8974_platform: platform_set_snd_device_backend: hw_interface_table[189] = INT3_MI2S_TX
07-08 01:45:16.539   651   765 D msm8974_platform: platform_set_snd_device_backend: backend_tag_table[speaker-dmic-broadside]: old = null new = (null)
07-08 01:45:16.539   651   765 D msm8974_platform: platform_set_snd_device_backend: hw_interface_table[190] = INT3_MI2S_TX
07-08 01:45:16.539   651   765 D msm8974_platform: platform_set_snd_device_backend: backend_tag_table[speaker-dmic-broadside]: old = null new = (null)
07-08 01:45:16.539   651   765 D msm8974_platform: platform_set_snd_device_backend: hw_interface_table[191] = INT3_MI2S_TX
07-08 01:45:16.539   651   765 D msm8974_platform: platform_set_snd_device_backend: backend_tag_table[speaker-dmic-broadside]: old = null new = (null)
07-08 01:45:16.539   651   765 D msm8974_platform: platform_set_snd_device_backend: hw_interface_table[192] = INT3_MI2S_TX
07-08 01:45:16.539   651   765 D msm8974_platform: platform_set_snd_device_backend: backend_tag_table[aanc-handset-mic]: old = null new = (null)
07-08 01:45:16.539   651   765 D msm8974_platform: platform_set_snd_device_backend: hw_interface_table[193] = INT3_MI2S_TX
07-08 01:45:16.539   651   765 D msm8974_platform: platform_set_snd_device_backend: backend_tag_table[quad-mic]: old = null new = (null)
07-08 01:45:16.539   651   765 D msm8974_platform: platform_set_snd_device_backend: hw_interface_table[194] = INT3_MI2S_TX
07-08 01:45:16.539   651   765 D msm8974_platform: platform_set_snd_device_backend: backend_tag_table[quad-mic]: old = null new = (null)
07-08 01:45:16.539   651   765 D msm8974_platform: platform_set_snd_device_backend: hw_interface_table[196] = INT3_MI2S_TX
07-08 01:45:16.539   651   765 D msm8974_platform: platform_set_snd_device_backend: backend_tag_table[quad-mic]: old = null new = (null)
07-08 01:45:16.539   651   765 D msm8974_platform: platform_set_snd_device_backend: hw_interface_table[197] = INT3_MI2S_TX
07-08 01:45:16.539   651   765 D msm8974_platform: platform_set_snd_device_backend: backend_tag_table[quad-mic]: old = null new = (null)
07-08 01:45:16.539   651   765 D msm8974_platform: platform_set_snd_device_backend: hw_interface_table[198] = INT3_MI2S_TX
07-08 01:45:16.539   651   765 D msm8974_platform: platform_set_snd_device_backend: backend_tag_table[three-mic]: old = null new = (null)
07-08 01:45:16.539   651   765 D msm8974_platform: platform_set_snd_device_backend: hw_interface_table[200] = INT3_MI2S_TX
07-08 01:45:16.539   651   765 D msm8974_platform: platform_set_snd_device_backend: backend_tag_table[three-mic]: old = null new = (null)
07-08 01:45:16.539   651   765 D msm8974_platform: platform_set_snd_device_backend: hw_interface_table[202] = INT3_MI2S_TX
07-08 01:45:16.539   651   765 D msm8974_platform: platform_set_snd_device_backend: backend_tag_table[three-mic]: old = null new = (null)
07-08 01:45:16.539   651   765 D msm8974_platform: platform_set_snd_device_backend: hw_interface_table[209] = INT3_MI2S_TX
07-08 01:45:16.539   651   765 D msm8974_platform: platform_set_snd_device_backend: backend_tag_table[unprocessed-mic]: old = null new = (null)
07-08 01:45:16.539   651   765 D msm8974_platform: platform_set_snd_device_backend: hw_interface_table[210] = INT3_MI2S_TX
07-08 01:45:16.539   651   765 D msm8974_platform: platform_set_snd_device_backend: backend_tag_table[unprocessed-stereo-mic]: old = null new = (null)
07-08 01:45:16.539   651   765 D msm8974_platform: platform_set_snd_device_backend: hw_interface_table[211] = INT3_MI2S_TX
07-08 01:45:16.539   651   765 D msm8974_platform: platform_set_snd_device_backend: backend_tag_table[unprocessed-three-mic]: old = null new = (null)
07-08 01:45:16.539   651   765 D msm8974_platform: platform_set_snd_device_backend: hw_interface_table[212] = INT3_MI2S_TX
07-08 01:45:16.539   651   765 D msm8974_platform: platform_set_snd_device_backend: backend_tag_table[unprocessed-quad-mic]: old = null new = (null)
07-08 01:45:16.539   651   765 D msm8974_platform: platform_set_snd_device_backend: hw_interface_table[213] = INT3_MI2S_TX
07-08 01:45:16.539   651   765 D msm8974_platform: platform_set_snd_device_backend: backend_tag_table[unprocessed-headset-mic]: old = null new = (null)
07-08 01:45:16.539   651   765 D msm8974_platform: platform_set_snd_device_backend: hw_interface_table[214] = INT3_MI2S_TX
07-08 01:45:16.539   651   765 E msm8974_platform: find_index: Could not find index for name = SND_DEVICE_OUT_VOICE_SPEAKER_AND_VOICE_HEADPHONES
07-08 01:45:16.539   651   765 E platform_info: process_backend_name: Device SND_DEVICE_OUT_VOICE_SPEAKER_AND_VOICE_HEADPHONES not found, no ACDB ID set!
07-08 01:45:16.539   651   765 E msm8974_platform: find_index: Could not find index for name = SND_DEVICE_OUT_VOICE_SPEAKER_AND_VOICE_ANC_HEADSET
07-08 01:45:16.539   651   765 E platform_info: process_backend_name: Device SND_DEVICE_OUT_VOICE_SPEAKER_AND_VOICE_ANC_HEADSET not found, no ACDB ID set!
07-08 01:45:16.539   651   765 D msm8974_platform: platform_set_snd_device_backend: backend_tag_table[handset-stereo-dmic-ef]: old = null new = (null)
07-08 01:45:16.539   651   765 D msm8974_platform: platform_set_snd_device_backend: hw_interface_table[183] = INT3_MI2S_TX
07-08 01:45:16.539   651   765 D msm8974_platform: platform_set_snd_device_backend: backend_tag_table[hdmi]: old = hdmi new = (null)
07-08 01:45:16.539   651   765 D msm8974_platform: platform_set_snd_device_backend: hw_interface_table[29] = PRI_MI2S_RX
07-08 01:45:16.541   651   765 E msm8974_platform: find_index: Could not find index for name = SND_DEVICE_IN_HANDSET_STEREO_DMIC
07-08 01:45:16.541   651   765 E platform_info: process_snd_dev: Sound device not valid
07-08 01:45:16.541   651   765 E platform_info: start_tag: Error in previous tags, do not process mic info
07-08 01:45:16.541   651   765 E platform_info: start_tag: Error in previous tags, do not process mic info
07-08 01:45:16.541   651   765 E msm8974_platform: find_index: Could not find index for name = SND_DEVICE_IN_SPEAKER_STEREO_DMIC
07-08 01:45:16.541   651   765 E platform_info: process_snd_dev: Sound device not valid
07-08 01:45:16.541   651   765 E platform_info: start_tag: Error in previous tags, do not process mic info
07-08 01:45:16.541   651   765 E platform_info: start_tag: Error in previous tags, do not process mic info
07-08 01:45:16.545   651   765 E audio_hw_extn: audio_extn_perf_lock_acquire: Failed to acquire perf lock, err: -1
07-08 01:45:16.545   651   765 D msm8974_platform: platform_init: Loading mixer file: /vendor/etc/mixer_paths_i40typec.xml
07-08 01:45:16.546     0     0 E         : msm_qti_pp_get_rms_value_control, back not active to query rms be_idx:3
07-08 01:45:16.561     0     0 I core_get_license_status: cmdrsp_license_result.result = 0x15 for module 0x131ff
07-08 01:45:16.562     0     0 E msm_ext_disp_update_audio_ops: Display not found (EXT_DISPLAY_TYPE_DP) ctld (0) stream (0)
07-08 01:45:16.562     0     0 I chatty  : uid=0(root) logd identical 1 line
07-08 01:45:16.562     0     0 E msm_ext_disp_update_audio_ops: Display not found (EXT_DISPLAY_TYPE_DP) ctld (0) stream (0)
07-08 01:45:16.562     0     0 E msm-ext-disp-audio-codec-rx soc: qcom,msm-ext-disp:qcom,msm-ext-disp-audio-codec-rx: msm_ext_disp_audio_type_get: get_audio_edid_blk() or get_intf_id is NULL
07-08 01:45:16.563     0     0 E msm_ext_disp_update_audio_ops: Display not found (EXT_DISPLAY_TYPE_DP) ctld (0) stream (0)
07-08 01:45:16.563     0     0 E msm-ext-disp-audio-codec-rx soc: qcom,msm-ext-disp:qcom,msm-ext-disp-audio-codec-rx: msm_ext_disp_audio_type_get: get_audio_edid_blk() or get_intf_id is NULL
07-08 01:45:16.582   723  1103 I tftp_server: pid=723 tid=1103 tftp-server : INF :[tftp_server.c, 1499] WRQ stats : total-blocks = 1 : total-bytes = 5 : 5 timedout-pkts = 0, wrong-pkts = 0
07-08 01:45:16.582   723  1103 I tftp_server: pid=723 tid=1103 tftp-server : INF :[tftp_server.c, 1507] WRQ file stats [port: 29]: Total : [fwrite, fflush] = [10, 2125] max: 10 min: 0
07-08 01:45:16.582   723  1103 I tftp_server: pid=723 tid=1103 tftp-server : INF :[tftp_server.c, 1511] WRQ time stats : Total : [TX, RX] = [272, 1055778]
07-08 01:45:16.582   723  1103 I tftp_server: pid=723 tid=1103 tftp-server : INF :[tftp_server.c, 1515] WRQ time stats : Tx [Min, Max] = [29, 243]
07-08 01:45:16.582   723  1103 I tftp_server: pid=723 tid=1103 tftp-server : INF :[tftp_server.c, 1520] WRQ time stats [port : 29]: Rx [Min, Max] = [4676, 1051102]
07-08 01:45:16.582   723  1103 I tftp_server: pid=723 tid=1103 tftp-server : INF :[tftp_server.c, 1807] WRQ Total API = 1060210
07-08 01:45:16.589     0     0 E         : msm_pcm_path_latency_ctl_get substream runtime not found
07-08 01:45:16.605     0     0 I chatty  : uid=0(root) logd identical 4 lines
07-08 01:45:16.606   931   993 I ServiceManager: Waiting for service 'package_native' on '/dev/binder'...
07-08 01:45:16.613     0     0 E         : msm_pcm_path_latency_ctl_get substream runtime not found
07-08 01:45:16.653     0     0 I sn65dsi86_dsi2edp_enable_lately_2nd_part: DisplayPort Link Semi-Auto train Success!!
07-08 01:45:16.704   611   611 I Zygote  : Preloading resources...
07-08 01:45:16.706   931   993 I ServiceManager: Waiting for service 'package_native' on '/dev/binder'...
07-08 01:45:16.723   611   611 W Resources: Preloaded drawable resource #0x108027d (android:drawable/dialog_background_material) that varies with configuration!!
07-08 01:45:16.743   611   611 I Zygote  : ...preloaded 64 resources in 39ms.
07-08 01:45:16.747   611   611 I Zygote  : ...preloaded 41 resources in 4ms.
07-08 01:45:16.775   611   611 D libEGL  : loaded /vendor/lib64/egl/libEGL_adreno.so
07-08 01:45:16.780   723  1106 I tftp_server: pid=723 tid=1106 tftp-server : INF :[tftp_server.c, 1318] RRQ stats [port: 3689408]: sent_size = 40 total-blocks = 481 total-bytes = 3689408 timedout-pkts = 
07-08 01:45:16.780   723  1106 I tftp_server: pid=723 tid=1106 tftp-server : INF :[tftp_server.c, 1325] RRQ file stats [port: 40]: fread [Total, Max, Min] = [13103, 1305, 0]
07-08 01:45:16.780   723  1106 I tftp_server: pid=723 tid=1106 tftp-server : INF :[tftp_server.c, 1329] RRQ time stats : Total : [TX, RX] = [989301, 235937]
07-08 01:45:16.780   723  1106 I tftp_server: pid=723 tid=1106 tftp-server : INF :[tftp_server.c, 1336] RRQ time stats [port: 40]: Tx/Rx [Min, Max] = [17, 10651, 260, 7312]
07-08 01:45:16.780   723  1106 I tftp_server: pid=723 tid=1106 tftp-server : INF :[tftp_server.c, 1352] RRQ was successfully processed.
07-08 01:45:16.780   723  1106 I tftp_server: pid=723 tid=1106 tftp-server : INF :[tftp_server.c, 1807] RRQ Total API = 1246390
07-08 01:45:16.786   651   651 E audio_route: Control 'LSM6 Mixer INT3_MI2S_TX' doesn't exist - skipping
07-08 01:45:16.786   651   651 E audio_route: Control 'LSM7 Mixer INT3_MI2S_TX' doesn't exist - skipping
07-08 01:45:16.787   651   651 E audio_route: Control 'LSM8 Mixer INT3_MI2S_TX' doesn't exist - skipping
07-08 01:45:16.789   651   651 E audio_route: Control 'LSM6 Mixer INT3_MI2S_TX' doesn't exist - skipping
07-08 01:45:16.789   651   651 E audio_route: Control 'LSM7 Mixer INT3_MI2S_TX' doesn't exist - skipping
07-08 01:45:16.789   651   651 E audio_route: Control 'LSM8 Mixer INT3_MI2S_TX' doesn't exist - skipping
07-08 01:45:16.790   651   651 E audio_route: Control 'LSM6 Mixer INT3_MI2S_TX' doesn't exist - skipping
07-08 01:45:16.790   651   651 E audio_route: Control 'LSM7 Mixer INT3_MI2S_TX' doesn't exist - skipping
07-08 01:45:16.791   651   651 E audio_route: Control 'LSM8 Mixer INT3_MI2S_TX' doesn't exist - skipping
07-08 01:45:16.804   651   651 W sound_trigger_platform: load_acdb: acdb_loader_send_listen_device_cal_v1 not found. undefined symbol: acdb_loader_send_listen_device_cal_v1
07-08 01:45:16.805   651   651 W sound_trigger_platform: load_acdb: acdb_loader_send_listen_lsm_cal_v1 not found. undefined symbol: acdb_loader_send_listen_lsm_cal_v1
07-08 01:45:16.805   651   651 I audio_hw_extn: audio_extn_set_snd_card_split: snd_card_name(sdm660-snd-card-i40typec) device(sdm660) snd_card(snd) form_factor(card)
07-08 01:45:16.805   651   651 D platform_info: platform_info_init: platform info file name is audio_platform_info.xml
07-08 01:45:16.805   651   651 D platform_info: platform_info_init: Failed to open audio_platform_info.xml, using defaults.
07-08 01:45:16.805   651   651 E audio_hw_acdb: acdb_init_v2: dlsym error undefined symbol: acdb_loader_init_v4 for acdb_loader_init_v4
07-08 01:45:16.805   651   651 D ACDB-LOADER: ACDB -> No .acdb files found in /vendor/etc/acdbdata!
07-08 01:45:16.805   651   651 D ACDB-LOADER: ACDB -> found 0 form factor & soundcard independant files
07-08 01:45:16.805   651   651 I ACDB-LOADER: ACDB -> Load EANS on ACDB
07-08 01:45:16.805   651   651 I ACDB-LOADER: ACDB -> Load cts off ACDB
07-08 01:45:16.806   651   651 D ACDB-LOADER: ACDB -> Load file: /vendor/etc/acdbdata/QRD/sdm660-snd-card-i40typec/QRD_I40_TYPEC_Handset_cal.acdb
07-08 01:45:16.806   651   651 D ACDB-LOADER: ACDB -> Load file: /vendor/etc/acdbdata/QRD/sdm660-snd-card-i40typec/QRD_I40_TYPEC_General_cal.acdb
07-08 01:45:16.806   651   651 D ACDB-LOADER: ACDB -> Load file: /vendor/etc/acdbdata/QRD/sdm660-snd-card-i40typec/QRD_I40_TYPEC_Headset_cal.acdb
07-08 01:45:16.806   651   651 D ACDB-LOADER: ACDB -> Load file: /vendor/etc/acdbdata/QRD/sdm660-snd-card-i40typec/QRD_I40_TYPEC_Bluetooth_cal.acdb
07-08 01:45:16.806   651   651 D ACDB-LOADER: ACDB -> Load file: /vendor/etc/acdbdata/QRD/sdm660-snd-card-i40typec/QRD_I40_TYPEC_Hdmi_cal.acdb
07-08 01:45:16.806   651   651 D ACDB-LOADER: ACDB -> Load file: /vendor/etc/acdbdata/QRD/sdm660-snd-card-i40typec/QRD_I40_TYPEC_Global_cal.acdb
07-08 01:45:16.806   651   651 D ACDB-LOADER: ACDB -> Load file: /vendor/etc/acdbdata/QRD/sdm660-snd-card-i40typec/QRD_I40_TYPEC_Speaker_cal.acdb
07-08 01:45:16.806   651   651 D ACDB-LOADER: ACDB -> Load file: /vendor/etc/acdbdata/QRD/sdm660-snd-card-i40typec/QRD_I40_TYPEC_workspaceFile.qwsp
07-08 01:45:16.806   651   651 D ACDB-LOADER: ACDB -> ACDB_CMD_INITIALIZE_V2
07-08 01:45:16.807   931   993 I ServiceManager: Waiting for service 'package_native' on '/dev/binder'...
07-08 01:45:16.809   651   651 D         : [ACDB Command]->SW Minor/Major/Revision version info for /vendor/etc/acdbdata/QRD/sdm660-snd-card-i40typec/QRD_I40_TYPEC_Handset_cal.acdb
07-08 01:45:16.809   651   651 D         : [ACDB Command]->ACDB Sw Major = 9, ACDB Sw Minor = 0, ACDB Sw Revision = 4, ACDB Sw Cpl Number = 0
07-08 01:45:16.809   651   651 D         : [ACDB Command]->ACDB File Major = 9, ACDB File Minor = 0, ACDB File Revision = 11, ACDB File Cpl Number = 0
07-08 01:45:16.810   651   651 D         : [ACDB Command]->SW Minor/Major/Revision version info for /vendor/etc/acdbdata/QRD/sdm660-snd-card-i40typec/QRD_I40_TYPEC_General_cal.acdb
07-08 01:45:16.810   651   651 D         : [ACDB Command]->ACDB Sw Major = 9, ACDB Sw Minor = 0, ACDB Sw Revision = 4, ACDB Sw Cpl Number = 0
07-08 01:45:16.810   651   651 D         : [ACDB Command]->ACDB File Major = 9, ACDB File Minor = 0, ACDB File Revision = 11, ACDB File Cpl Number = 0
07-08 01:45:16.811   651   651 D         : [ACDB Command]->SW Minor/Major/Revision version info for /vendor/etc/acdbdata/QRD/sdm660-snd-card-i40typec/QRD_I40_TYPEC_Headset_cal.acdb
07-08 01:45:16.811   651   651 D         : [ACDB Command]->ACDB Sw Major = 9, ACDB Sw Minor = 0, ACDB Sw Revision = 4, ACDB Sw Cpl Number = 0
07-08 01:45:16.811   651   651 D         : [ACDB Command]->ACDB File Major = 9, ACDB File Minor = 0, ACDB File Revision = 11, ACDB File Cpl Number = 0
07-08 01:45:16.812   651   651 D         : [ACDB Command]->SW Minor/Major/Revision version info for /vendor/etc/acdbdata/QRD/sdm660-snd-card-i40typec/QRD_I40_TYPEC_Bluetooth_cal.acdb
07-08 01:45:16.812   651   651 D         : [ACDB Command]->ACDB Sw Major = 9, ACDB Sw Minor = 0, ACDB Sw Revision = 4, ACDB Sw Cpl Number = 0
07-08 01:45:16.812   651   651 D         : [ACDB Command]->ACDB File Major = 9, ACDB File Minor = 0, ACDB File Revision = 11, ACDB File Cpl Number = 0
07-08 01:45:16.814   651   651 D         : [ACDB Command]->SW Minor/Major/Revision version info for /vendor/etc/acdbdata/QRD/sdm660-snd-card-i40typec/QRD_I40_TYPEC_Hdmi_cal.acdb
07-08 01:45:16.814   651   651 D         : [ACDB Command]->ACDB Sw Major = 9, ACDB Sw Minor = 0, ACDB Sw Revision = 4, ACDB Sw Cpl Number = 0
07-08 01:45:16.814   651   651 D         : [ACDB Command]->ACDB File Major = 9, ACDB File Minor = 0, ACDB File Revision = 11, ACDB File Cpl Number = 0
07-08 01:45:16.814   651   651 D         : [ACDB Command]->SW Minor/Major/Revision version info for /vendor/etc/acdbdata/QRD/sdm660-snd-card-i40typec/QRD_I40_TYPEC_Global_cal.acdb
07-08 01:45:16.814   651   651 D         : [ACDB Command]->ACDB Sw Major = 9, ACDB Sw Minor = 0, ACDB Sw Revision = 4, ACDB Sw Cpl Number = 0
07-08 01:45:16.814   651   651 D         : [ACDB Command]->ACDB File Major = 9, ACDB File Minor = 0, ACDB File Revision = 11, ACDB File Cpl Number = 0
07-08 01:45:16.818   651   651 D         : [ACDB Command]->SW Minor/Major/Revision version info for /vendor/etc/acdbdata/QRD/sdm660-snd-card-i40typec/QRD_I40_TYPEC_Speaker_cal.acdb
07-08 01:45:16.818   651   651 D         : [ACDB Command]->ACDB Sw Major = 9, ACDB Sw Minor = 0, ACDB Sw Revision = 4, ACDB Sw Cpl Number = 0
07-08 01:45:16.818   651   651 D         : [ACDB Command]->ACDB File Major = 9, ACDB File Minor = 0, ACDB File Revision = 11, ACDB File Cpl Number = 0
07-08 01:45:16.819   651   651 D         : [ACDB Command]->SW Minor/Major/Revision version info for /vendor/etc/acdbdata/QRD/sdm660-snd-card-i40typec/QRD_I40_TYPEC_workspaceFile.qwsp
07-08 01:45:16.819   651   651 D         : [ACDB Command]->ACDB Sw Major = 9, ACDB Sw Minor = 0, ACDB Sw Revision = 4, ACDB Sw Cpl Number = 0
07-08 01:45:16.819   651   651 D         : [ACDB Command]->ACDB File Major = 9, ACDB File Minor = 0, ACDB File Revision = 11
07-08 01:45:16.819   651   651 D ACDB-LOADER: ACDB -> ACPH INIT
07-08 01:45:16.819   651   651 D         : [ACPH]->Online service registered with ACPH
07-08 01:45:16.820   651   651 D         : [ACPH]->ACPH init success
07-08 01:45:16.820   651   651 D ACDB-LOADER: ACDB -> RTAC INIT
07-08 01:45:16.820   651   651 D         : [ACPH]->DSP RTC service registered with ACPH
07-08 01:45:16.820   651   651 D ACDB-LOADER: ACDB -> MCS, FTS INIT
07-08 01:45:16.821   651   651 D         : [ACPH]->MCS RTC service registered with ACPH
07-08 01:45:16.821   651   651 D         : [ACPH]->FTS RTC service registered with ACPH
07-08 01:45:16.821   651   651 D ACDB-LOADER: ACDB -> ADIE RTAC INIT
07-08 01:45:16.821   651   651 D         : [ACPH]->ADIE RTC service registered with ACPH
07-08 01:45:16.821   651   651 D ACDB-LOADER: ACDB -> ACDB_CMD_GET_VOC_PROC_DYNAMIC_TABLE_SIZE
07-08 01:45:16.822   651   651 E ion     : ioctl c0044901 failed with code -1: Not a typewriter
07-08 01:45:16.829   651   651 D ACDB-LOADER: ACDB -> send_common_custom_topology
07-08 01:45:16.829   651   651 D ACDB-LOADER: ACDB -> ACDB_CMD_GET_AVCS_CUSTOM_TOPO_INFO_SIZE
07-08 01:45:16.829   651   651 D ACDB-LOADER: ACDB -> ACDB_CMD_GET_AVCS_CUSTOM_TOPO_INFO
07-08 01:45:16.829   651   651 D ACDB-LOADER: ACDB -> ACDB_CMD_GET_AVCS_CUSTOM_TOPO_INFO: size:0x1d0 ret=0 
07-08 01:45:16.829   651   651 D ACDB-LOADER: ACDB -> CORE_CUSTOM_TOPOLOGIES
07-08 01:45:16.832   651   651 D ACDB-LOADER: ACDB -> acdb_loader_send_common_custom_topology: Common custom topology in use
07-08 01:45:16.832   651   651 D ACDB-LOADER: ACDB -> init done!
07-08 01:45:16.832   651   651 D audio_hw_acdb: acdb_init_v2: ACDB Instance ID support after ACDB init:0
07-08 01:45:16.833   651   651 D sound_trigger_platform: platform_stdev_init Opening device /dev/snd/hwC0D1002 for vad hwdep config
07-08 01:45:16.833   651   651 D sound_trigger_platform: platform_stdev_init: cannot open device '/dev/snd/hwC0D1002', error:No such file or directory
07-08 01:45:16.833   651   651 D sound_trigger_platform: get_codec_version: codec version 
07-08 01:45:16.834   651   651 I SoundTriggerHalImpl: onFirstRef() mModuleName primary mHwDevice 0xf51f4000
07-08 01:45:16.835   651   651 I ServiceManagement: Registered android.hardware.soundtrigger@2.1::ISoundTriggerHw/default (start delay of 3202ms)
07-08 01:45:16.835   651   651 I audiohalservice: Registration complete for android.hardware.soundtrigger@2.1::ISoundTriggerHw/default.
07-08 01:45:16.841   651   651 I BTAudioProviderA2dpSoftware: A2dpSoftwareAudioProvider - size of audio buffer 7168 byte(s)
07-08 01:45:16.841   651   651 I BTAudioProviderHearingAid: HearingAidAudioProvider - size of audio buffer 3584 byte(s)
07-08 01:45:16.842   651   651 I ServiceManagement: Registered android.hardware.bluetooth.audio@2.0::IBluetoothAudioProvidersFactory/default (start delay of 3209ms)
07-08 01:45:16.842   651   651 I audiohalservice: Registration complete for android.hardware.bluetooth.audio@2.0::IBluetoothAudioProvidersFactory/default.
07-08 01:45:16.843   479   479 I hwservicemanager: getTransport: Cannot find entry android.hardware.bluetooth.a2dp@1.0::IBluetoothAudioOffload/default in either framework or device manifest.
07-08 01:45:16.843   651   651 E audiohalservice: Could not get passthrough implementation for android.hardware.bluetooth.a2dp@1.0::IBluetoothAudioOffload/default.
07-08 01:45:16.843   651   651 W audiohalservice: Could not register Bluetooth audio offload 1.0
07-08 01:45:16.879   611   611 D libEGL  : loaded /vendor/lib64/egl/libGLESv1_CM_adreno.so
07-08 01:45:16.883   611   611 D libEGL  : loaded /vendor/lib64/egl/libGLESv2_adreno.so
07-08 01:45:16.905     0     0 E         : msm_qti_pp_get_rms_value_control, back not active to query rms be_idx:3
07-08 01:45:16.907   931   993 I ServiceManager: Waiting for service 'package_native' on '/dev/binder'...
07-08 01:45:16.909   611   611 I Zygote  : Preloading shared libraries...
07-08 01:45:16.919     0     0 I core_get_license_status: cmdrsp_license_result.result = 0x15 for module 0x131ff
07-08 01:45:16.919     0     0 E msm_ext_disp_update_audio_ops: Display not found (EXT_DISPLAY_TYPE_DP) ctld (0) stream (0)
07-08 01:45:16.920     0     0 I chatty  : uid=0(root) logd identical 1 line
07-08 01:45:16.920     0     0 E msm_ext_disp_update_audio_ops: Display not found (EXT_DISPLAY_TYPE_DP) ctld (0) stream (0)
07-08 01:45:16.920     0     0 E msm-ext-disp-audio-codec-rx soc: qcom,msm-ext-disp:qcom,msm-ext-disp-audio-codec-rx: msm_ext_disp_audio_type_get: get_audio_edid_blk() or get_intf_id is NULL
07-08 01:45:16.920     0     0 E msm_ext_disp_update_audio_ops: Display not found (EXT_DISPLAY_TYPE_DP) ctld (0) stream (0)
07-08 01:45:16.920     0     0 E msm-ext-disp-audio-codec-rx soc: qcom,msm-ext-disp:qcom,msm-ext-disp-audio-codec-rx: msm_ext_disp_audio_type_get: get_audio_edid_blk() or get_intf_id is NULL
07-08 01:45:16.921   611   611 I Zygote  : Called ZygoteHooks.endPreload()
07-08 01:45:16.921   611   611 I Zygote  : Installed AndroidKeyStoreProvider in 1ms.
07-08 01:45:16.927   880   899 W /vendor/bin/adsprpcd: vendor/qcom/proprietary/commonsys-intf/adsprpc/src/apps_std_imp.c:749: Warning: fopen returned 0x2 for file .//lowi//lowi_lp.conf. (No such file or directory)
07-08 01:45:16.932   611   611 I Zygote  : Warmed up JCA providers in 10ms.
07-08 01:45:16.932   611   611 D Zygote  : end preload
07-08 01:45:16.932   611   611 I boot_progress_preload_end: 9719
07-08 01:45:16.945     0     0 E         : msm_pcm_path_latency_ctl_get substream runtime not found
07-08 01:45:16.960     0     0 I chatty  : uid=0(root) logd identical 4 lines
07-08 01:45:16.961   611   611 I zygote64: Explicit concurrent copying GC freed 64985(3612KB) AllocSpace objects, 17(408KB) LOS objects, 49% free, 2605KB/5210KB, paused 66us total 28.750ms
07-08 01:45:16.968     0     0 E         : msm_pcm_path_latency_ctl_get substream runtime not found
07-08 01:45:16.978   611   611 I zygote64: Explicit concurrent copying GC freed 6083(211KB) AllocSpace objects, 0(0B) LOS objects, 49% free, 2425KB/4850KB, paused 37us total 12.361ms
07-08 01:45:16.983     0     0 I sn65dsi86_dsi2edp_print_status:  
07-08 01:45:16.983     0     0 I sn65dsi86: f0:       0
07-08 01:45:16.984     0     0 I sn65dsi86: f1:       0
07-08 01:45:16.986     0     0 I sn65dsi86: f2:       0
07-08 01:45:16.987     0     0 I sn65dsi86: f3:       0
07-08 01:45:16.988     0     0 I sn65dsi86: f4:       1
07-08 01:45:16.989     0     0 I sn65dsi86: f5:       0
07-08 01:45:16.990     0     0 I sn65dsi86: f6:       0
07-08 01:45:16.991     0     0 I sn65dsi86: f7:       0
07-08 01:45:16.993     0     0 I sn65dsi86: f8:       1
07-08 01:45:16.993     0     0 I service-notifier: root_service_service_ind_cb: Indication received from msm/modem/wlan_pd, state: 0x1fffffff, trans-id: 1
07-08 01:45:16.993     0     0 I service-notifier: send_ind_ack: Indication ACKed for transid 1, service msm/modem/wlan_pd, instance 180!
07-08 01:45:16.994     0     0 I sn65dsi86_dsi2edp_enable_lately_2nd_part: end
07-08 01:45:16.994     0     0 I sn65dsi86_dsi2edp_enable_lately: end
