06-10 06:43:25.682   669   669 E mm-camera: <IMGLIB><ERROR> 3592: module_imgbase_init: imglib_mfproc_postcpp] Error rc -7
06-10 06:43:25.682   669   669 W mm-camera: <IMGLIB>< WARN> 748: module_imglib_create_topology: Can not init the module imglib_mfproc_postcpp
06-10 06:43:25.682   669   669 W mm-camera: <IMGLIB>< WARN> 748: module_imglib_create_topology: Can not init the module imglib_oem1
06-10 06:43:25.682   669   669 I QCamera : <MCI><INFO> get_num_of_cameras: 2783: dev_info[id=0,name='video3']
06-10 06:43:25.682   669   669 I QCamera : <MCI><INFO> get_num_of_cameras: 2783: dev_info[id=1,name='video4']
06-10 06:43:25.682   669   669 I QCamera : <MCI><INFO> sort_camera_info: 2617: Camera id: 0 facing: 0, type: 1 is_yuv: 0
06-10 06:43:25.682   669   669 I QCamera : <MCI><INFO> sort_camera_info: 2617: Camera id: 1 facing: 1, type: 1 is_yuv: 0
06-10 06:43:25.682   669   669 I QCamera : <MCI><INFO> sort_camera_info: 2623: Number of cameras 2 sorted 2
06-10 06:43:25.682   669   669 I QCamera : <MCI><INFO> get_num_of_cameras: 2801: num_cameras=2
06-10 06:43:25.682   669   669 E QCamera2Factory: get_number_of_cameras num of cameras: 2
06-10 06:43:25.682   669   669 I CamPrvdr@2.4-legacy: Loaded "QCamera Module" camera module
06-10 06:43:25.683   669   669 E QCamera2Factory: get_number_of_cameras num of cameras: 2
06-10 06:43:25.683   669   669 E QCamera2Factory: get_number_of_cameras num of cameras: 2
06-10 06:43:25.683   669   669 I CamPrvdr@2.4-legacy: initialize, cts mode off, mNumberOfLegacyCameras = 2
06-10 06:43:25.683   669   669 I QCamera : <HAL><INFO> getCameraInfo: 359: Camera id 0 API version 768
06-10 06:43:25.683   669   669 D QCamera : Debug log file is not enabled
06-10 06:43:25.683     0     0 I msm_pm_qos_update_request: update request 100
06-10 06:43:25.683     0     0 I msm_pm_qos_add_request: add request
06-10 06:43:25.691   971  1031 I ServiceManager: Waiting for service 'package_native' on '/dev/binder'...
06-10 06:43:25.705   669   669 I mm-camera: <MCT   >< INFO> 118: mct_controller_new: Creating new mct_controller with session-id 3
06-10 06:43:25.707   669  1200 I mm-camera: <MCT   >< INFO> 5326: mct_pipeline_start_session_thread: E sensor
06-10 06:43:25.707   669  1200 I mm-camera: <MCT   >< INFO> 5333: mct_pipeline_start_session_thread: Calling start_session on Module sensor
06-10 06:43:25.707   669  1202 I mm-camera: <MCT   >< INFO> 5326: mct_pipeline_start_session_thread: E iface
06-10 06:43:25.707   669  1202 I mm-camera: <MCT   >< INFO> 5333: mct_pipeline_start_session_thread: Calling start_session on Module iface
06-10 06:43:25.707   669  1203 I mm-camera: <MCT   >< INFO> 5326: mct_pipeline_start_session_thread: E isp
06-10 06:43:25.708   669  1202 I mm-camera: <MCT   >< INFO> 5336: mct_pipeline_start_session_thread: Module iface start_session rc = 1
06-10 06:43:25.708   669  1202 I mm-camera: <MCT   >< INFO> 5344: mct_pipeline_start_session_thread: started_num = 1, success = 1
06-10 06:43:25.708   669  1203 I mm-camera: <MCT   >< INFO> 5333: mct_pipeline_start_session_thread: Calling start_session on Module isp
06-10 06:43:25.708   669  1202 I mm-camera: <MCT   >< INFO> 5351: mct_pipeline_start_session_thread: X iface
06-10 06:43:25.708   669  1203 I mm-camera: <ISP   >< INFO> 214: isp_module_start_session: session id 3 
06-10 06:43:25.708     0     0 I msm_csid_init: CSID_VERSION = 0x30050000
06-10 06:43:25.708   669  1205 I mm-camera: <MCT   >< INFO> 5326: mct_pipeline_start_session_thread: E stats
06-10 06:43:25.708   669  1205 I mm-camera: <MCT   >< INFO> 5333: mct_pipeline_start_session_thread: Calling start_session on Module stats
06-10 06:43:25.709     0     0 E         : msm_csid_irq CSID0_IRQ_STATUS_ADDR = 0x800
06-10 06:43:25.709   669  1207 I mm-camera: <MCT   >< INFO> 5326: mct_pipeline_start_session_thread: E pproc
06-10 06:43:25.709   669  1207 I mm-camera: <MCT   >< INFO> 5333: mct_pipeline_start_session_thread: Calling start_session on Module pproc
06-10 06:43:25.710   669  1203 I mm-camera: <MCT   >< INFO> 5336: mct_pipeline_start_session_thread: Module isp start_session rc = 1
06-10 06:43:25.710   669  1203 I mm-camera: <MCT   >< INFO> 5344: mct_pipeline_start_session_thread: started_num = 2, success = 2
06-10 06:43:25.710   669  1203 I mm-camera: <MCT   >< INFO> 5351: mct_pipeline_start_session_thread: X isp
06-10 06:43:25.711   669  1209 I mm-camera: <MCT   >< INFO> 5326: mct_pipeline_start_session_thread: E imglib
06-10 06:43:25.711   669  1209 I mm-camera: <MCT   >< INFO> 5333: mct_pipeline_start_session_thread: Calling start_session on Module imglib
06-10 06:43:25.711   669  1209 I mm-camera: <MCT   >< INFO> 5336: mct_pipeline_start_session_thread: Module imglib start_session rc = 1
06-10 06:43:25.711   669  1209 I mm-camera: <MCT   >< INFO> 5344: mct_pipeline_start_session_thread: started_num = 3, success = 3
06-10 06:43:25.711   669  1209 I mm-camera: <MCT   >< INFO> 5351: mct_pipeline_start_session_thread: X imglib
06-10 06:43:25.712   669  1207 I mm-camera: <MCT   >< INFO> 5336: mct_pipeline_start_session_thread: Module pproc start_session rc = 1
06-10 06:43:25.712   669  1207 I mm-camera: <MCT   >< INFO> 5344: mct_pipeline_start_session_thread: started_num = 4, success = 4
06-10 06:43:25.712   669  1207 I mm-camera: <MCT   >< INFO> 5351: mct_pipeline_start_session_thread: X pproc
06-10 06:43:25.713   669  1205 I mm-camera: <MCT   >< INFO> 5336: mct_pipeline_start_session_thread: Module stats start_session rc = 1
06-10 06:43:25.713   669  1205 I mm-camera: <MCT   >< INFO> 5344: mct_pipeline_start_session_thread: started_num = 5, success = 5
06-10 06:43:25.713   669  1205 I mm-camera: <MCT   >< INFO> 5351: mct_pipeline_start_session_thread: X stats
06-10 06:43:25.714     0     0 I MSM-CPP cpp_init_hardware: 1135 CPP HW Version: 0x60010002
06-10 06:43:25.714     0     0 E MSM-CPP cpp_init_hardware: 1153 stream_cnt:0
06-10 06:43:25.715   669  1200 I mm-camera: <MCT   >< INFO> 5336: mct_pipeline_start_session_thread: Module sensor start_session rc = 1
06-10 06:43:25.715   669  1200 I mm-camera: <MCT   >< INFO> 5344: mct_pipeline_start_session_thread: started_num = 6, success = 6
06-10 06:43:25.715   669  1200 I mm-camera: <MCT   >< INFO> 5351: mct_pipeline_start_session_thread: X sensor
06-10 06:43:25.727   669   669 I mm-camera: <MCT   >< INFO> 5247: mct_pipeline_start_stream_internal: Adding session stream streamid= 0xf for session=3
06-10 06:43:25.727   669   669 I mm-camera: <MCT   >< INFO> 5295: mct_pipeline_start_stream_internal: Linking session stream for session 3
06-10 06:43:25.727   669   669 I mm-camera: <MCT   >< INFO> 526: mct_stream_start_link: Start linking Session-stream 0x3000f
06-10 06:43:25.727   669   669 I mm-camera: <IFACE >< INFO> 344: iface_util_find_primary_cid: iface_util_find_primary_cid:344 error cannot find primary sensor format cids 1
06-10 06:43:25.727   669   669 I mm-camera: <ISP   >< INFO> 851: isp_port_check_caps_reserve: port 0xe8c540c0 ide 3000f type 10 dim 0 0
06-10 06:43:25.727   669   669 I mm-camera: <PPROC >< INFO> 449: pproc_port_add_modules_to_stream: in identity 3000f stream 10 int_link = 0xe8837940
06-10 06:43:25.727   669   669 I mm-camera: <PPROC >< INFO> 461: pproc_port_add_modules_to_stream: :LINK linking mods tmod and paaf for identity 3000f
06-10 06:43:25.727   669   669 I mm-camera: <PPROC >< INFO> 461: pproc_port_add_modules_to_stream: :LINK linking mods paaf and sat for identity 3000f
06-10 06:43:25.728   669   669 I mm-camera: <PPROC >< INFO> 461: pproc_port_add_modules_to_stream: :LINK linking mods sat and c2d for identity 3000f
06-10 06:43:25.728   669   669 I mm-camera: <C2D   >< INFO> 1557: c2d_module_notify_add_stream: width 0, height 0, stride 0, scanline 0, is_type 0
06-10 06:43:25.728   669   669 I mm-camera: <PPROC >< INFO> 461: pproc_port_add_modules_to_stream: :LINK linking mods c2d and cpp for identity 3000f
06-10 06:43:25.728   669   669 I mm-camera: <CPP   >< INFO> 2538: cpp_module_notify_add_stream: :stream 10, width 0, height 0, stride 0,scanline 0, framelen 0
06-10 06:43:25.728   669   669 I mm-camera: <CPP   >< INFO> 2695: cpp_module_notify_add_stream: : stream 10, fmt 1, asf_mode 0, sharpness_level 0.000000,asf mask 0, denoise 0, denoise_mask 0, dsdn mask 0,dsdn enable 0, tnr mask 0, tnr enable 0, ds_mask 0, luma dsdn 0
06-10 06:43:25.728   669   669 I mm-camera: <PPROC >< INFO> 461: pproc_port_add_modules_to_stream: :LINK linking mods cpp and depth_map for identity 3000f
06-10 06:43:25.728   669   669 I mm-camera: <PPROC >< INFO> 461: pproc_port_add_modules_to_stream: :LINK linking mods depth_map and ezt for identity 3000f
06-10 06:43:25.728   669   669 I mm-camera: <PPROC >< INFO> 461: pproc_port_add_modules_to_stream: :LINK linking mods ezt and quadracfa for identity 3000f
06-10 06:43:25.729   669   669 E mm-camera: <STATS ><ERROR> 3027: stats_port_check_caps_reserve: Invalid Port capability type!
06-10 06:43:25.729   669   669 I chatty  : uid=1047(cameraserver) provider@2.4-se identical 3 lines
06-10 06:43:25.729   669   669 E mm-camera: <STATS ><ERROR> 3027: stats_port_check_caps_reserve: Invalid Port capability type!
06-10 06:43:25.730   669   669 I mm-camera: <MCT   >< INFO> 5304: mct_pipeline_start_stream_internal: Session stream linked successfully session 3
06-10 06:43:25.730   669  1220 E libsensor1: check_sensors_enabled: Sensors enabled = true
06-10 06:43:25.730   669  1220 E Diag_Lib:  Diag_LSM_Init: Failed to open handle to diag driver, error = 13
06-10 06:43:25.731   669   669 E ion     : ioctl c0044901 failed with code -1: Not a typewriter
06-10 06:43:25.745     0     0 I msm_cci_init: 1440: hw_version = 0x10060000
06-10 06:43:25.745     0     0 I         : @@@ original_sid = 0x10, valid_flag = 0x01, eeprom_version = 0x01, checksum = 0x03
06-10 06:43:25.746     0     0 I         : @@@ rc = 0, camera_sid = 0x10, eeprom_reg_addr = 0x03 , eeprom_reg_value = 0x32
06-10 06:43:25.746     0     0 I         : @@@ rc = 0, camera_sid = 0x10, eeprom_reg_addr = 0x04 , eeprom_reg_value = 0x30
06-10 06:43:25.746     0     0 I         : @@@ rc = 0, camera_sid = 0x10, eeprom_reg_addr = 0x05 , eeprom_reg_value = 0x32
06-10 06:43:25.746     0     0 I         : @@@ rc = 0, camera_sid = 0x10, eeprom_reg_addr = 0x06 , eeprom_reg_value = 0x30
06-10 06:43:25.746     0     0 I         : @@@ rc = 0, camera_sid = 0x10, eeprom_reg_addr = 0x07 , eeprom_reg_value = 0x30
06-10 06:43:25.746     0     0 I         : @@@ rc = 0, camera_sid = 0x10, eeprom_reg_addr = 0x08 , eeprom_reg_value = 0x36
06-10 06:43:25.747     0     0 I         : @@@ rc = 0, camera_sid = 0x10, eeprom_reg_addr = 0x09 , eeprom_reg_value = 0x30
06-10 06:43:25.747     0     0 I         : @@@ rc = 0, camera_sid = 0x10, eeprom_reg_addr = 0x0a , eeprom_reg_value = 0x36
06-10 06:43:25.747     0     0 I         : @@@ rc = 0, camera_sid = 0x10, eeprom_reg_addr = 0x0b , eeprom_reg_value = 0x31
06-10 06:43:25.747     0     0 I         : @@@ rc = 0, camera_sid = 0x10, eeprom_reg_addr = 0x0c , eeprom_reg_value = 0x36
06-10 06:43:25.779   627   627 E ActivityRecognitionHardware: activity_recognition HAL is deprecated. class_init is effectively a no-op
06-10 06:43:25.791   971  1031 I ServiceManager: Waiting for service 'package_native' on '/dev/binder'...
06-10 06:43:25.825   669  1201 E mm-camera: <SENSOR><ERROR> ov8856_gt24p64b_get_calibration_items: 30: is_insensor:0, is_afc:1, is_wbc:1, is_lsc:1, is_dpc:0, is_ois:0, is_dual:0
06-10 06:43:25.835   669  1198 I mm-camera: <MCT   >< INFO> 3323: mct_sysinfo_read: sysinfo:path /sys/module/msm_sensor_driver/parameters/only_support_5M data 0 size 10
06-10 06:43:25.835   669  1198 I mm-camera: <MCT   >< INFO> 2279: mct_pipeline_append_fps_entry:  Added hal_table[0]: (15.000000, 15.000000)
06-10 06:43:25.835   669  1198 I mm-camera: <MCT   >< INFO> 2279: mct_pipeline_append_fps_entry:  Added hal_table[1]: (20.000000, 20.000000)
06-10 06:43:25.835   669  1198 I mm-camera: <MCT   >< INFO> 2279: mct_pipeline_append_fps_entry:  Added hal_table[2]: (24.000000, 24.000000)
06-10 06:43:25.835   669  1198 I mm-camera: <MCT   >< INFO> 2279: mct_pipeline_append_fps_entry:  Added hal_table[3]: (7.000000, 30.000000)
06-10 06:43:25.835   669  1198 I mm-camera: <MCT   >< INFO> 2292: mct_pipeline_append_fps_entry:  Added hal_table[4]: (30.000000, 30.000000)
06-10 06:43:25.835   669  1198 I mm-camera: <MCT   >< INFO> 3611: mct_pipeline_fill_dimensions_snapshot: Cam 0: FPS range selection complete. Publishing 5 ranges.
06-10 06:43:25.835   669  1198 I mm-camera: <MCT   >< INFO> 2540: mct_pipeline_fill_caps_sensor: =====sensitivity_range.min_sensitivity =0 =====
06-10 06:43:25.835   669  1198 I mm-camera: <MCT   >< INFO> 2541: mct_pipeline_fill_caps_sensor: =====sensitivity_range.max_sensitivity =1500 =====
06-10 06:43:25.835   669  1198 I mm-camera: <MCT   >< INFO> 2739: mct_pipeline_fill_caps_isp: isp max encoder size : 5504 X 16383
06-10 06:43:25.835   669  1198 I mm-camera: <MCT   >< INFO> 2746: mct_pipeline_fill_caps_isp: single isp max size : 3264 X 2448
06-10 06:43:25.835   669  1198 I mm-camera: <MCT   >< INFO> 2757: mct_pipeline_fill_caps_isp: HAL max snapshot size in dual cam mode : 3264 X 2448
06-10 06:43:25.835   669   669 I mm-camera: <MCT   >< INFO> 310: mct_controller_destroy: Initiating destroy sequence for session = 3
06-10 06:43:25.836   669   669 I mm-camera: <MCT   >< INFO> 328: mct_controller_destroy: serv_thread closed
06-10 06:43:25.836   669   669 I mm-camera: <MCT   >< INFO> 343: mct_controller_destroy: bus_handler thread closed
06-10 06:43:25.836   669   669 I mm-camera: <MCT   >< INFO> 5404: mct_pipeline_stop_session: Initiating stop_session on session 3
06-10 06:43:25.836   669   669 I mm-camera: <MCT   >< INFO> 4288: mct_pipeline_process_set: command=800000b
06-10 06:43:25.836   669   669 I mm-camera: <MCT   >< INFO> 4533: mct_pipeline_process_set: Issuing DEL_STREAM on stream 0x3000f and stream type=10
06-10 06:43:25.836   669   669 I mm-camera: <IFACE >< INFO> 700: iface_unreserve_sink_port: stream_id f mode 0 
06-10 06:43:25.836   669   669 I mm-camera: <ISP   >< INFO> 941: isp_port_check_caps_unreserve: ide 3000f port 0xe8c540c0
06-10 06:43:25.837   669   669 I mm-camera: <MCT   >< INFO> 4556: mct_pipeline_process_set: Stream 0x3000f and stream type=10, successfully deleted
06-10 06:43:25.838   669  1228 I mm-camera: <MCT   >< INFO> 5138: mct_pipeline_stop_session_thread: Stop module name: sensor - E
06-10 06:43:25.838   669  1228 I mm-camera: <MCT   >< INFO> 5146: mct_pipeline_stop_session_thread: Stop module name: sensor - X
06-10 06:43:25.838   669  1229 I mm-camera: <MCT   >< INFO> 5138: mct_pipeline_stop_session_thread: Stop module name: iface - E
06-10 06:43:25.838   669  1229 I mm-camera: <MCT   >< INFO> 5146: mct_pipeline_stop_session_thread: Stop module name: iface - X
06-10 06:43:25.838   669  1231 I mm-camera: <MCT   >< INFO> 5138: mct_pipeline_stop_session_thread: Stop module name: stats - E
06-10 06:43:25.838   669  1230 I mm-camera: <MCT   >< INFO> 5138: mct_pipeline_stop_session_thread: Stop module name: isp - E
06-10 06:43:25.838   669  1230 I mm-camera: <ISP   >< INFO> 510: isp_module_stop_session: session id 3
06-10 06:43:25.840   669  1232 I mm-camera: <MCT   >< INFO> 5138: mct_pipeline_stop_session_thread: Stop module name: pproc - E
06-10 06:43:25.841   669  1230 I mm-camera: <MCT   >< INFO> 5146: mct_pipeline_stop_session_thread: Stop module name: isp - X
06-10 06:43:25.841   669  1233 I mm-camera: <MCT   >< INFO> 5138: mct_pipeline_stop_session_thread: Stop module name: imglib - E
06-10 06:43:25.841   669   669 I mm-camera: <MCT   >< INFO> 5426: mct_pipeline_stop_session: Modules left: 5
06-10 06:43:25.841   669   669 I mm-camera: <MCT   >< INFO> 5426: mct_pipeline_stop_session: Modules left: 4
06-10 06:43:25.841   669   669 I mm-camera: <MCT   >< INFO> 5426: mct_pipeline_stop_session: Modules left: 3
06-10 06:43:25.841     0     0 I MSM-CPP cpp_release_hardware: 1216 cpp hw release done
06-10 06:43:25.842   669  1233 I mm-camera: <MCT   >< INFO> 5146: mct_pipeline_stop_session_thread: Stop module name: imglib - X
06-10 06:43:25.842   669   669 I mm-camera: <MCT   >< INFO> 5426: mct_pipeline_stop_session: Modules left: 2
06-10 06:43:25.842   669  1232 E mm-camera: <IMGLIB><ERROR> 328: AllocateBuffers: Nothing allocated or already freed!
06-10 06:43:25.842   669  1232 I mm-camera: <MCT   >< INFO> 5146: mct_pipeline_stop_session_thread: Stop module name: pproc - X
06-10 06:43:25.842   669   669 I mm-camera: <MCT   >< INFO> 5426: mct_pipeline_stop_session: Modules left: 1
06-10 06:43:25.845   669  1231 I mm-camera: <MCT   >< INFO> 5146: mct_pipeline_stop_session_thread: Stop module name: stats - X
06-10 06:43:25.845   669   669 I mm-camera: <MCT   >< INFO> 5426: mct_pipeline_stop_session: Modules left: 0
06-10 06:43:25.845   669   669 I mm-camera: <MCT   >< INFO> 5436: mct_pipeline_stop_session: Stopped session 3 successfully
06-10 06:43:25.845   669   669 I mm-camera: <MCT   >< INFO> 5740: mct_pipeline_destroy: E: session:3
06-10 06:43:25.845   669   669 E mm-camera: <MCT   ><ERROR> 179: stop_sof_check_thread: Returning as SOF timer thread not yet initialized
06-10 06:43:25.845   669   669 I mm-camera: <MCT   >< INFO> 5818: mct_pipeline_destroy: X: Pipeline destroyed successfully session =3
06-10 06:43:25.845   669   669 I mm-camera: <MCT   >< INFO> 422: mct_controller_destroy: X Successfully closed mct_controller session 3
06-10 06:43:25.846     0     0 I msm_pm_qos_update_request: update request -1
06-10 06:43:25.846     0     0 I msm_pm_qos_add_request: add request
06-10 06:43:25.846   669   669 E CamComm1.0-MD: Update metadata entry: Unknown tag -2145976319
06-10 06:43:25.846   669   669 E CamComm1.0-MD: Update metadata entry: Unknown tag -2145976317
06-10 06:43:25.846   669   669 I QCamera : <HAL><INFO> getCamInfo: 13767: camera 0 resource cost is 100
06-10 06:43:25.847   669   669 I CamComm1.0-CamModule: isOpenLegacyDefined: cts Enable == 0 
06-10 06:43:25.847   669   669 I QCamera : <HAL><INFO> openLegacy: 520: openLegacy halVersion: 256 cameraId = 0
06-10 06:43:25.852   669   669 E QCameraCommon: parseHWID: Got HW_ID = 324
06-10 06:43:25.854   669   669 I QCamera : <HAL><INFO> openCamera: 1901: [KPI Perf]: E PROFILE_OPEN_CAMERA camera id 0
06-10 06:43:25.855   669   669 E QCamera : <HAL><ERROR> acquirePerfLock: 614: Failed to acquire the perf lock
06-10 06:43:25.855   669   669 D QCamera : Debug log file is not enabled
06-10 06:43:25.855     0     0 I msm_pm_qos_update_request: update request 100
06-10 06:43:25.855     0     0 I msm_pm_qos_add_request: add request
06-10 06:43:25.856   669   669 I mm-camera: <MCT   >< INFO> 118: mct_controller_new: Creating new mct_controller with session-id 3
06-10 06:43:25.856   627   627 I zygote64: Thread[1,tid=627,Native,Thread*=0x7df851bc00,peer=0x12c022c0,"main"] recursive attempt to load library "libmedia_jni.so"
06-10 06:43:25.856   627   627 D MtpDeviceJNI: register_android_mtp_MtpDevice
06-10 06:43:25.856   627   627 I zygote64: Thread[1,tid=627,Native,Thread*=0x7df851bc00,peer=0x12c022c0,"main"] recursive attempt to load library "libmedia_jni.so"
06-10 06:43:25.856   669  1240 I mm-camera: <MCT   >< INFO> 5326: mct_pipeline_start_session_thread: E sensor
06-10 06:43:25.856   669  1240 I mm-camera: <MCT   >< INFO> 5333: mct_pipeline_start_session_thread: Calling start_session on Module sensor
06-10 06:43:25.856   627   627 I zygote64: Thread[1,tid=627,Native,Thread*=0x7df851bc00,peer=0x12c022c0,"main"] recursive attempt to load library "libmedia_jni.so"
06-10 06:43:25.856   669  1241 I mm-camera: <MCT   >< INFO> 5326: mct_pipeline_start_session_thread: E iface
06-10 06:43:25.856   669  1241 I mm-camera: <MCT   >< INFO> 5333: mct_pipeline_start_session_thread: Calling start_session on Module iface
06-10 06:43:25.856   669  1243 I mm-camera: <MCT   >< INFO> 5326: mct_pipeline_start_session_thread: E isp
06-10 06:43:25.856   669  1243 I mm-camera: <MCT   >< INFO> 5333: mct_pipeline_start_session_thread: Calling start_session on Module isp
06-10 06:43:25.856   669  1243 I mm-camera: <ISP   >< INFO> 214: isp_module_start_session: session id 3 
06-10 06:43:25.856   669  1241 I mm-camera: <MCT   >< INFO> 5336: mct_pipeline_start_session_thread: Module iface start_session rc = 1
06-10 06:43:25.857   669  1245 I mm-camera: <MCT   >< INFO> 5326: mct_pipeline_start_session_thread: E stats
06-10 06:43:25.857   669  1245 I mm-camera: <MCT   >< INFO> 5333: mct_pipeline_start_session_thread: Calling start_session on Module stats
06-10 06:43:25.857   669  1241 I mm-camera: <MCT   >< INFO> 5344: mct_pipeline_start_session_thread: started_num = 1, success = 1
06-10 06:43:25.857   669  1241 I mm-camera: <MCT   >< INFO> 5351: mct_pipeline_start_session_thread: X iface
06-10 06:43:25.857   669  1246 I mm-camera: <MCT   >< INFO> 5326: mct_pipeline_start_session_thread: E pproc
06-10 06:43:25.857   669  1246 I mm-camera: <MCT   >< INFO> 5333: mct_pipeline_start_session_thread: Calling start_session on Module pproc
06-10 06:43:25.857   669  1249 I mm-camera: <MCT   >< INFO> 5326: mct_pipeline_start_session_thread: E imglib
06-10 06:43:25.857   669  1249 I mm-camera: <MCT   >< INFO> 5333: mct_pipeline_start_session_thread: Calling start_session on Module imglib
06-10 06:43:25.857   669  1243 I mm-camera: <MCT   >< INFO> 5336: mct_pipeline_start_session_thread: Module isp start_session rc = 1
06-10 06:43:25.857   669  1243 I mm-camera: <MCT   >< INFO> 5344: mct_pipeline_start_session_thread: started_num = 2, success = 2
06-10 06:43:25.858   669  1243 I mm-camera: <MCT   >< INFO> 5351: mct_pipeline_start_session_thread: X isp
06-10 06:43:25.858   669  1249 I mm-camera: <MCT   >< INFO> 5336: mct_pipeline_start_session_thread: Module imglib start_session rc = 1
06-10 06:43:25.858   669  1249 I mm-camera: <MCT   >< INFO> 5344: mct_pipeline_start_session_thread: started_num = 3, success = 3
06-10 06:43:25.858   669  1249 I mm-camera: <MCT   >< INFO> 5351: mct_pipeline_start_session_thread: X imglib
06-10 06:43:25.860   669  1246 I mm-camera: <MCT   >< INFO> 5336: mct_pipeline_start_session_thread: Module pproc start_session rc = 1
06-10 06:43:25.860   669  1246 I mm-camera: <MCT   >< INFO> 5344: mct_pipeline_start_session_thread: started_num = 4, success = 4
06-10 06:43:25.860   669  1246 I mm-camera: <MCT   >< INFO> 5351: mct_pipeline_start_session_thread: X pproc
06-10 06:43:25.860   669  1245 I mm-camera: <MCT   >< INFO> 5336: mct_pipeline_start_session_thread: Module stats start_session rc = 1
06-10 06:43:25.860   669  1245 I mm-camera: <MCT   >< INFO> 5344: mct_pipeline_start_session_thread: started_num = 5, success = 5
06-10 06:43:25.860   669  1245 I mm-camera: <MCT   >< INFO> 5351: mct_pipeline_start_session_thread: X stats
06-10 06:43:25.862     0     0 I MSM-CPP cpp_init_hardware: 1135 CPP HW Version: 0x60010002
06-10 06:43:25.862     0     0 E MSM-CPP cpp_init_hardware: 1153 stream_cnt:0
06-10 06:43:25.868   627   627 W Zygote  : Class not found for preloading: android.media.audiopolicy.AudioProductStrategies
06-10 06:43:25.868   627   627 W Zygote  : Class not found for preloading: android.media.audiopolicy.AudioVolumeGroups
06-10 06:43:25.891   971  1031 I ServiceManager: Waiting for service 'package_native' on '/dev/binder'...
06-10 06:43:25.924     0     0 I msm_csid_init: CSID_VERSION = 0x30050000
06-10 06:43:25.925     0     0 E         : msm_csid_irq CSID0_IRQ_STATUS_ADDR = 0x800
06-10 06:43:25.934   669  1240 I mm-camera: <MCT   >< INFO> 5336: mct_pipeline_start_session_thread: Module sensor start_session rc = 1
06-10 06:43:25.934   669  1240 I mm-camera: <MCT   >< INFO> 5344: mct_pipeline_start_session_thread: started_num = 6, success = 6
06-10 06:43:25.934   669  1240 I mm-camera: <MCT   >< INFO> 5351: mct_pipeline_start_session_thread: X sensor
06-10 06:43:25.940   669   669 I mm-camera: <MCT   >< INFO> 5247: mct_pipeline_start_stream_internal: Adding session stream streamid= 0xf for session=3
06-10 06:43:25.940   669   669 I mm-camera: <MCT   >< INFO> 5295: mct_pipeline_start_stream_internal: Linking session stream for session 3
06-10 06:43:25.940   669   669 I mm-camera: <MCT   >< INFO> 526: mct_stream_start_link: Start linking Session-stream 0x3000f
06-10 06:43:25.940   669   669 I mm-camera: <IFACE >< INFO> 344: iface_util_find_primary_cid: iface_util_find_primary_cid:344 error cannot find primary sensor format cids 1
06-10 06:43:25.940   669   669 I mm-camera: <ISP   >< INFO> 851: isp_port_check_caps_reserve: port 0xe8c540c0 ide 3000f type 10 dim 0 0
06-10 06:43:25.940   669   669 I mm-camera: <PPROC >< INFO> 449: pproc_port_add_modules_to_stream: in identity 3000f stream 10 int_link = 0xe8837940
06-10 06:43:25.940   669   669 I mm-camera: <PPROC >< INFO> 461: pproc_port_add_modules_to_stream: :LINK linking mods tmod and paaf for identity 3000f
06-10 06:43:25.940   669   669 I mm-camera: <PPROC >< INFO> 461: pproc_port_add_modules_to_stream: :LINK linking mods paaf and sat for identity 3000f
06-10 06:43:25.941   669   669 I mm-camera: <PPROC >< INFO> 461: pproc_port_add_modules_to_stream: :LINK linking mods sat and c2d for identity 3000f
06-10 06:43:25.941   669   669 I mm-camera: <C2D   >< INFO> 1557: c2d_module_notify_add_stream: width 0, height 0, stride 0, scanline 0, is_type 0
06-10 06:43:25.941   669   669 I mm-camera: <PPROC >< INFO> 461: pproc_port_add_modules_to_stream: :LINK linking mods c2d and cpp for identity 3000f
06-10 06:43:25.941   669   669 I mm-camera: <CPP   >< INFO> 2538: cpp_module_notify_add_stream: :stream 10, width 0, height 0, stride 0,scanline 0, framelen 0
06-10 06:43:25.941   669   669 I mm-camera: <CPP   >< INFO> 2695: cpp_module_notify_add_stream: : stream 10, fmt 1, asf_mode 0, sharpness_level 0.000000,asf mask 0, denoise 0, denoise_mask 0, dsdn mask 0,dsdn enable 0, tnr mask 0, tnr enable 0, ds_mask 0, luma dsdn 0
06-10 06:43:25.941   669   669 I mm-camera: <PPROC >< INFO> 461: pproc_port_add_modules_to_stream: :LINK linking mods cpp and depth_map for identity 3000f
06-10 06:43:25.941   669   669 I mm-camera: <PPROC >< INFO> 461: pproc_port_add_modules_to_stream: :LINK linking mods depth_map and ezt for identity 3000f
06-10 06:43:25.941   669   669 I mm-camera: <PPROC >< INFO> 461: pproc_port_add_modules_to_stream: :LINK linking mods ezt and quadracfa for identity 3000f
06-10 06:43:25.942   669   669 E mm-camera: <STATS ><ERROR> 3027: stats_port_check_caps_reserve: Invalid Port capability type!
06-10 06:43:25.942   669   669 I chatty  : uid=1047(cameraserver) provider@2.4-se identical 3 lines
06-10 06:43:25.942   669   669 E mm-camera: <STATS ><ERROR> 3027: stats_port_check_caps_reserve: Invalid Port capability type!
06-10 06:43:25.943   669   669 I mm-camera: <MCT   >< INFO> 5304: mct_pipeline_start_stream_internal: Session stream linked successfully session 3
06-10 06:43:25.945   669  1238 E mm-camera: <IMGLIB><ERROR> 322: module_depth_map_handle_ctrl_parm: E
06-10 06:43:25.945   669  1238 E mm-camera: <IMGLIB><ERROR> 430: module_depth_map_set_config_param: X
06-10 06:43:25.945   669  1238 E mm-camera: <IMGLIB><ERROR> 254: module_depth_map_send_config_data: CAM_STREAM_TYPE_DEPTH not set !!
06-10 06:43:25.945   669  1238 E mm-camera: <IMGLIB><ERROR> 369: module_depth_map_handle_ctrl_parm: Error module_depth_map_send_config_data
06-10 06:43:25.945   669  1238 E mm-camera: <IMGLIB><ERROR> 373: module_depth_map_handle_ctrl_parm: X
06-10 06:43:25.945   669  1238 E mm-camera: <IMGLIB><ERROR> 880: module_imgbase_process_param: [depth_map] handle_ctrl_parm error : type=10, rc=-5
06-10 06:43:25.945   669  1238 I mm-camera: <IFACE >< INFO> 6274: iface_util_set_dis_enable_flag: iface_util_set_dis_enable_flag:6274 DIS enable flag = 0
06-10 06:43:25.948   669   669 I Thermal-Lib: Thermal-Lib-Client: Registration successful for camera with handle:1
06-10 06:43:25.948   669   669 I Thermal-Lib: Thermal-Lib-Client: Registration successful for camcorder with handle:2
06-10 06:43:25.948   669   669 I QCamera : <HAL><INFO> openCamera: 1931: [KPI Perf]: X PROFILE_OPEN_CAMERA camera id 0, rc: 0
06-10 06:43:25.948   669   669 I QCamera : <HAL><INFO> close_camera_device: 1530: [KPI Perf]: E camera id 0
06-10 06:43:25.949   895   974 I ThermalEngine: Thermal-Server: Adding thermal event listener on fd 36
06-10 06:43:25.949   669  1265 I Thermal-Lib: Thermal-Lib-Client: Client received msg camera 0
06-10 06:43:25.950   669  1265 I Thermal-Lib: Thermal-Lib-Client: Client received msg camcorder 0
06-10 06:43:25.950   669  1238 E mm-camera: <IMGLIB><ERROR> 322: module_depth_map_handle_ctrl_parm: E
06-10 06:43:25.950   669  1238 E mm-camera: <IMGLIB><ERROR> 430: module_depth_map_set_config_param: X
06-10 06:43:25.950   669  1238 E mm-camera: <IMGLIB><ERROR> 254: module_depth_map_send_config_data: CAM_STREAM_TYPE_DEPTH not set !!
06-10 06:43:25.950   669  1238 E mm-camera: <IMGLIB><ERROR> 369: module_depth_map_handle_ctrl_parm: Error module_depth_map_send_config_data
06-10 06:43:25.950   669  1238 E mm-camera: <IMGLIB><ERROR> 373: module_depth_map_handle_ctrl_parm: X
06-10 06:43:25.950   669  1238 E mm-camera: <IMGLIB><ERROR> 880: module_imgbase_process_param: [depth_map] handle_ctrl_parm error : type=10, rc=-5
06-10 06:43:25.951   669   669 E QCamera : <HAL><ERROR> acquirePerfLock: 614: Failed to acquire the perf lock
06-10 06:43:25.951   669  1238 E mm-camera: <IMGLIB><ERROR> 322: module_depth_map_handle_ctrl_parm: E
06-10 06:43:25.951   669  1238 E mm-camera: <IMGLIB><ERROR> 430: module_depth_map_set_config_param: X
06-10 06:43:25.951   669  1238 E mm-camera: <IMGLIB><ERROR> 254: module_depth_map_send_config_data: CAM_STREAM_TYPE_DEPTH not set !!
06-10 06:43:25.951   669  1238 E mm-camera: <IMGLIB><ERROR> 369: module_depth_map_handle_ctrl_parm: Error module_depth_map_send_config_data
06-10 06:43:25.951   669  1238 E mm-camera: <IMGLIB><ERROR> 373: module_depth_map_handle_ctrl_parm: X
06-10 06:43:25.951   669  1238 E mm-camera: <IMGLIB><ERROR> 880: module_imgbase_process_param: [depth_map] handle_ctrl_parm error : type=10, rc=-5
06-10 06:43:25.951   669   669 I QCamera : <HAL><INFO> closeCamera: 2333: E
06-10 06:43:25.951   669   669 I QCamera : <HAL><INFO> closeCamera: 2338: [KPI Perf]: E PROFILE_CLOSE_CAMERA camera id 0
06-10 06:43:25.951   669  1238 I mm-camera: <ISP   >< INFO> 7159: isp_util_print_meta_stream_info: Deallocate resources
06-10 06:43:25.951   669  1165 E mm-camera: <IMGLIB><ERROR> 297: AllocateBuffers: Invalid dimensions 0x0
06-10 06:43:25.951   669  1165 E mm-camera: <IMGLIB><ERROR> 197: img_algo_preload: Preload: Failed to allocate buffer, rc -4
06-10 06:43:25.951   669  1165 E mm-camera: <IMGLIB><ERROR> 127: module_imgbase_client_preload_exec: IMG_CORE_PRELOAD failed -4
06-10 06:43:25.951   669  1238 I mm-camera: <ISP   >< INFO> 7490: isp_util_handle_stream_info: streams_desc num_streams is 0 
06-10 06:43:25.951   669  1238 I mm-camera: <IFACE >< INFO> 6384: iface_util_handle_meta_stream_info: iface_util_handle_meta_stream_info: ms_type 0 num streams 0
06-10 06:43:25.952   669   669 I Thermal-Lib: thermal_bandwidth_client_cancel_request: Removing all bw request for camera_bw
06-10 06:43:25.952   669   669 I Thermal-Lib: Thermal-Lib-Client: Unregisteration is successfull for handle:1
06-10 06:43:25.952   895   974 I ThermalEngine: Thermal-Server: removing client on fd 36
06-10 06:43:25.952   669   669 I Thermal-Lib: Thermal-Lib-Client: Unregisteration is successfull for handle:2
06-10 06:43:25.953   669   669 I mm-camera: <MCT   >< INFO> 310: mct_controller_destroy: Initiating destroy sequence for session = 3
06-10 06:43:25.953   669   669 I mm-camera: <MCT   >< INFO> 328: mct_controller_destroy: serv_thread closed
06-10 06:43:25.953   669   669 I mm-camera: <MCT   >< INFO> 343: mct_controller_destroy: bus_handler thread closed
06-10 06:43:25.953   669   669 I mm-camera: <MCT   >< INFO> 5404: mct_pipeline_stop_session: Initiating stop_session on session 3
06-10 06:43:25.953   669   669 I mm-camera: <MCT   >< INFO> 4288: mct_pipeline_process_set: command=800000b
06-10 06:43:25.953   669   669 I mm-camera: <MCT   >< INFO> 4533: mct_pipeline_process_set: Issuing DEL_STREAM on stream 0x3000f and stream type=10
06-10 06:43:25.961   627   627 D TelephonyManager: No /proc/cmdline exception=java.io.FileNotFoundException: /proc/cmdline: open failed: EACCES (Permission denied)
06-10 06:43:25.961   627   627 D TelephonyManager: /proc/cmdline=
06-10 06:43:25.964     0     0 I msm_cci_init: 1440: hw_version = 0x10060000
06-10 06:43:25.964     0     0 I         : @@@ original_sid = 0x10, valid_flag = 0x01, eeprom_version = 0x01, checksum = 0x03
06-10 06:43:25.964     0     0 I         : @@@ rc = 0, camera_sid = 0x10, eeprom_reg_addr = 0x03 , eeprom_reg_value = 0x32
06-10 06:43:25.965     0     0 I         : @@@ rc = 0, camera_sid = 0x10, eeprom_reg_addr = 0x04 , eeprom_reg_value = 0x30
06-10 06:43:25.965     0     0 I         : @@@ rc = 0, camera_sid = 0x10, eeprom_reg_addr = 0x05 , eeprom_reg_value = 0x32
06-10 06:43:25.965     0     0 I         : @@@ rc = 0, camera_sid = 0x10, eeprom_reg_addr = 0x06 , eeprom_reg_value = 0x30
06-10 06:43:25.965     0     0 I         : @@@ rc = 0, camera_sid = 0x10, eeprom_reg_addr = 0x07 , eeprom_reg_value = 0x30
06-10 06:43:25.965   627   627 W Zygote  : Class not found for preloading: android.view.-$$Lambda$SurfaceView$Cs7TGTdA1lXf9qW8VOJAfEsMjdk
06-10 06:43:25.965   665   665 D audio_hw_utils: audio_extn_utils_open_snd_mixer: retry, retry_num 2
06-10 06:43:25.965     0     0 I         : @@@ rc = 0, camera_sid = 0x10, eeprom_reg_addr = 0x08 , eeprom_reg_value = 0x36
06-10 06:43:25.965     0     0 I         : @@@ rc = 0, camera_sid = 0x10, eeprom_reg_addr = 0x09 , eeprom_reg_value = 0x30
06-10 06:43:25.966     0     0 I         : @@@ rc = 0, camera_sid = 0x10, eeprom_reg_addr = 0x0a , eeprom_reg_value = 0x36
06-10 06:43:25.966     0     0 I         : @@@ rc = 0, camera_sid = 0x10, eeprom_reg_addr = 0x0b , eeprom_reg_value = 0x31
06-10 06:43:25.966     0     0 I         : @@@ rc = 0, camera_sid = 0x10, eeprom_reg_addr = 0x0c , eeprom_reg_value = 0x36
06-10 06:43:25.968   665   665 D audio_hw_utils: audio_extn_utils_open_snd_mixer: snd_card_name: sdm660-snd-card-nonpay
06-10 06:43:25.968   665   665 W hardware_info: update_hardware_info_bear: Not an SDM device
06-10 06:43:25.968   665   665 D audio_hw_utils: audio_extn_utils_open_snd_mixer: Opened sound card:0
06-10 06:43:25.973   627   627 W Zygote  : Class not found for preloading: android.view.SurfaceView$3
06-10 06:43:25.975   627   627 W Zygote  : Class not found for preloading: android.view.textclassifier.-$$Lambda$TextClassificationManager$JIaezIJbMig_-kVzN6oArzkTsJE
06-10 06:43:25.985   627   627 W Zygote  : Class not found for preloading: com.android.internal.net.NetworkStatsFactory
06-10 06:43:25.992   971  1031 I ServiceManager: Waiting for service 'package_native' on '/dev/binder'...
06-10 06:43:25.993   627   627 W Zygote  : Class not found for preloading: com.android.internal.telephony.-$$Lambda$PhoneSubInfoController$8HFbCDJDN1mrLJG980qYH5MGqMk
06-10 06:43:25.993   627   627 W Zygote  : Class not found for preloading: com.android.internal.telephony.-$$Lambda$PhoneSubInfoController$U28a_EGx2cvmQhDfRRgonMt5Zrc
06-10 06:43:25.993   627   627 W Zygote  : Class not found for preloading: com.android.internal.telephony.-$$Lambda$SubscriptionInfoUpdater$-zZXM9oMRZ3vZz7dJOG19J00Bmw
06-10 06:43:25.993   627   627 W Zygote  : Class not found for preloading: com.android.internal.telephony.-$$Lambda$SubscriptionInfoUpdater$D5yF1HbS4cvCyoAj3FESkPtA_0g
06-10 06:43:25.993   627   627 W Zygote  : Class not found for preloading: com.android.internal.telephony.-$$Lambda$SubscriptionInfoUpdater$MMx9iQX0JVqqMPLTUZhdBubFSzU
06-10 06:43:25.998   627   627 W Zygote  : Class not found for preloading: com.android.internal.telephony.GsmCdmaPhone$3
06-10 06:43:25.999   627   627 W Zygote  : Class not found for preloading: com.android.internal.telephony.NewNitzStateMachine$1
06-10 06:43:25.999   627   627 W Zygote  : Class not found for preloading: com.android.internal.telephony.NewNitzStateMachine
06-10 06:43:25.999   627   627 W Zygote  : Class not found for preloading: com.android.internal.telephony.NewTimeServiceHelper$1
06-10 06:43:25.999   627   627 W Zygote  : Class not found for preloading: com.android.internal.telephony.NewTimeServiceHelper$Listener
06-10 06:43:25.999   627   627 W Zygote  : Class not found for preloading: com.android.internal.telephony.NewTimeServiceHelper
06-10 06:43:25.999   627   627 W Zygote  : Class not found for preloading: com.android.internal.telephony.PhoneConfigurationModels
06-10 06:43:26.001   627   627 W Zygote  : Class not found for preloading: com.android.internal.telephony.SubscriptionController$ScLocalLog
06-10 06:43:26.002   627   627 W Zygote  : Class not found for preloading: com.android.internal.telephony.UiccSmsController
06-10 06:43:26.002   627   627 W Zygote  : Class not found for preloading: com.android.internal.telephony.dataconnection.DcController$2
06-10 06:43:26.006   627   627 W Zygote  : Class not found for preloading: com.android.internal.telephony.imsphone.-$$Lambda$ImsPhoneCallTracker$QlPVd_3u4_verjHUDnkn6zaSe54
06-10 06:43:26.007   627   627 W Zygote  : Class not found for preloading: com.android.internal.telephony.imsphone.ImsPhone$3
06-10 06:43:26.045   669  1242 E mm-camera: <SENSOR><ERROR> ov8856_gt24p64b_get_calibration_items: 30: is_insensor:0, is_afc:1, is_wbc:1, is_lsc:1, is_dpc:0, is_ois:0, is_dual:0
06-10 06:43:26.050   627   627 I Zygote  : ...preloaded 7579 classes in 1048ms.
06-10 06:43:26.050   627   627 I zygote64: VMRuntime.preloadDexCaches starting
06-10 06:43:26.051   669   669 I mm-camera: <IFACE >< INFO> 700: iface_unreserve_sink_port: stream_id f mode 0 
06-10 06:43:26.051   669   669 I mm-camera: <ISP   >< INFO> 941: isp_port_check_caps_unreserve: ide 3000f port 0xe8c540c0
06-10 06:43:26.053   669   669 I mm-camera: <MCT   >< INFO> 4556: mct_pipeline_process_set: Stream 0x3000f and stream type=10, successfully deleted
06-10 06:43:26.053   669  1267 I mm-camera: <MCT   >< INFO> 5138: mct_pipeline_stop_session_thread: Stop module name: sensor - E
06-10 06:43:26.053   669  1268 I mm-camera: <MCT   >< INFO> 5138: mct_pipeline_stop_session_thread: Stop module name: iface - E
06-10 06:43:26.054   669  1269 I mm-camera: <MCT   >< INFO> 5138: mct_pipeline_stop_session_thread: Stop module name: isp - E
06-10 06:43:26.054   669  1268 I mm-camera: <MCT   >< INFO> 5146: mct_pipeline_stop_session_thread: Stop module name: iface - X
06-10 06:43:26.054   669  1269 I mm-camera: <ISP   >< INFO> 510: isp_module_stop_session: session id 3
06-10 06:43:26.054   669  1270 I mm-camera: <MCT   >< INFO> 5138: mct_pipeline_stop_session_thread: Stop module name: stats - E
06-10 06:43:26.054   669  1267 I mm-camera: <MCT   >< INFO> 5146: mct_pipeline_stop_session_thread: Stop module name: sensor - X
06-10 06:43:26.054   669  1271 I mm-camera: <MCT   >< INFO> 5138: mct_pipeline_stop_session_thread: Stop module name: pproc - E
06-10 06:43:26.055     0     0 I MSM-CPP cpp_release_hardware: 1216 cpp hw release done
06-10 06:43:26.055   669   669 I mm-camera: <MCT   >< INFO> 5426: mct_pipeline_stop_session: Modules left: 5
06-10 06:43:26.055   669  1272 I mm-camera: <MCT   >< INFO> 5138: mct_pipeline_stop_session_thread: Stop module name: imglib - E
06-10 06:43:26.055   669   669 I mm-camera: <MCT   >< INFO> 5426: mct_pipeline_stop_session: Modules left: 4
06-10 06:43:26.055   669  1271 E mm-camera: <IMGLIB><ERROR> 328: AllocateBuffers: Nothing allocated or already freed!
06-10 06:43:26.055   669  1271 I mm-camera: <MCT   >< INFO> 5146: mct_pipeline_stop_session_thread: Stop module name: pproc - X
06-10 06:43:26.055   669   669 I mm-camera: <MCT   >< INFO> 5426: mct_pipeline_stop_session: Modules left: 3
06-10 06:43:26.056   669  1272 I mm-camera: <MCT   >< INFO> 5146: mct_pipeline_stop_session_thread: Stop module name: imglib - X
06-10 06:43:26.056   669   669 I mm-camera: <MCT   >< INFO> 5426: mct_pipeline_stop_session: Modules left: 2
06-10 06:43:26.056   669  1269 I mm-camera: <MCT   >< INFO> 5146: mct_pipeline_stop_session_thread: Stop module name: isp - X
06-10 06:43:26.056   669   669 I mm-camera: <MCT   >< INFO> 5426: mct_pipeline_stop_session: Modules left: 1
06-10 06:43:26.059   669  1270 I mm-camera: <MCT   >< INFO> 5146: mct_pipeline_stop_session_thread: Stop module name: stats - X
06-10 06:43:26.059   669   669 I mm-camera: <MCT   >< INFO> 5426: mct_pipeline_stop_session: Modules left: 0
06-10 06:43:26.059   669   669 I mm-camera: <MCT   >< INFO> 5436: mct_pipeline_stop_session: Stopped session 3 successfully
06-10 06:43:26.059   669   669 I mm-camera: <MCT   >< INFO> 5740: mct_pipeline_destroy: E: session:3
06-10 06:43:26.059   669   669 E mm-camera: <MCT   ><ERROR> 179: stop_sof_check_thread: Returning as SOF timer thread not yet initialized
06-10 06:43:26.059   669   669 I mm-camera: <MCT   >< INFO> 5818: mct_pipeline_destroy: X: Pipeline destroyed successfully session =3
06-10 06:43:26.059   669   669 I mm-camera: <MCT   >< INFO> 422: mct_controller_destroy: X Successfully closed mct_controller session 3
06-10 06:43:26.060     0     0 I msm_pm_qos_update_request: update request -1
06-10 06:43:26.060     0     0 I msm_pm_qos_add_request: add request
06-10 06:43:26.060   669   669 I QCamera : <HAL><INFO> closeCamera: 2409: [KPI Perf]: X PROFILE_CLOSE_CAMERA camera id 0, rc: 0
06-10 06:43:26.061   669   669 I QCamera : <HAL><INFO> close_camera_device: 1548: [KPI Perf]: X
06-10 06:43:26.061   669   669 I QCamera : <HAL><INFO> getCameraInfo: 359: Camera id 1 API version 768
06-10 06:43:26.061   669   669 D QCamera : Debug log file is not enabled
06-10 06:43:26.061     0     0 I msm_pm_qos_update_request: update request 100
06-10 06:43:26.061     0     0 I msm_pm_qos_add_request: add request
06-10 06:43:26.061   669   669 I mm-camera: <MCT   >< INFO> 118: mct_controller_new: Creating new mct_controller with session-id 4
06-10 06:43:26.062   669  1275 I mm-camera: <MCT   >< INFO> 5326: mct_pipeline_start_session_thread: E sensor
06-10 06:43:26.062   669  1275 I mm-camera: <MCT   >< INFO> 5333: mct_pipeline_start_session_thread: Calling start_session on Module sensor
06-10 06:43:26.062   669  1276 I mm-camera: <MCT   >< INFO> 5326: mct_pipeline_start_session_thread: E iface
06-10 06:43:26.062   669  1276 I mm-camera: <MCT   >< INFO> 5333: mct_pipeline_start_session_thread: Calling start_session on Module iface
06-10 06:43:26.062   669  1278 I mm-camera: <MCT   >< INFO> 5326: mct_pipeline_start_session_thread: E isp
06-10 06:43:26.062   669  1278 I mm-camera: <MCT   >< INFO> 5333: mct_pipeline_start_session_thread: Calling start_session on Module isp
06-10 06:43:26.062   669  1278 I mm-camera: <ISP   >< INFO> 214: isp_module_start_session: session id 4 
06-10 06:43:26.062   669  1280 I mm-camera: <MCT   >< INFO> 5326: mct_pipeline_start_session_thread: E stats
06-10 06:43:26.062   669  1276 I mm-camera: <MCT   >< INFO> 5336: mct_pipeline_start_session_thread: Module iface start_session rc = 1
06-10 06:43:26.062   669  1280 I mm-camera: <MCT   >< INFO> 5333: mct_pipeline_start_session_thread: Calling start_session on Module stats
06-10 06:43:26.063     0     0 I msm_csid_init: CSID_VERSION = 0x30050000
06-10 06:43:26.063     0     0 E         : msm_csid_irq CSID1_IRQ_STATUS_ADDR = 0x800
06-10 06:43:26.064   669  1276 I mm-camera: <MCT   >< INFO> 5344: mct_pipeline_start_session_thread: started_num = 1, success = 1
06-10 06:43:26.064   669  1276 I mm-camera: <MCT   >< INFO> 5351: mct_pipeline_start_session_thread: X iface
06-10 06:43:26.064   669  1282 I mm-camera: <MCT   >< INFO> 5326: mct_pipeline_start_session_thread: E pproc
06-10 06:43:26.064   669  1282 I mm-camera: <MCT   >< INFO> 5333: mct_pipeline_start_session_thread: Calling start_session on Module pproc
06-10 06:43:26.064   669  1286 I mm-camera: <MCT   >< INFO> 5326: mct_pipeline_start_session_thread: E imglib
06-10 06:43:26.065   669  1278 I mm-camera: <MCT   >< INFO> 5336: mct_pipeline_start_session_thread: Module isp start_session rc = 1
06-10 06:43:26.065   669  1278 I mm-camera: <MCT   >< INFO> 5344: mct_pipeline_start_session_thread: started_num = 2, success = 2
06-10 06:43:26.065   669  1278 I mm-camera: <MCT   >< INFO> 5351: mct_pipeline_start_session_thread: X isp
06-10 06:43:26.065   669  1286 I mm-camera: <MCT   >< INFO> 5333: mct_pipeline_start_session_thread: Calling start_session on Module imglib
06-10 06:43:26.065   669  1280 I mm-camera: <MCT   >< INFO> 5336: mct_pipeline_start_session_thread: Module stats start_session rc = 1
06-10 06:43:26.065   669  1280 I mm-camera: <MCT   >< INFO> 5344: mct_pipeline_start_session_thread: started_num = 3, success = 3
06-10 06:43:26.065   669  1280 I mm-camera: <MCT   >< INFO> 5351: mct_pipeline_start_session_thread: X stats
06-10 06:43:26.065   669  1286 I mm-camera: <MCT   >< INFO> 5336: mct_pipeline_start_session_thread: Module imglib start_session rc = 1
06-10 06:43:26.065   669  1286 I mm-camera: <MCT   >< INFO> 5344: mct_pipeline_start_session_thread: started_num = 4, success = 4
06-10 06:43:26.065   669  1286 I mm-camera: <MCT   >< INFO> 5351: mct_pipeline_start_session_thread: X imglib
06-10 06:43:26.066   669  1282 I mm-camera: <MCT   >< INFO> 5336: mct_pipeline_start_session_thread: Module pproc start_session rc = 1
06-10 06:43:26.066   669  1282 I mm-camera: <MCT   >< INFO> 5344: mct_pipeline_start_session_thread: started_num = 5, success = 5
06-10 06:43:26.066   669  1282 I mm-camera: <MCT   >< INFO> 5351: mct_pipeline_start_session_thread: X pproc
06-10 06:43:26.067     0     0 I MSM-CPP cpp_init_hardware: 1135 CPP HW Version: 0x60010002
06-10 06:43:26.067     0     0 E MSM-CPP cpp_init_hardware: 1153 stream_cnt:0
06-10 06:43:26.072   669  1275 I mm-camera: <MCT   >< INFO> 5336: mct_pipeline_start_session_thread: Module sensor start_session rc = 1
06-10 06:43:26.072   669  1275 I mm-camera: <MCT   >< INFO> 5344: mct_pipeline_start_session_thread: started_num = 6, success = 6
06-10 06:43:26.072   669  1275 I mm-camera: <MCT   >< INFO> 5351: mct_pipeline_start_session_thread: X sensor
06-10 06:43:26.072     0     0 W moto_se4750_sensor_config32: 2403 se475x cfgtype = 7
06-10 06:43:26.072     0     0 W moto_se4750_sensor_config32: 2403 se475x cfgtype = 5
06-10 06:43:26.072     0     0 I         : 2513 se475x CFG_POWER_UP 1 rc=0
06-10 06:43:26.072     0     0 I         : se4500 power up
06-10 06:43:26.074   714   714 D RenderEngine: shader cache generated - 48 shaders in 439.079590 ms
06-10 06:43:26.075   714   714 E SurfaceFlinger: Unable to get composer extension
06-10 06:43:26.077   669   669 I mm-camera: <MCT   >< INFO> 5247: mct_pipeline_start_stream_internal: Adding session stream streamid= 0xf for session=4
06-10 06:43:26.077   714   714 I ServiceManagement: Registered android.frameworks.displayservice@1.0::IDisplayService/default (start delay of 2522ms)
06-10 06:43:26.077   669   669 I mm-camera: <MCT   >< INFO> 5295: mct_pipeline_start_stream_internal: Linking session stream for session 4
06-10 06:43:26.077   669   669 I mm-camera: <MCT   >< INFO> 526: mct_stream_start_link: Start linking Session-stream 0x4000f
06-10 06:43:26.077   669   669 I mm-camera: <IFACE >< INFO> 344: iface_util_find_primary_cid: iface_util_find_primary_cid:344 error cannot find primary sensor format cids 1
06-10 06:43:26.077   714   714 D SurfaceFlinger: Setting power mode 2 on display 0
06-10 06:43:26.077   669   669 I mm-camera: <ISP   >< INFO> 851: isp_port_check_caps_reserve: port 0xe8c540c0 ide 4000f type 10 dim 0 0
06-10 06:43:26.078   669   669 I mm-camera: <PPROC >< INFO> 449: pproc_port_add_modules_to_stream: in identity 4000f stream 10 int_link = 0xe8837940
06-10 06:43:26.078   675   875 I SDM     : DisplayBase::SetDisplayState: Set state = 1, display 0
06-10 06:43:26.078   669   669 I mm-camera: <PPROC >< INFO> 461: pproc_port_add_modules_to_stream: :LINK linking mods tmod and paaf for identity 4000f
06-10 06:43:26.078   669   669 I mm-camera: <PPROC >< INFO> 461: pproc_port_add_modules_to_stream: :LINK linking mods paaf and sat for identity 4000f
06-10 06:43:26.078   669   669 I mm-camera: <PPROC >< INFO> 461: pproc_port_add_modules_to_stream: :LINK linking mods sat and c2d for identity 4000f
06-10 06:43:26.078   669   669 I mm-camera: <C2D   >< INFO> 1557: c2d_module_notify_add_stream: width 0, height 0, stride 0, scanline 0, is_type 0
06-10 06:43:26.078   669   669 I mm-camera: <PPROC >< INFO> 461: pproc_port_add_modules_to_stream: :LINK linking mods c2d and cpp for identity 4000f
06-10 06:43:26.078   669   669 I mm-camera: <CPP   >< INFO> 2538: cpp_module_notify_add_stream: :stream 10, width 0, height 0, stride 0,scanline 0, framelen 0
06-10 06:43:26.078   669   669 I mm-camera: <CPP   >< INFO> 2695: cpp_module_notify_add_stream: : stream 10, fmt 1, asf_mode 0, sharpness_level 0.000000,asf mask 0, denoise 0, denoise_mask 0, dsdn mask 0,dsdn enable 0, tnr mask 0, tnr enable 0, ds_mask 0, luma dsdn 0
06-10 06:43:26.078   669   669 I mm-camera: <PPROC >< INFO> 461: pproc_port_add_modules_to_stream: :LINK linking mods cpp and depth_map for identity 4000f
06-10 06:43:26.078   669   669 I mm-camera: <PPROC >< INFO> 461: pproc_port_add_modules_to_stream: :LINK linking mods depth_map and ezt for identity 4000f
06-10 06:43:26.078   669   669 I mm-camera: <PPROC >< INFO> 461: pproc_port_add_modules_to_stream: :LINK linking mods ezt and quadracfa for identity 4000f
06-10 06:43:26.079   669   669 E mm-camera: <STATS ><ERROR> 3027: stats_port_check_caps_reserve: Invalid Port capability type!
06-10 06:43:26.079   669   669 I chatty  : uid=1047(cameraserver) provider@2.4-se identical 3 lines
06-10 06:43:26.079   669   669 E mm-camera: <STATS ><ERROR> 3027: stats_port_check_caps_reserve: Invalid Port capability type!
06-10 06:43:26.080   669   669 I mm-camera: <MCT   >< INFO> 5304: mct_pipeline_start_stream_internal: Session stream linked successfully session 4
