06-17 22:41:20.694   636   636 I zygote  : option[2]=vfprintf
06-17 22:41:20.694   636   636 I zygote  : option[3]=sensitiveThread
06-17 22:41:20.694   636   636 I zygote  : option[4]=-verbose:gc
06-17 22:41:20.694   636   636 I zygote  : option[5]=-Xms8m
06-17 22:41:20.694   636   636 I zygote  : option[6]=-Xmx512m
06-17 22:41:20.694   636   636 I zygote  : option[7]=-XX:HeapGrowthLimit=256m
06-17 22:41:20.694   636   636 I zygote  : option[8]=-XX:HeapMinFree=512k
06-17 22:41:20.694   636   636 I zygote  : option[9]=-XX:HeapMaxFree=8m
06-17 22:41:20.694   636   636 I zygote  : option[10]=-XX:HeapTargetUtilization=0.75
06-17 22:41:20.694   636   636 I zygote  : option[11]=-Xusejit:true
06-17 22:41:20.694   636   636 I zygote  : option[12]=-Xjitsaveprofilinginfo
06-17 22:41:20.694   636   636 I zygote  : option[13]=-XjdwpOptions:suspend=n,server=y
06-17 22:41:20.694   636   636 I zygote  : option[14]=-XjdwpProvider:default
06-17 22:41:20.694   636   636 I zygote  : option[15]=-Xlockprofthreshold:500
06-17 22:41:20.694   636   636 I zygote  : option[16]=-Ximage-compiler-option
06-17 22:41:20.694   636   636 I zygote  : option[17]=--runtime-arg
06-17 22:41:20.695   636   636 I zygote  : option[18]=-Ximage-compiler-option
06-17 22:41:20.695   636   636 I zygote  : option[19]=-Xms64m
06-17 22:41:20.695   636   636 I zygote  : option[20]=-Ximage-compiler-option
06-17 22:41:20.695   636   636 I zygote  : option[21]=--runtime-arg
06-17 22:41:20.695   636   636 I zygote  : option[22]=-Ximage-compiler-option
06-17 22:41:20.695   636   636 I zygote  : option[23]=-Xmx64m
06-17 22:41:20.695   636   636 I zygote  : option[24]=-Ximage-compiler-option
06-17 22:41:20.695   636   636 I zygote  : option[25]=--profile-file=/system/etc/boot-image.prof
06-17 22:41:20.695   636   636 I zygote  : option[26]=-Ximage-compiler-option
06-17 22:41:20.695   636   636 I zygote  : option[27]=--compiler-filter=speed-profile
06-17 22:41:20.695   636   636 I zygote  : option[28]=-Xcompiler-option
06-17 22:41:20.695   636   636 I zygote  : option[29]=--runtime-arg
06-17 22:41:20.695   636   636 I zygote  : option[30]=-Xcompiler-option
06-17 22:41:20.695   636   636 I zygote  : option[31]=-Xms64m
06-17 22:41:20.695   636   636 I zygote  : option[32]=-Xcompiler-option
06-17 22:41:20.695   636   636 I zygote  : option[33]=--runtime-arg
06-17 22:41:20.695   636   636 I zygote  : option[34]=-Xcompiler-option
06-17 22:41:20.695   636   636 I zygote  : option[35]=-Xmx512m
06-17 22:41:20.695   636   636 I zygote  : option[36]=-Ximage-compiler-option
06-17 22:41:20.695   636   636 I zygote  : option[37]=--instruction-set-variant=cortex-a73
06-17 22:41:20.695   636   636 I zygote  : option[38]=-Xcompiler-option
06-17 22:41:20.695   636   636 I zygote  : option[39]=--instruction-set-variant=cortex-a73
06-17 22:41:20.695   636   636 I zygote  : option[40]=-Ximage-compiler-option
06-17 22:41:20.695   636   636 I zygote  : option[41]=--instruction-set-features=default
06-17 22:41:20.695   636   636 I zygote  : option[42]=-Xcompiler-option
06-17 22:41:20.695   636   636 I zygote  : option[43]=--instruction-set-features=default
06-17 22:41:20.695   636   636 I zygote  : option[44]=-Duser.locale=en-US
06-17 22:41:20.695   636   636 I zygote  : option[45]=--cpu-abilist=armeabi-v7a,armeabi
06-17 22:41:20.695   636   636 I zygote  : option[46]=-Xcompiler-option
06-17 22:41:20.695   636   636 I zygote  : option[47]=--generate-mini-debug-info
06-17 22:41:20.695   636   636 I zygote  : option[48]=-Xcore-platform-api-policy:just-warn
06-17 22:41:20.695   636   636 I zygote  : option[49]=-Xfingerprint:Elo/15in-I-Series-4/15in-I-Series-4:10/QKQ1.201112.002/eng.youkai.20210618.014854:userdebug/debug,release-keys
06-17 22:41:20.701   636   636 W zygote  : Could not reserve sentinel fault page
06-17 22:41:20.701   636   636 I zygote  : Core platform API reporting enabled, enforcing=false
06-17 22:41:21.092   636   636 D ICU     : Time zone APEX file found: /apex/com.android.tzdata/etc/icu/icu_tzdata.dat
06-17 22:41:21.093   635   635 D ICU     : Time zone APEX file found: /apex/com.android.tzdata/etc/icu/icu_tzdata.dat
06-17 22:41:21.339   636   636 W zygote  : JNI RegisterNativeMethods: attempt to register 0 native methods for android.media.AudioAttributes
06-17 22:41:21.342   635   635 W zygote64: JNI RegisterNativeMethods: attempt to register 0 native methods for android.media.AudioAttributes
06-17 22:41:21.353   636   636 I sysui_multi_action: [757,804,799,boot_zygote_init,801,12371,802,1]
06-17 22:41:21.357   635   635 I sysui_multi_action: [757,804,799,boot_zygote_init,801,12379,802,1]
06-17 22:41:21.366   635   635 I boot_progress_preload_start: 12392
06-17 22:41:21.367   635   635 D Zygote  : begin preload
06-17 22:41:21.370   635   635 I Zygote  : Calling ZygoteHooks.beginPreload()
06-17 22:41:21.374   636   636 I zygote  : Explicit concurrent copying GC freed 307(38KB) AllocSpace objects, 0(0B) LOS objects, 98% free, 25KB/1561KB, paused 60us total 8.593ms
06-17 22:41:21.379   636   636 I zygote  : Explicit concurrent copying GC freed 5(32KB) AllocSpace objects, 0(0B) LOS objects, 98% free, 25KB/1561KB, paused 41us total 5.164ms
06-17 22:41:21.379   636   636 I chatty  : uid=0(root) main expire 6 lines
06-17 22:41:21.389   636   636 I Zygote  : Accepting command socket connections
06-17 22:41:21.411   635   635 I chatty  : uid=0(root) main expire 7 lines
06-17 22:41:21.411   635   635 I Zygote  : Preloading classes...
06-17 22:41:21.413   635   635 W Zygote  : Class not found for preloading: android.app.-$$Lambda$ActivityThread$ZXDWm3IBeFmLnFVblhB-IOZCr9o
06-17 22:41:21.485   635   635 W Zygote  : Class not found for preloading: android.bluetooth.BluetoothA2dp$2
06-17 22:41:21.498   635   635 I PackageBackwardCompatibility: Could not find android.content.pm.AndroidTestBaseUpdater, ignoring
06-17 22:41:21.619   665   665 I BOOT    : MSM target '', SoC 'QRD', HwID '324', SoC ver '65536'
06-17 22:41:21.637   666   666 W DRM_BOOT: file: '/sys/module/drm/parameters/vblankoffdelay' or perms doesn't exist
06-17 22:41:22.058   687   687 I ServiceManagement: Registered android.hidl.allocator@1.0::IAllocator/ashmem (start delay of 44ms)
06-17 22:41:22.059   687   687 I ServiceManagement: Removing namespace from process name android.hidl.allocator@1.0-service to allocator@1.0-service.
06-17 22:41:22.072   688   688 I ServiceManagement: Registered android.system.suspend@1.0::ISystemSuspend/default (start delay of 57ms)
06-17 22:41:22.072   688   688 I ServiceManagement: Removing namespace from process name android.system.suspend@1.0-service to suspend@1.0-service.
06-17 22:41:22.102   689   689 I android.hardware.bluetooth@1.0-service: vendorEnhancedInfo: 3
06-17 22:41:22.102   689   689 I android.hardware.bluetooth@1.0-service: isVendorEnhancedFramework: 1
06-17 22:41:22.102   689   689 I android.hardware.bluetooth@1.0-service: Registering BT Service
06-17 22:41:22.108   697   697 I health@2.0/: health@2.0/default: Hal starting main loop...
06-17 22:41:22.108   697   697 I health@2.0/: health@2.0/default Hal is starting up...
06-17 22:41:22.112   697   697 I ServiceManagement: Registered android.hardware.health@2.0::IHealth/default (start delay of 67ms)
06-17 22:41:22.112   697   697 I ServiceManagement: Removing namespace from process name android.hardware.health@2.0-service to health@2.0-service.
06-17 22:41:22.112   697   697 I health@2.0/: health@2.0/default: Hal init done
06-17 22:41:22.144   689   689 I ServiceManagement: Registered android.hardware.bluetooth@1.0::IBluetoothHci/default (start delay of 120ms)
06-17 22:41:22.144   700   700 I ServiceManagement: Registered android.hardware.memtrack@1.0::IMemtrack/default (start delay of 90ms)
06-17 22:41:22.144   700   700 I ServiceManagement: Removing namespace from process name android.hardware.memtrack@1.0-service to memtrack@1.0-service.
06-17 22:41:22.145   700   700 I android.hardware.memtrack@1.0-service: Registration complete for android.hardware.memtrack@1.0::IMemtrack/default.
06-17 22:41:22.145   689   689 I ServiceManagement: Removing namespace from process name android.hardware.bluetooth@1.0-service-qti to bluetooth@1.0-service-qti.
06-17 22:41:22.145   689   689 I         : Registration complete for android.hardware.bluetooth@1.0::IBluetoothHci/default.
06-17 22:41:22.145   689   689 I android.hardware.bluetooth@1.0-service: Registering ANT Service
06-17 22:41:22.151   703   703 I ServiceManagement: Registered android.hardware.thermal@1.0::IThermal/default (start delay of 86ms)
06-17 22:41:22.152   703   703 I ServiceManagement: Removing namespace from process name android.hardware.thermal@1.0-service to thermal@1.0-service.
06-17 22:41:22.152   703   703 I android.hardware.thermal@1.0-service: Registration complete for android.hardware.thermal@1.0::IThermal/default.
06-17 22:41:22.162   693   693 I ServiceManagement: Registered android.hardware.drm@1.0::IDrmFactory/default (start delay of 127ms)
06-17 22:41:22.162   693   693 I ServiceManagement: Removing namespace from process name android.hardware.drm@1.0-service to drm@1.0-service.
06-17 22:41:22.162   693   693 I         : Registration complete for android.hardware.drm@1.0::IDrmFactory/default.
06-17 22:41:22.162   728   728 I chatty  : uid=0(root) /vendor/bin/irsc_util expire 3 lines
06-17 22:41:22.164   698   698 E light   : light_open lights keyboard failed: -22
06-17 22:41:22.164   698   698 E light   : Light passthrough failed to load legacy HAL.
06-17 22:41:22.165   698   698 E light   : light_open lights buttons failed: -22
06-17 22:41:22.165   698   698 E light   : Light passthrough failed to load legacy HAL.
06-17 22:41:22.167   698   698 E light   : light_open lights bluetooth failed: -22
06-17 22:41:22.167   698   698 E light   : Light passthrough failed to load legacy HAL.
06-17 22:41:22.168   698   698 E light   : light_open lights wifi failed: -22
06-17 22:41:22.168   698   698 E light   : Light passthrough failed to load legacy HAL.
06-17 22:41:22.168   711   711 E OEMLIGHT: OemLight Hal start
06-17 22:41:22.168   711   711 E OEMLIGHT: power LED not support
06-17 22:41:22.168   711   711 E OEMLIGHT: function LED not support
06-17 22:41:22.169   691   691 I ServiceManagement: Registered android.hardware.cas@1.1::IMediaCasService/default (start delay of 145ms)
06-17 22:41:22.170   691   691 I ServiceManagement: Removing namespace from process name android.hardware.cas@1.1-service to cas@1.1-service.
06-17 22:41:22.171   711   711 I ServiceManagement: Registered vendor.elo.hardware.oemlight@1.0::IOemLight/default (start delay of 87ms)
06-17 22:41:22.172   711   711 I ServiceManagement: Removing namespace from process name vendor.elo.hardware.oemlight@1.0-service to oemlight@1.0-service.
06-17 22:41:22.174   693   693 I ServiceManagement: Registered android.hardware.drm@1.0::ICryptoFactory/default (start delay of 140ms)
06-17 22:41:22.175   693   693 I ServiceManagement: Removing namespace from process name android.hardware.drm@1.0-service to drm@1.0-service.
06-17 22:41:22.175   693   693 I         : Registration complete for android.hardware.drm@1.0::ICryptoFactory/default.
06-17 22:41:22.177   706   706 I ServiceManagement: Registered android.hardware.usb@1.0::IUsb/default (start delay of 111ms)
06-17 22:41:22.177   706   706 I ServiceManagement: Removing namespace from process name android.hardware.usb@1.0-service to usb@1.0-service.
06-17 22:41:22.177   706   706 I android.hardware.usb@1.0-service: USB HAL Ready.
06-17 22:41:22.179   698   698 I ServiceManagement: Registered android.hardware.light@2.0::ILight/default (start delay of 135ms)
06-17 22:41:22.180   698   698 I ServiceManagement: Removing namespace from process name android.hardware.light@2.0-service to light@2.0-service.
06-17 22:41:22.180   698   698 I         : Registration complete for android.hardware.light@2.0::ILight/default.
06-17 22:41:22.183   728   728 E irsc_util: irsc_feed_config: Security config ioctl failed
06-17 22:41:22.193   496   496 I hwservicemanager: getTransport: Cannot find entry android.hardware.gnss@2.0::IGnss/default in either framework or device manifest.
06-17 22:41:22.196   714   714 I ServiceManagement: Registered vendor.elo.hardware.oemuinput@1.0::IOemUinput/default (start delay of 111ms)
06-17 22:41:22.196   714   714 I ServiceManagement: Removing namespace from process name vendor.elo.hardware.oemuinput@1.0-service to oemuinput@1.0-service.
06-17 22:41:22.200   713   713 I OEMPowerUtil: initialize().
06-17 22:41:22.204   623   630 E QMI_FW  : ctrl_msg_reader_thread: control thread received ENETRESET 102
06-17 22:41:22.206   689   689 I ServiceManagement: Registered com.qualcomm.qti.ant@1.0::IAntHci/default (start delay of 181ms)
06-17 22:41:22.206   689   689 I         : Registration complete for com.qualcomm.qti.ant@1.0::IAntHci/default.
06-17 22:41:22.206   689   689 I android.hardware.bluetooth@1.0-service: Registering SAR service
06-17 22:41:22.206   623   623 E QMI_FW  : xport_lookup: No RX for lookup -1
06-17 22:41:22.206   623   623 D QC-time-services: Daemon:genoff_modem_qmi_init: Initializing QMI 
06-17 22:41:22.209   704   704 I auditd  : type=1400 audit(0.0:8): avc: denied { read } for comm="android.hardwar" name="pa" dev="sysfs" ino=32090 scontext=u:r:hal_tv_cec_default:s0 tcontext=u:object_r:sysfs:s0 tclass=file permissive=0
06-17 22:41:22.209   704   704 W android.hardwar: type=1400 audit(0.0:8): avc: denied { read } for name="pa" dev="sysfs" ino=32090 scontext=u:r:hal_tv_cec_default:s0 tcontext=u:object_r:sysfs:s0 tclass=file permissive=0
06-17 22:41:22.210   701   701 I QTI PowerHAL: Initing
06-17 22:41:22.211   695   695 I ServiceManagement: Registered android.hardware.graphics.allocator@2.0::IAllocator/default (start delay of 177ms)
06-17 22:41:22.212   695   695 I ServiceManagement: Removing namespace from process name android.hardware.graphics.allocator@2.0-service to allocator@2.0-service.
06-17 22:41:22.212   695   695 I android.hardware.graphics.allocator@2.0-service: Registration complete for android.hardware.graphics.allocator@2.0::IAllocator/default.
06-17 22:41:22.216   704   704 E qdhdmi_cec: write_node: Failed to access path: /sys/devices/virtual/graphics/fb1/cec/logical_addr error: No such file or directory
06-17 22:41:22.216   704   704 E qdhdmi_cec: write_node: Failed to access path: /sys/devices/virtual/graphics/fb1/cec/enable error: No such file or directory
06-17 22:41:22.216   704   704 E qdhdmi_cec: cec_enable: Failed to toggle CEC: enable: 1
06-17 22:41:22.216   701   701 I ServiceManagement: Registered android.hardware.power@1.0::IPower/default (start delay of 162ms)
06-17 22:41:22.216   704   704 D qdhdmi_cec: cec_init_context: CEC enabled
06-17 22:41:22.216   704   704 E qdhdmi_cec: Node open failed for display 1 event cec/rd_msg error No such file or directory
06-17 22:41:22.216   704   704 E qdhdmi_cec: Failed to set poll event parameters
06-17 22:41:22.216   704   704 E qdhdmi_cec: Failed to populate poll parameters for monitoring HDMI CEC events. Exiting.
06-17 22:41:22.216   704   704 E qdhdmi_cec: write_node: Failed to access path: /sys/devices/virtual/graphics/fb1/cec/enable error: No such file or directory
06-17 22:41:22.216   704   704 E qdhdmi_cec: cec_enable: Failed to toggle CEC: enable: 0
06-17 22:41:22.216   701   701 I ServiceManagement: Removing namespace from process name android.hardware.power@1.0-service to power@1.0-service.
06-17 22:41:22.216   701   701 I android.hardware.power@1.0-service: Registration complete for android.hardware.power@1.0::IPower/default.
06-17 22:41:22.221   704   704 I ServiceManagement: Registered android.hardware.tv.cec@1.0::IHdmiCec/default (start delay of 157ms)
06-17 22:41:22.221   704   704 I ServiceManagement: Removing namespace from process name android.hardware.tv.cec@1.0-service to cec@1.0-service.
06-17 22:41:22.221   713   713 I ServiceManagement: Registered vendor.elo.hardware.oempowersave@1.0::IOemPowerSave/default (start delay of 136ms)
06-17 22:41:22.221   704   704 I android.hardware.tv.cec@1.0-service: Registration complete for android.hardware.tv.cec@1.0::IHdmiCec/default.
06-17 22:41:22.221   713   713 I ServiceManagement: Removing namespace from process name vendor.elo.hardware.oempowersave@1.0-service to oempowersave@1.0-service.
06-17 22:41:22.227   694   694 D gps_ql  : get android version:29
06-17 22:41:22.227   689   689 E vendor.qti.hardware.bluetooth_sar@1.0-BluetoothSar: HIDL_FETCH_IBluetoothSar
06-17 22:41:22.228   716   716 D hal-OemUsbConfig: OemUsbConfig hal start
06-17 22:41:22.229   689   689 I ServiceManagement: Registered vendor.qti.hardware.bluetooth_sar@1.0::IBluetoothSar/default (start delay of 204ms)
06-17 22:41:22.229   689   689 I         : Registration complete for vendor.qti.hardware.bluetooth_sar@1.0::IBluetoothSar/default.
06-17 22:41:22.229   689   689 I android.hardware.bluetooth@1.0-service: Registering BT Config store Service
06-17 22:41:22.236   635   635 E ActivityRecognitionHardware: activity_recognition HAL is deprecated. class_init is effectively a no-op
06-17 22:41:22.240   689   689 I ServiceManagement: Registered vendor.qti.hardware.btconfigstore@1.0::IBTConfigStore/default (start delay of 216ms)
06-17 22:41:22.240   689   689 I         : Registration complete for vendor.qti.hardware.btconfigstore@1.0::IBTConfigStore/default.
06-17 22:41:22.243   746   746 I qpart-server: *** Starting Qpart Server *** 
06-17 22:41:22.243   746   746 I qpart-server: sizeof(T_Socket_Packet):40
06-17 22:41:22.243   746   746 I qpart-server: SOCKET_PKT_HEADER_LEN:40
06-17 22:41:22.243   746   746 I qpart-server: init all signals
06-17 22:41:22.243   746   746 I qpart-server: waiting client connection
06-17 22:41:22.244   694   694 I ServiceManagement: Registered android.hardware.gnss@2.0::IGnss/default (start delay of 210ms)
06-17 22:41:22.245   694   694 I ServiceManagement: Removing namespace from process name android.hardware.gnss@2.0-service.quectel to gnss@2.0-service.quectel.
06-17 22:41:22.245   694   694 I android.hardware.gnss@2.0-service: Registration complete for android.hardware.gnss@2.0::IGnss/default.
06-17 22:41:22.247   718   718 D vendor.qti.esepowermanager@1.0-service: loading eseservice
06-17 22:41:22.248   718   718 D QSEECOMAPI: QSEECom_get_handle sb_length = 0x400
06-17 22:41:22.248   718   718 D QSEECOMAPI: App is not loaded in QSEE
06-17 22:41:22.248   716   716 I ServiceManagement: Registered vendor.elo.hardware.oemusbconfig@1.0::IOemUsbConfig/default (start delay of 144ms)
06-17 22:41:22.248   718   718 E QSEECOMAPI: Error::Cannot open the file /vendor/firmware_mnt/image/eseservice.mdt errno = 2
06-17 22:41:22.248   718   718 E QSEECOMAPI: Error::Loading image failed with ret = -1
06-17 22:41:22.248   718   718 D vendor.qti.esepowermanager@1.0-service: loading eseservice failed
06-17 22:41:22.248   718   718 D vendor.qti.esepowermanager@1.0-service: eSEPowerManager is starting
06-17 22:41:22.249   716   716 I ServiceManagement: Removing namespace from process name vendor.elo.hardware.oemusbconfig@1.0-service to oemusbconfig@1.0-service.
06-17 22:41:22.252   702   702 E libsensor1: check_sensors_enabled: Sensors enabled = true
06-17 22:41:22.252   690   690 I android.hardware.camera.provider@2.4-service: CameraProvider@2.4 legacy service is starting.
06-17 22:41:22.252   722   722 I ServiceManagement: Registered vendor.qti.hardware.servicetracker@1.0::IServicetracker/default (start delay of 128ms)
06-17 22:41:22.253   722   722 I ServiceManagement: Removing namespace from process name vendor.qti.hardware.servicetracker@1.0-service to servicetracker@1.0-service.
06-17 22:41:22.253   722   722 I         : Registration complete for vendor.qti.hardware.servicetracker@1.0::IServicetracker/default.
06-17 22:41:22.254   747   747 I vendor.rmt_storage: Modem subsystem found on target!
06-17 22:41:22.257   710   710 I ServiceManagement: Registered vendor.elo.hardware.oemkeys@1.0::IOemKeys/default (start delay of 182ms)
06-17 22:41:22.257   710   710 I ServiceManagement: Removing namespace from process name vendor.elo.hardware.oemkeys@1.0-service to oemkeys@1.0-service.
06-17 22:41:22.260   731   731 I pd-mapper-svc: Starting pd-mapper service
06-17 22:41:22.261   720   720 D         : QdutilsDisp: svc service starting :)
06-17 22:41:22.265   623   757 D QC-time-services: Daemon: Time-services: All initializations done
06-17 22:41:22.265   623   757 E QC-time-services: Daemon: Time-services: Waiting to acceptconnection
06-17 22:41:22.266   720   720 I ServiceManagement: Registered vendor.qti.hardware.qdutils_disp@1.0::IQdutilsDisp/default (start delay of 151ms)
06-17 22:41:22.266   720   720 I ServiceManagement: Removing namespace from process name vendor.qti.hardware.qdutils_disp@1.0-service-qti to qdutils_disp@1.0-service-qti.
06-17 22:41:22.266   720   720 E         : Registered IQdutilsDisp HAL service success!
06-17 22:41:22.267   731   731 I pd-mapper-svc: Parsing file :/vendor/firmware_mnt/image/adspr.jsn:
06-17 22:41:22.267   738   738 I ServiceManagement: getService: Trying again for vendor.qti.hardware.perf@2.0::IPerf/default...
06-17 22:41:22.268   724   724 D         : tui_comm: svc service starting :)
06-17 22:41:22.271   731   731 I pd-mapper-svc: Parsing file :/vendor/firmware_mnt/image/adsps.jsn:
06-17 22:41:22.276   718   718 I ServiceManagement: Registered vendor.qti.esepowermanager@1.0::IEsePowerManager/default (start delay of 171ms)
06-17 22:41:22.276   730   730 I PerMgrSrv: Adding entry for modem : offTimeout : 500 ackTimeout : 200
06-17 22:41:22.276   718   718 I ServiceManagement: Removing namespace from process name vendor.qti.esepowermanager@1.0-service to esepowermanager@1.0-service.
06-17 22:41:22.276   718   718 I vendor.qti.esepowermanager@1.0-service: Registration complete for vendor.qti.esepowermanager@1.0::IEsePowerManager/default.
06-17 22:41:22.277   731   731 I pd-mapper-svc: Parsing file :/vendor/firmware_mnt/image/adspua.jsn:
06-17 22:41:22.278   712   712 I vendor.elo.hardware.oemmisc@1.0-service: OemMisc Service start!
06-17 22:41:22.278   741   741 W logd2   : Should set uid/gid from root to system
06-17 22:41:22.278   741   741 W logd2   : waiting client connection
06-17 22:41:22.280   721   721 I ServiceManagement: Registered vendor.qti.hardware.qteeconnector@1.0::IAppConnector/default (start delay of 165ms)
06-17 22:41:22.280   721   721 I ServiceManagement: Removing namespace from process name vendor.qti.hardware.qteeconnector@1.0-service to qteeconnector@1.0-service.
06-17 22:41:22.280   731   731 I pd-mapper-svc: Parsing file :/vendor/firmware_mnt/image/cdspr.jsn:
06-17 22:41:22.281   712   712 I ServiceManagement: Registered vendor.elo.hardware.oemmisc@1.0::IOemMisc/default (start delay of 197ms)
06-17 22:41:22.281   747   747 I vendor.rmt_storage: Shared memory initialised successfully.
06-17 22:41:22.281   712   712 I ServiceManagement: Removing namespace from process name vendor.elo.hardware.oemmisc@1.0-service to oemmisc@1.0-service.
06-17 22:41:22.282   747   747 I vendor.rmt_storage: Registering modemst1: 0x4a /boot/modem_fs1
06-17 22:41:22.282   747   747 I vendor.rmt_storage: Registering modemst2: 0x4b /boot/modem_fs2
06-17 22:41:22.282   747   747 I vendor.rmt_storage: Registering fsc: 0xff /boot/modem_fsc
06-17 22:41:22.282   747   747 I vendor.rmt_storage: Registering fsg: 0x58 /boot/modem_fsg
06-17 22:41:22.282   747   747 I vendor.rmt_storage: 4 GPT partitions found
06-17 22:41:22.282   747   747 I vendor.rmt_storage: Capset success!
06-17 22:41:22.283   730   730 I PerMgrSrv: Peripheral Mananager service start
06-17 22:41:22.283   730   730 I PerMgrSrv: power-off timeout 500,ms; event-ack timeout 200,ms; debug-mode false
06-17 22:41:22.283   730   730 I PerMgrSrv: Statistics for : modem
06-17 22:41:22.283   730   730 I PerMgrSrv: modem: Current State : is off-line
06-17 22:41:22.283   730   730 I PerMgrSrv: modem: Voter/Listener count : 0/0
06-17 22:41:22.283   730   730 I PerMgrSrv: modem: Power on count : 0
06-17 22:41:22.283   730   730 I PerMgrSrv: modem: Power off count: 0
06-17 22:41:22.283   730   730 I PerMgrSrv: modem: Client list:
06-17 22:41:22.284   731   731 I pd-mapper-svc: Parsing file :/vendor/firmware_mnt/image/modemr.jsn:
06-17 22:41:22.285   721   721 I ServiceManagement: Registered vendor.qti.hardware.qteeconnector@1.0::IGPAppConnector/default (start delay of 171ms)
06-17 22:41:22.285   721   721 I ServiceManagement: Removing namespace from process name vendor.qti.hardware.qteeconnector@1.0-service to qteeconnector@1.0-service.
06-17 22:41:22.288   724   724 I ServiceManagement: Registered vendor.qti.hardware.tui_comm@1.0::ITuiComm/default (start delay of 164ms)
06-17 22:41:22.288   731   731 I pd-mapper-svc: Parsing file :/vendor/firmware_mnt/image/modemuw.jsn:
06-17 22:41:22.289   724   724 I ServiceManagement: Removing namespace from process name vendor.qti.hardware.tui_comm@1.0-service-qti to tui_comm@1.0-service-qti.
06-17 22:41:22.289   730   765 I PerMgrSrv: QMI service start
06-17 22:41:22.289   724   724 E         : Registered ITuiComm HAL service success!
06-17 22:41:22.289   748   748 I tftp_server: Initializing tftp_server RING buffer
06-17 22:41:22.289   748   748 I tftp_server: Starting...
06-17 22:41:22.294   723   723 D QSEECOMAPI: QSEECom_get_handle sb_length = 0x2800
06-17 22:41:22.294   723   723 D QSEECOMAPI: App is not loaded in QSEE
06-17 22:41:22.294   731   769 I pd-mapper-svc: Starting servloc server
06-17 22:41:22.296   723   723 D QSEECOMAPI: app_arch = 2, total_files = 9
06-17 22:41:22.297   723   723 E ion     : ioctl c0044901 failed with code -1: Not a typewriter
06-17 22:41:22.298   709   709 I ServiceManagement: Registered vendor.display.color@1.0::IDisplayColor/default (start delay of 221ms)
06-17 22:41:22.298   709   709 I ServiceManagement: Removing namespace from process name vendor.display.color@1.0-service to color@1.0-service.
06-17 22:41:22.299   709   709 I ServiceManagement: Registered vendor.display.postproc@1.0::IDisplayPostproc/default (start delay of 225ms)
06-17 22:41:22.330   692   692 W /vendor/bin/hw/android.hardware.configstore@1.1-service: libminijail[692]: allowing syscall: connect
06-17 22:41:22.330   692   692 W /vendor/bin/hw/android.hardware.configstore@1.1-service: libminijail[692]: allowing syscall: fcntl
06-17 22:41:22.330   692   692 W /vendor/bin/hw/android.hardware.configstore@1.1-service: libminijail[692]: allowing syscall: sendto
06-17 22:41:22.330   692   692 W /vendor/bin/hw/android.hardware.configstore@1.1-service: libminijail[692]: allowing syscall: socket
06-17 22:41:22.330   692   692 W /vendor/bin/hw/android.hardware.configstore@1.1-service: libminijail[692]: allowing syscall: writev
06-17 22:41:22.331   696   696 I ServiceManagement: Registered vendor.display.config@1.9::IDisplayConfig/default (start delay of 297ms)
06-17 22:41:22.331   708   708 I android.hardware.wifi@1.0-service: Wifi Hal is booting up...
06-17 22:41:22.331   696   696 I SDM     : HWCSession::StartServices: IDisplayConfig service registration completed.
06-17 22:41:22.334   708   708 I ServiceManagement: Registered android.hardware.wifi@1.3::IWifi/default (start delay of 259ms)
06-17 22:41:22.334   692   692 W /vendor/bin/hw/android.hardware.configstore@1.1-service: libminijail[692]: logging seccomp filter failures
06-17 22:41:22.334   708   708 I ServiceManagement: Removing namespace from process name android.hardware.wifi@1.0-service to wifi@1.0-service.
06-17 22:41:22.336   692   692 I ServiceManagement: Registered android.hardware.configstore@1.1::ISurfaceFlingerConfigs/default (start delay of 311ms)
06-17 22:41:22.336   692   692 I ServiceManagement: Removing namespace from process name android.hardware.configstore@1.1-service to configstore@1.1-service.
06-17 22:41:22.337   696   777 W SDM     : HWCSession::UEventThread: UEvent dropped. No uevent listener.
06-17 22:41:22.337   696   777 W SDM     : HWCSession::UEventThread: UEvent dropped. No uevent listener.
06-17 22:41:22.343   719   719 I ServiceManagement: Registered vendor.qti.hardware.perf@2.1::IPerf/default (start delay of 228ms)
06-17 22:41:22.343   719   719 I ServiceManagement: Removing namespace from process name vendor.qti.hardware.perf@2.1-service to perf@2.1-service.
06-17 22:41:22.343   719   719 E vendor.qti.hardware.perf@2.1-service: Registered IPerf HAL service success!
06-17 22:41:22.347   696   696 I SDM     : ExtensionInterface::CreateExtensionInterface: 
06-17 22:41:22.347   696   696 I SDM     : SDM-EXTENSION Version: Date: 11/23/20, Commit: 9f32874, Change: I882287a529
06-17 22:41:22.347   696   696 I SDM     : HWInfo::GetHWResourceInfo: SDE Version = 5, SDE Revision = 30020000, RGB = 0, VIG = 2, DMA = 3, Cursor = 1
06-17 22:41:22.347   696   696 I SDM     : HWInfo::GetHWResourceInfo: Upscale Ratio = 20, Downscale Ratio = 4, Blending Stages = 7
06-17 22:41:22.347   696   696 I SDM     : HWInfo::GetHWResourceInfo: SourceSplit = 1 QSEED3 = 1
06-17 22:41:22.347   696   696 I SDM     : HWInfo::GetHWResourceInfo: BWC = 0, UBWC = 1, Decimation = 1, Tile Format = 0 Concurrent Writeback = 1
06-17 22:41:22.347   696   696 I SDM     : HWInfo::GetHWResourceInfo: MaxLowBw = 6600000 , MaxHighBw = 6600000
06-17 22:41:22.347   696   696 I SDM     : HWInfo::GetHWResourceInfo: MaxPipeBw = 3100000 KBps, MaxSDEClock = 412500000 Hz, ClockFudgeFactor = 1.050000
06-17 22:41:22.347   696   696 I SDM     : HWInfo::GetHWResourceInfo: Prefill factors: Tiled_NV12 = 8, Tiled = 4, Linear = 1, Scale = 1, Fudge_factor = 2
06-17 22:41:22.347   696   696 W SDM     : HWInfo::GetMDSSRotatorInfo: File '/sys/devices/virtual/rotator/mdss_rotator/caps' not found
06-17 22:41:22.348   696   696 I SDM     : HWInfo::GetV4L2RotatorInfo: V4L2 Rotator: Count = 1, Downscale = 1, Min_downscale = 1.500000, Downscale_compression = 1
06-17 22:41:22.348   696   696 I SDM     : HWInfo::GetHWResourceInfo: Has Support for multiple bw limits shown below
06-17 22:41:22.348   696   696 I SDM     : HWInfo::GetHWResourceInfo: Mode-index=0  total_bw_limit=6600000 and pipe_bw_limit=3100000
06-17 22:41:22.348   696   696 I SDM     : HWInfo::GetHWResourceInfo: Mode-index=1  total_bw_limit=4500000 and pipe_bw_limit=3100000
06-17 22:41:22.348   696   696 I SDM     : HWInfo::GetHWResourceInfo: Mode-index=2  total_bw_limit=6600000 and pipe_bw_limit=3100000
06-17 22:41:22.348   696   696 I SDM     : HWInfo::GetHWResourceInfo: Mode-index=3  total_bw_limit=6600000 and pipe_bw_limit=3100000
06-17 22:41:22.348   696   696 I SDM     : SessionManager::SessionManager: Allocate buffers synchronously = 0
06-17 22:41:22.348   696   777 W SDM     : HWCSession::UEventThread: UEvent dropped. No uevent listener.
06-17 22:41:22.348   696   777 I chatty  : uid=1000(system) HWC_UeventThrea identical 1 line
06-17 22:41:22.351   696   777 W SDM     : HWCSession::UEventThread: UEvent dropped. No uevent listener.
06-17 22:41:22.351   696   696 I SDM     : ScalarConfig::Init: DE sharpness value is 50
06-17 22:41:22.356   738   738 I lowmemorykiller: PSI window size is changed to 500ms
06-17 22:41:22.356   738   738 I lowmemorykiller: PSI poll period for super critical event is changed to 100ms
06-17 22:41:22.356   738   738 I lowmemorykiller: Using in-kernel low memory killer interface
06-17 22:41:22.358   696   777 W SDM     : HWCSession::UEventThread: UEvent dropped. No uevent listener.
06-17 22:41:22.359   696   777 I chatty  : uid=1000(system) HWC_UeventThrea identical 1 line
06-17 22:41:22.359   696   777 W SDM     : HWCSession::UEventThread: UEvent dropped. No uevent listener.
06-17 22:41:22.359   696   696 I SDM     : CoreInterface::CreateCore: Open interface handle = 0x7f42e3c000
06-17 22:41:22.359   696   696 I SDM     : HWCSession::Register: Set uevent listener = 0x7f42e26280
06-17 22:41:22.359   696   696 I SDM     : HWInfo::GetFirstDisplayInterfaceType: First display is internal display
06-17 22:41:22.360   696   696 I SDM     : CPUHint::Init: Invalid CPU Hint Pre-enable Window -1
06-17 22:41:22.360   696   696 I SDM     : HWDevice::GetHWPanelMaxBrightnessFromNode: Max brightness level = 255
06-17 22:41:22.360   696   696 I SDM     : HWDevice::Init: access(/dev/graphics/fb0) successful
06-17 22:41:22.360   696   696 I SDM     : HWDevice::GetHWPanelMaxBrightnessFromNode: Max brightness level = 255
06-17 22:41:22.360   696   696 I SDM     : HWDevice::PopulateHWPanelInfo: Device type = 0, Display Port = 1, Display Mode = 1, Device Node = 0, Is Primary = 1
06-17 22:41:22.360   696   696 I SDM     : HWDevice::PopulateHWPanelInfo: Partial Update = 0, supported roi_count =0, Dynamic FPS = 0
06-17 22:41:22.360   696   696 I SDM     : HWDevice::PopulateHWPanelInfo: Align: left = 0, width = 0, top = 0, height = 0
06-17 22:41:22.360   696   696 I SDM     : HWDevice::PopulateHWPanelInfo: ROI: min_width = 0, min_height = 0, need_merge = 0
06-17 22:41:22.360   696   696 I SDM     : HWDevice::PopulateHWPanelInfo: FPS: min = 60, max =60
06-17 22:41:22.360   696   696 I SDM     : HWDevice::PopulateHWPanelInfo: Ping Pong Split = 0
06-17 22:41:22.360   696   696 I SDM     : HWDevice::PopulateHWPanelInfo: Left Split = 0, Right Split = 0
06-17 22:41:22.371   686   686 I ServiceManagement: Registered android.hardware.audio@5.0::IDevicesFactory/default (start delay of 356ms)
06-17 22:41:22.371   686   686 I ServiceManagement: Removing namespace from process name android.hardware.audio@2.0-service to audio@2.0-service.
06-17 22:41:22.371   686   686 I audiohalservice: Registration complete for android.hardware.audio@5.0::IDevicesFactory/default.
06-17 22:41:22.391   686   686 I ServiceManagement: Registered android.hardware.audio.effect@5.0::IEffectsFactory/default (start delay of 376ms)
06-17 22:41:22.391   686   686 I audiohalservice: Registration complete for android.hardware.audio.effect@5.0::IEffectsFactory/default.
06-17 22:41:22.391   496   496 I hwservicemanager: getTransport: Cannot find entry android.hardware.soundtrigger@2.2::ISoundTriggerHw/default in either framework or device manifest.
06-17 22:41:22.392   686   686 E audiohalservice: Could not get passthrough implementation for android.hardware.soundtrigger@2.2::ISoundTriggerHw/default.
06-17 22:41:22.400   635   635 I zygote64: Thread[1,tid=635,Native,Thread*=0x77b8e62c00,peer=0x12c022b8,"main"] recursive attempt to load library "libmedia_jni.so"
06-17 22:41:22.401   635   635 D MtpDeviceJNI: register_android_mtp_MtpDevice
06-17 22:41:22.401   635   635 I zygote64: Thread[1,tid=635,Native,Thread*=0x77b8e62c00,peer=0x12c022b8,"main"] recursive attempt to load library "libmedia_jni.so"
06-17 22:41:22.401   635   635 I zygote64: Thread[1,tid=635,Native,Thread*=0x77b8e62c00,peer=0x12c022b8,"main"] recursive attempt to load library "libmedia_jni.so"
06-17 22:41:22.415   686   686 D sound_trigger_hw: stdev_open: Enter
06-17 22:41:22.426   635   635 W Zygote  : Class not found for preloading: android.media.audiopolicy.AudioProductStrategies
06-17 22:41:22.426   635   635 W Zygote  : Class not found for preloading: android.media.audiopolicy.AudioVolumeGroups
06-17 22:41:22.462   686   686 D sound_trigger_hw: load_audio_hal: ahal is using proprietary API version 0x0101
06-17 22:41:22.462   686   686 I sound_trigger_platform: platform_stdev_init: Enter
06-17 22:41:22.471   690   690 I QCamera : <MCI><INFO> needHAL1Support: 336: HAL1/HAL3 IS SUPPORTED
06-17 22:41:22.485   686   686 W sound_trigger_platform: load_smlib: generate_sound_trigger_phrase_recognition_event_v3 not found. undefined symbol: generate_sound_trigger_phrase_recognition_event_v3
06-17 22:41:22.490   723   723 D QSEECOMAPI: Loaded image: APP id = 131074
--------- beginning of radio
06-17 22:41:22.548   635   635 D TelephonyManager: No /proc/cmdline exception=java.io.FileNotFoundException: /proc/cmdline: open failed: EACCES (Permission denied)
06-17 22:41:22.548   635   635 D TelephonyManager: /proc/cmdline=
06-17 22:41:22.552   635   635 W Zygote  : Class not found for preloading: android.view.-$$Lambda$SurfaceView$Cs7TGTdA1lXf9qW8VOJAfEsMjdk
06-17 22:41:22.559   635   635 W Zygote  : Class not found for preloading: android.view.SurfaceView$3
06-17 22:41:22.561   635   635 W Zygote  : Class not found for preloading: android.view.textclassifier.-$$Lambda$TextClassificationManager$JIaezIJbMig_-kVzN6oArzkTsJE
06-17 22:41:22.572   635   635 W Zygote  : Class not found for preloading: com.android.internal.net.NetworkStatsFactory
06-17 22:41:22.581   635   635 W Zygote  : Class not found for preloading: com.android.internal.telephony.-$$Lambda$PhoneSubInfoController$8HFbCDJDN1mrLJG980qYH5MGqMk
06-17 22:41:22.581   635   635 W Zygote  : Class not found for preloading: com.android.internal.telephony.-$$Lambda$PhoneSubInfoController$U28a_EGx2cvmQhDfRRgonMt5Zrc
06-17 22:41:22.582   635   635 W Zygote  : Class not found for preloading: com.android.internal.telephony.-$$Lambda$SubscriptionInfoUpdater$-zZXM9oMRZ3vZz7dJOG19J00Bmw
06-17 22:41:22.582   635   635 W Zygote  : Class not found for preloading: com.android.internal.telephony.-$$Lambda$SubscriptionInfoUpdater$D5yF1HbS4cvCyoAj3FESkPtA_0g
06-17 22:41:22.582   635   635 W Zygote  : Class not found for preloading: com.android.internal.telephony.-$$Lambda$SubscriptionInfoUpdater$MMx9iQX0JVqqMPLTUZhdBubFSzU
06-17 22:41:22.586   635   635 W Zygote  : Class not found for preloading: com.android.internal.telephony.GsmCdmaPhone$3
06-17 22:41:22.587   635   635 W Zygote  : Class not found for preloading: com.android.internal.telephony.NewNitzStateMachine$1
06-17 22:41:22.587   635   635 W Zygote  : Class not found for preloading: com.android.internal.telephony.NewNitzStateMachine
06-17 22:41:22.587   635   635 W Zygote  : Class not found for preloading: com.android.internal.telephony.NewTimeServiceHelper$1
06-17 22:41:22.587   635   635 W Zygote  : Class not found for preloading: com.android.internal.telephony.NewTimeServiceHelper$Listener
06-17 22:41:22.587   635   635 W Zygote  : Class not found for preloading: com.android.internal.telephony.NewTimeServiceHelper
06-17 22:41:22.587   635   635 W Zygote  : Class not found for preloading: com.android.internal.telephony.PhoneConfigurationModels
06-17 22:41:22.588   635   635 W Zygote  : Class not found for preloading: com.android.internal.telephony.SubscriptionController$ScLocalLog
06-17 22:41:22.590   635   635 W Zygote  : Class not found for preloading: com.android.internal.telephony.UiccSmsController
06-17 22:41:22.590   635   635 W Zygote  : Class not found for preloading: com.android.internal.telephony.dataconnection.DcController$2
06-17 22:41:22.594   635   635 W Zygote  : Class not found for preloading: com.android.internal.telephony.imsphone.-$$Lambda$ImsPhoneCallTracker$QlPVd_3u4_verjHUDnkn6zaSe54
06-17 22:41:22.594   635   635 W Zygote  : Class not found for preloading: com.android.internal.telephony.imsphone.ImsPhone$3
06-17 22:41:22.626   740   740 I SurfaceFlinger: Using HWComposer service: 'default'
06-17 22:41:22.626   740   740 I SurfaceFlinger: SurfaceFlinger is starting
06-17 22:41:22.654   690   690 I mm-camera: < INFO> 421: init: memleak lib init.
06-17 22:41:22.655   690   690 I mm-camera: < INFO> 440: init: memleak tracer not attached
06-17 22:41:22.656   690   690 I mm-camera: <SENSOR>< INFO> 387: eebin_read: failed!
06-17 22:41:22.656   690   690 I mm-camera: <SENSOR>< INFO> 589: sensor_init_probe: opening: /dev/v4l-subdev10
06-17 22:41:22.656   690   690 I mm-camera: <SENSOR>< INFO> 598: sensor_init_probe: failed: to probe eeprom bin sensors (non-fatal)
06-17 22:41:22.723   736   736 I FastMixerState: sMaxFastTracks = 8
06-17 22:41:22.724   736   736 V MediaUtils: physMem: 3812380672
06-17 22:41:22.724   736   736 V MediaUtils: requested limit: 536870912
06-17 22:41:22.724   736   736 I libc    : malloc_limit: Allocation limit enabled, max size 536870912 bytes
06-17 22:41:22.724   736   736 I audioserver: ServiceManager: 0x7e3e360340
06-17 22:41:22.724   736   736 W BatteryNotifier: batterystats service unavailable!
06-17 22:41:22.726   496   496 I hwservicemanager: getTransport: Cannot find entry android.hardware.audio@5.0::IDevicesFactory/msd in either framework or device manifest.
06-17 22:41:22.728   736   736 I AudioFlinger: Using default 3000 mSec as standby time.
06-17 22:41:22.730   736   736 E APM::Serializer: deserialize: Could not parse /odm/etc/audio_policy_configuration.xml document.
06-17 22:41:22.737   736   736 E APM::AudioPolicyEngine/Config: parse: Could not parse document /vendor/etc/audio_policy_engine_configuration.xml
06-17 22:41:22.737   736   736 W APM::AudioPolicyEngine/Base: loadAudioPolicyEngineConfig: No configuration found, using default matching phone experience.
06-17 22:41:22.737   736   736 E APM::AudioPolicyEngine/Config: parseLegacyVolumeFile: Could not parse document /odm/etc/audio_policy_configuration.xml
06-17 22:41:22.741   736   736 D APM::AudioPolicyEngine: [Engine] prop ro.vendor.oem.hw.feature = (eth-PoE-GSen-DuSpk-GPIO-AdbMux-eRTC-Key2-dmic-SD-exPD)
06-17 22:41:22.741   736   736 V AudioFlinger: registerClient() client 0x7e3e363040, pid 736
06-17 22:41:22.742   686   789 D audio_hw_primary: adev_open: enter
06-17 22:41:22.742   686   789 D audio_log_utils: registered, module hal
06-17 22:41:22.744   686   789 W audio_hw_utils: audio_extn_utils_get_vendor_enhanced_info: vendor_enhanced_info 0x3
06-17 22:41:22.744   686   789 D audio_hw_extn: snd_mon_feature_init: Called with feature Enabled
06-17 22:41:22.745   686   789 D audio_hw_extn: snd_mon_feature_init:: ---- Feature SND_MONITOR is Enabled ----
06-17 22:41:22.745   686   789 W audio_hw_extn: :: compr_cap_feature_init: ---- Feature COMPRESS_CAPTURE is disabled ----
06-17 22:41:22.745   686   789 D audio_hw_extn: dsm_feedback_feature_init: Called with feature NOT Enabled
06-17 22:41:22.746   686   789 W audio_hw_extn: :: dsm_feedback_feature_init: ---- Feature DSM_FEEDBACK is disabled ----
06-17 22:41:22.747   686   789 D audio_hw_extn: ssrec_feature_init:: ---- Feature SSREC is Enabled ----
06-17 22:41:22.747   686   789 D audio_hw_extn: src_trkn_feature_init:: ---- Feature SOURCE_TRACKING is Enabled ----
06-17 22:41:22.747   686   789 D audio_hw_extn: hdmi_edid_feature_init: HDMI_EDID feature Enabled
06-17 22:41:22.749   686   789 D audio_hw_extn: hdmi_edid_feature_init:: ---- Feature HDMI_EDID is Enabled ----
06-17 22:41:22.749   686   789 D audio_hw_extn: :: keep_alive_feature_init: ---- Feature KEEP_ALIVE is  NOT ENABLED ----
06-17 22:41:22.749   686   789 D audio_hw_extn: :: hifi_audio_feature_init: ---- Feature HIFI_AUDIO is ENABLED ----
06-17 22:41:22.749   686   789 D audio_hw_extn: :: ras_feature_init: ---- Feature RAS_FEATURE is ENABLED ----
06-17 22:41:22.749   686   789 D audio_hw_extn: :: kpi_optimize_feature_init: ---- Feature KPI_OPTIMIZE is ENABLED ----
06-17 22:41:22.749   686   789 D audio_hw_extn: usb_offload_feature_init: Called with feature Enabled
06-17 22:41:22.749   686   789 D audio_hw_extn: usb_offload_burst_mode_feature_init: Called with feature NOT Enabled
06-17 22:41:22.749   686   789 D audio_hw_extn: usb_offload_sidetone_volume_feature_init: Called with feature NOT Enabled
06-17 22:41:22.749   686   789 D audio_hw_extn: a2dp_offload_feature_init: Called with feature Enabled
06-17 22:41:22.751   686   789 D audio_hw_extn: a2dp_offload_feature_init:: ---- Feature A2DP_OFFLOAD is Enabled ----
06-17 22:41:22.751   686   789 D audio_hw_extn: :: vbat_feature_init: ---- Feature VBAT is ENABLED ----
06-17 22:41:22.751   686   789 D audio_hw_extn: :: display_port_feature_init: ---- Feature DISPLAY_PORT is ENABLED ----
06-17 22:41:22.751   686   789 D audio_hw_extn: :: fluence_feature_init: ---- Feature FLUENCE is ENABLED ----
06-17 22:41:22.751   686   789 D audio_hw_extn: :: custom_stereo_feature_init: ---- Feature CUSTOM_STEREO is ENABLED ----
06-17 22:41:22.751   686   789 D audio_hw_extn: :: anc_headset_feature_init: ---- Feature ANC_HEADSET is ENABLED----
06-17 22:41:22.751   686   789 D audio_hw_extn: spkr_prot_feature_init: Called with feature Enabled, vendor_enhanced_info 0x3
06-17 22:41:22.753   686   789 D audio_hw_extn: spkr_prot_feature_init:: ---- Feature SPKR_PROT is Enabled ----
06-17 22:41:22.753   686   789 D audio_hw_extn: fm_feature_init: ---- Feature FM_POWER_OPT is ENABLED----
06-17 22:41:22.753   686   789 D audio_hw_extn: external_qdsp_feature_init: Called with feature NOT Enabled
06-17 22:41:22.753   686   789 W audio_hw_extn: :: external_qdsp_feature_init: ---- Feature EXTERNAL_QDSP is disabled ----
06-17 22:41:22.753   686   789 D audio_hw_extn: external_speaker_feature_init: Called with feature NOT Enabled
06-17 22:41:22.753   686   789 W audio_hw_extn: :: external_speaker_feature_init: ---- Feature EXTERNAL_SPKR is disabled ----
06-17 22:41:22.753   686   789 D audio_hw_extn: external_speaker_tfa_feature_init: Called with feature NOT Enabled
06-17 22:41:22.753   686   789 W audio_hw_extn: :: external_speaker_tfa_feature_init: ---- Feature EXTERNAL_SPKR_TFA is disabled ----
06-17 22:41:22.753   686   789 D audio_hw_extn: hwdep_cal_feature_init: Called with feature NOT Enabled
06-17 22:41:22.753   686   789 W audio_hw_extn: :: hwdep_cal_feature_init: ---- Feature HWDEP_CAL is disabled ----
06-17 22:41:22.753   686   789 D audio_hw_extn: hfp_feature_init: Called with feature Enabled
06-17 22:41:22.755   686   789 D audio_hw_extn: hfp_feature_init:: ---- Feature HFP is Enabled ----
06-17 22:41:22.755   686   789 D audio_hw_extn: ext_hw_plugin_feature_init: Called with feature NOT Enabled
06-17 22:41:22.755   686   789 W audio_hw_extn: :: ext_hw_plugin_feature_init: ---- Feature EXT_HW_PLUGIN is disabled ----
06-17 22:41:22.755   686   789 D audio_hw_extn: record_play_concurency_feature_init: ---- Feature RECORD_PLAY_CONCURRENCY is NOT ENABLED----
06-17 22:41:22.755   686   789 D audio_hw_extn: hdmi_passthrough_feature_init: Called with feature Enabled
06-17 22:41:22.757   686   789 E audio_hw_extn: hdmi_passthrough_feature_init: dlsym failed
06-17 22:41:22.758   686   789 W audio_hw_extn: :: hdmi_passthrough_feature_init: ---- Feature HDMI_PASSTHROUGH is disabled ----
06-17 22:41:22.758   686   789 D audio_hw_extn: concurrent_capture_feature_init: ---- Feature CONCURRENT_CAPTURE is NOT ENABLED----
06-17 22:41:22.758   686   789 D audio_hw_extn: compress_in_feature_init: ---- Feature COMPRESS_IN is NOT ENABLED----
06-17 22:41:22.758   686   789 W audio_hw_extn: :: battery_listener_feature_init: ---- Feature BATTERY_LISTENER is disabled ----
06-17 22:41:22.758   686   789 D audio_hw_extn: maxx_audio_feature_init: Called with feature NOT Enabled
06-17 22:41:22.758   686   789 W audio_hw_extn: :: maxx_audio_feature_init: ---- Feature MAXX_AUDIO is disabled ----
06-17 22:41:22.758   686   789 D audio_hw_extn: audiozoom_feature_init: Called with feature NOT Enabled
06-17 22:41:22.758   686   789 W audio_hw_extn: :: audiozoom_feature_init: ---- Feature AUDIOZOOM is disabled ----
06-17 22:41:22.758   686   789 D voice_extn: :: dynamic_ecns_feature_init: ---- Feature DYNAMIC_ECNS is NOT ENABLED ----
06-17 22:41:22.762   686   789 E audio_hw_extn: audio_extn_perf_lock_init: Perf lock handles Success 
06-17 22:41:22.860   690   690 I mm-camera: <SENSOR>< INFO> 216: sensor_xml_util_get_node_data: num_pairs = 13
06-17 22:41:22.860   690   690 I mm-camera: <SENSOR>< INFO> 255: sensor_xml_util_get_node_data:  i = 1 str = ov8856
06-17 22:41:22.860   690   690 I mm-camera: <SENSOR>< INFO> 255: sensor_xml_util_get_node_data:  i = 2 str = dw9714
06-17 22:41:22.860   690   690 I mm-camera: <SENSOR>< INFO> 255: sensor_xml_util_get_node_data:  i = 3 str = ov8856_gt24p64b
06-17 22:41:22.860   690   690 I mm-camera: <SENSOR>< INFO> 255: sensor_xml_util_get_node_data:  i = 5 str = pmic
06-17 22:41:22.860   690   690 I mm-camera: <SENSOR>< INFO> 255: sensor_xml_util_get_node_data:  i = 6 str = ov8856_chromatix
06-17 22:41:22.860   690   690 I mm-camera: <SENSOR>< INFO> 184: sensor_sysinfo_read: sysinfo:path /sys/module/msm_sensor_driver/parameters/module_vendor data default size 10
06-17 22:41:22.860   690   690 I mm-camera: <SENSOR>< INFO> 255: sensor_xml_util_get_node_data:  i = 8 str = 0
06-17 22:41:22.860   690   690 I mm-camera: <SENSOR>< INFO> 255: sensor_xml_util_get_node_data:  i = 9 str = 1
06-17 22:41:22.860   690   690 I mm-camera: <SENSOR>< INFO> 255: sensor_xml_util_get_node_data:  i = 10 str = BACK
06-17 22:41:22.860   690   690 I mm-camera: <SENSOR>< INFO> 255: sensor_xml_util_get_node_data:  i = 11 str = 360
06-17 22:41:22.864   690   690 I mm-camera: <SENSOR>< INFO> 311: sensor_sdk_util_get_i2c_freq_mode: Invalid i2c_freq_mode = 4
06-17 22:41:22.864   690   690 I mm-camera: <SENSOR>< INFO> 246: sensor_probe: [ov8856]CFG_SINIT_PROBE failed
06-17 22:41:22.864   690   690 I mm-camera: <SENSOR>< INFO> 399: sensor_init_xml_probe: failed: to probe ov8856
06-17 22:41:22.864   690   690 I mm-camera: <SENSOR>< INFO> 216: sensor_xml_util_get_node_data: num_pairs = 13
06-17 22:41:22.864   690   690 I mm-camera: <SENSOR>< INFO> 255: sensor_xml_util_get_node_data:  i = 1 str = se475x
06-17 22:41:22.864   690   690 I mm-camera: <SENSOR>< INFO> 255: sensor_xml_util_get_node_data:  i = 6 str = csidtg_chromatix
06-17 22:41:22.864   690   690 I mm-camera: <SENSOR>< INFO> 255: sensor_xml_util_get_node_data:  i = 8 str = 1
06-17 22:41:22.864   690   690 I mm-camera: <SENSOR>< INFO> 255: sensor_xml_util_get_node_data:  i = 9 str = 1
06-17 22:41:22.864   690   690 I mm-camera: <SENSOR>< INFO> 255: sensor_xml_util_get_node_data:  i = 10 str = FRONT
06-17 22:41:22.864   690   690 I mm-camera: <SENSOR>< INFO> 255: sensor_xml_util_get_node_data:  i = 11 str = 270
06-17 22:41:22.867   690   690 I mm-camera: <SENSOR>< INFO> 311: sensor_sdk_util_get_i2c_freq_mode: Invalid i2c_freq_mode = 4
06-17 22:41:22.867   690   690 I mm-camera: <SENSOR>< INFO> 246: sensor_probe: [se475x]CFG_SINIT_PROBE failed
