01-01 09:57:49.048     0     0 I         : @@@ rc = 0, camera_sid = 0x10, eeprom_reg_addr = 0x05 , eeprom_reg_value = 0x32
01-01 09:57:49.048     0     0 I         : @@@ rc = 0, camera_sid = 0x10, eeprom_reg_addr = 0x06 , eeprom_reg_value = 0x30
01-01 09:57:49.048     0     0 I         : @@@ rc = 0, camera_sid = 0x10, eeprom_reg_addr = 0x07 , eeprom_reg_value = 0x30
01-01 09:57:49.048     0     0 I         : @@@ rc = 0, camera_sid = 0x10, eeprom_reg_addr = 0x08 , eeprom_reg_value = 0x36
01-01 09:57:49.049     0     0 I         : @@@ rc = 0, camera_sid = 0x10, eeprom_reg_addr = 0x09 , eeprom_reg_value = 0x30
01-01 09:57:49.049     0     0 I         : @@@ rc = 0, camera_sid = 0x10, eeprom_reg_addr = 0x0a , eeprom_reg_value = 0x36
01-01 09:57:49.049     0     0 I         : @@@ rc = 0, camera_sid = 0x10, eeprom_reg_addr = 0x0b , eeprom_reg_value = 0x31
01-01 09:57:49.049     0     0 I         : @@@ rc = 0, camera_sid = 0x10, eeprom_reg_addr = 0x0c , eeprom_reg_value = 0x36
01-01 09:57:49.078   631   631 E ActivityRecognitionHardware: activity_recognition HAL is deprecated. class_init is effectively a no-op
01-01 09:57:49.081   889   889 I adbd    : UsbFfs: already offline
01-01 09:57:49.127   674  1241 E mm-camera: <SENSOR><ERROR> ov8856_gt24p64b_get_calibration_items: 30: is_insensor:0, is_afc:1, is_wbc:1, is_lsc:1, is_dpc:0, is_ois:0, is_dual:0
01-01 09:57:49.133   674   674 I mm-camera: <IFACE >< INFO> 700: iface_unreserve_sink_port: stream_id f mode 0 
01-01 09:57:49.134   674   674 I mm-camera: <ISP   >< INFO> 941: isp_port_check_caps_unreserve: ide 3000f port 0xf30fc0c0
01-01 09:57:49.135   674   674 I mm-camera: <MCT   >< INFO> 4556: mct_pipeline_process_set: Stream 0x3000f and stream type=10, successfully deleted
01-01 09:57:49.135   674  1266 I mm-camera: <MCT   >< INFO> 5138: mct_pipeline_stop_session_thread: Stop module name: sensor - E
01-01 09:57:49.136   674  1267 I mm-camera: <MCT   >< INFO> 5138: mct_pipeline_stop_session_thread: Stop module name: iface - E
01-01 09:57:49.136   674  1267 I mm-camera: <MCT   >< INFO> 5146: mct_pipeline_stop_session_thread: Stop module name: iface - X
01-01 09:57:49.136   674  1268 I mm-camera: <MCT   >< INFO> 5138: mct_pipeline_stop_session_thread: Stop module name: isp - E
01-01 09:57:49.136   674  1268 I mm-camera: <ISP   >< INFO> 510: isp_module_stop_session: session id 3
01-01 09:57:49.136   674  1269 I mm-camera: <MCT   >< INFO> 5138: mct_pipeline_stop_session_thread: Stop module name: stats - E
01-01 09:57:49.136   674  1266 I mm-camera: <MCT   >< INFO> 5146: mct_pipeline_stop_session_thread: Stop module name: sensor - X
01-01 09:57:49.138   674  1270 I mm-camera: <MCT   >< INFO> 5138: mct_pipeline_stop_session_thread: Stop module name: pproc - E
01-01 09:57:49.138     0     0 I MSM-CPP cpp_release_hardware: 1216 cpp hw release done
01-01 09:57:49.138   674  1271 I mm-camera: <MCT   >< INFO> 5138: mct_pipeline_stop_session_thread: Stop module name: imglib - E
01-01 09:57:49.138   674   674 I mm-camera: <MCT   >< INFO> 5426: mct_pipeline_stop_session: Modules left: 5
01-01 09:57:49.138   674   674 I mm-camera: <MCT   >< INFO> 5426: mct_pipeline_stop_session: Modules left: 4
01-01 09:57:49.140   674  1271 I mm-camera: <MCT   >< INFO> 5146: mct_pipeline_stop_session_thread: Stop module name: imglib - X
01-01 09:57:49.140   674   674 I mm-camera: <MCT   >< INFO> 5426: mct_pipeline_stop_session: Modules left: 3
01-01 09:57:49.140   674  1270 E mm-camera: <IMGLIB><ERROR> 328: AllocateBuffers: Nothing allocated or already freed!
01-01 09:57:49.140   674  1270 I mm-camera: <MCT   >< INFO> 5146: mct_pipeline_stop_session_thread: Stop module name: pproc - X
01-01 09:57:49.141   674   674 I mm-camera: <MCT   >< INFO> 5426: mct_pipeline_stop_session: Modules left: 2
01-01 09:57:49.142   674  1269 I mm-camera: <MCT   >< INFO> 5146: mct_pipeline_stop_session_thread: Stop module name: stats - X
01-01 09:57:49.142   674   674 I mm-camera: <MCT   >< INFO> 5426: mct_pipeline_stop_session: Modules left: 1
01-01 09:57:49.143   674  1268 I mm-camera: <MCT   >< INFO> 5146: mct_pipeline_stop_session_thread: Stop module name: isp - X
01-01 09:57:49.143   674   674 I mm-camera: <MCT   >< INFO> 5426: mct_pipeline_stop_session: Modules left: 0
01-01 09:57:49.143   674   674 I mm-camera: <MCT   >< INFO> 5436: mct_pipeline_stop_session: Stopped session 3 successfully
01-01 09:57:49.143   674   674 I mm-camera: <MCT   >< INFO> 5740: mct_pipeline_destroy: E: session:3
01-01 09:57:49.143   674   674 E mm-camera: <MCT   ><ERROR> 179: stop_sof_check_thread: Returning as SOF timer thread not yet initialized
01-01 09:57:49.143   674   674 I mm-camera: <MCT   >< INFO> 5818: mct_pipeline_destroy: X: Pipeline destroyed successfully session =3
01-01 09:57:49.143   674   674 I mm-camera: <MCT   >< INFO> 422: mct_controller_destroy: X Successfully closed mct_controller session 3
01-01 09:57:49.143     0     0 I msm_pm_qos_update_request: update request -1
01-01 09:57:49.143     0     0 I msm_pm_qos_add_request: add request
01-01 09:57:49.143   674   674 I QCamera : <HAL><INFO> closeCamera: 2409: [KPI Perf]: X PROFILE_CLOSE_CAMERA camera id 0, rc: 0
01-01 09:57:49.144     0     0 I msm_pm_qos_update_request: update request 100
01-01 09:57:49.144     0     0 I msm_pm_qos_add_request: add request
01-01 09:57:49.144   674   674 I QCamera : <HAL><INFO> close_camera_device: 1548: [KPI Perf]: X
01-01 09:57:49.144   674   674 I QCamera : <HAL><INFO> getCameraInfo: 359: Camera id 1 API version 768
01-01 09:57:49.144   674   674 D QCamera : Debug log file is not enabled
01-01 09:57:49.144   674   674 I mm-camera: <MCT   >< INFO> 118: mct_controller_new: Creating new mct_controller with session-id 4
01-01 09:57:49.145   674  1274 I mm-camera: <MCT   >< INFO> 5326: mct_pipeline_start_session_thread: E sensor
01-01 09:57:49.145   674  1274 I mm-camera: <MCT   >< INFO> 5333: mct_pipeline_start_session_thread: Calling start_session on Module sensor
01-01 09:57:49.145   674  1275 I mm-camera: <MCT   >< INFO> 5326: mct_pipeline_start_session_thread: E iface
01-01 09:57:49.145   674  1275 I mm-camera: <MCT   >< INFO> 5333: mct_pipeline_start_session_thread: Calling start_session on Module iface
01-01 09:57:49.145   674  1277 I mm-camera: <MCT   >< INFO> 5326: mct_pipeline_start_session_thread: E isp
01-01 09:57:49.145   674  1277 I mm-camera: <MCT   >< INFO> 5333: mct_pipeline_start_session_thread: Calling start_session on Module isp
01-01 09:57:49.145     0     0 I msm_csid_init: CSID_VERSION = 0x30050000
01-01 09:57:49.145   674  1275 I mm-camera: <MCT   >< INFO> 5336: mct_pipeline_start_session_thread: Module iface start_session rc = 1
01-01 09:57:49.145   674  1275 I mm-camera: <MCT   >< INFO> 5344: mct_pipeline_start_session_thread: started_num = 1, success = 1
01-01 09:57:49.145   674  1275 I mm-camera: <MCT   >< INFO> 5351: mct_pipeline_start_session_thread: X iface
01-01 09:57:49.145   947  1041 I ServiceManager: Waiting for service 'package_native' on '/dev/binder'...
01-01 09:57:49.145   674  1277 I mm-camera: <ISP   >< INFO> 214: isp_module_start_session: session id 4 
01-01 09:57:49.145     0     0 E         : msm_csid_irq CSID1_IRQ_STATUS_ADDR = 0x800
01-01 09:57:49.145   674  1280 I mm-camera: <MCT   >< INFO> 5326: mct_pipeline_start_session_thread: E stats
01-01 09:57:49.146   674  1280 I mm-camera: <MCT   >< INFO> 5333: mct_pipeline_start_session_thread: Calling start_session on Module stats
01-01 09:57:49.146   674  1282 I mm-camera: <MCT   >< INFO> 5326: mct_pipeline_start_session_thread: E pproc
01-01 09:57:49.146   674  1282 I mm-camera: <MCT   >< INFO> 5333: mct_pipeline_start_session_thread: Calling start_session on Module pproc
01-01 09:57:49.146   674  1277 I mm-camera: <MCT   >< INFO> 5336: mct_pipeline_start_session_thread: Module isp start_session rc = 1
01-01 09:57:49.146   674  1277 I mm-camera: <MCT   >< INFO> 5344: mct_pipeline_start_session_thread: started_num = 2, success = 2
01-01 09:57:49.146   674  1277 I mm-camera: <MCT   >< INFO> 5351: mct_pipeline_start_session_thread: X isp
01-01 09:57:49.146   674  1284 I mm-camera: <MCT   >< INFO> 5326: mct_pipeline_start_session_thread: E imglib
01-01 09:57:49.146   674  1284 I mm-camera: <MCT   >< INFO> 5333: mct_pipeline_start_session_thread: Calling start_session on Module imglib
01-01 09:57:49.147   674  1282 I mm-camera: <MCT   >< INFO> 5336: mct_pipeline_start_session_thread: Module pproc start_session rc = 1
01-01 09:57:49.147   674  1282 I mm-camera: <MCT   >< INFO> 5344: mct_pipeline_start_session_thread: started_num = 3, success = 3
01-01 09:57:49.147   674  1282 I mm-camera: <MCT   >< INFO> 5351: mct_pipeline_start_session_thread: X pproc
01-01 09:57:49.147   674  1284 I mm-camera: <MCT   >< INFO> 5336: mct_pipeline_start_session_thread: Module imglib start_session rc = 1
01-01 09:57:49.147   674  1284 I mm-camera: <MCT   >< INFO> 5344: mct_pipeline_start_session_thread: started_num = 4, success = 4
01-01 09:57:49.148   674  1284 I mm-camera: <MCT   >< INFO> 5351: mct_pipeline_start_session_thread: X imglib
01-01 09:57:49.148   674  1280 I mm-camera: <MCT   >< INFO> 5336: mct_pipeline_start_session_thread: Module stats start_session rc = 1
01-01 09:57:49.148   674  1280 I mm-camera: <MCT   >< INFO> 5344: mct_pipeline_start_session_thread: started_num = 5, success = 5
01-01 09:57:49.148   674  1280 I mm-camera: <MCT   >< INFO> 5351: mct_pipeline_start_session_thread: X stats
01-01 09:57:49.149     0     0 I MSM-CPP cpp_init_hardware: 1135 CPP HW Version: 0x60010002
01-01 09:57:49.149     0     0 E MSM-CPP cpp_init_hardware: 1153 stream_cnt:0
01-01 09:57:49.152   674  1274 I mm-camera: <MCT   >< INFO> 5336: mct_pipeline_start_session_thread: Module sensor start_session rc = 1
01-01 09:57:49.152   674  1274 I mm-camera: <MCT   >< INFO> 5344: mct_pipeline_start_session_thread: started_num = 6, success = 6
01-01 09:57:49.152     0     0 W moto_se4750_sensor_config32: 2403 se475x cfgtype = 7
01-01 09:57:49.152   674  1274 I mm-camera: <MCT   >< INFO> 5351: mct_pipeline_start_session_thread: X sensor
01-01 09:57:49.152     0     0 W moto_se4750_sensor_config32: 2403 se475x cfgtype = 5
01-01 09:57:49.152     0     0 I         : 2513 se475x CFG_POWER_UP 1 rc=0
01-01 09:57:49.152     0     0 I         : se4500 power up
01-01 09:57:49.158   674   674 I mm-camera: <MCT   >< INFO> 5247: mct_pipeline_start_stream_internal: Adding session stream streamid= 0xf for session=4
01-01 09:57:49.158   631   631 I zygote64: Thread[1,tid=631,Native,Thread*=0x7bdbb47c00,peer=0x12c022c0,"main"] recursive attempt to load library "libmedia_jni.so"
01-01 09:57:49.158   674   674 I mm-camera: <MCT   >< INFO> 5295: mct_pipeline_start_stream_internal: Linking session stream for session 4
01-01 09:57:49.158   674   674 I mm-camera: <MCT   >< INFO> 526: mct_stream_start_link: Start linking Session-stream 0x4000f
01-01 09:57:49.158   674   674 I mm-camera: <IFACE >< INFO> 344: iface_util_find_primary_cid: iface_util_find_primary_cid:344 error cannot find primary sensor format cids 1
01-01 09:57:49.158   631   631 D MtpDeviceJNI: register_android_mtp_MtpDevice
01-01 09:57:49.158   674   674 I mm-camera: <ISP   >< INFO> 851: isp_port_check_caps_reserve: port 0xf30fc0c0 ide 4000f type 10 dim 0 0
01-01 09:57:49.158   631   631 I zygote64: Thread[1,tid=631,Native,Thread*=0x7bdbb47c00,peer=0x12c022c0,"main"] recursive attempt to load library "libmedia_jni.so"
01-01 09:57:49.158   674   674 I mm-camera: <PPROC >< INFO> 449: pproc_port_add_modules_to_stream: in identity 4000f stream 10 int_link = 0xf2cdf940
01-01 09:57:49.158   674   674 I mm-camera: <PPROC >< INFO> 461: pproc_port_add_modules_to_stream: :LINK linking mods tmod and paaf for identity 4000f
01-01 09:57:49.158   631   631 I zygote64: Thread[1,tid=631,Native,Thread*=0x7bdbb47c00,peer=0x12c022c0,"main"] recursive attempt to load library "libmedia_jni.so"
01-01 09:57:49.159   674   674 I mm-camera: <PPROC >< INFO> 461: pproc_port_add_modules_to_stream: :LINK linking mods paaf and sat for identity 4000f
01-01 09:57:49.159   674   674 I mm-camera: <PPROC >< INFO> 461: pproc_port_add_modules_to_stream: :LINK linking mods sat and c2d for identity 4000f
01-01 09:57:49.159   674   674 I mm-camera: <C2D   >< INFO> 1557: c2d_module_notify_add_stream: width 0, height 0, stride 0, scanline 0, is_type 0
01-01 09:57:49.159   674   674 I mm-camera: <PPROC >< INFO> 461: pproc_port_add_modules_to_stream: :LINK linking mods c2d and cpp for identity 4000f
01-01 09:57:49.159   674   674 I mm-camera: <CPP   >< INFO> 2538: cpp_module_notify_add_stream: :stream 10, width 0, height 0, stride 0,scanline 0, framelen 0
01-01 09:57:49.159   674   674 I mm-camera: <CPP   >< INFO> 2695: cpp_module_notify_add_stream: : stream 10, fmt 1, asf_mode 0, sharpness_level 0.000000,asf mask 0, denoise 0, denoise_mask 0, dsdn mask 0,dsdn enable 0, tnr mask 0, tnr enable 0, ds_mask 0, luma dsdn 0
01-01 09:57:49.159   674   674 I mm-camera: <PPROC >< INFO> 461: pproc_port_add_modules_to_stream: :LINK linking mods cpp and depth_map for identity 4000f
01-01 09:57:49.159   674   674 I mm-camera: <PPROC >< INFO> 461: pproc_port_add_modules_to_stream: :LINK linking mods depth_map and ezt for identity 4000f
01-01 09:57:49.159   674   674 I mm-camera: <PPROC >< INFO> 461: pproc_port_add_modules_to_stream: :LINK linking mods ezt and quadracfa for identity 4000f
01-01 09:57:49.160   674   674 E mm-camera: <STATS ><ERROR> 3027: stats_port_check_caps_reserve: Invalid Port capability type!
01-01 09:57:49.160   674   674 I chatty  : uid=1047(cameraserver) provider@2.4-se identical 3 lines
01-01 09:57:49.160   674   674 E mm-camera: <STATS ><ERROR> 3027: stats_port_check_caps_reserve: Invalid Port capability type!
01-01 09:57:49.161   674   674 I mm-camera: <MCT   >< INFO> 5304: mct_pipeline_start_stream_internal: Session stream linked successfully session 4
01-01 09:57:49.170   631   631 W Zygote  : Class not found for preloading: android.media.audiopolicy.AudioProductStrategies
01-01 09:57:49.170   631   631 W Zygote  : Class not found for preloading: android.media.audiopolicy.AudioVolumeGroups
01-01 09:57:49.205   720   720 D RenderEngine: shader cache generated - 48 shaders in 412.540894 ms
01-01 09:57:49.206   720   720 E SurfaceFlinger: Unable to get composer extension
01-01 09:57:49.207   670   670 D audio_hw_utils: audio_extn_utils_open_snd_mixer: retry, retry_num 2
01-01 09:57:49.207   720   720 I ServiceManagement: Registered android.frameworks.displayservice@1.0::IDisplayService/default (start delay of 2390ms)
01-01 09:57:49.207   720   720 D SurfaceFlinger: Setting power mode 2 on display 0
01-01 09:57:49.207   680   797 I SDM     : DisplayBase::SetDisplayState: Set state = 1, display 0
01-01 09:57:49.210   670   670 D audio_hw_utils: audio_extn_utils_open_snd_mixer: snd_card_name: sdm660-snd-card-nonpay
01-01 09:57:49.211   670   670 W hardware_info: update_hardware_info_bear: Not an SDM device
01-01 09:57:49.211   670   670 D audio_hw_utils: audio_extn_utils_open_snd_mixer: Opened sound card:0
01-01 09:57:49.226     0     0 W         : We will detect the device!
01-01 09:57:49.231     0     0 I         : detect E
01-01 09:57:49.231     0     0 E         : scan engine has been detected!
01-01 09:57:49.231     0     0 W         : detect result = 1
01-01 09:57:49.231     0     0 I         : sensor state 1
01-01 09:57:49.232     0     0 W moto_se4750_sensor_config32: 2403 se475x cfgtype = 2
01-01 09:57:49.232     0     0 I         : se475x CFG_WRITE_I2C_ARRAY write i2c array nothing
01-01 09:57:49.232   674  1276 E mm-camera: <SENSOR><ERROR> 247: module_sensor_offload_init_config: func_tbl for submodule 4 is NULL
01-01 09:57:49.232   674  1276 E mm-camera: <SENSOR><ERROR> 249: module_sensor_offload_init_config: failed to get led off frame skip time
01-01 09:57:49.232   674  1272 I mm-camera: <MCT   >< INFO> 3323: mct_sysinfo_read: sysinfo:path /sys/module/msm_sensor_driver/parameters/only_support_5M data 0 size 10
01-01 09:57:49.232   674  1272 E mm-camera: <MCT   ><ERROR> 189: mct_util_find_closest_fps: Invalid reference table
01-01 09:57:49.232   674  1272 I mm-camera: <MCT   >< INFO> 3597: mct_pipeline_fill_dimensions_snapshot: Running out of table limit for mct_fps_table. Consider increasing           MAX_FPS_RANGE_ENTRIES 
01-01 09:57:49.232   674  1272 E mm-camera: <MCT   ><ERROR> 189: mct_util_find_closest_fps: Invalid reference table
01-01 09:57:49.232   674  1272 I mm-camera: <MCT   >< INFO> 3597: mct_pipeline_fill_dimensions_snapshot: Running out of table limit for mct_fps_table. Consider increasing           MAX_FPS_RANGE_ENTRIES 
01-01 09:57:49.232   674  1272 E mm-camera: <MCT   ><ERROR> 189: mct_util_find_closest_fps: Invalid reference table
01-01 09:57:49.232   674  1272 I mm-camera: <MCT   >< INFO> 3597: mct_pipeline_fill_dimensions_snapshot: Running out of table limit for mct_fps_table. Consider increasing           MAX_FPS_RANGE_ENTRIES 
01-01 09:57:49.232   674  1272 E mm-camera: <MCT   ><ERROR> 189: mct_util_find_closest_fps: Invalid reference table
01-01 09:57:49.233   674  1272 I mm-camera: <MCT   >< INFO> 3597: mct_pipeline_fill_dimensions_snapshot: Running out of table limit for mct_fps_table. Consider increasing           MAX_FPS_RANGE_ENTRIES 
01-01 09:57:49.233   674  1272 I mm-camera: <MCT   >< INFO> 3611: mct_pipeline_fill_dimensions_snapshot: Cam 1: FPS range selection complete. Publishing 0 ranges.
01-01 09:57:49.233   674  1272 I mm-camera: <MCT   >< INFO> 2540: mct_pipeline_fill_caps_sensor: =====sensitivity_range.min_sensitivity =0 =====
01-01 09:57:49.233   674  1272 I mm-camera: <MCT   >< INFO> 2541: mct_pipeline_fill_caps_sensor: =====sensitivity_range.max_sensitivity =3217 =====
01-01 09:57:49.233   674  1272 I mm-camera: <MCT   >< INFO> 2739: mct_pipeline_fill_caps_isp: isp max encoder size : 5504 X 16383
01-01 09:57:49.233   674  1272 I mm-camera: <MCT   >< INFO> 2746: mct_pipeline_fill_caps_isp: single isp max size : 1360 X 800
01-01 09:57:49.233   674  1272 I mm-camera: <MCT   >< INFO> 2757: mct_pipeline_fill_caps_isp: HAL max snapshot size in dual cam mode : 1280 X 768
01-01 09:57:49.233   674   674 I mm-camera: <MCT   >< INFO> 310: mct_controller_destroy: Initiating destroy sequence for session = 4
01-01 09:57:49.233   674   674 I mm-camera: <MCT   >< INFO> 328: mct_controller_destroy: serv_thread closed
01-01 09:57:49.237   674   674 I mm-camera: <MCT   >< INFO> 343: mct_controller_destroy: bus_handler thread closed
01-01 09:57:49.237   674   674 I mm-camera: <MCT   >< INFO> 5404: mct_pipeline_stop_session: Initiating stop_session on session 4
01-01 09:57:49.237   674   674 I mm-camera: <MCT   >< INFO> 4288: mct_pipeline_process_set: command=800000b
01-01 09:57:49.237   674   674 I mm-camera: <MCT   >< INFO> 4533: mct_pipeline_process_set: Issuing DEL_STREAM on stream 0x4000f and stream type=10
01-01 09:57:49.237   674   674 I mm-camera: <IFACE >< INFO> 700: iface_unreserve_sink_port: stream_id f mode 0 
01-01 09:57:49.237   674   674 I mm-camera: <ISP   >< INFO> 941: isp_port_check_caps_unreserve: ide 4000f port 0xf30fc0c0
01-01 09:57:49.239   674   674 I mm-camera: <MCT   >< INFO> 4556: mct_pipeline_process_set: Stream 0x4000f and stream type=10, successfully deleted
01-01 09:57:49.240   674  1301 I mm-camera: <MCT   >< INFO> 5138: mct_pipeline_stop_session_thread: Stop module name: sensor - E
01-01 09:57:49.240   674  1301 I mm-camera: <MCT   >< INFO> 5146: mct_pipeline_stop_session_thread: Stop module name: sensor - X
01-01 09:57:49.240     0     0 W moto_se4750_sensor_config32: 2403 se475x cfgtype = 6
01-01 09:57:49.240     0     0 I         : 2538 se475x CFG_POWER_DOWN 1
01-01 09:57:49.240     0     0 I         : se4500 power down
01-01 09:57:49.241   674  1302 I mm-camera: <MCT   >< INFO> 5138: mct_pipeline_stop_session_thread: Stop module name: iface - E
01-01 09:57:49.241   674  1302 I mm-camera: <MCT   >< INFO> 5146: mct_pipeline_stop_session_thread: Stop module name: iface - X
01-01 09:57:49.241   674  1303 I mm-camera: <MCT   >< INFO> 5138: mct_pipeline_stop_session_thread: Stop module name: isp - E
01-01 09:57:49.241   674  1303 I mm-camera: <ISP   >< INFO> 510: isp_module_stop_session: session id 4
01-01 09:57:49.242   674  1303 I mm-camera: <MCT   >< INFO> 5146: mct_pipeline_stop_session_thread: Stop module name: isp - X
01-01 09:57:49.242   674  1304 I mm-camera: <MCT   >< INFO> 5138: mct_pipeline_stop_session_thread: Stop module name: stats - E
01-01 09:57:49.245   674  1305 I mm-camera: <MCT   >< INFO> 5138: mct_pipeline_stop_session_thread: Stop module name: pproc - E
01-01 09:57:49.245   674   674 I mm-camera: <MCT   >< INFO> 5426: mct_pipeline_stop_session: Modules left: 5
01-01 09:57:49.245   674   674 I mm-camera: <MCT   >< INFO> 5426: mct_pipeline_stop_session: Modules left: 4
01-01 09:57:49.245   674   674 I mm-camera: <MCT   >< INFO> 5426: mct_pipeline_stop_session: Modules left: 3
01-01 09:57:49.245   674  1306 I mm-camera: <MCT   >< INFO> 5138: mct_pipeline_stop_session_thread: Stop module name: imglib - E
01-01 09:57:49.246   947  1041 I ServiceManager: Waiting for service 'package_native' on '/dev/binder'...
01-01 09:57:49.246     0     0 I MSM-CPP cpp_release_hardware: 1216 cpp hw release done
01-01 09:57:49.247   674  1306 I mm-camera: <MCT   >< INFO> 5146: mct_pipeline_stop_session_thread: Stop module name: imglib - X
01-01 09:57:49.247   674   674 I mm-camera: <MCT   >< INFO> 5426: mct_pipeline_stop_session: Modules left: 2
01-01 09:57:49.247   674  1305 E mm-camera: <IMGLIB><ERROR> 328: AllocateBuffers: Nothing allocated or already freed!
01-01 09:57:49.247   674  1305 I mm-camera: <MCT   >< INFO> 5146: mct_pipeline_stop_session_thread: Stop module name: pproc - X
01-01 09:57:49.248   674   674 I mm-camera: <MCT   >< INFO> 5426: mct_pipeline_stop_session: Modules left: 1
01-01 09:57:49.249   674  1304 I mm-camera: <MCT   >< INFO> 5146: mct_pipeline_stop_session_thread: Stop module name: stats - X
01-01 09:57:49.249   674   674 I mm-camera: <MCT   >< INFO> 5426: mct_pipeline_stop_session: Modules left: 0
01-01 09:57:49.249   674   674 I mm-camera: <MCT   >< INFO> 5436: mct_pipeline_stop_session: Stopped session 4 successfully
01-01 09:57:49.249   674   674 I mm-camera: <MCT   >< INFO> 5740: mct_pipeline_destroy: E: session:4
01-01 09:57:49.249   674   674 E mm-camera: <MCT   ><ERROR> 179: stop_sof_check_thread: Returning as SOF timer thread not yet initialized
01-01 09:57:49.249     0     0 I msm_pm_qos_update_request: update request -1
01-01 09:57:49.249   674   674 I mm-camera: <MCT   >< INFO> 5818: mct_pipeline_destroy: X: Pipeline destroyed successfully session =4
01-01 09:57:49.249     0     0 I msm_pm_qos_add_request: add request
01-01 09:57:49.249   674   674 I mm-camera: <MCT   >< INFO> 422: mct_controller_destroy: X Successfully closed mct_controller session 4
01-01 09:57:49.250   674   674 E CamComm1.0-MD: Update metadata entry: Unknown tag -2145976319
01-01 09:57:49.250   674   674 E CamComm1.0-MD: Update metadata entry: Unknown tag -2145976317
01-01 09:57:49.250   674   674 I QCamera : <HAL><INFO> getCamInfo: 13767: camera 1 resource cost is 0
01-01 09:57:49.250   674   674 I CamComm1.0-CamModule: isOpenLegacyDefined: cts Enable == 0 
01-01 09:57:49.250   674   674 I QCamera : <HAL><INFO> openLegacy: 520: openLegacy halVersion: 256 cameraId = 1
01-01 09:57:49.253   674   674 I QCamera : <HAL><INFO> openCamera: 1901: [KPI Perf]: E PROFILE_OPEN_CAMERA camera id 1
01-01 09:57:49.253     0     0 I msm_pm_qos_update_request: update request 100
01-01 09:57:49.253     0     0 I msm_pm_qos_add_request: add request
01-01 09:57:49.253   674   674 E QCamera : <HAL><ERROR> acquirePerfLock: 614: Failed to acquire the perf lock
01-01 09:57:49.253   674   674 D QCamera : Debug log file is not enabled
01-01 09:57:49.254   674   674 I mm-camera: <MCT   >< INFO> 118: mct_controller_new: Creating new mct_controller with session-id 4
01-01 09:57:49.255   674  1312 I mm-camera: <MCT   >< INFO> 5326: mct_pipeline_start_session_thread: E sensor
01-01 09:57:49.255   674  1312 I mm-camera: <MCT   >< INFO> 5333: mct_pipeline_start_session_thread: Calling start_session on Module sensor
01-01 09:57:49.255   674  1313 I mm-camera: <MCT   >< INFO> 5326: mct_pipeline_start_session_thread: E iface
01-01 09:57:49.255   674  1313 I mm-camera: <MCT   >< INFO> 5333: mct_pipeline_start_session_thread: Calling start_session on Module iface
01-01 09:57:49.257   674  1314 I mm-camera: <MCT   >< INFO> 5326: mct_pipeline_start_session_thread: E isp
01-01 09:57:49.257   674  1314 I mm-camera: <MCT   >< INFO> 5333: mct_pipeline_start_session_thread: Calling start_session on Module isp
01-01 09:57:49.257   674  1314 I mm-camera: <ISP   >< INFO> 214: isp_module_start_session: session id 4 
01-01 09:57:49.257   674  1317 I mm-camera: <MCT   >< INFO> 5326: mct_pipeline_start_session_thread: E stats
01-01 09:57:49.258   674  1317 I mm-camera: <MCT   >< INFO> 5333: mct_pipeline_start_session_thread: Calling start_session on Module stats
01-01 09:57:49.265   674  1318 I mm-camera: <MCT   >< INFO> 5326: mct_pipeline_start_session_thread: E pproc
01-01 09:57:49.265   674  1318 I mm-camera: <MCT   >< INFO> 5333: mct_pipeline_start_session_thread: Calling start_session on Module pproc
01-01 09:57:49.265   674  1313 I mm-camera: <MCT   >< INFO> 5336: mct_pipeline_start_session_thread: Module iface start_session rc = 1
01-01 09:57:49.266   674  1313 I mm-camera: <MCT   >< INFO> 5344: mct_pipeline_start_session_thread: started_num = 1, success = 1
01-01 09:57:49.266   674  1313 I mm-camera: <MCT   >< INFO> 5351: mct_pipeline_start_session_thread: X iface
01-01 09:57:49.267   674  1317 I mm-camera: <MCT   >< INFO> 5336: mct_pipeline_start_session_thread: Module stats start_session rc = 1
01-01 09:57:49.267   674  1317 I mm-camera: <MCT   >< INFO> 5344: mct_pipeline_start_session_thread: started_num = 2, success = 2
01-01 09:57:49.267   674  1317 I mm-camera: <MCT   >< INFO> 5351: mct_pipeline_start_session_thread: X stats
01-01 09:57:49.267   674  1321 I mm-camera: <MCT   >< INFO> 5326: mct_pipeline_start_session_thread: E imglib
01-01 09:57:49.267   674  1321 I mm-camera: <MCT   >< INFO> 5333: mct_pipeline_start_session_thread: Calling start_session on Module imglib
01-01 09:57:49.267   674  1318 I mm-camera: <MCT   >< INFO> 5336: mct_pipeline_start_session_thread: Module pproc start_session rc = 1
01-01 09:57:49.267   674  1318 I mm-camera: <MCT   >< INFO> 5344: mct_pipeline_start_session_thread: started_num = 3, success = 3
01-01 09:57:49.267   674  1318 I mm-camera: <MCT   >< INFO> 5351: mct_pipeline_start_session_thread: X pproc
01-01 09:57:49.268   674  1321 I mm-camera: <MCT   >< INFO> 5336: mct_pipeline_start_session_thread: Module imglib start_session rc = 1
01-01 09:57:49.268   674  1321 I mm-camera: <MCT   >< INFO> 5344: mct_pipeline_start_session_thread: started_num = 4, success = 4
01-01 09:57:49.268   674  1321 I mm-camera: <MCT   >< INFO> 5351: mct_pipeline_start_session_thread: X imglib
--------- beginning of radio
01-01 09:57:49.268   631   631 D TelephonyManager: No /proc/cmdline exception=java.io.FileNotFoundException: /proc/cmdline: open failed: EACCES (Permission denied)
01-01 09:57:49.268   674  1314 I mm-camera: <MCT   >< INFO> 5336: mct_pipeline_start_session_thread: Module isp start_session rc = 1
01-01 09:57:49.268   674  1314 I mm-camera: <MCT   >< INFO> 5344: mct_pipeline_start_session_thread: started_num = 5, success = 5
01-01 09:57:49.268   674  1314 I mm-camera: <MCT   >< INFO> 5351: mct_pipeline_start_session_thread: X isp
01-01 09:57:49.268   631   631 D TelephonyManager: /proc/cmdline=
01-01 09:57:49.269     0     0 I MSM-CPP cpp_init_hardware: 1135 CPP HW Version: 0x60010002
01-01 09:57:49.269     0     0 E MSM-CPP cpp_init_hardware: 1153 stream_cnt:0
01-01 09:57:49.272   631   631 W Zygote  : Class not found for preloading: android.view.-$$Lambda$SurfaceView$Cs7TGTdA1lXf9qW8VOJAfEsMjdk
01-01 09:57:49.278   631   631 W Zygote  : Class not found for preloading: android.view.SurfaceView$3
01-01 09:57:49.280   631   631 W Zygote  : Class not found for preloading: android.view.textclassifier.-$$Lambda$TextClassificationManager$JIaezIJbMig_-kVzN6oArzkTsJE
01-01 09:57:49.290   631   631 W Zygote  : Class not found for preloading: com.android.internal.net.NetworkStatsFactory
01-01 09:57:49.298   631   631 W Zygote  : Class not found for preloading: com.android.internal.telephony.-$$Lambda$PhoneSubInfoController$8HFbCDJDN1mrLJG980qYH5MGqMk
01-01 09:57:49.298   631   631 W Zygote  : Class not found for preloading: com.android.internal.telephony.-$$Lambda$PhoneSubInfoController$U28a_EGx2cvmQhDfRRgonMt5Zrc
01-01 09:57:49.298   631   631 W Zygote  : Class not found for preloading: com.android.internal.telephony.-$$Lambda$SubscriptionInfoUpdater$-zZXM9oMRZ3vZz7dJOG19J00Bmw
01-01 09:57:49.298   631   631 W Zygote  : Class not found for preloading: com.android.internal.telephony.-$$Lambda$SubscriptionInfoUpdater$D5yF1HbS4cvCyoAj3FESkPtA_0g
01-01 09:57:49.298   631   631 W Zygote  : Class not found for preloading: com.android.internal.telephony.-$$Lambda$SubscriptionInfoUpdater$MMx9iQX0JVqqMPLTUZhdBubFSzU
01-01 09:57:49.302   631   631 W Zygote  : Class not found for preloading: com.android.internal.telephony.GsmCdmaPhone$3
01-01 09:57:49.304   631   631 W Zygote  : Class not found for preloading: com.android.internal.telephony.NewNitzStateMachine$1
01-01 09:57:49.304   631   631 W Zygote  : Class not found for preloading: com.android.internal.telephony.NewNitzStateMachine
01-01 09:57:49.304   631   631 W Zygote  : Class not found for preloading: com.android.internal.telephony.NewTimeServiceHelper$1
01-01 09:57:49.304   631   631 W Zygote  : Class not found for preloading: com.android.internal.telephony.NewTimeServiceHelper$Listener
01-01 09:57:49.304   631   631 W Zygote  : Class not found for preloading: com.android.internal.telephony.NewTimeServiceHelper
01-01 09:57:49.304   631   631 W Zygote  : Class not found for preloading: com.android.internal.telephony.PhoneConfigurationModels
01-01 09:57:49.305   631   631 W Zygote  : Class not found for preloading: com.android.internal.telephony.SubscriptionController$ScLocalLog
01-01 09:57:49.306   631   631 W Zygote  : Class not found for preloading: com.android.internal.telephony.UiccSmsController
01-01 09:57:49.307   631   631 W Zygote  : Class not found for preloading: com.android.internal.telephony.dataconnection.DcController$2
01-01 09:57:49.310   631   631 W Zygote  : Class not found for preloading: com.android.internal.telephony.imsphone.-$$Lambda$ImsPhoneCallTracker$QlPVd_3u4_verjHUDnkn6zaSe54
01-01 09:57:49.311   631   631 W Zygote  : Class not found for preloading: com.android.internal.telephony.imsphone.ImsPhone$3
01-01 09:57:49.313     0     0 E i2c-msm-v2 c178000.i2c: msm_bus_scale_register_client(mstr-id:86):0x1e (ok)
01-01 09:57:49.317     0     0 I         : sensor state 0
01-01 09:57:49.317     0     0 I msm_csid_init: CSID_VERSION = 0x30050000
01-01 09:57:49.317     0     0 E         : msm_csid_irq CSID1_IRQ_STATUS_ADDR = 0x800
01-01 09:57:49.322   910   910 W ServiceManagement: Waited one second for android.hardware.camera.provider@2.4::ICameraProvider/legacy/0
01-01 09:57:49.322   910   910 I ServiceManagement: getService: Trying again for android.hardware.camera.provider@2.4::ICameraProvider/legacy/0...
01-01 09:57:49.326   674  1312 I mm-camera: <MCT   >< INFO> 5336: mct_pipeline_start_session_thread: Module sensor start_session rc = 1
01-01 09:57:49.326     0     0 W moto_se4750_sensor_config32: 2403 se475x cfgtype = 7
01-01 09:57:49.326     0     0 W moto_se4750_sensor_config32: 2403 se475x cfgtype = 5
01-01 09:57:49.326     0     0 I         : 2513 se475x CFG_POWER_UP 1 rc=0
01-01 09:57:49.326     0     0 I         : se4500 power up
01-01 09:57:49.326   674  1312 I mm-camera: <MCT   >< INFO> 5344: mct_pipeline_start_session_thread: started_num = 6, success = 6
01-01 09:57:49.326   674  1312 I mm-camera: <MCT   >< INFO> 5351: mct_pipeline_start_session_thread: X sensor
01-01 09:57:49.332   674   674 I mm-camera: <MCT   >< INFO> 5247: mct_pipeline_start_stream_internal: Adding session stream streamid= 0xf for session=4
01-01 09:57:49.332   674   674 I mm-camera: <MCT   >< INFO> 5295: mct_pipeline_start_stream_internal: Linking session stream for session 4
01-01 09:57:49.332   674   674 I mm-camera: <MCT   >< INFO> 526: mct_stream_start_link: Start linking Session-stream 0x4000f
01-01 09:57:49.332   674   674 I mm-camera: <IFACE >< INFO> 344: iface_util_find_primary_cid: iface_util_find_primary_cid:344 error cannot find primary sensor format cids 1
01-01 09:57:49.332   674   674 I mm-camera: <ISP   >< INFO> 851: isp_port_check_caps_reserve: port 0xf30fc0c0 ide 4000f type 10 dim 0 0
01-01 09:57:49.332   674   674 I mm-camera: <PPROC >< INFO> 449: pproc_port_add_modules_to_stream: in identity 4000f stream 10 int_link = 0xf2cdf940
01-01 09:57:49.332   674   674 I mm-camera: <PPROC >< INFO> 461: pproc_port_add_modules_to_stream: :LINK linking mods tmod and paaf for identity 4000f
01-01 09:57:49.332   674   674 I mm-camera: <PPROC >< INFO> 461: pproc_port_add_modules_to_stream: :LINK linking mods paaf and sat for identity 4000f
01-01 09:57:49.332   674   674 I mm-camera: <PPROC >< INFO> 461: pproc_port_add_modules_to_stream: :LINK linking mods sat and c2d for identity 4000f
01-01 09:57:49.332   674   674 I mm-camera: <C2D   >< INFO> 1557: c2d_module_notify_add_stream: width 0, height 0, stride 0, scanline 0, is_type 0
01-01 09:57:49.333   674   674 I mm-camera: <PPROC >< INFO> 461: pproc_port_add_modules_to_stream: :LINK linking mods c2d and cpp for identity 4000f
01-01 09:57:49.333   674   674 I mm-camera: <CPP   >< INFO> 2538: cpp_module_notify_add_stream: :stream 10, width 0, height 0, stride 0,scanline 0, framelen 0
01-01 09:57:49.333   674   674 I mm-camera: <CPP   >< INFO> 2695: cpp_module_notify_add_stream: : stream 10, fmt 1, asf_mode 0, sharpness_level 0.000000,asf mask 0, denoise 0, denoise_mask 0, dsdn mask 0,dsdn enable 0, tnr mask 0, tnr enable 0, ds_mask 0, luma dsdn 0
01-01 09:57:49.333   674   674 I mm-camera: <PPROC >< INFO> 461: pproc_port_add_modules_to_stream: :LINK linking mods cpp and depth_map for identity 4000f
01-01 09:57:49.333   674   674 I mm-camera: <PPROC >< INFO> 461: pproc_port_add_modules_to_stream: :LINK linking mods depth_map and ezt for identity 4000f
01-01 09:57:49.333   674   674 I mm-camera: <PPROC >< INFO> 461: pproc_port_add_modules_to_stream: :LINK linking mods ezt and quadracfa for identity 4000f
01-01 09:57:49.333   674   674 E mm-camera: <STATS ><ERROR> 3027: stats_port_check_caps_reserve: Invalid Port capability type!
01-01 09:57:49.333   674   674 I chatty  : uid=1047(cameraserver) provider@2.4-se identical 3 lines
01-01 09:57:49.333   674   674 E mm-camera: <STATS ><ERROR> 3027: stats_port_check_caps_reserve: Invalid Port capability type!
01-01 09:57:49.334   674   674 I mm-camera: <MCT   >< INFO> 5304: mct_pipeline_start_stream_internal: Session stream linked successfully session 4
01-01 09:57:49.336   674  1308 E QCamera : <HAL><ERROR> initDefaultParameters: 5895: se475x initDefaultParameters() ======start==== CameraId=1
01-01 09:57:49.336   674   674 I Thermal-Lib: Thermal-Lib-Client: Registration successful for camera with handle:1
01-01 09:57:49.336   674   674 I Thermal-Lib: Thermal-Lib-Client: Registration successful for camcorder with handle:2
01-01 09:57:49.336   674   674 I QCamera : <HAL><INFO> openCamera: 1931: [KPI Perf]: X PROFILE_OPEN_CAMERA camera id 1, rc: 0
01-01 09:57:49.336   674   674 I QCamera : <HAL><INFO> close_camera_device: 1530: [KPI Perf]: E camera id 1
01-01 09:57:49.337   674  1308 E QCamera : <HAL><ERROR> initDefaultParameters: 6692: se475x barcode_CameraId=1, config m_bRdiMode to true
01-01 09:57:49.337   896   978 I ThermalEngine: Thermal-Server: Adding thermal event listener on fd 34
01-01 09:57:49.337   674  1310 I mm-camera: <IFACE >< INFO> 6274: iface_util_set_dis_enable_flag: iface_util_set_dis_enable_flag:6274 DIS enable flag = 0
01-01 09:57:49.338   674  1310 E mm-camera: <SENSOR><ERROR> 5338: module_sensor_event_control_set_parm: func_tbl for submodule 4 is NULL
01-01 09:57:49.338   674  1336 I Thermal-Lib: Thermal-Lib-Client: Client received msg camera 0
01-01 09:57:49.338   674  1336 I Thermal-Lib: Thermal-Lib-Client: Client received msg camcorder 0
01-01 09:57:49.338   674  1308 E QCamera : <HAL><ERROR> initDefaultParameters: 6841: se475x store m_bNoDisplayModeAux=0 to tmp_bNoDisplayMode
01-01 09:57:49.339   674  1310 E mm-camera: <IMGLIB><ERROR> 322: module_depth_map_handle_ctrl_parm: E
01-01 09:57:49.339   674  1310 E mm-camera: <IMGLIB><ERROR> 430: module_depth_map_set_config_param: X
01-01 09:57:49.339   674  1310 E mm-camera: <IMGLIB><ERROR> 254: module_depth_map_send_config_data: CAM_STREAM_TYPE_DEPTH not set !!
01-01 09:57:49.339   674  1310 E mm-camera: <IMGLIB><ERROR> 369: module_depth_map_handle_ctrl_parm: Error module_depth_map_send_config_data
01-01 09:57:49.339   674  1310 E mm-camera: <IMGLIB><ERROR> 373: module_depth_map_handle_ctrl_parm: X
01-01 09:57:49.339   674  1310 E mm-camera: <IMGLIB><ERROR> 880: module_imgbase_process_param: [depth_map] handle_ctrl_parm error : type=10, rc=-5
01-01 09:57:49.340   674  1310 E mm-camera: <IMGLIB><ERROR> 322: module_depth_map_handle_ctrl_parm: E
01-01 09:57:49.340   674  1310 E mm-camera: <IMGLIB><ERROR> 430: module_depth_map_set_config_param: X
01-01 09:57:49.340   674  1310 E mm-camera: <IMGLIB><ERROR> 254: module_depth_map_send_config_data: CAM_STREAM_TYPE_DEPTH not set !!
01-01 09:57:49.340   674  1310 E mm-camera: <IMGLIB><ERROR> 369: module_depth_map_handle_ctrl_parm: Error module_depth_map_send_config_data
01-01 09:57:49.341   674  1310 E mm-camera: <IMGLIB><ERROR> 373: module_depth_map_handle_ctrl_parm: X
01-01 09:57:49.341   674  1310 E mm-camera: <IMGLIB><ERROR> 880: module_imgbase_process_param: [depth_map] handle_ctrl_parm error : type=10, rc=-5
01-01 09:57:49.341   674   674 E QCamera : <HAL><ERROR> acquirePerfLock: 614: Failed to acquire the perf lock
01-01 09:57:49.341   674   674 I QCamera : <HAL><INFO> closeCamera: 2333: E
01-01 09:57:49.341   674   674 I QCamera : <HAL><INFO> closeCamera: 2338: [KPI Perf]: E PROFILE_CLOSE_CAMERA camera id 1
01-01 09:57:49.341   674  1164 E mm-camera: <IMGLIB><ERROR> 297: AllocateBuffers: Invalid dimensions 0x0
01-01 09:57:49.341   674  1310 I mm-camera: <ISP   >< INFO> 7159: isp_util_print_meta_stream_info: Deallocate resources
01-01 09:57:49.341   674  1164 E mm-camera: <IMGLIB><ERROR> 197: img_algo_preload: Preload: Failed to allocate buffer, rc -4
01-01 09:57:49.341   674  1310 I mm-camera: <ISP   >< INFO> 7490: isp_util_handle_stream_info: streams_desc num_streams is 0 
01-01 09:57:49.341   674  1164 E mm-camera: <IMGLIB><ERROR> 127: module_imgbase_client_preload_exec: IMG_CORE_PRELOAD failed -4
01-01 09:57:49.341   674  1310 I mm-camera: <IFACE >< INFO> 6384: iface_util_handle_meta_stream_info: iface_util_handle_meta_stream_info: ms_type 0 num streams 0
01-01 09:57:49.341   674   674 E QCamera : <HAL><ERROR> deinit: 7099: se475x deinit 
01-01 09:57:49.342   674   674 I Thermal-Lib: thermal_bandwidth_client_cancel_request: Removing all bw request for camera_bw
01-01 09:57:49.342   674   674 I Thermal-Lib: Thermal-Lib-Client: Unregisteration is successfull for handle:1
01-01 09:57:49.342   896   978 I ThermalEngine: Thermal-Server: removing client on fd 34
01-01 09:57:49.342   674   674 I Thermal-Lib: Thermal-Lib-Client: Unregisteration is successfull for handle:2
01-01 09:57:49.343   674   674 I mm-camera: <MCT   >< INFO> 310: mct_controller_destroy: Initiating destroy sequence for session = 4
01-01 09:57:49.343   674   674 I mm-camera: <MCT   >< INFO> 328: mct_controller_destroy: serv_thread closed
01-01 09:57:49.343   674   674 I mm-camera: <MCT   >< INFO> 343: mct_controller_destroy: bus_handler thread closed
01-01 09:57:49.343   674   674 I mm-camera: <MCT   >< INFO> 5404: mct_pipeline_stop_session: Initiating stop_session on session 4
01-01 09:57:49.343   674   674 I mm-camera: <MCT   >< INFO> 4288: mct_pipeline_process_set: command=800000b
01-01 09:57:49.343   674   674 I mm-camera: <MCT   >< INFO> 4533: mct_pipeline_process_set: Issuing DEL_STREAM on stream 0x4000f and stream type=10
01-01 09:57:49.345   720   720 D SurfaceFlinger: Finished setting power mode 2 on display 0
01-01 09:57:49.345     0     0 E WLED    : wled_get_ovp_fault_status: WLED OVP fault detected, detect_time= 100 us
01-01 09:57:49.346   947  1041 I ServiceManager: Waiting for service 'package_native' on '/dev/binder'...
01-01 09:57:49.351   631   631 I Zygote  : ...preloaded 7579 classes in 1013ms.
01-01 09:57:49.352   631   631 I zygote64: VMRuntime.preloadDexCaches starting
01-01 09:57:49.384   631   631 I zygote64: VMRuntime.preloadDexCaches strings total=386998 before=10255 after=10255
01-01 09:57:49.384   631   631 I zygote64: VMRuntime.preloadDexCaches types total=36469 before=7394 after=7663
01-01 09:57:49.384   631   631 I zygote64: VMRuntime.preloadDexCaches fields total=163855 before=8034 after=8235
01-01 09:57:49.384   631   631 I zygote64: VMRuntime.preloadDexCaches methods total=286372 before=11208 after=11641
01-01 09:57:49.384   631   631 I zygote64: VMRuntime.preloadDexCaches finished
01-01 09:57:49.384   631   631 D Zygote64Timing: PreloadClasses took to complete: 1047ms
01-01 09:57:49.388   631   631 I zygote64: The ClassLoaderContext is a special shared library.
01-01 09:57:49.389   631   631 D ApplicationLoaders: Created zygote-cached class loader: /system/framework/android.hidl.base-V1.0-java.jar
01-01 09:57:49.393   631   631 I zygote64: The ClassLoaderContext is a special shared library.
01-01 09:57:49.394   631   631 D ApplicationLoaders: Created zygote-cached class loader: /system/framework/android.hidl.manager-V1.0-java.jar
01-01 09:57:49.394   631   631 D Zygote64Timing: CacheNonBootClasspathClassLoaders took to complete: 10ms
01-01 09:57:49.406     0     0 W         : We will detect the device!
01-01 09:57:49.411     0     0 I         : detect E
01-01 09:57:49.411     0     0 E         : scan engine has been detected!
01-01 09:57:49.411     0     0 W         : detect result = 1
01-01 09:57:49.411     0     0 I         : sensor state 1
01-01 09:57:49.411     0     0 W moto_se4750_sensor_config32: 2403 se475x cfgtype = 2
01-01 09:57:49.411     0     0 I         : se475x CFG_WRITE_I2C_ARRAY write i2c array nothing
01-01 09:57:49.412   674  1315 E mm-camera: <SENSOR><ERROR> 247: module_sensor_offload_init_config: func_tbl for submodule 4 is NULL
01-01 09:57:49.412   674  1315 E mm-camera: <SENSOR><ERROR> 249: module_sensor_offload_init_config: failed to get led off frame skip time
01-01 09:57:49.412   674   674 I mm-camera: <IFACE >< INFO> 700: iface_unreserve_sink_port: stream_id f mode 0 
01-01 09:57:49.412   674   674 I mm-camera: <ISP   >< INFO> 941: isp_port_check_caps_unreserve: ide 4000f port 0xf30fc0c0
01-01 09:57:49.414   674   674 I mm-camera: <MCT   >< INFO> 4556: mct_pipeline_process_set: Stream 0x4000f and stream type=10, successfully deleted
01-01 09:57:49.414     0     0 W moto_se4750_sensor_config32: 2403 se475x cfgtype = 6
01-01 09:57:49.414     0     0 I         : 2538 se475x CFG_POWER_DOWN 1
01-01 09:57:49.414     0     0 I         : se4500 power down
01-01 09:57:49.414   674  1339 I mm-camera: <MCT   >< INFO> 5138: mct_pipeline_stop_session_thread: Stop module name: sensor - E
01-01 09:57:49.414   674  1340 I mm-camera: <MCT   >< INFO> 5138: mct_pipeline_stop_session_thread: Stop module name: iface - E
01-01 09:57:49.414   674  1341 I mm-camera: <MCT   >< INFO> 5138: mct_pipeline_stop_session_thread: Stop module name: isp - E
01-01 09:57:49.414   674  1341 I mm-camera: <ISP   >< INFO> 510: isp_module_stop_session: session id 4
01-01 09:57:49.414   674  1339 I mm-camera: <MCT   >< INFO> 5146: mct_pipeline_stop_session_thread: Stop module name: sensor - X
01-01 09:57:49.415   674  1342 I mm-camera: <MCT   >< INFO> 5138: mct_pipeline_stop_session_thread: Stop module name: stats - E
01-01 09:57:49.415   674  1340 I mm-camera: <MCT   >< INFO> 5146: mct_pipeline_stop_session_thread: Stop module name: iface - X
01-01 09:57:49.416   674  1343 I mm-camera: <MCT   >< INFO> 5138: mct_pipeline_stop_session_thread: Stop module name: pproc - E
01-01 09:57:49.416   674  1341 I mm-camera: <MCT   >< INFO> 5146: mct_pipeline_stop_session_thread: Stop module name: isp - X
01-01 09:57:49.417   674   674 I mm-camera: <MCT   >< INFO> 5426: mct_pipeline_stop_session: Modules left: 5
01-01 09:57:49.417   674   674 I mm-camera: <MCT   >< INFO> 5426: mct_pipeline_stop_session: Modules left: 4
01-01 09:57:49.417     0     0 I MSM-CPP cpp_release_hardware: 1216 cpp hw release done
01-01 09:57:49.417   674   674 I mm-camera: <MCT   >< INFO> 5426: mct_pipeline_stop_session: Modules left: 3
01-01 09:57:49.417   674  1344 I mm-camera: <MCT   >< INFO> 5138: mct_pipeline_stop_session_thread: Stop module name: imglib - E
01-01 09:57:49.419   674  1344 I mm-camera: <MCT   >< INFO> 5146: mct_pipeline_stop_session_thread: Stop module name: imglib - X
01-01 09:57:49.419   674   674 I mm-camera: <MCT   >< INFO> 5426: mct_pipeline_stop_session: Modules left: 2
01-01 09:57:49.419   674  1343 E mm-camera: <IMGLIB><ERROR> 328: AllocateBuffers: Nothing allocated or already freed!
01-01 09:57:49.419   674  1343 I mm-camera: <MCT   >< INFO> 5146: mct_pipeline_stop_session_thread: Stop module name: pproc - X
01-01 09:57:49.419   674   674 I mm-camera: <MCT   >< INFO> 5426: mct_pipeline_stop_session: Modules left: 1
01-01 09:57:49.420   674  1342 I mm-camera: <MCT   >< INFO> 5146: mct_pipeline_stop_session_thread: Stop module name: stats - X
01-01 09:57:49.422   674   674 I mm-camera: <MCT   >< INFO> 5426: mct_pipeline_stop_session: Modules left: 0
01-01 09:57:49.422   674   674 I mm-camera: <MCT   >< INFO> 5436: mct_pipeline_stop_session: Stopped session 4 successfully
01-01 09:57:49.422   674   674 I mm-camera: <MCT   >< INFO> 5740: mct_pipeline_destroy: E: session:4
01-01 09:57:49.422   674   674 E mm-camera: <MCT   ><ERROR> 179: stop_sof_check_thread: Returning as SOF timer thread not yet initialized
01-01 09:57:49.422   674   674 I mm-camera: <MCT   >< INFO> 5818: mct_pipeline_destroy: X: Pipeline destroyed successfully session =4
01-01 09:57:49.422     0     0 I msm_pm_qos_update_request: update request -1
01-01 09:57:49.422   674   674 I mm-camera: <MCT   >< INFO> 422: mct_controller_destroy: X Successfully closed mct_controller session 4
01-01 09:57:49.422     0     0 I msm_pm_qos_add_request: add request
01-01 09:57:49.422   674   674 I QCamera : <HAL><INFO> closeCamera: 2409: [KPI Perf]: X PROFILE_CLOSE_CAMERA camera id 1, rc: 0
01-01 09:57:49.423   674   674 I QCamera : <HAL><INFO> close_camera_device: 1548: [KPI Perf]: X
01-01 09:57:49.424   674   674 I ServiceManagement: Registered android.hardware.camera.provider@2.4::ICameraProvider/legacy/0 (start delay of 2777ms)
01-01 09:57:49.424   674   674 I ServiceManagement: Removing namespace from process name android.hardware.camera.provider@2.4-service to provider@2.4-service.
01-01 09:57:49.425   910   910 I CameraProviderManager: Connecting to new camera provider: legacy/0, isRemote? 1
01-01 09:57:49.426   910   910 I CameraProviderManager: Enumerating new camera device: device@1.0/legacy/0
01-01 09:57:49.426   674  1236 E QCamera2Factory: get_number_of_cameras num of cameras: 2
01-01 09:57:49.426   674  1236 I CamComm1.0-CamModule: isOpenLegacyDefined: cts Enable == 0 
01-01 09:57:49.426   674   674 I android.hardware.camera.provider@2.4-service: Registration complete for android.hardware.camera.provider@2.4::ICameraProvider/legacy/0.
01-01 09:57:49.427   674  1236 I CamDev@1.0-impl: Opening camera 0
01-01 09:57:49.428   674  1236 I QCamera : <HAL><INFO> openLegacy: 520: openLegacy halVersion: 256 cameraId = 0
01-01 09:57:49.429   674  1236 I QCamera : <HAL><INFO> openCamera: 1901: [KPI Perf]: E PROFILE_OPEN_CAMERA camera id 0
01-01 09:57:49.430   674  1236 E QCamera : <HAL><ERROR> acquirePerfLock: 614: Failed to acquire the perf lock
01-01 09:57:49.430   910   910 W CameraProviderManager: Camera provider legacy/0 says an unknown camera device@1.0/legacy/0 now has torch status 0. Curious.
01-01 09:57:49.430   910   910 W CameraProviderManager: Camera provider legacy/0 says an unknown camera device@3.4/legacy/0 now has torch status 0. Curious.
01-01 09:57:49.430     0     0 I msm_pm_qos_update_request: update request 100
01-01 09:57:49.430     0     0 I msm_pm_qos_add_request: add request
01-01 09:57:49.430   674  1236 D QCamera : Debug log file is not enabled
01-01 09:57:49.430   674  1236 I mm-camera: <MCT   >< INFO> 118: mct_controller_new: Creating new mct_controller with session-id 3
01-01 09:57:49.431   674  1351 I mm-camera: <MCT   >< INFO> 5326: mct_pipeline_start_session_thread: E sensor
01-01 09:57:49.431   674  1351 I mm-camera: <MCT   >< INFO> 5333: mct_pipeline_start_session_thread: Calling start_session on Module sensor
01-01 09:57:49.431   674  1352 I mm-camera: <MCT   >< INFO> 5326: mct_pipeline_start_session_thread: E iface
01-01 09:57:49.431   674  1352 I mm-camera: <MCT   >< INFO> 5333: mct_pipeline_start_session_thread: Calling start_session on Module iface
01-01 09:57:49.431   674  1354 I mm-camera: <MCT   >< INFO> 5326: mct_pipeline_start_session_thread: E isp
01-01 09:57:49.431   674  1354 I mm-camera: <MCT   >< INFO> 5333: mct_pipeline_start_session_thread: Calling start_session on Module isp
01-01 09:57:49.431   674  1354 I mm-camera: <ISP   >< INFO> 214: isp_module_start_session: session id 3 
01-01 09:57:49.432   674  1356 I mm-camera: <MCT   >< INFO> 5326: mct_pipeline_start_session_thread: E stats
01-01 09:57:49.432     0     0 I msm_csid_init: CSID_VERSION = 0x30050000
