07-08 01:45:15.257   933   933 I MediaCodecsXmlParser: limit: measured-frame-rate-640x360-range = 360-366
07-08 01:45:15.257   933   933 I MediaCodecsXmlParser: limit: measured-frame-rate-1280x720-range = 190-210
07-08 01:45:15.257   933   933 I MediaCodecsXmlParser: limit: measured-frame-rate-1920x1080-range = 170-190
07-08 01:45:15.257   933   933 I MediaCodecsXmlParser: limit: measured-frame-rate-3840x2160-range = 48-48
07-08 01:45:15.257   933   933 I MediaCodecsXmlParser: limit: measured-frame-rate-320x240-range = 320-350
07-08 01:45:15.257   933   933 I MediaCodecsXmlParser: limit: measured-frame-rate-720x480-range = 100-130
07-08 01:45:15.257   933   933 I MediaCodecsXmlParser: limit: measured-frame-rate-1280x720-range = 50-58
07-08 01:45:15.257   933   933 I MediaCodecsXmlParser: limit: measured-frame-rate-1920x1080-range = 20-30
07-08 01:45:15.257   933   933 D MediaCodecsXmlParser: MediaCodec: cannot update non-existing codec at line 139 of /vendor/etc/media_codecs_performance.xml
07-08 01:45:15.257   933   933 I MediaCodecsXmlParser: limit: measured-frame-rate-352x288-range = 458-458
07-08 01:45:15.257   933   933 I MediaCodecsXmlParser: limit: measured-frame-rate-640x360-range = 210-215
07-08 01:45:15.257   933   933 I MediaCodecsXmlParser: limit: measured-frame-rate-720x480-range = 120-125
07-08 01:45:15.257   933   933 I MediaCodecsXmlParser: limit: measured-frame-rate-1280x720-range = 70-85
07-08 01:45:15.257   933   933 I MediaCodecsXmlParser: limit: measured-frame-rate-1920x1080-range = 45-48
07-08 01:45:15.257   933   933 D MediaCodecsXmlParser: MediaCodec: cannot update non-existing codec at line 152 of /vendor/etc/media_codecs_performance.xml
07-08 01:45:15.258   933   933 I MediaCodecsXmlParser: limit: measured-frame-rate-176x144-range = 190-210
07-08 01:45:15.258   933   933 I MediaCodecsXmlParser: limit: measured-frame-rate-352x288-range = 170-182
07-08 01:45:15.258   933   933 D MediaCodecsXmlParser: MediaCodec: cannot update non-existing codec at line 163 of /vendor/etc/media_codecs_performance.xml
07-08 01:45:15.258   933   933 I MediaCodecsXmlParser: limit: measured-frame-rate-320x240-range = 575-580
07-08 01:45:15.258   933   933 I MediaCodecsXmlParser: limit: measured-frame-rate-640x360-range = 200-220
07-08 01:45:15.258   933   933 I MediaCodecsXmlParser: limit: measured-frame-rate-1280x720-range = 45-55
07-08 01:45:15.258   933   933 I MediaCodecsXmlParser: limit: measured-frame-rate-1920x1080-range = 18-22
07-08 01:45:15.258   933   933 D MediaCodecsXmlParser: MediaCodec: cannot update non-existing codec at line 173 of /vendor/etc/media_codecs_performance.xml
07-08 01:45:15.258   933   933 I MediaCodecsXmlParser: limit: measured-frame-rate-320x240-range = 580-604
07-08 01:45:15.258   933   933 I MediaCodecsXmlParser: limit: measured-frame-rate-640x360-range = 180-185
07-08 01:45:15.258   933   933 I MediaCodecsXmlParser: limit: measured-frame-rate-1280x720-range = 88-92
07-08 01:45:15.258   933   933 I MediaCodecsXmlParser: limit: measured-frame-rate-1920x1080-range = 47-52
07-08 01:45:15.258     0     0 I android_work: did not send uevent (0 0 0000000000000000)
07-08 01:45:15.258   933   933 D MediaCodecsXmlParser: MediaCodec: cannot update non-existing codec at line 185 of /vendor/etc/media_codecs_performance.xml
07-08 01:45:15.258   933   933 I MediaCodecsXmlParser: limit: measured-frame-rate-176x144-range = 380-400
07-08 01:45:15.258   933   933 D MediaCodecsXmlParser: MediaCodec: cannot update non-existing codec at line 197 of /vendor/etc/media_codecs_performance.xml
07-08 01:45:15.258   933   933 D MediaCodecsXmlParser: Cannot find /data/misc/media/media_codecs_profiling_results.xml
07-08 01:45:15.260   933   933 I ServiceManagement: Registered android.hardware.media.omx@1.0::IOmx/default (start delay of 397ms)
07-08 01:45:15.260   933   933 I ServiceManagement: Removing namespace from process name android.hardware.media.omx@1.0-service to omx@1.0-service.
07-08 01:45:15.261   933   933 I media.codec: IOmx HAL service created.
07-08 01:45:15.262   933   933 I MediaCodecsXmlParser: getVendorXmlPath (/vendor/etc/media_codecs_vendor.xml)
07-08 01:45:15.262   933   933 D MediaCodecsXmlParser: parsing /vendor/etc/media_codecs_vendor.xml...
07-08 01:45:15.262   933   933 D MediaCodecsXmlParser: parsing /vendor/etc/media_codecs_google_audio.xml...
07-08 01:45:15.262   933   933 I MediaCodecsXmlParser: limit: max-channel-count = 2
07-08 01:45:15.262   933   933 I MediaCodecsXmlParser: limit: sample-rate-ranges = 8000,11025,12000,16000,22050,24000,32000,44100,48000
07-08 01:45:15.262   933   933 I MediaCodecsXmlParser: limit: bitrate-range = 8000-320000
07-08 01:45:15.262   933   933 I MediaCodecsXmlParser: limit: max-channel-count = 1
07-08 01:45:15.262   933   933 I MediaCodecsXmlParser: limit: sample-rate-ranges = 8000
07-08 01:45:15.262   933   933 I MediaCodecsXmlParser: limit: bitrate-range = 4750-12200
07-08 01:45:15.262   933   933 I MediaCodecsXmlParser: limit: max-channel-count = 1
07-08 01:45:15.263   933   933 I MediaCodecsXmlParser: limit: sample-rate-ranges = 16000
07-08 01:45:15.263   933   933 I MediaCodecsXmlParser: limit: bitrate-range = 6600-23850
07-08 01:45:15.263   933   933 I MediaCodecsXmlParser: limit: max-channel-count = 8
07-08 01:45:15.263   933   933 I MediaCodecsXmlParser: limit: sample-rate-ranges = 7350,8000,11025,12000,16000,22050,24000,32000,44100,48000
07-08 01:45:15.263   933   933 I MediaCodecsXmlParser: limit: bitrate-range = 8000-960000
07-08 01:45:15.263   933   933 I MediaCodecsXmlParser: limit: max-channel-count = 1
07-08 01:45:15.263   933   933 I MediaCodecsXmlParser: limit: sample-rate-ranges = 8000-48000
07-08 01:45:15.263   933   933 I MediaCodecsXmlParser: limit: bitrate-range = 64000
07-08 01:45:15.263   933   933 I MediaCodecsXmlParser: limit: max-channel-count = 1
07-08 01:45:15.263   933   933 I MediaCodecsXmlParser: limit: sample-rate-ranges = 8000-48000
07-08 01:45:15.263   933   933 I MediaCodecsXmlParser: limit: bitrate-range = 64000
07-08 01:45:15.263   933   933 I MediaCodecsXmlParser: limit: max-channel-count = 8
07-08 01:45:15.263   933   933 I MediaCodecsXmlParser: limit: sample-rate-ranges = 8000-96000
07-08 01:45:15.263   933   933 I MediaCodecsXmlParser: limit: bitrate-range = 32000-500000
07-08 01:45:15.263   933   933 I MediaCodecsXmlParser: limit: max-channel-count = 8
07-08 01:45:15.263   933   933 I MediaCodecsXmlParser: limit: sample-rate-ranges = 48000
07-08 01:45:15.263   933   933 I MediaCodecsXmlParser: limit: bitrate-range = 6000-510000
07-08 01:45:15.263   933   933 I MediaCodecsXmlParser: limit: max-channel-count = 8
07-08 01:45:15.263   933   933 I MediaCodecsXmlParser: limit: sample-rate-ranges = 8000-192000
07-08 01:45:15.263   934   934 D RILD    : RIL_Init argc = 3 clientId = 0
07-08 01:45:15.263   933   933 I MediaCodecsXmlParser: limit: bitrate-range = 1-10000000
07-08 01:45:15.263   933   933 I MediaCodecsXmlParser: limit: max-channel-count = 8
07-08 01:45:15.263   933   933 I MediaCodecsXmlParser: limit: sample-rate-ranges = 1-655350
07-08 01:45:15.263   933   933 I MediaCodecsXmlParser: limit: bitrate-range = 1-21000000
07-08 01:45:15.263   933   933 I MediaCodecsXmlParser: limit: max-channel-count = 6
07-08 01:45:15.263   934   934 D RILC    : Quectel RIL Version: Quectel_Android_RIL_Driver_V3.3.4-0610
07-08 01:45:15.263   933   933 I MediaCodecsXmlParser: limit: sample-rate-ranges = 8000,11025,12000,16000,22050,24000,32000,44100,48000
07-08 01:45:15.264   933   933 I MediaCodecsXmlParser: limit: bitrate-range = 8000-960000
07-08 01:45:15.264   933   933 I MediaCodecsXmlParser: limit: max-channel-count = 1
07-08 01:45:15.264   934   934 E RIL_READ_CONF: '/system/etc/ql-ril.conf' not exist.
07-08 01:45:15.264   933   933 I MediaCodecsXmlParser: limit: sample-rate-ranges = 8000
07-08 01:45:15.264   933   933 I MediaCodecsXmlParser: limit: bitrate-range = 4750-12200
07-08 01:45:15.264   933   933 I MediaCodecsXmlParser: limit: feature-bitrate-modes = CBR
07-08 01:45:15.264   933   933 I MediaCodecsXmlParser: limit: max-channel-count = 1
07-08 01:45:15.264   933   933 I MediaCodecsXmlParser: limit: sample-rate-ranges = 16000
07-08 01:45:15.264   933   933 I MediaCodecsXmlParser: limit: bitrate-range = 6600-23850
07-08 01:45:15.264   933   933 I MediaCodecsXmlParser: limit: feature-bitrate-modes = CBR
07-08 01:45:15.264   933   933 I MediaCodecsXmlParser: limit: max-channel-count = 2
07-08 01:45:15.264   933   933 I MediaCodecsXmlParser: limit: sample-rate-ranges = 1-655350
07-08 01:45:15.264   933   933 I MediaCodecsXmlParser: limit: bitrate-range = 1-21000000
07-08 01:45:15.264   933   933 I MediaCodecsXmlParser: limit: complexity-default = 5
07-08 01:45:15.264   933   933 I MediaCodecsXmlParser: limit: complexity-range = 0-8
07-08 01:45:15.264   933   933 I MediaCodecsXmlParser: limit: feature-bitrate-modes = CQ
07-08 01:45:15.264   933   933 D MediaCodecsXmlParser: parsing /vendor/etc/media_codecs_vendor_audio.xml...
07-08 01:45:15.264   933   933 I MediaCodecsXmlParser: limit: max-concurrent-instances = 10
07-08 01:45:15.264   933   933 D MediaCodecsXmlParser: parsing /vendor/etc/media_codecs_google_telephony.xml...
07-08 01:45:15.265   933   933 I MediaCodecsXmlParser: limit: max-channel-count = 1
07-08 01:45:15.265   933   933 I MediaCodecsXmlParser: limit: sample-rate-ranges = 8000
07-08 01:45:15.265   933   933 I MediaCodecsXmlParser: limit: bitrate-range = 13000
07-08 01:45:15.265   933   933 I MediaCodecsXmlParser: limit: size-range = 176x64-3840x2160
07-08 01:45:15.265   933   933 I MediaCodecsXmlParser: limit: alignment = 2x2
07-08 01:45:15.265   933   933 I MediaCodecsXmlParser: limit: block-size = 16x16
07-08 01:45:15.265   933   933 I MediaCodecsXmlParser: limit: blocks-per-second-range = 1-972000
07-08 01:45:15.265   933   933 I MediaCodecsXmlParser: limit: bitrate-range = 1-100000000
07-08 01:45:15.265   933   933 I MediaCodecsXmlParser: limit: max-concurrent-instances = 16
07-08 01:45:15.265   933   933 I MediaCodecsXmlParser: limit: feature-intra-refresh = 0
07-08 01:45:15.265   933   933 I MediaCodecsXmlParser: limit: performance-point-3840x2160-range = 24-24
07-08 01:45:15.265   933   933 I MediaCodecsXmlParser: limit: size-range = 96x96-3840x2160
07-08 01:45:15.265   933   933 I MediaCodecsXmlParser: limit: alignment = 2x2
07-08 01:45:15.265   933   933 I MediaCodecsXmlParser: limit: block-size = 16x16
07-08 01:45:15.265   933   933 I MediaCodecsXmlParser: limit: blocks-per-second-range = 1-972000
07-08 01:45:15.265   933   933 I MediaCodecsXmlParser: limit: bitrate-range = 1-100000000
07-08 01:45:15.265   933   933 I MediaCodecsXmlParser: limit: max-concurrent-instances = 16
07-08 01:45:15.265   933   933 I MediaCodecsXmlParser: limit: feature-intra-refresh = 0
07-08 01:45:15.265   933   933 I MediaCodecsXmlParser: limit: feature-can-swap-width-height = 0
07-08 01:45:15.265   933   933 I MediaCodecsXmlParser: limit: performance-point-3840x2160-range = 24-24
07-08 01:45:15.266   933   933 I MediaCodecsXmlParser: limit: size-range = 96x64-1920x1088
07-08 01:45:15.266   933   933 I MediaCodecsXmlParser: limit: alignment = 2x2
07-08 01:45:15.266   933   933 I MediaCodecsXmlParser: limit: block-size = 16x16
07-08 01:45:15.266   933   933 I MediaCodecsXmlParser: limit: blocks-per-second-range = 1-244800
07-08 01:45:15.266   933   933 I MediaCodecsXmlParser: limit: bitrate-range = 1-40000000
07-08 01:45:15.266   933   933 I MediaCodecsXmlParser: limit: max-concurrent-instances = 16
07-08 01:45:15.266   933   933 I MediaCodecsXmlParser: limit: performance-point-1920x1088-range = 30-30
07-08 01:45:15.266   933   933 I MediaCodecsXmlParser: limit: size-range = 96x64-864x480
07-08 01:45:15.266   933   933 I MediaCodecsXmlParser: limit: alignment = 2x2
07-08 01:45:15.266   933   933 I MediaCodecsXmlParser: limit: block-size = 16x16
07-08 01:45:15.266   933   933 I MediaCodecsXmlParser: limit: blocks-per-second-range = 1-48600
07-08 01:45:15.266   933   933 I MediaCodecsXmlParser: limit: bitrate-range = 1-2000000
07-08 01:45:15.266   933   933 I MediaCodecsXmlParser: limit: max-concurrent-instances = 16
07-08 01:45:15.266   933   933 I MediaCodecsXmlParser: limit: performance-point-720x480-range = 30-30
07-08 01:45:15.266   933   933 I MediaCodecsXmlParser: limit: size-range = 96x64-1920x1088
07-08 01:45:15.266   933   933 I MediaCodecsXmlParser: limit: alignment = 2x2
07-08 01:45:15.266   933   933 I MediaCodecsXmlParser: limit: block-size = 16x16
07-08 01:45:15.266   933   933 I MediaCodecsXmlParser: limit: blocks-per-second-range = 1-244800
07-08 01:45:15.266   933   933 I MediaCodecsXmlParser: limit: bitrate-range = 1-40000000
07-08 01:45:15.266   933   933 I MediaCodecsXmlParser: limit: max-concurrent-instances = 16
07-08 01:45:15.266   933   933 I MediaCodecsXmlParser: limit: feature-intra-refresh = 0
07-08 01:45:15.266   933   933 I MediaCodecsXmlParser: limit: performance-point-1920x1088-range = 30-30
07-08 01:45:15.266   933   933 I MediaCodecsXmlParser: limit: size-range = 64x64-3840x2160
07-08 01:45:15.266   933   933 I MediaCodecsXmlParser: limit: alignment = 2x2
07-08 01:45:15.266   933   933 I MediaCodecsXmlParser: limit: block-size = 16x16
07-08 01:45:15.267   933   933 I MediaCodecsXmlParser: limit: blocks-per-second-range = 1-972000
07-08 01:45:15.267   933   933 I MediaCodecsXmlParser: limit: bitrate-range = 1-100000000
07-08 01:45:15.267   933   933 I MediaCodecsXmlParser: limit: feature-adaptive-playback = 0
07-08 01:45:15.267   933   933 I MediaCodecsXmlParser: limit: max-concurrent-instances = 16
07-08 01:45:15.267   933   933 I MediaCodecsXmlParser: limit: feature-can-swap-width-height = 0
07-08 01:45:15.267   933   933 I MediaCodecsXmlParser: limit: performance-point-3840x2160-range = 30-30
07-08 01:45:15.267   933   933 I MediaCodecsXmlParser: limit: size-range = 64x64-3840x2160
07-08 01:45:15.267   933   933 I MediaCodecsXmlParser: limit: alignment = 2x2
07-08 01:45:15.267   933   933 I MediaCodecsXmlParser: limit: block-size = 16x16
07-08 01:45:15.267   933   933 I MediaCodecsXmlParser: limit: blocks-per-second-range = 1-972000
07-08 01:45:15.267   933   933 I MediaCodecsXmlParser: limit: bitrate-range = 1-35000000
07-08 01:45:15.267   933   933 I MediaCodecsXmlParser: limit: feature-adaptive-playback = 0
07-08 01:45:15.267   933   933 I MediaCodecsXmlParser: limit: feature-secure-playback = 1
07-08 01:45:15.267   933   933 I MediaCodecsXmlParser: limit: max-concurrent-instances = 6
07-08 01:45:15.267   933   933 I MediaCodecsXmlParser: limit: performance-point-3840x2160-range = 30-30
07-08 01:45:15.267   933   933 I MediaCodecsXmlParser: limit: size-range = 64x64-1920x1088
07-08 01:45:15.267   933   933 I MediaCodecsXmlParser: limit: alignment = 2x2
07-08 01:45:15.267   933   933 I MediaCodecsXmlParser: limit: block-size = 16x16
07-08 01:45:15.267   933   933 I MediaCodecsXmlParser: limit: blocks-per-second-range = 1-244800
07-08 01:45:15.267   933   933 I MediaCodecsXmlParser: limit: bitrate-range = 1-40000000
07-08 01:45:15.267   933   933 I MediaCodecsXmlParser: limit: feature-adaptive-playback = 0
07-08 01:45:15.267   933   933 I MediaCodecsXmlParser: limit: max-concurrent-instances = 16
07-08 01:45:15.267   933   933 I MediaCodecsXmlParser: limit: performance-point-1920x1088-range = 30-30
07-08 01:45:15.267   933   933 I MediaCodecsXmlParser: limit: size-range = 64x64-1920x1088
07-08 01:45:15.267   933   933 I MediaCodecsXmlParser: limit: alignment = 2x2
07-08 01:45:15.267   933   933 I MediaCodecsXmlParser: limit: block-size = 16x16
07-08 01:45:15.267   933   933 I MediaCodecsXmlParser: limit: blocks-per-second-range = 1-244800
07-08 01:45:15.267   933   933 I MediaCodecsXmlParser: limit: bitrate-range = 1-20000000
07-08 01:45:15.267   933   933 I MediaCodecsXmlParser: limit: feature-adaptive-playback = 0
07-08 01:45:15.267   933   933 I MediaCodecsXmlParser: limit: feature-secure-playback = 1
07-08 01:45:15.267   933   933 I MediaCodecsXmlParser: limit: max-concurrent-instances = 6
07-08 01:45:15.267   933   933 I MediaCodecsXmlParser: limit: performance-point-1920x1088-range = 30-30
07-08 01:45:15.268   933   933 I MediaCodecsXmlParser: limit: size-range = 64x64-1920x1088
07-08 01:45:15.268   933   933 I MediaCodecsXmlParser: limit: alignment = 2x2
07-08 01:45:15.268   934   934 D RIL_READ_CONF: original conf line: At_Cmds_For_Customer_Initialize=at+qgpscfg="gpsnmeatype",31;at+qgpscfg="glonassnmeatype",7;at+qgpscfg="beidounmeatype",3;at+qgpscfg="galileonmeatype",1;at+qgpscfg="gnssrawdata",1,0;AT+QNVW=5895,0,"01";AT+QNVW=7145,0,"00"
07-08 01:45:15.268   933   933 I MediaCodecsXmlParser: limit: block-size = 16x16
07-08 01:45:15.268   934   934 D RIL_READ_CONF: original conf line: Query_Available_Networks=1
07-08 01:45:15.268   933   933 I MediaCodecsXmlParser: limit: blocks-per-second-range = 1-489600
07-08 01:45:15.268   933   933 I MediaCodecsXmlParser: limit: bitrate-range = 1-60000000
07-08 01:45:15.268   933   933 I MediaCodecsXmlParser: limit: feature-adaptive-playback = 0
07-08 01:45:15.268   933   933 I MediaCodecsXmlParser: limit: max-concurrent-instances = 16
07-08 01:45:15.268   933   933 I MediaCodecsXmlParser: limit: performance-point-1920x1088-range = 60-60
07-08 01:45:15.268   933   933 I MediaCodecsXmlParser: limit: size-range = 64x64-864x480
07-08 01:45:15.268   933   933 I MediaCodecsXmlParser: limit: alignment = 2x2
07-08 01:45:15.268   933   933 I MediaCodecsXmlParser: limit: block-size = 16x16
07-08 01:45:15.268   933   933 I MediaCodecsXmlParser: limit: blocks-per-second-range = 1-48600
07-08 01:45:15.268   933   933 I MediaCodecsXmlParser: limit: bitrate-range = 1-2000000
07-08 01:45:15.268   933   933 I MediaCodecsXmlParser: limit: feature-adaptive-playback = 0
07-08 01:45:15.268   933   933 I MediaCodecsXmlParser: limit: max-concurrent-instances = 16
07-08 01:45:15.269   933   933 I MediaCodecsXmlParser: limit: performance-point-720x480-range = 30-30
07-08 01:45:15.269   933   933 I MediaCodecsXmlParser: limit: size-range = 64x64-1920x1088
07-08 01:45:15.269   933   933 I MediaCodecsXmlParser: limit: alignment = 2x2
07-08 01:45:15.269   933   933 I MediaCodecsXmlParser: limit: block-size = 16x16
07-08 01:45:15.269   933   933 I MediaCodecsXmlParser: limit: blocks-per-second-range = 1-489600
07-08 01:45:15.269   933   933 I MediaCodecsXmlParser: limit: bitrate-range = 1-60000000
07-08 01:45:15.269   933   933 I MediaCodecsXmlParser: limit: feature-adaptive-playback = 0
07-08 01:45:15.269   910   910 W mediaextractor: libminijail[910]: failed to get path of fd 4: No such file or directory
07-08 01:45:15.269   933   933 I MediaCodecsXmlParser: limit: max-concurrent-instances = 16
07-08 01:45:15.269   933   933 I MediaCodecsXmlParser: limit: performance-point-1920x1088-range = 30-30
07-08 01:45:15.269   910   910 W mediaextractor: libminijail[910]: allowing syscall: connect
07-08 01:45:15.269   910   910 W mediaextractor: libminijail[910]: allowing syscall: fcntl
07-08 01:45:15.269   933   933 I MediaCodecsXmlParser: limit: size-range = 64x64-1920x1088
07-08 01:45:15.269   910   910 W mediaextractor: libminijail[910]: allowing syscall: sendto
07-08 01:45:15.269   933   933 I MediaCodecsXmlParser: limit: alignment = 2x2
07-08 01:45:15.269   910   910 W mediaextractor: libminijail[910]: allowing syscall: socket
07-08 01:45:15.269   933   933 I MediaCodecsXmlParser: limit: block-size = 16x16
07-08 01:45:15.269   910   910 W mediaextractor: libminijail[910]: allowing syscall: writev
07-08 01:45:15.269   933   933 I MediaCodecsXmlParser: limit: blocks-per-second-range = 1-489600
07-08 01:45:15.269   933   933 I MediaCodecsXmlParser: limit: bitrate-range = 1-20000000
07-08 01:45:15.269   933   933 I MediaCodecsXmlParser: limit: feature-adaptive-playback = 0
07-08 01:45:15.269   933   933 I MediaCodecsXmlParser: limit: feature-secure-playback = 1
07-08 01:45:15.270   933   933 I MediaCodecsXmlParser: limit: max-concurrent-instances = 7
07-08 01:45:15.270   933   933 I MediaCodecsXmlParser: limit: performance-point-1920x1088-range = 30-30
07-08 01:45:15.270   933   933 I MediaCodecsXmlParser: limit: size-range = 64x64-1920x1088
07-08 01:45:15.270   933   933 I MediaCodecsXmlParser: limit: alignment = 2x2
07-08 01:45:15.270   933   933 I MediaCodecsXmlParser: limit: block-size = 16x16
07-08 01:45:15.270   933   933 I MediaCodecsXmlParser: limit: blocks-per-second-range = 1-244800
07-08 01:45:15.270   933   933 I MediaCodecsXmlParser: limit: bitrate-range = 1-10000000
07-08 01:45:15.270   933   933 I MediaCodecsXmlParser: limit: feature-adaptive-playback = 0
07-08 01:45:15.270   933   933 I MediaCodecsXmlParser: limit: max-concurrent-instances = 16
07-08 01:45:15.270     0     0 W wsa881x_get_temp: Temperature registers[0 0 0 0] are out of range
07-08 01:45:15.270     0     0 W wsa881x_get_temp: T0: 65535 is out of range[5, 45]
07-08 01:45:15.270   933   933 I MediaCodecsXmlParser: limit: performance-point-1920x1088-range = 30-30
07-08 01:45:15.270   933   933 I MediaCodecsXmlParser: limit: size-range = 64x64-720x480
07-08 01:45:15.270   933   933 I MediaCodecsXmlParser: limit: alignment = 2x2
07-08 01:45:15.270   933   933 I MediaCodecsXmlParser: limit: block-size = 16x16
07-08 01:45:15.270   933   933 I MediaCodecsXmlParser: limit: blocks-per-second-range = 1-40500
07-08 01:45:15.270   933   933 I MediaCodecsXmlParser: limit: bitrate-range = 1-2000000
07-08 01:45:15.270   933   933 I MediaCodecsXmlParser: limit: feature-adaptive-playback = 0
07-08 01:45:15.270   933   933 I MediaCodecsXmlParser: limit: max-concurrent-instances = 16
07-08 01:45:15.270   933   933 I MediaCodecsXmlParser: limit: performance-point-720x480-range = 30-30
07-08 01:45:15.270   933   933 I MediaCodecsXmlParser: limit: size-range = 64x64-1920x1088
07-08 01:45:15.270   933   933 I MediaCodecsXmlParser: limit: alignment = 2x2
07-08 01:45:15.270   933   933 I MediaCodecsXmlParser: limit: block-size = 16x16
07-08 01:45:15.270   933   933 I MediaCodecsXmlParser: limit: blocks-per-second-range = 1-244800
07-08 01:45:15.270   933   933 I MediaCodecsXmlParser: limit: bitrate-range = 1-10000000
07-08 01:45:15.270   933   933 I MediaCodecsXmlParser: limit: feature-adaptive-playback = 0
07-08 01:45:15.270   933   933 I MediaCodecsXmlParser: limit: max-concurrent-instances = 16
07-08 01:45:15.270   933   933 I MediaCodecsXmlParser: limit: performance-point-1920x1088-range = 30-30
07-08 01:45:15.270   933   933 I MediaCodecsXmlParser: limit: size-range = 64x64-3840x2160
07-08 01:45:15.270   933   933 I MediaCodecsXmlParser: limit: alignment = 2x2
07-08 01:45:15.270   933   933 I MediaCodecsXmlParser: limit: block-size = 16x16
07-08 01:45:15.270   933   933 I MediaCodecsXmlParser: limit: blocks-per-second-range = 1-972000
07-08 01:45:15.270   933   933 I MediaCodecsXmlParser: limit: bitrate-range = 1-100000000
07-08 01:45:15.270   933   933 I MediaCodecsXmlParser: limit: feature-adaptive-playback = 0
07-08 01:45:15.270   933   933 I MediaCodecsXmlParser: limit: max-concurrent-instances = 16
07-08 01:45:15.270   933   933 I MediaCodecsXmlParser: limit: performance-point-3840x2160-range = 30-30
07-08 01:45:15.270   933   933 I MediaCodecsXmlParser: limit: size-range = 64x64-3840x2160
07-08 01:45:15.270   933   933 I MediaCodecsXmlParser: limit: alignment = 2x2
07-08 01:45:15.270   933   933 I MediaCodecsXmlParser: limit: block-size = 16x16
07-08 01:45:15.271   933   933 I MediaCodecsXmlParser: limit: blocks-per-second-range = 1-972000
07-08 01:45:15.271   933   933 I MediaCodecsXmlParser: limit: bitrate-range = 1-100000000
07-08 01:45:15.271   933   933 I MediaCodecsXmlParser: limit: feature-adaptive-playback = 0
07-08 01:45:15.271   933   933 I MediaCodecsXmlParser: limit: max-concurrent-instances = 16
07-08 01:45:15.271   933   933 I MediaCodecsXmlParser: limit: performance-point-3840x2160-range = 30-30
07-08 01:45:15.271   933   933 I MediaCodecsXmlParser: limit: size-range = 64x64-3840x2160
07-08 01:45:15.271   933   933 I MediaCodecsXmlParser: limit: alignment = 2x2
07-08 01:45:15.271   933   933 I MediaCodecsXmlParser: limit: block-size = 16x16
07-08 01:45:15.271   933   933 I MediaCodecsXmlParser: limit: blocks-per-second-range = 1-979200
07-08 01:45:15.271   933   933 I MediaCodecsXmlParser: limit: bitrate-range = 1-35000000
07-08 01:45:15.271   933   933 I MediaCodecsXmlParser: limit: frame-rate-range = 1-30
07-08 01:45:15.271   933   933 I MediaCodecsXmlParser: limit: feature-adaptive-playback = 0
07-08 01:45:15.271   933   933 I MediaCodecsXmlParser: limit: feature-secure-playback = 1
07-08 01:45:15.271   933   933 I MediaCodecsXmlParser: limit: max-concurrent-instances = 6
07-08 01:45:15.271   933   933 I MediaCodecsXmlParser: limit: performance-point-3840x2160-range = 30-30
07-08 01:45:15.271   933   933 I MediaCodecsXmlParser: limit: size-range = 64x64-3840x2160
07-08 01:45:15.271   933   933 I MediaCodecsXmlParser: limit: alignment = 2x2
07-08 01:45:15.271   933   933 I MediaCodecsXmlParser: limit: block-size = 16x16
07-08 01:45:15.271   933   933 I MediaCodecsXmlParser: limit: blocks-per-second-range = 1-972000
07-08 01:45:15.271   933   933 I MediaCodecsXmlParser: limit: bitrate-range = 1-100000000
07-08 01:45:15.271   933   933 I MediaCodecsXmlParser: limit: feature-adaptive-playback = 0
07-08 01:45:15.271   933   933 I MediaCodecsXmlParser: limit: max-concurrent-instances = 16
07-08 01:45:15.271   933   933 I MediaCodecsXmlParser: limit: performance-point-3840x2160-range = 30-30
07-08 01:45:15.271   933   933 I MediaCodecsXmlParser: limit: size-range = 64x64-3840x2160
07-08 01:45:15.271   933   933 I MediaCodecsXmlParser: limit: alignment = 2x2
07-08 01:45:15.271   933   933 I MediaCodecsXmlParser: limit: block-size = 16x16
07-08 01:45:15.271   933   933 I MediaCodecsXmlParser: limit: blocks-per-second-range = 1-972000
07-08 01:45:15.271   933   933 I MediaCodecsXmlParser: limit: bitrate-range = 1-35000000
07-08 01:45:15.271   933   933 I MediaCodecsXmlParser: limit: feature-adaptive-playback = 0
07-08 01:45:15.271   933   933 I MediaCodecsXmlParser: limit: feature-secure-playback = 1
07-08 01:45:15.271   933   933 I MediaCodecsXmlParser: limit: max-concurrent-instances = 6
07-08 01:45:15.271   933   933 I MediaCodecsXmlParser: limit: performance-point-3840x2160-range = 30-30
07-08 01:45:15.271   933   933 D MediaCodecsXmlParser: parsing /vendor/etc/media_codecs_google_video.xml...
07-08 01:45:15.272   933   933 I MediaCodecsXmlParser: limit: size-range = 2x2-352x288
07-08 01:45:15.272   933   933 I MediaCodecsXmlParser: limit: alignment = 2x2
07-08 01:45:15.272   933   933 I MediaCodecsXmlParser: limit: block-size = 16x16
07-08 01:45:15.272   933   933 I MediaCodecsXmlParser: limit: blocks-per-second-range = 12-11880
07-08 01:45:15.272   933   933 I MediaCodecsXmlParser: limit: bitrate-range = 1-384000
07-08 01:45:15.272   933   933 I MediaCodecsXmlParser: limit: feature-adaptive-playback = 0
07-08 01:45:15.272   933   933 I MediaCodecsXmlParser: limit: size-range = 2x2-352x288
07-08 01:45:15.272   933   933 I MediaCodecsXmlParser: limit: alignment = 2x2
07-08 01:45:15.272   933   933 I MediaCodecsXmlParser: limit: bitrate-range = 1-384000
07-08 01:45:15.272   933   933 I MediaCodecsXmlParser: limit: feature-adaptive-playback = 0
07-08 01:45:15.272   933   933 I MediaCodecsXmlParser: limit: size-range = 2x2-4080x4080
07-08 01:45:15.272   933   933 I MediaCodecsXmlParser: limit: alignment = 2x2
07-08 01:45:15.272   933   933 I MediaCodecsXmlParser: limit: block-size = 16x16
07-08 01:45:15.272   933   933 I MediaCodecsXmlParser: limit: block-count-range = 1-32768
07-08 01:45:15.272   933   933 I MediaCodecsXmlParser: limit: blocks-per-second-range = 1-1966080
07-08 01:45:15.272   933   933 I MediaCodecsXmlParser: limit: bitrate-range = 1-48000000
07-08 01:45:15.272   933   933 I MediaCodecsXmlParser: limit: feature-adaptive-playback = 0
07-08 01:45:15.272   933   933 I MediaCodecsXmlParser: limit: size-range = 2x2-4096x4096
07-08 01:45:15.272   933   933 I MediaCodecsXmlParser: limit: alignment = 2x2
07-08 01:45:15.272   933   933 I MediaCodecsXmlParser: limit: block-size = 8x8
07-08 01:45:15.272   933   933 I MediaCodecsXmlParser: limit: block-count-range = 1-196608
07-08 01:45:15.272   933   933 I MediaCodecsXmlParser: limit: blocks-per-second-range = 1-2000000
07-08 01:45:15.272   933   933 I MediaCodecsXmlParser: limit: bitrate-range = 1-10000000
07-08 01:45:15.272   933   933 I MediaCodecsXmlParser: limit: feature-adaptive-playback = 0
07-08 01:45:15.272   933   933 I MediaCodecsXmlParser: limit: size-range = 2x2-2048x2048
07-08 01:45:15.272   933   933 I MediaCodecsXmlParser: limit: alignment = 2x2
07-08 01:45:15.272   933   933 I MediaCodecsXmlParser: limit: block-size = 16x16
07-08 01:45:15.272   933   933 I MediaCodecsXmlParser: limit: block-count-range = 1-16384
07-08 01:45:15.272   933   933 I MediaCodecsXmlParser: limit: blocks-per-second-range = 1-1000000
07-08 01:45:15.272   933   933 I MediaCodecsXmlParser: limit: bitrate-range = 1-40000000
07-08 01:45:15.272   933   933 I MediaCodecsXmlParser: limit: feature-adaptive-playback = 0
07-08 01:45:15.272   933   933 I MediaCodecsXmlParser: limit: size-range = 2x2-2048x2048
07-08 01:45:15.273   933   933 I MediaCodecsXmlParser: limit: alignment = 2x2
07-08 01:45:15.273   933   933 I MediaCodecsXmlParser: limit: block-size = 16x16
07-08 01:45:15.273   933   933 I MediaCodecsXmlParser: limit: block-count-range = 1-16384
07-08 01:45:15.273   933   933 I MediaCodecsXmlParser: limit: blocks-per-second-range = 1-500000
07-08 01:45:15.273   933   933 I MediaCodecsXmlParser: limit: bitrate-range = 1-40000000
07-08 01:45:15.273   933   933 I MediaCodecsXmlParser: limit: feature-adaptive-playback = 0
07-08 01:45:15.273   933   933 I MediaCodecsXmlParser: limit: size-range = 176x144-176x144
07-08 01:45:15.273   933   933 I MediaCodecsXmlParser: limit: alignment = 16x16
07-08 01:45:15.273   933   933 I MediaCodecsXmlParser: limit: bitrate-range = 1-128000
07-08 01:45:15.273   933   933 I MediaCodecsXmlParser: limit: size-range = 16x16-2048x2048
07-08 01:45:15.273   933   933 I MediaCodecsXmlParser: limit: alignment = 2x2
07-08 01:45:15.273   933   933 I MediaCodecsXmlParser: limit: block-size = 16x16
07-08 01:45:15.273   933   933 I MediaCodecsXmlParser: limit: block-count-range = 1-8192
07-08 01:45:15.273   910   910 W mediaextractor: libminijail[910]: logging seccomp filter failures
07-08 01:45:15.273   933   933 I MediaCodecsXmlParser: limit: blocks-per-second-range = 1-245760
07-08 01:45:15.273   933   933 I MediaCodecsXmlParser: limit: bitrate-range = 1-12000000
07-08 01:45:15.273   933   933 I MediaCodecsXmlParser: limit: feature-intra-refresh = 0
07-08 01:45:15.273   933   933 I MediaCodecsXmlParser: limit: size-range = 16x16-176x144
07-08 01:45:15.273   933   933 I MediaCodecsXmlParser: limit: alignment = 16x16
07-08 01:45:15.273   933   933 I MediaCodecsXmlParser: limit: block-size = 16x16
07-08 01:45:15.273   933   933 I MediaCodecsXmlParser: limit: blocks-per-second-range = 12-1485
07-08 01:45:15.273   933   933 I MediaCodecsXmlParser: limit: bitrate-range = 1-64000
07-08 01:45:15.273   933   933 I MediaCodecsXmlParser: limit: size-range = 2x2-2048x2048
07-08 01:45:15.273   933   933 I MediaCodecsXmlParser: limit: alignment = 2x2
07-08 01:45:15.273   933   933 I MediaCodecsXmlParser: limit: block-size = 16x16
07-08 01:45:15.273   933   933 I MediaCodecsXmlParser: limit: block-count-range = 1-16384
07-08 01:45:15.273   933   933 I MediaCodecsXmlParser: limit: bitrate-range = 1-40000000
07-08 01:45:15.273   933   933 I MediaCodecsXmlParser: limit: feature-bitrate-modes = VBR,CBR
07-08 01:45:15.273   933   933 I MediaCodecsXmlParser: limit: size-range = 2x2-2048x2048
07-08 01:45:15.273   933   933 I MediaCodecsXmlParser: limit: alignment = 2x2
07-08 01:45:15.273   933   933 I MediaCodecsXmlParser: limit: block-size = 16x16
07-08 01:45:15.273   933   933 I MediaCodecsXmlParser: limit: block-count-range = 1-3600
07-08 01:45:15.273   933   933 I MediaCodecsXmlParser: limit: bitrate-range = 1-40000000
07-08 01:45:15.273   933   933 I MediaCodecsXmlParser: limit: feature-bitrate-modes = VBR,CBR
07-08 01:45:15.274   933   933 I MediaCodecsXmlParser: getVendorXmlPath (/vendor/etc/media_codecs_performance.xml)
07-08 01:45:15.274   933   933 D MediaCodecsXmlParser: parsing /vendor/etc/media_codecs_performance.xml...
07-08 01:45:15.274   933   933 I MediaCodecsXmlParser: limit: measured-frame-rate-320x240-range = 388-392
07-08 01:45:15.274   933   933 I MediaCodecsXmlParser: limit: measured-frame-rate-720x480-range = 80-90
07-08 01:45:15.274   933   933 I MediaCodecsXmlParser: limit: measured-frame-rate-1280x720-range = 32-37
07-08 01:45:15.274   933   933 I MediaCodecsXmlParser: limit: measured-frame-rate-1920x1080-range = 40-40
07-08 01:45:15.274   933   933 I MediaCodecsXmlParser: limit: measured-frame-rate-320x240-range = 226-226
07-08 01:45:15.274   933   933 I MediaCodecsXmlParser: limit: measured-frame-rate-720x480-range = 121-121
07-08 01:45:15.274   933   933 I MediaCodecsXmlParser: limit: measured-frame-rate-1280x720-range = 49-49
07-08 01:45:15.274   933   933 I MediaCodecsXmlParser: limit: measured-frame-rate-1920x1080-range = 16-45
07-08 01:45:15.274   933   933 I MediaCodecsXmlParser: limit: measured-frame-rate-3840x2160-range = 13-26
07-08 01:45:15.274   933   933 I MediaCodecsXmlParser: limit: measured-frame-rate-176x144-range = 517-521
07-08 01:45:15.274   933   933 I MediaCodecsXmlParser: limit: measured-frame-rate-352x288-range = 261-261
07-08 01:45:15.274   933   933 I MediaCodecsXmlParser: limit: measured-frame-rate-176x144-range = 515-518
07-08 01:45:15.274   933   933 I MediaCodecsXmlParser: limit: measured-frame-rate-352x288-range = 263-263
07-08 01:45:15.274   933   933 I MediaCodecsXmlParser: limit: measured-frame-rate-640x480-range = 144-144
07-08 01:45:15.274   933   933 I MediaCodecsXmlParser: limit: measured-frame-rate-320x180-range = 312-312
07-08 01:45:15.274   933   933 I MediaCodecsXmlParser: limit: measured-frame-rate-640x360-range = 175-174
07-08 01:45:15.274   933   933 I MediaCodecsXmlParser: limit: measured-frame-rate-1280x720-range = 30-40
07-08 01:45:15.274   933   933 I MediaCodecsXmlParser: limit: measured-frame-rate-1920x1080-range = 20-25
07-08 01:45:15.274   933   933 I MediaCodecsXmlParser: limit: measured-frame-rate-320x240-range = 185-185
07-08 01:45:15.274   933   933 I MediaCodecsXmlParser: limit: measured-frame-rate-720x480-range = 87-87
07-08 01:45:15.274   933   933 I MediaCodecsXmlParser: limit: measured-frame-rate-1280x720-range = 45-45
07-08 01:45:15.274   933   933 I MediaCodecsXmlParser: limit: measured-frame-rate-1920x1080-range = 28-28
07-08 01:45:15.274   933   933 D MediaCodecsXmlParser: MediaCodec: cannot update non-existing codec at line 57 of /vendor/etc/media_codecs_performance.xml
07-08 01:45:15.274   933   933 I MediaCodecsXmlParser: limit: measured-frame-rate-176x144-range = 350-365
07-08 01:45:15.274   933   933 D MediaCodecsXmlParser: MediaCodec: cannot update non-existing codec at line 66 of /vendor/etc/media_codecs_performance.xml
07-08 01:45:15.274   933   933 I MediaCodecsXmlParser: limit: measured-frame-rate-176x144-range = 385-385
07-08 01:45:15.275   933   933 D MediaCodecsXmlParser: MediaCodec: cannot update non-existing codec at line 72 of /vendor/etc/media_codecs_performance.xml
07-08 01:45:15.275   933   933 D MediaCodecsXmlParser: MediaCodec: cannot update non-existing codec at line 75 of /vendor/etc/media_codecs_performance.xml
07-08 01:45:15.275   933   933 I MediaCodecsXmlParser: limit: measured-frame-rate-320x180-range = 100-120
07-08 01:45:15.275   933   933 I MediaCodecsXmlParser: limit: measured-frame-rate-640x360-range = 45-50
07-08 01:45:15.275   933   933 I MediaCodecsXmlParser: limit: measured-frame-rate-1280x720-range = 30-35
07-08 01:45:15.275   933   933 I MediaCodecsXmlParser: limit: measured-frame-rate-1920x1080-range = 20-30
07-08 01:45:15.275   933   933 I MediaCodecsXmlParser: limit: measured-frame-rate-320x180-range = 140-180
07-08 01:45:15.275   933   933 I MediaCodecsXmlParser: limit: measured-frame-rate-640x360-range = 45-60
07-08 01:45:15.275   933   933 I MediaCodecsXmlParser: limit: measured-frame-rate-1280x720-range = 12-15
07-08 01:45:15.275   933   933 D MediaCodecsXmlParser: MediaCodec: cannot update non-existing codec at line 90 of /vendor/etc/media_codecs_performance.xml
07-08 01:45:15.275   933   933 I MediaCodecsXmlParser: limit: measured-frame-rate-320x240-range = 555-566
07-08 01:45:15.275   933   933 I MediaCodecsXmlParser: limit: measured-frame-rate-720x480-range = 239-239
07-08 01:45:15.275   933   933 I MediaCodecsXmlParser: limit: measured-frame-rate-1280x720-range = 197-197
07-08 01:45:15.275   933   933 I MediaCodecsXmlParser: limit: measured-frame-rate-1920x1088-range = 198-199
07-08 01:45:15.275   933   933 I MediaCodecsXmlParser: limit: measured-frame-rate-352x288-range = 650-655
07-08 01:45:15.275   933   933 I MediaCodecsXmlParser: limit: measured-frame-rate-640x360-range = 395-398
07-08 01:45:15.275   933   933 I MediaCodecsXmlParser: limit: measured-frame-rate-720x480-range = 300-304
07-08 01:45:15.275   933   933 I MediaCodecsXmlParser: limit: measured-frame-rate-1280x720-range = 241-241
07-08 01:45:15.275   933   933 I MediaCodecsXmlParser: limit: measured-frame-rate-1920x1088-range = 224-226
07-08 01:45:15.275   933   933 I MediaCodecsXmlParser: limit: measured-frame-rate-3840x2160-range = 30-40
07-08 01:45:15.275   933   933 I MediaCodecsXmlParser: limit: measured-frame-rate-176x144-range = 890-898
07-08 01:45:15.275   933   933 I MediaCodecsXmlParser: limit: measured-frame-rate-352x288-range = 840-850
07-08 01:45:15.275   933   933 I MediaCodecsXmlParser: limit: measured-frame-rate-176x144-range = 850-875
07-08 01:45:15.275   933   933 I MediaCodecsXmlParser: limit: measured-frame-rate-480x360-range = 766-794
07-08 01:45:15.275   933   933 I MediaCodecsXmlParser: limit: measured-frame-rate-320x180-range = 680-696
07-08 01:45:15.275   933   933 I MediaCodecsXmlParser: limit: measured-frame-rate-640x360-range = 400-415
07-08 01:45:15.275   933   933 I MediaCodecsXmlParser: limit: measured-frame-rate-1280x720-range = 350-358
07-08 01:45:15.275   933   933 I MediaCodecsXmlParser: limit: measured-frame-rate-1920x1080-range = 199-199
07-08 01:45:15.275   933   933 I MediaCodecsXmlParser: limit: measured-frame-rate-320x180-range = 500-524
07-08 01:45:15.275   933   933 I MediaCodecsXmlParser: limit: measured-frame-rate-640x360-range = 360-366
07-08 01:45:15.275   933   933 I MediaCodecsXmlParser: limit: measured-frame-rate-1280x720-range = 190-210
07-08 01:45:15.276   933   933 I MediaCodecsXmlParser: limit: measured-frame-rate-1920x1080-range = 170-190
07-08 01:45:15.276   933   933 I MediaCodecsXmlParser: limit: measured-frame-rate-3840x2160-range = 48-48
07-08 01:45:15.276   933   933 I MediaCodecsXmlParser: limit: measured-frame-rate-320x240-range = 320-350
07-08 01:45:15.276   933   933 I MediaCodecsXmlParser: limit: measured-frame-rate-720x480-range = 100-130
07-08 01:45:15.276   933   933 I MediaCodecsXmlParser: limit: measured-frame-rate-1280x720-range = 50-58
07-08 01:45:15.276   933   933 I MediaCodecsXmlParser: limit: measured-frame-rate-1920x1080-range = 20-30
07-08 01:45:15.276   933   933 D MediaCodecsXmlParser: MediaCodec: cannot update non-existing codec at line 139 of /vendor/etc/media_codecs_performance.xml
07-08 01:45:15.276   933   933 I MediaCodecsXmlParser: limit: measured-frame-rate-352x288-range = 458-458
07-08 01:45:15.276   933   933 I MediaCodecsXmlParser: limit: measured-frame-rate-640x360-range = 210-215
07-08 01:45:15.276   933   933 I MediaCodecsXmlParser: limit: measured-frame-rate-720x480-range = 120-125
07-08 01:45:15.276   933   933 I MediaCodecsXmlParser: limit: measured-frame-rate-1280x720-range = 70-85
07-08 01:45:15.276   933   933 I MediaCodecsXmlParser: limit: measured-frame-rate-1920x1080-range = 45-48
07-08 01:45:15.276   933   933 D MediaCodecsXmlParser: MediaCodec: cannot update non-existing codec at line 152 of /vendor/etc/media_codecs_performance.xml
07-08 01:45:15.276   933   933 I MediaCodecsXmlParser: limit: measured-frame-rate-176x144-range = 190-210
07-08 01:45:15.276   933   933 I MediaCodecsXmlParser: limit: measured-frame-rate-352x288-range = 170-182
07-08 01:45:15.276   933   933 D MediaCodecsXmlParser: MediaCodec: cannot update non-existing codec at line 163 of /vendor/etc/media_codecs_performance.xml
07-08 01:45:15.276   933   933 I MediaCodecsXmlParser: limit: measured-frame-rate-320x240-range = 575-580
07-08 01:45:15.276   933   933 I MediaCodecsXmlParser: limit: measured-frame-rate-640x360-range = 200-220
07-08 01:45:15.276   933   933 I MediaCodecsXmlParser: limit: measured-frame-rate-1280x720-range = 45-55
07-08 01:45:15.276   933   933 I MediaCodecsXmlParser: limit: measured-frame-rate-1920x1080-range = 18-22
07-08 01:45:15.276   933   933 D MediaCodecsXmlParser: MediaCodec: cannot update non-existing codec at line 173 of /vendor/etc/media_codecs_performance.xml
07-08 01:45:15.276   933   933 I MediaCodecsXmlParser: limit: measured-frame-rate-320x240-range = 580-604
07-08 01:45:15.276   933   933 I MediaCodecsXmlParser: limit: measured-frame-rate-640x360-range = 180-185
07-08 01:45:15.276   933   933 I MediaCodecsXmlParser: limit: measured-frame-rate-1280x720-range = 88-92
07-08 01:45:15.276   933   933 I MediaCodecsXmlParser: limit: measured-frame-rate-1920x1080-range = 47-52
07-08 01:45:15.276   933   933 D MediaCodecsXmlParser: MediaCodec: cannot update non-existing codec at line 185 of /vendor/etc/media_codecs_performance.xml
07-08 01:45:15.276   933   933 I MediaCodecsXmlParser: limit: measured-frame-rate-176x144-range = 380-400
07-08 01:45:15.276   933   933 D MediaCodecsXmlParser: MediaCodec: cannot update non-existing codec at line 197 of /vendor/etc/media_codecs_performance.xml
07-08 01:45:15.276   933   933 D MediaCodecsXmlParser: Cannot find /data/misc/media/media_codecs_profiling_results.xml
07-08 01:45:15.277  1038  1038 W libc    : Unable to set property "qemu.hw.mainkeys" to "0": error code: 0x18
07-08 01:45:15.277   933   933 I OmxStore: node [OMX.qcom.video.decoder.mpeg2.secure] not found in IOmx
07-08 01:45:15.281   989   989 I update_engine: [0708/014515.281472:INFO:main.cc(181)] A/B Update Engine starting
07-08 01:45:15.282   933   933 I ServiceManagement: Registered android.hardware.media.omx@1.0::IOmxStore/default (start delay of 418ms)
07-08 01:45:15.282   933   933 I ServiceManagement: Removing namespace from process name android.hardware.media.omx@1.0-service to omx@1.0-service.
07-08 01:45:15.286   989   989 I update_engine: [0708/014515.285964:INFO:boot_control_android.cc(76)] Loaded boot control hidl hal.
07-08 01:45:15.290   989   989 I update_engine: [0708/014515.290392:INFO:daemon_state_android.cc(43)] Booted in dev mode.
07-08 01:45:15.296   931   993 I ServiceManager: Waiting for service 'package_native' on '/dev/binder'...
07-08 01:45:15.299   610   610 I netd    : Creating child chains: 45.8ms
07-08 01:45:15.299   610   610 I netd    : Setting up OEM hooks: 0.4ms
07-08 01:45:15.299   610   610 I netd    : Setting up FirewallController hooks: 0.1ms
07-08 01:45:15.303   610   610 I netd    : Setting up TetherController hooks: 3.8ms
07-08 01:45:15.306     0     0 W wsa881x_get_temp: Temperature registers[0 0 0 0] are out of range
07-08 01:45:15.306     0     0 W wsa881x_get_temp: T0: 65535 is out of range[5, 45]
07-08 01:45:15.307   610   610 I netd    : Setting up BandwidthController hooks: 4.0ms
07-08 01:45:15.307   610   610 I netd    : Setting up IdletimerController hooks: 0.2ms
07-08 01:45:15.321   610   610 I netd    : Setting up StrictController hooks: 13.6ms
07-08 01:45:15.321   610   610 I ClatdController: 4.9+ kernel and device shipped with Q+ - clat ebpf should work.
07-08 01:45:15.322   610   610 I netd    : Initializing ClatdController: 0.3ms
07-08 01:45:15.325   610   610 I netd    : Initializing traffic control: 3.5ms
07-08 01:45:15.334   610   610 I netd    : Enabling bandwidth control: 8.8ms
07-08 01:45:15.337   610   610 I netd    : Initializing RouteController: 3.1ms
07-08 01:45:15.337   610   610 D XfrmController: XfrmController::ipSecAddXfrmInterface, line=1379
07-08 01:45:15.339     0     0 I capability: warning: `msm_irqbalance' uses 32-bit capabilities (legacy support in use)
07-08 01:45:15.345  1057  1057 E MSM-irqbalance: WARNING: Cannot find matching virq for hwirq(446).
07-08 01:45:15.346  1057  1057 E MSM-irqbalance: WARNING: Cannot find matching virq for hwirq(455).
07-08 01:45:15.347  1057  1057 E MSM-irqbalance: WARNING: Cannot find matching virq for hwirq(456).
07-08 01:45:15.347  1057  1057 I MSM-irqbalance: msm-irq_balance (1.3) initialized
07-08 01:45:15.347  1057  1057 I MSM-irqbalance: Configuration
07-08 01:45:15.347  1057  1057 I MSM-irqbalance: Rate: 0.2 Hz
07-08 01:45:15.347  1057  1057 I MSM-irqbalance: Decay Factor: 75.0
07-08 01:45:15.347  1057  1057 I MSM-irqbalance: Balancing Factor: 0.1
07-08 01:45:15.347  1057  1057 I MSM-irqbalance: Debug Log: OFF
07-08 01:45:15.347  1057  1057 I MSM-irqbalance: Cfg file: /system/vendor/etc/msm_irqbalance.conf
07-08 01:45:15.347  1057  1057 I MSM-irqbalance: CPU PRIO: CPU0: 1 CPU1: 1 CPU2: 0 CPU3: 0 CPU4: 0 CPU5: 0 CPU6: 0 CPU7: 0 
07-08 01:45:15.347  1057  1057 I MSM-irqbalance: Ignored IRQs: 5 107 7 87 2 
07-08 01:45:15.348   963   963 I /apex/com.android.media.swcodec/bin/mediaswcodec: media swcodec service starting
07-08 01:45:15.349     0     0 I pil-q6v5-mss 4080000.qcom,mss: modem: Brought out of reset
07-08 01:45:15.350   963   963 W /apex/com.android.media.swcodec/bin/mediaswcodec: Could not read additional policy file '/vendor/etc/seccomp_policy/mediaswcodec.policy'
07-08 01:45:15.350   963   963 W /apex/com.android.media.swcodec/bin/mediaswcodec: libminijail[963]: failed to get path of fd 4: No such file or directory
07-08 01:45:15.350   963   963 W /apex/com.android.media.swcodec/bin/mediaswcodec: libminijail[963]: allowing syscall: connect
07-08 01:45:15.351   963   963 W /apex/com.android.media.swcodec/bin/mediaswcodec: libminijail[963]: allowing syscall: fcntl
07-08 01:45:15.351   963   963 W /apex/com.android.media.swcodec/bin/mediaswcodec: libminijail[963]: allowing syscall: sendto
07-08 01:45:15.351   963   963 W /apex/com.android.media.swcodec/bin/mediaswcodec: libminijail[963]: allowing syscall: socket
07-08 01:45:15.351   963   963 W /apex/com.android.media.swcodec/bin/mediaswcodec: libminijail[963]: allowing syscall: writev
07-08 01:45:15.351   963   963 W /apex/com.android.media.swcodec/bin/mediaswcodec: libminijail[963]: logging seccomp filter failures
07-08 01:45:15.352   963   963 I CodecServiceRegistrant: Creating software Codec2 service...
07-08 01:45:15.353   610   610 D XfrmController: XfrmController::ipSecRemoveTunnelInterface, line=1592
07-08 01:45:15.353   610   610 D XfrmController: deviceName=ipsec_test
07-08 01:45:15.354     0     0 E [RMNET:HI] rmnet_config_notify_cb(): Kernel is trying to unregister ipsec_test
07-08 01:45:15.354   963   963 I ServiceManagement: Registered android.hardware.media.c2@1.0::IComponentStore/software (start delay of 430ms)
07-08 01:45:15.354   963   963 I CodecServiceRegistrant: Software Codec2 service created.
07-08 01:45:15.358     0     0 W wsa881x_get_temp: Temperature registers[0 0 0 0] are out of range
07-08 01:45:15.358     0     0 W wsa881x_get_temp: T0: 65535 is out of range[5, 45]
07-08 01:45:15.366   479   479 E SELinux : avc:  denied  { find } for interface=vendor.qti.hardware.slmadapter::ISlmAdapter sid=u:r:cnd:s0 pid=935 scontext=u:r:cnd:s0 tcontext=u:object_r:default_android_hwservice:s0 tclass=hwservice_manager permissive=0
07-08 01:45:15.366   479   479 I auditd  : avc:  denied  { find } for interface=vendor.qti.hardware.slmadapter::ISlmAdapter sid=u:r:cnd:s0 pid=935 scontext=u:r:cnd:s0 tcontext=u:object_r:default_android_hwservice:s0 tclass=hwservice_manager permissive=0
07-08 01:45:15.367     0     0 I pil-q6v5-mss 4080000.qcom,mss: Subsystem error monitoring/handling services are up
07-08 01:45:15.368     0     0 I pil-q6v5-mss 4080000.qcom,mss: modem: Power/Clock ready interrupt received
07-08 01:45:15.369   935   935 I ServiceManagement: Registered vendor.qti.hardware.data.latency@1.0::ILinkLatency/default (start delay of 506ms)
07-08 01:45:15.372   886   886 I imsrcsd : Starting Service for First Time imsbaseimpl
07-08 01:45:15.374   886   886 I ServiceManagement: Registered com.qualcomm.qti.uceservice@2.2::IUceService/com.qualcomm.qti.uceservice (start delay of 660ms)
07-08 01:45:15.374   886   886 I imsrcsd : ImsRcsBaseImpl CM_IMSCONNECTIONMANAGER_CREATE_CONNECTION Before Registering Service
07-08 01:45:15.375   886   886 I ServiceManagement: Registered com.qualcomm.qti.imscmservice@2.2::IImsCmService/qti.ims.connectionmanagerservice (start delay of 661ms)
07-08 01:45:15.375   886   886 I imsrcsd : ImsRcsBaseImpl CM_IMSCONNECTIONMANAGER_CREATE_CONNECTION After Registering Service
07-08 01:45:15.375   886   886 E         : [IMS_COM] |ImsCom.cpp | 57 | | 886 |Com Fd: 7
07-08 01:45:15.375   886   886 E         : [IMS_COM] |ImsCom.cpp | 167 | | 886 |ImsCom::addComEventHandler(int 7, ComEventCallback 0x7a06e5a668, void* 0x0, ComCloseCallback 0x0, events 17) EX
07-08 01:45:15.375   886   886 E         : [IMS_COM] |ImsCom.cpp | 179 | | 886 |ImsCom::addComEventHandler epoll_ctl returns: 0
07-08 01:45:15.375   886   886 E         : [IMS_COM] |ImsCom.cpp | 60 | | 886 |ImsCom is ready. epollFd:6
07-08 01:45:15.375   886   886 E         : [IMS_COM] |ImsQmiSvc.cpp | 38 | | 886 |ImsQmiSvc[ImsQmiPrivate]:  
07-08 01:45:15.375   886   886 E         : [IMS_COM] |ImsQmiSvc.cpp | 41 | | 886 |ImsQmiSvc: qmiimssvcfd : 8 svcObj[x6e62008] 
