03-28 23:04:51.158   916   916 I MediaCodecsXmlParser: limit: bitrate-range = 1-35000000
03-28 23:04:51.158   916   916 I MediaCodecsXmlParser: limit: feature-adaptive-playback = 0
03-28 23:04:51.158   916   916 I MediaCodecsXmlParser: limit: feature-secure-playback = 1
03-28 23:04:51.158   916   916 I MediaCodecsXmlParser: limit: max-concurrent-instances = 6
03-28 23:04:51.158   916   916 I MediaCodecsXmlParser: limit: performance-point-3840x2160-range = 30-30
03-28 23:04:51.158   916   916 I MediaCodecsXmlParser: limit: size-range = 64x64-1920x1088
03-28 23:04:51.158   916   916 I MediaCodecsXmlParser: limit: alignment = 2x2
03-28 23:04:51.158   916   916 I MediaCodecsXmlParser: limit: block-size = 16x16
03-28 23:04:51.158   916   916 I MediaCodecsXmlParser: limit: blocks-per-second-range = 1-244800
03-28 23:04:51.158   916   916 I MediaCodecsXmlParser: limit: bitrate-range = 1-40000000
03-28 23:04:51.158   916   916 I MediaCodecsXmlParser: limit: feature-adaptive-playback = 0
03-28 23:04:51.158   916   916 I MediaCodecsXmlParser: limit: max-concurrent-instances = 16
03-28 23:04:51.158   916   916 I MediaCodecsXmlParser: limit: performance-point-1920x1088-range = 30-30
03-28 23:04:51.158   916   916 I MediaCodecsXmlParser: limit: size-range = 64x64-1920x1088
03-28 23:04:51.158   916   916 I MediaCodecsXmlParser: limit: alignment = 2x2
03-28 23:04:51.158   916   916 I MediaCodecsXmlParser: limit: block-size = 16x16
03-28 23:04:51.158   916   916 I MediaCodecsXmlParser: limit: blocks-per-second-range = 1-244800
03-28 23:04:51.158   916   916 I MediaCodecsXmlParser: limit: bitrate-range = 1-20000000
03-28 23:04:51.158   916   916 I MediaCodecsXmlParser: limit: feature-adaptive-playback = 0
03-28 23:04:51.158   916   916 I MediaCodecsXmlParser: limit: feature-secure-playback = 1
03-28 23:04:51.158   916   916 I MediaCodecsXmlParser: limit: max-concurrent-instances = 6
03-28 23:04:51.158   916   916 I MediaCodecsXmlParser: limit: performance-point-1920x1088-range = 30-30
03-28 23:04:51.158   916   916 I MediaCodecsXmlParser: limit: size-range = 64x64-1920x1088
03-28 23:04:51.158   916   916 I MediaCodecsXmlParser: limit: alignment = 2x2
03-28 23:04:51.158   916   916 I MediaCodecsXmlParser: limit: block-size = 16x16
03-28 23:04:51.158   916   916 I MediaCodecsXmlParser: limit: blocks-per-second-range = 1-489600
03-28 23:04:51.158   916   916 I MediaCodecsXmlParser: limit: bitrate-range = 1-60000000
03-28 23:04:51.158   916   916 I MediaCodecsXmlParser: limit: feature-adaptive-playback = 0
03-28 23:04:51.158   916   916 I MediaCodecsXmlParser: limit: max-concurrent-instances = 16
03-28 23:04:51.158   916   916 I MediaCodecsXmlParser: limit: performance-point-1920x1088-range = 60-60
03-28 23:04:51.158   916   916 I MediaCodecsXmlParser: limit: size-range = 64x64-864x480
03-28 23:04:51.158   916   916 I MediaCodecsXmlParser: limit: alignment = 2x2
03-28 23:04:51.158   916   916 I MediaCodecsXmlParser: limit: block-size = 16x16
03-28 23:04:51.158   916   916 I MediaCodecsXmlParser: limit: blocks-per-second-range = 1-48600
03-28 23:04:51.158   916   916 I MediaCodecsXmlParser: limit: bitrate-range = 1-2000000
03-28 23:04:51.158   916   916 I MediaCodecsXmlParser: limit: feature-adaptive-playback = 0
03-28 23:04:51.158   916   916 I MediaCodecsXmlParser: limit: max-concurrent-instances = 16
03-28 23:04:51.158   916   916 I MediaCodecsXmlParser: limit: performance-point-720x480-range = 30-30
03-28 23:04:51.158   916   916 I MediaCodecsXmlParser: limit: size-range = 64x64-1920x1088
03-28 23:04:51.158   916   916 I MediaCodecsXmlParser: limit: alignment = 2x2
03-28 23:04:51.158   916   916 I MediaCodecsXmlParser: limit: block-size = 16x16
03-28 23:04:51.158   916   916 I MediaCodecsXmlParser: limit: blocks-per-second-range = 1-489600
03-28 23:04:51.158   916   916 I MediaCodecsXmlParser: limit: bitrate-range = 1-60000000
03-28 23:04:51.158   916   916 I MediaCodecsXmlParser: limit: feature-adaptive-playback = 0
03-28 23:04:51.158   916   916 I MediaCodecsXmlParser: limit: max-concurrent-instances = 16
03-28 23:04:51.158   916   916 I MediaCodecsXmlParser: limit: performance-point-1920x1088-range = 30-30
03-28 23:04:51.158   916   916 I MediaCodecsXmlParser: limit: size-range = 64x64-1920x1088
03-28 23:04:51.158   916   916 I MediaCodecsXmlParser: limit: alignment = 2x2
03-28 23:04:51.158   916   916 I MediaCodecsXmlParser: limit: block-size = 16x16
03-28 23:04:51.160   916   916 I MediaCodecsXmlParser: limit: blocks-per-second-range = 1-489600
03-28 23:04:51.160   916   916 I MediaCodecsXmlParser: limit: bitrate-range = 1-20000000
03-28 23:04:51.160   916   916 I MediaCodecsXmlParser: limit: feature-adaptive-playback = 0
03-28 23:04:51.160   916   916 I MediaCodecsXmlParser: limit: feature-secure-playback = 1
03-28 23:04:51.160   916   916 I MediaCodecsXmlParser: limit: max-concurrent-instances = 7
03-28 23:04:51.160   916   916 I MediaCodecsXmlParser: limit: performance-point-1920x1088-range = 30-30
03-28 23:04:51.160   916   916 I MediaCodecsXmlParser: limit: size-range = 64x64-1920x1088
03-28 23:04:51.160   916   916 I MediaCodecsXmlParser: limit: alignment = 2x2
03-28 23:04:51.160   916   916 I MediaCodecsXmlParser: limit: block-size = 16x16
03-28 23:04:51.160   916   916 I MediaCodecsXmlParser: limit: blocks-per-second-range = 1-244800
03-28 23:04:51.160   916   916 I MediaCodecsXmlParser: limit: bitrate-range = 1-10000000
03-28 23:04:51.160   916   916 I MediaCodecsXmlParser: limit: feature-adaptive-playback = 0
03-28 23:04:51.160   916   916 I MediaCodecsXmlParser: limit: max-concurrent-instances = 16
03-28 23:04:51.160   916   916 I MediaCodecsXmlParser: limit: performance-point-1920x1088-range = 30-30
03-28 23:04:51.160   916   916 I MediaCodecsXmlParser: limit: size-range = 64x64-720x480
03-28 23:04:51.160   916   916 I MediaCodecsXmlParser: limit: alignment = 2x2
03-28 23:04:51.160   916   916 I MediaCodecsXmlParser: limit: block-size = 16x16
03-28 23:04:51.160   916   916 I MediaCodecsXmlParser: limit: blocks-per-second-range = 1-40500
03-28 23:04:51.160   916   916 I MediaCodecsXmlParser: limit: bitrate-range = 1-2000000
03-28 23:04:51.160   916   916 I MediaCodecsXmlParser: limit: feature-adaptive-playback = 0
03-28 23:04:51.160   916   916 I MediaCodecsXmlParser: limit: max-concurrent-instances = 16
03-28 23:04:51.160   916   916 I MediaCodecsXmlParser: limit: performance-point-720x480-range = 30-30
03-28 23:04:51.160   916   916 I MediaCodecsXmlParser: limit: size-range = 64x64-1920x1088
03-28 23:04:51.160   916   916 I MediaCodecsXmlParser: limit: alignment = 2x2
03-28 23:04:51.160   916   916 I MediaCodecsXmlParser: limit: block-size = 16x16
03-28 23:04:51.160   916   916 I MediaCodecsXmlParser: limit: blocks-per-second-range = 1-244800
03-28 23:04:51.160   916   916 I MediaCodecsXmlParser: limit: bitrate-range = 1-10000000
03-28 23:04:51.160   916   916 I MediaCodecsXmlParser: limit: feature-adaptive-playback = 0
03-28 23:04:51.160   916   916 I MediaCodecsXmlParser: limit: max-concurrent-instances = 16
03-28 23:04:51.160   916   916 I MediaCodecsXmlParser: limit: performance-point-1920x1088-range = 30-30
03-28 23:04:51.160   916   916 I MediaCodecsXmlParser: limit: size-range = 64x64-3840x2160
03-28 23:04:51.160   916   916 I MediaCodecsXmlParser: limit: alignment = 2x2
03-28 23:04:51.160   916   916 I MediaCodecsXmlParser: limit: block-size = 16x16
03-28 23:04:51.160   916   916 I MediaCodecsXmlParser: limit: blocks-per-second-range = 1-972000
03-28 23:04:51.160   916   916 I MediaCodecsXmlParser: limit: bitrate-range = 1-100000000
03-28 23:04:51.160   916   916 I MediaCodecsXmlParser: limit: feature-adaptive-playback = 0
03-28 23:04:51.160   916   916 I MediaCodecsXmlParser: limit: max-concurrent-instances = 16
03-28 23:04:51.160   916   916 I MediaCodecsXmlParser: limit: performance-point-3840x2160-range = 30-30
03-28 23:04:51.160   916   916 I MediaCodecsXmlParser: limit: size-range = 64x64-3840x2160
03-28 23:04:51.160   916   916 I MediaCodecsXmlParser: limit: alignment = 2x2
03-28 23:04:51.160   916   916 I MediaCodecsXmlParser: limit: block-size = 16x16
03-28 23:04:51.160   916   916 I MediaCodecsXmlParser: limit: blocks-per-second-range = 1-972000
03-28 23:04:51.160   916   916 I MediaCodecsXmlParser: limit: bitrate-range = 1-100000000
03-28 23:04:51.160   916   916 I MediaCodecsXmlParser: limit: feature-adaptive-playback = 0
03-28 23:04:51.160   916   916 I MediaCodecsXmlParser: limit: max-concurrent-instances = 16
03-28 23:04:51.160   916   916 I MediaCodecsXmlParser: limit: performance-point-3840x2160-range = 30-30
03-28 23:04:51.160   916   916 I MediaCodecsXmlParser: limit: size-range = 64x64-3840x2160
03-28 23:04:51.160   916   916 I MediaCodecsXmlParser: limit: alignment = 2x2
03-28 23:04:51.160   916   916 I MediaCodecsXmlParser: limit: block-size = 16x16
03-28 23:04:51.160   916   916 I MediaCodecsXmlParser: limit: blocks-per-second-range = 1-979200
03-28 23:04:51.160   916   916 I MediaCodecsXmlParser: limit: bitrate-range = 1-35000000
03-28 23:04:51.160   916   916 I MediaCodecsXmlParser: limit: frame-rate-range = 1-30
03-28 23:04:51.160   916   916 I MediaCodecsXmlParser: limit: feature-adaptive-playback = 0
03-28 23:04:51.160   916   916 I MediaCodecsXmlParser: limit: feature-secure-playback = 1
03-28 23:04:51.160   916   916 I MediaCodecsXmlParser: limit: max-concurrent-instances = 6
03-28 23:04:51.160   916   916 I MediaCodecsXmlParser: limit: performance-point-3840x2160-range = 30-30
03-28 23:04:51.160   916   916 I MediaCodecsXmlParser: limit: size-range = 64x64-3840x2160
03-28 23:04:51.160   916   916 I MediaCodecsXmlParser: limit: alignment = 2x2
03-28 23:04:51.160   916   916 I MediaCodecsXmlParser: limit: block-size = 16x16
03-28 23:04:51.160   916   916 I MediaCodecsXmlParser: limit: blocks-per-second-range = 1-972000
03-28 23:04:51.160   916   916 I MediaCodecsXmlParser: limit: bitrate-range = 1-100000000
03-28 23:04:51.160   916   916 I MediaCodecsXmlParser: limit: feature-adaptive-playback = 0
03-28 23:04:51.160   916   916 I MediaCodecsXmlParser: limit: max-concurrent-instances = 16
03-28 23:04:51.161   916   916 I MediaCodecsXmlParser: limit: performance-point-3840x2160-range = 30-30
03-28 23:04:51.161   916   916 I MediaCodecsXmlParser: limit: size-range = 64x64-3840x2160
03-28 23:04:51.161   916   916 I MediaCodecsXmlParser: limit: alignment = 2x2
03-28 23:04:51.161   916   916 I MediaCodecsXmlParser: limit: block-size = 16x16
03-28 23:04:51.161   916   916 I MediaCodecsXmlParser: limit: blocks-per-second-range = 1-972000
03-28 23:04:51.161   916   916 I MediaCodecsXmlParser: limit: bitrate-range = 1-35000000
03-28 23:04:51.161   916   916 I MediaCodecsXmlParser: limit: feature-adaptive-playback = 0
03-28 23:04:51.161   916   916 I MediaCodecsXmlParser: limit: feature-secure-playback = 1
03-28 23:04:51.161   916   916 I MediaCodecsXmlParser: limit: max-concurrent-instances = 6
03-28 23:04:51.161   916   916 I MediaCodecsXmlParser: limit: performance-point-3840x2160-range = 30-30
03-28 23:04:51.161   916   916 D MediaCodecsXmlParser: parsing /vendor/etc/media_codecs_google_video.xml...
03-28 23:04:51.161   916   916 I MediaCodecsXmlParser: limit: size-range = 2x2-352x288
03-28 23:04:51.161   916   916 I MediaCodecsXmlParser: limit: alignment = 2x2
03-28 23:04:51.161   916   916 I MediaCodecsXmlParser: limit: block-size = 16x16
03-28 23:04:51.161   916   916 I MediaCodecsXmlParser: limit: blocks-per-second-range = 12-11880
03-28 23:04:51.161   916   916 I MediaCodecsXmlParser: limit: bitrate-range = 1-384000
03-28 23:04:51.161   916   916 I MediaCodecsXmlParser: limit: feature-adaptive-playback = 0
03-28 23:04:51.161   916   916 I MediaCodecsXmlParser: limit: size-range = 2x2-352x288
03-28 23:04:51.161   916   916 I MediaCodecsXmlParser: limit: alignment = 2x2
03-28 23:04:51.161   916   916 I MediaCodecsXmlParser: limit: bitrate-range = 1-384000
03-28 23:04:51.161   916   916 I MediaCodecsXmlParser: limit: feature-adaptive-playback = 0
03-28 23:04:51.161   916   916 I MediaCodecsXmlParser: limit: size-range = 2x2-4080x4080
03-28 23:04:51.161   916   916 I MediaCodecsXmlParser: limit: alignment = 2x2
03-28 23:04:51.161   916   916 I MediaCodecsXmlParser: limit: block-size = 16x16
03-28 23:04:51.161   916   916 I MediaCodecsXmlParser: limit: block-count-range = 1-32768
03-28 23:04:51.161   916   916 I MediaCodecsXmlParser: limit: blocks-per-second-range = 1-1966080
03-28 23:04:51.161   916   916 I MediaCodecsXmlParser: limit: bitrate-range = 1-48000000
03-28 23:04:51.161   916   916 I MediaCodecsXmlParser: limit: feature-adaptive-playback = 0
03-28 23:04:51.161   916   916 I MediaCodecsXmlParser: limit: size-range = 2x2-4096x4096
03-28 23:04:51.161   916   916 I MediaCodecsXmlParser: limit: alignment = 2x2
03-28 23:04:51.161   916   916 I MediaCodecsXmlParser: limit: block-size = 8x8
03-28 23:04:51.161   916   916 I MediaCodecsXmlParser: limit: block-count-range = 1-196608
03-28 23:04:51.161   916   916 I MediaCodecsXmlParser: limit: blocks-per-second-range = 1-2000000
03-28 23:04:51.161   916   916 I MediaCodecsXmlParser: limit: bitrate-range = 1-10000000
03-28 23:04:51.161   916   916 I MediaCodecsXmlParser: limit: feature-adaptive-playback = 0
03-28 23:04:51.161   916   916 I MediaCodecsXmlParser: limit: size-range = 2x2-2048x2048
03-28 23:04:51.161   916   916 I MediaCodecsXmlParser: limit: alignment = 2x2
03-28 23:04:51.161   916   916 I MediaCodecsXmlParser: limit: block-size = 16x16
03-28 23:04:51.161   916   916 I MediaCodecsXmlParser: limit: block-count-range = 1-16384
03-28 23:04:51.161   916   916 I MediaCodecsXmlParser: limit: blocks-per-second-range = 1-1000000
03-28 23:04:51.161   916   916 I MediaCodecsXmlParser: limit: bitrate-range = 1-40000000
03-28 23:04:51.161   916   916 I MediaCodecsXmlParser: limit: feature-adaptive-playback = 0
03-28 23:04:51.161   916   916 I MediaCodecsXmlParser: limit: size-range = 2x2-2048x2048
03-28 23:04:51.161   916   916 I MediaCodecsXmlParser: limit: alignment = 2x2
03-28 23:04:51.161   916   916 I MediaCodecsXmlParser: limit: block-size = 16x16
03-28 23:04:51.161   916   916 I MediaCodecsXmlParser: limit: block-count-range = 1-16384
03-28 23:04:51.161   916   916 I MediaCodecsXmlParser: limit: blocks-per-second-range = 1-500000
03-28 23:04:51.161   916   916 I MediaCodecsXmlParser: limit: bitrate-range = 1-40000000
03-28 23:04:51.161   916   916 I MediaCodecsXmlParser: limit: feature-adaptive-playback = 0
03-28 23:04:51.161   916   916 I MediaCodecsXmlParser: limit: size-range = 176x144-176x144
03-28 23:04:51.161   916   916 I MediaCodecsXmlParser: limit: alignment = 16x16
03-28 23:04:51.161   916   916 I MediaCodecsXmlParser: limit: bitrate-range = 1-128000
03-28 23:04:51.161   916   916 I MediaCodecsXmlParser: limit: size-range = 16x16-2048x2048
03-28 23:04:51.161   916   916 I MediaCodecsXmlParser: limit: alignment = 2x2
03-28 23:04:51.161   916   916 I MediaCodecsXmlParser: limit: block-size = 16x16
03-28 23:04:51.161   916   916 I MediaCodecsXmlParser: limit: block-count-range = 1-8192
03-28 23:04:51.161   916   916 I MediaCodecsXmlParser: limit: blocks-per-second-range = 1-245760
03-28 23:04:51.161   916   916 I MediaCodecsXmlParser: limit: bitrate-range = 1-12000000
03-28 23:04:51.161   916   916 I MediaCodecsXmlParser: limit: feature-intra-refresh = 0
03-28 23:04:51.161   916   916 I MediaCodecsXmlParser: limit: size-range = 16x16-176x144
03-28 23:04:51.161   916   916 I MediaCodecsXmlParser: limit: alignment = 16x16
03-28 23:04:51.161   916   916 I MediaCodecsXmlParser: limit: block-size = 16x16
03-28 23:04:51.161   916   916 I MediaCodecsXmlParser: limit: blocks-per-second-range = 12-1485
03-28 23:04:51.161   916   916 I MediaCodecsXmlParser: limit: bitrate-range = 1-64000
03-28 23:04:51.161   916   916 I MediaCodecsXmlParser: limit: size-range = 2x2-2048x2048
03-28 23:04:51.161   916   916 I MediaCodecsXmlParser: limit: alignment = 2x2
03-28 23:04:51.161   916   916 I MediaCodecsXmlParser: limit: block-size = 16x16
03-28 23:04:51.161   916   916 I MediaCodecsXmlParser: limit: block-count-range = 1-16384
03-28 23:04:51.161   916   916 I MediaCodecsXmlParser: limit: bitrate-range = 1-40000000
03-28 23:04:51.161   916   916 I MediaCodecsXmlParser: limit: feature-bitrate-modes = VBR,CBR
03-28 23:04:51.161   916   916 I MediaCodecsXmlParser: limit: size-range = 2x2-2048x2048
03-28 23:04:51.161   916   916 I MediaCodecsXmlParser: limit: alignment = 2x2
03-28 23:04:51.161   916   916 I MediaCodecsXmlParser: limit: block-size = 16x16
03-28 23:04:51.161   916   916 I MediaCodecsXmlParser: limit: block-count-range = 1-3600
03-28 23:04:51.161   916   916 I MediaCodecsXmlParser: limit: bitrate-range = 1-40000000
03-28 23:04:51.161   916   916 I MediaCodecsXmlParser: limit: feature-bitrate-modes = VBR,CBR
03-28 23:04:51.162   916   916 I MediaCodecsXmlParser: getVendorXmlPath (/vendor/etc/media_codecs_performance.xml)
03-28 23:04:51.162   916   916 D MediaCodecsXmlParser: parsing /vendor/etc/media_codecs_performance.xml...
03-28 23:04:51.162   916   916 I MediaCodecsXmlParser: limit: measured-frame-rate-320x240-range = 388-392
03-28 23:04:51.162   916   916 I MediaCodecsXmlParser: limit: measured-frame-rate-720x480-range = 80-90
03-28 23:04:51.162   916   916 I MediaCodecsXmlParser: limit: measured-frame-rate-1280x720-range = 32-37
03-28 23:04:51.162   916   916 I MediaCodecsXmlParser: limit: measured-frame-rate-1920x1080-range = 40-40
03-28 23:04:51.162   916   916 I MediaCodecsXmlParser: limit: measured-frame-rate-320x240-range = 226-226
03-28 23:04:51.162   916   916 I MediaCodecsXmlParser: limit: measured-frame-rate-720x480-range = 121-121
03-28 23:04:51.162   916   916 I MediaCodecsXmlParser: limit: measured-frame-rate-1280x720-range = 49-49
03-28 23:04:51.162   916   916 I MediaCodecsXmlParser: limit: measured-frame-rate-1920x1080-range = 16-45
03-28 23:04:51.162   916   916 I MediaCodecsXmlParser: limit: measured-frame-rate-3840x2160-range = 13-26
03-28 23:04:51.162   916   916 I MediaCodecsXmlParser: limit: measured-frame-rate-176x144-range = 517-521
03-28 23:04:51.162   916   916 I MediaCodecsXmlParser: limit: measured-frame-rate-352x288-range = 261-261
03-28 23:04:51.162   916   916 I MediaCodecsXmlParser: limit: measured-frame-rate-176x144-range = 515-518
03-28 23:04:51.162   916   916 I MediaCodecsXmlParser: limit: measured-frame-rate-352x288-range = 263-263
03-28 23:04:51.162   916   916 I MediaCodecsXmlParser: limit: measured-frame-rate-640x480-range = 144-144
03-28 23:04:51.162   916   916 I MediaCodecsXmlParser: limit: measured-frame-rate-320x180-range = 312-312
03-28 23:04:51.162   916   916 I MediaCodecsXmlParser: limit: measured-frame-rate-640x360-range = 175-174
03-28 23:04:51.162   916   916 I MediaCodecsXmlParser: limit: measured-frame-rate-1280x720-range = 30-40
03-28 23:04:51.162   916   916 I MediaCodecsXmlParser: limit: measured-frame-rate-1920x1080-range = 20-25
03-28 23:04:51.162   916   916 I MediaCodecsXmlParser: limit: measured-frame-rate-320x240-range = 185-185
03-28 23:04:51.162   916   916 I MediaCodecsXmlParser: limit: measured-frame-rate-720x480-range = 87-87
03-28 23:04:51.162   916   916 I MediaCodecsXmlParser: limit: measured-frame-rate-1280x720-range = 45-45
03-28 23:04:51.162   916   916 I MediaCodecsXmlParser: limit: measured-frame-rate-1920x1080-range = 28-28
03-28 23:04:51.162   916   916 D MediaCodecsXmlParser: MediaCodec: cannot update non-existing codec at line 57 of /vendor/etc/media_codecs_performance.xml
03-28 23:04:51.162   916   916 I MediaCodecsXmlParser: limit: measured-frame-rate-176x144-range = 350-365
03-28 23:04:51.162   916   916 D MediaCodecsXmlParser: MediaCodec: cannot update non-existing codec at line 66 of /vendor/etc/media_codecs_performance.xml
03-28 23:04:51.162   916   916 I MediaCodecsXmlParser: limit: measured-frame-rate-176x144-range = 385-385
03-28 23:04:51.162   916   916 D MediaCodecsXmlParser: MediaCodec: cannot update non-existing codec at line 72 of /vendor/etc/media_codecs_performance.xml
03-28 23:04:51.162   916   916 D MediaCodecsXmlParser: MediaCodec: cannot update non-existing codec at line 75 of /vendor/etc/media_codecs_performance.xml
03-28 23:04:51.162   916   916 I MediaCodecsXmlParser: limit: measured-frame-rate-320x180-range = 100-120
03-28 23:04:51.162   916   916 I MediaCodecsXmlParser: limit: measured-frame-rate-640x360-range = 45-50
03-28 23:04:51.162   916   916 I MediaCodecsXmlParser: limit: measured-frame-rate-1280x720-range = 30-35
03-28 23:04:51.162   916   916 I MediaCodecsXmlParser: limit: measured-frame-rate-1920x1080-range = 20-30
03-28 23:04:51.162   916   916 I MediaCodecsXmlParser: limit: measured-frame-rate-320x180-range = 140-180
03-28 23:04:51.162   916   916 I MediaCodecsXmlParser: limit: measured-frame-rate-640x360-range = 45-60
03-28 23:04:51.162   916   916 I MediaCodecsXmlParser: limit: measured-frame-rate-1280x720-range = 12-15
03-28 23:04:51.162   916   916 D MediaCodecsXmlParser: MediaCodec: cannot update non-existing codec at line 90 of /vendor/etc/media_codecs_performance.xml
03-28 23:04:51.162   916   916 I MediaCodecsXmlParser: limit: measured-frame-rate-320x240-range = 555-566
03-28 23:04:51.162   916   916 I MediaCodecsXmlParser: limit: measured-frame-rate-720x480-range = 239-239
03-28 23:04:51.162   916   916 I MediaCodecsXmlParser: limit: measured-frame-rate-1280x720-range = 197-197
03-28 23:04:51.162   916   916 I MediaCodecsXmlParser: limit: measured-frame-rate-1920x1088-range = 198-199
03-28 23:04:51.162   916   916 I MediaCodecsXmlParser: limit: measured-frame-rate-352x288-range = 650-655
03-28 23:04:51.162   916   916 I MediaCodecsXmlParser: limit: measured-frame-rate-640x360-range = 395-398
03-28 23:04:51.162   916   916 I MediaCodecsXmlParser: limit: measured-frame-rate-720x480-range = 300-304
03-28 23:04:51.162   916   916 I MediaCodecsXmlParser: limit: measured-frame-rate-1280x720-range = 241-241
03-28 23:04:51.162   916   916 I MediaCodecsXmlParser: limit: measured-frame-rate-1920x1088-range = 224-226
03-28 23:04:51.162   916   916 I MediaCodecsXmlParser: limit: measured-frame-rate-3840x2160-range = 30-40
03-28 23:04:51.162   916   916 I MediaCodecsXmlParser: limit: measured-frame-rate-176x144-range = 890-898
03-28 23:04:51.162   916   916 I MediaCodecsXmlParser: limit: measured-frame-rate-352x288-range = 840-850
03-28 23:04:51.163   916   916 I MediaCodecsXmlParser: limit: measured-frame-rate-176x144-range = 850-875
03-28 23:04:51.163   916   916 I MediaCodecsXmlParser: limit: measured-frame-rate-480x360-range = 766-794
03-28 23:04:51.163   916   916 I MediaCodecsXmlParser: limit: measured-frame-rate-320x180-range = 680-696
03-28 23:04:51.163   916   916 I MediaCodecsXmlParser: limit: measured-frame-rate-640x360-range = 400-415
03-28 23:04:51.163   916   916 I MediaCodecsXmlParser: limit: measured-frame-rate-1280x720-range = 350-358
03-28 23:04:51.163   916   916 I MediaCodecsXmlParser: limit: measured-frame-rate-1920x1080-range = 199-199
03-28 23:04:51.163   916   916 I MediaCodecsXmlParser: limit: measured-frame-rate-320x180-range = 500-524
03-28 23:04:51.163   916   916 I MediaCodecsXmlParser: limit: measured-frame-rate-640x360-range = 360-366
03-28 23:04:51.163   916   916 I MediaCodecsXmlParser: limit: measured-frame-rate-1280x720-range = 190-210
03-28 23:04:51.163   916   916 I MediaCodecsXmlParser: limit: measured-frame-rate-1920x1080-range = 170-190
03-28 23:04:51.163   916   916 I MediaCodecsXmlParser: limit: measured-frame-rate-3840x2160-range = 48-48
03-28 23:04:51.163   916   916 I MediaCodecsXmlParser: limit: measured-frame-rate-320x240-range = 320-350
03-28 23:04:51.163   916   916 I MediaCodecsXmlParser: limit: measured-frame-rate-720x480-range = 100-130
03-28 23:04:51.163   916   916 I MediaCodecsXmlParser: limit: measured-frame-rate-1280x720-range = 50-58
03-28 23:04:51.163   916   916 I MediaCodecsXmlParser: limit: measured-frame-rate-1920x1080-range = 20-30
03-28 23:04:51.163   916   916 D MediaCodecsXmlParser: MediaCodec: cannot update non-existing codec at line 139 of /vendor/etc/media_codecs_performance.xml
03-28 23:04:51.163   916   916 I MediaCodecsXmlParser: limit: measured-frame-rate-352x288-range = 458-458
03-28 23:04:51.163   916   916 I MediaCodecsXmlParser: limit: measured-frame-rate-640x360-range = 210-215
03-28 23:04:51.163   916   916 I MediaCodecsXmlParser: limit: measured-frame-rate-720x480-range = 120-125
03-28 23:04:51.163   916   916 I MediaCodecsXmlParser: limit: measured-frame-rate-1280x720-range = 70-85
03-28 23:04:51.163   916   916 I MediaCodecsXmlParser: limit: measured-frame-rate-1920x1080-range = 45-48
03-28 23:04:51.163   916   916 D MediaCodecsXmlParser: MediaCodec: cannot update non-existing codec at line 152 of /vendor/etc/media_codecs_performance.xml
03-28 23:04:51.163   916   916 I MediaCodecsXmlParser: limit: measured-frame-rate-176x144-range = 190-210
03-28 23:04:51.163   916   916 I MediaCodecsXmlParser: limit: measured-frame-rate-352x288-range = 170-182
03-28 23:04:51.163   916   916 D MediaCodecsXmlParser: MediaCodec: cannot update non-existing codec at line 163 of /vendor/etc/media_codecs_performance.xml
03-28 23:04:51.163   916   916 I MediaCodecsXmlParser: limit: measured-frame-rate-320x240-range = 575-580
03-28 23:04:51.163   916   916 I MediaCodecsXmlParser: limit: measured-frame-rate-640x360-range = 200-220
03-28 23:04:51.163   916   916 I MediaCodecsXmlParser: limit: measured-frame-rate-1280x720-range = 45-55
03-28 23:04:51.163   916   916 I MediaCodecsXmlParser: limit: measured-frame-rate-1920x1080-range = 18-22
03-28 23:04:51.163   916   916 D MediaCodecsXmlParser: MediaCodec: cannot update non-existing codec at line 173 of /vendor/etc/media_codecs_performance.xml
03-28 23:04:51.163   916   916 I MediaCodecsXmlParser: limit: measured-frame-rate-320x240-range = 580-604
03-28 23:04:51.163   916   916 I MediaCodecsXmlParser: limit: measured-frame-rate-640x360-range = 180-185
03-28 23:04:51.163   916   916 I MediaCodecsXmlParser: limit: measured-frame-rate-1280x720-range = 88-92
03-28 23:04:51.163   916   916 I MediaCodecsXmlParser: limit: measured-frame-rate-1920x1080-range = 47-52
03-28 23:04:51.163   916   916 D MediaCodecsXmlParser: MediaCodec: cannot update non-existing codec at line 185 of /vendor/etc/media_codecs_performance.xml
03-28 23:04:51.163   916   916 I MediaCodecsXmlParser: limit: measured-frame-rate-176x144-range = 380-400
03-28 23:04:51.163   916   916 D MediaCodecsXmlParser: MediaCodec: cannot update non-existing codec at line 197 of /vendor/etc/media_codecs_performance.xml
03-28 23:04:51.163   916   916 D MediaCodecsXmlParser: Cannot find /data/misc/media/media_codecs_profiling_results.xml
03-28 23:04:51.164   916   916 I OmxStore: node [OMX.qcom.video.decoder.mpeg2.secure] not found in IOmx
03-28 23:04:51.167   916   916 I ServiceManagement: Registered android.hardware.media.omx@1.0::IOmxStore/default (start delay of 438ms)
03-28 23:04:51.167   916   916 I ServiceManagement: Removing namespace from process name android.hardware.media.omx@1.0-service to omx@1.0-service.
03-28 23:04:51.171   889   889 W mediaextractor: libminijail[889]: failed to get path of fd 4: No such file or directory
03-28 23:04:51.171   889   889 W mediaextractor: libminijail[889]: allowing syscall: connect
03-28 23:04:51.172   889   889 W mediaextractor: libminijail[889]: allowing syscall: fcntl
03-28 23:04:51.172   889   889 W mediaextractor: libminijail[889]: allowing syscall: sendto
03-28 23:04:51.172   889   889 W mediaextractor: libminijail[889]: allowing syscall: socket
03-28 23:04:51.172   889   889 W mediaextractor: libminijail[889]: allowing syscall: writev
03-28 23:04:51.174   889   889 W mediaextractor: libminijail[889]: logging seccomp filter failures
03-28 23:04:51.198   949   949 I /apex/com.android.media.swcodec/bin/mediaswcodec: media swcodec service starting
03-28 23:04:51.200   949   949 W /apex/com.android.media.swcodec/bin/mediaswcodec: Could not read additional policy file '/vendor/etc/seccomp_policy/mediaswcodec.policy'
03-28 23:04:51.201   949   949 W /apex/com.android.media.swcodec/bin/mediaswcodec: libminijail[949]: failed to get path of fd 4: No such file or directory
03-28 23:04:51.201   949   949 W /apex/com.android.media.swcodec/bin/mediaswcodec: libminijail[949]: allowing syscall: connect
03-28 23:04:51.201   949   949 W /apex/com.android.media.swcodec/bin/mediaswcodec: libminijail[949]: allowing syscall: fcntl
03-28 23:04:51.201   949   949 W /apex/com.android.media.swcodec/bin/mediaswcodec: libminijail[949]: allowing syscall: sendto
03-28 23:04:51.201   949   949 W /apex/com.android.media.swcodec/bin/mediaswcodec: libminijail[949]: allowing syscall: socket
03-28 23:04:51.201   949   949 W /apex/com.android.media.swcodec/bin/mediaswcodec: libminijail[949]: allowing syscall: writev
03-28 23:04:51.201   949   949 W /apex/com.android.media.swcodec/bin/mediaswcodec: libminijail[949]: logging seccomp filter failures
03-28 23:04:51.202   949   949 I CodecServiceRegistrant: Creating software Codec2 service...
03-28 23:04:51.205   949   949 I ServiceManagement: Registered android.hardware.media.c2@1.0::IComponentStore/software (start delay of 395ms)
03-28 23:04:51.205   949   949 I CodecServiceRegistrant: Software Codec2 service created.
03-28 23:04:51.477   607   607 I zygote64: Thread[1,tid=607,Native,Thread*=0x73749fbc00,peer=0x12c022c0,"main"] recursive attempt to load library "libmedia_jni.so"
03-28 23:04:51.477   607   607 I zygote64: Thread[1,tid=607,Native,Thread*=0x73749fbc00,peer=0x12c022c0,"main"] recursive attempt to load library "libmedia_jni.so"
03-28 23:04:51.477   607   607 I zygote64: Thread[1,tid=607,Native,Thread*=0x73749fbc00,peer=0x12c022c0,"main"] recursive attempt to load library "libmedia_jni.so"
03-28 23:04:51.486   607   607 W Zygote  : Class not found for preloading: android.media.audiopolicy.AudioProductStrategies
03-28 23:04:51.486   607   607 W Zygote  : Class not found for preloading: android.media.audiopolicy.AudioVolumeGroups







03-28 23:04:54.888  1277  1277 I SystemServiceManager: Starting com.android.server.media.MediaSessionService
03-28 23:04:54.902  1277  1277 I SystemServer: StartMediaResourceMonitor
03-28 23:04:54.902  1277  1277 I SystemServiceManager: Starting com.android.server.media.MediaResourceMonitorService
03-28 23:04:54.902  1277  1277 D SystemServerTiming: StartMediaResourceMonitor took to complete: 0ms
03-28 23:04:54.902  1277  1277 I SystemServer: StartMediaRouterService
03-28 23:04:54.903  1277  1277 D SystemServerTiming: StartMediaRouterService took to complete: 1ms
03-28 23:04:54.907  1277  1277 I SystemServiceManager: Starting com.android.server.media.projection.MediaProjectionManagerService
03-28 23:04:55.463   894  1007 D MediaCodecList: Allowing all OMX codecs
03-28 23:04:55.476   894  1007 I OMXClient: IOmx service obtained
03-28 23:04:55.476   916   916 I OMXMaster: makeComponentInstance(OMX.google.aac.decoder) in android.hardwar process
03-28 23:04:55.500  1277  1277 I SystemServer: MakeMediaRouterServiceReady
03-28 23:04:55.501  1277  1277 D SystemServerTiming: MakeMediaRouterServiceReady took to complete: 0ms
03-28 23:04:55.506  1277  1277 D SystemServiceManager: onStartUser-0 com.android.server.media.MediaSessionService took to complete: 0ms
03-28 23:04:55.506  1277  1277 D SystemServiceManager: onStartUser-0 com.android.server.media.MediaResourceMonitorService took to complete: 0ms
03-28 23:04:55.506  1277  1277 D SystemServiceManager: onStartUser-0 com.android.server.media.projection.MediaProjectionManagerService took to complete: 0ms
03-28 23:04:55.715     0     0 I msm_vidc: info: Opening video instance: 0000000000000000, 1
03-28 23:04:55.840   916  1624 I OMX-VDEC-1080P: omx_vdec::component_init() success : fd=7
03-28 23:04:55.844   916  1624 E OMXNodeInstance: getParameter(0xf53084c4:qcom.decoder.avc, ??(0x7f000044)) ERROR: UnsupportedSetting(0x80001019)
03-28 23:04:55.844   916  1624 E OMXNodeInstance: getParameter(0xf53084c4:qcom.decoder.avc, ??(0x7f000044)) ERROR: UnsupportedSetting(0x80001019)
03-28 23:04:55.845   916  1624 E OMXNodeInstance: getExtensionIndex(0xf53084c4:qcom.decoder.avc, OMX.google.android.index.configureVideoTunnelMode) ERROR: NotImplemented(0x80001006)
03-28 23:04:55.845   894  1007 D MediaCodecInfo: detail feature-tunneled-playback wasn't present to remove
03-28 23:04:55.845   916  1624 E OMX-VDEC-1080P: Enable/Disable allocate-native-handle allowed only on input port!
03-28 23:04:55.845   916  1624 E OMX-VDEC-1080P: set_parameter: Error: 0x80001019, setting param 0x7f00005d
03-28 23:04:55.845   916  1624 E OMXNodeInstance: setParameter(0xf53084c4:qcom.decoder.avc, OMX.google.android.index.allocateNativeHandle(0x7f00005d): Output:1 en=0) ERROR: UnsupportedSetting(0x80001019)
03-28 23:04:55.846   916  1040 I OMX-VDEC-1080P: omx_vdec::component_deinit() complete
03-28 23:04:55.849     0     0 I msm_vidc: info: Closed video instance: 0000000000000000
03-28 23:04:55.849   916  1040 I OMX-VDEC-1080P: Exit OMX vdec Destructor: fd=7
03-28 23:04:55.850   916  1040 I OMX-VDEC-1080P: Video slvp perflock released
03-28 23:04:55.855   894  1007 I OMXClient: IOmx service obtained
03-28 23:04:55.856   916  1624 I OMXMaster: makeComponentInstance(OMX.qcom.video.decoder.avc.secure) in android.hardwar process
03-28 23:04:55.878   916  1624 I OMX-VDEC-1080P: Video slvp perflock acquired
03-28 23:04:55.878     0     0 I msm_vidc: info: Opening video instance: 0000000000000000, 1
03-28 23:04:55.879   916  1624 I OMX-VDEC-1080P: component_init: OMX.qcom.video.decoder.avc : fd=7
03-28 23:04:55.885   916  1624 I OMX-VDEC-1080P: omx_vdec::component_init() success : fd=7
03-28 23:04:55.887   916  1624 E OMXNodeInstance: getParameter(0xf536e604:qcom.decoder.avc.secure, ??(0x7f000044)) ERROR: UnsupportedSetting(0x80001019)
03-28 23:04:55.887   916  1624 E OMXNodeInstance: getParameter(0xf536e604:qcom.decoder.avc.secure, ??(0x7f000044)) ERROR: UnsupportedSetting(0x80001019)
03-28 23:04:55.888   916  1624 E OMXNodeInstance: getExtensionIndex(0xf536e604:qcom.decoder.avc.secure, OMX.google.android.index.configureVideoTunnelMode) ERROR: NotImplemented(0x80001006)
03-28 23:04:55.888   894  1007 D MediaCodecInfo: detail feature-tunneled-playback wasn't present to remove
03-28 23:04:55.888   916  1624 E OMX-VDEC-1080P: Enable/Disable allocate-native-handle allowed only on input port!
03-28 23:04:55.888   916  1624 E OMX-VDEC-1080P: set_parameter: Error: 0x80001019, setting param 0x7f00005d
03-28 23:04:55.889   916  1624 E OMXNodeInstance: setParameter(0xf536e604:qcom.decoder.avc.secure, OMX.google.android.index.allocateNativeHandle(0x7f00005d): Output:1 en=0) ERROR: UnsupportedSetting(0x80001019)
03-28 23:04:55.889   916  1624 I OMX-VDEC-1080P: omx_vdec::component_deinit() complete
03-28 23:04:55.890   916  1624 E OMX-VDEC-1080P: Custom drain ioctl failed rc : -1, errno : 25
03-28 23:04:55.891     0     0 I msm_vidc: info: Closed video instance: 0000000000000000
03-28 23:04:55.892   916  1624 I OMX-VDEC-1080P: Exit OMX vdec Destructor: fd=7
03-28 23:04:55.892   916  1624 I OMX-VDEC-1080P: Video slvp perflock released
03-28 23:04:55.898   894  1007 I OMXClient: IOmx service obtained
03-28 23:04:55.899   916  1624 I OMXMaster: makeComponentInstance(OMX.google.h264.decoder) in android.hardwar process
03-28 23:04:55.906   916  1624 E OMXNodeInstance: getExtensionIndex(0xf7b26140:google.h264.decoder, OMX.google.android.index.configureVideoTunnelMode) ERROR: UnsupportedIndex(0x8000101a)
03-28 23:04:55.906   894  1007 D MediaCodecInfo: detail feature-tunneled-playback wasn't present to remove
03-28 23:04:55.906   916  1624 E OMXNodeInstance: getExtensionIndex(0xf7b26140:google.h264.decoder, OMX.google.android.index.enableAndroidNativeBuffers) ERROR: UnsupportedIndex(0x8000101a)
03-28 23:04:55.911   894  1007 I OMXClient: IOmx service obtained
03-28 23:04:55.912   916  1624 I OMXMaster: makeComponentInstance(OMX.qcom.video.decoder.divx) in android.hardwar process
03-28 23:04:55.918   916  1624 I OMX-VDEC-1080P: Video slvp perflock acquired
03-28 23:04:55.919     0     0 I msm_vidc: info: Opening video instance: 0000000000000000, 1
03-28 23:04:55.919   916  1624 I OMX-VDEC-1080P: component_init: OMX.qcom.video.decoder.divx : fd=7
03-28 23:04:55.920   916  1624 E OMX-VDEC-1080P: DIVX 5/6 Decoder selected
03-28 23:04:55.924   916  1624 I OMX-VDEC-1080P: omx_vdec::component_init() success : fd=7
03-28 23:04:55.926   916  1624 E OMX-VDEC-1080P: get_parameter: OMX_IndexParamVideoProfileLevelQuerySupported ret NoMore for codec: OMX.qcom.video.decoder.divx
03-28 23:04:55.928   916  1624 E OMXNodeInstance: getParameter(0xf536e604:qcom.decoder.divx, ??(0x7f000044)) ERROR: UnsupportedSetting(0x80001019)
03-28 23:04:55.928   916  1040 E OMXNodeInstance: getParameter(0xf536e604:qcom.decoder.divx, ??(0x7f000044)) ERROR: UnsupportedSetting(0x80001019)
03-28 23:04:55.928   916  1624 E OMXNodeInstance: getExtensionIndex(0xf536e604:qcom.decoder.divx, OMX.google.android.index.configureVideoTunnelMode) ERROR: NotImplemented(0x80001006)
03-28 23:04:55.928   894  1007 D MediaCodecInfo: detail feature-tunneled-playback wasn't present to remove
03-28 23:04:55.928   916  1624 E OMX-VDEC-1080P: Enable/Disable allocate-native-handle allowed only on input port!
03-28 23:04:55.928   916  1624 E OMX-VDEC-1080P: set_parameter: Error: 0x80001019, setting param 0x7f00005d
03-28 23:04:55.928   916  1624 E OMXNodeInstance: setParameter(0xf536e604:qcom.decoder.divx, OMX.google.android.index.allocateNativeHandle(0x7f00005d): Output:1 en=0) ERROR: UnsupportedSetting(0x80001019)
03-28 23:04:55.929   916  1040 I OMX-VDEC-1080P: omx_vdec::component_deinit() complete
03-28 23:04:55.935     0     0 I msm_vidc: info: Closed video instance: 0000000000000000
03-28 23:04:55.935   916  1040 I OMX-VDEC-1080P: Exit OMX vdec Destructor: fd=7
03-28 23:04:55.935   916  1040 I OMX-VDEC-1080P: Video slvp perflock released
03-28 23:04:55.950   894  1007 I OMXClient: IOmx service obtained
03-28 23:04:55.950   916  1624 I OMXMaster: makeComponentInstance(OMX.qcom.video.decoder.divx311) in android.hardwar process
03-28 23:04:55.962   916  1624 I OMX-VDEC-1080P: Video slvp perflock acquired
03-28 23:04:55.962     0     0 I msm_vidc: info: Opening video instance: 0000000000000000, 1
03-28 23:04:55.962   916  1624 I OMX-VDEC-1080P: component_init: OMX.qcom.video.decoder.divx311 : fd=7
03-28 23:04:55.966   916  1624 I OMX-VDEC-1080P: omx_vdec::component_init() success : fd=7
03-28 23:04:55.966   916  1624 E OMX-VDEC-1080P: get_parameter: OMX_IndexParamVideoProfileLevelQuerySupported ret NoMore for codec: OMX.qcom.video.decoder.divx311
03-28 23:04:55.967  1511  1511 V MediaRouter: Selecting route: RouteInfo{ name=Phone, description=null, status=null, category=RouteCategory{ name=System types=ROUTE_TYPE_LIVE_AUDIO ROUTE_TYPE_LIVE_VIDEO  groupable=false }, supportedTypes=ROUTE_TYPE_LIVE_AUDIO ROUTE_TYPE_LIVE_VIDEO , presentationDisplay=null }
03-28 23:04:55.967   916  1624 E OMXNodeInstance: getParameter(0xf537d704:qcom.decoder.divx311, ??(0x7f000044)) ERROR: UnsupportedSetting(0x80001019)
03-28 23:04:55.967   916  1624 E OMXNodeInstance: getParameter(0xf537d704:qcom.decoder.divx311, ??(0x7f000044)) ERROR: UnsupportedSetting(0x80001019)
03-28 23:04:55.967   916  1624 E OMXNodeInstance: getExtensionIndex(0xf537d704:qcom.decoder.divx311, OMX.google.android.index.configureVideoTunnelMode) ERROR: NotImplemented(0x80001006)
03-28 23:04:55.967   894  1007 D MediaCodecInfo: detail feature-tunneled-playback wasn't present to remove
03-28 23:04:55.967   916  1624 E OMX-VDEC-1080P: Enable/Disable allocate-native-handle allowed only on input port!
03-28 23:04:55.967   916  1624 E OMX-VDEC-1080P: set_parameter: Error: 0x80001019, setting param 0x7f00005d
03-28 23:04:55.967   916  1624 E OMXNodeInstance: setParameter(0xf537d704:qcom.decoder.divx311, OMX.google.android.index.allocateNativeHandle(0x7f00005d): Output:1 en=0) ERROR: UnsupportedSetting(0x80001019)
03-28 23:04:55.968   916  1624 I OMX-VDEC-1080P: omx_vdec::component_deinit() complete
03-28 23:04:55.969     0     0 I msm_vidc: info: Closed video instance: 0000000000000000
03-28 23:04:55.969   916  1624 I OMX-VDEC-1080P: Exit OMX vdec Destructor: fd=7
03-28 23:04:55.969   916  1624 I OMX-VDEC-1080P: Video slvp perflock released
03-28 23:04:55.976   894  1007 I OMXClient: IOmx service obtained
03-28 23:04:55.977   916  1038 I OMXMaster: makeComponentInstance(OMX.qcom.video.decoder.divx4) in android.hardwar process
03-28 23:04:55.991   916  1038 I OMX-VDEC-1080P: Video slvp perflock acquired
03-28 23:04:55.991     0     0 I msm_vidc: info: Opening video instance: 0000000000000000, 1
03-28 23:04:55.991   916  1038 I OMX-VDEC-1080P: component_init: OMX.qcom.video.decoder.divx4 : fd=7
03-28 23:04:55.992   916  1038 E OMX-VDEC-1080P: DIVX 4 Decoder selected
03-28 23:04:55.992   889  1434 I MMParserExtractor: Created(0x2d0cb7c610)
03-28 23:04:55.995   916  1038 I OMX-VDEC-1080P: omx_vdec::component_init() success : fd=7
03-28 23:04:55.995   916  1038 E OMX-VDEC-1080P: get_parameter: OMX_IndexParamVideoProfileLevelQuerySupported ret NoMore for codec: OMX.qcom.video.decoder.divx4
03-28 23:04:55.996   916  1038 E OMXNodeInstance: getParameter(0xf506ff84:qcom.decoder.divx4, ??(0x7f000044)) ERROR: UnsupportedSetting(0x80001019)
03-28 23:04:55.996   916  1038 E OMXNodeInstance: getParameter(0xf506ff84:qcom.decoder.divx4, ??(0x7f000044)) ERROR: UnsupportedSetting(0x80001019)
03-28 23:04:55.996   916  1038 E OMXNodeInstance: getExtensionIndex(0xf506ff84:qcom.decoder.divx4, OMX.google.android.index.configureVideoTunnelMode) ERROR: NotImplemented(0x80001006)
03-28 23:04:55.996   894  1007 D MediaCodecInfo: detail feature-tunneled-playback wasn't present to remove
03-28 23:04:55.996   916  1038 E OMX-VDEC-1080P: Enable/Disable allocate-native-handle allowed only on input port!
03-28 23:04:55.996   916  1038 E OMX-VDEC-1080P: set_parameter: Error: 0x80001019, setting param 0x7f00005d
03-28 23:04:55.997   916  1038 E OMXNodeInstance: setParameter(0xf506ff84:qcom.decoder.divx4, OMX.google.android.index.allocateNativeHandle(0x7f00005d): Output:1 en=0) ERROR: UnsupportedSetting(0x80001019)
03-28 23:04:55.997   916  1038 I OMX-VDEC-1080P: omx_vdec::component_deinit() complete
03-28 23:04:55.999     0     0 I msm_vidc: info: Closed video instance: 0000000000000000
03-28 23:04:55.999   916  1038 I OMX-VDEC-1080P: Exit OMX vdec Destructor: fd=7
03-28 23:04:56.000   916  1038 I OMX-VDEC-1080P: Video slvp perflock released
03-28 23:04:56.014   894  1007 I OMXClient: IOmx service obtained
03-28 23:04:56.015   916  1038 I OMXMaster: makeComponentInstance(OMX.qcom.video.decoder.h263) in android.hardwar process
03-28 23:04:56.030   916  1038 I OMX-VDEC-1080P: Video slvp perflock acquired
03-28 23:04:56.030     0     0 I msm_vidc: info: Opening video instance: 0000000000000000, 1
03-28 23:04:56.031   916  1038 I OMX-VDEC-1080P: component_init: OMX.qcom.video.decoder.h263 : fd=7
03-28 23:04:56.034   916  1038 I OMX-VDEC-1080P: omx_vdec::component_init() success : fd=7
03-28 23:04:56.036   916  1040 E OMXNodeInstance: getParameter(0xf506ff84:qcom.decoder.h263, ??(0x7f000044)) ERROR: UnsupportedSetting(0x80001019)
03-28 23:04:56.036   916  1040 E OMXNodeInstance: getParameter(0xf506ff84:qcom.decoder.h263, ??(0x7f000044)) ERROR: UnsupportedSetting(0x80001019)
03-28 23:04:56.037   916  1040 E OMXNodeInstance: getExtensionIndex(0xf506ff84:qcom.decoder.h263, OMX.google.android.index.configureVideoTunnelMode) ERROR: NotImplemented(0x80001006)
03-28 23:04:56.037   894  1007 D MediaCodecInfo: detail feature-tunneled-playback wasn't present to remove
03-28 23:04:56.037   916  1040 E OMX-VDEC-1080P: Enable/Disable allocate-native-handle allowed only on input port!
03-28 23:04:56.037   916  1040 E OMX-VDEC-1080P: set_parameter: Error: 0x80001019, setting param 0x7f00005d
03-28 23:04:56.037   916  1040 E OMXNodeInstance: setParameter(0xf506ff84:qcom.decoder.h263, OMX.google.android.index.allocateNativeHandle(0x7f00005d): Output:1 en=0) ERROR: UnsupportedSetting(0x80001019)
03-28 23:04:56.037   916  1040 I OMX-VDEC-1080P: omx_vdec::component_deinit() complete
03-28 23:04:56.039     0     0 I msm_vidc: info: Closed video instance: 0000000000000000
03-28 23:04:56.039   916  1040 I OMX-VDEC-1080P: Exit OMX vdec Destructor: fd=7
03-28 23:04:56.040   916  1040 I OMX-VDEC-1080P: Video slvp perflock released
03-28 23:04:56.046   894  1007 I OMXClient: IOmx service obtained
03-28 23:04:56.046   916  1040 I OMXMaster: makeComponentInstance(OMX.google.h263.decoder) in android.hardwar process
03-28 23:04:56.057   916  1038 E OMXNodeInstance: getExtensionIndex(0xf7b25ea0:google.h263.decoder, OMX.google.android.index.configureVideoTunnelMode) ERROR: UnsupportedIndex(0x8000101a)
03-28 23:04:56.058   894  1007 D MediaCodecInfo: detail feature-tunneled-playback wasn't present to remove
03-28 23:04:56.058   916  1038 E OMXNodeInstance: getExtensionIndex(0xf7b25ea0:google.h263.decoder, OMX.google.android.index.enableAndroidNativeBuffers) ERROR: UnsupportedIndex(0x8000101a)
03-28 23:04:56.060   894  1007 I OMXClient: IOmx service obtained
03-28 23:04:56.060   916  1038 I OMXMaster: makeComponentInstance(OMX.qcom.video.decoder.hevc) in android.hardwar process
03-28 23:04:56.073     0     0 I msm_vidc: info: Opening video instance: 0000000000000000, 1
03-28 23:04:56.087     0     0 I msm_vidc: info: Closed video instance: 0000000000000000
03-28 23:04:56.112     0     0 I msm_vidc: info: Opening video instance: 0000000000000000, 1
03-28 23:04:56.128     0     0 I msm_vidc: info: Closed video instance: 0000000000000000
03-28 23:04:56.153     0     0 I msm_vidc: info: Opening video instance: 0000000000000000, 1
03-28 23:04:56.165     0     0 I msm_vidc: info: Closed video instance: 0000000000000000
03-28 23:04:56.194     0     0 I msm_vidc: info: Opening video instance: 0000000000000000, 1
03-28 23:04:56.214     0     0 I msm_vidc: info: Closed video instance: 0000000000000000
03-28 23:04:56.240     0     0 I msm_vidc: info: Opening video instance: 0000000000000000, 1
03-28 23:04:56.249     0     0 I msm_vidc: info: Closed video instance: 0000000000000000
03-28 23:04:56.274     0     0 I msm_vidc: info: Opening video instance: 0000000000000000, 1
03-28 23:04:56.291     0     0 I msm_vidc: info: Closed video instance: 0000000000000000
03-28 23:04:56.308     0     0 I msm_vidc: info: Opening video instance: 0000000000000000, 1
03-28 23:04:56.321     0     0 I msm_vidc: info: Closed video instance: 0000000000000000
03-28 23:04:56.369     0     0 I msm_vidc: info: Opening video instance: 0000000000000000, 1
03-28 23:04:56.375     0     0 I msm_vidc: info: Closed video instance: 0000000000000000
03-28 23:04:56.375   916  1624 I OMX-VDEC-1080P: Video slvp perflock released
03-28 23:04:56.379   894  1007 I OMXClient: IOmx service obtained
03-28 23:04:56.379   916  1040 I OMXMaster: makeComponentInstance(OMX.qcom.video.decoder.vp9.secure) in android.hardwar process
03-28 23:04:56.384   916  1040 I OMX-VDEC-1080P: Video slvp perflock acquired
03-28 23:04:56.384     0     0 I msm_vidc: info: Opening video instance: 0000000000000000, 1
03-28 23:04:56.385   916  1040 I OMX-VDEC-1080P: component_init: OMX.qcom.video.decoder.vp9 : fd=7
03-28 23:04:56.387   916  1040 I OMX-VDEC-1080P: omx_vdec::component_init() success : fd=7
03-28 23:04:56.388   916  1624 E OMXNodeInstance: getParameter(0xf506ff84:qcom.decoder.vp9.secure, ??(0x7f000044)) ERROR: UnsupportedSetting(0x80001019)
03-28 23:04:56.388   916  1624 E OMXNodeInstance: getParameter(0xf506ff84:qcom.decoder.vp9.secure, ??(0x7f000044)) ERROR: UnsupportedSetting(0x80001019)
03-28 23:04:56.389   916  1624 E OMXNodeInstance: getExtensionIndex(0xf506ff84:qcom.decoder.vp9.secure, OMX.google.android.index.configureVideoTunnelMode) ERROR: NotImplemented(0x80001006)
03-28 23:04:56.389   894  1007 D MediaCodecInfo: detail feature-tunneled-playback wasn't present to remove
03-28 23:04:56.389   916  1624 E OMX-VDEC-1080P: Enable/Disable allocate-native-handle allowed only on input port!
03-28 23:04:56.389   916  1624 E OMX-VDEC-1080P: set_parameter: Error: 0x80001019, setting param 0x7f00005d
03-28 23:04:56.389   916  1624 E OMXNodeInstance: setParameter(0xf506ff84:qcom.decoder.vp9.secure, OMX.google.android.index.allocateNativeHandle(0x7f00005d): Output:1 en=0) ERROR: UnsupportedSetting(0x80001019)
03-28 23:04:56.389   916  1624 I OMX-VDEC-1080P: omx_vdec::component_deinit() complete
03-28 23:04:56.390   916  1624 E OMX-VDEC-1080P: Custom drain ioctl failed rc : -1, errno : 25
03-28 23:04:56.391     0     0 I msm_vidc: info: Closed video instance: 0000000000000000
03-28 23:04:56.391   916  1624 I OMX-VDEC-1080P: Exit OMX vdec Destructor: fd=7
03-28 23:04:56.392   916  1624 I OMX-VDEC-1080P: Video slvp perflock released
03-28 23:04:56.394   894  1007 I OMXClient: IOmx service obtained
03-28 23:04:56.395   916  1040 I OMXMaster: makeComponentInstance(OMX.google.vp9.decoder) in android.hardwar process
03-28 23:04:56.396   916  1038 E OMXNodeInstance: getExtensionIndex(0xf7b26200:google.vp9.decoder, OMX.google.android.index.configureVideoTunnelMode) ERROR: UnsupportedIndex(0x8000101a)
03-28 23:04:56.396   894  1007 D MediaCodecInfo: detail feature-tunneled-playback wasn't present to remove
03-28 23:04:56.396   916  1038 E OMXNodeInstance: getExtensionIndex(0xf7b26200:google.vp9.decoder, OMX.google.android.index.enableAndroidNativeBuffers) ERROR: UnsupportedIndex(0x8000101a)
03-28 23:04:56.398   894  1007 I OMXClient: IOmx service obtained
03-28 23:04:56.398   916  1038 I OMXMaster: makeComponentInstance(OMX.qcom.video.encoder.avc) in android.hardwar process
03-28 23:04:56.405   916  1038 I OMX-VENC: Video encode perflock acquired,handle=-1
03-28 23:04:56.405     0     0 I msm_vidc: info: Opening video instance: 0000000000000000, 0
03-28 23:04:56.410   916  1038 I OMX-VENC: Component_init : OMX.qcom.video.encoder.avc : return = 0x0
