05-10 05:37:49.210   668   668 D vendor.qti.bluetooth@1.0-data_handler: isProtocolInitialized:
05-10 05:37:49.210   668   668 I vendor.qti.bluetooth@1.0-data_handler: isProtocolInitialized: status:1
05-10 05:37:49.224  1626  2433 V bt_stack: [VERBOSE1:ble_advertiser_hci_interface.cc(770)] Initialize
05-10 05:37:49.236  1626  2433 I bt_stack: [INFO:btm_ble_bgconn.cc(420)] Already connection initiated (or) No Pending connections(or) Resources of lcb are exhausted
05-10 05:37:49.249  2292  2292 I         : [0510/053749.249036:INFO:NfcAdaptation.cc(712)] NfcAdaptation::InitializeHalDeviceContext: Try INfcV1_1::getService()
05-10 05:37:49.251  2292  2292 I         : [0510/053749.251487:INFO:NfcAdaptation.cc(725)] NfcAdaptation::InitializeHalDeviceContext: INfc::getService() returned 0x7c61ac4420 (remote)
05-10 05:37:49.251  2292  2292 I         : [0510/053749.251938:INFO:NfcAdaptation.cc(729)] NfcAdaptation::InitializeHalDeviceContext: Try INqNfcV1_1::getService()
05-10 05:37:49.254  2292  2292 I         : [0510/053749.254397:INFO:NfcAdaptation.cc(738)] NfcAdaptation::InitializeHalDeviceContext: INqNfc::getService() returned 0x7c61ac47a0 (remote)
05-10 05:37:49.262   889   889 D         : phNxpLog_InitializeLogLevel: global =1, Fwdnld =3, extns =3,                 hal =3, tml =3, ncir =3,                 ncix =3
05-10 05:37:49.262   889   889 D NxpHal  : Entering phNxpNciHal_init_monitor
05-10 05:37:49.274  1626  1626 I BluetoothA2dpServiceJni: classInitNative: succeeds
05-10 05:37:49.278  1626  1626 I BluetoothAvrcpServiceJni: classInitNative: succeeds
05-10 05:37:49.301  1626  1626 V Avrcp_ext: initMediaPlayerInfoList: 0 controllers
05-10 05:37:49.322  1626  1626 D Avrcp_ext: User already unlocked, initializing player lists
05-10 05:37:49.352  1626  1626 D a2dp_codec: init
05-10 05:37:49.352  1626  1626 D a2dp_sbc: init: SBC enabled in HW mode
05-10 05:37:49.352  1626  1626 I a2dp_codec: init: updated SBC codec priority to 1001
05-10 05:37:49.352  1626  1626 D a2dp_aac: init: AAC enabled in HW mode
05-10 05:37:49.352  1626  1626 I a2dp_codec: init: updated AAC codec priority to 2001
05-10 05:37:49.352  1626  1626 D a2dp_vendor_aptx: init: APTX enabled in HW mode
05-10 05:37:49.352  1626  1626 I a2dp_codec: init: updated aptX codec priority to -1
05-10 05:37:49.352  1626  1626 D a2dp_vendor_aptx_hd: init: APTX-HD enabled in HW mode
05-10 05:37:49.352  1626  1626 I a2dp_codec: init: updated aptX-HD codec priority to -1
05-10 05:37:49.352  1626  1626 D a2dp_vendor_aptx_adaptive: init: APTX-Adaptive enabled in HW mode
05-10 05:37:49.352  1626  1626 I a2dp_codec: init: updated aptX-adaptive codec priority to -1
05-10 05:37:49.352  1626  1626 D a2dp_vendor_ldac: init: LDAC enabled in HW mode
05-10 05:37:49.352  1626  1626 I a2dp_codec: init: updated LDAC codec priority to -1
05-10 05:37:49.353  1626  1626 I a2dp_codec: init: updated aptX-TWS codec priority to -1
05-10 05:37:49.353  1626  1626 I a2dp_codec: init: initialized Source codec AAC
05-10 05:37:49.353  1626  1626 I a2dp_codec: init: initialized Source codec SBC
05-10 05:37:49.353  1626  1626 I a2dp_codec: init: initialized Sink codec SBC(Sink)
05-10 05:37:49.353  1626  1626 D a2dp_codec: init
05-10 05:37:49.353  1626  1626 D a2dp_sbc: init: SBC enabled in HW mode
05-10 05:37:49.353  1626  1626 I a2dp_codec: init: updated SBC codec priority to 1001
05-10 05:37:49.353  1626  1626 D a2dp_aac: init: AAC enabled in HW mode
05-10 05:37:49.353  1626  1626 I a2dp_codec: init: updated AAC codec priority to 2001
05-10 05:37:49.353  1626  1626 D a2dp_vendor_aptx: init: APTX enabled in HW mode
05-10 05:37:49.353  1626  1626 I a2dp_codec: init: updated aptX codec priority to -1
05-10 05:37:49.353  1626  1626 D a2dp_vendor_aptx_hd: init: APTX-HD enabled in HW mode
05-10 05:37:49.353  1626  1626 I a2dp_codec: init: updated aptX-HD codec priority to -1
05-10 05:37:49.353  1626  1626 D a2dp_vendor_aptx_adaptive: init: APTX-Adaptive enabled in HW mode
05-10 05:37:49.353  1626  1626 I a2dp_codec: init: updated aptX-adaptive codec priority to -1
05-10 05:37:49.353  1626  1626 D a2dp_vendor_ldac: init: LDAC enabled in HW mode
05-10 05:37:49.353  1626  1626 I a2dp_codec: init: updated LDAC codec priority to -1
05-10 05:37:49.353  1626  1626 I a2dp_codec: init: updated aptX-TWS codec priority to -1
05-10 05:37:49.353  1626  1626 I a2dp_codec: init: initialized Source codec AAC
05-10 05:37:49.353  1626  1626 I a2dp_codec: init: initialized Source codec SBC
05-10 05:37:49.353  1626  1626 I a2dp_codec: init: initialized Sink codec SBC(Sink)
05-10 05:37:49.353  1626  1626 D a2dp_codec: init
05-10 05:37:49.353  1626  1626 D a2dp_sbc: init: SBC enabled in HW mode
05-10 05:37:49.353  1626  1626 I a2dp_codec: init: updated SBC codec priority to 1001
05-10 05:37:49.353  1626  1626 D a2dp_aac: init: AAC enabled in HW mode
05-10 05:37:49.353  1626  1626 I a2dp_codec: init: updated AAC codec priority to 2001
05-10 05:37:49.353  1626  1626 D a2dp_vendor_aptx: init: APTX enabled in HW mode
05-10 05:37:49.353  1626  1626 I a2dp_codec: init: updated aptX codec priority to -1
05-10 05:37:49.353  1626  1626 D a2dp_vendor_aptx_hd: init: APTX-HD enabled in HW mode
05-10 05:37:49.353  1626  1626 I a2dp_codec: init: updated aptX-HD codec priority to -1
05-10 05:37:49.353  1626  1626 D a2dp_vendor_aptx_adaptive: init: APTX-Adaptive enabled in HW mode
05-10 05:37:49.353  1626  1626 I a2dp_codec: init: updated aptX-adaptive codec priority to -1
05-10 05:37:49.353  1626  1626 D a2dp_vendor_ldac: init: LDAC enabled in HW mode
05-10 05:37:49.353  1626  1626 I a2dp_codec: init: updated LDAC codec priority to -1
05-10 05:37:49.353  1626  1626 I a2dp_codec: init: updated aptX-TWS codec priority to -1
05-10 05:37:49.353  1626  1626 I a2dp_codec: init: initialized Source codec AAC
05-10 05:37:49.353  1626  1626 I a2dp_codec: init: initialized Source codec SBC
05-10 05:37:49.353  1626  1626 I a2dp_codec: init: initialized Sink codec SBC(Sink)
05-10 05:37:49.353  1626  1626 D a2dp_codec: init
05-10 05:37:49.353  1626  1626 D a2dp_sbc: init: SBC enabled in HW mode
05-10 05:37:49.353  1626  1626 I a2dp_codec: init: updated SBC codec priority to 1001
05-10 05:37:49.353  1626  1626 D a2dp_aac: init: AAC enabled in HW mode
05-10 05:37:49.353  1626  1626 I a2dp_codec: init: updated AAC codec priority to 2001
05-10 05:37:49.353  1626  1626 D a2dp_vendor_aptx: init: APTX enabled in HW mode
05-10 05:37:49.353  1626  1626 I a2dp_codec: init: updated aptX codec priority to -1
05-10 05:37:49.353  1626  1626 D a2dp_vendor_aptx_hd: init: APTX-HD enabled in HW mode
05-10 05:37:49.353  1626  1626 I a2dp_codec: init: updated aptX-HD codec priority to -1
05-10 05:37:49.353  1626  1626 D a2dp_vendor_aptx_adaptive: init: APTX-Adaptive enabled in HW mode
05-10 05:37:49.354  1626  1626 I a2dp_codec: init: updated aptX-adaptive codec priority to -1
05-10 05:37:49.354  1626  1626 D a2dp_vendor_ldac: init: LDAC enabled in HW mode
05-10 05:37:49.354  1626  1626 I a2dp_codec: init: updated LDAC codec priority to -1
05-10 05:37:49.354  1626  1626 I a2dp_codec: init: updated aptX-TWS codec priority to -1
05-10 05:37:49.354  1626  1626 I a2dp_codec: init: initialized Source codec AAC
05-10 05:37:49.354  1626  1626 I a2dp_codec: init: initialized Source codec SBC
05-10 05:37:49.354  1626  1626 I a2dp_codec: init: initialized Sink codec SBC(Sink)
05-10 05:37:49.354  1626  1626 D a2dp_codec: init
05-10 05:37:49.354  1626  1626 D a2dp_sbc: init: SBC enabled in HW mode
05-10 05:37:49.354  1626  1626 I a2dp_codec: init: updated SBC codec priority to 1001
05-10 05:37:49.354  1626  1626 D a2dp_aac: init: AAC enabled in HW mode
05-10 05:37:49.354  1626  1626 I a2dp_codec: init: updated AAC codec priority to 2001
05-10 05:37:49.354  1626  1626 D a2dp_vendor_aptx: init: APTX enabled in HW mode
05-10 05:37:49.354  1626  1626 I a2dp_codec: init: updated aptX codec priority to -1
05-10 05:37:49.354  1626  1626 D a2dp_vendor_aptx_hd: init: APTX-HD enabled in HW mode
05-10 05:37:49.354  1626  1626 I a2dp_codec: init: updated aptX-HD codec priority to -1
05-10 05:37:49.354  1626  1626 D a2dp_vendor_aptx_adaptive: init: APTX-Adaptive enabled in HW mode
05-10 05:37:49.354  1626  1626 I a2dp_codec: init: updated aptX-adaptive codec priority to -1
05-10 05:37:49.354  1626  1626 D a2dp_vendor_ldac: init: LDAC enabled in HW mode
05-10 05:37:49.354  1626  1626 I a2dp_codec: init: updated LDAC codec priority to -1
05-10 05:37:49.354  1626  1626 I a2dp_codec: init: updated aptX-TWS codec priority to -1
05-10 05:37:49.354  1626  1626 I a2dp_codec: init: initialized Source codec AAC
05-10 05:37:49.354  1626  1626 I a2dp_codec: init: initialized Source codec SBC
05-10 05:37:49.354  1626  1626 I a2dp_codec: init: initialized Sink codec SBC(Sink)
05-10 05:37:49.354  2292  2292 I         : [0510/053749.354829:INFO:NativeNfcManager.cpp(580)] initializeGlobalDebugEnabledFlag: level=1
05-10 05:37:49.354  2292  2292 I         : [0510/053749.354973:INFO:NativeNfcManager.cpp(588)] initializeMfcReaderOption: mifare reader option=1
05-10 05:37:49.355  2292  2292 I         : [0510/053749.355014:INFO:NativeNfcManager.cpp(1495)] nfcManager_initNativeStruc: enter
05-10 05:37:49.355  1626  1626 D a2dp_codec: init
05-10 05:37:49.355  1626  1626 D a2dp_sbc: init: SBC enabled in HW mode
05-10 05:37:49.355  1626  1626 I a2dp_codec: init: updated SBC codec priority to 1001
05-10 05:37:49.355  1626  1626 D a2dp_aac: init: AAC enabled in HW mode
05-10 05:37:49.355  1626  1626 I a2dp_codec: init: updated AAC codec priority to 2001
05-10 05:37:49.355  1626  1626 D a2dp_vendor_aptx: init: APTX enabled in HW mode
05-10 05:37:49.355  1626  1626 I a2dp_codec: init: updated aptX codec priority to -1
05-10 05:37:49.355  1626  1626 D a2dp_vendor_aptx_hd: init: APTX-HD enabled in HW mode
05-10 05:37:49.355  1626  1626 I a2dp_codec: init: updated aptX-HD codec priority to -1
05-10 05:37:49.355  1626  1626 D a2dp_vendor_aptx_adaptive: init: APTX-Adaptive enabled in HW mode
05-10 05:37:49.355  2292  2292 I         : [0510/053749.355227:INFO:NativeNfcManager.cpp(1571)] nfcManager_initNativeStruc: exit
05-10 05:37:49.355  1626  1626 I a2dp_codec: init: updated aptX-adaptive codec priority to -1
05-10 05:37:49.355  1626  1626 D a2dp_vendor_ldac: init: LDAC enabled in HW mode
05-10 05:37:49.355  1626  1626 I a2dp_codec: init: updated LDAC codec priority to -1
05-10 05:37:49.355  1626  1626 I a2dp_codec: init: updated aptX-TWS codec priority to -1
05-10 05:37:49.355  1626  1626 I a2dp_codec: init: initialized Source codec AAC
05-10 05:37:49.355  1626  1626 I a2dp_codec: init: initialized Source codec SBC
05-10 05:37:49.355  1626  1626 I a2dp_codec: init: initialized Sink codec SBC(Sink)
05-10 05:37:49.355  1626  1626 D a2dp_codec: init
05-10 05:37:49.355  1626  1626 D a2dp_sbc: init: SBC enabled in HW mode
05-10 05:37:49.355  1626  1626 I a2dp_codec: init: updated SBC codec priority to 1001
05-10 05:37:49.355  1626  1626 D a2dp_aac: init: AAC enabled in HW mode
05-10 05:37:49.355  1626  1626 I a2dp_codec: init: updated AAC codec priority to 2001
05-10 05:37:49.355  1626  1626 D a2dp_vendor_aptx: init: APTX enabled in HW mode
05-10 05:37:49.355  1626  1626 I a2dp_codec: init: updated aptX codec priority to -1
05-10 05:37:49.355  1626  1626 D a2dp_vendor_aptx_hd: init: APTX-HD enabled in HW mode
05-10 05:37:49.355  1626  1626 I a2dp_codec: init: updated aptX-HD codec priority to -1
05-10 05:37:49.355  1626  1626 D a2dp_vendor_aptx_adaptive: init: APTX-Adaptive enabled in HW mode
05-10 05:37:49.355  1626  1626 I a2dp_codec: init: updated aptX-adaptive codec priority to -1
05-10 05:37:49.355  1626  1626 D a2dp_vendor_ldac: init: LDAC enabled in HW mode
05-10 05:37:49.355  1626  1626 I a2dp_codec: init: updated LDAC codec priority to -1
05-10 05:37:49.355  1626  1626 I a2dp_codec: init: updated aptX-TWS codec priority to -1
05-10 05:37:49.355  1626  1626 I a2dp_codec: init: initialized Source codec AAC
05-10 05:37:49.355  1626  1626 I a2dp_codec: init: initialized Source codec SBC
05-10 05:37:49.355  1626  1626 I a2dp_codec: init: initialized Sink codec SBC(Sink)
05-10 05:37:49.355  1626  1626 D a2dp_codec: init
05-10 05:37:49.355  1626  1626 D a2dp_sbc: init: SBC enabled in HW mode
05-10 05:37:49.355  1626  1626 I a2dp_codec: init: updated SBC codec priority to 1001
05-10 05:37:49.355  2528  2528 E /vendor/bin/cdsprpcd: vendor/qcom/proprietary/commonsys-intf/adsprpc/src/adspmsgd.c:93:adspmsgd_init failed with error -1
05-10 05:37:49.355  1626  1626 D a2dp_aac: init: AAC enabled in HW mode
05-10 05:37:49.355  1626  1626 I a2dp_codec: init: updated AAC codec priority to 2001
05-10 05:37:49.355  1626  1626 D a2dp_vendor_aptx: init: APTX enabled in HW mode
05-10 05:37:49.355  1626  1626 I a2dp_codec: init: updated aptX codec priority to -1
05-10 05:37:49.355  1626  1626 D a2dp_vendor_aptx_hd: init: APTX-HD enabled in HW mode
05-10 05:37:49.355  1626  1626 I a2dp_codec: init: updated aptX-HD codec priority to -1
05-10 05:37:49.355  1626  1626 D a2dp_vendor_aptx_adaptive: init: APTX-Adaptive enabled in HW mode
05-10 05:37:49.355  1626  1626 I a2dp_codec: init: updated aptX-adaptive codec priority to -1
05-10 05:37:49.355  1626  1626 D a2dp_vendor_ldac: init: LDAC enabled in HW mode
05-10 05:37:49.355  1626  1626 I a2dp_codec: init: updated LDAC codec priority to -1
05-10 05:37:49.355  1626  1626 I a2dp_codec: init: updated aptX-TWS codec priority to -1
05-10 05:37:49.356  1626  1626 I a2dp_codec: init: initialized Source codec AAC
05-10 05:37:49.356  1626  1626 I a2dp_codec: init: initialized Source codec SBC
05-10 05:37:49.356  1626  1626 I a2dp_codec: init: initialized Sink codec SBC(Sink)
05-10 05:37:49.356  1626  1626 D a2dp_codec: init
05-10 05:37:49.356  1626  1626 D a2dp_sbc: init: SBC enabled in HW mode
05-10 05:37:49.356  1626  1626 I a2dp_codec: init: updated SBC codec priority to 1001
05-10 05:37:49.356  1626  1626 D a2dp_aac: init: AAC enabled in HW mode
05-10 05:37:49.356  1626  1626 I a2dp_codec: init: updated AAC codec priority to 2001
05-10 05:37:49.356  1626  1626 D a2dp_vendor_aptx: init: APTX enabled in HW mode
05-10 05:37:49.356  1626  1626 I a2dp_codec: init: updated aptX codec priority to -1
05-10 05:37:49.356  1626  1626 D a2dp_vendor_aptx_hd: init: APTX-HD enabled in HW mode
05-10 05:37:49.356  1626  1626 I a2dp_codec: init: updated aptX-HD codec priority to -1
05-10 05:37:49.356  1626  1626 D a2dp_vendor_aptx_adaptive: init: APTX-Adaptive enabled in HW mode
05-10 05:37:49.356  1626  1626 I a2dp_codec: init: updated aptX-adaptive codec priority to -1
05-10 05:37:49.356  1626  1626 D a2dp_vendor_ldac: init: LDAC enabled in HW mode
05-10 05:37:49.356  1626  1626 I a2dp_codec: init: updated LDAC codec priority to -1
05-10 05:37:49.356  1626  1626 I a2dp_codec: init: updated aptX-TWS codec priority to -1
05-10 05:37:49.356  1626  1626 I a2dp_codec: init: initialized Source codec AAC
05-10 05:37:49.356  1626  1626 I a2dp_codec: init: initialized Source codec SBC
05-10 05:37:49.356  1626  1626 I a2dp_codec: init: initialized Sink codec SBC(Sink)
05-10 05:37:49.356  1626  1626 D a2dp_codec: init
05-10 05:37:49.356  1626  1626 D a2dp_sbc: init: SBC enabled in HW mode
05-10 05:37:49.356  1626  1626 I a2dp_codec: init: updated SBC codec priority to 1001
05-10 05:37:49.356  1626  1626 D a2dp_aac: init: AAC enabled in HW mode
05-10 05:37:49.356  1626  1626 I a2dp_codec: init: updated AAC codec priority to 2001
05-10 05:37:49.356  1626  1626 D a2dp_vendor_aptx: init: APTX enabled in HW mode
05-10 05:37:49.356  1626  1626 I a2dp_codec: init: updated aptX codec priority to -1
05-10 05:37:49.356  1626  1626 D a2dp_vendor_aptx_hd: init: APTX-HD enabled in HW mode
05-10 05:37:49.356  1626  1626 I a2dp_codec: init: updated aptX-HD codec priority to -1
05-10 05:37:49.356  2292  2292 W System.err: 	at com.android.nfc.NfcService.<init>(NfcService.java:644)
05-10 05:37:49.356  2528  2528 V /vendor/bin/cdsprpcd: vendor/qcom/proprietary/commonsys-intf/adsprpc/src/fastrpc_perf.c:213: fastrpc_perf_init: enabled RPC traces (kernel 0, dsp 0) with frequency 1000
05-10 05:37:49.356  2292  2292 W System.err: 	at com.android.internal.os.RuntimeInit$MethodAndArgsCaller.run(RuntimeInit.java:492)
05-10 05:37:49.356  2292  2292 W System.err: 	at com.android.internal.os.ZygoteInit.main(ZygoteInit.java:935)
05-10 05:37:49.376  1626  1626 I BluetoothHidHostServiceJni: classInitNative: succeeds
05-10 05:37:49.393  1626  1626 V BluetoothHidDeviceServiceJni: classInitNative: done
05-10 05:37:49.393  1626  1626 V BluetoothHidDeviceServiceJni: initNative enter
05-10 05:37:49.393  1626  1626 V BluetoothHidDeviceServiceJni: initNative done
05-10 05:37:49.478  2292  2573 I         : [0510/053749.475651:INFO:NativeNfcManager.cpp(580)] initializeGlobalDebugEnabledFlag: level=1
05-10 05:37:49.478  2292  2573 I         : [0510/053749.478276:INFO:NativeNfcManager.cpp(2225)] nfcManager_doInitialize:  MW Version: NFC_AR_00_18c0_10.03.00
05-10 05:37:49.478  2292  2573 I libnfc_nci: [INFO:NfcAdaptation.cc(129)] initializeGlobalDebugEnabledFlag: level=1
05-10 05:37:49.478  2292  2573 I libnfc_nci: [INFO:NfcAdaptation.cc(451)] NfcAdaptation::Initialize: enter
05-10 05:37:49.478  2292  2573 I libnfc_nci: [INFO:NfcAdaptation.cc(477)] NfcAdaptation::Initialize: Overriding NFA_POLL_BAIL_OUT_MODE to use 1
05-10 05:37:49.480  2292  2573 I libnfc_nci: [INFO:NfcAdaptation.cc(514)] Initialize: preserve stack NV store
05-10 05:37:49.495  2292  2573 I libnfc_nci: [INFO:NfcAdaptation.cc(532)] NfcAdaptation::Initialize: exit
05-10 05:37:49.495  2292  2573 I libnfc_nci: [INFO:nfa_dm_api.cc(84)] NFA_Init
05-10 05:37:49.495  2292  2573 I libnfc_nci: [INFO:nfa_dm_main.cc(132)] nfa_dm_init ()
05-10 05:37:49.495  2292  2573 I libnfc_nci: [INFO:nfa_p2p_main.cc(493)] nfa_p2p_init ()
05-10 05:37:49.495  2292  2573 I libnfc_nci: [INFO:nfa_rw_main.cc(70)] nfa_rw_init ()
05-10 05:37:49.495  2292  2573 I libnfc_nci: [INFO:nfa_ce_main.cc(76)] nfa_ce_init ()
05-10 05:37:49.495  2292  2573 I libnfc_nci: [INFO:nfa_ee_main.cc(130)] nfa_ee_init ()
05-10 05:37:49.495  2292  2573 I libnfc_nci: [INFO:nfa_scr_main.cc(101)] nfa_scr_init: enter
05-10 05:37:49.495  2292  2573 I libnfc_nci: [INFO:nfa_scr_main.cc(124)] nfa_scr_init: exit
05-10 05:37:49.495  2292  2573 I libnfc_nci: [INFO:nfa_hci_main.cc(275)] nfa_hci_init ()
05-10 05:37:49.496  2292  2573 I libnfc_nci: [INFO:nfa_hci_main.cc(1695)] nfa_hci_init() 20
05-10 05:37:49.496  2292  2573 I libnfc_nci: [INFO:nfa_hci_main.cc(1701)] nfa_hci_init() 20000
05-10 05:37:49.496  2292  2573 I libnfc_nci: [INFO:llcp_main.cc(57)] LLCP - llcp_init ()
05-10 05:37:49.513  2292  2582 I libnfc_nci: [INFO:NfcAdaptation.cc(974)] NfcAdaptation::HalCoreInitialized
05-10 05:37:49.514   889   889 D NxpHal  : phNxpNciHal_core_initialized::p_core_init_rsp_params : 64
05-10 05:37:49.570   694   754 W libc    : Unable to set property "vendor.target.init.complete" to "1": connection failed; errno=13 (Permission denied)
05-10 05:37:49.654  2292  2582 I libnfc_nci: [INFO:nfa_dm_main.cc(519)] nfa_dm_init_cfgs Enter
05-10 05:37:49.707  2292  2573 I libnfc_nci: [INFO:phNxpLog.cpp(271)] phNxpLog_InitializeLogLevel: global =1, Fwdnld =3, extns =3,                 hal =3, tml =3, ncir =3,                 ncix =3
05-10 05:37:49.707  2292  2573 I libnfc_nci: [INFO:SecureElement.cpp(275)] SecureElement::initialize: enter
05-10 05:37:49.707  2292  2573 I libnfc_nci: [INFO:SecureElement.cpp(280)] SecureElement::initialize: Default destination gate: 0xF0
05-10 05:37:49.707  2292  2573 I libnfc_nci: [INFO:SecureElement.cpp(405)] SecureElement::initialize: try hci register
05-10 05:37:49.707  2292  2573 I libnfc_nci: [INFO:SecureElement.cpp(429)] SecureElement::initialize: exit
05-10 05:37:49.707  2292  2573 I libnfc_nci: [INFO:RoutingManager.cpp(198)] RoutingManager::initialize(): enter
05-10 05:37:49.707  2292  2573 E libnfc_nci: [ERROR:RoutingManager.cpp(242)] RoutingManager::initialize(): mFwdFuntnEnable=0x1
05-10 05:37:49.707  2292  2573 E libnfc_nci: [ERROR:RoutingManager.cpp(263)] RoutingManager::initialize(): >>>> mDefaultIso7816SeID=0x0
05-10 05:37:49.707  2292  2573 E libnfc_nci: [ERROR:RoutingManager.cpp(265)] RoutingManager::initialize(): >>>> mDefaultIso7816Powerstate=0x19
05-10 05:37:49.707  2292  2573 I libnfc_nci: [INFO:RoutingManager.cpp(358)] RoutingManager::initialize(): try ee register
05-10 05:37:49.708  2292  2573 I libnfc_nci: [INFO:RoutingManager.cpp(372)] RoutingManager::initialize()Waiting for EE info
05-10 05:37:49.709  2292  2573 I libnfc_nci: [INFO:RoutingManager.cpp(394)] initialize:gSeDiscoverycount=0x3;
05-10 05:37:49.709  2292  2573 I libnfc_nci: [INFO:RoutingManager.cpp(409)] initialize:seTechMask=0x0;
05-10 05:37:49.709  2292  2573 I libnfc_nci: [INFO:RoutingManager.cpp(427)] RoutingManager::initialize(): exit
05-10 05:37:49.709  2292  2573 I libnfc_nci: [INFO:HciRFParams.cpp(100)] HciRFParams::initialize: enter
05-10 05:37:49.715  2292  2573 I libnfc_nci: [INFO:HciRFParams.cpp(113)] initialize: status 0
05-10 05:37:49.715  2292  2573 I libnfc_nci: [INFO:HciRFParams.cpp(115)] initialize: tlv_size 74
05-10 05:37:49.715  2292  2573 I libnfc_nci: [INFO:HciRFParams.cpp(117)] initialize: param_tlvs 1
05-10 05:37:49.715  2292  2573 I libnfc_nci: [INFO:HciRFParams.cpp(185)] HciRFParams::initialize: exit
05-10 05:37:49.715  2292  2573 I libnfc_nci: [INFO:MposManager.cpp(112)] initialize:enter, isMposEnabled 0
05-10 05:37:49.715  2292  2573 I libnfc_nci: [INFO:PeerToPeer.cpp(116)] PeerToPeer::initialize: enter
05-10 05:37:49.715  2292  2573 I libnfc_nci: [INFO:PeerToPeer.cpp(119)] PeerToPeer::initialize: exit
05-10 05:37:49.716  2292  2573 I libnfc_nci: [INFO:HciEventManager.cpp(90)] initialize: sEsePipe : 0x0   sSim1Pipe : 0x0  sSim2Pipe : 0x0
05-10 05:37:49.726  2292  2573 I libnfc_nci: [INFO:NativeNfcManager.cpp(2397)] nfcManager_doInitialize: No need to update VEN_CONFIG. Already set to 0x03
05-10 05:37:49.731  2292  2573 I libnfc_nci: [INFO:NativeNfcManager.cpp(2430)] nfcManager_doInitialize: tag polling tech mask=0xEF
05-10 05:37:49.736  2292  2573 I libnfc_nci: [INFO:NativeNfcManager.cpp(2451)] nfcManager_doInitialize: lfT3tMax=4
05-10 05:37:49.742  2292  2573 I libnfc_nci: [INFO:NativeNfcManager.cpp(2498)] nfcManager_doInitialize: exit
05-10 05:37:49.801  2292  2573 D NfcService: Init wired Se
05-10 05:37:49.827  2292  2292 E NfcService: Error in invoking wiredSeInitialize invocation
05-10 05:37:49.951  1626  1626 I BluetoothPhonePolicy: autoConnect: Initiate auto connection on BT on...
05-10 05:37:49.952  1626  1626 I BluetoothA2dpSinkServiceJni: classInitNative: succeeds
05-10 05:37:49.986   960   960 D RILD    : RIL_Init rilInit completed
05-10 05:37:49.989   960   960 D RILD    : RIL_Init RIL_register completed
05-10 05:37:50.017  1806  1806 I TelephonyComponentFactory: initSubscriptionController
05-10 05:37:50.024  1806  1806 D SubscriptionController: [SubscriptionController] init by Context
05-10 05:37:50.030  1806  1806 I TelephonyComponentFactory:  initMultiSimSettingController 
05-10 05:37:50.132  1806  1806 D DCT-C   : initApnContexts: E
05-10 05:37:50.133  1806  1806 D DCT-C   : initApnContexts: skipping unknown type=1
05-10 05:37:50.133  1806  1806 D DCT-C   : initApnContexts: apnContext={mApnType=default mState=IDLE mWaitingApns={null} mApnSetting={null} mReason=dataEnabled mDataEnabled=false mDependencyMet=true}
05-10 05:37:50.133  1806  1806 D DCT-C   : initApnContexts: apnContext={mApnType=mms mState=IDLE mWaitingApns={null} mApnSetting={null} mReason=dataEnabled mDataEnabled=false mDependencyMet=true}
05-10 05:37:50.133  1806  1806 D DCT-C   : initApnContexts: apnContext={mApnType=supl mState=IDLE mWaitingApns={null} mApnSetting={null} mReason=dataEnabled mDataEnabled=false mDependencyMet=true}
05-10 05:37:50.133  1806  1806 D DCT-C   : initApnContexts: apnContext={mApnType=dun mState=IDLE mWaitingApns={null} mApnSetting={null} mReason=dataEnabled mDataEnabled=false mDependencyMet=true}
05-10 05:37:50.133  1806  1806 D DCT-C   : initApnContexts: apnContext={mApnType=hipri mState=IDLE mWaitingApns={null} mApnSetting={null} mReason=dataEnabled mDataEnabled=false mDependencyMet=true}
05-10 05:37:50.133  1806  1806 D DCT-C   : initApnContexts: apnContext={mApnType=fota mState=IDLE mWaitingApns={null} mApnSetting={null} mReason=dataEnabled mDataEnabled=false mDependencyMet=true}
05-10 05:37:50.133  1806  1806 D DCT-C   : initApnContexts: apnContext={mApnType=ims mState=IDLE mWaitingApns={null} mApnSetting={null} mReason=dataEnabled mDataEnabled=false mDependencyMet=true}
05-10 05:37:50.133  1806  1806 D DCT-C   : initApnContexts: apnContext={mApnType=cbs mState=IDLE mWaitingApns={null} mApnSetting={null} mReason=dataEnabled mDataEnabled=false mDependencyMet=true}
05-10 05:37:50.133  1806  1806 D DCT-C   : initApnContexts: skipping unknown type=7
05-10 05:37:50.133  1806  1806 D DCT-C   : initApnContexts: apnContext={mApnType=emergency mState=IDLE mWaitingApns={null} mApnSetting={null} mReason=dataEnabled mDataEnabled=false mDependencyMet=true}
05-10 05:37:50.133  1806  1806 D DCT-C   : initApnContexts: skipping unknown type=9
05-10 05:37:50.616   668  2054 E vendor.qti.bluetooth@1.0-wake_lock: Release wake lock not initialized/acquired
05-10 05:37:50.801  1836  1836 I ELOPeripheralManager: Init ELOPeripheralManager, service: android.elo.peripheral.IELOPeripheralService$Stub$Proxy@11aedd8, SDK API CORE layer version: 1.3.15
05-10 05:37:50.910  1788  1788 I ELOPeripheralManager: Init ELOPeripheralManager, service: android.elo.peripheral.IELOPeripheralService$Stub$Proxy@6532f24, SDK API CORE layer version: 1.3.15
05-10 05:37:50.911  1749  1749 D DpmServiceApp: slm: Initialize SlmService
05-10 05:37:50.931  1788  1788 D SDL     : [f94b0ed0] IAL_Initialize() ...
05-10 05:37:50.931  1788  1788 D SDL     : [f94b0ed0] SE4500:init_CAM() - SAL_GetSysProperty(ThdPriority) FAILED, using 0
05-10 05:37:50.931  1788  1788 D SDL     : [f94b0ed0] SE4500:init_CAM() Dev=/dev/video4 Pri=0
05-10 05:37:50.993   960  1061 D RIL_SAP_1_2: ql_radio_sap_init() start.
05-10 05:37:51.020  1788  1788 D ZebraBCRService: initScanProfiles()
05-10 05:37:51.030  1788  1788 D ScanProfile -sevice: initAllCodeTypeInfo()
05-10 05:37:51.036  1788  1788 W ScanProfile -sevice: 	at android.elo.zbcr.ScanProfile.<init>(ScanProfile.java:169)
05-10 05:37:51.036  1788  1788 W ScanProfile -sevice: 	at com.elo.EloCoreApp.ZebraBCRService.initScanProfiles(ZebraBCRService.java:165)
05-10 05:37:51.036  1788  1788 W ScanProfile -sevice: 	at com.elo.EloCoreApp.ZebraBCRService.<init>(ZebraBCRService.java:143)
05-10 05:37:51.036  1788  1788 W ScanProfile -sevice: 	at com.elo.EloCoreApp.ZebraBCRService.init(ZebraBCRService.java:115)
05-10 05:37:51.036  1788  1788 W ScanProfile -sevice: 	at com.android.internal.os.RuntimeInit$MethodAndArgsCaller.run(RuntimeInit.java:492)
05-10 05:37:51.036  1788  1788 W ScanProfile -sevice: 	at com.android.internal.os.ZygoteInit.main(ZygoteInit.java:935)
05-10 05:37:51.097  1806  1806 D ONSNetworkScanCtlr: init called
05-10 05:37:51.101  1806  1806 D ONSProfileSelector: ONSProfileSelector init complete
05-10 05:37:51.174  1806  1806 D SubscriptionInfoUpdater: SubInfo Initialized
05-10 05:37:51.210  1446  2767 I ELOPartitionManager: Init ELOPartitionManager, service: com.android.server.ELOPartitionService@ab4555e, Version: ELO_FW_Ver: 0.01.001.20140704 aplha
05-10 05:37:51.260  2768  2768 I Diag_Lib: Diag_LSM_Init call succeeded
05-10 05:37:51.261  1806  1891 D RilRequest: [0048]< DATA_REGISTRATION_STATE error: com.android.internal.telephony.CommandException: INVALID_RESPONSE ret={.base = {.regState = NOT_REG_MT_NOT_SEARCHING_OP, .rat = 0, .reasonDataDenied = 0, .maxDataCalls = 0, .cellIdentity = {.cellInfoType = NONE, .cellIdentityGsm = [], .cellIdentityWcdma = [], .cellIdentityCdma = [], .cellIdentityLte = [], .cellIdentityTdscdma = []}}, .vopsInfo = {.noinit = {}}, .nrIndicators = {.isEndcAvailable = false, .isDcNrRestricted = false, .isNrAvailable = false}}
05-10 05:37:51.356  1806  1891 D RilRequest: [0053]< DATA_REGISTRATION_STATE error: com.android.internal.telephony.CommandException: INVALID_RESPONSE ret={.base = {.regState = NOT_REG_MT_NOT_SEARCHING_OP, .rat = 0, .reasonDataDenied = 0, .maxDataCalls = 0, .cellIdentity = {.cellInfoType = NONE, .cellIdentityGsm = [], .cellIdentityWcdma = [], .cellIdentityCdma = [], .cellIdentityLte = [], .cellIdentityTdscdma = []}}, .vopsInfo = {.noinit = {}}, .nrIndicators = {.isEndcAvailable = false, .isDcNrRestricted = false, .isNrAvailable = false}}
05-10 05:37:51.364  1806  1891 D RilRequest: [0059]< DATA_REGISTRATION_STATE error: com.android.internal.telephony.CommandException: INVALID_RESPONSE ret={.base = {.regState = NOT_REG_MT_NOT_SEARCHING_OP, .rat = 0, .reasonDataDenied = 0, .maxDataCalls = 0, .cellIdentity = {.cellInfoType = NONE, .cellIdentityGsm = [], .cellIdentityWcdma = [], .cellIdentityCdma = [], .cellIdentityLte = [], .cellIdentityTdscdma = []}}, .vopsInfo = {.noinit = {}}, .nrIndicators = {.isEndcAvailable = false, .isDcNrRestricted = false, .isNrAvailable = false}}
05-10 05:37:51.402  1806  1891 D RilRequest: [0063]< DATA_REGISTRATION_STATE error: com.android.internal.telephony.CommandException: INVALID_RESPONSE ret={.base = {.regState = NOT_REG_MT_NOT_SEARCHING_OP, .rat = 0, .reasonDataDenied = 0, .maxDataCalls = 0, .cellIdentity = {.cellInfoType = NONE, .cellIdentityGsm = [], .cellIdentityWcdma = [], .cellIdentityCdma = [], .cellIdentityLte = [], .cellIdentityTdscdma = []}}, .vopsInfo = {.noinit = {}}, .nrIndicators = {.isEndcAvailable = false, .isDcNrRestricted = false, .isNrAvailable = false}}
05-10 05:37:51.443  2816  2816 D CellBroadcastReceiver: initializeSharedPreference
05-10 05:37:51.708  2164  2164 I AlarmClock: AlarmInitReceiver android.intent.action.BOOT_COMPLETED
05-10 05:37:51.735  2164  2223 V AlarmClock: AlarmInitReceiver finished
05-10 05:37:52.540  2914  2914 E ActivityThread: 	at android.app.LoadedApk$ServiceDispatcher.<init>(LoadedApk.java:1805)
05-10 05:37:52.542  2914  2914 E ActivityThread: 	at android.app.LoadedApk$ServiceDispatcher.<init>(LoadedApk.java:1805)
05-10 05:37:52.544  1446  1477 I am_proc_start: [0,3012,10104,com.android.onetimeinitializer,broadcast,{com.android.onetimeinitializer/com.android.onetimeinitializer.OneTimeInitializerReceiver}]
05-10 05:37:52.544  1446  1477 I ActivityManager: Start proc 3012:com.android.onetimeinitializer/u0a104 for broadcast {com.android.onetimeinitializer/com.android.onetimeinitializer.OneTimeInitializerReceiver}
05-10 05:37:52.559  1446  1463 I am_proc_bound: [0,3012,com.android.onetimeinitializer]
05-10 05:37:52.617  3012  3012 V OneTimeInitializerReceiver: OneTimeInitializerReceiver.onReceive
05-10 05:37:54.284  2347  2347 I tflite  : Initialized TensorFlow Lite runtime.
05-10 05:37:56.021  1446  1557 D UsbMiscManager: handleInitUsbpdUsbMode do nothing, settings empty or same as driver 
05-10 05:38:10.070  1806  1891 D RilRequest: [0102]< DATA_REGISTRATION_STATE error: com.android.internal.telephony.CommandException: INVALID_RESPONSE ret={.base = {.regState = NOT_REG_MT_NOT_SEARCHING_OP, .rat = 0, .reasonDataDenied = 0, .maxDataCalls = 0, .cellIdentity = {.cellInfoType = NONE, .cellIdentityGsm = [], .cellIdentityWcdma = [], .cellIdentityCdma = [], .cellIdentityLte = [], .cellIdentityTdscdma = []}}, .vopsInfo = {.noinit = {}}, .nrIndicators = {.isEndcAvailable = false, .isDcNrRestricted = false, .isNrAvailable = false}}
05-10 05:38:16.324  1446  1475 I am_pss  : [3012,10104,com.android.onetimeinitializer,4912128,3088384,0,86872064,0,20,6]
05-10 05:38:46.677  1446  1475 I am_pss  : [3012,10104,com.android.onetimeinitializer,4913152,3088384,0,86937600,0,20,6]
