03-28 23:04:56.411   894  1007 W OMXUtils: do not know color format 0x7fa30c04 = 2141391876
03-28 23:04:56.411   894  1007 W OMXUtils: do not know color format 0x7f000789 = 2130708361
03-28 23:04:56.413     0     0 I msm_vidc: info: Closed video instance: 0000000000000000
03-28 23:04:56.413   916  1624 I OMX-VENC: Component Deinit
03-28 23:04:56.413   916  1624 I OMX-VENC: Video encode perflock released
03-28 23:04:56.415   894  1007 I OMXClient: IOmx service obtained
03-28 23:04:56.415   916  1038 I OMXMaster: makeComponentInstance(OMX.google.h264.encoder) in android.hardwar process
03-28 23:04:56.422   894  1007 W OMXUtils: do not know color format 0x7f000789 = 2130708361
03-28 23:04:56.423   894  1007 I OMXClient: IOmx service obtained
03-28 23:04:56.424   916  1040 I OMXMaster: makeComponentInstance(OMX.qcom.video.encoder.h263) in android.hardwar process
03-28 23:04:56.430   916  1040 I OMX-VENC: Video encode perflock acquired,handle=-1
03-28 23:04:56.430     0     0 I msm_vidc: info: Opening video instance: 0000000000000000, 0
03-28 23:04:56.435   916  1040 I OMX-VENC: Component_init : OMX.qcom.video.encoder.h263 : return = 0x0
03-28 23:04:56.436   894  1007 W OMXUtils: do not know color format 0x7fa30c04 = 2141391876
03-28 23:04:56.436   894  1007 W OMXUtils: do not know color format 0x7f000789 = 2130708361
03-28 23:04:56.438     0     0 I msm_vidc: info: Closed video instance: 0000000000000000
03-28 23:04:56.438   916  1038 I OMX-VENC: Component Deinit
03-28 23:04:56.438   916  1038 I OMX-VENC: Video encode perflock released
03-28 23:04:56.440   894  1007 I OMXClient: IOmx service obtained
03-28 23:04:56.440   916  1038 I OMXMaster: makeComponentInstance(OMX.google.h263.encoder) in android.hardwar process
03-28 23:04:56.446   894  1007 W OMXUtils: do not know color format 0x7f000789 = 2130708361
03-28 23:04:56.447   916  1040 E OMXNodeInstance: getConfig(0xf7b26440:google.h263.encoder, ConfigAndroidIntraRefresh(0x6f60000a)) ERROR: Undefined(0x80001001)
03-28 23:04:56.447   916  1040 E OMXNodeInstance: getParameter(0xf7b26440:google.h263.encoder, ParamVideoIntraRefresh(0x6000006)) ERROR: UnsupportedIndex(0x8000101a)
03-28 23:04:56.447   894  1007 D MediaCodecInfo: detail feature-frame-parsing wasn't present to remove
03-28 23:04:56.449   894  1007 I OMXClient: IOmx service obtained
03-28 23:04:56.449   916  1040 I OMXMaster: makeComponentInstance(OMX.qcom.video.encoder.hevc) in android.hardwar process
03-28 23:04:56.455   916  1040 I OMX-VENC: Video encode perflock acquired,handle=-1
03-28 23:04:56.455     0     0 I msm_vidc: info: Opening video instance: 0000000000000000, 0
03-28 23:04:56.459   916  1040 I OMX-VENC: Component_init : OMX.qcom.video.encoder.hevc : return = 0x0
03-28 23:04:56.460   894  1007 W OMXUtils: do not know color format 0x7fa30c04 = 2141391876
03-28 23:04:56.460   894  1007 W OMXUtils: do not know color format 0x7f000789 = 2130708361
03-28 23:04:56.462     0     0 I msm_vidc: info: Closed video instance: 0000000000000000
03-28 23:04:56.462   916  1038 I OMX-VENC: Component Deinit
03-28 23:04:56.462   916  1038 I OMX-VENC: Video encode perflock released
03-28 23:04:56.465   894  1007 I OMXClient: IOmx service obtained
03-28 23:04:56.465   916  1038 I OMXMaster: makeComponentInstance(OMX.qcom.video.encoder.mpeg4) in android.hardwar process
03-28 23:04:56.470   916  1038 I OMX-VENC: Video encode perflock acquired,handle=-1
03-28 23:04:56.470     0     0 I msm_vidc: info: Opening video instance: 0000000000000000, 0
03-28 23:04:56.474   916  1038 I OMX-VENC: Component_init : OMX.qcom.video.encoder.mpeg4 : return = 0x0
03-28 23:04:56.475   894  1007 W OMXUtils: do not know color format 0x7fa30c04 = 2141391876
03-28 23:04:56.475   894  1007 W OMXUtils: do not know color format 0x7f000789 = 2130708361
03-28 23:04:56.477     0     0 I msm_vidc: info: Closed video instance: 0000000000000000
03-28 23:04:56.477   916  1040 I OMX-VENC: Component Deinit
03-28 23:04:56.477   916  1040 I OMX-VENC: Video encode perflock released
03-28 23:04:56.480   894  1007 I OMXClient: IOmx service obtained
03-28 23:04:56.480   916  1040 I OMXMaster: makeComponentInstance(OMX.google.mpeg4.encoder) in android.hardwar process
03-28 23:04:56.482   894  1007 W OMXUtils: do not know color format 0x7f000789 = 2130708361
03-28 23:04:56.482   916  1038 E OMXNodeInstance: getConfig(0xf5948180:google.mpeg4.encoder, ConfigAndroidIntraRefresh(0x6f60000a)) ERROR: Undefined(0x80001001)
03-28 23:04:56.483   916  1040 E OMXNodeInstance: getParameter(0xf5948180:google.mpeg4.encoder, ParamVideoIntraRefresh(0x6000006)) ERROR: UnsupportedIndex(0x8000101a)
03-28 23:04:56.483   894  1007 D MediaCodecInfo: detail feature-frame-parsing wasn't present to remove
03-28 23:04:56.485   894  1007 I OMXClient: IOmx service obtained
03-28 23:04:56.485   916  1040 I OMXMaster: makeComponentInstance(OMX.qcom.video.encoder.vp8) in android.hardwar process
03-28 23:04:56.491   916  1040 I OMX-VENC: Video encode perflock acquired,handle=-1
03-28 23:04:56.491     0     0 I msm_vidc: info: Opening video instance: 0000000000000000, 0
03-28 23:04:56.498   916  1040 I OMX-VENC: Component_init : OMX.qcom.video.encoder.vp8 : return = 0x0
03-28 23:04:56.499   894  1007 W OMXUtils: do not know color format 0x7fa30c04 = 2141391876
03-28 23:04:56.499   894  1007 W OMXUtils: do not know color format 0x7f000789 = 2130708361
03-28 23:04:56.501     0     0 I msm_vidc: info: Closed video instance: 0000000000000000
03-28 23:04:56.501   916  1038 I OMX-VENC: Component Deinit
03-28 23:04:56.501   916  1038 I OMX-VENC: Video encode perflock released
03-28 23:04:56.503   894  1007 I OMXClient: IOmx service obtained
03-28 23:04:56.504   916  1040 I OMXMaster: makeComponentInstance(OMX.google.vp8.encoder) in android.hardwar process
03-28 23:04:56.507   894  1007 W OMXUtils: do not know color format 0x7f000789 = 2130708361
03-28 23:04:56.507   916  1038 E OMXNodeInstance: getConfig(0xf7b26200:google.vp8.encoder, ConfigAndroidIntraRefresh(0x6f60000a)) ERROR: Undefined(0x80001001)
03-28 23:04:56.507   916  1038 E OMXNodeInstance: getParameter(0xf7b26200:google.vp8.encoder, ParamVideoIntraRefresh(0x6000006)) ERROR: UnsupportedIndex(0x8000101a)
03-28 23:04:56.507   894  1007 D MediaCodecInfo: detail feature-frame-parsing wasn't present to remove
03-28 23:04:56.509   894  1007 I OMXClient: IOmx service obtained
03-28 23:04:56.510   916  1040 I OMXMaster: makeComponentInstance(OMX.google.vp9.encoder) in android.hardwar process
03-28 23:04:56.512   894  1007 W OMXUtils: do not know color format 0x7f000789 = 2130708361
03-28 23:04:56.512   916  1624 E OMXNodeInstance: getConfig(0xf7b25e40:google.vp9.encoder, ConfigAndroidIntraRefresh(0x6f60000a)) ERROR: Undefined(0x80001001)
03-28 23:04:56.512   916  1624 E OMXNodeInstance: getParameter(0xf7b25e40:google.vp9.encoder, ParamVideoIntraRefresh(0x6000006)) ERROR: UnsupportedIndex(0x8000101a)
03-28 23:04:56.512   894  1007 D MediaCodecInfo: detail feature-frame-parsing wasn't present to remove
03-28 23:04:56.514   894  1007 I Codec2Client: Creating a Codec2 client to service "software"
03-28 23:04:56.515   894  1007 I Codec2Client: Client to Codec2 service "software" created
03-28 23:04:56.556  1511  1511 D SystemUIBootTiming: StartServicescom.android.systemui.media.RingtonePlayer took to complete: 0ms
03-28 23:04:56.568   949  1062 I /apex/com.android.media.swcodec/bin/mediaswcodec: missing struct descriptor #Param::CoreIndex(--004) for field values of struct #Param::CoreIndex(F-12004)
03-28 23:04:56.589  1511  1511 D KeyguardUpdateMonitor: received broadcast android.media.RINGER_MODE_CHANGED
03-28 23:04:56.694   894  1007 I MediaCodecsXmlParser: limit: size-range = 2x2-2048x2048
03-28 23:04:56.694   894  1007 I MediaCodecsXmlParser: limit: alignment = 2x2
03-28 23:04:56.694   894  1007 I MediaCodecsXmlParser: limit: block-size = 16x16
03-28 23:04:56.694   894  1007 I MediaCodecsXmlParser: limit: block-count-range = 1-3600
03-28 23:04:56.694   894  1007 I MediaCodecsXmlParser: limit: bitrate-range = 1-40000000
03-28 23:04:56.694   894  1007 I MediaCodecsXmlParser: limit: feature-bitrate-modes = VBR,CBR
03-28 23:04:56.695   894  1007 D MediaCodecsXmlParser: Cannot find 
03-28 23:04:56.695   894  1007 I chatty  : uid=1013(media) Binder:894_1 identical 1 line
03-28 23:04:56.695   894  1007 D MediaCodecsXmlParser: Cannot find 
03-28 23:04:56.695   894  1007 I MediaCodecsXmlParser: getVendorXmlPath (/vendor/etc/media_codecs_vendor.xml)
03-28 23:04:56.695   894  1007 D MediaCodecsXmlParser: parsing /vendor/etc/media_codecs_vendor.xml...
03-28 23:04:56.695   894  1007 D MediaCodecsXmlParser: parsing /vendor/etc/media_codecs_google_audio.xml...
03-28 23:04:56.695   894  1007 I MediaCodecsXmlParser: limit: max-channel-count = 2
03-28 23:04:56.695   894  1007 I MediaCodecsXmlParser: limit: sample-rate-ranges = 8000,11025,12000,16000,22050,24000,32000,44100,48000
03-28 23:04:56.695   894  1007 I MediaCodecsXmlParser: limit: bitrate-range = 8000-320000
03-28 23:04:56.695   894  1007 I MediaCodecsXmlParser: limit: max-channel-count = 1
03-28 23:04:56.695   894  1007 I MediaCodecsXmlParser: limit: sample-rate-ranges = 8000
03-28 23:04:56.695   894  1007 I MediaCodecsXmlParser: limit: bitrate-range = 4750-12200
03-28 23:04:56.695   894  1007 I MediaCodecsXmlParser: limit: max-channel-count = 1
03-28 23:04:56.695   894  1007 I MediaCodecsXmlParser: limit: sample-rate-ranges = 16000
03-28 23:04:56.696   894  1007 I MediaCodecsXmlParser: limit: bitrate-range = 6600-23850
03-28 23:04:56.696   894  1007 I MediaCodecsXmlParser: limit: max-channel-count = 8
03-28 23:04:56.696   894  1007 I MediaCodecsXmlParser: limit: sample-rate-ranges = 7350,8000,11025,12000,16000,22050,24000,32000,44100,48000
03-28 23:04:56.696   894  1007 I MediaCodecsXmlParser: limit: bitrate-range = 8000-960000
03-28 23:04:56.696   894  1007 I MediaCodecsXmlParser: limit: max-channel-count = 1
03-28 23:04:56.696   894  1007 I MediaCodecsXmlParser: limit: sample-rate-ranges = 8000-48000
03-28 23:04:56.696   894  1007 I MediaCodecsXmlParser: limit: bitrate-range = 64000
03-28 23:04:56.696   894  1007 I MediaCodecsXmlParser: limit: max-channel-count = 1
03-28 23:04:56.696   894  1007 I MediaCodecsXmlParser: limit: sample-rate-ranges = 8000-48000
03-28 23:04:56.696   894  1007 I MediaCodecsXmlParser: limit: bitrate-range = 64000
03-28 23:04:56.696   894  1007 I MediaCodecsXmlParser: limit: max-channel-count = 8
03-28 23:04:56.696   894  1007 I MediaCodecsXmlParser: limit: sample-rate-ranges = 8000-96000
03-28 23:04:56.696   894  1007 I MediaCodecsXmlParser: limit: bitrate-range = 32000-500000
03-28 23:04:56.696   894  1007 I MediaCodecsXmlParser: limit: max-channel-count = 8
03-28 23:04:56.696   894  1007 I MediaCodecsXmlParser: limit: sample-rate-ranges = 48000
03-28 23:04:56.696   894  1007 I MediaCodecsXmlParser: limit: bitrate-range = 6000-510000
03-28 23:04:56.696   894  1007 I MediaCodecsXmlParser: limit: max-channel-count = 8
03-28 23:04:56.696   894  1007 I MediaCodecsXmlParser: limit: sample-rate-ranges = 8000-192000
03-28 23:04:56.696   894  1007 I MediaCodecsXmlParser: limit: bitrate-range = 1-10000000
03-28 23:04:56.696   894  1007 I MediaCodecsXmlParser: limit: max-channel-count = 8
03-28 23:04:56.696   894  1007 I MediaCodecsXmlParser: limit: sample-rate-ranges = 1-655350
03-28 23:04:56.696   894  1007 I MediaCodecsXmlParser: limit: bitrate-range = 1-21000000
03-28 23:04:56.696   894  1007 I MediaCodecsXmlParser: limit: max-channel-count = 6
03-28 23:04:56.696   894  1007 I MediaCodecsXmlParser: limit: sample-rate-ranges = 8000,11025,12000,16000,22050,24000,32000,44100,48000
03-28 23:04:56.696   894  1007 I MediaCodecsXmlParser: limit: bitrate-range = 8000-960000
03-28 23:04:56.696   894  1007 I MediaCodecsXmlParser: limit: max-channel-count = 1
03-28 23:04:56.696   894  1007 I MediaCodecsXmlParser: limit: sample-rate-ranges = 8000
03-28 23:04:56.696   894  1007 I MediaCodecsXmlParser: limit: bitrate-range = 4750-12200
03-28 23:04:56.696   894  1007 I MediaCodecsXmlParser: limit: feature-bitrate-modes = CBR
03-28 23:04:56.696   894  1007 I MediaCodecsXmlParser: limit: max-channel-count = 1
03-28 23:04:56.696   894  1007 I MediaCodecsXmlParser: limit: sample-rate-ranges = 16000
03-28 23:04:56.696   894  1007 I MediaCodecsXmlParser: limit: bitrate-range = 6600-23850
03-28 23:04:56.696   894  1007 I MediaCodecsXmlParser: limit: feature-bitrate-modes = CBR
03-28 23:04:56.696   894  1007 I MediaCodecsXmlParser: limit: max-channel-count = 2
03-28 23:04:56.696   894  1007 I MediaCodecsXmlParser: limit: sample-rate-ranges = 1-655350
03-28 23:04:56.696   894  1007 I MediaCodecsXmlParser: limit: bitrate-range = 1-21000000
03-28 23:04:56.696   894  1007 I MediaCodecsXmlParser: limit: complexity-default = 5
03-28 23:04:56.696   894  1007 I MediaCodecsXmlParser: limit: complexity-range = 0-8
03-28 23:04:56.696   894  1007 I MediaCodecsXmlParser: limit: feature-bitrate-modes = CQ
03-28 23:04:56.696   894  1007 D MediaCodecsXmlParser: parsing /vendor/etc/media_codecs_vendor_audio.xml...
03-28 23:04:56.696   894  1007 I MediaCodecsXmlParser: limit: max-concurrent-instances = 10
03-28 23:04:56.696   894  1007 D MediaCodecsXmlParser: parsing /vendor/etc/media_codecs_google_telephony.xml...
03-28 23:04:56.697   894  1007 I MediaCodecsXmlParser: limit: max-channel-count = 1
03-28 23:04:56.697   894  1007 I MediaCodecsXmlParser: limit: sample-rate-ranges = 8000
03-28 23:04:56.697   894  1007 I MediaCodecsXmlParser: limit: bitrate-range = 13000
03-28 23:04:56.697   894  1007 I MediaCodecsXmlParser: limit: size-range = 176x64-3840x2160
03-28 23:04:56.697   894  1007 I MediaCodecsXmlParser: limit: alignment = 2x2
03-28 23:04:56.697   894  1007 I MediaCodecsXmlParser: limit: block-size = 16x16
03-28 23:04:56.697   894  1007 I MediaCodecsXmlParser: limit: blocks-per-second-range = 1-972000
03-28 23:04:56.697   894  1007 I MediaCodecsXmlParser: limit: bitrate-range = 1-100000000
03-28 23:04:56.697   894  1007 I MediaCodecsXmlParser: limit: max-concurrent-instances = 16
03-28 23:04:56.697   894  1007 I MediaCodecsXmlParser: limit: feature-intra-refresh = 0
03-28 23:04:56.697   894  1007 I MediaCodecsXmlParser: limit: performance-point-3840x2160-range = 24-24
03-28 23:04:56.697   894  1007 I MediaCodecsXmlParser: limit: size-range = 96x96-3840x2160
03-28 23:04:56.697   894  1007 I MediaCodecsXmlParser: limit: alignment = 2x2
03-28 23:04:56.697   894  1007 I MediaCodecsXmlParser: limit: block-size = 16x16
03-28 23:04:56.697   894  1007 I MediaCodecsXmlParser: limit: blocks-per-second-range = 1-972000
03-28 23:04:56.697   894  1007 I MediaCodecsXmlParser: limit: bitrate-range = 1-100000000
03-28 23:04:56.697   894  1007 I MediaCodecsXmlParser: limit: max-concurrent-instances = 16
03-28 23:04:56.697   894  1007 I MediaCodecsXmlParser: limit: feature-intra-refresh = 0
03-28 23:04:56.697   894  1007 I MediaCodecsXmlParser: limit: feature-can-swap-width-height = 0
03-28 23:04:56.697   894  1007 I MediaCodecsXmlParser: limit: performance-point-3840x2160-range = 24-24
03-28 23:04:56.697   894  1007 I MediaCodecsXmlParser: limit: size-range = 96x64-1920x1088
03-28 23:04:56.697   894  1007 I MediaCodecsXmlParser: limit: alignment = 2x2
03-28 23:04:56.697   894  1007 I MediaCodecsXmlParser: limit: block-size = 16x16
03-28 23:04:56.697   894  1007 I MediaCodecsXmlParser: limit: blocks-per-second-range = 1-244800
03-28 23:04:56.697   894  1007 I MediaCodecsXmlParser: limit: bitrate-range = 1-40000000
03-28 23:04:56.697   894  1007 I MediaCodecsXmlParser: limit: max-concurrent-instances = 16
03-28 23:04:56.697   894  1007 I MediaCodecsXmlParser: limit: performance-point-1920x1088-range = 30-30
03-28 23:04:56.697   894  1007 I MediaCodecsXmlParser: limit: size-range = 96x64-864x480
03-28 23:04:56.697   894  1007 I MediaCodecsXmlParser: limit: alignment = 2x2
03-28 23:04:56.697   894  1007 I MediaCodecsXmlParser: limit: block-size = 16x16
03-28 23:04:56.697   894  1007 I MediaCodecsXmlParser: limit: blocks-per-second-range = 1-48600
03-28 23:04:56.697   894  1007 I MediaCodecsXmlParser: limit: bitrate-range = 1-2000000
03-28 23:04:56.697   894  1007 I MediaCodecsXmlParser: limit: max-concurrent-instances = 16
03-28 23:04:56.697   894  1007 I MediaCodecsXmlParser: limit: performance-point-720x480-range = 30-30
03-28 23:04:56.697   894  1007 I MediaCodecsXmlParser: limit: size-range = 96x64-1920x1088
03-28 23:04:56.697   894  1007 I MediaCodecsXmlParser: limit: alignment = 2x2
03-28 23:04:56.697   894  1007 I MediaCodecsXmlParser: limit: block-size = 16x16
03-28 23:04:56.697   894  1007 I MediaCodecsXmlParser: limit: blocks-per-second-range = 1-244800
03-28 23:04:56.697   894  1007 I MediaCodecsXmlParser: limit: bitrate-range = 1-40000000
03-28 23:04:56.697   894  1007 I MediaCodecsXmlParser: limit: max-concurrent-instances = 16
03-28 23:04:56.697   894  1007 I MediaCodecsXmlParser: limit: feature-intra-refresh = 0
03-28 23:04:56.697   894  1007 I MediaCodecsXmlParser: limit: performance-point-1920x1088-range = 30-30
03-28 23:04:56.707   894  1007 I MediaCodecsXmlParser: limit: measured-frame-rate-640x360-range = 110-114
03-28 23:04:56.707   894  1007 I MediaCodecsXmlParser: limit: measured-frame-rate-720x480-range = 126-128
03-28 23:04:56.707   894  1007 I MediaCodecsXmlParser: limit: measured-frame-rate-1280x720-range = 50-55
03-28 23:04:56.707   894  1007 I MediaCodecsXmlParser: limit: measured-frame-rate-1920x1080-range = 35-36
03-28 23:04:56.707   894  1007 I MediaCodecsXmlParser: limit: measured-frame-rate-176x144-range = 190-210
03-28 23:04:56.707   894  1007 I MediaCodecsXmlParser: limit: measured-frame-rate-352x288-range = 170-182
03-28 23:04:56.707   894  1007 I MediaCodecsXmlParser: limit: measured-frame-rate-176x144-range = 650-710
03-28 23:04:56.707   894  1007 I MediaCodecsXmlParser: limit: measured-frame-rate-352x288-range = 370-481
03-28 23:04:56.707   894  1007 I MediaCodecsXmlParser: limit: measured-frame-rate-320x240-range = 575-580
03-28 23:04:56.707   894  1007 I MediaCodecsXmlParser: limit: measured-frame-rate-640x360-range = 200-220
03-28 23:04:56.707   894  1007 I MediaCodecsXmlParser: limit: measured-frame-rate-1280x720-range = 45-55
03-28 23:04:56.707   894  1007 I MediaCodecsXmlParser: limit: measured-frame-rate-1920x1080-range = 18-22
03-28 23:04:56.707   894  1007 I MediaCodecsXmlParser: limit: measured-frame-rate-320x180-range = 480-490
03-28 23:04:56.707   894  1007 I MediaCodecsXmlParser: limit: measured-frame-rate-640x360-range = 199-201
03-28 23:04:56.707   894  1007 I MediaCodecsXmlParser: limit: measured-frame-rate-1280x720-range = 22-45
03-28 23:04:56.707   894  1007 I MediaCodecsXmlParser: limit: measured-frame-rate-1920x1080-range = 11-22
03-28 23:04:56.707   894  1007 I MediaCodecsXmlParser: limit: measured-frame-rate-320x240-range = 580-604
03-28 23:04:56.707   894  1007 I MediaCodecsXmlParser: limit: measured-frame-rate-640x360-range = 180-185
03-28 23:04:56.707   894  1007 I MediaCodecsXmlParser: limit: measured-frame-rate-1280x720-range = 88-92
03-28 23:04:56.707   894  1007 I MediaCodecsXmlParser: limit: measured-frame-rate-1920x1080-range = 47-52
03-28 23:04:56.707   894  1007 I MediaCodecsXmlParser: limit: measured-frame-rate-320x180-range = 290-294
03-28 23:04:56.707   894  1007 I MediaCodecsXmlParser: limit: measured-frame-rate-320x240-range = 48-96
03-28 23:04:56.707   894  1007 I MediaCodecsXmlParser: limit: measured-frame-rate-640x360-range = 130-134
03-28 23:04:56.707   894  1007 I MediaCodecsXmlParser: limit: measured-frame-rate-1280x720-range = 65-70
03-28 23:04:56.707   894  1007 I MediaCodecsXmlParser: limit: measured-frame-rate-1920x1080-range = 40-45
03-28 23:04:56.707   894  1007 I MediaCodecsXmlParser: limit: measured-frame-rate-176x144-range = 380-400
03-28 23:04:56.708   894  1007 I MediaCodecsXmlParser: limit: measured-frame-rate-176x144-range = 700-715
03-28 23:04:56.712   894  1007 I Codec2InfoBuilder: adding type 'audio/mp4a-latm'
03-28 23:04:56.716   894  1007 I Codec2InfoBuilder: adding type 'audio/mp4a-latm'
03-28 23:04:56.720   894  1007 I Codec2InfoBuilder: adding type 'audio/3gpp'
03-28 23:04:56.723   894  1007 I Codec2InfoBuilder: adding type 'audio/3gpp'
03-28 23:04:56.725   894  1007 I Codec2InfoBuilder: adding type 'audio/amr-wb'
03-28 23:04:56.729  1511  1511 D KeyguardUpdateMonitor: received broadcast android.media.RINGER_MODE_CHANGED
03-28 23:04:56.731   894  1007 I Codec2InfoBuilder: adding type 'audio/amr-wb'
03-28 23:04:56.735   894  1007 I Codec2InfoBuilder: adding type 'video/av01'
03-28 23:04:56.739   894  1007 I Codec2InfoBuilder: adding type 'video/avc'
03-28 23:04:56.741   949  2013 I /apex/com.android.media.swcodec/bin/mediaswcodec: missing struct descriptor #Param::CoreIndex(--004) for field values of struct #Param::CoreIndex(F-12004)
03-28 23:04:56.742   949  2013 I /apex/com.android.media.swcodec/bin/mediaswcodec: missing struct descriptor #Param::CoreIndex(--004) for field values of struct #Param::CoreIndex(F-12004)
03-28 23:04:56.743   894  1007 I Codec2InfoBuilder: adding type 'video/avc'
03-28 23:04:56.746   894  1007 I Codec2InfoBuilder: adding type 'audio/flac'
03-28 23:04:56.750   894  1007 I Codec2InfoBuilder: adding type 'audio/flac'
03-28 23:04:56.754   894  1007 I Codec2InfoBuilder: adding type 'audio/g711-alaw'
03-28 23:04:56.757   894  1007 I Codec2InfoBuilder: adding type 'audio/g711-mlaw'
03-28 23:04:56.759   894  1007 D Codec2InfoBuilder: codec entry for 'c2.android.gsm.decoder' is disabled
03-28 23:04:56.762   894  1007 I Codec2InfoBuilder: adding type 'video/3gpp'
03-28 23:04:56.765   894  1007 I Codec2InfoBuilder: adding type 'video/3gpp'
03-28 23:04:56.770   894  1007 I Codec2InfoBuilder: adding type 'video/hevc'
03-28 23:04:56.774   894  1007 I Codec2InfoBuilder: adding type 'video/hevc'
03-28 23:04:56.779   894  1007 I Codec2InfoBuilder: adding type 'audio/mpeg'
03-28 23:04:56.783   894  1007 D Codec2InfoBuilder: codec entry for 'c2.android.mpeg2.decoder' is disabled
03-28 23:04:56.786   894  1007 I Codec2InfoBuilder: adding type 'video/mp4v-es'
03-28 23:04:56.790   894  1007 I Codec2InfoBuilder: adding type 'video/mp4v-es'
03-28 23:04:56.794   894  1007 I Codec2InfoBuilder: adding type 'audio/opus'
03-28 23:04:56.797   894  1007 I Codec2InfoBuilder: adding type 'audio/opus'
03-28 23:04:56.800   894  1007 I Codec2InfoBuilder: adding type 'audio/raw'
03-28 23:04:56.803   894  1007 I Codec2InfoBuilder: adding type 'audio/vorbis'
03-28 23:04:56.807   894  1007 I Codec2InfoBuilder: adding type 'video/x-vnd.on2.vp8'
03-28 23:04:56.811   894  1007 I Codec2InfoBuilder: adding type 'video/x-vnd.on2.vp8'
03-28 23:04:56.815   894  1007 I Codec2InfoBuilder: adding type 'video/x-vnd.on2.vp9'
03-28 23:04:56.820   894  1007 I Codec2InfoBuilder: adding type 'video/x-vnd.on2.vp9'
03-28 23:04:56.825  1277  1540 I OMXClient: IOmx service obtained
03-28 23:04:56.825   916  1624 I OMXMaster: makeComponentInstance(OMX.google.vorbis.decoder) in android.hardwar process
03-28 23:04:56.827  1511  1803 I OMXClient: IOmx service obtained
03-28 23:04:56.827   916  1040 I OMXMaster: makeComponentInstance(OMX.google.vorbis.decoder) in android.hardwar process
03-28 23:04:56.828   916  1623 E OMXNodeInstance: getConfig(0xf7b25e40:google.vorbis.decoder, ConfigAndroidVendorExtension(0x6f100004)) ERROR: Undefined(0x80001001)
03-28 23:04:56.828  1277  1540 W ExtendedACodec: Failed to get extension for extradata parameter
03-28 23:04:56.829   916  1040 E OMXNodeInstance: getConfig(0xf7b26260:google.vorbis.decoder, ConfigAndroidVendorExtension(0x6f100004)) ERROR: Undefined(0x80001001)
03-28 23:04:56.830  1511  1803 W ExtendedACodec: Failed to get extension for extradata parameter
03-28 23:04:56.856   889  1434 D MediaBufferGroup: creating MemoryDealer
03-28 23:04:56.859   889  1434 D MediaBufferGroup: creating MemoryDealer
03-28 23:04:56.886   889  1434 I MMParserExtractor: Created(0x2d0cb87350)
03-28 23:04:56.891  1277  2023 I OMXClient: IOmx service obtained
03-28 23:04:56.892   916  2020 I OMXMaster: makeComponentInstance(OMX.google.vorbis.decoder) in android.hardwar process
03-28 23:04:56.896   916  2022 E OMXNodeInstance: getConfig(0xf5948600:google.vorbis.decoder, ConfigAndroidVendorExtension(0x6f100004)) ERROR: Undefined(0x80001001)
03-28 23:04:56.897  1277  2023 W ExtendedACodec: Failed to get extension for extradata parameter
03-28 23:04:56.907   889  1434 D MediaBufferGroup: creating MemoryDealer
03-28 23:04:56.914   889  1434 I MMParserExtractor: Created(0x2d0cb7d250)
03-28 23:04:56.920  1511  2027 I OMXClient: IOmx service obtained
03-28 23:04:56.920   916  2026 I OMXMaster: makeComponentInstance(OMX.google.vorbis.decoder) in android.hardwar process
03-28 23:04:56.930   916  2026 E OMXNodeInstance: getConfig(0xf7b26380:google.vorbis.decoder, ConfigAndroidVendorExtension(0x6f100004)) ERROR: Undefined(0x80001001)
03-28 23:04:56.930   889  1434 I MMParserExtractor: Created(0x2d0cb81e70)
03-28 23:04:56.931  1511  2027 W ExtendedACodec: Failed to get extension for extradata parameter
03-28 23:04:56.938  1277  2030 I OMXClient: IOmx service obtained
03-28 23:04:56.938   916  2026 I OMXMaster: makeComponentInstance(OMX.google.vorbis.decoder) in android.hardwar process
03-28 23:04:56.938   889  1434 D MediaBufferGroup: creating MemoryDealer
03-28 23:04:56.941   916  2026 E OMXNodeInstance: getConfig(0xf5948600:google.vorbis.decoder, ConfigAndroidVendorExtension(0x6f100004)) ERROR: Undefined(0x80001001)
03-28 23:04:56.942  1277  2030 W ExtendedACodec: Failed to get extension for extradata parameter
03-28 23:04:56.952   889   889 D MediaBufferGroup: creating MemoryDealer
03-28 23:04:56.976   889  1083 I MMParserExtractor: Created(0x2d0cb7a770)
03-28 23:04:56.980  1511  2036 I OMXClient: IOmx service obtained
03-28 23:04:56.981   916  2026 I OMXMaster: makeComponentInstance(OMX.google.vorbis.decoder) in android.hardwar process
03-28 23:04:56.983   916  2026 E OMXNodeInstance: getConfig(0xf5948600:google.vorbis.decoder, ConfigAndroidVendorExtension(0x6f100004)) ERROR: Undefined(0x80001001)
03-28 23:04:56.983  1511  2036 W ExtendedACodec: Failed to get extension for extradata parameter
03-28 23:04:56.991   889  1083 D MediaBufferGroup: creating MemoryDealer
03-28 23:04:56.992   889  2034 I MMParserExtractor: Created(0x2d0cb7c6f0)
03-28 23:04:56.996  1277  2039 I OMXClient: IOmx service obtained
03-28 23:04:56.996   916  2026 I OMXMaster: makeComponentInstance(OMX.google.vorbis.decoder) in android.hardwar process
03-28 23:04:56.998   916  2026 E OMXNodeInstance: getConfig(0xf7b26320:google.vorbis.decoder, ConfigAndroidVendorExtension(0x6f100004)) ERROR: Undefined(0x80001001)
03-28 23:04:56.999  1277  2039 W ExtendedACodec: Failed to get extension for extradata parameter
03-28 23:04:57.005   889  1083 D MediaBufferGroup: creating MemoryDealer
03-28 23:04:57.022   889  1434 I MMParserExtractor: Created(0x2d0cb79270)
03-28 23:04:57.026  1277  2042 I OMXClient: IOmx service obtained
03-28 23:04:57.026   916  2026 I OMXMaster: makeComponentInstance(OMX.google.vorbis.decoder) in android.hardwar process
03-28 23:04:57.028   916  2026 E OMXNodeInstance: getConfig(0xf7b26320:google.vorbis.decoder, ConfigAndroidVendorExtension(0x6f100004)) ERROR: Undefined(0x80001001)
03-28 23:04:57.029  1277  2042 W ExtendedACodec: Failed to get extension for extradata parameter
03-28 23:04:57.036   889  1434 D MediaBufferGroup: creating MemoryDealer
03-28 23:04:57.058   889  2034 I MMParserExtractor: Created(0x2d0cb7c610)
03-28 23:04:57.062  1277  2045 I OMXClient: IOmx service obtained
03-28 23:04:57.063   916  2026 I OMXMaster: makeComponentInstance(OMX.google.vorbis.decoder) in android.hardwar process
03-28 23:04:57.065   916  2026 E OMXNodeInstance: getConfig(0xf7b26320:google.vorbis.decoder, ConfigAndroidVendorExtension(0x6f100004)) ERROR: Undefined(0x80001001)
03-28 23:04:57.066  1277  2045 W ExtendedACodec: Failed to get extension for extradata parameter
03-28 23:04:57.073   889  2034 D MediaBufferGroup: creating MemoryDealer
03-28 23:04:57.522  1277  1310 I ActivityManager: Force stopping com.android.providers.media appid=10043 user=-1: vold reset
03-28 23:04:57.553     0     0 I sdcardfs: dev_name -> /data/media
03-28 23:04:57.553     0     0 I sdcardfs: mounted on top of /data/media type ext4
03-28 23:04:57.580   486   486 D vold    : Preparing: /data/media/0
03-28 23:04:57.593   486   486 I vold    : Found policy 2230b752355bc865 at /data/media/0 which matches expected value
03-28 23:04:57.986   886  1417 D installd: Found storage mount /data/media at /mnt/runtime/default/emulated
03-28 23:04:58.019  1277  1310 D SystemServiceManager: onUnlockUser-0 com.android.server.media.MediaSessionService took to complete: 0ms
03-28 23:04:58.019  1277  1310 D SystemServiceManager: onUnlockUser-0 com.android.server.media.MediaResourceMonitorService took to complete: 0ms
03-28 23:04:58.020  1277  1310 D SystemServiceManager: onUnlockUser-0 com.android.server.media.projection.MediaProjectionManagerService took to complete: 0ms
03-28 23:04:58.359  1277  1534 D MediaSessionService: The callback android.media.session.ICallback$Stub$Proxy@bcb9d00 is set by com.android.bluetooth
03-28 23:04:58.412  1489  1489 W A2dpCodecConfig: Disable Aptx Adaptive. Entry not present in offload property
03-28 23:04:58.412  1489  1489 I A2dpCodecConfig: Aptx Adaptive priority: -1
03-28 23:04:58.414  1489  2320 I bt_osi_thread: run_thread: thread id 2320, thread name media_worker started
03-28 23:04:58.424  1489  1489 D a2dp_codec: createCodec: codec SBC
03-28 23:04:58.424  1489  1489 D a2dp_sbc: A2dpCodecConfigSbc
03-28 23:04:58.424  1489  1489 D a2dp_codec: createCodec: codec AAC
03-28 23:04:58.424  1489  1489 D a2dp_codec: createCodec: codec aptX
03-28 23:04:58.424  1489  1489 D a2dp_codec: createCodec: codec aptX-HD
03-28 23:04:58.424  1489  1489 D a2dp_codec: createCodec: codec aptX-adaptive
03-28 23:04:58.424  1489  1489 D a2dp_codec: createCodec: codec LDAC
03-28 23:04:58.424  1489  1489 D a2dp_codec: createCodec: codec aptX-TWS
03-28 23:04:58.425  1489  1489 D a2dp_codec: createCodec: codec SBC SINK
03-28 23:04:58.425  1489  1489 D a2dp_codec: createCodec: codec UNKNOWN CODEC INDEX
03-28 23:04:58.425  1489  1489 D a2dp_codec: createCodec: codec UNKNOWN CODEC INDEX
03-28 23:04:58.425  1489  1489 D a2dp_codec: createCodec: codec SBC
03-28 23:04:58.425  1489  1489 D a2dp_sbc: A2dpCodecConfigSbc
03-28 23:04:58.425  1489  1489 D a2dp_codec: createCodec: codec AAC
03-28 23:04:58.425  1489  1489 D a2dp_codec: createCodec: codec aptX
03-28 23:04:58.425  1489  1489 D a2dp_codec: createCodec: codec aptX-HD
03-28 23:04:58.425  1489  1489 D a2dp_codec: createCodec: codec aptX-adaptive
03-28 23:04:58.425  1489  1489 D a2dp_codec: createCodec: codec LDAC
03-28 23:04:58.425  1489  1489 D a2dp_codec: createCodec: codec aptX-TWS
03-28 23:04:58.425  1489  1489 D a2dp_codec: createCodec: codec SBC SINK
03-28 23:04:58.425  1489  1489 D a2dp_codec: createCodec: codec UNKNOWN CODEC INDEX
03-28 23:04:58.425  1489  1489 D a2dp_codec: createCodec: codec UNKNOWN CODEC INDEX
03-28 23:04:58.425  1489  1489 D a2dp_codec: createCodec: codec SBC
03-28 23:04:58.425  1489  1489 D a2dp_sbc: A2dpCodecConfigSbc
03-28 23:04:58.425  1489  1489 D a2dp_codec: createCodec: codec AAC
03-28 23:04:58.425  1489  1489 D a2dp_codec: createCodec: codec aptX
03-28 23:04:58.425  1489  1489 D a2dp_codec: createCodec: codec aptX-HD
03-28 23:04:58.425  1489  1489 D a2dp_codec: createCodec: codec aptX-adaptive
03-28 23:04:58.425  1489  1489 D a2dp_codec: createCodec: codec LDAC
03-28 23:04:58.425  1489  1489 D a2dp_codec: createCodec: codec aptX-TWS
03-28 23:04:58.425  1489  1489 D a2dp_codec: createCodec: codec SBC SINK
03-28 23:04:58.425  1489  1489 D a2dp_codec: createCodec: codec UNKNOWN CODEC INDEX
03-28 23:04:58.425  1489  1489 D a2dp_codec: createCodec: codec UNKNOWN CODEC INDEX
03-28 23:04:58.425  1489  1489 D a2dp_codec: createCodec: codec SBC
03-28 23:04:58.425  1489  1489 D a2dp_sbc: A2dpCodecConfigSbc
03-28 23:04:58.425  1489  1489 D a2dp_codec: createCodec: codec AAC
03-28 23:04:58.425  1489  1489 D a2dp_codec: createCodec: codec aptX
03-28 23:04:58.425  1489  1489 D a2dp_codec: createCodec: codec aptX-HD
03-28 23:04:58.425  1489  1489 D a2dp_codec: createCodec: codec aptX-adaptive
03-28 23:04:58.425  1489  1489 D a2dp_codec: createCodec: codec LDAC
03-28 23:04:58.425  1489  1489 D a2dp_codec: createCodec: codec aptX-TWS
03-28 23:04:58.425  1489  1489 D a2dp_codec: createCodec: codec SBC SINK
03-28 23:04:58.425  1489  1489 D a2dp_codec: createCodec: codec UNKNOWN CODEC INDEX
03-28 23:04:58.425  1489  1489 D a2dp_codec: createCodec: codec UNKNOWN CODEC INDEX
03-28 23:04:58.425  1489  1489 D a2dp_codec: createCodec: codec SBC
03-28 23:04:58.425  1489  1489 D a2dp_sbc: A2dpCodecConfigSbc
03-28 23:04:58.425  1489  1489 D a2dp_codec: createCodec: codec AAC
03-28 23:04:58.426  1489  1489 D a2dp_codec: createCodec: codec aptX
03-28 23:04:58.426  1489  1489 D a2dp_codec: createCodec: codec aptX-HD
03-28 23:04:58.426  1489  1489 D a2dp_codec: createCodec: codec aptX-adaptive
03-28 23:04:58.426  1489  1489 D a2dp_codec: createCodec: codec LDAC
03-28 23:04:58.426  1489  1489 D a2dp_codec: createCodec: codec aptX-TWS
03-28 23:04:58.426  1489  1489 D a2dp_codec: createCodec: codec SBC SINK
03-28 23:04:58.426  1489  1489 D a2dp_codec: createCodec: codec UNKNOWN CODEC INDEX
03-28 23:04:58.426  1489  1489 D a2dp_codec: createCodec: codec UNKNOWN CODEC INDEX
03-28 23:04:58.426  1489  1489 E bt_btif : btif_media_send_reset_vendor_state:
03-28 23:04:58.426  1489  1489 E bt_btif : btif_media_send_reset_vendor_state:
03-28 23:04:58.426  1489  1489 D a2dp_codec: createCodec: codec SBC
03-28 23:04:58.426  1489  1489 D a2dp_sbc: A2dpCodecConfigSbc
03-28 23:04:58.426  1489  1489 D a2dp_codec: createCodec: codec AAC
03-28 23:04:58.426  1489  1489 D a2dp_codec: createCodec: codec aptX
03-28 23:04:58.426  1489  1489 D a2dp_codec: createCodec: codec aptX-HD
03-28 23:04:58.426  1489  1489 D a2dp_codec: createCodec: codec aptX-adaptive
03-28 23:04:58.426  1489  1489 D a2dp_codec: createCodec: codec LDAC
03-28 23:04:58.426  1489  1489 D a2dp_codec: createCodec: codec aptX-TWS
03-28 23:04:58.426  1489  1489 D a2dp_codec: createCodec: codec SBC SINK
03-28 23:04:58.426  1489  1489 D a2dp_codec: createCodec: codec UNKNOWN CODEC INDEX
03-28 23:04:58.426  1489  1489 D a2dp_codec: createCodec: codec UNKNOWN CODEC INDEX
03-28 23:04:58.426  1489  1489 D a2dp_codec: createCodec: codec SBC
03-28 23:04:58.426  1489  1489 D a2dp_sbc: A2dpCodecConfigSbc
03-28 23:04:58.426  1489  1489 D a2dp_codec: createCodec: codec AAC
03-28 23:04:58.426  1489  1489 D a2dp_codec: createCodec: codec aptX
03-28 23:04:58.426  1489  1489 D a2dp_codec: createCodec: codec aptX-HD
03-28 23:04:58.426  1489  1489 D a2dp_codec: createCodec: codec aptX-adaptive
03-28 23:04:58.426  1489  1489 D a2dp_codec: createCodec: codec LDAC
03-28 23:04:58.426  1489  1489 D a2dp_codec: createCodec: codec aptX-TWS
03-28 23:04:58.426  1489  1489 D a2dp_codec: createCodec: codec SBC SINK
03-28 23:04:58.426  1489  1489 D a2dp_codec: createCodec: codec UNKNOWN CODEC INDEX
03-28 23:04:58.426  1489  1489 D a2dp_codec: createCodec: codec UNKNOWN CODEC INDEX
03-28 23:04:58.426  1489  1489 D a2dp_codec: createCodec: codec SBC
03-28 23:04:58.426  1489  1489 D a2dp_sbc: A2dpCodecConfigSbc
03-28 23:04:58.426  1489  1489 D a2dp_codec: createCodec: codec AAC
03-28 23:04:58.426  1489  1489 D a2dp_codec: createCodec: codec aptX
03-28 23:04:58.426  1489  1489 D a2dp_codec: createCodec: codec aptX-HD
03-28 23:04:58.427  1489  1489 D a2dp_codec: createCodec: codec aptX-adaptive
03-28 23:04:58.427  1489  1489 D a2dp_codec: createCodec: codec LDAC
03-28 23:04:58.427  1489  1489 D a2dp_codec: createCodec: codec aptX-TWS
03-28 23:04:58.427  1489  1489 D a2dp_codec: createCodec: codec SBC SINK
03-28 23:04:58.427  1489  1489 D a2dp_codec: createCodec: codec UNKNOWN CODEC INDEX
03-28 23:04:58.427  1489  1489 D a2dp_codec: createCodec: codec UNKNOWN CODEC INDEX
03-28 23:04:58.427  1489  1489 D a2dp_codec: createCodec: codec SBC
03-28 23:04:58.427  1489  1489 D a2dp_sbc: A2dpCodecConfigSbc
03-28 23:04:58.427  1489  1489 D a2dp_codec: createCodec: codec AAC
03-28 23:04:58.427  1489  1489 D a2dp_codec: createCodec: codec aptX
03-28 23:04:58.427  1489  1489 D a2dp_codec: createCodec: codec aptX-HD
03-28 23:04:58.427  1489  1489 D a2dp_codec: createCodec: codec aptX-adaptive
03-28 23:04:58.427  1489  1489 D a2dp_codec: createCodec: codec LDAC
03-28 23:04:58.427  1489  1489 D a2dp_codec: createCodec: codec aptX-TWS
03-28 23:04:58.427  1489  1489 D a2dp_codec: createCodec: codec SBC SINK
03-28 23:04:58.427  1489  1489 D a2dp_codec: createCodec: codec UNKNOWN CODEC INDEX
03-28 23:04:58.427  1489  1489 D a2dp_codec: createCodec: codec UNKNOWN CODEC INDEX
03-28 23:04:58.427  1489  1489 D a2dp_codec: createCodec: codec SBC
03-28 23:04:58.427  1489  1489 D a2dp_sbc: A2dpCodecConfigSbc
03-28 23:04:58.427  1489  1489 D a2dp_codec: createCodec: codec AAC
03-28 23:04:58.427  1489  1489 D a2dp_codec: createCodec: codec aptX
03-28 23:04:58.427  1489  1489 D a2dp_codec: createCodec: codec aptX-HD
03-28 23:04:58.427  1489  1489 D a2dp_codec: createCodec: codec aptX-adaptive
03-28 23:04:58.427  1489  1489 D a2dp_codec: createCodec: codec LDAC
03-28 23:04:58.427  1489  1489 D a2dp_codec: createCodec: codec aptX-TWS
03-28 23:04:58.427  1489  1489 D a2dp_codec: createCodec: codec SBC SINK
03-28 23:04:58.427  1489  1489 D a2dp_codec: createCodec: codec UNKNOWN CODEC INDEX
03-28 23:04:58.427  1489  1489 D a2dp_codec: createCodec: codec UNKNOWN CODEC INDEX
03-28 23:04:58.427  1489  1489 E bt_btif : btif_media_send_reset_vendor_state:
03-28 23:04:58.427  1489  1489 E bt_btif : btif_media_send_reset_vendor_state:
03-28 23:04:58.427  1489  1489 D a2dp_codec: createCodec: codec SBC
03-28 23:04:58.427  1489  1489 D a2dp_sbc: A2dpCodecConfigSbc
03-28 23:04:58.427  1489  1489 D a2dp_codec: createCodec: codec AAC
03-28 23:04:58.427  1489  1489 D a2dp_codec: createCodec: codec aptX
03-28 23:04:58.427  1489  1489 D a2dp_codec: createCodec: codec aptX-HD
03-28 23:04:58.427  1489  1489 D a2dp_codec: createCodec: codec aptX-adaptive
03-28 23:04:58.427  1489  1489 D a2dp_codec: createCodec: codec LDAC
03-28 23:04:58.427  1489  1489 D a2dp_codec: createCodec: codec aptX-TWS
03-28 23:04:58.427  1489  1489 D a2dp_codec: createCodec: codec SBC SINK
03-28 23:04:58.427  1489  1489 D a2dp_codec: createCodec: codec UNKNOWN CODEC INDEX
03-28 23:04:58.427  1489  1489 D a2dp_codec: createCodec: codec UNKNOWN CODEC INDEX
03-28 23:04:58.427  1489  1489 D a2dp_codec: createCodec: codec SBC
03-28 23:04:58.427  1489  1489 D a2dp_sbc: A2dpCodecConfigSbc
03-28 23:04:58.428  1489  1489 D a2dp_codec: createCodec: codec AAC
03-28 23:04:58.428  1489  1489 D a2dp_codec: createCodec: codec aptX
03-28 23:04:58.428  1489  1489 D a2dp_codec: createCodec: codec aptX-HD
03-28 23:04:58.428  1489  1489 D a2dp_codec: createCodec: codec aptX-adaptive
03-28 23:04:58.428  1489  1489 D a2dp_codec: createCodec: codec LDAC
03-28 23:04:58.428  1489  1489 D a2dp_codec: createCodec: codec aptX-TWS
03-28 23:04:58.428  1489  1489 D a2dp_codec: createCodec: codec SBC SINK
03-28 23:04:58.428  1489  1489 D a2dp_codec: createCodec: codec UNKNOWN CODEC INDEX
03-28 23:04:58.428  1489  1489 D a2dp_codec: createCodec: codec UNKNOWN CODEC INDEX
03-28 23:04:58.428  1489  1489 D a2dp_codec: createCodec: codec SBC
03-28 23:04:58.428  1489  1489 D a2dp_sbc: A2dpCodecConfigSbc
03-28 23:04:58.428  1489  1489 D a2dp_codec: createCodec: codec AAC
03-28 23:04:58.428  1489  1489 D a2dp_codec: createCodec: codec aptX
03-28 23:04:58.428  1489  1489 D a2dp_codec: createCodec: codec aptX-HD
03-28 23:04:58.428  1489  1489 D a2dp_codec: createCodec: codec aptX-adaptive
03-28 23:04:58.428  1489  1489 D a2dp_codec: createCodec: codec LDAC
03-28 23:04:58.428  1489  1489 D a2dp_codec: createCodec: codec aptX-TWS
03-28 23:04:58.428  1489  1489 D a2dp_codec: createCodec: codec SBC SINK
03-28 23:04:58.428  1489  1489 D a2dp_codec: createCodec: codec UNKNOWN CODEC INDEX
03-28 23:04:58.428  1489  1489 D a2dp_codec: createCodec: codec UNKNOWN CODEC INDEX
03-28 23:04:58.428  1489  1489 D a2dp_codec: createCodec: codec SBC
03-28 23:04:58.428  1489  1489 D a2dp_sbc: A2dpCodecConfigSbc
03-28 23:04:58.428  1489  1489 D a2dp_codec: createCodec: codec AAC
03-28 23:04:58.428  1489  1489 D a2dp_codec: createCodec: codec aptX
03-28 23:04:58.428  1489  1489 D a2dp_codec: createCodec: codec aptX-HD
03-28 23:04:58.428  1489  1489 D a2dp_codec: createCodec: codec aptX-adaptive
03-28 23:04:58.428  1489  1489 D a2dp_codec: createCodec: codec LDAC
03-28 23:04:58.428  1489  1489 D a2dp_codec: createCodec: codec aptX-TWS
03-28 23:04:58.428  1489  1489 D a2dp_codec: createCodec: codec SBC SINK
03-28 23:04:58.428  1489  1489 D a2dp_codec: createCodec: codec UNKNOWN CODEC INDEX
03-28 23:04:58.428  1489  1489 D a2dp_codec: createCodec: codec UNKNOWN CODEC INDEX
03-28 23:04:58.428  1489  1489 D a2dp_codec: createCodec: codec SBC
03-28 23:04:58.428  1489  1489 D a2dp_sbc: A2dpCodecConfigSbc
03-28 23:04:58.428  1489  1489 D a2dp_codec: createCodec: codec AAC
03-28 23:04:58.428  1489  1489 D a2dp_codec: createCodec: codec aptX
03-28 23:04:58.428  1489  1489 D a2dp_codec: createCodec: codec aptX-HD
03-28 23:04:58.428  1489  1489 D a2dp_codec: createCodec: codec aptX-adaptive
03-28 23:04:58.428  1489  1489 D a2dp_codec: createCodec: codec LDAC
03-28 23:04:58.428  1489  1489 D a2dp_codec: createCodec: codec aptX-TWS
03-28 23:04:58.428  1489  1489 D a2dp_codec: createCodec: codec SBC SINK
03-28 23:04:58.428  1489  1489 D a2dp_codec: createCodec: codec UNKNOWN CODEC INDEX
03-28 23:04:58.428  1489  1489 D a2dp_codec: createCodec: codec UNKNOWN CODEC INDEX
03-28 23:04:58.428  1489  1489 E bt_btif : btif_media_send_reset_vendor_state:
03-28 23:04:58.428  1489  1489 E bt_btif : btif_media_send_reset_vendor_state:
03-28 23:04:58.429  1489  1489 D a2dp_codec: createCodec: codec SBC
03-28 23:04:58.429  1489  1489 D a2dp_sbc: A2dpCodecConfigSbc
03-28 23:04:58.429  1489  1489 D a2dp_codec: createCodec: codec AAC
03-28 23:04:58.429  1489  1489 D a2dp_codec: createCodec: codec aptX
03-28 23:04:58.429  1489  1489 D a2dp_codec: createCodec: codec aptX-HD
03-28 23:04:58.429  1489  1489 D a2dp_codec: createCodec: codec aptX-adaptive
03-28 23:04:58.429  1489  1489 D a2dp_codec: createCodec: codec LDAC
03-28 23:04:58.429  1489  1489 D a2dp_codec: createCodec: codec aptX-TWS
03-28 23:04:58.429  1489  1489 D a2dp_codec: createCodec: codec SBC SINK
03-28 23:04:58.429  1489  1489 D a2dp_codec: createCodec: codec UNKNOWN CODEC INDEX
03-28 23:04:58.429  1489  1489 D a2dp_codec: createCodec: codec UNKNOWN CODEC INDEX
03-28 23:04:58.432  1277  1311 I am_proc_start: [0,2324,10043,android.process.media,broadcast,{com.android.providers.downloads/com.android.providers.downloads.DownloadReceiver}]
03-28 23:04:58.432  1277  1311 I ActivityManager: Start proc 2324:android.process.media/u0a43 for broadcast {com.android.providers.downloads/com.android.providers.downloads.DownloadReceiver}
03-28 23:04:58.433  1489  1489 D a2dp_codec: createCodec: codec SBC
03-28 23:04:58.433  1489  1489 D a2dp_sbc: A2dpCodecConfigSbc
03-28 23:04:58.433  1489  1489 D a2dp_codec: createCodec: codec AAC
03-28 23:04:58.433  1489  1489 D a2dp_codec: createCodec: codec aptX
03-28 23:04:58.433  1489  1489 D a2dp_codec: createCodec: codec aptX-HD
03-28 23:04:58.433  1489  1489 D a2dp_codec: createCodec: codec aptX-adaptive
03-28 23:04:58.434  1489  1489 D a2dp_codec: createCodec: codec LDAC
03-28 23:04:58.434  1489  1489 D a2dp_codec: createCodec: codec aptX-TWS
03-28 23:04:58.434  1489  1489 D a2dp_codec: createCodec: codec SBC SINK
03-28 23:04:58.434  1489  1489 D a2dp_codec: createCodec: codec UNKNOWN CODEC INDEX
03-28 23:04:58.434  1489  1489 D a2dp_codec: createCodec: codec UNKNOWN CODEC INDEX
03-28 23:04:58.434  1489  1489 D a2dp_codec: createCodec: codec SBC
03-28 23:04:58.434  1489  1489 D a2dp_sbc: A2dpCodecConfigSbc
03-28 23:04:58.434  1489  1489 D a2dp_codec: createCodec: codec AAC
03-28 23:04:58.434  1489  1489 D a2dp_codec: createCodec: codec aptX
03-28 23:04:58.434  1489  1489 D a2dp_codec: createCodec: codec aptX-HD
03-28 23:04:58.434  1489  1489 D a2dp_codec: createCodec: codec aptX-adaptive
03-28 23:04:58.434  1489  1489 D a2dp_codec: createCodec: codec LDAC
03-28 23:04:58.434  1489  1489 D a2dp_codec: createCodec: codec aptX-TWS
03-28 23:04:58.434  1489  1489 D a2dp_codec: createCodec: codec SBC SINK
03-28 23:04:58.434  1489  1489 D a2dp_codec: createCodec: codec UNKNOWN CODEC INDEX
03-28 23:04:58.434  1489  1489 D a2dp_codec: createCodec: codec UNKNOWN CODEC INDEX
03-28 23:04:58.434  1489  1489 D a2dp_codec: createCodec: codec SBC
03-28 23:04:58.434  1489  1489 D a2dp_sbc: A2dpCodecConfigSbc
03-28 23:04:58.434  1489  1489 D a2dp_codec: createCodec: codec AAC
03-28 23:04:58.434  1489  1489 D a2dp_codec: createCodec: codec aptX
03-28 23:04:58.434  1489  1489 D a2dp_codec: createCodec: codec aptX-HD
03-28 23:04:58.434  1489  1489 D a2dp_codec: createCodec: codec aptX-adaptive
03-28 23:04:58.434  1489  1489 D a2dp_codec: createCodec: codec LDAC
03-28 23:04:58.434  1489  1489 D a2dp_codec: createCodec: codec aptX-TWS
03-28 23:04:58.434  1489  1489 D a2dp_codec: createCodec: codec SBC SINK
03-28 23:04:58.434  1489  1489 D a2dp_codec: createCodec: codec UNKNOWN CODEC INDEX
03-28 23:04:58.434  1489  1489 D a2dp_codec: createCodec: codec UNKNOWN CODEC INDEX
03-28 23:04:58.434  1489  1489 D a2dp_codec: createCodec: codec SBC
03-28 23:04:58.434  1489  1489 D a2dp_sbc: A2dpCodecConfigSbc
03-28 23:04:58.434  1489  1489 D a2dp_codec: createCodec: codec AAC
03-28 23:04:58.434  1489  1489 D a2dp_codec: createCodec: codec aptX
03-28 23:04:58.434  1489  1489 D a2dp_codec: createCodec: codec aptX-HD
03-28 23:04:58.434  1489  1489 D a2dp_codec: createCodec: codec aptX-adaptive
03-28 23:04:58.434  1489  1489 D a2dp_codec: createCodec: codec LDAC
03-28 23:04:58.434  1489  1489 D a2dp_codec: createCodec: codec aptX-TWS
03-28 23:04:58.434  1489  1489 D a2dp_codec: createCodec: codec SBC SINK
03-28 23:04:58.434  1489  1489 D a2dp_codec: createCodec: codec UNKNOWN CODEC INDEX
03-28 23:04:58.434  1489  1489 D a2dp_codec: createCodec: codec UNKNOWN CODEC INDEX
03-28 23:04:58.434  1489  1489 E bt_btif : btif_media_send_reset_vendor_state:
03-28 23:04:58.435  1489  1489 E bt_btif : btif_media_send_reset_vendor_state:
03-28 23:04:58.435  1489  1489 D a2dp_codec: createCodec: codec SBC
03-28 23:04:58.435  1489  1489 D a2dp_sbc: A2dpCodecConfigSbc
03-28 23:04:58.435  1489  1489 D a2dp_codec: createCodec: codec AAC
03-28 23:04:58.435  1489  1489 D a2dp_codec: createCodec: codec aptX
03-28 23:04:58.435  1489  1489 D a2dp_codec: createCodec: codec aptX-HD
03-28 23:04:58.435  1489  1489 D a2dp_codec: createCodec: codec aptX-adaptive
03-28 23:04:58.435  1489  1489 D a2dp_codec: createCodec: codec LDAC
03-28 23:04:58.435  1489  1489 D a2dp_codec: createCodec: codec aptX-TWS
03-28 23:04:58.435  1489  1489 D a2dp_codec: createCodec: codec SBC SINK
03-28 23:04:58.435  1489  1489 D a2dp_codec: createCodec: codec UNKNOWN CODEC INDEX
03-28 23:04:58.435  1489  1489 D a2dp_codec: createCodec: codec UNKNOWN CODEC INDEX
03-28 23:04:58.435  1489  1489 D a2dp_codec: createCodec: codec SBC
03-28 23:04:58.435  1489  1489 D a2dp_sbc: A2dpCodecConfigSbc
03-28 23:04:58.435  1489  1489 D a2dp_codec: createCodec: codec AAC
03-28 23:04:58.435  1489  1489 D a2dp_codec: createCodec: codec aptX
03-28 23:04:58.435  1489  1489 D a2dp_codec: createCodec: codec aptX-HD
03-28 23:04:58.435  1489  1489 D a2dp_codec: createCodec: codec aptX-adaptive
03-28 23:04:58.435  1489  1489 D a2dp_codec: createCodec: codec LDAC
03-28 23:04:58.435  1489  1489 D a2dp_codec: createCodec: codec aptX-TWS
03-28 23:04:58.436  1489  1489 D a2dp_codec: createCodec: codec SBC SINK
03-28 23:04:58.436  1489  1489 D a2dp_codec: createCodec: codec UNKNOWN CODEC INDEX
03-28 23:04:58.436  1489  1489 D a2dp_codec: createCodec: codec UNKNOWN CODEC INDEX
03-28 23:04:58.436  1489  1489 D a2dp_codec: createCodec: codec SBC
03-28 23:04:58.436  1489  1489 D a2dp_sbc: A2dpCodecConfigSbc
03-28 23:04:58.436  1489  1489 D a2dp_codec: createCodec: codec AAC
03-28 23:04:58.436  1489  1489 D a2dp_codec: createCodec: codec aptX
03-28 23:04:58.436  1489  1489 D a2dp_codec: createCodec: codec aptX-HD
03-28 23:04:58.436  1489  1489 D a2dp_codec: createCodec: codec aptX-adaptive
03-28 23:04:58.436  1489  1489 D a2dp_codec: createCodec: codec LDAC
03-28 23:04:58.436  1489  1489 D a2dp_codec: createCodec: codec aptX-TWS
03-28 23:04:58.436  1489  1489 D a2dp_codec: createCodec: codec SBC SINK
03-28 23:04:58.436  1489  1489 D a2dp_codec: createCodec: codec UNKNOWN CODEC INDEX
03-28 23:04:58.436  1489  1489 D a2dp_codec: createCodec: codec UNKNOWN CODEC INDEX
03-28 23:04:58.436  1489  1489 D a2dp_codec: createCodec: codec SBC
03-28 23:04:58.436  1489  1489 D a2dp_sbc: A2dpCodecConfigSbc
03-28 23:04:58.436  1489  1489 D a2dp_codec: createCodec: codec AAC
03-28 23:04:58.436  1489  1489 D a2dp_codec: createCodec: codec aptX
03-28 23:04:58.436  1489  1489 D a2dp_codec: createCodec: codec aptX-HD
03-28 23:04:58.436  1489  1489 D a2dp_codec: createCodec: codec aptX-adaptive
03-28 23:04:58.436  1489  1489 D a2dp_codec: createCodec: codec LDAC
03-28 23:04:58.436  1489  1489 D a2dp_codec: createCodec: codec aptX-TWS
03-28 23:04:58.436  1489  1489 D a2dp_codec: createCodec: codec SBC SINK
03-28 23:04:58.436  1489  1489 D a2dp_codec: createCodec: codec UNKNOWN CODEC INDEX
03-28 23:04:58.436  1489  1489 D a2dp_codec: createCodec: codec UNKNOWN CODEC INDEX
03-28 23:04:58.436  1489  1489 D a2dp_codec: createCodec: codec SBC
03-28 23:04:58.436  1489  1489 D a2dp_sbc: A2dpCodecConfigSbc
03-28 23:04:58.436  1489  1489 D a2dp_codec: createCodec: codec AAC
03-28 23:04:58.436  1489  1489 D a2dp_codec: createCodec: codec aptX
