03-28 23:04:58.436  1489  1489 D a2dp_codec: createCodec: codec aptX-HD
03-28 23:04:58.436  1489  1489 D a2dp_codec: createCodec: codec aptX-adaptive
03-28 23:04:58.436  1489  1489 D a2dp_codec: createCodec: codec LDAC
03-28 23:04:58.436  1489  1489 D a2dp_codec: createCodec: codec aptX-TWS
03-28 23:04:58.436  1489  1489 D a2dp_codec: createCodec: codec SBC SINK
03-28 23:04:58.436  1489  1489 D a2dp_codec: createCodec: codec UNKNOWN CODEC INDEX
03-28 23:04:58.436  1489  1489 D a2dp_codec: createCodec: codec UNKNOWN CODEC INDEX
03-28 23:04:58.437  1489  1489 E bt_btif : btif_media_send_reset_vendor_state:
03-28 23:04:58.437  1489  1489 E bt_btif : btif_media_send_reset_vendor_state:
03-28 23:04:58.437  1489  1703 E bt_btif : btif_a2dp_source_startup: A2DP Source media task already running
03-28 23:04:58.438  1489  2127 D a2dp_aac: A2DP_BuildInfoAac: media_type: 0, p_ie->bitRate: 165000
03-28 23:04:58.442  1489  2127 D a2dp_aac: A2DP_BuildInfoAac: media_type: 0, p_ie->bitRate: 165000
03-28 23:04:58.443  1489  2127 D a2dp_aac: A2DP_BuildInfoAac: media_type: 0, p_ie->bitRate: 165000
03-28 23:04:58.443  1489  2127 D a2dp_aac: A2DP_BuildInfoAac: media_type: 0, p_ie->bitRate: 165000
03-28 23:04:58.451  1489  2127 D a2dp_aac: A2DP_BuildInfoAac: media_type: 0, p_ie->bitRate: 165000
03-28 23:04:58.475  1277  1297 I am_proc_bound: [0,2324,android.process.media]
03-28 23:04:58.679   683   720 I /vendor/bin/hw/vendor.qti.hardware.servicetracker@1.0-service: startService() is called for servicecom.android.providers.media/.MediaService
03-28 23:04:58.685  2324  2425 I MediaProvider: Begin Intent { act=android.intent.action.MEDIA_MOUNTED dat=file:///storage/emulated/0 flg=0x5000010 cmp=com.android.providers.media/.MediaService (has extras) }
03-28 23:04:58.719  2324  2425 W ModernMediaScanner: Failed to visit /system/media: java.nio.file.NoSuchFileException: /system/media
03-28 23:04:58.753  2324  2425 W ModernMediaScanner: Failed to visit /oem/media: java.nio.file.NoSuchFileException: /oem/media
03-28 23:04:58.960   894  1007 D NuPlayerDriver: NuPlayerDriver(0xe5d40500) created, clientPid(1277)
03-28 23:04:58.964   894  1007 I Codec2Client: Creating a Codec2 client to service "software"
03-28 23:04:58.965   894  1007 I Codec2Client: Client to Codec2 service "software" created
03-28 23:04:58.966   894  1007 I ExtendedNuUtils: printFileName fd(11) -> /product/media/audio/ui/Effect_Tick.ogg
03-28 23:04:58.966  1277  1618 W MediaPlayer: See the documentation of setAudioStreamType() for what to use instead with android.media.AudioAttributes to qualify your playback use case
03-28 23:04:58.969   894  1007 I ExtendedUtils: printFileName fd(13) -> /product/media/audio/ringtones/CanisMajor.ogg
03-28 23:04:58.969  1489  2281 D Avrcp_ext: AudioManager Player: ID:23 -- type:android.media.SoundPool -- u/pid:10103/1511 -- state:idle -- attr:AudioAttributes: usage=USAGE_ASSISTANCE_SONIFICATION content=CONTENT_TYPE_SONIFICATION flags=0x800 tags= bundle=null
03-28 23:04:58.970  1489  2281 D Avrcp_ext: AudioManager Player: ID:15 -- type:android.media.SoundPool -- u/pid:1000/1277 -- state:idle -- attr:AudioAttributes: usage=USAGE_ASSISTANCE_SONIFICATION content=CONTENT_TYPE_SONIFICATION flags=0x800 tags= bundle=null
03-28 23:04:58.971  1489  2281 D Avrcp_ext: AudioManager Player: ID:31 -- type:android.media.MediaPlayer -- u/pid:1000/1768 -- state:idle -- attr:AudioAttributes: usage=USAGE_MEDIA content=CONTENT_TYPE_MUSIC flags=0x800 tags= bundle=null
03-28 23:04:58.975   889  2034 I MMParserExtractor: Created(0x2d0cb79190)
03-28 23:04:58.977   894  2488 D GenericSource: FileSource remote
03-28 23:04:58.979   889  2034 I MMParserExtractor: Created(0x2d0cb79dd0)
03-28 23:04:58.985   889  1434 D MediaBufferGroup: creating MemoryDealer
03-28 23:04:58.995   894  2490 I ExtendedUtils: printFileName fd(12) -> /product/media/audio/ringtones/PERSEUS.ogg
03-28 23:04:58.999   894  2487 I GenericSource: start
03-28 23:04:58.999  1489  2281 D Avrcp_ext: AudioManager Player: ID:23 -- type:android.media.SoundPool -- u/pid:10103/1511 -- state:idle -- attr:AudioAttributes: usage=USAGE_ASSISTANCE_SONIFICATION content=CONTENT_TYPE_SONIFICATION flags=0x800 tags= bundle=null
03-28 23:04:58.999  1489  2281 D Avrcp_ext: AudioManager Player: ID:15 -- type:android.media.SoundPool -- u/pid:1000/1277 -- state:idle -- attr:AudioAttributes: usage=USAGE_ASSISTANCE_SONIFICATION content=CONTENT_TYPE_SONIFICATION flags=0x800 tags= bundle=null
03-28 23:04:58.999  1489  2281 D Avrcp_ext: AudioManager Player: ID:31 -- type:android.media.MediaPlayer -- u/pid:1000/1768 -- state:started -- attr:AudioAttributes: usage=USAGE_MEDIA content=CONTENT_TYPE_MUSIC flags=0x800 tags= bundle=null
03-28 23:04:59.001  1277  1277 V MediaRouter: Selecting route: RouteInfo{ name=Phone, description=null, status=null, category=RouteCategory{ name=System types=ROUTE_TYPE_LIVE_AUDIO ROUTE_TYPE_LIVE_VIDEO  groupable=false }, supportedTypes=ROUTE_TYPE_LIVE_AUDIO ROUTE_TYPE_LIVE_VIDEO , presentationDisplay=null }
03-28 23:04:59.022   889  2489 I MMParserExtractor: Created(0x2d0cb87350)
03-28 23:04:59.040   894  2496 I OMXClient: IOmx service obtained
03-28 23:04:59.040   916  2020 I OMXMaster: makeComponentInstance(OMX.google.vorbis.decoder) in android.hardwar process
03-28 23:04:59.049   916  2020 E OMXNodeInstance: setConfig(0xf7b26320:google.vorbis.decoder, ConfigPriority(0x6f800002)) ERROR: Undefined(0x80001001)
03-28 23:04:59.050   894  2496 I ACodec  : codec does not support config priority (err -2147483648)
03-28 23:04:59.051   916  2020 E OMXNodeInstance: setConfig(0xf7b26320:google.vorbis.decoder, ConfigPriority(0x6f800002)) ERROR: Undefined(0x80001001)
03-28 23:04:59.051   894  2496 I ACodec  : codec does not support config priority (err -2147483648)
03-28 23:04:59.051   916  2020 E OMXNodeInstance: getConfig(0xf7b26320:google.vorbis.decoder, ConfigAndroidVendorExtension(0x6f100004)) ERROR: Undefined(0x80001001)
03-28 23:04:59.052   894  2496 W ExtendedACodec: Failed to get extension for extradata parameter
03-28 23:04:59.052   894  2496 I MediaCodec: MediaCodec will operate in async mode
03-28 23:04:59.054   894   894 I ExtendedUtils: printFileName fd(12) -> /product/media/audio/ringtones/URSAMINOR.ogg
03-28 23:04:59.066   889  2489 I MMParserExtractor: Created(0x2d0cb86d30)
03-28 23:04:59.085   894   894 I ExtendedUtils: printFileName fd(13) -> /product/media/audio/ringtones/Perseus.ogg
03-28 23:04:59.087   894  2495 I ExtendedNuUtils: Both src and dst missing for bit-width
03-28 23:04:59.087   894  2495 I ExtendedNuUtils: Overriding durationUs: with 64 bit src value 94000
03-28 23:04:59.087   894  2495 I ExtendedNuUtils: Both src and dst missing for channel-mask
03-28 23:04:59.105   889  2489 I MMParserExtractor: Created(0x2d0cb7c6f0)
03-28 23:04:59.133   894   894 I ExtendedUtils: printFileName fd(13) -> /product/media/audio/ringtones/Hydra.ogg
03-28 23:04:59.140   889  2489 I MMParserExtractor: Created(0x2d0cb82f10)
03-28 23:04:59.146   646  2516 I msm8974_platform: platform_check_codec_backend_cfg:becf: afe: Codec selected backend: 0 updated bit width: 16 and sample rate: 48000
03-28 23:04:59.182   894   894 I ExtendedUtils: printFileName fd(13) -> /product/media/audio/ringtones/Andromeda.ogg
03-28 23:04:59.187   889  2489 I MMParserExtractor: Created(0x2d0cb7a3f0)
03-28 23:04:59.214   894  1805 I ExtendedUtils: printFileName fd(13) -> /product/media/audio/notifications/Pollux.ogg
03-28 23:04:59.218   889  2489 I MMParserExtractor: Created(0x2d0cb79270)
03-28 23:04:59.234  1489  2281 D Avrcp_ext: AudioManager Player: ID:23 -- type:android.media.SoundPool -- u/pid:10103/1511 -- state:idle -- attr:AudioAttributes: usage=USAGE_ASSISTANCE_SONIFICATION content=CONTENT_TYPE_SONIFICATION flags=0x800 tags= bundle=null
03-28 23:04:59.234  1489  2281 D Avrcp_ext: AudioManager Player: ID:15 -- type:android.media.SoundPool -- u/pid:1000/1277 -- state:idle -- attr:AudioAttributes: usage=USAGE_ASSISTANCE_SONIFICATION content=CONTENT_TYPE_SONIFICATION flags=0x800 tags= bundle=null
03-28 23:04:59.235  1489  2281 D Avrcp_ext: AudioManager Player: ID:31 -- type:android.media.MediaPlayer -- u/pid:1000/1768 -- state:stopped -- attr:AudioAttributes: usage=USAGE_MEDIA content=CONTENT_TYPE_MUSIC flags=0x800 tags= bundle=null
03-28 23:04:59.235   894  1805 D NuPlayerDriver: reset(0xe5d40500) at state 6
03-28 23:04:59.236  1489  2281 D Avrcp_ext: AudioManager Player: ID:23 -- type:android.media.SoundPool -- u/pid:10103/1511 -- state:idle -- attr:AudioAttributes: usage=USAGE_ASSISTANCE_SONIFICATION content=CONTENT_TYPE_SONIFICATION flags=0x800 tags= bundle=null
03-28 23:04:59.236  1489  2281 D Avrcp_ext: AudioManager Player: ID:15 -- type:android.media.SoundPool -- u/pid:1000/1277 -- state:idle -- attr:AudioAttributes: usage=USAGE_ASSISTANCE_SONIFICATION content=CONTENT_TYPE_SONIFICATION flags=0x800 tags= bundle=null
03-28 23:04:59.280   894  1007 I ExtendedUtils: printFileName fd(13) -> /product/media/audio/notifications/Vega.ogg
03-28 23:04:59.285   889  2489 I MMParserExtractor: Created(0x2d0cb7ca70)
03-28 23:04:59.290   894  2490 I ExtendedUtils: printFileName fd(13) -> /product/media/audio/notifications/Arcturus.ogg
03-28 23:04:59.292   889  2489 I MMParserExtractor: Created(0x2d0cb79190)
03-28 23:04:59.309   894  2487 D NuPlayerDriver: notifyResetComplete(0xe5d40500)
03-28 23:04:59.372  2324  2425 E SQLiteDatabase: Error inserting title_key=H2LN2RN instance_id=null duration=10170 is_ringtone=1 album_artist=null orientation=null format=47362 height=null is_drm=0 bucket_display_name=ringtones is_audiobook=0 parent=17 volume_name=internal title_resource_uri=null date_modified=1616078197 composer=null _display_name=Perseus.ogg datetaken=null mime_type=audio/ogg is_notification=0 year=null _data=/product/media/audio/ringtones/Perseus.ogg _size=236343 is_alarm=0 title=Perseus track=null width=null is_music=0 group_id=-678450419 document_id=null artist_id=3 date_added=1616987099 is_podcast=0 album_id=1 original_document_id=null bucket_id=-129249538 media_type=2 relative_path=null
03-28 23:04:59.372  2324  2425 E SQLiteDatabase: 	at com.android.providers.media.MediaProvider.insertFile(MediaProvider.java:2713)
03-28 23:04:59.372  2324  2425 E SQLiteDatabase: 	at com.android.providers.media.MediaProvider.insertInternal(MediaProvider.java:3076)
03-28 23:04:59.372  2324  2425 E SQLiteDatabase: 	at com.android.providers.media.MediaProvider.insert(MediaProvider.java:2903)
03-28 23:04:59.372  2324  2425 E SQLiteDatabase: 	at com.android.providers.media.MediaProvider.applyBatch(MediaProvider.java:3302)
03-28 23:04:59.372  2324  2425 E SQLiteDatabase: 	at com.android.providers.media.scan.ModernMediaScanner$Scan.applyPending(ModernMediaScanner.java:439)
03-28 23:04:59.372  2324  2425 E SQLiteDatabase: 	at com.android.providers.media.scan.ModernMediaScanner$Scan.walkFileTree(ModernMediaScanner.java:274)
03-28 23:04:59.372  2324  2425 E SQLiteDatabase: 	at com.android.providers.media.scan.ModernMediaScanner$Scan.run(ModernMediaScanner.java:245)
03-28 23:04:59.372  2324  2425 E SQLiteDatabase: 	at com.android.providers.media.scan.ModernMediaScanner.scanDirectory(ModernMediaScanner.java:166)
03-28 23:04:59.372  2324  2425 E SQLiteDatabase: 	at com.android.providers.media.MediaService.onScanVolume(MediaService.java:150)
03-28 23:04:59.372  2324  2425 E SQLiteDatabase: 	at com.android.providers.media.MediaService.onScanVolume(MediaService.java:131)
03-28 23:04:59.372  2324  2425 E SQLiteDatabase: 	at com.android.providers.media.MediaService.onHandleIntent(MediaService.java:86)
03-28 23:04:59.399  2324  2425 I dvm_lock_sample: [android.process.media,0,IntentService[MediaProvider],5,SQLiteConnectionPool.java,402,void android.database.sqlite.SQLiteConnectionPool.releaseConnection(android.database.sqlite.SQLiteConnection),SQLiteConnection.java,-2,long android.database.sqlite.SQLiteConnection.nativeOpen(java.lang.String, int, java.lang.String, boolean, boolean, int, int),1]
03-28 23:04:59.483  2324  2425 I MediaProvider: End Intent { act=android.intent.action.MEDIA_MOUNTED dat=file:///storage/emulated/0 flg=0x5000010 cmp=com.android.providers.media/.MediaService (has extras) }
03-28 23:04:59.485   683   720 I /vendor/bin/hw/vendor.qti.hardware.servicetracker@1.0-service: destroyService is called for service : com.android.providers.media/.MediaService
03-28 23:05:09.413  1489  2281 D Avrcp_ext: AudioManager Player: ID:23 -- type:android.media.SoundPool -- u/pid:10103/1511 -- state:idle -- attr:AudioAttributes: usage=USAGE_ASSISTANCE_SONIFICATION content=CONTENT_TYPE_SONIFICATION flags=0x800 tags= bundle=null
03-28 23:05:09.413  1489  2281 D Avrcp_ext: AudioManager Player: ID:39 -- type:android.media.MediaPlayer -- u/pid:10114/2986 -- state:idle -- attr:AudioAttributes: usage=USAGE_UNKNOWN content=CONTENT_TYPE_UNKNOWN flags=0x800 tags= bundle=null
03-28 23:05:09.413  1489  2281 D Avrcp_ext: AudioManager Player: ID:55 -- type:android.media.MediaPlayer -- u/pid:10103/1511 -- state:idle -- attr:AudioAttributes: usage=USAGE_NOTIFICATION content=CONTENT_TYPE_SONIFICATION flags=0x800 tags= bundle=null
03-28 23:05:09.413  1489  2281 D Avrcp_ext: AudioManager Player: ID:15 -- type:android.media.SoundPool -- u/pid:1000/1277 -- state:idle -- attr:AudioAttributes: usage=USAGE_ASSISTANCE_SONIFICATION content=CONTENT_TYPE_SONIFICATION flags=0x800 tags= bundle=null
03-28 23:05:09.413  1489  2281 D Avrcp_ext: AudioManager Player: ID:47 -- type:android.media.MediaPlayer -- u/pid:10114/2986 -- state:idle -- attr:AudioAttributes: usage=USAGE_UNKNOWN content=CONTENT_TYPE_UNKNOWN flags=0x800 tags= bundle=null
03-28 23:05:09.416   894  1805 D NuPlayerDriver: NuPlayerDriver(0xe5d40500) created, clientPid(1511)
03-28 23:05:09.419   894  1805 I Codec2Client: Creating a Codec2 client to service "software"
03-28 23:05:09.426   894  1805 I Codec2Client: Client to Codec2 service "software" created
03-28 23:05:09.427   894  1805 I ExtendedNuUtils: printFileName fd(11) -> /data/system_de/0/ringtones/notification_sound_cache
03-28 23:05:09.434   894  3278 D GenericSource: FileSource remote
03-28 23:05:09.437   889  2489 I MMParserExtractor: Created(0x2d0cb7bff0)
03-28 23:05:09.439   889  1434 D MediaBufferGroup: creating MemoryDealer
03-28 23:05:09.454  1277  1397 I MediaFocusControl: requestAudioFocus() from uid/pid 10103/1511 clientId=android.media.AudioManager@be29316 callingPack=com.android.systemui req=3 flags=0x0 sdk=29
03-28 23:05:09.955   894  3273 I GenericSource: start
03-28 23:05:09.956  1511  1511 V MediaRouter: Selecting route: RouteInfo{ name=Phone, description=null, status=null, category=RouteCategory{ name=System types=ROUTE_TYPE_LIVE_AUDIO ROUTE_TYPE_LIVE_VIDEO  groupable=false }, supportedTypes=ROUTE_TYPE_LIVE_AUDIO ROUTE_TYPE_LIVE_VIDEO , presentationDisplay=null }
03-28 23:05:09.956  1489  2281 D Avrcp_ext: AudioManager Player: ID:23 -- type:android.media.SoundPool -- u/pid:10103/1511 -- state:idle -- attr:AudioAttributes: usage=USAGE_ASSISTANCE_SONIFICATION content=CONTENT_TYPE_SONIFICATION flags=0x800 tags= bundle=null
03-28 23:05:09.956  1489  2281 D Avrcp_ext: AudioManager Player: ID:39 -- type:android.media.MediaPlayer -- u/pid:10114/2986 -- state:idle -- attr:AudioAttributes: usage=USAGE_UNKNOWN content=CONTENT_TYPE_UNKNOWN flags=0x800 tags= bundle=null
03-28 23:05:09.956  1489  2281 D Avrcp_ext: AudioManager Player: ID:55 -- type:android.media.MediaPlayer -- u/pid:10103/1511 -- state:started -- attr:AudioAttributes: usage=USAGE_NOTIFICATION content=CONTENT_TYPE_SONIFICATION flags=0x800 tags= bundle=null
03-28 23:05:09.960   894  1805 D NuPlayerDriver: stop(0xe5d40500)
03-28 23:05:09.961   894  1805 D NuPlayerDriver: reset(0xe5d40500) at state 8
03-28 23:05:09.962  1489  2281 D Avrcp_ext: AudioManager Player: ID:23 -- type:android.media.SoundPool -- u/pid:10103/1511 -- state:idle -- attr:AudioAttributes: usage=USAGE_ASSISTANCE_SONIFICATION content=CONTENT_TYPE_SONIFICATION flags=0x800 tags= bundle=null
03-28 23:05:09.962  1489  2281 D Avrcp_ext: AudioManager Player: ID:39 -- type:android.media.MediaPlayer -- u/pid:10114/2986 -- state:idle -- attr:AudioAttributes: usage=USAGE_UNKNOWN content=CONTENT_TYPE_UNKNOWN flags=0x800 tags= bundle=null
03-28 23:05:09.962  1489  2281 D Avrcp_ext: AudioManager Player: ID:55 -- type:android.media.MediaPlayer -- u/pid:10103/1511 -- state:stopped -- attr:AudioAttributes: usage=USAGE_NOTIFICATION content=CONTENT_TYPE_SONIFICATION flags=0x800 tags= bundle=null
03-28 23:05:09.963  1489  2281 D Avrcp_ext: AudioManager Player: ID:15 -- type:android.media.SoundPool -- u/pid:1000/1277 -- state:idle -- attr:AudioAttributes: usage=USAGE_ASSISTANCE_SONIFICATION content=CONTENT_TYPE_SONIFICATION flags=0x800 tags= bundle=null
03-28 23:05:09.963  1489  2281 D Avrcp_ext: AudioManager Player: ID:47 -- type:android.media.MediaPlayer -- u/pid:10114/2986 -- state:idle -- attr:AudioAttributes: usage=USAGE_UNKNOWN content=CONTENT_TYPE_UNKNOWN flags=0x800 tags= bundle=null
03-28 23:05:09.965  1489  2281 D Avrcp_ext: AudioManager Player: ID:23 -- type:android.media.SoundPool -- u/pid:10103/1511 -- state:idle -- attr:AudioAttributes: usage=USAGE_ASSISTANCE_SONIFICATION content=CONTENT_TYPE_SONIFICATION flags=0x800 tags= bundle=null
03-28 23:05:09.965  1489  2281 D Avrcp_ext: AudioManager Player: ID:39 -- type:android.media.MediaPlayer -- u/pid:10114/2986 -- state:idle -- attr:AudioAttributes: usage=USAGE_UNKNOWN content=CONTENT_TYPE_UNKNOWN flags=0x800 tags= bundle=null
03-28 23:05:09.965  1489  2281 D Avrcp_ext: AudioManager Player: ID:15 -- type:android.media.SoundPool -- u/pid:1000/1277 -- state:idle -- attr:AudioAttributes: usage=USAGE_ASSISTANCE_SONIFICATION content=CONTENT_TYPE_SONIFICATION flags=0x800 tags= bundle=null
03-28 23:05:09.965  1489  2281 D Avrcp_ext: AudioManager Player: ID:47 -- type:android.media.MediaPlayer -- u/pid:10114/2986 -- state:idle -- attr:AudioAttributes: usage=USAGE_UNKNOWN content=CONTENT_TYPE_UNKNOWN flags=0x800 tags= bundle=null
03-28 23:05:09.966   894  3317 I OMXClient: IOmx service obtained
03-28 23:05:09.966   916  2020 I OMXMaster: makeComponentInstance(OMX.google.vorbis.decoder) in android.hardwar process
03-28 23:05:09.968   916  2020 E OMXNodeInstance: setConfig(0xf7b26320:google.vorbis.decoder, ConfigPriority(0x6f800002)) ERROR: Undefined(0x80001001)
03-28 23:05:09.968   894  3317 I ACodec  : codec does not support config priority (err -2147483648)
03-28 23:05:09.969   916  2020 E OMXNodeInstance: setConfig(0xf7b26320:google.vorbis.decoder, ConfigPriority(0x6f800002)) ERROR: Undefined(0x80001001)
03-28 23:05:09.969   894  3317 I ACodec  : codec does not support config priority (err -2147483648)
03-28 23:05:09.969   916  2020 E OMXNodeInstance: getConfig(0xf7b26320:google.vorbis.decoder, ConfigAndroidVendorExtension(0x6f100004)) ERROR: Undefined(0x80001001)
03-28 23:05:09.969   894  3317 W ExtendedACodec: Failed to get extension for extradata parameter
03-28 23:05:09.969   894  3317 I MediaCodec: MediaCodec will operate in async mode
03-28 23:05:09.987   894  3273 D NuPlayerDriver: notifyResetComplete(0xe5d40500)
03-28 23:05:09.989  1277  1618 I MediaFocusControl: abandonAudioFocus() from uid/pid 10103/1511 clientId=android.media.AudioManager@be29316
03-28 23:05:55.019  1277  1309 I am_pss  : [2324,10043,android.process.media,12764160,8937472,0,117317632,0,20,5]
03-28 23:06:46.456   646  2516 I msm8974_platform: platform_check_codec_backend_cfg:becf: afe: Codec selected backend: 0 updated bit width: 16 and sample rate: 48000
03-28 23:06:46.492  1277  1309 I am_pss  : [2324,10043,android.process.media,12763136,8937472,0,117448704,0,20,13]
03-28 23:06:46.577  3411  3411 D Wrapper : getField:class android.media.CamcorderProfile field:QUALITY_VGA
03-28 23:06:46.577  3411  3411 D Wrapper : getField:class android.media.CamcorderProfile QUALITY_VGA
03-28 23:06:46.577  3411  3411 D Wrapper : getField:class android.media.CamcorderProfile field:QUALITY_4KDCI
03-28 23:06:46.577  3411  3411 D Wrapper : getField:class android.media.CamcorderProfile QUALITY_4KDCI
03-28 23:06:46.577  3411  3411 D Wrapper : getField:class android.media.CamcorderProfile field:QUALITY_TIME_LAPSE_VGA
03-28 23:06:46.577  3411  3411 D Wrapper : getField:class android.media.CamcorderProfile QUALITY_TIME_LAPSE_VGA
03-28 23:06:46.577  3411  3411 D Wrapper : getField:class android.media.CamcorderProfile field:QUALITY_TIME_LAPSE_4KDCI
03-28 23:06:46.577  3411  3411 D Wrapper : getField:class android.media.CamcorderProfile QUALITY_TIME_LAPSE_4KDCI
03-28 23:06:46.577  3411  3411 D Wrapper : getField:class android.media.CamcorderProfile field:QUALITY_HIGH_SPEED_CIF
03-28 23:06:46.577  3411  3411 D Wrapper : getField:class android.media.CamcorderProfile QUALITY_HIGH_SPEED_CIF
03-28 23:06:46.577  3411  3411 D Wrapper : getField:class android.media.CamcorderProfile field:QUALITY_HIGH_SPEED_VGA
03-28 23:06:46.577  3411  3411 D Wrapper : getField:class android.media.CamcorderProfile QUALITY_HIGH_SPEED_VGA
03-28 23:06:46.577  3411  3411 D Wrapper : getField:class android.media.CamcorderProfile field:QUALITY_HIGH_SPEED_4KDCI
03-28 23:06:46.577  3411  3411 D Wrapper : getField:class android.media.CamcorderProfile QUALITY_HIGH_SPEED_4KDCI
03-28 23:06:46.577  3411  3411 D Wrapper : getField:class android.media.CamcorderProfile field:QUALITY_QHD
03-28 23:06:46.577  3411  3411 D Wrapper : getField:class android.media.CamcorderProfile QUALITY_QHD
03-28 23:06:46.577  3411  3411 D Wrapper : getField:class android.media.CamcorderProfile field:QUALITY_2k
03-28 23:06:47.894  3411  3411 E SnapCam_SettingsManager: Codec = 1, capabilities: mMinFrameWidth = 176 , mMinFrameHeight = 144 , mMaxFrameWidth = 800 , mMaxFrameHeight = 480
03-28 23:06:47.894  3411  3411 E SnapCam_SettingsManager: Codec = 1, capabilities: mMinFrameWidth = 176 , mMinFrameHeight = 144 , mMaxFrameWidth = 800 , mMaxFrameHeight = 480
03-28 23:06:47.899  3411  3411 E SnapCam_SettingsManager: Codec = 1, capabilities: mMinFrameWidth = 176 , mMinFrameHeight = 144 , mMaxFrameWidth = 800 , mMaxFrameHeight = 480
03-28 23:06:47.914  3411  3411 E SnapCam_SettingsManager: Codec = 1, capabilities: mMinFrameWidth = 176 , mMinFrameHeight = 144 , mMaxFrameWidth = 800 , mMaxFrameHeight = 480
03-28 23:06:47.915  3411  3411 E SnapCam_SettingsManager: Codec = 1, capabilities: mMinFrameWidth = 176 , mMinFrameHeight = 144 , mMaxFrameWidth = 800 , mMaxFrameHeight = 480
03-28 23:06:48.335  3411  3411 E SnapCam_SettingsManager: Codec = 1, capabilities: mMinFrameWidth = 176 , mMinFrameHeight = 144 , mMaxFrameWidth = 800 , mMaxFrameHeight = 480
03-28 23:06:48.335  3411  3411 E SnapCam_SettingsManager: Codec = 1, capabilities: mMinFrameWidth = 176 , mMinFrameHeight = 144 , mMaxFrameWidth = 800 , mMaxFrameHeight = 480
03-28 23:06:48.336  3411  3411 E SnapCam_SettingsManager: Codec = 1, capabilities: mMinFrameWidth = 176 , mMinFrameHeight = 144 , mMaxFrameWidth = 800 , mMaxFrameHeight = 480
03-28 23:06:48.342  3411  3411 E SnapCam_SettingsManager: Codec = 1, capabilities: mMinFrameWidth = 176 , mMinFrameHeight = 144 , mMaxFrameWidth = 800 , mMaxFrameHeight = 480
03-28 23:06:48.342  3411  3411 E SnapCam_SettingsManager: Codec = 1, capabilities: mMinFrameWidth = 176 , mMinFrameHeight = 144 , mMaxFrameWidth = 800 , mMaxFrameHeight = 480
03-28 23:06:48.381   889  2489 I MMParserExtractor: Created(0x2d0cb83c30)
03-28 23:06:48.413   916  2020 I OMXMaster: makeComponentInstance(OMX.google.vorbis.decoder) in android.hardwar process
03-28 23:06:48.415   916  2021 E OMXNodeInstance: getConfig(0xf7b26320:google.vorbis.decoder, ConfigAndroidVendorExtension(0x6f100004)) ERROR: Undefined(0x80001001)
03-28 23:06:48.428   889  2489 D MediaBufferGroup: creating MemoryDealer
03-28 23:06:48.514   889  1083 I MMParserExtractor: Created(0x2d0cb80510)
03-28 23:06:48.534   916  1624 I OMXMaster: makeComponentInstance(OMX.google.vorbis.decoder) in android.hardwar process
03-28 23:06:48.535   916  1624 E OMXNodeInstance: getConfig(0xf5948120:google.vorbis.decoder, ConfigAndroidVendorExtension(0x6f100004)) ERROR: Undefined(0x80001001)
03-28 23:06:48.555   889  1083 D MediaBufferGroup: creating MemoryDealer
03-28 23:06:48.644   889  1083 I MMParserExtractor: Created(0x2d0cb79f90)
03-28 23:06:48.652   916  1624 I OMXMaster: makeComponentInstance(OMX.google.vorbis.decoder) in android.hardwar process
03-28 23:06:48.655   916  1624 E OMXNodeInstance: getConfig(0xf5948120:google.vorbis.decoder, ConfigAndroidVendorExtension(0x6f100004)) ERROR: Undefined(0x80001001)
03-28 23:06:48.671   889  1083 D MediaBufferGroup: creating MemoryDealer
03-28 23:06:48.705   889  1083 I MMParserExtractor: Created(0x2d0cb7a070)
03-28 23:06:48.708   916  1624 I OMXMaster: makeComponentInstance(OMX.google.vorbis.decoder) in android.hardwar process
03-28 23:06:48.709   916  1624 E OMXNodeInstance: getConfig(0xf5948120:google.vorbis.decoder, ConfigAndroidVendorExtension(0x6f100004)) ERROR: Undefined(0x80001001)
03-28 23:06:48.714   889  1083 D MediaBufferGroup: creating MemoryDealer
03-28 23:06:50.725   894  1805 I Codec2Client: Creating a Codec2 client to service "software"
03-28 23:06:50.727   894  1805 I Codec2Client: Client to Codec2 service "software" created
03-28 23:06:50.757   894  3607 I OMXClient: IOmx service obtained
03-28 23:06:50.758   916  1624 I OMXMaster: makeComponentInstance(OMX.qcom.video.encoder.avc) in android.hardwar process
03-28 23:06:50.772   916  1624 I OMX-VENC: Video encode perflock acquired,handle=24
03-28 23:06:50.772     0     0 I msm_vidc: info: Opening video instance: 0000000000000000, 0
03-28 23:06:50.784   916  1624 I OMX-VENC: Component_init : OMX.qcom.video.encoder.avc : return = 0x0
03-28 23:06:50.792   894  3606 I MediaCodec: MediaCodec will operate in async mode
03-28 23:06:50.793   916   916 E OMXNodeInstance: setParameter(0xf5317844:qcom.encoder.avc, OMX.google.android.index.allocateNativeHandle(0x7f00005d): Input:0 en=0) ERROR: UnsupportedSetting(0x80001019)
03-28 23:06:50.794   916   916 E OMXNodeInstance: setParameter(0xf5317844:qcom.encoder.avc, OMX.google.android.index.allocateNativeHandle(0x7f00005d): Output:1 en=0) ERROR: UnsupportedSetting(0x80001019)
03-28 23:06:50.794   916   916 W OMXNodeInstance: [0xf5317844:qcom.encoder.avc] component does not support metadata mode; using fallback
03-28 23:06:50.794   894  3607 I ExtendedACodec: setupVideoEncoder()
03-28 23:06:50.794   894  3607 W OMXUtils: do not know color format 0x7fa30c04 = 2141391876
03-28 23:06:50.795   894  3607 W OMXUtils: do not know color format 0x7f000789 = 2130708361
03-28 23:06:50.824   894  3607 I ACodec  : setupAVCEncoderParameters with [profile: High] [level: Level4]
03-28 23:06:50.828   894  3607 I ACodec  : [OMX.qcom.video.encoder.avc] cannot encode HDR static metadata. Ignoring.
03-28 23:06:50.828   894  3607 I ACodec  : setupVideoEncoder succeeded
03-28 23:06:50.828   894  3607 I ExtendedACodec: [OMX.qcom.video.encoder.avc] configure, AMessage : AMessage(what = 'conf', target = 22) = {
03-28 23:06:50.828   894  3607 I ExtendedACodec:   string mime = "video/avc"
03-28 23:06:50.828   894  3607 I ExtendedACodec:   int32_t width = 1920
03-28 23:06:50.828   894  3607 I ExtendedACodec:   int32_t height = 1080
03-28 23:06:50.828   894  3607 I ExtendedACodec:   int32_t stride = 1920
03-28 23:06:50.828   894  3607 I ExtendedACodec:   int32_t slice-height = 1080
03-28 23:06:50.828   894  3607 I ExtendedACodec:   int32_t color-format = 2130708361
03-28 23:06:50.828   894  3607 I ExtendedACodec:   int32_t bitrate = 20000000
03-28 23:06:50.828   894  3607 I ExtendedACodec:   int32_t frame-rate = 30
03-28 23:06:50.828   894  3607 I ExtendedACodec:   int32_t i-frame-interval = 1
03-28 23:06:50.828   894  3607 I ExtendedACodec:   int32_t priority = 0
03-28 23:06:50.828   894  3607 I ExtendedACodec:   int32_t feature-nal-length-bitstream = 1
03-28 23:06:50.828   894  3607 I ExtendedACodec:   int32_t nal-length-in-bytes = 4
03-28 23:06:50.828   894  3607 I ExtendedACodec:   int32_t isNativeRecorder = 1
03-28 23:06:50.828   894  3607 I ExtendedACodec:   int32_t create-input-buffers-suspended = 1
03-28 23:06:50.828   894  3607 I ExtendedACodec:   int32_t encoder = 1
03-28 23:06:50.828   894  3607 I ExtendedACodec: }
03-28 23:06:50.833   894  3607 W OMXUtils: do not know color format 0x7f000789 = 2130708361
03-28 23:06:50.833   916  2026 E OMXNodeInstance: getConfig(0xf5317844:qcom.encoder.avc, ConfigLatency(0x6f800005)) ERROR: UnsupportedIndex(0x8000101a)
03-28 23:06:50.845   916  3538 E OMXNodeInstance: setConfig(0xf5317844:qcom.encoder.avc, ??(0x600001a)) ERROR: UnsupportedIndex(0x8000101a)
03-28 23:06:50.845   894  3607 W ExtendedACodec: Failed to get extension for extradata parameter
03-28 23:06:50.847   916  1624 E OMXNodeInstance: getConfig(0xf5317844:qcom.encoder.avc, ??(0x7f000062)) ERROR: UnsupportedSetting(0x80001019)
03-28 23:06:50.851   916  1624 E OMXNodeInstance: getParameter(0xf5317844:qcom.encoder.avc, ParamConsumerUsageBits(0x6f800004)) ERROR: UnsupportedIndex(0x8000101a)
03-28 23:06:50.853   916  1623 E OMXNodeInstance: getParameter(0xf5317844:qcom.encoder.avc, ParamConsumerUsageBits(0x6f800004)) ERROR: UnsupportedIndex(0x8000101a)

03-28 23:06:50.942   894  3613 I OMXClient: IOmx service obtained
03-28 23:06:50.943   916  1624 I OMXMaster: makeComponentInstance(OMX.qcom.audio.encoder.aac) in android.hardwar process
03-28 23:06:50.953   916  1624 E         :  component init: role = OMX.qcom.audio.encoder.aac
03-28 23:06:50.968   916  1624 W media.codec: Failed to obtain quirks for omx component 'OMX.qcom.audio.encoder.aac' from XML files
03-28 23:06:50.969   894  3613 I MediaCodec: MediaCodec will operate in async mode
03-28 23:06:50.975   916  1624 E OMXNodeInstance: setConfig(0xf50c8004:qcom.encoder.aac, ConfigPriority(0x6f800002)) ERROR: UnsupportedIndex(0x8000101a)
03-28 23:06:50.975   894  3613 I ACodec  : codec does not support config priority (err -1010)
03-28 23:06:50.976   916  1624 E OMXNodeInstance: getExtensionIndex(0xf50c8004:qcom.encoder.aac, OMX.google.android.index.storeMetaDataInBuffers) ERROR: BadParameter(0x80001005)
03-28 23:06:50.977   916  1624 E OMXNodeInstance: setConfig(0xf50c8004:qcom.encoder.aac, ConfigPriority(0x6f800002)) ERROR: UnsupportedIndex(0x8000101a)
03-28 23:06:50.977   894  3613 I ACodec  : codec does not support config priority (err -1010)
03-28 23:06:50.977   916  1624 E OMXNodeInstance: getConfig(0xf50c8004:qcom.encoder.aac, ConfigAndroidVendorExtension(0x6f100004)) ERROR: UnsupportedIndex(0x8000101a)
03-28 23:06:50.978   894  3613 W ExtendedACodec: Failed to get extension for extradata parameter
03-28 23:06:51.423  1277  3512 I MediaFocusControl: requestAudioFocus() from uid/pid 10058/3411 clientId=android.media.AudioManager@bc308b2 callingPack=org.codeaurora.snapcam req=2 flags=0x0 sdk=29
03-28 23:06:51.433   894  3605 I MediaCodecSource: MediaCodecSource (video) starting
03-28 23:06:51.436   894  3605 I MediaCodecSource: MediaCodecSource (video) started
03-28 23:06:51.438   894  3605 I MediaCodecSource: MediaCodecSource (audio) starting
03-28 23:06:51.452   894  3605 I MediaCodecSource: MediaCodecSource (audio) started
03-28 23:06:51.453   646  3645 I msm8974_platform: platform_check_capture_codec_backend_cfg:txbecf: afe: Codec selected backend: 7 current bit width: 16 and sample rate: 48000, channels 2 format 1
03-28 23:06:51.453   646  3645 I msm8974_platform: platform_check_capture_codec_backend_cfg:txbecf: afe: Codec backend needs to be updated. new bit width: 16 new sample rate: 48000 new channel: 2 new format: 1
03-28 23:06:51.635   916  3610 D OMXNodeInstance: Codec resolved it to (R:2(??), P:1(??), M:1(??), T:3(??)) err=0(NO_ERROR)
03-28 23:06:51.636   894  3607 D ACodec  : dataspace changed to 0x10c10000 (R:2(Limited), P:1(BT709_5), M:1(BT709_5), T:3(SMPTE170M)) (R:2(Limited), S:1(BT709), T:3(SMPTE_170M))
03-28 23:06:52.896   894  3605 I MediaCodecSource: encoder (audio) stopping
03-28 23:06:52.921   916  1623 E         : OMX AAC component destroyed
03-28 23:06:52.926   894  3605 I MediaCodecSource: encoder (audio) stopped
03-28 23:06:53.105     0     0 I msm_vidc: info: Closed video instance: 0000000000000000
03-28 23:06:53.105   916  1623 I OMX-VENC: Component Deinit
03-28 23:06:53.105   916  1623 I OMX-VENC: Video encode perflock released
03-28 23:06:53.112   894  3605 I MediaCodecSource: encoder (video) stopping
03-28 23:06:53.112   894  3605 I MediaCodecSource: encoder (video) already stopped
03-28 23:06:53.135   889  1083 I MMParserExtractor: Created(0x2d0cb79dd0)
03-28 23:06:53.156  3411  3411 V SnapCam_CaptureModule: Releasing media recorder.
03-28 23:06:53.162  1277  2185 I MediaFocusControl: abandonAudioFocus() from uid/pid 10058/3411 clientId=android.media.AudioManager@bc308b2
03-28 23:06:53.224  3411  3507 V CAM_MediaSaveService: Current video URI: content://media/external/video/media/13
03-28 23:06:53.297  3411  3411 I SnapCam_CaptureModule: onMediaSaved:content://media/external/video/media/13
03-28 23:06:53.327   889  2489 I MMParserExtractor: Created(0x2d0cb7c6f0)
03-28 23:06:53.373   889  2489 I MMParserExtractor: Created(0x2d0cb7d250)
03-28 23:06:53.395   894  3685 I OMXClient: IOmx service obtained
03-28 23:06:53.395   916  1623 I OMXMaster: makeComponentInstance(OMX.qcom.video.decoder.avc) in android.hardwar process
03-28 23:06:53.411   916  1623 I OMX-VDEC-1080P: Video slvp perflock acquired
03-28 23:06:53.412     0     0 I msm_vidc: info: Opening video instance: 0000000000000000, 1
03-28 23:06:53.412   916  1623 I OMX-VDEC-1080P: component_init: OMX.qcom.video.decoder.avc : fd=7
03-28 23:06:53.421   916  1623 I OMX-VDEC-1080P: omx_vdec::component_init() success : fd=7
03-28 23:06:53.431   916  1623 E OMX-VDEC-1080P: get_parameter: unknown param 7f000046
03-28 23:06:53.431   916  1623 E OMXNodeInstance: getParameter(0xf5108e44:qcom.decoder.avc, ??(0x7f000046)) ERROR: UnsupportedIndex(0x8000101a)
03-28 23:06:53.431   894  3685 I ExtendedACodec: setupVideoDecoder()
03-28 23:06:53.432   916   916 E OMXNodeInstance: getParameter(0xf5108e44:qcom.decoder.avc, ??(0x7f000044)) ERROR: UnsupportedSetting(0x80001019)
03-28 23:06:53.432   916   916 E OMXNodeInstance: getParameter(0xf5108e44:qcom.decoder.avc, ??(0x7f000044)) ERROR: UnsupportedSetting(0x80001019)
03-28 23:06:53.434   916   916 E OMXNodeInstance: getParameter(0xf5108e44:qcom.decoder.avc, ??(0x7f000044)) ERROR: UnsupportedSetting(0x80001019)
03-28 23:06:53.434   916  2021 E OMXNodeInstance: getParameter(0xf5108e44:qcom.decoder.avc, ??(0x7f000044)) ERROR: UnsupportedSetting(0x80001019)
03-28 23:06:53.443   894  3685 D ACodec  : Setting [OMX.qcom.video.decoder.avc] input port buffer number: 1
03-28 23:06:53.444   916  1040 E OMX-VDEC-1080P: ERROR: IP Requirements(#4: 7077888) Requested(#1: 7077888)
03-28 23:06:53.444   916  1040 E OMX-VDEC-1080P: set_parameter: Error: 0x80001005, setting param 0x2000001
03-28 23:06:53.444   916  1040 E OMXNodeInstance: setParameter(0xf5108e44:qcom.decoder.avc, ParamPortDefinition(0x2000001)) ERROR: BadParameter(0x80001005)
03-28 23:06:53.444   894  3685 W ACodec  : Fail to set [OMX.qcom.video.decoder.avc] input port buffer number: 1
03-28 23:06:53.444   894  3685 D ACodec  : Setting [OMX.qcom.video.decoder.avc] output port buffer number: 1
03-28 23:06:53.463   916  1040 E OMX-VDEC-1080P: OP Requirements: Client count(1) insufficient v/s requested(18)
03-28 23:06:53.463   916  1040 E OMX-VDEC-1080P: ERROR: OP Requirements(#18: 118784) Requested(#1: 118784)
03-28 23:06:53.463   916  1040 E OMX-VDEC-1080P: set_parameter: Error: 0x80001005, setting param 0x2000001
03-28 23:06:53.463   916  1040 E OMXNodeInstance: setParameter(0xf5108e44:qcom.decoder.avc, ParamPortDefinition(0x2000001)) ERROR: BadParameter(0x80001005)
03-28 23:06:53.463   894  3685 W ACodec  : Fail to set [OMX.qcom.video.decoder.avc] output port buffer number: 1
03-28 23:06:53.478   894  3685 I ExtendedACodec: Decoder will be in frame by frame mode
03-28 23:06:53.480   894  3685 I ExtendedACodec: Thumbnail mode enabled.
03-28 23:06:53.481   916  1623 E OMXNodeInstance: getParameter(0xf5108e44:qcom.decoder.avc, ??(0x7f000044)) ERROR: UnsupportedSetting(0x80001019)
03-28 23:06:53.499   889  2489 D MediaBufferGroup: creating MemoryDealer
03-28 23:06:53.523   916   916 E OMX-VDEC-1080P: Cannot change C2D buffer requirements with 1 active allocations
03-28 23:06:53.523   916   916 E OMX-VDEC-1080P: client_buffers.update_buffer_req Failed
03-28 23:06:53.523   916   916 E OMXNodeInstance: getParameter(0xf5108e44:qcom.decoder.avc, ParamPortDefinition(0x2000001)) ERROR: Hardware(0x80001009)
03-28 23:06:53.523   894  3685 E ACodec  : [OMX.qcom.video.decoder.avc] Failed to get port format to send format change
03-28 23:06:53.595   916  3538 E OMXNodeInstance: getParameter(0xf5108e44:qcom.decoder.avc, ??(0x7f000044)) ERROR: UnsupportedSetting(0x80001019)
03-28 23:06:53.607   916  1624 E OMXNodeInstance: getParameter(0xf5108e44:qcom.decoder.avc, ??(0x7f000044)) ERROR: UnsupportedSetting(0x80001019)
03-28 23:06:53.666   916  1624 I OMX-VDEC-1080P: omx_vdec::component_deinit() complete
03-28 23:06:53.669     0     0 I msm_vidc: info: Closed video instance: 0000000000000000
03-28 23:06:53.669   916  1624 I OMX-VDEC-1080P: Exit OMX vdec Destructor: fd=7
03-28 23:06:53.670   916  1624 I OMX-VDEC-1080P: Video slvp perflock released
03-28 23:06:54.864   894  2490 I Codec2Client: Creating a Codec2 client to service "software"
03-28 23:06:54.865   894  2490 I Codec2Client: Client to Codec2 service "software" created
03-28 23:06:54.884   894  3703 I OMXClient: IOmx service obtained
03-28 23:06:54.885   916  2026 I OMXMaster: makeComponentInstance(OMX.qcom.video.encoder.avc) in android.hardwar process
03-28 23:06:54.892   916  2026 I OMX-VENC: Video encode perflock acquired,handle=31
03-28 23:06:54.892     0     0 I msm_vidc: info: Opening video instance: 0000000000000000, 0
03-28 23:06:54.900   916  2026 I OMX-VENC: Component_init : OMX.qcom.video.encoder.avc : return = 0x0
03-28 23:06:54.903   894  3702 I MediaCodec: MediaCodec will operate in async mode
03-28 23:06:54.905   916  2026 E OMXNodeInstance: setParameter(0xf5357104:qcom.encoder.avc, OMX.google.android.index.allocateNativeHandle(0x7f00005d): Input:0 en=0) ERROR: UnsupportedSetting(0x80001019)
03-28 23:06:54.905   916  2026 E OMXNodeInstance: setParameter(0xf5357104:qcom.encoder.avc, OMX.google.android.index.allocateNativeHandle(0x7f00005d): Output:1 en=0) ERROR: UnsupportedSetting(0x80001019)
03-28 23:06:54.905   916  2026 W OMXNodeInstance: [0xf5357104:qcom.encoder.avc] component does not support metadata mode; using fallback
03-28 23:06:54.905   894  3703 I ExtendedACodec: setupVideoEncoder()
03-28 23:06:54.906   894  3703 W OMXUtils: do not know color format 0x7fa30c04 = 2141391876
03-28 23:06:54.907   894  3703 W OMXUtils: do not know color format 0x7f000789 = 2130708361
03-28 23:06:54.929   894  3703 I ACodec  : setupAVCEncoderParameters with [profile: High] [level: Level4]
03-28 23:06:54.932   894  3703 I ACodec  : [OMX.qcom.video.encoder.avc] cannot encode HDR static metadata. Ignoring.
03-28 23:06:54.932   894  3703 I ACodec  : setupVideoEncoder succeeded
03-28 23:06:54.932   894  3703 I ExtendedACodec: [OMX.qcom.video.encoder.avc] configure, AMessage : AMessage(what = 'conf', target = 31) = {
03-28 23:06:54.932   894  3703 I ExtendedACodec:   string mime = "video/avc"
03-28 23:06:54.932   894  3703 I ExtendedACodec:   int32_t width = 1920
03-28 23:06:54.932   894  3703 I ExtendedACodec:   int32_t height = 1080
03-28 23:06:54.932   894  3703 I ExtendedACodec:   int32_t stride = 1920
03-28 23:06:54.932   894  3703 I ExtendedACodec:   int32_t slice-height = 1080
03-28 23:06:54.932   894  3703 I ExtendedACodec:   int32_t color-format = 2130708361
03-28 23:06:54.932   894  3703 I ExtendedACodec:   int32_t bitrate = 20000000
03-28 23:06:54.932   894  3703 I ExtendedACodec:   int32_t frame-rate = 30
03-28 23:06:54.932   894  3703 I ExtendedACodec:   int32_t i-frame-interval = 1
03-28 23:06:54.932   894  3703 I ExtendedACodec:   int32_t priority = 0
03-28 23:06:54.932   894  3703 I ExtendedACodec:   int32_t feature-nal-length-bitstream = 1
03-28 23:06:54.932   894  3703 I ExtendedACodec:   int32_t nal-length-in-bytes = 4
03-28 23:06:54.932   894  3703 I ExtendedACodec:   int32_t isNativeRecorder = 1
03-28 23:06:54.932   894  3703 I ExtendedACodec:   int32_t create-input-buffers-suspended = 1
03-28 23:06:54.932   894  3703 I ExtendedACodec:   int32_t encoder = 1
03-28 23:06:54.932   894  3703 I ExtendedACodec: }
03-28 23:06:54.935   894  3703 W OMXUtils: do not know color format 0x7f000789 = 2130708361
03-28 23:06:54.935   916  2026 E OMXNodeInstance: getConfig(0xf5357104:qcom.encoder.avc, ConfigLatency(0x6f800005)) ERROR: UnsupportedIndex(0x8000101a)
03-28 23:06:54.948   916  1624 E OMXNodeInstance: setConfig(0xf5357104:qcom.encoder.avc, ??(0x600001a)) ERROR: UnsupportedIndex(0x8000101a)
03-28 23:06:54.949   894  3703 W ExtendedACodec: Failed to get extension for extradata parameter
03-28 23:06:54.950   916  2026 E OMXNodeInstance: getConfig(0xf5357104:qcom.encoder.avc, ??(0x7f000062)) ERROR: UnsupportedSetting(0x80001019)
03-28 23:06:54.953   916  2026 E OMXNodeInstance: getParameter(0xf5357104:qcom.encoder.avc, ParamConsumerUsageBits(0x6f800004)) ERROR: UnsupportedIndex(0x8000101a)
03-28 23:06:54.955   916  1623 E OMXNodeInstance: getParameter(0xf5357104:qcom.encoder.avc, ParamConsumerUsageBits(0x6f800004)) ERROR: UnsupportedIndex(0x8000101a)

03-28 23:06:55.003   894  3709 I OMXClient: IOmx service obtained
03-28 23:06:55.003   916  2026 I OMXMaster: makeComponentInstance(OMX.qcom.audio.encoder.aac) in android.hardwar process
03-28 23:06:55.007   916  2026 E         :  component init: role = OMX.qcom.audio.encoder.aac
03-28 23:06:55.017   916  2026 W media.codec: Failed to obtain quirks for omx component 'OMX.qcom.audio.encoder.aac' from XML files
03-28 23:06:55.018   894  3709 I MediaCodec: MediaCodec will operate in async mode
03-28 23:06:55.019   916  2026 E OMXNodeInstance: setConfig(0xf50f7004:qcom.encoder.aac, ConfigPriority(0x6f800002)) ERROR: UnsupportedIndex(0x8000101a)
03-28 23:06:55.019   894  3709 I ACodec  : codec does not support config priority (err -1010)
03-28 23:06:55.019   916  2026 E OMXNodeInstance: getExtensionIndex(0xf50f7004:qcom.encoder.aac, OMX.google.android.index.storeMetaDataInBuffers) ERROR: BadParameter(0x80001005)
03-28 23:06:55.020   916  2026 E OMXNodeInstance: setConfig(0xf50f7004:qcom.encoder.aac, ConfigPriority(0x6f800002)) ERROR: UnsupportedIndex(0x8000101a)
03-28 23:06:55.020   894  3709 I ACodec  : codec does not support config priority (err -1010)
03-28 23:06:55.020   916  2026 E OMXNodeInstance: getConfig(0xf50f7004:qcom.encoder.aac, ConfigAndroidVendorExtension(0x6f100004)) ERROR: UnsupportedIndex(0x8000101a)
03-28 23:06:55.021   894  3709 W ExtendedACodec: Failed to get extension for extradata parameter
03-28 23:06:55.376  3411  3411 W AudioManager: See the documentation of requestAudioFocus() for what to use instead with android.media.AudioAttributes to qualify your playback use case
03-28 23:06:55.377  1277  1640 I MediaFocusControl: requestAudioFocus() from uid/pid 10058/3411 clientId=android.media.AudioManager@bc308b2 callingPack=org.codeaurora.snapcam req=2 flags=0x0 sdk=29
03-28 23:06:55.378   894  3701 I MediaCodecSource: MediaCodecSource (video) starting
03-28 23:06:55.379   894  3701 I MediaCodecSource: MediaCodecSource (video) started
03-28 23:06:55.379   894  3701 I MediaCodecSource: MediaCodecSource (audio) starting
03-28 23:06:55.385   894  3701 I MediaCodecSource: MediaCodecSource (audio) started
03-28 23:06:55.389   646  3741 I msm8974_platform: platform_check_capture_codec_backend_cfg:txbecf: afe: Codec selected backend: 7 current bit width: 16 and sample rate: 48000, channels 2 format 1
03-28 23:06:55.389   646  3741 I msm8974_platform: platform_check_capture_codec_backend_cfg:txbecf: afe: Codec backend needs to be updated. new bit width: 16 new sample rate: 48000 new channel: 2 new format: 1
03-28 23:06:55.564   916  3706 D OMXNodeInstance: Codec resolved it to (R:2(??), P:1(??), M:1(??), T:3(??)) err=0(NO_ERROR)
03-28 23:06:55.564   894  3703 D ACodec  : dataspace changed to 0x10c10000 (R:2(Limited), P:1(BT709_5), M:1(BT709_5), T:3(SMPTE170M)) (R:2(Limited), S:1(BT709), T:3(SMPTE_170M))
03-28 23:07:05.061   646  2516 I msm8974_platform: platform_check_codec_backend_cfg:becf: afe: Codec selected backend: 0 updated bit width: 16 and sample rate: 48000
03-28 23:07:05.067   894  3701 I MediaCodecSource: encoder (audio) stopping
03-28 23:07:05.104   916  2026 E         : OMX AAC component destroyed
03-28 23:07:05.106   894  3701 I MediaCodecSource: encoder (audio) stopped
03-28 23:07:05.357     0     0 I msm_vidc: info: Closed video instance: 0000000000000000
03-28 23:07:05.357   916  1624 I OMX-VENC: Component Deinit
03-28 23:07:05.358   916  1624 I OMX-VENC: Video encode perflock released
03-28 23:07:05.367   894  3701 I MediaCodecSource: encoder (video) stopping
03-28 23:07:05.367   894  3701 I MediaCodecSource: encoder (video) already stopped
03-28 23:07:05.385   889  2489 I MMParserExtractor: Created(0x2d0cb80510)
03-28 23:07:05.414  1277  1397 I MediaFocusControl: abandonAudioFocus() from uid/pid 10058/3411 clientId=android.media.AudioManager@bc308b2
03-28 23:07:05.501   889  2489 I MMParserExtractor: Created(0x2d0cb87350)
03-28 23:07:05.551   889  2489 I MMParserExtractor: Created(0x2d0cb7c6f0)
03-28 23:07:05.574   894  3784 I OMXClient: IOmx service obtained
03-28 23:07:05.574   916  1624 I OMXMaster: makeComponentInstance(OMX.qcom.video.decoder.avc) in android.hardwar process
03-28 23:07:05.588   916  1624 I OMX-VDEC-1080P: Video slvp perflock acquired
03-28 23:07:05.588     0     0 I msm_vidc: info: Opening video instance: 0000000000000000, 1
03-28 23:07:05.588   916  1624 I OMX-VDEC-1080P: component_init: OMX.qcom.video.decoder.avc : fd=7
03-28 23:07:05.596   916  1624 I OMX-VDEC-1080P: omx_vdec::component_init() success : fd=7
03-28 23:07:05.597   916  1624 E OMX-VDEC-1080P: get_parameter: unknown param 7f000046
03-28 23:07:05.597   916  1624 E OMXNodeInstance: getParameter(0xf5108e44:qcom.decoder.avc, ??(0x7f000046)) ERROR: UnsupportedIndex(0x8000101a)
03-28 23:07:05.598   894  3784 I ExtendedACodec: setupVideoDecoder()
03-28 23:07:05.599   916   916 E OMXNodeInstance: getParameter(0xf5108e44:qcom.decoder.avc, ??(0x7f000044)) ERROR: UnsupportedSetting(0x80001019)
03-28 23:07:05.599   916  2020 E OMXNodeInstance: getParameter(0xf5108e44:qcom.decoder.avc, ??(0x7f000044)) ERROR: UnsupportedSetting(0x80001019)
03-28 23:07:05.601   916  1623 E OMXNodeInstance: getParameter(0xf5108e44:qcom.decoder.avc, ??(0x7f000044)) ERROR: UnsupportedSetting(0x80001019)
03-28 23:07:05.601   916  2021 E OMXNodeInstance: getParameter(0xf5108e44:qcom.decoder.avc, ??(0x7f000044)) ERROR: UnsupportedSetting(0x80001019)
03-28 23:07:05.606   894  3784 D ACodec  : Setting [OMX.qcom.video.decoder.avc] input port buffer number: 1
03-28 23:07:05.607   916  1038 E OMX-VDEC-1080P: ERROR: IP Requirements(#4: 7077888) Requested(#1: 7077888)
03-28 23:07:05.607   916  1038 E OMX-VDEC-1080P: set_parameter: Error: 0x80001005, setting param 0x2000001
03-28 23:07:05.607   916  1038 E OMXNodeInstance: setParameter(0xf5108e44:qcom.decoder.avc, ParamPortDefinition(0x2000001)) ERROR: BadParameter(0x80001005)
03-28 23:07:05.607   894  3784 W ACodec  : Fail to set [OMX.qcom.video.decoder.avc] input port buffer number: 1
03-28 23:07:05.607   894  3784 D ACodec  : Setting [OMX.qcom.video.decoder.avc] output port buffer number: 1
03-28 23:07:05.615   916  1038 E OMX-VDEC-1080P: OP Requirements: Client count(1) insufficient v/s requested(18)
03-28 23:07:05.615   916  1038 E OMX-VDEC-1080P: ERROR: OP Requirements(#18: 118784) Requested(#1: 118784)
03-28 23:07:05.615   916  1038 E OMX-VDEC-1080P: set_parameter: Error: 0x80001005, setting param 0x2000001
03-28 23:07:05.615   916  1038 E OMXNodeInstance: setParameter(0xf5108e44:qcom.decoder.avc, ParamPortDefinition(0x2000001)) ERROR: BadParameter(0x80001005)
03-28 23:07:05.615   894  3784 W ACodec  : Fail to set [OMX.qcom.video.decoder.avc] output port buffer number: 1
03-28 23:07:05.626   894  3784 I ExtendedACodec: Decoder will be in frame by frame mode
03-28 23:07:05.629   894  3784 I ExtendedACodec: Thumbnail mode enabled.
03-28 23:07:05.630   916  3796 E OMXNodeInstance: getParameter(0xf5108e44:qcom.decoder.avc, ??(0x7f000044)) ERROR: UnsupportedSetting(0x80001019)
03-28 23:07:05.641   889  1083 D MediaBufferGroup: creating MemoryDealer
03-28 23:07:05.662   916  1038 E OMX-VDEC-1080P: Cannot change C2D buffer requirements with 1 active allocations
03-28 23:07:05.662   916  1038 E OMX-VDEC-1080P: client_buffers.update_buffer_req Failed
03-28 23:07:05.662   916  1038 E OMXNodeInstance: getParameter(0xf5108e44:qcom.decoder.avc, ParamPortDefinition(0x2000001)) ERROR: Hardware(0x80001009)
03-28 23:07:05.662   894  3784 E ACodec  : [OMX.qcom.video.decoder.avc] Failed to get port format to send format change
03-28 23:07:05.733   916  1624 E OMXNodeInstance: getParameter(0xf5108e44:qcom.decoder.avc, ??(0x7f000044)) ERROR: UnsupportedSetting(0x80001019)
03-28 23:07:05.734   916  3796 E OMXNodeInstance: getParameter(0xf5108e44:qcom.decoder.avc, ??(0x7f000044)) ERROR: UnsupportedSetting(0x80001019)
03-28 23:07:05.808   916  1624 I OMX-VDEC-1080P: omx_vdec::component_deinit() complete
03-28 23:07:05.812     0     0 I msm_vidc: info: Closed video instance: 0000000000000000
03-28 23:07:05.812   916  1624 I OMX-VDEC-1080P: Exit OMX vdec Destructor: fd=7
03-28 23:07:05.813   916  1624 I OMX-VDEC-1080P: Video slvp perflock released
