01-06 23:22:12.736   669   669 E mm-camera: <IMGLIB><ERROR> 3592: module_imgbase_init: ppeiscore] Error rc -7
01-06 23:22:12.746   669   669 E mm-camera: <IMGLIB><ERROR> 3592: module_imgbase_init: llvd] Error rc -7
01-06 23:22:12.753   669   669 E mm-camera: <IMGLIB><ERROR> 4510: module_qdc_common_init:  Algo Capabilities Crop caps 1,core type 2, access mode 1, exec mode 1
01-06 23:22:12.765   669   669 E mm-camera: <IMGLIB><ERROR> 3592: module_imgbase_init: mfproc_precpp] Error rc -7
01-06 23:22:12.778   669   669 E mm-camera: <IMGLIB><ERROR> 3592: module_imgbase_init: imglib_chroma_flash] Error rc -7
01-06 23:22:12.779   669   669 W mm-camera: <IMGLIB>< WARN> 748: module_imglib_create_topology: Can not init the module imglib_chroma_flash
01-06 23:22:12.779   669   669 E mm-camera: <IMGLIB><ERROR> 3592: module_imgbase_init: imglib_optizoom] Error rc -7
01-06 23:22:12.779   669   669 W mm-camera: <IMGLIB>< WARN> 748: module_imglib_create_topology: Can not init the module imglib_optizoom
01-06 23:22:12.779   669   669 E mm-camera: <IMGLIB><ERROR> 3592: module_imgbase_init: imglib_ubifocus] Error rc -7
01-06 23:22:12.780   669   669 W mm-camera: <IMGLIB>< WARN> 748: module_imglib_create_topology: Can not init the module imglib_ubifocus
01-06 23:22:12.780   669   669 E mm-camera: <IMGLIB><ERROR> 3592: module_imgbase_init: imglib_refocus] Error rc -7
01-06 23:22:12.780   669   669 W mm-camera: <IMGLIB>< WARN> 748: module_imglib_create_topology: Can not init the module imglib_refocus
01-06 23:22:12.780   669   669 E mm-camera: <IMGLIB><ERROR> 3592: module_imgbase_init: imglib_trueportrait] Error rc -7
01-06 23:22:12.780   669   669 W mm-camera: <IMGLIB>< WARN> 748: module_imglib_create_topology: Can not init the module imglib_trueportrait
01-06 23:22:12.798   669   669 E mm-camera: <IMGLIB><ERROR> 111: module_mfproc_postcpp_init:  module_mfproc_postcpp_init(),  E 
01-06 23:22:12.799   669   669 E mm-camera: <IMGLIB><ERROR> 3592: module_imgbase_init: imglib_mfproc_postcpp] Error rc -7
01-06 23:22:12.799   669   669 W mm-camera: <IMGLIB>< WARN> 748: module_imglib_create_topology: Can not init the module imglib_mfproc_postcpp
01-06 23:22:12.799   669   669 W mm-camera: <IMGLIB>< WARN> 748: module_imglib_create_topology: Can not init the module imglib_oem1
01-06 23:22:12.800   669   669 I CamPrvdr@2.4-legacy: initialize, cts mode off, mNumberOfLegacyCameras = 2
01-06 23:22:12.803     0     0 I msm_csid_init: CSID_VERSION = 0x30050000
01-06 23:22:12.808     0     0 I MSM-CPP cpp_init_hardware: 1135 CPP HW Version: 0x60010002
01-06 23:22:12.808     0     0 E MSM-CPP cpp_init_hardware: 1153 stream_cnt:0
01-06 23:22:12.824   669  1208 E Diag_Lib:  Diag_LSM_Init: Failed to open handle to diag driver, error = 13
01-06 23:22:12.840     0     0 I msm_cci_init: 1440: hw_version = 0x10060000
01-06 23:22:12.859   615   723 D QC-time-services: Daemon:genoff_modem_qmi_service_handle_cb: Initial transaction successful
01-06 23:22:12.934   669   669 I mm-camera: <MCT   >< INFO> 310: mct_controller_destroy: Initiating destroy sequence for session = 3
01-06 23:22:12.934   669   669 I mm-camera: <MCT   >< INFO> 5404: mct_pipeline_stop_session: Initiating stop_session on session 3
01-06 23:22:12.949   669   669 E mm-camera: <MCT   ><ERROR> 179: stop_sof_check_thread: Returning as SOF timer thread not yet initialized
01-06 23:22:12.973     0     0 I MSM-CPP cpp_init_hardware: 1135 CPP HW Version: 0x60010002
01-06 23:22:12.973     0     0 E MSM-CPP cpp_init_hardware: 1153 stream_cnt:0
01-06 23:22:12.983     0     0 I msm_csid_init: CSID_VERSION = 0x30050000
01-06 23:22:13.015   669   669 I mm-camera: <MCT   >< INFO> 310: mct_controller_destroy: Initiating destroy sequence for session = 3
01-06 23:22:13.015   669   669 I mm-camera: <MCT   >< INFO> 5404: mct_pipeline_stop_session: Initiating stop_session on session 3
01-06 23:22:13.022     0     0 I msm_cci_init: 1440: hw_version = 0x10060000
01-06 23:22:13.086   625   625 E ActivityRecognitionHardware: activity_recognition HAL is deprecated. class_init is effectively a no-op
01-06 23:22:13.094   665   665 D platform_info: platform_info_init: platform info file name is audio_platform_info.xml
01-06 23:22:13.094   665   665 D platform_info: platform_info_init: Failed to open audio_platform_info.xml, using defaults.
01-06 23:22:13.094   665   665 E audio_hw_acdb: acdb_init_v2: dlsym error undefined symbol: acdb_loader_init_v4 for acdb_loader_init_v4
01-06 23:22:13.114   665   665 D         : [ACPH]->ACPH init success
01-06 23:22:13.121   669   669 E mm-camera: <MCT   ><ERROR> 179: stop_sof_check_thread: Returning as SOF timer thread not yet initialized
01-06 23:22:13.124     0     0 I msm_csid_init: CSID_VERSION = 0x30050000
01-06 23:22:13.129     0     0 I MSM-CPP cpp_init_hardware: 1135 CPP HW Version: 0x60010002
01-06 23:22:13.129     0     0 E MSM-CPP cpp_init_hardware: 1153 stream_cnt:0
01-06 23:22:13.146   665   665 D ACDB-LOADER: ACDB -> init done!
01-06 23:22:13.146   665   665 D audio_hw_acdb: acdb_init_v2: ACDB Instance ID support after ACDB init:0
01-06 23:22:13.146   665   665 D sound_trigger_platform: platform_stdev_init Opening device /dev/snd/hwC0D1002 for vad hwdep config
01-06 23:22:13.146   665   665 D sound_trigger_platform: platform_stdev_init: cannot open device '/dev/snd/hwC0D1002', error:No such file or directory
01-06 23:22:13.218   669  1274 E mm-camera: <SENSOR><ERROR> 247: module_sensor_offload_init_config: func_tbl for submodule 4 is NULL
01-06 23:22:13.218   669  1274 E mm-camera: <SENSOR><ERROR> 249: module_sensor_offload_init_config: failed to get led off frame skip time
01-06 23:22:13.219   669   669 I mm-camera: <MCT   >< INFO> 310: mct_controller_destroy: Initiating destroy sequence for session = 4
01-06 23:22:13.220   669   669 I mm-camera: <MCT   >< INFO> 5404: mct_pipeline_stop_session: Initiating stop_session on session 4
01-06 23:22:13.228   669   669 E mm-camera: <MCT   ><ERROR> 179: stop_sof_check_thread: Returning as SOF timer thread not yet initialized
01-06 23:22:13.238     0     0 I MSM-CPP cpp_init_hardware: 1135 CPP HW Version: 0x60010002
01-06 23:22:13.238     0     0 E MSM-CPP cpp_init_hardware: 1153 stream_cnt:0
01-06 23:22:13.303     0     0 I msm_csid_init: CSID_VERSION = 0x30050000
01-06 23:22:13.322   669  1308 E QCamera : <HAL><ERROR> initDefaultParameters: 5895: se475x initDefaultParameters() ======start==== CameraId=1
01-06 23:22:13.323   669  1308 E QCamera : <HAL><ERROR> initDefaultParameters: 6692: se475x barcode_CameraId=1, config m_bRdiMode to true
01-06 23:22:13.325   669  1308 E QCamera : <HAL><ERROR> initDefaultParameters: 6841: se475x store m_bNoDisplayModeAux=0 to tmp_bNoDisplayMode
01-06 23:22:13.328   669   669 E QCamera : <HAL><ERROR> deinit: 7099: se475x deinit 
01-06 23:22:13.329   669   669 I mm-camera: <MCT   >< INFO> 310: mct_controller_destroy: Initiating destroy sequence for session = 4
01-06 23:22:13.330   669   669 I mm-camera: <MCT   >< INFO> 5404: mct_pipeline_stop_session: Initiating stop_session on session 4
01-06 23:22:13.388   669  1313 E mm-camera: <SENSOR><ERROR> 247: module_sensor_offload_init_config: func_tbl for submodule 4 is NULL
01-06 23:22:13.388   669  1313 E mm-camera: <SENSOR><ERROR> 249: module_sensor_offload_init_config: failed to get led off frame skip time
01-06 23:22:13.396   669   669 E mm-camera: <MCT   ><ERROR> 179: stop_sof_check_thread: Returning as SOF timer thread not yet initialized
01-06 23:22:13.406     0     0 I msm_csid_init: CSID_VERSION = 0x30050000
01-06 23:22:13.410     0     0 I MSM-CPP cpp_init_hardware: 1135 CPP HW Version: 0x60010002
01-06 23:22:13.410     0     0 E MSM-CPP cpp_init_hardware: 1153 stream_cnt:0
01-06 23:22:13.432   669   669 I mm-camera: <MCT   >< INFO> 310: mct_controller_destroy: Initiating destroy sequence for session = 3
01-06 23:22:13.432   669   669 I mm-camera: <MCT   >< INFO> 5404: mct_pipeline_stop_session: Initiating stop_session on session 3
01-06 23:22:13.443     0     0 I msm_cci_init: 1440: hw_version = 0x10060000
01-06 23:22:13.454   665   814 E msm8974_platform: platform_init: soundcard: sdm660-snd-card-nonpay supports only default sample rate
01-06 23:22:13.455   665   814 E msm8974_platform: platform_init: Could not find the symbol acdb_send_audio_cal_v4 from libacdbloader.so
01-06 23:22:13.455   665   814 E msm8974_platform: platform_init: dlsym error undefined symbol: acdb_loader_init_v4 for acdb_loader_init_v4
01-06 23:22:13.455   665   814 D platform_info: platform_info_init: platform info file name is audio_platform_info.xml
01-06 23:22:13.455   665   814 D platform_info: platform_info_init: Failed to open audio_platform_info.xml, using defaults.
01-06 23:22:13.455   665   814 E audio_hw_acdb: acdb_init_v2: dlsym error undefined symbol: acdb_loader_init_v4 for acdb_loader_init_v4
01-06 23:22:13.455   665   814 D ACDB-LOADER: ACDB -> already initialized, exit
01-06 23:22:13.455   665   814 D audio_hw_acdb: acdb_init_v2: ACDB Instance ID support after ACDB init:0
01-06 23:22:13.456   665   814 D msm8974_platform: ACDB initialized
01-06 23:22:13.458   665   814 W msm8974_platform: init_be_dai_name_table: sound device  has no hw interface set
01-06 23:22:13.458   665   814 W msm8974_platform: init_be_dai_name_table: sound device headphones-hifi-filter has no hw interface set
01-06 23:22:13.458   665   814 D msm8974_platform: init_be_dai_name_table: sound device speaker-and-headphones does not have a valid hw interface set (disregard for combo devices) INT0_MI2S_RX-and-INT0_MI2S_RX
01-06 23:22:13.458   665   814 W msm8974_platform: init_be_dai_name_table: sound device speaker-and-headphones-hifi-filter has no hw interface set
01-06 23:22:13.458   665   814 D msm8974_platform: init_be_dai_name_table: sound device speaker-safe-and-headphones does not have a valid hw interface set (disregard for combo devices) SLIMBUS_0_RX-and-SLIMBUS_6_RX
01-06 23:22:13.458   665   814 D msm8974_platform: init_be_dai_name_table: sound device speaker-and-line does not have a valid hw interface set (disregard for combo devices) INT0_MI2S_RX-and-INT0_MI2S_RX
01-06 23:22:13.458   665   814 D msm8974_platform: init_be_dai_name_table: sound device speaker-safe-and-line does not have a valid hw interface set (disregard for combo devices) SLIMBUS_0_RX-and-SLIMBUS_6_RX
01-06 23:22:13.458   665   814 D msm8974_platform: init_be_dai_name_table: sound device speaker-and-headphones-ext-1 does not have a valid hw interface set (disregard for combo devices) INT0_MI2S_RX-and-INT0_MI2S_RX
01-06 23:22:13.458   665   814 D msm8974_platform: init_be_dai_name_table: sound device speaker-and-headphones-ext-2 does not have a valid hw interface set (disregard for combo devices) INT0_MI2S_RX-and-INT0_MI2S_RX
01-06 23:22:13.458   665   814 D msm8974_platform: init_be_dai_name_table: sound device speaker-and-hdmi does not have a valid hw interface set (disregard for combo devices) INT0_MI2S_RX-and-HDMI
01-06 23:22:13.458   665   814 D msm8974_platform: init_be_dai_name_table: sound device speaker-and-display-port does not have a valid hw interface set (disregard for combo devices) INT0_MI2S_RX-and-DISPLAY_PORT
01-06 23:22:13.458   665   814 D msm8974_platform: init_be_dai_name_table: sound device speaker-and-bt-a2dp does not have a valid hw interface set (disregard for combo devices) INT0_MI2S_RX-and-SLIMBUS_7_RX
01-06 23:22:13.458   665   814 D msm8974_platform: init_be_dai_name_table: sound device speaker-safe-and-bt-a2dp does not have a valid hw interface set (disregard for combo devices) SLIMBUS_0_RX-and-SLIMBUS_7_RX
01-06 23:22:13.458   665   814 D msm8974_platform: init_be_dai_name_table: sound device speaker-and-bt-sco does not have a valid hw interface set (disregard for combo devices) SLIMBUS_0_RX-and-SLIMBUS_7_RX
01-06 23:22:13.458   665   814 D msm8974_platform: init_be_dai_name_table: sound device speaker-safe-and-bt-sco does not have a valid hw interface set (disregard for combo devices) QUAT_TDM_RX_0-and-SLIMBUS_7_RX
01-06 23:22:13.458   665   814 D msm8974_platform: init_be_dai_name_table: sound device speaker-and-bt-sco-wb does not have a valid hw interface set (disregard for combo devices) SLIMBUS_0_RX-and-SLIMBUS_7_RX
01-06 23:22:13.458   665   814 D msm8974_platform: init_be_dai_name_table: sound device speaker-safe-and-bt-sco-wb does not have a valid hw interface set (disregard for combo devices) QUAT_TDM_RX_0-and-SLIMBUS_7_RX
01-06 23:22:13.458   665   814 D msm8974_platform: init_be_dai_name_table: sound device speaker-and-bt-sco-swb does not have a valid hw interface set (disregard for combo devices) SLIMBUS_0_RX-and-SEC_AUX_PCM_RX
01-06 23:22:13.458   665   814 D msm8974_platform: init_be_dai_name_table: sound device speaker-safe-and-bt-sco-swb does not have a valid hw interface set (disregard for combo devices) QUAT_TDM_RX_0-and-SLIMBUS_7_RX
01-06 23:22:13.458   665   814 W msm8974_platform: init_be_dai_name_table: sound device wsa-speaker-and-bt-sco has no hw interface set
01-06 23:22:13.458   665   814 W msm8974_platform: init_be_dai_name_table: sound device wsa-speaker-and-bt-sco-wb has no hw interface set
01-06 23:22:13.458   665   814 W msm8974_platform: init_be_dai_name_table: sound device wsa-speaker-and-bt-sco-wb has no hw interface set
01-06 23:22:13.458   665   814 D msm8974_platform: init_be_dai_name_table: sound device speaker-and-usb-headphones does not have a valid hw interface set (disregard for combo devices) SLIMBUS_0_RX-and-USB_AUDIO_RX
01-06 23:22:13.458   665   814 D msm8974_platform: init_be_dai_name_table: sound device speaker-safe-and-usb-headphones does not have a valid hw interface set (disregard for combo devices) SLIMBUS_0_RX-and-USB_AUDIO_RX
01-06 23:22:13.458   665   814 D msm8974_platform: init_be_dai_name_table: sound device speaker-and-anc-headphones does not have a valid hw interface set (disregard for combo devices) INT0_MI2S_RX-and-INT0_MI2S_RX
01-06 23:22:13.459   665   814 D msm8974_platform: init_be_dai_name_table: sound device speaker-and-anc-fb-headphones does not have a valid hw interface set (disregard for combo devices) SLIMBUS_0_RX-and-SLIMBUS_6_RX
01-06 23:22:13.459   665   814 W msm8974_platform: init_be_dai_name_table: sound device speaker-protected has no hw interface set
01-06 23:22:13.459   665   814 W msm8974_platform: init_be_dai_name_table: sound device speaker-protected-vbat has no hw interface set
01-06 23:22:13.459   665   814 D msm8974_platform: init_be_dai_name_table: sound device voice-speaker-and-voice-headphones does not have a valid hw interface set (disregard for combo devices) SLIMBUS_0_RX-and-SLIMBUS_6_RX
01-06 23:22:13.459   665   814 D msm8974_platform: init_be_dai_name_table: sound device voice-speaker-and-voice-anc-headphones does not have a valid hw interface set (disregard for combo devices) SLIMBUS_0_RX-and-SLIMBUS_6_RX
01-06 23:22:13.459   665   814 D msm8974_platform: init_be_dai_name_table: sound device voice-speaker-and-voice-anc-fb-headphones does not have a valid hw interface set (disregard for combo devices) SLIMBUS_0_RX-and-SLIMBUS_6_RX
01-06 23:22:13.459   665   814 D msm8974_platform: init_be_dai_name_table: sound device voice-speaker-stereo-and-voice-headphones does not have a valid hw interface set (disregard for combo devices) SLIMBUS_0_RX-and-SLIMBUS_6_RX
01-06 23:22:13.459   665   814 D msm8974_platform: init_be_dai_name_table: sound device voice-speaker-stereo-and-voice-anc-headphones does not have a valid hw interface set (disregard for combo devices) SLIMBUS_0_RX-and-SLIMBUS_6_RX
01-06 23:22:13.459   665   814 D msm8974_platform: init_be_dai_name_table: sound device voice-speaker-stereo-and-voice-anc-fb-headphones does not have a valid hw interface set (disregard for combo devices) SLIMBUS_0_RX-and-SLIMBUS_6_RX
01-06 23:22:13.459   665   814 D msm8974_platform: init_be_dai_name_table: sound device hearing-aid does not have a valid hw interface set (disregard for combo devices) BT_RX
01-06 23:22:13.459   665   814 W msm8974_platform: init_be_dai_name_table: sound device usb-headset-mic has no hw interface set
01-06 23:22:13.459   665   814 W msm8974_platform: init_be_dai_name_table: sound device usb-headset-mic has no hw interface set
01-06 23:22:13.459   665   814 W msm8974_platform: init_be_dai_name_table: sound device handset-6mic has no hw interface set
01-06 23:22:13.459   665   814 W msm8974_platform: init_be_dai_name_table: sound device handset-8mic has no hw interface set
01-06 23:22:13.459   665   814 W msm8974_platform: init_be_dai_name_table: sound device (null) has no hw interface set
01-06 23:22:13.459   665   814 W msm8974_platform: init_be_dai_name_table: sound device (null) has no hw interface set
01-06 23:22:13.459   665   814 W msm8974_platform: init_be_dai_name_table: sound device incall-rec-rx-tx has no hw interface set
01-06 23:22:13.459   665   814 W msm8974_platform: init_be_dai_name_table: sound device ec-ref-loopback has no hw interface set
01-06 23:22:13.459   665   814 W msm8974_platform: init_be_dai_name_table: sound device handset-dmic-and-ec-ref-loopback has no hw interface set
01-06 23:22:13.459   665   814 W msm8974_platform: init_be_dai_name_table: sound device handset-qmic-and-ec-ref-loopback has no hw interface set
01-06 23:22:13.459   665   814 W msm8974_platform: init_be_dai_name_table: sound device handset-6mic-and-ec-ref-loopback has no hw interface set
01-06 23:22:13.459   665   814 W msm8974_platform: init_be_dai_name_table: sound device handset-8mic-and-ec-ref-loopback has no hw interface set
01-06 23:22:13.459   665   814 D msm8974_platform: platform_init: Fluence_Type(0) max_mic_count(1) mic_type(0x1) fluence_in_voice_call(0) fluence_in_voice_rec(0) fluence_in_spkr_mode(0) fluence_in_hfp_call(0)fluence_sb_enabled(0)
01-06 23:22:13.459   665   814 D a2dp_offload: a2dp_source_init START
01-06 23:22:13.465   665   814 D a2dp_offload: calling BT module preinit
01-06 23:22:13.470   665   814 I btaudio_offload_qti: bt_audio_pre_init_qti: IBluetoothAudioProvidersFactory registration succeded
01-06 23:22:13.476   665   814 D audio_hw_spkr_prot: spkr_prot_init: Initialize speaker protection module
01-06 23:22:13.476   665   814 D audio_hw_spkr_prot: spkr_prot_init: Speaker protection disabled
01-06 23:22:13.521   665   814 I soundtrigger: audio_extn_sound_trigger_init: Enter
01-06 23:22:13.522   665   814 I soundtrigger: audio_extn_sound_trigger_init: DLOPEN successful for /vendor/lib/hw/sound_trigger.primary.sdm660.so
01-06 23:22:13.522   665   814 D soundtrigger: audio_extn_sound_trigger_init: sthal is using proprietary API version 0x0101
01-06 23:22:13.542   669   669 E mm-camera: <MCT   ><ERROR> 179: stop_sof_check_thread: Returning as SOF timer thread not yet initialized
01-06 23:22:13.552     0     0 I msm_csid_init: CSID_VERSION = 0x30050000
01-06 23:22:13.560   665   665 D volume_listener: init_once Called 
01-06 23:22:13.560   665   665 D volume_listener: init_once: using default volume table
01-06 23:22:13.571     0     0 I MSM-CPP cpp_init_hardware: 1135 CPP HW Version: 0x60010002
01-06 23:22:13.571     0     0 E MSM-CPP cpp_init_hardware: 1153 stream_cnt:0
01-06 23:22:13.578   669  1391 E QCamera : <HAL><ERROR> initDefaultParameters: 5895: se475x initDefaultParameters() ======start==== CameraId=1
01-06 23:22:13.579   669  1391 E QCamera : <HAL><ERROR> initDefaultParameters: 6692: se475x barcode_CameraId=1, config m_bRdiMode to true
01-06 23:22:13.581   669  1391 E QCamera : <HAL><ERROR> initDefaultParameters: 6841: se475x store m_bNoDisplayModeAux=0 to tmp_bNoDisplayMode
01-06 23:22:13.588   669   669 E QCamera : <HAL><ERROR> deinit: 7099: se475x deinit 
01-06 23:22:13.590   669   669 I mm-camera: <MCT   >< INFO> 310: mct_controller_destroy: Initiating destroy sequence for session = 4
01-06 23:22:13.591   669   669 I mm-camera: <MCT   >< INFO> 5404: mct_pipeline_stop_session: Initiating stop_session on session 4
01-06 23:22:13.638   669  1396 E mm-camera: <SENSOR><ERROR> 247: module_sensor_offload_init_config: func_tbl for submodule 4 is NULL
01-06 23:22:13.638   669  1396 E mm-camera: <SENSOR><ERROR> 249: module_sensor_offload_init_config: failed to get led off frame skip time
01-06 23:22:13.649   669   669 E mm-camera: <MCT   ><ERROR> 179: stop_sof_check_thread: Returning as SOF timer thread not yet initialized
01-06 23:22:13.650     0     0 I oem-init: at_getFWVer return 0







01-06 23:22:13.685   710   710 E APM_AudioPolicyManager: initialize: Input device list is empty!
01-06 23:22:13.685   710   710 E APM_AudioPolicyManager: initialize: Input device list is empty!
01-06 23:22:13.698   710   710 E APM_AudioPolicyManager: initialize: Input device list is empty!
01-06 23:22:13.706   665   812 I r_submix: adev_init_check()
01-06 23:22:13.927   625   625 D Zygote64Timing: PostZygoteInitGC took to complete: 36ms
01-06 23:22:13.927   625   625 D Zygote64Timing: ZygoteInit took to complete: 1762ms
01-06 23:22:14.138  1446  1446 I SystemServer: InitBeforeStartServices
01-06 23:22:14.143  1446  1446 I sysui_multi_action: [757,804,799,boot_system_server_init,801,10249,802,1]
01-06 23:22:14.370  1446  1446 D SystemServerTiming: InitBeforeStartServices took to complete: 232ms
01-06 23:22:14.391  1446  1473 D SystemServerInitThreadPool: Started executing ReadingSystemConfig
01-06 23:22:14.493  1446  1473 D SystemServerInitThreadPool: Finished executing ReadingSystemConfig
01-06 23:22:14.594  1446  1446 I SystemServer: InitPowerManagement
01-06 23:22:14.594  1446  1446 D SystemServerTiming: InitPowerManagement took to complete: 0ms
01-06 23:22:14.620  1446  1446 I sysui_multi_action: [757,804,799,boot_package_manager_init_start,801,10726,802,1]
01-06 23:22:16.443  1446  1536 D SystemServerInitThreadPool: Started executing prepareAppData
01-06 23:22:16.590  1446  1446 I sysui_multi_action: [757,804,799,boot_package_manager_init_ready,801,12697,802,1]
01-06 23:22:16.592  1446  1446 I SystemServer: InitAttributerCache
01-06 23:22:16.592  1446  1446 D SystemServerTiming: InitAttributerCache took to complete: 1ms
01-06 23:22:16.597  1446  1446 I SystemServer: InitWatchdog
01-06 23:22:16.598  1446  1446 D SystemServerTiming: InitWatchdog took to complete: 0ms
01-06 23:22:16.663     0     0 I oem-init: EC25 FW Ver EC25EUXGAR08A02M1G_BETA0211_01.001.01.001
01-06 23:22:16.663     0     0 I oem-init: oem init exit
01-06 23:22:16.664     0     0 W oem_init: 36 output lines suppressed due to ratelimiting
01-06 23:22:16.665     0     0 I init    : Service 'vendor.oem_init' (pid 490) exited with status 0
01-06 23:22:16.727  1446  1543 D SystemServerInitThreadPool: Started executing StartSensorService
01-06 23:22:16.753  1446  1543 D SystemServerInitThreadPool: Finished executing StartSensorService
01-06 23:22:16.761  1446  1551 D SystemServerInitThreadPool: Started executing SecondaryZygotePreload
01-06 23:22:16.763  1446  1552 D SystemServerInitThreadPool: Started executing SchedulingPolicyService.<init>
01-06 23:22:16.767  1446  1446 W EntropyMixer: 	at java.io.FileInputStream.<init>(FileInputStream.java:159)
01-06 23:22:16.767  1446  1446 W EntropyMixer: 	at java.io.FileInputStream.<init>(FileInputStream.java:115)
01-06 23:22:16.767  1446  1446 W EntropyMixer: 	at com.android.server.EntropyMixer.<init>(EntropyMixer.java:115)
01-06 23:22:16.767  1446  1446 W EntropyMixer: 	at com.android.server.EntropyMixer.<init>(EntropyMixer.java:97)
01-06 23:22:16.767  1446  1446 W EntropyMixer: 	at com.android.internal.os.RuntimeInit$MethodAndArgsCaller.run(RuntimeInit.java:492)
01-06 23:22:16.767  1446  1446 W EntropyMixer: 	at com.android.internal.os.ZygoteInit.main(ZygoteInit.java:913)
01-06 23:22:16.782  1446  1552 D SystemServerInitThreadPool: Finished executing SchedulingPolicyService.<init>
01-06 23:22:16.817  1446  1446 I SettingsState: 	at com.android.providers.settings.SettingsState.<init>(SettingsState.java:277)
01-06 23:22:16.817  1446  1446 I SettingsState: 	at com.android.providers.settings.SettingsProvider$SettingsRegistry.<init>(SettingsProvider.java:2412)
01-06 23:22:16.817  1446  1446 I SettingsState: 	at com.android.internal.os.RuntimeInit$MethodAndArgsCaller.run(RuntimeInit.java:492)
01-06 23:22:16.817  1446  1446 I SettingsState: 	at com.android.internal.os.ZygoteInit.main(ZygoteInit.java:913)
01-06 23:22:16.824  1446  1446 I SettingsState: 	at com.android.providers.settings.SettingsState.<init>(SettingsState.java:277)
01-06 23:22:16.824  1446  1446 I SettingsState: 	at com.android.providers.settings.SettingsProvider$SettingsRegistry.<init>(SettingsProvider.java:2412)
01-06 23:22:16.824  1446  1446 I SettingsState: 	at com.android.internal.os.RuntimeInit$MethodAndArgsCaller.run(RuntimeInit.java:492)
01-06 23:22:16.824  1446  1446 I SettingsState: 	at com.android.internal.os.ZygoteInit.main(ZygoteInit.java:913)
01-06 23:22:16.835   626   626 D ZygoteInitTiming_lazy: BeginPreload took to complete: 12ms
01-06 23:22:17.007     0     0 I init    : processing action (sys.sysctl.extra_free_kbytes=*) from (/init.rc:828)
01-06 23:22:18.201     0     0 I init    : Received control message 'interface_start' for 'android.hardware.radio@1.4::IRadio/slot1' from pid: 497 (/system/bin/hwservicemanager)
01-06 23:22:18.211     0     0 I init    : Received control message 'interface_start' for 'android.hardware.radio@1.4::IRadio/slot1' from pid: 497 (/system/bin/hwservicemanager)
01-06 23:22:18.681     0     0 E init    : Unable to set property 'wc_transport.stack_bdaddr' to '1C:EE:C9:1A:7A:19' from uid:1002 gid:1002 pid:668: SELinux permission check failed
01-06 23:22:18.966     0     0 I init    : Service 'bootanim' (pid 1222) exited with status 0
01-06 23:22:19.181     0     0 I init    : processing action (sys.boot_completed=1) from (/init.rc:819)
01-06 23:22:19.181     0     0 I init    : starting service 'exec 17 (/bin/rm -rf /data/per_boot)'...
01-06 23:22:19.184     0     0 I init    : SVC_EXEC service 'exec 17 (/bin/rm -rf /data/per_boot)' pid 2155 (uid 1000 gid 1000+0 context default) started; waiting...
01-06 23:22:19.213     0     0 W         : Boot completed
01-06 23:22:19.898     0     0 I [kworke][388908461][04:37:49.044022] wlan: [1389:I:HDD] hdd_soc_probe: 393: probing driver
01-06 23:22:19.969     0     0 I [kworke][390256423][04:37:49.114228] wlan: [1389:W:HIF] hif_snoc_enable_bus: device_init_wakeup already done
01-06 23:22:21.079     0     0 I [kworke][411573862][04:37:50.224511] wlan: [1387:E:QDF] ready_extract_init_status_tlv:0
01-06 23:22:21.079     0     0 I [kworke][411584561][04:37:50.225068] wlan: [1387:E:dfs] WLAN_DEBUG_DFS_ALWAYS : dfs_init_radar_filters: 249: Unknown dfs domain 0
01-06 23:22:21.079     0     0 W target_if_pdev_spectral_init: 1992: HAL_CAP_PHYDIAG : Capable
01-06 23:22:21.079     0     0 W target_if_pdev_spectral_init: 1996: HAL_CAP_RADAR   : Capable
01-06 23:22:21.079     0     0 W target_if_pdev_spectral_init: 2001: HAL_CAP_SPECTRAL_SCAN : Capable
01-06 23:22:21.118     0     0 I [kworke][412327707][04:37:50.263774] wlan: [1389:I:HDD] hdd_initialize_mac_address: 11697: using MAC address from platform driver
01-06 23:22:22.727     0     0 I init    : Received control message 'start' for 'gsid' from pid: 1446 (system_server)
01-06 23:22:22.728     0     0 I init    : starting service 'gsid'...
01-06 23:22:22.801     0     0 I init    : Received control message 'stop' for 'gsid' from pid: 1446 (system_server)
01-06 23:22:22.801     0     0 I init    : Sending signal 9 to service 'gsid' (pid 2912) process group...
01-06 23:22:22.808     0     0 I init    : Service 'gsid' (pid 2912) received signal 9
01-06 23:22:26.727     0     0 I init    : Received control message 'stop' for 'idmap2d' from pid: 1446 (system_server)
01-06 23:22:26.727     0     0 I init    : Sending signal 9 to service 'idmap2d' (pid 925) process group...
01-06 23:22:26.738     0     0 I init    : Service 'idmap2d' (pid 925) received signal 9
05-10 05:37:46.008  1446  1446 D UsbMiscManager: initOnBoot
05-10 05:37:46.010  1446  1446 D UsbPortHandler-main: initOnBoot
05-10 05:37:46.010  1446  1446 D UsbPortHandler-main: initOnBoot,roleFlag:3
05-10 05:37:46.010  1446  1446 D UsbPortHandler-PosHub: initOnBoot, mHubAttached:false
05-10 05:37:46.061  1446  1446 I InputManager: Initializing input manager, mUseDevInputEventForAudioJack=true
05-10 05:37:46.100  1446  1446 I SystemServer: WindowManagerServiceOnInitReady
05-10 05:37:46.108  1446  1446 D SystemServerTiming: WindowManagerServiceOnInitReady took to complete: 9ms
05-10 05:37:46.109  1446  1576 D SystemServerInitThreadPool: Started executing StartHidlServices
05-10 05:37:46.112  1446  1576 D SystemServerInitThreadPool: Finished executing StartHidlServices
05-10 05:37:46.154   626   626 E ActivityRecognitionHardware: activity_recognition HAL is deprecated. class_init is effectively a no-op
05-10 05:37:46.181  1446  1582 D StorageManagerService: Thinking about init, mBootCompleted=false, mDaemonConnected=true
05-10 05:37:46.186  1446  1583 D SystemServerInitThreadPool: Started executing UiModeManager.onStart
05-10 05:37:46.201  1446  1583 D SystemServerInitThreadPool: Finished executing UiModeManager.onStart
05-10 05:37:46.201  1446  1584 D SystemServerInitThreadPool: Started executing PersistentDataBlockService.onStart
05-10 05:37:46.202  1446  1584 E PersistentDataBlockService: 	at com.android.server.SystemServerInitThreadPool.lambda$submit$0$SystemServerInitThreadPool(SystemServerInitThreadPool.java:72)
05-10 05:37:46.202  1446  1584 E PersistentDataBlockService: 	at com.android.server.-$$Lambda$SystemServerInitThreadPool$jLyL3DFmbjsFesU5SGktD3NoWSc.run(Unknown Source:6)
05-10 05:37:46.211  1446  1446 I SystemServer: InitNetworkStackClient
05-10 05:37:46.211  1446  1446 D SystemServerTiming: InitNetworkStackClient took to complete: 0ms
05-10 05:37:46.216  1446  1584 D SystemServerInitThreadPool: Finished executing PersistentDataBlockService.onStart
05-10 05:37:46.250  1446  1536 D SystemServerInitThreadPool: Finished executing prepareAppData
05-10 05:37:46.346  1446  1446 I ELOPeripheralManager: Init ELOPeripheralManager, service: com.android.server.ELOPeripheralService@289fc43, SDK API CORE layer version: 1.3.15
05-10 05:37:46.377   626   626 D ZygoteInitTiming_lazy: PreloadClasses took to complete: 397ms
05-10 05:37:46.388   626   626 D ZygoteInitTiming_lazy: CacheNonBootClasspathClassLoaders took to complete: 10ms
05-10 05:37:46.481  1446  1446 I UsbDeviceManager: 	at com.android.server.usb.UsbDeviceManager.<init>(UsbDeviceManager.java:265)
05-10 05:37:46.481  1446  1446 I UsbDeviceManager: 	at com.android.server.usb.UsbService.<init>(UsbService.java:150)
05-10 05:37:46.481  1446  1446 I UsbDeviceManager: 	at com.android.internal.os.RuntimeInit$MethodAndArgsCaller.run(RuntimeInit.java:492)
05-10 05:37:46.481  1446  1446 I UsbDeviceManager: 	at com.android.internal.os.ZygoteInit.main(ZygoteInit.java:913)
05-10 05:37:46.497   626   626 D ZygoteInitTiming_lazy: PreloadResources took to complete: 110ms
05-10 05:37:46.515  1446  1473 D SystemServerInitThreadPool: Started executing Init ContextHubSystemService
05-10 05:37:46.516  1446  1473 D SystemServerInitThreadPool: Finished executing Init ContextHubSystemService
05-10 05:37:46.571  1446  1543 D SystemServerInitThreadPool: Started executing DevicePolicyManager
05-10 05:37:46.571  1446  1543 D SystemServerInitThreadPool: Finished executing DevicePolicyManager
05-10 05:37:46.609  1446  1446 E SystemServiceRegistry: 	at com.android.internal.os.RuntimeInit$MethodAndArgsCaller.run(RuntimeInit.java:492)
05-10 05:37:46.609  1446  1446 E SystemServiceRegistry: 	at com.android.internal.os.ZygoteInit.main(ZygoteInit.java:913)
05-10 05:37:46.651  1446  1551 D SystemServerInitThreadPool: Finished executing SecondaryZygotePreload
05-10 05:37:46.692   681   681 E ThermalHAL-TARGET: thermal sensor initialization is failed
05-10 05:37:46.705   681   681 E ThermalHAL-TARGET: thermal sensor initialization is failed
05-10 05:37:46.711  1446  1446 I SyncManager: No initial accounts
05-10 05:37:46.795  1446  1552 D SystemServerInitThreadPool: Started executing WebViewFactoryPreparation
05-10 05:37:46.798  1446  1552 D SystemServerInitThreadPool: Finished executing WebViewFactoryPreparation
05-10 05:37:46.880  1446  1446 D VoiceInteractionManagerService: initForUser(0) took to complete: 0ms
05-10 05:37:46.880   673   673 D gps_ql  : init_times = 0, s->init = 0
05-10 05:37:46.880   673   673 D gps_ql  : init_times = 0
05-10 05:37:46.881   673   673 D gps_ql  : ql_gps_state_init start
05-10 05:37:46.882   673   673 D gps_ql  : gps state initialized
05-10 05:37:46.889   673   673 D gps_ql  : ql_gps_xtra_init(callbacks=0x7f0a2f2068)
05-10 05:37:46.890  1446  1466 I GnssLocationProvider: Unable to initialize IGnssGeofencing interface.
05-10 05:37:46.890  1446  1466 I GnssLocationProvider: Unable to initialize IGnssNi interface.
05-10 05:37:46.890   673   673 D gps_ql  : ql_loc_agps_ril_init[37]--enter!
05-10 05:37:46.890   673   673 D gps_ql  : ql_loc_agps_ril_init[38]--leave!
05-10 05:37:46.960  1446  1446 D SystemServerInitThreadPool: Shutdown successful
05-10 05:37:46.982   673   673 D gps_ql  : init_times = 1, s->init = 1
05-10 05:37:46.983   673   673 D gps_ql  : ql_gps_xtra_init(callbacks=0x7f0a2f2068)
05-10 05:37:46.984  1446  1466 I GnssLocationProvider: Unable to initialize IGnssGeofencing interface.
05-10 05:37:46.984  1446  1466 I GnssLocationProvider: Unable to initialize IGnssNi interface.
05-10 05:37:46.984   673   673 D gps_ql  : ql_loc_agps_ril_init[37]--enter!
05-10 05:37:46.984   673   673 D gps_ql  : ql_loc_agps_ril_init[38]--leave!
05-10 05:37:46.985  1626  1626 I BluetoothBATServiceJni: classInitNative: Enter 
05-10 05:37:46.985  1626  1626 I BluetoothBATServiceJni: classInitNative: succeeds
05-10 05:37:46.986  1446  1466 E GnssBatchingProvider: Failed to initialize GNSS batching
05-10 05:37:47.164  1626  1626 I BluetoothVendorJni: classInitNative: succeeds
05-10 05:37:47.169  1626  1626 I BluetoothVendorSocketJni: classInitNative: succeeds
05-10 05:37:47.171  1626  1626 I bt_btif : QTI OMR1 stack: init: start restricted = 0 : niap = 0
05-10 05:37:47.172  1626  1626 D bt_osi_allocation_tracker: canary initialized
05-10 05:37:47.175  1626  1870 I bt_stack_manager: event_init_stack is initializing the stack
05-10 05:37:47.188  1788  1788 E ContextImpl: 	at com.android.internal.os.RuntimeInit$MethodAndArgsCaller.run(RuntimeInit.java:492)
05-10 05:37:47.188  1788  1788 E ContextImpl: 	at com.android.internal.os.ZygoteInit.main(ZygoteInit.java:935)
05-10 05:37:47.189  1626  1870 I bt_btif_core: btif_init_bluetooth entered
05-10 05:37:47.222  1626  1870 W bt_device_profile: profile_config_init load config file succesful : /data/misc/bluedroid/bt_profile.conf
05-10 05:37:47.222  1446  1446 I Telecom : SystemStateHelper: Registering car mode receiver: android.content.IntentFilter@6a05ba1: TS.init@AAA
05-10 05:37:47.222  1626  1870 I bt_stack_config: init attempt to load stack conf from /etc/bluetooth/bt_stack.conf
05-10 05:37:47.233  1626  1870 I bt_btif_core: btif_init_bluetooth finished
05-10 05:37:47.233  1626  1870 I bt_stack_manager: event_init_stack finished
05-10 05:37:47.249  1887  1887 I WebViewZygoteInit: Starting WebViewZygoteInit
05-10 05:37:47.281   959   959 I OMX-VDEC-1080P: component_init: OMX.qcom.video.decoder.avc : fd=7
05-10 05:37:47.289   959   959 I OMX-VDEC-1080P: omx_vdec::component_init() success : fd=7
05-10 05:37:47.293   959   959 I OMX-VDEC-1080P: omx_vdec::component_deinit() complete
05-10 05:37:47.309  1626  1626 I BluetoothVendorJni: initNative:: soc_name = cherokee
05-10 05:37:47.309  1626  1626 I BluetoothVendorJni: initNative:: a2dp_offload_Cap = sbc-aac
05-10 05:37:47.309  1626  1626 I bt_btif_vendor: init
05-10 05:37:47.309  1626  1626 I bt_btif_vendor: init done
05-10 05:37:47.311  1887  1887 I WebViewZygoteInit: Beginning application preload for com.android.webview
05-10 05:37:47.312  1626  1626 I AdapterProperties: init(), maxConnectedAudioDevices, default=5, propertyOverlayed=5, finalValue=5
05-10 05:37:47.326   959  1091 I OMX-VDEC-1080P: component_init: OMX.qcom.video.decoder.avc : fd=7
05-10 05:37:47.333   959  1091 I OMX-VDEC-1080P: omx_vdec::component_init() success : fd=7
05-10 05:37:47.336   959  1091 I OMX-VDEC-1080P: omx_vdec::component_deinit() complete
05-10 05:37:47.337  1446  1956 I Telecom : CallAudioModeStateMachine: Message received: null.: TS.init->CAMSM.pM_1@AAA
05-10 05:37:47.341  1446  1446 I Telecom : MissedCallNotifierImpl: reloadFromDatabase: Boot not yet complete -- call log db may not be available. Deferring loading until boot complete for user 0: TS.init@AAA
05-10 05:37:47.343  1806  1806 D RILJ    : RIL: init preferredNetworkType=9 cdmaSubscription=0) [SUBnull]
05-10 05:37:47.359  1446  1446 W ContextImpl: Calling a method in the system process without a qualified user: android.app.ContextImpl.startService:1570 android.content.ContextWrapper.startService:669 com.android.server.telecom.components.TelecomService.initializeTelecomSystem:196 com.android.server.telecom.components.TelecomService.onBind:71 android.app.ActivityThread.handleBindService:3981 
05-10 05:37:47.375  1887  1887 I WebViewZygoteInit: Application preload done
05-10 05:37:47.391   959   959 I OMX-VDEC-1080P: component_init: OMX.qcom.video.decoder.divx : fd=7
05-10 05:37:47.402   959   959 I OMX-VDEC-1080P: omx_vdec::component_init() success : fd=7
05-10 05:37:47.406  1446  1446 V WiredAccessoryManager: init()
05-10 05:37:47.407   959   959 I OMX-VDEC-1080P: omx_vdec::component_deinit() complete
05-10 05:37:47.430   959  1966 I OMX-VDEC-1080P: component_init: OMX.qcom.video.decoder.divx311 : fd=7
05-10 05:37:47.437   959  1966 I OMX-VDEC-1080P: omx_vdec::component_init() success : fd=7
05-10 05:37:47.441   959   959 I OMX-VDEC-1080P: omx_vdec::component_deinit() complete
05-10 05:37:47.466   959  1966 I OMX-VDEC-1080P: component_init: OMX.qcom.video.decoder.divx4 : fd=7
05-10 05:37:47.469   959  1966 I OMX-VDEC-1080P: omx_vdec::component_init() success : fd=7
05-10 05:37:47.473   959   959 I OMX-VDEC-1080P: omx_vdec::component_deinit() complete
05-10 05:37:47.490   959  1966 I OMX-VDEC-1080P: component_init: OMX.qcom.video.decoder.h263 : fd=7
05-10 05:37:47.492   959  1966 I OMX-VDEC-1080P: omx_vdec::component_init() success : fd=7
05-10 05:37:47.498   959  1966 I OMX-VDEC-1080P: omx_vdec::component_deinit() complete
05-10 05:37:47.510  1648  1648 I ELOPeripheralManager: Init ELOPeripheralManager, service: android.elo.peripheral.IELOPeripheralService$Stub$Proxy@866c598, SDK API CORE layer version: 1.3.15
05-10 05:37:47.515  1446  1446 I ExplicitHealthCheckController: Service initialized, syncing requests
05-10 05:37:47.531   959  1966 I OMX-VDEC-1080P: component_init: OMX.qcom.video.decoder.hevc : fd=7
05-10 05:37:47.535  1626  1626 D BtGatt.GattService: classInitNative called
05-10 05:37:47.536  1626  1626 I BtGatt.JNI: classInitNative(L1024): classInitNative: Success!
05-10 05:37:47.537   959  1966 I OMX-VDEC-1080P: omx_vdec::component_init() success : fd=7
05-10 05:37:47.540   959   959 I OMX-VDEC-1080P: omx_vdec::component_deinit() complete
05-10 05:37:47.550  1626  1870 E bt_vnd_log: init_vnd_Logger, Logger Not enabled from config file
05-10 05:37:47.557  1626  1870 D bt_osi_wakelock: wakelock_initialize_native opening wake locks
05-10 05:37:47.558  1626  2052 I bt_hci  : hci_initialize
05-10 05:37:47.560  1626  2052 I bt_hci  : hci_initialize: IBluetoothHci::getService() returned 0x7c61ac5f40 (remote)
05-10 05:37:47.560   668   668 W vendor.qti.bluetooth@1.0-bluetooth_hci: BluetoothHci::initialize()
05-10 05:37:47.560   668   668 W vendor.qti.bluetooth@1.0-data_handler: DataHandler:: Init()
05-10 05:37:47.560   668   668 I vendor.qti.bluetooth@1.0-data_handler: Open init_status 0 
05-10 05:37:47.560   959   959 I OMX-VDEC-1080P: component_init: OMX.qcom.video.decoder.hevc : fd=7
05-10 05:37:47.561   668   668 D vendor.qti.bluetooth@1.0-wake_lock: Init wakelock is initiated 
05-10 05:37:47.561   668   668 I vendor.qti.bluetooth@1.0-bluetooth_hci: initialize: linking to deathRecipient
05-10 05:37:47.565   959   959 I OMX-VDEC-1080P: omx_vdec::component_init() success : fd=7
05-10 05:37:47.566   668  2055 D vendor.qti.bluetooth@1.0-uart_transport: Init:> soc_type: 3, need_reload: 1
05-10 05:37:47.568   959   959 I OMX-VDEC-1080P: omx_vdec::component_deinit() complete
05-10 05:37:47.576   668  2055 I vendor.qti.bluetooth@1.0-uart_transport: InitTransport: opening /dev/ttyHS0
05-10 05:37:47.578   668  2055 I vendor.qti.bluetooth@1.0-uart_transport: InitTransport: device fd = 8 open @2400 bps
05-10 05:37:47.597   959   959 I OMX-VDEC-1080P: component_init: OMX.qcom.video.decoder.mpeg2 : fd=7
05-10 05:37:47.600   959   959 I OMX-VDEC-1080P: omx_vdec::component_init() success : fd=7
05-10 05:37:47.602   959  1966 I OMX-VDEC-1080P: omx_vdec::component_deinit() complete
05-10 05:37:47.616   959  1966 I OMX-VDEC-1080P: component_init: OMX.qcom.video.decoder.mpeg4 : fd=7
05-10 05:37:47.619   668  2055 I vendor.qti.bluetooth@1.0-uart_transport: DeInitTransport: Transport is being closed!
05-10 05:37:47.620   959  1966 I OMX-VDEC-1080P: omx_vdec::component_init() success : fd=7
05-10 05:37:47.623   959   959 I OMX-VDEC-1080P: omx_vdec::component_deinit() complete
05-10 05:37:47.640   959  1966 I OMX-VDEC-1080P: component_init: OMX.qcom.video.decoder.vc1 : fd=7
05-10 05:37:47.646   959  1966 I OMX-VDEC-1080P: omx_vdec::component_init() success : fd=7
05-10 05:37:47.648   959  1092 I OMX-VDEC-1080P: omx_vdec::component_deinit() complete
05-10 05:37:47.669   959  1092 I OMX-VDEC-1080P: component_init: OMX.qcom.video.decoder.vc1 : fd=7
05-10 05:37:47.673   959  1092 I OMX-VDEC-1080P: omx_vdec::component_init() success : fd=7
05-10 05:37:47.676   959  1092 I OMX-VDEC-1080P: omx_vdec::component_deinit() complete
05-10 05:37:47.693   959  1092 I OMX-VDEC-1080P: component_init: OMX.qcom.video.decoder.vp8 : fd=7
05-10 05:37:47.696   959  1092 I OMX-VDEC-1080P: omx_vdec::component_init() success : fd=7
05-10 05:37:47.698   959  1966 I OMX-VDEC-1080P: omx_vdec::component_deinit() complete
05-10 05:37:47.719   668  2055 I vendor.qti.bluetooth@1.0-uart_transport: InitTransport: opening /dev/ttyHS0
05-10 05:37:47.720   668  2055 I vendor.qti.bluetooth@1.0-uart_transport: InitTransport: device fd = 8 open @115200 bps
05-10 05:37:47.722   668  2055 I vendor.qti.bluetooth@1.0-uart_transport: Init:send out poweron signal
05-10 05:37:47.722   668  2055 I vendor.qti.bluetooth@1.0-uart_transport: DeInitTransport: Transport is being closed!
05-10 05:37:47.722   668  2055 I vendor.qti.bluetooth@1.0-uart_transport: InitTransport: opening /dev/ttyHS0
05-10 05:37:47.723   668  2055 I vendor.qti.bluetooth@1.0-uart_transport: InitTransport: HW flow control enabled
05-10 05:37:47.723   668  2055 I vendor.qti.bluetooth@1.0-uart_transport: InitTransport: device fd = 8 open @115200 bps
05-10 05:37:47.732   959   959 I OMX-VDEC-1080P: component_init: OMX.qcom.video.decoder.vp9 : fd=7
05-10 05:37:47.735   959   959 I OMX-VDEC-1080P: omx_vdec::component_init() success : fd=7
05-10 05:37:47.737   959  1966 I OMX-VDEC-1080P: omx_vdec::component_deinit() complete
05-10 05:37:47.750   959   959 I OMX-VDEC-1080P: component_init: OMX.qcom.video.decoder.vp9 : fd=7
05-10 05:37:47.752   959   959 I OMX-VDEC-1080P: omx_vdec::component_init() success : fd=7
05-10 05:37:47.754   959  1966 I OMX-VDEC-1080P: omx_vdec::component_deinit() complete
05-10 05:37:47.776   959  1966 I OMX-VENC: Component_init : OMX.qcom.video.encoder.avc : return = 0x0
05-10 05:37:47.779   959   959 I OMX-VENC: Component Deinit
05-10 05:37:47.800   959  1092 I OMX-VENC: Component_init : OMX.qcom.video.encoder.h263 : return = 0x0
05-10 05:37:47.802   959  1966 I OMX-VENC: Component Deinit
05-10 05:37:47.823   668  2055 D vendor.qti.bluetooth@1.0-ibs_handler: InitInt: tty_fd = 8
05-10 05:37:47.827   668  2055 I vendor.qti.bluetooth@1.0-patch_dl_manager:  SocInit 
05-10 05:37:47.827   959   959 I OMX-VENC: Component_init : OMX.qcom.video.encoder.hevc : return = 0x0
05-10 05:37:47.830   959  1092 I OMX-VENC: Component Deinit
05-10 05:37:47.837   668  2055 I vendor.qti.bluetooth@1.0-patch_dl_manager: SocInit: Chipset Version (0x40010214000a0201)
05-10 05:37:47.850   959  1092 I OMX-VENC: Component_init : OMX.qcom.video.encoder.mpeg4 : return = 0x0
05-10 05:37:47.853   959   959 I OMX-VENC: Component Deinit
05-10 05:37:47.858   668  2055 I vendor.qti.bluetooth@1.0-patch_dl_manager: SocInit: Baud rate changed successfully 
05-10 05:37:47.872   959   959 I OMX-VENC: Component_init : OMX.qcom.video.encoder.vp8 : return = 0x0
05-10 05:37:47.875   959  1966 I OMX-VENC: Component Deinit
05-10 05:37:47.887   971  1571 V C2Store : in init
05-10 05:37:47.900   971  1571 V C2Store : in init
05-10 05:37:47.906   971  1571 V C2Store : in init
05-10 05:37:47.912   971  1571 V C2Store : in init
05-10 05:37:47.916   971  1571 V C2Store : in init
05-10 05:37:47.921   971  1571 V C2Store : in init
05-10 05:37:47.928   971  1571 V C2Store : in init
05-10 05:37:47.936   971  1571 V C2Store : in init
05-10 05:37:47.943   971  1571 V C2Store : in init
05-10 05:37:47.950   971  1571 V C2Store : in init
05-10 05:37:47.961   971  1571 V C2Store : in init
05-10 05:37:47.966   971  1571 V C2Store : in init
05-10 05:37:47.970   971  1571 V C2Store : in init
05-10 05:37:47.975   971  1571 V C2Store : in init
05-10 05:37:47.978   971  1571 V C2Store : in init
05-10 05:37:47.983   971  1571 V C2Store : in init
05-10 05:37:47.988   971  1571 V C2Store : in init
05-10 05:37:47.995   971  1571 V C2Store : in init
05-10 05:37:48.013  1446  1558 D UsbPortHandler-main: doHubInit
05-10 05:37:48.015   971  1571 V C2Store : in init
05-10 05:37:48.019   971  1571 V C2Store : in init
05-10 05:37:48.027   971  1571 V C2Store : in init
05-10 05:37:48.032   971  1571 V C2Store : in init
05-10 05:37:48.037   971  1571 V C2Store : in init
05-10 05:37:48.046   971  1571 V C2Store : in init
05-10 05:37:48.051   971  1571 V C2Store : in init
05-10 05:37:48.054   971  1571 V C2Store : in init
05-10 05:37:48.061   971  1571 V C2Store : in init
05-10 05:37:48.069   971  1571 V C2Store : in init
05-10 05:37:48.076   971  1571 V C2Store : in init
05-10 05:37:48.080   971  1571 V C2Store : in init
05-10 05:37:48.108   971  1571 V C2Store : in init
05-10 05:37:48.114   971  1118 V C2Store : in init
05-10 05:37:48.119   971   971 V C2Store : in init
05-10 05:37:48.123   971   971 V C2Store : in init
05-10 05:37:48.127   971  1118 V C2Store : in init
05-10 05:37:48.130   971  1571 V C2Store : in init
05-10 05:37:48.134   971  1571 V C2Store : in init
05-10 05:37:48.139   971   971 V C2Store : in init
05-10 05:37:48.145   971  1566 V C2Store : in init
05-10 05:37:48.150   971  1566 V C2Store : in init
05-10 05:37:48.153   971  2136 V C2Store : in init
05-10 05:37:48.158   971  2135 V C2Store : in init
05-10 05:37:48.161   971   971 V C2Store : in init
05-10 05:37:48.163   971  1566 V C2Store : in init
05-10 05:37:48.166   971  2135 V C2Store : in init
05-10 05:37:48.170   971  1571 V C2Store : in init
05-10 05:37:48.175   971  1118 V C2Store : in init
05-10 05:37:48.180   971   971 V C2Store : in init
05-10 05:37:48.185   971  1571 V C2Store : in init
05-10 05:37:48.188   971  1118 V C2Store : in init
05-10 05:37:48.192   971  1118 V C2Store : in init
05-10 05:37:48.196   971  1566 V C2Store : in init
05-10 05:37:48.199   971  1566 V C2Store : in init
05-10 05:37:48.202   971  1571 V C2Store : in init
05-10 05:37:48.205   971  1118 V C2Store : in init
05-10 05:37:48.208   971  1571 V C2Store : in init
05-10 05:37:48.211   971   971 V C2Store : in init
05-10 05:37:48.215   971  1118 V C2Store : in init
05-10 05:37:48.219   971  2135 V C2Store : in init
05-10 05:37:48.223   971   971 V C2Store : in init
05-10 05:37:48.301  1446  1582 D StorageManagerService: Thinking about init, mBootCompleted=true, mDaemonConnected=true
05-10 05:37:48.407  1446  1477 I am_proc_start: [0,2164,10107,com.android.deskclock,broadcast,{com.android.deskclock/com.android.deskclock.AlarmInitReceiver}]
05-10 05:37:48.407  1446  1477 I ActivityManager: Start proc 2164:com.android.deskclock/u0a107 for broadcast {com.android.deskclock/com.android.deskclock.AlarmInitReceiver}
05-10 05:37:48.442  2162  2162 I sysui_multi_action: [757,804,799,ro.boottime.init.cold_boot_wait,801,1543,802,1]
05-10 05:37:48.442  2162  2162 I sysui_multi_action: [757,804,799,ro.boottime.init,801,2066,802,1]
05-10 05:37:48.442  2162  2162 I sysui_multi_action: [757,804,799,ro.boottime.init.selinux,801,97,802,1]
05-10 05:37:48.479  2158  2158 I auditd  : type=1400 audit(0.0:5): avc: denied { dac_override } for comm="init.qcom.post_" capability=1 scontext=u:r:qti_init_shell:s0 tcontext=u:r:qti_init_shell:s0 tclass=capability permissive=0
05-10 05:37:48.479  2158  2158 W init.qcom.post_: type=1400 audit(0.0:5): avc: denied { dac_override } for capability=1 scontext=u:r:qti_init_shell:s0 tcontext=u:r:qti_init_shell:s0 tclass=capability permissive=0
05-10 05:37:48.626  2164  2164 I AlarmClock: AlarmInitReceiver android.intent.action.LOCKED_BOOT_COMPLETED
05-10 05:37:48.668  2164  2223 V AlarmClock: AlarmInitReceiver finished
05-10 05:37:48.778  1446  1476 D VoiceInteractionManagerService: initForUser(0) took to complete: 4ms
05-10 05:37:48.818  1626  1626 D BluetoothOppFileProvider: Initialized
05-10 05:37:48.834   668  2055 I vendor.qti.bluetooth@1.0-patch_dl_manager: SocInit: Download TLV file successfully 
05-10 05:37:49.008  1911  1911 V Launcher: LauncherAppState initiated
05-10 05:37:49.117   668  2055 I vendor.qti.bluetooth@1.0-diag_interface: Init: Init diag completed
05-10 05:37:49.117   668  2055 D vendor.qti.bluetooth@1.0-logger: Init: Registered Diag callbacks
05-10 05:37:49.117   668  2055 D vendor.qti.bluetooth@1.0-uart_controller: Init succeded
05-10 05:37:49.140  2292  2292 D NativeNfcManager: INqNfc 1.1 interface not initialized yet. Getting INqNfcV1_1 Service
