07-22 01:39:40.919   638   638 I Zygote  : Accepting command socket connections
07-22 01:39:40.939   637   637 I chatty  : uid=0(root) main expire 7 lines
07-22 01:39:40.939   637   637 I Zygote  : Preloading classes...
07-22 01:39:40.942   637   637 W Zygote  : Class not found for preloading: android.app.-$$Lambda$ActivityThread$ZXDWm3IBeFmLnFVblhB-IOZCr9o
07-22 01:39:40.998     0     0 E wlan    : Loading driver v5.2.03.27K; 2021-07-22T03:36:24Z; cld:I59e3b71c2d; cmn:Ibe1096815a; ()
07-22 01:39:40.998     0     0 I qdf_print_ctrl_register: Allocated print control object 0
07-22 01:39:41.000     0     0 I [init][333167681][05:39:41.000145] wlan: [477:I:tdls] ucfg_tdls_init: 40: tdls module dispatcher init
07-22 01:39:41.000     0     0 I [init][333167854][05:39:41.000154] wlan: [477:I:tdls] ucfg_tdls_init: 72: tdls module dispatcher init done
07-22 01:39:41.000     0     0 I [init][333168039][05:39:41.000163] wlan: [477:I:POLICY_MGR] policy_mgr_init: 214: Callbacks registered with obj mgr
07-22 01:39:41.001     0     0 I         : wlan_hdd_state wlan major(497) initialized
07-22 01:39:41.001     0     0 I wlan    : driver loaded
07-22 01:39:41.010   637   637 W Zygote  : Class not found for preloading: android.bluetooth.BluetoothA2dp$2
07-22 01:39:41.020   637   637 I PackageBackwardCompatibility: Could not find android.content.pm.AndroidTestBaseUpdater, ignoring
07-22 01:39:41.068   899   899 E PerMgrProxy: Starting pm-proxy service
07-22 01:39:41.074   722   759 D PerMgrSrv: modem state: is off-line, add client PM-PROXY-THREAD
07-22 01:39:41.074   722   759 D PerMgrSrv: PM-PROXY-THREAD registered
07-22 01:39:41.075   899   899 D PerMgrLib: PM-PROXY-THREAD successfully registered for modem
07-22 01:39:41.075   899   899 I PerMgrProxy: Casting proxy vote for modem
07-22 01:39:41.075   899   899 D PerMgrLib: PM-PROXY-THREAD voting for modem
07-22 01:39:41.075   722   759 D PerMgrSrv: PM-PROXY-THREAD voting for modem
07-22 01:39:41.075   722   759 D PerMgrSrv: modem new state: going on-line
07-22 01:39:41.075   722   759 D PerMgrSrv: modem num voters is 1
07-22 01:39:41.075   899   899 I PerMgrProxy: pm-proxy-thread vote successful for modem
07-22 01:39:41.079     0     0 I subsys-restart: __subsystem_get(): Changing subsys fw_name to modem
07-22 01:39:41.089   901   901 I android.hardware.camera.provider@2.4-external-service: External camera provider service is starting.
07-22 01:39:41.092   902   902 E QCOMSysDaemon: Can't find/open bootselect node: (No such file or directory)
07-22 01:39:41.092   902   902 I QCOMSysDaemon: Starting qcom system daemon
07-22 01:39:41.093   900   900 I Dpps    : GetInstance: DppsServer ref count increased to 1
07-22 01:39:41.093   900   900 I Dpps    : WaitForComposer():129 Waiting for composer service init
07-22 01:39:41.101   905   905 E /vendor/bin/adsprpcd: vendor/qcom/proprietary/commonsys-intf/adsprpc/src/adsprpcd.c:29:adsp daemon starting
07-22 01:39:41.103     0     0 I pil-q6v5-mss 4080000.qcom,mss: modem: loading from 0x000000008ac00000 to 0x000000008dc00000
07-22 01:39:41.104   898   898 I /system/bin/adbd: Not payment device, enable adbd
07-22 01:39:41.104   898   898 I /system/bin/adbd: 
07-22 01:39:41.105   898   898 I adbd    : ro.boot.qvar :1.16.0.0.
07-22 01:39:41.105   898   898 I adbd    : 
07-22 01:39:41.105   898   898 I adbd    : [item :]root, [flag :]1
07-22 01:39:41.105   898   898 I adbd    : 
07-22 01:39:41.105   898   898 I adbd    : ro.boot.qvar :1.16.0.0.
07-22 01:39:41.105   898   898 I adbd    : 
07-22 01:39:41.105   898   898 I adbd    : [item :]adb_auth, [flag :]0
07-22 01:39:41.105   898   898 I adbd    : 
07-22 01:39:41.105   898   898 I adbd    : ro.boot.qvar :1.16.0.0.
07-22 01:39:41.105   898   898 I adbd    : 
07-22 01:39:41.105   898   898 I adbd    : [item :]root, [flag :]1
07-22 01:39:41.105   898   898 I adbd    : 
07-22 01:39:41.109   898   898 I adbd    : adbd listening on port 5555
07-22 01:39:41.111   898   919 I adbd    : opening control endpoint /dev/usb-ffs/adb/ep0
07-22 01:39:41.111     0     0 I         : read descriptors
07-22 01:39:41.111     0     0 I         : read strings
07-22 01:39:41.113   904   904 I ThermalEngine: Thermal daemon started
07-22 01:39:41.113   906   906 E /vendor/bin/adsprpcd: vendor/qcom/proprietary/commonsys-intf/adsprpc/src/adsprpcd.c:29:adsp daemon starting
07-22 01:39:41.114   904   904 I ThermalEngine: No target config file, falling back to '/vendor/etc/thermal-engine.conf'
07-22 01:39:41.117   901   901 I ExtCamUtils@3.4: loadFromCfg: load external camera config succeed!
07-22 01:39:41.117   901   901 I ExtCamUtils@3.4: loadFromCfg: device 3 will be ignored by external camera provider
07-22 01:39:41.117   901   901 I ExtCamUtils@3.4: loadFromCfg: depth output is not enabled
07-22 01:39:41.117   901   901 I ExtCamUtils@3.4: loadFromCfg: no minimum stream size specified
07-22 01:39:41.117   901   901 I ExtCamUtils@3.4: loadFromCfg: no sensor orientation specified
07-22 01:39:41.117   901   901 I ExtCamUtils@3.4: loadFromCfg: external camera cfg loaded: maxJpgBufSize 3145728, num video buffers 4, num still buffers 2, orientation 0
07-22 01:39:41.117   901   901 I ExtCamUtils@3.4: loadFromCfg: fpsLimitList: 640x480@30.000000
07-22 01:39:41.117   901   901 I ExtCamUtils@3.4: loadFromCfg: fpsLimitList: 1280x720@30.000000
07-22 01:39:41.117   901   901 I ExtCamUtils@3.4: loadFromCfg: fpsLimitList: 1920x1080@30.000000
07-22 01:39:41.117   901   901 I ExtCamUtils@3.4: loadFromCfg: minStreamSize: 0x0
07-22 01:39:41.119   905   905 V /vendor/bin/adsprpcd: vendor/qcom/proprietary/commonsys-intf/adsprpc/src/fastrpc_apps_user.c:1088: remote_handle_open: Successfully opened handle 0x60 for '":;./\attachguestos on domain 0
07-22 01:39:41.119   906   906 V /vendor/bin/adsprpcd: vendor/qcom/proprietary/commonsys-intf/adsprpc/src/fastrpc_apps_user.c:1088: remote_handle_open: Successfully opened handle 0x5f for '":;./\createstaticpd:audiopd on domain 0
07-22 01:39:41.123   901   901 I ServiceManagement: Registered android.hardware.camera.provider@2.4::ICameraProvider/external/0 (start delay of 79ms)
07-22 01:39:41.123   901   901 I ServiceManagement: Removing namespace from process name android.hardware.camera.provider@2.4-external-service to provider@2.4-external-service.
07-22 01:39:41.123   901   901 I android.hardware.camera.provider@2.4-external-service: Registration complete for android.hardware.camera.provider@2.4::ICameraProvider/external/0.
07-22 01:39:41.124   905   905 D /vendor/bin/adsprpcd: vendor/qcom/proprietary/commonsys-intf/adsprpc/src/fastrpc_apps_user.c:1030: Error 0xffffffff: remote_handle64_invoke failed for handle 0x6b206090, method 4 on domain 0 (sc 0x4010100)
07-22 01:39:41.124   905   905 E /vendor/bin/adsprpcd: vendor/qcom/proprietary/commonsys-intf/adsprpc/src/adspmsgd.c:93:adspmsgd_init failed with error -1
07-22 01:39:41.125   905   905 D /vendor/bin/adsprpcd: vendor/qcom/proprietary/commonsys-intf/adsprpc/src/fastrpc_apps_user.c:1030: Error 0xffffffff: remote_handle64_invoke failed for handle 0x6b206090, method 3 on domain 0 (sc 0x3000000)
07-22 01:39:41.125   905   905 V /vendor/bin/adsprpcd: vendor/qcom/proprietary/commonsys-intf/adsprpc/src/fastrpc_perf.c:213: fastrpc_perf_init: enabled RPC traces (kernel 0, dsp 0) with frequency 1000
07-22 01:39:41.125   905   905 V /vendor/bin/adsprpcd: vendor/qcom/proprietary/commonsys-intf/adsprpc/src/fastrpc_apps_user.c:1088: remote_handle_open: Successfully opened handle 0xf057fa50 for adsp_default_listener on domain 0
07-22 01:39:41.126   905   905 V /vendor/bin/adsprpcd: vendor/qcom/proprietary/commonsys-intf/adsprpc/src/fastrpc_apps_user.c:1088: remote_handle_open: Successfully opened handle 0x6 for '":;./\geteventfd on domain 0
07-22 01:39:41.130     0     0 E firmware msadp: _request_firmware_load: firmware state wait timeout: rc = -2
07-22 01:39:41.130     0     0 W pil-q6v5-mss 4080000.qcom,mss: Debug policy not present - msadp. Continue.
07-22 01:39:41.130     0     0 I pil-q6v5-mss 4080000.qcom,mss: Loading MBA and DP (if present) from 0x0000000094800000 to 0x0000000094900000
07-22 01:39:41.134   907   907 E Diag_Lib: qpLogDiagInit <== result : 1
07-22 01:39:41.135   907   907 E Diag_Lib: QMID : gIsQXDMDisabled 0, gIsADBDisabled 1, gIsDebugDisabled 0, gIsIMSLogsDisabled 0
07-22 01:39:41.135   907   907 E Diag_Lib: [IMS_QMID] |imsqmiserver.c | 541 | QMID#$$#0#QMI DAEMON STARTED
07-22 01:39:41.135   908   908 I CLD80211: /system/vendor/bin/cnss_diag: initialized exit socket pair
07-22 01:39:41.136   908   908 I CLD80211: /system/vendor/bin/cnss_diag: nlctrl family id: 16 group: fw_logs mcast_id: 21
07-22 01:39:41.136   908   908 I CLD80211: /system/vendor/bin/cnss_diag: nlctrl family id: 16 group: host_logs mcast_id: 20
07-22 01:39:41.136   908   908 I CLD80211: /system/vendor/bin/cnss_diag: nlctrl family id: 16 group: diag_events mcast_id: 23
07-22 01:39:41.137   908   908 I CNSS    : cnss_open_log_file: create directory /data/vendor/wifi/wlan_logs/ ret = 0 errno= 2
07-22 01:39:41.138   908   908 I CNSS    : failed to open file a+ mode or file size 0 is less than max_file_size 31457280
07-22 01:39:41.138   908   908 I CNSS    : cnss_open_log_file: directory /data/vendor/wifi/wlan_logs/ created
07-22 01:39:41.138   908   908 I CNSS    : failed to open file a+ mode or file size 0 is less than max_file_size 31457280
07-22 01:39:41.138   908   908 I CNSS    : cnss_open_log_file: directory /data/vendor/wifi/wlan_logs/ created
07-22 01:39:41.139   908   908 I CNSS    : failed to open file a+ mode or file size 0 is less than max_file_size 31457280
07-22 01:39:41.139   908   908 I CNSS    : initialize_cnsslog_timer: create cnss log timer 
07-22 01:39:41.140   904   904 I ThermalEngine: devices_manager_init: Init
07-22 01:39:41.140   904   904 I ThermalEngine: Number of gpus :1
07-22 01:39:41.140   904   904 I ThermalEngine: Number of cpus :8
07-22 01:39:41.141   904   904 I ThermalEngine: update_cpu_topology: Cluster info node not found/sys/module/msm_thermal/cluster_info
07-22 01:39:41.141   904   904 E ThermalEngine: read_int_list_from_file: Read error -2.
07-22 01:39:41.141   904   904 E ThermalEngine: tmd_add_cpufreq_dev_data: Invalid or no boost freqs
07-22 01:39:41.142   904   904 E ThermalEngine: read_int_list_from_file: Read error -2.
07-22 01:39:41.142   904   904 E ThermalEngine: tmd_add_cpufreq_dev_data: Invalid or no boost freqs
07-22 01:39:41.143   904   904 E ThermalEngine: read_int_list_from_file: Read error -2.
07-22 01:39:41.144   904   904 E ThermalEngine: tmd_add_cpufreq_dev_data: Invalid or no boost freqs
07-22 01:39:41.145   904   904 E ThermalEngine: read_int_list_from_file: Read error -2.
07-22 01:39:41.145   904   904 E ThermalEngine: tmd_add_cpufreq_dev_data: Invalid or no boost freqs
07-22 01:39:41.146   904   904 E ThermalEngine: read_int_list_from_file: Read error -2.
07-22 01:39:41.146   904   904 E ThermalEngine: tmd_add_cpufreq_dev_data: Invalid or no boost freqs
07-22 01:39:41.147     0     0 E MAIN_MGR: hvdcp_opti Version: 3:0:0
07-22 01:39:41.147   904   904 E ThermalEngine: read_int_list_from_file: Read error -2.
07-22 01:39:41.147   904   904 E ThermalEngine: tmd_add_cpufreq_dev_data: Invalid or no boost freqs
07-22 01:39:41.148   904   904 E ThermalEngine: read_int_list_from_file: Read error -2.
07-22 01:39:41.148   904   904 E ThermalEngine: tmd_add_cpufreq_dev_data: Invalid or no boost freqs
07-22 01:39:41.150   904   904 E ThermalEngine: read_int_list_from_file: Read error -2.
07-22 01:39:41.150   904   904 E ThermalEngine: tmd_add_cpufreq_dev_data: Invalid or no boost freqs
07-22 01:39:41.156   905   931 W /vendor/bin/adsprpcd: vendor/qcom/proprietary/commonsys-intf/adsprpc/src/apps_std_imp.c:749: Warning: fopen returned 0x2 for file .//lowi//lowi_lp.conf. (No such file or directory)
07-22 01:39:41.167   904   904 I ThermalEngine: tmd_init_cluster_devs: No clusters found
07-22 01:39:41.168   904   904 E ThermalEngine: Could not find npu cooling device
07-22 01:39:41.168   904   904 E ThermalEngine: tmd_init_npu_device: Invalid NPU level:-1.
07-22 01:39:41.168   904   904 E ThermalEngine: devices_init: Init NPU TMD failed -12
07-22 01:39:41.168   916   916 I imsrcsd : Uce Service HAL  is starting up...
07-22 01:39:41.170   904   904 I ThermalEngine: vdd_rstr_init: Could not read /sys/module/msm_thermal/vdd_restriction/enabled
07-22 01:39:41.172   927   927 D LibBpfLoader: Loading ELF object /system/etc/bpf/clatd.o with license Apache 2.0
07-22 01:39:41.172   927   927 D LibBpfLoader: Loaded code section 3 (schedcls_ingress_clat_ether)
07-22 01:39:41.172   927   927 D LibBpfLoader: Loaded relo section 3 (.relschedcls/ingress/clat_ether)
07-22 01:39:41.172   927   927 D LibBpfLoader: Adding section 3 to cs list
07-22 01:39:41.173   927   927 D LibBpfLoader: Loaded code section 5 (schedcls_ingress_clat_rawip)
07-22 01:39:41.173   927   927 D LibBpfLoader: Loaded relo section 5 (.relschedcls/ingress/clat_rawip)
07-22 01:39:41.173   927   927 D LibBpfLoader: Adding section 5 to cs list
07-22 01:39:41.173   927   927 D LibBpfLoader: bpf_create_map name clat_ingress_map, ret: 6
07-22 01:39:41.173   927   927 D LibBpfLoader: map_fd found at 0 is 6 in /system/etc/bpf/clatd.o
07-22 01:39:41.174   927   927 D LibBpfLoader: applying relo to instruction at byte offset: 400, 	       insn offset 50 , insn 118
07-22 01:39:41.175   927   927 D LibBpfLoader: applying relo to instruction at byte offset: 360, 	       insn offset 45 , insn 118
07-22 01:39:41.175   904   942 I ThermalEngine: ADSP thermal mitigation available.
07-22 01:39:41.175   904   942 I ThermalEngine: Mitigation:vdd_restriction[ADSP]:0 pending QMI request succeded
07-22 01:39:41.175   924   924 D ELOPartd: ELOPartd
07-22 01:39:41.175   924   924 D ELOPartd: argc = 1
07-22 01:39:41.175   927   927 D LibBpfLoader: New bpf core prog_load for /system/etc/bpf/clatd.o (schedcls_ingress_clat_ether) returned: 7
07-22 01:39:41.176   904   904 E ThermalEngine: open/sys/class/power_supply/battery/system_temp_level failed2
07-22 01:39:41.176   904   904 E ThermalEngine: Unable to init battery charging mitigation to 0
07-22 01:39:41.176   927   927 D LibBpfLoader: New bpf core prog_load for /system/etc/bpf/clatd.o (schedcls_ingress_clat_rawip) returned: 8
07-22 01:39:41.176   924   924 D ELOPartd: ~~~~ ELOPart_event_set 6404286198 ~~~~
07-22 01:39:41.176   927   927 I bpfloader: Attempted load object: /system/etc/bpf/clatd.o, ret: Success
07-22 01:39:41.176   924   924 D ELOPartd: ~~~~ +ELOPart_event_add ~~~~
07-22 01:39:41.176   924   924 D ELOPartd: ~~~~ added at 0 ~~~~
07-22 01:39:41.176   924   952 D ELOPartd: ~~~~ ELOPart_event_set 64042861e0 ~~~~
07-22 01:39:41.176   924   952 D ELOPartd: ~~~~ +ELOPart_event_add ~~~~
07-22 01:39:41.176   924   952 D ELOPartd: ~~~~ added at 1 ~~~~
07-22 01:39:41.177   904   904 I ThermalEngine: sensors_manager_init: Init
07-22 01:39:41.178   904   953 E ThermalEngine: socket creation success
07-22 01:39:41.180     0     0 I pil-q6v5-mss 4080000.qcom,mss: MBA boot done
07-22 01:39:41.194   927   927 D LibBpfLoader: Loading ELF object /system/etc/bpf/netd.o with license Apache 2.0
07-22 01:39:41.194   927   927 D LibBpfLoader: Loaded code section 3 (cgroupskb_ingress_stats)
07-22 01:39:41.194   927   927 D LibBpfLoader: Loaded relo section 3 (.relcgroupskb/ingress/stats)
07-22 01:39:41.194   927   927 D LibBpfLoader: Adding section 3 to cs list
07-22 01:39:41.194   927   927 D LibBpfLoader: Loaded code section 5 (cgroupskb_egress_stats)
07-22 01:39:41.194   927   927 D LibBpfLoader: Loaded relo section 5 (.relcgroupskb/egress/stats)
07-22 01:39:41.194   927   927 D LibBpfLoader: Adding section 5 to cs list
07-22 01:39:41.194   927   927 D LibBpfLoader: Loaded code section 7 (skfilter_egress_xtbpf)
07-22 01:39:41.194   927   927 D LibBpfLoader: Loaded relo section 7 (.relskfilter/egress/xtbpf)
07-22 01:39:41.194   927   927 D LibBpfLoader: Adding section 7 to cs list
07-22 01:39:41.195   927   927 D LibBpfLoader: Loaded code section 9 (skfilter_ingress_xtbpf)
07-22 01:39:41.195   927   927 D LibBpfLoader: Loaded relo section 9 (.relskfilter/ingress/xtbpf)
07-22 01:39:41.195   927   927 D LibBpfLoader: Adding section 9 to cs list
07-22 01:39:41.195   927   927 D LibBpfLoader: Loaded code section 11 (skfilter_whitelist_xtbpf)
07-22 01:39:41.195   927   927 D LibBpfLoader: Loaded relo section 11 (.relskfilter/whitelist/xtbpf)
07-22 01:39:41.195   927   927 D LibBpfLoader: Adding section 11 to cs list
07-22 01:39:41.195   927   927 D LibBpfLoader: Loaded code section 13 (skfilter_blacklist_xtbpf)
07-22 01:39:41.195   927   927 D LibBpfLoader: Loaded relo section 13 (.relskfilter/blacklist/xtbpf)
07-22 01:39:41.195   927   927 D LibBpfLoader: Adding section 13 to cs list
07-22 01:39:41.196   927   927 D LibBpfLoader: Loaded code section 15 (cgroupsock_inet_create)
07-22 01:39:41.196   927   927 D LibBpfLoader: Loaded relo section 15 (.relcgroupsock/inet/create)
07-22 01:39:41.196   927   927 D LibBpfLoader: Adding section 15 to cs list
07-22 01:39:41.200   927   927 D LibBpfLoader: bpf_create_map name cookie_tag_map, ret: 9
07-22 01:39:41.200   927   927 D LibBpfLoader: bpf_create_map name uid_counterset_map, ret: 10
07-22 01:39:41.207   927   927 D LibBpfLoader: bpf_create_map name app_uid_stats_map, ret: 11
07-22 01:39:41.208   927   927 D LibBpfLoader: bpf_create_map name stats_map_A, ret: 12
07-22 01:39:41.210   927   927 D LibBpfLoader: bpf_create_map name stats_map_B, ret: 13
07-22 01:39:41.210   927   927 D LibBpfLoader: bpf_create_map name iface_stats_map, ret: 14
07-22 01:39:41.210   927   927 D LibBpfLoader: bpf_create_map name configuration_map, ret: 15
07-22 01:39:41.210   927   927 D LibBpfLoader: bpf_create_map name uid_owner_map, ret: 16
07-22 01:39:41.210   927   927 D LibBpfLoader: bpf_create_map name iface_index_name_map, ret: 17
07-22 01:39:41.211   927   927 D LibBpfLoader: bpf_create_map name uid_permission_map, ret: 18
07-22 01:39:41.211   927   927 D LibBpfLoader: map_fd found at 0 is 9 in /system/etc/bpf/netd.o
07-22 01:39:41.211   927   927 D LibBpfLoader: map_fd found at 1 is 10 in /system/etc/bpf/netd.o
07-22 01:39:41.211   927   927 D LibBpfLoader: map_fd found at 2 is 11 in /system/etc/bpf/netd.o
07-22 01:39:41.211   927   927 D LibBpfLoader: map_fd found at 3 is 12 in /system/etc/bpf/netd.o
07-22 01:39:41.211   927   927 D LibBpfLoader: map_fd found at 4 is 13 in /system/etc/bpf/netd.o
07-22 01:39:41.211   927   927 D LibBpfLoader: map_fd found at 5 is 14 in /system/etc/bpf/netd.o
07-22 01:39:41.211   927   927 D LibBpfLoader: map_fd found at 6 is 15 in /system/etc/bpf/netd.o
07-22 01:39:41.211   927   927 D LibBpfLoader: map_fd found at 7 is 16 in /system/etc/bpf/netd.o
07-22 01:39:41.211   927   927 D LibBpfLoader: map_fd found at 8 is 17 in /system/etc/bpf/netd.o
07-22 01:39:41.211   927   927 D LibBpfLoader: map_fd found at 9 is 18 in /system/etc/bpf/netd.o
07-22 01:39:41.211   904   904 E ThermalEngine: pid_init_data: ERROR Uknown device
07-22 01:39:41.211   927   927 D LibBpfLoader: applying relo to instruction at byte offset: 616, 	       insn offset 77 , insn 118
07-22 01:39:41.212   927   927 D LibBpfLoader: applying relo to instruction at byte offset: 688, 	       insn offset 86 , insn 118
07-22 01:39:41.212   927   927 D LibBpfLoader: applying relo to instruction at byte offset: 1040, 	       insn offset 130 , insn 118
07-22 01:39:41.212   927   927 D LibBpfLoader: applying relo to instruction at byte offset: 1184, 	       insn offset 148 , insn 118
07-22 01:39:41.212   904   904 E ThermalEngine: thermal_monitor_init_data: read camera_thermal_migitation=125000
07-22 01:39:41.212   927   927 D LibBpfLoader: applying relo to instruction at byte offset: 1264, 	       insn offset 158 , insn 118
07-22 01:39:41.212   927   927 D LibBpfLoader: applying relo to instruction at byte offset: 1368, 	       insn offset 171 , insn 118
07-22 01:39:41.212   927   927 D LibBpfLoader: applying relo to instruction at byte offset: 1472, 	       insn offset 184 , insn 118
07-22 01:39:41.212   927   927 D LibBpfLoader: applying relo to instruction at byte offset: 1512, 	       insn offset 189 , insn 118
07-22 01:39:41.212   927   927 D LibBpfLoader: applying relo to instruction at byte offset: 1632, 	       insn offset 204 , insn 118
07-22 01:39:41.212   927   927 D LibBpfLoader: applying relo to instruction at byte offset: 1736, 	       insn offset 217 , insn 118
07-22 01:39:41.212   927   927 D LibBpfLoader: applying relo to instruction at byte offset: 1776, 	       insn offset 222 , insn 118
07-22 01:39:41.212   927   927 D LibBpfLoader: applying relo to instruction at byte offset: 2064, 	       insn offset 258 , insn 118
07-22 01:39:41.212   927   927 D LibBpfLoader: applying relo to instruction at byte offset: 2168, 	       insn offset 271 , insn 118
07-22 01:39:41.212   927   927 D LibBpfLoader: applying relo to instruction at byte offset: 2208, 	       insn offset 276 , insn 118
07-22 01:39:41.212   927   927 D LibBpfLoader: applying relo to instruction at byte offset: 2328, 	       insn offset 291 , insn 118
07-22 01:39:41.212   927   927 D LibBpfLoader: applying relo to instruction at byte offset: 2432, 	       insn offset 304 , insn 118
07-22 01:39:41.212   927   927 D LibBpfLoader: applying relo to instruction at byte offset: 2472, 	       insn offset 309 , insn 118
07-22 01:39:41.212   927   927 D LibBpfLoader: applying relo to instruction at byte offset: 2720, 	       insn offset 340 , insn 118
07-22 01:39:41.212   927   927 D LibBpfLoader: applying relo to instruction at byte offset: 2824, 	       insn offset 353 , insn 118
07-22 01:39:41.212   927   927 D LibBpfLoader: applying relo to instruction at byte offset: 2864, 	       insn offset 358 , insn 118
07-22 01:39:41.213   927   927 D LibBpfLoader: applying relo to instruction at byte offset: 608, 	       insn offset 76 , insn 118
07-22 01:39:41.213   927   927 D LibBpfLoader: applying relo to instruction at byte offset: 680, 	       insn offset 85 , insn 118
07-22 01:39:41.213   927   927 D LibBpfLoader: applying relo to instruction at byte offset: 904, 	       insn offset 113 , insn 118
07-22 01:39:41.213   927   927 D LibBpfLoader: applying relo to instruction at byte offset: 1048, 	       insn offset 131 , insn 118
07-22 01:39:41.213   927   927 D LibBpfLoader: applying relo to instruction at byte offset: 1128, 	       insn offset 141 , insn 118
07-22 01:39:41.213   927   927 D LibBpfLoader: applying relo to instruction at byte offset: 1232, 	       insn offset 154 , insn 118
07-22 01:39:41.213   927   927 D LibBpfLoader: applying relo to instruction at byte offset: 1336, 	       insn offset 167 , insn 118
07-22 01:39:41.213   927   927 D LibBpfLoader: applying relo to instruction at byte offset: 1376, 	       insn offset 172 , insn 118
07-22 01:39:41.213   927   927 D LibBpfLoader: applying relo to instruction at byte offset: 1496, 	       insn offset 187 , insn 118
07-22 01:39:41.213   927   927 D LibBpfLoader: applying relo to instruction at byte offset: 1600, 	       insn offset 200 , insn 118
07-22 01:39:41.213   927   927 D LibBpfLoader: applying relo to instruction at byte offset: 1640, 	       insn offset 205 , insn 118
07-22 01:39:41.213   927   927 D LibBpfLoader: applying relo to instruction at byte offset: 1928, 	       insn offset 241 , insn 118
07-22 01:39:41.213   927   927 D LibBpfLoader: applying relo to instruction at byte offset: 2032, 	       insn offset 254 , insn 118
07-22 01:39:41.213   927   927 D LibBpfLoader: applying relo to instruction at byte offset: 2072, 	       insn offset 259 , insn 118
07-22 01:39:41.213   927   927 D LibBpfLoader: applying relo to instruction at byte offset: 2192, 	       insn offset 274 , insn 118
07-22 01:39:41.213   927   927 D LibBpfLoader: applying relo to instruction at byte offset: 2296, 	       insn offset 287 , insn 118
07-22 01:39:41.213   927   927 D LibBpfLoader: applying relo to instruction at byte offset: 2336, 	       insn offset 292 , insn 118
07-22 01:39:41.213   927   927 D LibBpfLoader: applying relo to instruction at byte offset: 2584, 	       insn offset 323 , insn 118
07-22 01:39:41.213   927   927 D LibBpfLoader: applying relo to instruction at byte offset: 2688, 	       insn offset 336 , insn 118
07-22 01:39:41.214   927   927 D LibBpfLoader: applying relo to instruction at byte offset: 2728, 	       insn offset 341 , insn 118
07-22 01:39:41.214   927   927 D LibBpfLoader: applying relo to instruction at byte offset: 40, 	       insn offset 5 , insn 118
07-22 01:39:41.214   927   927 D LibBpfLoader: applying relo to instruction at byte offset: 144, 	       insn offset 18 , insn 118
07-22 01:39:41.214   927   927 D LibBpfLoader: applying relo to instruction at byte offset: 184, 	       insn offset 23 , insn 118
07-22 01:39:41.214   927   927 D LibBpfLoader: applying relo to instruction at byte offset: 40, 	       insn offset 5 , insn 118
07-22 01:39:41.214   927   927 D LibBpfLoader: applying relo to instruction at byte offset: 144, 	       insn offset 18 , insn 118
07-22 01:39:41.214   927   927 D LibBpfLoader: applying relo to instruction at byte offset: 184, 	       insn offset 23 , insn 118
07-22 01:39:41.214   927   927 D LibBpfLoader: applying relo to instruction at byte offset: 136, 	       insn offset 17 , insn 118
07-22 01:39:41.214   927   927 D LibBpfLoader: applying relo to instruction at byte offset: 32, 	       insn offset 4 , insn 118
07-22 01:39:41.214   904   904 I ThermalEngine: Loading config file for virtual sensor
07-22 01:39:41.214   904   904 I ThermalEngine: Loading configuration file /vendor/etc/thermal-engine.conf
07-22 01:39:41.214   927   927 D LibBpfLoader: applying relo to instruction at byte offset: 80, 	       insn offset 10 , insn 118
07-22 01:39:41.216   904   904 I ThermalEngine: Parsing section global
07-22 01:39:41.216   904   904 E ThermalEngine: virtual_sensors_init: Error getting virtual sensors set
07-22 01:39:41.216   904   904 I ThermalEngine: Loading configuration file /vendor/etc/thermal-engine.conf
07-22 01:39:41.217   904   904 I ThermalEngine: Parsing section global
07-22 01:39:41.217   904   904 E ThermalEngine: sensors_manager_reg_clnt: Invalid sensor pop_mem.
07-22 01:39:41.217   904   904 E ThermalEngine: pid_algo_init: Sensor clnt create fail pop_mem
07-22 01:39:41.217   904   904 E ThermalEngine: sensors_manager_reg_clnt: Invalid sensor cpu3.
07-22 01:39:41.217   904   904 E ThermalEngine: pid_algo_init: Sensor clnt create fail cpu3
07-22 01:39:41.217   904   904 E ThermalEngine: sensors_manager_reg_clnt: Invalid sensor cpu2.
07-22 01:39:41.217   904   904 E ThermalEngine: pid_algo_init: Sensor clnt create fail cpu2
07-22 01:39:41.217   904   904 E ThermalEngine: sensors_manager_reg_clnt: Invalid sensor cpu1.
07-22 01:39:41.217   904   904 E ThermalEngine: pid_algo_init: Sensor clnt create fail cpu1
07-22 01:39:41.217   904   904 E ThermalEngine: sensors_manager_reg_clnt: Invalid sensor cpu0.
07-22 01:39:41.217   904   904 E ThermalEngine: pid_algo_init: Sensor clnt create fail cpu0
07-22 01:39:41.217   904   904 I ThermalEngine: pid_algo_init: No PID's to be configured.
07-22 01:39:41.217   904   904 I ThermalEngine: [CAMERA_SKIN_EXIT_MITIGATION]
07-22 01:39:41.217   904   904 I ThermalEngine: #algo_type monitor
07-22 01:39:41.217   904   904 I ThermalEngine: sampling 10000
07-22 01:39:41.217   904   904 I ThermalEngine: sensor quiet-therm-adc
07-22 01:39:41.217   904   904 I ThermalEngine: thresholds 125000
07-22 01:39:41.217   904   904 I ThermalEngine: thresholds_clr 45000
07-22 01:39:41.217   904   904 I ThermalEngine: actions camera+camcorder
07-22 01:39:41.217   904   904 I ThermalEngine: action_info 10+10
07-22 01:39:41.217   904   904 I ThermalEngine: ss_algo_init: No SS's configured.
07-22 01:39:41.217   904   904 E ThermalEngine: No speaker_cal config
07-22 01:39:41.221   927   927 D LibBpfLoader: New bpf core prog_load for /system/etc/bpf/netd.o (cgroupskb_ingress_stats) returned: 19
07-22 01:39:41.223   904   978 E ThermalEngine: open/sys/module/msm_thermal/parameters/enabled failed2
07-22 01:39:41.225   927   927 D LibBpfLoader: New bpf core prog_load for /system/etc/bpf/netd.o (cgroupskb_egress_stats) returned: 20
07-22 01:39:41.227   927   927 D LibBpfLoader: New bpf core prog_load for /system/etc/bpf/netd.o (skfilter_egress_xtbpf) returned: 21
07-22 01:39:41.227   927   927 D LibBpfLoader: New bpf core prog_load for /system/etc/bpf/netd.o (skfilter_ingress_xtbpf) returned: 22
07-22 01:39:41.227   927   927 D LibBpfLoader: New bpf core prog_load for /system/etc/bpf/netd.o (skfilter_whitelist_xtbpf) returned: 23
07-22 01:39:41.228   927   927 D LibBpfLoader: New bpf core prog_load for /system/etc/bpf/netd.o (skfilter_blacklist_xtbpf) returned: 24
07-22 01:39:41.228   927   927 D LibBpfLoader: New bpf core prog_load for /system/etc/bpf/netd.o (cgroupsock_inet_create) returned: 25
07-22 01:39:41.228   927   927 I bpfloader: Attempted load object: /system/etc/bpf/netd.o, ret: Success
07-22 01:39:41.234     0     0 I sn65dsi86_dsi2edp_disable: end
07-22 01:39:41.234     0     0 I sn65dsi86_dsi2edp_panel_enable: set to 0
07-22 01:39:41.240   945   945 I chatty  : uid=0(root) Binder:945_2 expire 3 lines
07-22 01:39:41.240   945   945 E cutils  : Failed to read /data/.layout_version: No such file or directory
07-22 01:39:41.240   939   939 I KIT     : KIT firing up 1.08
07-22 01:39:41.242   939   939 E KIT     : LogMessageBuffer: Thu Jul 22 05:39:41 2021
07-22 01:39:41.242   939   939 E KIT     :  KIT firing up
07-22 01:39:41.242   939   939 E KIT     : 
07-22 01:39:41.252   947   947 I mediaserver: ServiceManager: 0x7e2341a580
07-22 01:39:41.253   967   967 I PerfDaemon: PerfDaemon is starting.
07-22 01:39:41.274   714   714 D vendor.qti.hardware.soter@1.0-service: soter: svc service starting.
07-22 01:39:41.275   714   714 I ServiceManagement: Registered vendor.qti.hardware.soter@1.0::ISoter/default (start delay of 1171ms)
07-22 01:39:41.275   714   714 I ServiceManagement: Removing namespace from process name vendor.qti.hardware.soter@1.0-service to soter@1.0-service.
07-22 01:39:41.275   714   714 E vendor.qti.hardware.soter@1.0-service: Registered SOTER HAL service success
07-22 01:39:41.291   906   906 V /vendor/bin/adsprpcd: vendor/qcom/proprietary/commonsys-intf/adsprpc/src/fastrpc_perf.c:213: fastrpc_perf_init: enabled RPC traces (kernel 0, dsp 0) with frequency 1000
07-22 01:39:41.295   906   906 V /vendor/bin/adsprpcd: vendor/qcom/proprietary/commonsys-intf/adsprpc/src/fastrpc_apps_user.c:1088: remote_handle_open: Successfully opened handle 0xb07ae600 for adsp_default_listener on domain 0
07-22 01:39:41.297   906   906 V /vendor/bin/adsprpcd: vendor/qcom/proprietary/commonsys-intf/adsprpc/src/fastrpc_apps_user.c:1088: remote_handle_open: Successfully opened handle 0x6 for '":;./\geteventfd on domain 0
07-22 01:39:41.328   979   979 I wificond: wificond is starting up...
07-22 01:39:41.336   906   997 W /vendor/bin/adsprpcd: vendor/qcom/proprietary/commonsys-intf/adsprpc/src/apps_std_imp.c:749: Warning: fopen returned 0x2 for file oemconfig.so. (No such file or directory)
07-22 01:39:41.344   906   997 W /vendor/bin/adsprpcd: vendor/qcom/proprietary/commonsys-intf/adsprpc/src/apps_std_imp.c:749: Warning: fopen returned 0x2 for file remote_heap_config.so. (No such file or directory)
07-22 01:39:41.348   906   997 W /vendor/bin/adsprpcd: vendor/qcom/proprietary/commonsys-intf/adsprpc/src/apps_std_imp.c:749: Warning: fopen returned 0x2 for file adsp_avs_config.acdb. (No such file or directory)
07-22 01:39:41.369   946   946 I keystore: found android.hardware.keymaster@4.0::IKeymasterDevice with interface name default and seclevel TRUSTED_ENVIRONMENT
07-22 01:39:41.372   676   676 D audio_hw_utils: audio_extn_utils_open_snd_mixer: retry, retry_num 1
07-22 01:39:41.380   967   967 D PerfDaemon: added vendor.perfservice to services and is now running.
07-22 01:39:41.381   996   996 I ssgqmigd: socket ANDROID_SOCKET_ssgqmig open success
07-22 01:39:41.382   996   996 I ssgqmigd: ssgqmigd uses 42
07-22 01:39:41.383   915   915 E Diag_Lib: qpLogDiagInit <== result : 1; log_write_mutex is Initialized
07-22 01:39:41.384   915   915 E VIMSVT  : VT-Vendor:: enableImsADB 0, log_priority value 240
07-22 01:39:41.384   915   915 E Diag_Lib: [IMS_AP_RTP]"RTPService callback Registraton"
07-22 01:39:41.388   906   997 W /vendor/bin/adsprpcd: vendor/qcom/proprietary/commonsys-intf/adsprpc/src/apps_std_imp.c:749: Warning: fopen returned 0x2 for file custom_sm_ecns_1.so.1. (No such file or directory)
07-22 01:39:41.388   906   997 W /vendor/bin/adsprpcd: vendor/qcom/proprietary/commonsys-intf/adsprpc/src/apps_std_imp.c:749: Warning: fopen returned 0x2 for file custom_sm_ecns_2.so.1. (No such file or directory)
07-22 01:39:41.389   906   997 W /vendor/bin/adsprpcd: vendor/qcom/proprietary/commonsys-intf/adsprpc/src/apps_std_imp.c:749: Warning: fopen returned 0x2 for file custom_dm_ecns_1.so.1. (No such file or directory)
07-22 01:39:41.389   906   997 W /vendor/bin/adsprpcd: vendor/qcom/proprietary/commonsys-intf/adsprpc/src/apps_std_imp.c:749: Warning: fopen returned 0x2 for file custom_dm_ecns_2.so.1. (No such file or directory)
07-22 01:39:41.389   915   915 I ServiceManagement: Registered vendor.qti.imsrtpservice@2.1::IRTPService/imsrtpservice (start delay of 293ms)
07-22 01:39:41.389   906   997 W /vendor/bin/adsprpcd: vendor/qcom/proprietary/commonsys-intf/adsprpc/src/apps_std_imp.c:749: Warning: fopen returned 0x2 for file custom_qm_ecns_1.so.1. (No such file or directory)
07-22 01:39:41.390   906   997 W /vendor/bin/adsprpcd: vendor/qcom/proprietary/commonsys-intf/adsprpc/src/apps_std_imp.c:749: Warning: fopen returned 0x2 for file custom_qm_ecns_2.so.1. (No such file or directory)
07-22 01:39:41.393   969   969 I ServiceManagement: Registered android.frameworks.stats@1.0::IStats/default (start delay of 199ms)
07-22 01:39:41.396   969   969 W statsd  : statscompanion service unavailable!
07-22 01:39:41.397   969   969 I statsd  : Statsd starts to listen to socket.
07-22 01:39:41.399   989   989 E wifidisplayhal-service: Start with vendor binder
07-22 01:39:41.399   989   989 E wifidisplayhal-service: Registering wifidisplayhdcphal service...
07-22 01:39:41.401   989   989 I ServiceManagement: Registered com.qualcomm.qti.wifidisplayhal@1.0::IHDCPSession/wifidisplayhdcphal (start delay of 147ms)
07-22 01:39:41.401   989   989 E wifidisplayhal-service: Registering wifidisplaydshal service...
07-22 01:39:41.402   995   995 I CLD80211: /system/vendor/bin/cnss-daemon: initialized exit socket pair
07-22 01:39:41.402   995   995 I CLD80211: /system/vendor/bin/cnss-daemon: nlctrl family id: 16 group: svc_msgs mcast_id: 19
07-22 01:39:41.402   995   995 E cnss-daemon: interop issues ap: read_iot_ap_file: No such file /data/vendor/wifi/iotap_ps.bin
07-22 01:39:41.402   995   995 E cnss-daemon: interop issues ap: read_iot_ap_ps_from_file, read file error
07-22 01:39:41.402   995   995 I cnss-daemon: interop issues ap init successfully
07-22 01:39:41.402   995   995 I cnss-daemon:  cnss hang event handler init successfully
07-22 01:39:41.404   989   989 I ServiceManagement: Registered com.qualcomm.qti.wifidisplayhal@1.0::IDSManager/wifidisplaydshal (start delay of 150ms)
07-22 01:39:41.413   990   990 I ServiceManagement: Registered com.qualcomm.qti.dpm.api@1.0::IdpmQmi/dpmQmiService (start delay of 158ms)
07-22 01:39:41.418   995   995 E cnss-daemon: Couldn't resolve family id
07-22 01:39:41.421  1006  1006 I /system/bin/tombstoned: tombstoned successfully initialized
07-22 01:39:41.426   995   995 E cnss-daemon: Failed to init genl between daemon and platform, continue
07-22 01:39:41.450   680   680 E mm-camera: <SENSOR><ERROR> ov8856_gt24p64b_get_module_info: 77: EEPROM Version 1
07-22 01:39:41.450   680   680 E mm-camera: <SENSOR><ERROR> ov8856_gt24p64b_get_module_info: 86: EEPROM Manufacture date YYYY/MM/DD 2020/08/08 
07-22 01:39:41.450   680   680 E mm-camera: <SENSOR><ERROR> ov8856_gt24p64b_format_wbdata: 107: Enter
07-22 01:39:41.450   680   680 E mm-camera: <SENSOR><ERROR> ov8856_gt24p64b_format_wbdata: 121: WB : (4000K) r/gr = 0.509766
07-22 01:39:41.450   680   680 E mm-camera: <SENSOR><ERROR> ov8856_gt24p64b_format_wbdata: 122: WB : (4000K) b/gb = 0.834961
07-22 01:39:41.450   680   680 E mm-camera: <SENSOR><ERROR> ov8856_gt24p64b_format_wbdata: 123: WB : (4000K) gr/gb = 1.002938
07-22 01:39:41.450   680   680 E mm-camera: <SENSOR><ERROR> ov8856_gt24p64b_format_wbdata: 128: WB : (5000K) r/gr = 0.706055
07-22 01:39:41.450   680   680 E mm-camera: <SENSOR><ERROR> ov8856_gt24p64b_format_wbdata: 129: WB : (5000K) b/gb = 0.639648
07-22 01:39:41.450   680   680 E mm-camera: <SENSOR><ERROR> ov8856_gt24p64b_format_wbdata: 130: WB : (5000K) gr/gb = 1.000978
07-22 01:39:41.450   680   680 E mm-camera: <SENSOR><ERROR> ov8856_gt24p64b_format_wbdata: 183: Exit
07-22 01:39:41.450   680   680 E mm-camera: <SENSOR><ERROR> ov8856_gt24p64b_format_lensshading: 244: Enter
07-22 01:39:41.450   680   680 E mm-camera: <SENSOR><ERROR> ov8856_gt24p64b_format_lensshading: 300: Exit
07-22 01:39:41.450   680   680 E mm-camera: <SENSOR><ERROR> ov8856_gt24p64b_format_afdata: 202: Enter
07-22 01:39:41.450   680   680 E mm-camera: <SENSOR><ERROR> ov8856_gt24p64b_format_afdata: 223: AF : macro 410 infinity 250 (now starting DAC set to infinity)
07-22 01:39:41.450   680   680 E mm-camera: <SENSOR><ERROR> ov8856_gt24p64b_format_afdata: 224: Exit
07-22 01:39:41.450   680   680 E mm-camera: <SENSOR><ERROR> ov8856_gt24p64b_get_calibration_items: 30: is_insensor:0, is_afc:1, is_wbc:1, is_lsc:1, is_dpc:0, is_ois:0, is_dual:0
07-22 01:39:41.450   680   680 I mm-camera: <SENSOR>< INFO> 97: sensor_sysinfo_read: sysinfo:path /sys/module/msm_sensor_driver/parameters/module_vendor data default size 10
07-22 01:39:41.450   680   680 E mm-camera: <SENSOR><ERROR> 129: eeprom_af_add_margin: AF_infinity_dac:226, macro_dac:514
07-22 01:39:41.453   904   953 E ThermalEngine: read error 0. buf:[add@/devices/virtual/thermal/thermal_zone36 ACTION=add DEVPATH=/devices/virtual/thermal/thermal_zone36 SUBSYSTEM=thermal SEQNUM=4543 ]
07-22 01:39:41.454   950   950 I mediametrics: ServiceManager: 0x782b75d800
07-22 01:39:41.454   950   950 D MediaAnalyticsService: MediaAnalyticsService created
07-22 01:39:41.461     0     0 W         : (NULL device *): hwmon_device_register() is deprecated. Please convert the driver to use hwmon_device_register_with_info().
07-22 01:39:41.466  1004  1004 I gatekeeperd: Starting gatekeeperd...
--------- beginning of radio
07-22 01:39:41.469   982   982 D RILD    : **RIL Daemon Started**
07-22 01:39:41.470   982   982 D RILD    : **RILd param count=3**
07-22 01:39:41.473   497   497 I hwservicemanager: getTransport: Cannot find entry android.hardware.usb.gadget@1.0::IUsbGadget/default in either framework or device manifest.
07-22 01:39:41.473   980   980 I media.codec: mediacodecservice starting
07-22 01:39:41.474  1022  1022 I usbd    : Usb HAL not found
07-22 01:39:41.479   980   980 W media.codec: libminijail[980]: failed to get path of fd 4: No such file or directory
07-22 01:39:41.479   980   980 W media.codec: libminijail[980]: allowing syscall: clock_gettime
07-22 01:39:41.479   980   980 W media.codec: libminijail[980]: allowing syscall: connect
07-22 01:39:41.479   980   980 W media.codec: libminijail[980]: allowing syscall: fcntl64
07-22 01:39:41.479   980   980 W media.codec: libminijail[980]: allowing syscall: socket
07-22 01:39:41.480   980   980 W media.codec: libminijail[980]: allowing syscall: writev
07-22 01:39:41.482   975  1032 I chatty  : uid=0(root) storaged expire 3 lines
07-22 01:39:41.483   980   980 W media.codec: libminijail[980]: logging seccomp filter failures
07-22 01:39:41.484   975  1032 I ServiceManager: Waiting for service 'package_native' on '/dev/binder'...
07-22 01:39:41.489     0     0 W wsa881x_get_temp: Temperature registers[0 0 0 0] are out of range
07-22 01:39:41.489     0     0 W wsa881x_get_temp: T0: 65535 is out of range[5, 45]
07-22 01:39:41.509   980   980 I SoftOMXPlugin: createOMXPlugin
07-22 01:39:41.510   980   980 I MediaCodecsXmlParser: getVendorXmlPath (/vendor/etc/media_codecs_vendor.xml)
07-22 01:39:41.510   980   980 D MediaCodecsXmlParser: parsing /vendor/etc/media_codecs_vendor.xml...
07-22 01:39:41.513   980   980 D MediaCodecsXmlParser: parsing /vendor/etc/media_codecs_google_audio.xml...
07-22 01:39:41.516   983   983 E QCNEA   : Cne Version 4.9
07-22 01:39:41.517   980   980 I MediaCodecsXmlParser: limit: max-channel-count = 2
07-22 01:39:41.517   980   980 I MediaCodecsXmlParser: limit: sample-rate-ranges = 8000,11025,12000,16000,22050,24000,32000,44100,48000
07-22 01:39:41.517   980   980 I MediaCodecsXmlParser: limit: bitrate-range = 8000-320000
07-22 01:39:41.517   980   980 I MediaCodecsXmlParser: limit: max-channel-count = 1
07-22 01:39:41.517   980   980 I MediaCodecsXmlParser: limit: sample-rate-ranges = 8000
07-22 01:39:41.517   980   980 I MediaCodecsXmlParser: limit: bitrate-range = 4750-12200
07-22 01:39:41.517   980   980 I MediaCodecsXmlParser: limit: max-channel-count = 1
07-22 01:39:41.517   980   980 I MediaCodecsXmlParser: limit: sample-rate-ranges = 16000
07-22 01:39:41.517   980   980 I MediaCodecsXmlParser: limit: bitrate-range = 6600-23850
07-22 01:39:41.517   980   980 I MediaCodecsXmlParser: limit: max-channel-count = 8
07-22 01:39:41.517   980   980 I MediaCodecsXmlParser: limit: sample-rate-ranges = 7350,8000,11025,12000,16000,22050,24000,32000,44100,48000
07-22 01:39:41.517   980   980 I MediaCodecsXmlParser: limit: bitrate-range = 8000-960000
07-22 01:39:41.517   980   980 I MediaCodecsXmlParser: limit: max-channel-count = 1
07-22 01:39:41.517   980   980 I MediaCodecsXmlParser: limit: sample-rate-ranges = 8000-48000
07-22 01:39:41.517   980   980 I MediaCodecsXmlParser: limit: bitrate-range = 64000
07-22 01:39:41.517   980   980 I MediaCodecsXmlParser: limit: max-channel-count = 1
07-22 01:39:41.517   980   980 I MediaCodecsXmlParser: limit: sample-rate-ranges = 8000-48000
07-22 01:39:41.517   980   980 I MediaCodecsXmlParser: limit: bitrate-range = 64000
07-22 01:39:41.517   980   980 I MediaCodecsXmlParser: limit: max-channel-count = 8
07-22 01:39:41.517   980   980 I MediaCodecsXmlParser: limit: sample-rate-ranges = 8000-96000
07-22 01:39:41.517   980   980 I MediaCodecsXmlParser: limit: bitrate-range = 32000-500000
07-22 01:39:41.517   980   980 I MediaCodecsXmlParser: limit: max-channel-count = 8
07-22 01:39:41.517   980   980 I MediaCodecsXmlParser: limit: sample-rate-ranges = 48000
07-22 01:39:41.517   980   980 I MediaCodecsXmlParser: limit: bitrate-range = 6000-510000
07-22 01:39:41.517   980   980 I MediaCodecsXmlParser: limit: max-channel-count = 8
07-22 01:39:41.517   980   980 I MediaCodecsXmlParser: limit: sample-rate-ranges = 8000-192000
07-22 01:39:41.517   980   980 I MediaCodecsXmlParser: limit: bitrate-range = 1-10000000
07-22 01:39:41.517   980   980 I MediaCodecsXmlParser: limit: max-channel-count = 8
07-22 01:39:41.517   980   980 I MediaCodecsXmlParser: limit: sample-rate-ranges = 1-655350
07-22 01:39:41.517   980   980 I MediaCodecsXmlParser: limit: bitrate-range = 1-21000000
07-22 01:39:41.517   980   980 I MediaCodecsXmlParser: limit: max-channel-count = 6
07-22 01:39:41.517   980   980 I MediaCodecsXmlParser: limit: sample-rate-ranges = 8000,11025,12000,16000,22050,24000,32000,44100,48000
07-22 01:39:41.517   980   980 I MediaCodecsXmlParser: limit: bitrate-range = 8000-960000
07-22 01:39:41.517   980   980 I MediaCodecsXmlParser: limit: max-channel-count = 1
07-22 01:39:41.517   980   980 I MediaCodecsXmlParser: limit: sample-rate-ranges = 8000
07-22 01:39:41.517   980   980 I MediaCodecsXmlParser: limit: bitrate-range = 4750-12200
07-22 01:39:41.517   980   980 I MediaCodecsXmlParser: limit: feature-bitrate-modes = CBR
07-22 01:39:41.517   980   980 I MediaCodecsXmlParser: limit: max-channel-count = 1
07-22 01:39:41.517   980   980 I MediaCodecsXmlParser: limit: sample-rate-ranges = 16000
07-22 01:39:41.517   980   980 I MediaCodecsXmlParser: limit: bitrate-range = 6600-23850
07-22 01:39:41.517   980   980 I MediaCodecsXmlParser: limit: feature-bitrate-modes = CBR
07-22 01:39:41.517   980   980 I MediaCodecsXmlParser: limit: max-channel-count = 2
07-22 01:39:41.517   980   980 I MediaCodecsXmlParser: limit: sample-rate-ranges = 1-655350
07-22 01:39:41.517   980   980 I MediaCodecsXmlParser: limit: bitrate-range = 1-21000000
07-22 01:39:41.517   980   980 I MediaCodecsXmlParser: limit: complexity-default = 5
07-22 01:39:41.517   980   980 I MediaCodecsXmlParser: limit: complexity-range = 0-8
07-22 01:39:41.517   980   980 I MediaCodecsXmlParser: limit: feature-bitrate-modes = CQ
07-22 01:39:41.517   980   980 D MediaCodecsXmlParser: parsing /vendor/etc/media_codecs_vendor_audio.xml...
07-22 01:39:41.520   980   980 I MediaCodecsXmlParser: limit: max-concurrent-instances = 10
07-22 01:39:41.520   980   980 D MediaCodecsXmlParser: parsing /vendor/etc/media_codecs_google_telephony.xml...
07-22 01:39:41.521   980   980 I MediaCodecsXmlParser: limit: max-channel-count = 1
07-22 01:39:41.521   980   980 I MediaCodecsXmlParser: limit: sample-rate-ranges = 8000
07-22 01:39:41.521   980   980 I MediaCodecsXmlParser: limit: bitrate-range = 13000
07-22 01:39:41.521   980   980 I MediaCodecsXmlParser: limit: size-range = 176x64-3840x2160
07-22 01:39:41.521   980   980 I MediaCodecsXmlParser: limit: alignment = 2x2
07-22 01:39:41.521   980   980 I MediaCodecsXmlParser: limit: block-size = 16x16
07-22 01:39:41.521   980   980 I MediaCodecsXmlParser: limit: blocks-per-second-range = 1-972000
07-22 01:39:41.521   980   980 I MediaCodecsXmlParser: limit: bitrate-range = 1-100000000
07-22 01:39:41.521   980   980 I MediaCodecsXmlParser: limit: max-concurrent-instances = 16
07-22 01:39:41.521   980   980 I MediaCodecsXmlParser: limit: feature-intra-refresh = 0
07-22 01:39:41.521   980   980 I MediaCodecsXmlParser: limit: performance-point-3840x2160-range = 24-24
07-22 01:39:41.521   980   980 I MediaCodecsXmlParser: limit: size-range = 96x96-3840x2160
07-22 01:39:41.521   980   980 I MediaCodecsXmlParser: limit: alignment = 2x2
07-22 01:39:41.521   980   980 I MediaCodecsXmlParser: limit: block-size = 16x16
07-22 01:39:41.521   980   980 I MediaCodecsXmlParser: limit: blocks-per-second-range = 1-972000
07-22 01:39:41.521   980   980 I MediaCodecsXmlParser: limit: bitrate-range = 1-100000000
07-22 01:39:41.521   980   980 I MediaCodecsXmlParser: limit: max-concurrent-instances = 16
07-22 01:39:41.521   980   980 I MediaCodecsXmlParser: limit: feature-intra-refresh = 0
07-22 01:39:41.521   980   980 I MediaCodecsXmlParser: limit: feature-can-swap-width-height = 0
07-22 01:39:41.521   980   980 I MediaCodecsXmlParser: limit: performance-point-3840x2160-range = 24-24
07-22 01:39:41.521   980   980 I MediaCodecsXmlParser: limit: size-range = 96x64-1920x1088
07-22 01:39:41.521   980   980 I MediaCodecsXmlParser: limit: alignment = 2x2
07-22 01:39:41.521   980   980 I MediaCodecsXmlParser: limit: block-size = 16x16
07-22 01:39:41.521   980   980 I MediaCodecsXmlParser: limit: blocks-per-second-range = 1-244800
07-22 01:39:41.521   980   980 I MediaCodecsXmlParser: limit: bitrate-range = 1-40000000
07-22 01:39:41.521   980   980 I MediaCodecsXmlParser: limit: max-concurrent-instances = 16
07-22 01:39:41.522   980   980 I MediaCodecsXmlParser: limit: performance-point-1920x1088-range = 30-30
07-22 01:39:41.522   980   980 I MediaCodecsXmlParser: limit: size-range = 96x64-864x480
07-22 01:39:41.522   980   980 I MediaCodecsXmlParser: limit: alignment = 2x2
07-22 01:39:41.522   980   980 I MediaCodecsXmlParser: limit: block-size = 16x16
07-22 01:39:41.522   980   980 I MediaCodecsXmlParser: limit: blocks-per-second-range = 1-48600
07-22 01:39:41.522   980   980 I MediaCodecsXmlParser: limit: bitrate-range = 1-2000000
07-22 01:39:41.522   980   980 I MediaCodecsXmlParser: limit: max-concurrent-instances = 16
07-22 01:39:41.522   980   980 I MediaCodecsXmlParser: limit: performance-point-720x480-range = 30-30
07-22 01:39:41.522   980   980 I MediaCodecsXmlParser: limit: size-range = 96x64-1920x1088
07-22 01:39:41.522   980   980 I MediaCodecsXmlParser: limit: alignment = 2x2
07-22 01:39:41.522   980   980 I MediaCodecsXmlParser: limit: block-size = 16x16
07-22 01:39:41.522   980   980 I MediaCodecsXmlParser: limit: blocks-per-second-range = 1-244800
07-22 01:39:41.522   980   980 I MediaCodecsXmlParser: limit: bitrate-range = 1-40000000
07-22 01:39:41.522   980   980 I MediaCodecsXmlParser: limit: max-concurrent-instances = 16
07-22 01:39:41.522   980   980 I MediaCodecsXmlParser: limit: feature-intra-refresh = 0
07-22 01:39:41.522   980   980 I MediaCodecsXmlParser: limit: performance-point-1920x1088-range = 30-30
07-22 01:39:41.522   980   980 I MediaCodecsXmlParser: limit: size-range = 64x64-3840x2160
07-22 01:39:41.522   980   980 I MediaCodecsXmlParser: limit: alignment = 2x2
07-22 01:39:41.522   980   980 I MediaCodecsXmlParser: limit: block-size = 16x16
07-22 01:39:41.522   980   980 I MediaCodecsXmlParser: limit: blocks-per-second-range = 1-972000
07-22 01:39:41.522   980   980 I MediaCodecsXmlParser: limit: bitrate-range = 1-100000000
07-22 01:39:41.522   980   980 I MediaCodecsXmlParser: limit: feature-adaptive-playback = 0
07-22 01:39:41.522   980   980 I MediaCodecsXmlParser: limit: max-concurrent-instances = 16
07-22 01:39:41.522   980   980 I MediaCodecsXmlParser: limit: feature-can-swap-width-height = 0
07-22 01:39:41.522   980   980 I MediaCodecsXmlParser: limit: performance-point-3840x2160-range = 30-30
07-22 01:39:41.522   980   980 I MediaCodecsXmlParser: limit: size-range = 64x64-3840x2160
07-22 01:39:41.522   980   980 I MediaCodecsXmlParser: limit: alignment = 2x2
07-22 01:39:41.522   980   980 I MediaCodecsXmlParser: limit: block-size = 16x16
