07-22 01:39:38.229     1     1 I auditd  : type=1400 audit(0.0:7): avc: denied { setattr } for comm="init" name="nativetest64" dev="dm-6" ino=119 scontext=u:r:init:s0 tcontext=u:object_r:nativetest_data_file:s0 tclass=dir permissive=0 b/77873135
07-22 01:39:38.229     1     1 W init    : type=1400 audit(0.0:7): avc: denied { setattr } for name="nativetest64" dev="dm-6" ino=119 scontext=u:r:init:s0 tcontext=u:object_r:nativetest_data_file:s0 tclass=dir permissive=0 b/77873135
07-22 01:39:38.229     0     0 E selinux : SELinux:  Could not read /data/nativetest: Permission denied.
07-22 01:39:38.238     0     0 E selinux : SELinux:  Could not read /data/nativetest64: Permission denied.
07-22 01:39:38.242     0     0 E selinux : SELinux:  setxattr failed: /data/nativetest:  Permission denied
07-22 01:39:38.242     0     0 E selinux : SELinux:  setxattr failed: /data/nativetest64:  Permission denied
07-22 01:39:38.242     0     0 I init    : Command 'restorecon --recursive --skip-ce /data' action=post-fs-data (/init.rc:617) took 303ms and succeeded
07-22 01:39:38.243     0     0 I init    : starting service 'exec 10 (/system/bin/tzdatacheck /apex/com.android.runtime/etc/tz /data/misc/zoneinfo)'...
07-22 01:39:38.245     0     0 I init    : SVC_EXEC service 'exec 10 (/system/bin/tzdatacheck /apex/com.android.runtime/etc/tz /data/misc/zoneinfo)' pid 618 (uid 1000 gid 1000+0 context default) started; waiting...
07-22 01:39:38.257   618   618 I /system/bin/tzdatacheck: timezone distro dir /data/misc/zoneinfo/current does not exist. No action required.
07-22 01:39:38.257     0     0 I init    : Service 'exec 10 (/system/bin/tzdatacheck /apex/com.android.runtime/etc/tz /data/misc/zoneinfo)' (pid 618) exited with status 0 waiting took 0.013000 seconds
07-22 01:39:38.258     0     0 I init    : processing action (post-fs-data) from (/init.usb.rc:6)
07-22 01:39:38.304   620   620 I art_apex: === ART pre-boot integrity checks ===
07-22 01:39:38.337   622   622 F art_apex: Device is not fsverity-enabled.
07-22 01:39:38.404   626   626 I OEM-FWUPDATE: Start
07-22 01:39:38.404   627   627 I OEM-FWUPDATE: Start
07-22 01:39:38.404   626   626 I OEM-FWUPDATE: param module: lt
07-22 01:39:38.404   627   627 I OEM-FWUPDATE: param module: ite
07-22 01:39:38.404   626   626 I OEM-FWUPDATE: Start LT8711/9711 FW upgrade
07-22 01:39:38.404   627   627 I OEM-FWUPDATE: Start ITE FW upgrade.
07-22 01:39:38.404   626   626 I OEM-FWUPDATE: oem fw upgrade exit
07-22 01:39:38.404   627   627 I OEM-FWUPDATE: [ite_fw_upgrade] start.
07-22 01:39:38.418   625   625 D QC-time-services: Daemon:genoff_pre_init::Base = 0
07-22 01:39:38.418     0     0 I rtc-max31343 1-0068: read date/time raw! 0x21-07-22 05:39:38 W05
07-22 01:39:38.418     0     0 I rtc-max31343 1-0068: read date/time! 2021-07-22 05:39:38
07-22 01:39:38.418   625   625 D QC-time-services: Daemon:ats_rtc_init: Time read from RTC -- year = 121, month = 6,day = 22
07-22 01:39:38.420   625   625 D QC-time-services: Daemon ats_rtc_init: seconds = 1626932378
07-22 01:39:38.420   625   625 D QC-time-services: Daemon:Value read from RTC seconds = 1626932378000
07-22 01:39:38.420   625   625 D QC-time-services: Daemon:genoff_init_config: ATS_RTC initialized with rc: 0
07-22 01:39:38.420   625   625 D QC-time-services: Daemon:genoff_pre_init::Base = 1
07-22 01:39:38.420   625   625 D QC-time-services: Daemon: Storage Name: ats_1 
07-22 01:39:38.420   625   625 D QC-time-services: Daemon:Opening File: /mnt/vendor/persist/time/ats_1 /data/vendor/time/ats_1
07-22 01:39:38.420   625   625 D QC-time-services: Daemon:time_persistent_memory_opr:Genoff Read operation 
07-22 01:39:38.421   625   625 D QC-time-services: Daemon:Open File: /mnt/vendor/persist/time/ats_1
07-22 01:39:38.422   625   625 D QC-time-services: Daemon:genoff_pre_init::Base = 2
07-22 01:39:38.422   625   625 D QC-time-services: Daemon: Storage Name: ats_2 
07-22 01:39:38.422   625   625 D QC-time-services: Daemon:Opening File: /mnt/vendor/persist/time/ats_2 /data/vendor/time/ats_2
07-22 01:39:38.422   625   625 D QC-time-services: Daemon:time_persistent_memory_opr:Genoff Read operation 
07-22 01:39:38.422   625   625 D QC-time-services: Daemon:Open File: /mnt/vendor/persist/time/ats_2
07-22 01:39:38.422   625   625 D QC-time-services: Daemon:genoff_pre_init::Base = 3
07-22 01:39:38.422   625   625 D QC-time-services: Daemon: Storage Name: ats_3 
07-22 01:39:38.422   625   625 D QC-time-services: Daemon:Opening File: /mnt/vendor/persist/time/ats_3 /data/vendor/time/ats_3
07-22 01:39:38.422   625   625 D QC-time-services: Daemon:time_persistent_memory_opr:Genoff Read operation 
07-22 01:39:38.422   625   625 D QC-time-services: Daemon:Open File: /mnt/vendor/persist/time/ats_3
07-22 01:39:38.422   625   625 D QC-time-services: Daemon:Unable to open filefor read
07-22 01:39:38.422   625   625 D QC-time-services: Daemon:genoff_post_init:Error in accessing storage
07-22 01:39:38.422   625   625 D QC-time-services: Daemon:genoff_pre_init::Base = 4
07-22 01:39:38.422   625   625 D QC-time-services: Daemon: Storage Name: ats_4 
07-22 01:39:38.422   625   625 D QC-time-services: Daemon:Opening File: /mnt/vendor/persist/time/ats_4 /data/vendor/time/ats_4
07-22 01:39:38.422   625   625 D QC-time-services: Daemon:time_persistent_memory_opr:Genoff Read operation 
07-22 01:39:38.422   625   625 D QC-time-services: Daemon:Open File: /mnt/vendor/persist/time/ats_4
07-22 01:39:38.422   625   625 D QC-time-services: Daemon:Unable to open filefor read
07-22 01:39:38.422   625   625 D QC-time-services: Daemon:genoff_post_init:Error in accessing storage
07-22 01:39:38.422   625   625 D QC-time-services: Daemon:genoff_pre_init::Base = 5
07-22 01:39:38.422   625   625 D QC-time-services: Daemon: Storage Name: ats_5 
07-22 01:39:38.422   625   625 D QC-time-services: Daemon:Opening File: /mnt/vendor/persist/time/ats_5 /data/vendor/time/ats_5
07-22 01:39:38.422   625   625 D QC-time-services: Daemon:time_persistent_memory_opr:Genoff Read operation 
07-22 01:39:38.422   625   625 D QC-time-services: Daemon:Open File: /mnt/vendor/persist/time/ats_5
07-22 01:39:38.422   625   625 D QC-time-services: Daemon:Unable to open filefor read
07-22 01:39:38.422   625   625 D QC-time-services: Daemon:genoff_post_init:Error in accessing storage
07-22 01:39:38.422   625   625 D QC-time-services: Daemon:genoff_pre_init::Base = 6
07-22 01:39:38.422   625   625 D QC-time-services: Daemon: Storage Name: ats_6 
07-22 01:39:38.422   625   625 D QC-time-services: Daemon:Opening File: /mnt/vendor/persist/time/ats_6 /data/vendor/time/ats_6
07-22 01:39:38.422   625   625 D QC-time-services: Daemon:time_persistent_memory_opr:Genoff Read operation 
07-22 01:39:38.422   625   625 D QC-time-services: Daemon:Open File: /mnt/vendor/persist/time/ats_6
07-22 01:39:38.422   625   625 D QC-time-services: Daemon:Unable to open filefor read
07-22 01:39:38.422   625   625 D QC-time-services: Daemon:genoff_post_init:Error in accessing storage
07-22 01:39:38.422   625   625 D QC-time-services: Daemon:genoff_pre_init::Base = 7
07-22 01:39:38.422   625   625 D QC-time-services: Daemon: Storage Name: ats_7 
07-22 01:39:38.422   625   625 D QC-time-services: Daemon:Opening File: /mnt/vendor/persist/time/ats_7 /data/vendor/time/ats_7
07-22 01:39:38.422   625   625 D QC-time-services: Daemon:time_persistent_memory_opr:Genoff Read operation 
07-22 01:39:38.422   625   625 D QC-time-services: Daemon:Open File: /mnt/vendor/persist/time/ats_7
07-22 01:39:38.422   625   625 D QC-time-services: Daemon:Unable to open filefor read
07-22 01:39:38.422   625   625 D QC-time-services: Daemon:genoff_post_init:Error in accessing storage
07-22 01:39:38.422   625   625 D QC-time-services: Daemon:genoff_pre_init::Base = 8
07-22 01:39:38.423   625   625 D QC-time-services: Daemon: Storage Name: ats_8 
07-22 01:39:38.423   625   625 D QC-time-services: Daemon:Opening File: /mnt/vendor/persist/time/ats_8 /data/vendor/time/ats_8
07-22 01:39:38.423   625   625 D QC-time-services: Daemon:time_persistent_memory_opr:Genoff Read operation 
07-22 01:39:38.423   625   625 D QC-time-services: Daemon:Open File: /mnt/vendor/persist/time/ats_8
07-22 01:39:38.423   625   625 D QC-time-services: Daemon:Unable to open filefor read
07-22 01:39:38.423   625   625 D QC-time-services: Daemon:genoff_post_init:Error in accessing storage
07-22 01:39:38.423   625   625 D QC-time-services: Daemon:genoff_pre_init::Base = 9
07-22 01:39:38.423   625   625 D QC-time-services: Daemon: Storage Name: ats_9 
07-22 01:39:38.423   625   625 D QC-time-services: Daemon:Opening File: /mnt/vendor/persist/time/ats_9 /data/vendor/time/ats_9
07-22 01:39:38.423   625   625 D QC-time-services: Daemon:time_persistent_memory_opr:Genoff Read operation 
07-22 01:39:38.423   625   625 D QC-time-services: Daemon:Open File: /mnt/vendor/persist/time/ats_9
07-22 01:39:38.423   625   625 D QC-time-services: Daemon:Unable to open filefor read
07-22 01:39:38.423   625   625 D QC-time-services: Daemon:genoff_post_init:Error in accessing storage
07-22 01:39:38.423   625   625 D QC-time-services: Daemon:genoff_pre_init::Base = 10
07-22 01:39:38.423   625   625 D QC-time-services: Daemon: Storage Name: ats_10 
07-22 01:39:38.423   625   625 D QC-time-services: Daemon:Opening File: /mnt/vendor/persist/time/ats_10 /data/vendor/time/ats_10
07-22 01:39:38.423   625   625 D QC-time-services: Daemon:time_persistent_memory_opr:Genoff Read operation 
07-22 01:39:38.423   625   625 D QC-time-services: Daemon:Open File: /mnt/vendor/persist/time/ats_10
07-22 01:39:38.423   625   625 D QC-time-services: Daemon:Unable to open filefor read
07-22 01:39:38.423   625   625 D QC-time-services: Daemon:genoff_post_init:Error in accessing storage
07-22 01:39:38.423   625   625 D QC-time-services: Daemon:genoff_pre_init::Base = 11
07-22 01:39:38.423   625   625 D QC-time-services: Daemon: Storage Name: ats_11 
07-22 01:39:38.423   625   625 D QC-time-services: Daemon:Opening File: /mnt/vendor/persist/time/ats_11 /data/vendor/time/ats_11
07-22 01:39:38.423   625   625 D QC-time-services: Daemon:time_persistent_memory_opr:Genoff Read operation 
07-22 01:39:38.423   625   625 D QC-time-services: Daemon:Open File: /mnt/vendor/persist/time/ats_11
07-22 01:39:38.423   625   625 D QC-time-services: Daemon:Unable to open filefor read
07-22 01:39:38.423   625   625 D QC-time-services: Daemon:genoff_post_init:Error in accessing storage
07-22 01:39:38.423   625   625 D QC-time-services: Daemon:genoff_pre_init::Base = 12
07-22 01:39:38.423   625   625 D QC-time-services: Daemon: Storage Name: ats_12 
07-22 01:39:38.423   625   625 D QC-time-services: Daemon:Opening File: /mnt/vendor/persist/time/ats_12 /data/vendor/time/ats_12
07-22 01:39:38.423   625   625 D QC-time-services: Daemon:time_persistent_memory_opr:Genoff Read operation 
07-22 01:39:38.423   625   625 D QC-time-services: Daemon:Open File: /mnt/vendor/persist/time/ats_12
07-22 01:39:38.423   625   625 D QC-time-services: Daemon:Unable to open filefor read
07-22 01:39:38.423   625   625 D QC-time-services: Daemon:genoff_post_init:Error in accessing storage
07-22 01:39:38.423   625   625 D QC-time-services: Daemon:genoff_pre_init::Base = 13
07-22 01:39:38.423   625   625 D QC-time-services: Daemon: Storage Name: ats_13 
07-22 01:39:38.423   625   625 D QC-time-services: Daemon:Opening File: /mnt/vendor/persist/time/ats_13 /data/vendor/time/ats_13
07-22 01:39:38.423   625   625 D QC-time-services: Daemon:time_persistent_memory_opr:Genoff Read operation 
07-22 01:39:38.423   625   625 D QC-time-services: Daemon:Open File: /mnt/vendor/persist/time/ats_13
07-22 01:39:38.423   625   625 D QC-time-services: Daemon:Unable to open filefor read
07-22 01:39:38.423   625   625 D QC-time-services: Daemon:genoff_post_init:Error in accessing storage
07-22 01:39:38.423   625   625 D QC-time-services: Daemon:genoff_pre_init::Base = 14
07-22 01:39:38.423   625   625 D QC-time-services: Daemon: Storage Name: ats_14 
07-22 01:39:38.423   625   625 D QC-time-services: Daemon:Opening File: /mnt/vendor/persist/time/ats_14 /data/vendor/time/ats_14
07-22 01:39:38.423   625   625 D QC-time-services: Daemon:time_persistent_memory_opr:Genoff Read operation 
07-22 01:39:38.423   625   625 D QC-time-services: Daemon:Open File: /mnt/vendor/persist/time/ats_14
07-22 01:39:38.423   625   625 D QC-time-services: Daemon:Unable to open filefor read
07-22 01:39:38.423   625   625 D QC-time-services: Daemon:genoff_post_init:Error in accessing storage
07-22 01:39:38.423   625   625 D QC-time-services: Daemon:genoff_pre_init::Base = 15
07-22 01:39:38.423   625   625 D QC-time-services: Daemon: Storage Name: ats_15 
07-22 01:39:38.423   625   625 D QC-time-services: Daemon:Opening File: /mnt/vendor/persist/time/ats_15 /data/vendor/time/ats_15
07-22 01:39:38.423   625   625 D QC-time-services: Daemon:time_persistent_memory_opr:Genoff Read operation 
07-22 01:39:38.423   625   625 D QC-time-services: Daemon:Open File: /mnt/vendor/persist/time/ats_15
07-22 01:39:38.423   625   625 D QC-time-services: Daemon:Unable to open filefor read
07-22 01:39:38.423   625   625 D QC-time-services: Daemon:genoff_post_init:Error in accessing storage
07-22 01:39:38.423   625   625 D QC-time-services: Daemon:genoff_pre_init::Base = 16
07-22 01:39:38.423   625   625 D QC-time-services: Daemon: Storage Name: ats_16 
07-22 01:39:38.423   625   625 D QC-time-services: Daemon:Opening File: /mnt/vendor/persist/time/ats_16 /data/vendor/time/ats_16
07-22 01:39:38.423   625   625 D QC-time-services: Daemon:time_persistent_memory_opr:Genoff Read operation 
07-22 01:39:38.423   625   625 D QC-time-services: Daemon:Open File: /mnt/vendor/persist/time/ats_16
07-22 01:39:38.424   628   628 I OEM-HPM : /vendor/bin/oem_hotplug_monitor has 1 parameters
07-22 01:39:38.424   625   625 D QC-time-services: Daemon:genoff_pre_init::Base = 17
07-22 01:39:38.424   625   625 D QC-time-services: Daemon: Storage Name: ats_17 
07-22 01:39:38.424   625   625 D QC-time-services: Daemon:Opening File: /mnt/vendor/persist/time/ats_17 /data/vendor/time/ats_17
07-22 01:39:38.424   625   625 D QC-time-services: Daemon:time_persistent_memory_opr:Genoff Read operation 
07-22 01:39:38.424   625   625 D QC-time-services: Daemon:Open File: /mnt/vendor/persist/time/ats_17
07-22 01:39:38.424   625   625 D QC-time-services: Daemon:Unable to open filefor read
07-22 01:39:38.424   625   625 D QC-time-services: Daemon:genoff_post_init:Error in accessing storage
07-22 01:39:38.424   625   625 D QC-time-services: Daemon:genoff_pre_init::Base = 18
07-22 01:39:38.424   625   625 D QC-time-services: Daemon: Storage Name: ats_18 
07-22 01:39:38.424   625   625 D QC-time-services: Daemon:Opening File: /mnt/vendor/persist/time/ats_18 /data/vendor/time/ats_18
07-22 01:39:38.424   625   625 D QC-time-services: Daemon:time_persistent_memory_opr:Genoff Read operation 
07-22 01:39:38.424   625   625 D QC-time-services: Daemon:Open File: /mnt/vendor/persist/time/ats_18
07-22 01:39:38.424   625   625 D QC-time-services: Daemon:Unable to open filefor read
07-22 01:39:38.424   625   625 D QC-time-services: Daemon:genoff_post_init:Error in accessing storage
07-22 01:39:38.424   625   625 D QC-time-services: Daemon:genoff_init_config: Other bases initilized, exiting genoff_init
07-22 01:39:38.424     0     0 I rtc-max31343 1-0068: read date/time raw! 0x21-07-22 05:39:38 W05
07-22 01:39:38.424     0     0 I rtc-max31343 1-0068: read date/time! 2021-07-22 05:39:38
07-22 01:39:38.424   625   625 D QC-time-services: Daemon:rtc_get: Time read from RTC -- MM/DD/YY HH:MM:SS6/22/121 5:39:38
07-22 01:39:38.424   625   625 D QC-time-services: Daemon rtc_get: seconds = 1626932378
07-22 01:39:38.424   625   625 D QC-time-services: Daemon:Value read from RTC mseconds = 1626932378000
07-22 01:39:38.424   625   625 D QC-time-services: Daemon:Value read from QTimer mseconds = 14303
07-22 01:39:38.425   625   625 D QC-time-services: Daemon:genoff_opr: Base = 1, val = 0, operation = 1
07-22 01:39:38.425   625   625 D QC-time-services: Daemon: genoff get for 1
07-22 01:39:38.425   625   625 D QC-time-services: Daemon:Value read from QTimer mseconds = 14303
07-22 01:39:38.425   625   625 D QC-time-services: Daemon:Value read from RTC mseconds on boot = 1626932378000
07-22 01:39:38.425   625   625 D QC-time-services: Daemon:Value read from QTimer mseconds = 14303
07-22 01:39:38.425   625   625 D QC-time-services: Daemon:Value read from generic offset = -49
07-22 01:39:38.425   625   625 D QC-time-services: Daemon:Delta read on boot mseconds = 1626932363697
07-22 01:39:38.425   625   625 D QC-time-services: Daemon:Final Time = 1626932377951
07-22 01:39:38.425   625   625 D QC-time-services: Daemon:genoff_boot_tod_init: Updating system time to sec=1626932377, usec=951000
07-22 01:39:38.843   634   634 I /system/bin/flags_health_check: ServerConfigurableFlagsReset reset_mode value: 0
07-22 01:39:38.844   634   634 I /system/bin/flags_health_check: ServerConfigurableFlagsReset attempted boot count is under threshold, skipping reset.
07-22 01:39:38.882   627   627 E OEM-FWUPDATE: [ite_fw_upgrade] failure.
07-22 01:39:38.882   627   627 I OEM-FWUPDATE: oem fw upgrade exit
07-22 01:39:38.914   628   628 I OEM-HPM : sysfs:path /sys/devices/platform/soc/soc:oem-ptdet/poe_status data absent
07-22 01:39:38.914   628   628 I OEM-HPM :  size 16
07-22 01:39:38.914   628   628 I OEM-HPM : handle_poe_status_change, poe_status is absent
07-22 01:39:38.914   628   628 I OEM-HPM : 
07-22 01:39:38.914   628   628 I OEM-HPM : handle_poe_status_change, power type is not POE
07-22 01:39:38.914   628   628 D OEM-HPM : 
07-22 01:39:38.914   628   628 I OEM-HPM : sysfs:path /sys/class/power_supply/usb/online data 0 size 1
07-22 01:39:38.914   628   628 I OEM-HPM : /sys/class/power_supply/usb/online is 0
07-22 01:39:38.914   628   628 I OEM-HPM : sysfs:path /sys/class/power_supply/pc_port/online data 0 size 1
07-22 01:39:38.914   628   628 I OEM-HPM : /sys/class/power_supply/pc_port/online is 0
07-22 01:39:38.914   628   628 I OEM-HPM : sysfs:path /sys/class/power_supply/ac/online data 1t
07-22 01:39:38.914   628   628 I OEM-HPM :  size 1
07-22 01:39:38.914   628   628 I OEM-HPM : /sys/class/power_supply/ac/online is 1
07-22 01:39:38.914   628   628 I OEM-HPM : USB power supply become online
07-22 01:39:38.918   628   628 E OEM-HPM : open sysfs fail: /sys/devices/platform/pos_stand/cfd_present: error: No such file or directory
07-22 01:39:38.918   628   628 E OEM-HPM : Read /sys/devices/platform/pos_stand/cfd_present failed
07-22 01:39:38.918   628   628 E OEM-HPM : open sysfs fail: /sys/devices/platform/pos_stand/present: error: No such file or directory
07-22 01:39:38.918   628   628 E OEM-HPM : Read /sys/devices/platform/pos_stand/present failed
07-22 01:39:38.918   628   628 E OEM-HPM : open sysfs fail: /sys/devices/platform/io_hub/present: error: No such file or directory
07-22 01:39:38.918   628   628 E OEM-HPM : Read /sys/devices/platform/io_hub/present failed
07-22 01:39:38.918   628   628 E OEM-HPM : open sysfs fail: /sys/devices/platform/pos_stand/flip_present: error: No such file or directory
07-22 01:39:38.918   628   628 E OEM-HPM : Read /sys/devices/platform/pos_stand/flip_present failed
07-22 01:39:39.025   636   636 I netdClient: Skipping libnetd_client init since *we* are netd
07-22 01:39:39.026   636   636 I netd    : netd 1.0 starting
07-22 01:39:39.041   636   636 I Netd    : Loaded resolver library from /apex/com.android.resolv/lib64/libnetd_resolv.so
07-22 01:39:39.172   639   639 I bootstat: Service started: /system/bin/bootstat --set_system_boot_reason 
07-22 01:39:39.173   639   639 I bootstat: Canonical boot reason: reboot
07-22 01:39:39.173   639   639 I bootstat: Canonical boot reason: reboot
07-22 01:39:39.287     0     0 I logd.daemon: reinit
07-22 01:39:39.388     0     0 I ptdet_get_poe_status: poe staus is 0
07-22 01:39:39.422     0     0 I update_verifier: Started with arg 1: nonencrypted
07-22 01:39:39.424     0     0 I update_verifier: Booting slot 0: isSlotMarkedSuccessful=0
07-22 01:39:39.424     0     0 E update_verifier: /data/ota_package/care_map.pb doesn't exist
07-22 01:39:39.424     0     0 W update_verifier: Failed to parse the care map file, skipping verification
07-22 01:39:39.425     0     0 I update_verifier: Deferred marking slot 0 as booted successfully.
07-22 01:39:39.425     0     0 I update_verifier: Leaving update_verifier.
07-22 01:39:39.428     0     0 I oem-init: ro.persistent_properties.ready: true
07-22 01:39:39.428     0     0 I oem-init: sysfs:path sys/devices/soc0/project_id data 44 size 4
07-22 01:39:39.428     0     0 I oem-init: set_customba_prop project_id: 44
07-22 01:39:39.428     0     0 I oem-init: project_id: 44
07-22 01:39:39.428     0     0 I oem-init: feature is: eth-PoE-GSen-DuSpk-GPIO-AdbMux-eRTC-Key2-dmic-SD-exPD
07-22 01:39:39.428     0     0 I oem-init: [item :]precast, [flag :]0
07-22 01:39:39.428     0     0 I oem-init: precast_flag: 0
07-22 01:39:39.468     0     0 I oem-init: precast prop set to 0
07-22 01:39:39.468     0     0 I oem-init: [item :]ctsmode, [flag :]0
07-22 01:39:39.468     0     0 I oem-init: cts_flag: 0
07-22 01:39:39.533   656   656 I BOOT    : MSM target '', SoC 'QRD', HwID '324', SoC ver '65536'
07-22 01:39:39.551   657   657 W DRM_BOOT: file: '/sys/module/drm/parameters/vblankoffdelay' or perms doesn't exist
07-22 01:39:39.638   637   637 D AndroidRuntime: >>>>>> START com.android.internal.os.ZygoteInit uid 0 <<<<<<
07-22 01:39:39.638   637   637 I boot_progress_start: 11774
07-22 01:39:39.692   637   637 I AndroidRuntime: Using default boot image
07-22 01:39:39.692   637   637 I AndroidRuntime: Leaving lock profiling enabled
07-22 01:39:39.700   637   637 I zygote64: option[0]=-Xzygote
07-22 01:39:39.700   637   637 I zygote64: option[1]=exit
07-22 01:39:39.700   637   637 I zygote64: option[2]=vfprintf
07-22 01:39:39.700   637   637 I zygote64: option[3]=sensitiveThread
07-22 01:39:39.701   637   637 I zygote64: option[4]=-verbose:gc
07-22 01:39:39.701   637   637 I zygote64: option[5]=-Xms8m
07-22 01:39:39.701   637   637 I zygote64: option[6]=-Xmx512m
07-22 01:39:39.701   637   637 I zygote64: option[7]=-XX:HeapGrowthLimit=256m
07-22 01:39:39.701   637   637 I zygote64: option[8]=-XX:HeapMinFree=512k
07-22 01:39:39.701   637   637 I zygote64: option[9]=-XX:HeapMaxFree=8m
07-22 01:39:39.701   637   637 I zygote64: option[10]=-XX:HeapTargetUtilization=0.75
07-22 01:39:39.701   637   637 I zygote64: option[11]=-Xusejit:true
07-22 01:39:39.701   637   637 I zygote64: option[12]=-Xjitsaveprofilinginfo
07-22 01:39:39.701   637   637 I zygote64: option[13]=-XjdwpOptions:suspend=n,server=y
07-22 01:39:39.701   637   637 I zygote64: option[14]=-XjdwpProvider:default
07-22 01:39:39.701   637   637 I zygote64: option[15]=-Xlockprofthreshold:500
07-22 01:39:39.701   637   637 I zygote64: option[16]=-Ximage-compiler-option
07-22 01:39:39.701   637   637 I zygote64: option[17]=--runtime-arg
07-22 01:39:39.701   637   637 I zygote64: option[18]=-Ximage-compiler-option
07-22 01:39:39.701   637   637 I zygote64: option[19]=-Xms64m
07-22 01:39:39.701   637   637 I zygote64: option[20]=-Ximage-compiler-option
07-22 01:39:39.701   637   637 I zygote64: option[21]=--runtime-arg
07-22 01:39:39.701   637   637 I zygote64: option[22]=-Ximage-compiler-option
07-22 01:39:39.701   637   637 I zygote64: option[23]=-Xmx64m
07-22 01:39:39.701   637   637 I zygote64: option[24]=-Ximage-compiler-option
07-22 01:39:39.701   637   637 I zygote64: option[25]=--profile-file=/system/etc/boot-image.prof
07-22 01:39:39.701   637   637 I zygote64: option[26]=-Ximage-compiler-option
07-22 01:39:39.701   637   637 I zygote64: option[27]=--compiler-filter=speed-profile
07-22 01:39:39.701   637   637 I zygote64: option[28]=-Xcompiler-option
07-22 01:39:39.701   637   637 I zygote64: option[29]=--runtime-arg
07-22 01:39:39.701   637   637 I zygote64: option[30]=-Xcompiler-option
07-22 01:39:39.701   637   637 I zygote64: option[31]=-Xms64m
07-22 01:39:39.701   637   637 I zygote64: option[32]=-Xcompiler-option
07-22 01:39:39.702   637   637 I zygote64: option[33]=--runtime-arg
07-22 01:39:39.702   637   637 I zygote64: option[34]=-Xcompiler-option
07-22 01:39:39.702   637   637 I zygote64: option[35]=-Xmx512m
07-22 01:39:39.702   637   637 I zygote64: option[36]=-Ximage-compiler-option
07-22 01:39:39.702   637   637 I zygote64: option[37]=--instruction-set-variant=generic
07-22 01:39:39.702   637   637 I zygote64: option[38]=-Xcompiler-option
07-22 01:39:39.702   637   637 I zygote64: option[39]=--instruction-set-variant=generic
07-22 01:39:39.702   637   637 I zygote64: option[40]=-Ximage-compiler-option
07-22 01:39:39.702   637   637 I zygote64: option[41]=--instruction-set-features=default
07-22 01:39:39.702   637   637 I zygote64: option[42]=-Xcompiler-option
07-22 01:39:39.702   637   637 I zygote64: option[43]=--instruction-set-features=default
07-22 01:39:39.702   637   637 I zygote64: option[44]=-Duser.locale=en-US
07-22 01:39:39.702   637   637 I zygote64: option[45]=--cpu-abilist=arm64-v8a
07-22 01:39:39.702   637   637 I zygote64: option[46]=-Xcompiler-option
07-22 01:39:39.702   637   637 I zygote64: option[47]=--generate-mini-debug-info
07-22 01:39:39.702   637   637 I zygote64: option[48]=-Xcore-platform-api-policy:just-warn
07-22 01:39:39.702   637   637 I zygote64: option[49]=-Xfingerprint:Elo/15in-I-Series-4_E8MP/15in-I-Series-4:10/QKQ1.201112.002/eng.youkai.20210722.031700:userdebug/debug,release-keys
07-22 01:39:39.714   637   637 I zygote64: Core platform API reporting enabled, enforcing=false
07-22 01:39:39.718   638   638 D AndroidRuntime: >>>>>> START com.android.internal.os.ZygoteInit uid 0 <<<<<<
07-22 01:39:39.740     0     0 I ueventd : firmware: loading 'cdsp.mdt' for '/devices/platform/soc/1a300000.qcom,turing/firmware/cdsp.mdt'
07-22 01:39:39.741     0     0 I ueventd : loading /devices/platform/soc/1a300000.qcom,turing/firmware/cdsp.mdt took 1ms
07-22 01:39:39.742     0     0 I subsys-pil-tz 1a300000.qcom,turing: cdsp: loading from 0x0000000094a00000 to 0x0000000095000000
07-22 01:39:39.757     0     0 I ueventd : firmware: loading 'cdsp.b03' for '/devices/platform/soc/1a300000.qcom,turing/firmware/cdsp.b03'
07-22 01:39:39.759     0     0 I ueventd : loading /devices/platform/soc/1a300000.qcom,turing/firmware/cdsp.b03 took 2ms
07-22 01:39:39.759     0     0 I ueventd : firmware: loading 'cdsp.b02' for '/devices/platform/soc/1a300000.qcom,turing/firmware/cdsp.b02'
07-22 01:39:39.762     0     0 I ueventd : loading /devices/platform/soc/1a300000.qcom,turing/firmware/cdsp.b02 took 2ms
07-22 01:39:39.762   638   638 I AndroidRuntime: Using default boot image
07-22 01:39:39.762   638   638 I AndroidRuntime: Leaving lock profiling enabled
07-22 01:39:39.763     0     0 I ueventd : firmware: loading 'cdsp.b04' for '/devices/platform/soc/1a300000.qcom,turing/firmware/cdsp.b04'
07-22 01:39:39.765     0     0 I ueventd : firmware: loading 'cdsp.b05' for '/devices/platform/soc/1a300000.qcom,turing/firmware/cdsp.b05'
07-22 01:39:39.768     0     0 I ueventd : firmware: loading 'cdsp.b06' for '/devices/platform/soc/1a300000.qcom,turing/firmware/cdsp.b06'
07-22 01:39:39.768   638   638 I zygote  : option[0]=-Xzygote
07-22 01:39:39.768   638   638 I zygote  : option[1]=exit
07-22 01:39:39.769   638   638 I zygote  : option[2]=vfprintf
07-22 01:39:39.769   638   638 I zygote  : option[3]=sensitiveThread
07-22 01:39:39.769   638   638 I zygote  : option[4]=-verbose:gc
07-22 01:39:39.769   638   638 I zygote  : option[5]=-Xms8m
07-22 01:39:39.769   638   638 I zygote  : option[6]=-Xmx512m
07-22 01:39:39.769   638   638 I zygote  : option[7]=-XX:HeapGrowthLimit=256m
07-22 01:39:39.769   638   638 I zygote  : option[8]=-XX:HeapMinFree=512k
07-22 01:39:39.769   638   638 I zygote  : option[9]=-XX:HeapMaxFree=8m
07-22 01:39:39.769   638   638 I zygote  : option[10]=-XX:HeapTargetUtilization=0.75
07-22 01:39:39.769   638   638 I zygote  : option[11]=-Xusejit:true
07-22 01:39:39.769   638   638 I zygote  : option[12]=-Xjitsaveprofilinginfo
07-22 01:39:39.769   638   638 I zygote  : option[13]=-XjdwpOptions:suspend=n,server=y
07-22 01:39:39.769   638   638 I zygote  : option[14]=-XjdwpProvider:default
07-22 01:39:39.769   638   638 I zygote  : option[15]=-Xlockprofthreshold:500
07-22 01:39:39.769   638   638 I zygote  : option[16]=-Ximage-compiler-option
07-22 01:39:39.769   638   638 I zygote  : option[17]=--runtime-arg
07-22 01:39:39.769   638   638 I zygote  : option[18]=-Ximage-compiler-option
07-22 01:39:39.769   638   638 I zygote  : option[19]=-Xms64m
07-22 01:39:39.769   638   638 I zygote  : option[20]=-Ximage-compiler-option
07-22 01:39:39.769   638   638 I zygote  : option[21]=--runtime-arg
07-22 01:39:39.769   638   638 I zygote  : option[22]=-Ximage-compiler-option
07-22 01:39:39.769   638   638 I zygote  : option[23]=-Xmx64m
07-22 01:39:39.769   638   638 I zygote  : option[24]=-Ximage-compiler-option
07-22 01:39:39.769   638   638 I zygote  : option[25]=--profile-file=/system/etc/boot-image.prof
07-22 01:39:39.769   638   638 I zygote  : option[26]=-Ximage-compiler-option
07-22 01:39:39.769   638   638 I zygote  : option[27]=--compiler-filter=speed-profile
07-22 01:39:39.769   638   638 I zygote  : option[28]=-Xcompiler-option
07-22 01:39:39.769   638   638 I zygote  : option[29]=--runtime-arg
07-22 01:39:39.769   638   638 I zygote  : option[30]=-Xcompiler-option
07-22 01:39:39.769   638   638 I zygote  : option[31]=-Xms64m
07-22 01:39:39.769   638   638 I zygote  : option[32]=-Xcompiler-option
07-22 01:39:39.769   638   638 I zygote  : option[33]=--runtime-arg
07-22 01:39:39.769   638   638 I zygote  : option[34]=-Xcompiler-option
07-22 01:39:39.769   638   638 I zygote  : option[35]=-Xmx512m
07-22 01:39:39.769   638   638 I zygote  : option[36]=-Ximage-compiler-option
07-22 01:39:39.769   638   638 I zygote  : option[37]=--instruction-set-variant=cortex-a73
07-22 01:39:39.769   638   638 I zygote  : option[38]=-Xcompiler-option
07-22 01:39:39.769   638   638 I zygote  : option[39]=--instruction-set-variant=cortex-a73
07-22 01:39:39.769   638   638 I zygote  : option[40]=-Ximage-compiler-option
07-22 01:39:39.769   638   638 I zygote  : option[41]=--instruction-set-features=default
07-22 01:39:39.769   638   638 I zygote  : option[42]=-Xcompiler-option
07-22 01:39:39.769   638   638 I zygote  : option[43]=--instruction-set-features=default
07-22 01:39:39.769   638   638 I zygote  : option[44]=-Duser.locale=en-US
07-22 01:39:39.769   638   638 I zygote  : option[45]=--cpu-abilist=armeabi-v7a,armeabi
07-22 01:39:39.769   638   638 I zygote  : option[46]=-Xcompiler-option
07-22 01:39:39.769   638   638 I zygote  : option[47]=--generate-mini-debug-info
07-22 01:39:39.769   638   638 I zygote  : option[48]=-Xcore-platform-api-policy:just-warn
07-22 01:39:39.769   638   638 I zygote  : option[49]=-Xfingerprint:Elo/15in-I-Series-4_E8MP/15in-I-Series-4:10/QKQ1.201112.002/eng.youkai.20210722.031700:userdebug/debug,release-keys
07-22 01:39:39.770     0     0 I ueventd : firmware: loading 'cdsp.b07' for '/devices/platform/soc/1a300000.qcom,turing/firmware/cdsp.b07'
07-22 01:39:39.774   638   638 W zygote  : Could not reserve sentinel fault page
07-22 01:39:39.774   638   638 I zygote  : Core platform API reporting enabled, enforcing=false
07-22 01:39:39.811     0     0 I subsys-pil-tz 1a300000.qcom,turing: cdsp: Brought out of reset
07-22 01:39:39.819     0     0 I subsys-pil-tz 1a300000.qcom,turing: cdsp: Power/Clock ready interrupt received
07-22 01:39:39.819     0     0 I subsys-pil-tz 1a300000.qcom,turing: Subsystem error monitoring/handling services are up
07-22 01:39:39.820     0     0 E pmic_analog_codec 800f000.qcom,spmi: qcom,pm660l@3:anlg-cdc@f000: Adsp is not loaded yet 0
07-22 01:39:39.821     0     0 E msm_sdw_codec 152c1000.msm-sdw-codec: Adsp is not loaded yet 0
07-22 01:39:39.821     0     0 E pmic_analog_codec 800f000.qcom,spmi: qcom,pm660l@3:anlg-cdc@f000: Adsp is not loaded yet 0
07-22 01:39:39.821     0     0 E msm_sdw_codec 152c1000.msm-sdw-codec: Adsp is not loaded yet 0
07-22 01:39:39.824     0     0 I adsprpc : fastrpc_rpmsg_probe: opened rpmsg channel for cdsp
07-22 01:39:39.826     0     0 E pmic_analog_codec 800f000.qcom,spmi: qcom,pm660l@3:anlg-cdc@f000: Adsp is not loaded yet 0
07-22 01:39:39.826     0     0 E msm_sdw_codec 152c1000.msm-sdw-codec: Adsp is not loaded yet 0
07-22 01:39:39.831     0     0 W oem_init: 32 output lines suppressed due to ratelimiting
07-22 01:39:39.882     0     0 E         : can't get fw name.
07-22 01:39:39.882     0     0 E sensors-ssc soc: qcom,msm-ssc-sensors: slpi_load_fw: SLPI image loading failed
07-22 01:39:40.048   677   677 I ServiceManagement: Registered android.hidl.allocator@1.0::IAllocator/ashmem (start delay of 53ms)
07-22 01:39:40.048   677   677 I ServiceManagement: Removing namespace from process name android.hidl.allocator@1.0-service to allocator@1.0-service.
07-22 01:39:40.058   678   678 I ServiceManagement: Registered android.system.suspend@1.0::ISystemSuspend/default (start delay of 64ms)
07-22 01:39:40.060   678   678 I ServiceManagement: Removing namespace from process name android.system.suspend@1.0-service to suspend@1.0-service.
07-22 01:39:40.107   683   683 I ServiceManagement: Registered android.hardware.drm@1.0::IDrmFactory/default (start delay of 102ms)
07-22 01:39:40.107   683   683 I ServiceManagement: Removing namespace from process name android.hardware.drm@1.0-service to drm@1.0-service.
07-22 01:39:40.108   683   683 I         : Registration complete for android.hardware.drm@1.0::IDrmFactory/default.
07-22 01:39:40.115   688   688 E light   : light_open lights keyboard failed: -22
07-22 01:39:40.115   688   688 E light   : Light passthrough failed to load legacy HAL.
07-22 01:39:40.115   688   688 E light   : light_open lights buttons failed: -22
07-22 01:39:40.115   688   688 E light   : Light passthrough failed to load legacy HAL.
07-22 01:39:40.117   688   688 E light   : light_open lights bluetooth failed: -22
07-22 01:39:40.118   688   688 E light   : Light passthrough failed to load legacy HAL.
07-22 01:39:40.118   679   679 I android.hardware.bluetooth@1.0-service: vendorEnhancedInfo: 3
07-22 01:39:40.119   679   679 I android.hardware.bluetooth@1.0-service: isVendorEnhancedFramework: 1
07-22 01:39:40.119   679   679 I android.hardware.bluetooth@1.0-service: Registering BT Service
07-22 01:39:40.120   688   688 E light   : light_open lights wifi failed: -22
07-22 01:39:40.120   688   688 E light   : Light passthrough failed to load legacy HAL.
07-22 01:39:40.122   687   687 I health@2.0/: health@2.0/default: Hal starting main loop...
07-22 01:39:40.122   687   687 I health@2.0/: health@2.0/default Hal is starting up...
07-22 01:39:40.127   699   699 E OEMLIGHT: OemLight Hal start
07-22 01:39:40.128   699   699 E OEMLIGHT: power LED not support
07-22 01:39:40.128   699   699 E OEMLIGHT: function LED not support
07-22 01:39:40.135   702   702 I OEMPowerUtil: initialize().
07-22 01:39:40.136   687   687 I ServiceManagement: Registered android.hardware.health@2.0::IHealth/default (start delay of 122ms)
07-22 01:39:40.136   687   687 I ServiceManagement: Removing namespace from process name android.hardware.health@2.0-service to health@2.0-service.
07-22 01:39:40.137   687   687 I health@2.0/: health@2.0/default: Hal init done
07-22 01:39:40.138     0     0 W healthd : battery none chg=a
07-22 01:39:40.144   699   699 I ServiceManagement: Registered vendor.elo.hardware.oemlight@1.0::IOemLight/default (start delay of 90ms)
07-22 01:39:40.145   699   699 I ServiceManagement: Removing namespace from process name vendor.elo.hardware.oemlight@1.0-service to oemlight@1.0-service.
07-22 01:39:40.146   688   688 I ServiceManagement: Registered android.hardware.light@2.0::ILight/default (start delay of 132ms)
07-22 01:39:40.146   688   688 I ServiceManagement: Removing namespace from process name android.hardware.light@2.0-service to light@2.0-service.
07-22 01:39:40.146   688   688 I         : Registration complete for android.hardware.light@2.0::ILight/default.
07-22 01:39:40.147   697   697 I ServiceManagement: Registered vendor.elo.hardware.oemkeys@1.0::IOemKeys/default (start delay of 93ms)
07-22 01:39:40.148   697   697 I ServiceManagement: Removing namespace from process name vendor.elo.hardware.oemkeys@1.0-service to oemkeys@1.0-service.
07-22 01:39:40.148   683   683 I ServiceManagement: Registered android.hardware.drm@1.0::ICryptoFactory/default (start delay of 144ms)
07-22 01:39:40.149   683   683 I ServiceManagement: Removing namespace from process name android.hardware.drm@1.0-service to drm@1.0-service.
07-22 01:39:40.149   683   683 I         : Registration complete for android.hardware.drm@1.0::ICryptoFactory/default.
07-22 01:39:40.150   689   689 I ServiceManagement: Registered android.hardware.memtrack@1.0::IMemtrack/default (start delay of 125ms)
07-22 01:39:40.150   689   689 I ServiceManagement: Removing namespace from process name android.hardware.memtrack@1.0-service to memtrack@1.0-service.
07-22 01:39:40.150   689   689 I android.hardware.memtrack@1.0-service: Registration complete for android.hardware.memtrack@1.0::IMemtrack/default.
07-22 01:39:40.151   703   703 I ServiceManagement: Registered vendor.elo.hardware.oemuinput@1.0::IOemUinput/default (start delay of 87ms)
07-22 01:39:40.152   703   703 I ServiceManagement: Removing namespace from process name vendor.elo.hardware.oemuinput@1.0-service to oemuinput@1.0-service.
07-22 01:39:40.154   685   685 I ServiceManagement: Registered android.hardware.graphics.allocator@2.0::IAllocator/default (start delay of 139ms)
07-22 01:39:40.154   685   685 I ServiceManagement: Removing namespace from process name android.hardware.graphics.allocator@2.0-service to allocator@2.0-service.
07-22 01:39:40.154   685   685 I android.hardware.graphics.allocator@2.0-service: Registration complete for android.hardware.graphics.allocator@2.0::IAllocator/default.
07-22 01:39:40.155   694   694 I ServiceManagement: Registered android.hardware.usb@1.0::IUsb/default (start delay of 111ms)
07-22 01:39:40.155   694   694 I ServiceManagement: Removing namespace from process name android.hardware.usb@1.0-service to usb@1.0-service.
07-22 01:39:40.156   694   694 I android.hardware.usb@1.0-service: USB HAL Ready.
07-22 01:39:40.159   690   690 I QTI PowerHAL: Initing
07-22 01:39:40.170   693   693 I auditd  : type=1400 audit(0.0:8): avc: denied { read } for comm="android.hardwar" name="pa" dev="sysfs" ino=32070 scontext=u:r:hal_tv_cec_default:s0 tcontext=u:object_r:sysfs:s0 tclass=file permissive=0
07-22 01:39:40.170   693   693 W android.hardwar: type=1400 audit(0.0:8): avc: denied { read } for name="pa" dev="sysfs" ino=32070 scontext=u:r:hal_tv_cec_default:s0 tcontext=u:object_r:sysfs:s0 tclass=file permissive=0
07-22 01:39:40.177   702   702 I ServiceManagement: Registered vendor.elo.hardware.oempowersave@1.0::IOemPowerSave/default (start delay of 123ms)
07-22 01:39:40.177   702   702 I ServiceManagement: Removing namespace from process name vendor.elo.hardware.oempowersave@1.0-service to oempowersave@1.0-service.
07-22 01:39:40.180   692   692 I ServiceManagement: Registered android.hardware.thermal@1.0::IThermal/default (start delay of 146ms)
07-22 01:39:40.180   692   692 I ServiceManagement: Removing namespace from process name android.hardware.thermal@1.0-service to thermal@1.0-service.
07-22 01:39:40.180   715   715 D         : tui_comm: svc service starting :)
07-22 01:39:40.180   692   692 I android.hardware.thermal@1.0-service: Registration complete for android.hardware.thermal@1.0::IThermal/default.
07-22 01:39:40.181   693   693 E qdhdmi_cec: write_node: Failed to access path: /sys/devices/virtual/graphics/fb1/cec/logical_addr error: No such file or directory
07-22 01:39:40.181   693   693 E qdhdmi_cec: write_node: Failed to access path: /sys/devices/virtual/graphics/fb1/cec/enable error: No such file or directory
07-22 01:39:40.181   693   693 E qdhdmi_cec: cec_enable: Failed to toggle CEC: enable: 1
07-22 01:39:40.181   693   693 D qdhdmi_cec: cec_init_context: CEC enabled
07-22 01:39:40.181   693   693 E qdhdmi_cec: Node open failed for display 1 event cec/rd_msg error No such file or directory
07-22 01:39:40.181   693   693 E qdhdmi_cec: Failed to set poll event parameters
07-22 01:39:40.181   693   693 E qdhdmi_cec: Failed to populate poll parameters for monitoring HDMI CEC events. Exiting.
07-22 01:39:40.181   693   693 E qdhdmi_cec: write_node: Failed to access path: /sys/devices/virtual/graphics/fb1/cec/enable error: No such file or directory
07-22 01:39:40.181   693   693 E qdhdmi_cec: cec_enable: Failed to toggle CEC: enable: 0
07-22 01:39:40.183   715   715 I ServiceManagement: Registered vendor.qti.hardware.tui_comm@1.0::ITuiComm/default (start delay of 79ms)
07-22 01:39:40.183   715   715 I ServiceManagement: Removing namespace from process name vendor.qti.hardware.tui_comm@1.0-service-qti to tui_comm@1.0-service-qti.
07-22 01:39:40.183   715   715 E         : Registered ITuiComm HAL service success!
07-22 01:39:40.183   679   679 I ServiceManagement: Registered android.hardware.bluetooth@1.0::IBluetoothHci/default (start delay of 189ms)
07-22 01:39:40.184   679   679 I ServiceManagement: Removing namespace from process name android.hardware.bluetooth@1.0-service-qti to bluetooth@1.0-service-qti.
07-22 01:39:40.184   679   679 I         : Registration complete for android.hardware.bluetooth@1.0::IBluetoothHci/default.
07-22 01:39:40.184   679   679 I android.hardware.bluetooth@1.0-service: Registering ANT Service
07-22 01:39:40.186   690   690 I ServiceManagement: Registered android.hardware.power@1.0::IPower/default (start delay of 152ms)
07-22 01:39:40.186   690   690 I ServiceManagement: Removing namespace from process name android.hardware.power@1.0-service to power@1.0-service.
07-22 01:39:40.186   690   690 I android.hardware.power@1.0-service: Registration complete for android.hardware.power@1.0::IPower/default.
07-22 01:39:40.187   711   711 I ServiceManagement: Registered vendor.qti.hardware.servicetracker@1.0::IServicetracker/default (start delay of 93ms)
07-22 01:39:40.187   693   693 I ServiceManagement: Registered android.hardware.tv.cec@1.0::IHdmiCec/default (start delay of 153ms)
07-22 01:39:40.188   711   711 I ServiceManagement: Removing namespace from process name vendor.qti.hardware.servicetracker@1.0-service to servicetracker@1.0-service.
07-22 01:39:40.188   693   693 I ServiceManagement: Removing namespace from process name android.hardware.tv.cec@1.0-service to cec@1.0-service.
07-22 01:39:40.188   693   693 I android.hardware.tv.cec@1.0-service: Registration complete for android.hardware.tv.cec@1.0::IHdmiCec/default.
07-22 01:39:40.188   711   711 I         : Registration complete for vendor.qti.hardware.servicetracker@1.0::IServicetracker/default.
07-22 01:39:40.189   625   625 E QMI_FW  : xport_lookup: No RX for lookup -1
07-22 01:39:40.189   625   632 E QMI_FW  : ctrl_msg_reader_thread: control thread received ENETRESET 102
07-22 01:39:40.189   625   625 D QC-time-services: Daemon:genoff_modem_qmi_init: Initializing QMI 
07-22 01:39:40.192   705   705 D vendor.qti.esepowermanager@1.0-service: loading eseservice
07-22 01:39:40.193   705   705 D QSEECOMAPI: QSEECom_get_handle sb_length = 0x400
07-22 01:39:40.194   705   705 D QSEECOMAPI: App is not loaded in QSEE
07-22 01:39:40.194   705   705 E QSEECOMAPI: Error::Cannot open the file /vendor/firmware_mnt/image/eseservice.mdt errno = 2
07-22 01:39:40.194   705   705 E QSEECOMAPI: Error::Loading image failed with ret = -1
07-22 01:39:40.194   705   705 D vendor.qti.esepowermanager@1.0-service: loading eseservice failed
07-22 01:39:40.194   705   705 D vendor.qti.esepowermanager@1.0-service: eSEPowerManager is starting
07-22 01:39:40.201   718   718 I chatty  : uid=0(root) expire 3 lines
07-22 01:39:40.202   679   679 I ServiceManagement: Registered com.qualcomm.qti.ant@1.0::IAntHci/default (start delay of 208ms)
07-22 01:39:40.202   679   679 I         : Registration complete for com.qualcomm.qti.ant@1.0::IAntHci/default.
07-22 01:39:40.202   679   679 I android.hardware.bluetooth@1.0-service: Registering SAR service
07-22 01:39:40.204     0     0 I sysmon-qmi: ssctl_new_server: Connection established between QMI handle and adsp's SSCTL service
07-22 01:39:40.205   700   700 I vendor.elo.hardware.oemmisc@1.0-service: OemMisc Service start!
07-22 01:39:40.208   696   696 I ServiceManagement: Registered vendor.display.color@1.0::IDisplayColor/default (start delay of 164ms)
07-22 01:39:40.209   696   696 I ServiceManagement: Removing namespace from process name vendor.display.color@1.0-service to color@1.0-service.
07-22 01:39:40.210   718   718 E irsc_util: irsc_feed_config: Security config ioctl failed
07-22 01:39:40.212     0     0 E diag    : In diag_send_peripheral_buffering_mode, buffering flag not set for 5
07-22 01:39:40.213   700   700 I ServiceManagement: Registered vendor.elo.hardware.oemmisc@1.0::IOemMisc/default (start delay of 158ms)
07-22 01:39:40.213   700   700 I ServiceManagement: Removing namespace from process name vendor.elo.hardware.oemmisc@1.0-service to oemmisc@1.0-service.
07-22 01:39:40.213   696   696 I ServiceManagement: Registered vendor.display.postproc@1.0::IDisplayPostproc/default (start delay of 169ms)
07-22 01:39:40.214   710   710 I ServiceManagement: Registered vendor.qti.hardware.qteeconnector@1.0::IAppConnector/default (start delay of 119ms)
07-22 01:39:40.214   710   710 I ServiceManagement: Removing namespace from process name vendor.qti.hardware.qteeconnector@1.0-service to qteeconnector@1.0-service.
07-22 01:39:40.215   679   679 E vendor.qti.hardware.bluetooth_sar@1.0-BluetoothSar: HIDL_FETCH_IBluetoothSar
07-22 01:39:40.217   691   691 E libsensor1: check_sensors_enabled: Sensors enabled = true
07-22 01:39:40.217   705   705 I ServiceManagement: Registered vendor.qti.esepowermanager@1.0::IEsePowerManager/default (start delay of 143ms)
07-22 01:39:40.218   679   679 I ServiceManagement: Registered vendor.qti.hardware.bluetooth_sar@1.0::IBluetoothSar/default (start delay of 223ms)
07-22 01:39:40.218   679   679 I         : Registration complete for vendor.qti.hardware.bluetooth_sar@1.0::IBluetoothSar/default.
07-22 01:39:40.218   705   705 I ServiceManagement: Removing namespace from process name vendor.qti.esepowermanager@1.0-service to esepowermanager@1.0-service.
07-22 01:39:40.218   679   679 I android.hardware.bluetooth@1.0-service: Registering BT Config store Service
07-22 01:39:40.218   705   705 I vendor.qti.esepowermanager@1.0-service: Registration complete for vendor.qti.esepowermanager@1.0::IEsePowerManager/default.
07-22 01:39:40.220   681   681 I ServiceManagement: Registered android.hardware.cas@1.1::IMediaCasService/default (start delay of 216ms)
07-22 01:39:40.220   681   681 I ServiceManagement: Removing namespace from process name android.hardware.cas@1.1-service to cas@1.1-service.
07-22 01:39:40.223   709   709 D         : QdutilsDisp: svc service starting :)
07-22 01:39:40.230   625   744 D QC-time-services: Daemon: Time-services: All initializations done
07-22 01:39:40.230   625   744 E QC-time-services: Daemon: Time-services: Waiting to acceptconnection
07-22 01:39:40.232   714   714 D QSEECOMAPI: QSEECom_get_handle sb_length = 0x2800
07-22 01:39:40.232   714   714 D QSEECOMAPI: App is not loaded in QSEE
07-22 01:39:40.234   709   709 I ServiceManagement: Registered vendor.qti.hardware.qdutils_disp@1.0::IQdutilsDisp/default (start delay of 140ms)
07-22 01:39:40.234   709   709 I ServiceManagement: Removing namespace from process name vendor.qti.hardware.qdutils_disp@1.0-service-qti to qdutils_disp@1.0-service-qti.
07-22 01:39:40.234   709   709 E         : Registered IQdutilsDisp HAL service success!
07-22 01:39:40.236   704   704 D hal-OemUsbConfig: OemUsbConfig hal start
07-22 01:39:40.236   679   679 I ServiceManagement: Registered vendor.qti.hardware.btconfigstore@1.0::IBTConfigStore/default (start delay of 242ms)
07-22 01:39:40.236   679   679 I         : Registration complete for vendor.qti.hardware.btconfigstore@1.0::IBTConfigStore/default.
07-22 01:39:40.237   497   497 I hwservicemanager: getTransport: Cannot find entry android.hardware.gnss@2.0::IGnss/default in either framework or device manifest.
07-22 01:39:40.239   714   714 D QSEECOMAPI: app_arch = 2, total_files = 9
07-22 01:39:40.240   714   714 E ion     : ioctl c0044901 failed with code -1: Not a typewriter
07-22 01:39:40.242   680   680 I android.hardware.camera.provider@2.4-service: CameraProvider@2.4 legacy service is starting.
07-22 01:39:40.248   704   704 I ServiceManagement: Registered vendor.elo.hardware.oemusbconfig@1.0::IOemUsbConfig/default (start delay of 174ms)
07-22 01:39:40.249   704   704 I ServiceManagement: Removing namespace from process name vendor.elo.hardware.oemusbconfig@1.0-service to oemusbconfig@1.0-service.
07-22 01:39:40.251   710   710 I ServiceManagement: Registered vendor.qti.hardware.qteeconnector@1.0::IGPAppConnector/default (start delay of 157ms)
07-22 01:39:40.251   710   710 I ServiceManagement: Removing namespace from process name vendor.qti.hardware.qteeconnector@1.0-service to qteeconnector@1.0-service.
07-22 01:39:40.254   724   724 I pd-mapper-svc: Starting pd-mapper service
07-22 01:39:40.254   724   724 I pd-mapper-svc: Parsing file :/vendor/firmware_mnt/image/adspr.jsn:
07-22 01:39:40.256   684   684 D gps_ql  : get android version:29
07-22 01:39:40.257     0     0 E diag    : In diag_send_peripheral_buffering_mode, buffering flag not set for 1
07-22 01:39:40.258   684   684 I ServiceManagement: Registered android.hardware.gnss@2.0::IGnss/default (start delay of 254ms)
