07-22 01:39:42.082   637   637 D MediaProfiles: frame width: 1920
07-22 01:39:42.082   637   637 D MediaProfiles: frame height: 1080
07-22 01:39:42.082   637   637 D MediaProfiles: frame rate: 30
07-22 01:39:42.083   637   637 D MediaProfiles: audio codec:
07-22 01:39:42.083   637   637 D MediaProfiles: codec = 3
07-22 01:39:42.083   637   637 D MediaProfiles: bit rate: 156000
07-22 01:39:42.083   637   637 D MediaProfiles: sample rate: 48000
07-22 01:39:42.083   637   637 D MediaProfiles: number of channels: 2
07-22 01:39:42.083   637   637 D MediaProfiles: video codec:
07-22 01:39:42.083   637   637 D MediaProfiles: codec = 2
07-22 01:39:42.083   637   637 D MediaProfiles: bit rate: 42000000
07-22 01:39:42.083   637   637 D MediaProfiles: frame width: 2560
07-22 01:39:42.083   637   637 D MediaProfiles: frame height: 1440
07-22 01:39:42.083   637   637 D MediaProfiles: frame rate: 30
07-22 01:39:42.083   637   637 D MediaProfiles: audio codec:
07-22 01:39:42.083   637   637 D MediaProfiles: codec = 3
07-22 01:39:42.083   637   637 D MediaProfiles: bit rate: 156000
07-22 01:39:42.083   637   637 D MediaProfiles: sample rate: 48000
07-22 01:39:42.083   637   637 D MediaProfiles: number of channels: 2
07-22 01:39:42.083   637   637 D MediaProfiles: video codec:
07-22 01:39:42.083   637   637 D MediaProfiles: codec = 2
07-22 01:39:42.083   637   637 D MediaProfiles: bit rate: 20000000
07-22 01:39:42.083   637   637 D MediaProfiles: frame width: 2048
07-22 01:39:42.083   637   637 D MediaProfiles: frame height: 1080
07-22 01:39:42.083   637   637 D MediaProfiles: frame rate: 30
07-22 01:39:42.083   637   637 D MediaProfiles: audio codec:
07-22 01:39:42.083   637   637 D MediaProfiles: codec = 3
07-22 01:39:42.083   637   637 D MediaProfiles: bit rate: 156000
07-22 01:39:42.083   637   637 D MediaProfiles: sample rate: 48000
07-22 01:39:42.083   637   637 D MediaProfiles: number of channels: 2
07-22 01:39:42.083   637   637 D MediaProfiles: video codec:
07-22 01:39:42.083   637   637 D MediaProfiles: codec = 2
07-22 01:39:42.083   637   637 D MediaProfiles: bit rate: 192000
07-22 01:39:42.083   637   637 D MediaProfiles: frame width: 176
07-22 01:39:42.083   637   637 D MediaProfiles: frame height: 144
07-22 01:39:42.083   637   637 D MediaProfiles: frame rate: 30
07-22 01:39:42.083   637   637 D MediaProfiles: audio codec:
07-22 01:39:42.083   637   637 D MediaProfiles: codec = 1
07-22 01:39:42.083   637   637 D MediaProfiles: bit rate: 12200
07-22 01:39:42.083   637   637 D MediaProfiles: sample rate: 8000
07-22 01:39:42.083   637   637 D MediaProfiles: number of channels: 1
07-22 01:39:42.083   637   637 D MediaProfiles: video codec:
07-22 01:39:42.083   637   637 D MediaProfiles: codec = 2
07-22 01:39:42.083   637   637 D MediaProfiles: bit rate: 2000000
07-22 01:39:42.083   637   637 D MediaProfiles: frame width: 640
07-22 01:39:42.083   637   637 D MediaProfiles: frame height: 480
07-22 01:39:42.083   637   637 D MediaProfiles: frame rate: 30
07-22 01:39:42.083   637   637 D MediaProfiles: audio codec:
07-22 01:39:42.083   637   637 D MediaProfiles: codec = 3
07-22 01:39:42.083   637   637 D MediaProfiles: bit rate: 156000
07-22 01:39:42.083   637   637 D MediaProfiles: sample rate: 48000
07-22 01:39:42.083   637   637 D MediaProfiles: number of channels: 2
07-22 01:39:42.083   637   637 D MediaProfiles: video codec:
07-22 01:39:42.083   637   637 D MediaProfiles: codec = 2
07-22 01:39:42.083   637   637 D MediaProfiles: bit rate: 192000
07-22 01:39:42.083   637   637 D MediaProfiles: frame width: 176
07-22 01:39:42.083   637   637 D MediaProfiles: frame height: 144
07-22 01:39:42.083   637   637 D MediaProfiles: frame rate: 30
07-22 01:39:42.083   637   637 D MediaProfiles: audio codec:
07-22 01:39:42.083   637   637 D MediaProfiles: codec = 1
07-22 01:39:42.083   637   637 D MediaProfiles: bit rate: 12200
07-22 01:39:42.083   637   637 D MediaProfiles: sample rate: 8000
07-22 01:39:42.083   637   637 D MediaProfiles: number of channels: 1
07-22 01:39:42.083   637   637 D MediaProfiles: video codec:
07-22 01:39:42.083   637   637 D MediaProfiles: codec = 2
07-22 01:39:42.083   637   637 D MediaProfiles: bit rate: 20000000
07-22 01:39:42.083   637   637 D MediaProfiles: frame width: 1920
07-22 01:39:42.083   637   637 D MediaProfiles: frame height: 1080
07-22 01:39:42.083   637   637 D MediaProfiles: frame rate: 30
07-22 01:39:42.083   637   637 D MediaProfiles: audio codec:
07-22 01:39:42.083   637   637 D MediaProfiles: codec = 3
07-22 01:39:42.083   637   637 D MediaProfiles: bit rate: 156000
07-22 01:39:42.083   637   637 D MediaProfiles: sample rate: 48000
07-22 01:39:42.083   637   637 D MediaProfiles: number of channels: 2
07-22 01:39:42.083   637   637 D MediaProfiles: video codec:
07-22 01:39:42.083   637   637 D MediaProfiles: codec = 2
07-22 01:39:42.083   637   637 D MediaProfiles: bit rate: 192000
07-22 01:39:42.083   637   637 D MediaProfiles: frame width: 176
07-22 01:39:42.083   637   637 D MediaProfiles: frame height: 144
07-22 01:39:42.083   637   637 D MediaProfiles: frame rate: 30
07-22 01:39:42.083   637   637 D MediaProfiles: audio codec:
07-22 01:39:42.083   637   637 D MediaProfiles: codec = 1
07-22 01:39:42.083   637   637 D MediaProfiles: bit rate: 12200
07-22 01:39:42.083   637   637 D MediaProfiles: sample rate: 8000
07-22 01:39:42.083   637   637 D MediaProfiles: number of channels: 1
07-22 01:39:42.083   637   637 D MediaProfiles: video codec:
07-22 01:39:42.083   637   637 D MediaProfiles: codec = 2
07-22 01:39:42.083   637   637 D MediaProfiles: bit rate: 720000
07-22 01:39:42.083   637   637 D MediaProfiles: frame width: 352
07-22 01:39:42.083   637   637 D MediaProfiles: frame height: 288
07-22 01:39:42.083   637   637 D MediaProfiles: frame rate: 30
07-22 01:39:42.083   637   637 D MediaProfiles: audio codec:
07-22 01:39:42.083   637   637 D MediaProfiles: codec = 1
07-22 01:39:42.083   637   637 D MediaProfiles: bit rate: 12200
07-22 01:39:42.083   637   637 D MediaProfiles: sample rate: 8000
07-22 01:39:42.083   637   637 D MediaProfiles: number of channels: 1
07-22 01:39:42.083   637   637 D MediaProfiles: video codec:
07-22 01:39:42.083   637   637 D MediaProfiles: codec = 2
07-22 01:39:42.083   637   637 D MediaProfiles: bit rate: 512000
07-22 01:39:42.083   637   637 D MediaProfiles: frame width: 320
07-22 01:39:42.083   637   637 D MediaProfiles: frame height: 240
07-22 01:39:42.083   637   637 D MediaProfiles: frame rate: 30
07-22 01:39:42.083   637   637 D MediaProfiles: audio codec:
07-22 01:39:42.083   637   637 D MediaProfiles: codec = 1
07-22 01:39:42.083   637   637 D MediaProfiles: bit rate: 12200
07-22 01:39:42.083   637   637 D MediaProfiles: sample rate: 8000
07-22 01:39:42.083   637   637 D MediaProfiles: number of channels: 1
07-22 01:39:42.083   637   637 D MediaProfiles: video codec:
07-22 01:39:42.083   637   637 D MediaProfiles: codec = 2
07-22 01:39:42.083   637   637 D MediaProfiles: bit rate: 2000000
07-22 01:39:42.083   637   637 D MediaProfiles: frame width: 640
07-22 01:39:42.083   637   637 D MediaProfiles: frame height: 480
07-22 01:39:42.083   637   637 D MediaProfiles: frame rate: 30
07-22 01:39:42.083   637   637 D MediaProfiles: audio codec:
07-22 01:39:42.083   637   637 D MediaProfiles: codec = 1
07-22 01:39:42.083   637   637 D MediaProfiles: bit rate: 12200
07-22 01:39:42.083   637   637 D MediaProfiles: sample rate: 8000
07-22 01:39:42.083   637   637 D MediaProfiles: number of channels: 1
07-22 01:39:42.083   637   637 D MediaProfiles: video codec:
07-22 01:39:42.083   637   637 D MediaProfiles: codec = 2
07-22 01:39:42.083   637   637 D MediaProfiles: bit rate: 2000000
07-22 01:39:42.083   637   637 D MediaProfiles: frame width: 640
07-22 01:39:42.083   637   637 D MediaProfiles: frame height: 480
07-22 01:39:42.083   637   637 D MediaProfiles: frame rate: 30
07-22 01:39:42.083   637   637 D MediaProfiles: audio codec:
07-22 01:39:42.083   637   637 D MediaProfiles: codec = 3
07-22 01:39:42.083   637   637 D MediaProfiles: bit rate: 156000
07-22 01:39:42.083   637   637 D MediaProfiles: sample rate: 48000
07-22 01:39:42.083   637   637 D MediaProfiles: number of channels: 2
07-22 01:39:42.083   637   637 D MediaProfiles: video codec:
07-22 01:39:42.083   637   637 D MediaProfiles: codec = 2
07-22 01:39:42.083   637   637 D MediaProfiles: bit rate: 14000000
07-22 01:39:42.083   637   637 D MediaProfiles: frame width: 1280
07-22 01:39:42.083   637   637 D MediaProfiles: frame height: 720
07-22 01:39:42.083   637   637 D MediaProfiles: frame rate: 30
07-22 01:39:42.083   637   637 D MediaProfiles: audio codec:
07-22 01:39:42.083   637   637 D MediaProfiles: codec = 3
07-22 01:39:42.083   637   637 D MediaProfiles: bit rate: 156000
07-22 01:39:42.083   637   637 D MediaProfiles: sample rate: 48000
07-22 01:39:42.083   637   637 D MediaProfiles: number of channels: 2
07-22 01:39:42.083   637   637 D MediaProfiles: video codec:
07-22 01:39:42.083   637   637 D MediaProfiles: codec = 2
07-22 01:39:42.083   637   637 D MediaProfiles: bit rate: 20000000
07-22 01:39:42.083   637   637 D MediaProfiles: frame width: 1920
07-22 01:39:42.083   637   637 D MediaProfiles: frame height: 1080
07-22 01:39:42.083   637   637 D MediaProfiles: frame rate: 30
07-22 01:39:42.083   637   637 D MediaProfiles: audio codec:
07-22 01:39:42.083   637   637 D MediaProfiles: codec = 3
07-22 01:39:42.083   637   637 D MediaProfiles: bit rate: 156000
07-22 01:39:42.083   637   637 D MediaProfiles: sample rate: 48000
07-22 01:39:42.083   637   637 D MediaProfiles: number of channels: 2
07-22 01:39:42.083   637   637 D MediaProfiles: video codec:
07-22 01:39:42.083   637   637 D MediaProfiles: codec = 2
07-22 01:39:42.083   637   637 D MediaProfiles: bit rate: 42000000
07-22 01:39:42.083   637   637 D MediaProfiles: frame width: 2560
07-22 01:39:42.083   637   637 D MediaProfiles: frame height: 1440
07-22 01:39:42.083   637   637 D MediaProfiles: frame rate: 30
07-22 01:39:42.083   637   637 D MediaProfiles: audio codec:
07-22 01:39:42.083   637   637 D MediaProfiles: codec = 3
07-22 01:39:42.083   637   637 D MediaProfiles: bit rate: 156000
07-22 01:39:42.083   637   637 D MediaProfiles: sample rate: 48000
07-22 01:39:42.083   637   637 D MediaProfiles: number of channels: 2
07-22 01:39:42.083   637   637 D MediaProfiles: video codec:
07-22 01:39:42.083   637   637 D MediaProfiles: codec = 2
07-22 01:39:42.083   637   637 D MediaProfiles: bit rate: 20000000
07-22 01:39:42.083   637   637 D MediaProfiles: frame width: 2048
07-22 01:39:42.083   637   637 D MediaProfiles: frame height: 1080
07-22 01:39:42.083   637   637 D MediaProfiles: frame rate: 30
07-22 01:39:42.083   637   637 D MediaProfiles: audio codec:
07-22 01:39:42.083   637   637 D MediaProfiles: codec = 3
07-22 01:39:42.083   637   637 D MediaProfiles: bit rate: 156000
07-22 01:39:42.083   637   637 D MediaProfiles: sample rate: 48000
07-22 01:39:42.083   637   637 D MediaProfiles: number of channels: 2
07-22 01:39:42.083   637   637 V MediaProfiles: addImageEncodingQualityLevel: cameraId=0, quality=95
07-22 01:39:42.084   637   637 V MediaProfiles: addImageEncodingQualityLevel: cameraId=0, quality=80
07-22 01:39:42.084   637   637 V MediaProfiles: addImageEncodingQualityLevel: cameraId=0, quality=70
07-22 01:39:42.084   637   637 V MediaProfiles: addStartTimeOffset: cameraId=1, offset=1000 ms
07-22 01:39:42.084   637   637 D MediaProfiles: video codec:
07-22 01:39:42.084   637   637 D MediaProfiles: codec = 2
07-22 01:39:42.084   637   637 D MediaProfiles: bit rate: 192000
07-22 01:39:42.084   637   637 D MediaProfiles: frame width: 176
07-22 01:39:42.084   637   637 D MediaProfiles: frame height: 144
07-22 01:39:42.084   637   637 D MediaProfiles: frame rate: 30
07-22 01:39:42.084   637   637 D MediaProfiles: audio codec:
07-22 01:39:42.084   637   637 D MediaProfiles: codec = 1
07-22 01:39:42.084   637   637 D MediaProfiles: bit rate: 12200
07-22 01:39:42.084   637   637 D MediaProfiles: sample rate: 8000
07-22 01:39:42.084   637   637 D MediaProfiles: number of channels: 1
07-22 01:39:42.084   637   637 D MediaProfiles: video codec:
07-22 01:39:42.084   637   637 D MediaProfiles: codec = 2
07-22 01:39:42.084   637   637 D MediaProfiles: bit rate: 20000000
07-22 01:39:42.084   637   637 D MediaProfiles: frame width: 1920
07-22 01:39:42.084   637   637 D MediaProfiles: frame height: 1080
07-22 01:39:42.084   637   637 D MediaProfiles: frame rate: 30
07-22 01:39:42.084   637   637 D MediaProfiles: audio codec:
07-22 01:39:42.084   637   637 D MediaProfiles: codec = 3
07-22 01:39:42.084   637   637 D MediaProfiles: bit rate: 156000
07-22 01:39:42.084   637   637 D MediaProfiles: sample rate: 48000
07-22 01:39:42.084   637   637 D MediaProfiles: number of channels: 2
07-22 01:39:42.084   637   637 D MediaProfiles: video codec:
07-22 01:39:42.084   637   637 D MediaProfiles: codec = 2
07-22 01:39:42.084   637   637 D MediaProfiles: bit rate: 512000
07-22 01:39:42.084   637   637 D MediaProfiles: frame width: 320
07-22 01:39:42.084   637   637 D MediaProfiles: frame height: 240
07-22 01:39:42.084   637   637 D MediaProfiles: frame rate: 30
07-22 01:39:42.084   637   637 D MediaProfiles: audio codec:
07-22 01:39:42.084   637   637 D MediaProfiles: codec = 3
07-22 01:39:42.084   637   637 D MediaProfiles: bit rate: 156000
07-22 01:39:42.084   637   637 D MediaProfiles: sample rate: 48000
07-22 01:39:42.084   637   637 D MediaProfiles: number of channels: 2
07-22 01:39:42.084   637   637 D MediaProfiles: video codec:
07-22 01:39:42.084   637   637 D MediaProfiles: codec = 2
07-22 01:39:42.084   637   637 D MediaProfiles: bit rate: 720000
07-22 01:39:42.084   637   637 D MediaProfiles: frame width: 352
07-22 01:39:42.084   637   637 D MediaProfiles: frame height: 288
07-22 01:39:42.084   637   637 D MediaProfiles: frame rate: 30
07-22 01:39:42.084   637   637 D MediaProfiles: audio codec:
07-22 01:39:42.084   637   637 D MediaProfiles: codec = 1
07-22 01:39:42.084   637   637 D MediaProfiles: bit rate: 12200
07-22 01:39:42.084   637   637 D MediaProfiles: sample rate: 8000
07-22 01:39:42.084   637   637 D MediaProfiles: number of channels: 1
07-22 01:39:42.084   637   637 D MediaProfiles: video codec:
07-22 01:39:42.084   637   637 D MediaProfiles: codec = 2
07-22 01:39:42.084   637   637 D MediaProfiles: bit rate: 2000000
07-22 01:39:42.084   637   637 D MediaProfiles: frame width: 720
07-22 01:39:42.084   637   637 D MediaProfiles: frame height: 480
07-22 01:39:42.084   637   637 D MediaProfiles: frame rate: 30
07-22 01:39:42.084   637   637 D MediaProfiles: audio codec:
07-22 01:39:42.084   637   637 D MediaProfiles: codec = 3
07-22 01:39:42.086   975  1032 I ServiceManager: Waiting for service 'package_native' on '/dev/binder'...
07-22 01:39:42.090   680   680 I mm-camera: <MCT   >< INFO> 5247: mct_pipeline_start_stream_internal: Adding session stream streamid= 0xf for session=3
07-22 01:39:42.090   680   680 I mm-camera: <MCT   >< INFO> 5295: mct_pipeline_start_stream_internal: Linking session stream for session 3
07-22 01:39:42.090   680   680 I mm-camera: <MCT   >< INFO> 526: mct_stream_start_link: Start linking Session-stream 0x3000f
07-22 01:39:42.090   680   680 I mm-camera: <IFACE >< INFO> 344: iface_util_find_primary_cid: iface_util_find_primary_cid:344 error cannot find primary sensor format cids 1
07-22 01:39:42.090   680   680 I mm-camera: <ISP   >< INFO> 851: isp_port_check_caps_reserve: port 0xed5cb300 ide 3000f type 10 dim 0 0
07-22 01:39:42.091   680   680 I mm-camera: <PPROC >< INFO> 449: pproc_port_add_modules_to_stream: in identity 3000f stream 10 int_link = 0xecdceb80
07-22 01:39:42.091   680   680 I mm-camera: <PPROC >< INFO> 461: pproc_port_add_modules_to_stream: :LINK linking mods tmod and paaf for identity 3000f
07-22 01:39:42.091   680   680 I mm-camera: <PPROC >< INFO> 461: pproc_port_add_modules_to_stream: :LINK linking mods paaf and sat for identity 3000f
07-22 01:39:42.091   680   680 I mm-camera: <PPROC >< INFO> 461: pproc_port_add_modules_to_stream: :LINK linking mods sat and c2d for identity 3000f
07-22 01:39:42.091   680   680 I mm-camera: <C2D   >< INFO> 1557: c2d_module_notify_add_stream: width 0, height 0, stride 0, scanline 0, is_type 0
07-22 01:39:42.091   680   680 I mm-camera: <PPROC >< INFO> 461: pproc_port_add_modules_to_stream: :LINK linking mods c2d and cpp for identity 3000f
07-22 01:39:42.091   680   680 I mm-camera: <CPP   >< INFO> 2538: cpp_module_notify_add_stream: :stream 10, width 0, height 0, stride 0,scanline 0, framelen 0
07-22 01:39:42.091   680   680 I mm-camera: <CPP   >< INFO> 2695: cpp_module_notify_add_stream: : stream 10, fmt 1, asf_mode 0, sharpness_level 0.000000,asf mask 0, denoise 0, denoise_mask 0, dsdn mask 0,dsdn enable 0, tnr mask 0, tnr enable 0, ds_mask 0, luma dsdn 0
07-22 01:39:42.091   680   680 I mm-camera: <PPROC >< INFO> 461: pproc_port_add_modules_to_stream: :LINK linking mods cpp and depth_map for identity 3000f
07-22 01:39:42.092   680   680 I mm-camera: <PPROC >< INFO> 461: pproc_port_add_modules_to_stream: :LINK linking mods depth_map and ezt for identity 3000f
07-22 01:39:42.092   680   680 I mm-camera: <PPROC >< INFO> 461: pproc_port_add_modules_to_stream: :LINK linking mods ezt and quadracfa for identity 3000f
07-22 01:39:42.092   680   680 E mm-camera: <STATS ><ERROR> 3027: stats_port_check_caps_reserve: Invalid Port capability type!
07-22 01:39:42.092   680   680 I chatty  : uid=1047(cameraserver) provider@2.4-se identical 3 lines
07-22 01:39:42.092   680   680 E mm-camera: <STATS ><ERROR> 3027: stats_port_check_caps_reserve: Invalid Port capability type!
07-22 01:39:42.093   680   680 I mm-camera: <MCT   >< INFO> 5304: mct_pipeline_start_stream_internal: Session stream linked successfully session 3
07-22 01:39:42.094   680  1161 E libsensor1: check_sensors_enabled: Sensors enabled = true
07-22 01:39:42.094   680   680 E ion     : ioctl c0044901 failed with code -1: Not a typewriter
07-22 01:39:42.094   680  1161 E Diag_Lib:  Diag_LSM_Init: Failed to open handle to diag driver, error = 13
07-22 01:39:42.099   637   637 I liblog  : 788
07-22 01:39:42.099   637   637 W Zygote  : Class not found for preloading: android.media.audiopolicy.AudioProductStrategies
07-22 01:39:42.099   637   637 W Zygote  : Class not found for preloading: android.media.audiopolicy.AudioVolumeGroups
07-22 01:39:42.111     0     0 I msm_cci_init: 1440: hw_version = 0x10060000
07-22 01:39:42.112     0     0 I         : @@@ original_sid = 0x10, valid_flag = 0x01, eeprom_version = 0x01, checksum = 0x03
07-22 01:39:42.112     0     0 I         : @@@ rc = 0, camera_sid = 0x10, eeprom_reg_addr = 0x03 , eeprom_reg_value = 0x32
07-22 01:39:42.112     0     0 I         : @@@ rc = 0, camera_sid = 0x10, eeprom_reg_addr = 0x04 , eeprom_reg_value = 0x30
07-22 01:39:42.112     0     0 I         : @@@ rc = 0, camera_sid = 0x10, eeprom_reg_addr = 0x05 , eeprom_reg_value = 0x32
07-22 01:39:42.112     0     0 I         : @@@ rc = 0, camera_sid = 0x10, eeprom_reg_addr = 0x06 , eeprom_reg_value = 0x30
07-22 01:39:42.112     0     0 I         : @@@ rc = 0, camera_sid = 0x10, eeprom_reg_addr = 0x07 , eeprom_reg_value = 0x30
07-22 01:39:42.112     0     0 I         : @@@ rc = 0, camera_sid = 0x10, eeprom_reg_addr = 0x08 , eeprom_reg_value = 0x38
07-22 01:39:42.113     0     0 I         : @@@ rc = 0, camera_sid = 0x10, eeprom_reg_addr = 0x09 , eeprom_reg_value = 0x30
07-22 01:39:42.113     0     0 I         : @@@ rc = 0, camera_sid = 0x10, eeprom_reg_addr = 0x0a , eeprom_reg_value = 0x38
07-22 01:39:42.113     0     0 I         : @@@ rc = 0, camera_sid = 0x10, eeprom_reg_addr = 0x0b , eeprom_reg_value = 0x31
07-22 01:39:42.113     0     0 I         : @@@ rc = 0, camera_sid = 0x10, eeprom_reg_addr = 0x0c , eeprom_reg_value = 0x32
07-22 01:39:42.187   975  1032 I ServiceManager: Waiting for service 'package_native' on '/dev/binder'...
07-22 01:39:42.204   680  1144 E mm-camera: <SENSOR><ERROR> ov8856_gt24p64b_get_calibration_items: 30: is_insensor:0, is_afc:1, is_wbc:1, is_lsc:1, is_dpc:0, is_ois:0, is_dual:0
07-22 01:39:42.204   680  1144 E mm-camera: <SENSOR><ERROR> 247: module_sensor_offload_init_config: func_tbl for submodule 4 is NULL
07-22 01:39:42.204   680  1144 E mm-camera: <SENSOR><ERROR> 249: module_sensor_offload_init_config: failed to get led off frame skip time
07-22 01:39:42.209   637   637 D TelephonyManager: No /proc/cmdline exception=java.io.FileNotFoundException: /proc/cmdline: open failed: EACCES (Permission denied)
07-22 01:39:42.209   637   637 D TelephonyManager: /proc/cmdline=
07-22 01:39:42.211   680  1140 I mm-camera: <MCT   >< INFO> 3323: mct_sysinfo_read: sysinfo:path /sys/module/msm_sensor_driver/parameters/only_support_5M data 0 size 10
07-22 01:39:42.211   680  1140 I mm-camera: <MCT   >< INFO> 2279: mct_pipeline_append_fps_entry:  Added hal_table[0]: (15.000000, 15.000000)
07-22 01:39:42.211   680  1140 I mm-camera: <MCT   >< INFO> 2279: mct_pipeline_append_fps_entry:  Added hal_table[1]: (20.000000, 20.000000)
07-22 01:39:42.211   680  1140 I mm-camera: <MCT   >< INFO> 2279: mct_pipeline_append_fps_entry:  Added hal_table[2]: (24.000000, 24.000000)
07-22 01:39:42.211   680  1140 I mm-camera: <MCT   >< INFO> 2279: mct_pipeline_append_fps_entry:  Added hal_table[3]: (7.000000, 30.000000)
07-22 01:39:42.211   680  1140 I mm-camera: <MCT   >< INFO> 2292: mct_pipeline_append_fps_entry:  Added hal_table[4]: (30.000000, 30.000000)
07-22 01:39:42.211   680  1140 I mm-camera: <MCT   >< INFO> 3611: mct_pipeline_fill_dimensions_snapshot: Cam 1: FPS range selection complete. Publishing 5 ranges.
07-22 01:39:42.211   680  1140 I mm-camera: <MCT   >< INFO> 2540: mct_pipeline_fill_caps_sensor: =====sensitivity_range.min_sensitivity =0 =====
07-22 01:39:42.211   680  1140 I mm-camera: <MCT   >< INFO> 2541: mct_pipeline_fill_caps_sensor: =====sensitivity_range.max_sensitivity =1500 =====
07-22 01:39:42.211   680  1140 I mm-camera: <MCT   >< INFO> 2739: mct_pipeline_fill_caps_isp: isp max encoder size : 5504 X 16383
07-22 01:39:42.211   680  1140 I mm-camera: <MCT   >< INFO> 2746: mct_pipeline_fill_caps_isp: single isp max size : 3264 X 2448
07-22 01:39:42.211   680  1140 I mm-camera: <MCT   >< INFO> 2757: mct_pipeline_fill_caps_isp: HAL max snapshot size in dual cam mode : 3264 X 2448
07-22 01:39:42.211   680   680 I mm-camera: <MCT   >< INFO> 310: mct_controller_destroy: Initiating destroy sequence for session = 3
07-22 01:39:42.212   680   680 I mm-camera: <MCT   >< INFO> 328: mct_controller_destroy: serv_thread closed
07-22 01:39:42.212   680   680 I mm-camera: <MCT   >< INFO> 343: mct_controller_destroy: bus_handler thread closed
07-22 01:39:42.212   680   680 I mm-camera: <MCT   >< INFO> 5404: mct_pipeline_stop_session: Initiating stop_session on session 3
07-22 01:39:42.212   680   680 I mm-camera: <MCT   >< INFO> 4288: mct_pipeline_process_set: command=800000b
07-22 01:39:42.212   680   680 I mm-camera: <MCT   >< INFO> 4533: mct_pipeline_process_set: Issuing DEL_STREAM on stream 0x3000f and stream type=10
07-22 01:39:42.212   680   680 I mm-camera: <IFACE >< INFO> 700: iface_unreserve_sink_port: stream_id f mode 0 
07-22 01:39:42.212   680   680 I mm-camera: <ISP   >< INFO> 941: isp_port_check_caps_unreserve: ide 3000f port 0xed5cb300
07-22 01:39:42.213   637   637 W Zygote  : Class not found for preloading: android.view.-$$Lambda$SurfaceView$Cs7TGTdA1lXf9qW8VOJAfEsMjdk
07-22 01:39:42.213   680   680 I mm-camera: <MCT   >< INFO> 4556: mct_pipeline_process_set: Stream 0x3000f and stream type=10, successfully deleted
07-22 01:39:42.214   680  1169 I mm-camera: <MCT   >< INFO> 5138: mct_pipeline_stop_session_thread: Stop module name: sensor - E
07-22 01:39:42.214   680  1169 I mm-camera: <MCT   >< INFO> 5146: mct_pipeline_stop_session_thread: Stop module name: sensor - X
07-22 01:39:42.214   680  1170 I mm-camera: <MCT   >< INFO> 5138: mct_pipeline_stop_session_thread: Stop module name: iface - E
07-22 01:39:42.215   680  1171 I mm-camera: <MCT   >< INFO> 5138: mct_pipeline_stop_session_thread: Stop module name: isp - E
07-22 01:39:42.215   680  1171 I mm-camera: <ISP   >< INFO> 510: isp_module_stop_session: session id 3
07-22 01:39:42.215   680  1170 I mm-camera: <MCT   >< INFO> 5146: mct_pipeline_stop_session_thread: Stop module name: iface - X
07-22 01:39:42.215   680  1172 I mm-camera: <MCT   >< INFO> 5138: mct_pipeline_stop_session_thread: Stop module name: stats - E
07-22 01:39:42.215   680  1173 I mm-camera: <MCT   >< INFO> 5138: mct_pipeline_stop_session_thread: Stop module name: pproc - E
07-22 01:39:42.215   680   680 I mm-camera: <MCT   >< INFO> 5426: mct_pipeline_stop_session: Modules left: 5
07-22 01:39:42.215   680  1174 I mm-camera: <MCT   >< INFO> 5138: mct_pipeline_stop_session_thread: Stop module name: imglib - E
07-22 01:39:42.215   680   680 I mm-camera: <MCT   >< INFO> 5426: mct_pipeline_stop_session: Modules left: 4
07-22 01:39:42.215   680  1171 I mm-camera: <MCT   >< INFO> 5146: mct_pipeline_stop_session_thread: Stop module name: isp - X
07-22 01:39:42.216   680   680 I mm-camera: <MCT   >< INFO> 5426: mct_pipeline_stop_session: Modules left: 3
07-22 01:39:42.216   680  1174 I mm-camera: <MCT   >< INFO> 5146: mct_pipeline_stop_session_thread: Stop module name: imglib - X
07-22 01:39:42.216   680   680 I mm-camera: <MCT   >< INFO> 5426: mct_pipeline_stop_session: Modules left: 2
07-22 01:39:42.216     0     0 I MSM-CPP cpp_release_hardware: 1216 cpp hw release done
07-22 01:39:42.217   680  1173 E mm-camera: <IMGLIB><ERROR> 328: AllocateBuffers: Nothing allocated or already freed!
07-22 01:39:42.217   680  1173 I mm-camera: <MCT   >< INFO> 5146: mct_pipeline_stop_session_thread: Stop module name: pproc - X
07-22 01:39:42.217   680   680 I mm-camera: <MCT   >< INFO> 5426: mct_pipeline_stop_session: Modules left: 1
07-22 01:39:42.220   680  1172 I mm-camera: <MCT   >< INFO> 5146: mct_pipeline_stop_session_thread: Stop module name: stats - X
07-22 01:39:42.220   680   680 I mm-camera: <MCT   >< INFO> 5426: mct_pipeline_stop_session: Modules left: 0
07-22 01:39:42.220   680   680 I mm-camera: <MCT   >< INFO> 5436: mct_pipeline_stop_session: Stopped session 3 successfully
07-22 01:39:42.220   680   680 I mm-camera: <MCT   >< INFO> 5740: mct_pipeline_destroy: E: session:3
07-22 01:39:42.220   680   680 E mm-camera: <MCT   ><ERROR> 179: stop_sof_check_thread: Returning as SOF timer thread not yet initialized
07-22 01:39:42.220   680   680 I mm-camera: <MCT   >< INFO> 5818: mct_pipeline_destroy: X: Pipeline destroyed successfully session =3
07-22 01:39:42.220   680   680 I mm-camera: <MCT   >< INFO> 422: mct_controller_destroy: X Successfully closed mct_controller session 3
07-22 01:39:42.221     0     0 I msm_pm_qos_update_request: update request -1
07-22 01:39:42.221     0     0 I msm_pm_qos_add_request: add request
07-22 01:39:42.221   637   637 W Zygote  : Class not found for preloading: android.view.SurfaceView$3
07-22 01:39:42.222   680   680 E CamComm1.0-MD: Update metadata entry: Unknown tag -2145976319
07-22 01:39:42.222   680   680 E CamComm1.0-MD: Update metadata entry: Unknown tag -2145976317
07-22 01:39:42.222   680   680 I QCamera : <HAL><INFO> getCamInfo: 13767: camera 0 resource cost is 100
07-22 01:39:42.222   680   680 I CamComm1.0-CamModule: isOpenLegacyDefined: cts Enable == 0 
07-22 01:39:42.222   680   680 I QCamera : <HAL><INFO> openLegacy: 520: openLegacy halVersion: 256 cameraId = 0
07-22 01:39:42.224   637   637 W Zygote  : Class not found for preloading: android.view.textclassifier.-$$Lambda$TextClassificationManager$JIaezIJbMig_-kVzN6oArzkTsJE
07-22 01:39:42.226   680   680 E QCameraCommon: parseHWID: Got HW_ID = 324
07-22 01:39:42.228   680   680 I QCamera : <HAL><INFO> openCamera: 1901: [KPI Perf]: E PROFILE_OPEN_CAMERA camera id 0
07-22 01:39:42.229   680   680 E QCamera : <HAL><ERROR> acquirePerfLock: 614: Failed to acquire the perf lock
07-22 01:39:42.229   680   680 D QCamera : Debug log file is not enabled
07-22 01:39:42.229     0     0 I msm_pm_qos_update_request: update request 100
07-22 01:39:42.229     0     0 I msm_pm_qos_add_request: add request
07-22 01:39:42.230   680   680 I mm-camera: <MCT   >< INFO> 118: mct_controller_new: Creating new mct_controller with session-id 3
07-22 01:39:42.230   680  1181 I mm-camera: <MCT   >< INFO> 5326: mct_pipeline_start_session_thread: E sensor
07-22 01:39:42.230   680  1181 I mm-camera: <MCT   >< INFO> 5333: mct_pipeline_start_session_thread: Calling start_session on Module sensor
07-22 01:39:42.230   680  1182 I mm-camera: <MCT   >< INFO> 5326: mct_pipeline_start_session_thread: E iface
07-22 01:39:42.230   680  1182 I mm-camera: <MCT   >< INFO> 5333: mct_pipeline_start_session_thread: Calling start_session on Module iface
07-22 01:39:42.230   680  1184 I mm-camera: <MCT   >< INFO> 5326: mct_pipeline_start_session_thread: E isp
07-22 01:39:42.231   680  1182 I mm-camera: <MCT   >< INFO> 5336: mct_pipeline_start_session_thread: Module iface start_session rc = 1
07-22 01:39:42.231   680  1184 I mm-camera: <MCT   >< INFO> 5333: mct_pipeline_start_session_thread: Calling start_session on Module isp
07-22 01:39:42.231   680  1182 I mm-camera: <MCT   >< INFO> 5344: mct_pipeline_start_session_thread: started_num = 1, success = 1
07-22 01:39:42.231   680  1184 I mm-camera: <ISP   >< INFO> 214: isp_module_start_session: session id 3 
07-22 01:39:42.231   680  1182 I mm-camera: <MCT   >< INFO> 5351: mct_pipeline_start_session_thread: X iface
07-22 01:39:42.231   680  1186 I mm-camera: <MCT   >< INFO> 5326: mct_pipeline_start_session_thread: E stats
07-22 01:39:42.232   680  1186 I mm-camera: <MCT   >< INFO> 5333: mct_pipeline_start_session_thread: Calling start_session on Module stats
07-22 01:39:42.232   680  1188 I mm-camera: <MCT   >< INFO> 5326: mct_pipeline_start_session_thread: E pproc
07-22 01:39:42.232   680  1188 I mm-camera: <MCT   >< INFO> 5333: mct_pipeline_start_session_thread: Calling start_session on Module pproc
07-22 01:39:42.233   680  1190 I mm-camera: <MCT   >< INFO> 5326: mct_pipeline_start_session_thread: E imglib
07-22 01:39:42.233   680  1190 I mm-camera: <MCT   >< INFO> 5333: mct_pipeline_start_session_thread: Calling start_session on Module imglib
07-22 01:39:42.233   680  1190 I mm-camera: <MCT   >< INFO> 5336: mct_pipeline_start_session_thread: Module imglib start_session rc = 1
07-22 01:39:42.233   680  1190 I mm-camera: <MCT   >< INFO> 5344: mct_pipeline_start_session_thread: started_num = 2, success = 2
07-22 01:39:42.233   680  1190 I mm-camera: <MCT   >< INFO> 5351: mct_pipeline_start_session_thread: X imglib
07-22 01:39:42.235   680  1188 I mm-camera: <MCT   >< INFO> 5336: mct_pipeline_start_session_thread: Module pproc start_session rc = 1
07-22 01:39:42.235   680  1186 I mm-camera: <MCT   >< INFO> 5336: mct_pipeline_start_session_thread: Module stats start_session rc = 1
07-22 01:39:42.235   680  1188 I mm-camera: <MCT   >< INFO> 5344: mct_pipeline_start_session_thread: started_num = 3, success = 3
07-22 01:39:42.235   680  1188 I mm-camera: <MCT   >< INFO> 5351: mct_pipeline_start_session_thread: X pproc
07-22 01:39:42.235   680  1186 I mm-camera: <MCT   >< INFO> 5344: mct_pipeline_start_session_thread: started_num = 4, success = 4
07-22 01:39:42.235   680  1186 I mm-camera: <MCT   >< INFO> 5351: mct_pipeline_start_session_thread: X stats
07-22 01:39:42.235   680  1184 I mm-camera: <MCT   >< INFO> 5336: mct_pipeline_start_session_thread: Module isp start_session rc = 1
07-22 01:39:42.235   680  1184 I mm-camera: <MCT   >< INFO> 5344: mct_pipeline_start_session_thread: started_num = 5, success = 5
07-22 01:39:42.235   680  1184 I mm-camera: <MCT   >< INFO> 5351: mct_pipeline_start_session_thread: X isp
07-22 01:39:42.237   637   637 W Zygote  : Class not found for preloading: com.android.internal.net.NetworkStatsFactory
07-22 01:39:42.237     0     0 I MSM-CPP cpp_init_hardware: 1135 CPP HW Version: 0x60010002
07-22 01:39:42.237     0     0 E MSM-CPP cpp_init_hardware: 1153 stream_cnt:0
07-22 01:39:42.245   637   637 W Zygote  : Class not found for preloading: com.android.internal.telephony.-$$Lambda$PhoneSubInfoController$8HFbCDJDN1mrLJG980qYH5MGqMk
07-22 01:39:42.245   637   637 W Zygote  : Class not found for preloading: com.android.internal.telephony.-$$Lambda$PhoneSubInfoController$U28a_EGx2cvmQhDfRRgonMt5Zrc
07-22 01:39:42.245   637   637 W Zygote  : Class not found for preloading: com.android.internal.telephony.-$$Lambda$SubscriptionInfoUpdater$-zZXM9oMRZ3vZz7dJOG19J00Bmw
07-22 01:39:42.245   637   637 W Zygote  : Class not found for preloading: com.android.internal.telephony.-$$Lambda$SubscriptionInfoUpdater$D5yF1HbS4cvCyoAj3FESkPtA_0g
07-22 01:39:42.245   637   637 W Zygote  : Class not found for preloading: com.android.internal.telephony.-$$Lambda$SubscriptionInfoUpdater$MMx9iQX0JVqqMPLTUZhdBubFSzU
07-22 01:39:42.250   637   637 W Zygote  : Class not found for preloading: com.android.internal.telephony.GsmCdmaPhone$3
07-22 01:39:42.251   637   637 W Zygote  : Class not found for preloading: com.android.internal.telephony.NewNitzStateMachine$1
07-22 01:39:42.251   637   637 W Zygote  : Class not found for preloading: com.android.internal.telephony.NewNitzStateMachine
07-22 01:39:42.251   637   637 W Zygote  : Class not found for preloading: com.android.internal.telephony.NewTimeServiceHelper$1
07-22 01:39:42.251   637   637 W Zygote  : Class not found for preloading: com.android.internal.telephony.NewTimeServiceHelper$Listener
07-22 01:39:42.251   637   637 W Zygote  : Class not found for preloading: com.android.internal.telephony.NewTimeServiceHelper
07-22 01:39:42.252   637   637 W Zygote  : Class not found for preloading: com.android.internal.telephony.PhoneConfigurationModels
07-22 01:39:42.252   637   637 W Zygote  : Class not found for preloading: com.android.internal.telephony.SubscriptionController$ScLocalLog
07-22 01:39:42.254   637   637 W Zygote  : Class not found for preloading: com.android.internal.telephony.UiccSmsController
07-22 01:39:42.254   637   637 W Zygote  : Class not found for preloading: com.android.internal.telephony.dataconnection.DcController$2
07-22 01:39:42.258   637   637 W Zygote  : Class not found for preloading: com.android.internal.telephony.imsphone.-$$Lambda$ImsPhoneCallTracker$QlPVd_3u4_verjHUDnkn6zaSe54
07-22 01:39:42.258   637   637 W Zygote  : Class not found for preloading: com.android.internal.telephony.imsphone.ImsPhone$3
07-22 01:39:42.284     0     0 I mdss_fb_start_disp_thread: mdss_fb_blank_unblank+0x1ac/0x340: start display thread fb0
07-22 01:39:42.285     0     0 I sn65dsi86_dsi2edp_enable_early: start
07-22 01:39:42.285     0     0 I sn65dsi86_dsi2edp_panel_enable: set to 1
07-22 01:39:42.287   975  1032 I ServiceManager: Waiting for service 'package_native' on '/dev/binder'...
07-22 01:39:42.290   637   637 I Zygote  : ...preloaded 7579 classes in 1351ms.
07-22 01:39:42.290   637   637 I zygote64: VMRuntime.preloadDexCaches starting
07-22 01:39:42.299     0     0 I msm_csid_init: CSID_VERSION = 0x30050000
07-22 01:39:42.300     0     0 E         : msm_csid_irq CSID0_IRQ_STATUS_ADDR = 0x800
07-22 01:39:42.308   680  1181 I mm-camera: <MCT   >< INFO> 5336: mct_pipeline_start_session_thread: Module sensor start_session rc = 1
07-22 01:39:42.308   680  1181 I mm-camera: <MCT   >< INFO> 5344: mct_pipeline_start_session_thread: started_num = 6, success = 6
07-22 01:39:42.308   680  1181 I mm-camera: <MCT   >< INFO> 5351: mct_pipeline_start_session_thread: X sensor
07-22 01:39:42.314   680   680 I mm-camera: <MCT   >< INFO> 5247: mct_pipeline_start_stream_internal: Adding session stream streamid= 0xf for session=3
07-22 01:39:42.314   680   680 I mm-camera: <MCT   >< INFO> 5295: mct_pipeline_start_stream_internal: Linking session stream for session 3
07-22 01:39:42.314   680   680 I mm-camera: <MCT   >< INFO> 526: mct_stream_start_link: Start linking Session-stream 0x3000f
07-22 01:39:42.314   680   680 I mm-camera: <IFACE >< INFO> 344: iface_util_find_primary_cid: iface_util_find_primary_cid:344 error cannot find primary sensor format cids 1
07-22 01:39:42.314   680   680 I mm-camera: <ISP   >< INFO> 851: isp_port_check_caps_reserve: port 0xed5cb300 ide 3000f type 10 dim 0 0
07-22 01:39:42.314   680   680 I mm-camera: <PPROC >< INFO> 449: pproc_port_add_modules_to_stream: in identity 3000f stream 10 int_link = 0xecdceb80
07-22 01:39:42.314   680   680 I mm-camera: <PPROC >< INFO> 461: pproc_port_add_modules_to_stream: :LINK linking mods tmod and paaf for identity 3000f
07-22 01:39:42.315   680   680 I mm-camera: <PPROC >< INFO> 461: pproc_port_add_modules_to_stream: :LINK linking mods paaf and sat for identity 3000f
07-22 01:39:42.315   680   680 I mm-camera: <PPROC >< INFO> 461: pproc_port_add_modules_to_stream: :LINK linking mods sat and c2d for identity 3000f
07-22 01:39:42.315   680   680 I mm-camera: <C2D   >< INFO> 1557: c2d_module_notify_add_stream: width 0, height 0, stride 0, scanline 0, is_type 0
07-22 01:39:42.315   680   680 I mm-camera: <PPROC >< INFO> 461: pproc_port_add_modules_to_stream: :LINK linking mods c2d and cpp for identity 3000f
07-22 01:39:42.315   680   680 I mm-camera: <CPP   >< INFO> 2538: cpp_module_notify_add_stream: :stream 10, width 0, height 0, stride 0,scanline 0, framelen 0
07-22 01:39:42.315   680   680 I mm-camera: <CPP   >< INFO> 2695: cpp_module_notify_add_stream: : stream 10, fmt 1, asf_mode 0, sharpness_level 0.000000,asf mask 0, denoise 0, denoise_mask 0, dsdn mask 0,dsdn enable 0, tnr mask 0, tnr enable 0, ds_mask 0, luma dsdn 0
07-22 01:39:42.315   680   680 I mm-camera: <PPROC >< INFO> 461: pproc_port_add_modules_to_stream: :LINK linking mods cpp and depth_map for identity 3000f
07-22 01:39:42.316   680   680 I mm-camera: <PPROC >< INFO> 461: pproc_port_add_modules_to_stream: :LINK linking mods depth_map and ezt for identity 3000f
07-22 01:39:42.316   680   680 I mm-camera: <PPROC >< INFO> 461: pproc_port_add_modules_to_stream: :LINK linking mods ezt and quadracfa for identity 3000f
07-22 01:39:42.316   680   680 E mm-camera: <STATS ><ERROR> 3027: stats_port_check_caps_reserve: Invalid Port capability type!
07-22 01:39:42.316   680   680 I chatty  : uid=1047(cameraserver) provider@2.4-se identical 3 lines
07-22 01:39:42.316   680   680 E mm-camera: <STATS ><ERROR> 3027: stats_port_check_caps_reserve: Invalid Port capability type!
07-22 01:39:42.318   680   680 I mm-camera: <MCT   >< INFO> 5304: mct_pipeline_start_stream_internal: Session stream linked successfully session 3
07-22 01:39:42.320   637   637 I zygote64: VMRuntime.preloadDexCaches strings total=387108 before=10259 after=10259
07-22 01:39:42.320   637   637 I zygote64: VMRuntime.preloadDexCaches types total=36474 before=7397 after=7664
07-22 01:39:42.320   637   637 I zygote64: VMRuntime.preloadDexCaches fields total=163891 before=8042 after=8243
07-22 01:39:42.320   637   637 I zygote64: VMRuntime.preloadDexCaches methods total=286426 before=11216 after=11643
07-22 01:39:42.320   637   637 I zygote64: VMRuntime.preloadDexCaches finished
07-22 01:39:42.323   680  1179 E mm-camera: <IMGLIB><ERROR> 322: module_depth_map_handle_ctrl_parm: E
07-22 01:39:42.323   680  1179 E mm-camera: <IMGLIB><ERROR> 430: module_depth_map_set_config_param: X
07-22 01:39:42.323   680  1179 E mm-camera: <IMGLIB><ERROR> 254: module_depth_map_send_config_data: CAM_STREAM_TYPE_DEPTH not set !!
07-22 01:39:42.323   680  1179 E mm-camera: <IMGLIB><ERROR> 369: module_depth_map_handle_ctrl_parm: Error module_depth_map_send_config_data
07-22 01:39:42.323   680  1179 E mm-camera: <IMGLIB><ERROR> 373: module_depth_map_handle_ctrl_parm: X
07-22 01:39:42.323   680  1179 E mm-camera: <IMGLIB><ERROR> 880: module_imgbase_process_param: [depth_map] handle_ctrl_parm error : type=10, rc=-5
07-22 01:39:42.323   680  1179 I mm-camera: <IFACE >< INFO> 6274: iface_util_set_dis_enable_flag: iface_util_set_dis_enable_flag:6274 DIS enable flag = 0
07-22 01:39:42.323   680   680 I Thermal-Lib: Thermal-Lib-Client: Registration successful for camera with handle:1
07-22 01:39:42.323   680   680 I Thermal-Lib: Thermal-Lib-Client: Registration successful for camcorder with handle:2
07-22 01:39:42.323   680   680 I QCamera : <HAL><INFO> openCamera: 1931: [KPI Perf]: X PROFILE_OPEN_CAMERA camera id 0, rc: 0
07-22 01:39:42.323   680   680 I QCamera : <HAL><INFO> close_camera_device: 1530: [KPI Perf]: E camera id 0
07-22 01:39:42.323   680  1179 E mm-camera: <SENSOR><ERROR> 5338: module_sensor_event_control_set_parm: func_tbl for submodule 4 is NULL
07-22 01:39:42.323   637   637 I zygote64: The ClassLoaderContext is a special shared library.
07-22 01:39:42.323   904   977 I ThermalEngine: Thermal-Server: Adding thermal event listener on fd 34
07-22 01:39:42.323   680  1207 I Thermal-Lib: Thermal-Lib-Client: Client received msg camera 0
07-22 01:39:42.324   680  1207 I Thermal-Lib: Thermal-Lib-Client: Client received msg camcorder 0
07-22 01:39:42.325   637   637 D ApplicationLoaders: Created zygote-cached class loader: /system/framework/android.hidl.base-V1.0-java.jar
07-22 01:39:42.325   680  1179 E mm-camera: <IMGLIB><ERROR> 322: module_depth_map_handle_ctrl_parm: E
07-22 01:39:42.325   680  1179 E mm-camera: <IMGLIB><ERROR> 430: module_depth_map_set_config_param: X
07-22 01:39:42.325   680  1179 E mm-camera: <IMGLIB><ERROR> 254: module_depth_map_send_config_data: CAM_STREAM_TYPE_DEPTH not set !!
07-22 01:39:42.325   680  1179 E mm-camera: <IMGLIB><ERROR> 369: module_depth_map_handle_ctrl_parm: Error module_depth_map_send_config_data
07-22 01:39:42.325   680  1179 E mm-camera: <IMGLIB><ERROR> 373: module_depth_map_handle_ctrl_parm: X
07-22 01:39:42.325   680  1179 E mm-camera: <IMGLIB><ERROR> 880: module_imgbase_process_param: [depth_map] handle_ctrl_parm error : type=10, rc=-5
07-22 01:39:42.326   680  1179 E mm-camera: <IMGLIB><ERROR> 322: module_depth_map_handle_ctrl_parm: E
07-22 01:39:42.326   680  1179 E mm-camera: <IMGLIB><ERROR> 430: module_depth_map_set_config_param: X
07-22 01:39:42.326   680  1179 E mm-camera: <IMGLIB><ERROR> 254: module_depth_map_send_config_data: CAM_STREAM_TYPE_DEPTH not set !!
07-22 01:39:42.326   680  1179 E mm-camera: <IMGLIB><ERROR> 369: module_depth_map_handle_ctrl_parm: Error module_depth_map_send_config_data
07-22 01:39:42.326   680  1179 E mm-camera: <IMGLIB><ERROR> 373: module_depth_map_handle_ctrl_parm: X
07-22 01:39:42.326   680  1179 E mm-camera: <IMGLIB><ERROR> 880: module_imgbase_process_param: [depth_map] handle_ctrl_parm error : type=10, rc=-5
07-22 01:39:42.327   680   680 E QCamera : <HAL><ERROR> acquirePerfLock: 614: Failed to acquire the perf lock
07-22 01:39:42.327   680   680 I QCamera : <HAL><INFO> closeCamera: 2333: E
07-22 01:39:42.328   680   680 I QCamera : <HAL><INFO> closeCamera: 2338: [KPI Perf]: E PROFILE_CLOSE_CAMERA camera id 0
07-22 01:39:42.328   680  1179 I mm-camera: <ISP   >< INFO> 7159: isp_util_print_meta_stream_info: Deallocate resources
07-22 01:39:42.328   680  1179 I mm-camera: <ISP   >< INFO> 7490: isp_util_handle_stream_info: streams_desc num_streams is 0 
07-22 01:39:42.328   680  1179 I mm-camera: <IFACE >< INFO> 6384: iface_util_handle_meta_stream_info: iface_util_handle_meta_stream_info: ms_type 0 num streams 0
07-22 01:39:42.328   680  1109 E mm-camera: <IMGLIB><ERROR> 297: AllocateBuffers: Invalid dimensions 0x0
07-22 01:39:42.328   680  1109 E mm-camera: <IMGLIB><ERROR> 197: img_algo_preload: Preload: Failed to allocate buffer, rc -4
07-22 01:39:42.328   680  1109 E mm-camera: <IMGLIB><ERROR> 127: module_imgbase_client_preload_exec: IMG_CORE_PRELOAD failed -4
07-22 01:39:42.328   680   680 I Thermal-Lib: thermal_bandwidth_client_cancel_request: Removing all bw request for camera_bw
07-22 01:39:42.329   680   680 I Thermal-Lib: Thermal-Lib-Client: Unregisteration is successfull for handle:1
07-22 01:39:42.329   904   977 I ThermalEngine: Thermal-Server: removing client on fd 34
07-22 01:39:42.329   680   680 I Thermal-Lib: Thermal-Lib-Client: Unregisteration is successfull for handle:2
07-22 01:39:42.329   680   680 I mm-camera: <MCT   >< INFO> 310: mct_controller_destroy: Initiating destroy sequence for session = 3
07-22 01:39:42.329   637   637 I zygote64: The ClassLoaderContext is a special shared library.
07-22 01:39:42.329   680   680 I mm-camera: <MCT   >< INFO> 328: mct_controller_destroy: serv_thread closed
07-22 01:39:42.329   680   680 I mm-camera: <MCT   >< INFO> 343: mct_controller_destroy: bus_handler thread closed
07-22 01:39:42.329   680   680 I mm-camera: <MCT   >< INFO> 5404: mct_pipeline_stop_session: Initiating stop_session on session 3
07-22 01:39:42.330   680   680 I mm-camera: <MCT   >< INFO> 4288: mct_pipeline_process_set: command=800000b
07-22 01:39:42.330   680   680 I mm-camera: <MCT   >< INFO> 4533: mct_pipeline_process_set: Issuing DEL_STREAM on stream 0x3000f and stream type=10
07-22 01:39:42.331   637   637 D ApplicationLoaders: Created zygote-cached class loader: /system/framework/android.hidl.manager-V1.0-java.jar
07-22 01:39:42.338     0     0 I msm_cci_init: 1440: hw_version = 0x10060000
07-22 01:39:42.339     0     0 I         : @@@ original_sid = 0x10, valid_flag = 0x01, eeprom_version = 0x01, checksum = 0x03
07-22 01:39:42.339     0     0 I         : @@@ rc = 0, camera_sid = 0x10, eeprom_reg_addr = 0x03 , eeprom_reg_value = 0x32
07-22 01:39:42.339     0     0 I         : @@@ rc = 0, camera_sid = 0x10, eeprom_reg_addr = 0x04 , eeprom_reg_value = 0x30
07-22 01:39:42.339     0     0 I         : @@@ rc = 0, camera_sid = 0x10, eeprom_reg_addr = 0x05 , eeprom_reg_value = 0x32
07-22 01:39:42.339     0     0 I         : @@@ rc = 0, camera_sid = 0x10, eeprom_reg_addr = 0x06 , eeprom_reg_value = 0x30
07-22 01:39:42.339     0     0 I         : @@@ rc = 0, camera_sid = 0x10, eeprom_reg_addr = 0x07 , eeprom_reg_value = 0x30
07-22 01:39:42.340     0     0 I         : @@@ rc = 0, camera_sid = 0x10, eeprom_reg_addr = 0x08 , eeprom_reg_value = 0x38
07-22 01:39:42.340     0     0 I         : @@@ rc = 0, camera_sid = 0x10, eeprom_reg_addr = 0x09 , eeprom_reg_value = 0x30
07-22 01:39:42.340     0     0 I         : @@@ rc = 0, camera_sid = 0x10, eeprom_reg_addr = 0x0a , eeprom_reg_value = 0x38
07-22 01:39:42.340     0     0 I         : @@@ rc = 0, camera_sid = 0x10, eeprom_reg_addr = 0x0b , eeprom_reg_value = 0x31
07-22 01:39:42.340     0     0 I         : @@@ rc = 0, camera_sid = 0x10, eeprom_reg_addr = 0x0c , eeprom_reg_value = 0x32
07-22 01:39:42.372   676   676 D audio_hw_utils: audio_extn_utils_open_snd_mixer: retry, retry_num 2
07-22 01:39:42.375   676   676 D audio_hw_utils: audio_extn_utils_open_snd_mixer: snd_card_name: sdm660-snd-card-i40
07-22 01:39:42.375   676   676 W hardware_info: update_hardware_info_bear: Not an SDM device
07-22 01:39:42.375   676   676 D audio_hw_utils: audio_extn_utils_open_snd_mixer: Opened sound card:0
07-22 01:39:42.388   975  1032 I ServiceManager: Waiting for service 'package_native' on '/dev/binder'...
07-22 01:39:42.414   680  1183 E mm-camera: <SENSOR><ERROR> ov8856_gt24p64b_get_calibration_items: 30: is_insensor:0, is_afc:1, is_wbc:1, is_lsc:1, is_dpc:0, is_ois:0, is_dual:0
07-22 01:39:42.414   680  1183 E mm-camera: <SENSOR><ERROR> 247: module_sensor_offload_init_config: func_tbl for submodule 4 is NULL
07-22 01:39:42.414   680  1183 E mm-camera: <SENSOR><ERROR> 249: module_sensor_offload_init_config: failed to get led off frame skip time
07-22 01:39:42.419   680   680 I mm-camera: <IFACE >< INFO> 700: iface_unreserve_sink_port: stream_id f mode 0 
07-22 01:39:42.419   680   680 I mm-camera: <ISP   >< INFO> 941: isp_port_check_caps_unreserve: ide 3000f port 0xed5cb300
07-22 01:39:42.421   680   680 I mm-camera: <MCT   >< INFO> 4556: mct_pipeline_process_set: Stream 0x3000f and stream type=10, successfully deleted
07-22 01:39:42.421   680  1209 I mm-camera: <MCT   >< INFO> 5138: mct_pipeline_stop_session_thread: Stop module name: sensor - E
07-22 01:39:42.422   680  1210 I mm-camera: <MCT   >< INFO> 5138: mct_pipeline_stop_session_thread: Stop module name: iface - E
07-22 01:39:42.422   680  1209 I mm-camera: <MCT   >< INFO> 5146: mct_pipeline_stop_session_thread: Stop module name: sensor - X
07-22 01:39:42.423   680  1211 I mm-camera: <MCT   >< INFO> 5138: mct_pipeline_stop_session_thread: Stop module name: isp - E
07-22 01:39:42.423   680  1211 I mm-camera: <ISP   >< INFO> 510: isp_module_stop_session: session id 3
07-22 01:39:42.423   680  1210 I mm-camera: <MCT   >< INFO> 5146: mct_pipeline_stop_session_thread: Stop module name: iface - X
07-22 01:39:42.423   680  1212 I mm-camera: <MCT   >< INFO> 5138: mct_pipeline_stop_session_thread: Stop module name: stats - E
07-22 01:39:42.424     0     0 I sn65dsi86_dsi2edp_enable_early: done
07-22 01:39:42.424     0     0 I sn65dsi86_dsi2edp_enable_lately: start for first time
07-22 01:39:42.424     0     0 I sn65dsi86_dsi2edp_enable_lately: start
07-22 01:39:42.424   680  1213 I mm-camera: <MCT   >< INFO> 5138: mct_pipeline_stop_session_thread: Stop module name: pproc - E
07-22 01:39:42.424   680   680 I mm-camera: <MCT   >< INFO> 5426: mct_pipeline_stop_session: Modules left: 5
07-22 01:39:42.424   680  1214 I mm-camera: <MCT   >< INFO> 5138: mct_pipeline_stop_session_thread: Stop module name: imglib - E
07-22 01:39:42.425   680   680 I mm-camera: <MCT   >< INFO> 5426: mct_pipeline_stop_session: Modules left: 4
07-22 01:39:42.425   680  1211 I mm-camera: <MCT   >< INFO> 5146: mct_pipeline_stop_session_thread: Stop module name: isp - X
07-22 01:39:42.425   680   680 I mm-camera: <MCT   >< INFO> 5426: mct_pipeline_stop_session: Modules left: 3
07-22 01:39:42.425   680  1214 I mm-camera: <MCT   >< INFO> 5146: mct_pipeline_stop_session_thread: Stop module name: imglib - X
07-22 01:39:42.425   680   680 I mm-camera: <MCT   >< INFO> 5426: mct_pipeline_stop_session: Modules left: 2
