07-22 01:39:41.536   980   980 I MediaCodecsXmlParser: limit: bitrate-range = 1-35000000
07-22 01:39:41.536   980   980 I MediaCodecsXmlParser: limit: feature-adaptive-playback = 0
07-22 01:39:41.536   980   980 I MediaCodecsXmlParser: limit: feature-secure-playback = 1
07-22 01:39:41.536   980   980 I MediaCodecsXmlParser: limit: max-concurrent-instances = 6
07-22 01:39:41.536   980   980 I MediaCodecsXmlParser: limit: performance-point-3840x2160-range = 30-30
07-22 01:39:41.536   980   980 D MediaCodecsXmlParser: parsing /vendor/etc/media_codecs_google_video.xml...
07-22 01:39:41.536   980   980 I MediaCodecsXmlParser: limit: size-range = 2x2-352x288
07-22 01:39:41.536   980   980 I MediaCodecsXmlParser: limit: alignment = 2x2
07-22 01:39:41.536   980   980 I MediaCodecsXmlParser: limit: block-size = 16x16
07-22 01:39:41.536   980   980 I MediaCodecsXmlParser: limit: blocks-per-second-range = 12-11880
07-22 01:39:41.536   980   980 I MediaCodecsXmlParser: limit: bitrate-range = 1-384000
07-22 01:39:41.536   980   980 I MediaCodecsXmlParser: limit: feature-adaptive-playback = 0
07-22 01:39:41.536   980   980 I MediaCodecsXmlParser: limit: size-range = 2x2-352x288
07-22 01:39:41.536   980   980 I MediaCodecsXmlParser: limit: alignment = 2x2
07-22 01:39:41.536   980   980 I MediaCodecsXmlParser: limit: bitrate-range = 1-384000
07-22 01:39:41.536   980   980 I MediaCodecsXmlParser: limit: feature-adaptive-playback = 0
07-22 01:39:41.536   980   980 I MediaCodecsXmlParser: limit: size-range = 2x2-4080x4080
07-22 01:39:41.536   980   980 I MediaCodecsXmlParser: limit: alignment = 2x2
07-22 01:39:41.536   980   980 I MediaCodecsXmlParser: limit: block-size = 16x16
07-22 01:39:41.536   980   980 I MediaCodecsXmlParser: limit: block-count-range = 1-32768
07-22 01:39:41.536   980   980 I MediaCodecsXmlParser: limit: blocks-per-second-range = 1-1966080
07-22 01:39:41.536   980   980 I MediaCodecsXmlParser: limit: bitrate-range = 1-48000000
07-22 01:39:41.536   980   980 I MediaCodecsXmlParser: limit: feature-adaptive-playback = 0
07-22 01:39:41.536   980   980 I MediaCodecsXmlParser: limit: size-range = 2x2-4096x4096
07-22 01:39:41.536   980   980 I MediaCodecsXmlParser: limit: alignment = 2x2
07-22 01:39:41.536   980   980 I MediaCodecsXmlParser: limit: block-size = 8x8
07-22 01:39:41.536   980   980 I MediaCodecsXmlParser: limit: block-count-range = 1-196608
07-22 01:39:41.536   980   980 I MediaCodecsXmlParser: limit: blocks-per-second-range = 1-2000000
07-22 01:39:41.536   980   980 I MediaCodecsXmlParser: limit: bitrate-range = 1-10000000
07-22 01:39:41.536   980   980 I MediaCodecsXmlParser: limit: feature-adaptive-playback = 0
07-22 01:39:41.537   980   980 I MediaCodecsXmlParser: limit: size-range = 2x2-2048x2048
07-22 01:39:41.537   980   980 I MediaCodecsXmlParser: limit: alignment = 2x2
07-22 01:39:41.537   980   980 I MediaCodecsXmlParser: limit: block-size = 16x16
07-22 01:39:41.537   980   980 I MediaCodecsXmlParser: limit: block-count-range = 1-16384
07-22 01:39:41.537   980   980 I MediaCodecsXmlParser: limit: blocks-per-second-range = 1-1000000
07-22 01:39:41.537   980   980 I MediaCodecsXmlParser: limit: bitrate-range = 1-40000000
07-22 01:39:41.537   980   980 I MediaCodecsXmlParser: limit: feature-adaptive-playback = 0
07-22 01:39:41.537   980   980 I MediaCodecsXmlParser: limit: size-range = 2x2-2048x2048
07-22 01:39:41.537   980   980 I MediaCodecsXmlParser: limit: alignment = 2x2
07-22 01:39:41.537   980   980 I MediaCodecsXmlParser: limit: block-size = 16x16
07-22 01:39:41.537   980   980 I MediaCodecsXmlParser: limit: block-count-range = 1-16384
07-22 01:39:41.537   980   980 I MediaCodecsXmlParser: limit: blocks-per-second-range = 1-500000
07-22 01:39:41.537   980   980 I MediaCodecsXmlParser: limit: bitrate-range = 1-40000000
07-22 01:39:41.537   980   980 I MediaCodecsXmlParser: limit: feature-adaptive-playback = 0
07-22 01:39:41.537   980   980 I MediaCodecsXmlParser: limit: size-range = 176x144-176x144
07-22 01:39:41.537   980   980 I MediaCodecsXmlParser: limit: alignment = 16x16
07-22 01:39:41.537   980   980 I MediaCodecsXmlParser: limit: bitrate-range = 1-128000
07-22 01:39:41.537   980   980 I MediaCodecsXmlParser: limit: size-range = 16x16-2048x2048
07-22 01:39:41.537   980   980 I MediaCodecsXmlParser: limit: alignment = 2x2
07-22 01:39:41.537   980   980 I MediaCodecsXmlParser: limit: block-size = 16x16
07-22 01:39:41.537   980   980 I MediaCodecsXmlParser: limit: block-count-range = 1-8192
07-22 01:39:41.537   980   980 I MediaCodecsXmlParser: limit: blocks-per-second-range = 1-245760
07-22 01:39:41.537   980   980 I MediaCodecsXmlParser: limit: bitrate-range = 1-12000000
07-22 01:39:41.537   980   980 I MediaCodecsXmlParser: limit: feature-intra-refresh = 0
07-22 01:39:41.537   980   980 I MediaCodecsXmlParser: limit: size-range = 16x16-176x144
07-22 01:39:41.537   980   980 I MediaCodecsXmlParser: limit: alignment = 16x16
07-22 01:39:41.537   980   980 I MediaCodecsXmlParser: limit: block-size = 16x16
07-22 01:39:41.537   980   980 I MediaCodecsXmlParser: limit: blocks-per-second-range = 12-1485
07-22 01:39:41.537   980   980 I MediaCodecsXmlParser: limit: bitrate-range = 1-64000
07-22 01:39:41.537   980   980 I MediaCodecsXmlParser: limit: size-range = 2x2-2048x2048
07-22 01:39:41.537   980   980 I MediaCodecsXmlParser: limit: alignment = 2x2
07-22 01:39:41.537   980   980 I MediaCodecsXmlParser: limit: block-size = 16x16
07-22 01:39:41.537   980   980 I MediaCodecsXmlParser: limit: block-count-range = 1-16384
07-22 01:39:41.537   980   980 I MediaCodecsXmlParser: limit: bitrate-range = 1-40000000
07-22 01:39:41.537   980   980 I MediaCodecsXmlParser: limit: feature-bitrate-modes = VBR,CBR
07-22 01:39:41.537   980   980 I MediaCodecsXmlParser: limit: size-range = 2x2-2048x2048
07-22 01:39:41.537   980   980 I MediaCodecsXmlParser: limit: alignment = 2x2
07-22 01:39:41.537   980   980 I MediaCodecsXmlParser: limit: block-size = 16x16
07-22 01:39:41.537   980   980 I MediaCodecsXmlParser: limit: block-count-range = 1-3600
07-22 01:39:41.537   980   980 I MediaCodecsXmlParser: limit: bitrate-range = 1-40000000
07-22 01:39:41.537   980   980 I MediaCodecsXmlParser: limit: feature-bitrate-modes = VBR,CBR
07-22 01:39:41.542   980   980 I liblog  : 89
07-22 01:39:41.542   980   980 I ServiceManagement: Registered android.hardware.media.omx@1.0::IOmxStore/default (start delay of 328ms)
07-22 01:39:41.542   980   980 I ServiceManagement: Removing namespace from process name android.hardware.media.omx@1.0-service to omx@1.0-service.
07-22 01:39:41.560     0     0 W wsa881x_get_temp: Temperature registers[0 0 0 0] are out of range
07-22 01:39:41.560     0     0 W wsa881x_get_temp: T0: 65535 is out of range[5, 45]
07-22 01:39:41.581   965   965 I mediaserver: ServiceManager: 0xef8232a0
07-22 01:39:41.582   965   965 W BatteryNotifier: batterystats service unavailable!
07-22 01:39:41.582   965   965 W BatteryNotifier: batterystats service unavailable!
07-22 01:39:41.584   949   949 V MediaUtils: physMem: 3812380672
07-22 01:39:41.584   975  1032 I ServiceManager: Waiting for service 'package_native' on '/dev/binder'...
07-22 01:39:41.585   949   949 V MediaUtils: requested limit: 762476120
07-22 01:39:41.585   949   949 I libc    : malloc_limit: Allocation limit enabled, max size 762476120 bytes
07-22 01:39:41.590     0     0 W wsa881x_get_temp: Temperature registers[0 0 0 0] are out of range
07-22 01:39:41.590     0     0 W wsa881x_get_temp: T0: 65535 is out of range[5, 45]
07-22 01:39:41.598   949   949 W mediaextractor: libminijail[949]: failed to get path of fd 4: No such file or directory
07-22 01:39:41.598   949   949 W mediaextractor: libminijail[949]: allowing syscall: connect
07-22 01:39:41.598   949   949 W mediaextractor: libminijail[949]: allowing syscall: fcntl
07-22 01:39:41.598   949   949 W mediaextractor: libminijail[949]: allowing syscall: sendto
07-22 01:39:41.598   949   949 W mediaextractor: libminijail[949]: allowing syscall: socket
07-22 01:39:41.598   949   949 W mediaextractor: libminijail[949]: allowing syscall: writev
07-22 01:39:41.600   680   680 E mm-camera: <IFACE ><ERROR> 318: iface_discover_subdev_nodes: iface_discover_subdev_nodes:318 entity name video1 type 10001 group id 0
07-22 01:39:41.600   680   680 E mm-camera: <IFACE ><ERROR> 318: iface_discover_subdev_nodes: iface_discover_subdev_nodes:318 entity name v4l-subdev0 type 10f0a group id 0
07-22 01:39:41.600   680   680 E mm-camera: <IFACE ><ERROR> 318: iface_discover_subdev_nodes: iface_discover_subdev_nodes:318 entity name v4l-subdev1 type 10f00 group id 0
07-22 01:39:41.600   680   680 E mm-camera: <IFACE ><ERROR> 318: iface_discover_subdev_nodes: iface_discover_subdev_nodes:318 entity name v4l-subdev2 type 10f00 group id 0
07-22 01:39:41.600   680   680 E mm-camera: <IFACE ><ERROR> 318: iface_discover_subdev_nodes: iface_discover_subdev_nodes:318 entity name v4l-subdev3 type 10f00 group id 0
07-22 01:39:41.600   680   680 E mm-camera: <IFACE ><ERROR> 318: iface_discover_subdev_nodes: iface_discover_subdev_nodes:318 entity name v4l-subdev4 type 10f0d group id 0
07-22 01:39:41.600   680   680 E mm-camera: <IFACE ><ERROR> 318: iface_discover_subdev_nodes: iface_discover_subdev_nodes:318 entity name v4l-subdev5 type 10f0d group id 0
07-22 01:39:41.600   680   680 E mm-camera: <IFACE ><ERROR> 318: iface_discover_subdev_nodes: iface_discover_subdev_nodes:318 entity name v4l-subdev6 type 10f0d group id 0
07-22 01:39:41.600   680   680 E mm-camera: <IFACE ><ERROR> 318: iface_discover_subdev_nodes: iface_discover_subdev_nodes:318 entity name v4l-subdev7 type 10f0d group id 0
07-22 01:39:41.600   680   680 E mm-camera: <IFACE ><ERROR> 318: iface_discover_subdev_nodes: iface_discover_subdev_nodes:318 entity name v4l-subdev8 type 10f07 group id 0
07-22 01:39:41.600   680   680 E mm-camera: <IFACE ><ERROR> 318: iface_discover_subdev_nodes: iface_discover_subdev_nodes:318 entity name v4l-subdev9 type 10f08 group id 0
07-22 01:39:41.600   949   949 W mediaextractor: libminijail[949]: logging seccomp filter failures
07-22 01:39:41.600   680   680 E mm-camera: <IFACE ><ERROR> 318: iface_discover_subdev_nodes: iface_discover_subdev_nodes:318 entity name v4l-subdev10 type 10f0e group id 0
07-22 01:39:41.600   680   680 E mm-camera: <IFACE ><ERROR> 318: iface_discover_subdev_nodes: iface_discover_subdev_nodes:318 entity name v4l-subdev11 type 10f09 group id 0
07-22 01:39:41.600   680   680 E mm-camera: <IFACE ><ERROR> 318: iface_discover_subdev_nodes: iface_discover_subdev_nodes:318 entity name v4l-subdev12 type 10f03 group id 0
07-22 01:39:41.600   680   680 E mm-camera: <IFACE ><ERROR> 318: iface_discover_subdev_nodes: iface_discover_subdev_nodes:318 entity name v4l-subdev13 type 10f03 group id 0
07-22 01:39:41.600   680   680 E mm-camera: <IFACE ><ERROR> 318: iface_discover_subdev_nodes: iface_discover_subdev_nodes:318 entity name v4l-subdev14 type 10f02 group id 0
07-22 01:39:41.600   680   680 E mm-camera: <IFACE ><ERROR> 318: iface_discover_subdev_nodes: iface_discover_subdev_nodes:318 entity name v4l-subdev15 type 10f01 group id 0
07-22 01:39:41.600   680   680 E mm-camera: <IFACE ><ERROR> 318: iface_discover_subdev_nodes: iface_discover_subdev_nodes:318 entity name v4l-subdev16 type 10f06 group id 0
07-22 01:39:41.601  1015  1015 I update_engine: [0722/013941.600935:INFO:main.cc(181)] A/B Update Engine starting
07-22 01:39:41.608  1015  1015 I update_engine: [0722/013941.608248:INFO:boot_control_android.cc(76)] Loaded boot control hidl hal.
07-22 01:39:41.608  1015  1015 I update_engine: [0722/013941.608505:INFO:daemon_state_android.cc(43)] Booted in dev mode.
07-22 01:39:41.610   680   680 I mm-camera: <ISP   >< INFO> 4088: isp_resource_get_isp_hw_limit: isp hw limit 0
07-22 01:39:41.611   904   953 E ThermalEngine: read error 0. buf:[add@/devices/virtual/thermal/thermal_zone37 ACTION=add DEVPATH=/devices/virtual/thermal/thermal_zone37 SUBSYSTEM=thermal SEQNUM=4563 ]
07-22 01:39:41.611     0     0 W         : (NULL device *): hwmon_device_register() is deprecated. Please convert the driver to use hwmon_device_register_with_info().
07-22 01:39:41.631     0     0 W wsa881x_get_temp: Temperature registers[0 0 0 0] are out of range
07-22 01:39:41.631     0     0 W wsa881x_get_temp: T0: 65535 is out of range[5, 45]
07-22 01:39:41.641     0     0 I pil-q6v5-mss 4080000.qcom,mss: modem: Brought out of reset
07-22 01:39:41.650   992   992 I /apex/com.android.media.swcodec/bin/mediaswcodec: media swcodec service starting
07-22 01:39:41.652   992   992 W /apex/com.android.media.swcodec/bin/mediaswcodec: Could not read additional policy file '/vendor/etc/seccomp_policy/mediaswcodec.policy'
07-22 01:39:41.652   992   992 W /apex/com.android.media.swcodec/bin/mediaswcodec: libminijail[992]: failed to get path of fd 4: No such file or directory
07-22 01:39:41.652   992   992 W /apex/com.android.media.swcodec/bin/mediaswcodec: libminijail[992]: allowing syscall: connect
07-22 01:39:41.652   992   992 W /apex/com.android.media.swcodec/bin/mediaswcodec: libminijail[992]: allowing syscall: fcntl
07-22 01:39:41.652   992   992 W /apex/com.android.media.swcodec/bin/mediaswcodec: libminijail[992]: allowing syscall: sendto
07-22 01:39:41.652   992   992 W /apex/com.android.media.swcodec/bin/mediaswcodec: libminijail[992]: allowing syscall: socket
07-22 01:39:41.653   992   992 W /apex/com.android.media.swcodec/bin/mediaswcodec: libminijail[992]: allowing syscall: writev
07-22 01:39:41.653   992   992 W /apex/com.android.media.swcodec/bin/mediaswcodec: libminijail[992]: logging seccomp filter failures
07-22 01:39:41.653   992   992 I CodecServiceRegistrant: Creating software Codec2 service...
07-22 01:39:41.655   992   992 I ServiceManagement: Registered android.hardware.media.c2@1.0::IComponentStore/software (start delay of 391ms)
07-22 01:39:41.655   992   992 I CodecServiceRegistrant: Software Codec2 service created.
07-22 01:39:41.659     0     0 W wsa881x_get_temp: Temperature registers[0 0 0 0] are out of range
07-22 01:39:41.659     0     0 W wsa881x_get_temp: T0: 65535 is out of range[5, 45]
07-22 01:39:41.662     0     0 I pil-q6v5-mss 4080000.qcom,mss: Subsystem error monitoring/handling services are up
07-22 01:39:41.662     0     0 I pil-q6v5-mss 4080000.qcom,mss: modem: Power/Clock ready interrupt received
07-22 01:39:41.663   930   930 I cameraserver: ServiceManager: 0xee2232a0
07-22 01:39:41.664   930   930 I CameraService: CameraService started (pid=930)
07-22 01:39:41.664   930   930 I CameraService: CameraService process starting
07-22 01:39:41.664   930   930 W BatteryNotifier: batterystats service unavailable!
07-22 01:39:41.664   930   930 W BatteryNotifier: batterystats service unavailable!
07-22 01:39:41.667     0     0 E qrtr    : Modem QMI Readiness RX cmd:0x2 node[0x0]
07-22 01:39:41.668   930   930 I CameraProviderManager: Connecting to new camera provider: external/0, isRemote? 1
07-22 01:39:41.668   930   930 I CameraProviderManager: Camera provider external/0 ready with 0 camera devices
07-22 01:39:41.669     0     0 I service-notifier: service_notifier_new_server: Connection established between QMI handle and 180 service
07-22 01:39:41.669   747   747 I vendor.rmt_storage: rmt_storage_connect_cb: clnt_h=0x1 conn_h=0x76e5c05010
07-22 01:39:41.669     0     0 E rmt_storage: INFO:rmt_storage_open_cb: Processing: Open Request (req_h 0x1) for /boot/modem_fs1!
07-22 01:39:41.669   747   747 I vendor.rmt_storage: rmt_storage_open_cb: /boot/modem_fs1: req_h=0x1 msg_id=1: Client found
07-22 01:39:41.669     0     0 I sysmon-qmi: ssctl_new_server: Connection established between QMI handle and modem's SSCTL service
07-22 01:39:41.669   747   747 I vendor.rmt_storage: rmt_storage_open_cb: /boot/modem_fs1: req_h=0x1 msg_id=1: Send response: res=0 err=0
07-22 01:39:41.669   747  1067 I vendor.rmt_storage: rmt_storage_client_thread: /boot/modem_fs1: Worker thread started
07-22 01:39:41.669   747  1067 I vendor.rmt_storage: wake lock name: rmt_storage_510666640720, name creation success: 24
07-22 01:39:41.669   747   747 I vendor.rmt_storage: rmt_storage_connect_cb: clnt_h=0x2 conn_h=0x76e5c05020
07-22 01:39:41.669     0     0 E rmt_storage: INFO:rmt_storage_open_cb: Processing: Open Request (req_h 0x2) for /boot/modem_fs2!
07-22 01:39:41.670   747   747 I vendor.rmt_storage: rmt_storage_open_cb: /boot/modem_fs2: req_h=0x2 msg_id=1: Client found
07-22 01:39:41.670   747   747 I vendor.rmt_storage: rmt_storage_open_cb: /boot/modem_fs2: req_h=0x2 msg_id=1: Send response: res=0 err=0
07-22 01:39:41.670   747  1068 I vendor.rmt_storage: rmt_storage_client_thread: /boot/modem_fs2: Worker thread started
07-22 01:39:41.670   747  1068 I vendor.rmt_storage: wake lock name: rmt_storage_510637620560, name creation success: 24
07-22 01:39:41.670   747   747 I vendor.rmt_storage: rmt_storage_connect_cb: clnt_h=0x3 conn_h=0x76e5c05030
07-22 01:39:41.670     0     0 E rmt_storage: INFO:rmt_storage_open_cb: Processing: Open Request (req_h 0x3) for /boot/modem_fsg!
07-22 01:39:41.670   747   747 I vendor.rmt_storage: rmt_storage_open_cb: /boot/modem_fsg: req_h=0x3 msg_id=1: Client found
07-22 01:39:41.670   747   747 I vendor.rmt_storage: rmt_storage_open_cb: /boot/modem_fsg: req_h=0x3 msg_id=1: Send response: res=0 err=0
07-22 01:39:41.670   747  1071 I vendor.rmt_storage: rmt_storage_client_thread: /boot/modem_fsg: Worker thread started
07-22 01:39:41.671   747  1071 I vendor.rmt_storage: wake lock name: rmt_storage_510619807056, name creation success: 24
07-22 01:39:41.671   747   747 I vendor.rmt_storage: rmt_storage_disconnect_cb: clnt_h=0x1 conn_h=0x76e5c05010
07-22 01:39:41.671   747   747 I vendor.rmt_storage: rmt_storage_disconnect_cb: clnt_h=0x2 conn_h=0x76e5c05020
07-22 01:39:41.671   747   747 I vendor.rmt_storage: rmt_storage_connect_cb: clnt_h=0x4 conn_h=0x76e5c05020
07-22 01:39:41.671     0     0 E rmt_storage: INFO:rmt_storage_open_cb: Processing: Open Request (req_h 0x4) for /boot/modem_fsc!
07-22 01:39:41.671   747   747 I vendor.rmt_storage: rmt_storage_open_cb: /boot/modem_fsc: req_h=0x4 msg_id=1: Client found
07-22 01:39:41.671   747   747 I vendor.rmt_storage: rmt_storage_open_cb: /boot/modem_fsc: req_h=0x4 msg_id=1: Send response: res=0 err=0
07-22 01:39:41.671   747  1072 I vendor.rmt_storage: rmt_storage_client_thread: /boot/modem_fsc: Worker thread started
07-22 01:39:41.671   747  1072 I vendor.rmt_storage: wake lock name: rmt_storage_510601993552, name creation success: 24
07-22 01:39:41.671   747   747 I vendor.rmt_storage: rmt_storage_disconnect_cb: clnt_h=0x3 conn_h=0x76e5c05030
07-22 01:39:41.671   747   747 I vendor.rmt_storage: rmt_storage_connect_cb: clnt_h=0x5 conn_h=0x76e5c05030
07-22 01:39:41.671   747   747 I vendor.rmt_storage: rmt_storage_open_cb: Unable to open /boot/modem_fsg_oem_1
07-22 01:39:41.671   747   747 I vendor.rmt_storage: rmt_storage_open_cb: : req_h=0x5 msg_id=1: Send response: res=1 err=3
07-22 01:39:41.671   747   747 I vendor.rmt_storage: rmt_storage_connect_cb: clnt_h=0x6 conn_h=0x76e5c05010
07-22 01:39:41.671   747   747 I vendor.rmt_storage: rmt_storage_open_cb: Unable to open /boot/modem_fsg_oem_2
07-22 01:39:41.671   747   747 I vendor.rmt_storage: rmt_storage_open_cb: : req_h=0x6 msg_id=1: Send response: res=1 err=3
07-22 01:39:41.672   747   747 I vendor.rmt_storage: rmt_storage_disconnect_cb: clnt_h=0x4 conn_h=0x76e5c05020
07-22 01:39:41.672   747   747 I vendor.rmt_storage: rmt_storage_disconnect_cb: clnt_h=0x5 conn_h=0x76e5c05030
07-22 01:39:41.672   747   747 I vendor.rmt_storage: rmt_storage_disconnect_cb: clnt_h=0x6 conn_h=0x76e5c05010
07-22 01:39:41.673   747   747 I vendor.rmt_storage: rmt_storage_connect_cb: clnt_h=0x7 conn_h=0x76e5c05010
07-22 01:39:41.673   747   747 I vendor.rmt_storage: rmt_storage_alloc_buff_cb: /boot/modem_fs1: req_h=0x7 msg_id=4: Alloc request received: Size: 2097152
07-22 01:39:41.673     0     0 E rmt_storage: INFO:rmt_storage_alloc_buff_cb: Received req_size: 2097152! avail: 2097152
07-22 01:39:41.673   747   747 I vendor.rmt_storage: rmt_storage_alloc_buff_cb: /boot/modem_fs1: req_h=0x7 msg_id=4: Old Client requesting buffer from RMTS Server
07-22 01:39:41.673   747   747 I vendor.rmt_storage: rmt_storage_alloc_buff_cb: /boot/modem_fs1: req_h=0x7 msg_id=4: Send response: res=0 err=0
07-22 01:39:41.673   747   747 I vendor.rmt_storage: rmt_storage_connect_cb: clnt_h=0x8 conn_h=0x76e5c05030
07-22 01:39:41.673   747   747 I vendor.rmt_storage: rmt_storage_rw_iovec_cb: /boot/modem_fs1: req_h=0x8 msg_id=3: R/W request received (wr_count 0)
07-22 01:39:41.673     0     0 E rmt_storage: INFO:rmt_storage_rw_iovec_cb: Read iovec request (req_h 0x8 wr_count 0) received for /boot/modem_fs1
07-22 01:39:41.674   747   747 I vendor.rmt_storage: wakelock acquired: 1, error no: 11
07-22 01:39:41.674   747   747 I vendor.rmt_storage: rmt_storage_disconnect_cb: clnt_h=0x7 conn_h=0x76e5c05010
07-22 01:39:41.674   747  1067 I vendor.rmt_storage: rmt_storage_client_thread: /boot/modem_fs1: Unblock worker thread (th_id: 510666640720)
07-22 01:39:41.674     0     0 E rmt_storage: INFO:rmt_storage_client_thread: Calling Read [offset=512, size=512, req_h 0x8, wr_count 0] for /boot/modem_fs1!
07-22 01:39:41.674   930   930 I ServiceManagement: getService: Trying again for android.hardware.camera.provider@2.4::ICameraProvider/legacy/0...
07-22 01:39:41.675     0     0 E rmt_storage: INFO:rmt_storage_client_thread: Done Read (bytes = 512, req_h 0x8, wr_count 0) for /boot/modem_fs1!
07-22 01:39:41.675   747  1067 I vendor.rmt_storage: rmt_storage_client_thread: /boot/modem_fs1: req_h=0x8 msg_id=3: Bytes read = 512, wr_count 0
07-22 01:39:41.675   747  1067 I vendor.rmt_storage: rmt_storage_client_thread: /boot/modem_fs1: req_h=0x8 msg_id=3: Send response: res=0 err=0, wr_count 0
07-22 01:39:41.675   747  1067 I vendor.rmt_storage: rmt_storage_client_thread: /boot/modem_fs1: About to block rmt_storage client thread (th_id: 510666640720) wakelock released: 1, error no: 0
07-22 01:39:41.675   747  1067 I vendor.rmt_storage: 
07-22 01:39:41.675   747   747 I vendor.rmt_storage: rmt_storage_connect_cb: clnt_h=0x9 conn_h=0x76e5c05010
07-22 01:39:41.675   747   747 I vendor.rmt_storage: rmt_storage_rw_iovec_cb: /boot/modem_fs2: req_h=0x9 msg_id=3: R/W request received (wr_count 0)
07-22 01:39:41.675   747   747 I vendor.rmt_storage: wakelock acquired: 1, error no: 11
07-22 01:39:41.676   747   747 I vendor.rmt_storage: rmt_storage_disconnect_cb: clnt_h=0x8 conn_h=0x76e5c05030
07-22 01:39:41.676   747  1068 I vendor.rmt_storage: rmt_storage_client_thread: /boot/modem_fs2: Unblock worker thread (th_id: 510637620560)
07-22 01:39:41.677   747  1068 I vendor.rmt_storage: rmt_storage_client_thread: /boot/modem_fs2: req_h=0x9 msg_id=3: Bytes read = 512, wr_count 0
07-22 01:39:41.677   747  1068 I vendor.rmt_storage: rmt_storage_client_thread: /boot/modem_fs2: req_h=0x9 msg_id=3: Send response: res=0 err=0, wr_count 0
07-22 01:39:41.677   747  1068 I vendor.rmt_storage: rmt_storage_client_thread: /boot/modem_fs2: About to block rmt_storage client thread (th_id: 510637620560) wakelock released: 1, error no: 0
07-22 01:39:41.677   747  1068 I vendor.rmt_storage: 
07-22 01:39:41.677   747   747 I vendor.rmt_storage: rmt_storage_disconnect_cb: clnt_h=0x9 conn_h=0x76e5c05010
07-22 01:39:41.678   747   747 I vendor.rmt_storage: rmt_storage_connect_cb: clnt_h=0xa conn_h=0x76e5c05010
07-22 01:39:41.678   747   747 I vendor.rmt_storage: rmt_storage_rw_iovec_cb: /boot/modem_fsg: req_h=0xa msg_id=3: R/W request received (wr_count 0)
07-22 01:39:41.678   747   747 I vendor.rmt_storage: wakelock acquired: 1, error no: 11
07-22 01:39:41.679   747  1071 I vendor.rmt_storage: rmt_storage_client_thread: /boot/modem_fsg: Unblock worker thread (th_id: 510619807056)
07-22 01:39:41.685   975  1032 I ServiceManager: Waiting for service 'package_native' on '/dev/binder'...
07-22 01:39:41.690     0     0 W wsa881x_get_temp: Temperature registers[0 0 0 0] are out of range
07-22 01:39:41.690     0     0 W wsa881x_get_temp: T0: 65535 is out of range[5, 45]
07-22 01:39:41.692   747  1071 I vendor.rmt_storage: rmt_storage_client_thread: /boot/modem_fsg: req_h=0xa msg_id=3: Bytes read = 2097152, wr_count 0
07-22 01:39:41.692   747  1071 I vendor.rmt_storage: rmt_storage_client_thread: /boot/modem_fsg: req_h=0xa msg_id=3: Send response: res=0 err=0, wr_count 0
07-22 01:39:41.692   747  1071 I vendor.rmt_storage: rmt_storage_client_thread: /boot/modem_fsg: About to block rmt_storage client thread (th_id: 510619807056) wakelock released: 1, error no: 0
07-22 01:39:41.692   747  1071 I vendor.rmt_storage: 
07-22 01:39:41.693   747   747 I vendor.rmt_storage: rmt_storage_disconnect_cb: clnt_h=0xa conn_h=0x76e5c05010
07-22 01:39:41.720     0     0 W wsa881x_get_temp: Temperature registers[0 0 0 0] are out of range
07-22 01:39:41.720     0     0 W wsa881x_get_temp: T0: 65535 is out of range[5, 45]
07-22 01:39:41.736   904   953 E ThermalEngine: read error 0. buf:[add@/devices/virtual/thermal/cooling_device12 ACTION=add DEVPATH=/devices/virtual/thermal/cooling_device12 SUBSYSTEM=thermal SEQNUM=4578 ]
07-22 01:39:41.737   904   953 E ThermalEngine: read error 0. buf:[add@/devices/virtual/thermal/cooling_device13 ACTION=add DEVPATH=/devices/virtual/thermal/cooling_device13 SUBSYSTEM=thermal SEQNUM=4579 ]
07-22 01:39:41.737     0     0 I memshare_child soc: qcom,memshare:qcom,client_3: memshare_query: client_id : 1, query_resp.size :0, query_resp.resp.result :0
07-22 01:39:41.738   904   953 E ThermalEngine: read error 0. buf:[add@/devices/virtual/thermal/cooling_device14 ACTION=add DEVPATH=/devices/virtual/thermal/cooling_device14 SUBSYSTEM=thermal SEQNUM=4580 ]
07-22 01:39:41.738   904   953 E ThermalEngine: read error 0. buf:[add@/devices/virtual/thermal/cooling_device15 ACTION=add DEVPATH=/devices/virtual/thermal/cooling_device15 SUBSYSTEM=thermal SEQNUM=4581 ]
07-22 01:39:41.739   625   632 D QC-time-services: Daemon:time_service_modem_serv_notify_cb: QMI service is up 
07-22 01:39:41.739   625   732 D QC-time-services: Daemon:genoff_modem_qmi_service_handle_cb: QMI service handle cb called 
07-22 01:39:41.741   749   749 I tftp_server: pid=749 tid=749 tftp-server : INF :[tftp_server.c, 659] rcvd request [1] [73] [2] [0] [29]
07-22 01:39:41.741   749  1078 I tftp_server: pid=749 tid=1078 tftp-server : INF :[tftp_server_utils.c, 113] file [readwrite/server_check.txt] : [/vendor/rfs/msm/mpss/readwrite/server_check.txt]
07-22 01:39:41.741   749  1078 I tftp_server: pid=749 tid=1078 tftp-server : INF :[tftp_server.c, 1201] OACK options [port: 29] : [7680, 1000, 10, 0, 0, 0, 0, 0]
07-22 01:39:41.741   749  1078 I tftp_server: pid=749 tid=1078 tftp-server : INF :[tftp_os_la.c, 63] open : [-1] [-1] [384] [577] [/vendor/rfs/msm/mpss/readwrite/server_check.txt]
07-22 01:39:41.744     0     0 E diag    : In diag_send_peripheral_buffering_mode, buffering flag not set for 0
07-22 01:39:41.748   749   749 I tftp_server: pid=749 tid=749 tftp-server : INF :[tftp_server.c, 659] rcvd request [1] [91] [1] [0] [39]
07-22 01:39:41.748   749  1079 I tftp_server: pid=749 tid=1079 tftp-server : INF :[tftp_server_utils.c, 113] file [readonly/firmware/image/wlanmdsp.mbn] : [/vendor/rfs/msm/mpss/readonly/firmware/image/wl
07-22 01:39:41.749   749  1079 I tftp_server: pid=749 tid=1079 tftp-server : INF :[tftp_server.c, 1201] OACK options [port: 39] : [7680, 1000, 3689408, 10, 0, 0, 0, 0]
07-22 01:39:41.750   749  1079 I tftp_server: pid=749 tid=1079 tftp-server : INF :[tftp_os_la.c, 63] open : [-1] [-1] [384] [0] [/vendor/rfs/msm/mpss/readonly/firmware/image/wlanmdsp.mbn]
07-22 01:39:41.750   749  1079 I tftp_server: pid=749 tid=1079 tftp-server : INF :[tftp_protocol.c, 742] Recd END OF TRANSFER pkt. Code = 9, Msg = End of Transfer
07-22 01:39:41.750   749   749 I tftp_server: pid=749 tid=749 tftp-server : INF :[tftp_server.c, 659] rcvd request [1] [97] [1] [0] [40]
07-22 01:39:41.750   749  1079 I tftp_server: pid=749 tid=1079 tftp-server : INF :[tftp_server.c, 1318] RRQ stats [port: 0]: sent_size = 39 total-blocks = 0 total-bytes = 0 timedout-pkts = 0, wrong-pkts 
07-22 01:39:41.751   749  1079 I tftp_server: pid=749 tid=1079 tftp-server : INF :[tftp_server.c, 1325] RRQ file stats [port: 39]: fread [Total, Max, Min] = [0, 0, 0]
07-22 01:39:41.751   749  1079 I tftp_server: pid=749 tid=1079 tftp-server : INF :[tftp_server.c, 1329] RRQ time stats : Total : [TX, RX] = [34, 603]
07-22 01:39:41.751   749  1079 I tftp_server: pid=749 tid=1079 tftp-server : INF :[tftp_server.c, 1336] RRQ time stats [port: 39]: Tx/Rx [Min, Max] = [34, 34, 603, 603]
07-22 01:39:41.751   749  1079 I tftp_server: pid=749 tid=1079 tftp-server : INF :[tftp_server.c, 1352] RRQ was successfully processed.
07-22 01:39:41.751   749  1079 I tftp_server: pid=749 tid=1079 tftp-server : INF :[tftp_server.c, 1807] RRQ Total API = 2661
07-22 01:39:41.751   749  1080 I tftp_server: pid=749 tid=1080 tftp-server : INF :[tftp_server_utils.c, 113] file [readonly/firmware/image/wlanmdsp.mbn] : [/vendor/rfs/msm/mpss/readonly/firmware/image/wl
07-22 01:39:41.752   749  1080 I tftp_server: pid=749 tid=1080 tftp-server : INF :[tftp_server.c, 1201] OACK options [port: 40] : [7680, 1000, 10, 3689408, 0, 0, 0, 0]
07-22 01:39:41.752   749  1080 I tftp_server: pid=749 tid=1080 tftp-server : INF :[tftp_os_la.c, 63] open : [-1] [-1] [384] [0] [/vendor/rfs/msm/mpss/readonly/firmware/image/wlanmdsp.mbn]
07-22 01:39:41.757   680   680 I mm-camera: <ISP   >< INFO> 4088: isp_resource_get_isp_hw_limit: isp hw limit 0
07-22 01:39:41.766   904   940 I ThermalEngine: MODEM thermal mitigation available.
07-22 01:39:41.767   904   940 I ThermalEngine: Mitigation:modem[MODEM]:0 pending QMI request succeded
07-22 01:39:41.768   904   940 I ThermalEngine: Mitigation:vdd_restriction[MODEM]:0 pending QMI request succeded
07-22 01:39:41.768   904   940 I ThermalEngine: Mitigation:modem_proc[MODEM]:0 pending QMI request succeded
07-22 01:39:41.769   904   940 I ThermalEngine: Mitigation:modem_proc_current[MODEM]:0 pending QMI request succeded
07-22 01:39:41.769   625   732 D QC-time-services: Daemon:genoff_modem_qmi_service_handle_cb: qmi_client_get_service_list for local returned 0num_services 1 num_entries 1
07-22 01:39:41.769   904   940 I ThermalEngine: Mitigation:cpr_band[MODEM]:0 pending QMI request succeded
07-22 01:39:41.773   625   732 D QC-time-services: Daemon:genoff_modem_qmi_service_handle_cb: Initial transaction successful
07-22 01:39:41.774   680   680 I mm-camera: <ISP   >< INFO> 926: module_isp_init: module 0xef914780
07-22 01:39:41.778     0     0 I MSM-CPP cpp_init_hardware: 1135 CPP HW Version: 0x60010002
07-22 01:39:41.778     0     0 E MSM-CPP cpp_init_hardware: 1153 stream_cnt:0
07-22 01:39:41.785   975  1032 I ServiceManager: Waiting for service 'package_native' on '/dev/binder'...
07-22 01:39:41.789     0     0 I MSM-CPP cpp_release_hardware: 1216 cpp hw release done
07-22 01:39:41.790   680   680 I mm-camera: <CPP   >< INFO> 191: cpp_module_init: info: CPP module_init successful
07-22 01:39:41.847     0     0 I subsys-pil-tz soc: qcom,kgsl-hyp: a512_zap: loading from 0x00000000fbc00000 to 0x00000000fbc02000
07-22 01:39:41.867   676   770 D audio_hw_utils: audio_extn_utils_open_snd_mixer: retry, retry_num 1
07-22 01:39:41.874     0     0 I subsys-pil-tz soc: qcom,kgsl-hyp: a512_zap: Brought out of reset
07-22 01:39:41.886   975  1032 I ServiceManager: Waiting for service 'package_native' on '/dev/binder'...
07-22 01:39:41.982   680   680 E mm-camera: <IMGLIB><ERROR> 1392: frameproc_comp_reload_lib: Error opening frameproc library libmmcamera_ppeiscore.so error dlopen failed: library "libGLESv2_adreno.so" not found
07-22 01:39:41.983   680   680 E mm-camera: <IMGLIB><ERROR> 1258: frameproc_comp_load: frameproc_comp_load:1258] cannot load libmmcamera_ppeiscore.so
07-22 01:39:41.983   680   680 E mm-camera: <IMGLIB><ERROR> 3592: module_imgbase_init: ppeiscore] Error rc -7
07-22 01:39:41.986   637   637 E ActivityRecognitionHardware: activity_recognition HAL is deprecated. class_init is effectively a no-op
07-22 01:39:41.986   975  1032 I ServiceManager: Waiting for service 'package_native' on '/dev/binder'...
07-22 01:39:41.994   680   680 E mm-camera: <IMGLIB><ERROR> 1392: frameproc_comp_reload_lib: Error opening frameproc library libmmcamera_llvd.so error dlopen failed: library "libmmcamera_llvd.so" not found
07-22 01:39:41.994   680   680 E mm-camera: <IMGLIB><ERROR> 1258: frameproc_comp_load: frameproc_comp_load:1258] cannot load libmmcamera_llvd.so
07-22 01:39:41.994   680   680 E mm-camera: <IMGLIB><ERROR> 3592: module_imgbase_init: llvd] Error rc -7
07-22 01:39:42.005   680   680 E mm-camera: <IMGLIB><ERROR> 4510: module_qdc_common_init:  Algo Capabilities Crop caps 1,core type 2, access mode 1, exec mode 1
07-22 01:39:42.006   680   680 E mm-camera: <IMGLIB><ERROR> 4270: module_qdc_common_get_valid_lib_index: error, invalid library
07-22 01:39:42.006   680   680 E mm-camera: <IMGLIB><ERROR> 4306: module_qdc_common_get_feature_lib: invalid index
07-22 01:39:42.007   680   680 E mm-camera: <IMGLIB><ERROR> 4270: module_qdc_common_get_valid_lib_index: error, invalid library
07-22 01:39:42.007   680   680 E mm-camera: <IMGLIB><ERROR> 4306: module_qdc_common_get_feature_lib: invalid index
07-22 01:39:42.009   680   680 E mm-camera: <IMGLIB><ERROR> 4270: module_qdc_common_get_valid_lib_index: error, invalid library
07-22 01:39:42.009   680   680 E mm-camera: <IMGLIB><ERROR> 4306: module_qdc_common_get_feature_lib: invalid index
07-22 01:39:42.015   680   680 E mm-camera: <IMGLIB><ERROR> 1392: frameproc_comp_reload_lib: Error opening frameproc library libmmcamera_mfproc_precpp.so error dlopen failed: library "libmmcamera_mfproc_precpp.so" not found
07-22 01:39:42.015   680   680 E mm-camera: <IMGLIB><ERROR> 1258: frameproc_comp_load: frameproc_comp_load:1258] cannot load libmmcamera_mfproc_precpp.so
07-22 01:39:42.015   680   680 E mm-camera: <IMGLIB><ERROR> 3592: module_imgbase_init: mfproc_precpp] Error rc -7
07-22 01:39:42.015   680   680 E mm-camera: <IMGLIB><ERROR> 215: faceproc_hw_comp_get_fd_device_name: Can not discover face-detect device
07-22 01:39:42.015   680   680 E mm-camera: <IMGLIB><ERROR> 5842: faceproc_hw_comp_load: Can not find device name
07-22 01:39:42.016   680   680 W mm-camera: <IMGLIB>< WARN> 1235: faceproc_dsp_comp_load: face detection dsp disabled , enable by set property
07-22 01:39:42.016   680   680 I mm-camera: <IMGLIB>< INFO> 2157: faceproc_sw_wrapper_load: Loading faceproc library
07-22 01:39:42.030     0     0 E mdss_mdp_cxipeak_vote: cxipeak api fail ret:-22 set_vote :0 new_rate:150000000 prev_rate:412500000
07-22 01:39:42.030     0     0 I mdss_dsi_on-:  
07-22 01:39:42.040   680   680 E mm-camera: <IMGLIB><ERROR> 1392: frameproc_comp_reload_lib: Error opening frameproc library libmmcamera_chromaflash_lib.so error dlopen failed: library "libmmcamera_chromaflash_lib.so" not found
07-22 01:39:42.040   680   680 E mm-camera: <IMGLIB><ERROR> 1258: frameproc_comp_load: frameproc_comp_load:1258] cannot load libmmcamera_chromaflash_lib.so
07-22 01:39:42.040   680   680 E mm-camera: <IMGLIB><ERROR> 3592: module_imgbase_init: imglib_chroma_flash] Error rc -7
07-22 01:39:42.040   680   680 W mm-camera: <IMGLIB>< WARN> 748: module_imglib_create_topology: Can not init the module imglib_chroma_flash
07-22 01:39:42.040   680   680 E mm-camera: <IMGLIB><ERROR> 1392: frameproc_comp_reload_lib: Error opening frameproc library libmmcamera_optizoom_lib.so error dlopen failed: library "libmmcamera_optizoom_lib.so" not found
07-22 01:39:42.041   680   680 E mm-camera: <IMGLIB><ERROR> 1258: frameproc_comp_load: frameproc_comp_load:1258] cannot load libmmcamera_optizoom_lib.so
07-22 01:39:42.041   680   680 E mm-camera: <IMGLIB><ERROR> 3592: module_imgbase_init: imglib_optizoom] Error rc -7
07-22 01:39:42.041   680   680 W mm-camera: <IMGLIB>< WARN> 748: module_imglib_create_topology: Can not init the module imglib_optizoom
07-22 01:39:42.041   680   680 E mm-camera: <IMGLIB><ERROR> 1392: frameproc_comp_reload_lib: Error opening frameproc library libmmcamera_ubifocus_lib.so error dlopen failed: library "libmmcamera_ubifocus_lib.so" not found
07-22 01:39:42.041   680   680 E mm-camera: <IMGLIB><ERROR> 1258: frameproc_comp_load: frameproc_comp_load:1258] cannot load libmmcamera_ubifocus_lib.so
07-22 01:39:42.041   680   680 E mm-camera: <IMGLIB><ERROR> 3592: module_imgbase_init: imglib_ubifocus] Error rc -7
07-22 01:39:42.041   680   680 W mm-camera: <IMGLIB>< WARN> 748: module_imglib_create_topology: Can not init the module imglib_ubifocus
07-22 01:39:42.042   680   680 E mm-camera: <IMGLIB><ERROR> 1392: frameproc_comp_reload_lib: Error opening frameproc library libmmcamera_ubifocus_lib.so error dlopen failed: library "libmmcamera_ubifocus_lib.so" not found
07-22 01:39:42.042   680   680 E mm-camera: <IMGLIB><ERROR> 1258: frameproc_comp_load: frameproc_comp_load:1258] cannot load libmmcamera_ubifocus_lib.so
07-22 01:39:42.042   680   680 E mm-camera: <IMGLIB><ERROR> 3592: module_imgbase_init: imglib_refocus] Error rc -7
07-22 01:39:42.042   680   680 W mm-camera: <IMGLIB>< WARN> 748: module_imglib_create_topology: Can not init the module imglib_refocus
07-22 01:39:42.042   680   680 E mm-camera: <IMGLIB><ERROR> 1392: frameproc_comp_reload_lib: Error opening frameproc library libmmcamera_trueportrait_lib.so error dlopen failed: library "libmmcamera_trueportrait_lib.so" not found
07-22 01:39:42.042   680   680 E mm-camera: <IMGLIB><ERROR> 1258: frameproc_comp_load: frameproc_comp_load:1258] cannot load libmmcamera_trueportrait_lib.so
07-22 01:39:42.042   680   680 E mm-camera: <IMGLIB><ERROR> 3592: module_imgbase_init: imglib_trueportrait] Error rc -7
07-22 01:39:42.042   680   680 W mm-camera: <IMGLIB>< WARN> 748: module_imglib_create_topology: Can not init the module imglib_trueportrait
07-22 01:39:42.055     0     0 I input   : sdm660-snd-card-i40 Headset Jack as /devices/platform/soc/soc:qcom,msm-audio-apr/soc:qcom,msm-audio-apr:qcom,q6core-audio/soc:qcom,msm-audio-apr:qcom,q6core-audio:sound/sound/card0/input4
07-22 01:39:42.055     0     0 I input   : sdm660-snd-card-i40 Button Jack as /devices/platform/soc/soc:qcom,msm-audio-apr/soc:qcom,msm-audio-apr:qcom,q6core-audio/soc:qcom,msm-audio-apr:qcom,q6core-audio:sound/sound/card0/input5
07-22 01:39:42.067   680   680 I OpenCV  : calling android_getCpuFeatures() ...
07-22 01:39:42.068   680   680 I OpenCV  : calling android_getCpuFeatures() ... Done (1f7ff)
07-22 01:39:42.069   680   680 E mm-camera: <IMGLIB><ERROR> 111: module_mfproc_postcpp_init:  module_mfproc_postcpp_init(),  E 
07-22 01:39:42.069   680   680 E mm-camera: <IMGLIB><ERROR> 1392: frameproc_comp_reload_lib: Error opening frameproc library libmmcamera_mfproc_postcpp.so error dlopen failed: library "libmmcamera_mfproc_postcpp.so" not found
07-22 01:39:42.069   680   680 E mm-camera: <IMGLIB><ERROR> 1258: frameproc_comp_load: frameproc_comp_load:1258] cannot load libmmcamera_mfproc_postcpp.so
07-22 01:39:42.069   680   680 E mm-camera: <IMGLIB><ERROR> 3592: module_imgbase_init: imglib_mfproc_postcpp] Error rc -7
07-22 01:39:42.069   680   680 W mm-camera: <IMGLIB>< WARN> 748: module_imglib_create_topology: Can not init the module imglib_mfproc_postcpp
07-22 01:39:42.069   680   680 W mm-camera: <IMGLIB>< WARN> 748: module_imglib_create_topology: Can not init the module imglib_oem1
07-22 01:39:42.069   680   680 I QCamera : <MCI><INFO> get_num_of_cameras: 2783: dev_info[id=0,name='video3']
07-22 01:39:42.070   680   680 I QCamera : <MCI><INFO> sort_camera_info: 2617: Camera id: 0 facing: 1, type: 1 is_yuv: 0
07-22 01:39:42.070   680   680 I QCamera : <MCI><INFO> sort_camera_info: 2623: Number of cameras 1 sorted 1
07-22 01:39:42.070   680   680 I QCamera : <MCI><INFO> get_num_of_cameras: 2801: num_cameras=1
07-22 01:39:42.070   680   680 E QCamera2Factory: get_number_of_cameras num of cameras: 1
07-22 01:39:42.070   680   680 I CamPrvdr@2.4-legacy: Loaded "QCamera Module" camera module
07-22 01:39:42.070   680   680 E QCamera2Factory: get_number_of_cameras num of cameras: 1
07-22 01:39:42.070   680   680 I QCamera : <HAL><INFO> getCameraInfo: 359: Camera id 0 API version 768
07-22 01:39:42.070   680   680 D QCamera : Debug log file is not enabled
07-22 01:39:42.071     0     0 I msm_pm_qos_update_request: update request 100
07-22 01:39:42.071     0     0 I msm_pm_qos_add_request: add request
07-22 01:39:42.071   680   680 I mm-camera: <MCT   >< INFO> 118: mct_controller_new: Creating new mct_controller with session-id 3
07-22 01:39:42.071   680  1142 I mm-camera: <MCT   >< INFO> 5326: mct_pipeline_start_session_thread: E sensor
07-22 01:39:42.071   680  1142 I mm-camera: <MCT   >< INFO> 5333: mct_pipeline_start_session_thread: Calling start_session on Module sensor
07-22 01:39:42.072   680  1143 I mm-camera: <MCT   >< INFO> 5326: mct_pipeline_start_session_thread: E iface
07-22 01:39:42.072   680  1143 I mm-camera: <MCT   >< INFO> 5333: mct_pipeline_start_session_thread: Calling start_session on Module iface
07-22 01:39:42.072   680  1145 I mm-camera: <MCT   >< INFO> 5326: mct_pipeline_start_session_thread: E isp
07-22 01:39:42.072   680  1145 I mm-camera: <MCT   >< INFO> 5333: mct_pipeline_start_session_thread: Calling start_session on Module isp
07-22 01:39:42.072   680  1143 I mm-camera: <MCT   >< INFO> 5336: mct_pipeline_start_session_thread: Module iface start_session rc = 1
07-22 01:39:42.072   680  1145 I mm-camera: <ISP   >< INFO> 214: isp_module_start_session: session id 3 
07-22 01:39:42.072     0     0 I msm_csid_init: CSID_VERSION = 0x30050000
07-22 01:39:42.072   680  1143 I mm-camera: <MCT   >< INFO> 5344: mct_pipeline_start_session_thread: started_num = 1, success = 1
07-22 01:39:42.073   680  1143 I mm-camera: <MCT   >< INFO> 5351: mct_pipeline_start_session_thread: X iface
07-22 01:39:42.073   680  1147 I mm-camera: <MCT   >< INFO> 5326: mct_pipeline_start_session_thread: E stats
07-22 01:39:42.073   680  1147 I mm-camera: <MCT   >< INFO> 5333: mct_pipeline_start_session_thread: Calling start_session on Module stats
07-22 01:39:42.073     0     0 E         : msm_csid_irq CSID0_IRQ_STATUS_ADDR = 0x800
07-22 01:39:42.073   680  1150 I mm-camera: <MCT   >< INFO> 5326: mct_pipeline_start_session_thread: E pproc
07-22 01:39:42.074   680  1150 I mm-camera: <MCT   >< INFO> 5333: mct_pipeline_start_session_thread: Calling start_session on Module pproc
07-22 01:39:42.074   680  1151 I mm-camera: <MCT   >< INFO> 5326: mct_pipeline_start_session_thread: E imglib
07-22 01:39:42.074   680  1151 I mm-camera: <MCT   >< INFO> 5333: mct_pipeline_start_session_thread: Calling start_session on Module imglib
07-22 01:39:42.075   680  1151 I mm-camera: <MCT   >< INFO> 5336: mct_pipeline_start_session_thread: Module imglib start_session rc = 1
07-22 01:39:42.075   680  1151 I mm-camera: <MCT   >< INFO> 5344: mct_pipeline_start_session_thread: started_num = 2, success = 2
07-22 01:39:42.075   680  1151 I mm-camera: <MCT   >< INFO> 5351: mct_pipeline_start_session_thread: X imglib
07-22 01:39:42.076   680  1150 I mm-camera: <MCT   >< INFO> 5336: mct_pipeline_start_session_thread: Module pproc start_session rc = 1
07-22 01:39:42.076   680  1150 I mm-camera: <MCT   >< INFO> 5344: mct_pipeline_start_session_thread: started_num = 3, success = 3
07-22 01:39:42.076   680  1150 I mm-camera: <MCT   >< INFO> 5351: mct_pipeline_start_session_thread: X pproc
07-22 01:39:42.077   680  1145 I mm-camera: <MCT   >< INFO> 5336: mct_pipeline_start_session_thread: Module isp start_session rc = 1
07-22 01:39:42.077   680  1145 I mm-camera: <MCT   >< INFO> 5344: mct_pipeline_start_session_thread: started_num = 4, success = 4
07-22 01:39:42.077   680  1145 I mm-camera: <MCT   >< INFO> 5351: mct_pipeline_start_session_thread: X isp
07-22 01:39:42.078   680  1147 I mm-camera: <MCT   >< INFO> 5336: mct_pipeline_start_session_thread: Module stats start_session rc = 1
07-22 01:39:42.078   680  1147 I mm-camera: <MCT   >< INFO> 5344: mct_pipeline_start_session_thread: started_num = 5, success = 5
07-22 01:39:42.078   680  1147 I mm-camera: <MCT   >< INFO> 5351: mct_pipeline_start_session_thread: X stats
07-22 01:39:42.079     0     0 I MSM-CPP cpp_init_hardware: 1135 CPP HW Version: 0x60010002
07-22 01:39:42.079     0     0 E MSM-CPP cpp_init_hardware: 1153 stream_cnt:0
07-22 01:39:42.080   680  1142 I mm-camera: <MCT   >< INFO> 5336: mct_pipeline_start_session_thread: Module sensor start_session rc = 1
07-22 01:39:42.080   680  1142 I mm-camera: <MCT   >< INFO> 5344: mct_pipeline_start_session_thread: started_num = 6, success = 6
07-22 01:39:42.080   680  1142 I mm-camera: <MCT   >< INFO> 5351: mct_pipeline_start_session_thread: X sensor
07-22 01:39:42.080   637   637 I zygote64: Thread[1,tid=637,Native,Thread*=0x789267cc00,peer=0x12c022c0,"main"] recursive attempt to load library "libmedia_jni.so"
07-22 01:39:42.080   637   637 D MtpDeviceJNI: register_android_mtp_MtpDevice
07-22 01:39:42.081   637   637 I zygote64: Thread[1,tid=637,Native,Thread*=0x789267cc00,peer=0x12c022c0,"main"] recursive attempt to load library "libmedia_jni.so"
07-22 01:39:42.081   637   637 I zygote64: Thread[1,tid=637,Native,Thread*=0x789267cc00,peer=0x12c022c0,"main"] recursive attempt to load library "libmedia_jni.so"
07-22 01:39:42.081   637   637 V MediaProfiles: getInstance
07-22 01:39:42.082   637   637 V MediaProfiles: addStartTimeOffset: cameraId=0, offset=1000 ms
07-22 01:39:42.082   637   637 D MediaProfiles: video codec:
07-22 01:39:42.082   637   637 D MediaProfiles: codec = 2
07-22 01:39:42.082   637   637 D MediaProfiles: bit rate: 192000
07-22 01:39:42.082   637   637 D MediaProfiles: frame width: 176
07-22 01:39:42.082   637   637 D MediaProfiles: frame height: 144
07-22 01:39:42.082   637   637 D MediaProfiles: frame rate: 30
07-22 01:39:42.082   637   637 D MediaProfiles: audio codec:
07-22 01:39:42.082   637   637 D MediaProfiles: codec = 1
07-22 01:39:42.082   637   637 D MediaProfiles: bit rate: 12200
07-22 01:39:42.082   637   637 D MediaProfiles: sample rate: 8000
07-22 01:39:42.082   637   637 D MediaProfiles: number of channels: 1
07-22 01:39:42.082   637   637 D MediaProfiles: video codec:
07-22 01:39:42.082   637   637 D MediaProfiles: codec = 2
07-22 01:39:42.082   637   637 D MediaProfiles: bit rate: 20000000
07-22 01:39:42.082   637   637 D MediaProfiles: frame width: 1920
07-22 01:39:42.082   637   637 D MediaProfiles: frame height: 1080
07-22 01:39:42.082   637   637 D MediaProfiles: frame rate: 30
07-22 01:39:42.082   637   637 D MediaProfiles: audio codec:
07-22 01:39:42.082   637   637 D MediaProfiles: codec = 3
07-22 01:39:42.082   637   637 D MediaProfiles: bit rate: 156000
07-22 01:39:42.082   637   637 D MediaProfiles: sample rate: 48000
07-22 01:39:42.082   637   637 D MediaProfiles: number of channels: 2
07-22 01:39:42.082   637   637 D MediaProfiles: video codec:
07-22 01:39:42.082   637   637 D MediaProfiles: codec = 2
07-22 01:39:42.082   637   637 D MediaProfiles: bit rate: 512000
07-22 01:39:42.082   637   637 D MediaProfiles: frame width: 320
07-22 01:39:42.082   637   637 D MediaProfiles: frame height: 240
07-22 01:39:42.082   637   637 D MediaProfiles: frame rate: 30
07-22 01:39:42.082   637   637 D MediaProfiles: audio codec:
07-22 01:39:42.082   637   637 D MediaProfiles: codec = 3
07-22 01:39:42.082   637   637 D MediaProfiles: bit rate: 156000
07-22 01:39:42.082   637   637 D MediaProfiles: sample rate: 48000
07-22 01:39:42.082   637   637 D MediaProfiles: number of channels: 2
07-22 01:39:42.082   637   637 D MediaProfiles: video codec:
07-22 01:39:42.082   637   637 D MediaProfiles: codec = 2
07-22 01:39:42.082   637   637 D MediaProfiles: bit rate: 720000
07-22 01:39:42.082   637   637 D MediaProfiles: frame width: 352
07-22 01:39:42.082   637   637 D MediaProfiles: frame height: 288
07-22 01:39:42.082   637   637 D MediaProfiles: frame rate: 30
07-22 01:39:42.082   637   637 D MediaProfiles: audio codec:
07-22 01:39:42.082   637   637 D MediaProfiles: codec = 1
07-22 01:39:42.082   637   637 D MediaProfiles: bit rate: 12200
07-22 01:39:42.082   637   637 D MediaProfiles: sample rate: 8000
07-22 01:39:42.082   637   637 D MediaProfiles: number of channels: 1
07-22 01:39:42.082   637   637 D MediaProfiles: video codec:
07-22 01:39:42.082   637   637 D MediaProfiles: codec = 2
07-22 01:39:42.082   637   637 D MediaProfiles: bit rate: 2000000
07-22 01:39:42.082   637   637 D MediaProfiles: frame width: 720
07-22 01:39:42.082   637   637 D MediaProfiles: frame height: 480
07-22 01:39:42.082   637   637 D MediaProfiles: frame rate: 30
07-22 01:39:42.082   637   637 D MediaProfiles: audio codec:
07-22 01:39:42.082   637   637 D MediaProfiles: codec = 3
07-22 01:39:42.082   637   637 D MediaProfiles: bit rate: 156000
07-22 01:39:42.082   637   637 D MediaProfiles: sample rate: 48000
07-22 01:39:42.082   637   637 D MediaProfiles: number of channels: 2
07-22 01:39:42.082   637   637 D MediaProfiles: video codec:
07-22 01:39:42.082   637   637 D MediaProfiles: codec = 2
07-22 01:39:42.082   637   637 D MediaProfiles: bit rate: 14000000
07-22 01:39:42.082   637   637 D MediaProfiles: frame width: 1280
07-22 01:39:42.082   637   637 D MediaProfiles: frame height: 720
07-22 01:39:42.082   637   637 D MediaProfiles: frame rate: 30
07-22 01:39:42.082   637   637 D MediaProfiles: audio codec:
07-22 01:39:42.082   637   637 D MediaProfiles: codec = 3
07-22 01:39:42.082   637   637 D MediaProfiles: bit rate: 156000
07-22 01:39:42.082   637   637 D MediaProfiles: sample rate: 48000
07-22 01:39:42.082   637   637 D MediaProfiles: number of channels: 2
07-22 01:39:42.082   637   637 D MediaProfiles: video codec:
07-22 01:39:42.082   637   637 D MediaProfiles: codec = 2
07-22 01:39:42.082   637   637 D MediaProfiles: bit rate: 20000000
