09-05 22:31:50.750     0     0 I input   : sdm660-snd-card-i40 Button Jack as /devices/platform/soc/soc:qcom,msm-audio-apr/soc:qcom,msm-audio-apr:qcom,q6core-audio/soc:qcom,msm-audio-apr:qcom,q6core-audio:sound/sound/card0/input5
09-05 22:31:50.762   872   872 I adbd    : UsbFfs: already offline
09-05 22:31:50.815     0     0 I mdss_fb_start_disp_thread: mdss_fb_blank_unblank+0x1ac/0x340: start display thread fb0
09-05 22:31:50.817     0     0 I sn65dsi86_dsi2edp_enable_early: start
09-05 22:31:50.817     0     0 I sn65dsi86_dsi2edp_panel_enable: set to 1
09-05 22:31:50.821   937  1013 I ServiceManager: Waiting for service 'package_native' on '/dev/binder'...
09-05 22:31:50.844   670   670 E mm-camera: <IMGLIB><ERROR> 1392: frameproc_comp_reload_lib: Error opening frameproc library libmmcamera_ppeiscore.so error dlopen failed: library "libGLESv2_adreno.so" not found
09-05 22:31:50.844   670   670 E mm-camera: <IMGLIB><ERROR> 1258: frameproc_comp_load: frameproc_comp_load:1258] cannot load libmmcamera_ppeiscore.so
09-05 22:31:50.844   670   670 E mm-camera: <IMGLIB><ERROR> 3592: module_imgbase_init: ppeiscore] Error rc -7
09-05 22:31:50.852   670   670 E mm-camera: <IMGLIB><ERROR> 1392: frameproc_comp_reload_lib: Error opening frameproc library libmmcamera_llvd.so error dlopen failed: library "libmmcamera_llvd.so" not found
09-05 22:31:50.852   670   670 E mm-camera: <IMGLIB><ERROR> 1258: frameproc_comp_load: frameproc_comp_load:1258] cannot load libmmcamera_llvd.so
09-05 22:31:50.852   670   670 E mm-camera: <IMGLIB><ERROR> 3592: module_imgbase_init: llvd] Error rc -7
09-05 22:31:50.858   670   670 E mm-camera: <IMGLIB><ERROR> 4510: module_qdc_common_init:  Algo Capabilities Crop caps 1,core type 2, access mode 1, exec mode 1
09-05 22:31:50.858   670   670 E mm-camera: <IMGLIB><ERROR> 4270: module_qdc_common_get_valid_lib_index: error, invalid library
09-05 22:31:50.858   670   670 E mm-camera: <IMGLIB><ERROR> 4306: module_qdc_common_get_feature_lib: invalid index
09-05 22:31:50.859   670   670 E mm-camera: <IMGLIB><ERROR> 4270: module_qdc_common_get_valid_lib_index: error, invalid library
09-05 22:31:50.859   670   670 E mm-camera: <IMGLIB><ERROR> 4306: module_qdc_common_get_feature_lib: invalid index
09-05 22:31:50.861   670   670 E mm-camera: <IMGLIB><ERROR> 4270: module_qdc_common_get_valid_lib_index: error, invalid library
09-05 22:31:50.861   670   670 E mm-camera: <IMGLIB><ERROR> 4306: module_qdc_common_get_feature_lib: invalid index
09-05 22:31:50.864   670   670 E mm-camera: <IMGLIB><ERROR> 1392: frameproc_comp_reload_lib: Error opening frameproc library libmmcamera_mfproc_precpp.so error dlopen failed: library "libmmcamera_mfproc_precpp.so" not found
09-05 22:31:50.865   670   670 E mm-camera: <IMGLIB><ERROR> 1258: frameproc_comp_load: frameproc_comp_load:1258] cannot load libmmcamera_mfproc_precpp.so
09-05 22:31:50.865   670   670 E mm-camera: <IMGLIB><ERROR> 3592: module_imgbase_init: mfproc_precpp] Error rc -7
09-05 22:31:50.865   670   670 E mm-camera: <IMGLIB><ERROR> 215: faceproc_hw_comp_get_fd_device_name: Can not discover face-detect device
09-05 22:31:50.865   670   670 E mm-camera: <IMGLIB><ERROR> 5842: faceproc_hw_comp_load: Can not find device name
09-05 22:31:50.865   670   670 W mm-camera: <IMGLIB>< WARN> 1235: faceproc_dsp_comp_load: face detection dsp disabled , enable by set property
09-05 22:31:50.865   670   670 I mm-camera: <IMGLIB>< INFO> 2157: faceproc_sw_wrapper_load: Loading faceproc library
09-05 22:31:50.885   670   670 E mm-camera: <IMGLIB><ERROR> 1392: frameproc_comp_reload_lib: Error opening frameproc library libmmcamera_chromaflash_lib.so error dlopen failed: library "libmmcamera_chromaflash_lib.so" not found
09-05 22:31:50.886   670   670 E mm-camera: <IMGLIB><ERROR> 1258: frameproc_comp_load: frameproc_comp_load:1258] cannot load libmmcamera_chromaflash_lib.so
09-05 22:31:50.886   670   670 E mm-camera: <IMGLIB><ERROR> 3592: module_imgbase_init: imglib_chroma_flash] Error rc -7
09-05 22:31:50.886   670   670 W mm-camera: <IMGLIB>< WARN> 748: module_imglib_create_topology: Can not init the module imglib_chroma_flash
09-05 22:31:50.886   670   670 E mm-camera: <IMGLIB><ERROR> 1392: frameproc_comp_reload_lib: Error opening frameproc library libmmcamera_optizoom_lib.so error dlopen failed: library "libmmcamera_optizoom_lib.so" not found
09-05 22:31:50.886   670   670 E mm-camera: <IMGLIB><ERROR> 1258: frameproc_comp_load: frameproc_comp_load:1258] cannot load libmmcamera_optizoom_lib.so
09-05 22:31:50.886   670   670 E mm-camera: <IMGLIB><ERROR> 3592: module_imgbase_init: imglib_optizoom] Error rc -7
09-05 22:31:50.886   670   670 W mm-camera: <IMGLIB>< WARN> 748: module_imglib_create_topology: Can not init the module imglib_optizoom
09-05 22:31:50.886   670   670 E mm-camera: <IMGLIB><ERROR> 1392: frameproc_comp_reload_lib: Error opening frameproc library libmmcamera_ubifocus_lib.so error dlopen failed: library "libmmcamera_ubifocus_lib.so" not found
09-05 22:31:50.886   670   670 E mm-camera: <IMGLIB><ERROR> 1258: frameproc_comp_load: frameproc_comp_load:1258] cannot load libmmcamera_ubifocus_lib.so
09-05 22:31:50.886   670   670 E mm-camera: <IMGLIB><ERROR> 3592: module_imgbase_init: imglib_ubifocus] Error rc -7
09-05 22:31:50.887   670   670 W mm-camera: <IMGLIB>< WARN> 748: module_imglib_create_topology: Can not init the module imglib_ubifocus
09-05 22:31:50.887   670   670 E mm-camera: <IMGLIB><ERROR> 1392: frameproc_comp_reload_lib: Error opening frameproc library libmmcamera_ubifocus_lib.so error dlopen failed: library "libmmcamera_ubifocus_lib.so" not found
09-05 22:31:50.887   670   670 E mm-camera: <IMGLIB><ERROR> 1258: frameproc_comp_load: frameproc_comp_load:1258] cannot load libmmcamera_ubifocus_lib.so
09-05 22:31:50.887   670   670 E mm-camera: <IMGLIB><ERROR> 3592: module_imgbase_init: imglib_refocus] Error rc -7
09-05 22:31:50.887   670   670 W mm-camera: <IMGLIB>< WARN> 748: module_imglib_create_topology: Can not init the module imglib_refocus
09-05 22:31:50.887   670   670 E mm-camera: <IMGLIB><ERROR> 1392: frameproc_comp_reload_lib: Error opening frameproc library libmmcamera_trueportrait_lib.so error dlopen failed: library "libmmcamera_trueportrait_lib.so" not found
09-05 22:31:50.887   670   670 E mm-camera: <IMGLIB><ERROR> 1258: frameproc_comp_load: frameproc_comp_load:1258] cannot load libmmcamera_trueportrait_lib.so
09-05 22:31:50.887   670   670 E mm-camera: <IMGLIB><ERROR> 3592: module_imgbase_init: imglib_trueportrait] Error rc -7
09-05 22:31:50.887   670   670 W mm-camera: <IMGLIB>< WARN> 748: module_imglib_create_topology: Can not init the module imglib_trueportrait
09-05 22:31:50.890   627   627 E ActivityRecognitionHardware: activity_recognition HAL is deprecated. class_init is effectively a no-op
09-05 22:31:50.904   670   670 I OpenCV  : calling android_getCpuFeatures() ...
09-05 22:31:50.905   670   670 I OpenCV  : calling android_getCpuFeatures() ... Done (1f7ff)
09-05 22:31:50.906   670   670 E mm-camera: <IMGLIB><ERROR> 111: module_mfproc_postcpp_init:  module_mfproc_postcpp_init(),  E 
09-05 22:31:50.906   670   670 E mm-camera: <IMGLIB><ERROR> 1392: frameproc_comp_reload_lib: Error opening frameproc library libmmcamera_mfproc_postcpp.so error dlopen failed: library "libmmcamera_mfproc_postcpp.so" not found
09-05 22:31:50.906   670   670 E mm-camera: <IMGLIB><ERROR> 1258: frameproc_comp_load: frameproc_comp_load:1258] cannot load libmmcamera_mfproc_postcpp.so
09-05 22:31:50.906   670   670 E mm-camera: <IMGLIB><ERROR> 3592: module_imgbase_init: imglib_mfproc_postcpp] Error rc -7
09-05 22:31:50.906   670   670 W mm-camera: <IMGLIB>< WARN> 748: module_imglib_create_topology: Can not init the module imglib_mfproc_postcpp
09-05 22:31:50.906   670   670 W mm-camera: <IMGLIB>< WARN> 748: module_imglib_create_topology: Can not init the module imglib_oem1
09-05 22:31:50.907   670   670 I QCamera : <MCI><INFO> get_num_of_cameras: 2783: dev_info[id=0,name='video3']
09-05 22:31:50.907   670   670 I QCamera : <MCI><INFO> sort_camera_info: 2617: Camera id: 0 facing: 1, type: 1 is_yuv: 0
09-05 22:31:50.907   670   670 I QCamera : <MCI><INFO> sort_camera_info: 2623: Number of cameras 1 sorted 1
09-05 22:31:50.907   670   670 I QCamera : <MCI><INFO> get_num_of_cameras: 2801: num_cameras=1
09-05 22:31:50.907   670   670 E QCamera2Factory: get_number_of_cameras num of cameras: 1
09-05 22:31:50.907   670   670 I CamPrvdr@2.4-legacy: Loaded "QCamera Module" camera module
09-05 22:31:50.907   670   670 E QCamera2Factory: get_number_of_cameras num of cameras: 1
09-05 22:31:50.908   670   670 I QCamera : <HAL><INFO> getCameraInfo: 359: Camera id 0 API version 768
09-05 22:31:50.908   670   670 D QCamera : Debug log file is not enabled
09-05 22:31:50.908     0     0 I msm_pm_qos_update_request: update request 100
09-05 22:31:50.908     0     0 I msm_pm_qos_add_request: add request
09-05 22:31:50.908   670   670 I mm-camera: <MCT   >< INFO> 118: mct_controller_new: Creating new mct_controller with session-id 3
09-05 22:31:50.908   670  1182 I mm-camera: <MCT   >< INFO> 5326: mct_pipeline_start_session_thread: E sensor
09-05 22:31:50.909   670  1182 I mm-camera: <MCT   >< INFO> 5333: mct_pipeline_start_session_thread: Calling start_session on Module sensor
09-05 22:31:50.909   670  1183 I mm-camera: <MCT   >< INFO> 5326: mct_pipeline_start_session_thread: E iface
09-05 22:31:50.909   670  1183 I mm-camera: <MCT   >< INFO> 5333: mct_pipeline_start_session_thread: Calling start_session on Module iface
09-05 22:31:50.909   670  1185 I mm-camera: <MCT   >< INFO> 5326: mct_pipeline_start_session_thread: E isp
09-05 22:31:50.909   670  1185 I mm-camera: <MCT   >< INFO> 5333: mct_pipeline_start_session_thread: Calling start_session on Module isp
09-05 22:31:50.909   670  1185 I mm-camera: <ISP   >< INFO> 214: isp_module_start_session: session id 3 
09-05 22:31:50.909   670  1187 I mm-camera: <MCT   >< INFO> 5326: mct_pipeline_start_session_thread: E stats
09-05 22:31:50.909   670  1187 I mm-camera: <MCT   >< INFO> 5333: mct_pipeline_start_session_thread: Calling start_session on Module stats
09-05 22:31:50.909   670  1188 I mm-camera: <MCT   >< INFO> 5326: mct_pipeline_start_session_thread: E pproc
09-05 22:31:50.909   670  1188 I mm-camera: <MCT   >< INFO> 5333: mct_pipeline_start_session_thread: Calling start_session on Module pproc
09-05 22:31:50.910   670  1183 I mm-camera: <MCT   >< INFO> 5336: mct_pipeline_start_session_thread: Module iface start_session rc = 1
09-05 22:31:50.910   670  1183 I mm-camera: <MCT   >< INFO> 5344: mct_pipeline_start_session_thread: started_num = 1, success = 1
09-05 22:31:50.910   670  1183 I mm-camera: <MCT   >< INFO> 5351: mct_pipeline_start_session_thread: X iface
09-05 22:31:50.910   670  1189 I mm-camera: <MCT   >< INFO> 5326: mct_pipeline_start_session_thread: E imglib
09-05 22:31:50.910   670  1189 I mm-camera: <MCT   >< INFO> 5333: mct_pipeline_start_session_thread: Calling start_session on Module imglib
09-05 22:31:50.911     0     0 I msm_csid_init: CSID_VERSION = 0x30050000
09-05 22:31:50.912     0     0 E         : msm_csid_irq CSID0_IRQ_STATUS_ADDR = 0x800
09-05 22:31:50.912   670  1189 I mm-camera: <MCT   >< INFO> 5336: mct_pipeline_start_session_thread: Module imglib start_session rc = 1
09-05 22:31:50.912   670  1189 I mm-camera: <MCT   >< INFO> 5344: mct_pipeline_start_session_thread: started_num = 2, success = 2
09-05 22:31:50.912   670  1189 I mm-camera: <MCT   >< INFO> 5351: mct_pipeline_start_session_thread: X imglib
09-05 22:31:50.912   670  1188 I mm-camera: <MCT   >< INFO> 5336: mct_pipeline_start_session_thread: Module pproc start_session rc = 1
09-05 22:31:50.913   670  1188 I mm-camera: <MCT   >< INFO> 5344: mct_pipeline_start_session_thread: started_num = 3, success = 3
09-05 22:31:50.913   670  1188 I mm-camera: <MCT   >< INFO> 5351: mct_pipeline_start_session_thread: X pproc
09-05 22:31:50.913   670  1187 I mm-camera: <MCT   >< INFO> 5336: mct_pipeline_start_session_thread: Module stats start_session rc = 1
09-05 22:31:50.913   670  1187 I mm-camera: <MCT   >< INFO> 5344: mct_pipeline_start_session_thread: started_num = 4, success = 4
09-05 22:31:50.913   670  1187 I mm-camera: <MCT   >< INFO> 5351: mct_pipeline_start_session_thread: X stats
09-05 22:31:50.914   670  1185 I mm-camera: <MCT   >< INFO> 5336: mct_pipeline_start_session_thread: Module isp start_session rc = 1
09-05 22:31:50.914   670  1185 I mm-camera: <MCT   >< INFO> 5344: mct_pipeline_start_session_thread: started_num = 5, success = 5
09-05 22:31:50.914   670  1185 I mm-camera: <MCT   >< INFO> 5351: mct_pipeline_start_session_thread: X isp
09-05 22:31:50.914     0     0 I MSM-CPP cpp_init_hardware: 1135 CPP HW Version: 0x60010002
09-05 22:31:50.914     0     0 E MSM-CPP cpp_init_hardware: 1153 stream_cnt:0
09-05 22:31:50.917   670  1182 I mm-camera: <MCT   >< INFO> 5336: mct_pipeline_start_session_thread: Module sensor start_session rc = 1
09-05 22:31:50.917   670  1182 I mm-camera: <MCT   >< INFO> 5344: mct_pipeline_start_session_thread: started_num = 6, success = 6
09-05 22:31:50.917   670  1182 I mm-camera: <MCT   >< INFO> 5351: mct_pipeline_start_session_thread: X sensor
09-05 22:31:50.921   937  1013 I ServiceManager: Waiting for service 'package_native' on '/dev/binder'...
09-05 22:31:50.929   670   670 I mm-camera: <MCT   >< INFO> 5247: mct_pipeline_start_stream_internal: Adding session stream streamid= 0xf for session=3
09-05 22:31:50.929   670   670 I mm-camera: <MCT   >< INFO> 5295: mct_pipeline_start_stream_internal: Linking session stream for session 3
09-05 22:31:50.929   670   670 I mm-camera: <MCT   >< INFO> 526: mct_stream_start_link: Start linking Session-stream 0x3000f
09-05 22:31:50.929   670   670 I mm-camera: <IFACE >< INFO> 344: iface_util_find_primary_cid: iface_util_find_primary_cid:344 error cannot find primary sensor format cids 1
09-05 22:31:50.929   670   670 I mm-camera: <ISP   >< INFO> 851: isp_port_check_caps_reserve: port 0xedcbe300 ide 3000f type 10 dim 0 0
09-05 22:31:50.929   670   670 I mm-camera: <PPROC >< INFO> 449: pproc_port_add_modules_to_stream: in identity 3000f stream 10 int_link = 0xed4b6b80
09-05 22:31:50.929   670   670 I mm-camera: <PPROC >< INFO> 461: pproc_port_add_modules_to_stream: :LINK linking mods tmod and paaf for identity 3000f
09-05 22:31:50.930   670   670 I mm-camera: <PPROC >< INFO> 461: pproc_port_add_modules_to_stream: :LINK linking mods paaf and sat for identity 3000f
09-05 22:31:50.930   670   670 I mm-camera: <PPROC >< INFO> 461: pproc_port_add_modules_to_stream: :LINK linking mods sat and c2d for identity 3000f
09-05 22:31:50.930   670   670 I mm-camera: <C2D   >< INFO> 1557: c2d_module_notify_add_stream: width 0, height 0, stride 0, scanline 0, is_type 0
09-05 22:31:50.930   670   670 I mm-camera: <PPROC >< INFO> 461: pproc_port_add_modules_to_stream: :LINK linking mods c2d and cpp for identity 3000f
09-05 22:31:50.930   670   670 I mm-camera: <CPP   >< INFO> 2538: cpp_module_notify_add_stream: :stream 10, width 0, height 0, stride 0,scanline 0, framelen 0
09-05 22:31:50.930   670   670 I mm-camera: <CPP   >< INFO> 2695: cpp_module_notify_add_stream: : stream 10, fmt 1, asf_mode 0, sharpness_level 0.000000,asf mask 0, denoise 0, denoise_mask 0, dsdn mask 0,dsdn enable 0, tnr mask 0, tnr enable 0, ds_mask 0, luma dsdn 0
09-05 22:31:50.930   670   670 I mm-camera: <PPROC >< INFO> 461: pproc_port_add_modules_to_stream: :LINK linking mods cpp and depth_map for identity 3000f
09-05 22:31:50.930   670   670 I mm-camera: <PPROC >< INFO> 461: pproc_port_add_modules_to_stream: :LINK linking mods depth_map and ezt for identity 3000f
09-05 22:31:50.930   670   670 I mm-camera: <PPROC >< INFO> 461: pproc_port_add_modules_to_stream: :LINK linking mods ezt and quadracfa for identity 3000f
09-05 22:31:50.931   670   670 E mm-camera: <STATS ><ERROR> 3027: stats_port_check_caps_reserve: Invalid Port capability type!
09-05 22:31:50.931   670   670 I chatty  : uid=1047(cameraserver) provider@2.4-se identical 3 lines
09-05 22:31:50.931   670   670 E mm-camera: <STATS ><ERROR> 3027: stats_port_check_caps_reserve: Invalid Port capability type!
09-05 22:31:50.932   670   670 I mm-camera: <MCT   >< INFO> 5304: mct_pipeline_start_stream_internal: Session stream linked successfully session 3
09-05 22:31:50.932   670  1201 E libsensor1: check_sensors_enabled: Sensors enabled = true
09-05 22:31:50.932   670  1201 E Diag_Lib:  Diag_LSM_Init: Failed to open handle to diag driver, error = 13
09-05 22:31:50.933   670   670 E ion     : ioctl c0044901 failed with code -1: Not a typewriter
09-05 22:31:50.947     0     0 I msm_cci_init: 1440: hw_version = 0x10060000
09-05 22:31:50.947     0     0 I         : @@@ original_sid = 0x10, valid_flag = 0x01, eeprom_version = 0x01, checksum = 0x03
09-05 22:31:50.947     0     0 I         : @@@ rc = 0, camera_sid = 0x10, eeprom_reg_addr = 0x03 , eeprom_reg_value = 0x32
09-05 22:31:50.947     0     0 I         : @@@ rc = 0, camera_sid = 0x10, eeprom_reg_addr = 0x04 , eeprom_reg_value = 0x30
09-05 22:31:50.948     0     0 I         : @@@ rc = 0, camera_sid = 0x10, eeprom_reg_addr = 0x05 , eeprom_reg_value = 0x32
09-05 22:31:50.948     0     0 I         : @@@ rc = 0, camera_sid = 0x10, eeprom_reg_addr = 0x06 , eeprom_reg_value = 0x30
09-05 22:31:50.948     0     0 I         : @@@ rc = 0, camera_sid = 0x10, eeprom_reg_addr = 0x07 , eeprom_reg_value = 0x31
09-05 22:31:50.948     0     0 I         : @@@ rc = 0, camera_sid = 0x10, eeprom_reg_addr = 0x08 , eeprom_reg_value = 0x31
09-05 22:31:50.948     0     0 I         : @@@ rc = 0, camera_sid = 0x10, eeprom_reg_addr = 0x09 , eeprom_reg_value = 0x32
09-05 22:31:50.948     0     0 I         : @@@ rc = 0, camera_sid = 0x10, eeprom_reg_addr = 0x0a , eeprom_reg_value = 0x37
09-05 22:31:50.949     0     0 I         : @@@ rc = 0, camera_sid = 0x10, eeprom_reg_addr = 0x0b , eeprom_reg_value = 0x31
09-05 22:31:50.949     0     0 I         : @@@ rc = 0, camera_sid = 0x10, eeprom_reg_addr = 0x0c , eeprom_reg_value = 0x38
09-05 22:31:50.955     0     0 I sn65dsi86_dsi2edp_enable_early: done
09-05 22:31:50.955     0     0 I sn65dsi86_dsi2edp_enable_lately: start for first time
09-05 22:31:50.955     0     0 I sn65dsi86_dsi2edp_enable_lately: start
09-05 22:31:50.993   627   627 I zygote64: Thread[1,tid=627,Native,Thread*=0x7007f30c00,peer=0x12c022c0,"main"] recursive attempt to load library "libmedia_jni.so"
09-05 22:31:50.993   627   627 D MtpDeviceJNI: register_android_mtp_MtpDevice
09-05 22:31:50.994   627   627 I zygote64: Thread[1,tid=627,Native,Thread*=0x7007f30c00,peer=0x12c022c0,"main"] recursive attempt to load library "libmedia_jni.so"
09-05 22:31:50.994   627   627 I zygote64: Thread[1,tid=627,Native,Thread*=0x7007f30c00,peer=0x12c022c0,"main"] recursive attempt to load library "libmedia_jni.so"
09-05 22:31:50.994   627   627 V MediaProfilesJNI: native_init
09-05 22:31:50.994   627   627 V MediaProfiles: getInstance
09-05 22:31:50.994   627   627 D MediaProfiles: YOUKAI in MediaProfiles::createInstanceFromXmlFile /vendor/etc/media_profiles_vendor.xml
09-05 22:31:50.995   627   627 V MediaProfiles: addStartTimeOffset: cameraId=0, offset=1000 ms
09-05 22:31:50.995   627   627 D MediaProfiles: video codec:
09-05 22:31:50.995   627   627 D MediaProfiles: codec = 2
09-05 22:31:50.995   627   627 D MediaProfiles: bit rate: 192000
09-05 22:31:50.995   627   627 D MediaProfiles: frame width: 176
09-05 22:31:50.995   627   627 D MediaProfiles: frame height: 144
09-05 22:31:50.995   627   627 D MediaProfiles: frame rate: 30
09-05 22:31:50.995   627   627 D MediaProfiles: audio codec:
09-05 22:31:50.995   627   627 D MediaProfiles: codec = 1
09-05 22:31:50.995   627   627 D MediaProfiles: bit rate: 12200
09-05 22:31:50.995   627   627 D MediaProfiles: sample rate: 8000
09-05 22:31:50.995   627   627 D MediaProfiles: number of channels: 1
09-05 22:31:50.995   627   627 D MediaProfiles: video codec:
09-05 22:31:50.995   627   627 D MediaProfiles: codec = 2
09-05 22:31:50.995   627   627 D MediaProfiles: bit rate: 20000000
09-05 22:31:50.995   627   627 D MediaProfiles: frame width: 1920
09-05 22:31:50.995   627   627 D MediaProfiles: frame height: 1080
09-05 22:31:50.995   627   627 D MediaProfiles: frame rate: 30
09-05 22:31:50.995   627   627 D MediaProfiles: audio codec:
09-05 22:31:50.995   627   627 D MediaProfiles: codec = 3
09-05 22:31:50.995   627   627 D MediaProfiles: bit rate: 156000
09-05 22:31:50.995   627   627 D MediaProfiles: sample rate: 48000
09-05 22:31:50.995   627   627 D MediaProfiles: number of channels: 2
09-05 22:31:50.995   627   627 D MediaProfiles: video codec:
09-05 22:31:50.995   627   627 D MediaProfiles: codec = 2
09-05 22:31:50.995   627   627 D MediaProfiles: bit rate: 512000
09-05 22:31:50.995   627   627 D MediaProfiles: frame width: 320
09-05 22:31:50.995   627   627 D MediaProfiles: frame height: 240
09-05 22:31:50.995   627   627 D MediaProfiles: frame rate: 30
09-05 22:31:50.995   627   627 D MediaProfiles: audio codec:
09-05 22:31:50.995   627   627 D MediaProfiles: codec = 3
09-05 22:31:50.995   627   627 D MediaProfiles: bit rate: 156000
09-05 22:31:50.995   627   627 D MediaProfiles: sample rate: 48000
09-05 22:31:50.995   627   627 D MediaProfiles: number of channels: 2
09-05 22:31:50.995   627   627 D MediaProfiles: video codec:
09-05 22:31:50.995   627   627 D MediaProfiles: codec = 2
09-05 22:31:50.995   627   627 D MediaProfiles: bit rate: 720000
09-05 22:31:50.995   627   627 D MediaProfiles: frame width: 352
09-05 22:31:50.995   627   627 D MediaProfiles: frame height: 288
09-05 22:31:50.995   627   627 D MediaProfiles: frame rate: 30
09-05 22:31:50.995   627   627 D MediaProfiles: audio codec:
09-05 22:31:50.995   627   627 D MediaProfiles: codec = 1
09-05 22:31:50.995   627   627 D MediaProfiles: bit rate: 12200
09-05 22:31:50.995   627   627 D MediaProfiles: sample rate: 8000
09-05 22:31:50.995   627   627 D MediaProfiles: number of channels: 1
09-05 22:31:50.995   627   627 D MediaProfiles: video codec:
09-05 22:31:50.995   627   627 D MediaProfiles: codec = 2
09-05 22:31:50.995   627   627 D MediaProfiles: bit rate: 2000000
09-05 22:31:50.995   627   627 D MediaProfiles: frame width: 720
09-05 22:31:50.995   627   627 D MediaProfiles: frame height: 480
09-05 22:31:50.995   627   627 D MediaProfiles: frame rate: 30
09-05 22:31:50.995   627   627 D MediaProfiles: audio codec:
09-05 22:31:50.995   627   627 D MediaProfiles: codec = 3
09-05 22:31:50.995   627   627 D MediaProfiles: bit rate: 156000
09-05 22:31:50.995   627   627 D MediaProfiles: sample rate: 48000
09-05 22:31:50.995   627   627 D MediaProfiles: number of channels: 2
09-05 22:31:50.995   627   627 D MediaProfiles: video codec:
09-05 22:31:50.995   627   627 D MediaProfiles: codec = 2
09-05 22:31:50.995   627   627 D MediaProfiles: bit rate: 14000000
09-05 22:31:50.995   627   627 D MediaProfiles: frame width: 1280
09-05 22:31:50.995   627   627 D MediaProfiles: frame height: 720
09-05 22:31:50.995   627   627 D MediaProfiles: frame rate: 30
09-05 22:31:50.995   627   627 D MediaProfiles: audio codec:
09-05 22:31:50.995   627   627 D MediaProfiles: codec = 3
09-05 22:31:50.995   627   627 D MediaProfiles: bit rate: 156000
09-05 22:31:50.995   627   627 D MediaProfiles: sample rate: 48000
09-05 22:31:50.995   627   627 D MediaProfiles: number of channels: 2
09-05 22:31:50.995   627   627 D MediaProfiles: video codec:
09-05 22:31:50.995   627   627 D MediaProfiles: codec = 2
09-05 22:31:50.995   627   627 D MediaProfiles: bit rate: 20000000
09-05 22:31:50.995   627   627 D MediaProfiles: frame width: 1920
09-05 22:31:50.995   627   627 D MediaProfiles: frame height: 1080
09-05 22:31:50.995   627   627 D MediaProfiles: frame rate: 30
09-05 22:31:50.995   627   627 D MediaProfiles: audio codec:
09-05 22:31:50.995   627   627 D MediaProfiles: codec = 3
09-05 22:31:50.995   627   627 D MediaProfiles: bit rate: 156000
09-05 22:31:50.995   627   627 D MediaProfiles: sample rate: 48000
09-05 22:31:50.995   627   627 D MediaProfiles: number of channels: 2
09-05 22:31:50.995   627   627 D MediaProfiles: video codec:
09-05 22:31:50.995   627   627 D MediaProfiles: codec = 2
09-05 22:31:50.995   627   627 D MediaProfiles: bit rate: 42000000
09-05 22:31:50.995   627   627 D MediaProfiles: frame width: 2560
09-05 22:31:50.995   627   627 D MediaProfiles: frame height: 1440
09-05 22:31:50.995   627   627 D MediaProfiles: frame rate: 30
09-05 22:31:50.995   627   627 D MediaProfiles: audio codec:
09-05 22:31:50.995   627   627 D MediaProfiles: codec = 3
09-05 22:31:50.995   627   627 D MediaProfiles: bit rate: 156000
09-05 22:31:50.996   627   627 D MediaProfiles: sample rate: 48000
09-05 22:31:50.996   627   627 D MediaProfiles: number of channels: 2
09-05 22:31:50.996   627   627 D MediaProfiles: video codec:
09-05 22:31:50.996   627   627 D MediaProfiles: codec = 2
09-05 22:31:50.996   627   627 D MediaProfiles: bit rate: 20000000
09-05 22:31:50.996   627   627 D MediaProfiles: frame width: 2048
09-05 22:31:50.996   627   627 D MediaProfiles: frame height: 1080
09-05 22:31:50.996   627   627 D MediaProfiles: frame rate: 30
09-05 22:31:50.996   627   627 D MediaProfiles: audio codec:
09-05 22:31:50.996   627   627 D MediaProfiles: codec = 3
09-05 22:31:50.996   627   627 D MediaProfiles: bit rate: 156000
09-05 22:31:50.996   627   627 D MediaProfiles: sample rate: 48000
09-05 22:31:50.996   627   627 D MediaProfiles: number of channels: 2
09-05 22:31:50.996   627   627 D MediaProfiles: video codec:
09-05 22:31:50.996   627   627 D MediaProfiles: codec = 2
09-05 22:31:50.996   627   627 D MediaProfiles: bit rate: 192000
09-05 22:31:50.996   627   627 D MediaProfiles: frame width: 176
09-05 22:31:50.996   627   627 D MediaProfiles: frame height: 144
09-05 22:31:50.996   627   627 D MediaProfiles: frame rate: 30
09-05 22:31:50.996   627   627 D MediaProfiles: audio codec:
09-05 22:31:50.996   627   627 D MediaProfiles: codec = 1
09-05 22:31:50.996   627   627 D MediaProfiles: bit rate: 12200
09-05 22:31:50.996   627   627 D MediaProfiles: sample rate: 8000
09-05 22:31:50.996   627   627 D MediaProfiles: number of channels: 1
09-05 22:31:50.996   627   627 D MediaProfiles: video codec:
09-05 22:31:50.996   627   627 D MediaProfiles: codec = 2
09-05 22:31:50.996   627   627 D MediaProfiles: bit rate: 2000000
09-05 22:31:50.996   627   627 D MediaProfiles: frame width: 640
09-05 22:31:50.996   627   627 D MediaProfiles: frame height: 480
09-05 22:31:50.996   627   627 D MediaProfiles: frame rate: 30
09-05 22:31:50.996   627   627 D MediaProfiles: audio codec:
09-05 22:31:50.996   627   627 D MediaProfiles: codec = 3
09-05 22:31:50.996   627   627 D MediaProfiles: bit rate: 156000
09-05 22:31:50.996   627   627 D MediaProfiles: sample rate: 48000
09-05 22:31:50.996   627   627 D MediaProfiles: number of channels: 2
09-05 22:31:50.996   627   627 D MediaProfiles: video codec:
09-05 22:31:50.996   627   627 D MediaProfiles: codec = 2
09-05 22:31:50.996   627   627 D MediaProfiles: bit rate: 192000
09-05 22:31:50.996   627   627 D MediaProfiles: frame width: 176
09-05 22:31:50.996   627   627 D MediaProfiles: frame height: 144
09-05 22:31:50.996   627   627 D MediaProfiles: frame rate: 30
09-05 22:31:50.996   627   627 D MediaProfiles: audio codec:
09-05 22:31:50.996   627   627 D MediaProfiles: codec = 1
09-05 22:31:50.996   627   627 D MediaProfiles: bit rate: 12200
09-05 22:31:50.996   627   627 D MediaProfiles: sample rate: 8000
09-05 22:31:50.996   627   627 D MediaProfiles: number of channels: 1
09-05 22:31:50.996   627   627 D MediaProfiles: video codec:
09-05 22:31:50.996   627   627 D MediaProfiles: codec = 2
09-05 22:31:50.996   627   627 D MediaProfiles: bit rate: 20000000
09-05 22:31:50.996   627   627 D MediaProfiles: frame width: 1920
09-05 22:31:50.996   627   627 D MediaProfiles: frame height: 1080
09-05 22:31:50.996   627   627 D MediaProfiles: frame rate: 30
09-05 22:31:50.996   627   627 D MediaProfiles: audio codec:
09-05 22:31:50.996   627   627 D MediaProfiles: codec = 3
09-05 22:31:50.996   627   627 D MediaProfiles: bit rate: 156000
09-05 22:31:50.996   627   627 D MediaProfiles: sample rate: 48000
09-05 22:31:50.996   627   627 D MediaProfiles: number of channels: 2
09-05 22:31:50.996   627   627 D MediaProfiles: video codec:
09-05 22:31:50.996   627   627 D MediaProfiles: codec = 2
09-05 22:31:50.996   627   627 D MediaProfiles: bit rate: 192000
09-05 22:31:50.996   627   627 D MediaProfiles: frame width: 176
09-05 22:31:50.996   627   627 D MediaProfiles: frame height: 144
09-05 22:31:50.996   627   627 D MediaProfiles: frame rate: 30
09-05 22:31:50.996   627   627 D MediaProfiles: audio codec:
09-05 22:31:50.996   627   627 D MediaProfiles: codec = 1
09-05 22:31:50.996   627   627 D MediaProfiles: bit rate: 12200
09-05 22:31:50.996   627   627 D MediaProfiles: sample rate: 8000
09-05 22:31:50.996   627   627 D MediaProfiles: number of channels: 1
09-05 22:31:50.996   627   627 D MediaProfiles: video codec:
09-05 22:31:50.996   627   627 D MediaProfiles: codec = 2
09-05 22:31:50.996   627   627 D MediaProfiles: bit rate: 720000
09-05 22:31:50.996   627   627 D MediaProfiles: frame width: 352
09-05 22:31:50.996   627   627 D MediaProfiles: frame height: 288
09-05 22:31:50.996   627   627 D MediaProfiles: frame rate: 30
09-05 22:31:50.996   627   627 D MediaProfiles: audio codec:
09-05 22:31:50.996   627   627 D MediaProfiles: codec = 1
09-05 22:31:50.996   627   627 D MediaProfiles: bit rate: 12200
09-05 22:31:50.996   627   627 D MediaProfiles: sample rate: 8000
09-05 22:31:50.996   627   627 D MediaProfiles: number of channels: 1
09-05 22:31:50.996   627   627 D MediaProfiles: video codec:
09-05 22:31:50.996   627   627 D MediaProfiles: codec = 2
09-05 22:31:50.996   627   627 D MediaProfiles: bit rate: 512000
09-05 22:31:50.996   627   627 D MediaProfiles: frame width: 320
09-05 22:31:50.996   627   627 D MediaProfiles: frame height: 240
09-05 22:31:50.996   627   627 D MediaProfiles: frame rate: 30
09-05 22:31:50.996   627   627 D MediaProfiles: audio codec:
09-05 22:31:50.996   627   627 D MediaProfiles: codec = 1
09-05 22:31:50.996   627   627 D MediaProfiles: bit rate: 12200
09-05 22:31:50.996   627   627 D MediaProfiles: sample rate: 8000
09-05 22:31:50.996   627   627 D MediaProfiles: number of channels: 1
09-05 22:31:50.996   627   627 D MediaProfiles: video codec:
09-05 22:31:50.996   627   627 D MediaProfiles: codec = 2
09-05 22:31:50.996   627   627 D MediaProfiles: bit rate: 2000000
09-05 22:31:50.996   627   627 D MediaProfiles: frame width: 640
09-05 22:31:50.996   627   627 D MediaProfiles: frame height: 480
09-05 22:31:50.996   627   627 D MediaProfiles: frame rate: 30
09-05 22:31:50.996   627   627 D MediaProfiles: audio codec:
09-05 22:31:50.996   627   627 D MediaProfiles: codec = 1
09-05 22:31:50.996   627   627 D MediaProfiles: bit rate: 12200
09-05 22:31:50.996   627   627 D MediaProfiles: sample rate: 8000
09-05 22:31:50.996   627   627 D MediaProfiles: number of channels: 1
09-05 22:31:50.996   627   627 D MediaProfiles: video codec:
09-05 22:31:50.996   627   627 D MediaProfiles: codec = 2
09-05 22:31:50.996   627   627 D MediaProfiles: bit rate: 2000000
09-05 22:31:50.996   627   627 D MediaProfiles: frame width: 640
09-05 22:31:50.996   627   627 D MediaProfiles: frame height: 480
09-05 22:31:50.996   627   627 D MediaProfiles: frame rate: 30
09-05 22:31:50.996   627   627 D MediaProfiles: audio codec:
09-05 22:31:50.996   627   627 D MediaProfiles: codec = 3
09-05 22:31:50.996   627   627 D MediaProfiles: bit rate: 156000
09-05 22:31:50.996   627   627 D MediaProfiles: sample rate: 48000
09-05 22:31:50.996   627   627 D MediaProfiles: number of channels: 2
09-05 22:31:50.996   627   627 D MediaProfiles: video codec:
09-05 22:31:50.996   627   627 D MediaProfiles: codec = 2
09-05 22:31:50.996   627   627 D MediaProfiles: bit rate: 14000000
09-05 22:31:50.996   627   627 D MediaProfiles: frame width: 1280
09-05 22:31:50.996   627   627 D MediaProfiles: frame height: 720
09-05 22:31:50.996   627   627 D MediaProfiles: frame rate: 30
09-05 22:31:50.996   627   627 D MediaProfiles: audio codec:
09-05 22:31:50.996   627   627 D MediaProfiles: codec = 3
09-05 22:31:50.996   627   627 D MediaProfiles: bit rate: 156000
09-05 22:31:50.996   627   627 D MediaProfiles: sample rate: 48000
09-05 22:31:50.996   627   627 D MediaProfiles: number of channels: 2
09-05 22:31:50.996   627   627 D MediaProfiles: video codec:
09-05 22:31:50.996   627   627 D MediaProfiles: codec = 2
09-05 22:31:50.996   627   627 D MediaProfiles: bit rate: 20000000
09-05 22:31:50.996   627   627 D MediaProfiles: frame width: 1920
09-05 22:31:50.996   627   627 D MediaProfiles: frame height: 1080
09-05 22:31:50.996   627   627 D MediaProfiles: frame rate: 30
09-05 22:31:50.996   627   627 D MediaProfiles: audio codec:
09-05 22:31:50.996   627   627 D MediaProfiles: codec = 3
09-05 22:31:50.996   627   627 D MediaProfiles: bit rate: 156000
09-05 22:31:50.996   627   627 D MediaProfiles: sample rate: 48000
09-05 22:31:50.996   627   627 D MediaProfiles: number of channels: 2
09-05 22:31:50.996   627   627 D MediaProfiles: video codec:
09-05 22:31:50.996   627   627 D MediaProfiles: codec = 2
09-05 22:31:50.996   627   627 D MediaProfiles: bit rate: 42000000
09-05 22:31:50.996   627   627 D MediaProfiles: frame width: 2560
09-05 22:31:50.996   627   627 D MediaProfiles: frame height: 1440
09-05 22:31:50.996   627   627 D MediaProfiles: frame rate: 30
09-05 22:31:50.996   627   627 D MediaProfiles: audio codec:
09-05 22:31:50.996   627   627 D MediaProfiles: codec = 3
09-05 22:31:50.996   627   627 D MediaProfiles: bit rate: 156000
09-05 22:31:50.996   627   627 D MediaProfiles: sample rate: 48000
09-05 22:31:50.996   627   627 D MediaProfiles: number of channels: 2
09-05 22:31:50.996   627   627 D MediaProfiles: video codec:
09-05 22:31:50.996   627   627 D MediaProfiles: codec = 2
09-05 22:31:50.996   627   627 D MediaProfiles: bit rate: 20000000
09-05 22:31:50.996   627   627 D MediaProfiles: frame width: 2048
09-05 22:31:50.996   627   627 D MediaProfiles: frame height: 1080
09-05 22:31:50.996   627   627 D MediaProfiles: frame rate: 30
09-05 22:31:50.996   627   627 D MediaProfiles: audio codec:
09-05 22:31:50.996   627   627 D MediaProfiles: codec = 3
09-05 22:31:50.996   627   627 D MediaProfiles: bit rate: 156000
09-05 22:31:50.996   627   627 D MediaProfiles: sample rate: 48000
09-05 22:31:50.996   627   627 D MediaProfiles: number of channels: 2
09-05 22:31:50.996   627   627 V MediaProfiles: addImageEncodingQualityLevel: cameraId=0, quality=95
09-05 22:31:50.996   627   627 V MediaProfiles: addImageEncodingQualityLevel: cameraId=0, quality=80
09-05 22:31:50.996   627   627 V MediaProfiles: addImageEncodingQualityLevel: cameraId=0, quality=70
09-05 22:31:50.996   627   627 V MediaProfiles: addStartTimeOffset: cameraId=1, offset=1000 ms
09-05 22:31:50.996   627   627 D MediaProfiles: video codec:
09-05 22:31:50.996   627   627 D MediaProfiles: codec = 2
09-05 22:31:50.996   627   627 D MediaProfiles: bit rate: 192000
09-05 22:31:50.996   627   627 D MediaProfiles: frame width: 176
09-05 22:31:50.996   627   627 D MediaProfiles: frame height: 144
09-05 22:31:50.996   627   627 D MediaProfiles: frame rate: 30
09-05 22:31:50.996   627   627 D MediaProfiles: audio codec:
09-05 22:31:50.996   627   627 D MediaProfiles: codec = 1
09-05 22:31:50.996   627   627 D MediaProfiles: bit rate: 12200
09-05 22:31:50.996   627   627 D MediaProfiles: sample rate: 8000
09-05 22:31:50.996   627   627 D MediaProfiles: number of channels: 1
09-05 22:31:50.996   627   627 D MediaProfiles: video codec:
09-05 22:31:50.996   627   627 D MediaProfiles: codec = 2
09-05 22:31:50.996   627   627 D MediaProfiles: bit rate: 20000000
09-05 22:31:50.996   627   627 D MediaProfiles: frame width: 1920
09-05 22:31:50.996   627   627 D MediaProfiles: frame height: 1080
09-05 22:31:50.996   627   627 D MediaProfiles: frame rate: 30
09-05 22:31:50.996   627   627 D MediaProfiles: audio codec:
09-05 22:31:50.996   627   627 D MediaProfiles: codec = 3
09-05 22:31:50.996   627   627 D MediaProfiles: bit rate: 156000
09-05 22:31:50.996   627   627 D MediaProfiles: sample rate: 48000
09-05 22:31:50.996   627   627 D MediaProfiles: number of channels: 2
09-05 22:31:50.997   627   627 D MediaProfiles: video codec:
09-05 22:31:50.997   627   627 D MediaProfiles: codec = 2
09-05 22:31:50.997   627   627 D MediaProfiles: bit rate: 512000
09-05 22:31:50.997   627   627 D MediaProfiles: frame width: 320
09-05 22:31:50.997   627   627 D MediaProfiles: frame height: 240
09-05 22:31:50.997   627   627 D MediaProfiles: frame rate: 30
09-05 22:31:50.997   627   627 D MediaProfiles: audio codec:
09-05 22:31:50.997   627   627 D MediaProfiles: codec = 3
09-05 22:31:50.997   627   627 D MediaProfiles: bit rate: 156000
09-05 22:31:50.997   627   627 D MediaProfiles: sample rate: 48000
09-05 22:31:50.997   627   627 D MediaProfiles: number of channels: 2
09-05 22:31:50.997   627   627 D MediaProfiles: video codec:
09-05 22:31:50.997   627   627 D MediaProfiles: codec = 2
09-05 22:31:50.997   627   627 D MediaProfiles: bit rate: 720000
09-05 22:31:50.997   627   627 D MediaProfiles: frame width: 352
09-05 22:31:50.997   627   627 D MediaProfiles: frame height: 288
09-05 22:31:50.997   627   627 D MediaProfiles: frame rate: 30
09-05 22:31:50.997   627   627 D MediaProfiles: audio codec:
09-05 22:31:50.997   627   627 D MediaProfiles: codec = 1
09-05 22:31:50.997   627   627 D MediaProfiles: bit rate: 12200
09-05 22:31:50.997   627   627 D MediaProfiles: sample rate: 8000
09-05 22:31:50.997   627   627 D MediaProfiles: number of channels: 1
09-05 22:31:50.997   627   627 D MediaProfiles: video codec:
09-05 22:31:50.997   627   627 D MediaProfiles: codec = 2
09-05 22:31:50.997   627   627 D MediaProfiles: bit rate: 2000000
09-05 22:31:50.997   627   627 D MediaProfiles: frame width: 720
09-05 22:31:50.997   627   627 D MediaProfiles: frame height: 480
09-05 22:31:50.997   627   627 D MediaProfiles: frame rate: 30
09-05 22:31:50.997   627   627 D MediaProfiles: audio codec:
09-05 22:31:50.997   627   627 D MediaProfiles: codec = 3
09-05 22:31:51.011   627   627 I liblog  : 791
09-05 22:31:51.011   627   627 W Zygote  : Class not found for preloading: android.media.audiopolicy.AudioProductStrategies
09-05 22:31:51.012   627   627 W Zygote  : Class not found for preloading: android.media.audiopolicy.AudioVolumeGroups
09-05 22:31:51.022   937  1013 I ServiceManager: Waiting for service 'package_native' on '/dev/binder'...
09-05 22:31:51.025   670  1184 E mm-camera: <SENSOR><ERROR> ov8856_gt24p64b_get_calibration_items: 30: is_insensor:0, is_afc:1, is_wbc:1, is_lsc:1, is_dpc:0, is_ois:0, is_dual:0
09-05 22:31:51.025   670  1184 E mm-camera: <SENSOR><ERROR> 247: module_sensor_offload_init_config: func_tbl for submodule 4 is NULL
09-05 22:31:51.025   670  1184 E mm-camera: <SENSOR><ERROR> 249: module_sensor_offload_init_config: failed to get led off frame skip time
09-05 22:31:51.032   670  1180 I mm-camera: <MCT   >< INFO> 3323: mct_sysinfo_read: sysinfo:path /sys/module/msm_sensor_driver/parameters/only_support_5M data 0 size 10
09-05 22:31:51.032   670  1180 I mm-camera: <MCT   >< INFO> 2279: mct_pipeline_append_fps_entry:  Added hal_table[0]: (15.000000, 15.000000)
09-05 22:31:51.032   670  1180 I mm-camera: <MCT   >< INFO> 2279: mct_pipeline_append_fps_entry:  Added hal_table[1]: (20.000000, 20.000000)
09-05 22:31:51.032   670  1180 I mm-camera: <MCT   >< INFO> 2279: mct_pipeline_append_fps_entry:  Added hal_table[2]: (24.000000, 24.000000)
09-05 22:31:51.032   670  1180 I mm-camera: <MCT   >< INFO> 2279: mct_pipeline_append_fps_entry:  Added hal_table[3]: (7.000000, 30.000000)
09-05 22:31:51.032   670  1180 I mm-camera: <MCT   >< INFO> 2292: mct_pipeline_append_fps_entry:  Added hal_table[4]: (30.000000, 30.000000)
09-05 22:31:51.032   670  1180 I mm-camera: <MCT   >< INFO> 3611: mct_pipeline_fill_dimensions_snapshot: Cam 1: FPS range selection complete. Publishing 5 ranges.
09-05 22:31:51.032   670  1180 I mm-camera: <MCT   >< INFO> 2540: mct_pipeline_fill_caps_sensor: =====sensitivity_range.min_sensitivity =0 =====
09-05 22:31:51.032   670  1180 I mm-camera: <MCT   >< INFO> 2541: mct_pipeline_fill_caps_sensor: =====sensitivity_range.max_sensitivity =1500 =====
09-05 22:31:51.032   670  1180 I mm-camera: <MCT   >< INFO> 2739: mct_pipeline_fill_caps_isp: isp max encoder size : 5504 X 16383
09-05 22:31:51.032   670  1180 I mm-camera: <MCT   >< INFO> 2746: mct_pipeline_fill_caps_isp: single isp max size : 3264 X 2448
09-05 22:31:51.033   670  1180 I mm-camera: <MCT   >< INFO> 2757: mct_pipeline_fill_caps_isp: HAL max snapshot size in dual cam mode : 3264 X 2448
09-05 22:31:51.033   670   670 I mm-camera: <MCT   >< INFO> 310: mct_controller_destroy: Initiating destroy sequence for session = 3
09-05 22:31:51.033   670   670 I mm-camera: <MCT   >< INFO> 328: mct_controller_destroy: serv_thread closed
09-05 22:31:51.033   670   670 I mm-camera: <MCT   >< INFO> 343: mct_controller_destroy: bus_handler thread closed
09-05 22:31:51.033   670   670 I mm-camera: <MCT   >< INFO> 5404: mct_pipeline_stop_session: Initiating stop_session on session 3
09-05 22:31:51.033   670   670 I mm-camera: <MCT   >< INFO> 4288: mct_pipeline_process_set: command=800000b
09-05 22:31:51.033   670   670 I mm-camera: <MCT   >< INFO> 4533: mct_pipeline_process_set: Issuing DEL_STREAM on stream 0x3000f and stream type=10
09-05 22:31:51.033   670   670 I mm-camera: <IFACE >< INFO> 700: iface_unreserve_sink_port: stream_id f mode 0 
09-05 22:31:51.033   670   670 I mm-camera: <ISP   >< INFO> 941: isp_port_check_caps_unreserve: ide 3000f port 0xedcbe300
09-05 22:31:51.035   670   670 I mm-camera: <MCT   >< INFO> 4556: mct_pipeline_process_set: Stream 0x3000f and stream type=10, successfully deleted
09-05 22:31:51.035   670  1209 I mm-camera: <MCT   >< INFO> 5138: mct_pipeline_stop_session_thread: Stop module name: sensor - E
09-05 22:31:51.035   670  1210 I mm-camera: <MCT   >< INFO> 5138: mct_pipeline_stop_session_thread: Stop module name: iface - E
09-05 22:31:51.035   670  1211 I mm-camera: <MCT   >< INFO> 5138: mct_pipeline_stop_session_thread: Stop module name: isp - E
09-05 22:31:51.035   670  1211 I mm-camera: <ISP   >< INFO> 510: isp_module_stop_session: session id 3
09-05 22:31:51.035   670  1209 I mm-camera: <MCT   >< INFO> 5146: mct_pipeline_stop_session_thread: Stop module name: sensor - X
09-05 22:31:51.036   670  1210 I mm-camera: <MCT   >< INFO> 5146: mct_pipeline_stop_session_thread: Stop module name: iface - X
09-05 22:31:51.036   670  1212 I mm-camera: <MCT   >< INFO> 5138: mct_pipeline_stop_session_thread: Stop module name: stats - E
09-05 22:31:51.036   670  1213 I mm-camera: <MCT   >< INFO> 5138: mct_pipeline_stop_session_thread: Stop module name: pproc - E
09-05 22:31:51.037   670  1214 I mm-camera: <MCT   >< INFO> 5138: mct_pipeline_stop_session_thread: Stop module name: imglib - E
09-05 22:31:51.037   670   670 I mm-camera: <MCT   >< INFO> 5426: mct_pipeline_stop_session: Modules left: 5
09-05 22:31:51.037   670   670 I mm-camera: <MCT   >< INFO> 5426: mct_pipeline_stop_session: Modules left: 4
09-05 22:31:51.037     0     0 I MSM-CPP cpp_release_hardware: 1216 cpp hw release done
09-05 22:31:51.038   670  1214 I mm-camera: <MCT   >< INFO> 5146: mct_pipeline_stop_session_thread: Stop module name: imglib - X
09-05 22:31:51.038   670   670 I mm-camera: <MCT   >< INFO> 5426: mct_pipeline_stop_session: Modules left: 3
09-05 22:31:51.038   670  1211 I mm-camera: <MCT   >< INFO> 5146: mct_pipeline_stop_session_thread: Stop module name: isp - X
09-05 22:31:51.038   670   670 I mm-camera: <MCT   >< INFO> 5426: mct_pipeline_stop_session: Modules left: 2
09-05 22:31:51.038   670  1213 E mm-camera: <IMGLIB><ERROR> 328: AllocateBuffers: Nothing allocated or already freed!
09-05 22:31:51.039   670  1213 I mm-camera: <MCT   >< INFO> 5146: mct_pipeline_stop_session_thread: Stop module name: pproc - X
09-05 22:31:51.039   670   670 I mm-camera: <MCT   >< INFO> 5426: mct_pipeline_stop_session: Modules left: 1
09-05 22:31:51.040   670  1212 I mm-camera: <MCT   >< INFO> 5146: mct_pipeline_stop_session_thread: Stop module name: stats - X
09-05 22:31:51.040   670   670 I mm-camera: <MCT   >< INFO> 5426: mct_pipeline_stop_session: Modules left: 0
09-05 22:31:51.040   670   670 I mm-camera: <MCT   >< INFO> 5436: mct_pipeline_stop_session: Stopped session 3 successfully
09-05 22:31:51.040   670   670 I mm-camera: <MCT   >< INFO> 5740: mct_pipeline_destroy: E: session:3
09-05 22:31:51.040   670   670 E mm-camera: <MCT   ><ERROR> 179: stop_sof_check_thread: Returning as SOF timer thread not yet initialized
09-05 22:31:51.040   670   670 I mm-camera: <MCT   >< INFO> 5818: mct_pipeline_destroy: X: Pipeline destroyed successfully session =3
09-05 22:31:51.040   670   670 I mm-camera: <MCT   >< INFO> 422: mct_controller_destroy: X Successfully closed mct_controller session 3
09-05 22:31:51.041     0     0 I msm_pm_qos_update_request: update request -1
09-05 22:31:51.041     0     0 I msm_pm_qos_add_request: add request
09-05 22:31:51.041   670   670 E CamComm1.0-MD: Update metadata entry: Unknown tag -2145976319
09-05 22:31:51.041   670   670 E CamComm1.0-MD: Update metadata entry: Unknown tag -2145976317
09-05 22:31:51.041   670   670 I QCamera : <HAL><INFO> getCamInfo: 13767: camera 0 resource cost is 100
09-05 22:31:51.041   670   670 I CamComm1.0-CamModule: isOpenLegacyDefined: cts Enable == 0 
09-05 22:31:51.041   670   670 I QCamera : <HAL><INFO> openLegacy: 520: openLegacy halVersion: 256 cameraId = 0
09-05 22:31:51.046   670   670 E QCameraCommon: parseHWID: Got HW_ID = 324
09-05 22:31:51.047   670   670 I QCamera : <HAL><INFO> openCamera: 1901: [KPI Perf]: E PROFILE_OPEN_CAMERA camera id 0
09-05 22:31:51.049   670   670 E QCamera : <HAL><ERROR> acquirePerfLock: 614: Failed to acquire the perf lock
09-05 22:31:51.049   670   670 D QCamera : Debug log file is not enabled
09-05 22:31:51.049     0     0 I msm_pm_qos_update_request: update request 100
09-05 22:31:51.049     0     0 I msm_pm_qos_add_request: add request
09-05 22:31:51.049   670   670 I mm-camera: <MCT   >< INFO> 118: mct_controller_new: Creating new mct_controller with session-id 3
09-05 22:31:51.049   670  1221 I mm-camera: <MCT   >< INFO> 5326: mct_pipeline_start_session_thread: E sensor
09-05 22:31:51.050   670  1221 I mm-camera: <MCT   >< INFO> 5333: mct_pipeline_start_session_thread: Calling start_session on Module sensor
09-05 22:31:51.050   670  1222 I mm-camera: <MCT   >< INFO> 5326: mct_pipeline_start_session_thread: E iface
09-05 22:31:51.050   670  1222 I mm-camera: <MCT   >< INFO> 5333: mct_pipeline_start_session_thread: Calling start_session on Module iface
09-05 22:31:51.050   670  1224 I mm-camera: <MCT   >< INFO> 5326: mct_pipeline_start_session_thread: E isp
09-05 22:31:51.050   670  1224 I mm-camera: <MCT   >< INFO> 5333: mct_pipeline_start_session_thread: Calling start_session on Module isp
09-05 22:31:51.050   670  1224 I mm-camera: <ISP   >< INFO> 214: isp_module_start_session: session id 3 
09-05 22:31:51.050   670  1222 I mm-camera: <MCT   >< INFO> 5336: mct_pipeline_start_session_thread: Module iface start_session rc = 1
09-05 22:31:51.050   670  1222 I mm-camera: <MCT   >< INFO> 5344: mct_pipeline_start_session_thread: started_num = 1, success = 1
09-05 22:31:51.050   670  1222 I mm-camera: <MCT   >< INFO> 5351: mct_pipeline_start_session_thread: X iface
09-05 22:31:51.050   670  1226 I mm-camera: <MCT   >< INFO> 5326: mct_pipeline_start_session_thread: E stats
09-05 22:31:51.050   670  1226 I mm-camera: <MCT   >< INFO> 5333: mct_pipeline_start_session_thread: Calling start_session on Module stats
09-05 22:31:51.050   670  1228 I mm-camera: <MCT   >< INFO> 5326: mct_pipeline_start_session_thread: E pproc
09-05 22:31:51.050   670  1228 I mm-camera: <MCT   >< INFO> 5333: mct_pipeline_start_session_thread: Calling start_session on Module pproc
09-05 22:31:51.051   670  1230 I mm-camera: <MCT   >< INFO> 5326: mct_pipeline_start_session_thread: E imglib
09-05 22:31:51.051   670  1230 I mm-camera: <MCT   >< INFO> 5333: mct_pipeline_start_session_thread: Calling start_session on Module imglib
09-05 22:31:51.051   670  1224 I mm-camera: <MCT   >< INFO> 5336: mct_pipeline_start_session_thread: Module isp start_session rc = 1
09-05 22:31:51.051   670  1224 I mm-camera: <MCT   >< INFO> 5344: mct_pipeline_start_session_thread: started_num = 2, success = 2
09-05 22:31:51.051   670  1224 I mm-camera: <MCT   >< INFO> 5351: mct_pipeline_start_session_thread: X isp
09-05 22:31:51.051   670  1230 I mm-camera: <MCT   >< INFO> 5336: mct_pipeline_start_session_thread: Module imglib start_session rc = 1
09-05 22:31:51.051   670  1230 I mm-camera: <MCT   >< INFO> 5344: mct_pipeline_start_session_thread: started_num = 3, success = 3
09-05 22:31:51.051   670  1230 I mm-camera: <MCT   >< INFO> 5351: mct_pipeline_start_session_thread: X imglib
09-05 22:31:51.052   670  1228 I mm-camera: <MCT   >< INFO> 5336: mct_pipeline_start_session_thread: Module pproc start_session rc = 1
09-05 22:31:51.052   670  1228 I mm-camera: <MCT   >< INFO> 5344: mct_pipeline_start_session_thread: started_num = 4, success = 4
09-05 22:31:51.052   670  1228 I mm-camera: <MCT   >< INFO> 5351: mct_pipeline_start_session_thread: X pproc
09-05 22:31:51.053   670  1226 I mm-camera: <MCT   >< INFO> 5336: mct_pipeline_start_session_thread: Module stats start_session rc = 1
09-05 22:31:51.053   670  1226 I mm-camera: <MCT   >< INFO> 5344: mct_pipeline_start_session_thread: started_num = 5, success = 5
09-05 22:31:51.053   670  1226 I mm-camera: <MCT   >< INFO> 5351: mct_pipeline_start_session_thread: X stats
09-05 22:31:51.054     0     0 I MSM-CPP cpp_init_hardware: 1135 CPP HW Version: 0x60010002
