09-05 22:31:49.552   627   627 D ICU     : Time zone APEX file found: /apex/com.android.tzdata/etc/icu/icu_tzdata.dat
09-05 22:31:49.553   628   628 D ICU     : Time zone APEX file found: /apex/com.android.tzdata/etc/icu/icu_tzdata.dat
09-05 22:31:49.593     0     0 E wlan    : Loading driver v5.2.03.27K; 2021-08-31T03:31:39Z; cld:I59e3b71c2d; cmn:Ibe1096815a; ()
09-05 22:31:49.593     0     0 I qdf_print_ctrl_register: Allocated print control object 0
09-05 22:31:49.594     0     0 I [init][288277445][02:31:49.594839] wlan: [474:I:tdls] ucfg_tdls_init: 40: tdls module dispatcher init
09-05 22:31:49.594     0     0 I [init][288277545][02:31:49.594844] wlan: [474:I:tdls] ucfg_tdls_init: 72: tdls module dispatcher init done
09-05 22:31:49.594     0     0 I [init][288277744][02:31:49.594854] wlan: [474:I:POLICY_MGR] policy_mgr_init: 214: Callbacks registered with obj mgr
09-05 22:31:49.595     0     0 I         : wlan_hdd_state wlan major(497) initialized
09-05 22:31:49.595     0     0 I wlan    : driver loaded
09-05 22:31:49.678   873   873 E PerMgrProxy: Starting pm-proxy service
09-05 22:31:49.681   711   747 D PerMgrSrv: modem state: is off-line, add client PM-PROXY-THREAD
09-05 22:31:49.681   711   747 D PerMgrSrv: PM-PROXY-THREAD registered
09-05 22:31:49.681   873   873 D PerMgrLib: PM-PROXY-THREAD successfully registered for modem
09-05 22:31:49.681   873   873 I PerMgrProxy: Casting proxy vote for modem
09-05 22:31:49.681   873   873 D PerMgrLib: PM-PROXY-THREAD voting for modem
09-05 22:31:49.682   711   747 D PerMgrSrv: PM-PROXY-THREAD voting for modem
09-05 22:31:49.682   711   747 D PerMgrSrv: modem new state: going on-line
09-05 22:31:49.682   711   747 D PerMgrSrv: modem num voters is 1
09-05 22:31:49.682   873   873 I PerMgrProxy: pm-proxy-thread vote successful for modem
09-05 22:31:49.684   879   879 E /vendor/bin/adsprpcd: vendor/qcom/proprietary/commonsys-intf/adsprpc/src/adsprpcd.c:29:adsp daemon starting
09-05 22:31:49.689   875   875 I android.hardware.camera.provider@2.4-external-service: External camera provider service is starting.
09-05 22:31:49.695     0     0 I subsys-restart: __subsystem_get(): Changing subsys fw_name to modem
09-05 22:31:49.699   880   880 E /vendor/bin/adsprpcd: vendor/qcom/proprietary/commonsys-intf/adsprpc/src/adsprpcd.c:29:adsp daemon starting
09-05 22:31:49.701   879   879 V /vendor/bin/adsprpcd: vendor/qcom/proprietary/commonsys-intf/adsprpc/src/fastrpc_apps_user.c:1088: remote_handle_open: Successfully opened handle 0x62 for '":;./\attachguestos on domain 0
09-05 22:31:49.706   879   879 D /vendor/bin/adsprpcd: vendor/qcom/proprietary/commonsys-intf/adsprpc/src/fastrpc_apps_user.c:1030: Error 0xffffffff: remote_handle64_invoke failed for handle 0xb6006090, method 4 on domain 0 (sc 0x4010100)
09-05 22:31:49.707   879   879 E /vendor/bin/adsprpcd: vendor/qcom/proprietary/commonsys-intf/adsprpc/src/adspmsgd.c:93:adspmsgd_init failed with error -1
09-05 22:31:49.707   879   879 D /vendor/bin/adsprpcd: vendor/qcom/proprietary/commonsys-intf/adsprpc/src/fastrpc_apps_user.c:1030: Error 0xffffffff: remote_handle64_invoke failed for handle 0xb6006090, method 3 on domain 0 (sc 0x3000000)
09-05 22:31:49.707   879   879 V /vendor/bin/adsprpcd: vendor/qcom/proprietary/commonsys-intf/adsprpc/src/fastrpc_perf.c:213: fastrpc_perf_init: enabled RPC traces (kernel 0, dsp 0) with frequency 1000
09-05 22:31:49.707   879   879 V /vendor/bin/adsprpcd: vendor/qcom/proprietary/commonsys-intf/adsprpc/src/fastrpc_apps_user.c:1088: remote_handle_open: Successfully opened handle 0xf0582320 for adsp_default_listener on domain 0
09-05 22:31:49.708   879   879 V /vendor/bin/adsprpcd: vendor/qcom/proprietary/commonsys-intf/adsprpc/src/fastrpc_apps_user.c:1088: remote_handle_open: Successfully opened handle 0x6 for '":;./\geteventfd on domain 0
09-05 22:31:49.709   872   872 I /system/bin/adbd: Not payment device, enable adbd
09-05 22:31:49.709   872   872 I /system/bin/adbd: 
09-05 22:31:49.710   872   872 I adbd    : ro.boot.qvar :1.16.0.0.
09-05 22:31:49.710   872   872 I adbd    : 
09-05 22:31:49.710   872   872 I adbd    : [item :]root, [flag :]1
09-05 22:31:49.710   872   872 I adbd    : 
09-05 22:31:49.710   872   872 I adbd    : ro.boot.qvar :1.16.0.0.
09-05 22:31:49.710   872   872 I adbd    : 
09-05 22:31:49.710   872   872 I adbd    : [item :]adb_auth, [flag :]0
09-05 22:31:49.710   872   872 I adbd    : 
09-05 22:31:49.710   872   872 I adbd    : ro.boot.qvar :1.16.0.0.
09-05 22:31:49.710   872   872 I adbd    : 
09-05 22:31:49.710   872   872 I adbd    : [item :]root, [flag :]1
09-05 22:31:49.710   872   872 I adbd    : 
09-05 22:31:49.713   872   872 I adbd    : adbd listening on port 5555
09-05 22:31:49.714   880   880 V /vendor/bin/adsprpcd: vendor/qcom/proprietary/commonsys-intf/adsprpc/src/fastrpc_apps_user.c:1088: remote_handle_open: Successfully opened handle 0x5d for '":;./\createstaticpd:audiopd on domain 0
09-05 22:31:49.718   872   909 I adbd    : opening control endpoint /dev/usb-ffs/adb/ep0
09-05 22:31:49.718     0     0 I         : read descriptors
09-05 22:31:49.718     0     0 I         : read strings
09-05 22:31:49.719   881   881 E Diag_Lib: qpLogDiagInit <== result : 1
09-05 22:31:49.719   881   881 E Diag_Lib: QMID : gIsQXDMDisabled 0, gIsADBDisabled 1, gIsDebugDisabled 0, gIsIMSLogsDisabled 0
09-05 22:31:49.719   881   881 E Diag_Lib: [IMS_QMID] |imsqmiserver.c | 541 | QMID#$$#0#QMI DAEMON STARTED
09-05 22:31:49.719   876   876 E QCOMSysDaemon: Can't find/open bootselect node: (No such file or directory)
09-05 22:31:49.719   876   876 I QCOMSysDaemon: Starting qcom system daemon
09-05 22:31:49.726   896   896 D ELOPartd: ELOPartd
09-05 22:31:49.726     0     0 I pil-q6v5-mss 4080000.qcom,mss: modem: loading from 0x000000008ac00000 to 0x000000008dc00000
09-05 22:31:49.726   896   896 D ELOPartd: argc = 1
09-05 22:31:49.728   896   896 D ELOPartd: ~~~~ ELOPart_event_set 5de4b68198 ~~~~
09-05 22:31:49.728   896   896 D ELOPartd: ~~~~ +ELOPart_event_add ~~~~
09-05 22:31:49.728   896   896 D ELOPartd: ~~~~ added at 0 ~~~~
09-05 22:31:49.728   896   917 D ELOPartd: ~~~~ ELOPart_event_set 5de4b681e0 ~~~~
09-05 22:31:49.728   896   917 D ELOPartd: ~~~~ +ELOPart_event_add ~~~~
09-05 22:31:49.728   896   917 D ELOPartd: ~~~~ added at 1 ~~~~
09-05 22:31:49.731   875   875 I ExtCamUtils@3.4: loadFromCfg: load external camera config succeed!
09-05 22:31:49.731   875   875 I ExtCamUtils@3.4: loadFromCfg: device 3 will be ignored by external camera provider
09-05 22:31:49.731   875   875 I ExtCamUtils@3.4: loadFromCfg: depth output is not enabled
09-05 22:31:49.731   875   875 I ExtCamUtils@3.4: loadFromCfg: no minimum stream size specified
09-05 22:31:49.731   875   875 I ExtCamUtils@3.4: loadFromCfg: no sensor orientation specified
09-05 22:31:49.731   875   875 I ExtCamUtils@3.4: loadFromCfg: external camera cfg loaded: maxJpgBufSize 3145728, num video buffers 4, num still buffers 2, orientation 0
09-05 22:31:49.731   875   875 I ExtCamUtils@3.4: loadFromCfg: fpsLimitList: 640x480@30.000000
09-05 22:31:49.731   875   875 I ExtCamUtils@3.4: loadFromCfg: fpsLimitList: 1280x720@30.000000
09-05 22:31:49.731   875   875 I ExtCamUtils@3.4: loadFromCfg: fpsLimitList: 1920x1080@30.000000
09-05 22:31:49.731   875   875 I ExtCamUtils@3.4: loadFromCfg: minStreamSize: 0x0
09-05 22:31:49.732   898   898 D LibBpfLoader: Loading ELF object /system/etc/bpf/netd.o with license Apache 2.0
09-05 22:31:49.732   898   898 D LibBpfLoader: Loaded code section 3 (cgroupskb_ingress_stats)
09-05 22:31:49.732   898   898 D LibBpfLoader: Loaded relo section 3 (.relcgroupskb/ingress/stats)
09-05 22:31:49.732   898   898 D LibBpfLoader: Adding section 3 to cs list
09-05 22:31:49.732   898   898 D LibBpfLoader: Loaded code section 5 (cgroupskb_egress_stats)
09-05 22:31:49.732   898   898 D LibBpfLoader: Loaded relo section 5 (.relcgroupskb/egress/stats)
09-05 22:31:49.732   898   898 D LibBpfLoader: Adding section 5 to cs list
09-05 22:31:49.732   898   898 D LibBpfLoader: Loaded code section 7 (skfilter_egress_xtbpf)
09-05 22:31:49.732   898   898 D LibBpfLoader: Loaded relo section 7 (.relskfilter/egress/xtbpf)
09-05 22:31:49.732   898   898 D LibBpfLoader: Adding section 7 to cs list
09-05 22:31:49.732   898   898 D LibBpfLoader: Loaded code section 9 (skfilter_ingress_xtbpf)
09-05 22:31:49.732   898   898 D LibBpfLoader: Loaded relo section 9 (.relskfilter/ingress/xtbpf)
09-05 22:31:49.732   898   898 D LibBpfLoader: Adding section 9 to cs list
09-05 22:31:49.732   898   898 D LibBpfLoader: Loaded code section 11 (skfilter_whitelist_xtbpf)
09-05 22:31:49.732   898   898 D LibBpfLoader: Loaded relo section 11 (.relskfilter/whitelist/xtbpf)
09-05 22:31:49.732   898   898 D LibBpfLoader: Adding section 11 to cs list
09-05 22:31:49.732   898   898 D LibBpfLoader: Loaded code section 13 (skfilter_blacklist_xtbpf)
09-05 22:31:49.732   898   898 D LibBpfLoader: Loaded relo section 13 (.relskfilter/blacklist/xtbpf)
09-05 22:31:49.732   898   898 D LibBpfLoader: Adding section 13 to cs list
09-05 22:31:49.733   898   898 D LibBpfLoader: Loaded code section 15 (cgroupsock_inet_create)
09-05 22:31:49.733   898   898 D LibBpfLoader: Loaded relo section 15 (.relcgroupsock/inet/create)
09-05 22:31:49.733   898   898 D LibBpfLoader: Adding section 15 to cs list
09-05 22:31:49.733   878   878 I ThermalEngine: Thermal daemon started
09-05 22:31:49.735   898   898 D LibBpfLoader: bpf_create_map name cookie_tag_map, ret: 6
09-05 22:31:49.735   878   878 I ThermalEngine: No target config file, falling back to '/vendor/etc/thermal-engine.conf'
09-05 22:31:49.738   875   875 I ServiceManagement: Registered android.hardware.camera.provider@2.4::ICameraProvider/external/0 (start delay of 102ms)
09-05 22:31:49.738   875   875 I ServiceManagement: Removing namespace from process name android.hardware.camera.provider@2.4-external-service to provider@2.4-external-service.
09-05 22:31:49.738   875   875 I android.hardware.camera.provider@2.4-external-service: Registration complete for android.hardware.camera.provider@2.4::ICameraProvider/external/0.
09-05 22:31:49.739   898   898 D LibBpfLoader: bpf_create_map name uid_counterset_map, ret: 7
09-05 22:31:49.740   898   898 D LibBpfLoader: bpf_create_map name app_uid_stats_map, ret: 8
09-05 22:31:49.740   898   898 D LibBpfLoader: bpf_create_map name stats_map_A, ret: 9
09-05 22:31:49.741   898   898 D LibBpfLoader: bpf_create_map name stats_map_B, ret: 10
09-05 22:31:49.741   898   898 D LibBpfLoader: bpf_create_map name iface_stats_map, ret: 11
09-05 22:31:49.741   898   898 D LibBpfLoader: bpf_create_map name configuration_map, ret: 12
09-05 22:31:49.742   898   898 D LibBpfLoader: bpf_create_map name uid_owner_map, ret: 13
09-05 22:31:49.742   898   898 D LibBpfLoader: bpf_create_map name iface_index_name_map, ret: 14
09-05 22:31:49.742   898   898 D LibBpfLoader: bpf_create_map name uid_permission_map, ret: 15
09-05 22:31:49.742   898   898 D LibBpfLoader: map_fd found at 0 is 6 in /system/etc/bpf/netd.o
09-05 22:31:49.742   898   898 D LibBpfLoader: map_fd found at 1 is 7 in /system/etc/bpf/netd.o
09-05 22:31:49.742   898   898 D LibBpfLoader: map_fd found at 2 is 8 in /system/etc/bpf/netd.o
09-05 22:31:49.742   898   898 D LibBpfLoader: map_fd found at 3 is 9 in /system/etc/bpf/netd.o
09-05 22:31:49.742   898   898 D LibBpfLoader: map_fd found at 4 is 10 in /system/etc/bpf/netd.o
09-05 22:31:49.742   898   898 D LibBpfLoader: map_fd found at 5 is 11 in /system/etc/bpf/netd.o
09-05 22:31:49.742   898   898 D LibBpfLoader: map_fd found at 6 is 12 in /system/etc/bpf/netd.o
09-05 22:31:49.742   898   898 D LibBpfLoader: map_fd found at 7 is 13 in /system/etc/bpf/netd.o
09-05 22:31:49.742   898   898 D LibBpfLoader: map_fd found at 8 is 14 in /system/etc/bpf/netd.o
09-05 22:31:49.742   898   898 D LibBpfLoader: map_fd found at 9 is 15 in /system/etc/bpf/netd.o
09-05 22:31:49.742   898   898 D LibBpfLoader: applying relo to instruction at byte offset: 616, 	       insn offset 77 , insn 118
09-05 22:31:49.742   898   898 D LibBpfLoader: applying relo to instruction at byte offset: 688, 	       insn offset 86 , insn 118
09-05 22:31:49.742   898   898 D LibBpfLoader: applying relo to instruction at byte offset: 1040, 	       insn offset 130 , insn 118
09-05 22:31:49.743   898   898 D LibBpfLoader: applying relo to instruction at byte offset: 1184, 	       insn offset 148 , insn 118
09-05 22:31:49.743   898   898 D LibBpfLoader: applying relo to instruction at byte offset: 1264, 	       insn offset 158 , insn 118
09-05 22:31:49.743   898   898 D LibBpfLoader: applying relo to instruction at byte offset: 1368, 	       insn offset 171 , insn 118
09-05 22:31:49.743   898   898 D LibBpfLoader: applying relo to instruction at byte offset: 1472, 	       insn offset 184 , insn 118
09-05 22:31:49.743   898   898 D LibBpfLoader: applying relo to instruction at byte offset: 1512, 	       insn offset 189 , insn 118
09-05 22:31:49.743   898   898 D LibBpfLoader: applying relo to instruction at byte offset: 1632, 	       insn offset 204 , insn 118
09-05 22:31:49.743   898   898 D LibBpfLoader: applying relo to instruction at byte offset: 1736, 	       insn offset 217 , insn 118
09-05 22:31:49.743   898   898 D LibBpfLoader: applying relo to instruction at byte offset: 1776, 	       insn offset 222 , insn 118
09-05 22:31:49.743   898   898 D LibBpfLoader: applying relo to instruction at byte offset: 2064, 	       insn offset 258 , insn 118
09-05 22:31:49.743   898   898 D LibBpfLoader: applying relo to instruction at byte offset: 2168, 	       insn offset 271 , insn 118
09-05 22:31:49.743   898   898 D LibBpfLoader: applying relo to instruction at byte offset: 2208, 	       insn offset 276 , insn 118
09-05 22:31:49.743   898   898 D LibBpfLoader: applying relo to instruction at byte offset: 2328, 	       insn offset 291 , insn 118
09-05 22:31:49.743   898   898 D LibBpfLoader: applying relo to instruction at byte offset: 2432, 	       insn offset 304 , insn 118
09-05 22:31:49.743   898   898 D LibBpfLoader: applying relo to instruction at byte offset: 2472, 	       insn offset 309 , insn 118
09-05 22:31:49.743   898   898 D LibBpfLoader: applying relo to instruction at byte offset: 2720, 	       insn offset 340 , insn 118
09-05 22:31:49.743   898   898 D LibBpfLoader: applying relo to instruction at byte offset: 2824, 	       insn offset 353 , insn 118
09-05 22:31:49.743   898   898 D LibBpfLoader: applying relo to instruction at byte offset: 2864, 	       insn offset 358 , insn 118
09-05 22:31:49.743   898   898 D LibBpfLoader: applying relo to instruction at byte offset: 608, 	       insn offset 76 , insn 118
09-05 22:31:49.743   898   898 D LibBpfLoader: applying relo to instruction at byte offset: 680, 	       insn offset 85 , insn 118
09-05 22:31:49.743   898   898 D LibBpfLoader: applying relo to instruction at byte offset: 904, 	       insn offset 113 , insn 118
09-05 22:31:49.744   898   898 D LibBpfLoader: applying relo to instruction at byte offset: 1048, 	       insn offset 131 , insn 118
09-05 22:31:49.744   898   898 D LibBpfLoader: applying relo to instruction at byte offset: 1128, 	       insn offset 141 , insn 118
09-05 22:31:49.744   898   898 D LibBpfLoader: applying relo to instruction at byte offset: 1232, 	       insn offset 154 , insn 118
09-05 22:31:49.744   898   898 D LibBpfLoader: applying relo to instruction at byte offset: 1336, 	       insn offset 167 , insn 118
09-05 22:31:49.744   898   898 D LibBpfLoader: applying relo to instruction at byte offset: 1376, 	       insn offset 172 , insn 118
09-05 22:31:49.744   898   898 D LibBpfLoader: applying relo to instruction at byte offset: 1496, 	       insn offset 187 , insn 118
09-05 22:31:49.744   898   898 D LibBpfLoader: applying relo to instruction at byte offset: 1600, 	       insn offset 200 , insn 118
09-05 22:31:49.744   898   898 D LibBpfLoader: applying relo to instruction at byte offset: 1640, 	       insn offset 205 , insn 118
09-05 22:31:49.744   898   898 D LibBpfLoader: applying relo to instruction at byte offset: 1928, 	       insn offset 241 , insn 118
09-05 22:31:49.744   898   898 D LibBpfLoader: applying relo to instruction at byte offset: 2032, 	       insn offset 254 , insn 118
09-05 22:31:49.744   898   898 D LibBpfLoader: applying relo to instruction at byte offset: 2072, 	       insn offset 259 , insn 118
09-05 22:31:49.744   898   898 D LibBpfLoader: applying relo to instruction at byte offset: 2192, 	       insn offset 274 , insn 118
09-05 22:31:49.744   898   898 D LibBpfLoader: applying relo to instruction at byte offset: 2296, 	       insn offset 287 , insn 118
09-05 22:31:49.744   898   898 D LibBpfLoader: applying relo to instruction at byte offset: 2336, 	       insn offset 292 , insn 118
09-05 22:31:49.744   898   898 D LibBpfLoader: applying relo to instruction at byte offset: 2584, 	       insn offset 323 , insn 118
09-05 22:31:49.744   898   898 D LibBpfLoader: applying relo to instruction at byte offset: 2688, 	       insn offset 336 , insn 118
09-05 22:31:49.744   898   898 D LibBpfLoader: applying relo to instruction at byte offset: 2728, 	       insn offset 341 , insn 118
09-05 22:31:49.744   898   898 D LibBpfLoader: applying relo to instruction at byte offset: 40, 	       insn offset 5 , insn 118
09-05 22:31:49.744   898   898 D LibBpfLoader: applying relo to instruction at byte offset: 144, 	       insn offset 18 , insn 118
09-05 22:31:49.744   898   898 D LibBpfLoader: applying relo to instruction at byte offset: 184, 	       insn offset 23 , insn 118
09-05 22:31:49.744   898   898 D LibBpfLoader: applying relo to instruction at byte offset: 40, 	       insn offset 5 , insn 118
09-05 22:31:49.744   898   898 D LibBpfLoader: applying relo to instruction at byte offset: 144, 	       insn offset 18 , insn 118
09-05 22:31:49.744   898   898 D LibBpfLoader: applying relo to instruction at byte offset: 184, 	       insn offset 23 , insn 118
09-05 22:31:49.744   898   898 D LibBpfLoader: applying relo to instruction at byte offset: 136, 	       insn offset 17 , insn 118
09-05 22:31:49.744   898   898 D LibBpfLoader: applying relo to instruction at byte offset: 32, 	       insn offset 4 , insn 118
09-05 22:31:49.745   898   898 D LibBpfLoader: applying relo to instruction at byte offset: 80, 	       insn offset 10 , insn 118
09-05 22:31:49.749   889   889 I imsrcsd : Uce Service HAL  is starting up...
09-05 22:31:49.752   898   898 D LibBpfLoader: New bpf core prog_load for /system/etc/bpf/netd.o (cgroupskb_ingress_stats) returned: 16
09-05 22:31:49.753   874   874 I Dpps    : GetInstance: DppsServer ref count increased to 1
09-05 22:31:49.754   874   874 I Dpps    : WaitForComposer():129 Waiting for composer service init
09-05 22:31:49.754   898   898 D LibBpfLoader: New bpf core prog_load for /system/etc/bpf/netd.o (cgroupskb_egress_stats) returned: 17
09-05 22:31:49.755   898   898 D LibBpfLoader: New bpf core prog_load for /system/etc/bpf/netd.o (skfilter_egress_xtbpf) returned: 18
09-05 22:31:49.757   882   882 I CLD80211: /system/vendor/bin/cnss_diag: initialized exit socket pair
09-05 22:31:49.757   882   882 I CLD80211: /system/vendor/bin/cnss_diag: nlctrl family id: 16 group: fw_logs mcast_id: 21
09-05 22:31:49.757   882   882 I CLD80211: /system/vendor/bin/cnss_diag: nlctrl family id: 16 group: host_logs mcast_id: 20
09-05 22:31:49.757   882   882 I CLD80211: /system/vendor/bin/cnss_diag: nlctrl family id: 16 group: diag_events mcast_id: 23
09-05 22:31:49.759   882   882 I CNSS    : log_capture_location  = /data/vendor/wifi/wlan_logs/
09-05 22:31:49.759   882   882 I CNSS    : Host_logs_location  = /data/vendor/wifi/wlan_logs/buffered_cnsshost_log.txt
09-05 22:31:49.759   882   882 I CNSS    : firmware_logs_location  = /data/vendor/wifi/wlan_logs/buffered_cnssfw_log.txt
09-05 22:31:49.759   882   882 I CNSS    : enable_flush_log = 0
09-05 22:31:49.759   882   882 I CNSS    : cnss_open_log_file: directory /data/vendor/wifi/wlan_logs/ created
09-05 22:31:49.763   882   882 I CNSS    : failed to open file a+ mode or file size 588506 is less than max_file_size 31457280
09-05 22:31:49.763   882   882 I CNSS    : cnss_open_log_file: directory /data/vendor/wifi/wlan_logs/ created
09-05 22:31:49.763   882   882 I CNSS    : failed to open file a+ mode or file size 32700 is less than max_file_size 31457280
09-05 22:31:49.763   898   898 D LibBpfLoader: New bpf core prog_load for /system/etc/bpf/netd.o (skfilter_ingress_xtbpf) returned: 19
09-05 22:31:49.763   882   882 I CNSS    : cnss_open_log_file: directory /data/vendor/wifi/wlan_logs/ created
09-05 22:31:49.763   882   882 I CNSS    : failed to open file a+ mode or file size 0 is less than max_file_size 31457280
09-05 22:31:49.763   882   882 I CNSS    : initialize_cnsslog_timer: create cnss log timer 
09-05 22:31:49.765   878   878 I ThermalEngine: devices_manager_init: Init
09-05 22:31:49.765   878   878 I ThermalEngine: Number of gpus :1
09-05 22:31:49.766   878   878 I ThermalEngine: Number of cpus :8
09-05 22:31:49.766   878   878 I ThermalEngine: update_cpu_topology: Cluster info node not found/sys/module/msm_thermal/cluster_info
09-05 22:31:49.767   878   878 E ThermalEngine: read_int_list_from_file: Read error -2.
09-05 22:31:49.767   878   878 E ThermalEngine: tmd_add_cpufreq_dev_data: Invalid or no boost freqs
09-05 22:31:49.768   878   878 E ThermalEngine: read_int_list_from_file: Read error -2.
09-05 22:31:49.768   878   878 E ThermalEngine: tmd_add_cpufreq_dev_data: Invalid or no boost freqs
09-05 22:31:49.769   878   878 E ThermalEngine: read_int_list_from_file: Read error -2.
09-05 22:31:49.769   878   878 E ThermalEngine: tmd_add_cpufreq_dev_data: Invalid or no boost freqs
09-05 22:31:49.770   878   878 E ThermalEngine: read_int_list_from_file: Read error -2.
09-05 22:31:49.770   878   878 E ThermalEngine: tmd_add_cpufreq_dev_data: Invalid or no boost freqs
09-05 22:31:49.771   878   878 E ThermalEngine: read_int_list_from_file: Read error -2.
09-05 22:31:49.771   878   878 E ThermalEngine: tmd_add_cpufreq_dev_data: Invalid or no boost freqs
09-05 22:31:49.772   878   878 E ThermalEngine: read_int_list_from_file: Read error -2.
09-05 22:31:49.772   878   878 E ThermalEngine: tmd_add_cpufreq_dev_data: Invalid or no boost freqs
09-05 22:31:49.774   878   878 E ThermalEngine: read_int_list_from_file: Read error -2.
09-05 22:31:49.774   878   878 E ThermalEngine: tmd_add_cpufreq_dev_data: Invalid or no boost freqs
09-05 22:31:49.774   918   918 I installd: installd firing up
09-05 22:31:49.775   898   898 D LibBpfLoader: New bpf core prog_load for /system/etc/bpf/netd.o (skfilter_whitelist_xtbpf) returned: 20
09-05 22:31:49.775   898   898 D LibBpfLoader: New bpf core prog_load for /system/etc/bpf/netd.o (skfilter_blacklist_xtbpf) returned: 21
09-05 22:31:49.775   878   878 E ThermalEngine: read_int_list_from_file: Read error -2.
09-05 22:31:49.775   878   878 E ThermalEngine: tmd_add_cpufreq_dev_data: Invalid or no boost freqs
09-05 22:31:49.775   898   898 D LibBpfLoader: New bpf core prog_load for /system/etc/bpf/netd.o (cgroupsock_inet_create) returned: 22
09-05 22:31:49.775   898   898 I bpfloader: Attempted load object: /system/etc/bpf/netd.o, ret: Success
09-05 22:31:49.776   898   898 D LibBpfLoader: Loading ELF object /system/etc/bpf/clatd.o with license Apache 2.0
09-05 22:31:49.777   898   898 D LibBpfLoader: Loaded code section 3 (schedcls_ingress_clat_ether)
09-05 22:31:49.777   898   898 D LibBpfLoader: Loaded relo section 3 (.relschedcls/ingress/clat_ether)
09-05 22:31:49.777   898   898 D LibBpfLoader: Adding section 3 to cs list
09-05 22:31:49.777   898   898 D LibBpfLoader: Loaded code section 5 (schedcls_ingress_clat_rawip)
09-05 22:31:49.777   898   898 D LibBpfLoader: Loaded relo section 5 (.relschedcls/ingress/clat_rawip)
09-05 22:31:49.777   898   898 D LibBpfLoader: Adding section 5 to cs list
09-05 22:31:49.777   898   898 D LibBpfLoader: bpf_create_map name clat_ingress_map, ret: 23
09-05 22:31:49.777   898   898 D LibBpfLoader: map_fd found at 0 is 23 in /system/etc/bpf/clatd.o
09-05 22:31:49.777   898   898 D LibBpfLoader: applying relo to instruction at byte offset: 400, 	       insn offset 50 , insn 118
09-05 22:31:49.777   898   898 D LibBpfLoader: applying relo to instruction at byte offset: 360, 	       insn offset 45 , insn 118
09-05 22:31:49.778   898   898 D LibBpfLoader: New bpf core prog_load for /system/etc/bpf/clatd.o (schedcls_ingress_clat_ether) returned: 24
09-05 22:31:49.778     0     0 E MAIN_MGR: hvdcp_opti Version: 3:0:0
09-05 22:31:49.779   898   898 D LibBpfLoader: New bpf core prog_load for /system/etc/bpf/clatd.o (schedcls_ingress_clat_rawip) returned: 25
09-05 22:31:49.779   898   898 I bpfloader: Attempted load object: /system/etc/bpf/clatd.o, ret: Success
09-05 22:31:49.780     0     0 E firmware msadp: _request_firmware_load: firmware state wait timeout: rc = -2
09-05 22:31:49.780     0     0 W pil-q6v5-mss 4080000.qcom,mss: Debug policy not present - msadp. Continue.
09-05 22:31:49.781     0     0 I pil-q6v5-mss 4080000.qcom,mss: Loading MBA and DP (if present) from 0x0000000094800000 to 0x0000000094900000
09-05 22:31:49.786   878   878 I ThermalEngine: tmd_init_cluster_devs: No clusters found
09-05 22:31:49.787   878   878 E ThermalEngine: Could not find npu cooling device
09-05 22:31:49.787   878   878 E ThermalEngine: tmd_init_npu_device: Invalid NPU level:-1.
09-05 22:31:49.787   878   878 E ThermalEngine: devices_init: Init NPU TMD failed -12
09-05 22:31:49.789   878   878 I ThermalEngine: vdd_rstr_init: Could not read /sys/module/msm_thermal/vdd_restriction/enabled
09-05 22:31:49.793   878   878 E ThermalEngine: open/sys/class/power_supply/battery/system_temp_level failed2
09-05 22:31:49.793   878   878 E ThermalEngine: Unable to init battery charging mitigation to 0
09-05 22:31:49.794   878   878 I ThermalEngine: sensors_manager_init: Init
09-05 22:31:49.806   878   932 I ThermalEngine: ADSP thermal mitigation available.
09-05 22:31:49.806   878   939 E ThermalEngine: socket creation success
09-05 22:31:49.814   916   916 I KIT     : KIT firing up 1.08
09-05 22:31:49.814   916   916 E KIT     : LogMessageBuffer: Mon Sep  6 02:31:49 2021
09-05 22:31:49.814   916   916 E KIT     :  KIT firing up
09-05 22:31:49.814   916   916 E KIT     : 
09-05 22:31:49.825     0     0 I sn65dsi86_dsi2edp_disable: end
09-05 22:31:49.825     0     0 I sn65dsi86_dsi2edp_panel_enable: set to 0
09-05 22:31:49.832     0     0 I pil-q6v5-mss 4080000.qcom,mss: MBA boot done
09-05 22:31:49.838   878   932 I ThermalEngine: Mitigation:vdd_restriction[ADSP]:0 pending QMI request succeded
09-05 22:31:49.840   878   878 E ThermalEngine: pid_init_data: ERROR Uknown device
09-05 22:31:49.841   878   878 E ThermalEngine: thermal_monitor_init_data: read camera_thermal_migitation=125000
09-05 22:31:49.852   878   878 I ThermalEngine: Loading config file for virtual sensor
09-05 22:31:49.852   878   878 I ThermalEngine: Loading configuration file /vendor/etc/thermal-engine.conf
09-05 22:31:49.858   702   702 D vendor.qti.hardware.soter@1.0-service: soter: svc service starting.
09-05 22:31:49.858   934   934 I PerfDaemon: PerfDaemon is starting.
09-05 22:31:49.861   702   702 I ServiceManagement: Registered vendor.qti.hardware.soter@1.0::ISoter/default (start delay of 1136ms)
09-05 22:31:49.862   702   702 I ServiceManagement: Removing namespace from process name vendor.qti.hardware.soter@1.0-service to soter@1.0-service.
09-05 22:31:49.862   702   702 E vendor.qti.hardware.soter@1.0-service: Registered SOTER HAL service success
09-05 22:31:49.866   878   878 I ThermalEngine: Parsing section global
09-05 22:31:49.866   878   878 E ThermalEngine: virtual_sensors_init: Error getting virtual sensors set
09-05 22:31:49.866   878   878 I ThermalEngine: Loading configuration file /vendor/etc/thermal-engine.conf
09-05 22:31:49.866   878   878 I ThermalEngine: Parsing section global
09-05 22:31:49.867   878   878 E ThermalEngine: sensors_manager_reg_clnt: Invalid sensor pop_mem.
09-05 22:31:49.867   878   878 E ThermalEngine: pid_algo_init: Sensor clnt create fail pop_mem
09-05 22:31:49.867   878   878 E ThermalEngine: sensors_manager_reg_clnt: Invalid sensor cpu3.
09-05 22:31:49.867   878   878 E ThermalEngine: pid_algo_init: Sensor clnt create fail cpu3
09-05 22:31:49.867   878   878 E ThermalEngine: sensors_manager_reg_clnt: Invalid sensor cpu2.
09-05 22:31:49.867   878   878 E ThermalEngine: pid_algo_init: Sensor clnt create fail cpu2
09-05 22:31:49.867   878   878 E ThermalEngine: sensors_manager_reg_clnt: Invalid sensor cpu1.
09-05 22:31:49.867   878   878 E ThermalEngine: pid_algo_init: Sensor clnt create fail cpu1
09-05 22:31:49.867   878   878 E ThermalEngine: sensors_manager_reg_clnt: Invalid sensor cpu0.
09-05 22:31:49.867   878   878 E ThermalEngine: pid_algo_init: Sensor clnt create fail cpu0
09-05 22:31:49.867   878   878 I ThermalEngine: pid_algo_init: No PID's to be configured.
09-05 22:31:49.867   878   878 I ThermalEngine: [CAMERA_SKIN_EXIT_MITIGATION]
09-05 22:31:49.867   878   878 I ThermalEngine: #algo_type monitor
09-05 22:31:49.867   878   878 I ThermalEngine: sampling 10000
09-05 22:31:49.867   878   878 I ThermalEngine: sensor quiet-therm-adc
09-05 22:31:49.867   878   878 I ThermalEngine: thresholds 125000
09-05 22:31:49.867   878   878 I ThermalEngine: thresholds_clr 45000
09-05 22:31:49.867   878   878 I ThermalEngine: actions camera+camcorder
09-05 22:31:49.867   878   878 I ThermalEngine: action_info 10+10
09-05 22:31:49.867   878   878 I ThermalEngine: ss_algo_init: No SS's configured.
09-05 22:31:49.867   878   878 E ThermalEngine: No speaker_cal config
09-05 22:31:49.871   880   880 V /vendor/bin/adsprpcd: vendor/qcom/proprietary/commonsys-intf/adsprpc/src/fastrpc_perf.c:213: fastrpc_perf_init: enabled RPC traces (kernel 0, dsp 0) with frequency 1000
09-05 22:31:49.873   880   880 V /vendor/bin/adsprpcd: vendor/qcom/proprietary/commonsys-intf/adsprpc/src/fastrpc_apps_user.c:1088: remote_handle_open: Successfully opened handle 0xb07ae600 for adsp_default_listener on domain 0
09-05 22:31:49.873   880   880 V /vendor/bin/adsprpcd: vendor/qcom/proprietary/commonsys-intf/adsprpc/src/fastrpc_apps_user.c:1088: remote_handle_open: Successfully opened handle 0x6 for '":;./\geteventfd on domain 0
09-05 22:31:49.875   921   921 I mediaserver: ServiceManager: 0x729a21a580
09-05 22:31:49.894   880   977 W /vendor/bin/adsprpcd: vendor/qcom/proprietary/commonsys-intf/adsprpc/src/apps_std_imp.c:749: Warning: fopen returned 0x2 for file oemconfig.so. (No such file or directory)
09-05 22:31:49.894   880   977 W /vendor/bin/adsprpcd: vendor/qcom/proprietary/commonsys-intf/adsprpc/src/apps_std_imp.c:749: Warning: fopen returned 0x2 for file remote_heap_config.so. (No such file or directory)
09-05 22:31:49.896   878   975 E ThermalEngine: open/sys/module/msm_thermal/parameters/enabled failed2
09-05 22:31:49.897   880   977 W /vendor/bin/adsprpcd: vendor/qcom/proprietary/commonsys-intf/adsprpc/src/apps_std_imp.c:749: Warning: fopen returned 0x2 for file adsp_avs_config.acdb. (No such file or directory)
09-05 22:31:49.929   880   977 W /vendor/bin/adsprpcd: vendor/qcom/proprietary/commonsys-intf/adsprpc/src/apps_std_imp.c:749: Warning: fopen returned 0x2 for file custom_sm_ecns_1.so.1. (No such file or directory)
09-05 22:31:49.929   880   977 W /vendor/bin/adsprpcd: vendor/qcom/proprietary/commonsys-intf/adsprpc/src/apps_std_imp.c:749: Warning: fopen returned 0x2 for file custom_sm_ecns_2.so.1. (No such file or directory)
09-05 22:31:49.929   880   977 W /vendor/bin/adsprpcd: vendor/qcom/proprietary/commonsys-intf/adsprpc/src/apps_std_imp.c:749: Warning: fopen returned 0x2 for file custom_dm_ecns_1.so.1. (No such file or directory)
09-05 22:31:49.929   880   977 W /vendor/bin/adsprpcd: vendor/qcom/proprietary/commonsys-intf/adsprpc/src/apps_std_imp.c:749: Warning: fopen returned 0x2 for file custom_dm_ecns_2.so.1. (No such file or directory)
09-05 22:31:49.929   880   977 W /vendor/bin/adsprpcd: vendor/qcom/proprietary/commonsys-intf/adsprpc/src/apps_std_imp.c:749: Warning: fopen returned 0x2 for file custom_qm_ecns_1.so.1. (No such file or directory)
09-05 22:31:49.930   880   977 W /vendor/bin/adsprpcd: vendor/qcom/proprietary/commonsys-intf/adsprpc/src/apps_std_imp.c:749: Warning: fopen returned 0x2 for file custom_qm_ecns_2.so.1. (No such file or directory)
09-05 22:31:49.934   883   883 E Diag_Lib: qpLogDiagInit <== result : 1; log_write_mutex is Initialized
09-05 22:31:49.934   883   883 E VIMSVT  : VT-Vendor:: enableImsADB 0, log_priority value 240
09-05 22:31:49.934   972   972 I CLD80211: /system/vendor/bin/cnss-daemon: initialized exit socket pair
09-05 22:31:49.934   972   972 I CLD80211: /system/vendor/bin/cnss-daemon: nlctrl family id: 16 group: svc_msgs mcast_id: 19
09-05 22:31:49.935   972   972 E cnss-daemon: interop issues ap: read_iot_ap_file: No such file /data/vendor/wifi/iotap_ps.bin
09-05 22:31:49.935   972   972 E cnss-daemon: interop issues ap: read_iot_ap_ps_from_file, read file error
09-05 22:31:49.935   972   972 I cnss-daemon: interop issues ap init successfully
09-05 22:31:49.935   972   972 I cnss-daemon:  cnss hang event handler init successfully
09-05 22:31:49.936   883   883 E Diag_Lib: [IMS_AP_RTP]"RTPService callback Registraton"
09-05 22:31:49.939   919   919 I keystore: found android.hardware.keymaster@4.0::IKeymasterDevice with interface name default and seclevel TRUSTED_ENVIRONMENT
09-05 22:31:49.939   972   972 E cnss-daemon: Couldn't resolve family id
09-05 22:31:49.939   972   972 E cnss-daemon: Failed to init genl between daemon and platform, continue
09-05 22:31:49.939   883   883 I ServiceManagement: Registered vendor.qti.imsrtpservice@2.1::IRTPService/imsrtpservice (start delay of 274ms)
09-05 22:31:49.945   979   979 I ssgqmigd: socket ANDROID_SOCKET_ssgqmig open success
09-05 22:31:49.946   979   979 I ssgqmigd: ssgqmigd uses 42
09-05 22:31:49.949   951   951 I wificond: wificond is starting up...
09-05 22:31:49.953   628   628 W zygote  : JNI RegisterNativeMethods: attempt to register 0 native methods for android.media.AudioAttributes
09-05 22:31:49.962   919   919 I ServiceManagement: Registered android.system.wifi.keystore@1.0::IKeystore/default (start delay of 237ms)
09-05 22:31:49.967   627   627 W zygote64: JNI RegisterNativeMethods: attempt to register 0 native methods for android.media.AudioAttributes
09-05 22:31:49.992   959   959 E wifidisplayhal-service: Start with vendor binder
09-05 22:31:49.992   959   959 E wifidisplayhal-service: Registering wifidisplayhdcphal service...
09-05 22:31:49.995   934   934 D PerfDaemon: added vendor.perfservice to services and is now running.
09-05 22:31:50.002   628   628 I sysui_multi_action: [757,804,799,boot_zygote_init,801,10952,802,1]
09-05 22:31:50.002   627   627 I sysui_multi_action: [757,804,799,boot_zygote_init,801,10943,802,1]
09-05 22:31:50.005   959   959 I ServiceManagement: Registered com.qualcomm.qti.wifidisplayhal@1.0::IHDCPSession/wifidisplayhdcphal (start delay of 180ms)
09-05 22:31:50.006   959   959 E wifidisplayhal-service: Registering wifidisplaydshal service...
09-05 22:31:50.006   959   959 I ServiceManagement: Registered com.qualcomm.qti.wifidisplayhal@1.0::IDSManager/wifidisplaydshal (start delay of 181ms)
09-05 22:31:50.023   627   627 I boot_progress_preload_start: 10988
09-05 22:31:50.024   627   627 D Zygote  : begin preload
09-05 22:31:50.026   935   935 I ServiceManagement: Registered android.frameworks.stats@1.0::IStats/default (start delay of 250ms)
09-05 22:31:50.026   935   935 W statsd  : statscompanion service unavailable!
09-05 22:31:50.030   627   627 I Zygote  : Calling ZygoteHooks.beginPreload()
09-05 22:31:50.034   935   935 I statsd  : Statsd starts to listen to socket.
09-05 22:31:50.038   991   991 I /system/bin/tombstoned: tombstoned successfully initialized
09-05 22:31:50.041   628   628 I zygote  : Explicit concurrent copying GC freed 307(38KB) AllocSpace objects, 0(0B) LOS objects, 98% free, 25KB/1561KB, paused 52us total 13.471ms
09-05 22:31:50.046   962   962 I ServiceManagement: Registered com.qualcomm.qti.dpm.api@1.0::IdpmQmi/dpmQmiService (start delay of 220ms)
09-05 22:31:50.049   497   497 I hwservicemanager: getTransport: Cannot find entry android.hardware.usb.gadget@1.0::IUsbGadget/default in either framework or device manifest.
09-05 22:31:50.049   628   628 I zygote  : Explicit concurrent copying GC freed 5(32KB) AllocSpace objects, 0(0B) LOS objects, 98% free, 25KB/1561KB, paused 38us total 4.564ms
09-05 22:31:50.049   628   628 D Zygote32Timing: PostZygoteInitGC took to complete: 22ms
09-05 22:31:50.049   628   628 D Zygote32Timing: ZygoteInit took to complete: 22ms
09-05 22:31:50.049   999   999 I usbd    : Usb HAL not found
09-05 22:31:50.051   989   989 I gatekeeperd: Starting gatekeeperd...
09-05 22:31:50.060   924   924 V MediaUtils: physMem: 3812380672
09-05 22:31:50.060   924   924 V MediaUtils: requested limit: 762476120
09-05 22:31:50.060   924   924 I libc    : malloc_limit: Allocation limit enabled, max size 762476120 bytes
09-05 22:31:50.072   628   628 I Zygote  : Accepting command socket connections
09-05 22:31:50.089   925   925 I mediametrics: ServiceManager: 0x798eff3800
09-05 22:31:50.089   627   627 D Zygote64Timing: BeginPreload took to complete: 65ms
09-05 22:31:50.089   925   925 D MediaAnalyticsService: MediaAnalyticsService created
09-05 22:31:50.089   627   627 I Zygote  : Preloading classes...
09-05 22:31:50.090   937  1013 W storaged: health: invalid battery status
09-05 22:31:50.091   924   924 W mediaextractor: libminijail[924]: failed to get path of fd 4: No such file or directory
09-05 22:31:50.091   924   924 W mediaextractor: libminijail[924]: allowing syscall: connect
09-05 22:31:50.091   924   924 W mediaextractor: libminijail[924]: allowing syscall: fcntl
09-05 22:31:50.091   924   924 W mediaextractor: libminijail[924]: allowing syscall: sendto
09-05 22:31:50.091   924   924 W mediaextractor: libminijail[924]: allowing syscall: socket
09-05 22:31:50.091   924   924 W mediaextractor: libminijail[924]: allowing syscall: writev
09-05 22:31:50.097   878   939 E ThermalEngine: read error 0. buf:[add@/devices/virtual/thermal/thermal_zone36 ACTION=add DEVPATH=/devices/virtual/thermal/thermal_zone36 SUBSYSTEM=thermal SEQNUM=4553 ]
09-05 22:31:50.097   627   627 W Zygote  : Class not found for preloading: android.app.-$$Lambda$ActivityThread$ZXDWm3IBeFmLnFVblhB-IOZCr9o
09-05 22:31:50.097     0     0 W         : (NULL device *): hwmon_device_register() is deprecated. Please convert the driver to use hwmon_device_register_with_info().
09-05 22:31:50.099   924   924 W mediaextractor: libminijail[924]: logging seccomp filter failures
09-05 22:31:50.100   924   924 V MediaExtractorFactory: search for plugins at /apex/com.android.media/lib64/extractors
09-05 22:31:50.103   670   670 E mm-camera: <SENSOR><ERROR> ov8856_gt24p64b_get_module_info: 77: EEPROM Version 1
09-05 22:31:50.104   670   670 E mm-camera: <SENSOR><ERROR> ov8856_gt24p64b_get_module_info: 86: EEPROM Manufacture date YYYY/MM/DD 2020/11/27 
09-05 22:31:50.104   670   670 E mm-camera: <SENSOR><ERROR> ov8856_gt24p64b_format_wbdata: 107: Enter
09-05 22:31:50.104   670   670 E mm-camera: <SENSOR><ERROR> ov8856_gt24p64b_format_wbdata: 121: WB : (4000K) r/gr = 0.500000
09-05 22:31:50.104   670   670 E mm-camera: <SENSOR><ERROR> ov8856_gt24p64b_format_wbdata: 122: WB : (4000K) b/gb = 0.816406
09-05 22:31:50.104   670   670 E mm-camera: <SENSOR><ERROR> ov8856_gt24p64b_format_wbdata: 123: WB : (4000K) gr/gb = 1.000978
09-05 22:31:50.104   670   670 E mm-camera: <SENSOR><ERROR> ov8856_gt24p64b_format_wbdata: 128: WB : (5000K) r/gr = 0.697266
09-05 22:31:50.104   670   670 E mm-camera: <SENSOR><ERROR> ov8856_gt24p64b_format_wbdata: 129: WB : (5000K) b/gb = 0.618164
09-05 22:31:50.104   670   670 E mm-camera: <SENSOR><ERROR> ov8856_gt24p64b_format_wbdata: 130: WB : (5000K) gr/gb = 1.003922
09-05 22:31:50.104   670   670 E mm-camera: <SENSOR><ERROR> ov8856_gt24p64b_format_wbdata: 183: Exit
09-05 22:31:50.104   670   670 E mm-camera: <SENSOR><ERROR> ov8856_gt24p64b_format_lensshading: 244: Enter
09-05 22:31:50.104   670   670 E mm-camera: <SENSOR><ERROR> ov8856_gt24p64b_format_lensshading: 300: Exit
09-05 22:31:50.104   670   670 E mm-camera: <SENSOR><ERROR> ov8856_gt24p64b_format_afdata: 202: Enter
09-05 22:31:50.104   670   670 E mm-camera: <SENSOR><ERROR> ov8856_gt24p64b_format_afdata: 223: AF : macro 335 infinity 170 (now starting DAC set to infinity)
09-05 22:31:50.104   670   670 E mm-camera: <SENSOR><ERROR> ov8856_gt24p64b_format_afdata: 224: Exit
09-05 22:31:50.104   670   670 E mm-camera: <SENSOR><ERROR> ov8856_gt24p64b_get_calibration_items: 30: is_insensor:0, is_afc:1, is_wbc:1, is_lsc:1, is_dpc:0, is_ois:0, is_dual:0
09-05 22:31:50.104   670   670 I mm-camera: <SENSOR>< INFO> 97: sensor_sysinfo_read: sysinfo:path /sys/module/msm_sensor_driver/parameters/module_vendor data default size 10
09-05 22:31:50.104   670   670 E mm-camera: <SENSOR><ERROR> 129: eeprom_af_add_margin: AF_infinity_dac:145, macro_dac:442
09-05 22:31:50.105   872   909 I adbd    : UsbFfsConnection constructed
09-05 22:31:50.116     0     0 W wsa881x_get_temp: Temperature registers[0 0 0 0] are out of range
09-05 22:31:50.116     0     0 W wsa881x_get_temp: T0: 65535 is out of range[5, 45]
09-05 22:31:50.117   937  1013 I ServiceManager: Waiting for service 'package_native' on '/dev/binder'...
09-05 22:31:50.121   924   924 V MediaExtractorFactory: registering sniffer for /apex/com.android.media/lib64/extractors/libmp4extractor.so
09-05 22:31:50.121   924   924 V MediaExtractorFactory: registering extractor for MP4 Extractor
09-05 22:31:50.128   926   926 I mediaserver: ServiceManager: 0xeab232a0
09-05 22:31:50.129   926   926 W BatteryNotifier: batterystats service unavailable!
09-05 22:31:50.129   926   926 V MediaPlayerService: MediaPlayerService created
09-05 22:31:50.130   926   926 W BatteryNotifier: batterystats service unavailable!
09-05 22:31:50.131   924   924 V MediaExtractorFactory: registering sniffer for /apex/com.android.media/lib64/extractors/libflacextractor.so
09-05 22:31:50.131   924   924 V MediaExtractorFactory: registering extractor for FLAC Extractor
09-05 22:31:50.137   924   924 V MediaExtractorFactory: registering sniffer for /apex/com.android.media/lib64/extractors/libamrextractor.so
09-05 22:31:50.138   924   924 V MediaExtractorFactory: registering extractor for AMR Extractor
09-05 22:31:50.142   924   924 V MediaExtractorFactory: registering sniffer for /apex/com.android.media/lib64/extractors/libmkvextractor.so
09-05 22:31:50.142   924   924 V MediaExtractorFactory: registering extractor for Matroska Extractor
09-05 22:31:50.145   924   924 V MediaExtractorFactory: registering sniffer for /apex/com.android.media/lib64/extractors/libwavextractor.so
09-05 22:31:50.145   924   924 V MediaExtractorFactory: registering extractor for WAV Extractor
09-05 22:31:50.151     0     0 W wsa881x_get_temp: Temperature registers[0 0 0 0] are out of range
09-05 22:31:50.151     0     0 W wsa881x_get_temp: T0: 65535 is out of range[5, 45]
09-05 22:31:50.152   889   889 I imsrcsd : Uce Service HAL  loading imsrcsbaseimpl
09-05 22:31:50.161   957   957 E QCNEA   : Cne Version 4.9
09-05 22:31:50.163   666   666 D audio_hw_utils: audio_extn_utils_open_snd_mixer: retry, retry_num 1
09-05 22:31:50.169   993   993 I update_engine: [0905/223150.169063:INFO:main.cc(181)] A/B Update Engine starting
09-05 22:31:50.172   993   993 I update_engine: [0905/223150.172724:INFO:boot_control_android.cc(76)] Loaded boot control hidl hal.
09-05 22:31:50.172   993   993 I update_engine: [0905/223150.172925:INFO:daemon_state_android.cc(43)] Booted in dev mode.
09-05 22:31:50.173   899   899 I cameraserver: ServiceManager: 0xed4232a0
09-05 22:31:50.173   899   899 I CameraService: CameraService started (pid=899)
09-05 22:31:50.173   899   899 I CameraService: CameraService process starting
09-05 22:31:50.173   899   899 W BatteryNotifier: batterystats service unavailable!
09-05 22:31:50.173   899   899 W BatteryNotifier: batterystats service unavailable!
09-05 22:31:50.177   899   899 I CameraProviderManager: Connecting to new camera provider: external/0, isRemote? 1
09-05 22:31:50.177   899   899 I CameraProviderManager: Camera provider external/0 ready with 0 camera devices
09-05 22:31:50.180   899   899 I ServiceManagement: getService: Trying again for android.hardware.camera.provider@2.4::ICameraProvider/legacy/0...
09-05 22:31:50.183     0     0 W wsa881x_get_temp: Temperature registers[0 0 0 0] are out of range
09-05 22:31:50.184     0     0 W wsa881x_get_temp: T0: 65535 is out of range[5, 45]
09-05 22:31:50.188   627   627 W Zygote  : Class not found for preloading: android.bluetooth.BluetoothA2dp$2
09-05 22:31:50.192   953   953 I media.codec: mediacodecservice starting
--------- beginning of radio
09-05 22:31:50.196   954   954 D RILD    : **RIL Daemon Started**
09-05 22:31:50.196   954   954 D RILD    : **RILd param count=3**
09-05 22:31:50.196   953   953 W media.codec: libminijail[953]: failed to get path of fd 4: No such file or directory
09-05 22:31:50.196   953   953 W media.codec: libminijail[953]: allowing syscall: clock_gettime
09-05 22:31:50.196   953   953 W media.codec: libminijail[953]: allowing syscall: connect
09-05 22:31:50.196   953   953 W media.codec: libminijail[953]: allowing syscall: fcntl64
09-05 22:31:50.197   953   953 W media.codec: libminijail[953]: allowing syscall: socket
09-05 22:31:50.197   953   953 W media.codec: libminijail[953]: allowing syscall: writev
09-05 22:31:50.199   953   953 W media.codec: libminijail[953]: logging seccomp filter failures
09-05 22:31:50.201   627   627 I PackageBackwardCompatibility: Could not find android.content.pm.AndroidTestBaseUpdater, ignoring
09-05 22:31:50.214     0     0 W wsa881x_get_temp: Temperature registers[0 0 0 0] are out of range
09-05 22:31:50.214     0     0 W wsa881x_get_temp: T0: 65535 is out of range[5, 45]
09-05 22:31:50.218   937  1013 I ServiceManager: Waiting for service 'package_native' on '/dev/binder'...
09-05 22:31:50.221   953   953 I SoftOMXPlugin: createOMXPlugin
09-05 22:31:50.221   953   953 I MediaCodecsXmlParser: getVendorXmlPath (/vendor/etc/media_codecs_vendor.xml)
09-05 22:31:50.221   953   953 D MediaCodecsXmlParser: parsing /vendor/etc/media_codecs_vendor.xml...
09-05 22:31:50.224   953   953 D MediaCodecsXmlParser: parsing /vendor/etc/media_codecs_google_audio.xml...
09-05 22:31:50.228   953   953 I MediaCodecsXmlParser: limit: max-channel-count = 2
09-05 22:31:50.228   953   953 I MediaCodecsXmlParser: limit: sample-rate-ranges = 8000,11025,12000,16000,22050,24000,32000,44100,48000
09-05 22:31:50.228   953   953 I MediaCodecsXmlParser: limit: bitrate-range = 8000-320000
09-05 22:31:50.228   953   953 I MediaCodecsXmlParser: limit: max-channel-count = 1
09-05 22:31:50.228   953   953 I MediaCodecsXmlParser: limit: sample-rate-ranges = 8000
09-05 22:31:50.228   953   953 I MediaCodecsXmlParser: limit: bitrate-range = 4750-12200
09-05 22:31:50.228   953   953 I MediaCodecsXmlParser: limit: max-channel-count = 1
09-05 22:31:50.228   953   953 I MediaCodecsXmlParser: limit: sample-rate-ranges = 16000
09-05 22:31:50.228   953   953 I MediaCodecsXmlParser: limit: bitrate-range = 6600-23850
09-05 22:31:50.228   953   953 I MediaCodecsXmlParser: limit: max-channel-count = 8
09-05 22:31:50.228   953   953 I MediaCodecsXmlParser: limit: sample-rate-ranges = 7350,8000,11025,12000,16000,22050,24000,32000,44100,48000
09-05 22:31:50.228   953   953 I MediaCodecsXmlParser: limit: bitrate-range = 8000-960000
09-05 22:31:50.228   953   953 I MediaCodecsXmlParser: limit: max-channel-count = 1
09-05 22:31:50.228   953   953 I MediaCodecsXmlParser: limit: sample-rate-ranges = 8000-48000
09-05 22:31:50.228   953   953 I MediaCodecsXmlParser: limit: bitrate-range = 64000
09-05 22:31:50.228   953   953 I MediaCodecsXmlParser: limit: max-channel-count = 1
09-05 22:31:50.228   953   953 I MediaCodecsXmlParser: limit: sample-rate-ranges = 8000-48000
09-05 22:31:50.228   953   953 I MediaCodecsXmlParser: limit: bitrate-range = 64000
09-05 22:31:50.228   953   953 I MediaCodecsXmlParser: limit: max-channel-count = 8
09-05 22:31:50.228   953   953 I MediaCodecsXmlParser: limit: sample-rate-ranges = 8000-96000
09-05 22:31:50.228   953   953 I MediaCodecsXmlParser: limit: bitrate-range = 32000-500000
09-05 22:31:50.228   953   953 I MediaCodecsXmlParser: limit: max-channel-count = 8
09-05 22:31:50.228   953   953 I MediaCodecsXmlParser: limit: sample-rate-ranges = 48000
09-05 22:31:50.228   953   953 I MediaCodecsXmlParser: limit: bitrate-range = 6000-510000
09-05 22:31:50.228   953   953 I MediaCodecsXmlParser: limit: max-channel-count = 8
09-05 22:31:50.228   953   953 I MediaCodecsXmlParser: limit: sample-rate-ranges = 8000-192000
09-05 22:31:50.228   953   953 I MediaCodecsXmlParser: limit: bitrate-range = 1-10000000
09-05 22:31:50.228   953   953 I MediaCodecsXmlParser: limit: max-channel-count = 8
09-05 22:31:50.228   953   953 I MediaCodecsXmlParser: limit: sample-rate-ranges = 1-655350
09-05 22:31:50.228   953   953 I MediaCodecsXmlParser: limit: bitrate-range = 1-21000000
09-05 22:31:50.228   953   953 I MediaCodecsXmlParser: limit: max-channel-count = 6
09-05 22:31:50.228   953   953 I MediaCodecsXmlParser: limit: sample-rate-ranges = 8000,11025,12000,16000,22050,24000,32000,44100,48000
09-05 22:31:50.228   953   953 I MediaCodecsXmlParser: limit: bitrate-range = 8000-960000
09-05 22:31:50.228   953   953 I MediaCodecsXmlParser: limit: max-channel-count = 1
09-05 22:31:50.228   953   953 I MediaCodecsXmlParser: limit: sample-rate-ranges = 8000
