02-03 20:27:26.983   506   506 W RefBase : CallStack::getCurrentInternal not linked, returning null
02-03 20:27:26.983   506   506 W RefBase : CallStack::logStackInternal not linked
02-03 20:27:26.983   506   506 E vold    : Inserting using old mechanism  Error 19: No such device
02-03 20:27:26.983   506   506 D vold    : Added key 1006671843 (ext4:56cf392e47ab237a) to keyring 91957035 in process 506key size64
02-03 20:27:26.983   506   506 E vold    : Inserting using old mechanism  Error 19: No such device
02-03 20:27:26.983   506   506 D vold    : Added key 660431640 (f2fs:56cf392e47ab237a) to keyring 91957035 in process 506key size64
02-03 20:27:26.983   506   506 E vold    : Inserting using old mechanism  Error 19: No such device
02-03 20:27:26.983   506   506 D vold    : Added key 60399419 (fscrypt:56cf392e47ab237a) to keyring 91957035 in process 506key size64
02-03 20:27:26.983   506   506 D vold    : Installed de key for user 0
02-03 20:27:26.983   506   506 D vold    : Skipping non-de-key .
02-03 20:27:26.983   506   506 D vold    : fscrypt_prepare_user_storage for volume null, user 0, serial 0, flags 1
02-03 20:27:26.983   506   506 D vold    : Preparing: /data/system/users/0
02-03 20:27:26.984   506   506 D vold    : Preparing: /data/misc/profiles/cur/0
02-03 20:27:26.984   506   506 D vold    : Preparing: /data/system_de/0
02-03 20:27:26.984   506   506 D vold    : Preparing: /data/misc_de/0
02-03 20:27:26.985   506   506 D vold    : Preparing: /data/vendor_de/0
02-03 20:27:26.985   506   506 D vold    : Preparing: /data/user_de/0
02-03 20:27:26.986   506   506 I vold    : Found policy 56cf392e47ab237a at /data/system_de/0 which matches expected value
02-03 20:27:26.986   506   506 I vold    : Found policy 56cf392e47ab237a at /data/misc_de/0 which matches expected value
02-03 20:27:26.987   506   506 I vold    : Found policy 56cf392e47ab237a at /data/vendor_de/0 which matches expected value
02-03 20:27:26.988   506   506 I vold    : Found policy 56cf392e47ab237a at /data/user_de/0 which matches expected value
02-03 20:27:26.988   506   506 D vold    : /system/bin/vold_prepare_subdirs
02-03 20:27:26.988   506   506 D vold    :     prepare
02-03 20:27:26.988   506   506 D vold    :     
02-03 20:27:26.988   506   506 D vold    :     0
02-03 20:27:26.988   506   506 D vold    :     1
02-03 20:27:27.019   608   608 D vold_prepare_subdirs: Setting up mode 700 uid 0 gid 0 context u:object_r:vold_data_file:s0 on path: /data/misc_de/0/vold
02-03 20:27:27.020   608   608 D vold_prepare_subdirs: Setting up mode 700 uid 0 gid 0 context u:object_r:storaged_data_file:s0 on path: /data/misc_de/0/storaged
02-03 20:27:27.020   608   608 D vold_prepare_subdirs: Setting up mode 700 uid 0 gid 0 context u:object_r:rollback_data_file:s0 on path: /data/misc_de/0/rollback
02-03 20:27:27.021   608   608 D vold_prepare_subdirs: Setting up mode 700 uid 1000 gid 1000 context u:object_r:fingerprint_vendor_data_file:s0 on path: /data/vendor_de/0/fpdata
02-03 20:27:27.021   608   608 D vold_prepare_subdirs: Setting up mode 700 uid 1000 gid 1000 context u:object_r:face_vendor_data_file:s0 on path: /data/vendor_de/0/facedata
02-03 20:27:27.041   610   610 I /system/bin/tzdatacheck: timezone distro dir /data/misc/zoneinfo/current does not exist. No action required.
02-03 20:27:27.109   612   612 I art_apex: === ART pre-boot integrity checks ===
02-03 20:27:27.142   614   614 F art_apex: Device is not fsverity-enabled.
02-03 20:27:27.221   619   619 I OEM-FWUPDATE: Start
02-03 20:27:27.221   619   619 I OEM-FWUPDATE: param module: ite
02-03 20:27:27.221   619   619 I OEM-FWUPDATE: Start ITE FW upgrade.
02-03 20:27:27.221   619   619 I OEM-FWUPDATE: [ite_fw_upgrade] start.
02-03 20:27:27.226     0     0 I logd.daemon: reinit
02-03 20:27:27.231   618   618 I OEM-FWUPDATE: Start
02-03 20:27:27.231   618   618 I OEM-FWUPDATE: param module: lt
02-03 20:27:27.231   618   618 I OEM-FWUPDATE: Start LT8711/9711 FW upgrade
02-03 20:27:27.231   618   618 I OEM-FWUPDATE: oem fw upgrade exit
02-03 20:27:27.234   622   622 I /system/bin/flags_health_check: ServerConfigurableFlagsReset reset_mode value: 0
02-03 20:27:27.234   622   622 I /system/bin/flags_health_check: ServerConfigurableFlagsReset attempted boot count is under threshold, skipping reset.
02-03 20:27:27.235   617   617 D QC-time-services: Daemon:genoff_pre_init::Base = 0
02-03 20:27:27.236     0     0 I rtc-max31343 1-0068: read date/time raw! 0x00-02-04 01:27:27 W07
02-03 20:27:27.236     0     0 I rtc-max31343 1-0068: read date/time! 2000-02-04 01:27:27
02-03 20:27:27.236   617   617 D QC-time-services: Daemon:ats_rtc_init: Time read from RTC -- year = 100, month = 1,day = 4
02-03 20:27:27.237   617   617 D QC-time-services: Daemon ats_rtc_init: seconds = 949627647
02-03 20:27:27.237   617   617 D QC-time-services: Daemon:Value read from RTC seconds = 949627647000
02-03 20:27:27.237   617   617 D QC-time-services: Daemon:genoff_init_config: ATS_RTC initialized with rc: 0
02-03 20:27:27.237   617   617 D QC-time-services: Daemon:genoff_pre_init::Base = 1
02-03 20:27:27.237   617   617 D QC-time-services: Daemon: Storage Name: ats_1 
02-03 20:27:27.237   617   617 D QC-time-services: Daemon:Opening File: /mnt/vendor/persist/time/ats_1 /data/vendor/time/ats_1
02-03 20:27:27.237   617   617 D QC-time-services: Daemon:time_persistent_memory_opr:Genoff Read operation 
02-03 20:27:27.237   620   620 I OEM-HPM : /vendor/bin/oem_hotplug_monitor has 1 parameters
02-03 20:27:27.240   617   617 D QC-time-services: Daemon:Open File: /mnt/vendor/persist/time/ats_1
02-03 20:27:27.240   617   617 D QC-time-services: Daemon:genoff_pre_init::Base = 2
02-03 20:27:27.240   617   617 D QC-time-services: Daemon: Storage Name: ats_2 
02-03 20:27:27.240   617   617 D QC-time-services: Daemon:Opening File: /mnt/vendor/persist/time/ats_2 /data/vendor/time/ats_2
02-03 20:27:27.240   617   617 D QC-time-services: Daemon:time_persistent_memory_opr:Genoff Read operation 
02-03 20:27:27.240   617   617 D QC-time-services: Daemon:Open File: /mnt/vendor/persist/time/ats_2
02-03 20:27:27.240   617   617 D QC-time-services: Daemon:genoff_pre_init::Base = 3
02-03 20:27:27.240   617   617 D QC-time-services: Daemon: Storage Name: ats_3 
02-03 20:27:27.240   617   617 D QC-time-services: Daemon:Opening File: /mnt/vendor/persist/time/ats_3 /data/vendor/time/ats_3
02-03 20:27:27.240   617   617 D QC-time-services: Daemon:time_persistent_memory_opr:Genoff Read operation 
02-03 20:27:27.240   617   617 D QC-time-services: Daemon:Open File: /mnt/vendor/persist/time/ats_3
02-03 20:27:27.240   617   617 D QC-time-services: Daemon:Unable to open filefor read
02-03 20:27:27.240   617   617 D QC-time-services: Daemon:genoff_post_init:Error in accessing storage
02-03 20:27:27.240   617   617 D QC-time-services: Daemon:genoff_pre_init::Base = 4
02-03 20:27:27.240   617   617 D QC-time-services: Daemon: Storage Name: ats_4 
02-03 20:27:27.240   617   617 D QC-time-services: Daemon:Opening File: /mnt/vendor/persist/time/ats_4 /data/vendor/time/ats_4
02-03 20:27:27.240   617   617 D QC-time-services: Daemon:time_persistent_memory_opr:Genoff Read operation 
02-03 20:27:27.240   617   617 D QC-time-services: Daemon:Open File: /mnt/vendor/persist/time/ats_4
02-03 20:27:27.240   617   617 D QC-time-services: Daemon:Unable to open filefor read
02-03 20:27:27.240   617   617 D QC-time-services: Daemon:genoff_post_init:Error in accessing storage
02-03 20:27:27.240   617   617 D QC-time-services: Daemon:genoff_pre_init::Base = 5
02-03 20:27:27.240   617   617 D QC-time-services: Daemon: Storage Name: ats_5 
02-03 20:27:27.240   617   617 D QC-time-services: Daemon:Opening File: /mnt/vendor/persist/time/ats_5 /data/vendor/time/ats_5
02-03 20:27:27.240   617   617 D QC-time-services: Daemon:time_persistent_memory_opr:Genoff Read operation 
02-03 20:27:27.240   617   617 D QC-time-services: Daemon:Open File: /mnt/vendor/persist/time/ats_5
02-03 20:27:27.240   617   617 D QC-time-services: Daemon:Unable to open filefor read
02-03 20:27:27.240   617   617 D QC-time-services: Daemon:genoff_post_init:Error in accessing storage
02-03 20:27:27.240   617   617 D QC-time-services: Daemon:genoff_pre_init::Base = 6
02-03 20:27:27.240   617   617 D QC-time-services: Daemon: Storage Name: ats_6 
02-03 20:27:27.240   617   617 D QC-time-services: Daemon:Opening File: /mnt/vendor/persist/time/ats_6 /data/vendor/time/ats_6
02-03 20:27:27.240   617   617 D QC-time-services: Daemon:time_persistent_memory_opr:Genoff Read operation 
02-03 20:27:27.240   617   617 D QC-time-services: Daemon:Open File: /mnt/vendor/persist/time/ats_6
02-03 20:27:27.240   617   617 D QC-time-services: Daemon:Unable to open filefor read
02-03 20:27:27.240   617   617 D QC-time-services: Daemon:genoff_post_init:Error in accessing storage
02-03 20:27:27.240   617   617 D QC-time-services: Daemon:genoff_pre_init::Base = 7
02-03 20:27:27.240   617   617 D QC-time-services: Daemon: Storage Name: ats_7 
02-03 20:27:27.240   617   617 D QC-time-services: Daemon:Opening File: /mnt/vendor/persist/time/ats_7 /data/vendor/time/ats_7
02-03 20:27:27.240   617   617 D QC-time-services: Daemon:time_persistent_memory_opr:Genoff Read operation 
02-03 20:27:27.240   617   617 D QC-time-services: Daemon:Open File: /mnt/vendor/persist/time/ats_7
02-03 20:27:27.240   617   617 D QC-time-services: Daemon:Unable to open filefor read
02-03 20:27:27.240   617   617 D QC-time-services: Daemon:genoff_post_init:Error in accessing storage
02-03 20:27:27.240   617   617 D QC-time-services: Daemon:genoff_pre_init::Base = 8
02-03 20:27:27.240   617   617 D QC-time-services: Daemon: Storage Name: ats_8 
02-03 20:27:27.240   617   617 D QC-time-services: Daemon:Opening File: /mnt/vendor/persist/time/ats_8 /data/vendor/time/ats_8
02-03 20:27:27.240   617   617 D QC-time-services: Daemon:time_persistent_memory_opr:Genoff Read operation 
02-03 20:27:27.240   617   617 D QC-time-services: Daemon:Open File: /mnt/vendor/persist/time/ats_8
02-03 20:27:27.241   617   617 D QC-time-services: Daemon:Unable to open filefor read
02-03 20:27:27.241   617   617 D QC-time-services: Daemon:genoff_post_init:Error in accessing storage
02-03 20:27:27.241   617   617 D QC-time-services: Daemon:genoff_pre_init::Base = 9
02-03 20:27:27.241   617   617 D QC-time-services: Daemon: Storage Name: ats_9 
02-03 20:27:27.241   617   617 D QC-time-services: Daemon:Opening File: /mnt/vendor/persist/time/ats_9 /data/vendor/time/ats_9
02-03 20:27:27.241   617   617 D QC-time-services: Daemon:time_persistent_memory_opr:Genoff Read operation 
02-03 20:27:27.241   617   617 D QC-time-services: Daemon:Open File: /mnt/vendor/persist/time/ats_9
02-03 20:27:27.241   617   617 D QC-time-services: Daemon:Unable to open filefor read
02-03 20:27:27.241   617   617 D QC-time-services: Daemon:genoff_post_init:Error in accessing storage
02-03 20:27:27.241   617   617 D QC-time-services: Daemon:genoff_pre_init::Base = 10
02-03 20:27:27.241   617   617 D QC-time-services: Daemon: Storage Name: ats_10 
02-03 20:27:27.241   617   617 D QC-time-services: Daemon:Opening File: /mnt/vendor/persist/time/ats_10 /data/vendor/time/ats_10
02-03 20:27:27.241   617   617 D QC-time-services: Daemon:time_persistent_memory_opr:Genoff Read operation 
02-03 20:27:27.241   617   617 D QC-time-services: Daemon:Open File: /mnt/vendor/persist/time/ats_10
02-03 20:27:27.241   617   617 D QC-time-services: Daemon:Unable to open filefor read
02-03 20:27:27.241   617   617 D QC-time-services: Daemon:genoff_post_init:Error in accessing storage
02-03 20:27:27.241   617   617 D QC-time-services: Daemon:genoff_pre_init::Base = 11
02-03 20:27:27.241   617   617 D QC-time-services: Daemon: Storage Name: ats_11 
02-03 20:27:27.241   617   617 D QC-time-services: Daemon:Opening File: /mnt/vendor/persist/time/ats_11 /data/vendor/time/ats_11
02-03 20:27:27.241   617   617 D QC-time-services: Daemon:time_persistent_memory_opr:Genoff Read operation 
02-03 20:27:27.241   617   617 D QC-time-services: Daemon:Open File: /mnt/vendor/persist/time/ats_11
02-03 20:27:27.241   617   617 D QC-time-services: Daemon:Unable to open filefor read
02-03 20:27:27.241   617   617 D QC-time-services: Daemon:genoff_post_init:Error in accessing storage
02-03 20:27:27.241   617   617 D QC-time-services: Daemon:genoff_pre_init::Base = 12
02-03 20:27:27.241   617   617 D QC-time-services: Daemon: Storage Name: ats_12 
02-03 20:27:27.241   617   617 D QC-time-services: Daemon:Opening File: /mnt/vendor/persist/time/ats_12 /data/vendor/time/ats_12
02-03 20:27:27.241   617   617 D QC-time-services: Daemon:time_persistent_memory_opr:Genoff Read operation 
02-03 20:27:27.241   617   617 D QC-time-services: Daemon:Open File: /mnt/vendor/persist/time/ats_12
02-03 20:27:27.241   617   617 D QC-time-services: Daemon:Unable to open filefor read
02-03 20:27:27.241   617   617 D QC-time-services: Daemon:genoff_post_init:Error in accessing storage
02-03 20:27:27.241   617   617 D QC-time-services: Daemon:genoff_pre_init::Base = 13
02-03 20:27:27.241   617   617 D QC-time-services: Daemon: Storage Name: ats_13 
02-03 20:27:27.241   617   617 D QC-time-services: Daemon:Opening File: /mnt/vendor/persist/time/ats_13 /data/vendor/time/ats_13
02-03 20:27:27.241   617   617 D QC-time-services: Daemon:time_persistent_memory_opr:Genoff Read operation 
02-03 20:27:27.241   617   617 D QC-time-services: Daemon:Open File: /mnt/vendor/persist/time/ats_13
02-03 20:27:27.241   617   617 D QC-time-services: Daemon:Unable to open filefor read
02-03 20:27:27.241   617   617 D QC-time-services: Daemon:genoff_post_init:Error in accessing storage
02-03 20:27:27.241   617   617 D QC-time-services: Daemon:genoff_pre_init::Base = 14
02-03 20:27:27.241   617   617 D QC-time-services: Daemon: Storage Name: ats_14 
02-03 20:27:27.241   617   617 D QC-time-services: Daemon:Opening File: /mnt/vendor/persist/time/ats_14 /data/vendor/time/ats_14
02-03 20:27:27.241   617   617 D QC-time-services: Daemon:time_persistent_memory_opr:Genoff Read operation 
02-03 20:27:27.241   617   617 D QC-time-services: Daemon:Open File: /mnt/vendor/persist/time/ats_14
02-03 20:27:27.241   617   617 D QC-time-services: Daemon:Unable to open filefor read
02-03 20:27:27.241   617   617 D QC-time-services: Daemon:genoff_post_init:Error in accessing storage
02-03 20:27:27.241   617   617 D QC-time-services: Daemon:genoff_pre_init::Base = 15
02-03 20:27:27.241   617   617 D QC-time-services: Daemon: Storage Name: ats_15 
02-03 20:27:27.241   617   617 D QC-time-services: Daemon:Opening File: /mnt/vendor/persist/time/ats_15 /data/vendor/time/ats_15
02-03 20:27:27.241   617   617 D QC-time-services: Daemon:time_persistent_memory_opr:Genoff Read operation 
02-03 20:27:27.241   617   617 D QC-time-services: Daemon:Open File: /mnt/vendor/persist/time/ats_15
02-03 20:27:27.241   617   617 D QC-time-services: Daemon:Unable to open filefor read
02-03 20:27:27.241   617   617 D QC-time-services: Daemon:genoff_post_init:Error in accessing storage
02-03 20:27:27.241   617   617 D QC-time-services: Daemon:genoff_pre_init::Base = 16
02-03 20:27:27.241   617   617 D QC-time-services: Daemon: Storage Name: ats_16 
02-03 20:27:27.241   617   617 D QC-time-services: Daemon:Opening File: /mnt/vendor/persist/time/ats_16 /data/vendor/time/ats_16
02-03 20:27:27.241   617   617 D QC-time-services: Daemon:time_persistent_memory_opr:Genoff Read operation 
02-03 20:27:27.241   617   617 D QC-time-services: Daemon:Open File: /mnt/vendor/persist/time/ats_16
02-03 20:27:27.241   617   617 D QC-time-services: Daemon:genoff_pre_init::Base = 17
02-03 20:27:27.241   617   617 D QC-time-services: Daemon: Storage Name: ats_17 
02-03 20:27:27.241   617   617 D QC-time-services: Daemon:Opening File: /mnt/vendor/persist/time/ats_17 /data/vendor/time/ats_17
02-03 20:27:27.241   617   617 D QC-time-services: Daemon:time_persistent_memory_opr:Genoff Read operation 
02-03 20:27:27.241   617   617 D QC-time-services: Daemon:Open File: /mnt/vendor/persist/time/ats_17
02-03 20:27:27.241   617   617 D QC-time-services: Daemon:Unable to open filefor read
02-03 20:27:27.241   617   617 D QC-time-services: Daemon:genoff_post_init:Error in accessing storage
02-03 20:27:27.241   617   617 D QC-time-services: Daemon:genoff_pre_init::Base = 18
02-03 20:27:27.241   617   617 D QC-time-services: Daemon: Storage Name: ats_18 
02-03 20:27:27.241   617   617 D QC-time-services: Daemon:Opening File: /mnt/vendor/persist/time/ats_18 /data/vendor/time/ats_18
02-03 20:27:27.241   617   617 D QC-time-services: Daemon:time_persistent_memory_opr:Genoff Read operation 
02-03 20:27:27.241   617   617 D QC-time-services: Daemon:Open File: /mnt/vendor/persist/time/ats_18
02-03 20:27:27.241   617   617 D QC-time-services: Daemon:Unable to open filefor read
02-03 20:27:27.241   617   617 D QC-time-services: Daemon:genoff_post_init:Error in accessing storage
02-03 20:27:27.241   617   617 D QC-time-services: Daemon:genoff_init_config: Other bases initilized, exiting genoff_init
02-03 20:27:27.242     0     0 I rtc-max31343 1-0068: read date/time raw! 0x00-02-04 01:27:27 W07
02-03 20:27:27.242     0     0 I rtc-max31343 1-0068: read date/time! 2000-02-04 01:27:27
02-03 20:27:27.242   617   617 D QC-time-services: Daemon:rtc_get: Time read from RTC -- MM/DD/YY HH:MM:SS1/4/100 1:27:27
02-03 20:27:27.242   617   617 D QC-time-services: Daemon rtc_get: seconds = 949627647
02-03 20:27:27.242   617   617 D QC-time-services: Daemon:Value read from RTC mseconds = 949627647000
02-03 20:27:27.242   617   617 D QC-time-services: Daemon:Value read from QTimer mseconds = 13379
02-03 20:27:27.242   617   617 D QC-time-services: Daemon:genoff_opr: Base = 1, val = 0, operation = 1
02-03 20:27:27.242   617   617 D QC-time-services: Daemon: genoff get for 1
02-03 20:27:27.242   617   617 D QC-time-services: Daemon:Value read from QTimer mseconds = 13379
02-03 20:27:27.242   617   617 D QC-time-services: Daemon:Value read from RTC mseconds on boot = 949627647000
02-03 20:27:27.242   617   617 D QC-time-services: Daemon:Value read from QTimer mseconds = 13379
02-03 20:27:27.242   617   617 D QC-time-services: Daemon:Value read from generic offset = 681267860960
02-03 20:27:27.242   617   617 D QC-time-services: Daemon:Delta read on boot mseconds = 949627633621
02-03 20:27:27.242   617   617 D QC-time-services: Daemon:Final Time = 1630895507960
02-03 20:27:27.242   617   617 D QC-time-services: Daemon:genoff_boot_tod_init: Updating system time to sec=1630895507, usec=960000
02-03 20:27:27.246     0     0 I it8855 6-0040: PD version is: 6.06
02-03 20:27:27.252     0     0 I ptdet_get_poe_status: poe staus is 0
02-03 20:27:27.279     0     0 I update_verifier: Started with arg 1: nonencrypted
02-03 20:27:27.281     0     0 I update_verifier: Booting slot 0: isSlotMarkedSuccessful=1
02-03 20:27:27.281     0     0 I update_verifier: Leaving update_verifier.
02-03 20:27:27.288     0     0 I         : [ite_acc] get_accessory_id = 0
02-03 20:27:27.288     0     0 I [ite_acc] cfd_present_show: 0
02-03 20:27:27.303     0     0 I subsys-pil-tz 1a300000.qcom,turing: cdsp: loading from 0x0000000094a00000 to 0x0000000095000000
02-03 20:27:27.328     0     0 I         : [ite_acc] get_accessory_id = 0
02-03 20:27:27.328     0     0 I         : [ite_acc] present_show -> accessory id is: 0
02-03 20:27:27.368     0     0 I         : [ite_acc] get_accessory_id = 0
02-03 20:27:27.368     0     0 I         : [ite_acc] present_show -> accessory id is: 0
02-03 20:27:27.377     0     0 I subsys-pil-tz 1a300000.qcom,turing: cdsp: Brought out of reset
02-03 20:27:27.386     0     0 I subsys-pil-tz 1a300000.qcom,turing: cdsp: Power/Clock ready interrupt received
02-03 20:27:27.386     0     0 I subsys-pil-tz 1a300000.qcom,turing: Subsystem error monitoring/handling services are up
02-03 20:27:27.388     0     0 E pmic_analog_codec 800f000.qcom,spmi: qcom,pm660l@3:anlg-cdc@f000: Adsp is not loaded yet 0
02-03 20:27:27.388     0     0 E msm_sdw_codec 152c1000.msm-sdw-codec: Adsp is not loaded yet 0
02-03 20:27:27.389     0     0 E pmic_analog_codec 800f000.qcom,spmi: qcom,pm660l@3:anlg-cdc@f000: Adsp is not loaded yet 0
02-03 20:27:27.390     0     0 E msm_sdw_codec 152c1000.msm-sdw-codec: Adsp is not loaded yet 0
02-03 20:27:27.391     0     0 E pmic_analog_codec 800f000.qcom,spmi: qcom,pm660l@3:anlg-cdc@f000: Adsp is not loaded yet 0
02-03 20:27:27.391     0     0 I adsprpc : fastrpc_rpmsg_probe: opened rpmsg channel for cdsp
02-03 20:27:27.392     0     0 E msm_sdw_codec 152c1000.msm-sdw-codec: Adsp is not loaded yet 0
02-03 20:27:27.393     0     0 E pmic_analog_codec 800f000.qcom,spmi: qcom,pm660l@3:anlg-cdc@f000: Adsp is not loaded yet 0
02-03 20:27:27.394     0     0 E         : can't get fw name.
02-03 20:27:27.394     0     0 E sensors-ssc soc: qcom,msm-ssc-sensors: slpi_load_fw: SLPI image loading failed
02-03 20:27:27.408     0     0 I         : [ite_acc] get_accessory_id = 0
02-03 20:27:27.408     0     0 I [ite_acc] flip_present_show: 0
02-03 20:27:27.664     0     0 W oem_init: 38 output lines suppressed due to ratelimiting
02-03 20:27:27.950     0     0 I init    : starting service 'vendor.wifi_hal_legacy'...
02-03 20:27:27.953     0     0 I init    : starting service 'display-color-hal-1-0'...
02-03 20:27:27.955     0     0 I init    : starting service 'vendor.oemkeys-1-0'...
02-03 20:27:27.959     0     0 I init    : starting service 'vendor.oemlight-1-0'...
02-03 20:27:27.962     0     0 I init    : starting service 'vendor.oemmisc-1-0'...
02-03 20:27:27.968     0     0 I init    : starting service 'vendor.oempowersave-1-0'...
02-03 20:27:27.971     0     0 I init    : starting service 'vendor.oemuinput-1-0'...
02-03 20:27:27.981     0     0 I init    : starting service 'vendor.oemusbconfig-1-0'...
02-03 20:27:27.994     0     0 I init    : starting service 'qti_esepowermanager_service'...
02-03 20:27:27.997     0     0 I init    : starting service 'perf-hal-2-1'...
02-03 20:27:28.059     0     0 W healthd : Unknown power supply type 'BMS'
02-03 20:27:28.059     0     0 W healthd : Unknown power supply type 'Main'
09-05 22:31:47.970   619   619 I OEM-FWUPDATE: [ite_fw_upgrade] successful.
09-05 22:31:47.970   619   619 I OEM-FWUPDATE: oem fw upgrade exit
09-05 22:31:47.970   620   620 I OEM-HPM : sysfs:path /sys/devices/platform/soc/soc:oem-ptdet/poe_status data absent
09-05 22:31:47.970   620   620 I OEM-HPM :  size 16
09-05 22:31:47.970   620   620 I OEM-HPM : handle_poe_status_change, poe_status is absent
09-05 22:31:47.970   620   620 I OEM-HPM : 
09-05 22:31:47.970   620   620 I OEM-HPM : handle_poe_status_change, power type is not POE
09-05 22:31:47.970   620   620 D OEM-HPM : 
09-05 22:31:47.970   620   620 I OEM-HPM : sysfs:path /sys/class/power_supply/usb/online data 0 size 1
09-05 22:31:47.970   620   620 I OEM-HPM : /sys/class/power_supply/usb/online is 0
09-05 22:31:47.970   620   620 I OEM-HPM : sysfs:path /sys/class/power_supply/pc_port/online data 0 size 1
09-05 22:31:47.970   620   620 I OEM-HPM : /sys/class/power_supply/pc_port/online is 0
09-05 22:31:47.970   620   620 I OEM-HPM : sysfs:path /sys/class/power_supply/ac/online data 1t
09-05 22:31:47.970   620   620 I OEM-HPM :  size 1
09-05 22:31:47.970   620   620 I OEM-HPM : /sys/class/power_supply/ac/online is 1
09-05 22:31:47.970   620   620 I OEM-HPM : USB power supply become online
09-05 22:31:48.005   620   620 I OEM-HPM : sysfs:path /sys/devices/platform/pos_stand/cfd_present data 0 size 1
09-05 22:31:48.006   620   620 I OEM-HPM : /sys/devices/platform/pos_stand/cfd_present is 0
09-05 22:31:48.046   620   620 I OEM-HPM : sysfs:path /sys/devices/platform/pos_stand/present data 0 size 1
09-05 22:31:48.046   620   620 I OEM-HPM : /sys/devices/platform/pos_stand/present is 0
09-05 22:31:48.057   629   629 I bootstat: Service started: /system/bin/bootstat --set_system_boot_reason 
09-05 22:31:48.058   629   629 I bootstat: Canonical boot reason: reboot
09-05 22:31:48.058   629   629 I bootstat: Canonical boot reason: reboot
09-05 22:31:48.085   620   620 I OEM-HPM : sysfs:path /sys/devices/platform/io_hub/present data 0 size 1
09-05 22:31:48.085   620   620 I OEM-HPM : /sys/devices/platform/io_hub/present is 0
09-05 22:31:48.125   620   620 I OEM-HPM : sysfs:path /sys/devices/platform/pos_stand/flip_present data 0 size 1
09-05 22:31:48.125   620   620 I OEM-HPM : /sys/devices/platform/pos_stand/flip_present is 0
09-05 22:31:48.128   626   626 I netdClient: Skipping libnetd_client init since *we* are netd
09-05 22:31:48.129   626   626 I netd    : netd 1.0 starting
09-05 22:31:48.144   626   626 I Netd    : Loaded resolver library from /apex/com.android.resolv/lib64/libnetd_resolv.so
09-05 22:31:48.249   645   645 I BOOT    : MSM target '', SoC 'QRD', HwID '324', SoC ver '65536'
09-05 22:31:48.267   646   646 W DRM_BOOT: file: '/sys/module/drm/parameters/vblankoffdelay' or perms doesn't exist
09-05 22:31:48.667   667   667 I ServiceManagement: Registered android.hidl.allocator@1.0::IAllocator/ashmem (start delay of 51ms)
09-05 22:31:48.667   667   667 I ServiceManagement: Removing namespace from process name android.hidl.allocator@1.0-service to allocator@1.0-service.
09-05 22:31:48.696   668   668 I ServiceManagement: Registered android.system.suspend@1.0::ISystemSuspend/default (start delay of 80ms)
09-05 22:31:48.696   668   668 I ServiceManagement: Removing namespace from process name android.system.suspend@1.0-service to suspend@1.0-service.
09-05 22:31:48.728   678   678 E light   : light_open lights keyboard failed: -22
09-05 22:31:48.728   678   678 E light   : Light passthrough failed to load legacy HAL.
09-05 22:31:48.729   678   678 E light   : light_open lights buttons failed: -22
09-05 22:31:48.729   678   678 E light   : Light passthrough failed to load legacy HAL.
09-05 22:31:48.739   627   627 D AndroidRuntime: >>>>>> START com.android.internal.os.ZygoteInit uid 0 <<<<<<
09-05 22:31:48.739   627   627 I boot_progress_start: 9704
09-05 22:31:48.740   684   684 I ServiceManagement: Registered android.hardware.usb@1.0::IUsb/default (start delay of 62ms)
09-05 22:31:48.740   684   684 I ServiceManagement: Removing namespace from process name android.hardware.usb@1.0-service to usb@1.0-service.
09-05 22:31:48.740   684   684 I android.hardware.usb@1.0-service: USB HAL Ready.
09-05 22:31:48.741   678   678 E light   : light_open lights bluetooth failed: -22
09-05 22:31:48.741   678   678 E light   : Light passthrough failed to load legacy HAL.
09-05 22:31:48.745   678   678 E light   : light_open lights wifi failed: -22
09-05 22:31:48.745   678   678 E light   : Light passthrough failed to load legacy HAL.
09-05 22:31:48.747   678   678 I ServiceManagement: Registered android.hardware.light@2.0::ILight/default (start delay of 101ms)
09-05 22:31:48.747   678   678 I ServiceManagement: Removing namespace from process name android.hardware.light@2.0-service to light@2.0-service.
09-05 22:31:48.747   678   678 I         : Registration complete for android.hardware.light@2.0::ILight/default.
09-05 22:31:48.750   677   677 I health@2.0/: health@2.0/default: Hal starting main loop...
09-05 22:31:48.751   677   677 I health@2.0/: health@2.0/default Hal is starting up...
09-05 22:31:48.767   669   669 I android.hardware.bluetooth@1.0-service: vendorEnhancedInfo: 3
09-05 22:31:48.767   669   669 I android.hardware.bluetooth@1.0-service: isVendorEnhancedFramework: 1
09-05 22:31:48.767   669   669 I android.hardware.bluetooth@1.0-service: Registering BT Service
09-05 22:31:48.769   687   687 I ServiceManagement: Registered vendor.elo.hardware.oemkeys@1.0::IOemKeys/default (start delay of 103ms)
09-05 22:31:48.770   687   687 I ServiceManagement: Removing namespace from process name vendor.elo.hardware.oemkeys@1.0-service to oemkeys@1.0-service.
09-05 22:31:48.771   675   675 I ServiceManagement: Registered android.hardware.graphics.allocator@2.0::IAllocator/default (start delay of 135ms)
09-05 22:31:48.771   675   675 I ServiceManagement: Removing namespace from process name android.hardware.graphics.allocator@2.0-service to allocator@2.0-service.
09-05 22:31:48.771   675   675 I android.hardware.graphics.allocator@2.0-service: Registration complete for android.hardware.graphics.allocator@2.0::IAllocator/default.
09-05 22:31:48.773   690   690 I OEMPowerUtil: initialize().
09-05 22:31:48.775   673   673 I ServiceManagement: Registered android.hardware.drm@1.0::IDrmFactory/default (start delay of 140ms)
09-05 22:31:48.776   673   673 I ServiceManagement: Removing namespace from process name android.hardware.drm@1.0-service to drm@1.0-service.
09-05 22:31:48.776   673   673 I         : Registration complete for android.hardware.drm@1.0::IDrmFactory/default.
09-05 22:31:48.783   677   677 I ServiceManagement: Registered android.hardware.health@2.0::IHealth/default (start delay of 148ms)
09-05 22:31:48.783   677   677 I ServiceManagement: Removing namespace from process name android.hardware.health@2.0-service to health@2.0-service.
09-05 22:31:48.784   677   677 I health@2.0/: health@2.0/default: Hal init done
09-05 22:31:48.784   673   673 I ServiceManagement: Registered android.hardware.drm@1.0::ICryptoFactory/default (start delay of 159ms)
09-05 22:31:48.784   673   673 I ServiceManagement: Removing namespace from process name android.hardware.drm@1.0-service to drm@1.0-service.
09-05 22:31:48.784   673   673 I         : Registration complete for android.hardware.drm@1.0::ICryptoFactory/default.
09-05 22:31:48.785     0     0 W healthd : battery none chg=a
09-05 22:31:48.786   690   690 I ServiceManagement: Registered vendor.elo.hardware.oempowersave@1.0::IOemPowerSave/default (start delay of 100ms)
09-05 22:31:48.786   690   690 I ServiceManagement: Removing namespace from process name vendor.elo.hardware.oempowersave@1.0-service to oempowersave@1.0-service.
09-05 22:31:48.786   680   680 I QTI PowerHAL: Initing
09-05 22:31:48.789   706   706 I irsc_util: Starting irsc tool
09-05 22:31:48.789   692   692 I ServiceManagement: Registered vendor.elo.hardware.oemuinput@1.0::IOemUinput/default (start delay of 93ms)
09-05 22:31:48.789   692   692 I ServiceManagement: Removing namespace from process name vendor.elo.hardware.oemuinput@1.0-service to oemuinput@1.0-service.
09-05 22:31:48.797   688   688 E OEMLIGHT: OemLight Hal start
09-05 22:31:48.797   688   688 E OEMLIGHT: power LED not support
09-05 22:31:48.797   688   688 E OEMLIGHT: function LED not support
09-05 22:31:48.799   683   683 I auditd  : type=1400 audit(0.0:4): avc: denied { read } for comm="android.hardwar" name="pa" dev="sysfs" ino=32121 scontext=u:r:hal_tv_cec_default:s0 tcontext=u:object_r:sysfs:s0 tclass=file permissive=0
09-05 22:31:48.799   683   683 W android.hardwar: type=1400 audit(0.0:4): avc: denied { read } for name="pa" dev="sysfs" ino=32121 scontext=u:r:hal_tv_cec_default:s0 tcontext=u:object_r:sysfs:s0 tclass=file permissive=0
09-05 22:31:48.799   699   699 D         : QdutilsDisp: svc service starting :)
09-05 22:31:48.802   706   706 I irsc_util: Num of entries:299
09-05 22:31:48.802   706   706 E irsc_util: irsc_feed_config: Security config ioctl failed
09-05 22:31:48.802   706   706 I irsc_util: Ending irsc tool
09-05 22:31:48.807   497   497 I hwservicemanager: getTransport: Cannot find entry android.hardware.gnss@2.0::IGnss/default in either framework or device manifest.
09-05 22:31:48.808   683   683 E qdhdmi_cec: write_node: Failed to access path: /sys/devices/virtual/graphics/fb1/cec/logical_addr error: No such file or directory
09-05 22:31:48.808   683   683 E qdhdmi_cec: write_node: Failed to access path: /sys/devices/virtual/graphics/fb1/cec/enable error: No such file or directory
09-05 22:31:48.808   683   683 E qdhdmi_cec: cec_enable: Failed to toggle CEC: enable: 1
09-05 22:31:48.808   683   683 D qdhdmi_cec: cec_init_context: CEC enabled
09-05 22:31:48.808   683   683 E qdhdmi_cec: Node open failed for display 1 event cec/rd_msg error No such file or directory
09-05 22:31:48.808   683   683 E qdhdmi_cec: Failed to set poll event parameters
09-05 22:31:48.808   683   683 E qdhdmi_cec: Failed to populate poll parameters for monitoring HDMI CEC events. Exiting.
09-05 22:31:48.809   683   683 E qdhdmi_cec: write_node: Failed to access path: /sys/devices/virtual/graphics/fb1/cec/enable error: No such file or directory
09-05 22:31:48.809   683   683 E qdhdmi_cec: cec_enable: Failed to toggle CEC: enable: 0
09-05 22:31:48.810   688   688 I ServiceManagement: Registered vendor.elo.hardware.oemlight@1.0::IOemLight/default (start delay of 134ms)
09-05 22:31:48.810   688   688 I ServiceManagement: Removing namespace from process name vendor.elo.hardware.oemlight@1.0-service to oemlight@1.0-service.
09-05 22:31:48.811   699   699 I ServiceManagement: Registered vendor.qti.hardware.qdutils_disp@1.0::IQdutilsDisp/default (start delay of 95ms)
09-05 22:31:48.811   699   699 I ServiceManagement: Removing namespace from process name vendor.qti.hardware.qdutils_disp@1.0-service-qti to qdutils_disp@1.0-service-qti.
09-05 22:31:48.811   699   699 E         : Registered IQdutilsDisp HAL service success!
09-05 22:31:48.811   680   680 I ServiceManagement: Registered android.hardware.power@1.0::IPower/default (start delay of 166ms)
09-05 22:31:48.811   680   680 I ServiceManagement: Removing namespace from process name android.hardware.power@1.0-service to power@1.0-service.
09-05 22:31:48.811   680   680 I android.hardware.power@1.0-service: Registration complete for android.hardware.power@1.0::IPower/default.
09-05 22:31:48.812   679   679 I ServiceManagement: Registered android.hardware.memtrack@1.0::IMemtrack/default (start delay of 166ms)
09-05 22:31:48.812   679   679 I ServiceManagement: Removing namespace from process name android.hardware.memtrack@1.0-service to memtrack@1.0-service.
09-05 22:31:48.812   679   679 I android.hardware.memtrack@1.0-service: Registration complete for android.hardware.memtrack@1.0::IMemtrack/default.
09-05 22:31:48.823   617   617 E QMI_FW  : xport_lookup: No RX for lookup -1
09-05 22:31:48.823   617   617 D QC-time-services: Daemon:genoff_modem_qmi_init: Initializing QMI 
09-05 22:31:48.824   617   624 E QMI_FW  : ctrl_msg_reader_thread: control thread received ENETRESET 102
09-05 22:31:48.827   671   671 I ServiceManagement: Registered android.hardware.cas@1.1::IMediaCasService/default (start delay of 201ms)
09-05 22:31:48.827   671   671 I ServiceManagement: Removing namespace from process name android.hardware.cas@1.1-service to cas@1.1-service.
09-05 22:31:48.827   683   683 I ServiceManagement: Registered android.hardware.tv.cec@1.0::IHdmiCec/default (start delay of 172ms)
09-05 22:31:48.828   683   683 I ServiceManagement: Removing namespace from process name android.hardware.tv.cec@1.0-service to cec@1.0-service.
09-05 22:31:48.828   683   683 I android.hardware.tv.cec@1.0-service: Registration complete for android.hardware.tv.cec@1.0::IHdmiCec/default.
09-05 22:31:48.829   674   674 D gps_ql  : get android version:29
09-05 22:31:48.829   669   669 I ServiceManagement: Registered android.hardware.bluetooth@1.0::IBluetoothHci/default (start delay of 213ms)
09-05 22:31:48.829   669   669 I ServiceManagement: Removing namespace from process name android.hardware.bluetooth@1.0-service-qti to bluetooth@1.0-service-qti.
09-05 22:31:48.829   669   669 I         : Registration complete for android.hardware.bluetooth@1.0::IBluetoothHci/default.
09-05 22:31:48.829   669   669 I android.hardware.bluetooth@1.0-service: Registering ANT Service
09-05 22:31:48.831   682   682 I ServiceManagement: Registered android.hardware.thermal@1.0::IThermal/default (start delay of 175ms)
09-05 22:31:48.831   682   682 I ServiceManagement: Removing namespace from process name android.hardware.thermal@1.0-service to thermal@1.0-service.
09-05 22:31:48.831   682   682 I android.hardware.thermal@1.0-service: Registration complete for android.hardware.thermal@1.0::IThermal/default.
09-05 22:31:48.832   700   700 I ServiceManagement: Registered vendor.qti.hardware.qteeconnector@1.0::IAppConnector/default (start delay of 116ms)
09-05 22:31:48.833   700   700 I ServiceManagement: Removing namespace from process name vendor.qti.hardware.qteeconnector@1.0-service to qteeconnector@1.0-service.
09-05 22:31:48.833   702   702 D QSEECOMAPI: QSEECom_get_handle sb_length = 0x2800
09-05 22:31:48.833   702   702 D QSEECOMAPI: App is not loaded in QSEE
09-05 22:31:48.834   702   702 D QSEECOMAPI: app_arch = 2, total_files = 9
09-05 22:31:48.835   701   701 I ServiceManagement: Registered vendor.qti.hardware.servicetracker@1.0::IServicetracker/default (start delay of 109ms)
09-05 22:31:48.835   701   701 I ServiceManagement: Removing namespace from process name vendor.qti.hardware.servicetracker@1.0-service to servicetracker@1.0-service.
09-05 22:31:48.835   701   701 I         : Registration complete for vendor.qti.hardware.servicetracker@1.0::IServicetracker/default.
09-05 22:31:48.835   702   702 E ion     : ioctl c0044901 failed with code -1: Not a typewriter
09-05 22:31:48.838   674   674 I ServiceManagement: Registered android.hardware.gnss@2.0::IGnss/default (start delay of 202ms)
09-05 22:31:48.838   674   674 I ServiceManagement: Removing namespace from process name android.hardware.gnss@2.0-service.quectel to gnss@2.0-service.quectel.
09-05 22:31:48.838   674   674 I android.hardware.gnss@2.0-service: Registration complete for android.hardware.gnss@2.0::IGnss/default.
09-05 22:31:48.839   700   700 I ServiceManagement: Registered vendor.qti.hardware.qteeconnector@1.0::IGPAppConnector/default (start delay of 123ms)
09-05 22:31:48.839   695   695 D hal-OemUsbConfig: OemUsbConfig hal start
09-05 22:31:48.839   700   700 I ServiceManagement: Removing namespace from process name vendor.qti.hardware.qteeconnector@1.0-service to qteeconnector@1.0-service.
09-05 22:31:48.841   686   686 I ServiceManagement: Registered vendor.display.color@1.0::IDisplayColor/default (start delay of 175ms)
09-05 22:31:48.842   686   686 I ServiceManagement: Removing namespace from process name vendor.display.color@1.0-service to color@1.0-service.
09-05 22:31:48.842     0     0 E diag    : In diag_send_peripheral_buffering_mode, buffering flag not set for 5
09-05 22:31:48.843   617   726 D QC-time-services: Daemon: Time-services: All initializations done
09-05 22:31:48.843   617   726 E QC-time-services: Daemon: Time-services: Waiting to acceptconnection
09-05 22:31:48.844   695   695 I ServiceManagement: Registered vendor.elo.hardware.oemusbconfig@1.0::IOemUsbConfig/default (start delay of 138ms)
09-05 22:31:48.844   695   695 I ServiceManagement: Removing namespace from process name vendor.elo.hardware.oemusbconfig@1.0-service to oemusbconfig@1.0-service.
09-05 22:31:48.845   686   686 I ServiceManagement: Registered vendor.display.postproc@1.0::IDisplayPostproc/default (start delay of 179ms)
09-05 22:31:48.850   689   689 I vendor.elo.hardware.oemmisc@1.0-service: OemMisc Service start!
09-05 22:31:48.851   703   703 D         : tui_comm: svc service starting :)
09-05 22:31:48.851   696   696 D vendor.qti.esepowermanager@1.0-service: loading eseservice
09-05 22:31:48.851   696   696 D QSEECOMAPI: QSEECom_get_handle sb_length = 0x400
09-05 22:31:48.851   696   696 D QSEECOMAPI: App is not loaded in QSEE
09-05 22:31:48.852   696   696 E QSEECOMAPI: Error::Cannot open the file /vendor/firmware_mnt/image/eseservice.mdt errno = 2
09-05 22:31:48.852   696   696 E QSEECOMAPI: Error::Loading image failed with ret = -1
09-05 22:31:48.852   696   696 D vendor.qti.esepowermanager@1.0-service: loading eseservice failed
09-05 22:31:48.852   696   696 D vendor.qti.esepowermanager@1.0-service: eSEPowerManager is starting
09-05 22:31:48.852   669   669 I ServiceManagement: Registered com.qualcomm.qti.ant@1.0::IAntHci/default (start delay of 237ms)
09-05 22:31:48.852   669   669 I         : Registration complete for com.qualcomm.qti.ant@1.0::IAntHci/default.
09-05 22:31:48.852   669   669 I android.hardware.bluetooth@1.0-service: Registering SAR service
09-05 22:31:48.853   703   703 I ServiceManagement: Registered vendor.qti.hardware.tui_comm@1.0::ITuiComm/default (start delay of 117ms)
09-05 22:31:48.853   703   703 I ServiceManagement: Removing namespace from process name vendor.qti.hardware.tui_comm@1.0-service-qti to tui_comm@1.0-service-qti.
09-05 22:31:48.853   703   703 E         : Registered ITuiComm HAL service success!
09-05 22:31:48.858   627   627 I AndroidRuntime: Using default boot image
09-05 22:31:48.858   627   627 I AndroidRuntime: Leaving lock profiling enabled
09-05 22:31:48.859   670   670 I android.hardware.camera.provider@2.4-service: CameraProvider@2.4 legacy service is starting.
09-05 22:31:48.864   669   669 E vendor.qti.hardware.bluetooth_sar@1.0-BluetoothSar: HIDL_FETCH_IBluetoothSar
09-05 22:31:48.866   669   669 I ServiceManagement: Registered vendor.qti.hardware.bluetooth_sar@1.0::IBluetoothSar/default (start delay of 251ms)
09-05 22:31:48.866   669   669 I         : Registration complete for vendor.qti.hardware.bluetooth_sar@1.0::IBluetoothSar/default.
09-05 22:31:48.866   669   669 I android.hardware.bluetooth@1.0-service: Registering BT Config store Service
09-05 22:31:48.866   696   696 I ServiceManagement: Registered vendor.qti.esepowermanager@1.0::IEsePowerManager/default (start delay of 161ms)
09-05 22:31:48.867   696   696 I ServiceManagement: Removing namespace from process name vendor.qti.esepowermanager@1.0-service to esepowermanager@1.0-service.
09-05 22:31:48.867   696   696 I vendor.qti.esepowermanager@1.0-service: Registration complete for vendor.qti.esepowermanager@1.0::IEsePowerManager/default.
09-05 22:31:48.869   689   689 I ServiceManagement: Registered vendor.elo.hardware.oemmisc@1.0::IOemMisc/default (start delay of 194ms)
09-05 22:31:48.869   689   689 I ServiceManagement: Removing namespace from process name vendor.elo.hardware.oemmisc@1.0-service to oemmisc@1.0-service.
09-05 22:31:48.886   681   681 E libsensor1: check_sensors_enabled: Sensors enabled = true
09-05 22:31:48.886   713   713 I pd-mapper-svc: Starting pd-mapper service
09-05 22:31:48.887   713   713 I pd-mapper-svc: Parsing file :/vendor/firmware_mnt/image/adspr.jsn:
09-05 22:31:48.888     0     0 I sysmon-qmi: ssctl_new_server: Connection established between QMI handle and adsp's SSCTL service
09-05 22:31:48.889     0     0 E diag    : In diag_send_feature_mask_update, control channel is not open, p: 1, 0000000051f88535
09-05 22:31:48.890   672   672 W /vendor/bin/hw/android.hardware.configstore@1.1-service: libminijail[672]: allowing syscall: connect
09-05 22:31:48.890   672   672 W /vendor/bin/hw/android.hardware.configstore@1.1-service: libminijail[672]: allowing syscall: fcntl
09-05 22:31:48.890   672   672 W /vendor/bin/hw/android.hardware.configstore@1.1-service: libminijail[672]: allowing syscall: sendto
09-05 22:31:48.890   672   672 W /vendor/bin/hw/android.hardware.configstore@1.1-service: libminijail[672]: allowing syscall: socket
09-05 22:31:48.890   672   672 W /vendor/bin/hw/android.hardware.configstore@1.1-service: libminijail[672]: allowing syscall: writev
09-05 22:31:48.894     0     0 I ueventd : firmware: loading 'cmnlib64.mdt' for '/devices/virtual/qseecom/qseecom/cmnlib64.mdt'
09-05 22:31:48.897   627   627 I zygote64: option[0]=-Xzygote
09-05 22:31:48.897   627   627 I zygote64: option[1]=exit
09-05 22:31:48.897   627   627 I zygote64: option[2]=vfprintf
09-05 22:31:48.897   627   627 I zygote64: option[3]=sensitiveThread
09-05 22:31:48.897   627   627 I zygote64: option[4]=-verbose:gc
09-05 22:31:48.897   627   627 I zygote64: option[5]=-Xms8m
09-05 22:31:48.897   627   627 I zygote64: option[6]=-Xmx512m
09-05 22:31:48.897   627   627 I zygote64: option[7]=-XX:HeapGrowthLimit=256m
09-05 22:31:48.897   627   627 I zygote64: option[8]=-XX:HeapMinFree=512k
09-05 22:31:48.897   627   627 I zygote64: option[9]=-XX:HeapMaxFree=8m
09-05 22:31:48.897   627   627 I zygote64: option[10]=-XX:HeapTargetUtilization=0.75
09-05 22:31:48.897   627   627 I zygote64: option[11]=-Xusejit:true
09-05 22:31:48.897   627   627 I zygote64: option[12]=-Xjitsaveprofilinginfo
09-05 22:31:48.897   627   627 I zygote64: option[13]=-XjdwpOptions:suspend=n,server=y
09-05 22:31:48.897   627   627 I zygote64: option[14]=-XjdwpProvider:default
09-05 22:31:48.897   627   627 I zygote64: option[15]=-Xlockprofthreshold:500
09-05 22:31:48.897   627   627 I zygote64: option[16]=-Ximage-compiler-option
09-05 22:31:48.897   627   627 I zygote64: option[17]=--runtime-arg
09-05 22:31:48.897   627   627 I zygote64: option[18]=-Ximage-compiler-option
09-05 22:31:48.897   627   627 I zygote64: option[19]=-Xms64m
09-05 22:31:48.897   627   627 I zygote64: option[20]=-Ximage-compiler-option
09-05 22:31:48.897   627   627 I zygote64: option[21]=--runtime-arg
09-05 22:31:48.897   627   627 I zygote64: option[22]=-Ximage-compiler-option
09-05 22:31:48.897   627   627 I zygote64: option[23]=-Xmx64m
09-05 22:31:48.897   627   627 I zygote64: option[24]=-Ximage-compiler-option
09-05 22:31:48.897   627   627 I zygote64: option[25]=--profile-file=/system/etc/boot-image.prof
09-05 22:31:48.897   627   627 I zygote64: option[26]=-Ximage-compiler-option
09-05 22:31:48.897   627   627 I zygote64: option[27]=--compiler-filter=speed-profile
09-05 22:31:48.897   627   627 I zygote64: option[28]=-Xcompiler-option
09-05 22:31:48.897   627   627 I zygote64: option[29]=--runtime-arg
09-05 22:31:48.897   627   627 I zygote64: option[30]=-Xcompiler-option
09-05 22:31:48.897   627   627 I zygote64: option[31]=-Xms64m
09-05 22:31:48.897   627   627 I zygote64: option[32]=-Xcompiler-option
09-05 22:31:48.897   627   627 I zygote64: option[33]=--runtime-arg
09-05 22:31:48.897   627   627 I zygote64: option[34]=-Xcompiler-option
09-05 22:31:48.897   627   627 I zygote64: option[35]=-Xmx512m
09-05 22:31:48.897   627   627 I zygote64: option[36]=-Ximage-compiler-option
09-05 22:31:48.897   627   627 I zygote64: option[37]=--instruction-set-variant=generic
09-05 22:31:48.897   627   627 I zygote64: option[38]=-Xcompiler-option
09-05 22:31:48.897   627   627 I zygote64: option[39]=--instruction-set-variant=generic
09-05 22:31:48.897   627   627 I zygote64: option[40]=-Ximage-compiler-option
09-05 22:31:48.897   627   627 I zygote64: option[41]=--instruction-set-features=default
09-05 22:31:48.897   627   627 I zygote64: option[42]=-Xcompiler-option
09-05 22:31:48.897   627   627 I zygote64: option[43]=--instruction-set-features=default
09-05 22:31:48.897   627   627 I zygote64: option[44]=-Duser.locale=en-US
09-05 22:31:48.897   627   627 I zygote64: option[45]=--cpu-abilist=arm64-v8a
09-05 22:31:48.897   627   627 I zygote64: option[46]=-Xcompiler-option
09-05 22:31:48.897   627   627 I zygote64: option[47]=--generate-mini-debug-info
09-05 22:31:48.897   627   627 I zygote64: option[48]=-Xcore-platform-api-policy:just-warn
09-05 22:31:48.897   627   627 I zygote64: option[49]=-Xfingerprint:Elo/15in-I-Series-4_E8MP/15in-I-Series-4:10/QKQ1.201112.002/eng.youkai.20210831.015539:userdebug/debug,release-keys
09-05 22:31:48.897   672   672 W /vendor/bin/hw/android.hardware.configstore@1.1-service: libminijail[672]: logging seccomp filter failures
09-05 22:31:48.899   713   713 I pd-mapper-svc: Parsing file :/vendor/firmware_mnt/image/adsps.jsn:
09-05 22:31:48.899     0     0 E diag    : In diag_send_peripheral_buffering_mode, buffering flag not set for 1
09-05 22:31:48.900   672   672 I ServiceManagement: Registered android.hardware.configstore@1.1::ISurfaceFlingerConfigs/default (start delay of 274ms)
09-05 22:31:48.900   672   672 I ServiceManagement: Removing namespace from process name android.hardware.configstore@1.1-service to configstore@1.1-service.
09-05 22:31:48.901   669   669 I ServiceManagement: Registered vendor.qti.hardware.btconfigstore@1.0::IBTConfigStore/default (start delay of 285ms)
09-05 22:31:48.901   669   669 I         : Registration complete for vendor.qti.hardware.btconfigstore@1.0::IBTConfigStore/default.
09-05 22:31:48.903   711   711 I PerMgrSrv: Adding entry for modem : offTimeout : 500 ackTimeout : 200
09-05 22:31:48.905     0     0 I ueventd : loading /devices/virtual/qseecom/qseecom/cmnlib64.mdt took 11ms
09-05 22:31:48.907   713   713 I pd-mapper-svc: Parsing file :/vendor/firmware_mnt/image/adspua.jsn:
09-05 22:31:48.908   713   713 I pd-mapper-svc: Parsing file :/vendor/firmware_mnt/image/cdspr.jsn:
09-05 22:31:48.910   711   711 I PerMgrSrv: Peripheral Mananager service start
09-05 22:31:48.910   711   711 I PerMgrSrv: power-off timeout 500,ms; event-ack timeout 200,ms; debug-mode false
09-05 22:31:48.911   711   711 I PerMgrSrv: Statistics for : modem
09-05 22:31:48.911   711   711 I PerMgrSrv: modem: Current State : is off-line
09-05 22:31:48.911   711   711 I PerMgrSrv: modem: Voter/Listener count : 0/0
09-05 22:31:48.911   711   711 I PerMgrSrv: modem: Power on count : 0
09-05 22:31:48.911   711   711 I PerMgrSrv: modem: Power off count: 0
09-05 22:31:48.911   711   711 I PerMgrSrv: modem: Client list:
09-05 22:31:48.911   713   713 I pd-mapper-svc: Parsing file :/vendor/firmware_mnt/image/modemr.jsn:
09-05 22:31:48.912     0     0 I sps     : BAM 0x0000000015204000 (va:0x0000000037059562) enabled: ver:0x19, number of pipes:13
09-05 22:31:48.912     0     0 I sps     : BAM 0x0000000015204000 is registered.
09-05 22:31:48.912   685   685 I android.hardware.wifi@1.0-service: Wifi Hal is booting up...
09-05 22:31:48.912   713   713 I pd-mapper-svc: Parsing file :/vendor/firmware_mnt/image/modemuw.jsn:
09-05 22:31:48.914   685   685 I ServiceManagement: Registered android.hardware.wifi@1.3::IWifi/default (start delay of 249ms)
09-05 22:31:48.915   685   685 I ServiceManagement: Removing namespace from process name android.hardware.wifi@1.0-service to wifi@1.0-service.
