09-05 22:31:51.054     0     0 E MSM-CPP cpp_init_hardware: 1153 stream_cnt:0
09-05 22:31:51.081     0     0 I msm_csid_init: CSID_VERSION = 0x30050000
09-05 22:31:51.082     0     0 E         : msm_csid_irq CSID0_IRQ_STATUS_ADDR = 0x800
09-05 22:31:51.090   670  1221 I mm-camera: <MCT   >< INFO> 5336: mct_pipeline_start_session_thread: Module sensor start_session rc = 1
09-05 22:31:51.090   670  1221 I mm-camera: <MCT   >< INFO> 5344: mct_pipeline_start_session_thread: started_num = 6, success = 6
09-05 22:31:51.091   670  1221 I mm-camera: <MCT   >< INFO> 5351: mct_pipeline_start_session_thread: X sensor
09-05 22:31:51.096   670   670 I mm-camera: <MCT   >< INFO> 5247: mct_pipeline_start_stream_internal: Adding session stream streamid= 0xf for session=3
09-05 22:31:51.096   670   670 I mm-camera: <MCT   >< INFO> 5295: mct_pipeline_start_stream_internal: Linking session stream for session 3
09-05 22:31:51.096   670   670 I mm-camera: <MCT   >< INFO> 526: mct_stream_start_link: Start linking Session-stream 0x3000f
09-05 22:31:51.096   670   670 I mm-camera: <IFACE >< INFO> 344: iface_util_find_primary_cid: iface_util_find_primary_cid:344 error cannot find primary sensor format cids 1
09-05 22:31:51.097   670   670 I mm-camera: <ISP   >< INFO> 851: isp_port_check_caps_reserve: port 0xedcbe300 ide 3000f type 10 dim 0 0
09-05 22:31:51.097   670   670 I mm-camera: <PPROC >< INFO> 449: pproc_port_add_modules_to_stream: in identity 3000f stream 10 int_link = 0xed4b6b80
09-05 22:31:51.097   670   670 I mm-camera: <PPROC >< INFO> 461: pproc_port_add_modules_to_stream: :LINK linking mods tmod and paaf for identity 3000f
09-05 22:31:51.097   670   670 I mm-camera: <PPROC >< INFO> 461: pproc_port_add_modules_to_stream: :LINK linking mods paaf and sat for identity 3000f
09-05 22:31:51.097   670   670 I mm-camera: <PPROC >< INFO> 461: pproc_port_add_modules_to_stream: :LINK linking mods sat and c2d for identity 3000f
09-05 22:31:51.097   670   670 I mm-camera: <C2D   >< INFO> 1557: c2d_module_notify_add_stream: width 0, height 0, stride 0, scanline 0, is_type 0
09-05 22:31:51.097   670   670 I mm-camera: <PPROC >< INFO> 461: pproc_port_add_modules_to_stream: :LINK linking mods c2d and cpp for identity 3000f
09-05 22:31:51.097   670   670 I mm-camera: <CPP   >< INFO> 2538: cpp_module_notify_add_stream: :stream 10, width 0, height 0, stride 0,scanline 0, framelen 0
09-05 22:31:51.097   670   670 I mm-camera: <CPP   >< INFO> 2695: cpp_module_notify_add_stream: : stream 10, fmt 1, asf_mode 0, sharpness_level 0.000000,asf mask 0, denoise 0, denoise_mask 0, dsdn mask 0,dsdn enable 0, tnr mask 0, tnr enable 0, ds_mask 0, luma dsdn 0
09-05 22:31:51.097   670   670 I mm-camera: <PPROC >< INFO> 461: pproc_port_add_modules_to_stream: :LINK linking mods cpp and depth_map for identity 3000f
09-05 22:31:51.098   670   670 I mm-camera: <PPROC >< INFO> 461: pproc_port_add_modules_to_stream: :LINK linking mods depth_map and ezt for identity 3000f
09-05 22:31:51.098   670   670 I mm-camera: <PPROC >< INFO> 461: pproc_port_add_modules_to_stream: :LINK linking mods ezt and quadracfa for identity 3000f
09-05 22:31:51.098   670   670 E mm-camera: <STATS ><ERROR> 3027: stats_port_check_caps_reserve: Invalid Port capability type!
09-05 22:31:51.098   670   670 I chatty  : uid=1047(cameraserver) provider@2.4-se identical 3 lines
09-05 22:31:51.098   670   670 E mm-camera: <STATS ><ERROR> 3027: stats_port_check_caps_reserve: Invalid Port capability type!
09-05 22:31:51.099   670   670 I mm-camera: <MCT   >< INFO> 5304: mct_pipeline_start_stream_internal: Session stream linked successfully session 3
09-05 22:31:51.102   670  1219 E mm-camera: <IMGLIB><ERROR> 322: module_depth_map_handle_ctrl_parm: E
09-05 22:31:51.102   670  1219 E mm-camera: <IMGLIB><ERROR> 430: module_depth_map_set_config_param: X
09-05 22:31:51.102   670  1219 E mm-camera: <IMGLIB><ERROR> 254: module_depth_map_send_config_data: CAM_STREAM_TYPE_DEPTH not set !!
09-05 22:31:51.102   670  1219 E mm-camera: <IMGLIB><ERROR> 369: module_depth_map_handle_ctrl_parm: Error module_depth_map_send_config_data
09-05 22:31:51.102   670  1219 E mm-camera: <IMGLIB><ERROR> 373: module_depth_map_handle_ctrl_parm: X
09-05 22:31:51.102   670  1219 E mm-camera: <IMGLIB><ERROR> 880: module_imgbase_process_param: [depth_map] handle_ctrl_parm error : type=10, rc=-5
09-05 22:31:51.103   670   670 I Thermal-Lib: Thermal-Lib-Client: Registration successful for camera with handle:1
09-05 22:31:51.103   670   670 I Thermal-Lib: Thermal-Lib-Client: Registration successful for camcorder with handle:2
09-05 22:31:51.103   670   670 I QCamera : <HAL><INFO> openCamera: 1931: [KPI Perf]: X PROFILE_OPEN_CAMERA camera id 0, rc: 0
09-05 22:31:51.103   670   670 I QCamera : <HAL><INFO> close_camera_device: 1530: [KPI Perf]: E camera id 0
09-05 22:31:51.103   670  1219 I mm-camera: <IFACE >< INFO> 6274: iface_util_set_dis_enable_flag: iface_util_set_dis_enable_flag:6274 DIS enable flag = 0
09-05 22:31:51.103   878   973 I ThermalEngine: Thermal-Server: Adding thermal event listener on fd 36
09-05 22:31:51.103   670  1219 E mm-camera: <SENSOR><ERROR> 5338: module_sensor_event_control_set_parm: func_tbl for submodule 4 is NULL
09-05 22:31:51.103   670  1245 I Thermal-Lib: Thermal-Lib-Client: Client received msg camera 0
09-05 22:31:51.103   670  1245 I Thermal-Lib: Thermal-Lib-Client: Client received msg camcorder 0
09-05 22:31:51.106   670  1219 E mm-camera: <IMGLIB><ERROR> 322: module_depth_map_handle_ctrl_parm: E
09-05 22:31:51.106   670  1219 E mm-camera: <IMGLIB><ERROR> 430: module_depth_map_set_config_param: X
09-05 22:31:51.106   670  1219 E mm-camera: <IMGLIB><ERROR> 254: module_depth_map_send_config_data: CAM_STREAM_TYPE_DEPTH not set !!
09-05 22:31:51.106   670  1219 E mm-camera: <IMGLIB><ERROR> 369: module_depth_map_handle_ctrl_parm: Error module_depth_map_send_config_data
09-05 22:31:51.106   670  1219 E mm-camera: <IMGLIB><ERROR> 373: module_depth_map_handle_ctrl_parm: X
09-05 22:31:51.106   670  1219 E mm-camera: <IMGLIB><ERROR> 880: module_imgbase_process_param: [depth_map] handle_ctrl_parm error : type=10, rc=-5
09-05 22:31:51.107   670  1219 E mm-camera: <IMGLIB><ERROR> 322: module_depth_map_handle_ctrl_parm: E
09-05 22:31:51.107   670  1219 E mm-camera: <IMGLIB><ERROR> 430: module_depth_map_set_config_param: X
09-05 22:31:51.107   670  1219 E mm-camera: <IMGLIB><ERROR> 254: module_depth_map_send_config_data: CAM_STREAM_TYPE_DEPTH not set !!
09-05 22:31:51.107   670  1219 E mm-camera: <IMGLIB><ERROR> 369: module_depth_map_handle_ctrl_parm: Error module_depth_map_send_config_data
09-05 22:31:51.107   670  1219 E mm-camera: <IMGLIB><ERROR> 373: module_depth_map_handle_ctrl_parm: X
09-05 22:31:51.107   670  1219 E mm-camera: <IMGLIB><ERROR> 880: module_imgbase_process_param: [depth_map] handle_ctrl_parm error : type=10, rc=-5
09-05 22:31:51.107   670   670 E QCamera : <HAL><ERROR> acquirePerfLock: 614: Failed to acquire the perf lock
09-05 22:31:51.107   670   670 I QCamera : <HAL><INFO> closeCamera: 2333: E
09-05 22:31:51.107   670   670 I QCamera : <HAL><INFO> closeCamera: 2338: [KPI Perf]: E PROFILE_CLOSE_CAMERA camera id 0
09-05 22:31:51.108   670  1219 I mm-camera: <ISP   >< INFO> 7159: isp_util_print_meta_stream_info: Deallocate resources
09-05 22:31:51.108   670  1151 E mm-camera: <IMGLIB><ERROR> 297: AllocateBuffers: Invalid dimensions 0x0
09-05 22:31:51.108   670  1151 E mm-camera: <IMGLIB><ERROR> 197: img_algo_preload: Preload: Failed to allocate buffer, rc -4
09-05 22:31:51.108   670  1219 I mm-camera: <ISP   >< INFO> 7490: isp_util_handle_stream_info: streams_desc num_streams is 0 
09-05 22:31:51.108   670  1151 E mm-camera: <IMGLIB><ERROR> 127: module_imgbase_client_preload_exec: IMG_CORE_PRELOAD failed -4
09-05 22:31:51.108   670  1219 I mm-camera: <IFACE >< INFO> 6384: iface_util_handle_meta_stream_info: iface_util_handle_meta_stream_info: ms_type 0 num streams 0
09-05 22:31:51.108   670   670 I Thermal-Lib: thermal_bandwidth_client_cancel_request: Removing all bw request for camera_bw
09-05 22:31:51.108   670   670 I Thermal-Lib: Thermal-Lib-Client: Unregisteration is successfull for handle:1
09-05 22:31:51.108   878   973 I ThermalEngine: Thermal-Server: removing client on fd 36
09-05 22:31:51.108   670   670 I Thermal-Lib: Thermal-Lib-Client: Unregisteration is successfull for handle:2
09-05 22:31:51.109   670   670 I mm-camera: <MCT   >< INFO> 310: mct_controller_destroy: Initiating destroy sequence for session = 3
09-05 22:31:51.109   670   670 I mm-camera: <MCT   >< INFO> 328: mct_controller_destroy: serv_thread closed
09-05 22:31:51.109   670   670 I mm-camera: <MCT   >< INFO> 343: mct_controller_destroy: bus_handler thread closed
09-05 22:31:51.109   670   670 I mm-camera: <MCT   >< INFO> 5404: mct_pipeline_stop_session: Initiating stop_session on session 3
09-05 22:31:51.109   670   670 I mm-camera: <MCT   >< INFO> 4288: mct_pipeline_process_set: command=800000b
09-05 22:31:51.109   670   670 I mm-camera: <MCT   >< INFO> 4533: mct_pipeline_process_set: Issuing DEL_STREAM on stream 0x3000f and stream type=10
09-05 22:31:51.110   627   627 D TelephonyManager: No /proc/cmdline exception=java.io.FileNotFoundException: /proc/cmdline: open failed: EACCES (Permission denied)
09-05 22:31:51.110   627   627 D TelephonyManager: /proc/cmdline=
09-05 22:31:51.113   627   627 W Zygote  : Class not found for preloading: android.view.-$$Lambda$SurfaceView$Cs7TGTdA1lXf9qW8VOJAfEsMjdk
09-05 22:31:51.120     0     0 I msm_cci_init: 1440: hw_version = 0x10060000
09-05 22:31:51.120   627   627 W Zygote  : Class not found for preloading: android.view.SurfaceView$3
09-05 22:31:51.121     0     0 I         : @@@ original_sid = 0x10, valid_flag = 0x01, eeprom_version = 0x01, checksum = 0x03
09-05 22:31:51.121     0     0 I         : @@@ rc = 0, camera_sid = 0x10, eeprom_reg_addr = 0x03 , eeprom_reg_value = 0x32
09-05 22:31:51.121     0     0 I         : @@@ rc = 0, camera_sid = 0x10, eeprom_reg_addr = 0x04 , eeprom_reg_value = 0x30
09-05 22:31:51.121     0     0 I         : @@@ rc = 0, camera_sid = 0x10, eeprom_reg_addr = 0x05 , eeprom_reg_value = 0x32
09-05 22:31:51.121     0     0 I         : @@@ rc = 0, camera_sid = 0x10, eeprom_reg_addr = 0x06 , eeprom_reg_value = 0x30
09-05 22:31:51.121     0     0 I         : @@@ rc = 0, camera_sid = 0x10, eeprom_reg_addr = 0x07 , eeprom_reg_value = 0x31
09-05 22:31:51.121     0     0 I         : @@@ rc = 0, camera_sid = 0x10, eeprom_reg_addr = 0x08 , eeprom_reg_value = 0x31
09-05 22:31:51.122     0     0 I         : @@@ rc = 0, camera_sid = 0x10, eeprom_reg_addr = 0x09 , eeprom_reg_value = 0x32
09-05 22:31:51.122     0     0 I         : @@@ rc = 0, camera_sid = 0x10, eeprom_reg_addr = 0x0a , eeprom_reg_value = 0x37
09-05 22:31:51.122     0     0 I         : @@@ rc = 0, camera_sid = 0x10, eeprom_reg_addr = 0x0b , eeprom_reg_value = 0x31
09-05 22:31:51.122   937  1013 I ServiceManager: Waiting for service 'package_native' on '/dev/binder'...
09-05 22:31:51.122   627   627 W Zygote  : Class not found for preloading: android.view.textclassifier.-$$Lambda$TextClassificationManager$JIaezIJbMig_-kVzN6oArzkTsJE
09-05 22:31:51.122     0     0 I         : @@@ rc = 0, camera_sid = 0x10, eeprom_reg_addr = 0x0c , eeprom_reg_value = 0x38
09-05 22:31:51.131   627   627 W Zygote  : Class not found for preloading: com.android.internal.net.NetworkStatsFactory
09-05 22:31:51.139   627   627 W Zygote  : Class not found for preloading: com.android.internal.telephony.-$$Lambda$PhoneSubInfoController$8HFbCDJDN1mrLJG980qYH5MGqMk
09-05 22:31:51.139   627   627 W Zygote  : Class not found for preloading: com.android.internal.telephony.-$$Lambda$PhoneSubInfoController$U28a_EGx2cvmQhDfRRgonMt5Zrc
09-05 22:31:51.139   627   627 W Zygote  : Class not found for preloading: com.android.internal.telephony.-$$Lambda$SubscriptionInfoUpdater$-zZXM9oMRZ3vZz7dJOG19J00Bmw
09-05 22:31:51.139   627   627 W Zygote  : Class not found for preloading: com.android.internal.telephony.-$$Lambda$SubscriptionInfoUpdater$D5yF1HbS4cvCyoAj3FESkPtA_0g
09-05 22:31:51.139   627   627 W Zygote  : Class not found for preloading: com.android.internal.telephony.-$$Lambda$SubscriptionInfoUpdater$MMx9iQX0JVqqMPLTUZhdBubFSzU
09-05 22:31:51.144   627   627 W Zygote  : Class not found for preloading: com.android.internal.telephony.GsmCdmaPhone$3
09-05 22:31:51.145   627   627 W Zygote  : Class not found for preloading: com.android.internal.telephony.NewNitzStateMachine$1
09-05 22:31:51.145   627   627 W Zygote  : Class not found for preloading: com.android.internal.telephony.NewNitzStateMachine
09-05 22:31:51.145   627   627 W Zygote  : Class not found for preloading: com.android.internal.telephony.NewTimeServiceHelper$1
09-05 22:31:51.145   627   627 W Zygote  : Class not found for preloading: com.android.internal.telephony.NewTimeServiceHelper$Listener
09-05 22:31:51.145   627   627 W Zygote  : Class not found for preloading: com.android.internal.telephony.NewTimeServiceHelper
09-05 22:31:51.146   627   627 W Zygote  : Class not found for preloading: com.android.internal.telephony.PhoneConfigurationModels
09-05 22:31:51.146   627   627 W Zygote  : Class not found for preloading: com.android.internal.telephony.SubscriptionController$ScLocalLog
09-05 22:31:51.147   627   627 W Zygote  : Class not found for preloading: com.android.internal.telephony.UiccSmsController
09-05 22:31:51.148   627   627 W Zygote  : Class not found for preloading: com.android.internal.telephony.dataconnection.DcController$2
09-05 22:31:51.152   627   627 W Zygote  : Class not found for preloading: com.android.internal.telephony.imsphone.-$$Lambda$ImsPhoneCallTracker$QlPVd_3u4_verjHUDnkn6zaSe54
09-05 22:31:51.152   627   627 W Zygote  : Class not found for preloading: com.android.internal.telephony.imsphone.ImsPhone$3
09-05 22:31:51.164   666   666 D audio_hw_utils: audio_extn_utils_open_snd_mixer: retry, retry_num 2
09-05 22:31:51.167   666   666 D audio_hw_utils: audio_extn_utils_open_snd_mixer: snd_card_name: sdm660-snd-card-i40
09-05 22:31:51.167   666   666 W hardware_info: update_hardware_info_bear: Not an SDM device
09-05 22:31:51.167   666   666 D audio_hw_utils: audio_extn_utils_open_snd_mixer: Opened sound card:0
09-05 22:31:51.181   899   899 W ServiceManagement: Waited one second for android.hardware.camera.provider@2.4::ICameraProvider/legacy/0
09-05 22:31:51.181   899   899 I ServiceManagement: getService: Trying again for android.hardware.camera.provider@2.4::ICameraProvider/legacy/0...
09-05 22:31:51.185   627   627 I Zygote  : ...preloaded 7579 classes in 1095ms.
09-05 22:31:51.185   627   627 I zygote64: VMRuntime.preloadDexCaches starting
09-05 22:31:51.195   670  1223 E mm-camera: <SENSOR><ERROR> ov8856_gt24p64b_get_calibration_items: 30: is_insensor:0, is_afc:1, is_wbc:1, is_lsc:1, is_dpc:0, is_ois:0, is_dual:0
09-05 22:31:51.195   670  1223 E mm-camera: <SENSOR><ERROR> 247: module_sensor_offload_init_config: func_tbl for submodule 4 is NULL
09-05 22:31:51.195   670  1223 E mm-camera: <SENSOR><ERROR> 249: module_sensor_offload_init_config: failed to get led off frame skip time
09-05 22:31:51.201   670   670 I mm-camera: <IFACE >< INFO> 700: iface_unreserve_sink_port: stream_id f mode 0 
09-05 22:31:51.201   670   670 I mm-camera: <ISP   >< INFO> 941: isp_port_check_caps_unreserve: ide 3000f port 0xedcbe300
09-05 22:31:51.203   670   670 I mm-camera: <MCT   >< INFO> 4556: mct_pipeline_process_set: Stream 0x3000f and stream type=10, successfully deleted
09-05 22:31:51.203   670  1249 I mm-camera: <MCT   >< INFO> 5138: mct_pipeline_stop_session_thread: Stop module name: sensor - E
09-05 22:31:51.203   670  1250 I mm-camera: <MCT   >< INFO> 5138: mct_pipeline_stop_session_thread: Stop module name: iface - E
09-05 22:31:51.203   670  1251 I mm-camera: <MCT   >< INFO> 5138: mct_pipeline_stop_session_thread: Stop module name: isp - E
09-05 22:31:51.203   670  1250 I mm-camera: <MCT   >< INFO> 5146: mct_pipeline_stop_session_thread: Stop module name: iface - X
09-05 22:31:51.203   670  1251 I mm-camera: <ISP   >< INFO> 510: isp_module_stop_session: session id 3
09-05 22:31:51.203   670  1252 I mm-camera: <MCT   >< INFO> 5138: mct_pipeline_stop_session_thread: Stop module name: stats - E
09-05 22:31:51.203   670  1249 I mm-camera: <MCT   >< INFO> 5146: mct_pipeline_stop_session_thread: Stop module name: sensor - X
09-05 22:31:51.204   670  1253 I mm-camera: <MCT   >< INFO> 5138: mct_pipeline_stop_session_thread: Stop module name: pproc - E
09-05 22:31:51.204   670  1251 I mm-camera: <MCT   >< INFO> 5146: mct_pipeline_stop_session_thread: Stop module name: isp - X
09-05 22:31:51.205   670  1254 I mm-camera: <MCT   >< INFO> 5138: mct_pipeline_stop_session_thread: Stop module name: imglib - E
09-05 22:31:51.205   670   670 I mm-camera: <MCT   >< INFO> 5426: mct_pipeline_stop_session: Modules left: 5
09-05 22:31:51.205   670   670 I mm-camera: <MCT   >< INFO> 5426: mct_pipeline_stop_session: Modules left: 4
09-05 22:31:51.205   670   670 I mm-camera: <MCT   >< INFO> 5426: mct_pipeline_stop_session: Modules left: 3
09-05 22:31:51.205   670  1254 I mm-camera: <MCT   >< INFO> 5146: mct_pipeline_stop_session_thread: Stop module name: imglib - X
09-05 22:31:51.205     0     0 I MSM-CPP cpp_release_hardware: 1216 cpp hw release done
09-05 22:31:51.206   670   670 I mm-camera: <MCT   >< INFO> 5426: mct_pipeline_stop_session: Modules left: 2
09-05 22:31:51.207   670  1253 E mm-camera: <IMGLIB><ERROR> 328: AllocateBuffers: Nothing allocated or already freed!
09-05 22:31:51.207   670  1253 I mm-camera: <MCT   >< INFO> 5146: mct_pipeline_stop_session_thread: Stop module name: pproc - X
09-05 22:31:51.207   670   670 I mm-camera: <MCT   >< INFO> 5426: mct_pipeline_stop_session: Modules left: 1
09-05 22:31:51.208   670  1252 I mm-camera: <MCT   >< INFO> 5146: mct_pipeline_stop_session_thread: Stop module name: stats - X
09-05 22:31:51.208   670   670 I mm-camera: <MCT   >< INFO> 5426: mct_pipeline_stop_session: Modules left: 0
09-05 22:31:51.208   670   670 I mm-camera: <MCT   >< INFO> 5436: mct_pipeline_stop_session: Stopped session 3 successfully
09-05 22:31:51.208   670   670 I mm-camera: <MCT   >< INFO> 5740: mct_pipeline_destroy: E: session:3
09-05 22:31:51.208   670   670 E mm-camera: <MCT   ><ERROR> 179: stop_sof_check_thread: Returning as SOF timer thread not yet initialized
09-05 22:31:51.208   670   670 I mm-camera: <MCT   >< INFO> 5818: mct_pipeline_destroy: X: Pipeline destroyed successfully session =3
09-05 22:31:51.208   670   670 I mm-camera: <MCT   >< INFO> 422: mct_controller_destroy: X Successfully closed mct_controller session 3
09-05 22:31:51.210     0     0 I msm_pm_qos_update_request: update request -1
09-05 22:31:51.210     0     0 I msm_pm_qos_add_request: add request
09-05 22:31:51.210   670   670 I QCamera : <HAL><INFO> closeCamera: 2409: [KPI Perf]: X PROFILE_CLOSE_CAMERA camera id 0, rc: 0
09-05 22:31:51.210   670   670 I QCamera : <HAL><INFO> close_camera_device: 1548: [KPI Perf]: X
09-05 22:31:51.211   670   670 I ServiceManagement: Registered android.hardware.camera.provider@2.4::ICameraProvider/legacy/0 (start delay of 2586ms)
09-05 22:31:51.212   670   670 I ServiceManagement: Removing namespace from process name android.hardware.camera.provider@2.4-service to provider@2.4-service.
09-05 22:31:51.212   899   899 I CameraProviderManager: Connecting to new camera provider: legacy/0, isRemote? 1
09-05 22:31:51.213   670   670 I android.hardware.camera.provider@2.4-service: Registration complete for android.hardware.camera.provider@2.4::ICameraProvider/legacy/0.
09-05 22:31:51.213   899   899 I CameraProviderManager: Enumerating new camera device: device@1.0/legacy/0
09-05 22:31:51.213   670   670 E QCamera2Factory: get_number_of_cameras num of cameras: 1
09-05 22:31:51.213   670   670 I CamComm1.0-CamModule: isOpenLegacyDefined: cts Enable == 0 
09-05 22:31:51.214   670   670 I CamDev@1.0-impl: Opening camera 0
09-05 22:31:51.215   670   670 I QCamera : <HAL><INFO> openLegacy: 520: openLegacy halVersion: 256 cameraId = 0
09-05 22:31:51.216   670   670 I QCamera : <HAL><INFO> openCamera: 1901: [KPI Perf]: E PROFILE_OPEN_CAMERA camera id 0
09-05 22:31:51.217   670   670 E QCamera : <HAL><ERROR> acquirePerfLock: 614: Failed to acquire the perf lock
09-05 22:31:51.217   670   670 D QCamera : Debug log file is not enabled
09-05 22:31:51.217     0     0 I msm_pm_qos_update_request: update request 100
09-05 22:31:51.217     0     0 I msm_pm_qos_add_request: add request
09-05 22:31:51.217   670   670 I mm-camera: <MCT   >< INFO> 118: mct_controller_new: Creating new mct_controller with session-id 3
09-05 22:31:51.217   670  1259 I mm-camera: <MCT   >< INFO> 5326: mct_pipeline_start_session_thread: E sensor
09-05 22:31:51.217   670  1259 I mm-camera: <MCT   >< INFO> 5333: mct_pipeline_start_session_thread: Calling start_session on Module sensor
09-05 22:31:51.217   670  1260 I mm-camera: <MCT   >< INFO> 5326: mct_pipeline_start_session_thread: E iface
09-05 22:31:51.218   670  1260 I mm-camera: <MCT   >< INFO> 5333: mct_pipeline_start_session_thread: Calling start_session on Module iface
09-05 22:31:51.218   670  1262 I mm-camera: <MCT   >< INFO> 5326: mct_pipeline_start_session_thread: E isp
09-05 22:31:51.218   670  1262 I mm-camera: <MCT   >< INFO> 5333: mct_pipeline_start_session_thread: Calling start_session on Module isp
09-05 22:31:51.218   670  1262 I mm-camera: <ISP   >< INFO> 214: isp_module_start_session: session id 3 
09-05 22:31:51.218   670  1264 I mm-camera: <MCT   >< INFO> 5326: mct_pipeline_start_session_thread: E stats
09-05 22:31:51.218   670  1260 I mm-camera: <MCT   >< INFO> 5336: mct_pipeline_start_session_thread: Module iface start_session rc = 1
09-05 22:31:51.218   670  1264 I mm-camera: <MCT   >< INFO> 5333: mct_pipeline_start_session_thread: Calling start_session on Module stats
09-05 22:31:51.218   670  1260 I mm-camera: <MCT   >< INFO> 5344: mct_pipeline_start_session_thread: started_num = 1, success = 1
09-05 22:31:51.218   670  1266 I mm-camera: <MCT   >< INFO> 5326: mct_pipeline_start_session_thread: E pproc
09-05 22:31:51.218   670  1260 I mm-camera: <MCT   >< INFO> 5351: mct_pipeline_start_session_thread: X iface
09-05 22:31:51.218   670  1266 I mm-camera: <MCT   >< INFO> 5333: mct_pipeline_start_session_thread: Calling start_session on Module pproc
09-05 22:31:51.218   670  1268 I mm-camera: <MCT   >< INFO> 5326: mct_pipeline_start_session_thread: E imglib
09-05 22:31:51.218   670  1268 I mm-camera: <MCT   >< INFO> 5333: mct_pipeline_start_session_thread: Calling start_session on Module imglib
09-05 22:31:51.218   627   627 I zygote64: VMRuntime.preloadDexCaches strings total=387109 before=10259 after=10259
09-05 22:31:51.218   627   627 I zygote64: VMRuntime.preloadDexCaches types total=36474 before=7397 after=7664
09-05 22:31:51.218   627   627 I zygote64: VMRuntime.preloadDexCaches fields total=163891 before=8042 after=8243
09-05 22:31:51.218   627   627 I zygote64: VMRuntime.preloadDexCaches methods total=286426 before=11216 after=11643
09-05 22:31:51.218   627   627 I zygote64: VMRuntime.preloadDexCaches finished
09-05 22:31:51.219   627   627 D Zygote64Timing: PreloadClasses took to complete: 1129ms
09-05 22:31:51.219   670  1268 I mm-camera: <MCT   >< INFO> 5336: mct_pipeline_start_session_thread: Module imglib start_session rc = 1
09-05 22:31:51.219   670  1268 I mm-camera: <MCT   >< INFO> 5344: mct_pipeline_start_session_thread: started_num = 2, success = 2
09-05 22:31:51.219   670  1268 I mm-camera: <MCT   >< INFO> 5351: mct_pipeline_start_session_thread: X imglib
09-05 22:31:51.219   670  1266 I mm-camera: <MCT   >< INFO> 5336: mct_pipeline_start_session_thread: Module pproc start_session rc = 1
09-05 22:31:51.219   670  1266 I mm-camera: <MCT   >< INFO> 5344: mct_pipeline_start_session_thread: started_num = 3, success = 3
09-05 22:31:51.219   670  1266 I mm-camera: <MCT   >< INFO> 5351: mct_pipeline_start_session_thread: X pproc
09-05 22:31:51.220   670  1262 I mm-camera: <MCT   >< INFO> 5336: mct_pipeline_start_session_thread: Module isp start_session rc = 1
09-05 22:31:51.220   670  1262 I mm-camera: <MCT   >< INFO> 5344: mct_pipeline_start_session_thread: started_num = 4, success = 4
09-05 22:31:51.220   670  1262 I mm-camera: <MCT   >< INFO> 5351: mct_pipeline_start_session_thread: X isp
09-05 22:31:51.221   670  1264 I mm-camera: <MCT   >< INFO> 5336: mct_pipeline_start_session_thread: Module stats start_session rc = 1
09-05 22:31:51.221   670  1264 I mm-camera: <MCT   >< INFO> 5344: mct_pipeline_start_session_thread: started_num = 5, success = 5
09-05 22:31:51.221   670  1264 I mm-camera: <MCT   >< INFO> 5351: mct_pipeline_start_session_thread: X stats
09-05 22:31:51.222     0     0 I MSM-CPP cpp_init_hardware: 1135 CPP HW Version: 0x60010002
09-05 22:31:51.222     0     0 E MSM-CPP cpp_init_hardware: 1153 stream_cnt:0
09-05 22:31:51.222   627   627 I zygote64: The ClassLoaderContext is a special shared library.
09-05 22:31:51.222   937  1013 I ServiceManager: Waiting for service 'package_native' on '/dev/binder'...
09-05 22:31:51.224   627   627 D ApplicationLoaders: Created zygote-cached class loader: /system/framework/android.hidl.base-V1.0-java.jar
09-05 22:31:51.227   627   627 I zygote64: The ClassLoaderContext is a special shared library.
09-05 22:31:51.229   627   627 D ApplicationLoaders: Created zygote-cached class loader: /system/framework/android.hidl.manager-V1.0-java.jar
09-05 22:31:51.229   627   627 D Zygote64Timing: CacheNonBootClasspathClassLoaders took to complete: 10ms
09-05 22:31:51.249     0     0 I msm_csid_init: CSID_VERSION = 0x30050000
09-05 22:31:51.250     0     0 E         : msm_csid_irq CSID0_IRQ_STATUS_ADDR = 0x800
09-05 22:31:51.258   670  1259 I mm-camera: <MCT   >< INFO> 5336: mct_pipeline_start_session_thread: Module sensor start_session rc = 1
09-05 22:31:51.258   670  1259 I mm-camera: <MCT   >< INFO> 5344: mct_pipeline_start_session_thread: started_num = 6, success = 6
09-05 22:31:51.258   670  1259 I mm-camera: <MCT   >< INFO> 5351: mct_pipeline_start_session_thread: X sensor
09-05 22:31:51.264   670   670 I mm-camera: <MCT   >< INFO> 5247: mct_pipeline_start_stream_internal: Adding session stream streamid= 0xf for session=3
09-05 22:31:51.264   670   670 I mm-camera: <MCT   >< INFO> 5295: mct_pipeline_start_stream_internal: Linking session stream for session 3
09-05 22:31:51.264   670   670 I mm-camera: <MCT   >< INFO> 526: mct_stream_start_link: Start linking Session-stream 0x3000f
09-05 22:31:51.264   670   670 I mm-camera: <IFACE >< INFO> 344: iface_util_find_primary_cid: iface_util_find_primary_cid:344 error cannot find primary sensor format cids 1
09-05 22:31:51.264   670   670 I mm-camera: <ISP   >< INFO> 851: isp_port_check_caps_reserve: port 0xedcbe300 ide 3000f type 10 dim 0 0
09-05 22:31:51.264   670   670 I mm-camera: <PPROC >< INFO> 449: pproc_port_add_modules_to_stream: in identity 3000f stream 10 int_link = 0xed4b6b80
09-05 22:31:51.264   670   670 I mm-camera: <PPROC >< INFO> 461: pproc_port_add_modules_to_stream: :LINK linking mods tmod and paaf for identity 3000f
09-05 22:31:51.265   670   670 I mm-camera: <PPROC >< INFO> 461: pproc_port_add_modules_to_stream: :LINK linking mods paaf and sat for identity 3000f
09-05 22:31:51.265   670   670 I mm-camera: <PPROC >< INFO> 461: pproc_port_add_modules_to_stream: :LINK linking mods sat and c2d for identity 3000f
09-05 22:31:51.265   670   670 I mm-camera: <C2D   >< INFO> 1557: c2d_module_notify_add_stream: width 0, height 0, stride 0, scanline 0, is_type 0
09-05 22:31:51.265   670   670 I mm-camera: <PPROC >< INFO> 461: pproc_port_add_modules_to_stream: :LINK linking mods c2d and cpp for identity 3000f
09-05 22:31:51.265   670   670 I mm-camera: <CPP   >< INFO> 2538: cpp_module_notify_add_stream: :stream 10, width 0, height 0, stride 0,scanline 0, framelen 0
09-05 22:31:51.265   670   670 I mm-camera: <CPP   >< INFO> 2695: cpp_module_notify_add_stream: : stream 10, fmt 1, asf_mode 0, sharpness_level 0.000000,asf mask 0, denoise 0, denoise_mask 0, dsdn mask 0,dsdn enable 0, tnr mask 0, tnr enable 0, ds_mask 0, luma dsdn 0
09-05 22:31:51.265   670   670 I mm-camera: <PPROC >< INFO> 461: pproc_port_add_modules_to_stream: :LINK linking mods cpp and depth_map for identity 3000f
09-05 22:31:51.265   670   670 I mm-camera: <PPROC >< INFO> 461: pproc_port_add_modules_to_stream: :LINK linking mods depth_map and ezt for identity 3000f
09-05 22:31:51.265   670   670 I mm-camera: <PPROC >< INFO> 461: pproc_port_add_modules_to_stream: :LINK linking mods ezt and quadracfa for identity 3000f
09-05 22:31:51.266   670   670 E mm-camera: <STATS ><ERROR> 3027: stats_port_check_caps_reserve: Invalid Port capability type!
09-05 22:31:51.266   670   670 I chatty  : uid=1047(cameraserver) provider@2.4-se identical 3 lines
09-05 22:31:51.266   670   670 E mm-camera: <STATS ><ERROR> 3027: stats_port_check_caps_reserve: Invalid Port capability type!
09-05 22:31:51.267   670   670 I mm-camera: <MCT   >< INFO> 5304: mct_pipeline_start_stream_internal: Session stream linked successfully session 3
09-05 22:31:51.270   670   670 I Thermal-Lib: Thermal-Lib-Client: Registration successful for camera with handle:1
09-05 22:31:51.270   670   670 I Thermal-Lib: Thermal-Lib-Client: Registration successful for camcorder with handle:2
09-05 22:31:51.270   670   670 I QCamera : <HAL><INFO> openCamera: 1931: [KPI Perf]: X PROFILE_OPEN_CAMERA camera id 0, rc: 0
09-05 22:31:51.270   670   670 I CamDev@1.0-impl: could not cast ICameraDeviceCallback to IQCameraDeviceCallback
09-05 22:31:51.270   878   973 I ThermalEngine: Thermal-Server: Adding thermal event listener on fd 36
09-05 22:31:51.270   670  1282 I Thermal-Lib: Thermal-Lib-Client: Client received msg camera 0
09-05 22:31:51.270   670  1282 I Thermal-Lib: Thermal-Lib-Client: Client received msg camcorder 0
09-05 22:31:51.271   670  1257 E mm-camera: <IMGLIB><ERROR> 322: module_depth_map_handle_ctrl_parm: E
09-05 22:31:51.271   670  1257 E mm-camera: <IMGLIB><ERROR> 430: module_depth_map_set_config_param: X
09-05 22:31:51.271   670  1257 E mm-camera: <IMGLIB><ERROR> 254: module_depth_map_send_config_data: CAM_STREAM_TYPE_DEPTH not set !!
09-05 22:31:51.271   670  1257 E mm-camera: <IMGLIB><ERROR> 369: module_depth_map_handle_ctrl_parm: Error module_depth_map_send_config_data
09-05 22:31:51.271   670  1257 E mm-camera: <IMGLIB><ERROR> 373: module_depth_map_handle_ctrl_parm: X
09-05 22:31:51.271   670  1257 E mm-camera: <IMGLIB><ERROR> 880: module_imgbase_process_param: [depth_map] handle_ctrl_parm error : type=10, rc=-5
09-05 22:31:51.271   670  1257 I mm-camera: <IFACE >< INFO> 6274: iface_util_set_dis_enable_flag: iface_util_set_dis_enable_flag:6274 DIS enable flag = 0
09-05 22:31:51.272   670  1257 E mm-camera: <SENSOR><ERROR> 5338: module_sensor_event_control_set_parm: func_tbl for submodule 4 is NULL
09-05 22:31:51.273   670  1257 E mm-camera: <IMGLIB><ERROR> 322: module_depth_map_handle_ctrl_parm: E
09-05 22:31:51.273   670  1257 E mm-camera: <IMGLIB><ERROR> 430: module_depth_map_set_config_param: X
09-05 22:31:51.273   670  1257 E mm-camera: <IMGLIB><ERROR> 254: module_depth_map_send_config_data: CAM_STREAM_TYPE_DEPTH not set !!
09-05 22:31:51.273   670  1257 E mm-camera: <IMGLIB><ERROR> 369: module_depth_map_handle_ctrl_parm: Error module_depth_map_send_config_data
09-05 22:31:51.273   670  1257 E mm-camera: <IMGLIB><ERROR> 373: module_depth_map_handle_ctrl_parm: X
09-05 22:31:51.273   670  1257 E mm-camera: <IMGLIB><ERROR> 880: module_imgbase_process_param: [depth_map] handle_ctrl_parm error : type=10, rc=-5
09-05 22:31:51.273   670  1257 E mm-camera: <IMGLIB><ERROR> 322: module_depth_map_handle_ctrl_parm: E
09-05 22:31:51.273   670  1257 E mm-camera: <IMGLIB><ERROR> 430: module_depth_map_set_config_param: X
09-05 22:31:51.273   670  1257 E mm-camera: <IMGLIB><ERROR> 254: module_depth_map_send_config_data: CAM_STREAM_TYPE_DEPTH not set !!
09-05 22:31:51.273   670  1257 E mm-camera: <IMGLIB><ERROR> 369: module_depth_map_handle_ctrl_parm: Error module_depth_map_send_config_data
09-05 22:31:51.273   670  1257 E mm-camera: <IMGLIB><ERROR> 373: module_depth_map_handle_ctrl_parm: X
09-05 22:31:51.273   670  1257 E mm-camera: <IMGLIB><ERROR> 880: module_imgbase_process_param: [depth_map] handle_ctrl_parm error : type=10, rc=-5
09-05 22:31:51.275   670   670 I CamDev@1.0-impl: Closing camera 0
09-05 22:31:51.275   670   670 I QCamera : <HAL><INFO> close_camera_device: 1530: [KPI Perf]: E camera id 0
09-05 22:31:51.276   670   670 E QCamera : <HAL><ERROR> acquirePerfLock: 614: Failed to acquire the perf lock
09-05 22:31:51.277   670   670 I QCamera : <HAL><INFO> closeCamera: 2333: E
09-05 22:31:51.277   670   670 I QCamera : <HAL><INFO> closeCamera: 2338: [KPI Perf]: E PROFILE_CLOSE_CAMERA camera id 0
09-05 22:31:51.277   670  1151 E mm-camera: <IMGLIB><ERROR> 297: AllocateBuffers: Invalid dimensions 0x0
09-05 22:31:51.277   670  1257 I mm-camera: <ISP   >< INFO> 7159: isp_util_print_meta_stream_info: Deallocate resources
09-05 22:31:51.277   670  1151 E mm-camera: <IMGLIB><ERROR> 197: img_algo_preload: Preload: Failed to allocate buffer, rc -4
09-05 22:31:51.277   670  1257 I mm-camera: <ISP   >< INFO> 7490: isp_util_handle_stream_info: streams_desc num_streams is 0 
09-05 22:31:51.277   670  1151 E mm-camera: <IMGLIB><ERROR> 127: module_imgbase_client_preload_exec: IMG_CORE_PRELOAD failed -4
09-05 22:31:51.277   670  1257 I mm-camera: <IFACE >< INFO> 6384: iface_util_handle_meta_stream_info: iface_util_handle_meta_stream_info: ms_type 0 num streams 0
09-05 22:31:51.279   670   670 I Thermal-Lib: thermal_bandwidth_client_cancel_request: Removing all bw request for camera_bw
09-05 22:31:51.279   670   670 I Thermal-Lib: Thermal-Lib-Client: Unregisteration is successfull for handle:1
09-05 22:31:51.279   878   973 I ThermalEngine: Thermal-Server: removing client on fd 36
09-05 22:31:51.279   670   670 I Thermal-Lib: Thermal-Lib-Client: Unregisteration is successfull for handle:2
09-05 22:31:51.280   670   670 I mm-camera: <MCT   >< INFO> 310: mct_controller_destroy: Initiating destroy sequence for session = 3
09-05 22:31:51.280   670   670 I mm-camera: <MCT   >< INFO> 328: mct_controller_destroy: serv_thread closed
09-05 22:31:51.280   670   670 I mm-camera: <MCT   >< INFO> 343: mct_controller_destroy: bus_handler thread closed
09-05 22:31:51.280   670   670 I mm-camera: <MCT   >< INFO> 5404: mct_pipeline_stop_session: Initiating stop_session on session 3
09-05 22:31:51.280   670   670 I mm-camera: <MCT   >< INFO> 4288: mct_pipeline_process_set: command=800000b
09-05 22:31:51.280   670   670 I mm-camera: <MCT   >< INFO> 4533: mct_pipeline_process_set: Issuing DEL_STREAM on stream 0x3000f and stream type=10
09-05 22:31:51.288     0     0 I msm_cci_init: 1440: hw_version = 0x10060000
09-05 22:31:51.288     0     0 I         : @@@ original_sid = 0x10, valid_flag = 0x01, eeprom_version = 0x01, checksum = 0x03
09-05 22:31:51.288     0     0 I         : @@@ rc = 0, camera_sid = 0x10, eeprom_reg_addr = 0x03 , eeprom_reg_value = 0x32
09-05 22:31:51.289     0     0 I         : @@@ rc = 0, camera_sid = 0x10, eeprom_reg_addr = 0x04 , eeprom_reg_value = 0x30
09-05 22:31:51.289     0     0 I         : @@@ rc = 0, camera_sid = 0x10, eeprom_reg_addr = 0x05 , eeprom_reg_value = 0x32
09-05 22:31:51.289     0     0 I         : @@@ rc = 0, camera_sid = 0x10, eeprom_reg_addr = 0x06 , eeprom_reg_value = 0x30
09-05 22:31:51.289     0     0 I         : @@@ rc = 0, camera_sid = 0x10, eeprom_reg_addr = 0x07 , eeprom_reg_value = 0x31
09-05 22:31:51.289     0     0 I         : @@@ rc = 0, camera_sid = 0x10, eeprom_reg_addr = 0x08 , eeprom_reg_value = 0x31
09-05 22:31:51.290     0     0 I         : @@@ rc = 0, camera_sid = 0x10, eeprom_reg_addr = 0x09 , eeprom_reg_value = 0x32
09-05 22:31:51.290     0     0 I         : @@@ rc = 0, camera_sid = 0x10, eeprom_reg_addr = 0x0a , eeprom_reg_value = 0x37
09-05 22:31:51.290     0     0 I         : @@@ rc = 0, camera_sid = 0x10, eeprom_reg_addr = 0x0b , eeprom_reg_value = 0x31
09-05 22:31:51.290     0     0 I         : @@@ rc = 0, camera_sid = 0x10, eeprom_reg_addr = 0x0c , eeprom_reg_value = 0x38
09-05 22:31:51.323   937  1013 I ServiceManager: Waiting for service 'package_native' on '/dev/binder'...
09-05 22:31:51.365   670  1261 E mm-camera: <SENSOR><ERROR> ov8856_gt24p64b_get_calibration_items: 30: is_insensor:0, is_afc:1, is_wbc:1, is_lsc:1, is_dpc:0, is_ois:0, is_dual:0
09-05 22:31:51.365   670  1261 E mm-camera: <SENSOR><ERROR> 247: module_sensor_offload_init_config: func_tbl for submodule 4 is NULL
09-05 22:31:51.365   670  1261 E mm-camera: <SENSOR><ERROR> 249: module_sensor_offload_init_config: failed to get led off frame skip time
09-05 22:31:51.371   670   670 I mm-camera: <IFACE >< INFO> 700: iface_unreserve_sink_port: stream_id f mode 0 
09-05 22:31:51.371   670   670 I mm-camera: <ISP   >< INFO> 941: isp_port_check_caps_unreserve: ide 3000f port 0xedcbe300
09-05 22:31:51.372   670   670 I mm-camera: <MCT   >< INFO> 4556: mct_pipeline_process_set: Stream 0x3000f and stream type=10, successfully deleted
09-05 22:31:51.373   670  1286 I mm-camera: <MCT   >< INFO> 5138: mct_pipeline_stop_session_thread: Stop module name: sensor - E
09-05 22:31:51.373   670  1287 I mm-camera: <MCT   >< INFO> 5138: mct_pipeline_stop_session_thread: Stop module name: iface - E
09-05 22:31:51.373   670  1288 I mm-camera: <MCT   >< INFO> 5138: mct_pipeline_stop_session_thread: Stop module name: isp - E
09-05 22:31:51.373   670  1288 I mm-camera: <ISP   >< INFO> 510: isp_module_stop_session: session id 3
09-05 22:31:51.373   670  1290 I mm-camera: <MCT   >< INFO> 5138: mct_pipeline_stop_session_thread: Stop module name: pproc - E
09-05 22:31:51.374   670  1289 I mm-camera: <MCT   >< INFO> 5138: mct_pipeline_stop_session_thread: Stop module name: stats - E
09-05 22:31:51.374   670  1291 I mm-camera: <MCT   >< INFO> 5138: mct_pipeline_stop_session_thread: Stop module name: imglib - E
09-05 22:31:51.374   670  1286 I mm-camera: <MCT   >< INFO> 5146: mct_pipeline_stop_session_thread: Stop module name: sensor - X
09-05 22:31:51.374   670   670 I mm-camera: <MCT   >< INFO> 5426: mct_pipeline_stop_session: Modules left: 5
09-05 22:31:51.374   670  1291 I mm-camera: <MCT   >< INFO> 5146: mct_pipeline_stop_session_thread: Stop module name: imglib - X
09-05 22:31:51.374   670   670 I mm-camera: <MCT   >< INFO> 5426: mct_pipeline_stop_session: Modules left: 4
09-05 22:31:51.374   670  1287 I mm-camera: <MCT   >< INFO> 5146: mct_pipeline_stop_session_thread: Stop module name: iface - X
09-05 22:31:51.374   670   670 I mm-camera: <MCT   >< INFO> 5426: mct_pipeline_stop_session: Modules left: 3
09-05 22:31:51.374     0     0 I MSM-CPP cpp_release_hardware: 1216 cpp hw release done
09-05 22:31:51.376   670  1290 E mm-camera: <IMGLIB><ERROR> 328: AllocateBuffers: Nothing allocated or already freed!
09-05 22:31:51.376   670  1290 I mm-camera: <MCT   >< INFO> 5146: mct_pipeline_stop_session_thread: Stop module name: pproc - X
09-05 22:31:51.376   670   670 I mm-camera: <MCT   >< INFO> 5426: mct_pipeline_stop_session: Modules left: 2
09-05 22:31:51.378   670  1288 I mm-camera: <MCT   >< INFO> 5146: mct_pipeline_stop_session_thread: Stop module name: isp - X
09-05 22:31:51.378   670   670 I mm-camera: <MCT   >< INFO> 5426: mct_pipeline_stop_session: Modules left: 1
09-05 22:31:51.379   670  1289 I mm-camera: <MCT   >< INFO> 5146: mct_pipeline_stop_session_thread: Stop module name: stats - X
09-05 22:31:51.379   670   670 I mm-camera: <MCT   >< INFO> 5426: mct_pipeline_stop_session: Modules left: 0
09-05 22:31:51.379   670   670 I mm-camera: <MCT   >< INFO> 5436: mct_pipeline_stop_session: Stopped session 3 successfully
09-05 22:31:51.379   670   670 I mm-camera: <MCT   >< INFO> 5740: mct_pipeline_destroy: E: session:3
09-05 22:31:51.379   670   670 E mm-camera: <MCT   ><ERROR> 179: stop_sof_check_thread: Returning as SOF timer thread not yet initialized
09-05 22:31:51.379   670   670 I mm-camera: <MCT   >< INFO> 5818: mct_pipeline_destroy: X: Pipeline destroyed successfully session =3
09-05 22:31:51.379   670   670 I mm-camera: <MCT   >< INFO> 422: mct_controller_destroy: X Successfully closed mct_controller session 3
09-05 22:31:51.380     0     0 I msm_pm_qos_update_request: update request -1
09-05 22:31:51.380     0     0 I msm_pm_qos_add_request: add request
09-05 22:31:51.380   670   670 I QCamera : <HAL><INFO> closeCamera: 2409: [KPI Perf]: X PROFILE_CLOSE_CAMERA camera id 0, rc: 0
09-05 22:31:51.381   670   670 I QCamera : <HAL><INFO> close_camera_device: 1548: [KPI Perf]: X
09-05 22:31:51.381   899   899 I CameraProviderManager: Enumerating new camera device: device@3.4/legacy/0
09-05 22:31:51.381   670   670 E QCamera2Factory: get_number_of_cameras num of cameras: 1
09-05 22:31:51.382   899   899 E CameraProviderManager: DeviceInfo3: Converted ICameraDevice instance to nullptr
09-05 22:31:51.383   899   899 I CameraProviderManager: Camera provider legacy/0 ready with 2 camera devices
09-05 22:31:51.383   899   899 I CameraService: onDeviceStatusChanged: Status changed for cameraId=0, newStatus=1
09-05 22:31:51.383   899   899 I CameraService: onDeviceStatusChanged: Unknown camera ID 0, a new camera is added
09-05 22:31:51.383   899  1031 W CameraProviderManager: addProviderLocked: Camera provider HAL with name 'external/0' already registered
09-05 22:31:51.383   899  1031 W CameraProviderManager: addProviderLocked: Camera provider HAL with name 'legacy/0' already registered
09-05 22:31:51.384   899   899 V CameraService: updateStatus: Status has changed for camera ID 0 from 0 to 0x1
09-05 22:31:51.384   899   899 I         : Waiting for activity service
09-05 22:31:51.395     0     0 I sn65dsi86_dsi2edp_enable_lately_2nd_part: start
09-05 22:31:51.423   937  1013 I ServiceManager: Waiting for service 'package_native' on '/dev/binder'...
09-05 22:31:51.475     0     0 I sn65dsi86_dsi2edp_enable: DP_PLL_LOCK=85(LOCK)
09-05 22:31:51.498   627   627 I Zygote  : Preloading resources...
09-05 22:31:51.517   627   627 W Resources: Preloaded drawable resource #0x108027d (android:drawable/dialog_background_material) that varies with configuration!!
09-05 22:31:51.524   937  1013 I ServiceManager: Waiting for service 'package_native' on '/dev/binder'...
09-05 22:31:51.524     0     0 E         : msm_qti_pp_get_rms_value_control, back not active to query rms be_idx:3
09-05 22:31:51.531   627   627 I Zygote  : ...preloaded 64 resources in 32ms.
09-05 22:31:51.534   627   627 I Zygote  : ...preloaded 41 resources in 3ms.
09-05 22:31:51.534   627   627 D Zygote64Timing: PreloadResources took to complete: 305ms
09-05 22:31:51.541   666   782 D audio_hw_utils: audio_extn_utils_open_snd_mixer: retry, retry_num 2
09-05 22:31:51.544   666   782 D audio_hw_utils: audio_extn_utils_open_snd_mixer: snd_card_name: sdm660-snd-card-i40
09-05 22:31:51.544   666   782 W hardware_info: update_hardware_info_bear: Not an SDM device
09-05 22:31:51.544   666   782 D audio_hw_utils: audio_extn_utils_open_snd_mixer: Opened sound card:0
09-05 22:31:51.544   666   782 D msm8974_platform: platform_init: Opened sound card:0
09-05 22:31:51.544   666   782 I audio_hw_extn: audio_extn_set_snd_card_split: snd_card_name(sdm660-snd-card-i40) device(sdm660) snd_card(snd) form_factor(card)
09-05 22:31:51.544   666   782 W hardware_info: update_hardware_info_bear: Not an SDM device
09-05 22:31:51.544   666   782 D msm8974_platform: Opening /sys/class/thermal/thermal_zone0/type
09-05 22:31:51.545   666   782 D msm8974_platform: Opening /sys/class/thermal/thermal_zone1/type
09-05 22:31:51.545   666   782 D msm8974_platform: Opening /sys/class/thermal/thermal_zone2/type
09-05 22:31:51.545   666   782 D msm8974_platform: Opening /sys/class/thermal/thermal_zone3/type
09-05 22:31:51.545   666   782 D msm8974_platform: Opening /sys/class/thermal/thermal_zone4/type
09-05 22:31:51.545   666   782 D msm8974_platform: Opening /sys/class/thermal/thermal_zone5/type
09-05 22:31:51.545   666   782 D msm8974_platform: Opening /sys/class/thermal/thermal_zone6/type
09-05 22:31:51.545   666   782 D msm8974_platform: Opening /sys/class/thermal/thermal_zone7/type
09-05 22:31:51.545   666   782 D msm8974_platform: Opening /sys/class/thermal/thermal_zone8/type
09-05 22:31:51.546   666   782 D msm8974_platform: Opening /sys/class/thermal/thermal_zone9/type
09-05 22:31:51.546   666   782 D msm8974_platform: Opening /sys/class/thermal/thermal_zone10/type
09-05 22:31:51.546   666   782 D msm8974_platform: Opening /sys/class/thermal/thermal_zone11/type
09-05 22:31:51.546   666   782 D msm8974_platform: Opening /sys/class/thermal/thermal_zone12/type
09-05 22:31:51.546   666   782 D msm8974_platform: Opening /sys/class/thermal/thermal_zone13/type
09-05 22:31:51.546   666   782 D msm8974_platform: Opening /sys/class/thermal/thermal_zone14/type
09-05 22:31:51.546   666   782 D msm8974_platform: Opening /sys/class/thermal/thermal_zone15/type
09-05 22:31:51.546   666   782 D msm8974_platform: Opening /sys/class/thermal/thermal_zone16/type
09-05 22:31:51.547   666   782 D msm8974_platform: Opening /sys/class/thermal/thermal_zone17/type
09-05 22:31:51.547   666   782 D msm8974_platform: Opening /sys/class/thermal/thermal_zone18/type
09-05 22:31:51.547   666   782 D msm8974_platform: Opening /sys/class/thermal/thermal_zone19/type
09-05 22:31:51.547   666   782 D msm8974_platform: Opening /sys/class/thermal/thermal_zone20/type
09-05 22:31:51.547   666   782 D msm8974_platform: Opening /sys/class/thermal/thermal_zone21/type
09-05 22:31:51.547   666   782 D msm8974_platform: Opening /sys/class/thermal/thermal_zone22/type
09-05 22:31:51.547   666   782 D msm8974_platform: Opening /sys/class/thermal/thermal_zone23/type
09-05 22:31:51.547   666   782 D msm8974_platform: Opening /sys/class/thermal/thermal_zone24/type
09-05 22:31:51.547   666   782 D msm8974_platform: Opening /sys/class/thermal/thermal_zone25/type
09-05 22:31:51.547   666   782 D msm8974_platform: Opening /sys/class/thermal/thermal_zone26/type
09-05 22:31:51.548   666   782 D msm8974_platform: Opening /sys/class/thermal/thermal_zone27/type
09-05 22:31:51.548   666   782 D msm8974_platform: Opening /sys/class/thermal/thermal_zone28/type
09-05 22:31:51.548   666   782 D msm8974_platform: Opening /sys/class/thermal/thermal_zone29/type
09-05 22:31:51.548   666   782 D msm8974_platform: Opening /sys/class/thermal/thermal_zone30/type
09-05 22:31:51.548   666   782 D msm8974_platform: Opening /sys/class/thermal/thermal_zone31/type
09-05 22:31:51.548   666   782 D msm8974_platform: Opening /sys/class/thermal/thermal_zone32/type
09-05 22:31:51.548   666   782 D msm8974_platform: Opening /sys/class/thermal/thermal_zone33/type
09-05 22:31:51.548   666   782 D msm8974_platform: Opening /sys/class/thermal/thermal_zone34/type
09-05 22:31:51.549   666   782 D msm8974_platform: Opening /sys/class/thermal/thermal_zone35/type
09-05 22:31:51.549   666   782 D msm8974_platform: Opening /sys/class/thermal/thermal_zone36/type
09-05 22:31:51.549   666   782 D msm8974_platform: Opening /sys/class/thermal/thermal_zone37/type
09-05 22:31:51.549   666   782 D msm8974_platform: Opening /sys/class/thermal/thermal_zone37/type
09-05 22:31:51.549   666   782 D msm8974_platform: Opening /sys/class/thermal/thermal_zone38/type
09-05 22:31:51.549   666   782 D msm8974_platform: Opening /sys/class/thermal/thermal_zone39/type
09-05 22:31:51.549   666   782 D msm8974_platform: Opening /sys/class/thermal/thermal_zone40/type
09-05 22:31:51.549   666   782 D msm8974_platform: Opening /sys/class/thermal/thermal_zone41/type
09-05 22:31:51.549   666   782 D msm8974_platform: Opening /sys/class/thermal/thermal_zone42/type
09-05 22:31:51.549   666   782 D msm8974_platform: Opening /sys/class/thermal/thermal_zone43/type
09-05 22:31:51.549   666   782 D msm8974_platform: Opening /sys/class/thermal/thermal_zone44/type
09-05 22:31:51.550   666   782 D msm8974_platform: Opening /sys/class/thermal/thermal_zone45/type
09-05 22:31:51.550   666   782 D msm8974_platform: Opening /sys/class/thermal/thermal_zone46/type
09-05 22:31:51.550   666   782 D msm8974_platform: Opening /sys/class/thermal/thermal_zone47/type
09-05 22:31:51.550   666   782 D msm8974_platform: Opening /sys/class/thermal/thermal_zone48/type
09-05 22:31:51.550   666   782 D msm8974_platform: Opening /sys/class/thermal/thermal_zone49/type
09-05 22:31:51.550   666   782 D msm8974_platform: Opening /sys/class/thermal/thermal_zone50/type
09-05 22:31:51.550   666   782 D msm8974_platform: Opening /sys/class/thermal/thermal_zone51/type
09-05 22:31:51.550   666   782 D msm8974_platform: Opening /sys/class/thermal/thermal_zone52/type
09-05 22:31:51.550   666   782 D msm8974_platform: Found 18 WSA present on the platform
09-05 22:31:51.550   666   782 D audio_hw_extn: audio_extn_can_use_vbat: vbat.enabled property is set to 0
09-05 22:31:51.550   666   782 D audio_hw_extn: audio_extn_can_use_bcl: bcl.enabled property is set to 0
09-05 22:31:51.550   666   782 D audio_hw_extn: audio_extn_is_hifi_audio_supported: hifi audio supported on internal codec
09-05 22:31:51.550   666   782 D msm8974_platform: Alac software decoder is available...removing alac from DSP decoder list
09-05 22:31:51.550   666   782 D msm8974_platform: APE software decoder is available...removing ape from DSP decoder list
09-05 22:31:51.550   666   782 D platform_info: platform_info_init: platform info file name is /vendor/etc/audio_platform_info_i40.xml
09-05 22:31:51.551   666   782 D msm8974_platform: platform_set_audio_device_interface: Enter, device name:AUDIO_DEVICE_IN_BUILTIN_MIC, intf name:SLIMBUS_0
09-05 22:31:51.551   666   782 D msm8974_platform: platform_set_audio_device_interface: Matched device name:AUDIO_DEVICE_IN_BUILTIN_MIC, overwrite intf name with SLIMBUS_0
