07-27 03:53:40.333     0     0 W pmwke   : [i=0]-[qcom,usb_eth_wol_en]-[eth_wol_en]-[out]-[io=80]-[def=1]-[delay=0]
07-27 03:53:40.333     0     0 W pmwke   : [i=1]-[qcom,usb_eth_reset-gpio]-[eth_reset_io]-[out]-[io=106]-[def=0]-[delay=0]
07-27 03:53:40.333     0     0 W pmwke   : [i=2]-[qcom,usb_eth_wakeup-gpio]-[eth_wakeup_io]-[out]-[io=110]-[def=1]-[delay=0]
07-27 03:53:40.333     0     0 W         : eth_pwr
07-27 03:53:40.333     0     0 W         : OEM debug usb_eth_gpio_reset begin.
07-27 03:53:40.358     0     0 W         : OEM debug usb_eth_gpio_reset end.
07-27 03:53:40.358     0     0 I [usb_mux]: registered handler(1407883348) for usb mode switch
07-27 03:53:40.359     0     0 I usb_oem_probe: enter
07-27 03:53:40.359     0     0 I         : usbPortPathInit 596 read path succeed: typec-u2-path 1-1.4
07-27 03:53:40.359     0     0 I usb_oem_probe: usbPortsSpeedCfg[0].portU2Path=1-1.4
07-27 03:53:40.359     0     0 I         : usbPortPathInit 596 read path succeed: typec-u3-path 2-1.4
07-27 03:53:40.359     0     0 I usb_oem_probe: usbPortsSpeedCfg[0].portU3Path=2-1.4
07-27 03:53:40.359     0     0 I         : usbPortPathInit 596 read path succeed: typea-u2-path 1-1.2
07-27 03:53:40.359     0     0 I usb_oem_probe: usbPortsSpeedCfg[1].portU2Path=1-1.2
07-27 03:53:40.359     0     0 I         : usbPortPathInit 596 read path succeed: typea-u3-path 2-1.2
07-27 03:53:40.359     0     0 I usb_oem_probe: usbPortsSpeedCfg[1].portU3Path=2-1.2
07-27 03:53:40.359     0     0 E         : usbPortPathInit 593 read path failed: typea-ex3-u2-path
07-27 03:53:40.359     0     0 I usb_oem_probe: usbPortsSpeedCfg[2].portU2Path=
07-27 03:53:40.359     0     0 E         : usbPortPathInit 593 read path failed: typea-ex3-u3-path
07-27 03:53:40.359     0     0 I usb_oem_probe: usbPortsSpeedCfg[2].portU3Path=
07-27 03:53:40.359     0     0 E         : usbPortPathInit 593 read path failed: typea-ex4-u2-path
07-27 03:53:40.359     0     0 I usb_oem_probe: usbPortsSpeedCfg[3].portU2Path=
07-27 03:53:40.359     0     0 E         : usbPortPathInit 593 read path failed: typea-ex4-u3-path
07-27 03:53:40.359     0     0 I usb_oem_probe: usbPortsSpeedCfg[3].portU3Path=
07-27 03:53:40.359     0     0 E         : usbPortPathInit 593 read path failed: typea-ex5-u2-path
07-27 03:53:40.359     0     0 I usb_oem_probe: usbPortsSpeedCfg[4].portU2Path=
07-27 03:53:40.359     0     0 E         : usbPortPathInit 593 read path failed: typea-ex5-u3-path
07-27 03:53:40.359     0     0 I usb_oem_probe: usbPortsSpeedCfg[4].portU3Path=
07-27 03:53:40.359     0     0 I         : usbPortPathInit 596 read path succeed: micro-usb1-path 1-1.3.1
07-27 03:53:40.359     0     0 I usb_oem_probe: usbPortsSpeedCfg[5].portU2Path=1-1.3.1
07-27 03:53:40.359     0     0 I usb_oem_probe: usbPortsSpeedCfg[5].portU3Path=
07-27 03:53:40.359     0     0 I         : usbPortPathInit 596 read path succeed: micro-usb2-path 1-1.3.2
07-27 03:53:40.359     0     0 I usb_oem_probe: usbPortsSpeedCfg[6].portU2Path=1-1.3.2
07-27 03:53:40.359     0     0 I usb_oem_probe: usbPortsSpeedCfg[6].portU3Path=
07-27 03:53:40.359     0     0 I         : usbPortPathInit 596 read path succeed: micro-usb3-path 1-1.3.3
07-27 03:53:40.359     0     0 I usb_oem_probe: usbPortsSpeedCfg[7].portU2Path=1-1.3.3
07-27 03:53:40.359     0     0 I usb_oem_probe: usbPortsSpeedCfg[7].portU3Path=
07-27 03:53:40.359     0     0 I         : usbPortPathInit 596 read path succeed: micro-usb4-path 1-1.3.4
07-27 03:53:40.359     0     0 I usb_oem_probe: usbPortsSpeedCfg[8].portU2Path=1-1.3.4
07-27 03:53:40.359     0     0 I usb_oem_probe: usbPortsSpeedCfg[8].portU3Path=
07-27 03:53:40.359     0     0 I usb_ports_pwr_reset(): enter
07-27 03:53:40.359     0     0 I GL3523_portpwr_get: enter, 0
07-27 03:53:40.359     0     0 I usb_ports_pwr_reset(): HUB3_PWR_CFG currentValue=0
07-27 03:53:40.359     0     0 I usb_ports_pwr_reset(): HUB3_PWR_CFG pwrDisableValue=30
07-27 03:53:40.359     0     0 I GL3523_portpwr_set: enter val = 30
07-27 03:53:40.359     0     0 I GL3523_portpwr_set: typeC pwr enable
07-27 03:53:40.359     0     0 I it8855 6-0040: vbus_ctl set val=0
07-27 03:53:40.359     0     0 I it8855 6-0040: usb_c vbus is already: VBUS-Enabled
07-27 03:53:40.359     0     0 I GL3523_portpwr_set: typeA pwr disable
07-27 03:53:40.359     0     0 I gl3523_typeA_pwr_set: enter = 1
07-27 03:53:40.359     0     0 I gl3523_typeA_pwr_set: it is in device mode, ignore the typa pwr set from FS, only store the config
07-27 03:53:40.359     0     0 I         : [it8855] set_typec_power = 0
07-27 03:53:40.359     0     0 I it8855 6-0040: vbus_ctl set val=1
07-27 03:53:40.359     0     0 I it8855 6-0040: Will set to : VBUS-Disabled, vbus_ctl val=1
07-27 03:53:40.359     0     0 E i2c-msm-v2 c1b6000.i2c: msm_bus_scale_register_client(mstr-id:84):0x1e (ok)
07-27 03:53:40.708     0     0 E of_batterydata_get_best_profile: No battery data found
07-27 03:53:40.708     0     0 E FG      : fg_get_batt_profile: couldn't find profile handle
07-27 03:53:40.708     0     0 W FG      : profile_load_work: profile for batt_id=99KOhms not found..using OTP, rc:-61
07-27 03:53:40.708     0     0 I usb 1-1.1: new high-speed USB device number 4 using xhci-hcd
07-27 03:53:40.834     0     0 I         : Disable AX88179 lpm.
07-27 03:53:40.834     0     0 I usb 1-1.1: New USB device found, idVendor=0b95, idProduct=1790
07-27 03:53:40.834     0     0 I usb 1-1.1: New USB device strings: Mfr=1, Product=2, SerialNumber=3
07-27 03:53:40.834     0     0 I usb 1-1.1: Product: AX88179
07-27 03:53:40.834     0     0 I usb 1-1.1: Manufacturer: ASIX Elec. Corp.
07-27 03:53:40.834     0     0 I usb 1-1.1: SerialNumber: 00000000000003
07-27 03:53:40.863     0     0 W OEM debug: ax88179 usb device number = 4, dev path = 1.1, dev serial = 00000000000003.
07-27 03:53:40.864     0     0 W         : OEM debug oem_set_eth_nameflag: devpath 1.1 get name_flag 88179.
07-27 03:53:40.864     0     0 W         : OEM debug dev_alloc_name_ns: after alloc eth dev name = eth0.
07-27 03:53:40.864     0     0 W OEM debug: general mode disable autosuspend.
07-27 03:53:40.868     0     0 I         : [it8855] set_typec_power = 1
07-27 03:53:40.868     0     0 I it8855 6-0040: vbus_ctl set val=0
07-27 03:53:40.868     0     0 I it8855 6-0040: Will set to : VBUS-Enabled, vbus_ctl val=0
07-27 03:53:40.868     0     0 I it8855 6-0040: Reset it8855 when enable vbus!
07-27 03:53:40.936     0     0 I it8855 6-0040: irq comming!
07-27 03:53:40.936     0     0 I it8855 6-0040: irq_work_func!
07-27 03:53:40.948     0     0 I it8855 6-0040: status is: detach, no contract, CC1, dfp, source, exit mode
07-27 03:53:40.948     0     0 I it8855 6-0040: Exit Alternate mode!
07-27 03:53:40.968     0     0 I it8855 6-0040: reset irq gpio to high
07-27 03:53:40.988     0     0 I it8855 6-0040: irq_work_func!
07-27 03:53:40.988     0     0 I GL3523_portpwr_set: enter val = 0
07-27 03:53:40.988     0     0 I GL3523_portpwr_set: typeC pwr enable
07-27 03:53:40.988     0     0 I it8855 6-0040: vbus_ctl set val=0
07-27 03:53:40.988     0     0 I it8855 6-0040: usb_c vbus is already: VBUS-Enabled
07-27 03:53:40.988     0     0 I GL3523_portpwr_set: typeA pwr enable
07-27 03:53:40.988     0     0 I gl3523_typeA_pwr_set: enter = 0
07-27 03:53:40.988     0     0 I gl3523_typeA_pwr_set: it is in device mode, ignore the typa pwr set from FS, only store the config
07-27 03:53:40.988     0     0 I gl852_portpwr_get: enter
07-27 03:53:40.988     0     0 I usb_ports_pwr_reset(): HUB2_PWR_CFG currentValue=0
07-27 03:53:40.988     0     0 I gl852_portpwr_set: enter val = 15
07-27 03:53:40.988     0     0 I gl852_portpwr_set: 83 0
07-27 03:53:40.988     0     0 I gl852_portpwr_set: 84 0
07-27 03:53:40.988     0     0 I gl852_portpwr_set: 85 0
07-27 03:53:40.988     0     0 I gl852_portpwr_set: 86 0
07-27 03:53:41.008     0     0 I it8855 6-0040: status is: detach, no contract, CC1, dfp, source, exit mode
07-27 03:53:41.008     0     0 I it8855 6-0040: Exit Alternate mode!
07-27 03:53:41.498     0     0 I gl852_portpwr_set: enter val = 0
07-27 03:53:41.498     0     0 I gl852_portpwr_set: 83 1
07-27 03:53:41.498     0     0 I gl852_portpwr_set: 84 1
07-27 03:53:41.498     0     0 I gl852_portpwr_set: 85 1
07-27 03:53:41.498     0     0 I gl852_portpwr_set: 86 1
07-27 03:53:41.498     0     0 E         : read oem,hub-protocol-cfg= 0x60
07-27 03:53:41.498     0     0 I usb_oem_probe: succeed exit!
07-27 03:53:41.499     0     0 I input   : soc:gpio_keys as /devices/platform/soc/soc:gpio_keys/input/input3
07-27 03:53:41.500     0     0 I rtc-max31343 1-0068: read date/time raw! 0x21-07-27 07:53:41 W03
07-27 03:53:41.500     0     0 I rtc-max31343 1-0068: read date/time! 2021-07-27 07:53:41
07-27 03:53:41.500     0     0 I rtc-max31343 1-0068: setting system clock to 2021-07-27 07:53:41 UTC (1627372421)
07-27 03:53:41.502     0     0 E lpm_levels: register_cluster_lpm_stats()
07-27 03:53:41.502     0     0 E lpm_levels: register_cluster_lpm_stats()
07-27 03:53:41.507     0     0 I gfx_mem_acc_corner: disabling
07-27 03:53:41.507     0     0 I gdsc_ufs: disabling
07-27 03:53:41.507     0     0 I cam_vadd_gpio_regulator: disabling
07-27 03:53:41.507     0     0 I cam_vaf_gpio_regulator: disabling
07-27 03:53:41.507     0     0 I cam_rear_dvdd_gpio_regulator: disabling
07-27 03:53:41.507     0     0 I apc0_pwrcl_corner: disabling
07-27 03:53:41.507     0     0 I apc1_perfcl_corner: disabling
07-27 03:53:41.507     0     0 I regulator_proxy_consumer_remove_all: removing regulator proxy consumer requests
07-27 03:53:41.507     0     0 I         : ALSA device list:
07-27 03:53:41.507     0     0 I         : No soundcards found.
07-27 03:53:41.509     0     0 I         : Freeing unused kernel memory: 6144K
07-27 03:53:41.513     0     0 I init    : init first stage started!
07-27 03:53:41.513     0     0 I init    : [libfs_mgr]dt_fstab: Skip disabled entry for partition vendor
07-27 03:53:41.513     0     0 I init    : [libfs_mgr]ReadFstabFromDt(): failed to read fstab from dt
07-27 03:53:41.513     0     0 I init    : [libfs_mgr]dt_fstab: Skip disabled entry for partition vendor
07-27 03:53:41.514     0     0 I init    : Using Android DT directory /proc/device-tree/firmware/android/
07-27 03:53:41.546     0     0 I init    : [libfs_mgr]Created logical partition system_a on device /dev/block/dm-0
07-27 03:53:41.546     0     0 I init    : [libfs_mgr]Skipping zero-length logical partition: system_b
07-27 03:53:41.547     0     0 I init    : [libfs_mgr]Created logical partition product_a on device /dev/block/dm-1
07-27 03:53:41.547     0     0 I init    : [libfs_mgr]Skipping zero-length logical partition: product_b
07-27 03:53:41.547     0     0 I init    : [libfs_mgr]Created logical partition vendor_a on device /dev/block/dm-2
07-27 03:53:41.556     0     0 I EXT4-fs (mmcblk0p52): recovery complete
07-27 03:53:41.556     0     0 I EXT4-fs (mmcblk0p52): mounted filesystem with ordered data mode. Opts: discard
07-27 03:53:41.564     0     0 I device-mapper: verity: sha1 using implementation "sha1-ce"
07-27 03:53:41.572     0     0 W EXT4-fs (dm-3): mounting with "discard" option, but the device does not support discard
07-27 03:53:41.572     0     0 I EXT4-fs (dm-3): mounted filesystem without journal. Opts: barrier=1,discard
07-27 03:53:41.584     0     0 I device-mapper: verity: sha1 using implementation "sha1-ce"
07-27 03:53:41.593     0     0 W EXT4-fs (dm-4): mounting with "discard" option, but the device does not support discard
07-27 03:53:41.593     0     0 I EXT4-fs (dm-4): mounted filesystem without journal. Opts: barrier=1,discard
07-27 03:53:41.595     0     0 I device-mapper: verity: sha1 using implementation "sha1-ce"
07-27 03:53:41.612     0     0 W EXT4-fs (dm-5): mounting with "discard" option, but the device does not support discard
07-27 03:53:41.612     0     0 I EXT4-fs (dm-5): mounted filesystem without journal. Opts: barrier=1,discard
07-27 03:53:41.646     0     0 W init    : 23 output lines suppressed due to ratelimiting
07-27 03:53:41.811     0     0 I init    : Loading SELinux policy
07-27 03:53:41.831     0     0 D SELinux : 16384 avtab hash slots, 50285 rules.
07-27 03:53:41.856     0     0 D SELinux : 16384 avtab hash slots, 50285 rules.
07-27 03:53:41.856     0     0 D SELinux : 1 users, 4 roles, 2240 types, 0 bools, 1 sens, 1024 cats
07-27 03:53:41.856     0     0 D SELinux : 97 classes, 50285 rules
07-27 03:53:41.859     0     0 I SELinux : Permission nlmsg_readpriv in class netlink_route_socket not defined in policy.
07-27 03:53:41.859     0     0 I SELinux : the above unknown classes and permissions will be denied
07-27 03:53:41.859     0     0 I SELinux : policy capability network_peer_controls=1
07-27 03:53:41.859     0     0 I SELinux : policy capability open_perms=1
07-27 03:53:41.859     0     0 I SELinux : policy capability extended_socket_class=1
07-27 03:53:41.859     0     0 I SELinux : policy capability always_check_network=0
07-27 03:53:41.859     0     0 I SELinux : policy capability cgroup_seclabel=0
07-27 03:53:41.859     0     0 I SELinux : policy capability nnp_nosuid_transition=1
07-27 03:53:41.859     0     0 D SELinux : Completing initialization.
07-27 03:53:41.859     0     0 D SELinux : Setting up existing superblocks.
07-27 03:53:41.909   496   496 I auditd  : type=1403 audit(0.0:2): policy loaded auid=4294967295 ses=4294967295
07-27 03:53:41.909   496   496 I auditd  : type=1403 audit(0.0:2): policy loaded auid=4294967295 ses=4294967295
07-27 03:53:41.909   496   496 I auditd  : type=1404 audit(0.0:3): enforcing=1 old_enforcing=0 auid=4294967295 ses=4294967295
07-27 03:53:41.909   496   496 W auditd  : type=1404 audit(0.0:3): enforcing=1 old_enforcing=0 auid=4294967295 ses=4294967295
07-27 03:53:41.922     0     0 I selinux : SELinux: Loaded policy from /vendor/etc/selinux/precompiled_sepolicy
07-27 03:53:41.927     0     0 I selinux : SELinux: Loaded file_contexts
07-27 03:53:41.946     0     0 I init    : init second stage started!
07-27 03:53:41.964     0     0 I init    : Using Android DT directory /proc/device-tree/firmware/android/
07-27 03:53:41.967     0     0 I selinux : SELinux: Loaded file_contexts
07-27 03:53:41.968     0     0 I init    : Running restorecon...
07-27 03:53:41.984     0     0 E selinux : avc:  denied  { set } for  scontext=u:r:vendor_init:s0 tcontext=u:object_r:default_prop:s0 tclass=property_service permissive=0
07-27 03:53:41.984     0     0 E init    : Do not have permissions to set 'ro.product.vendor.otadevice' to 'ota.sdm660_64' in property file '/vendor/build.prop': SELinux permission check failed
07-27 03:53:41.984     0     0 E selinux : avc:  denied  { set } for  scontext=u:r:vendor_init:s0 tcontext=u:object_r:default_prop:s0 tclass=property_service permissive=0
07-27 03:53:41.984     0     0 E init    : Do not have permissions to set 'ro.product.vendor.otamodel' to 'ota.sdm660_64' in property file '/vendor/build.prop': SELinux permission check failed
07-27 03:53:41.984     0     0 E selinux : avc:  denied  { set } for  scontext=u:r:vendor_init:s0 tcontext=u:object_r:default_prop:s0 tclass=property_service permissive=0
07-27 03:53:41.984     0     0 E init    : Do not have permissions to set 'ro.product.vendor.otaname' to 'ota.sdm660_64' in property file '/vendor/build.prop': SELinux permission check failed
07-27 03:53:42.107     0     0 I ueventd : ueventd started!
07-27 03:53:42.110     0     0 I selinux : SELinux: Loaded file_contexts
07-27 03:53:42.110     0     0 I ueventd : Parsing file /ueventd.rc...
07-27 03:53:42.113     0     0 I ueventd : Parsing file /vendor/ueventd.rc...
07-27 03:53:42.115     0     0 E ueventd : /vendor/ueventd.rc: 194: /sys/ lines must have 5 entries
07-27 03:53:42.115     0     0 I ueventd : Parsing file /odm/ueventd.rc...
07-27 03:53:42.115     0     0 I ueventd : Unable to read config file '/odm/ueventd.rc': open() failed: No such file or directory
07-27 03:53:42.115     0     0 I ueventd : Parsing file /ueventd.qcom.rc...
07-27 03:53:42.115     0     0 I ueventd : Unable to read config file '/ueventd.qcom.rc': open() failed: No such file or directory
07-27 03:53:42.127     0     0 I apexd   : Bootstrap subcommand detected
07-27 03:53:42.133     0     0 I apexd   : Scanning /system/apex for embedded keys
07-27 03:53:42.134     0     0 I apexd   : Scanning /product/apex for embedded keys
07-27 03:53:42.134     0     0 I apexd   : ... does not exist. Skipping
07-27 03:53:42.134     0     0 I apexd   : Scanning /system/apex looking for APEX packages.
07-27 03:53:42.134     0     0 I apexd   : Found /system/apex/com.android.media
07-27 03:53:42.135     0     0 I apexd   : Skipped when bootstrapping
07-27 03:53:42.135     0     0 I apexd   : Found /system/apex/com.android.media.swcodec
07-27 03:53:42.135     0     0 I apexd   : Skipped when bootstrapping
07-27 03:53:42.135     0     0 I apexd   : Found /system/apex/com.android.runtime.debug
07-27 03:53:42.138     0     0 W apexd   : 9 output lines suppressed due to ratelimiting
07-27 03:53:42.139     0     0 I         : apexd (480) used greatest stack depth: 11664 bytes left
07-27 03:53:42.252     0     0 W q6_pdr_dlkm: loading out-of-tree module taints kernel.
07-27 03:53:42.270     0     0 W adsp_loader_dlkm: no symbol version for apr_set_modem_state
07-27 03:53:42.530     0     0 E pmic_analog_codec 800f000.qcom,spmi: qcom,pm660l@3:anlg-cdc@f000: Adsp is not loaded yet 0
07-27 03:53:42.540     0     0 E msm_sdw_codec 152c1000.msm-sdw-codec: Adsp is not loaded yet 0
07-27 03:53:42.558     0     0 E pmic_analog_codec 800f000.qcom,spmi: qcom,pm660l@3:anlg-cdc@f000: Adsp is not loaded yet 0
07-27 03:53:42.558     0     0 E msm_sdw_codec 152c1000.msm-sdw-codec: Adsp is not loaded yet 0
07-27 03:53:42.558     0     0 E pmic_analog_codec 800f000.qcom,spmi: qcom,pm660l@3:anlg-cdc@f000: Adsp is not loaded yet 0
07-27 03:53:42.558     0     0 E msm_sdw_codec 152c1000.msm-sdw-codec: Adsp is not loaded yet 0
07-27 03:53:42.642     0     0 I oem-init: /vendor/bin/oem_init start with 1 parameters
07-27 03:53:42.642     0     0 I oem-init: sysfs:path sys/devices/soc0/project_id data 44 size 4
07-27 03:53:42.642     0     0 I oem-init: Project id: 44
07-27 03:53:42.642     0     0 I oem-init: model id: 15in-I-Series-4
07-27 03:53:42.643     0     0 I oem-init: product 15in-I-Series-4
07-27 03:53:42.643     0     0 I oem-init: product device: 15in-I-Series-4
07-27 03:53:42.643     0     0 I oem-init: product name: 15in-I-Series-4_E8MP
07-27 03:53:42.643     0     0 I oem-init: oemmodel id: i4_in15_std
07-27 03:53:42.644     0     0 I oem-init: common features: BT-WIFI-PwrLED-UartMux-TypeC
07-27 03:53:42.644     0     0 I oem-init: sku features: eth-PoE-GSen-DuSpk-GPIO-AdbMux-eRTC-Key2-dmic-SD-exPD
07-27 03:53:42.914     0     0 E FG      : fg_get_time_to_full_locked: battery profile is not loaded
07-27 03:53:44.618     0     0 I ueventd : Coldboot took 2.501 seconds
07-27 03:53:44.662     0     0 I         : Registered swp emulation handler
07-27 03:53:44.718     0     0 I logd.auditd: start
07-27 03:53:44.749     0     0 I init    : wait for '/dev/block/platform/soc/c0c4000.sdhci' took 0ms
07-27 03:53:44.805     0     0 I EXT4-fs (mmcblk0p48): mounted filesystem with ordered data mode. Opts: barrier=1
--------- beginning of system
07-27 03:53:44.845   507   507 I vold    : Vold 3.0 (the awakening) firing up
07-27 03:53:44.845   507   507 D vold    : Detected support for: ext4 f2fs vfat
07-27 03:53:44.849   507   507 D vold    : Found unmanaged dm device named system_a
07-27 03:53:44.849   507   507 D vold    : Found unmanaged dm device named vendor-verity
07-27 03:53:44.849   507   507 D vold    : Found unmanaged dm device named vendor_a
07-27 03:53:44.849   507   507 D vold    : Found unmanaged dm device named product-verity
07-27 03:53:44.849   507   507 D vold    : Found unmanaged dm device named system-verity
07-27 03:53:44.849   507   507 D vold    : Found unmanaged dm device named product_a
07-27 03:53:44.849   507   507 W vold    : Failed to LOOP_GET_STATUS64 /dev/block/loop10: No such device or address
07-27 03:53:44.849   507   507 W vold    : Failed to LOOP_GET_STATUS64 /dev/block/loop7: No such device or address
07-27 03:53:44.849   507   507 W vold    : Failed to LOOP_GET_STATUS64 /dev/block/loop15: No such device or address
07-27 03:53:44.849   507   507 W vold    : Failed to LOOP_GET_STATUS64 /dev/block/loop2: No such device or address
07-27 03:53:44.849   507   507 W vold    : Failed to LOOP_GET_STATUS64 /dev/block/loop1: No such device or address
07-27 03:53:44.849   507   507 W vold    : Failed to LOOP_GET_STATUS64 /dev/block/loop14: No such device or address
07-27 03:53:44.849   507   507 W vold    : Failed to LOOP_GET_STATUS64 /dev/block/loop4: No such device or address
07-27 03:53:44.849   507   507 W vold    : Failed to LOOP_GET_STATUS64 /dev/block/loop5: No such device or address
07-27 03:53:44.849   507   507 W vold    : Failed to LOOP_GET_STATUS64 /dev/block/loop9: No such device or address
07-27 03:53:44.849   507   507 W vold    : Failed to LOOP_GET_STATUS64 /dev/block/loop11: No such device or address
07-27 03:53:44.849   507   507 W vold    : Failed to LOOP_GET_STATUS64 /dev/block/loop6: No such device or address
07-27 03:53:44.849   507   507 W vold    : Failed to LOOP_GET_STATUS64 /dev/block/loop0: No such device or address
07-27 03:53:44.849   507   507 W vold    : Failed to LOOP_GET_STATUS64 /dev/block/loop8: No such device or address
07-27 03:53:44.849   507   507 W vold    : Failed to LOOP_GET_STATUS64 /dev/block/loop3: No such device or address
07-27 03:53:44.849   507   507 W vold    : Failed to LOOP_GET_STATUS64 /dev/block/loop12: No such device or address
07-27 03:53:44.849   507   507 W vold    : Failed to LOOP_GET_STATUS64 /dev/block/loop13: No such device or address
07-27 03:53:44.850   507   507 I vold    : [libfs_mgr]dt_fstab: Skip disabled entry for partition vendor
07-27 03:53:44.851   507   507 D vold    : VoldNativeService::start() completed OK
07-27 03:53:44.857     0     0 I e2fsck  : e2fsck 1.44.4 (18-Aug-2018)
07-27 03:53:44.857     0     0 I e2fsck  : /dev/block/bootdevice/by-name/persist: recovering journal
07-27 03:53:44.857     0     0 I e2fsck  : Pass 1: Checking inodes, blocks, and sizes
07-27 03:53:44.857     0     0 I e2fsck  : Pass 2: Checking directory structure
07-27 03:53:44.857     0     0 I e2fsck  : Pass 3: Checking directory connectivity
07-27 03:53:44.857     0     0 I e2fsck  : Pass 4: Checking reference counts
07-27 03:53:44.857     0     0 I e2fsck  : Pass 5: Checking group summary information
07-27 03:53:44.857     0     0 I e2fsck  : /dev/block/bootdevice/by-name/persist: 48/8192 files (0.0% non-contiguous), 1350/8192 blocks
07-27 03:53:44.859     0     0 I EXT4-fs (mmcblk0p37): mounted filesystem with ordered data mode. Opts: barrier=1
07-27 03:53:44.869   498   498 I hwservicemanager: hwservicemanager is ready now.
07-27 03:53:44.869   501   501 E cutils-trace: Error opening trace file: Permission denied (13)
07-27 03:53:44.869   498   498 E cutils-trace: Error opening trace file: Permission denied (13)
07-27 03:53:44.880     0     0 I subsys-pil-tz 15700000.qcom,lpass: adsp: loading from 0x0000000092a00000 to 0x0000000094800000
07-27 03:53:44.885     0     0 I EXT4-fs (mmcblk0p39): recovery complete
07-27 03:53:44.885     0     0 I EXT4-fs (mmcblk0p39): mounted filesystem with ordered data mode. Opts: barrier=1
07-27 03:53:44.906   501   501 I ServiceManagement: Registered vendor.qti.hardware.qseecom@1.0::IQSEECom/default (start delay of 217ms)
07-27 03:53:44.906   501   501 I ServiceManagement: Removing namespace from process name vendor.qti.hardware.qseecom@1.0-service to qseecom@1.0-service.
07-27 03:53:44.906   501   501 I QSEECOM_SERVICE: IQSEECom registerAsService is successful
07-27 03:53:44.908     0     0 D vdc     : Waited 0ms for vold
07-27 03:53:45.042   546   546 D QSEECOMD: : qseecom listener services process entry PPID = 1
07-27 03:53:45.042   546   546 E QSEECOMD: : Listener: index = 0, hierarchy = 0
07-27 03:53:45.047   546   546 D QSEECOMD: : Init dlopen(librpmb.so, RTLD_NOW) succeeds
07-27 03:53:45.047   546   546 D QSEECOMD: : Init::Init dlsym(g_FSHandle rpmb_init_service) succeeds
07-27 03:53:45.047   546   546 I rpmb_emmc: RPMB Mult (512-bytes sector) = 32768, Rel_sec_cnt = 32
07-27 03:53:45.047   546   546 E DrmLibRpmb: rpmb_init succeeded! with ret = 0
07-27 03:53:45.047   546   546 D QSEECOMD: : Init rpmb_init_service ret = 0
07-27 03:53:45.047   546   546 D QSEECOMD: : RPMB system services: init (Listener ID = 8192)
07-27 03:53:45.047   546   546 E QSEECOMD: : Listener: index = 1, hierarchy = 0
07-27 03:53:45.049   546   546 D QSEECOMD: : Init dlopen(libssd.so, RTLD_NOW) succeeds
07-27 03:53:45.049   546   546 D QSEECOMD: : Init::Init dlsym(g_FSHandle ssd_init_service) succeeds
07-27 03:53:45.049   546   546 E SSD     : ssd_init_service succeeded!
07-27 03:53:45.049   546   546 D QSEECOMD: : Init ssd_init_service ret = 0
07-27 03:53:45.049   546   546 D QSEECOMD: : SSD system services: init (Listener ID = 12288)
07-27 03:53:45.049   546   546 E QSEECOMD: : Listener: index = 2, hierarchy = 0
07-27 03:53:45.074   546   546 D QSEECOMD: : Init dlopen(libsecureui.so, RTLD_NOW) succeeds
07-27 03:53:45.074   546   546 D QSEECOMD: : Init::Init dlsym(g_FSHandle secure_ui_init) succeeds
07-27 03:53:45.074   546   546 D QSEECOMD: : Init secure_ui_init ret = 0
07-27 03:53:45.074   546   546 D QSEECOMD: : secure UI services: init (Listener ID = 16384)
07-27 03:53:45.074   546   546 D QSEECOMD: : qseecom listener service threads starting!!! 
07-27 03:53:45.074   546   546 D QSEECOMD: : Total listener services to start = 10
07-27 03:53:45.074   546   546 E QSEECOMD: : Listener: index = 0, hierarchy = 1
07-27 03:53:45.074   546   546 D QSEECOMD: : Init dlopen(librpmb.so, RTLD_NOW) succeeds
07-27 03:53:45.074   546   546 D QSEECOMD: : Init::Init dlsym(g_FSHandle rpmb_start) succeeds
07-27 03:53:45.074   546   546 D QSEECOMAPI: QSEECom_register_listener 8192 sb_length = 0x6400
07-27 03:53:45.075   546   546 E ion     : ioctl c0044901 failed with code -1: Not a typewriter
07-27 03:53:45.076   546   546 D QSEECOMD: : Init rpmb_start ret = 0
07-27 03:53:45.076   546   546 D QSEECOMD: : RPMB system services: Started (Listener ID = 8192)
07-27 03:53:45.076   546   546 E QSEECOMD: : Listener: index = 1, hierarchy = 1
07-27 03:53:45.076   546   546 D QSEECOMD: : Init dlopen(libssd.so, RTLD_NOW) succeeds
07-27 03:53:45.076   546   546 D QSEECOMD: : Init::Init dlsym(g_FSHandle ssd_start) succeeds
07-27 03:53:45.076   546   546 D QSEECOMAPI: QSEECom_register_listener 12288 sb_length = 0x5000
07-27 03:53:45.077   546   546 D QSEECOMD: : Init ssd_start ret = 0
07-27 03:53:45.077   546   546 D QSEECOMD: : SSD system services: Started (Listener ID = 12288)
07-27 03:53:45.077   546   546 E QSEECOMD: : Listener: index = 2, hierarchy = 1
07-27 03:53:45.077   546   546 D QSEECOMD: : Init dlopen(libsecureui.so, RTLD_NOW) succeeds
07-27 03:53:45.077   546   546 D QSEECOMD: : Init::Init dlsym(g_FSHandle secure_ui_start) succeeds
07-27 03:53:45.077   546   546 D QSEECOMAPI: QSEECom_register_listener 16384 sb_length = 0x10a8
07-27 03:53:45.077   546   546 D QSEECOMD: : Init secure_ui_start ret = 0
07-27 03:53:45.077   546   546 D QSEECOMD: : secure UI services: Started (Listener ID = 16384)
07-27 03:53:45.077   546   546 E QSEECOMD: : Listener: index = 3, hierarchy = 1
07-27 03:53:45.080   546   546 D QSEECOMD: : Init dlopen(libdrmtime.so, RTLD_NOW) succeeds
07-27 03:53:45.080   546   546 D QSEECOMD: : Init::Init dlsym(g_FSHandle atime_start) succeeds
07-27 03:53:45.080   546   546 D DrmLibTime: QSEE Time Listener: atime_start
07-27 03:53:45.080   546   546 D QSEECOMAPI: QSEECom_register_listener 11 sb_length = 0x5000
07-27 03:53:45.080   546   546 D DrmLibTime: registering fs service to QSEECom is done!
07-27 03:53:45.080   546   546 D DrmLibTime: begin to create a thread!
07-27 03:53:45.081   546   546 D DrmLibTime: Creating a pthread in atime_start is done! return 0
07-27 03:53:45.081   546   546 D QSEECOMD: : Init atime_start ret = 0
07-27 03:53:45.081   546   546 D QSEECOMD: : time services: Started (Listener ID = 11)
07-27 03:53:45.081   546   546 E QSEECOMD: : Listener: index = 4, hierarchy = 1
07-27 03:53:45.081   546   552 D DrmLibTime: QSEE Time Listener: dispatch
07-27 03:53:45.081   546   552 D DrmLibTime: before calling ioctl to read the next time_cmd
07-27 03:53:45.081   546   546 D QSEECOMD: : Init dlopen(libdrmfs.so, RTLD_NOW) succeeds
07-27 03:53:45.081   546   546 D QSEECOMD: : Init::Init dlsym(g_FSHandle fs_start) succeeds
07-27 03:53:45.081   546   546 D QSEECOMAPI: QSEECom_register_listener 10 sb_length = 0x5000
07-27 03:53:45.081   546   546 D QSEECOMD: : Init fs_start ret = 0
07-27 03:53:45.081   546   546 D QSEECOMD: : file system services: Started (Listener ID = 10)
07-27 03:53:45.081   546   546 E QSEECOMD: : Listener: index = 5, hierarchy = 1
07-27 03:53:45.082   546   546 D QSEECOMD: : Init dlopen(libdrmfs.so, RTLD_NOW) succeeds
07-27 03:53:45.082   546   546 D QSEECOMD: : Init::Init dlsym(g_FSHandle gpfs_start) succeeds
07-27 03:53:45.083   546   546 D QSEECOMAPI: QSEECom_register_listener 28672 sb_length = 0x7e000
07-27 03:53:45.084   546   546 D QSEECOMD: : Init gpfs_start ret = 0
07-27 03:53:45.084   546   546 D QSEECOMD: : gpfile system services: Started (Listener ID = 28672)
07-27 03:53:45.084   546   546 E QSEECOMD: : Listener: index = 6, hierarchy = 1
07-27 03:53:45.086   546   546 D QSEECOMD: : Init dlopen(libqisl.so, RTLD_NOW) succeeds
07-27 03:53:45.086   546   546 D QSEECOMD: : Init::Init dlsym(g_FSHandle qisl_start) succeeds
07-27 03:53:45.086   546   555 I QISL    : QSEE Interrupt Service Listener Thread is started
07-27 03:53:45.086   546   555 D QSEECOMAPI: QSEECom_register_listener 36864 sb_length = 0x1f4
07-27 03:53:45.087   546   555 I QISL    : QSEE Interrupt Service Listener was activated successfully
07-27 03:53:45.087   546   546 D QSEECOMD: : Init qisl_start ret = 0
07-27 03:53:45.087   546   546 D QSEECOMD: : interrupt services: Started (Listener ID = 36864)
07-27 03:53:45.087   546   546 E QSEECOMD: : Listener: index = 7, hierarchy = 1
07-27 03:53:45.087   546   546 E QSEECOMD: : Init dlopen(libspl.so, RLTD_NOW) is failed.... dlopen failed: library "libspl.so" not found
07-27 03:53:45.087   546   546 E QSEECOMD: : Listener: index = 8, hierarchy = 1
07-27 03:53:45.090   546   546 D QSEECOMD: : Init dlopen(libGPreqcancel.so, RTLD_NOW) succeeds
07-27 03:53:45.090   546   546 D QSEECOMD: : Init::Init dlsym(g_FSHandle gp_reqcancel_start) succeeds
07-27 03:53:45.090   546   546 D QSEECOMAPI: QSEECom_register_listener 4352 sb_length = 0x5000
07-27 03:53:45.091   546   546 D QSEECOMD: : Init gp_reqcancel_start ret = 0
07-27 03:53:45.091   546   546 D QSEECOMD: : gp request cancellation services: Started (Listener ID = 4352)
07-27 03:53:45.091   546   546 E QSEECOMD: : Listener: index = 9, hierarchy = 1
07-27 03:53:45.091   546   546 E QSEECOMD: : Init dlopen(libops.so, RLTD_NOW) is failed.... dlopen failed: library "libops.so" not found
07-27 03:53:45.091   546   546 D QSEECOMD: : QSEECOM DAEMON RUNNING 
07-27 03:53:45.106   500   500 D QSEECOMAPI: QSEECom_get_handle sb_length = 0xa000
07-27 03:53:45.106   500   500 D QSEECOMAPI: App is already loaded QSEE and app id = 65537
07-27 03:53:45.106   500   500 E ion     : ioctl c0044901 failed with code -1: Not a typewriter
07-27 03:53:45.113   500   500 E KeymasterUtils: TA API Major Version: 4
07-27 03:53:45.113   500   500 E KeymasterUtils: TA API Minor Version: 0
07-27 03:53:45.113   500   500 E KeymasterUtils: TA Major Version: 4
07-27 03:53:45.113   500   500 E KeymasterUtils: TA Minor Version: 164
07-27 03:53:45.123   500   500 I ServiceManagement: Registered android.hardware.keymaster@4.0::IKeymasterDevice/default (start delay of 445ms)
07-27 03:53:45.123   500   500 I ServiceManagement: Removing namespace from process name android.hardware.keymaster@4.0-service-qti to keymaster@4.0-service-qti.
07-27 03:53:45.155     0     0 I         : init.qti.qseeco (547) used greatest stack depth: 11520 bytes left
07-27 03:53:45.155     0     0 I init    : wait for '/dev/block/bootdevice/by-name/eloconf' took 0ms
07-27 03:53:45.161     0     0 I EXT4-fs (mmcblk0p38): recovery complete
07-27 03:53:45.161     0     0 I EXT4-fs (mmcblk0p38): mounted filesystem with ordered data mode. Opts: barrier=1
07-27 03:53:45.194   507   507 I Checkpoint: Validating checkpoint on /dev/block/bootdevice/by-name/userdata
07-27 03:53:45.195   507   507 E Checkpoint: No magic
07-27 03:53:45.198   565   565 I vdc     : vdc V 07-27 03:53:45   566   566 vdc.cpp:50] Waited 0ms for vold
07-27 03:53:45.198   565   565 I vdc     : vdc E 07-27 03:53:45   566   566 vdc.cpp:60] Failed: Status(22, 22): 'No magic'
07-27 03:53:45.198   565   565 I vdc     : vdc terminated by exit(25)
07-27 03:53:45.203   561   561 I ServiceManagement: Registered android.hardware.atrace@1.0::IAtraceDevice/default (start delay of 35ms)
07-27 03:53:45.204   561   561 I ServiceManagement: Removing namespace from process name android.hardware.atrace@1.0-service to atrace@1.0-service.
07-27 03:53:45.207   563   563 D QSEECOMAPI: QSEECom_get_handle sb_length = 0xa000
07-27 03:53:45.208   563   563 D QSEECOMAPI: App is already loaded QSEE and app id = 65537
07-27 03:53:45.208   563   563 E ion     : ioctl c0044901 failed with code -1: Not a typewriter
07-27 03:53:45.211   562   562 I ServiceManagement: Registered android.hardware.boot@1.0::IBootControl/default (start delay of 42ms)
07-27 03:53:45.211   562   562 I ServiceManagement: Removing namespace from process name android.hardware.boot@1.0-service to boot@1.0-service.
07-27 03:53:45.211   562   562 I android.hardware.boot@1.0-service: Registration complete for android.hardware.boot@1.0::IBootControl/default.
07-27 03:53:45.212   564   564 D         : cryptfshw: svc service starting.
07-27 03:53:45.213   564   564 I ServiceManagement: Registered vendor.qti.hardware.cryptfshw@1.0::ICryptfsHw/default (start delay of 45ms)
07-27 03:53:45.214   564   564 I ServiceManagement: Removing namespace from process name vendor.qti.hardware.cryptfshw@1.0-service-qti to cryptfshw@1.0-service-qti.
07-27 03:53:45.214   564   564 E         : Registered CryptfsHw HAL service success
07-27 03:53:45.215   563   563 E KeymasterUtils: TA API Major Version: 4
07-27 03:53:45.215   563   563 E KeymasterUtils: TA API Minor Version: 0
07-27 03:53:45.215   563   563 E KeymasterUtils: TA Major Version: 4
07-27 03:53:45.215   563   563 E KeymasterUtils: TA Minor Version: 164
07-27 03:53:45.222   563   563 I ServiceManagement: Registered android.hardware.gatekeeper@1.0::IGatekeeper/default (start delay of 53ms)
07-27 03:53:45.222   563   563 I ServiceManagement: Removing namespace from process name android.hardware.gatekeeper@1.0-service-qti to gatekeeper@1.0-service-qti.
07-27 03:53:45.222   563   563 I android.hardware.gatekeeper@1.0-service: Registration complete for android.hardware.gatekeeper@1.0::IGatekeeper/default.
07-27 03:53:45.223   565   565 I vdc     : vdc V 07-27 03:53:45   567   567 vdc.cpp:50] Waited 0ms for vold
07-27 03:53:45.229     0     0 W EXT4-fs (mmcblk0p75): Ignoring removed nomblk_io_submit option
07-27 03:53:45.409     0     0 I EXT4-fs (mmcblk0p75): 4 orphan inodes deleted
07-27 03:53:45.409     0     0 I EXT4-fs (mmcblk0p75): recovery complete
07-27 03:53:45.429     0     0 I EXT4-fs (mmcblk0p75): mounted filesystem with ordered data mode. Opts: errors=remount-ro,nomblk_io_submit
07-27 03:53:45.560     0     0 I subsys-pil-tz 15700000.qcom,lpass: adsp: Brought out of reset
07-27 03:53:45.578     0     0 I subsys-pil-tz 15700000.qcom,lpass: adsp: Power/Clock ready interrupt received
07-27 03:53:45.578     0     0 I subsys-pil-tz 15700000.qcom,lpass: Subsystem error monitoring/handling services are up
07-27 03:53:45.583     0     0 E pmic_analog_codec 800f000.qcom,spmi: qcom,pm660l@3:anlg-cdc@f000: Adsp is not loaded yet 0
07-27 03:53:45.583     0     0 E msm_sdw_codec 152c1000.msm-sdw-codec: Adsp is not loaded yet 0
07-27 03:53:45.583     0     0 E pmic_analog_codec 800f000.qcom,spmi: qcom,pm660l@3:anlg-cdc@f000: Adsp is not loaded yet 0
07-27 03:53:45.586     0     0 I apr_tal_rpmsg qcom,glink: adsp.apr_audio_svc.-1.-1: apr_tal_rpmsg_probe: Channel[apr_audio_svc] state[Up]
07-27 03:53:45.587     0     0 E msm_sdw_codec 152c1000.msm-sdw-codec: Adsp is not loaded yet 0
07-27 03:53:45.587     0     0 E pmic_analog_codec 800f000.qcom,spmi: qcom,pm660l@3:anlg-cdc@f000: Adsp is not loaded yet 0
07-27 03:53:45.594     0     0 E msm_sdw_codec 152c1000.msm-sdw-codec: Adsp is not loaded yet 0
07-27 03:53:45.595     0     0 E pmic_analog_codec 800f000.qcom,spmi: qcom,pm660l@3:anlg-cdc@f000: Adsp is not loaded yet 0
07-27 03:53:45.599     0     0 I adsprpc : fastrpc_rpmsg_probe: opened rpmsg channel for adsp
07-27 03:53:45.600     0     0 E msm_sdw_codec 152c1000.msm-sdw-codec: Adsp is not loaded yet 0
07-27 03:53:45.600     0     0 E pmic_analog_codec 800f000.qcom,spmi: qcom,pm660l@3:anlg-cdc@f000: Adsp is not loaded yet 0
07-27 03:53:45.771     0     0 I e2fsck  : e2fsck 1.44.4 (18-Aug-2018)
07-27 03:53:45.771     0     0 I e2fsck  : Pass 1: Checking inodes, blocks, and sizes
07-27 03:53:45.771     0     0 I e2fsck  : Pass 2: Checking directory structure
07-27 03:53:45.771     0     0 I e2fsck  : Pass 3: Checking directory connectivity
07-27 03:53:45.771     0     0 I e2fsck  : Pass 4: Checking reference counts
07-27 03:53:45.771     0     0 I e2fsck  : Pass 5: Checking group summary information
07-27 03:53:45.771     0     0 I e2fsck  :  
07-27 03:53:45.771     0     0 I e2fsck  : data: ***** FILE SYSTEM WAS MODIFIED *****
07-27 03:53:45.771     0     0 I e2fsck  : data: 3557/915712 files (5.1% non-contiguous), 215425/3662109 blocks
07-27 03:53:45.777     0     0 I EXT4-fs (mmcblk0p75): mounted filesystem with ordered data mode. Opts: barrier=1,noauto_da_alloc,discard,lazytime
07-27 03:53:45.806     0     0 D vdc     : Waited 0ms for vold
07-27 03:53:45.806   507   507 I Checkpoint: cp_prepareCheckpoint called
07-27 03:53:45.829     0     0 D vdc     : Waited 0ms for vold
07-27 03:53:45.829   507   507 I vold    : fscrypt_initialize_systemwide_keys
07-27 03:53:45.830   507   507 D vold    : Key exists, using: /data/unencrypted/key
07-27 03:53:45.834   498   498 I hwservicemanager: getTransport: Cannot find entry android.hardware.keymaster@3.0::IKeymasterDevice/default in either framework or device manifest.
07-27 03:53:45.834   507   507 I vold    : List of Keymaster HALs found:
07-27 03:53:45.834   507   507 I vold    : Keymaster HAL #1: Keymaster HAL: 4 from QTI SecurityLevel: TRUSTED_ENVIRONMENT HAL: android.hardware.keymaster@4.0::IKeymasterDevice/default
07-27 03:53:45.837   507   507 D vold    : Computing HMAC with params { (seed: 49c0f1cedbd6264cebff297c63bd72f7376a0d25a97d71383c0e5774046c3, nonce: 8f35463346746daa5199c6026e0821892fd5bd3261368c794ac5bf21d4484b2) }
07-27 03:53:45.837   507   507 D vold    : Computing HMAC for Keymaster HAL: 4 from QTI SecurityLevel: TRUSTED_ENVIRONMENT HAL: android.hardware.keymaster@4.0::IKeymasterDevice/default
07-27 03:53:45.841   507   507 I vold    : Using Keymaster HAL: 4 from QTI for encryption.  Security level: TRUSTED_ENVIRONMENT, HAL: android.hardware.keymaster@4.0::IKeymasterDevice/default
07-27 03:53:45.850   507   507 D RefBase : RefBase: Explicit destruction, weak count = 0 (in 0x7e8c81ea68)
07-27 03:53:45.850   507   507 W RefBase : CallStack::getCurrentInternal not linked, returning null
07-27 03:53:45.850   507   507 W RefBase : CallStack::logStackInternal not linked
07-27 03:53:45.850   507   507 E vold    : Inserting using old mechanism  Error 19: No such device
07-27 03:53:45.850   507   507 D vold    : Added key 601478310 (ext4:e4bdf29b446d6cf0) to keyring 457988917 in process 507key size64
07-27 03:53:45.850   507   507 E vold    : Inserting using old mechanism  Error 19: No such device
07-27 03:53:45.850   507   507 D vold    : Added key 866847581 (f2fs:e4bdf29b446d6cf0) to keyring 457988917 in process 507key size64
07-27 03:53:45.850   507   507 E vold    : Inserting using old mechanism  Error 19: No such device
07-27 03:53:45.850   507   507 D vold    : Added key 934519239 (fscrypt:e4bdf29b446d6cf0) to keyring 457988917 in process 507key size64
07-27 03:53:45.858   507   507 I vold    : Wrote system DE key reference to:/data/unencrypted/ref
07-27 03:53:45.858   507   507 E vold    : Inserting using old mechanism  Error 19: No such device
07-27 03:53:45.858   507   507 D vold    : Added key 653843166 (ext4:5b46ecaccf56596a) to keyring 457988917 in process 507key size64
07-27 03:53:45.858   507   507 E vold    : Inserting using old mechanism  Error 19: No such device
07-27 03:53:45.858   507   507 D vold    : Added key 1004818110 (f2fs:5b46ecaccf56596a) to keyring 457988917 in process 507key size64
07-27 03:53:45.858   507   507 E vold    : Inserting using old mechanism  Error 19: No such device
07-27 03:53:45.858   507   507 D vold    : Added key 705438871 (fscrypt:5b46ecaccf56596a) to keyring 457988917 in process 507key size64
07-27 03:53:45.860   507   507 I vold    : Wrote per boot key reference to:/data/unencrypted/per_boot_ref
07-27 03:53:45.864     0     0 I fscrypt : AES-256-CTS-CBC using implementation "cts(cbc-aes-ce)"
07-27 03:53:45.901   604   604 E fsverity_init: Failed to load /product/etc/security/fsverity/*.der
07-27 03:53:45.914   605   605 E /system/bin/mini-keyctl: Cannot find keyring id
07-27 03:53:45.930   606   606 E fsverity_init: Failed to restrict .fs-verity keyring
07-27 03:53:45.951   623   623 I OEM-HPM : /vendor/bin/oem_hotplug_monitor has 1 parameters
07-27 03:53:45.958   623   623 I OEM-HPM : sysfs:path /sys/devices/platform/soc/soc:oem-ptdet/poe_status data absent
07-27 03:53:45.958   623   623 I OEM-HPM :  size 16
07-27 03:53:45.958   623   623 I OEM-HPM : handle_poe_status_change, poe_status is absent
07-27 03:53:45.958   623   623 I OEM-HPM : 
07-27 03:53:45.958   623   623 I OEM-HPM : handle_poe_status_change, power type is not POE
07-27 03:53:45.958   623   623 D OEM-HPM : 
07-27 03:53:45.958   623   623 I OEM-HPM : sysfs:path /sys/class/power_supply/usb/online data 0 size 1
07-27 03:53:45.958   623   623 I OEM-HPM : /sys/class/power_supply/usb/online is 0
07-27 03:53:45.958   623   623 I OEM-HPM : sysfs:path /sys/class/power_supply/pc_port/online data 0 size 1
07-27 03:53:45.958   623   623 I OEM-HPM : /sys/class/power_supply/pc_port/online is 0
07-27 03:53:45.958   623   623 I OEM-HPM : sysfs:path /sys/class/power_supply/ac/online data 1t
07-27 03:53:45.958   623   623 I OEM-HPM :  size 1
07-27 03:53:45.958   623   623 I OEM-HPM : /sys/class/power_supply/ac/online is 1
07-27 03:53:45.958   623   623 I OEM-HPM : USB power supply become online
07-27 03:53:45.958   623   623 E OEM-HPM : open sysfs fail: /sys/devices/platform/pos_stand/cfd_present: error: No such file or directory
07-27 03:53:45.958   623   623 E OEM-HPM : Read /sys/devices/platform/pos_stand/cfd_present failed
07-27 03:53:45.958   623   623 E OEM-HPM : open sysfs fail: /sys/devices/platform/pos_stand/present: error: No such file or directory
07-27 03:53:45.958   623   623 E OEM-HPM : Read /sys/devices/platform/pos_stand/present failed
07-27 03:53:45.958   623   623 E OEM-HPM : open sysfs fail: /sys/devices/platform/io_hub/present: error: No such file or directory
07-27 03:53:45.958   623   623 E OEM-HPM : Read /sys/devices/platform/io_hub/present failed
07-27 03:53:45.958   623   623 E OEM-HPM : open sysfs fail: /sys/devices/platform/pos_stand/flip_present: error: No such file or directory
07-27 03:53:45.958   623   623 E OEM-HPM : Read /sys/devices/platform/pos_stand/flip_present failed
07-27 03:53:45.965   607   607 I apexd   : Marking APEXd as starting
07-27 03:53:45.965     0     0 I apexd   : Marking APEXd as starting
07-27 03:53:45.966   607   607 I apexd   : Scanning /system/apex for embedded keys
07-27 03:53:45.966     0     0 I apexd   : Scanning /system/apex for embedded keys
07-27 03:53:45.967   607   607 I apexd   : Scanning /product/apex for embedded keys
07-27 03:53:45.967     0     0 I apexd   : Scanning /product/apex for embedded keys
07-27 03:53:45.967   607   607 I apexd   : ... does not exist. Skipping
07-27 03:53:45.967   607   607 I apexd   : Populating APEX database from mounts...
07-27 03:53:45.967     0     0 I apexd   : ... does not exist. Skipping
07-27 03:53:45.967     0     0 I apexd   : Populating APEX database from mounts...
07-27 03:53:45.967   607   607 E apexd   : Failed to walk /product/apex : Can't open /product/apex for reading : No such file or directory
07-27 03:53:45.967     0     0 E apexd   : Failed to walk /product/apex : Can't open /product/apex for reading : No such file or directory
07-27 03:53:45.967   607   607 I apexd   : Found "/apex/com.android.runtime@1"
07-27 03:53:45.967     0     0 I apexd   : Found "/apex/com.android.runtime@1"
07-27 03:53:45.967   607   607 I apexd   : Found "/apex/com.android.tzdata@290000000"
07-27 03:53:45.967     0     0 I apexd   : Found "/apex/com.android.tzdata@290000000"
07-27 03:53:45.967   607   607 I apexd   : 2 packages restored.
07-27 03:53:45.967     0     0 I apexd   : 2 packages restored.
07-27 03:53:45.967   607   607 I apexd   : Scanning /data/apex/sessions looking for sessions to be activated.
07-27 03:53:45.967     0     0 I apexd   : Scanning /data/apex/sessions looking for sessions to be activated.
07-27 03:53:45.968   607   607 I apexd   : Scanning /data/apex/active looking for APEX packages.
07-27 03:53:45.968   607   607 I apexd   : Activated 0 packages. Skipped: 0
07-27 03:53:45.968   607   607 I apexd   : Scanning /system/apex looking for APEX packages.
07-27 03:53:45.968   607   607 I apexd   : Found /system/apex/com.android.media
07-27 03:53:45.968   607   607 V apexd   : Creating mount point: /apex/com.android.media@290000000
07-27 03:53:45.968   607   607 I apexd   : Successfully bind-mounted flattened package /system/apex/com.android.media on /apex/com.android.media@290000000
07-27 03:53:45.968   607   607 V apexd   : Creating bind-mount for /apex/com.android.media for /apex/com.android.media@290000000
07-27 03:53:45.968   607   607 V apexd   : Creating mountpoint /apex/com.android.media
07-27 03:53:45.968   607   607 V apexd   : Bind-mounting /apex/com.android.media@290000000 to /apex/com.android.media
07-27 03:53:45.968   607   607 D apexd   : Successfully activated /system/apex/com.android.media package_name: com.android.media version: 290000000
07-27 03:53:45.968   607   607 I apexd   : Found /system/apex/com.android.media.swcodec
07-27 03:53:45.969   607   607 V apexd   : Creating mount point: /apex/com.android.media.swcodec@290000000
07-27 03:53:45.969   607   607 I apexd   : Successfully bind-mounted flattened package /system/apex/com.android.media.swcodec on /apex/com.android.media.swcodec@290000000
07-27 03:53:45.969   607   607 V apexd   : Creating bind-mount for /apex/com.android.media.swcodec for /apex/com.android.media.swcodec@290000000
07-27 03:53:45.969   607   607 V apexd   : Creating mountpoint /apex/com.android.media.swcodec
07-27 03:53:45.969   607   607 V apexd   : Bind-mounting /apex/com.android.media.swcodec@290000000 to /apex/com.android.media.swcodec
07-27 03:53:45.969   607   607 D apexd   : Successfully activated /system/apex/com.android.media.swcodec package_name: com.android.media.swcodec version: 290000000
07-27 03:53:45.969   607   607 I apexd   : Found /system/apex/com.android.runtime.debug
07-27 03:53:45.969   622   622 E OEM-FWUPDATE: [ite_fw_upgrade] failure.
07-27 03:53:45.969   607   607 I apexd   : Skipping activation of /system/apex/com.android.runtime.debug same package with higher version 1 is already active
07-27 03:53:45.969   607   607 I apexd   : Found /system/apex/com.android.tzdata
07-27 03:53:45.969   622   622 I OEM-FWUPDATE: oem fw upgrade exit
07-27 03:53:45.969   607   607 I apexd   : Skipping activation of /system/apex/com.android.tzdata same package with higher version 290000000 is already active
07-27 03:53:45.969   607   607 I apexd   : Found /system/apex/com.android.conscrypt
07-27 03:53:45.969   607   607 V apexd   : Creating mount point: /apex/com.android.conscrypt@290000000
07-27 03:53:45.969   607   607 I apexd   : Successfully bind-mounted flattened package /system/apex/com.android.conscrypt on /apex/com.android.conscrypt@290000000
07-27 03:53:45.969   607   607 V apexd   : Creating bind-mount for /apex/com.android.conscrypt for /apex/com.android.conscrypt@290000000
07-27 03:53:45.969   607   607 V apexd   : Creating mountpoint /apex/com.android.conscrypt
07-27 03:53:45.969   607   607 V apexd   : Bind-mounting /apex/com.android.conscrypt@290000000 to /apex/com.android.conscrypt
07-27 03:53:45.969   607   607 D apexd   : Successfully activated /system/apex/com.android.conscrypt package_name: com.android.conscrypt version: 290000000
07-27 03:53:45.969   607   607 I apexd   : Found /system/apex/com.android.resolv
07-27 03:53:45.969   607   607 V apexd   : Creating mount point: /apex/com.android.resolv@290000000
07-27 03:53:45.969   607   607 I apexd   : Successfully bind-mounted flattened package /system/apex/com.android.resolv on /apex/com.android.resolv@290000000
07-27 03:53:45.969   607   607 V apexd   : Creating bind-mount for /apex/com.android.resolv for /apex/com.android.resolv@290000000
07-27 03:53:45.969   607   607 V apexd   : Creating mountpoint /apex/com.android.resolv
07-27 03:53:45.969   607   607 V apexd   : Bind-mounting /apex/com.android.resolv@290000000 to /apex/com.android.resolv
07-27 03:53:45.969   607   607 D apexd   : Successfully activated /system/apex/com.android.resolv package_name: com.android.resolv version: 290000000
07-27 03:53:45.969   607   607 I apexd   : Activated 4 packages. Skipped: 2
