07-27 03:53:45.969   607   607 I apexd   : Scanning /product/apex looking for APEX packages.
07-27 03:53:45.969   607   607 E apexd   : Failed to activate packages from /product/apex : Failed to scan /product/apex : Can't open /product/apex for reading : No such file or directory
07-27 03:53:45.970   607   607 I apexd   : Marking APEXd as ready
07-27 03:53:46.032     0     0 W         : init (pid 1) is setting deprecated v1 encryption policy; recommend upgrading to v2.
07-27 03:53:46.036   632   632 I bootstat: Service started: /system/bin/bootstat --set_system_boot_reason 
07-27 03:53:46.037   632   632 I bootstat: Canonical boot reason: reboot
07-27 03:53:46.037   632   632 I bootstat: Canonical boot reason: reboot
07-27 03:53:46.057     0     0 D vdc     : Waited 0ms for vold
07-27 03:53:46.057   507   507 D vold    : fscrypt_init_user0
07-27 03:53:46.058   507   507 D vold    : Preparing: /data/misc/vold/user_keys
07-27 03:53:46.059   507   507 D vold    : Preparing: /data/misc/vold/user_keys/ce
07-27 03:53:46.059   507   507 D vold    : Preparing: /data/misc/vold/user_keys/de
07-27 03:53:46.063   498   498 I hwservicemanager: getTransport: Cannot find entry android.hardware.keymaster@3.0::IKeymasterDevice/default in either framework or device manifest.
07-27 03:53:46.063   507   507 I vold    : List of Keymaster HALs found:
07-27 03:53:46.063   507   507 I vold    : Keymaster HAL #1: Keymaster HAL: 4 from QTI SecurityLevel: TRUSTED_ENVIRONMENT HAL: android.hardware.keymaster@4.0::IKeymasterDevice/default
07-27 03:53:46.063   507   507 I vold    : Using Keymaster HAL: 4 from QTI for encryption.  Security level: TRUSTED_ENVIRONMENT, HAL: android.hardware.keymaster@4.0::IKeymasterDevice/default
07-27 03:53:46.073   507   507 D RefBase : RefBase: Explicit destruction, weak count = 0 (in 0x7e8c81e9e8)
07-27 03:53:46.074   507   507 W RefBase : CallStack::getCurrentInternal not linked, returning null
07-27 03:53:46.074   507   507 W RefBase : CallStack::logStackInternal not linked
07-27 03:53:46.074   507   507 E vold    : Inserting using old mechanism  Error 19: No such device
07-27 03:53:46.074   507   507 D vold    : Added key 687004749 (ext4:5ab05e83a83c0e26) to keyring 457988917 in process 507key size64
07-27 03:53:46.074   507   507 E vold    : Inserting using old mechanism  Error 19: No such device
07-27 03:53:46.074   507   507 D vold    : Added key 136443829 (f2fs:5ab05e83a83c0e26) to keyring 457988917 in process 507key size64
07-27 03:53:46.074   507   507 E vold    : Inserting using old mechanism  Error 19: No such device
07-27 03:53:46.074   507   507 D vold    : Added key 1005473647 (fscrypt:5ab05e83a83c0e26) to keyring 457988917 in process 507key size64
07-27 03:53:46.074   507   507 D vold    : Installed de key for user 0
07-27 03:53:46.074   507   507 D vold    : Skipping non-de-key .
07-27 03:53:46.074   507   507 D vold    : Skipping non-de-key ..
07-27 03:53:46.074   507   507 D vold    : fscrypt_prepare_user_storage for volume null, user 0, serial 0, flags 1
07-27 03:53:46.074   507   507 D vold    : Preparing: /data/system/users/0
07-27 03:53:46.075   507   507 D vold    : Preparing: /data/misc/profiles/cur/0
07-27 03:53:46.075   507   507 D vold    : Preparing: /data/system_de/0
07-27 03:53:46.075   507   507 D vold    : Preparing: /data/misc_de/0
07-27 03:53:46.075   507   507 D vold    : Preparing: /data/vendor_de/0
07-27 03:53:46.076   507   507 D vold    : Preparing: /data/user_de/0
07-27 03:53:46.076   507   507 I vold    : Found policy 5ab05e83a83c0e26 at /data/system_de/0 which matches expected value
07-27 03:53:46.077   507   507 I vold    : Found policy 5ab05e83a83c0e26 at /data/misc_de/0 which matches expected value
07-27 03:53:46.077   507   507 I vold    : Found policy 5ab05e83a83c0e26 at /data/vendor_de/0 which matches expected value
07-27 03:53:46.078   507   507 I vold    : Found policy 5ab05e83a83c0e26 at /data/user_de/0 which matches expected value
07-27 03:53:46.078   507   507 D vold    : /system/bin/vold_prepare_subdirs
07-27 03:53:46.078   507   507 D vold    :     prepare
07-27 03:53:46.078   507   507 D vold    :     
07-27 03:53:46.078   507   507 D vold    :     0
07-27 03:53:46.078   507   507 D vold    :     1
07-27 03:53:46.103   629   629 I netdClient: Skipping libnetd_client init since *we* are netd
07-27 03:53:46.105   629   629 I netd    : netd 1.0 starting
07-27 03:53:46.110   611   611 D vold_prepare_subdirs: Setting up mode 700 uid 0 gid 0 context u:object_r:vold_data_file:s0 on path: /data/misc_de/0/vold
07-27 03:53:46.112   611   611 D vold_prepare_subdirs: Setting up mode 700 uid 0 gid 0 context u:object_r:storaged_data_file:s0 on path: /data/misc_de/0/storaged
07-27 03:53:46.113   611   611 D vold_prepare_subdirs: Setting up mode 700 uid 0 gid 0 context u:object_r:rollback_data_file:s0 on path: /data/misc_de/0/rollback
07-27 03:53:46.114   611   611 D vold_prepare_subdirs: Setting up mode 700 uid 1000 gid 1000 context u:object_r:fingerprint_vendor_data_file:s0 on path: /data/vendor_de/0/fpdata
07-27 03:53:46.114   611   611 D vold_prepare_subdirs: Setting up mode 700 uid 1000 gid 1000 context u:object_r:face_vendor_data_file:s0 on path: /data/vendor_de/0/facedata
07-27 03:53:46.123   629   629 I Netd    : Loaded resolver library from /apex/com.android.resolv/lib64/libnetd_resolv.so
07-27 03:53:46.135   613   613 I /system/bin/tzdatacheck: timezone distro dir /data/misc/zoneinfo/current does not exist. No action required.
07-27 03:53:46.205   615   615 I art_apex: === ART pre-boot integrity checks ===
07-27 03:53:46.238   617   617 F art_apex: Device is not fsverity-enabled.
07-27 03:53:46.249   648   648 I BOOT    : MSM target '', SoC 'QRD', HwID '324', SoC ver '65536'
07-27 03:53:46.267   649   649 W DRM_BOOT: file: '/sys/module/drm/parameters/vblankoffdelay' or perms doesn't exist
07-27 03:53:46.315   621   621 I OEM-FWUPDATE: Start
07-27 03:53:46.315   621   621 I OEM-FWUPDATE: param module: lt
07-27 03:53:46.316   621   621 I OEM-FWUPDATE: Start LT8711/9711 FW upgrade
07-27 03:53:46.316   621   621 I OEM-FWUPDATE: oem fw upgrade exit
07-27 03:53:46.319   622   622 I OEM-FWUPDATE: Start
07-27 03:53:46.319   622   622 I OEM-FWUPDATE: param module: ite
07-27 03:53:46.320   622   622 I OEM-FWUPDATE: Start ITE FW upgrade.
07-27 03:53:46.320   622   622 I OEM-FWUPDATE: [ite_fw_upgrade] start.
07-27 03:53:46.321   620   620 D QC-time-services: Daemon:genoff_pre_init::Base = 0
07-27 03:53:46.322     0     0 I rtc-max31343 1-0068: read date/time raw! 0x21-07-27 07:53:46 W03
07-27 03:53:46.322     0     0 I rtc-max31343 1-0068: read date/time! 2021-07-27 07:53:46
07-27 03:53:46.322   620   620 D QC-time-services: Daemon:ats_rtc_init: Time read from RTC -- year = 121, month = 6,day = 27
07-27 03:53:46.323   620   620 D QC-time-services: Daemon ats_rtc_init: seconds = 1627372426
07-27 03:53:46.323   620   620 D QC-time-services: Daemon:Value read from RTC seconds = 1627372426000
07-27 03:53:46.323   620   620 D QC-time-services: Daemon:genoff_init_config: ATS_RTC initialized with rc: 0
07-27 03:53:46.323   620   620 D QC-time-services: Daemon:genoff_pre_init::Base = 1
07-27 03:53:46.323   620   620 D QC-time-services: Daemon: Storage Name: ats_1 
07-27 03:53:46.323   620   620 D QC-time-services: Daemon:Opening File: /mnt/vendor/persist/time/ats_1 /data/vendor/time/ats_1
07-27 03:53:46.323   620   620 D QC-time-services: Daemon:time_persistent_memory_opr:Genoff Read operation 
07-27 03:53:46.324   620   620 D QC-time-services: Daemon:Open File: /mnt/vendor/persist/time/ats_1
07-27 03:53:46.325   620   620 D QC-time-services: Daemon:genoff_pre_init::Base = 2
07-27 03:53:46.325   620   620 D QC-time-services: Daemon: Storage Name: ats_2 
07-27 03:53:46.325   620   620 D QC-time-services: Daemon:Opening File: /mnt/vendor/persist/time/ats_2 /data/vendor/time/ats_2
07-27 03:53:46.325   620   620 D QC-time-services: Daemon:time_persistent_memory_opr:Genoff Read operation 
07-27 03:53:46.325   620   620 D QC-time-services: Daemon:Open File: /mnt/vendor/persist/time/ats_2
07-27 03:53:46.325   620   620 D QC-time-services: Daemon:genoff_pre_init::Base = 3
07-27 03:53:46.325   620   620 D QC-time-services: Daemon: Storage Name: ats_3 
07-27 03:53:46.325   620   620 D QC-time-services: Daemon:Opening File: /mnt/vendor/persist/time/ats_3 /data/vendor/time/ats_3
07-27 03:53:46.325   620   620 D QC-time-services: Daemon:time_persistent_memory_opr:Genoff Read operation 
07-27 03:53:46.325   620   620 D QC-time-services: Daemon:Open File: /mnt/vendor/persist/time/ats_3
07-27 03:53:46.325   620   620 D QC-time-services: Daemon:Unable to open filefor read
07-27 03:53:46.325   620   620 D QC-time-services: Daemon:genoff_post_init:Error in accessing storage
07-27 03:53:46.325   620   620 D QC-time-services: Daemon:genoff_pre_init::Base = 4
07-27 03:53:46.325   620   620 D QC-time-services: Daemon: Storage Name: ats_4 
07-27 03:53:46.325   620   620 D QC-time-services: Daemon:Opening File: /mnt/vendor/persist/time/ats_4 /data/vendor/time/ats_4
07-27 03:53:46.325   620   620 D QC-time-services: Daemon:time_persistent_memory_opr:Genoff Read operation 
07-27 03:53:46.325   620   620 D QC-time-services: Daemon:Open File: /mnt/vendor/persist/time/ats_4
07-27 03:53:46.325   620   620 D QC-time-services: Daemon:Unable to open filefor read
07-27 03:53:46.325   620   620 D QC-time-services: Daemon:genoff_post_init:Error in accessing storage
07-27 03:53:46.325   620   620 D QC-time-services: Daemon:genoff_pre_init::Base = 5
07-27 03:53:46.325   620   620 D QC-time-services: Daemon: Storage Name: ats_5 
07-27 03:53:46.325   620   620 D QC-time-services: Daemon:Opening File: /mnt/vendor/persist/time/ats_5 /data/vendor/time/ats_5
07-27 03:53:46.325   620   620 D QC-time-services: Daemon:time_persistent_memory_opr:Genoff Read operation 
07-27 03:53:46.325   620   620 D QC-time-services: Daemon:Open File: /mnt/vendor/persist/time/ats_5
07-27 03:53:46.325   620   620 D QC-time-services: Daemon:Unable to open filefor read
07-27 03:53:46.325   620   620 D QC-time-services: Daemon:genoff_post_init:Error in accessing storage
07-27 03:53:46.325   620   620 D QC-time-services: Daemon:genoff_pre_init::Base = 6
07-27 03:53:46.325   620   620 D QC-time-services: Daemon: Storage Name: ats_6 
07-27 03:53:46.325   620   620 D QC-time-services: Daemon:Opening File: /mnt/vendor/persist/time/ats_6 /data/vendor/time/ats_6
07-27 03:53:46.325   620   620 D QC-time-services: Daemon:time_persistent_memory_opr:Genoff Read operation 
07-27 03:53:46.325   620   620 D QC-time-services: Daemon:Open File: /mnt/vendor/persist/time/ats_6
07-27 03:53:46.325   620   620 D QC-time-services: Daemon:Unable to open filefor read
07-27 03:53:46.325   620   620 D QC-time-services: Daemon:genoff_post_init:Error in accessing storage
07-27 03:53:46.325   620   620 D QC-time-services: Daemon:genoff_pre_init::Base = 7
07-27 03:53:46.325   620   620 D QC-time-services: Daemon: Storage Name: ats_7 
07-27 03:53:46.325   620   620 D QC-time-services: Daemon:Opening File: /mnt/vendor/persist/time/ats_7 /data/vendor/time/ats_7
07-27 03:53:46.325   620   620 D QC-time-services: Daemon:time_persistent_memory_opr:Genoff Read operation 
07-27 03:53:46.325   620   620 D QC-time-services: Daemon:Open File: /mnt/vendor/persist/time/ats_7
07-27 03:53:46.325   620   620 D QC-time-services: Daemon:Unable to open filefor read
07-27 03:53:46.325   620   620 D QC-time-services: Daemon:genoff_post_init:Error in accessing storage
07-27 03:53:46.325   620   620 D QC-time-services: Daemon:genoff_pre_init::Base = 8
07-27 03:53:46.325   620   620 D QC-time-services: Daemon: Storage Name: ats_8 
07-27 03:53:46.325   620   620 D QC-time-services: Daemon:Opening File: /mnt/vendor/persist/time/ats_8 /data/vendor/time/ats_8
07-27 03:53:46.325   620   620 D QC-time-services: Daemon:time_persistent_memory_opr:Genoff Read operation 
07-27 03:53:46.325   620   620 D QC-time-services: Daemon:Open File: /mnt/vendor/persist/time/ats_8
07-27 03:53:46.325   620   620 D QC-time-services: Daemon:Unable to open filefor read
07-27 03:53:46.325   620   620 D QC-time-services: Daemon:genoff_post_init:Error in accessing storage
07-27 03:53:46.325   620   620 D QC-time-services: Daemon:genoff_pre_init::Base = 9
07-27 03:53:46.325   620   620 D QC-time-services: Daemon: Storage Name: ats_9 
07-27 03:53:46.325   620   620 D QC-time-services: Daemon:Opening File: /mnt/vendor/persist/time/ats_9 /data/vendor/time/ats_9
07-27 03:53:46.325   620   620 D QC-time-services: Daemon:time_persistent_memory_opr:Genoff Read operation 
07-27 03:53:46.326   620   620 D QC-time-services: Daemon:Open File: /mnt/vendor/persist/time/ats_9
07-27 03:53:46.326   620   620 D QC-time-services: Daemon:Unable to open filefor read
07-27 03:53:46.326   620   620 D QC-time-services: Daemon:genoff_post_init:Error in accessing storage
07-27 03:53:46.326   620   620 D QC-time-services: Daemon:genoff_pre_init::Base = 10
07-27 03:53:46.326   620   620 D QC-time-services: Daemon: Storage Name: ats_10 
07-27 03:53:46.326   620   620 D QC-time-services: Daemon:Opening File: /mnt/vendor/persist/time/ats_10 /data/vendor/time/ats_10
07-27 03:53:46.326   620   620 D QC-time-services: Daemon:time_persistent_memory_opr:Genoff Read operation 
07-27 03:53:46.326   620   620 D QC-time-services: Daemon:Open File: /mnt/vendor/persist/time/ats_10
07-27 03:53:46.326   620   620 D QC-time-services: Daemon:Unable to open filefor read
07-27 03:53:46.326   620   620 D QC-time-services: Daemon:genoff_post_init:Error in accessing storage
07-27 03:53:46.326   620   620 D QC-time-services: Daemon:genoff_pre_init::Base = 11
07-27 03:53:46.326   620   620 D QC-time-services: Daemon: Storage Name: ats_11 
07-27 03:53:46.326   620   620 D QC-time-services: Daemon:Opening File: /mnt/vendor/persist/time/ats_11 /data/vendor/time/ats_11
07-27 03:53:46.326   620   620 D QC-time-services: Daemon:time_persistent_memory_opr:Genoff Read operation 
07-27 03:53:46.326   620   620 D QC-time-services: Daemon:Open File: /mnt/vendor/persist/time/ats_11
07-27 03:53:46.326   620   620 D QC-time-services: Daemon:Unable to open filefor read
07-27 03:53:46.326   620   620 D QC-time-services: Daemon:genoff_post_init:Error in accessing storage
07-27 03:53:46.326   620   620 D QC-time-services: Daemon:genoff_pre_init::Base = 12
07-27 03:53:46.326   620   620 D QC-time-services: Daemon: Storage Name: ats_12 
07-27 03:53:46.326   620   620 D QC-time-services: Daemon:Opening File: /mnt/vendor/persist/time/ats_12 /data/vendor/time/ats_12
07-27 03:53:46.326   620   620 D QC-time-services: Daemon:time_persistent_memory_opr:Genoff Read operation 
07-27 03:53:46.326   620   620 D QC-time-services: Daemon:Open File: /mnt/vendor/persist/time/ats_12
07-27 03:53:46.326   620   620 D QC-time-services: Daemon:Unable to open filefor read
07-27 03:53:46.326   620   620 D QC-time-services: Daemon:genoff_post_init:Error in accessing storage
07-27 03:53:46.326   620   620 D QC-time-services: Daemon:genoff_pre_init::Base = 13
07-27 03:53:46.326   620   620 D QC-time-services: Daemon: Storage Name: ats_13 
07-27 03:53:46.326   620   620 D QC-time-services: Daemon:Opening File: /mnt/vendor/persist/time/ats_13 /data/vendor/time/ats_13
07-27 03:53:46.326   620   620 D QC-time-services: Daemon:time_persistent_memory_opr:Genoff Read operation 
07-27 03:53:46.326   620   620 D QC-time-services: Daemon:Open File: /mnt/vendor/persist/time/ats_13
07-27 03:53:46.326   620   620 D QC-time-services: Daemon:Unable to open filefor read
07-27 03:53:46.326   620   620 D QC-time-services: Daemon:genoff_post_init:Error in accessing storage
07-27 03:53:46.326   620   620 D QC-time-services: Daemon:genoff_pre_init::Base = 14
07-27 03:53:46.326   620   620 D QC-time-services: Daemon: Storage Name: ats_14 
07-27 03:53:46.326   620   620 D QC-time-services: Daemon:Opening File: /mnt/vendor/persist/time/ats_14 /data/vendor/time/ats_14
07-27 03:53:46.326   620   620 D QC-time-services: Daemon:time_persistent_memory_opr:Genoff Read operation 
07-27 03:53:46.326   620   620 D QC-time-services: Daemon:Open File: /mnt/vendor/persist/time/ats_14
07-27 03:53:46.326   620   620 D QC-time-services: Daemon:Unable to open filefor read
07-27 03:53:46.326   620   620 D QC-time-services: Daemon:genoff_post_init:Error in accessing storage
07-27 03:53:46.326   620   620 D QC-time-services: Daemon:genoff_pre_init::Base = 15
07-27 03:53:46.326   620   620 D QC-time-services: Daemon: Storage Name: ats_15 
07-27 03:53:46.326   620   620 D QC-time-services: Daemon:Opening File: /mnt/vendor/persist/time/ats_15 /data/vendor/time/ats_15
07-27 03:53:46.326   620   620 D QC-time-services: Daemon:time_persistent_memory_opr:Genoff Read operation 
07-27 03:53:46.326   620   620 D QC-time-services: Daemon:Open File: /mnt/vendor/persist/time/ats_15
07-27 03:53:46.326   620   620 D QC-time-services: Daemon:Unable to open filefor read
07-27 03:53:46.326   620   620 D QC-time-services: Daemon:genoff_post_init:Error in accessing storage
07-27 03:53:46.326   620   620 D QC-time-services: Daemon:genoff_pre_init::Base = 16
07-27 03:53:46.326   620   620 D QC-time-services: Daemon: Storage Name: ats_16 
07-27 03:53:46.326   620   620 D QC-time-services: Daemon:Opening File: /mnt/vendor/persist/time/ats_16 /data/vendor/time/ats_16
07-27 03:53:46.326   620   620 D QC-time-services: Daemon:time_persistent_memory_opr:Genoff Read operation 
07-27 03:53:46.326   620   620 D QC-time-services: Daemon:Open File: /mnt/vendor/persist/time/ats_16
07-27 03:53:46.326   625   625 I /system/bin/flags_health_check: ServerConfigurableFlagsReset reset_mode value: 0
07-27 03:53:46.326   625   625 I /system/bin/flags_health_check: ServerConfigurableFlagsReset attempted boot count is under threshold, skipping reset.
07-27 03:53:46.327   620   620 D QC-time-services: Daemon:genoff_pre_init::Base = 17
07-27 03:53:46.327   620   620 D QC-time-services: Daemon: Storage Name: ats_17 
07-27 03:53:46.327   620   620 D QC-time-services: Daemon:Opening File: /mnt/vendor/persist/time/ats_17 /data/vendor/time/ats_17
07-27 03:53:46.327   620   620 D QC-time-services: Daemon:time_persistent_memory_opr:Genoff Read operation 
07-27 03:53:46.327   620   620 D QC-time-services: Daemon:Open File: /mnt/vendor/persist/time/ats_17
07-27 03:53:46.327   620   620 D QC-time-services: Daemon:Unable to open filefor read
07-27 03:53:46.327   620   620 D QC-time-services: Daemon:genoff_post_init:Error in accessing storage
07-27 03:53:46.327   620   620 D QC-time-services: Daemon:genoff_pre_init::Base = 18
07-27 03:53:46.327   620   620 D QC-time-services: Daemon: Storage Name: ats_18 
07-27 03:53:46.327   620   620 D QC-time-services: Daemon:Opening File: /mnt/vendor/persist/time/ats_18 /data/vendor/time/ats_18
07-27 03:53:46.327   620   620 D QC-time-services: Daemon:time_persistent_memory_opr:Genoff Read operation 
07-27 03:53:46.327   620   620 D QC-time-services: Daemon:Open File: /mnt/vendor/persist/time/ats_18
07-27 03:53:46.327   620   620 D QC-time-services: Daemon:Unable to open filefor read
07-27 03:53:46.327   620   620 D QC-time-services: Daemon:genoff_post_init:Error in accessing storage
07-27 03:53:46.327   620   620 D QC-time-services: Daemon:genoff_init_config: Other bases initilized, exiting genoff_init
07-27 03:53:46.328     0     0 I rtc-max31343 1-0068: read date/time raw! 0x21-07-27 07:53:46 W03
07-27 03:53:46.328     0     0 I rtc-max31343 1-0068: read date/time! 2021-07-27 07:53:46
07-27 03:53:46.328   620   620 D QC-time-services: Daemon:rtc_get: Time read from RTC -- MM/DD/YY HH:MM:SS6/27/121 7:53:46
07-27 03:53:46.328   620   620 D QC-time-services: Daemon rtc_get: seconds = 1627372426
07-27 03:53:46.328   620   620 D QC-time-services: Daemon:Value read from RTC mseconds = 1627372426000
07-27 03:53:46.328   620   620 D QC-time-services: Daemon:Value read from QTimer mseconds = 13228
07-27 03:53:46.328   620   620 D QC-time-services: Daemon:genoff_opr: Base = 1, val = 0, operation = 1
07-27 03:53:46.328   620   620 D QC-time-services: Daemon: genoff get for 1
07-27 03:53:46.328   620   620 D QC-time-services: Daemon:Value read from QTimer mseconds = 13228
07-27 03:53:46.328   620   620 D QC-time-services: Daemon:Value read from RTC mseconds on boot = 1627372426000
07-27 03:53:46.328   620   620 D QC-time-services: Daemon:Value read from QTimer mseconds = 13228
07-27 03:53:46.328   620   620 D QC-time-services: Daemon:Value read from generic offset = -53
07-27 03:53:46.328   620   620 D QC-time-services: Daemon:Delta read on boot mseconds = 1627372412772
07-27 03:53:46.328   620   620 D QC-time-services: Daemon:Final Time = 1627372425947
07-27 03:53:46.328   620   620 D QC-time-services: Daemon:genoff_boot_tod_init: Updating system time to sec=1627372425, usec=947000
07-27 03:53:46.330     0     0 I logd.daemon: reinit
07-27 03:53:46.339     0     0 I ptdet_get_poe_status: poe staus is 0
07-27 03:53:46.369     0     0 I update_verifier: Started with arg 1: nonencrypted
07-27 03:53:46.371     0     0 I update_verifier: Booting slot 0: isSlotMarkedSuccessful=1
07-27 03:53:46.371     0     0 I update_verifier: Leaving update_verifier.
07-27 03:53:46.394     0     0 I subsys-pil-tz 1a300000.qcom,turing: cdsp: loading from 0x0000000094a00000 to 0x0000000095000000
07-27 03:53:46.467     0     0 I subsys-pil-tz 1a300000.qcom,turing: cdsp: Brought out of reset
07-27 03:53:46.475     0     0 I subsys-pil-tz 1a300000.qcom,turing: cdsp: Power/Clock ready interrupt received
07-27 03:53:46.476     0     0 I subsys-pil-tz 1a300000.qcom,turing: Subsystem error monitoring/handling services are up
07-27 03:53:46.476     0     0 E msm_sdw_codec 152c1000.msm-sdw-codec: Adsp is not loaded yet 0
07-27 03:53:46.477     0     0 E pmic_analog_codec 800f000.qcom,spmi: qcom,pm660l@3:anlg-cdc@f000: Adsp is not loaded yet 0
07-27 03:53:46.477     0     0 E msm_sdw_codec 152c1000.msm-sdw-codec: Adsp is not loaded yet 0
07-27 03:53:46.480     0     0 I adsprpc : fastrpc_rpmsg_probe: opened rpmsg channel for cdsp
07-27 03:53:46.482     0     0 E pmic_analog_codec 800f000.qcom,spmi: qcom,pm660l@3:anlg-cdc@f000: Adsp is not loaded yet 0
07-27 03:53:46.482     0     0 E msm_sdw_codec 152c1000.msm-sdw-codec: Adsp is not loaded yet 0
07-27 03:53:46.492     0     0 E         : can't get fw name.
07-27 03:53:46.492     0     0 E sensors-ssc soc: qcom,msm-ssc-sensors: slpi_load_fw: SLPI image loading failed
07-27 03:53:46.614   630   630 D AndroidRuntime: >>>>>> START com.android.internal.os.ZygoteInit uid 0 <<<<<<
07-27 03:53:46.614   630   630 I boot_progress_start: 9658
07-27 03:53:46.656     0     0 W oem_init: 38 output lines suppressed due to ratelimiting
07-27 03:53:46.661   670   670 I ServiceManagement: Registered android.hidl.allocator@1.0::IAllocator/ashmem (start delay of 44ms)
07-27 03:53:46.661   670   670 I ServiceManagement: Removing namespace from process name android.hidl.allocator@1.0-service to allocator@1.0-service.
07-27 03:53:46.689   671   671 I ServiceManagement: Registered android.system.suspend@1.0::ISystemSuspend/default (start delay of 72ms)
07-27 03:53:46.689   671   671 I ServiceManagement: Removing namespace from process name android.system.suspend@1.0-service to suspend@1.0-service.
07-27 03:53:46.714   680   680 I health@2.0/: health@2.0/default: Hal starting main loop...
07-27 03:53:46.714   680   680 I health@2.0/: health@2.0/default Hal is starting up...
07-27 03:53:46.717   672   672 I android.hardware.bluetooth@1.0-service: vendorEnhancedInfo: 3
07-27 03:53:46.717   672   672 I android.hardware.bluetooth@1.0-service: isVendorEnhancedFramework: 1
07-27 03:53:46.717   672   672 I android.hardware.bluetooth@1.0-service: Registering BT Service
07-27 03:53:46.718   680   680 I ServiceManagement: Registered android.hardware.health@2.0::IHealth/default (start delay of 82ms)
07-27 03:53:46.718   680   680 I ServiceManagement: Removing namespace from process name android.hardware.health@2.0-service to health@2.0-service.
07-27 03:53:46.718   680   680 I health@2.0/: health@2.0/default: Hal init done
07-27 03:53:46.719   630   630 I AndroidRuntime: Using default boot image
07-27 03:53:46.719   630   630 I AndroidRuntime: Leaving lock profiling enabled
07-27 03:53:46.719     0     0 W healthd : battery none chg=a
07-27 03:53:46.734   631   631 D AndroidRuntime: >>>>>> START com.android.internal.os.ZygoteInit uid 0 <<<<<<
07-27 03:53:46.752   692   692 E OEMLIGHT: OemLight Hal start
07-27 03:53:46.752   692   692 E OEMLIGHT: power LED not support
07-27 03:53:46.752   692   692 E OEMLIGHT: function LED not support
07-27 03:53:46.753   692   692 I ServiceManagement: Registered vendor.elo.hardware.oemlight@1.0::IOemLight/default (start delay of 77ms)
07-27 03:53:46.753   692   692 I ServiceManagement: Removing namespace from process name vendor.elo.hardware.oemlight@1.0-service to oemlight@1.0-service.
07-27 03:53:46.757   630   630 I zygote64: option[0]=-Xzygote
07-27 03:53:46.757   630   630 I zygote64: option[1]=exit
07-27 03:53:46.757   630   630 I zygote64: option[2]=vfprintf
07-27 03:53:46.757   630   630 I zygote64: option[3]=sensitiveThread
07-27 03:53:46.757   630   630 I zygote64: option[4]=-verbose:gc
07-27 03:53:46.757   630   630 I zygote64: option[5]=-Xms8m
07-27 03:53:46.757   630   630 I zygote64: option[6]=-Xmx512m
07-27 03:53:46.757   630   630 I zygote64: option[7]=-XX:HeapGrowthLimit=256m
07-27 03:53:46.757   630   630 I zygote64: option[8]=-XX:HeapMinFree=512k
07-27 03:53:46.757   630   630 I zygote64: option[9]=-XX:HeapMaxFree=8m
07-27 03:53:46.757   630   630 I zygote64: option[10]=-XX:HeapTargetUtilization=0.75
07-27 03:53:46.757   630   630 I zygote64: option[11]=-Xusejit:true
07-27 03:53:46.757   630   630 I zygote64: option[12]=-Xjitsaveprofilinginfo
07-27 03:53:46.757   630   630 I zygote64: option[13]=-XjdwpOptions:suspend=n,server=y
07-27 03:53:46.757   630   630 I zygote64: option[14]=-XjdwpProvider:default
07-27 03:53:46.757   630   630 I zygote64: option[15]=-Xlockprofthreshold:500
07-27 03:53:46.757   630   630 I zygote64: option[16]=-Ximage-compiler-option
07-27 03:53:46.757   630   630 I zygote64: option[17]=--runtime-arg
07-27 03:53:46.758   630   630 I zygote64: option[18]=-Ximage-compiler-option
07-27 03:53:46.758   630   630 I zygote64: option[19]=-Xms64m
07-27 03:53:46.758   630   630 I zygote64: option[20]=-Ximage-compiler-option
07-27 03:53:46.758   630   630 I zygote64: option[21]=--runtime-arg
07-27 03:53:46.758   630   630 I zygote64: option[22]=-Ximage-compiler-option
07-27 03:53:46.758   630   630 I zygote64: option[23]=-Xmx64m
07-27 03:53:46.758   630   630 I zygote64: option[24]=-Ximage-compiler-option
07-27 03:53:46.758   630   630 I zygote64: option[25]=--profile-file=/system/etc/boot-image.prof
07-27 03:53:46.758   630   630 I zygote64: option[26]=-Ximage-compiler-option
07-27 03:53:46.758   630   630 I zygote64: option[27]=--compiler-filter=speed-profile
07-27 03:53:46.758   630   630 I zygote64: option[28]=-Xcompiler-option
07-27 03:53:46.758   630   630 I zygote64: option[29]=--runtime-arg
07-27 03:53:46.758   630   630 I zygote64: option[30]=-Xcompiler-option
07-27 03:53:46.758   630   630 I zygote64: option[31]=-Xms64m
07-27 03:53:46.758   630   630 I zygote64: option[32]=-Xcompiler-option
07-27 03:53:46.758   630   630 I zygote64: option[33]=--runtime-arg
07-27 03:53:46.758   630   630 I zygote64: option[34]=-Xcompiler-option
07-27 03:53:46.758   630   630 I zygote64: option[35]=-Xmx512m
07-27 03:53:46.758   630   630 I zygote64: option[36]=-Ximage-compiler-option
07-27 03:53:46.758   630   630 I zygote64: option[37]=--instruction-set-variant=generic
07-27 03:53:46.758   630   630 I zygote64: option[38]=-Xcompiler-option
07-27 03:53:46.758   630   630 I zygote64: option[39]=--instruction-set-variant=generic
07-27 03:53:46.758   630   630 I zygote64: option[40]=-Ximage-compiler-option
07-27 03:53:46.758   630   630 I zygote64: option[41]=--instruction-set-features=default
07-27 03:53:46.758   630   630 I zygote64: option[42]=-Xcompiler-option
07-27 03:53:46.758   630   630 I zygote64: option[43]=--instruction-set-features=default
07-27 03:53:46.758   630   630 I zygote64: option[44]=-Duser.locale=en-US
07-27 03:53:46.758   630   630 I zygote64: option[45]=--cpu-abilist=arm64-v8a
07-27 03:53:46.758   630   630 I zygote64: option[46]=-Xcompiler-option
07-27 03:53:46.759   630   630 I zygote64: option[47]=--generate-mini-debug-info
07-27 03:53:46.759   630   630 I zygote64: option[48]=-Xcore-platform-api-policy:just-warn
07-27 03:53:46.759   630   630 I zygote64: option[49]=-Xfingerprint:Elo/15in-I-Series-4_E8MP/15in-I-Series-4:10/QKQ1.201112.002/eng.youkai.20210727.011002:userdebug/debug,release-keys
07-27 03:53:46.765   682   682 I ServiceManagement: Registered android.hardware.memtrack@1.0::IMemtrack/default (start delay of 118ms)
07-27 03:53:46.765   682   682 I ServiceManagement: Removing namespace from process name android.hardware.memtrack@1.0-service to memtrack@1.0-service.
07-27 03:53:46.766   682   682 I android.hardware.memtrack@1.0-service: Registration complete for android.hardware.memtrack@1.0::IMemtrack/default.
07-27 03:53:46.769   681   681 E light   : light_open lights keyboard failed: -22
07-27 03:53:46.769   681   681 E light   : Light passthrough failed to load legacy HAL.
07-27 03:53:46.769   681   681 E light   : light_open lights buttons failed: -22
07-27 03:53:46.769   681   681 E light   : Light passthrough failed to load legacy HAL.
07-27 03:53:46.771   676   676 I ServiceManagement: Registered android.hardware.drm@1.0::IDrmFactory/default (start delay of 144ms)
07-27 03:53:46.772   676   676 I ServiceManagement: Removing namespace from process name android.hardware.drm@1.0-service to drm@1.0-service.
07-27 03:53:46.772   681   681 E light   : light_open lights bluetooth failed: -22
07-27 03:53:46.772   681   681 E light   : Light passthrough failed to load legacy HAL.
07-27 03:53:46.772   676   676 I         : Registration complete for android.hardware.drm@1.0::IDrmFactory/default.
07-27 03:53:46.779   681   681 E light   : light_open lights wifi failed: -22
07-27 03:53:46.779   681   681 E light   : Light passthrough failed to load legacy HAL.
07-27 03:53:46.779   685   685 I ServiceManagement: Registered android.hardware.thermal@1.0::IThermal/default (start delay of 122ms)
07-27 03:53:46.779   685   685 I ServiceManagement: Removing namespace from process name android.hardware.thermal@1.0-service to thermal@1.0-service.
07-27 03:53:46.779   685   685 I android.hardware.thermal@1.0-service: Registration complete for android.hardware.thermal@1.0::IThermal/default.
07-27 03:53:46.788   687   687 I ServiceManagement: Registered android.hardware.usb@1.0::IUsb/default (start delay of 122ms)
07-27 03:53:46.789   687   687 I ServiceManagement: Removing namespace from process name android.hardware.usb@1.0-service to usb@1.0-service.
07-27 03:53:46.789   687   687 I android.hardware.usb@1.0-service: USB HAL Ready.
07-27 03:53:46.797   630   630 I zygote64: Core platform API reporting enabled, enforcing=false
07-27 03:53:46.799   707   707 I irsc_util: Starting irsc tool
07-27 03:53:46.801   683   683 I QTI PowerHAL: Initing
07-27 03:53:46.802   620   627 E QMI_FW  : ctrl_msg_reader_thread: control thread received ENETRESET 102
07-27 03:53:46.802   620   620 E QMI_FW  : xport_lookup: No RX for lookup -1
07-27 03:53:46.802   620   620 D QC-time-services: Daemon:genoff_modem_qmi_init: Initializing QMI 
07-27 03:53:46.809     0     0 I sysmon-qmi: ssctl_new_server: Connection established between QMI handle and adsp's SSCTL service
07-27 03:53:46.811   707   707 I irsc_util: Num of entries:299
07-27 03:53:46.811   707   707 E irsc_util: irsc_feed_config: Security config ioctl failed
07-27 03:53:46.811   707   707 I irsc_util: Ending irsc tool
07-27 03:53:46.813   695   695 I OEMPowerUtil: initialize().
07-27 03:53:46.816   697   697 D hal-OemUsbConfig: OemUsbConfig hal start
07-27 03:53:46.819   672   672 I ServiceManagement: Registered android.hardware.bluetooth@1.0::IBluetoothHci/default (start delay of 202ms)
07-27 03:53:46.819   672   672 I ServiceManagement: Removing namespace from process name android.hardware.bluetooth@1.0-service-qti to bluetooth@1.0-service-qti.
07-27 03:53:46.819   672   672 I         : Registration complete for android.hardware.bluetooth@1.0::IBluetoothHci/default.
07-27 03:53:46.819   672   672 I android.hardware.bluetooth@1.0-service: Registering ANT Service
07-27 03:53:46.820   681   681 I ServiceManagement: Registered android.hardware.light@2.0::ILight/default (start delay of 173ms)
07-27 03:53:46.821   681   681 I ServiceManagement: Removing namespace from process name android.hardware.light@2.0-service to light@2.0-service.
07-27 03:53:46.821   681   681 I         : Registration complete for android.hardware.light@2.0::ILight/default.
07-27 03:53:46.824   673   673 I android.hardware.camera.provider@2.4-service: CameraProvider@2.4 legacy service is starting.
07-27 03:53:46.826     0     0 E diag    : In diag_send_feature_mask_update, control channel is not open, p: 5, 00000000751daecc
07-27 03:53:46.826   676   676 I ServiceManagement: Registered android.hardware.drm@1.0::ICryptoFactory/default (start delay of 200ms)
07-27 03:53:46.827   676   676 I ServiceManagement: Removing namespace from process name android.hardware.drm@1.0-service to drm@1.0-service.
07-27 03:53:46.827   676   676 I         : Registration complete for android.hardware.drm@1.0::ICryptoFactory/default.
07-27 03:53:46.829   683   683 I ServiceManagement: Registered android.hardware.power@1.0::IPower/default (start delay of 182ms)
07-27 03:53:46.829   683   683 I ServiceManagement: Removing namespace from process name android.hardware.power@1.0-service to power@1.0-service.
07-27 03:53:46.829   683   683 I android.hardware.power@1.0-service: Registration complete for android.hardware.power@1.0::IPower/default.
07-27 03:53:46.830   620   729 D QC-time-services: Daemon: Time-services: All initializations done
07-27 03:53:46.830   620   729 E QC-time-services: Daemon: Time-services: Waiting to acceptconnection
07-27 03:53:46.837     0     0 E diag    : In diag_send_peripheral_buffering_mode, buffering flag not set for 5
07-27 03:53:46.842   674   674 I ServiceManagement: Registered android.hardware.cas@1.1::IMediaCasService/default (start delay of 215ms)
07-27 03:53:46.842   674   674 I ServiceManagement: Removing namespace from process name android.hardware.cas@1.1-service to cas@1.1-service.
07-27 03:53:46.843   712   712 I pd-mapper-svc: Starting pd-mapper service
07-27 03:53:46.844   712   712 I pd-mapper-svc: Parsing file :/vendor/firmware_mnt/image/adspr.jsn:
07-27 03:53:46.845   696   696 I ServiceManagement: Registered vendor.elo.hardware.oemuinput@1.0::IOemUinput/default (start delay of 158ms)
07-27 03:53:46.845   696   696 I ServiceManagement: Removing namespace from process name vendor.elo.hardware.oemuinput@1.0-service to oemuinput@1.0-service.
07-27 03:53:46.846   697   697 I ServiceManagement: Registered vendor.elo.hardware.oemusbconfig@1.0::IOemUsbConfig/default (start delay of 139ms)
07-27 03:53:46.846   697   697 I ServiceManagement: Removing namespace from process name vendor.elo.hardware.oemusbconfig@1.0-service to oemusbconfig@1.0-service.
07-27 03:53:46.846   498   498 I hwservicemanager: getTransport: Cannot find entry android.hardware.gnss@2.0::IGnss/default in either framework or device manifest.
07-27 03:53:46.847   711   711 I PerMgrSrv: Adding entry for modem : offTimeout : 500 ackTimeout : 200
07-27 03:53:46.848   691   691 I ServiceManagement: Registered vendor.elo.hardware.oemkeys@1.0::IOemKeys/default (start delay of 171ms)
07-27 03:53:46.848   691   691 I ServiceManagement: Removing namespace from process name vendor.elo.hardware.oemkeys@1.0-service to oemkeys@1.0-service.
07-27 03:53:46.852   672   672 I ServiceManagement: Registered com.qualcomm.qti.ant@1.0::IAntHci/default (start delay of 235ms)
07-27 03:53:46.852   672   672 I         : Registration complete for com.qualcomm.qti.ant@1.0::IAntHci/default.
07-27 03:53:46.852   672   672 I android.hardware.bluetooth@1.0-service: Registering SAR service
07-27 03:53:46.854   712   712 I pd-mapper-svc: Parsing file :/vendor/firmware_mnt/image/adsps.jsn:
07-27 03:53:46.854   695   695 I ServiceManagement: Registered vendor.elo.hardware.oempowersave@1.0::IOemPowerSave/default (start delay of 167ms)
07-27 03:53:46.855   678   678 I ServiceManagement: Registered android.hardware.graphics.allocator@2.0::IAllocator/default (start delay of 192ms)
07-27 03:53:46.855   678   678 I ServiceManagement: Removing namespace from process name android.hardware.graphics.allocator@2.0-service to allocator@2.0-service.
07-27 03:53:46.855   678   678 I android.hardware.graphics.allocator@2.0-service: Registration complete for android.hardware.graphics.allocator@2.0::IAllocator/default.
07-27 03:53:46.856   686   686 I auditd  : type=1400 audit(0.0:4): avc: denied { read } for comm="android.hardwar" name="pa" dev="sysfs" ino=32070 scontext=u:r:hal_tv_cec_default:s0 tcontext=u:object_r:sysfs:s0 tclass=file permissive=0
07-27 03:53:46.856   686   686 W android.hardwar: type=1400 audit(0.0:4): avc: denied { read } for name="pa" dev="sysfs" ino=32070 scontext=u:r:hal_tv_cec_default:s0 tcontext=u:object_r:sysfs:s0 tclass=file permissive=0
07-27 03:53:46.856   695   695 I ServiceManagement: Removing namespace from process name vendor.elo.hardware.oempowersave@1.0-service to oempowersave@1.0-service.
07-27 03:53:46.862   631   631 I AndroidRuntime: Using default boot image
07-27 03:53:46.862   704   704 D         : tui_comm: svc service starting :)
07-27 03:53:46.862   631   631 I AndroidRuntime: Leaving lock profiling enabled
07-27 03:53:46.865     0     0 E diag    : In diag_send_feature_mask_update, control channel is not open, p: 1, 000000006a6db845
07-27 03:53:46.866   712   712 I pd-mapper-svc: Parsing file :/vendor/firmware_mnt/image/adspua.jsn:
07-27 03:53:46.866   711   711 I PerMgrSrv: Peripheral Mananager service start
07-27 03:53:46.866   711   711 I PerMgrSrv: power-off timeout 500,ms; event-ack timeout 200,ms; debug-mode false
07-27 03:53:46.866   711   711 I PerMgrSrv: Statistics for : modem
07-27 03:53:46.866   711   711 I PerMgrSrv: modem: Current State : is off-line
07-27 03:53:46.866   711   711 I PerMgrSrv: modem: Voter/Listener count : 0/0
07-27 03:53:46.866   711   711 I PerMgrSrv: modem: Power on count : 0
07-27 03:53:46.866   711   711 I PerMgrSrv: modem: Power off count: 0
07-27 03:53:46.866   711   711 I PerMgrSrv: modem: Client list:
07-27 03:53:46.867     0     0 E diag    : In diag_send_peripheral_buffering_mode, buffering flag not set for 1
07-27 03:53:46.867   698   698 D vendor.qti.esepowermanager@1.0-service: loading eseservice
07-27 03:53:46.867   698   698 D QSEECOMAPI: QSEECom_get_handle sb_length = 0x400
07-27 03:53:46.868   672   672 E vendor.qti.hardware.bluetooth_sar@1.0-BluetoothSar: HIDL_FETCH_IBluetoothSar
07-27 03:53:46.868   698   698 D QSEECOMAPI: App is not loaded in QSEE
07-27 03:53:46.868     0     0 I sps     : BAM 0x0000000015204000 (va:0x00000000cccfd15f) enabled: ver:0x19, number of pipes:13
07-27 03:53:46.868     0     0 I sps     : BAM 0x0000000015204000 is registered.
07-27 03:53:46.868   698   698 E QSEECOMAPI: Error::Cannot open the file /vendor/firmware_mnt/image/eseservice.mdt errno = 2
07-27 03:53:46.868   698   698 E QSEECOMAPI: Error::Loading image failed with ret = -1
07-27 03:53:46.868   698   698 D vendor.qti.esepowermanager@1.0-service: loading eseservice failed
07-27 03:53:46.868   698   698 D vendor.qti.esepowermanager@1.0-service: eSEPowerManager is starting
07-27 03:53:46.869   686   686 E qdhdmi_cec: write_node: Failed to access path: /sys/devices/virtual/graphics/fb1/cec/logical_addr error: No such file or directory
07-27 03:53:46.869   686   686 E qdhdmi_cec: write_node: Failed to access path: /sys/devices/virtual/graphics/fb1/cec/enable error: No such file or directory
07-27 03:53:46.869   686   686 E qdhdmi_cec: cec_enable: Failed to toggle CEC: enable: 1
07-27 03:53:46.869   686   686 D qdhdmi_cec: cec_init_context: CEC enabled
07-27 03:53:46.869   686   686 E qdhdmi_cec: Node open failed for display 1 event cec/rd_msg error No such file or directory
07-27 03:53:46.869   686   686 E qdhdmi_cec: Failed to set poll event parameters
07-27 03:53:46.869   686   686 E qdhdmi_cec: Failed to populate poll parameters for monitoring HDMI CEC events. Exiting.
07-27 03:53:46.869   686   686 E qdhdmi_cec: write_node: Failed to access path: /sys/devices/virtual/graphics/fb1/cec/enable error: No such file or directory
07-27 03:53:46.869   686   686 E qdhdmi_cec: cec_enable: Failed to toggle CEC: enable: 0
07-27 03:53:46.870   712   712 I pd-mapper-svc: Parsing file :/vendor/firmware_mnt/image/cdspr.jsn:
07-27 03:53:46.871   702   702 I ServiceManagement: Registered vendor.qti.hardware.servicetracker@1.0::IServicetracker/default (start delay of 154ms)
07-27 03:53:46.871   702   702 I ServiceManagement: Removing namespace from process name vendor.qti.hardware.servicetracker@1.0-service to servicetracker@1.0-service.
07-27 03:53:46.871   702   702 I         : Registration complete for vendor.qti.hardware.servicetracker@1.0::IServicetracker/default.
07-27 03:53:46.872   700   700 D         : QdutilsDisp: svc service starting :)
07-27 03:53:46.873   704   704 I ServiceManagement: Registered vendor.qti.hardware.tui_comm@1.0::ITuiComm/default (start delay of 146ms)
07-27 03:53:46.873   712   712 I pd-mapper-svc: Parsing file :/vendor/firmware_mnt/image/modemr.jsn:
07-27 03:53:46.873   704   704 I ServiceManagement: Removing namespace from process name vendor.qti.hardware.tui_comm@1.0-service-qti to tui_comm@1.0-service-qti.
07-27 03:53:46.873   704   704 E         : Registered ITuiComm HAL service success!
07-27 03:53:46.873   677   677 D gps_ql  : get android version:29
07-27 03:53:46.874   701   701 I ServiceManagement: Registered vendor.qti.hardware.qteeconnector@1.0::IAppConnector/default (start delay of 157ms)
07-27 03:53:46.874   701   701 I ServiceManagement: Removing namespace from process name vendor.qti.hardware.qteeconnector@1.0-service to qteeconnector@1.0-service.
07-27 03:53:46.876   672   672 I ServiceManagement: Registered vendor.qti.hardware.bluetooth_sar@1.0::IBluetoothSar/default (start delay of 259ms)
07-27 03:53:46.876   672   672 I         : Registration complete for vendor.qti.hardware.bluetooth_sar@1.0::IBluetoothSar/default.
07-27 03:53:46.876   672   672 I android.hardware.bluetooth@1.0-service: Registering BT Config store Service
07-27 03:53:46.876   712   712 I pd-mapper-svc: Parsing file :/vendor/firmware_mnt/image/modemuw.jsn:
07-27 03:53:46.877   686   686 I ServiceManagement: Registered android.hardware.tv.cec@1.0::IHdmiCec/default (start delay of 220ms)
07-27 03:53:46.877   686   686 I ServiceManagement: Removing namespace from process name android.hardware.tv.cec@1.0-service to cec@1.0-service.
07-27 03:53:46.877   686   686 I android.hardware.tv.cec@1.0-service: Registration complete for android.hardware.tv.cec@1.0::IHdmiCec/default.
07-27 03:53:46.879     0     0 E pmic_analog_codec 800f000.qcom,spmi: qcom,pm660l@3:anlg-cdc@f000: Adsp is not loaded yet 0
07-27 03:53:46.880   631   631 I zygote  : option[0]=-Xzygote
07-27 03:53:46.880   631   631 I zygote  : option[1]=exit
07-27 03:53:46.880   631   631 I zygote  : option[2]=vfprintf
07-27 03:53:46.880   631   631 I zygote  : option[3]=sensitiveThread
07-27 03:53:46.880   631   631 I zygote  : option[4]=-verbose:gc
07-27 03:53:46.880   631   631 I zygote  : option[5]=-Xms8m
07-27 03:53:46.880   631   631 I zygote  : option[6]=-Xmx512m
07-27 03:53:46.880   631   631 I zygote  : option[7]=-XX:HeapGrowthLimit=256m
07-27 03:53:46.880   631   631 I zygote  : option[8]=-XX:HeapMinFree=512k
07-27 03:53:46.880   631   631 I zygote  : option[9]=-XX:HeapMaxFree=8m
07-27 03:53:46.880   631   631 I zygote  : option[10]=-XX:HeapTargetUtilization=0.75
07-27 03:53:46.881   631   631 I zygote  : option[11]=-Xusejit:true
07-27 03:53:46.881   631   631 I zygote  : option[12]=-Xjitsaveprofilinginfo
07-27 03:53:46.881   631   631 I zygote  : option[13]=-XjdwpOptions:suspend=n,server=y
07-27 03:53:46.881   631   631 I zygote  : option[14]=-XjdwpProvider:default
07-27 03:53:46.881   631   631 I zygote  : option[15]=-Xlockprofthreshold:500
07-27 03:53:46.881   631   631 I zygote  : option[16]=-Ximage-compiler-option
07-27 03:53:46.881   631   631 I zygote  : option[17]=--runtime-arg
07-27 03:53:46.881   631   631 I zygote  : option[18]=-Ximage-compiler-option
07-27 03:53:46.881   631   631 I zygote  : option[19]=-Xms64m
07-27 03:53:46.881   631   631 I zygote  : option[20]=-Ximage-compiler-option
07-27 03:53:46.881   631   631 I zygote  : option[21]=--runtime-arg
07-27 03:53:46.881   631   631 I zygote  : option[22]=-Ximage-compiler-option
07-27 03:53:46.881   631   631 I zygote  : option[23]=-Xmx64m
07-27 03:53:46.881   631   631 I zygote  : option[24]=-Ximage-compiler-option
07-27 03:53:46.881   631   631 I zygote  : option[25]=--profile-file=/system/etc/boot-image.prof
07-27 03:53:46.881   631   631 I zygote  : option[26]=-Ximage-compiler-option
07-27 03:53:46.881   631   631 I zygote  : option[27]=--compiler-filter=speed-profile
07-27 03:53:46.881   631   631 I zygote  : option[28]=-Xcompiler-option
07-27 03:53:46.881   631   631 I zygote  : option[29]=--runtime-arg
07-27 03:53:46.881   631   631 I zygote  : option[30]=-Xcompiler-option
07-27 03:53:46.881   631   631 I zygote  : option[31]=-Xms64m
07-27 03:53:46.881   631   631 I zygote  : option[32]=-Xcompiler-option
07-27 03:53:46.881     0     0 E msm_sdw_codec 152c1000.msm-sdw-codec: Adsp is not loaded yet 0
07-27 03:53:46.881   631   631 I zygote  : option[33]=--runtime-arg
07-27 03:53:46.881   631   631 I zygote  : option[34]=-Xcompiler-option
07-27 03:53:46.881   631   631 I zygote  : option[35]=-Xmx512m
07-27 03:53:46.881   631   631 I zygote  : option[36]=-Ximage-compiler-option
07-27 03:53:46.881   631   631 I zygote  : option[37]=--instruction-set-variant=cortex-a73
07-27 03:53:46.881   631   631 I zygote  : option[38]=-Xcompiler-option
07-27 03:53:46.881   631   631 I zygote  : option[39]=--instruction-set-variant=cortex-a73
07-27 03:53:46.881   631   631 I zygote  : option[40]=-Ximage-compiler-option
07-27 03:53:46.881   631   631 I zygote  : option[41]=--instruction-set-features=default
07-27 03:53:46.881   631   631 I zygote  : option[42]=-Xcompiler-option
07-27 03:53:46.881   631   631 I zygote  : option[43]=--instruction-set-features=default
07-27 03:53:46.881   631   631 I zygote  : option[44]=-Duser.locale=en-US
07-27 03:53:46.881   631   631 I zygote  : option[45]=--cpu-abilist=armeabi-v7a,armeabi
07-27 03:53:46.881   631   631 I zygote  : option[46]=-Xcompiler-option
07-27 03:53:46.881   631   631 I zygote  : option[47]=--generate-mini-debug-info
07-27 03:53:46.881   700   700 I ServiceManagement: Registered vendor.qti.hardware.qdutils_disp@1.0::IQdutilsDisp/default (start delay of 164ms)
07-27 03:53:46.881   631   631 I zygote  : option[48]=-Xcore-platform-api-policy:just-warn
07-27 03:53:46.881   631   631 I zygote  : option[49]=-Xfingerprint:Elo/15in-I-Series-4_E8MP/15in-I-Series-4:10/QKQ1.201112.002/eng.youkai.20210727.011002:userdebug/debug,release-keys
07-27 03:53:46.881   700   700 I ServiceManagement: Removing namespace from process name vendor.qti.hardware.qdutils_disp@1.0-service-qti to qdutils_disp@1.0-service-qti.
07-27 03:53:46.881   700   700 E         : Registered IQdutilsDisp HAL service success!
07-27 03:53:46.883   677   677 I ServiceManagement: Registered android.hardware.gnss@2.0::IGnss/default (start delay of 246ms)
07-27 03:53:46.883   677   677 I ServiceManagement: Removing namespace from process name android.hardware.gnss@2.0-service.quectel to gnss@2.0-service.quectel.
07-27 03:53:46.883   677   677 I android.hardware.gnss@2.0-service: Registration complete for android.hardware.gnss@2.0::IGnss/default.
07-27 03:53:46.883   712   744 I pd-mapper-svc: Starting servloc server
07-27 03:53:46.883     0     0 I servloc : service_locator_new_server: Connection established with the Service locator
07-27 03:53:46.883     0     0 I servloc : init_service_locator: Service locator initialized
07-27 03:53:46.884   701   701 I ServiceManagement: Registered vendor.qti.hardware.qteeconnector@1.0::IGPAppConnector/default (start delay of 167ms)
07-27 03:53:46.884   701   701 I ServiceManagement: Removing namespace from process name vendor.qti.hardware.qteeconnector@1.0-service to qteeconnector@1.0-service.
07-27 03:53:46.885   698   698 I ServiceManagement: Registered vendor.qti.esepowermanager@1.0::IEsePowerManager/default (start delay of 178ms)
07-27 03:53:46.885   698   698 I ServiceManagement: Removing namespace from process name vendor.qti.esepowermanager@1.0-service to esepowermanager@1.0-service.
07-27 03:53:46.885   698   698 I vendor.qti.esepowermanager@1.0-service: Registration complete for vendor.qti.esepowermanager@1.0::IEsePowerManager/default.
07-27 03:53:46.887   631   631 W zygote  : Could not reserve sentinel fault page
07-27 03:53:46.887   631   631 I zygote  : Core platform API reporting enabled, enforcing=false
07-27 03:53:46.888   711   739 I PerMgrSrv: QMI service start
07-27 03:53:46.890   693   693 I vendor.elo.hardware.oemmisc@1.0-service: OemMisc Service start!
07-27 03:53:46.892   684   684 E libsensor1: check_sensors_enabled: Sensors enabled = true
07-27 03:53:46.893   731   731 I tftp_server: Initializing tftp_server RING buffer
07-27 03:53:46.893   731   731 I tftp_server: Starting...
07-27 03:53:46.895   693   693 I ServiceManagement: Registered vendor.elo.hardware.oemmisc@1.0::IOemMisc/default (start delay of 218ms)
