01-31 04:38:51.120   603   603 W Zygote  : Class not found for preloading: android.app.-$$Lambda$ActivityThread$ZXDWm3IBeFmLnFVblhB-IOZCr9o
01-31 04:38:51.120   872   872 V /vendor/bin/adsprpcd: vendor/qcom/proprietary/commonsys-intf/adsprpc/src/fastrpc_apps_user.c:1088: remote_handle_open: Successfully opened handle 0xf05841d0 for adsp_default_listener on domain 0
01-31 04:38:51.121   872   872 V /vendor/bin/adsprpcd: vendor/qcom/proprietary/commonsys-intf/adsprpc/src/fastrpc_apps_user.c:1088: remote_handle_open: Successfully opened handle 0x6 for '":;./\geteventfd on domain 0
01-31 04:38:51.123   877   877 I CNSS    : log_capture_location  = /data/vendor/wifi/wlan_logs/
01-31 04:38:51.123   877   877 I CNSS    : Host_logs_location  = /data/vendor/wifi/wlan_logs/buffered_cnsshost_log.txt
01-31 04:38:51.123   877   877 I CNSS    : firmware_logs_location  = /data/vendor/wifi/wlan_logs/buffered_cnssfw_log.txt
01-31 04:38:51.123   877   877 I CNSS    : enable_flush_log = 0
01-31 04:38:51.124   877   877 I CNSS    : cnss_open_log_file: directory /data/vendor/wifi/wlan_logs/ created
01-31 04:38:51.124   885   885 D LibBpfLoader: Loading ELF object /system/etc/bpf/clatd.o with license Apache 2.0
01-31 04:38:51.124   885   885 D LibBpfLoader: Loaded code section 3 (schedcls_ingress_clat_ether)
01-31 04:38:51.124   885   885 D LibBpfLoader: Loaded relo section 3 (.relschedcls/ingress/clat_ether)
01-31 04:38:51.124   885   885 D LibBpfLoader: Adding section 3 to cs list
01-31 04:38:51.124   885   885 D LibBpfLoader: Loaded code section 5 (schedcls_ingress_clat_rawip)
01-31 04:38:51.124   885   885 D LibBpfLoader: Loaded relo section 5 (.relschedcls/ingress/clat_rawip)
01-31 04:38:51.124   885   885 D LibBpfLoader: Adding section 5 to cs list
01-31 04:38:51.125   885   885 D LibBpfLoader: bpf_create_map name clat_ingress_map, ret: 23
01-31 04:38:51.125   885   885 D LibBpfLoader: map_fd found at 0 is 23 in /system/etc/bpf/clatd.o
01-31 04:38:51.125   885   885 D LibBpfLoader: applying relo to instruction at byte offset: 400, 	       insn offset 50 , insn 118
01-31 04:38:51.125   885   885 D LibBpfLoader: applying relo to instruction at byte offset: 360, 	       insn offset 45 , insn 118
01-31 04:38:51.126   885   885 D LibBpfLoader: New bpf core prog_load for /system/etc/bpf/clatd.o (schedcls_ingress_clat_ether) returned: 24
01-31 04:38:51.126   885   885 D LibBpfLoader: New bpf core prog_load for /system/etc/bpf/clatd.o (schedcls_ingress_clat_rawip) returned: 25
01-31 04:38:51.126   885   885 I bpfloader: Attempted load object: /system/etc/bpf/clatd.o, ret: Success
01-31 04:38:51.128     0     0 E firmware msadp: _request_firmware_load: firmware state wait timeout: rc = -2
01-31 04:38:51.128     0     0 W pil-q6v5-mss 4080000.qcom,mss: Debug policy not present - msadp. Continue.
01-31 04:38:51.129     0     0 I pil-q6v5-mss 4080000.qcom,mss: Loading MBA and DP (if present) from 0x0000000094800000 to 0x0000000094900000
01-31 04:38:51.129   882   882 I imsrcsd : Uce Service HAL  is starting up...
01-31 04:38:51.130   604   604 I Zygote  : Accepting command socket connections
01-31 04:38:51.130   884   884 D ELOPartd: ELOPartd
01-31 04:38:51.130   884   884 D ELOPartd: argc = 1
01-31 04:38:51.133   871   871 I ThermalEngine: Thermal daemon started
01-31 04:38:51.133   872   904 W /vendor/bin/adsprpcd: vendor/qcom/proprietary/commonsys-intf/adsprpc/src/apps_std_imp.c:749: Warning: fopen returned 0x2 for file .//lowi//lowi_lp.conf. (No such file or directory)
01-31 04:38:51.135   896   896 I installd: installd firing up
01-31 04:38:51.136   884   884 D ELOPartd: ~~~~ ELOPart_event_set 5c056a3198 ~~~~
01-31 04:38:51.136   884   884 D ELOPartd: ~~~~ +ELOPart_event_add ~~~~
01-31 04:38:51.136   884   884 D ELOPartd: ~~~~ added at 0 ~~~~
01-31 04:38:51.136   884   913 D ELOPartd: ~~~~ ELOPart_event_set 5c056a31e0 ~~~~
01-31 04:38:51.136   884   913 D ELOPartd: ~~~~ +ELOPart_event_add ~~~~
01-31 04:38:51.136   884   913 D ELOPartd: ~~~~ added at 1 ~~~~
01-31 04:38:51.136   871   871 I ThermalEngine: No target config file, falling back to '/vendor/etc/thermal-engine.conf'
01-31 04:38:51.138   877   877 I CNSS    : failed to open file a+ mode or file size 916202 is less than max_file_size 31457280
01-31 04:38:51.138   877   877 I CNSS    : cnss_open_log_file: directory /data/vendor/wifi/wlan_logs/ created
01-31 04:38:51.138   877   877 I CNSS    : failed to open file a+ mode or file size 72030 is less than max_file_size 31457280
01-31 04:38:51.138   877   877 I CNSS    : cnss_open_log_file: directory /data/vendor/wifi/wlan_logs/ created
01-31 04:38:51.138   877   877 I CNSS    : failed to open file a+ mode or file size 0 is less than max_file_size 31457280
01-31 04:38:51.138   877   877 I CNSS    : initialize_cnsslog_timer: create cnss log timer 
01-31 04:38:51.140   906   906 I PerfDaemon: PerfDaemon is starting.
01-31 04:38:51.163   871   871 I ThermalEngine: devices_manager_init: Init
01-31 04:38:51.163   871   871 I ThermalEngine: Number of gpus :1
01-31 04:38:51.163   871   871 I ThermalEngine: Number of cpus :8
01-31 04:38:51.164   871   871 I ThermalEngine: update_cpu_topology: Cluster info node not found/sys/module/msm_thermal/cluster_info
01-31 04:38:51.164   871   871 E ThermalEngine: read_int_list_from_file: Read error -2.
01-31 04:38:51.164   871   871 E ThermalEngine: tmd_add_cpufreq_dev_data: Invalid or no boost freqs
01-31 04:38:51.165   871   871 E ThermalEngine: read_int_list_from_file: Read error -2.
01-31 04:38:51.165   871   871 E ThermalEngine: tmd_add_cpufreq_dev_data: Invalid or no boost freqs
01-31 04:38:51.166   871   871 E ThermalEngine: read_int_list_from_file: Read error -2.
01-31 04:38:51.166   871   871 E ThermalEngine: tmd_add_cpufreq_dev_data: Invalid or no boost freqs
01-31 04:38:51.167   871   871 E ThermalEngine: read_int_list_from_file: Read error -2.
01-31 04:38:51.167   871   871 E ThermalEngine: tmd_add_cpufreq_dev_data: Invalid or no boost freqs
01-31 04:38:51.167     0     0 E msm_cci_wait: 306 wait for queue: 0
01-31 04:38:51.167     0     0 E msm_cci_transfer_end: 558 failed rc -110
01-31 04:38:51.167     0     0 E msm_cci_data_queue: 815 failed rc -110
01-31 04:38:51.167     0     0 E msm_camera_cci_i2c_write: line 134 rc = -110
01-31 04:38:51.168     0     0 E msm_cci_irq: 1805 MASTER_0 error 0x8000000
01-31 04:38:51.168   871   871 E ThermalEngine: read_int_list_from_file: Read error -2.
01-31 04:38:51.168   871   871 E ThermalEngine: tmd_add_cpufreq_dev_data: Invalid or no boost freqs
01-31 04:38:51.169   871   871 E ThermalEngine: read_int_list_from_file: Read error -2.
01-31 04:38:51.169   871   871 E ThermalEngine: tmd_add_cpufreq_dev_data: Invalid or no boost freqs
01-31 04:38:51.170   871   871 E ThermalEngine: read_int_list_from_file: Read error -2.
01-31 04:38:51.170   871   871 E ThermalEngine: tmd_add_cpufreq_dev_data: Invalid or no boost freqs
01-31 04:38:51.171   871   871 E ThermalEngine: read_int_list_from_file: Read error -2.
01-31 04:38:51.171   871   871 E ThermalEngine: tmd_add_cpufreq_dev_data: Invalid or no boost freqs
01-31 04:38:51.188     0     0 I pil-q6v5-mss 4080000.qcom,mss: MBA boot done
01-31 04:38:51.190   871   871 I ThermalEngine: tmd_init_cluster_devs: No clusters found
01-31 04:38:51.191   871   871 E ThermalEngine: Could not find npu cooling device
01-31 04:38:51.191   871   871 E ThermalEngine: tmd_init_npu_device: Invalid NPU level:-1.
01-31 04:38:51.191   871   871 E ThermalEngine: devices_init: Init NPU TMD failed -12
01-31 04:38:51.193   871   871 I ThermalEngine: vdd_rstr_init: Could not read /sys/module/msm_thermal/vdd_restriction/enabled
01-31 04:38:51.196   900   900 I mediaserver: ServiceManager: 0x7c9ee1a580
01-31 04:38:51.197   871   871 E ThermalEngine: open/sys/class/power_supply/battery/system_temp_level failed2
01-31 04:38:51.197   871   871 E ThermalEngine: Unable to init battery charging mitigation to 0
01-31 04:38:51.198   871   925 I ThermalEngine: ADSP thermal mitigation available.
01-31 04:38:51.202   871   925 I ThermalEngine: Mitigation:vdd_restriction[ADSP]:0 pending QMI request succeded
01-31 04:38:51.203   871   871 I ThermalEngine: sensors_manager_init: Init
01-31 04:38:51.209   871   933 E ThermalEngine: socket creation success
01-31 04:38:51.209   603   603 W Zygote  : Class not found for preloading: android.bluetooth.BluetoothA2dp$2
01-31 04:38:51.214   603   603 I PackageBackwardCompatibility: Could not find android.content.pm.AndroidTestBaseUpdater, ignoring
01-31 04:38:51.261   871   871 E ThermalEngine: Unable to change to /sys/devices/soc/
01-31 04:38:51.261   871   871 E ThermalEngine: bcl_setup: Unexpected node error
01-31 04:38:51.261   871   871 E ThermalEngine: add_tgt_sensor: bcl sensor setup failed failed.
01-31 04:38:51.261   871   871 E ThermalEngine: add_tgt_sensors_set: Error adding bcl
01-31 04:38:51.261   871   871 E ThermalEngine: sensors_init: Error adding BCL TS
01-31 04:38:51.261   871   871 E ThermalEngine: pid_init_data: ERROR Uknown device
01-31 04:38:51.270   871   871 I ThermalEngine: Loading config file for virtual sensor
01-31 04:38:51.271   871   871 I ThermalEngine: Loading configuration file /vendor/etc/thermal-engine.conf
01-31 04:38:51.274   906   906 D PerfDaemon: added vendor.perfservice to services and is now running.
01-31 04:38:51.275   871   871 I ThermalEngine: Parsing section global
01-31 04:38:51.275   871   871 E ThermalEngine: virtual_sensors_init: Error getting virtual sensors set
01-31 04:38:51.275   871   871 I ThermalEngine: Loading configuration file /vendor/etc/thermal-engine.conf
01-31 04:38:51.275   871   871 I ThermalEngine: Parsing section global
01-31 04:38:51.275   871   871 E ThermalEngine: sensors_manager_reg_clnt: Invalid sensor pop_mem.
01-31 04:38:51.275   871   871 E ThermalEngine: pid_algo_init: Sensor clnt create fail pop_mem
01-31 04:38:51.275   871   871 E ThermalEngine: sensors_manager_reg_clnt: Invalid sensor cpu3.
01-31 04:38:51.275   871   871 E ThermalEngine: pid_algo_init: Sensor clnt create fail cpu3
01-31 04:38:51.275   871   871 E ThermalEngine: sensors_manager_reg_clnt: Invalid sensor cpu2.
01-31 04:38:51.275   871   871 E ThermalEngine: pid_algo_init: Sensor clnt create fail cpu2
01-31 04:38:51.275   871   871 E ThermalEngine: sensors_manager_reg_clnt: Invalid sensor cpu1.
01-31 04:38:51.275   871   871 E ThermalEngine: pid_algo_init: Sensor clnt create fail cpu1
01-31 04:38:51.275   871   871 E ThermalEngine: sensors_manager_reg_clnt: Invalid sensor cpu0.
01-31 04:38:51.275   871   871 E ThermalEngine: pid_algo_init: Sensor clnt create fail cpu0
01-31 04:38:51.275   871   871 I ThermalEngine: pid_algo_init: No PID's to be configured.
01-31 04:38:51.275   871   871 I ThermalEngine: [CAMERA_SKIN_EXIT_MITIGATION]
01-31 04:38:51.275   871   871 I ThermalEngine: #algo_type monitor
01-31 04:38:51.275   871   871 I ThermalEngine: sampling 10000
01-31 04:38:51.275   871   871 I ThermalEngine: sensor quiet-therm-adc
01-31 04:38:51.275   871   871 I ThermalEngine: thresholds 60000
01-31 04:38:51.275   871   871 I ThermalEngine: thresholds_clr 45000
01-31 04:38:51.275   871   871 I ThermalEngine: actions camera+camcorder
01-31 04:38:51.275   871   871 I ThermalEngine: action_info 10+10
01-31 04:38:51.275   871   871 I ThermalEngine: ss_algo_init: No SS's configured.
01-31 04:38:51.275   871   871 E ThermalEngine: No speaker_cal config
01-31 04:38:51.284   916   916 I wificond: wificond is starting up...
01-31 04:38:51.288   871   963 E ThermalEngine: open/sys/module/msm_thermal/parameters/enabled failed2
01-31 04:38:51.308   675   675 D vendor.qti.hardware.soter@1.0-service: soter: svc service starting.
01-31 04:38:51.309   873   873 V /vendor/bin/adsprpcd: vendor/qcom/proprietary/commonsys-intf/adsprpc/src/fastrpc_perf.c:213: fastrpc_perf_init: enabled RPC traces (kernel 0, dsp 0) with frequency 1000
01-31 04:38:51.310   907   907 I ServiceManagement: Registered android.frameworks.stats@1.0::IStats/default (start delay of 212ms)
01-31 04:38:51.310   907   907 W statsd  : statscompanion service unavailable!
01-31 04:38:51.311   873   873 V /vendor/bin/adsprpcd: vendor/qcom/proprietary/commonsys-intf/adsprpc/src/fastrpc_apps_user.c:1088: remote_handle_open: Successfully opened handle 0xb07ae600 for adsp_default_listener on domain 0
01-31 04:38:51.311   873   873 V /vendor/bin/adsprpcd: vendor/qcom/proprietary/commonsys-intf/adsprpc/src/fastrpc_apps_user.c:1088: remote_handle_open: Successfully opened handle 0x6 for '":;./\geteventfd on domain 0
01-31 04:38:51.318   675   675 I ServiceManagement: Registered vendor.qti.hardware.soter@1.0::ISoter/default (start delay of 1280ms)
01-31 04:38:51.318   675   675 I ServiceManagement: Removing namespace from process name vendor.qti.hardware.soter@1.0-service to soter@1.0-service.
01-31 04:38:51.318   675   675 E vendor.qti.hardware.soter@1.0-service: Registered SOTER HAL service success
01-31 04:38:51.318   907   907 I statsd  : Statsd starts to listen to socket.
01-31 04:38:51.320   961   961 I /system/bin/tombstoned: tombstoned successfully initialized
01-31 04:38:51.321   932   932 I KIT     : KIT firing up 1.08
01-31 04:38:51.322   932   932 E KIT     : LogMessageBuffer: Sun Jan 31 09:38:51 2021
01-31 04:38:51.322   932   932 E KIT     :  KIT firing up
01-31 04:38:51.322   932   932 E KIT     : 
01-31 04:38:51.326   880   880 E Diag_Lib: qpLogDiagInit <== result : 1; log_write_mutex is Initialized
01-31 04:38:51.326   880   880 E VIMSVT  : VT-Vendor:: enableImsADB 0, log_priority value 240
01-31 04:38:51.326   866   889 I adbd    : UsbFfsConnection constructed
01-31 04:38:51.327   880   880 E Diag_Lib: [IMS_AP_RTP]"RTPService callback Registraton"
01-31 04:38:51.328   873   972 W /vendor/bin/adsprpcd: vendor/qcom/proprietary/commonsys-intf/adsprpc/src/apps_std_imp.c:749: Warning: fopen returned 0x2 for file oemconfig.so. (No such file or directory)
01-31 04:38:51.329   873   972 W /vendor/bin/adsprpcd: vendor/qcom/proprietary/commonsys-intf/adsprpc/src/apps_std_imp.c:749: Warning: fopen returned 0x2 for file remote_heap_config.so. (No such file or directory)
01-31 04:38:51.329   880   880 I ServiceManagement: Registered vendor.qti.imsrtpservice@2.1::IRTPService/imsrtpservice (start delay of 301ms)
01-31 04:38:51.331   873   972 W /vendor/bin/adsprpcd: vendor/qcom/proprietary/commonsys-intf/adsprpc/src/apps_std_imp.c:749: Warning: fopen returned 0x2 for file adsp_avs_config.acdb. (No such file or directory)
01-31 04:38:51.336   930   930 I ServiceManagement: Registered com.qualcomm.qti.dpm.api@1.0::IdpmQmi/dpmQmiService (start delay of 148ms)
01-31 04:38:51.343   957   957 I ssgqmigd: socket ANDROID_SOCKET_ssgqmig open success
01-31 04:38:51.343   957   957 I ssgqmigd: ssgqmigd uses 42
01-31 04:38:51.359   873   972 W /vendor/bin/adsprpcd: vendor/qcom/proprietary/commonsys-intf/adsprpc/src/apps_std_imp.c:749: Warning: fopen returned 0x2 for file custom_sm_ecns_1.so.1. (No such file or directory)
01-31 04:38:51.360   873   972 W /vendor/bin/adsprpcd: vendor/qcom/proprietary/commonsys-intf/adsprpc/src/apps_std_imp.c:749: Warning: fopen returned 0x2 for file custom_sm_ecns_2.so.1. (No such file or directory)
01-31 04:38:51.360   873   972 W /vendor/bin/adsprpcd: vendor/qcom/proprietary/commonsys-intf/adsprpc/src/apps_std_imp.c:749: Warning: fopen returned 0x2 for file custom_dm_ecns_1.so.1. (No such file or directory)
01-31 04:38:51.360   873   972 W /vendor/bin/adsprpcd: vendor/qcom/proprietary/commonsys-intf/adsprpc/src/apps_std_imp.c:749: Warning: fopen returned 0x2 for file custom_dm_ecns_2.so.1. (No such file or directory)
01-31 04:38:51.360   873   972 W /vendor/bin/adsprpcd: vendor/qcom/proprietary/commonsys-intf/adsprpc/src/apps_std_imp.c:749: Warning: fopen returned 0x2 for file custom_qm_ecns_1.so.1. (No such file or directory)
01-31 04:38:51.360   873   972 W /vendor/bin/adsprpcd: vendor/qcom/proprietary/commonsys-intf/adsprpc/src/apps_std_imp.c:749: Warning: fopen returned 0x2 for file custom_qm_ecns_2.so.1. (No such file or directory)
01-31 04:38:51.368   922   922 E wifidisplayhal-service: Start with vendor binder
01-31 04:38:51.369   922   922 E wifidisplayhal-service: Registering wifidisplayhdcphal service...
01-31 04:38:51.370   898   898 I keystore: found android.hardware.keymaster@4.0::IKeymasterDevice with interface name default and seclevel TRUSTED_ENVIRONMENT
01-31 04:38:51.376   952   952 I CLD80211: /system/vendor/bin/cnss-daemon: initialized exit socket pair
01-31 04:38:51.376   952   952 I CLD80211: /system/vendor/bin/cnss-daemon: nlctrl family id: 16 group: svc_msgs mcast_id: 19
01-31 04:38:51.377   952   952 E cnss-daemon: interop issues ap: read_iot_ap_file: No such file /data/vendor/wifi/iotap_ps.bin
01-31 04:38:51.377   952   952 E cnss-daemon: interop issues ap: read_iot_ap_ps_from_file, read file error
01-31 04:38:51.377   952   952 I cnss-daemon: interop issues ap init successfully
01-31 04:38:51.377   952   952 I cnss-daemon:  cnss hang event handler init successfully
01-31 04:38:51.378   898   898 I ServiceManagement: Registered android.system.wifi.keystore@1.0::IKeystore/default (start delay of 300ms)
01-31 04:38:51.385   952   952 E cnss-daemon: Couldn't resolve family id
01-31 04:38:51.385   952   952 E cnss-daemon: Failed to init genl between daemon and platform, continue
01-31 04:38:51.388   922   922 I ServiceManagement: Registered com.qualcomm.qti.wifidisplayhal@1.0::IHDCPSession/wifidisplayhdcphal (start delay of 240ms)
01-31 04:38:51.389   922   922 E wifidisplayhal-service: Registering wifidisplaydshal service...
01-31 04:38:51.389   474   474 I hwservicemanager: getTransport: Cannot find entry android.hardware.usb.gadget@1.0::IUsbGadget/default in either framework or device manifest.
01-31 04:38:51.390   967   967 I usbd    : Usb HAL not found
01-31 04:38:51.398   922   922 I ServiceManagement: Registered com.qualcomm.qti.wifidisplayhal@1.0::IDSManager/wifidisplaydshal (start delay of 250ms)
01-31 04:38:51.405   960   960 I gatekeeperd: Starting gatekeeperd...
01-31 04:38:51.417   641   641 D audio_hw_utils: audio_extn_utils_open_snd_mixer: retry, retry_num 1
--------- beginning of radio
01-31 04:38:51.459   919   919 D RILD    : **RIL Daemon Started**
01-31 04:38:51.459   919   919 D RILD    : **RILd param count=3**
01-31 04:38:51.460   903   903 I mediametrics: ServiceManager: 0x79f5a7c800
01-31 04:38:51.460   903   903 D MediaAnalyticsService: MediaAnalyticsService created
01-31 04:38:51.466   871   933 E ThermalEngine: read error 0. buf:[add@/devices/virtual/thermal/thermal_zone36 ACTION=add DEVPATH=/devices/virtual/thermal/thermal_zone36 SUBSYSTEM=thermal SEQNUM=5529 ]
01-31 04:38:51.466     0     0 W         : (NULL device *): hwmon_device_register() is deprecated. Please convert the driver to use hwmon_device_register_with_info().
01-31 04:38:51.475   921   921 E QCNEA   : Cne Version 4.9
01-31 04:38:51.481   965   965 I update_engine: [0131/043851.481454:INFO:main.cc(181)] A/B Update Engine starting
01-31 04:38:51.487     0     0 W wsa881x_get_temp: Temperature registers[17 17 17 17] are out of range
01-31 04:38:51.487     0     0 W wsa881x_get_temp: T0: 65535 is out of range[5, 45]
01-31 04:38:51.491   965   965 I update_engine: [0131/043851.491459:INFO:boot_control_android.cc(76)] Loaded boot control hidl hal.
01-31 04:38:51.491   965   965 I update_engine: [0131/043851.491655:INFO:daemon_state_android.cc(43)] Booted in dev mode.
01-31 04:38:51.491   910   995 W storaged: health: invalid battery status
01-31 04:38:51.492   919   919 D RILD    : RIL_Init argc = 3 clientId = 0
01-31 04:38:51.492   919   919 D RILC    : Quectel RIL Version: Quectel_Android_RIL_Driver_V3.3.4-1218
01-31 04:38:51.492   910   995 I ServiceManager: Waiting for service 'package_native' on '/dev/binder'...
01-31 04:38:51.492   919   919 E RIL_READ_CONF: '/system/etc/ql-ril.conf' not exist.
01-31 04:38:51.494   919   919 D RIL_READ_CONF: original conf line: At_Cmds_For_Customer_Initialize=at+qgpscfg="gpsnmeatype",31;at+qgpscfg="glonassnmeatype",7;at+qgpscfg="beidounmeatype",3;at+qgpscfg="galileonmeatype",1;at+qgpscfg="gnssrawdata",1,0
01-31 04:38:51.494   919   919 D RIL_READ_CONF: original conf line: Query_Available_Networks=1
01-31 04:38:51.494   919   919 D RIL_READ_CONF: Query_Available_Networks = 1
01-31 04:38:51.494   919   919 E RILC    : '/vendor/manifest.xml' not exist.
01-31 04:38:51.494   919   919 D RILC    : t-prop_value is 2
01-31 04:38:51.494   919   919 D RILC    : before_dot is 10
01-31 04:38:51.494   919   919 D RILC    : [ro.build.version.release]: [10.0]
01-31 04:38:51.494   919   919 D RILC    : Android Version: 100, RIL_VERSION: 12 / 12
01-31 04:38:51.494   919   919 D RILC    : [ro.build.description]: [15in-I-Series-4-userdebug 10 QKQ1.200816.002 0018 debug,release-keys]
01-31 04:38:51.494   919   919 D RILC    : [ro.hardware]: [qcom]
01-31 04:38:51.494   919   919 D RILC    : selinux maybe set Enforcing mode, use command getenforce to check
01-31 04:38:51.494   919   919 D RILC    : selinux maybe set Enforcing mode, use command "setenforce 0" to disable
01-31 04:38:51.494   919   919 I RILC    : clientID = 0
01-31 04:38:51.494   919  1010 I RILC    : mainLoop Start
01-31 04:38:51.496   917   917 I media.codec: mediacodecservice starting
01-31 04:38:51.497   919  1010 E RILU    : cannot find ttyname for AT Port
01-31 04:38:51.497   919  1010 D RILC    : try to match pci
01-31 04:38:51.497   919  1010 D RILU    : find_pci_device is 0
01-31 04:38:51.497   919  1010 E RILU    : can not find ttyname for pci AT port
01-31 04:38:51.497   919  1010 D RILC    : PCI can't find at device
01-31 04:38:51.502   917   917 W media.codec: libminijail[917]: failed to get path of fd 4: No such file or directory
01-31 04:38:51.502   917   917 W media.codec: libminijail[917]: allowing syscall: clock_gettime
01-31 04:38:51.502   917   917 W media.codec: libminijail[917]: allowing syscall: connect
01-31 04:38:51.502   917   917 W media.codec: libminijail[917]: allowing syscall: fcntl64
01-31 04:38:51.502   917   917 W media.codec: libminijail[917]: allowing syscall: socket
01-31 04:38:51.502   917   917 W media.codec: libminijail[917]: allowing syscall: writev
01-31 04:38:51.504   602   602 D TetherController: Setting IP forward enable = 0
01-31 04:38:51.504   882   882 I imsrcsd : Uce Service HAL  loading imsrcsbaseimpl
01-31 04:38:51.506   905   905 I mediaserver: ServiceManager: 0xf6a232a0
01-31 04:38:51.506   602   602 D FirewallController: Could not read /proc/self/uid_map, max uid defaulting to 4294967294
01-31 04:38:51.507   905   905 W BatteryNotifier: batterystats service unavailable!
01-31 04:38:51.508   905   905 W BatteryNotifier: batterystats service unavailable!
01-31 04:38:51.508   917   917 W media.codec: libminijail[917]: logging seccomp filter failures
01-31 04:38:51.508     0     0 E CTM     : file connector_health does not exist in /sys/class/power_supply/usb/
01-31 04:38:51.508     0     0 E CTM     : Couldn't read connector_health from /sys/class/power_supply/parallel/
01-31 04:38:51.508     0     0 E HVDCP2  : Not valid charger for hvdcp2.
01-31 04:38:51.508     0     0 E hvdcpd  : Not valid charger for hvdcp3.
01-31 04:38:51.509     0     0 E THERM-BALANCE: Parallel PSY entry not found.
01-31 04:38:51.510   866   980 I adbd    : USB event: FUNCTIONFS_BIND
01-31 04:38:51.510     0     0 E STD-PD  : Registered STD_PD
01-31 04:38:51.511     0     0 E PPS     : Registered PPS
01-31 04:38:51.513     0     0 W wsa881x_get_temp: Temperature registers[17 17 17 17] are out of range
01-31 04:38:51.513     0     0 W wsa881x_get_temp: T0: 65535 is out of range[5, 45]
01-31 04:38:51.514     0     0 E SOH-D   : SOH file not exposed, disable SOH
01-31 04:38:51.516     0     0 E CP      : charge_pump missing
01-31 04:38:51.524     0     0 I android_work: did not send uevent (0 0 0000000000000000)
01-31 04:38:51.525   917   917 I SoftOMXPlugin: createOMXPlugin
01-31 04:38:51.525   917   917 I MediaCodecsXmlParser: getVendorXmlPath (/vendor/etc/media_codecs_vendor.xml)
01-31 04:38:51.525   917   917 D MediaCodecsXmlParser: parsing /vendor/etc/media_codecs_vendor.xml...
01-31 04:38:51.527   917   917 D MediaCodecsXmlParser: parsing /vendor/etc/media_codecs_google_audio.xml...
01-31 04:38:51.528   917   917 I MediaCodecsXmlParser: limit: max-channel-count = 2
01-31 04:38:51.528   917   917 I MediaCodecsXmlParser: limit: sample-rate-ranges = 8000,11025,12000,16000,22050,24000,32000,44100,48000
01-31 04:38:51.528   917   917 I MediaCodecsXmlParser: limit: bitrate-range = 8000-320000
01-31 04:38:51.528   917   917 I MediaCodecsXmlParser: limit: max-channel-count = 1
01-31 04:38:51.528   917   917 I MediaCodecsXmlParser: limit: sample-rate-ranges = 8000
01-31 04:38:51.528   917   917 I MediaCodecsXmlParser: limit: bitrate-range = 4750-12200
01-31 04:38:51.528   917   917 I MediaCodecsXmlParser: limit: max-channel-count = 1
01-31 04:38:51.528   917   917 I MediaCodecsXmlParser: limit: sample-rate-ranges = 16000
01-31 04:38:51.528   917   917 I MediaCodecsXmlParser: limit: bitrate-range = 6600-23850
01-31 04:38:51.528   917   917 I MediaCodecsXmlParser: limit: max-channel-count = 8
01-31 04:38:51.529   917   917 I MediaCodecsXmlParser: limit: sample-rate-ranges = 7350,8000,11025,12000,16000,22050,24000,32000,44100,48000
01-31 04:38:51.529   917   917 I MediaCodecsXmlParser: limit: bitrate-range = 8000-960000
01-31 04:38:51.529   917   917 I MediaCodecsXmlParser: limit: max-channel-count = 1
01-31 04:38:51.529   917   917 I MediaCodecsXmlParser: limit: sample-rate-ranges = 8000-48000
01-31 04:38:51.529   917   917 I MediaCodecsXmlParser: limit: bitrate-range = 64000
01-31 04:38:51.529   917   917 I MediaCodecsXmlParser: limit: max-channel-count = 1
01-31 04:38:51.529   917   917 I MediaCodecsXmlParser: limit: sample-rate-ranges = 8000-48000
01-31 04:38:51.529   917   917 I MediaCodecsXmlParser: limit: bitrate-range = 64000
01-31 04:38:51.529   917   917 I MediaCodecsXmlParser: limit: max-channel-count = 8
01-31 04:38:51.529   917   917 I MediaCodecsXmlParser: limit: sample-rate-ranges = 8000-96000
01-31 04:38:51.529   917   917 I MediaCodecsXmlParser: limit: bitrate-range = 32000-500000
01-31 04:38:51.529   917   917 I MediaCodecsXmlParser: limit: max-channel-count = 8
01-31 04:38:51.529   917   917 I MediaCodecsXmlParser: limit: sample-rate-ranges = 48000
01-31 04:38:51.529   917   917 I MediaCodecsXmlParser: limit: bitrate-range = 6000-510000
01-31 04:38:51.529   917   917 I MediaCodecsXmlParser: limit: max-channel-count = 8
01-31 04:38:51.529   917   917 I MediaCodecsXmlParser: limit: sample-rate-ranges = 8000-192000
01-31 04:38:51.529   917   917 I MediaCodecsXmlParser: limit: bitrate-range = 1-10000000
01-31 04:38:51.529   917   917 I MediaCodecsXmlParser: limit: max-channel-count = 8
01-31 04:38:51.529   917   917 I MediaCodecsXmlParser: limit: sample-rate-ranges = 1-655350
01-31 04:38:51.529   917   917 I MediaCodecsXmlParser: limit: bitrate-range = 1-21000000
01-31 04:38:51.529   917   917 I MediaCodecsXmlParser: limit: max-channel-count = 6
01-31 04:38:51.529   917   917 I MediaCodecsXmlParser: limit: sample-rate-ranges = 8000,11025,12000,16000,22050,24000,32000,44100,48000
01-31 04:38:51.529   917   917 I MediaCodecsXmlParser: limit: bitrate-range = 8000-960000
01-31 04:38:51.529   917   917 I MediaCodecsXmlParser: limit: max-channel-count = 1
01-31 04:38:51.529   917   917 I MediaCodecsXmlParser: limit: sample-rate-ranges = 8000
01-31 04:38:51.529   917   917 I MediaCodecsXmlParser: limit: bitrate-range = 4750-12200
01-31 04:38:51.529   917   917 I MediaCodecsXmlParser: limit: feature-bitrate-modes = CBR
01-31 04:38:51.529   917   917 I MediaCodecsXmlParser: limit: max-channel-count = 1
01-31 04:38:51.529   917   917 I MediaCodecsXmlParser: limit: sample-rate-ranges = 16000
01-31 04:38:51.529   917   917 I MediaCodecsXmlParser: limit: bitrate-range = 6600-23850
01-31 04:38:51.529   917   917 I MediaCodecsXmlParser: limit: feature-bitrate-modes = CBR
01-31 04:38:51.529   917   917 I MediaCodecsXmlParser: limit: max-channel-count = 2
01-31 04:38:51.529   917   917 I MediaCodecsXmlParser: limit: sample-rate-ranges = 1-655350
01-31 04:38:51.529   917   917 I MediaCodecsXmlParser: limit: bitrate-range = 1-21000000
01-31 04:38:51.529   917   917 I MediaCodecsXmlParser: limit: complexity-default = 5
01-31 04:38:51.529   917   917 I MediaCodecsXmlParser: limit: complexity-range = 0-8
01-31 04:38:51.529   917   917 I MediaCodecsXmlParser: limit: feature-bitrate-modes = CQ
01-31 04:38:51.529   917   917 D MediaCodecsXmlParser: parsing /vendor/etc/media_codecs_vendor_audio.xml...
01-31 04:38:51.530   474   474 E SELinux : avc:  denied  { find } for interface=vendor.qti.hardware.slmadapter::ISlmAdapter sid=u:r:cnd:s0 pid=921 scontext=u:r:cnd:s0 tcontext=u:object_r:default_android_hwservice:s0 tclass=hwservice_manager permissive=0
01-31 04:38:51.530   474   474 I auditd  : avc:  denied  { find } for interface=vendor.qti.hardware.slmadapter::ISlmAdapter sid=u:r:cnd:s0 pid=921 scontext=u:r:cnd:s0 tcontext=u:object_r:default_android_hwservice:s0 tclass=hwservice_manager permissive=0
01-31 04:38:51.530   917   917 I MediaCodecsXmlParser: limit: max-concurrent-instances = 10
01-31 04:38:51.530   917   917 D MediaCodecsXmlParser: parsing /vendor/etc/media_codecs_google_telephony.xml...
01-31 04:38:51.533   917   917 I MediaCodecsXmlParser: limit: max-channel-count = 1
01-31 04:38:51.534   917   917 I MediaCodecsXmlParser: limit: sample-rate-ranges = 8000
01-31 04:38:51.534   917   917 I MediaCodecsXmlParser: limit: bitrate-range = 13000
01-31 04:38:51.534   917   917 I MediaCodecsXmlParser: limit: size-range = 176x64-3840x2160
01-31 04:38:51.534   917   917 I MediaCodecsXmlParser: limit: alignment = 2x2
01-31 04:38:51.534   917   917 I MediaCodecsXmlParser: limit: block-size = 16x16
01-31 04:38:51.534   917   917 I MediaCodecsXmlParser: limit: blocks-per-second-range = 1-972000
01-31 04:38:51.534   917   917 I MediaCodecsXmlParser: limit: bitrate-range = 1-100000000
01-31 04:38:51.534   917   917 I MediaCodecsXmlParser: limit: max-concurrent-instances = 16
01-31 04:38:51.534   917   917 I MediaCodecsXmlParser: limit: feature-intra-refresh = 0
01-31 04:38:51.534   917   917 I MediaCodecsXmlParser: limit: performance-point-3840x2160-range = 24-24
01-31 04:38:51.534   917   917 I MediaCodecsXmlParser: limit: size-range = 96x96-3840x2160
01-31 04:38:51.534   917   917 I MediaCodecsXmlParser: limit: alignment = 2x2
01-31 04:38:51.534   917   917 I MediaCodecsXmlParser: limit: block-size = 16x16
01-31 04:38:51.534   917   917 I MediaCodecsXmlParser: limit: blocks-per-second-range = 1-972000
01-31 04:38:51.534   917   917 I MediaCodecsXmlParser: limit: bitrate-range = 1-100000000
01-31 04:38:51.534   917   917 I MediaCodecsXmlParser: limit: max-concurrent-instances = 16
01-31 04:38:51.534   917   917 I MediaCodecsXmlParser: limit: feature-intra-refresh = 0
01-31 04:38:51.534   917   917 I MediaCodecsXmlParser: limit: feature-can-swap-width-height = 0
01-31 04:38:51.534   917   917 I MediaCodecsXmlParser: limit: performance-point-3840x2160-range = 24-24
01-31 04:38:51.534   917   917 I MediaCodecsXmlParser: limit: size-range = 96x64-1920x1088
01-31 04:38:51.534   917   917 I MediaCodecsXmlParser: limit: alignment = 2x2
01-31 04:38:51.534   917   917 I MediaCodecsXmlParser: limit: block-size = 16x16
01-31 04:38:51.534   917   917 I MediaCodecsXmlParser: limit: blocks-per-second-range = 1-244800
01-31 04:38:51.534   917   917 I MediaCodecsXmlParser: limit: bitrate-range = 1-40000000
01-31 04:38:51.534   917   917 I MediaCodecsXmlParser: limit: max-concurrent-instances = 16
01-31 04:38:51.534   917   917 I MediaCodecsXmlParser: limit: performance-point-1920x1088-range = 30-30
01-31 04:38:51.534   917   917 I MediaCodecsXmlParser: limit: size-range = 96x64-864x480
01-31 04:38:51.534   917   917 I MediaCodecsXmlParser: limit: alignment = 2x2
01-31 04:38:51.534   917   917 I MediaCodecsXmlParser: limit: block-size = 16x16
01-31 04:38:51.534   917   917 I MediaCodecsXmlParser: limit: blocks-per-second-range = 1-48600
01-31 04:38:51.534   917   917 I MediaCodecsXmlParser: limit: bitrate-range = 1-2000000
01-31 04:38:51.534   917   917 I MediaCodecsXmlParser: limit: max-concurrent-instances = 16
01-31 04:38:51.534   917   917 I MediaCodecsXmlParser: limit: performance-point-720x480-range = 30-30
01-31 04:38:51.534   917   917 I MediaCodecsXmlParser: limit: size-range = 96x64-1920x1088
01-31 04:38:51.534   917   917 I MediaCodecsXmlParser: limit: alignment = 2x2
01-31 04:38:51.534   917   917 I MediaCodecsXmlParser: limit: block-size = 16x16
01-31 04:38:51.534   917   917 I MediaCodecsXmlParser: limit: blocks-per-second-range = 1-244800
01-31 04:38:51.534   917   917 I MediaCodecsXmlParser: limit: bitrate-range = 1-40000000
01-31 04:38:51.534   917   917 I MediaCodecsXmlParser: limit: max-concurrent-instances = 16
01-31 04:38:51.534   917   917 I MediaCodecsXmlParser: limit: feature-intra-refresh = 0
01-31 04:38:51.534   917   917 I MediaCodecsXmlParser: limit: performance-point-1920x1088-range = 30-30
01-31 04:38:51.534   917   917 I MediaCodecsXmlParser: limit: size-range = 64x64-3840x2160
01-31 04:38:51.534   917   917 I MediaCodecsXmlParser: limit: alignment = 2x2
01-31 04:38:51.534   917   917 I MediaCodecsXmlParser: limit: block-size = 16x16
01-31 04:38:51.534   917   917 I MediaCodecsXmlParser: limit: blocks-per-second-range = 1-972000
01-31 04:38:51.534   917   917 I MediaCodecsXmlParser: limit: bitrate-range = 1-100000000
01-31 04:38:51.534   917   917 I MediaCodecsXmlParser: limit: feature-adaptive-playback = 0
01-31 04:38:51.534   917   917 I MediaCodecsXmlParser: limit: max-concurrent-instances = 16
01-31 04:38:51.534   917   917 I MediaCodecsXmlParser: limit: feature-can-swap-width-height = 0
01-31 04:38:51.534   917   917 I MediaCodecsXmlParser: limit: performance-point-3840x2160-range = 30-30
01-31 04:38:51.534   917   917 I MediaCodecsXmlParser: limit: size-range = 64x64-3840x2160
01-31 04:38:51.534   917   917 I MediaCodecsXmlParser: limit: alignment = 2x2
01-31 04:38:51.534   917   917 I MediaCodecsXmlParser: limit: block-size = 16x16
01-31 04:38:51.534   917   917 I MediaCodecsXmlParser: limit: blocks-per-second-range = 1-972000
01-31 04:38:51.534   917   917 I MediaCodecsXmlParser: limit: bitrate-range = 1-35000000
01-31 04:38:51.534   917   917 I MediaCodecsXmlParser: limit: feature-adaptive-playback = 0
01-31 04:38:51.534   917   917 I MediaCodecsXmlParser: limit: feature-secure-playback = 1
01-31 04:38:51.534   917   917 I MediaCodecsXmlParser: limit: max-concurrent-instances = 6
01-31 04:38:51.535   917   917 I MediaCodecsXmlParser: limit: performance-point-3840x2160-range = 30-30
01-31 04:38:51.535   917   917 I MediaCodecsXmlParser: limit: size-range = 64x64-1920x1088
01-31 04:38:51.535   917   917 I MediaCodecsXmlParser: limit: alignment = 2x2
01-31 04:38:51.535   917   917 I MediaCodecsXmlParser: limit: block-size = 16x16
01-31 04:38:51.535   917   917 I MediaCodecsXmlParser: limit: blocks-per-second-range = 1-244800
01-31 04:38:51.535   917   917 I MediaCodecsXmlParser: limit: bitrate-range = 1-40000000
01-31 04:38:51.535   917   917 I MediaCodecsXmlParser: limit: feature-adaptive-playback = 0
01-31 04:38:51.535   917   917 I MediaCodecsXmlParser: limit: max-concurrent-instances = 16
01-31 04:38:51.535   917   917 I MediaCodecsXmlParser: limit: performance-point-1920x1088-range = 30-30
01-31 04:38:51.535   917   917 I MediaCodecsXmlParser: limit: size-range = 64x64-1920x1088
01-31 04:38:51.535   917   917 I MediaCodecsXmlParser: limit: alignment = 2x2
01-31 04:38:51.535   917   917 I MediaCodecsXmlParser: limit: block-size = 16x16
01-31 04:38:51.535   917   917 I MediaCodecsXmlParser: limit: blocks-per-second-range = 1-244800
01-31 04:38:51.535   917   917 I MediaCodecsXmlParser: limit: bitrate-range = 1-20000000
01-31 04:38:51.535   917   917 I MediaCodecsXmlParser: limit: feature-adaptive-playback = 0
01-31 04:38:51.535   917   917 I MediaCodecsXmlParser: limit: feature-secure-playback = 1
01-31 04:38:51.535   917   917 I MediaCodecsXmlParser: limit: max-concurrent-instances = 6
01-31 04:38:51.535   917   917 I MediaCodecsXmlParser: limit: performance-point-1920x1088-range = 30-30
01-31 04:38:51.535   917   917 I MediaCodecsXmlParser: limit: size-range = 64x64-1920x1088
01-31 04:38:51.535   917   917 I MediaCodecsXmlParser: limit: alignment = 2x2
01-31 04:38:51.535   917   917 I MediaCodecsXmlParser: limit: block-size = 16x16
01-31 04:38:51.535   917   917 I MediaCodecsXmlParser: limit: blocks-per-second-range = 1-489600
01-31 04:38:51.535   917   917 I MediaCodecsXmlParser: limit: bitrate-range = 1-60000000
01-31 04:38:51.535   917   917 I MediaCodecsXmlParser: limit: feature-adaptive-playback = 0
01-31 04:38:51.535   917   917 I MediaCodecsXmlParser: limit: max-concurrent-instances = 16
01-31 04:38:51.535   917   917 I MediaCodecsXmlParser: limit: performance-point-1920x1088-range = 60-60
01-31 04:38:51.535   917   917 I MediaCodecsXmlParser: limit: size-range = 64x64-864x480
01-31 04:38:51.535   917   917 I MediaCodecsXmlParser: limit: alignment = 2x2
01-31 04:38:51.535   917   917 I MediaCodecsXmlParser: limit: block-size = 16x16
01-31 04:38:51.535   917   917 I MediaCodecsXmlParser: limit: blocks-per-second-range = 1-48600
01-31 04:38:51.535   917   917 I MediaCodecsXmlParser: limit: bitrate-range = 1-2000000
01-31 04:38:51.535   917   917 I MediaCodecsXmlParser: limit: feature-adaptive-playback = 0
01-31 04:38:51.535   917   917 I MediaCodecsXmlParser: limit: max-concurrent-instances = 16
01-31 04:38:51.535   917   917 I MediaCodecsXmlParser: limit: performance-point-720x480-range = 30-30
01-31 04:38:51.535   917   917 I MediaCodecsXmlParser: limit: size-range = 64x64-1920x1088
01-31 04:38:51.535   917   917 I MediaCodecsXmlParser: limit: alignment = 2x2
01-31 04:38:51.535   917   917 I MediaCodecsXmlParser: limit: block-size = 16x16
01-31 04:38:51.535   917   917 I MediaCodecsXmlParser: limit: blocks-per-second-range = 1-489600
01-31 04:38:51.535   917   917 I MediaCodecsXmlParser: limit: bitrate-range = 1-60000000
01-31 04:38:51.535   917   917 I MediaCodecsXmlParser: limit: feature-adaptive-playback = 0
01-31 04:38:51.535   917   917 I MediaCodecsXmlParser: limit: max-concurrent-instances = 16
01-31 04:38:51.535   917   917 I MediaCodecsXmlParser: limit: performance-point-1920x1088-range = 30-30
01-31 04:38:51.535   917   917 I MediaCodecsXmlParser: limit: size-range = 64x64-1920x1088
01-31 04:38:51.535   917   917 I MediaCodecsXmlParser: limit: alignment = 2x2
01-31 04:38:51.535   917   917 I MediaCodecsXmlParser: limit: block-size = 16x16
01-31 04:38:51.535   917   917 I MediaCodecsXmlParser: limit: blocks-per-second-range = 1-489600
01-31 04:38:51.535   917   917 I MediaCodecsXmlParser: limit: bitrate-range = 1-20000000
01-31 04:38:51.535   917   917 I MediaCodecsXmlParser: limit: feature-adaptive-playback = 0
01-31 04:38:51.535   917   917 I MediaCodecsXmlParser: limit: feature-secure-playback = 1
01-31 04:38:51.535   917   917 I MediaCodecsXmlParser: limit: max-concurrent-instances = 7
01-31 04:38:51.535   917   917 I MediaCodecsXmlParser: limit: performance-point-1920x1088-range = 30-30
01-31 04:38:51.535   917   917 I MediaCodecsXmlParser: limit: size-range = 64x64-1920x1088
01-31 04:38:51.535   917   917 I MediaCodecsXmlParser: limit: alignment = 2x2
01-31 04:38:51.535   917   917 I MediaCodecsXmlParser: limit: block-size = 16x16
01-31 04:38:51.535   917   917 I MediaCodecsXmlParser: limit: blocks-per-second-range = 1-244800
01-31 04:38:51.535   917   917 I MediaCodecsXmlParser: limit: bitrate-range = 1-10000000
01-31 04:38:51.535   917   917 I MediaCodecsXmlParser: limit: feature-adaptive-playback = 0
01-31 04:38:51.535   917   917 I MediaCodecsXmlParser: limit: max-concurrent-instances = 16
01-31 04:38:51.535   917   917 I MediaCodecsXmlParser: limit: performance-point-1920x1088-range = 30-30
01-31 04:38:51.535   917   917 I MediaCodecsXmlParser: limit: size-range = 64x64-720x480
01-31 04:38:51.535   917   917 I MediaCodecsXmlParser: limit: alignment = 2x2
01-31 04:38:51.535   917   917 I MediaCodecsXmlParser: limit: block-size = 16x16
01-31 04:38:51.535   917   917 I MediaCodecsXmlParser: limit: blocks-per-second-range = 1-40500
01-31 04:38:51.535   917   917 I MediaCodecsXmlParser: limit: bitrate-range = 1-2000000
01-31 04:38:51.535   917   917 I MediaCodecsXmlParser: limit: feature-adaptive-playback = 0
01-31 04:38:51.535   917   917 I MediaCodecsXmlParser: limit: max-concurrent-instances = 16
01-31 04:38:51.535   917   917 I MediaCodecsXmlParser: limit: performance-point-720x480-range = 30-30
01-31 04:38:51.535   917   917 I MediaCodecsXmlParser: limit: size-range = 64x64-1920x1088
01-31 04:38:51.535   917   917 I MediaCodecsXmlParser: limit: alignment = 2x2
01-31 04:38:51.535   917   917 I MediaCodecsXmlParser: limit: block-size = 16x16
01-31 04:38:51.535   917   917 I MediaCodecsXmlParser: limit: blocks-per-second-range = 1-244800
01-31 04:38:51.535   917   917 I MediaCodecsXmlParser: limit: bitrate-range = 1-10000000
01-31 04:38:51.535   917   917 I MediaCodecsXmlParser: limit: feature-adaptive-playback = 0
01-31 04:38:51.535   917   917 I MediaCodecsXmlParser: limit: max-concurrent-instances = 16
01-31 04:38:51.535   917   917 I MediaCodecsXmlParser: limit: performance-point-1920x1088-range = 30-30
01-31 04:38:51.535   917   917 I MediaCodecsXmlParser: limit: size-range = 64x64-3840x2160
01-31 04:38:51.535   917   917 I MediaCodecsXmlParser: limit: alignment = 2x2
01-31 04:38:51.535   917   917 I MediaCodecsXmlParser: limit: block-size = 16x16
01-31 04:38:51.535   917   917 I MediaCodecsXmlParser: limit: blocks-per-second-range = 1-972000
01-31 04:38:51.536   917   917 I MediaCodecsXmlParser: limit: bitrate-range = 1-100000000
01-31 04:38:51.536   917   917 I MediaCodecsXmlParser: limit: feature-adaptive-playback = 0
01-31 04:38:51.536   917   917 I MediaCodecsXmlParser: limit: max-concurrent-instances = 16
01-31 04:38:51.536   917   917 I MediaCodecsXmlParser: limit: performance-point-3840x2160-range = 30-30
01-31 04:38:51.536   917   917 I MediaCodecsXmlParser: limit: size-range = 64x64-3840x2160
01-31 04:38:51.536   917   917 I MediaCodecsXmlParser: limit: alignment = 2x2
01-31 04:38:51.536   917   917 I MediaCodecsXmlParser: limit: block-size = 16x16
01-31 04:38:51.536   917   917 I MediaCodecsXmlParser: limit: blocks-per-second-range = 1-972000
01-31 04:38:51.536   917   917 I MediaCodecsXmlParser: limit: bitrate-range = 1-100000000
01-31 04:38:51.536   917   917 I MediaCodecsXmlParser: limit: feature-adaptive-playback = 0
01-31 04:38:51.536   917   917 I MediaCodecsXmlParser: limit: max-concurrent-instances = 16
01-31 04:38:51.536   917   917 I MediaCodecsXmlParser: limit: performance-point-3840x2160-range = 30-30
01-31 04:38:51.536   917   917 I MediaCodecsXmlParser: limit: size-range = 64x64-3840x2160
01-31 04:38:51.536   917   917 I MediaCodecsXmlParser: limit: alignment = 2x2
01-31 04:38:51.536   917   917 I MediaCodecsXmlParser: limit: block-size = 16x16
01-31 04:38:51.536   917   917 I MediaCodecsXmlParser: limit: blocks-per-second-range = 1-979200
01-31 04:38:51.536   917   917 I MediaCodecsXmlParser: limit: bitrate-range = 1-35000000
01-31 04:38:51.536   917   917 I MediaCodecsXmlParser: limit: frame-rate-range = 1-30
01-31 04:38:51.536   917   917 I MediaCodecsXmlParser: limit: feature-adaptive-playback = 0
01-31 04:38:51.536   917   917 I MediaCodecsXmlParser: limit: feature-secure-playback = 1
01-31 04:38:51.536   917   917 I MediaCodecsXmlParser: limit: max-concurrent-instances = 6
01-31 04:38:51.536   917   917 I MediaCodecsXmlParser: limit: performance-point-3840x2160-range = 30-30
01-31 04:38:51.536   917   917 I MediaCodecsXmlParser: limit: size-range = 64x64-3840x2160
01-31 04:38:51.536   917   917 I MediaCodecsXmlParser: limit: alignment = 2x2
01-31 04:38:51.536   917   917 I MediaCodecsXmlParser: limit: block-size = 16x16
01-31 04:38:51.536   917   917 I MediaCodecsXmlParser: limit: blocks-per-second-range = 1-972000
01-31 04:38:51.536   917   917 I MediaCodecsXmlParser: limit: bitrate-range = 1-100000000
01-31 04:38:51.536   917   917 I MediaCodecsXmlParser: limit: feature-adaptive-playback = 0
01-31 04:38:51.536   917   917 I MediaCodecsXmlParser: limit: max-concurrent-instances = 16
01-31 04:38:51.536   917   917 I MediaCodecsXmlParser: limit: performance-point-3840x2160-range = 30-30
01-31 04:38:51.536   917   917 I MediaCodecsXmlParser: limit: size-range = 64x64-3840x2160
01-31 04:38:51.536   917   917 I MediaCodecsXmlParser: limit: alignment = 2x2
01-31 04:38:51.536   917   917 I MediaCodecsXmlParser: limit: block-size = 16x16
01-31 04:38:51.536   917   917 I MediaCodecsXmlParser: limit: blocks-per-second-range = 1-972000
01-31 04:38:51.536   917   917 I MediaCodecsXmlParser: limit: bitrate-range = 1-35000000
01-31 04:38:51.536   917   917 I MediaCodecsXmlParser: limit: feature-adaptive-playback = 0
01-31 04:38:51.536   917   917 I MediaCodecsXmlParser: limit: feature-secure-playback = 1
01-31 04:38:51.536   917   917 I MediaCodecsXmlParser: limit: max-concurrent-instances = 6
01-31 04:38:51.536   917   917 I MediaCodecsXmlParser: limit: performance-point-3840x2160-range = 30-30
01-31 04:38:51.536   917   917 D MediaCodecsXmlParser: parsing /vendor/etc/media_codecs_google_video.xml...
01-31 04:38:51.541   917   917 I MediaCodecsXmlParser: limit: size-range = 2x2-352x288
01-31 04:38:51.541   917   917 I MediaCodecsXmlParser: limit: alignment = 2x2
01-31 04:38:51.541   917   917 I MediaCodecsXmlParser: limit: block-size = 16x16
01-31 04:38:51.541   917   917 I MediaCodecsXmlParser: limit: blocks-per-second-range = 12-11880
01-31 04:38:51.541   917   917 I MediaCodecsXmlParser: limit: bitrate-range = 1-384000
01-31 04:38:51.541   917   917 I MediaCodecsXmlParser: limit: feature-adaptive-playback = 0
01-31 04:38:51.541   917   917 I MediaCodecsXmlParser: limit: size-range = 2x2-352x288
01-31 04:38:51.541   917   917 I MediaCodecsXmlParser: limit: alignment = 2x2
01-31 04:38:51.541   917   917 I MediaCodecsXmlParser: limit: bitrate-range = 1-384000
01-31 04:38:51.541   917   917 I MediaCodecsXmlParser: limit: feature-adaptive-playback = 0
01-31 04:38:51.541   917   917 I MediaCodecsXmlParser: limit: size-range = 2x2-4080x4080
01-31 04:38:51.541   917   917 I MediaCodecsXmlParser: limit: alignment = 2x2
01-31 04:38:51.541   917   917 I MediaCodecsXmlParser: limit: block-size = 16x16
01-31 04:38:51.541   917   917 I MediaCodecsXmlParser: limit: block-count-range = 1-32768
01-31 04:38:51.541   917   917 I MediaCodecsXmlParser: limit: blocks-per-second-range = 1-1966080
01-31 04:38:51.541   917   917 I MediaCodecsXmlParser: limit: bitrate-range = 1-48000000
01-31 04:38:51.541   917   917 I MediaCodecsXmlParser: limit: feature-adaptive-playback = 0
01-31 04:38:51.541   917   917 I MediaCodecsXmlParser: limit: size-range = 2x2-4096x4096
01-31 04:38:51.541   917   917 I MediaCodecsXmlParser: limit: alignment = 2x2
01-31 04:38:51.542   917   917 I MediaCodecsXmlParser: limit: block-size = 8x8
01-31 04:38:51.542   917   917 I MediaCodecsXmlParser: limit: block-count-range = 1-196608
01-31 04:38:51.542   917   917 I MediaCodecsXmlParser: limit: blocks-per-second-range = 1-2000000
01-31 04:38:51.542   917   917 I MediaCodecsXmlParser: limit: bitrate-range = 1-10000000
01-31 04:38:51.542   917   917 I MediaCodecsXmlParser: limit: feature-adaptive-playback = 0
01-31 04:38:51.542   917   917 I MediaCodecsXmlParser: limit: size-range = 2x2-2048x2048
01-31 04:38:51.542   917   917 I MediaCodecsXmlParser: limit: alignment = 2x2
01-31 04:38:51.542   917   917 I MediaCodecsXmlParser: limit: block-size = 16x16
01-31 04:38:51.542   917   917 I MediaCodecsXmlParser: limit: block-count-range = 1-16384
01-31 04:38:51.542   917   917 I MediaCodecsXmlParser: limit: blocks-per-second-range = 1-1000000
01-31 04:38:51.542   917   917 I MediaCodecsXmlParser: limit: bitrate-range = 1-40000000
01-31 04:38:51.542   917   917 I MediaCodecsXmlParser: limit: feature-adaptive-playback = 0
01-31 04:38:51.542   917   917 I MediaCodecsXmlParser: limit: size-range = 2x2-2048x2048
01-31 04:38:51.542   917   917 I MediaCodecsXmlParser: limit: alignment = 2x2
01-31 04:38:51.542   917   917 I MediaCodecsXmlParser: limit: block-size = 16x16
01-31 04:38:51.542   917   917 I MediaCodecsXmlParser: limit: block-count-range = 1-16384
01-31 04:38:51.542   917   917 I MediaCodecsXmlParser: limit: blocks-per-second-range = 1-500000
01-31 04:38:51.542   917   917 I MediaCodecsXmlParser: limit: bitrate-range = 1-40000000
01-31 04:38:51.542   917   917 I MediaCodecsXmlParser: limit: feature-adaptive-playback = 0
01-31 04:38:51.542   917   917 I MediaCodecsXmlParser: limit: size-range = 176x144-176x144
01-31 04:38:51.542   917   917 I MediaCodecsXmlParser: limit: alignment = 16x16
01-31 04:38:51.542   917   917 I MediaCodecsXmlParser: limit: bitrate-range = 1-128000
01-31 04:38:51.542   917   917 I MediaCodecsXmlParser: limit: size-range = 16x16-2048x2048
01-31 04:38:51.542   917   917 I MediaCodecsXmlParser: limit: alignment = 2x2
01-31 04:38:51.542   917   917 I MediaCodecsXmlParser: limit: block-size = 16x16
01-31 04:38:51.542   917   917 I MediaCodecsXmlParser: limit: block-count-range = 1-8192
01-31 04:38:51.542   917   917 I MediaCodecsXmlParser: limit: blocks-per-second-range = 1-245760
01-31 04:38:51.542   917   917 I MediaCodecsXmlParser: limit: bitrate-range = 1-12000000
01-31 04:38:51.542   917   917 I MediaCodecsXmlParser: limit: feature-intra-refresh = 0
01-31 04:38:51.542   917   917 I MediaCodecsXmlParser: limit: size-range = 16x16-176x144
01-31 04:38:51.542   917   917 I MediaCodecsXmlParser: limit: alignment = 16x16
01-31 04:38:51.542   917   917 I MediaCodecsXmlParser: limit: block-size = 16x16
