01-31 04:38:52.783   641   732 D msm8974_platform: platform_set_snd_device_backend: backend_tag_table[speaker-reverse]: old = null new = (null)
01-31 04:38:52.783   641   732 D msm8974_platform: platform_set_snd_device_backend: hw_interface_table[5] = INT4_MI2S_RX
01-31 04:38:52.783   641   732 D msm8974_platform: platform_set_snd_device_backend: backend_tag_table[speaker-vbat]: old = null new = (null)
01-31 04:38:52.783   641   732 D msm8974_platform: platform_set_snd_device_backend: hw_interface_table[7] = INT4_MI2S_RX
01-31 04:38:52.783   641   732 D msm8974_platform: platform_set_snd_device_backend: backend_tag_table[speaker-and-headphones-ext-1]: old = null new = (null)
01-31 04:38:52.783   641   732 D msm8974_platform: platform_set_snd_device_backend: hw_interface_table[18] = INT4_MI2S_RX-and-INT0_MI2S_RX
01-31 04:38:52.783   641   732 D msm8974_platform: platform_set_snd_device_backend: backend_tag_table[speaker-and-headphones-ext-2]: old = null new = (null)
01-31 04:38:52.783   641   732 D msm8974_platform: platform_set_snd_device_backend: hw_interface_table[19] = INT4_MI2S_RX-and-INT0_MI2S_RX
01-31 04:38:52.783   641   732 D msm8974_platform: platform_set_snd_device_backend: backend_tag_table[voice-handset]: old = null new = (null)
01-31 04:38:52.783   641   732 D msm8974_platform: platform_set_snd_device_backend: hw_interface_table[20] = INT4_MI2S_RX
01-31 04:38:52.783   641   732 D msm8974_platform: platform_set_snd_device_backend: backend_tag_table[voice-speaker]: old = null new = (null)
01-31 04:38:52.783   641   732 D msm8974_platform: platform_set_snd_device_backend: hw_interface_table[21] = INT4_MI2S_RX
01-31 04:38:52.783   641   732 D msm8974_platform: platform_set_snd_device_backend: backend_tag_table[voice-speaker-vbat]: old = voice-speaker-vbat new = (null)
01-31 04:38:52.783   641   732 D msm8974_platform: platform_set_snd_device_backend: hw_interface_table[23] = INT4_MI2S_RX
01-31 04:38:52.783   641   732 D msm8974_platform: platform_set_snd_device_backend: backend_tag_table[voice-speaker-2]: old = null new = (null)
01-31 04:38:52.783   641   732 D msm8974_platform: platform_set_snd_device_backend: hw_interface_table[24] = INT4_MI2S_RX
01-31 04:38:52.783   641   732 D msm8974_platform: platform_set_snd_device_backend: backend_tag_table[voice-speaker-2-vbat]: old = voice-speaker-2-vbat new = (null)
01-31 04:38:52.783   641   732 D msm8974_platform: platform_set_snd_device_backend: hw_interface_table[25] = INT4_MI2S_RX
01-31 04:38:52.783   641   732 D msm8974_platform: platform_set_snd_device_backend: backend_tag_table[speaker-and-hdmi]: old = speaker-and-hdmi new = (null)
01-31 04:38:52.783   641   732 D msm8974_platform: platform_set_snd_device_backend: hw_interface_table[30] = INT4_MI2S_RX-and-HDMI
01-31 04:38:52.783   641   732 D msm8974_platform: platform_set_snd_device_backend: backend_tag_table[speaker-and-display-port]: old = speaker-and-display-port new = (null)
01-31 04:38:52.783   641   732 D msm8974_platform: platform_set_snd_device_backend: hw_interface_table[32] = INT4_MI2S_RX-and-DISPLAY_PORT
01-31 04:38:52.783   641   732 D msm8974_platform: platform_set_snd_device_backend: backend_tag_table[speaker-and-bt-sco]: old = null new = speaker-and-bt-sco
01-31 04:38:52.783   641   732 D msm8974_platform: platform_set_snd_device_backend: hw_interface_table[40] = SLIMBUS_0_RX-and-SLIMBUS_7_RX
01-31 04:38:52.783   641   732 D msm8974_platform: platform_set_snd_device_backend: backend_tag_table[speaker-and-bt-sco-wb]: old = null new = speaker-and-bt-sco-wb
01-31 04:38:52.783   641   732 D msm8974_platform: platform_set_snd_device_backend: hw_interface_table[42] = SLIMBUS_0_RX-and-SLIMBUS_7_RX
01-31 04:38:52.783   641   732 D msm8974_platform: platform_set_snd_device_backend: backend_tag_table[speaker-and-bt-a2dp]: old = speaker-and-bt-a2dp new = (null)
01-31 04:38:52.783   641   732 D msm8974_platform: platform_set_snd_device_backend: hw_interface_table[37] = INT4_MI2S_RX-and-SLIMBUS_7_RX
01-31 04:38:52.783   641   732 D msm8974_platform: platform_set_snd_device_backend: backend_tag_table[voice-tty-hco-handset]: old = null new = (null)
01-31 04:38:52.783   641   732 D msm8974_platform: platform_set_snd_device_backend: hw_interface_table[53] = INT4_MI2S_RX
01-31 04:38:52.783   641   732 D msm8974_platform: platform_set_snd_device_backend: backend_tag_table[anc-fb-headphones]: old = null new = (null)
01-31 04:38:52.783   641   732 D msm8974_platform: platform_set_snd_device_backend: hw_interface_table[70] = INT0_MI2S_RX
01-31 04:38:52.783   641   732 D msm8974_platform: platform_set_snd_device_backend: backend_tag_table[voice-anc-fb-headphones]: old = null new = (null)
01-31 04:38:52.783   641   732 D msm8974_platform: platform_set_snd_device_backend: hw_interface_table[72] = INT0_MI2S_RX
01-31 04:38:52.783   641   732 D msm8974_platform: platform_set_snd_device_backend: backend_tag_table[anc-handset]: old = null new = (null)
01-31 04:38:52.783   641   732 D msm8974_platform: platform_set_snd_device_backend: hw_interface_table[75] = INT4_MI2S_RX
01-31 04:38:52.783   641   732 D msm8974_platform: platform_set_snd_device_backend: backend_tag_table[speaker-protected]: old = null new = (null)
01-31 04:38:52.783   641   732 D msm8974_platform: platform_set_snd_device_backend: hw_interface_table[76] = INT4_MI2S_RX
01-31 04:38:52.783   641   732 D msm8974_platform: platform_set_snd_device_backend: backend_tag_table[voice-speaker-protected]: old = null new = (null)
01-31 04:38:52.783   641   732 D msm8974_platform: platform_set_snd_device_backend: hw_interface_table[77] = INT4_MI2S_RX
01-31 04:38:52.783   641   732 D msm8974_platform: platform_set_snd_device_backend: backend_tag_table[voice-speaker-2-protected]: old = null new = (null)
01-31 04:38:52.783   641   732 D msm8974_platform: platform_set_snd_device_backend: hw_interface_table[78] = INT4_MI2S_RX
01-31 04:38:52.784   641   732 D msm8974_platform: platform_set_snd_device_backend: backend_tag_table[speaker-protected-vbat]: old = null new = (null)
01-31 04:38:52.784   641   732 D msm8974_platform: platform_set_snd_device_backend: hw_interface_table[80] = INT4_MI2S_RX
01-31 04:38:52.784   641   732 D msm8974_platform: platform_set_snd_device_backend: backend_tag_table[voice-speaker-protected-vbat]: old = null new = (null)
01-31 04:38:52.784   641   732 D msm8974_platform: platform_set_snd_device_backend: hw_interface_table[81] = INT4_MI2S_RX
01-31 04:38:52.784   641   732 D msm8974_platform: platform_set_snd_device_backend: backend_tag_table[voice-speaker-2-protected-vbat]: old = null new = (null)
01-31 04:38:52.784   641   732 D msm8974_platform: platform_set_snd_device_backend: hw_interface_table[82] = INT4_MI2S_RX
01-31 04:38:52.784   641   732 D msm8974_platform: platform_set_snd_device_backend: backend_tag_table[wsa-speaker]: old = null new = (null)
01-31 04:38:52.784   641   732 D msm8974_platform: platform_set_snd_device_backend: hw_interface_table[83] = INT4_MI2S_RX
01-31 04:38:52.784   641   732 D msm8974_platform: platform_set_snd_device_backend: backend_tag_table[wsa-voice-speaker]: old = null new = (null)
01-31 04:38:52.784   641   732 D msm8974_platform: platform_set_snd_device_backend: hw_interface_table[84] = INT4_MI2S_RX
01-31 04:38:52.784   641   732 D msm8974_platform: platform_set_snd_device_backend: backend_tag_table[wsa-voice-speaker-2]: old = null new = (null)
01-31 04:38:52.784   641   732 D msm8974_platform: platform_set_snd_device_backend: hw_interface_table[85] = INT4_MI2S_RX
01-31 04:38:52.784   641   732 D msm8974_platform: platform_set_snd_device_backend: backend_tag_table[handset-mic]: old = null new = (null)
01-31 04:38:52.784   641   732 D msm8974_platform: platform_set_snd_device_backend: hw_interface_table[102] = INT3_MI2S_TX
01-31 04:38:52.784   641   732 D msm8974_platform: platform_set_snd_device_backend: backend_tag_table[handset-mic-ext]: old = null new = (null)
01-31 04:38:52.784   641   732 D msm8974_platform: platform_set_snd_device_backend: hw_interface_table[104] = INT3_MI2S_TX
01-31 04:38:52.784   641   732 D msm8974_platform: platform_set_snd_device_backend: backend_tag_table[handset-mic]: old = null new = (null)
01-31 04:38:52.784   641   732 D msm8974_platform: platform_set_snd_device_backend: hw_interface_table[105] = INT3_MI2S_TX
01-31 04:38:52.784   641   732 D msm8974_platform: platform_set_snd_device_backend: backend_tag_table[handset-mic]: old = null new = (null)
01-31 04:38:52.784   641   732 D msm8974_platform: platform_set_snd_device_backend: hw_interface_table[107] = INT3_MI2S_TX
01-31 04:38:52.784   641   732 D msm8974_platform: platform_set_snd_device_backend: backend_tag_table[handset-mic]: old = null new = (null)
01-31 04:38:52.784   641   732 D msm8974_platform: platform_set_snd_device_backend: hw_interface_table[109] = INT3_MI2S_TX
01-31 04:38:52.784   641   732 D msm8974_platform: platform_set_snd_device_backend: backend_tag_table[dmic-endfire]: old = null new = (null)
01-31 04:38:52.784   641   732 D msm8974_platform: platform_set_snd_device_backend: hw_interface_table[111] = INT3_MI2S_TX
01-31 04:38:52.784   641   732 D msm8974_platform: platform_set_snd_device_backend: backend_tag_table[dmic-endfire]: old = null new = (null)
01-31 04:38:52.784   641   732 D msm8974_platform: platform_set_snd_device_backend: hw_interface_table[112] = INT3_MI2S_TX
01-31 04:38:52.784   641   732 D msm8974_platform: platform_set_snd_device_backend: backend_tag_table[dmic-endfire]: old = null new = (null)
01-31 04:38:52.784   641   732 D msm8974_platform: platform_set_snd_device_backend: hw_interface_table[114] = INT3_MI2S_TX
01-31 04:38:52.784   641   732 D msm8974_platform: platform_set_snd_device_backend: backend_tag_table[dmic-endfire]: old = null new = (null)
01-31 04:38:52.784   641   732 D msm8974_platform: platform_set_snd_device_backend: hw_interface_table[116] = INT3_MI2S_TX
01-31 04:38:52.784   641   732 D msm8974_platform: platform_set_snd_device_backend: backend_tag_table[speaker-mic]: old = null new = (null)
01-31 04:38:52.784   641   732 D msm8974_platform: platform_set_snd_device_backend: hw_interface_table[118] = INT3_MI2S_TX
01-31 04:38:52.784   641   732 D msm8974_platform: platform_set_snd_device_backend: backend_tag_table[speaker-mic]: old = null new = (null)
01-31 04:38:52.784   641   732 D msm8974_platform: platform_set_snd_device_backend: hw_interface_table[120] = INT3_MI2S_TX
01-31 04:38:52.784   641   732 D msm8974_platform: platform_set_snd_device_backend: backend_tag_table[speaker-mic]: old = null new = (null)
01-31 04:38:52.784   641   732 D msm8974_platform: platform_set_snd_device_backend: hw_interface_table[122] = INT3_MI2S_TX
01-31 04:38:52.784   641   732 D msm8974_platform: platform_set_snd_device_backend: backend_tag_table[speaker-mic]: old = null new = (null)
01-31 04:38:52.784   641   732 D msm8974_platform: platform_set_snd_device_backend: hw_interface_table[124] = INT3_MI2S_TX
01-31 04:38:52.784   641   732 D msm8974_platform: platform_set_snd_device_backend: backend_tag_table[speaker-dmic-endfire]: old = null new = (null)
01-31 04:38:52.784   641   732 D msm8974_platform: platform_set_snd_device_backend: hw_interface_table[126] = INT3_MI2S_TX
01-31 04:38:52.784   641   732 D msm8974_platform: platform_set_snd_device_backend: backend_tag_table[speaker-dmic-endfire]: old = null new = (null)
01-31 04:38:52.784   641   732 D msm8974_platform: platform_set_snd_device_backend: hw_interface_table[127] = INT3_MI2S_TX
01-31 04:38:52.784   641   732 D msm8974_platform: platform_set_snd_device_backend: backend_tag_table[speaker-dmic-endfire]: old = null new = (null)
01-31 04:38:52.784   641   732 D msm8974_platform: platform_set_snd_device_backend: hw_interface_table[129] = INT3_MI2S_TX
01-31 04:38:52.784   641   732 D msm8974_platform: platform_set_snd_device_backend: backend_tag_table[speaker-dmic-endfire]: old = null new = (null)
01-31 04:38:52.784   641   732 D msm8974_platform: platform_set_snd_device_backend: hw_interface_table[131] = INT3_MI2S_TX
01-31 04:38:52.784   641   732 D msm8974_platform: platform_set_snd_device_backend: backend_tag_table[headset-mic]: old = null new = (null)
01-31 04:38:52.784   641   732 D msm8974_platform: platform_set_snd_device_backend: hw_interface_table[133] = INT3_MI2S_TX
01-31 04:38:52.784   641   732 D msm8974_platform: platform_set_snd_device_backend: backend_tag_table[headset-mic]: old = null new = (null)
01-31 04:38:52.784   641   732 D msm8974_platform: platform_set_snd_device_backend: hw_interface_table[135] = INT3_MI2S_TX
01-31 04:38:52.784   641   732 D msm8974_platform: platform_set_snd_device_backend: backend_tag_table[voice-speaker-mic]: old = null new = (null)
01-31 04:38:52.784   641   732 D msm8974_platform: platform_set_snd_device_backend: hw_interface_table[136] = INT3_MI2S_TX
01-31 04:38:52.784   641   732 D msm8974_platform: platform_set_snd_device_backend: backend_tag_table[voice-headset-mic]: old = null new = (null)
01-31 04:38:52.784   641   732 D msm8974_platform: platform_set_snd_device_backend: hw_interface_table[139] = INT3_MI2S_TX
01-31 04:38:52.785   641   732 D msm8974_platform: platform_set_snd_device_backend: backend_tag_table[hdmi-in]: old = hdmi-in new = (null)
01-31 04:38:52.785   641   732 D msm8974_platform: platform_set_snd_device_backend: hw_interface_table[141] = HDMI
01-31 04:38:52.785   641   732 D msm8974_platform: platform_set_snd_device_backend: backend_tag_table[bt-sco-mic]: old = bt-sco new = (null)
01-31 04:38:52.785   641   732 D msm8974_platform: platform_set_snd_device_backend: hw_interface_table[143] = SLIMBUS_7_TX
01-31 04:38:52.785   641   732 D msm8974_platform: platform_set_snd_device_backend: backend_tag_table[bt-sco-mic]: old = bt-sco new = (null)
01-31 04:38:52.785   641   732 D msm8974_platform: platform_set_snd_device_backend: hw_interface_table[144] = SLIMBUS_7_TX
01-31 04:38:52.785   641   732 D msm8974_platform: platform_set_snd_device_backend: backend_tag_table[bt-sco-mic-wb]: old = bt-sco-wb new = (null)
01-31 04:38:52.785   641   732 D msm8974_platform: platform_set_snd_device_backend: hw_interface_table[145] = SLIMBUS_7_TX
01-31 04:38:52.785   641   732 D msm8974_platform: platform_set_snd_device_backend: backend_tag_table[bt-sco-mic-wb]: old = bt-sco-wb new = (null)
01-31 04:38:52.785   641   732 D msm8974_platform: platform_set_snd_device_backend: hw_interface_table[146] = SLIMBUS_7_TX
01-31 04:38:52.785   641   732 D msm8974_platform: platform_set_snd_device_backend: backend_tag_table[camcorder-mic]: old = null new = (null)
01-31 04:38:52.785   641   732 D msm8974_platform: platform_set_snd_device_backend: hw_interface_table[150] = INT3_MI2S_TX
01-31 04:38:52.785   641   732 D msm8974_platform: platform_set_snd_device_backend: backend_tag_table[voice-dmic-ef]: old = null new = (null)
01-31 04:38:52.785   641   732 D msm8974_platform: platform_set_snd_device_backend: hw_interface_table[151] = INT3_MI2S_TX
01-31 04:38:52.785   641   732 D msm8974_platform: platform_set_snd_device_backend: backend_tag_table[voice-speaker-dmic-ef]: old = null new = (null)
01-31 04:38:52.785   641   732 D msm8974_platform: platform_set_snd_device_backend: hw_interface_table[154] = INT3_MI2S_TX
01-31 04:38:52.785   641   732 D msm8974_platform: platform_set_snd_device_backend: backend_tag_table[voice-speaker-qmic]: old = null new = (null)
01-31 04:38:52.785   641   732 D msm8974_platform: platform_set_snd_device_backend: hw_interface_table[157] = INT3_MI2S_TX
01-31 04:38:52.785   641   732 D msm8974_platform: platform_set_snd_device_backend: backend_tag_table[voice-tty-full-headset-mic]: old = null new = (null)
01-31 04:38:52.785   641   732 D msm8974_platform: platform_set_snd_device_backend: hw_interface_table[158] = INT3_MI2S_TX
01-31 04:38:52.785   641   732 D msm8974_platform: platform_set_snd_device_backend: backend_tag_table[voice-tty-vco-handset-mic]: old = null new = (null)
01-31 04:38:52.785   641   732 D msm8974_platform: platform_set_snd_device_backend: hw_interface_table[159] = INT3_MI2S_TX
01-31 04:38:52.785   641   732 D msm8974_platform: platform_set_snd_device_backend: backend_tag_table[voice-tty-hco-headset-mic]: old = null new = (null)
01-31 04:38:52.785   641   732 D msm8974_platform: platform_set_snd_device_backend: hw_interface_table[160] = INT3_MI2S_TX
01-31 04:38:52.785   641   732 D msm8974_platform: platform_set_snd_device_backend: backend_tag_table[voice-rec-mic]: old = null new = (null)
01-31 04:38:52.785   641   732 D msm8974_platform: platform_set_snd_device_backend: hw_interface_table[163] = INT3_MI2S_TX
01-31 04:38:52.785   641   732 D msm8974_platform: platform_set_snd_device_backend: backend_tag_table[voice-rec-mic]: old = null new = (null)
01-31 04:38:52.785   641   732 D msm8974_platform: platform_set_snd_device_backend: hw_interface_table[164] = INT3_MI2S_TX
01-31 04:38:52.785   641   732 D msm8974_platform: platform_set_snd_device_backend: backend_tag_table[voice-rec-dmic-ef]: old = null new = (null)
01-31 04:38:52.785   641   732 D msm8974_platform: platform_set_snd_device_backend: hw_interface_table[167] = INT3_MI2S_TX
01-31 04:38:52.785   641   732 D msm8974_platform: platform_set_snd_device_backend: backend_tag_table[voice-rec-dmic-ef-fluence]: old = null new = (null)
01-31 04:38:52.785   641   732 D msm8974_platform: platform_set_snd_device_backend: hw_interface_table[168] = INT3_MI2S_TX
01-31 04:38:52.785   641   732 D msm8974_platform: platform_set_snd_device_backend: backend_tag_table[aanc-handset-mic]: old = null new = (null)
01-31 04:38:52.785   641   732 D msm8974_platform: platform_set_snd_device_backend: hw_interface_table[181] = INT3_MI2S_TX
01-31 04:38:52.785   641   732 D msm8974_platform: platform_set_snd_device_backend: backend_tag_table[quad-mic]: old = null new = (null)
01-31 04:38:52.785   641   732 D msm8974_platform: platform_set_snd_device_backend: hw_interface_table[182] = INT3_MI2S_TX
01-31 04:38:52.785   641   732 E msm8974_platform: find_index: Could not find index for name = SND_DEVICE_IN_HANDSET_STEREO_DMIC
01-31 04:38:52.785   641   732 E platform_info: process_backend_name: Device SND_DEVICE_IN_HANDSET_STEREO_DMIC not found, no ACDB ID set!
01-31 04:38:52.786   641   732 E msm8974_platform: find_index: Could not find index for name = SND_DEVICE_IN_SPEAKER_STEREO_DMIC
01-31 04:38:52.786   641   732 E platform_info: process_backend_name: Device SND_DEVICE_IN_SPEAKER_STEREO_DMIC not found, no ACDB ID set!
01-31 04:38:52.786   641   732 D msm8974_platform: platform_set_snd_device_backend: backend_tag_table[vi-feedback]: old = null new = (null)
01-31 04:38:52.786   641   732 D msm8974_platform: platform_set_snd_device_backend: hw_interface_table[185] = INT5_MI2S_TX
01-31 04:38:52.786   641   732 D msm8974_platform: platform_set_snd_device_backend: backend_tag_table[vi-feedback-mono-1]: old = null new = (null)
01-31 04:38:52.786   641   732 D msm8974_platform: platform_set_snd_device_backend: hw_interface_table[186] = INT5_MI2S_TX
01-31 04:38:52.786   641   732 D msm8974_platform: platform_set_snd_device_backend: backend_tag_table[vi-feedback-mono-2]: old = null new = (null)
01-31 04:38:52.786   641   732 D msm8974_platform: platform_set_snd_device_backend: hw_interface_table[187] = INT5_MI2S_TX
01-31 04:38:52.786   641   732 D msm8974_platform: platform_set_snd_device_backend: backend_tag_table[voice-speaker-dmic-broadside]: old = null new = (null)
01-31 04:38:52.786   641   732 D msm8974_platform: platform_set_snd_device_backend: hw_interface_table[188] = INT3_MI2S_TX
01-31 04:38:52.786   641   732 D msm8974_platform: platform_set_snd_device_backend: backend_tag_table[speaker-dmic-broadside]: old = null new = (null)
01-31 04:38:52.786   641   732 D msm8974_platform: platform_set_snd_device_backend: hw_interface_table[189] = INT3_MI2S_TX
01-31 04:38:52.786   641   732 D msm8974_platform: platform_set_snd_device_backend: backend_tag_table[speaker-dmic-broadside]: old = null new = (null)
01-31 04:38:52.786   641   732 D msm8974_platform: platform_set_snd_device_backend: hw_interface_table[190] = INT3_MI2S_TX
01-31 04:38:52.786   641   732 D msm8974_platform: platform_set_snd_device_backend: backend_tag_table[speaker-dmic-broadside]: old = null new = (null)
01-31 04:38:52.786   641   732 D msm8974_platform: platform_set_snd_device_backend: hw_interface_table[191] = INT3_MI2S_TX
01-31 04:38:52.786   641   732 D msm8974_platform: platform_set_snd_device_backend: backend_tag_table[speaker-dmic-broadside]: old = null new = (null)
01-31 04:38:52.786   641   732 D msm8974_platform: platform_set_snd_device_backend: hw_interface_table[192] = INT3_MI2S_TX
01-31 04:38:52.786   641   732 D msm8974_platform: platform_set_snd_device_backend: backend_tag_table[aanc-handset-mic]: old = null new = (null)
01-31 04:38:52.786   641   732 D msm8974_platform: platform_set_snd_device_backend: hw_interface_table[193] = INT3_MI2S_TX
01-31 04:38:52.786   641   732 D msm8974_platform: platform_set_snd_device_backend: backend_tag_table[quad-mic]: old = null new = (null)
01-31 04:38:52.786   641   732 D msm8974_platform: platform_set_snd_device_backend: hw_interface_table[194] = INT3_MI2S_TX
01-31 04:38:52.786   641   732 D msm8974_platform: platform_set_snd_device_backend: backend_tag_table[quad-mic]: old = null new = (null)
01-31 04:38:52.786   641   732 D msm8974_platform: platform_set_snd_device_backend: hw_interface_table[196] = INT3_MI2S_TX
01-31 04:38:52.786   641   732 D msm8974_platform: platform_set_snd_device_backend: backend_tag_table[quad-mic]: old = null new = (null)
01-31 04:38:52.786   641   732 D msm8974_platform: platform_set_snd_device_backend: hw_interface_table[197] = INT3_MI2S_TX
01-31 04:38:52.788   641   732 D msm8974_platform: platform_set_snd_device_backend: backend_tag_table[quad-mic]: old = null new = (null)
01-31 04:38:52.788   641   732 D msm8974_platform: platform_set_snd_device_backend: hw_interface_table[198] = INT3_MI2S_TX
01-31 04:38:52.788   641   732 D msm8974_platform: platform_set_snd_device_backend: backend_tag_table[three-mic]: old = null new = (null)
01-31 04:38:52.788   641   732 D msm8974_platform: platform_set_snd_device_backend: hw_interface_table[200] = INT3_MI2S_TX
01-31 04:38:52.788   641   732 D msm8974_platform: platform_set_snd_device_backend: backend_tag_table[three-mic]: old = null new = (null)
01-31 04:38:52.788   641   732 D msm8974_platform: platform_set_snd_device_backend: hw_interface_table[202] = INT3_MI2S_TX
01-31 04:38:52.788   641   732 D msm8974_platform: platform_set_snd_device_backend: backend_tag_table[three-mic]: old = null new = (null)
01-31 04:38:52.788   641   732 D msm8974_platform: platform_set_snd_device_backend: hw_interface_table[209] = INT3_MI2S_TX
01-31 04:38:52.788   641   732 D msm8974_platform: platform_set_snd_device_backend: backend_tag_table[unprocessed-mic]: old = null new = (null)
01-31 04:38:52.788   641   732 D msm8974_platform: platform_set_snd_device_backend: hw_interface_table[210] = INT3_MI2S_TX
01-31 04:38:52.788   641   732 D msm8974_platform: platform_set_snd_device_backend: backend_tag_table[unprocessed-stereo-mic]: old = null new = (null)
01-31 04:38:52.788   641   732 D msm8974_platform: platform_set_snd_device_backend: hw_interface_table[211] = INT3_MI2S_TX
01-31 04:38:52.788   641   732 D msm8974_platform: platform_set_snd_device_backend: backend_tag_table[unprocessed-three-mic]: old = null new = (null)
01-31 04:38:52.788   641   732 D msm8974_platform: platform_set_snd_device_backend: hw_interface_table[212] = INT3_MI2S_TX
01-31 04:38:52.788   641   732 D msm8974_platform: platform_set_snd_device_backend: backend_tag_table[unprocessed-quad-mic]: old = null new = (null)
01-31 04:38:52.788   641   732 D msm8974_platform: platform_set_snd_device_backend: hw_interface_table[213] = INT3_MI2S_TX
01-31 04:38:52.788   641   732 D msm8974_platform: platform_set_snd_device_backend: backend_tag_table[unprocessed-headset-mic]: old = null new = (null)
01-31 04:38:52.788   641   732 D msm8974_platform: platform_set_snd_device_backend: hw_interface_table[214] = INT3_MI2S_TX
01-31 04:38:52.788   641   732 E msm8974_platform: find_index: Could not find index for name = SND_DEVICE_OUT_VOICE_SPEAKER_AND_VOICE_HEADPHONES
01-31 04:38:52.788   641   732 E platform_info: process_backend_name: Device SND_DEVICE_OUT_VOICE_SPEAKER_AND_VOICE_HEADPHONES not found, no ACDB ID set!
01-31 04:38:52.788   641   732 E msm8974_platform: find_index: Could not find index for name = SND_DEVICE_OUT_VOICE_SPEAKER_AND_VOICE_ANC_HEADSET
01-31 04:38:52.788   641   732 E platform_info: process_backend_name: Device SND_DEVICE_OUT_VOICE_SPEAKER_AND_VOICE_ANC_HEADSET not found, no ACDB ID set!
01-31 04:38:52.790   641   732 E msm8974_platform: find_index: Could not find index for name = SND_DEVICE_IN_HANDSET_STEREO_DMIC
01-31 04:38:52.790   641   732 E platform_info: process_snd_dev: Sound device not valid
01-31 04:38:52.790   641   732 E platform_info: start_tag: Error in previous tags, do not process mic info
01-31 04:38:52.790   641   732 E platform_info: start_tag: Error in previous tags, do not process mic info
01-31 04:38:52.790   641   732 E msm8974_platform: find_index: Could not find index for name = SND_DEVICE_IN_SPEAKER_STEREO_DMIC
01-31 04:38:52.790   641   732 E platform_info: process_snd_dev: Sound device not valid
01-31 04:38:52.790   641   732 E platform_info: start_tag: Error in previous tags, do not process mic info
01-31 04:38:52.790   641   732 E platform_info: start_tag: Error in previous tags, do not process mic info
01-31 04:38:52.792     0     0 I core_get_license_status: cmdrsp_license_result.result = 0x15 for module 0x131ff
01-31 04:38:52.793   641   732 E audio_hw_extn: audio_extn_perf_lock_acquire: Failed to acquire perf lock, err: -1
01-31 04:38:52.794     0     0 E msm-ext-disp-audio-codec-rx soc: qcom,msm-ext-disp:qcom,msm-ext-disp-audio-codec-rx: msm_ext_disp_audio_type_get: Display cable disconnected
01-31 04:38:52.794   641   732 D msm8974_platform: platform_init: Loading mixer file: /vendor/etc/mixer_paths_i40.xml
01-31 04:38:52.794     0     0 E msm-ext-disp-audio-codec-rx soc: qcom,msm-ext-disp:qcom,msm-ext-disp-audio-codec-rx: msm_ext_disp_audio_type_get: Display cable disconnected
01-31 04:38:52.797   910   995 I ServiceManager: Waiting for service 'package_native' on '/dev/binder'...
01-31 04:38:52.797     0     0 I         : sn65dsi86_dsi2edp_enable_lately_2nd_part start
01-31 04:38:52.817     0     0 E         : msm_pcm_path_latency_ctl_get substream runtime not found
01-31 04:38:52.817  1117  1117 I system_server: The ClassLoaderContext is a special shared library.
01-31 04:38:52.831     0     0 I chatty  : uid=0(root) logd identical 4 lines
01-31 04:38:52.836     0     0 E         : msm_pcm_path_latency_ctl_get substream runtime not found
01-31 04:38:52.855  1117  1117 I chatty  : uid=1000 system_server identical 1 line
01-31 04:38:52.892  1117  1117 I system_server: The ClassLoaderContext is a special shared library.
01-31 04:38:52.898   910   995 I ServiceManager: Waiting for service 'package_native' on '/dev/binder'...
01-31 04:38:52.910  1117  1117 I system_server: The ClassLoaderContext is a special shared library.
01-31 04:38:52.914   712  1097 I tftp_server: pid=712 tid=1097 tftp-server : INF :[tftp_server.c, 1499] WRQ stats : total-blocks = 1 : total-bytes = 5 : 5 timedout-pkts = 0, wrong-pkts = 0
01-31 04:38:52.914   712  1097 I tftp_server: pid=712 tid=1097 tftp-server : INF :[tftp_server.c, 1507] WRQ file stats [port: 29]: Total : [fwrite, fflush] = [12, 2722] max: 12 min: 0
01-31 04:38:52.914   712  1097 I tftp_server: pid=712 tid=1097 tftp-server : INF :[tftp_server.c, 1511] WRQ time stats : Total : [TX, RX] = [50, 1051614]
01-31 04:38:52.914   712  1097 I tftp_server: pid=712 tid=1097 tftp-server : INF :[tftp_server.c, 1515] WRQ time stats : Tx [Min, Max] = [21, 29]
01-31 04:38:52.914   712  1097 I tftp_server: pid=712 tid=1097 tftp-server : INF :[tftp_server.c, 1520] WRQ time stats [port : 29]: Rx [Min, Max] = [439, 1051175]
01-31 04:38:52.914   712  1097 I tftp_server: pid=712 tid=1097 tftp-server : INF :[tftp_server.c, 1807] WRQ Total API = 1060452
01-31 04:38:52.948  1117  1117 I SystemServer: InitBeforeStartServices
01-31 04:38:52.950  1117  1117 I system_server_start: [1,15290,15290]
01-31 04:38:52.952  1117  1117 I SystemServer: Entered the Android system server!
01-31 04:38:52.952  1117  1117 I boot_progress_system_run: 15294
01-31 04:38:52.952  1117  1117 I sysui_multi_action: [757,804,799,boot_system_server_init,801,15294,802,1]
01-31 04:38:52.953   907   976 E statsd  : Found dropped events: 1 error -19 last atom tag 83 from uid 1000
01-31 04:38:52.977   641   641 E audio_route: Control 'LSM6 Mixer INT3_MI2S_TX' doesn't exist - skipping
01-31 04:38:52.977   641   641 E audio_route: Control 'LSM7 Mixer INT3_MI2S_TX' doesn't exist - skipping
01-31 04:38:52.978   641   641 E audio_route: Control 'LSM8 Mixer INT3_MI2S_TX' doesn't exist - skipping
01-31 04:38:52.980   641   641 E audio_route: Control 'LSM6 Mixer INT3_MI2S_TX' doesn't exist - skipping
01-31 04:38:52.980   641   641 E audio_route: Control 'LSM7 Mixer INT3_MI2S_TX' doesn't exist - skipping
01-31 04:38:52.980   641   641 E audio_route: Control 'LSM8 Mixer INT3_MI2S_TX' doesn't exist - skipping
01-31 04:38:52.981   641   641 E audio_route: Control 'LSM6 Mixer INT3_MI2S_TX' doesn't exist - skipping
01-31 04:38:52.981   641   641 E audio_route: Control 'LSM7 Mixer INT3_MI2S_TX' doesn't exist - skipping
01-31 04:38:52.982   641   641 E audio_route: Control 'LSM8 Mixer INT3_MI2S_TX' doesn't exist - skipping
01-31 04:38:52.996   641   641 W sound_trigger_platform: load_acdb: acdb_loader_send_listen_device_cal_v1 not found. undefined symbol: acdb_loader_send_listen_device_cal_v1
01-31 04:38:52.996   641   641 W sound_trigger_platform: load_acdb: acdb_loader_send_listen_lsm_cal_v1 not found. undefined symbol: acdb_loader_send_listen_lsm_cal_v1
01-31 04:38:52.996   641   641 I audio_hw_extn: audio_extn_set_snd_card_split: snd_card_name(sdm660-snd-card-i40) device(sdm660) snd_card(snd) form_factor(card)
01-31 04:38:52.996   641   641 D platform_info: platform_info_init: Failed to open audio_platform_info.xml, using defaults.
01-31 04:38:52.996   641   641 E audio_hw_acdb: acdb_init_v2: dlsym error undefined symbol: acdb_loader_init_v4 for acdb_loader_init_v4
01-31 04:38:52.996   641   641 D ACDB-LOADER: ACDB -> No .acdb files found in /vendor/etc/acdbdata!
01-31 04:38:52.996   641   641 D ACDB-LOADER: ACDB -> found 0 form factor & soundcard independant files
01-31 04:38:52.996   641   641 I ACDB-LOADER: ACDB -> Load EANS on ACDB
01-31 04:38:52.996   641   641 I ACDB-LOADER: ACDB -> Load cts off ACDB
01-31 04:38:52.998   910   995 I ServiceManager: Waiting for service 'package_native' on '/dev/binder'...
01-31 04:38:52.999   641   641 D ACDB-LOADER: ACDB -> Load file: /vendor/etc/acdbdata/QRD/sdm660-snd-card-i40/QRD_I40_Bluetooth_cal.acdb
01-31 04:38:52.999   641   641 D ACDB-LOADER: ACDB -> Load file: /vendor/etc/acdbdata/QRD/sdm660-snd-card-i40/QRD_I40_General_cal.acdb
01-31 04:38:52.999   641   641 D ACDB-LOADER: ACDB -> Load file: /vendor/etc/acdbdata/QRD/sdm660-snd-card-i40/QRD_I40_Hdmi_cal.acdb
01-31 04:38:52.999   641   641 D ACDB-LOADER: ACDB -> Load file: /vendor/etc/acdbdata/QRD/sdm660-snd-card-i40/QRD_I40_workspaceFile.qwsp
01-31 04:38:52.999   641   641 D ACDB-LOADER: ACDB -> Load file: /vendor/etc/acdbdata/QRD/sdm660-snd-card-i40/QRD_I40_Headset_cal.acdb
01-31 04:38:52.999   641   641 D ACDB-LOADER: ACDB -> Load file: /vendor/etc/acdbdata/QRD/sdm660-snd-card-i40/QRD_I40_Handset_cal.acdb
01-31 04:38:52.999   641   641 D ACDB-LOADER: ACDB -> Load file: /vendor/etc/acdbdata/QRD/sdm660-snd-card-i40/QRD_I40_Global_cal.acdb
01-31 04:38:52.999   641   641 D ACDB-LOADER: ACDB -> Load file: /vendor/etc/acdbdata/QRD/sdm660-snd-card-i40/QRD_I40_Speaker_cal.acdb
01-31 04:38:52.999   641   641 D ACDB-LOADER: ACDB -> ACDB_CMD_INITIALIZE_V2
01-31 04:38:53.000   641   641 D         : [ACDB Command]->SW Minor/Major/Revision version info for /vendor/etc/acdbdata/QRD/sdm660-snd-card-i40/QRD_I40_Bluetooth_cal.acdb
01-31 04:38:53.000   641   641 D         : [ACDB Command]->ACDB Sw Major = 9, ACDB Sw Minor = 0, ACDB Sw Revision = 4, ACDB Sw Cpl Number = 0
01-31 04:38:53.000   641   641 D         : [ACDB Command]->ACDB File Major = 9, ACDB File Minor = 0, ACDB File Revision = 11, ACDB File Cpl Number = 0
01-31 04:38:53.001   641   641 D         : [ACDB Command]->SW Minor/Major/Revision version info for /vendor/etc/acdbdata/QRD/sdm660-snd-card-i40/QRD_I40_General_cal.acdb
01-31 04:38:53.001   641   641 D         : [ACDB Command]->ACDB Sw Major = 9, ACDB Sw Minor = 0, ACDB Sw Revision = 4, ACDB Sw Cpl Number = 0
01-31 04:38:53.001   641   641 D         : [ACDB Command]->ACDB File Major = 9, ACDB File Minor = 0, ACDB File Revision = 11, ACDB File Cpl Number = 0
01-31 04:38:53.002   641   641 D         : [ACDB Command]->SW Minor/Major/Revision version info for /vendor/etc/acdbdata/QRD/sdm660-snd-card-i40/QRD_I40_Hdmi_cal.acdb
01-31 04:38:53.002   641   641 D         : [ACDB Command]->ACDB Sw Major = 9, ACDB Sw Minor = 0, ACDB Sw Revision = 4, ACDB Sw Cpl Number = 0
01-31 04:38:53.002   641   641 D         : [ACDB Command]->ACDB File Major = 9, ACDB File Minor = 0, ACDB File Revision = 11, ACDB File Cpl Number = 0
01-31 04:38:53.002   641   641 D         : [ACDB Command]->SW Minor/Major/Revision version info for /vendor/etc/acdbdata/QRD/sdm660-snd-card-i40/QRD_I40_workspaceFile.qwsp
01-31 04:38:53.002   641   641 D         : [ACDB Command]->ACDB Sw Major = 9, ACDB Sw Minor = 0, ACDB Sw Revision = 4, ACDB Sw Cpl Number = 0
01-31 04:38:53.002   641   641 D         : [ACDB Command]->ACDB File Major = 9, ACDB File Minor = 0, ACDB File Revision = 11
01-31 04:38:53.004   641   641 D         : [ACDB Command]->SW Minor/Major/Revision version info for /vendor/etc/acdbdata/QRD/sdm660-snd-card-i40/QRD_I40_Headset_cal.acdb
01-31 04:38:53.004   641   641 D         : [ACDB Command]->ACDB Sw Major = 9, ACDB Sw Minor = 0, ACDB Sw Revision = 4, ACDB Sw Cpl Number = 0
01-31 04:38:53.004   641   641 D         : [ACDB Command]->ACDB File Major = 9, ACDB File Minor = 0, ACDB File Revision = 11, ACDB File Cpl Number = 0
01-31 04:38:53.006   641   641 D         : [ACDB Command]->SW Minor/Major/Revision version info for /vendor/etc/acdbdata/QRD/sdm660-snd-card-i40/QRD_I40_Handset_cal.acdb
01-31 04:38:53.006   641   641 D         : [ACDB Command]->ACDB Sw Major = 9, ACDB Sw Minor = 0, ACDB Sw Revision = 4, ACDB Sw Cpl Number = 0
01-31 04:38:53.006   641   641 D         : [ACDB Command]->ACDB File Major = 9, ACDB File Minor = 0, ACDB File Revision = 11, ACDB File Cpl Number = 0
01-31 04:38:53.006   641   641 D         : [ACDB Command]->SW Minor/Major/Revision version info for /vendor/etc/acdbdata/QRD/sdm660-snd-card-i40/QRD_I40_Global_cal.acdb
01-31 04:38:53.006   641   641 D         : [ACDB Command]->ACDB Sw Major = 9, ACDB Sw Minor = 0, ACDB Sw Revision = 4, ACDB Sw Cpl Number = 0
01-31 04:38:53.006   641   641 D         : [ACDB Command]->ACDB File Major = 9, ACDB File Minor = 0, ACDB File Revision = 11, ACDB File Cpl Number = 0
01-31 04:38:53.008     0     0 I         : DisplayPort Link Semi-Auto train Success!!
01-31 04:38:53.009   641   641 D         : [ACDB Command]->SW Minor/Major/Revision version info for /vendor/etc/acdbdata/QRD/sdm660-snd-card-i40/QRD_I40_Speaker_cal.acdb
01-31 04:38:53.009   641   641 D         : [ACDB Command]->ACDB Sw Major = 9, ACDB Sw Minor = 0, ACDB Sw Revision = 4, ACDB Sw Cpl Number = 0
01-31 04:38:53.009   641   641 D         : [ACDB Command]->ACDB File Major = 9, ACDB File Minor = 0, ACDB File Revision = 11, ACDB File Cpl Number = 0
01-31 04:38:53.009   641   641 D ACDB-LOADER: ACDB -> ACPH INIT
01-31 04:38:53.009   641   641 D         : [ACPH]->Online service registered with ACPH
01-31 04:38:53.010   641   641 D         : [ACPH]->ACPH init success
01-31 04:38:53.010   641   641 D ACDB-LOADER: ACDB -> RTAC INIT
01-31 04:38:53.010   641   641 D         : [ACPH]->DSP RTC service registered with ACPH
01-31 04:38:53.010   641   641 D ACDB-LOADER: ACDB -> MCS, FTS INIT
01-31 04:38:53.011   641   641 D         : [ACPH]->MCS RTC service registered with ACPH
01-31 04:38:53.011   641   641 D         : [ACPH]->FTS RTC service registered with ACPH
01-31 04:38:53.011   641   641 D ACDB-LOADER: ACDB -> ADIE RTAC INIT
01-31 04:38:53.011   641   641 D         : [ACPH]->ADIE RTC service registered with ACPH
01-31 04:38:53.011   641   641 D ACDB-LOADER: ACDB -> ACDB_CMD_GET_VOC_PROC_DYNAMIC_TABLE_SIZE
01-31 04:38:53.012   641   641 E ion     : ioctl c0044901 failed with code -1: Not a typewriter
01-31 04:38:53.019   641   641 D ACDB-LOADER: ACDB -> send_common_custom_topology
01-31 04:38:53.019   641   641 D ACDB-LOADER: ACDB -> ACDB_CMD_GET_AVCS_CUSTOM_TOPO_INFO_SIZE
01-31 04:38:53.019   641   641 D ACDB-LOADER: ACDB -> ACDB_CMD_GET_AVCS_CUSTOM_TOPO_INFO
01-31 04:38:53.019   641   641 D ACDB-LOADER: ACDB -> ACDB_CMD_GET_AVCS_CUSTOM_TOPO_INFO: size:0x1d0 ret=0 
01-31 04:38:53.019   641   641 D ACDB-LOADER: ACDB -> CORE_CUSTOM_TOPOLOGIES
01-31 04:38:53.022   641   641 D ACDB-LOADER: ACDB -> acdb_loader_send_common_custom_topology: Common custom topology in use
01-31 04:38:53.022   641   641 D ACDB-LOADER: ACDB -> init done!
01-31 04:38:53.022   641   641 D audio_hw_acdb: acdb_init_v2: ACDB Instance ID support after ACDB init:0
01-31 04:38:53.023   641   641 D sound_trigger_platform: platform_stdev_init Opening device /dev/snd/hwC0D1002 for vad hwdep config
01-31 04:38:53.023   641   641 D sound_trigger_platform: platform_stdev_init: cannot open device '/dev/snd/hwC0D1002', error:No such file or directory
01-31 04:38:53.023   641   641 D sound_trigger_platform: get_codec_version: codec version 
01-31 04:38:53.024   641   641 I SoundTriggerHalImpl: onFirstRef() mModuleName primary mHwDevice 0xeb9be000
01-31 04:38:53.025   641   641 I ServiceManagement: Registered android.hardware.soundtrigger@2.1::ISoundTriggerHw/default (start delay of 3077ms)
01-31 04:38:53.025   641   641 I audiohalservice: Registration complete for android.hardware.soundtrigger@2.1::ISoundTriggerHw/default.
01-31 04:38:53.029   641   641 I BTAudioProviderA2dpSoftware: A2dpSoftwareAudioProvider - size of audio buffer 7168 byte(s)
01-31 04:38:53.030   641   641 I BTAudioProviderHearingAid: HearingAidAudioProvider - size of audio buffer 3584 byte(s)
01-31 04:38:53.031   641   641 I ServiceManagement: Registered android.hardware.bluetooth.audio@2.0::IBluetoothAudioProvidersFactory/default (start delay of 3083ms)
01-31 04:38:53.031   641   641 I audiohalservice: Registration complete for android.hardware.bluetooth.audio@2.0::IBluetoothAudioProvidersFactory/default.
01-31 04:38:53.031   474   474 I hwservicemanager: getTransport: Cannot find entry android.hardware.bluetooth.a2dp@1.0::IBluetoothAudioOffload/default in either framework or device manifest.
01-31 04:38:53.031   641   641 E audiohalservice: Could not get passthrough implementation for android.hardware.bluetooth.a2dp@1.0::IBluetoothAudioOffload/default.
01-31 04:38:53.032   641   641 W audiohalservice: Could not register Bluetooth audio offload 1.0
01-31 04:38:53.099   910   995 I ServiceManager: Waiting for service 'package_native' on '/dev/binder'...
01-31 04:38:53.163  1117  1117 E UsbAlsaJackDetectorJNI: Can't register UsbAlsaJackDetector native methods
01-31 04:38:53.171     0     0 E         : msm_qti_pp_get_rms_value_control, back not active to query rms be_idx:3
01-31 04:38:53.187  1117  1117 E         : Activity trigger handling disabled.
01-31 04:38:53.191     0     0 I core_get_license_status: cmdrsp_license_result.result = 0x15 for module 0x131ff
01-31 04:38:53.193     0     0 E msm-ext-disp-audio-codec-rx soc: qcom,msm-ext-disp:qcom,msm-ext-disp-audio-codec-rx: msm_ext_disp_audio_type_get: Display cable disconnected
01-31 04:38:53.193     0     0 E msm-ext-disp-audio-codec-rx soc: qcom,msm-ext-disp:qcom,msm-ext-disp-audio-codec-rx: msm_ext_disp_audio_type_get: Display cable disconnected
01-31 04:38:53.197  1117  1117 D SystemServerTiming: InitBeforeStartServices took to complete: 249ms
01-31 04:38:53.197  1117  1117 I SystemServer: StartServices
01-31 04:38:53.197  1117  1117 I SystemServer: StartWatchdog
01-31 04:38:53.199   910   995 I ServiceManager: Waiting for service 'package_native' on '/dev/binder'...
01-31 04:38:53.209  1117  1117 D SystemServerTiming: StartWatchdog took to complete: 12ms
01-31 04:38:53.209  1117  1117 I SystemServer: Reading configuration...
01-31 04:38:53.209  1117  1117 I SystemServer: ReadingSystemConfig
01-31 04:38:53.209  1117  1117 D SystemServerTiming: ReadingSystemConfig took to complete: 0ms
01-31 04:38:53.209  1117  1117 I SystemServer: StartInstaller
01-31 04:38:53.209  1117  1117 I SystemServiceManager: Starting com.android.server.pm.Installer
01-31 04:38:53.209  1117  1148 D SystemServerInitThreadPool: Started executing ReadingSystemConfig
01-31 04:38:53.213   896   920 D installd: Found quota mount /dev/block/bootdevice/by-name/userdata at /data
01-31 04:38:53.214  1117  1117 D SystemServerTiming: StartInstaller took to complete: 4ms
01-31 04:38:53.214  1117  1117 I SystemServer: DeviceIdentifiersPolicyService
01-31 04:38:53.214  1117  1117 I SystemServiceManager: Starting com.android.server.os.DeviceIdentifiersPolicyService
01-31 04:38:53.215  1117  1117 D SystemServerTiming: DeviceIdentifiersPolicyService took to complete: 1ms
01-31 04:38:53.215  1117  1117 I SystemServer: UriGrantsManagerService
01-31 04:38:53.215  1117  1117 I SystemServiceManager: Starting com.android.server.uri.UriGrantsManagerService$Lifecycle
01-31 04:38:53.215  1117  1117 D SystemServerTiming: UriGrantsManagerService took to complete: 1ms
01-31 04:38:53.215  1117  1117 I SystemServer: StartActivityManager
01-31 04:38:53.215  1117  1117 I SystemServiceManager: Starting com.android.server.wm.ActivityTaskManagerService$Lifecycle
01-31 04:38:53.220  1117  1117 I SystemServiceManager: Starting com.android.server.am.ActivityManagerService$Lifecycle
01-31 04:38:53.227     0     0 E msm_cci_wait: 306 wait for queue: 0
01-31 04:38:53.227     0     0 E msm_cci_transfer_end: 558 failed rc -110
01-31 04:38:53.227     0     0 E msm_cci_data_queue: 815 failed rc -110
01-31 04:38:53.227     0     0 E msm_camera_cci_i2c_write: line 134 rc = -110
01-31 04:38:53.228     0     0 E msm_cci_irq: 1805 MASTER_0 error 0x8000000
01-31 04:38:53.228     0     0 E         : msm_pcm_path_latency_ctl_get substream runtime not found
01-31 04:38:53.232  1117  1117 I ActivityManager: dalvik.vm.heapgrowthlimit=256m
01-31 04:38:53.232  1117  1117 I ActivityManager: dalvik.vm.heapsize=512m
01-31 04:38:53.232  1117  1117 I ActivityManager: persist.vendor.dalvik.vm.heapglimit=
01-31 04:38:53.232  1117  1117 I ActivityManager: persist.vendor.dalvik.vm.heapsize=
01-31 04:38:53.232  1117  1117 I ActivityManager: Memory class: 256
01-31 04:38:53.236  1117  1117 E libpsi  : No kernel psi monitor support (errno=2)
01-31 04:38:53.236  1117  1117 E LowMemDetector: Failed to register psi trigger
01-31 04:38:53.241     0     0 I chatty  : uid=0(root) logd identical 4 lines
01-31 04:38:53.246     0     0 E         : msm_pcm_path_latency_ctl_get substream runtime not found
01-31 04:38:53.246  1117  1117 D BatteryStatsImpl: Reading daily items from /data/system/batterystats-daily.xml
01-31 04:38:53.251   474   474 I hwservicemanager: getTransport: Cannot find entry android.hardware.power.stats@1.0::IPowerStats/default in either framework or device manifest.
01-31 04:38:53.252  1117  1155 I BatteryStatsService: Using power HAL
01-31 04:38:53.252  1117  1155 E BatteryStatsService: Unable to load Power.Stats.HAL. Setting rail availability to false
01-31 04:38:53.253  1117  1155 E BluetoothAdapter: Bluetooth binder is null
01-31 04:38:53.253  1117  1155 E BatteryExternalStatsWorker: no controller energy info supplied for telephony
01-31 04:38:53.256  1117  1155 I KernelCpuUidFreqTimeReader: mPerClusterTimesAvailable=true
01-31 04:38:53.260  1117  1155 E KernelCpuSpeedReader: Failed to read cpu-freq: /sys/devices/system/cpu/cpu4/cpufreq/stats/time_in_state: open failed: ENOENT (No such file or directory)
01-31 04:38:53.260  1117  1155 E KernelCpuSpeedReader: Failed to read cpu-freq: /sys/devices/system/cpu/cpu0/cpufreq/stats/time_in_state: open failed: ENOENT (No such file or directory)
01-31 04:38:53.263  1117  1155 I PowerManagerService-JNI: Loaded power HAL 1.0 service
01-31 04:38:53.270  1117  1150 I commit_sys_config_file: [batterystats,6]
01-31 04:38:53.274  1117  1150 I commit_sys_config_file: [batterystats,4]
01-31 04:38:53.284  1117  1148 W SystemConfig: No directory /product/etc/sysconfig, skipping
01-31 04:38:53.298  1117  1148 W SystemConfig: No directory /product_services/etc/sysconfig, skipping
01-31 04:38:53.298  1117  1148 W SystemConfig: No directory /product_services/etc/permissions, skipping
01-31 04:38:53.298  1117  1148 D SystemServerInitThreadPool: Finished executing ReadingSystemConfig
01-31 04:38:53.299   910   995 I ServiceManager: Waiting for service 'package_native' on '/dev/binder'...
01-31 04:38:53.311  1117  1117 I IntentFirewall: Read new rules (A:0 B:0 S:0)
01-31 04:38:53.318  1117  1117 E libprocessgroup: Failed to open /dev/memcg/apps: No such file or directory
01-31 04:38:53.319  1117  1117 D AppOps  : AppOpsService published
01-31 04:38:53.320  1117  1117 D SystemServerTiming: StartActivityManager took to complete: 104ms
01-31 04:38:53.320  1117  1117 I SystemServer: StartPowerManager
01-31 04:38:53.320  1117  1117 I SystemServiceManager: Starting com.android.server.power.PowerManagerService
01-31 04:38:53.326   656   656 E QTI PowerHAL: Failed to acquire lock for hint_id: 1041.
01-31 04:38:53.326   656   656 I QTI PowerHAL: Got set_interactive hint
01-31 04:38:53.327  1117  1117 D SystemServerTiming: StartPowerManager took to complete: 7ms
01-31 04:38:53.327  1117  1117 I SystemServer: StartThermalManager
01-31 04:38:53.327  1117  1117 I SystemServiceManager: Starting com.android.server.power.ThermalManagerService
01-31 04:38:53.327  1117  1117 D SystemServerTiming: StartThermalManager took to complete: 1ms
01-31 04:38:53.328  1117  1117 I SystemServer: InitPowerManagement
01-31 04:38:53.328  1117  1117 D SystemServerTiming: InitPowerManagement took to complete: 0ms
01-31 04:38:53.328  1117  1117 I SystemServer: StartRecoverySystemService
01-31 04:38:53.328  1117  1117 I SystemServiceManager: Starting com.android.server.RecoverySystemService
01-31 04:38:53.329  1117  1117 D SystemServerTiming: StartRecoverySystemService took to complete: 1ms
01-31 04:38:53.330  1117  1117 V RescueParty: Disabled because of active USB connection
01-31 04:38:53.330  1117  1117 I SystemServer: StartLightsService
01-31 04:38:53.330  1117  1117 I SystemServiceManager: Starting com.android.server.lights.LightsService
01-31 04:38:53.330  1117  1117 I ServiceManager: Waiting for service 'SurfaceFlinger' on '/dev/binder'...
01-31 04:38:53.347     0     0 I         : sn65dsi86_dsi2edp_print_status
01-31 04:38:53.348     0     0 I         : f0:       0
01-31 04:38:53.349     0     0 I         : f1:       0
01-31 04:38:53.350     0     0 I         : f2:       0
01-31 04:38:53.351     0     0 I         : f3:       0
01-31 04:38:53.352     0     0 I         : f4:       1
01-31 04:38:53.353     0     0 I         : f5:       0
01-31 04:38:53.354     0     0 I         : f6:       0
01-31 04:38:53.356     0     0 I         : f7:       0
01-31 04:38:53.357     0     0 I         : f8:       1
01-31 04:38:53.358     0     0 I         : sn65dsi86_dsi2edp_enable_lately 2nd part-------------------
01-31 04:38:53.358     0     0 I         : sn65dsi86_dsi2edp_enable_lately end
01-31 04:38:53.358     0     0 I mdss_dsi_on-:  
01-31 04:38:53.358   868   868 I Dpps    : InitPrimaryContextFeatures():324 Dpps feature enable properties are false, skipping primary feature context init
01-31 04:38:53.359   651   651 I SDM     : HWDevice::GetHWPanelMaxBrightnessFromNode: Max brightness level = 255
01-31 04:38:53.359   651   651 I chatty  : uid=1000(system) composer@2.1-se identical 1 line
01-31 04:38:53.359     0     0 E mdss_dp_notify_clients: Invalid request NOTIFY_UNKNOWN --> NOTIFY_DISCONNECT
01-31 04:38:53.359   651   651 I SDM     : HWDevice::GetHWPanelMaxBrightnessFromNode: Max brightness level = 255
01-31 04:38:53.360   651   651 W SDM     : HWDevice::GetHWPanelInfoByNode: Failed to open msm_fb_panel_info node device node 3
01-31 04:38:53.360   651   651 I SDM     : HWDevice::GetHWPanelMaxBrightnessFromNode: Max brightness level = 255
01-31 04:38:53.360   651   651 I chatty  : uid=1000(system) composer@2.1-se identical 1 line
01-31 04:38:53.360   651   651 I SDM     : HWDevice::GetHWPanelMaxBrightnessFromNode: Max brightness level = 255
01-31 04:38:53.360   651   651 W SDM     : HWDevice::GetHWPanelInfoByNode: Failed to open msm_fb_panel_info node device node 3
01-31 04:38:53.361   651   651 I SDM     : StrategyImpl::SetIdleTimeoutMs: Idle timeout: active = 70, inactive = 520
01-31 04:38:53.361   651   651 W SDM     : ColorManager::CreateColorManagerProxy: PAV2 version is versions = 11, version = 11 
01-31 04:38:53.362   651   651 W SDM     : DisplayBase::Init: InitColorModes failed for display = 0
01-31 04:38:53.362   651   651 I SDM     : HWCDisplay::Init: Display created with id: 0
01-31 04:38:53.362   651   651 W SDM     : HWCDisplay::PopulateColorModes: GetColorModeCount failed, use native color mode
01-31 04:38:53.362   651   651 I SDM     : DisplayBase::SetFrameBufferConfig: New framebuffer resolution (1920x1080)
01-31 04:38:53.400   910   995 I ServiceManager: Waiting for service 'package_native' on '/dev/binder'...
01-31 04:38:53.407   712  1102 I tftp_server: pid=712 tid=1102 tftp-server : INF :[tftp_server.c, 1318] RRQ stats [port: 3688844]: sent_size = 40 total-blocks = 481 total-bytes = 3688844 timedout-pkts = 
