01-31 04:38:51.542   917   917 I MediaCodecsXmlParser: limit: blocks-per-second-range = 12-1485
01-31 04:38:51.542   917   917 I MediaCodecsXmlParser: limit: bitrate-range = 1-64000
01-31 04:38:51.542   917   917 I MediaCodecsXmlParser: limit: size-range = 2x2-2048x2048
01-31 04:38:51.542   917   917 I MediaCodecsXmlParser: limit: alignment = 2x2
01-31 04:38:51.543   917   917 I MediaCodecsXmlParser: limit: block-size = 16x16
01-31 04:38:51.543   917   917 I MediaCodecsXmlParser: limit: block-count-range = 1-16384
01-31 04:38:51.543   917   917 I MediaCodecsXmlParser: limit: bitrate-range = 1-40000000
01-31 04:38:51.543   917   917 I MediaCodecsXmlParser: limit: feature-bitrate-modes = VBR,CBR
01-31 04:38:51.543   917   917 I MediaCodecsXmlParser: limit: size-range = 2x2-2048x2048
01-31 04:38:51.543   917   917 I MediaCodecsXmlParser: limit: alignment = 2x2
01-31 04:38:51.543   917   917 I MediaCodecsXmlParser: limit: block-size = 16x16
01-31 04:38:51.543   917   917 I MediaCodecsXmlParser: limit: block-count-range = 1-3600
01-31 04:38:51.543   917   917 I MediaCodecsXmlParser: limit: bitrate-range = 1-40000000
01-31 04:38:51.543   917   917 I MediaCodecsXmlParser: limit: feature-bitrate-modes = VBR,CBR
01-31 04:38:51.543   917   917 I MediaCodecsXmlParser: getVendorXmlPath (/vendor/etc/media_codecs_performance.xml)
01-31 04:38:51.543   917   917 D MediaCodecsXmlParser: parsing /vendor/etc/media_codecs_performance.xml...
01-31 04:38:51.544     0     0 W wsa881x_get_temp: Temperature registers[17 17 17 17] are out of range
01-31 04:38:51.544     0     0 W wsa881x_get_temp: T0: 65535 is out of range[5, 45]
01-31 04:38:51.544   917   917 I MediaCodecsXmlParser: limit: measured-frame-rate-320x240-range = 388-392
01-31 04:38:51.544   917   917 I MediaCodecsXmlParser: limit: measured-frame-rate-720x480-range = 80-90
01-31 04:38:51.544   917   917 I MediaCodecsXmlParser: limit: measured-frame-rate-1280x720-range = 32-37
01-31 04:38:51.544   917   917 I MediaCodecsXmlParser: limit: measured-frame-rate-1920x1080-range = 40-40
01-31 04:38:51.544   917   917 I MediaCodecsXmlParser: limit: measured-frame-rate-320x240-range = 226-226
01-31 04:38:51.544   917   917 I MediaCodecsXmlParser: limit: measured-frame-rate-720x480-range = 121-121
01-31 04:38:51.544   917   917 I MediaCodecsXmlParser: limit: measured-frame-rate-1280x720-range = 49-49
01-31 04:38:51.544   917   917 I MediaCodecsXmlParser: limit: measured-frame-rate-1920x1080-range = 16-45
01-31 04:38:51.544   917   917 I MediaCodecsXmlParser: limit: measured-frame-rate-3840x2160-range = 13-26
01-31 04:38:51.544   917   917 I MediaCodecsXmlParser: limit: measured-frame-rate-176x144-range = 517-521
01-31 04:38:51.544   917   917 I MediaCodecsXmlParser: limit: measured-frame-rate-352x288-range = 261-261
01-31 04:38:51.544   917   917 I MediaCodecsXmlParser: limit: measured-frame-rate-176x144-range = 515-518
01-31 04:38:51.544   917   917 I MediaCodecsXmlParser: limit: measured-frame-rate-352x288-range = 263-263
01-31 04:38:51.544   917   917 I MediaCodecsXmlParser: limit: measured-frame-rate-640x480-range = 144-144
01-31 04:38:51.544   917   917 I MediaCodecsXmlParser: limit: measured-frame-rate-320x180-range = 312-312
01-31 04:38:51.544   917   917 I MediaCodecsXmlParser: limit: measured-frame-rate-640x360-range = 175-174
01-31 04:38:51.544   917   917 I MediaCodecsXmlParser: limit: measured-frame-rate-1280x720-range = 30-40
01-31 04:38:51.544   917   917 I MediaCodecsXmlParser: limit: measured-frame-rate-1920x1080-range = 20-25
01-31 04:38:51.544   917   917 I MediaCodecsXmlParser: limit: measured-frame-rate-320x240-range = 185-185
01-31 04:38:51.544   917   917 I MediaCodecsXmlParser: limit: measured-frame-rate-720x480-range = 87-87
01-31 04:38:51.544   917   917 I MediaCodecsXmlParser: limit: measured-frame-rate-1280x720-range = 45-45
01-31 04:38:51.544   917   917 I MediaCodecsXmlParser: limit: measured-frame-rate-1920x1080-range = 28-28
01-31 04:38:51.544   917   917 D MediaCodecsXmlParser: MediaCodec: cannot update non-existing codec at line 57 of /vendor/etc/media_codecs_performance.xml
01-31 04:38:51.544   917   917 I MediaCodecsXmlParser: limit: measured-frame-rate-176x144-range = 350-365
01-31 04:38:51.544   917   917 D MediaCodecsXmlParser: MediaCodec: cannot update non-existing codec at line 66 of /vendor/etc/media_codecs_performance.xml
01-31 04:38:51.544   917   917 I MediaCodecsXmlParser: limit: measured-frame-rate-176x144-range = 385-385
01-31 04:38:51.544   917   917 D MediaCodecsXmlParser: MediaCodec: cannot update non-existing codec at line 72 of /vendor/etc/media_codecs_performance.xml
01-31 04:38:51.544   917   917 D MediaCodecsXmlParser: MediaCodec: cannot update non-existing codec at line 75 of /vendor/etc/media_codecs_performance.xml
01-31 04:38:51.544   917   917 I MediaCodecsXmlParser: limit: measured-frame-rate-320x180-range = 100-120
01-31 04:38:51.544   917   917 I MediaCodecsXmlParser: limit: measured-frame-rate-640x360-range = 45-50
01-31 04:38:51.544   917   917 I MediaCodecsXmlParser: limit: measured-frame-rate-1280x720-range = 30-35
01-31 04:38:51.544   917   917 I MediaCodecsXmlParser: limit: measured-frame-rate-1920x1080-range = 20-30
01-31 04:38:51.544   917   917 I MediaCodecsXmlParser: limit: measured-frame-rate-320x180-range = 140-180
01-31 04:38:51.544   917   917 I MediaCodecsXmlParser: limit: measured-frame-rate-640x360-range = 45-60
01-31 04:38:51.544   917   917 I MediaCodecsXmlParser: limit: measured-frame-rate-1280x720-range = 12-15
01-31 04:38:51.544   917   917 D MediaCodecsXmlParser: MediaCodec: cannot update non-existing codec at line 90 of /vendor/etc/media_codecs_performance.xml
01-31 04:38:51.544   917   917 I MediaCodecsXmlParser: limit: measured-frame-rate-320x240-range = 555-566
01-31 04:38:51.544   917   917 I MediaCodecsXmlParser: limit: measured-frame-rate-720x480-range = 239-239
01-31 04:38:51.544   917   917 I MediaCodecsXmlParser: limit: measured-frame-rate-1280x720-range = 197-197
01-31 04:38:51.544   917   917 I MediaCodecsXmlParser: limit: measured-frame-rate-1920x1088-range = 198-199
01-31 04:38:51.544   917   917 I MediaCodecsXmlParser: limit: measured-frame-rate-352x288-range = 650-655
01-31 04:38:51.544   917   917 I MediaCodecsXmlParser: limit: measured-frame-rate-640x360-range = 395-398
01-31 04:38:51.544   917   917 I MediaCodecsXmlParser: limit: measured-frame-rate-720x480-range = 300-304
01-31 04:38:51.544   917   917 I MediaCodecsXmlParser: limit: measured-frame-rate-1280x720-range = 241-241
01-31 04:38:51.545   917   917 I MediaCodecsXmlParser: limit: measured-frame-rate-1920x1088-range = 224-226
01-31 04:38:51.545   917   917 I MediaCodecsXmlParser: limit: measured-frame-rate-3840x2160-range = 30-40
01-31 04:38:51.545   917   917 I MediaCodecsXmlParser: limit: measured-frame-rate-176x144-range = 890-898
01-31 04:38:51.545   917   917 I MediaCodecsXmlParser: limit: measured-frame-rate-352x288-range = 840-850
01-31 04:38:51.545   917   917 I MediaCodecsXmlParser: limit: measured-frame-rate-176x144-range = 850-875
01-31 04:38:51.545   917   917 I MediaCodecsXmlParser: limit: measured-frame-rate-480x360-range = 766-794
01-31 04:38:51.545   917   917 I MediaCodecsXmlParser: limit: measured-frame-rate-320x180-range = 680-696
01-31 04:38:51.545   921   921 I ServiceManagement: Registered vendor.qti.hardware.data.latency@1.0::ILinkLatency/default (start delay of 397ms)
01-31 04:38:51.545   917   917 I MediaCodecsXmlParser: limit: measured-frame-rate-640x360-range = 400-415
01-31 04:38:51.545   917   917 I MediaCodecsXmlParser: limit: measured-frame-rate-1280x720-range = 350-358
01-31 04:38:51.545   917   917 I MediaCodecsXmlParser: limit: measured-frame-rate-1920x1080-range = 199-199
01-31 04:38:51.545   917   917 I MediaCodecsXmlParser: limit: measured-frame-rate-320x180-range = 500-524
01-31 04:38:51.545   917   917 I MediaCodecsXmlParser: limit: measured-frame-rate-640x360-range = 360-366
01-31 04:38:51.545   917   917 I MediaCodecsXmlParser: limit: measured-frame-rate-1280x720-range = 190-210
01-31 04:38:51.545   917   917 I MediaCodecsXmlParser: limit: measured-frame-rate-1920x1080-range = 170-190
01-31 04:38:51.545   917   917 I MediaCodecsXmlParser: limit: measured-frame-rate-3840x2160-range = 48-48
01-31 04:38:51.545   917   917 I MediaCodecsXmlParser: limit: measured-frame-rate-320x240-range = 320-350
01-31 04:38:51.545   917   917 I MediaCodecsXmlParser: limit: measured-frame-rate-720x480-range = 100-130
01-31 04:38:51.545   917   917 I MediaCodecsXmlParser: limit: measured-frame-rate-1280x720-range = 50-58
01-31 04:38:51.545   917   917 I MediaCodecsXmlParser: limit: measured-frame-rate-1920x1080-range = 20-30
01-31 04:38:51.545   917   917 D MediaCodecsXmlParser: MediaCodec: cannot update non-existing codec at line 139 of /vendor/etc/media_codecs_performance.xml
01-31 04:38:51.545   917   917 I MediaCodecsXmlParser: limit: measured-frame-rate-352x288-range = 458-458
01-31 04:38:51.545   917   917 I MediaCodecsXmlParser: limit: measured-frame-rate-640x360-range = 210-215
01-31 04:38:51.545   917   917 I MediaCodecsXmlParser: limit: measured-frame-rate-720x480-range = 120-125
01-31 04:38:51.545   917   917 I MediaCodecsXmlParser: limit: measured-frame-rate-1280x720-range = 70-85
01-31 04:38:51.545   917   917 I MediaCodecsXmlParser: limit: measured-frame-rate-1920x1080-range = 45-48
01-31 04:38:51.545   917   917 D MediaCodecsXmlParser: MediaCodec: cannot update non-existing codec at line 152 of /vendor/etc/media_codecs_performance.xml
01-31 04:38:51.545   917   917 I MediaCodecsXmlParser: limit: measured-frame-rate-176x144-range = 190-210
01-31 04:38:51.545   917   917 I MediaCodecsXmlParser: limit: measured-frame-rate-352x288-range = 170-182
01-31 04:38:51.545   917   917 D MediaCodecsXmlParser: MediaCodec: cannot update non-existing codec at line 163 of /vendor/etc/media_codecs_performance.xml
01-31 04:38:51.545   917   917 I MediaCodecsXmlParser: limit: measured-frame-rate-320x240-range = 575-580
01-31 04:38:51.545   917   917 I MediaCodecsXmlParser: limit: measured-frame-rate-640x360-range = 200-220
01-31 04:38:51.545   917   917 I MediaCodecsXmlParser: limit: measured-frame-rate-1280x720-range = 45-55
01-31 04:38:51.545   917   917 I MediaCodecsXmlParser: limit: measured-frame-rate-1920x1080-range = 18-22
01-31 04:38:51.545   917   917 D MediaCodecsXmlParser: MediaCodec: cannot update non-existing codec at line 173 of /vendor/etc/media_codecs_performance.xml
01-31 04:38:51.545   917   917 I MediaCodecsXmlParser: limit: measured-frame-rate-320x240-range = 580-604
01-31 04:38:51.545   917   917 I MediaCodecsXmlParser: limit: measured-frame-rate-640x360-range = 180-185
01-31 04:38:51.545   917   917 I MediaCodecsXmlParser: limit: measured-frame-rate-1280x720-range = 88-92
01-31 04:38:51.545   917   917 I MediaCodecsXmlParser: limit: measured-frame-rate-1920x1080-range = 47-52
01-31 04:38:51.545   917   917 D MediaCodecsXmlParser: MediaCodec: cannot update non-existing codec at line 185 of /vendor/etc/media_codecs_performance.xml
01-31 04:38:51.545   917   917 I MediaCodecsXmlParser: limit: measured-frame-rate-176x144-range = 380-400
01-31 04:38:51.545   917   917 D MediaCodecsXmlParser: MediaCodec: cannot update non-existing codec at line 197 of /vendor/etc/media_codecs_performance.xml
01-31 04:38:51.545   917   917 D MediaCodecsXmlParser: Cannot find /data/misc/media/media_codecs_profiling_results.xml
01-31 04:38:51.546   921   921 I ServiceManagement: Registered vendor.qti.data.factory@2.1::IFactory/default (start delay of 399ms)
01-31 04:38:51.549   917   917 I ServiceManagement: Registered android.hardware.media.omx@1.0::IOmx/default (start delay of 411ms)
01-31 04:38:51.549   917   917 I ServiceManagement: Removing namespace from process name android.hardware.media.omx@1.0-service to omx@1.0-service.
01-31 04:38:51.549   917   917 I media.codec: IOmx HAL service created.
01-31 04:38:51.550   917   917 I MediaCodecsXmlParser: getVendorXmlPath (/vendor/etc/media_codecs_vendor.xml)
01-31 04:38:51.550   917   917 D MediaCodecsXmlParser: parsing /vendor/etc/media_codecs_vendor.xml...
01-31 04:38:51.550   917   917 D MediaCodecsXmlParser: parsing /vendor/etc/media_codecs_google_audio.xml...
01-31 04:38:51.550   917   917 I MediaCodecsXmlParser: limit: max-channel-count = 2
01-31 04:38:51.550   917   917 I MediaCodecsXmlParser: limit: sample-rate-ranges = 8000,11025,12000,16000,22050,24000,32000,44100,48000
01-31 04:38:51.550   917   917 I MediaCodecsXmlParser: limit: bitrate-range = 8000-320000
01-31 04:38:51.550   917   917 I MediaCodecsXmlParser: limit: max-channel-count = 1
01-31 04:38:51.550   917   917 I MediaCodecsXmlParser: limit: sample-rate-ranges = 8000
01-31 04:38:51.550   917   917 I MediaCodecsXmlParser: limit: bitrate-range = 4750-12200
01-31 04:38:51.550   917   917 I MediaCodecsXmlParser: limit: max-channel-count = 1
01-31 04:38:51.550   917   917 I MediaCodecsXmlParser: limit: sample-rate-ranges = 16000
01-31 04:38:51.550   917   917 I MediaCodecsXmlParser: limit: bitrate-range = 6600-23850
01-31 04:38:51.550   917   917 I MediaCodecsXmlParser: limit: max-channel-count = 8
01-31 04:38:51.550   917   917 I MediaCodecsXmlParser: limit: sample-rate-ranges = 7350,8000,11025,12000,16000,22050,24000,32000,44100,48000
01-31 04:38:51.550   917   917 I MediaCodecsXmlParser: limit: bitrate-range = 8000-960000
01-31 04:38:51.550   917   917 I MediaCodecsXmlParser: limit: max-channel-count = 1
01-31 04:38:51.550   917   917 I MediaCodecsXmlParser: limit: sample-rate-ranges = 8000-48000
01-31 04:38:51.550   917   917 I MediaCodecsXmlParser: limit: bitrate-range = 64000
01-31 04:38:51.550   917   917 I MediaCodecsXmlParser: limit: max-channel-count = 1
01-31 04:38:51.550   917   917 I MediaCodecsXmlParser: limit: sample-rate-ranges = 8000-48000
01-31 04:38:51.550   917   917 I MediaCodecsXmlParser: limit: bitrate-range = 64000
01-31 04:38:51.550   917   917 I MediaCodecsXmlParser: limit: max-channel-count = 8
01-31 04:38:51.550   917   917 I MediaCodecsXmlParser: limit: sample-rate-ranges = 8000-96000
01-31 04:38:51.550   917   917 I MediaCodecsXmlParser: limit: bitrate-range = 32000-500000
01-31 04:38:51.550   917   917 I MediaCodecsXmlParser: limit: max-channel-count = 8
01-31 04:38:51.550   917   917 I MediaCodecsXmlParser: limit: sample-rate-ranges = 48000
01-31 04:38:51.550   917   917 I MediaCodecsXmlParser: limit: bitrate-range = 6000-510000
01-31 04:38:51.550   917   917 I MediaCodecsXmlParser: limit: max-channel-count = 8
01-31 04:38:51.550   917   917 I MediaCodecsXmlParser: limit: sample-rate-ranges = 8000-192000
01-31 04:38:51.550   917   917 I MediaCodecsXmlParser: limit: bitrate-range = 1-10000000
01-31 04:38:51.550   917   917 I MediaCodecsXmlParser: limit: max-channel-count = 8
01-31 04:38:51.550   917   917 I MediaCodecsXmlParser: limit: sample-rate-ranges = 1-655350
01-31 04:38:51.550   917   917 I MediaCodecsXmlParser: limit: bitrate-range = 1-21000000
01-31 04:38:51.550   917   917 I MediaCodecsXmlParser: limit: max-channel-count = 6
01-31 04:38:51.550   917   917 I MediaCodecsXmlParser: limit: sample-rate-ranges = 8000,11025,12000,16000,22050,24000,32000,44100,48000
01-31 04:38:51.550   917   917 I MediaCodecsXmlParser: limit: bitrate-range = 8000-960000
01-31 04:38:51.550   917   917 I MediaCodecsXmlParser: limit: max-channel-count = 1
01-31 04:38:51.550   917   917 I MediaCodecsXmlParser: limit: sample-rate-ranges = 8000
01-31 04:38:51.550   917   917 I MediaCodecsXmlParser: limit: bitrate-range = 4750-12200
01-31 04:38:51.550   917   917 I MediaCodecsXmlParser: limit: feature-bitrate-modes = CBR
01-31 04:38:51.550   917   917 I MediaCodecsXmlParser: limit: max-channel-count = 1
01-31 04:38:51.550   917   917 I MediaCodecsXmlParser: limit: sample-rate-ranges = 16000
01-31 04:38:51.550   917   917 I MediaCodecsXmlParser: limit: bitrate-range = 6600-23850
01-31 04:38:51.550   917   917 I MediaCodecsXmlParser: limit: feature-bitrate-modes = CBR
01-31 04:38:51.551   917   917 I MediaCodecsXmlParser: limit: max-channel-count = 2
01-31 04:38:51.551   917   917 I MediaCodecsXmlParser: limit: sample-rate-ranges = 1-655350
01-31 04:38:51.551   917   917 I MediaCodecsXmlParser: limit: bitrate-range = 1-21000000
01-31 04:38:51.551   917   917 I MediaCodecsXmlParser: limit: complexity-default = 5
01-31 04:38:51.551   917   917 I MediaCodecsXmlParser: limit: complexity-range = 0-8
01-31 04:38:51.551   917   917 I MediaCodecsXmlParser: limit: feature-bitrate-modes = CQ
01-31 04:38:51.551   917   917 D MediaCodecsXmlParser: parsing /vendor/etc/media_codecs_vendor_audio.xml...
01-31 04:38:51.551   917   917 I MediaCodecsXmlParser: limit: max-concurrent-instances = 10
01-31 04:38:51.551   917   917 D MediaCodecsXmlParser: parsing /vendor/etc/media_codecs_google_telephony.xml...
01-31 04:38:51.551   917   917 I MediaCodecsXmlParser: limit: max-channel-count = 1
01-31 04:38:51.551   917   917 I MediaCodecsXmlParser: limit: sample-rate-ranges = 8000
01-31 04:38:51.551   917   917 I MediaCodecsXmlParser: limit: bitrate-range = 13000
01-31 04:38:51.551   917   917 I MediaCodecsXmlParser: limit: size-range = 176x64-3840x2160
01-31 04:38:51.551   917   917 I MediaCodecsXmlParser: limit: alignment = 2x2
01-31 04:38:51.551   917   917 I MediaCodecsXmlParser: limit: block-size = 16x16
01-31 04:38:51.551   917   917 I MediaCodecsXmlParser: limit: blocks-per-second-range = 1-972000
01-31 04:38:51.551   917   917 I MediaCodecsXmlParser: limit: bitrate-range = 1-100000000
01-31 04:38:51.551   917   917 I MediaCodecsXmlParser: limit: max-concurrent-instances = 16
01-31 04:38:51.551   917   917 I MediaCodecsXmlParser: limit: feature-intra-refresh = 0
01-31 04:38:51.551   917   917 I MediaCodecsXmlParser: limit: performance-point-3840x2160-range = 24-24
01-31 04:38:51.551   917   917 I MediaCodecsXmlParser: limit: size-range = 96x96-3840x2160
01-31 04:38:51.551   917   917 I MediaCodecsXmlParser: limit: alignment = 2x2
01-31 04:38:51.551   917   917 I MediaCodecsXmlParser: limit: block-size = 16x16
01-31 04:38:51.551   917   917 I MediaCodecsXmlParser: limit: blocks-per-second-range = 1-972000
01-31 04:38:51.551   917   917 I MediaCodecsXmlParser: limit: bitrate-range = 1-100000000
01-31 04:38:51.551   917   917 I MediaCodecsXmlParser: limit: max-concurrent-instances = 16
01-31 04:38:51.551   917   917 I MediaCodecsXmlParser: limit: feature-intra-refresh = 0
01-31 04:38:51.551   917   917 I MediaCodecsXmlParser: limit: feature-can-swap-width-height = 0
01-31 04:38:51.551   917   917 I MediaCodecsXmlParser: limit: performance-point-3840x2160-range = 24-24
01-31 04:38:51.551   917   917 I MediaCodecsXmlParser: limit: size-range = 96x64-1920x1088
01-31 04:38:51.551   917   917 I MediaCodecsXmlParser: limit: alignment = 2x2
01-31 04:38:51.551   917   917 I MediaCodecsXmlParser: limit: block-size = 16x16
01-31 04:38:51.551   917   917 I MediaCodecsXmlParser: limit: blocks-per-second-range = 1-244800
01-31 04:38:51.551   917   917 I MediaCodecsXmlParser: limit: bitrate-range = 1-40000000
01-31 04:38:51.551   917   917 I MediaCodecsXmlParser: limit: max-concurrent-instances = 16
01-31 04:38:51.551   917   917 I MediaCodecsXmlParser: limit: performance-point-1920x1088-range = 30-30
01-31 04:38:51.551   917   917 I MediaCodecsXmlParser: limit: size-range = 96x64-864x480
01-31 04:38:51.551   917   917 I MediaCodecsXmlParser: limit: alignment = 2x2
01-31 04:38:51.551   917   917 I MediaCodecsXmlParser: limit: block-size = 16x16
01-31 04:38:51.551   917   917 I MediaCodecsXmlParser: limit: blocks-per-second-range = 1-48600
01-31 04:38:51.551   917   917 I MediaCodecsXmlParser: limit: bitrate-range = 1-2000000
01-31 04:38:51.551   917   917 I MediaCodecsXmlParser: limit: max-concurrent-instances = 16
01-31 04:38:51.551   917   917 I MediaCodecsXmlParser: limit: performance-point-720x480-range = 30-30
01-31 04:38:51.551   917   917 I MediaCodecsXmlParser: limit: size-range = 96x64-1920x1088
01-31 04:38:51.551   917   917 I MediaCodecsXmlParser: limit: alignment = 2x2
01-31 04:38:51.551   917   917 I MediaCodecsXmlParser: limit: block-size = 16x16
01-31 04:38:51.551   917   917 I MediaCodecsXmlParser: limit: blocks-per-second-range = 1-244800
01-31 04:38:51.551   917   917 I MediaCodecsXmlParser: limit: bitrate-range = 1-40000000
01-31 04:38:51.551   917   917 I MediaCodecsXmlParser: limit: max-concurrent-instances = 16
01-31 04:38:51.551   917   917 I MediaCodecsXmlParser: limit: feature-intra-refresh = 0
01-31 04:38:51.551   917   917 I MediaCodecsXmlParser: limit: performance-point-1920x1088-range = 30-30
01-31 04:38:51.551   917   917 I MediaCodecsXmlParser: limit: size-range = 64x64-3840x2160
01-31 04:38:51.551   917   917 I MediaCodecsXmlParser: limit: alignment = 2x2
01-31 04:38:51.551   917   917 I MediaCodecsXmlParser: limit: block-size = 16x16
01-31 04:38:51.551   917   917 I MediaCodecsXmlParser: limit: blocks-per-second-range = 1-972000
01-31 04:38:51.551   917   917 I MediaCodecsXmlParser: limit: bitrate-range = 1-100000000
01-31 04:38:51.551   917   917 I MediaCodecsXmlParser: limit: feature-adaptive-playback = 0
01-31 04:38:51.551   917   917 I MediaCodecsXmlParser: limit: max-concurrent-instances = 16
01-31 04:38:51.551   917   917 I MediaCodecsXmlParser: limit: feature-can-swap-width-height = 0
01-31 04:38:51.551   917   917 I MediaCodecsXmlParser: limit: performance-point-3840x2160-range = 30-30
01-31 04:38:51.551   917   917 I MediaCodecsXmlParser: limit: size-range = 64x64-3840x2160
01-31 04:38:51.551   917   917 I MediaCodecsXmlParser: limit: alignment = 2x2
01-31 04:38:51.551   917   917 I MediaCodecsXmlParser: limit: block-size = 16x16
01-31 04:38:51.551   917   917 I MediaCodecsXmlParser: limit: blocks-per-second-range = 1-972000
01-31 04:38:51.551   917   917 I MediaCodecsXmlParser: limit: bitrate-range = 1-35000000
01-31 04:38:51.551   917   917 I MediaCodecsXmlParser: limit: feature-adaptive-playback = 0
01-31 04:38:51.551   917   917 I MediaCodecsXmlParser: limit: feature-secure-playback = 1
01-31 04:38:51.551   917   917 I MediaCodecsXmlParser: limit: max-concurrent-instances = 6
01-31 04:38:51.552   917   917 I MediaCodecsXmlParser: limit: performance-point-3840x2160-range = 30-30
01-31 04:38:51.552   917   917 I MediaCodecsXmlParser: limit: size-range = 64x64-1920x1088
01-31 04:38:51.552   917   917 I MediaCodecsXmlParser: limit: alignment = 2x2
01-31 04:38:51.552   917   917 I MediaCodecsXmlParser: limit: block-size = 16x16
01-31 04:38:51.552   917   917 I MediaCodecsXmlParser: limit: blocks-per-second-range = 1-244800
01-31 04:38:51.552   917   917 I MediaCodecsXmlParser: limit: bitrate-range = 1-40000000
01-31 04:38:51.552   917   917 I MediaCodecsXmlParser: limit: feature-adaptive-playback = 0
01-31 04:38:51.552   917   917 I MediaCodecsXmlParser: limit: max-concurrent-instances = 16
01-31 04:38:51.552   917   917 I MediaCodecsXmlParser: limit: performance-point-1920x1088-range = 30-30
01-31 04:38:51.552   917   917 I MediaCodecsXmlParser: limit: size-range = 64x64-1920x1088
01-31 04:38:51.552   917   917 I MediaCodecsXmlParser: limit: alignment = 2x2
01-31 04:38:51.552   917   917 I MediaCodecsXmlParser: limit: block-size = 16x16
01-31 04:38:51.552   917   917 I MediaCodecsXmlParser: limit: blocks-per-second-range = 1-244800
01-31 04:38:51.552   917   917 I MediaCodecsXmlParser: limit: bitrate-range = 1-20000000
01-31 04:38:51.552   917   917 I MediaCodecsXmlParser: limit: feature-adaptive-playback = 0
01-31 04:38:51.552   917   917 I MediaCodecsXmlParser: limit: feature-secure-playback = 1
01-31 04:38:51.552   917   917 I MediaCodecsXmlParser: limit: max-concurrent-instances = 6
01-31 04:38:51.552   917   917 I MediaCodecsXmlParser: limit: performance-point-1920x1088-range = 30-30
01-31 04:38:51.552   917   917 I MediaCodecsXmlParser: limit: size-range = 64x64-1920x1088
01-31 04:38:51.552   917   917 I MediaCodecsXmlParser: limit: alignment = 2x2
01-31 04:38:51.552   917   917 I MediaCodecsXmlParser: limit: block-size = 16x16
01-31 04:38:51.552   917   917 I MediaCodecsXmlParser: limit: blocks-per-second-range = 1-489600
01-31 04:38:51.552   917   917 I MediaCodecsXmlParser: limit: bitrate-range = 1-60000000
01-31 04:38:51.552   917   917 I MediaCodecsXmlParser: limit: feature-adaptive-playback = 0
01-31 04:38:51.552   917   917 I MediaCodecsXmlParser: limit: max-concurrent-instances = 16
01-31 04:38:51.552   917   917 I MediaCodecsXmlParser: limit: performance-point-1920x1088-range = 60-60
01-31 04:38:51.552   917   917 I MediaCodecsXmlParser: limit: size-range = 64x64-864x480
01-31 04:38:51.552   917   917 I MediaCodecsXmlParser: limit: alignment = 2x2
01-31 04:38:51.552   917   917 I MediaCodecsXmlParser: limit: block-size = 16x16
01-31 04:38:51.552   917   917 I MediaCodecsXmlParser: limit: blocks-per-second-range = 1-48600
01-31 04:38:51.552   917   917 I MediaCodecsXmlParser: limit: bitrate-range = 1-2000000
01-31 04:38:51.552   917   917 I MediaCodecsXmlParser: limit: feature-adaptive-playback = 0
01-31 04:38:51.552   917   917 I MediaCodecsXmlParser: limit: max-concurrent-instances = 16
01-31 04:38:51.552   917   917 I MediaCodecsXmlParser: limit: performance-point-720x480-range = 30-30
01-31 04:38:51.552   917   917 I MediaCodecsXmlParser: limit: size-range = 64x64-1920x1088
01-31 04:38:51.552   917   917 I MediaCodecsXmlParser: limit: alignment = 2x2
01-31 04:38:51.552   917   917 I MediaCodecsXmlParser: limit: block-size = 16x16
01-31 04:38:51.552   917   917 I MediaCodecsXmlParser: limit: blocks-per-second-range = 1-489600
01-31 04:38:51.552   917   917 I MediaCodecsXmlParser: limit: bitrate-range = 1-60000000
01-31 04:38:51.552   917   917 I MediaCodecsXmlParser: limit: feature-adaptive-playback = 0
01-31 04:38:51.552   917   917 I MediaCodecsXmlParser: limit: max-concurrent-instances = 16
01-31 04:38:51.552   917   917 I MediaCodecsXmlParser: limit: performance-point-1920x1088-range = 30-30
01-31 04:38:51.552   917   917 I MediaCodecsXmlParser: limit: size-range = 64x64-1920x1088
01-31 04:38:51.552   917   917 I MediaCodecsXmlParser: limit: alignment = 2x2
01-31 04:38:51.552   917   917 I MediaCodecsXmlParser: limit: block-size = 16x16
01-31 04:38:51.552   917   917 I MediaCodecsXmlParser: limit: blocks-per-second-range = 1-489600
01-31 04:38:51.552   917   917 I MediaCodecsXmlParser: limit: bitrate-range = 1-20000000
01-31 04:38:51.552   917   917 I MediaCodecsXmlParser: limit: feature-adaptive-playback = 0
01-31 04:38:51.552   917   917 I MediaCodecsXmlParser: limit: feature-secure-playback = 1
01-31 04:38:51.552   917   917 I MediaCodecsXmlParser: limit: max-concurrent-instances = 7
01-31 04:38:51.552   917   917 I MediaCodecsXmlParser: limit: performance-point-1920x1088-range = 30-30
01-31 04:38:51.552   917   917 I MediaCodecsXmlParser: limit: size-range = 64x64-1920x1088
01-31 04:38:51.552   917   917 I MediaCodecsXmlParser: limit: alignment = 2x2
01-31 04:38:51.552   917   917 I MediaCodecsXmlParser: limit: block-size = 16x16
01-31 04:38:51.552   917   917 I MediaCodecsXmlParser: limit: blocks-per-second-range = 1-244800
01-31 04:38:51.552   917   917 I MediaCodecsXmlParser: limit: bitrate-range = 1-10000000
01-31 04:38:51.552   917   917 I MediaCodecsXmlParser: limit: feature-adaptive-playback = 0
01-31 04:38:51.552   917   917 I MediaCodecsXmlParser: limit: max-concurrent-instances = 16
01-31 04:38:51.552   917   917 I MediaCodecsXmlParser: limit: performance-point-1920x1088-range = 30-30
01-31 04:38:51.552   917   917 I MediaCodecsXmlParser: limit: size-range = 64x64-720x480
01-31 04:38:51.552   917   917 I MediaCodecsXmlParser: limit: alignment = 2x2
01-31 04:38:51.552   917   917 I MediaCodecsXmlParser: limit: block-size = 16x16
01-31 04:38:51.552   917   917 I MediaCodecsXmlParser: limit: blocks-per-second-range = 1-40500
01-31 04:38:51.552   917   917 I MediaCodecsXmlParser: limit: bitrate-range = 1-2000000
01-31 04:38:51.552   917   917 I MediaCodecsXmlParser: limit: feature-adaptive-playback = 0
01-31 04:38:51.552   917   917 I MediaCodecsXmlParser: limit: max-concurrent-instances = 16
01-31 04:38:51.552   917   917 I MediaCodecsXmlParser: limit: performance-point-720x480-range = 30-30
01-31 04:38:51.552   917   917 I MediaCodecsXmlParser: limit: size-range = 64x64-1920x1088
01-31 04:38:51.552   917   917 I MediaCodecsXmlParser: limit: alignment = 2x2
01-31 04:38:51.552   917   917 I MediaCodecsXmlParser: limit: block-size = 16x16
01-31 04:38:51.552   917   917 I MediaCodecsXmlParser: limit: blocks-per-second-range = 1-244800
01-31 04:38:51.552   917   917 I MediaCodecsXmlParser: limit: bitrate-range = 1-10000000
01-31 04:38:51.552   917   917 I MediaCodecsXmlParser: limit: feature-adaptive-playback = 0
01-31 04:38:51.552   917   917 I MediaCodecsXmlParser: limit: max-concurrent-instances = 16
01-31 04:38:51.552   917   917 I MediaCodecsXmlParser: limit: performance-point-1920x1088-range = 30-30
01-31 04:38:51.552   917   917 I MediaCodecsXmlParser: limit: size-range = 64x64-3840x2160
01-31 04:38:51.552   917   917 I MediaCodecsXmlParser: limit: alignment = 2x2
01-31 04:38:51.552   917   917 I MediaCodecsXmlParser: limit: block-size = 16x16
01-31 04:38:51.552   917   917 I MediaCodecsXmlParser: limit: blocks-per-second-range = 1-972000
01-31 04:38:51.552   917   917 I MediaCodecsXmlParser: limit: bitrate-range = 1-100000000
01-31 04:38:51.552   917   917 I MediaCodecsXmlParser: limit: feature-adaptive-playback = 0
01-31 04:38:51.552   917   917 I MediaCodecsXmlParser: limit: max-concurrent-instances = 16
01-31 04:38:51.552   917   917 I MediaCodecsXmlParser: limit: performance-point-3840x2160-range = 30-30
01-31 04:38:51.552   917   917 I MediaCodecsXmlParser: limit: size-range = 64x64-3840x2160
01-31 04:38:51.552   917   917 I MediaCodecsXmlParser: limit: alignment = 2x2
01-31 04:38:51.552   917   917 I MediaCodecsXmlParser: limit: block-size = 16x16
01-31 04:38:51.552   917   917 I MediaCodecsXmlParser: limit: blocks-per-second-range = 1-972000
01-31 04:38:51.552   917   917 I MediaCodecsXmlParser: limit: bitrate-range = 1-100000000
01-31 04:38:51.552   917   917 I MediaCodecsXmlParser: limit: feature-adaptive-playback = 0
01-31 04:38:51.552   917   917 I MediaCodecsXmlParser: limit: max-concurrent-instances = 16
01-31 04:38:51.552   917   917 I MediaCodecsXmlParser: limit: performance-point-3840x2160-range = 30-30
01-31 04:38:51.553   917   917 I MediaCodecsXmlParser: limit: size-range = 64x64-3840x2160
01-31 04:38:51.553   917   917 I MediaCodecsXmlParser: limit: alignment = 2x2
01-31 04:38:51.553   917   917 I MediaCodecsXmlParser: limit: block-size = 16x16
01-31 04:38:51.553   917   917 I MediaCodecsXmlParser: limit: blocks-per-second-range = 1-979200
01-31 04:38:51.553   917   917 I MediaCodecsXmlParser: limit: bitrate-range = 1-35000000
01-31 04:38:51.553   917   917 I MediaCodecsXmlParser: limit: frame-rate-range = 1-30
01-31 04:38:51.553   917   917 I MediaCodecsXmlParser: limit: feature-adaptive-playback = 0
01-31 04:38:51.553   917   917 I MediaCodecsXmlParser: limit: feature-secure-playback = 1
01-31 04:38:51.553   917   917 I MediaCodecsXmlParser: limit: max-concurrent-instances = 6
01-31 04:38:51.553   917   917 I MediaCodecsXmlParser: limit: performance-point-3840x2160-range = 30-30
01-31 04:38:51.553   917   917 I MediaCodecsXmlParser: limit: size-range = 64x64-3840x2160
01-31 04:38:51.553   917   917 I MediaCodecsXmlParser: limit: alignment = 2x2
01-31 04:38:51.553   917   917 I MediaCodecsXmlParser: limit: block-size = 16x16
01-31 04:38:51.553   917   917 I MediaCodecsXmlParser: limit: blocks-per-second-range = 1-972000
01-31 04:38:51.553   917   917 I MediaCodecsXmlParser: limit: bitrate-range = 1-100000000
01-31 04:38:51.553   917   917 I MediaCodecsXmlParser: limit: feature-adaptive-playback = 0
01-31 04:38:51.553   917   917 I MediaCodecsXmlParser: limit: max-concurrent-instances = 16
01-31 04:38:51.553   917   917 I MediaCodecsXmlParser: limit: performance-point-3840x2160-range = 30-30
01-31 04:38:51.553   917   917 I MediaCodecsXmlParser: limit: size-range = 64x64-3840x2160
01-31 04:38:51.553   917   917 I MediaCodecsXmlParser: limit: alignment = 2x2
01-31 04:38:51.553   917   917 I MediaCodecsXmlParser: limit: block-size = 16x16
01-31 04:38:51.553   917   917 I MediaCodecsXmlParser: limit: blocks-per-second-range = 1-972000
01-31 04:38:51.553   917   917 I MediaCodecsXmlParser: limit: bitrate-range = 1-35000000
01-31 04:38:51.553   917   917 I MediaCodecsXmlParser: limit: feature-adaptive-playback = 0
01-31 04:38:51.553   917   917 I MediaCodecsXmlParser: limit: feature-secure-playback = 1
01-31 04:38:51.553   917   917 I MediaCodecsXmlParser: limit: max-concurrent-instances = 6
01-31 04:38:51.553   917   917 I MediaCodecsXmlParser: limit: performance-point-3840x2160-range = 30-30
01-31 04:38:51.553   917   917 D MediaCodecsXmlParser: parsing /vendor/etc/media_codecs_google_video.xml...
01-31 04:38:51.553   917   917 I MediaCodecsXmlParser: limit: size-range = 2x2-352x288
01-31 04:38:51.553   917   917 I MediaCodecsXmlParser: limit: alignment = 2x2
01-31 04:38:51.553   917   917 I MediaCodecsXmlParser: limit: block-size = 16x16
01-31 04:38:51.553   917   917 I MediaCodecsXmlParser: limit: blocks-per-second-range = 12-11880
01-31 04:38:51.553   917   917 I MediaCodecsXmlParser: limit: bitrate-range = 1-384000
01-31 04:38:51.553   917   917 I MediaCodecsXmlParser: limit: feature-adaptive-playback = 0
01-31 04:38:51.553   917   917 I MediaCodecsXmlParser: limit: size-range = 2x2-352x288
01-31 04:38:51.553   917   917 I MediaCodecsXmlParser: limit: alignment = 2x2
01-31 04:38:51.553   917   917 I MediaCodecsXmlParser: limit: bitrate-range = 1-384000
01-31 04:38:51.553   917   917 I MediaCodecsXmlParser: limit: feature-adaptive-playback = 0
01-31 04:38:51.553   917   917 I MediaCodecsXmlParser: limit: size-range = 2x2-4080x4080
01-31 04:38:51.553   917   917 I MediaCodecsXmlParser: limit: alignment = 2x2
01-31 04:38:51.553   917   917 I MediaCodecsXmlParser: limit: block-size = 16x16
01-31 04:38:51.553   917   917 I MediaCodecsXmlParser: limit: block-count-range = 1-32768
01-31 04:38:51.553   917   917 I MediaCodecsXmlParser: limit: blocks-per-second-range = 1-1966080
01-31 04:38:51.553   917   917 I MediaCodecsXmlParser: limit: bitrate-range = 1-48000000
01-31 04:38:51.553   917   917 I MediaCodecsXmlParser: limit: feature-adaptive-playback = 0
01-31 04:38:51.553   917   917 I MediaCodecsXmlParser: limit: size-range = 2x2-4096x4096
01-31 04:38:51.553   917   917 I MediaCodecsXmlParser: limit: alignment = 2x2
01-31 04:38:51.553   917   917 I MediaCodecsXmlParser: limit: block-size = 8x8
01-31 04:38:51.553   917   917 I MediaCodecsXmlParser: limit: block-count-range = 1-196608
01-31 04:38:51.553   917   917 I MediaCodecsXmlParser: limit: blocks-per-second-range = 1-2000000
01-31 04:38:51.553   917   917 I MediaCodecsXmlParser: limit: bitrate-range = 1-10000000
01-31 04:38:51.553   917   917 I MediaCodecsXmlParser: limit: feature-adaptive-playback = 0
01-31 04:38:51.553   917   917 I MediaCodecsXmlParser: limit: size-range = 2x2-2048x2048
01-31 04:38:51.553   917   917 I MediaCodecsXmlParser: limit: alignment = 2x2
01-31 04:38:51.553   917   917 I MediaCodecsXmlParser: limit: block-size = 16x16
01-31 04:38:51.553   917   917 I MediaCodecsXmlParser: limit: block-count-range = 1-16384
01-31 04:38:51.553   917   917 I MediaCodecsXmlParser: limit: blocks-per-second-range = 1-1000000
01-31 04:38:51.553   917   917 I MediaCodecsXmlParser: limit: bitrate-range = 1-40000000
01-31 04:38:51.553   917   917 I MediaCodecsXmlParser: limit: feature-adaptive-playback = 0
01-31 04:38:51.553   917   917 I MediaCodecsXmlParser: limit: size-range = 2x2-2048x2048
01-31 04:38:51.553   917   917 I MediaCodecsXmlParser: limit: alignment = 2x2
01-31 04:38:51.553   917   917 I MediaCodecsXmlParser: limit: block-size = 16x16
01-31 04:38:51.553   917   917 I MediaCodecsXmlParser: limit: block-count-range = 1-16384
01-31 04:38:51.553   917   917 I MediaCodecsXmlParser: limit: blocks-per-second-range = 1-500000
01-31 04:38:51.553   917   917 I MediaCodecsXmlParser: limit: bitrate-range = 1-40000000
01-31 04:38:51.553   917   917 I MediaCodecsXmlParser: limit: feature-adaptive-playback = 0
01-31 04:38:51.553   917   917 I MediaCodecsXmlParser: limit: size-range = 176x144-176x144
01-31 04:38:51.553   917   917 I MediaCodecsXmlParser: limit: alignment = 16x16
01-31 04:38:51.553   917   917 I MediaCodecsXmlParser: limit: bitrate-range = 1-128000
01-31 04:38:51.553   917   917 I MediaCodecsXmlParser: limit: size-range = 16x16-2048x2048
01-31 04:38:51.553   917   917 I MediaCodecsXmlParser: limit: alignment = 2x2
01-31 04:38:51.553   917   917 I MediaCodecsXmlParser: limit: block-size = 16x16
01-31 04:38:51.554   917   917 I MediaCodecsXmlParser: limit: block-count-range = 1-8192
01-31 04:38:51.554   917   917 I MediaCodecsXmlParser: limit: blocks-per-second-range = 1-245760
01-31 04:38:51.554   917   917 I MediaCodecsXmlParser: limit: bitrate-range = 1-12000000
01-31 04:38:51.554   917   917 I MediaCodecsXmlParser: limit: feature-intra-refresh = 0
01-31 04:38:51.554   917   917 I MediaCodecsXmlParser: limit: size-range = 16x16-176x144
01-31 04:38:51.554   917   917 I MediaCodecsXmlParser: limit: alignment = 16x16
01-31 04:38:51.554   917   917 I MediaCodecsXmlParser: limit: block-size = 16x16
01-31 04:38:51.554   917   917 I MediaCodecsXmlParser: limit: blocks-per-second-range = 12-1485
01-31 04:38:51.554   917   917 I MediaCodecsXmlParser: limit: bitrate-range = 1-64000
01-31 04:38:51.554   917   917 I MediaCodecsXmlParser: limit: size-range = 2x2-2048x2048
01-31 04:38:51.554   917   917 I MediaCodecsXmlParser: limit: alignment = 2x2
01-31 04:38:51.554   917   917 I MediaCodecsXmlParser: limit: block-size = 16x16
01-31 04:38:51.554   917   917 I MediaCodecsXmlParser: limit: block-count-range = 1-16384
01-31 04:38:51.554   917   917 I MediaCodecsXmlParser: limit: bitrate-range = 1-40000000
01-31 04:38:51.554   917   917 I MediaCodecsXmlParser: limit: feature-bitrate-modes = VBR,CBR
01-31 04:38:51.554   917   917 I MediaCodecsXmlParser: limit: size-range = 2x2-2048x2048
01-31 04:38:51.554   917   917 I MediaCodecsXmlParser: limit: alignment = 2x2
01-31 04:38:51.554   917   917 I MediaCodecsXmlParser: limit: block-size = 16x16
01-31 04:38:51.554   917   917 I MediaCodecsXmlParser: limit: block-count-range = 1-3600
01-31 04:38:51.554   917   917 I MediaCodecsXmlParser: limit: bitrate-range = 1-40000000
01-31 04:38:51.554   917   917 I MediaCodecsXmlParser: limit: feature-bitrate-modes = VBR,CBR
01-31 04:38:51.569   602   602 I netd    : Creating child chains: 48.3ms
01-31 04:38:51.569   602   602 I netd    : Setting up OEM hooks: 0.2ms
01-31 04:38:51.569   602   602 I netd    : Setting up FirewallController hooks: 0.0ms
01-31 04:38:51.573     0     0 W wsa881x_get_temp: Temperature registers[17 17 17 17] are out of range
01-31 04:38:51.573     0     0 W wsa881x_get_temp: T0: 65535 is out of range[5, 45]
01-31 04:38:51.574   917   917 I liblog  : 89
01-31 04:38:51.574   917   917 I ServiceManagement: Registered android.hardware.media.omx@1.0::IOmxStore/default (start delay of 429ms)
01-31 04:38:51.575   917   917 I ServiceManagement: Removing namespace from process name android.hardware.media.omx@1.0-service to omx@1.0-service.
01-31 04:38:51.577   882   882 I imsrcsd : Starting Service for First Time imsbaseimpl
01-31 04:38:51.577   602   602 I netd    : Setting up TetherController hooks: 8.0ms
01-31 04:38:51.582   602   602 I netd    : Setting up BandwidthController hooks: 5.0ms
01-31 04:38:51.582   602   602 I netd    : Setting up IdletimerController hooks: 0.1ms
01-31 04:38:51.589   882   882 I ServiceManagement: Registered com.qualcomm.qti.uceservice@2.2::IUceService/com.qualcomm.qti.uceservice (start delay of 552ms)
01-31 04:38:51.590   882   882 I imsrcsd : ImsRcsBaseImpl CM_IMSCONNECTIONMANAGER_CREATE_CONNECTION Before Registering Service
01-31 04:38:51.591   882   882 I ServiceManagement: Registered com.qualcomm.qti.imscmservice@2.2::IImsCmService/qti.ims.connectionmanagerservice (start delay of 553ms)
01-31 04:38:51.591   882   882 I imsrcsd : ImsRcsBaseImpl CM_IMSCONNECTIONMANAGER_CREATE_CONNECTION After Registering Service
01-31 04:38:51.591   882   882 E         : [IMS_COM] |ImsCom.cpp | 57 | | 882 |Com Fd: 7
01-31 04:38:51.591   882   882 E         : [IMS_COM] |ImsCom.cpp | 167 | | 882 |ImsCom::addComEventHandler(int 7, ComEventCallback 0x73a7625668, void* 0x0, ComCloseCallback 0x0, events 17) EX
01-31 04:38:51.591   882   882 E         : [IMS_COM] |ImsCom.cpp | 179 | | 882 |ImsCom::addComEventHandler epoll_ctl returns: 0
01-31 04:38:51.591   882   882 E         : [IMS_COM] |ImsCom.cpp | 60 | | 882 |ImsCom is ready. epollFd:6
01-31 04:38:51.591   882   882 E         : [IMS_COM] |ImsQmiSvc.cpp | 38 | | 882 |ImsQmiSvc[ImsQmiPrivate]:  
01-31 04:38:51.591   882   882 E         : [IMS_COM] |ImsQmiSvc.cpp | 41 | | 882 |ImsQmiSvc: qmiimssvcfd : 8 svcObj[xa762d008] 
01-31 04:38:51.591   882   882 E         : [IMS_COM] |ImsCom.cpp | 167 | | 882 |ImsCom::addComEventHandler(int 8, ComEventCallback 0x73a762a548, void* 0x73a801c000, ComCloseCallback 0x0, events 1) EX
01-31 04:38:51.591   882   882 E         : [IMS_COM] |ImsCom.cpp | 179 | | 882 |ImsCom::addComEventHandler epoll_ctl returns: 0
01-31 04:38:51.593   910   995 I ServiceManager: Waiting for service 'package_native' on '/dev/binder'...
01-31 04:38:51.593   882   882 E         : [IMS_COM] |ImsQmiSvc.cpp | 121 | | 882 |ImsQmiSvc[ImsQmiPrivate]: registerForQmiSvcUp 
01-31 04:38:51.593   882   882 E         : [IMS_COM] |ImsQmiPrivate.cpp | 121 | | 882 |ImsQmiPrivate Xtor
01-31 04:38:51.593   882   882 E         : [IMS_COM] |ImsCom.cpp | 167 | | 882 |ImsCom::addComEventHandler(int 12, ComEventCallback 0x73a76286e8, void* 0x73a801c000, ComCloseCallback 0x0, events 1) EX
01-31 04:38:51.593   882   882 E         : [IMS_COM] |ImsCom.cpp | 179 | | 882 |ImsCom::addComEventHandler epoll_ctl returns: 0
01-31 04:38:51.593   882   882 I         : ImsCallInfoService: Ctor[a800a180]
01-31 04:38:51.593   882   882 E         : [IMS_COM] |ImsQmiPrivate.cpp | 234 | | 882 |QMI IMS Private listener added 0x73a800a180
01-31 04:38:51.593   882   882 I         : ImsCallInfoService - <API SVC> registerServiceImpl: Registering for vendor.qti.ims.callinfo 
01-31 04:38:51.593   602   602 I netd    : Setting up StrictController hooks: 11.5ms
01-31 04:38:51.594   602   602 I ClatdController: 4.9+ kernel and device shipped with Q+ - clat ebpf should work.
01-31 04:38:51.594   882   882 I ServiceManagement: Registered vendor.qti.ims.callinfo@1.0::IService/default (start delay of 556ms)
01-31 04:38:51.594   882   882 I imsrcsd : ImsRcsBaseImpl ImsCallInfo After Registering Service
01-31 04:38:51.594   602   602 I netd    : Initializing ClatdController: 0.2ms
01-31 04:38:51.595   882   882 I ServiceManagement: Registered vendor.qti.ims.factory@1.0::IImsFactory/default (start delay of 557ms)
01-31 04:38:51.595   871   933 E ThermalEngine: read error 0. buf:[add@/devices/virtual/thermal/thermal_zone37 ACTION=add DEVPATH=/devices/virtual/thermal/thermal_zone37 SUBSYSTEM=thermal SEQNUM=5564 ]
01-31 04:38:51.595   882   882 I imsrcsd : ImsRcsBaseImpl : Successfully registered ImsFactory
01-31 04:38:51.595     0     0 W         : (NULL device *): hwmon_device_register() is deprecated. Please convert the driver to use hwmon_device_register_with_info().
01-31 04:38:51.596   602   602 I netd    : Initializing traffic control: 2.4ms
01-31 04:38:51.599   941   941 I /apex/com.android.media.swcodec/bin/mediaswcodec: media swcodec service starting
01-31 04:38:51.602   941   941 W /apex/com.android.media.swcodec/bin/mediaswcodec: Could not read additional policy file '/vendor/etc/seccomp_policy/mediaswcodec.policy'
01-31 04:38:51.603   941   941 W /apex/com.android.media.swcodec/bin/mediaswcodec: libminijail[941]: failed to get path of fd 4: No such file or directory
01-31 04:38:51.603   941   941 W /apex/com.android.media.swcodec/bin/mediaswcodec: libminijail[941]: allowing syscall: connect
01-31 04:38:51.603   941   941 W /apex/com.android.media.swcodec/bin/mediaswcodec: libminijail[941]: allowing syscall: fcntl
01-31 04:38:51.603   941   941 W /apex/com.android.media.swcodec/bin/mediaswcodec: libminijail[941]: allowing syscall: sendto
01-31 04:38:51.603   941   941 W /apex/com.android.media.swcodec/bin/mediaswcodec: libminijail[941]: allowing syscall: socket
01-31 04:38:51.603   941   941 W /apex/com.android.media.swcodec/bin/mediaswcodec: libminijail[941]: allowing syscall: writev
01-31 04:38:51.604   602   602 I netd    : Enabling bandwidth control: 7.6ms
01-31 04:38:51.605   941   941 W /apex/com.android.media.swcodec/bin/mediaswcodec: libminijail[941]: logging seccomp filter failures
01-31 04:38:51.606   941   941 I CodecServiceRegistrant: Creating software Codec2 service...
01-31 04:38:51.609   941   941 I ServiceManagement: Registered android.hardware.media.c2@1.0::IComponentStore/software (start delay of 391ms)
01-31 04:38:51.609   941   941 I CodecServiceRegistrant: Software Codec2 service created.
01-31 04:38:51.609   602   602 I netd    : Initializing RouteController: 5.6ms
01-31 04:38:51.610   602   602 D XfrmController: XfrmController::ipSecAddXfrmInterface, line=1379
01-31 04:38:51.611     0     0 I msm-dwc3 c200000.hsusb: Avail curr from USB = 100
01-31 04:38:51.611     0     0 W wsa881x_get_temp: Temperature registers[17 17 17 17] are out of range
01-31 04:38:51.611     0     0 W wsa881x_get_temp: T0: 65535 is out of range[5, 45]
01-31 04:38:51.612   602   602 D XfrmController: XfrmController::ipSecRemoveTunnelInterface, line=1592
01-31 04:38:51.612   602   602 D XfrmController: deviceName=ipsec_test
01-31 04:38:51.613     0     0 E [RMNET:HI] rmnet_config_notify_cb(): Kernel is trying to unregister ipsec_test
01-31 04:38:51.616   902   902 V MediaUtils: physMem: 3812388864
01-31 04:38:51.616   902   902 V MediaUtils: requested limit: 762477760
01-31 04:38:51.616   902   902 I libc    : malloc_limit: Allocation limit enabled, max size 762477760 bytes
01-31 04:38:51.624   902   902 W mediaextractor: libminijail[902]: failed to get path of fd 4: No such file or directory
01-31 04:38:51.624   902   902 W mediaextractor: libminijail[902]: allowing syscall: connect
01-31 04:38:51.624   902   902 W mediaextractor: libminijail[902]: allowing syscall: fcntl
01-31 04:38:51.624   902   902 W mediaextractor: libminijail[902]: allowing syscall: sendto
01-31 04:38:51.624   902   902 W mediaextractor: libminijail[902]: allowing syscall: socket
01-31 04:38:51.624   902   902 W mediaextractor: libminijail[902]: allowing syscall: writev
01-31 04:38:51.625   902   902 W mediaextractor: libminijail[902]: logging seccomp filter failures
01-31 04:38:51.644  1048  1048 W libc    : Unable to set property "qemu.hw.mainkeys" to "0": error code: 0x18
01-31 04:38:51.645     0     0 W wsa881x_get_temp: Temperature registers[17 17 17 17] are out of range
01-31 04:38:51.645     0     0 W wsa881x_get_temp: T0: 65535 is out of range[5, 45]
01-31 04:38:51.646  1041  1041 E Diag_Lib: qpLogDiagInit <== result : 1
01-31 04:38:51.646  1041  1041 E Diag_Lib: DATAD : gIsQXDMDisabled 0, gIsADBDisabled 1, gIsDebugDisabled 0, gIsIMSLogsDisabled 0
01-31 04:38:51.646  1041  1041 E Diag_Lib: [IMS_DataD] imsdatad.c | 6232 | | 1041 |DATAD#$$#0#DATAD STARTED
01-31 04:38:51.668     0     0 E msm_cci_wait: 306 wait for queue: 0
01-31 04:38:51.668     0     0 E msm_cci_transfer_end: 558 failed rc -110
01-31 04:38:51.668     0     0 E msm_cci_data_queue: 815 failed rc -110
01-31 04:38:51.668     0     0 E msm_camera_cci_i2c_write: line 134 rc = -110
01-31 04:38:51.668     0     0 E msm_cci_irq: 1805 MASTER_0 error 0x8000000
01-31 04:38:51.674     0     0 W wsa881x_get_temp: Temperature registers[17 17 17 17] are out of range
01-31 04:38:51.674     0     0 W wsa881x_get_temp: T0: 65535 is out of range[5, 45]
01-31 04:38:51.688     0     0 I pil-q6v5-mss 4080000.qcom,mss: modem: Brought out of reset
01-31 04:38:51.688     0     0 E [RMNET:HI] rmnet_config_notify_cb(): Kernel is trying to unregister ipsec_test
01-31 04:38:51.689   602   602 D XfrmController: Sending Netlink XFRM Message: XFRM_MSG_FLUSHSA
01-31 04:38:51.689   602   602 D XfrmController: Sending Netlink XFRM Message: XFRM_MSG_FLUSHPOLICY
01-31 04:38:51.689   602   602 I netd    : Initializing XfrmController: 79.3ms
01-31 04:38:51.691   602   602 I libnetd_resolv: resolv_init: Initializing resolver
01-31 04:38:51.692   602   602 D MDnsDS  : MDnsSdListener::Hander starting up
01-31 04:38:51.692   602  1069 D MDnsDS  : MDnsSdListener starting to monitor
01-31 04:38:51.692   602  1069 D MDnsDS  : Going to poll with pollCount 1
01-31 04:38:51.693   910   995 I ServiceManager: Waiting for service 'package_native' on '/dev/binder'...
01-31 04:38:51.699     0     0 I android_work: sent uevent USB_STATE=CONNECTED
01-31 04:38:51.700   602   602 I netd    : Registering NetdNativeService: 0.5ms
01-31 04:38:51.703   602   602 I ServiceManagement: Registered android.system.net.netd@1.1::INetd/default (start delay of 2385ms)
01-31 04:38:51.703   602   602 I netd    : Registering NetdHwService: 2.7ms
01-31 04:38:51.703   602   602 I netd    : Netd started in 2279ms
01-31 04:38:51.704   886   886 I cameraserver: ServiceManager: 0xf59232a0
01-31 04:38:51.704   886   886 I CameraService: CameraService started (pid=886)
01-31 04:38:51.704   886   886 I CameraService: CameraService process starting
01-31 04:38:51.705   886   886 W BatteryNotifier: batterystats service unavailable!
01-31 04:38:51.705   886   886 W BatteryNotifier: batterystats service unavailable!
01-31 04:38:51.706     0     0 W wsa881x_get_temp: Temperature registers[17 17 17 17] are out of range
01-31 04:38:51.706     0     0 W wsa881x_get_temp: T0: 65535 is out of range[5, 45]
