01-31 04:38:49.267   596   596 D QC-time-services: Daemon:Open File: /mnt/vendor/persist/time/ats_2
01-31 04:38:49.267   596   596 D QC-time-services: Daemon:Unable to open filefor read
01-31 04:38:49.267   596   596 D QC-time-services: Daemon:genoff_post_init:Error in accessing storage
01-31 04:38:49.267   596   596 D QC-time-services: Daemon:genoff_pre_init::Base = 3
01-31 04:38:49.267   596   596 D QC-time-services: Daemon: Storage Name: ats_3 
01-31 04:38:49.267   596   596 D QC-time-services: Daemon:Opening File: /mnt/vendor/persist/time/ats_3 /data/vendor/time/ats_3
01-31 04:38:49.267   596   596 D QC-time-services: Daemon:time_persistent_memory_opr:Genoff Read operation 
01-31 04:38:49.267   596   596 D QC-time-services: Daemon:Open File: /mnt/vendor/persist/time/ats_3
01-31 04:38:49.267   596   596 D QC-time-services: Daemon:Unable to open filefor read
01-31 04:38:49.267   596   596 D QC-time-services: Daemon:genoff_post_init:Error in accessing storage
01-31 04:38:49.267   596   596 D QC-time-services: Daemon:genoff_pre_init::Base = 4
01-31 04:38:49.267   596   596 D QC-time-services: Daemon: Storage Name: ats_4 
01-31 04:38:49.267   596   596 D QC-time-services: Daemon:Opening File: /mnt/vendor/persist/time/ats_4 /data/vendor/time/ats_4
01-31 04:38:49.267   596   596 D QC-time-services: Daemon:time_persistent_memory_opr:Genoff Read operation 
01-31 04:38:49.267   596   596 D QC-time-services: Daemon:Open File: /mnt/vendor/persist/time/ats_4
01-31 04:38:49.267   596   596 D QC-time-services: Daemon:Unable to open filefor read
01-31 04:38:49.267   596   596 D QC-time-services: Daemon:genoff_post_init:Error in accessing storage
01-31 04:38:49.267   596   596 D QC-time-services: Daemon:genoff_pre_init::Base = 5
01-31 04:38:49.267   596   596 D QC-time-services: Daemon: Storage Name: ats_5 
01-31 04:38:49.267   596   596 D QC-time-services: Daemon:Opening File: /mnt/vendor/persist/time/ats_5 /data/vendor/time/ats_5
01-31 04:38:49.267   596   596 D QC-time-services: Daemon:time_persistent_memory_opr:Genoff Read operation 
01-31 04:38:49.267   596   596 D QC-time-services: Daemon:Open File: /mnt/vendor/persist/time/ats_5
01-31 04:38:49.267   596   596 D QC-time-services: Daemon:Unable to open filefor read
01-31 04:38:49.267   596   596 D QC-time-services: Daemon:genoff_post_init:Error in accessing storage
01-31 04:38:49.267   596   596 D QC-time-services: Daemon:genoff_pre_init::Base = 6
01-31 04:38:49.267   596   596 D QC-time-services: Daemon: Storage Name: ats_6 
01-31 04:38:49.267   596   596 D QC-time-services: Daemon:Opening File: /mnt/vendor/persist/time/ats_6 /data/vendor/time/ats_6
01-31 04:38:49.267   596   596 D QC-time-services: Daemon:time_persistent_memory_opr:Genoff Read operation 
01-31 04:38:49.267   596   596 D QC-time-services: Daemon:Open File: /mnt/vendor/persist/time/ats_6
01-31 04:38:49.267   596   596 D QC-time-services: Daemon:Unable to open filefor read
01-31 04:38:49.267   596   596 D QC-time-services: Daemon:genoff_post_init:Error in accessing storage
01-31 04:38:49.267   596   596 D QC-time-services: Daemon:genoff_pre_init::Base = 7
01-31 04:38:49.267   596   596 D QC-time-services: Daemon: Storage Name: ats_7 
01-31 04:38:49.267   596   596 D QC-time-services: Daemon:Opening File: /mnt/vendor/persist/time/ats_7 /data/vendor/time/ats_7
01-31 04:38:49.267   596   596 D QC-time-services: Daemon:time_persistent_memory_opr:Genoff Read operation 
01-31 04:38:49.267   596   596 D QC-time-services: Daemon:Open File: /mnt/vendor/persist/time/ats_7
01-31 04:38:49.267   596   596 D QC-time-services: Daemon:Unable to open filefor read
01-31 04:38:49.267   596   596 D QC-time-services: Daemon:genoff_post_init:Error in accessing storage
01-31 04:38:49.267   596   596 D QC-time-services: Daemon:genoff_pre_init::Base = 8
01-31 04:38:49.267   596   596 D QC-time-services: Daemon: Storage Name: ats_8 
01-31 04:38:49.267   596   596 D QC-time-services: Daemon:Opening File: /mnt/vendor/persist/time/ats_8 /data/vendor/time/ats_8
01-31 04:38:49.267   596   596 D QC-time-services: Daemon:time_persistent_memory_opr:Genoff Read operation 
01-31 04:38:49.267   596   596 D QC-time-services: Daemon:Open File: /mnt/vendor/persist/time/ats_8
01-31 04:38:49.267   596   596 D QC-time-services: Daemon:Unable to open filefor read
01-31 04:38:49.267   596   596 D QC-time-services: Daemon:genoff_post_init:Error in accessing storage
01-31 04:38:49.267   596   596 D QC-time-services: Daemon:genoff_pre_init::Base = 9
01-31 04:38:49.267   596   596 D QC-time-services: Daemon: Storage Name: ats_9 
01-31 04:38:49.267   596   596 D QC-time-services: Daemon:Opening File: /mnt/vendor/persist/time/ats_9 /data/vendor/time/ats_9
01-31 04:38:49.267   596   596 D QC-time-services: Daemon:time_persistent_memory_opr:Genoff Read operation 
01-31 04:38:49.267   596   596 D QC-time-services: Daemon:Open File: /mnt/vendor/persist/time/ats_9
01-31 04:38:49.267   596   596 D QC-time-services: Daemon:Unable to open filefor read
01-31 04:38:49.267   596   596 D QC-time-services: Daemon:genoff_post_init:Error in accessing storage
01-31 04:38:49.267   596   596 D QC-time-services: Daemon:genoff_pre_init::Base = 10
01-31 04:38:49.267   596   596 D QC-time-services: Daemon: Storage Name: ats_10 
01-31 04:38:49.268   596   596 D QC-time-services: Daemon:Opening File: /mnt/vendor/persist/time/ats_10 /data/vendor/time/ats_10
01-31 04:38:49.268   596   596 D QC-time-services: Daemon:time_persistent_memory_opr:Genoff Read operation 
01-31 04:38:49.268   596   596 D QC-time-services: Daemon:Open File: /mnt/vendor/persist/time/ats_10
01-31 04:38:49.268   596   596 D QC-time-services: Daemon:Unable to open filefor read
01-31 04:38:49.268   596   596 D QC-time-services: Daemon:genoff_post_init:Error in accessing storage
01-31 04:38:49.268   596   596 D QC-time-services: Daemon:genoff_pre_init::Base = 11
01-31 04:38:49.268   596   596 D QC-time-services: Daemon: Storage Name: ats_11 
01-31 04:38:49.268   596   596 D QC-time-services: Daemon:Opening File: /mnt/vendor/persist/time/ats_11 /data/vendor/time/ats_11
01-31 04:38:49.268   596   596 D QC-time-services: Daemon:time_persistent_memory_opr:Genoff Read operation 
01-31 04:38:49.268   596   596 D QC-time-services: Daemon:Open File: /mnt/vendor/persist/time/ats_11
01-31 04:38:49.268   596   596 D QC-time-services: Daemon:Unable to open filefor read
01-31 04:38:49.268   596   596 D QC-time-services: Daemon:genoff_post_init:Error in accessing storage
01-31 04:38:49.268   596   596 D QC-time-services: Daemon:genoff_pre_init::Base = 12
01-31 04:38:49.268   596   596 D QC-time-services: Daemon: Storage Name: ats_12 
01-31 04:38:49.268   596   596 D QC-time-services: Daemon:Opening File: /mnt/vendor/persist/time/ats_12 /data/vendor/time/ats_12
01-31 04:38:49.268   596   596 D QC-time-services: Daemon:time_persistent_memory_opr:Genoff Read operation 
01-31 04:38:49.268   596   596 D QC-time-services: Daemon:Open File: /mnt/vendor/persist/time/ats_12
01-31 04:38:49.268   596   596 D QC-time-services: Daemon:Unable to open filefor read
01-31 04:38:49.268   596   596 D QC-time-services: Daemon:genoff_post_init:Error in accessing storage
01-31 04:38:49.268   596   596 D QC-time-services: Daemon:genoff_pre_init::Base = 13
01-31 04:38:49.268   596   596 D QC-time-services: Daemon: Storage Name: ats_13 
01-31 04:38:49.268   596   596 D QC-time-services: Daemon:Opening File: /mnt/vendor/persist/time/ats_13 /data/vendor/time/ats_13
01-31 04:38:49.268   596   596 D QC-time-services: Daemon:time_persistent_memory_opr:Genoff Read operation 
01-31 04:38:49.268   596   596 D QC-time-services: Daemon:Open File: /mnt/vendor/persist/time/ats_13
01-31 04:38:49.268   596   596 D QC-time-services: Daemon:Unable to open filefor read
01-31 04:38:49.268   596   596 D QC-time-services: Daemon:genoff_post_init:Error in accessing storage
01-31 04:38:49.268   596   596 D QC-time-services: Daemon:genoff_pre_init::Base = 14
01-31 04:38:49.268   596   596 D QC-time-services: Daemon: Storage Name: ats_14 
01-31 04:38:49.268   596   596 D QC-time-services: Daemon:Opening File: /mnt/vendor/persist/time/ats_14 /data/vendor/time/ats_14
01-31 04:38:49.268   596   596 D QC-time-services: Daemon:time_persistent_memory_opr:Genoff Read operation 
01-31 04:38:49.268   596   596 D QC-time-services: Daemon:Open File: /mnt/vendor/persist/time/ats_14
01-31 04:38:49.268   596   596 D QC-time-services: Daemon:Unable to open filefor read
01-31 04:38:49.268   596   596 D QC-time-services: Daemon:genoff_post_init:Error in accessing storage
01-31 04:38:49.268   596   596 D QC-time-services: Daemon:genoff_pre_init::Base = 15
01-31 04:38:49.268   596   596 D QC-time-services: Daemon: Storage Name: ats_15 
01-31 04:38:49.268   596   596 D QC-time-services: Daemon:Opening File: /mnt/vendor/persist/time/ats_15 /data/vendor/time/ats_15
01-31 04:38:49.268   596   596 D QC-time-services: Daemon:time_persistent_memory_opr:Genoff Read operation 
01-31 04:38:49.268   596   596 D QC-time-services: Daemon:Open File: /mnt/vendor/persist/time/ats_15
01-31 04:38:49.268   596   596 D QC-time-services: Daemon:Unable to open filefor read
01-31 04:38:49.268   596   596 D QC-time-services: Daemon:genoff_post_init:Error in accessing storage
01-31 04:38:49.268   596   596 D QC-time-services: Daemon:genoff_pre_init::Base = 16
01-31 04:38:49.268   596   596 D QC-time-services: Daemon: Storage Name: ats_16 
01-31 04:38:49.268   596   596 D QC-time-services: Daemon:Opening File: /mnt/vendor/persist/time/ats_16 /data/vendor/time/ats_16
01-31 04:38:49.268   596   596 D QC-time-services: Daemon:time_persistent_memory_opr:Genoff Read operation 
01-31 04:38:49.268   596   596 D QC-time-services: Daemon:Open File: /mnt/vendor/persist/time/ats_16
01-31 04:38:49.268   596   596 D QC-time-services: Daemon:Unable to open filefor read
01-31 04:38:49.268   596   596 D QC-time-services: Daemon:genoff_post_init:Error in accessing storage
01-31 04:38:49.268   596   596 D QC-time-services: Daemon:genoff_pre_init::Base = 17
01-31 04:38:49.268   596   596 D QC-time-services: Daemon: Storage Name: ats_17 
01-31 04:38:49.268   596   596 D QC-time-services: Daemon:Opening File: /mnt/vendor/persist/time/ats_17 /data/vendor/time/ats_17
01-31 04:38:49.268   596   596 D QC-time-services: Daemon:time_persistent_memory_opr:Genoff Read operation 
01-31 04:38:49.268   596   596 D QC-time-services: Daemon:Open File: /mnt/vendor/persist/time/ats_17
01-31 04:38:49.268   596   596 D QC-time-services: Daemon:Unable to open filefor read
01-31 04:38:49.268   596   596 D QC-time-services: Daemon:genoff_post_init:Error in accessing storage
01-31 04:38:49.268   596   596 D QC-time-services: Daemon:genoff_pre_init::Base = 18
01-31 04:38:49.268   596   596 D QC-time-services: Daemon: Storage Name: ats_18 
01-31 04:38:49.268   596   596 D QC-time-services: Daemon:Opening File: /mnt/vendor/persist/time/ats_18 /data/vendor/time/ats_18
01-31 04:38:49.268   596   596 D QC-time-services: Daemon:time_persistent_memory_opr:Genoff Read operation 
01-31 04:38:49.268   596   596 D QC-time-services: Daemon:Open File: /mnt/vendor/persist/time/ats_18
01-31 04:38:49.268   596   596 D QC-time-services: Daemon:Unable to open filefor read
01-31 04:38:49.268   596   596 D QC-time-services: Daemon:genoff_post_init:Error in accessing storage
01-31 04:38:49.268   596   596 D QC-time-services: Daemon:genoff_init_config: Other bases initilized, exiting genoff_init
01-31 04:38:49.269     0     0 I rtc-max31343 1-0068: read date/time raw! 0x21-01-31 09:38:49 W01
01-31 04:38:49.269     0     0 I rtc-max31343 1-0068: read date/time! 2021-01-31 09:38:49
01-31 04:38:49.269   596   596 D QC-time-services: Daemon:rtc_get: Time read from RTC -- MM/DD/YY HH:MM:SS0/31/121 9:38:49
01-31 04:38:49.269   596   596 D QC-time-services: Daemon rtc_get: seconds = 1612085929
01-31 04:38:49.269   596   596 D QC-time-services: Daemon:Value read from RTC mseconds = 1612085929000
01-31 04:38:49.269   596   596 D QC-time-services: Daemon:Value read from QTimer mseconds = 15779
01-31 04:38:49.270   599   599 I /system/bin/flags_health_check: ServerConfigurableFlagsReset reset_mode value: 0
01-31 04:38:49.270   599   599 I /system/bin/flags_health_check: ServerConfigurableFlagsReset attempted boot count is under threshold, skipping reset.
01-31 04:38:49.279   597   597 I OEM-HPM : /vendor/bin/oem_hotplug_monitor has 1 parameters
01-31 04:38:49.284     0     0 I ptdet_get_poe_status: 1-0
01-31 04:38:49.284   597   597 I OEM-HPM : sysfs:path /sys/devices/platform/soc/soc:oem-ptdet/poe_status data absent
01-31 04:38:49.284   597   597 I OEM-HPM :  size 16
01-31 04:38:49.284   597   597 I OEM-HPM : handle_poe_status_change, poe_status is absent
01-31 04:38:49.284   597   597 I OEM-HPM : 
01-31 04:38:49.284   597   597 I OEM-HPM : handle_poe_status_change, power type is not POE
01-31 04:38:49.284   597   597 D OEM-HPM : 
01-31 04:38:49.284   597   597 I OEM-HPM : sysfs:path /sys/class/power_supply/usb/online data 1 size 1
01-31 04:38:49.284   597   597 I OEM-HPM : /sys/class/power_supply/usb/online is 1
01-31 04:38:49.284   597   597 I OEM-HPM : sysfs:path /sys/class/power_supply/pc_port/online data 0 size 1
01-31 04:38:49.284   597   597 I OEM-HPM : /sys/class/power_supply/pc_port/online is 0
01-31 04:38:49.284   597   597 I OEM-HPM : sysfs:path /sys/class/power_supply/ac/online data 1t
01-31 04:38:49.284   597   597 I OEM-HPM :  size 1
01-31 04:38:49.284   597   597 I OEM-HPM : /sys/class/power_supply/ac/online is 1
01-31 04:38:49.284   597   597 I OEM-HPM : USB power supply become online
01-31 04:38:49.312     0     0 I update_verifier: Started with arg 1: nonencrypted
01-31 04:38:49.315     0     0 I update_verifier: Booting slot 0: isSlotMarkedSuccessful=1
01-31 04:38:49.315     0     0 I update_verifier: Leaving update_verifier.
01-31 04:38:49.338     0     0 I ueventd : firmware: loading 'cdsp.mdt' for '/devices/platform/soc/1a300000.qcom,turing/firmware/cdsp.mdt'
01-31 04:38:49.340     0     0 I ueventd : loading /devices/platform/soc/1a300000.qcom,turing/firmware/cdsp.mdt took 2ms
01-31 04:38:49.340     0     0 I subsys-pil-tz 1a300000.qcom,turing: cdsp: loading from 0x0000000094a00000 to 0x0000000095000000
01-31 04:38:49.363     0     0 I ueventd : firmware: loading 'cdsp.b03' for '/devices/platform/soc/1a300000.qcom,turing/firmware/cdsp.b03'
01-31 04:38:49.365     0     0 I ueventd : loading /devices/platform/soc/1a300000.qcom,turing/firmware/cdsp.b03 took 2ms
01-31 04:38:49.368   605   605 I bootstat: Service started: /system/bin/bootstat --set_system_boot_reason 
01-31 04:38:49.368     0     0 I ueventd : firmware: loading 'cdsp.b02' for '/devices/platform/soc/1a300000.qcom,turing/firmware/cdsp.b02'
01-31 04:38:49.368   605   605 I bootstat: Canonical boot reason: reboot,adb
01-31 04:38:49.368   605   605 I bootstat: Canonical boot reason: reboot,adb
01-31 04:38:49.369     0     0 I ueventd : loading /devices/platform/soc/1a300000.qcom,turing/firmware/cdsp.b02 took 1ms
01-31 04:38:49.369     0     0 I ueventd : firmware: loading 'cdsp.b04' for '/devices/platform/soc/1a300000.qcom,turing/firmware/cdsp.b04'
01-31 04:38:49.373     0     0 I ueventd : firmware: loading 'cdsp.b05' for '/devices/platform/soc/1a300000.qcom,turing/firmware/cdsp.b05'
01-31 04:38:49.377     0     0 I ueventd : firmware: loading 'cdsp.b07' for '/devices/platform/soc/1a300000.qcom,turing/firmware/cdsp.b07'
01-31 04:38:49.380     0     0 I ueventd : loading /devices/platform/soc/1a300000.qcom,turing/firmware/cdsp.b07 took 2ms
01-31 04:38:49.414     0     0 I subsys-pil-tz 1a300000.qcom,turing: cdsp: Brought out of reset
01-31 04:38:49.422   602   602 I netdClient: Skipping libnetd_client init since *we* are netd
01-31 04:38:49.422     0     0 I subsys-pil-tz 1a300000.qcom,turing: cdsp: Power/Clock ready interrupt received
01-31 04:38:49.423     0     0 I subsys-pil-tz 1a300000.qcom,turing: Subsystem error monitoring/handling services are up
01-31 04:38:49.424   602   602 I netd    : netd 1.0 starting
01-31 04:38:49.424     0     0 E pmic_analog_codec 800f000.qcom,spmi: qcom,pm660l@3:anlg-cdc@f000: Adsp is not loaded yet 0
01-31 04:38:49.425     0     0 E msm_sdw_codec 152c1000.msm-sdw-codec: Adsp is not loaded yet 0
01-31 04:38:49.425     0     0 E pmic_analog_codec 800f000.qcom,spmi: qcom,pm660l@3:anlg-cdc@f000: Adsp is not loaded yet 0
01-31 04:38:49.428     0     0 I adsprpc : fastrpc_rpmsg_probe: opened rpmsg channel for cdsp
01-31 04:38:49.429     0     0 E msm_sdw_codec 152c1000.msm-sdw-codec: Adsp is not loaded yet 0
01-31 04:38:49.431     0     0 E pmic_analog_codec 800f000.qcom,spmi: qcom,pm660l@3:anlg-cdc@f000: Adsp is not loaded yet 0
01-31 04:38:49.443   602   602 I Netd    : Loaded resolver library from /apex/com.android.resolv/lib64/libnetd_resolv.so
01-31 04:38:49.446     0     0 E         : can't get fw name.
01-31 04:38:49.446     0     0 E sensors-ssc soc: qcom,msm-ssc-sensors: slpi_load_fw: SLPI image loading failed
01-31 04:38:49.587   621   621 I BOOT    : MSM target '', SoC 'QRD', HwID '324', SoC ver '65536'
01-31 04:38:49.605   622   622 W DRM_BOOT: file: '/sys/module/drm/parameters/vblankoffdelay' or perms doesn't exist
01-31 04:38:49.886   603   603 D AndroidRuntime: >>>>>> START com.android.internal.os.ZygoteInit uid 0 <<<<<<
01-31 04:38:49.886   603   603 I boot_progress_start: 12228
01-31 04:38:49.923   603   603 I AndroidRuntime: Using default boot image
01-31 04:38:49.923   603   603 I AndroidRuntime: Leaving lock profiling enabled
01-31 04:38:49.926   603   603 I zygote64: option[0]=-Xzygote
01-31 04:38:49.927   603   603 I zygote64: option[1]=exit
01-31 04:38:49.927   603   603 I zygote64: option[2]=vfprintf
01-31 04:38:49.927   603   603 I zygote64: option[3]=sensitiveThread
01-31 04:38:49.927   603   603 I zygote64: option[4]=-verbose:gc
01-31 04:38:49.927   603   603 I zygote64: option[5]=-Xms8m
01-31 04:38:49.927   603   603 I zygote64: option[6]=-Xmx512m
01-31 04:38:49.927   603   603 I zygote64: option[7]=-XX:HeapGrowthLimit=256m
01-31 04:38:49.927   603   603 I zygote64: option[8]=-XX:HeapMinFree=512k
01-31 04:38:49.927   603   603 I zygote64: option[9]=-XX:HeapMaxFree=8m
01-31 04:38:49.927   603   603 I zygote64: option[10]=-XX:HeapTargetUtilization=0.75
01-31 04:38:49.927   603   603 I zygote64: option[11]=-Xusejit:true
01-31 04:38:49.927   603   603 I zygote64: option[12]=-Xjitsaveprofilinginfo
01-31 04:38:49.927   603   603 I zygote64: option[13]=-XjdwpOptions:suspend=n,server=y
01-31 04:38:49.927   603   603 I zygote64: option[14]=-XjdwpProvider:default
01-31 04:38:49.927   603   603 I zygote64: option[15]=-Xlockprofthreshold:500
01-31 04:38:49.927   603   603 I zygote64: option[16]=-Ximage-compiler-option
01-31 04:38:49.927   603   603 I zygote64: option[17]=--runtime-arg
01-31 04:38:49.927   603   603 I zygote64: option[18]=-Ximage-compiler-option
01-31 04:38:49.927   603   603 I zygote64: option[19]=-Xms64m
01-31 04:38:49.927   603   603 I zygote64: option[20]=-Ximage-compiler-option
01-31 04:38:49.927   603   603 I zygote64: option[21]=--runtime-arg
01-31 04:38:49.927   603   603 I zygote64: option[22]=-Ximage-compiler-option
01-31 04:38:49.927   603   603 I zygote64: option[23]=-Xmx64m
01-31 04:38:49.927   603   603 I zygote64: option[24]=-Ximage-compiler-option
01-31 04:38:49.927   603   603 I zygote64: option[25]=--profile-file=/system/etc/boot-image.prof
01-31 04:38:49.927   603   603 I zygote64: option[26]=-Ximage-compiler-option
01-31 04:38:49.927   603   603 I zygote64: option[27]=--compiler-filter=speed-profile
01-31 04:38:49.927   603   603 I zygote64: option[28]=-Xcompiler-option
01-31 04:38:49.927   603   603 I zygote64: option[29]=--runtime-arg
01-31 04:38:49.927   603   603 I zygote64: option[30]=-Xcompiler-option
01-31 04:38:49.927   603   603 I zygote64: option[31]=-Xms64m
01-31 04:38:49.927   603   603 I zygote64: option[32]=-Xcompiler-option
01-31 04:38:49.927   603   603 I zygote64: option[33]=--runtime-arg
01-31 04:38:49.927   603   603 I zygote64: option[34]=-Xcompiler-option
01-31 04:38:49.927   603   603 I zygote64: option[35]=-Xmx512m
01-31 04:38:49.927   603   603 I zygote64: option[36]=-Ximage-compiler-option
01-31 04:38:49.927   603   603 I zygote64: option[37]=--instruction-set-variant=generic
01-31 04:38:49.927   603   603 I zygote64: option[38]=-Xcompiler-option
01-31 04:38:49.927   603   603 I zygote64: option[39]=--instruction-set-variant=generic
01-31 04:38:49.927   603   603 I zygote64: option[40]=-Ximage-compiler-option
01-31 04:38:49.927   603   603 I zygote64: option[41]=--instruction-set-features=default
01-31 04:38:49.927   603   603 I zygote64: option[42]=-Xcompiler-option
01-31 04:38:49.927   603   603 I zygote64: option[43]=--instruction-set-features=default
01-31 04:38:49.927   603   603 I zygote64: option[44]=-Duser.locale=en-US
01-31 04:38:49.927   603   603 I zygote64: option[45]=--cpu-abilist=arm64-v8a
01-31 04:38:49.927   603   603 I zygote64: option[46]=-Xcompiler-option
01-31 04:38:49.927   603   603 I zygote64: option[47]=--generate-mini-debug-info
01-31 04:38:49.927   603   603 I zygote64: option[48]=-Xcore-platform-api-policy:just-warn
01-31 04:38:49.927   603   603 I zygote64: option[49]=-Xfingerprint:Elo/15in-I-Series-4/15in-I-Series-4:10/QKQ1.200816.002/0018:userdebug/debug,release-keys
01-31 04:38:49.929   603   603 I zygote64: Core platform API reporting enabled, enforcing=false
01-31 04:38:49.933   604   604 D AndroidRuntime: >>>>>> START com.android.internal.os.ZygoteInit uid 0 <<<<<<
01-31 04:38:49.978   604   604 I AndroidRuntime: Using default boot image
01-31 04:38:49.978   604   604 I AndroidRuntime: Leaving lock profiling enabled
01-31 04:38:50.003   604   604 I zygote  : option[0]=-Xzygote
01-31 04:38:50.003   604   604 I zygote  : option[1]=exit
01-31 04:38:50.003   604   604 I zygote  : option[2]=vfprintf
01-31 04:38:50.003   604   604 I zygote  : option[3]=sensitiveThread
01-31 04:38:50.003   604   604 I zygote  : option[4]=-verbose:gc
01-31 04:38:50.003   604   604 I zygote  : option[5]=-Xms8m
01-31 04:38:50.003   604   604 I zygote  : option[6]=-Xmx512m
01-31 04:38:50.003   604   604 I zygote  : option[7]=-XX:HeapGrowthLimit=256m
01-31 04:38:50.003   604   604 I zygote  : option[8]=-XX:HeapMinFree=512k
01-31 04:38:50.003   604   604 I zygote  : option[9]=-XX:HeapMaxFree=8m
01-31 04:38:50.003   604   604 I zygote  : option[10]=-XX:HeapTargetUtilization=0.75
01-31 04:38:50.003   604   604 I zygote  : option[11]=-Xusejit:true
01-31 04:38:50.003   604   604 I zygote  : option[12]=-Xjitsaveprofilinginfo
01-31 04:38:50.003   604   604 I zygote  : option[13]=-XjdwpOptions:suspend=n,server=y
01-31 04:38:50.003   604   604 I zygote  : option[14]=-XjdwpProvider:default
01-31 04:38:50.003   604   604 I zygote  : option[15]=-Xlockprofthreshold:500
01-31 04:38:50.003   604   604 I zygote  : option[16]=-Ximage-compiler-option
01-31 04:38:50.003   604   604 I zygote  : option[17]=--runtime-arg
01-31 04:38:50.003   604   604 I zygote  : option[18]=-Ximage-compiler-option
01-31 04:38:50.003   604   604 I zygote  : option[19]=-Xms64m
01-31 04:38:50.004   604   604 I zygote  : option[20]=-Ximage-compiler-option
01-31 04:38:50.004   604   604 I zygote  : option[21]=--runtime-arg
01-31 04:38:50.004   604   604 I zygote  : option[22]=-Ximage-compiler-option
01-31 04:38:50.004   604   604 I zygote  : option[23]=-Xmx64m
01-31 04:38:50.004   604   604 I zygote  : option[24]=-Ximage-compiler-option
01-31 04:38:50.004   604   604 I zygote  : option[25]=--profile-file=/system/etc/boot-image.prof
01-31 04:38:50.004   604   604 I zygote  : option[26]=-Ximage-compiler-option
01-31 04:38:50.004   604   604 I zygote  : option[27]=--compiler-filter=speed-profile
01-31 04:38:50.004   604   604 I zygote  : option[28]=-Xcompiler-option
01-31 04:38:50.004   604   604 I zygote  : option[29]=--runtime-arg
01-31 04:38:50.004   604   604 I zygote  : option[30]=-Xcompiler-option
01-31 04:38:50.004   604   604 I zygote  : option[31]=-Xms64m
01-31 04:38:50.004   604   604 I zygote  : option[32]=-Xcompiler-option
01-31 04:38:50.004   604   604 I zygote  : option[33]=--runtime-arg
01-31 04:38:50.004   604   604 I zygote  : option[34]=-Xcompiler-option
01-31 04:38:50.004   604   604 I zygote  : option[35]=-Xmx512m
01-31 04:38:50.004   604   604 I zygote  : option[36]=-Ximage-compiler-option
01-31 04:38:50.004   604   604 I zygote  : option[37]=--instruction-set-variant=cortex-a73
01-31 04:38:50.004   604   604 I zygote  : option[38]=-Xcompiler-option
01-31 04:38:50.004   604   604 I zygote  : option[39]=--instruction-set-variant=cortex-a73
01-31 04:38:50.004   604   604 I zygote  : option[40]=-Ximage-compiler-option
01-31 04:38:50.004   604   604 I zygote  : option[41]=--instruction-set-features=default
01-31 04:38:50.004   604   604 I zygote  : option[42]=-Xcompiler-option
01-31 04:38:50.004   604   604 I zygote  : option[43]=--instruction-set-features=default
01-31 04:38:50.004   604   604 I zygote  : option[44]=-Duser.locale=en-US
01-31 04:38:50.004   604   604 I zygote  : option[45]=--cpu-abilist=armeabi-v7a,armeabi
01-31 04:38:50.004   604   604 I zygote  : option[46]=-Xcompiler-option
01-31 04:38:50.004   604   604 I zygote  : option[47]=--generate-mini-debug-info
01-31 04:38:50.004   604   604 I zygote  : option[48]=-Xcore-platform-api-policy:just-warn
01-31 04:38:50.004   604   604 I zygote  : option[49]=-Xfingerprint:Elo/15in-I-Series-4/15in-I-Series-4:10/QKQ1.200816.002/0018:userdebug/debug,release-keys
01-31 04:38:50.010   642   642 I ServiceManagement: Registered android.hidl.allocator@1.0::IAllocator/ashmem (start delay of 54ms)
01-31 04:38:50.011   642   642 I ServiceManagement: Removing namespace from process name android.hidl.allocator@1.0-service to allocator@1.0-service.
01-31 04:38:50.012   604   604 I zygote  : Core platform API reporting enabled, enforcing=false
01-31 04:38:50.037   643   643 I ServiceManagement: Registered android.system.suspend@1.0::ISystemSuspend/default (start delay of 89ms)
01-31 04:38:50.038   643   643 I ServiceManagement: Removing namespace from process name android.system.suspend@1.0-service to suspend@1.0-service.
01-31 04:38:50.042     0     0 I oem-init: ro.persistent_properties.ready: true
01-31 04:38:50.042     0     0 I oem-init: sysfs:path sys/devices/soc0/project_id data 44 size 4
01-31 04:38:50.042     0     0 I oem-init: set_customba_prop project_id: 44
01-31 04:38:50.042     0     0 I oem-init: project_id: 44
01-31 04:38:50.042     0     0 I oem-init: feature is: eth-PoE-GSen-DuSpk-GPIO-AdbMux-eRTC-Key2-dmic-SD
01-31 04:38:50.042     0     0 I oem-init: [item :]precast, [flag :]0
01-31 04:38:50.042     0     0 I oem-init: precast_flag: 0
01-31 04:38:50.073   648   648 I ServiceManagement: Registered android.hardware.drm@1.0::IDrmFactory/default (start delay of 105ms)
01-31 04:38:50.073   648   648 I ServiceManagement: Removing namespace from process name android.hardware.drm@1.0-service to drm@1.0-service.
01-31 04:38:50.073   648   648 I         : Registration complete for android.hardware.drm@1.0::IDrmFactory/default.
01-31 04:38:50.080   655   655 I ServiceManagement: Registered android.hardware.memtrack@1.0::IMemtrack/default (start delay of 102ms)
01-31 04:38:50.080   655   655 I ServiceManagement: Removing namespace from process name android.hardware.memtrack@1.0-service to memtrack@1.0-service.
01-31 04:38:50.080   655   655 I android.hardware.memtrack@1.0-service: Registration complete for android.hardware.memtrack@1.0::IMemtrack/default.
01-31 04:38:50.081   648   648 I ServiceManagement: Registered android.hardware.drm@1.0::ICryptoFactory/default (start delay of 113ms)
01-31 04:38:50.081   648   648 I ServiceManagement: Removing namespace from process name android.hardware.drm@1.0-service to drm@1.0-service.
01-31 04:38:50.082   648   648 I         : Registration complete for android.hardware.drm@1.0::ICryptoFactory/default.
01-31 04:38:50.089   646   646 I ServiceManagement: Registered android.hardware.cas@1.1::IMediaCasService/default (start delay of 131ms)
01-31 04:38:50.090   646   646 I ServiceManagement: Removing namespace from process name android.hardware.cas@1.1-service to cas@1.1-service.
01-31 04:38:50.091   654   654 E light   : light_open lights keyboard failed: -22
01-31 04:38:50.091   654   654 E light   : Light passthrough failed to load legacy HAL.
01-31 04:38:50.092   654   654 E light   : light_open lights buttons failed: -22
01-31 04:38:50.092   654   654 E light   : Light passthrough failed to load legacy HAL.
01-31 04:38:50.094   654   654 E light   : light_open lights bluetooth failed: -22
01-31 04:38:50.094   654   654 E light   : Light passthrough failed to load legacy HAL.
01-31 04:38:50.094   654   654 E light   : light_open lights wifi failed: -22
01-31 04:38:50.094   654   654 E light   : Light passthrough failed to load legacy HAL.
01-31 04:38:50.117   656   656 I QTI PowerHAL: Initing
01-31 04:38:50.120   666   666 I OEMPowerUtil: initialize().
01-31 04:38:50.124   644   644 I android.hardware.bluetooth@1.0-service: vendorEnhancedInfo: 3
01-31 04:38:50.124   644   644 I android.hardware.bluetooth@1.0-service: isVendorEnhancedFramework: 1
01-31 04:38:50.124   644   644 I android.hardware.bluetooth@1.0-service: Registering BT Service
01-31 04:38:50.126   669   669 D vendor.qti.esepowermanager@1.0-service: loading eseservice
01-31 04:38:50.126   669   669 D QSEECOMAPI: QSEECom_get_handle sb_length = 0x400
01-31 04:38:50.126   669   669 D QSEECOMAPI: App is not loaded in QSEE
01-31 04:38:50.126   669   669 E QSEECOMAPI: Error::Cannot open the file /vendor/firmware_mnt/image/eseservice.mdt errno = 2
01-31 04:38:50.126   669   669 E QSEECOMAPI: Error::Loading image failed with ret = -1
01-31 04:38:50.126   669   669 D vendor.qti.esepowermanager@1.0-service: loading eseservice failed
01-31 04:38:50.127   669   669 D vendor.qti.esepowermanager@1.0-service: eSEPowerManager is starting
01-31 04:38:50.128   664   664 E OEMLIGHT: OemLight Hal start
01-31 04:38:50.128   664   664 E OEMLIGHT: power LED not support
01-31 04:38:50.128   664   664 E OEMLIGHT: function LED not support
01-31 04:38:50.132   645   645 I android.hardware.camera.provider@2.4-service: CameraProvider@2.4 legacy service is starting.
01-31 04:38:50.132   667   667 I ServiceManagement: Registered vendor.elo.hardware.oemuinput@1.0::IOemUinput/default (start delay of 114ms)
01-31 04:38:50.133   667   667 I ServiceManagement: Removing namespace from process name vendor.elo.hardware.oemuinput@1.0-service to oemuinput@1.0-service.
01-31 04:38:50.133   660   660 I ServiceManagement: Registered android.hardware.usb@1.0::IUsb/default (start delay of 135ms)
01-31 04:38:50.134   660   660 I ServiceManagement: Removing namespace from process name android.hardware.usb@1.0-service to usb@1.0-service.
01-31 04:38:50.134   660   660 I android.hardware.usb@1.0-service: USB HAL Ready.
01-31 04:38:50.135   668   668 D hal-OemUsbConfig: OemUsbConfig hal start
01-31 04:38:50.138   654   654 I ServiceManagement: Registered android.hardware.light@2.0::ILight/default (start delay of 160ms)
01-31 04:38:50.138   654   654 I ServiceManagement: Removing namespace from process name android.hardware.light@2.0-service to light@2.0-service.
01-31 04:38:50.138   654   654 I         : Registration complete for android.hardware.light@2.0::ILight/default.
01-31 04:38:50.141   664   664 I ServiceManagement: Registered vendor.elo.hardware.oemlight@1.0::IOemLight/default (start delay of 133ms)
01-31 04:38:50.141   664   664 I ServiceManagement: Removing namespace from process name vendor.elo.hardware.oemlight@1.0-service to oemlight@1.0-service.
01-31 04:38:50.142   656   656 I ServiceManagement: Registered android.hardware.power@1.0::IPower/default (start delay of 164ms)
01-31 04:38:50.143   656   656 I ServiceManagement: Removing namespace from process name android.hardware.power@1.0-service to power@1.0-service.
01-31 04:38:50.143   656   656 I android.hardware.power@1.0-service: Registration complete for android.hardware.power@1.0::IPower/default.
01-31 04:38:50.143   684   684 I irsc_util: Starting irsc tool
01-31 04:38:50.145   663   663 I ServiceManagement: Registered vendor.elo.hardware.oemkeys@1.0::IOemKeys/default (start delay of 147ms)
01-31 04:38:50.145   663   663 I ServiceManagement: Removing namespace from process name vendor.elo.hardware.oemkeys@1.0-service to oemkeys@1.0-service.
01-31 04:38:50.146   668   668 I ServiceManagement: Registered vendor.elo.hardware.oemusbconfig@1.0::IOemUsbConfig/default (start delay of 128ms)
01-31 04:38:50.146   668   668 I ServiceManagement: Removing namespace from process name vendor.elo.hardware.oemusbconfig@1.0-service to oemusbconfig@1.0-service.
01-31 04:38:50.148   666   666 I ServiceManagement: Registered vendor.elo.hardware.oempowersave@1.0::IOemPowerSave/default (start delay of 140ms)
01-31 04:38:50.149   658   658 I ServiceManagement: Registered android.hardware.thermal@1.0::IThermal/default (start delay of 160ms)
01-31 04:38:50.149   658   658 I ServiceManagement: Removing namespace from process name android.hardware.thermal@1.0-service to thermal@1.0-service.
01-31 04:38:50.150   666   666 I ServiceManagement: Removing namespace from process name vendor.elo.hardware.oempowersave@1.0-service to oempowersave@1.0-service.
01-31 04:38:50.150   658   658 I android.hardware.thermal@1.0-service: Registration complete for android.hardware.thermal@1.0::IThermal/default.
01-31 04:38:50.154   675   675 D QSEECOMAPI: QSEECom_get_handle sb_length = 0x2800
01-31 04:38:50.154   652   652 I health@2.0/: health@2.0/default: Hal starting main loop...
01-31 04:38:50.154   652   652 I health@2.0/: health@2.0/default Hal is starting up...
01-31 04:38:50.155   675   675 D QSEECOMAPI: App is not loaded in QSEE
01-31 04:38:50.155   596   600 E QMI_FW  : ctrl_msg_reader_thread: control thread received ENETRESET 102
01-31 04:38:50.156     0     0 W healthd : Unknown power supply type 'BMS'
01-31 04:38:50.156     0     0 W healthd : Unknown power supply type 'Main'
01-31 04:38:50.156   596   596 E QMI_FW  : xport_lookup: No RX for lookup -1
01-31 04:38:50.156   596   596 D QC-time-services: Daemon:genoff_modem_qmi_init: Initializing QMI 
01-31 04:38:50.156   684   684 I irsc_util: Num of entries:299
01-31 04:38:50.156   684   684 E irsc_util: irsc_feed_config: Security config ioctl failed
01-31 04:38:50.156   684   684 I irsc_util: Ending irsc tool
01-31 04:38:50.159   659   659 I auditd  : type=1400 audit(0.0:5): avc: denied { read } for comm="android.hardwar" name="pa" dev="sysfs" ino=32101 scontext=u:r:hal_tv_cec_default:s0 tcontext=u:object_r:sysfs:s0 tclass=file permissive=0
01-31 04:38:50.159   659   659 W android.hardwar: type=1400 audit(0.0:5): avc: denied { read } for name="pa" dev="sysfs" ino=32101 scontext=u:r:hal_tv_cec_default:s0 tcontext=u:object_r:sysfs:s0 tclass=file permissive=0
01-31 04:38:50.164   669   669 I ServiceManagement: Registered vendor.qti.esepowermanager@1.0::IEsePowerManager/default (start delay of 146ms)
01-31 04:38:50.164   669   669 I ServiceManagement: Removing namespace from process name vendor.qti.esepowermanager@1.0-service to esepowermanager@1.0-service.
01-31 04:38:50.164   669   669 I vendor.qti.esepowermanager@1.0-service: Registration complete for vendor.qti.esepowermanager@1.0::IEsePowerManager/default.
01-31 04:38:50.166     0     0 E diag    : In diag_send_feature_mask_update, control channel is not open, p: 5, 000000000333b4b5
01-31 04:38:50.167   596   703 D QC-time-services: Daemon: Time-services: All initializations done
01-31 04:38:50.167   596   703 E QC-time-services: Daemon: Time-services: Waiting to acceptconnection
01-31 04:38:50.168   673   673 I ServiceManagement: Registered vendor.qti.hardware.qteeconnector@1.0::IAppConnector/default (start delay of 140ms)
01-31 04:38:50.168   673   673 I ServiceManagement: Removing namespace from process name vendor.qti.hardware.qteeconnector@1.0-service to qteeconnector@1.0-service.
01-31 04:38:50.175   659   659 E qdhdmi_cec: write_node: Failed to access path: /sys/devices/virtual/graphics/fb1/cec/logical_addr error: No such file or directory
01-31 04:38:50.175   659   659 E qdhdmi_cec: write_node: Failed to access path: /sys/devices/virtual/graphics/fb1/cec/enable error: No such file or directory
01-31 04:38:50.175   659   659 E qdhdmi_cec: cec_enable: Failed to toggle CEC: enable: 1
01-31 04:38:50.175   659   659 D qdhdmi_cec: cec_init_context: CEC enabled
01-31 04:38:50.175   659   659 E qdhdmi_cec: Node open failed for display 1 event cec/rd_msg error No such file or directory
01-31 04:38:50.175   659   659 E qdhdmi_cec: Failed to set poll event parameters
01-31 04:38:50.175   659   659 E qdhdmi_cec: Failed to populate poll parameters for monitoring HDMI CEC events. Exiting.
01-31 04:38:50.175   659   659 E qdhdmi_cec: write_node: Failed to access path: /sys/devices/virtual/graphics/fb1/cec/enable error: No such file or directory
01-31 04:38:50.175   659   659 E qdhdmi_cec: cec_enable: Failed to toggle CEC: enable: 0
01-31 04:38:50.177     0     0 E diag    : In diag_send_peripheral_buffering_mode, buffering flag not set for 5
01-31 04:38:50.180   675   675 D QSEECOMAPI: app_arch = 2, total_files = 9
01-31 04:38:50.181   675   675 E ion     : ioctl c0044901 failed with code -1: Not a typewriter
01-31 04:38:50.187   652   652 I ServiceManagement: Registered android.hardware.health@2.0::IHealth/default (start delay of 209ms)
01-31 04:38:50.187   652   652 I ServiceManagement: Removing namespace from process name android.hardware.health@2.0-service to health@2.0-service.
01-31 04:38:50.188   652   652 I health@2.0/: health@2.0/default: Hal init done
01-31 04:38:50.189     0     0 W healthd : battery none chg=a
01-31 04:38:50.192   674   674 I ServiceManagement: Registered vendor.qti.hardware.servicetracker@1.0::IServicetracker/default (start delay of 153ms)
01-31 04:38:50.192   674   674 I ServiceManagement: Removing namespace from process name vendor.qti.hardware.servicetracker@1.0-service to servicetracker@1.0-service.
01-31 04:38:50.192   671   671 D         : QdutilsDisp: svc service starting :)
01-31 04:38:50.192   674   674 I         : Registration complete for vendor.qti.hardware.servicetracker@1.0::IServicetracker/default.
01-31 04:38:50.193   659   659 I ServiceManagement: Registered android.hardware.tv.cec@1.0::IHdmiCec/default (start delay of 205ms)
01-31 04:38:50.193   659   659 I ServiceManagement: Removing namespace from process name android.hardware.tv.cec@1.0-service to cec@1.0-service.
01-31 04:38:50.193   659   659 I android.hardware.tv.cec@1.0-service: Registration complete for android.hardware.tv.cec@1.0::IHdmiCec/default.
01-31 04:38:50.196   650   650 I ServiceManagement: Registered android.hardware.graphics.allocator@2.0::IAllocator/default (start delay of 227ms)
01-31 04:38:50.196   650   650 I ServiceManagement: Removing namespace from process name android.hardware.graphics.allocator@2.0-service to allocator@2.0-service.
01-31 04:38:50.196   650   650 I android.hardware.graphics.allocator@2.0-service: Registration complete for android.hardware.graphics.allocator@2.0::IAllocator/default.
01-31 04:38:50.196   676   676 D         : tui_comm: svc service starting :)
01-31 04:38:50.198   676   676 I ServiceManagement: Registered vendor.qti.hardware.tui_comm@1.0::ITuiComm/default (start delay of 160ms)
01-31 04:38:50.198   676   676 I ServiceManagement: Removing namespace from process name vendor.qti.hardware.tui_comm@1.0-service-qti to tui_comm@1.0-service-qti.
01-31 04:38:50.198   676   676 E         : Registered ITuiComm HAL service success!
01-31 04:38:50.199     0     0 I chatty  : uid=0(root) logd identical 1 line
01-31 04:38:50.199   662   662 I ServiceManagement: Registered vendor.display.color@1.0::IDisplayColor/default (start delay of 201ms)
01-31 04:38:50.199   662   662 I ServiceManagement: Removing namespace from process name vendor.display.color@1.0-service to color@1.0-service.
01-31 04:38:50.203   671   671 I ServiceManagement: Registered vendor.qti.hardware.qdutils_disp@1.0::IQdutilsDisp/default (start delay of 175ms)
01-31 04:38:50.203   671   671 I ServiceManagement: Removing namespace from process name vendor.qti.hardware.qdutils_disp@1.0-service-qti to qdutils_disp@1.0-service-qti.
01-31 04:38:50.203   671   671 E         : Registered IQdutilsDisp HAL service success!
01-31 04:38:50.207   705   705 W logd2   : Should set uid/gid from root to system
01-31 04:38:50.207   705   705 W logd2   : waiting client connection
01-31 04:38:50.207     0     0 W healthd : battery none chg=a
01-31 04:38:50.209   662   662 I ServiceManagement: Registered vendor.display.postproc@1.0::IDisplayPostproc/default (start delay of 211ms)
01-31 04:38:50.209     0     0 I sysmon-qmi: ssctl_new_server: Connection established between QMI handle and adsp's SSCTL service
01-31 04:38:50.209   673   673 I ServiceManagement: Registered vendor.qti.hardware.qteeconnector@1.0::IGPAppConnector/default (start delay of 181ms)
01-31 04:38:50.209   673   673 I ServiceManagement: Removing namespace from process name vendor.qti.hardware.qteeconnector@1.0-service to qteeconnector@1.0-service.
01-31 04:38:50.212   657   657 E libsensor1: check_sensors_enabled: Sensors enabled = true
01-31 04:38:50.214   688   688 I PerMgrSrv: Adding entry for modem : offTimeout : 500 ackTimeout : 200
01-31 04:38:50.214   474   474 I hwservicemanager: getTransport: Cannot find entry android.hardware.gnss@2.0::IGnss/default in either framework or device manifest.
01-31 04:38:50.215   644   644 I ServiceManagement: Registered android.hardware.bluetooth@1.0::IBluetoothHci/default (start delay of 257ms)
01-31 04:38:50.215   644   644 I ServiceManagement: Removing namespace from process name android.hardware.bluetooth@1.0-service-qti to bluetooth@1.0-service-qti.
01-31 04:38:50.215   644   644 I         : Registration complete for android.hardware.bluetooth@1.0::IBluetoothHci/default.
01-31 04:38:50.215   644   644 I android.hardware.bluetooth@1.0-service: Registering ANT Service
01-31 04:38:50.216   689   689 I pd-mapper-svc: Starting pd-mapper service
01-31 04:38:50.216   689   689 I pd-mapper-svc: Parsing file :/vendor/firmware_mnt/image/adspr.jsn:
01-31 04:38:50.218     0     0 W healthd : battery none chg=a
01-31 04:38:50.222     0     0 E diag    : In diag_send_feature_mask_update, control channel is not open, p: 1, 00000000ee2b8fc1
01-31 04:38:50.223     0     0 E diag    : In diag_send_peripheral_buffering_mode, buffering flag not set for 1
01-31 04:38:50.224   665   665 I vendor.elo.hardware.oemmisc@1.0-service: OemMisc Service start!
01-31 04:38:50.225   689   689 I pd-mapper-svc: Parsing file :/vendor/firmware_mnt/image/adsps.jsn:
01-31 04:38:50.228     0     0 I sps     : BAM 0x0000000015204000 (va:0x000000000468b01c) enabled: ver:0x19, number of pipes:13
01-31 04:38:50.228     0     0 I sps     : BAM 0x0000000015204000 is registered.
01-31 04:38:50.229   644   644 I ServiceManagement: Registered com.qualcomm.qti.ant@1.0::IAntHci/default (start delay of 271ms)
01-31 04:38:50.229   644   644 I         : Registration complete for com.qualcomm.qti.ant@1.0::IAntHci/default.
01-31 04:38:50.229   644   644 I android.hardware.bluetooth@1.0-service: Registering SAR service
01-31 04:38:50.232     0     0 W healthd : battery none chg=a
01-31 04:38:50.234   665   665 I ServiceManagement: Registered vendor.elo.hardware.oemmisc@1.0::IOemMisc/default (start delay of 226ms)
01-31 04:38:50.234   665   665 I ServiceManagement: Removing namespace from process name vendor.elo.hardware.oemmisc@1.0-service to oemmisc@1.0-service.
01-31 04:38:50.234   689   689 I pd-mapper-svc: Parsing file :/vendor/firmware_mnt/image/adspua.jsn:
01-31 04:38:50.237   706   706 I qpart-server: *** Starting Qpart Server *** 
01-31 04:38:50.237   706   706 I qpart-server: sizeof(T_Socket_Packet):40
01-31 04:38:50.237   706   706 I qpart-server: SOCKET_PKT_HEADER_LEN:40
01-31 04:38:50.237   706   706 I qpart-server: init all signals
01-31 04:38:50.237   706   706 I qpart-server: waiting client connection
01-31 04:38:50.240     0     0 W healthd : battery none chg=a
01-31 04:38:50.240     0     0 E msm_sdw_codec 152c1000.msm-sdw-codec: Adsp is not loaded yet 0
01-31 04:38:50.242   661   661 I android.hardware.wifi@1.0-service: Wifi Hal is booting up...
01-31 04:38:50.242     0     0 E pmic_analog_codec 800f000.qcom,spmi: qcom,pm660l@3:anlg-cdc@f000: Adsp is not loaded yet 0
01-31 04:38:50.247     0     0 E rmt_storage: INFO:check_support_using_libmdm: Modem subsystem found on target!
01-31 04:38:50.247   708   708 I vendor.rmt_storage: Modem subsystem found on target!
01-31 04:38:50.248   708   708 I vendor.rmt_storage: Shared memory initialised successfully.
01-31 04:38:50.248   661   661 I ServiceManagement: Registered android.hardware.wifi@1.3::IWifi/default (start delay of 250ms)
01-31 04:38:50.248   708   708 I vendor.rmt_storage: Registering modemst1: 0x4a /boot/modem_fs1
01-31 04:38:50.248   708   708 I vendor.rmt_storage: Registering modemst2: 0x4b /boot/modem_fs2
01-31 04:38:50.248   708   708 I vendor.rmt_storage: Registering fsc: 0xff /boot/modem_fsc
01-31 04:38:50.248   708   708 I vendor.rmt_storage: Registering fsg: 0x58 /boot/modem_fsg
01-31 04:38:50.248   708   708 I vendor.rmt_storage: 4 GPT partitions found
01-31 04:38:50.248   661   661 I ServiceManagement: Removing namespace from process name android.hardware.wifi@1.0-service to wifi@1.0-service.
01-31 04:38:50.248   708   708 I vendor.rmt_storage: Capset success!
01-31 04:38:50.249     0     0 E rmt_storage: INFO:main: Done with init now waiting for messages!
01-31 04:38:50.251     0     0 W healthd : battery none chg=a
01-31 04:38:50.257   647   647 W /vendor/bin/hw/android.hardware.configstore@1.1-service: libminijail[647]: allowing syscall: connect
01-31 04:38:50.257   647   647 W /vendor/bin/hw/android.hardware.configstore@1.1-service: libminijail[647]: allowing syscall: fcntl
01-31 04:38:50.257   647   647 W /vendor/bin/hw/android.hardware.configstore@1.1-service: libminijail[647]: allowing syscall: sendto
01-31 04:38:50.257   647   647 W /vendor/bin/hw/android.hardware.configstore@1.1-service: libminijail[647]: allowing syscall: socket
01-31 04:38:50.257   647   647 W /vendor/bin/hw/android.hardware.configstore@1.1-service: libminijail[647]: allowing syscall: writev
01-31 04:38:50.261   689   689 I pd-mapper-svc: Parsing file :/vendor/firmware_mnt/image/cdspr.jsn:
01-31 04:38:50.264   689   689 I pd-mapper-svc: Parsing file :/vendor/firmware_mnt/image/modemr.jsn:
01-31 04:38:50.264   644   644 E vendor.qti.hardware.bluetooth_sar@1.0-BluetoothSar: HIDL_FETCH_IBluetoothSar
01-31 04:38:50.264   647   647 W /vendor/bin/hw/android.hardware.configstore@1.1-service: libminijail[647]: logging seccomp filter failures
01-31 04:38:50.265   644   644 I ServiceManagement: Registered vendor.qti.hardware.bluetooth_sar@1.0::IBluetoothSar/default (start delay of 307ms)
01-31 04:38:50.265   644   644 I         : Registration complete for vendor.qti.hardware.bluetooth_sar@1.0::IBluetoothSar/default.
01-31 04:38:50.265   644   644 I android.hardware.bluetooth@1.0-service: Registering BT Config store Service
01-31 04:38:50.265     0     0 W healthd : battery none chg=a
01-31 04:38:50.266   647   647 I ServiceManagement: Registered android.hardware.configstore@1.1::ISurfaceFlingerConfigs/default (start delay of 308ms)
01-31 04:38:50.266   647   647 I ServiceManagement: Removing namespace from process name android.hardware.configstore@1.1-service to configstore@1.1-service.
01-31 04:38:50.271   688   688 I PerMgrSrv: Peripheral Mananager service start
01-31 04:38:50.271   688   688 I PerMgrSrv: power-off timeout 500,ms; event-ack timeout 200,ms; debug-mode false
01-31 04:38:50.271   688   688 I PerMgrSrv: Statistics for : modem
01-31 04:38:50.271   688   688 I PerMgrSrv: modem: Current State : is off-line
01-31 04:38:50.271   688   688 I PerMgrSrv: modem: Voter/Listener count : 0/0
01-31 04:38:50.271   688   688 I PerMgrSrv: modem: Power on count : 0
01-31 04:38:50.271   688   688 I PerMgrSrv: modem: Power off count: 0
01-31 04:38:50.271   688   688 I PerMgrSrv: modem: Client list:
01-31 04:38:50.278   688   725 I PerMgrSrv: QMI service start
01-31 04:38:50.294   641   641 I ServiceManagement: Registered android.hardware.audio@5.0::IDevicesFactory/default (start delay of 346ms)
01-31 04:38:50.294   641   641 I ServiceManagement: Removing namespace from process name android.hardware.audio@2.0-service to audio@2.0-service.
01-31 04:38:50.294   641   641 I audiohalservice: Registration complete for android.hardware.audio@5.0::IDevicesFactory/default.
01-31 04:38:50.315   641   641 I ServiceManagement: Registered android.hardware.audio.effect@5.0::IEffectsFactory/default (start delay of 368ms)
01-31 04:38:50.315   641   641 I audiohalservice: Registration complete for android.hardware.audio.effect@5.0::IEffectsFactory/default.
01-31 04:38:50.316   474   474 I hwservicemanager: getTransport: Cannot find entry android.hardware.soundtrigger@2.2::ISoundTriggerHw/default in either framework or device manifest.
01-31 04:38:50.316     0     0 I         : Mass Storage Function, version: 2009/09/11
01-31 04:38:50.316     0     0 I LUN     : removable file: (no medium)
01-31 04:38:50.319   641   641 E audiohalservice: Could not get passthrough implementation for android.hardware.soundtrigger@2.2::ISoundTriggerHw/default.
01-31 04:38:50.325   689   689 I pd-mapper-svc: Parsing file :/vendor/firmware_mnt/image/modemuw.jsn:
01-31 04:38:50.328   649   649 D gps_ql  : get android version:29
01-31 04:38:50.330   649   649 I ServiceManagement: Registered android.hardware.gnss@2.0::IGnss/default (start delay of 362ms)
01-31 04:38:50.331   649   649 I ServiceManagement: Removing namespace from process name android.hardware.gnss@2.0-service.quectel to gnss@2.0-service.quectel.
