07-27 03:53:47.591     0     0 I [init][285552735][07:53:47.591227] wlan: [477:I:tdls] ucfg_tdls_init: 40: tdls module dispatcher init
07-27 03:53:47.591     0     0 I [init][285552891][07:53:47.591235] wlan: [477:I:tdls] ucfg_tdls_init: 72: tdls module dispatcher init done
07-27 03:53:47.591     0     0 I [init][285553097][07:53:47.591245] wlan: [477:I:POLICY_MGR] policy_mgr_init: 214: Callbacks registered with obj mgr
07-27 03:53:47.592   703   703 D vendor.qti.hardware.soter@1.0-service: soter: svc service starting.
07-27 03:53:47.592     0     0 I         : wlan_hdd_state wlan major(497) initialized
07-27 03:53:47.592     0     0 I wlan    : driver loaded
07-27 03:53:47.593   703   703 I ServiceManagement: Registered vendor.qti.hardware.soter@1.0::ISoter/default (start delay of 866ms)
07-27 03:53:47.593   703   703 I ServiceManagement: Removing namespace from process name vendor.qti.hardware.soter@1.0-service to soter@1.0-service.
07-27 03:53:47.593   703   703 E vendor.qti.hardware.soter@1.0-service: Registered SOTER HAL service success
07-27 03:53:47.611     0     0 W wsa881x_get_temp: Temperature registers[0 0 0 0] are out of range
07-27 03:53:47.611     0     0 W wsa881x_get_temp: T0: 65535 is out of range[5, 45]
07-27 03:53:47.646     0     0 W wsa881x_get_temp: Temperature registers[0 0 0 0] are out of range
07-27 03:53:47.646     0     0 W wsa881x_get_temp: T0: 65535 is out of range[5, 45]
07-27 03:53:47.659     0     0 W         : (NULL device *): hwmon_device_register() is deprecated. Please convert the driver to use hwmon_device_register_with_info().
07-27 03:53:47.671     0     0 W wsa881x_get_temp: Temperature registers[0 0 0 0] are out of range
07-27 03:53:47.671     0     0 W wsa881x_get_temp: T0: 65535 is out of range[5, 45]
07-27 03:53:47.680   883   883 E PerMgrProxy: Starting pm-proxy service
07-27 03:53:47.681   711   746 D PerMgrSrv: modem state: is off-line, add client PM-PROXY-THREAD
07-27 03:53:47.681   711   746 D PerMgrSrv: PM-PROXY-THREAD registered
07-27 03:53:47.681   883   883 D PerMgrLib: PM-PROXY-THREAD successfully registered for modem
07-27 03:53:47.682   883   883 I PerMgrProxy: Casting proxy vote for modem
07-27 03:53:47.682   883   883 D PerMgrLib: PM-PROXY-THREAD voting for modem
07-27 03:53:47.682   711   746 D PerMgrSrv: PM-PROXY-THREAD voting for modem
07-27 03:53:47.682   711   746 D PerMgrSrv: modem new state: going on-line
07-27 03:53:47.682   711   746 D PerMgrSrv: modem num voters is 1
07-27 03:53:47.682   883   883 I PerMgrProxy: pm-proxy-thread vote successful for modem
07-27 03:53:47.683   890   890 E /vendor/bin/adsprpcd: vendor/qcom/proprietary/commonsys-intf/adsprpc/src/adsprpcd.c:29:adsp daemon starting
07-27 03:53:47.683   889   889 E /vendor/bin/adsprpcd: vendor/qcom/proprietary/commonsys-intf/adsprpc/src/adsprpcd.c:29:adsp daemon starting
07-27 03:53:47.686     0     0 I subsys-restart: __subsystem_get(): Changing subsys fw_name to modem
07-27 03:53:47.694   890   890 V /vendor/bin/adsprpcd: vendor/qcom/proprietary/commonsys-intf/adsprpc/src/fastrpc_apps_user.c:1088: remote_handle_open: Successfully opened handle 0x5b for '":;./\createstaticpd:audiopd on domain 0
07-27 03:53:47.694   889   889 V /vendor/bin/adsprpcd: vendor/qcom/proprietary/commonsys-intf/adsprpc/src/fastrpc_apps_user.c:1088: remote_handle_open: Successfully opened handle 0x5a for '":;./\attachguestos on domain 0
07-27 03:53:47.700     0     0 I pil-q6v5-mss 4080000.qcom,mss: modem: loading from 0x000000008ac00000 to 0x000000008dc00000
07-27 03:53:47.701   890   890 V /vendor/bin/adsprpcd: vendor/qcom/proprietary/commonsys-intf/adsprpc/src/fastrpc_perf.c:213: fastrpc_perf_init: enabled RPC traces (kernel 0, dsp 0) with frequency 1000
07-27 03:53:47.702   890   890 V /vendor/bin/adsprpcd: vendor/qcom/proprietary/commonsys-intf/adsprpc/src/fastrpc_apps_user.c:1088: remote_handle_open: Successfully opened handle 0xb07ae770 for adsp_default_listener on domain 0
07-27 03:53:47.703   890   890 V /vendor/bin/adsprpcd: vendor/qcom/proprietary/commonsys-intf/adsprpc/src/fastrpc_apps_user.c:1088: remote_handle_open: Successfully opened handle 0x6 for '":;./\geteventfd on domain 0
07-27 03:53:47.705   889   889 D /vendor/bin/adsprpcd: vendor/qcom/proprietary/commonsys-intf/adsprpc/src/fastrpc_apps_user.c:1030: Error 0xffffffff: remote_handle64_invoke failed for handle 0x4d006090, method 4 on domain 0 (sc 0x4010100)
07-27 03:53:47.705   889   889 E /vendor/bin/adsprpcd: vendor/qcom/proprietary/commonsys-intf/adsprpc/src/adspmsgd.c:93:adspmsgd_init failed with error -1
07-27 03:53:47.705   889   889 D /vendor/bin/adsprpcd: vendor/qcom/proprietary/commonsys-intf/adsprpc/src/fastrpc_apps_user.c:1030: Error 0xffffffff: remote_handle64_invoke failed for handle 0x4d006090, method 3 on domain 0 (sc 0x3000000)
07-27 03:53:47.705   889   889 V /vendor/bin/adsprpcd: vendor/qcom/proprietary/commonsys-intf/adsprpc/src/fastrpc_perf.c:213: fastrpc_perf_init: enabled RPC traces (kernel 0, dsp 0) with frequency 1000
07-27 03:53:47.706   889   889 V /vendor/bin/adsprpcd: vendor/qcom/proprietary/commonsys-intf/adsprpc/src/fastrpc_apps_user.c:1088: remote_handle_open: Successfully opened handle 0xf0583d10 for adsp_default_listener on domain 0
07-27 03:53:47.706   889   889 V /vendor/bin/adsprpcd: vendor/qcom/proprietary/commonsys-intf/adsprpc/src/fastrpc_apps_user.c:1088: remote_handle_open: Successfully opened handle 0x6 for '":;./\geteventfd on domain 0
07-27 03:53:47.713     0     0 W wsa881x_get_temp: Temperature registers[0 0 0 0] are out of range
07-27 03:53:47.713     0     0 W wsa881x_get_temp: T0: 65535 is out of range[5, 45]
07-27 03:53:47.718   890   918 W /vendor/bin/adsprpcd: vendor/qcom/proprietary/commonsys-intf/adsprpc/src/apps_std_imp.c:749: Warning: fopen returned 0x2 for file oemconfig.so. (No such file or directory)
07-27 03:53:47.722   891   891 E Diag_Lib: qpLogDiagInit <== result : 1
07-27 03:53:47.722   891   891 E Diag_Lib: QMID : gIsQXDMDisabled 0, gIsADBDisabled 1, gIsDebugDisabled 0, gIsIMSLogsDisabled 0
07-27 03:53:47.722   891   891 E Diag_Lib: [IMS_QMID] |imsqmiserver.c | 541 | QMID#$$#0#QMI DAEMON STARTED
07-27 03:53:47.724   888   888 I ThermalEngine: Thermal daemon started
07-27 03:53:47.727   890   918 W /vendor/bin/adsprpcd: vendor/qcom/proprietary/commonsys-intf/adsprpc/src/apps_std_imp.c:749: Warning: fopen returned 0x2 for file remote_heap_config.so. (No such file or directory)
07-27 03:53:47.736   896   896 D ELOPartd: ELOPartd
07-27 03:53:47.736   896   896 D ELOPartd: argc = 1
07-27 03:53:47.737   890   918 W /vendor/bin/adsprpcd: vendor/qcom/proprietary/commonsys-intf/adsprpc/src/apps_std_imp.c:749: Warning: fopen returned 0x2 for file adsp_avs_config.acdb. (No such file or directory)
07-27 03:53:47.741     0     0 E MAIN_MGR: hvdcp_opti Version: 3:0:0
07-27 03:53:47.743     0     0 W wsa881x_get_temp: Temperature registers[0 0 0 0] are out of range
07-27 03:53:47.743     0     0 W wsa881x_get_temp: T0: 65535 is out of range[5, 45]
07-27 03:53:47.746   886   886 E QCOMSysDaemon: Can't find/open bootselect node: (No such file or directory)
07-27 03:53:47.747   886   886 I QCOMSysDaemon: Starting qcom system daemon
07-27 03:53:47.748   898   898 D LibBpfLoader: Loading ELF object /system/etc/bpf/clatd.o with license Apache 2.0
07-27 03:53:47.748   898   898 D LibBpfLoader: Loaded code section 3 (schedcls_ingress_clat_ether)
07-27 03:53:47.748   898   898 D LibBpfLoader: Loaded relo section 3 (.relschedcls/ingress/clat_ether)
07-27 03:53:47.748   898   898 D LibBpfLoader: Adding section 3 to cs list
07-27 03:53:47.748   898   898 D LibBpfLoader: Loaded code section 5 (schedcls_ingress_clat_rawip)
07-27 03:53:47.748   898   898 D LibBpfLoader: Loaded relo section 5 (.relschedcls/ingress/clat_rawip)
07-27 03:53:47.748   898   898 D LibBpfLoader: Adding section 5 to cs list
07-27 03:53:47.748   898   898 D LibBpfLoader: bpf_create_map name clat_ingress_map, ret: 6
07-27 03:53:47.748   898   898 D LibBpfLoader: map_fd found at 0 is 6 in /system/etc/bpf/clatd.o
07-27 03:53:47.749   898   898 D LibBpfLoader: applying relo to instruction at byte offset: 400, 	       insn offset 50 , insn 118
07-27 03:53:47.749   898   898 D LibBpfLoader: applying relo to instruction at byte offset: 360, 	       insn offset 45 , insn 118
07-27 03:53:47.750   898   898 D LibBpfLoader: New bpf core prog_load for /system/etc/bpf/clatd.o (schedcls_ingress_clat_ether) returned: 7
07-27 03:53:47.750   885   885 I android.hardware.camera.provider@2.4-external-service: External camera provider service is starting.
07-27 03:53:47.751   898   898 D LibBpfLoader: New bpf core prog_load for /system/etc/bpf/clatd.o (schedcls_ingress_clat_rawip) returned: 8
07-27 03:53:47.751   898   898 I bpfloader: Attempted load object: /system/etc/bpf/clatd.o, ret: Success
07-27 03:53:47.751   884   884 I Dpps    : GetInstance: DppsServer ref count increased to 1
07-27 03:53:47.752   894   894 I imsrcsd : Uce Service HAL  is starting up...
07-27 03:53:47.752   884   884 I Dpps    : WaitForComposer():129 Waiting for composer service init
07-27 03:53:47.752   888   888 I ThermalEngine: No target config file, falling back to '/vendor/etc/thermal-engine.conf'
07-27 03:53:47.753   892   892 I CLD80211: /system/vendor/bin/cnss_diag: initialized exit socket pair
07-27 03:53:47.753   892   892 I CLD80211: /system/vendor/bin/cnss_diag: nlctrl family id: 16 group: fw_logs mcast_id: 21
07-27 03:53:47.753   892   892 I CLD80211: /system/vendor/bin/cnss_diag: nlctrl family id: 16 group: host_logs mcast_id: 20
07-27 03:53:47.753   892   892 I CLD80211: /system/vendor/bin/cnss_diag: nlctrl family id: 16 group: diag_events mcast_id: 23
07-27 03:53:47.763   892   892 I CNSS    : log_capture_location  = /data/vendor/wifi/wlan_logs/
07-27 03:53:47.763   892   892 I CNSS    : Host_logs_location  = /data/vendor/wifi/wlan_logs/buffered_cnsshost_log.txt
07-27 03:53:47.763   892   892 I CNSS    : firmware_logs_location  = /data/vendor/wifi/wlan_logs/buffered_cnssfw_log.txt
07-27 03:53:47.763   892   892 I CNSS    : enable_flush_log = 0
07-27 03:53:47.764   892   892 I CNSS    : cnss_open_log_file: directory /data/vendor/wifi/wlan_logs/ created
07-27 03:53:47.765   888   888 I ThermalEngine: devices_manager_init: Init
07-27 03:53:47.765   888   888 I ThermalEngine: Number of gpus :1
07-27 03:53:47.766   888   888 I ThermalEngine: Number of cpus :8
07-27 03:53:47.766   888   888 I ThermalEngine: update_cpu_topology: Cluster info node not found/sys/module/msm_thermal/cluster_info
07-27 03:53:47.767   888   888 E ThermalEngine: read_int_list_from_file: Read error -2.
07-27 03:53:47.767   888   888 E ThermalEngine: tmd_add_cpufreq_dev_data: Invalid or no boost freqs
07-27 03:53:47.767   892   892 I CNSS    : failed to open file a+ mode or file size 294178 is less than max_file_size 31457280
07-27 03:53:47.767   892   892 I CNSS    : cnss_open_log_file: directory /data/vendor/wifi/wlan_logs/ created
07-27 03:53:47.768   882   882 I /system/bin/adbd: Not payment device, enable adbd
07-27 03:53:47.768   892   892 I CNSS    : failed to open file a+ mode or file size 0 is less than max_file_size 31457280
07-27 03:53:47.768   882   882 I /system/bin/adbd: 
07-27 03:53:47.768   892   892 I CNSS    : cnss_open_log_file: directory /data/vendor/wifi/wlan_logs/ created
07-27 03:53:47.768   898   898 D LibBpfLoader: Loading ELF object /system/etc/bpf/netd.o with license Apache 2.0
07-27 03:53:47.768   898   898 D LibBpfLoader: Loaded code section 3 (cgroupskb_ingress_stats)
07-27 03:53:47.768   892   892 I CNSS    : failed to open file a+ mode or file size 0 is less than max_file_size 31457280
07-27 03:53:47.768   898   898 D LibBpfLoader: Loaded relo section 3 (.relcgroupskb/ingress/stats)
07-27 03:53:47.768   892   892 I CNSS    : initialize_cnsslog_timer: create cnss log timer 
07-27 03:53:47.768   898   898 D LibBpfLoader: Adding section 3 to cs list
07-27 03:53:47.768   898   898 D LibBpfLoader: Loaded code section 5 (cgroupskb_egress_stats)
07-27 03:53:47.768   898   898 D LibBpfLoader: Loaded relo section 5 (.relcgroupskb/egress/stats)
07-27 03:53:47.768   898   898 D LibBpfLoader: Adding section 5 to cs list
07-27 03:53:47.768   898   898 D LibBpfLoader: Loaded code section 7 (skfilter_egress_xtbpf)
07-27 03:53:47.768   888   888 E ThermalEngine: read_int_list_from_file: Read error -2.
07-27 03:53:47.768   898   898 D LibBpfLoader: Loaded relo section 7 (.relskfilter/egress/xtbpf)
07-27 03:53:47.768   888   888 E ThermalEngine: tmd_add_cpufreq_dev_data: Invalid or no boost freqs
07-27 03:53:47.768   898   898 D LibBpfLoader: Adding section 7 to cs list
07-27 03:53:47.768   898   898 D LibBpfLoader: Loaded code section 9 (skfilter_ingress_xtbpf)
07-27 03:53:47.768   898   898 D LibBpfLoader: Loaded relo section 9 (.relskfilter/ingress/xtbpf)
07-27 03:53:47.768   898   898 D LibBpfLoader: Adding section 9 to cs list
07-27 03:53:47.768     0     0 E firmware msadp: _request_firmware_load: firmware state wait timeout: rc = -2
07-27 03:53:47.768   898   898 D LibBpfLoader: Loaded code section 11 (skfilter_whitelist_xtbpf)
07-27 03:53:47.768   898   898 D LibBpfLoader: Loaded relo section 11 (.relskfilter/whitelist/xtbpf)
07-27 03:53:47.768   898   898 D LibBpfLoader: Adding section 11 to cs list
07-27 03:53:47.769   898   898 D LibBpfLoader: Loaded code section 13 (skfilter_blacklist_xtbpf)
07-27 03:53:47.769   898   898 D LibBpfLoader: Loaded relo section 13 (.relskfilter/blacklist/xtbpf)
07-27 03:53:47.769   898   898 D LibBpfLoader: Adding section 13 to cs list
07-27 03:53:47.769   898   898 D LibBpfLoader: Loaded code section 15 (cgroupsock_inet_create)
07-27 03:53:47.769   898   898 D LibBpfLoader: Loaded relo section 15 (.relcgroupsock/inet/create)
07-27 03:53:47.769   898   898 D LibBpfLoader: Adding section 15 to cs list
07-27 03:53:47.769     0     0 W pil-q6v5-mss 4080000.qcom,mss: Debug policy not present - msadp. Continue.
07-27 03:53:47.769     0     0 I pil-q6v5-mss 4080000.qcom,mss: Loading MBA and DP (if present) from 0x0000000094800000 to 0x0000000094900000
07-27 03:53:47.769   882   882 I adbd    : ro.boot.qvar :1.16.0.0.
07-27 03:53:47.769   882   882 I adbd    : 
07-27 03:53:47.769   888   888 E ThermalEngine: read_int_list_from_file: Read error -2.
07-27 03:53:47.769   882   882 I adbd    : [item :]root, [flag :]1
07-27 03:53:47.769   888   888 E ThermalEngine: tmd_add_cpufreq_dev_data: Invalid or no boost freqs
07-27 03:53:47.769   882   882 I adbd    : 
07-27 03:53:47.769   882   882 I adbd    : ro.boot.qvar :1.16.0.0.
07-27 03:53:47.769   882   882 I adbd    : 
07-27 03:53:47.769   882   882 I adbd    : [item :]adb_auth, [flag :]0
07-27 03:53:47.770   882   882 I adbd    : 
07-27 03:53:47.770   882   882 I adbd    : ro.boot.qvar :1.16.0.0.
07-27 03:53:47.770   882   882 I adbd    : 
07-27 03:53:47.770   882   882 I adbd    : [item :]root, [flag :]1
07-27 03:53:47.770   882   882 I adbd    : 
07-27 03:53:47.770   898   898 D LibBpfLoader: bpf_create_map name cookie_tag_map, ret: 9
07-27 03:53:47.770   888   888 E ThermalEngine: read_int_list_from_file: Read error -2.
07-27 03:53:47.770   888   888 E ThermalEngine: tmd_add_cpufreq_dev_data: Invalid or no boost freqs
07-27 03:53:47.771   898   898 D LibBpfLoader: bpf_create_map name uid_counterset_map, ret: 10
07-27 03:53:47.771   898   898 D LibBpfLoader: bpf_create_map name app_uid_stats_map, ret: 11
07-27 03:53:47.772   888   888 E ThermalEngine: read_int_list_from_file: Read error -2.
07-27 03:53:47.772   888   888 E ThermalEngine: tmd_add_cpufreq_dev_data: Invalid or no boost freqs
07-27 03:53:47.772     0     0 W wsa881x_get_temp: Temperature registers[0 0 0 0] are out of range
07-27 03:53:47.772     0     0 W wsa881x_get_temp: T0: 65535 is out of range[5, 45]
07-27 03:53:47.772   898   898 D LibBpfLoader: bpf_create_map name stats_map_A, ret: 12
07-27 03:53:47.772   898   898 D LibBpfLoader: bpf_create_map name stats_map_B, ret: 13
07-27 03:53:47.773   888   888 E ThermalEngine: read_int_list_from_file: Read error -2.
07-27 03:53:47.773   888   888 E ThermalEngine: tmd_add_cpufreq_dev_data: Invalid or no boost freqs
07-27 03:53:47.773   898   898 D LibBpfLoader: bpf_create_map name iface_stats_map, ret: 14
07-27 03:53:47.773   898   898 D LibBpfLoader: bpf_create_map name configuration_map, ret: 15
07-27 03:53:47.773   898   898 D LibBpfLoader: bpf_create_map name uid_owner_map, ret: 16
07-27 03:53:47.773   898   898 D LibBpfLoader: bpf_create_map name iface_index_name_map, ret: 17
07-27 03:53:47.773   898   898 D LibBpfLoader: bpf_create_map name uid_permission_map, ret: 18
07-27 03:53:47.773   898   898 D LibBpfLoader: map_fd found at 0 is 9 in /system/etc/bpf/netd.o
07-27 03:53:47.773   898   898 D LibBpfLoader: map_fd found at 1 is 10 in /system/etc/bpf/netd.o
07-27 03:53:47.773   898   898 D LibBpfLoader: map_fd found at 2 is 11 in /system/etc/bpf/netd.o
07-27 03:53:47.773   898   898 D LibBpfLoader: map_fd found at 3 is 12 in /system/etc/bpf/netd.o
07-27 03:53:47.773   898   898 D LibBpfLoader: map_fd found at 4 is 13 in /system/etc/bpf/netd.o
07-27 03:53:47.773   898   898 D LibBpfLoader: map_fd found at 5 is 14 in /system/etc/bpf/netd.o
07-27 03:53:47.773   898   898 D LibBpfLoader: map_fd found at 6 is 15 in /system/etc/bpf/netd.o
07-27 03:53:47.773   898   898 D LibBpfLoader: map_fd found at 7 is 16 in /system/etc/bpf/netd.o
07-27 03:53:47.773   898   898 D LibBpfLoader: map_fd found at 8 is 17 in /system/etc/bpf/netd.o
07-27 03:53:47.773   898   898 D LibBpfLoader: map_fd found at 9 is 18 in /system/etc/bpf/netd.o
07-27 03:53:47.774   888   888 E ThermalEngine: read_int_list_from_file: Read error -2.
07-27 03:53:47.774   888   888 E ThermalEngine: tmd_add_cpufreq_dev_data: Invalid or no boost freqs
07-27 03:53:47.774   898   898 D LibBpfLoader: applying relo to instruction at byte offset: 616, 	       insn offset 77 , insn 118
07-27 03:53:47.774   898   898 D LibBpfLoader: applying relo to instruction at byte offset: 688, 	       insn offset 86 , insn 118
07-27 03:53:47.774   898   898 D LibBpfLoader: applying relo to instruction at byte offset: 1040, 	       insn offset 130 , insn 118
07-27 03:53:47.774   898   898 D LibBpfLoader: applying relo to instruction at byte offset: 1184, 	       insn offset 148 , insn 118
07-27 03:53:47.774   898   898 D LibBpfLoader: applying relo to instruction at byte offset: 1264, 	       insn offset 158 , insn 118
07-27 03:53:47.774   898   898 D LibBpfLoader: applying relo to instruction at byte offset: 1368, 	       insn offset 171 , insn 118
07-27 03:53:47.774   898   898 D LibBpfLoader: applying relo to instruction at byte offset: 1472, 	       insn offset 184 , insn 118
07-27 03:53:47.774   898   898 D LibBpfLoader: applying relo to instruction at byte offset: 1512, 	       insn offset 189 , insn 118
07-27 03:53:47.774   898   898 D LibBpfLoader: applying relo to instruction at byte offset: 1632, 	       insn offset 204 , insn 118
07-27 03:53:47.774   898   898 D LibBpfLoader: applying relo to instruction at byte offset: 1736, 	       insn offset 217 , insn 118
07-27 03:53:47.774   898   898 D LibBpfLoader: applying relo to instruction at byte offset: 1776, 	       insn offset 222 , insn 118
07-27 03:53:47.774   898   898 D LibBpfLoader: applying relo to instruction at byte offset: 2064, 	       insn offset 258 , insn 118
07-27 03:53:47.774   898   898 D LibBpfLoader: applying relo to instruction at byte offset: 2168, 	       insn offset 271 , insn 118
07-27 03:53:47.774   898   898 D LibBpfLoader: applying relo to instruction at byte offset: 2208, 	       insn offset 276 , insn 118
07-27 03:53:47.774   882   882 I adbd    : adbd listening on port 5555
07-27 03:53:47.774   898   898 D LibBpfLoader: applying relo to instruction at byte offset: 2328, 	       insn offset 291 , insn 118
07-27 03:53:47.774   898   898 D LibBpfLoader: applying relo to instruction at byte offset: 2432, 	       insn offset 304 , insn 118
07-27 03:53:47.774   898   898 D LibBpfLoader: applying relo to instruction at byte offset: 2472, 	       insn offset 309 , insn 118
07-27 03:53:47.774   898   898 D LibBpfLoader: applying relo to instruction at byte offset: 2720, 	       insn offset 340 , insn 118
07-27 03:53:47.774   898   898 D LibBpfLoader: applying relo to instruction at byte offset: 2824, 	       insn offset 353 , insn 118
07-27 03:53:47.774   898   898 D LibBpfLoader: applying relo to instruction at byte offset: 2864, 	       insn offset 358 , insn 118
07-27 03:53:47.774   888   888 E ThermalEngine: read_int_list_from_file: Read error -2.
07-27 03:53:47.774   888   888 E ThermalEngine: tmd_add_cpufreq_dev_data: Invalid or no boost freqs
07-27 03:53:47.774   898   898 D LibBpfLoader: applying relo to instruction at byte offset: 608, 	       insn offset 76 , insn 118
07-27 03:53:47.774   898   898 D LibBpfLoader: applying relo to instruction at byte offset: 680, 	       insn offset 85 , insn 118
07-27 03:53:47.774   898   898 D LibBpfLoader: applying relo to instruction at byte offset: 904, 	       insn offset 113 , insn 118
07-27 03:53:47.774   898   898 D LibBpfLoader: applying relo to instruction at byte offset: 1048, 	       insn offset 131 , insn 118
07-27 03:53:47.775   898   898 D LibBpfLoader: applying relo to instruction at byte offset: 1128, 	       insn offset 141 , insn 118
07-27 03:53:47.775   898   898 D LibBpfLoader: applying relo to instruction at byte offset: 1232, 	       insn offset 154 , insn 118
07-27 03:53:47.775   898   898 D LibBpfLoader: applying relo to instruction at byte offset: 1336, 	       insn offset 167 , insn 118
07-27 03:53:47.775   898   898 D LibBpfLoader: applying relo to instruction at byte offset: 1376, 	       insn offset 172 , insn 118
07-27 03:53:47.775   898   898 D LibBpfLoader: applying relo to instruction at byte offset: 1496, 	       insn offset 187 , insn 118
07-27 03:53:47.775   898   898 D LibBpfLoader: applying relo to instruction at byte offset: 1600, 	       insn offset 200 , insn 118
07-27 03:53:47.775   898   898 D LibBpfLoader: applying relo to instruction at byte offset: 1640, 	       insn offset 205 , insn 118
07-27 03:53:47.775   898   898 D LibBpfLoader: applying relo to instruction at byte offset: 1928, 	       insn offset 241 , insn 118
07-27 03:53:47.775   898   898 D LibBpfLoader: applying relo to instruction at byte offset: 2032, 	       insn offset 254 , insn 118
07-27 03:53:47.775   898   898 D LibBpfLoader: applying relo to instruction at byte offset: 2072, 	       insn offset 259 , insn 118
07-27 03:53:47.775   898   898 D LibBpfLoader: applying relo to instruction at byte offset: 2192, 	       insn offset 274 , insn 118
07-27 03:53:47.775   898   898 D LibBpfLoader: applying relo to instruction at byte offset: 2296, 	       insn offset 287 , insn 118
07-27 03:53:47.775   898   898 D LibBpfLoader: applying relo to instruction at byte offset: 2336, 	       insn offset 292 , insn 118
07-27 03:53:47.775   898   898 D LibBpfLoader: applying relo to instruction at byte offset: 2584, 	       insn offset 323 , insn 118
07-27 03:53:47.775   898   898 D LibBpfLoader: applying relo to instruction at byte offset: 2688, 	       insn offset 336 , insn 118
07-27 03:53:47.775   898   898 D LibBpfLoader: applying relo to instruction at byte offset: 2728, 	       insn offset 341 , insn 118
07-27 03:53:47.775   898   898 D LibBpfLoader: applying relo to instruction at byte offset: 40, 	       insn offset 5 , insn 118
07-27 03:53:47.775   898   898 D LibBpfLoader: applying relo to instruction at byte offset: 144, 	       insn offset 18 , insn 118
07-27 03:53:47.775   898   898 D LibBpfLoader: applying relo to instruction at byte offset: 184, 	       insn offset 23 , insn 118
07-27 03:53:47.775   898   898 D LibBpfLoader: applying relo to instruction at byte offset: 40, 	       insn offset 5 , insn 118
07-27 03:53:47.775   898   898 D LibBpfLoader: applying relo to instruction at byte offset: 144, 	       insn offset 18 , insn 118
07-27 03:53:47.775   898   898 D LibBpfLoader: applying relo to instruction at byte offset: 184, 	       insn offset 23 , insn 118
07-27 03:53:47.775   898   898 D LibBpfLoader: applying relo to instruction at byte offset: 136, 	       insn offset 17 , insn 118
07-27 03:53:47.775   898   898 D LibBpfLoader: applying relo to instruction at byte offset: 32, 	       insn offset 4 , insn 118
07-27 03:53:47.775   898   898 D LibBpfLoader: applying relo to instruction at byte offset: 80, 	       insn offset 10 , insn 118
07-27 03:53:47.785   882   944 I adbd    : opening control endpoint /dev/usb-ffs/adb/ep0
07-27 03:53:47.785     0     0 I         : read descriptors
07-27 03:53:47.785     0     0 I         : read strings
07-27 03:53:47.786   888   942 I ThermalEngine: ADSP thermal mitigation available.
07-27 03:53:47.787   888   888 I ThermalEngine: tmd_init_cluster_devs: No clusters found
07-27 03:53:47.788   890   918 W /vendor/bin/adsprpcd: vendor/qcom/proprietary/commonsys-intf/adsprpc/src/apps_std_imp.c:749: Warning: fopen returned 0x2 for file custom_dm_ecns_1.so.1. (No such file or directory)
07-27 03:53:47.788   890   918 W /vendor/bin/adsprpcd: vendor/qcom/proprietary/commonsys-intf/adsprpc/src/apps_std_imp.c:749: Warning: fopen returned 0x2 for file custom_dm_ecns_2.so.1. (No such file or directory)
07-27 03:53:47.788   888   942 I ThermalEngine: Mitigation:vdd_restriction[ADSP]:0 pending QMI request succeded
07-27 03:53:47.788   888   888 E ThermalEngine: Could not find npu cooling device
07-27 03:53:47.789   888   888 E ThermalEngine: tmd_init_npu_device: Invalid NPU level:-1.
07-27 03:53:47.789   888   888 E ThermalEngine: devices_init: Init NPU TMD failed -12
07-27 03:53:47.789   890   918 W /vendor/bin/adsprpcd: vendor/qcom/proprietary/commonsys-intf/adsprpc/src/apps_std_imp.c:749: Warning: fopen returned 0x2 for file custom_sm_ecns_2.so.1. (No such file or directory)
07-27 03:53:47.789   890   918 W /vendor/bin/adsprpcd: vendor/qcom/proprietary/commonsys-intf/adsprpc/src/apps_std_imp.c:749: Warning: fopen returned 0x2 for file custom_sm_ecns_1.so.1. (No such file or directory)
07-27 03:53:47.791   888   888 I ThermalEngine: vdd_rstr_init: Could not read /sys/module/msm_thermal/vdd_restriction/enabled
07-27 03:53:47.793   898   898 D LibBpfLoader: New bpf core prog_load for /system/etc/bpf/netd.o (cgroupskb_ingress_stats) returned: 19
07-27 03:53:47.794   890   918 W /vendor/bin/adsprpcd: vendor/qcom/proprietary/commonsys-intf/adsprpc/src/apps_std_imp.c:749: Warning: fopen returned 0x2 for file custom_qm_ecns_1.so.1. (No such file or directory)
07-27 03:53:47.795   888   888 E ThermalEngine: open/sys/class/power_supply/battery/system_temp_level failed2
07-27 03:53:47.795   888   888 E ThermalEngine: Unable to init battery charging mitigation to 0
07-27 03:53:47.795   898   898 D LibBpfLoader: New bpf core prog_load for /system/etc/bpf/netd.o (cgroupskb_egress_stats) returned: 20
07-27 03:53:47.795   890   918 W /vendor/bin/adsprpcd: vendor/qcom/proprietary/commonsys-intf/adsprpc/src/apps_std_imp.c:749: Warning: fopen returned 0x2 for file custom_qm_ecns_2.so.1. (No such file or directory)
07-27 03:53:47.795   898   898 D LibBpfLoader: New bpf core prog_load for /system/etc/bpf/netd.o (skfilter_egress_xtbpf) returned: 21
07-27 03:53:47.796   898   898 D LibBpfLoader: New bpf core prog_load for /system/etc/bpf/netd.o (skfilter_ingress_xtbpf) returned: 22
07-27 03:53:47.796   888   888 I ThermalEngine: sensors_manager_init: Init
07-27 03:53:47.796   898   898 D LibBpfLoader: New bpf core prog_load for /system/etc/bpf/netd.o (skfilter_whitelist_xtbpf) returned: 23
07-27 03:53:47.796   898   898 D LibBpfLoader: New bpf core prog_load for /system/etc/bpf/netd.o (skfilter_blacklist_xtbpf) returned: 24
07-27 03:53:47.799   898   898 D LibBpfLoader: New bpf core prog_load for /system/etc/bpf/netd.o (cgroupsock_inet_create) returned: 25
07-27 03:53:47.799   898   898 I bpfloader: Attempted load object: /system/etc/bpf/netd.o, ret: Success
07-27 03:53:47.806   888   953 E ThermalEngine: socket creation success
07-27 03:53:47.810   923   923 I installd: installd firing up
07-27 03:53:47.812   896   965 D ELOPartd: ~~~~ ELOPart_event_set 63022b21e0 ~~~~
07-27 03:53:47.812   896   896 D ELOPartd: ~~~~ ELOPart_event_set 63022b2198 ~~~~
07-27 03:53:47.812   896   896 D ELOPartd: ~~~~ +ELOPart_event_add ~~~~
07-27 03:53:47.812   896   896 D ELOPartd: ~~~~ added at 0 ~~~~
07-27 03:53:47.812   896   965 D ELOPartd: ~~~~ +ELOPart_event_add ~~~~
07-27 03:53:47.813   930   930 I PerfDaemon: PerfDaemon is starting.
07-27 03:53:47.817   896   965 D ELOPartd: ~~~~ added at 1 ~~~~
07-27 03:53:47.818   925   925 I mediaserver: ServiceManager: 0x7a1b81a580
07-27 03:53:47.820     0     0 I pil-q6v5-mss 4080000.qcom,mss: MBA boot done
07-27 03:53:47.826   885   885 I ExtCamUtils@3.4: loadFromCfg: load external camera config succeed!
07-27 03:53:47.827   885   885 I ExtCamUtils@3.4: loadFromCfg: device 3 will be ignored by external camera provider
07-27 03:53:47.827   885   885 I ExtCamUtils@3.4: loadFromCfg: depth output is not enabled
07-27 03:53:47.827   885   885 I ExtCamUtils@3.4: loadFromCfg: no minimum stream size specified
07-27 03:53:47.827   885   885 I ExtCamUtils@3.4: loadFromCfg: no sensor orientation specified
07-27 03:53:47.827   885   885 I ExtCamUtils@3.4: loadFromCfg: external camera cfg loaded: maxJpgBufSize 3145728, num video buffers 4, num still buffers 2, orientation 0
07-27 03:53:47.827   885   885 I ExtCamUtils@3.4: loadFromCfg: fpsLimitList: 640x480@30.000000
07-27 03:53:47.827   885   885 I ExtCamUtils@3.4: loadFromCfg: fpsLimitList: 1280x720@30.000000
07-27 03:53:47.827   885   885 I ExtCamUtils@3.4: loadFromCfg: fpsLimitList: 1920x1080@30.000000
07-27 03:53:47.827   885   885 I ExtCamUtils@3.4: loadFromCfg: minStreamSize: 0x0
07-27 03:53:47.830   888   888 E ThermalEngine: pid_init_data: ERROR Uknown device
07-27 03:53:47.831   888   888 E ThermalEngine: thermal_monitor_init_data: read camera_thermal_migitation=125000
07-27 03:53:47.837   888   888 I ThermalEngine: Loading config file for virtual sensor
07-27 03:53:47.837   888   888 I ThermalEngine: Loading configuration file /vendor/etc/thermal-engine.conf
07-27 03:53:47.842   888   888 I ThermalEngine: Parsing section global
07-27 03:53:47.842   888   888 E ThermalEngine: virtual_sensors_init: Error getting virtual sensors set
07-27 03:53:47.842   888   888 I ThermalEngine: Loading configuration file /vendor/etc/thermal-engine.conf
07-27 03:53:47.842   888   888 I ThermalEngine: Parsing section global
07-27 03:53:47.843   888   888 E ThermalEngine: sensors_manager_reg_clnt: Invalid sensor pop_mem.
07-27 03:53:47.843   888   888 E ThermalEngine: pid_algo_init: Sensor clnt create fail pop_mem
07-27 03:53:47.843   888   888 E ThermalEngine: sensors_manager_reg_clnt: Invalid sensor cpu3.
07-27 03:53:47.843   888   888 E ThermalEngine: pid_algo_init: Sensor clnt create fail cpu3
07-27 03:53:47.843   888   888 E ThermalEngine: sensors_manager_reg_clnt: Invalid sensor cpu2.
07-27 03:53:47.843   888   888 E ThermalEngine: pid_algo_init: Sensor clnt create fail cpu2
07-27 03:53:47.843   888   888 E ThermalEngine: sensors_manager_reg_clnt: Invalid sensor cpu1.
07-27 03:53:47.843   888   888 E ThermalEngine: pid_algo_init: Sensor clnt create fail cpu1
07-27 03:53:47.843   888   888 E ThermalEngine: sensors_manager_reg_clnt: Invalid sensor cpu0.
07-27 03:53:47.843   888   888 E ThermalEngine: pid_algo_init: Sensor clnt create fail cpu0
07-27 03:53:47.843   888   888 I ThermalEngine: pid_algo_init: No PID's to be configured.
07-27 03:53:47.843   888   888 I ThermalEngine: [CAMERA_SKIN_EXIT_MITIGATION]
07-27 03:53:47.843   888   888 I ThermalEngine: #algo_type monitor
07-27 03:53:47.843   888   888 I ThermalEngine: sampling 10000
07-27 03:53:47.843   888   888 I ThermalEngine: sensor quiet-therm-adc
07-27 03:53:47.843   888   888 I ThermalEngine: thresholds 125000
07-27 03:53:47.843   888   888 I ThermalEngine: thresholds_clr 45000
07-27 03:53:47.843   888   888 I ThermalEngine: actions camera+camcorder
07-27 03:53:47.843   888   888 I ThermalEngine: action_info 10+10
07-27 03:53:47.843   888   888 I ThermalEngine: ss_algo_init: No SS's configured.
07-27 03:53:47.843   888   888 E ThermalEngine: No speaker_cal config
07-27 03:53:47.845   885   885 I ServiceManagement: Registered android.hardware.camera.provider@2.4::ICameraProvider/external/0 (start delay of 208ms)
07-27 03:53:47.845   885   885 I ServiceManagement: Removing namespace from process name android.hardware.camera.provider@2.4-external-service to provider@2.4-external-service.
07-27 03:53:47.845   885   885 I android.hardware.camera.provider@2.4-external-service: Registration complete for android.hardware.camera.provider@2.4::ICameraProvider/external/0.
07-27 03:53:47.849   888   984 E ThermalEngine: open/sys/module/msm_thermal/parameters/enabled failed2
07-27 03:53:47.854   921   921 I KIT     : KIT firing up 1.08
07-27 03:53:47.855   921   921 E KIT     : LogMessageBuffer: Tue Jul 27 07:53:47 2021
07-27 03:53:47.855   921   921 E KIT     :  KIT firing up
07-27 03:53:47.855   921   921 E KIT     : 
07-27 03:53:47.871   937   937 I wificond: wificond is starting up...
07-27 03:53:47.876     0     0 I sn65dsi86_dsi2edp_disable: end
07-27 03:53:47.876     0     0 I sn65dsi86_dsi2edp_panel_enable: set to 0
07-27 03:53:47.918   930   930 D PerfDaemon: added vendor.perfservice to services and is now running.
07-27 03:53:47.928   893   893 E Diag_Lib: qpLogDiagInit <== result : 1; log_write_mutex is Initialized
07-27 03:53:47.928   893   893 E VIMSVT  : VT-Vendor:: enableImsADB 0, log_priority value 240
07-27 03:53:47.928   893   893 E Diag_Lib: [IMS_AP_RTP]"RTPService callback Registraton"
07-27 03:53:47.932   893   893 I ServiceManagement: Registered vendor.qti.imsrtpservice@2.1::IRTPService/imsrtpservice (start delay of 275ms)
07-27 03:53:47.943   673   673 E mm-camera: <SENSOR><ERROR> ov8856_gt24p64b_get_module_info: 77: EEPROM Version 1
07-27 03:53:47.943   673   673 E mm-camera: <SENSOR><ERROR> ov8856_gt24p64b_get_module_info: 86: EEPROM Manufacture date YYYY/MM/DD 2020/08/08 
07-27 03:53:47.943   673   673 E mm-camera: <SENSOR><ERROR> ov8856_gt24p64b_format_wbdata: 107: Enter
07-27 03:53:47.943   673   673 E mm-camera: <SENSOR><ERROR> ov8856_gt24p64b_format_wbdata: 121: WB : (4000K) r/gr = 0.509766
07-27 03:53:47.943   673   673 E mm-camera: <SENSOR><ERROR> ov8856_gt24p64b_format_wbdata: 122: WB : (4000K) b/gb = 0.834961
07-27 03:53:47.943   673   673 E mm-camera: <SENSOR><ERROR> ov8856_gt24p64b_format_wbdata: 123: WB : (4000K) gr/gb = 1.002938
07-27 03:53:47.943   673   673 E mm-camera: <SENSOR><ERROR> ov8856_gt24p64b_format_wbdata: 128: WB : (5000K) r/gr = 0.706055
07-27 03:53:47.943   673   673 E mm-camera: <SENSOR><ERROR> ov8856_gt24p64b_format_wbdata: 129: WB : (5000K) b/gb = 0.639648
07-27 03:53:47.943   673   673 E mm-camera: <SENSOR><ERROR> ov8856_gt24p64b_format_wbdata: 130: WB : (5000K) gr/gb = 1.000978
07-27 03:53:47.943   995   995 I /system/bin/tombstoned: tombstoned successfully initialized
07-27 03:53:47.943   673   673 E mm-camera: <SENSOR><ERROR> ov8856_gt24p64b_format_wbdata: 183: Exit
07-27 03:53:47.943   673   673 E mm-camera: <SENSOR><ERROR> ov8856_gt24p64b_format_lensshading: 244: Enter
07-27 03:53:47.943   673   673 E mm-camera: <SENSOR><ERROR> ov8856_gt24p64b_format_lensshading: 300: Exit
07-27 03:53:47.943   673   673 E mm-camera: <SENSOR><ERROR> ov8856_gt24p64b_format_afdata: 202: Enter
07-27 03:53:47.943   673   673 E mm-camera: <SENSOR><ERROR> ov8856_gt24p64b_format_afdata: 223: AF : macro 410 infinity 250 (now starting DAC set to infinity)
07-27 03:53:47.943   673   673 E mm-camera: <SENSOR><ERROR> ov8856_gt24p64b_format_afdata: 224: Exit
07-27 03:53:47.943   673   673 E mm-camera: <SENSOR><ERROR> ov8856_gt24p64b_get_calibration_items: 30: is_insensor:0, is_afc:1, is_wbc:1, is_lsc:1, is_dpc:0, is_ois:0, is_dual:0
07-27 03:53:47.943   673   673 I mm-camera: <SENSOR>< INFO> 97: sensor_sysinfo_read: sysinfo:path /sys/module/msm_sensor_driver/parameters/module_vendor data default size 10
07-27 03:53:47.943   673   673 E mm-camera: <SENSOR><ERROR> 129: eeprom_af_add_margin: AF_infinity_dac:226, macro_dac:514
07-27 03:53:47.947   991   991 I ssgqmigd: socket ANDROID_SOCKET_ssgqmig open success
07-27 03:53:47.947   991   991 I ssgqmigd: ssgqmigd uses 42
07-27 03:53:47.955   969   969 I ServiceManagement: Registered com.qualcomm.qti.dpm.api@1.0::IdpmQmi/dpmQmiService (start delay of 148ms)
07-27 03:53:47.962   631   631 W zygote  : JNI RegisterNativeMethods: attempt to register 0 native methods for android.media.AudioAttributes
07-27 03:53:47.967   630   630 W zygote64: JNI RegisterNativeMethods: attempt to register 0 native methods for android.media.AudioAttributes
07-27 03:53:47.981   990   990 I CLD80211: /system/vendor/bin/cnss-daemon: initialized exit socket pair
07-27 03:53:47.981   990   990 I CLD80211: /system/vendor/bin/cnss-daemon: nlctrl family id: 16 group: svc_msgs mcast_id: 19
07-27 03:53:47.981   990   990 E cnss-daemon: interop issues ap: read_iot_ap_file: No such file /data/vendor/wifi/iotap_ps.bin
07-27 03:53:47.981   990   990 E cnss-daemon: interop issues ap: read_iot_ap_ps_from_file, read file error
07-27 03:53:47.981   990   990 I cnss-daemon: interop issues ap init successfully
07-27 03:53:47.981   990   990 I cnss-daemon:  cnss hang event handler init successfully
07-27 03:53:47.983   924   924 I keystore: found android.hardware.keymaster@4.0::IKeymasterDevice with interface name default and seclevel TRUSTED_ENVIRONMENT
07-27 03:53:47.985   952   952 E wifidisplayhal-service: Start with vendor binder
07-27 03:53:47.985   952   952 E wifidisplayhal-service: Registering wifidisplayhdcphal service...
07-27 03:53:47.987   952   952 I ServiceManagement: Registered com.qualcomm.qti.wifidisplayhal@1.0::IHDCPSession/wifidisplayhdcphal (start delay of 200ms)
07-27 03:53:47.987   952   952 E wifidisplayhal-service: Registering wifidisplaydshal service...
07-27 03:53:47.988   952   952 I ServiceManagement: Registered com.qualcomm.qti.wifidisplayhal@1.0::IDSManager/wifidisplaydshal (start delay of 202ms)
07-27 03:53:47.994   924   924 I ServiceManagement: Registered android.system.wifi.keystore@1.0::IKeystore/default (start delay of 287ms)
07-27 03:53:47.997   498   498 I hwservicemanager: getTransport: Cannot find entry android.hardware.usb.gadget@1.0::IUsbGadget/default in either framework or device manifest.
07-27 03:53:47.998   990   990 E cnss-daemon: Couldn't resolve family id
07-27 03:53:48.006   990   990 E cnss-daemon: Failed to init genl between daemon and platform, continue
07-27 03:53:48.007   998   998 I usbd    : Usb HAL not found
07-27 03:53:48.011   631   631 I sysui_multi_action: [757,804,799,boot_zygote_init,801,11027,802,1]
07-27 03:53:48.011   630   630 I sysui_multi_action: [757,804,799,boot_zygote_init,801,11015,802,1]
07-27 03:53:48.021   932   932 I ServiceManagement: Registered android.frameworks.stats@1.0::IStats/default (start delay of 284ms)
07-27 03:53:48.021   932   932 W statsd  : statscompanion service unavailable!
07-27 03:53:48.029   630   630 I boot_progress_preload_start: 11072
07-27 03:53:48.029   630   630 D Zygote  : begin preload
07-27 03:53:48.031   932   932 I statsd  : Statsd starts to listen to socket.
07-27 03:53:48.035   631   631 I zygote  : Explicit concurrent copying GC freed 307(38KB) AllocSpace objects, 0(0B) LOS objects, 98% free, 25KB/1561KB, paused 49us total 9.111ms
07-27 03:53:48.038   630   630 I Zygote  : Calling ZygoteHooks.beginPreload()
07-27 03:53:48.039   994   994 I gatekeeperd: Starting gatekeeperd...
07-27 03:53:48.054   631   631 I zygote  : Explicit concurrent copying GC freed 5(32KB) AllocSpace objects, 0(0B) LOS objects, 98% free, 25KB/1561KB, paused 34us total 18.047ms
07-27 03:53:48.054   631   631 D Zygote32Timing: PostZygoteInitGC took to complete: 29ms
07-27 03:53:48.054   631   631 D Zygote32Timing: ZygoteInit took to complete: 29ms
--------- beginning of radio
07-27 03:53:48.067   939   939 D RILD    : **RIL Daemon Started**
07-27 03:53:48.067   939   939 D RILD    : **RILd param count=3**
07-27 03:53:48.085   938   938 I media.codec: mediacodecservice starting
07-27 03:53:48.087   631   631 I Zygote  : Accepting command socket connections
07-27 03:53:48.092     0     0 E SOH-D   : SOH file not exposed, disable SOH
07-27 03:53:48.092     0     0 E CP      : charge_pump missing
07-27 03:53:48.093     0     0 E CTM     : file connector_health does not exist in /sys/class/power_supply/usb/
07-27 03:53:48.093     0     0 E CTM     : Couldn't read connector_health from /sys/class/power_supply/parallel/
07-27 03:53:48.094   630   630 D Zygote64Timing: BeginPreload took to complete: 65ms
07-27 03:53:48.095   630   630 I Zygote  : Preloading classes...
07-27 03:53:48.098   938   938 W media.codec: libminijail[938]: failed to get path of fd 4: No such file or directory
07-27 03:53:48.098   938   938 W media.codec: libminijail[938]: allowing syscall: clock_gettime
07-27 03:53:48.098   630   630 W Zygote  : Class not found for preloading: android.app.-$$Lambda$ActivityThread$ZXDWm3IBeFmLnFVblhB-IOZCr9o
07-27 03:53:48.098   938   938 W media.codec: libminijail[938]: allowing syscall: connect
07-27 03:53:48.098   938   938 W media.codec: libminijail[938]: allowing syscall: fcntl64
07-27 03:53:48.098   938   938 W media.codec: libminijail[938]: allowing syscall: socket
07-27 03:53:48.098   938   938 W media.codec: libminijail[938]: allowing syscall: writev
07-27 03:53:48.106     0     0 E THERM-BALANCE: Parallel PSY entry not found.
07-27 03:53:48.117   951   951 E QCNEA   : Cne Version 4.9
07-27 03:53:48.122   938   938 W media.codec: libminijail[938]: logging seccomp filter failures
07-27 03:53:48.127   928   928 I mediametrics: ServiceManager: 0x767badd800
07-27 03:53:48.127   928   928 D MediaAnalyticsService: MediaAnalyticsService created
07-27 03:53:48.129     0     0 E HVDCP2  : Not valid charger for hvdcp2.
07-27 03:53:48.132   669   669 D audio_hw_utils: audio_extn_utils_open_snd_mixer: retry, retry_num 1
07-27 03:53:48.132     0     0 E hvdcpd  : Not valid charger for hvdcp3.
07-27 03:53:48.135   934  1040 W storaged: health: invalid battery status
07-27 03:53:48.136   673   673 E mm-camera: <IFACE ><ERROR> 318: iface_discover_subdev_nodes: iface_discover_subdev_nodes:318 entity name video1 type 10001 group id 0
07-27 03:53:48.136   673   673 E mm-camera: <IFACE ><ERROR> 318: iface_discover_subdev_nodes: iface_discover_subdev_nodes:318 entity name v4l-subdev0 type 10f0a group id 0
07-27 03:53:48.136   673   673 E mm-camera: <IFACE ><ERROR> 318: iface_discover_subdev_nodes: iface_discover_subdev_nodes:318 entity name v4l-subdev1 type 10f00 group id 0
07-27 03:53:48.136   673   673 E mm-camera: <IFACE ><ERROR> 318: iface_discover_subdev_nodes: iface_discover_subdev_nodes:318 entity name v4l-subdev2 type 10f00 group id 0
07-27 03:53:48.136   673   673 E mm-camera: <IFACE ><ERROR> 318: iface_discover_subdev_nodes: iface_discover_subdev_nodes:318 entity name v4l-subdev3 type 10f00 group id 0
07-27 03:53:48.136   673   673 E mm-camera: <IFACE ><ERROR> 318: iface_discover_subdev_nodes: iface_discover_subdev_nodes:318 entity name v4l-subdev4 type 10f0d group id 0
07-27 03:53:48.136   673   673 E mm-camera: <IFACE ><ERROR> 318: iface_discover_subdev_nodes: iface_discover_subdev_nodes:318 entity name v4l-subdev5 type 10f0d group id 0
07-27 03:53:48.136   673   673 E mm-camera: <IFACE ><ERROR> 318: iface_discover_subdev_nodes: iface_discover_subdev_nodes:318 entity name v4l-subdev6 type 10f0d group id 0
07-27 03:53:48.136   673   673 E mm-camera: <IFACE ><ERROR> 318: iface_discover_subdev_nodes: iface_discover_subdev_nodes:318 entity name v4l-subdev7 type 10f0d group id 0
07-27 03:53:48.136   673   673 E mm-camera: <IFACE ><ERROR> 318: iface_discover_subdev_nodes: iface_discover_subdev_nodes:318 entity name v4l-subdev8 type 10f07 group id 0
07-27 03:53:48.136   673   673 E mm-camera: <IFACE ><ERROR> 318: iface_discover_subdev_nodes: iface_discover_subdev_nodes:318 entity name v4l-subdev9 type 10f08 group id 0
07-27 03:53:48.136   934  1040 I ServiceManager: Waiting for service 'package_native' on '/dev/binder'...
07-27 03:53:48.137   673   673 E mm-camera: <IFACE ><ERROR> 318: iface_discover_subdev_nodes: iface_discover_subdev_nodes:318 entity name v4l-subdev10 type 10f0e group id 0
07-27 03:53:48.137   673   673 E mm-camera: <IFACE ><ERROR> 318: iface_discover_subdev_nodes: iface_discover_subdev_nodes:318 entity name v4l-subdev11 type 10f09 group id 0
07-27 03:53:48.137   673   673 E mm-camera: <IFACE ><ERROR> 318: iface_discover_subdev_nodes: iface_discover_subdev_nodes:318 entity name v4l-subdev12 type 10f03 group id 0
07-27 03:53:48.137   673   673 E mm-camera: <IFACE ><ERROR> 318: iface_discover_subdev_nodes: iface_discover_subdev_nodes:318 entity name v4l-subdev13 type 10f03 group id 0
07-27 03:53:48.137   673   673 E mm-camera: <IFACE ><ERROR> 318: iface_discover_subdev_nodes: iface_discover_subdev_nodes:318 entity name v4l-subdev14 type 10f02 group id 0
07-27 03:53:48.137   673   673 E mm-camera: <IFACE ><ERROR> 318: iface_discover_subdev_nodes: iface_discover_subdev_nodes:318 entity name v4l-subdev15 type 10f01 group id 0
07-27 03:53:48.137   673   673 E mm-camera: <IFACE ><ERROR> 318: iface_discover_subdev_nodes: iface_discover_subdev_nodes:318 entity name v4l-subdev16 type 10f06 group id 0
07-27 03:53:48.145   939   939 D RILD    : RIL_Init argc = 3 clientId = 0
07-27 03:53:48.145   939   939 D RILC    : Quectel RIL Version: Quectel_Android_RIL_Driver_V3.3.4-0712
07-27 03:53:48.145   939   939 E RIL_READ_CONF: '/system/etc/ql-ril.conf' not exist.
07-27 03:53:48.147     0     0 E STD-PD  : Registered STD_PD
07-27 03:53:48.148   938   938 I SoftOMXPlugin: createOMXPlugin
07-27 03:53:48.148     0     0 E PPS     : Registered PPS
07-27 03:53:48.148   938   938 I MediaCodecsXmlParser: getVendorXmlPath (/vendor/etc/media_codecs_vendor.xml)
07-27 03:53:48.148   938   938 D MediaCodecsXmlParser: parsing /vendor/etc/media_codecs_vendor.xml...
07-27 03:53:48.149   673   673 I mm-camera: <ISP   >< INFO> 4088: isp_resource_get_isp_hw_limit: isp hw limit 0
07-27 03:53:48.150   938   938 D MediaCodecsXmlParser: parsing /vendor/etc/media_codecs_google_audio.xml...
07-27 03:53:48.151   939   939 D RIL_READ_CONF: original conf line: At_Cmds_For_Customer_Initialize=at+qgpscfg="gpsnmeatype",31;at+qgpscfg="glonassnmeatype",7;at+qgpscfg="beidounmeatype",3;at+qgpscfg="galileonmeatype",1;at+qgpscfg="gnssrawdata",1,0;AT+QNVW=5895,0,"01";AT+QNVW=7145,0,"00"
07-27 03:53:48.151   938   938 I MediaCodecsXmlParser: limit: max-channel-count = 2
07-27 03:53:48.151   939   939 D RIL_READ_CONF: original conf line: Query_Available_Networks=1
07-27 03:53:48.151   939   939 D RIL_READ_CONF: Query_Available_Networks = 1
07-27 03:53:48.151   938   938 I MediaCodecsXmlParser: limit: sample-rate-ranges = 8000,11025,12000,16000,22050,24000,32000,44100,48000
07-27 03:53:48.151   938   938 I MediaCodecsXmlParser: limit: bitrate-range = 8000-320000
07-27 03:53:48.151   938   938 I MediaCodecsXmlParser: limit: max-channel-count = 1
07-27 03:53:48.151   938   938 I MediaCodecsXmlParser: limit: sample-rate-ranges = 8000
07-27 03:53:48.151   938   938 I MediaCodecsXmlParser: limit: bitrate-range = 4750-12200
07-27 03:53:48.151   939   939 E RILC    : '/vendor/manifest.xml' not exist.
07-27 03:53:48.151   938   938 I MediaCodecsXmlParser: limit: max-channel-count = 1
07-27 03:53:48.151   938   938 I MediaCodecsXmlParser: limit: sample-rate-ranges = 16000
07-27 03:53:48.151   939   939 D RILC    : t-prop_value is 2
07-27 03:53:48.151   939   939 D RILC    : before_dot is 10
07-27 03:53:48.151   938   938 I MediaCodecsXmlParser: limit: bitrate-range = 6600-23850
07-27 03:53:48.151   939   939 D RILC    : [ro.build.version.release]: [10.0]
07-27 03:53:48.151   939   939 D RILC    : Android Version: 100, RIL_VERSION: 12 / 12
07-27 03:53:48.151   938   938 I MediaCodecsXmlParser: limit: max-channel-count = 8
07-27 03:53:48.151   938   938 I MediaCodecsXmlParser: limit: sample-rate-ranges = 7350,8000,11025,12000,16000,22050,24000,32000,44100,48000
07-27 03:53:48.151   938   938 I MediaCodecsXmlParser: limit: bitrate-range = 8000-960000
07-27 03:53:48.151   938   938 I MediaCodecsXmlParser: limit: max-channel-count = 1
07-27 03:53:48.151   938   938 I MediaCodecsXmlParser: limit: sample-rate-ranges = 8000-48000
07-27 03:53:48.151   938   938 I MediaCodecsXmlParser: limit: bitrate-range = 64000
07-27 03:53:48.151   939   939 E libc    : The property "ro.build.description" has a value with length 95 that is too large for __system_property_get()/__system_property_read(); use __system_property_read_callback() instead.
07-27 03:53:48.151   938   938 I MediaCodecsXmlParser: limit: max-channel-count = 1
07-27 03:53:48.151   939   939 D RILC    : [ro.build.description]: [Must use __system_property_read_callback() to read]
07-27 03:53:48.151   938   938 I MediaCodecsXmlParser: limit: sample-rate-ranges = 8000-48000
07-27 03:53:48.151   939   939 D RILC    : [ro.hardware]: [qcom]
07-27 03:53:48.151   938   938 I MediaCodecsXmlParser: limit: bitrate-range = 64000
07-27 03:53:48.151   939   939 D RILC    : selinux maybe set Enforcing mode, use command getenforce to check
07-27 03:53:48.151   938   938 I MediaCodecsXmlParser: limit: max-channel-count = 8
07-27 03:53:48.151   939   939 D RILC    : selinux maybe set Enforcing mode, use command "setenforce 0" to disable
07-27 03:53:48.151   938   938 I MediaCodecsXmlParser: limit: sample-rate-ranges = 8000-96000
07-27 03:53:48.151   939   939 I RILC    : clientID = 0
07-27 03:53:48.151   938   938 I MediaCodecsXmlParser: limit: bitrate-range = 32000-500000
07-27 03:53:48.151   938   938 I MediaCodecsXmlParser: limit: max-channel-count = 8
