07-27 03:53:48.771   673   673 E mm-camera: <IMGLIB><ERROR> 3592: module_imgbase_init: imglib_refocus] Error rc -7
07-27 03:53:48.771   673   673 W mm-camera: <IMGLIB>< WARN> 748: module_imglib_create_topology: Can not init the module imglib_refocus
07-27 03:53:48.771   673   673 E mm-camera: <IMGLIB><ERROR> 1392: frameproc_comp_reload_lib: Error opening frameproc library libmmcamera_trueportrait_lib.so error dlopen failed: library "libmmcamera_trueportrait_lib.so" not found
07-27 03:53:48.771   673   673 E mm-camera: <IMGLIB><ERROR> 1258: frameproc_comp_load: frameproc_comp_load:1258] cannot load libmmcamera_trueportrait_lib.so
07-27 03:53:48.771   673   673 E mm-camera: <IMGLIB><ERROR> 3592: module_imgbase_init: imglib_trueportrait] Error rc -7
07-27 03:53:48.771   673   673 W mm-camera: <IMGLIB>< WARN> 748: module_imglib_create_topology: Can not init the module imglib_trueportrait
07-27 03:53:48.788   673   673 I OpenCV  : calling android_getCpuFeatures() ...
07-27 03:53:48.789   673   673 I OpenCV  : calling android_getCpuFeatures() ... Done (1f7ff)
07-27 03:53:48.790   673   673 E mm-camera: <IMGLIB><ERROR> 111: module_mfproc_postcpp_init:  module_mfproc_postcpp_init(),  E 
07-27 03:53:48.790   673   673 E mm-camera: <IMGLIB><ERROR> 1392: frameproc_comp_reload_lib: Error opening frameproc library libmmcamera_mfproc_postcpp.so error dlopen failed: library "libmmcamera_mfproc_postcpp.so" not found
07-27 03:53:48.790   673   673 E mm-camera: <IMGLIB><ERROR> 1258: frameproc_comp_load: frameproc_comp_load:1258] cannot load libmmcamera_mfproc_postcpp.so
07-27 03:53:48.790   673   673 E mm-camera: <IMGLIB><ERROR> 3592: module_imgbase_init: imglib_mfproc_postcpp] Error rc -7
07-27 03:53:48.790   673   673 W mm-camera: <IMGLIB>< WARN> 748: module_imglib_create_topology: Can not init the module imglib_mfproc_postcpp
07-27 03:53:48.790   673   673 W mm-camera: <IMGLIB>< WARN> 748: module_imglib_create_topology: Can not init the module imglib_oem1
07-27 03:53:48.790   673   673 I QCamera : <MCI><INFO> get_num_of_cameras: 2783: dev_info[id=0,name='video3']
07-27 03:53:48.790   673   673 I QCamera : <MCI><INFO> sort_camera_info: 2617: Camera id: 0 facing: 1, type: 1 is_yuv: 0
07-27 03:53:48.791   673   673 I QCamera : <MCI><INFO> sort_camera_info: 2623: Number of cameras 1 sorted 1
07-27 03:53:48.791   673   673 I QCamera : <MCI><INFO> get_num_of_cameras: 2801: num_cameras=1
07-27 03:53:48.791   673   673 E QCamera2Factory: get_number_of_cameras num of cameras: 1
07-27 03:53:48.791   673   673 I CamPrvdr@2.4-legacy: Loaded "QCamera Module" camera module
07-27 03:53:48.791   673   673 E QCamera2Factory: get_number_of_cameras num of cameras: 1
07-27 03:53:48.791   673   673 I QCamera : <HAL><INFO> getCameraInfo: 359: Camera id 0 API version 768
07-27 03:53:48.792   673   673 D QCamera : Debug log file is not enabled
07-27 03:53:48.792     0     0 I msm_pm_qos_update_request: update request 100
07-27 03:53:48.792     0     0 I msm_pm_qos_add_request: add request
07-27 03:53:48.792   673   673 I mm-camera: <MCT   >< INFO> 118: mct_controller_new: Creating new mct_controller with session-id 3
07-27 03:53:48.792   673  1188 I mm-camera: <MCT   >< INFO> 5326: mct_pipeline_start_session_thread: E sensor
07-27 03:53:48.792   673  1188 I mm-camera: <MCT   >< INFO> 5333: mct_pipeline_start_session_thread: Calling start_session on Module sensor
07-27 03:53:48.792   673  1189 I mm-camera: <MCT   >< INFO> 5326: mct_pipeline_start_session_thread: E iface
07-27 03:53:48.792   673  1189 I mm-camera: <MCT   >< INFO> 5333: mct_pipeline_start_session_thread: Calling start_session on Module iface
07-27 03:53:48.793   673  1191 I mm-camera: <MCT   >< INFO> 5326: mct_pipeline_start_session_thread: E isp
07-27 03:53:48.793   673  1191 I mm-camera: <MCT   >< INFO> 5333: mct_pipeline_start_session_thread: Calling start_session on Module isp
07-27 03:53:48.793   673  1191 I mm-camera: <ISP   >< INFO> 214: isp_module_start_session: session id 3 
07-27 03:53:48.793   673  1193 I mm-camera: <MCT   >< INFO> 5326: mct_pipeline_start_session_thread: E stats
07-27 03:53:48.793   673  1193 I mm-camera: <MCT   >< INFO> 5333: mct_pipeline_start_session_thread: Calling start_session on Module stats
07-27 03:53:48.793   673  1189 I mm-camera: <MCT   >< INFO> 5336: mct_pipeline_start_session_thread: Module iface start_session rc = 1
07-27 03:53:48.793   673  1189 I mm-camera: <MCT   >< INFO> 5344: mct_pipeline_start_session_thread: started_num = 1, success = 1
07-27 03:53:48.793     0     0 I msm_csid_init: CSID_VERSION = 0x30050000
07-27 03:53:48.794   673  1194 I mm-camera: <MCT   >< INFO> 5326: mct_pipeline_start_session_thread: E pproc
07-27 03:53:48.794   673  1194 I mm-camera: <MCT   >< INFO> 5333: mct_pipeline_start_session_thread: Calling start_session on Module pproc
07-27 03:53:48.794   673  1189 I mm-camera: <MCT   >< INFO> 5351: mct_pipeline_start_session_thread: X iface
07-27 03:53:48.794   673  1196 I mm-camera: <MCT   >< INFO> 5326: mct_pipeline_start_session_thread: E imglib
07-27 03:53:48.794   673  1196 I mm-camera: <MCT   >< INFO> 5333: mct_pipeline_start_session_thread: Calling start_session on Module imglib
07-27 03:53:48.795   673  1196 I mm-camera: <MCT   >< INFO> 5336: mct_pipeline_start_session_thread: Module imglib start_session rc = 1
07-27 03:53:48.795   673  1196 I mm-camera: <MCT   >< INFO> 5344: mct_pipeline_start_session_thread: started_num = 2, success = 2
07-27 03:53:48.795   673  1196 I mm-camera: <MCT   >< INFO> 5351: mct_pipeline_start_session_thread: X imglib
07-27 03:53:48.795   673  1191 I mm-camera: <MCT   >< INFO> 5336: mct_pipeline_start_session_thread: Module isp start_session rc = 1
07-27 03:53:48.795   673  1191 I mm-camera: <MCT   >< INFO> 5344: mct_pipeline_start_session_thread: started_num = 3, success = 3
07-27 03:53:48.795   673  1191 I mm-camera: <MCT   >< INFO> 5351: mct_pipeline_start_session_thread: X isp
07-27 03:53:48.795     0     0 E         : msm_csid_irq CSID0_IRQ_STATUS_ADDR = 0x800
07-27 03:53:48.796   673  1194 I mm-camera: <MCT   >< INFO> 5336: mct_pipeline_start_session_thread: Module pproc start_session rc = 1
07-27 03:53:48.797   673  1194 I mm-camera: <MCT   >< INFO> 5344: mct_pipeline_start_session_thread: started_num = 4, success = 4
07-27 03:53:48.797   673  1194 I mm-camera: <MCT   >< INFO> 5351: mct_pipeline_start_session_thread: X pproc
07-27 03:53:48.798   673  1193 I mm-camera: <MCT   >< INFO> 5336: mct_pipeline_start_session_thread: Module stats start_session rc = 1
07-27 03:53:48.798   673  1193 I mm-camera: <MCT   >< INFO> 5344: mct_pipeline_start_session_thread: started_num = 5, success = 5
07-27 03:53:48.798   673  1193 I mm-camera: <MCT   >< INFO> 5351: mct_pipeline_start_session_thread: X stats
07-27 03:53:48.799     0     0 I MSM-CPP cpp_init_hardware: 1135 CPP HW Version: 0x60010002
07-27 03:53:48.799     0     0 E MSM-CPP cpp_init_hardware: 1153 stream_cnt:0
07-27 03:53:48.804   673  1188 I mm-camera: <MCT   >< INFO> 5336: mct_pipeline_start_session_thread: Module sensor start_session rc = 1
07-27 03:53:48.804   673  1188 I mm-camera: <MCT   >< INFO> 5344: mct_pipeline_start_session_thread: started_num = 6, success = 6
07-27 03:53:48.804   673  1188 I mm-camera: <MCT   >< INFO> 5351: mct_pipeline_start_session_thread: X sensor
07-27 03:53:48.814   673   673 I mm-camera: <MCT   >< INFO> 5247: mct_pipeline_start_stream_internal: Adding session stream streamid= 0xf for session=3
07-27 03:53:48.814   673   673 I mm-camera: <MCT   >< INFO> 5295: mct_pipeline_start_stream_internal: Linking session stream for session 3
07-27 03:53:48.814   673   673 I mm-camera: <MCT   >< INFO> 526: mct_stream_start_link: Start linking Session-stream 0x3000f
07-27 03:53:48.814   673   673 I mm-camera: <IFACE >< INFO> 344: iface_util_find_primary_cid: iface_util_find_primary_cid:344 error cannot find primary sensor format cids 1
07-27 03:53:48.815   673   673 I mm-camera: <ISP   >< INFO> 851: isp_port_check_caps_reserve: port 0xee4cf300 ide 3000f type 10 dim 0 0
07-27 03:53:48.815   673   673 I mm-camera: <PPROC >< INFO> 449: pproc_port_add_modules_to_stream: in identity 3000f stream 10 int_link = 0xedcccb80
07-27 03:53:48.815   673   673 I mm-camera: <PPROC >< INFO> 461: pproc_port_add_modules_to_stream: :LINK linking mods tmod and paaf for identity 3000f
07-27 03:53:48.815   673   673 I mm-camera: <PPROC >< INFO> 461: pproc_port_add_modules_to_stream: :LINK linking mods paaf and sat for identity 3000f
07-27 03:53:48.815   673   673 I mm-camera: <PPROC >< INFO> 461: pproc_port_add_modules_to_stream: :LINK linking mods sat and c2d for identity 3000f
07-27 03:53:48.815   673   673 I mm-camera: <C2D   >< INFO> 1557: c2d_module_notify_add_stream: width 0, height 0, stride 0, scanline 0, is_type 0
07-27 03:53:48.815   673   673 I mm-camera: <PPROC >< INFO> 461: pproc_port_add_modules_to_stream: :LINK linking mods c2d and cpp for identity 3000f
07-27 03:53:48.815   673   673 I mm-camera: <CPP   >< INFO> 2538: cpp_module_notify_add_stream: :stream 10, width 0, height 0, stride 0,scanline 0, framelen 0
07-27 03:53:48.815   673   673 I mm-camera: <CPP   >< INFO> 2695: cpp_module_notify_add_stream: : stream 10, fmt 1, asf_mode 0, sharpness_level 0.000000,asf mask 0, denoise 0, denoise_mask 0, dsdn mask 0,dsdn enable 0, tnr mask 0, tnr enable 0, ds_mask 0, luma dsdn 0
07-27 03:53:48.815   673   673 I mm-camera: <PPROC >< INFO> 461: pproc_port_add_modules_to_stream: :LINK linking mods cpp and depth_map for identity 3000f
07-27 03:53:48.816   673   673 I mm-camera: <PPROC >< INFO> 461: pproc_port_add_modules_to_stream: :LINK linking mods depth_map and ezt for identity 3000f
07-27 03:53:48.816   673   673 I mm-camera: <PPROC >< INFO> 461: pproc_port_add_modules_to_stream: :LINK linking mods ezt and quadracfa for identity 3000f
07-27 03:53:48.817   673   673 E mm-camera: <STATS ><ERROR> 3027: stats_port_check_caps_reserve: Invalid Port capability type!
07-27 03:53:48.817   673   673 I chatty  : uid=1047(cameraserver) provider@2.4-se identical 3 lines
07-27 03:53:48.817   673   673 E mm-camera: <STATS ><ERROR> 3027: stats_port_check_caps_reserve: Invalid Port capability type!
07-27 03:53:48.818   673   673 I mm-camera: <MCT   >< INFO> 5304: mct_pipeline_start_stream_internal: Session stream linked successfully session 3
07-27 03:53:48.818   673  1208 E libsensor1: check_sensors_enabled: Sensors enabled = true
07-27 03:53:48.818   673   673 E ion     : ioctl c0044901 failed with code -1: Not a typewriter
07-27 03:53:48.818   673  1208 E Diag_Lib:  Diag_LSM_Init: Failed to open handle to diag driver, error = 13
07-27 03:53:48.834     0     0 I msm_cci_init: 1440: hw_version = 0x10060000
07-27 03:53:48.834     0     0 I         : @@@ original_sid = 0x10, valid_flag = 0x01, eeprom_version = 0x01, checksum = 0x03
07-27 03:53:48.834     0     0 I         : @@@ rc = 0, camera_sid = 0x10, eeprom_reg_addr = 0x03 , eeprom_reg_value = 0x32
07-27 03:53:48.834     0     0 I         : @@@ rc = 0, camera_sid = 0x10, eeprom_reg_addr = 0x04 , eeprom_reg_value = 0x30
07-27 03:53:48.834     0     0 I         : @@@ rc = 0, camera_sid = 0x10, eeprom_reg_addr = 0x05 , eeprom_reg_value = 0x32
07-27 03:53:48.835     0     0 I         : @@@ rc = 0, camera_sid = 0x10, eeprom_reg_addr = 0x06 , eeprom_reg_value = 0x30
07-27 03:53:48.835     0     0 I         : @@@ rc = 0, camera_sid = 0x10, eeprom_reg_addr = 0x07 , eeprom_reg_value = 0x30
07-27 03:53:48.835     0     0 I         : @@@ rc = 0, camera_sid = 0x10, eeprom_reg_addr = 0x08 , eeprom_reg_value = 0x38
07-27 03:53:48.835     0     0 I         : @@@ rc = 0, camera_sid = 0x10, eeprom_reg_addr = 0x09 , eeprom_reg_value = 0x30
07-27 03:53:48.835     0     0 I         : @@@ rc = 0, camera_sid = 0x10, eeprom_reg_addr = 0x0a , eeprom_reg_value = 0x38
07-27 03:53:48.835     0     0 I         : @@@ rc = 0, camera_sid = 0x10, eeprom_reg_addr = 0x0b , eeprom_reg_value = 0x31
07-27 03:53:48.836     0     0 I         : @@@ rc = 0, camera_sid = 0x10, eeprom_reg_addr = 0x0c , eeprom_reg_value = 0x32
07-27 03:53:48.842   934  1040 I ServiceManager: Waiting for service 'package_native' on '/dev/binder'...
07-27 03:53:48.864   630   630 E ActivityRecognitionHardware: activity_recognition HAL is deprecated. class_init is effectively a no-op
07-27 03:53:48.886     0     0 I mdss_fb_start_disp_thread: mdss_fb_blank_unblank+0x1ac/0x340: start display thread fb0
07-27 03:53:48.887     0     0 I sn65dsi86_dsi2edp_enable_early: start
07-27 03:53:48.887     0     0 I sn65dsi86_dsi2edp_panel_enable: set to 1
07-27 03:53:48.916   673  1190 E mm-camera: <SENSOR><ERROR> ov8856_gt24p64b_get_calibration_items: 30: is_insensor:0, is_afc:1, is_wbc:1, is_lsc:1, is_dpc:0, is_ois:0, is_dual:0
07-27 03:53:48.916   673  1190 E mm-camera: <SENSOR><ERROR> 247: module_sensor_offload_init_config: func_tbl for submodule 4 is NULL
07-27 03:53:48.916   673  1190 E mm-camera: <SENSOR><ERROR> 249: module_sensor_offload_init_config: failed to get led off frame skip time
07-27 03:53:48.924   673  1186 I mm-camera: <MCT   >< INFO> 3323: mct_sysinfo_read: sysinfo:path /sys/module/msm_sensor_driver/parameters/only_support_5M data 0 size 10
07-27 03:53:48.924   673  1186 I mm-camera: <MCT   >< INFO> 2279: mct_pipeline_append_fps_entry:  Added hal_table[0]: (15.000000, 15.000000)
07-27 03:53:48.924   673  1186 I mm-camera: <MCT   >< INFO> 2279: mct_pipeline_append_fps_entry:  Added hal_table[1]: (20.000000, 20.000000)
07-27 03:53:48.924   673  1186 I mm-camera: <MCT   >< INFO> 2279: mct_pipeline_append_fps_entry:  Added hal_table[2]: (24.000000, 24.000000)
07-27 03:53:48.924   673  1186 I mm-camera: <MCT   >< INFO> 2279: mct_pipeline_append_fps_entry:  Added hal_table[3]: (7.000000, 30.000000)
07-27 03:53:48.924   673  1186 I mm-camera: <MCT   >< INFO> 2292: mct_pipeline_append_fps_entry:  Added hal_table[4]: (30.000000, 30.000000)
07-27 03:53:48.924   673  1186 I mm-camera: <MCT   >< INFO> 3611: mct_pipeline_fill_dimensions_snapshot: Cam 1: FPS range selection complete. Publishing 5 ranges.
07-27 03:53:48.924   673  1186 I mm-camera: <MCT   >< INFO> 2540: mct_pipeline_fill_caps_sensor: =====sensitivity_range.min_sensitivity =0 =====
07-27 03:53:48.924   673  1186 I mm-camera: <MCT   >< INFO> 2541: mct_pipeline_fill_caps_sensor: =====sensitivity_range.max_sensitivity =1500 =====
07-27 03:53:48.924   673  1186 I mm-camera: <MCT   >< INFO> 2739: mct_pipeline_fill_caps_isp: isp max encoder size : 5504 X 16383
07-27 03:53:48.924   673  1186 I mm-camera: <MCT   >< INFO> 2746: mct_pipeline_fill_caps_isp: single isp max size : 3264 X 2448
07-27 03:53:48.924   673  1186 I mm-camera: <MCT   >< INFO> 2757: mct_pipeline_fill_caps_isp: HAL max snapshot size in dual cam mode : 3264 X 2448
07-27 03:53:48.924   673   673 I mm-camera: <MCT   >< INFO> 310: mct_controller_destroy: Initiating destroy sequence for session = 3
07-27 03:53:48.925   673   673 I mm-camera: <MCT   >< INFO> 328: mct_controller_destroy: serv_thread closed
07-27 03:53:48.925   673   673 I mm-camera: <MCT   >< INFO> 343: mct_controller_destroy: bus_handler thread closed
07-27 03:53:48.925   673   673 I mm-camera: <MCT   >< INFO> 5404: mct_pipeline_stop_session: Initiating stop_session on session 3
07-27 03:53:48.925   673   673 I mm-camera: <MCT   >< INFO> 4288: mct_pipeline_process_set: command=800000b
07-27 03:53:48.925   673   673 I mm-camera: <MCT   >< INFO> 4533: mct_pipeline_process_set: Issuing DEL_STREAM on stream 0x3000f and stream type=10
07-27 03:53:48.925   673   673 I mm-camera: <IFACE >< INFO> 700: iface_unreserve_sink_port: stream_id f mode 0 
07-27 03:53:48.925   673   673 I mm-camera: <ISP   >< INFO> 941: isp_port_check_caps_unreserve: ide 3000f port 0xee4cf300
07-27 03:53:48.926   673   673 I mm-camera: <MCT   >< INFO> 4556: mct_pipeline_process_set: Stream 0x3000f and stream type=10, successfully deleted
07-27 03:53:48.927   673  1217 I mm-camera: <MCT   >< INFO> 5138: mct_pipeline_stop_session_thread: Stop module name: sensor - E
07-27 03:53:48.927   673  1217 I mm-camera: <MCT   >< INFO> 5146: mct_pipeline_stop_session_thread: Stop module name: sensor - X
07-27 03:53:48.927   673  1218 I mm-camera: <MCT   >< INFO> 5138: mct_pipeline_stop_session_thread: Stop module name: iface - E
07-27 03:53:48.928   673  1218 I mm-camera: <MCT   >< INFO> 5146: mct_pipeline_stop_session_thread: Stop module name: iface - X
07-27 03:53:48.928   673  1219 I mm-camera: <MCT   >< INFO> 5138: mct_pipeline_stop_session_thread: Stop module name: isp - E
07-27 03:53:48.928   673  1219 I mm-camera: <ISP   >< INFO> 510: isp_module_stop_session: session id 3
07-27 03:53:48.928   673  1220 I mm-camera: <MCT   >< INFO> 5138: mct_pipeline_stop_session_thread: Stop module name: stats - E
07-27 03:53:48.928   673  1221 I mm-camera: <MCT   >< INFO> 5138: mct_pipeline_stop_session_thread: Stop module name: pproc - E
07-27 03:53:48.929   673  1219 I mm-camera: <MCT   >< INFO> 5146: mct_pipeline_stop_session_thread: Stop module name: isp - X
07-27 03:53:48.929   673   673 I mm-camera: <MCT   >< INFO> 5426: mct_pipeline_stop_session: Modules left: 5
07-27 03:53:48.929   673  1222 I mm-camera: <MCT   >< INFO> 5138: mct_pipeline_stop_session_thread: Stop module name: imglib - E
07-27 03:53:48.929   673   673 I mm-camera: <MCT   >< INFO> 5426: mct_pipeline_stop_session: Modules left: 4
07-27 03:53:48.929     0     0 I MSM-CPP cpp_release_hardware: 1216 cpp hw release done
07-27 03:53:48.929   673   673 I mm-camera: <MCT   >< INFO> 5426: mct_pipeline_stop_session: Modules left: 3
07-27 03:53:48.929   673  1222 I mm-camera: <MCT   >< INFO> 5146: mct_pipeline_stop_session_thread: Stop module name: imglib - X
07-27 03:53:48.929   673   673 I mm-camera: <MCT   >< INFO> 5426: mct_pipeline_stop_session: Modules left: 2
07-27 03:53:48.930   673  1221 E mm-camera: <IMGLIB><ERROR> 328: AllocateBuffers: Nothing allocated or already freed!
07-27 03:53:48.930   673  1221 I mm-camera: <MCT   >< INFO> 5146: mct_pipeline_stop_session_thread: Stop module name: pproc - X
07-27 03:53:48.930   673   673 I mm-camera: <MCT   >< INFO> 5426: mct_pipeline_stop_session: Modules left: 1
07-27 03:53:48.932   673  1220 I mm-camera: <MCT   >< INFO> 5146: mct_pipeline_stop_session_thread: Stop module name: stats - X
07-27 03:53:48.933   673   673 I mm-camera: <MCT   >< INFO> 5426: mct_pipeline_stop_session: Modules left: 0
07-27 03:53:48.933   673   673 I mm-camera: <MCT   >< INFO> 5436: mct_pipeline_stop_session: Stopped session 3 successfully
07-27 03:53:48.933   673   673 I mm-camera: <MCT   >< INFO> 5740: mct_pipeline_destroy: E: session:3
07-27 03:53:48.933   673   673 E mm-camera: <MCT   ><ERROR> 179: stop_sof_check_thread: Returning as SOF timer thread not yet initialized
07-27 03:53:48.933   673   673 I mm-camera: <MCT   >< INFO> 5818: mct_pipeline_destroy: X: Pipeline destroyed successfully session =3
07-27 03:53:48.933   673   673 I mm-camera: <MCT   >< INFO> 422: mct_controller_destroy: X Successfully closed mct_controller session 3
07-27 03:53:48.933     0     0 I msm_pm_qos_update_request: update request -1
07-27 03:53:48.933     0     0 I msm_pm_qos_add_request: add request
07-27 03:53:48.934   673   673 E CamComm1.0-MD: Update metadata entry: Unknown tag -2145976319
07-27 03:53:48.934   673   673 E CamComm1.0-MD: Update metadata entry: Unknown tag -2145976317
07-27 03:53:48.934   673   673 I QCamera : <HAL><INFO> getCamInfo: 13767: camera 0 resource cost is 100
07-27 03:53:48.934   673   673 I CamComm1.0-CamModule: isOpenLegacyDefined: cts Enable == 0 
07-27 03:53:48.934   673   673 I QCamera : <HAL><INFO> openLegacy: 520: openLegacy halVersion: 256 cameraId = 0
07-27 03:53:48.939   673   673 E QCameraCommon: parseHWID: Got HW_ID = 324
07-27 03:53:48.940   673   673 I QCamera : <HAL><INFO> openCamera: 1901: [KPI Perf]: E PROFILE_OPEN_CAMERA camera id 0
07-27 03:53:48.942   673   673 E QCamera : <HAL><ERROR> acquirePerfLock: 614: Failed to acquire the perf lock
07-27 03:53:48.942   673   673 D QCamera : Debug log file is not enabled
07-27 03:53:48.942     0     0 I msm_pm_qos_update_request: update request 100
07-27 03:53:48.942     0     0 I msm_pm_qos_add_request: add request
07-27 03:53:48.942   673   673 I mm-camera: <MCT   >< INFO> 118: mct_controller_new: Creating new mct_controller with session-id 3
07-27 03:53:48.942   934  1040 I ServiceManager: Waiting for service 'package_native' on '/dev/binder'...
07-27 03:53:48.942   630   630 I zygote64: Thread[1,tid=630,Native,Thread*=0x7a27ac3c00,peer=0x12c022c0,"main"] recursive attempt to load library "libmedia_jni.so"
07-27 03:53:48.943   630   630 D MtpDeviceJNI: register_android_mtp_MtpDevice
07-27 03:53:48.943   630   630 I zygote64: Thread[1,tid=630,Native,Thread*=0x7a27ac3c00,peer=0x12c022c0,"main"] recursive attempt to load library "libmedia_jni.so"
07-27 03:53:48.943   673  1229 I mm-camera: <MCT   >< INFO> 5326: mct_pipeline_start_session_thread: E sensor
07-27 03:53:48.943   673  1229 I mm-camera: <MCT   >< INFO> 5333: mct_pipeline_start_session_thread: Calling start_session on Module sensor
07-27 03:53:48.943   630   630 I zygote64: Thread[1,tid=630,Native,Thread*=0x7a27ac3c00,peer=0x12c022c0,"main"] recursive attempt to load library "libmedia_jni.so"
07-27 03:53:48.943   673  1230 I mm-camera: <MCT   >< INFO> 5326: mct_pipeline_start_session_thread: E iface
07-27 03:53:48.943   673  1230 I mm-camera: <MCT   >< INFO> 5333: mct_pipeline_start_session_thread: Calling start_session on Module iface
07-27 03:53:48.943   673  1232 I mm-camera: <MCT   >< INFO> 5326: mct_pipeline_start_session_thread: E isp
07-27 03:53:48.943   673  1232 I mm-camera: <MCT   >< INFO> 5333: mct_pipeline_start_session_thread: Calling start_session on Module isp
07-27 03:53:48.943   673  1232 I mm-camera: <ISP   >< INFO> 214: isp_module_start_session: session id 3 
07-27 03:53:48.943   630   630 V MediaProfiles: getInstance
07-27 03:53:48.943   673  1230 I mm-camera: <MCT   >< INFO> 5336: mct_pipeline_start_session_thread: Module iface start_session rc = 1
07-27 03:53:48.943   673  1234 I mm-camera: <MCT   >< INFO> 5326: mct_pipeline_start_session_thread: E stats
07-27 03:53:48.943   673  1234 I mm-camera: <MCT   >< INFO> 5333: mct_pipeline_start_session_thread: Calling start_session on Module stats
07-27 03:53:48.944   673  1235 I mm-camera: <MCT   >< INFO> 5326: mct_pipeline_start_session_thread: E pproc
07-27 03:53:48.944   673  1235 I mm-camera: <MCT   >< INFO> 5333: mct_pipeline_start_session_thread: Calling start_session on Module pproc
07-27 03:53:48.944   673  1230 I mm-camera: <MCT   >< INFO> 5344: mct_pipeline_start_session_thread: started_num = 1, success = 1
07-27 03:53:48.944   673  1230 I mm-camera: <MCT   >< INFO> 5351: mct_pipeline_start_session_thread: X iface
07-27 03:53:48.945   630   630 V MediaProfiles: addStartTimeOffset: cameraId=0, offset=1000 ms
07-27 03:53:48.945   630   630 D MediaProfiles: video codec:
07-27 03:53:48.945   630   630 D MediaProfiles: codec = 2
07-27 03:53:48.945   630   630 D MediaProfiles: bit rate: 192000
07-27 03:53:48.945   630   630 D MediaProfiles: frame width: 176
07-27 03:53:48.945   630   630 D MediaProfiles: frame height: 144
07-27 03:53:48.945   630   630 D MediaProfiles: frame rate: 30
07-27 03:53:48.945   630   630 D MediaProfiles: audio codec:
07-27 03:53:48.945   630   630 D MediaProfiles: codec = 1
07-27 03:53:48.945   630   630 D MediaProfiles: bit rate: 12200
07-27 03:53:48.945   630   630 D MediaProfiles: sample rate: 8000
07-27 03:53:48.945   630   630 D MediaProfiles: number of channels: 1
07-27 03:53:48.945   673  1232 I mm-camera: <MCT   >< INFO> 5336: mct_pipeline_start_session_thread: Module isp start_session rc = 1
07-27 03:53:48.945   630   630 D MediaProfiles: video codec:
07-27 03:53:48.945   630   630 D MediaProfiles: codec = 2
07-27 03:53:48.945   630   630 D MediaProfiles: bit rate: 20000000
07-27 03:53:48.945   630   630 D MediaProfiles: frame width: 1920
07-27 03:53:48.945   630   630 D MediaProfiles: frame height: 1080
07-27 03:53:48.945   630   630 D MediaProfiles: frame rate: 30
07-27 03:53:48.945   630   630 D MediaProfiles: audio codec:
07-27 03:53:48.945   673  1232 I mm-camera: <MCT   >< INFO> 5344: mct_pipeline_start_session_thread: started_num = 2, success = 2
07-27 03:53:48.945   630   630 D MediaProfiles: codec = 3
07-27 03:53:48.945   630   630 D MediaProfiles: bit rate: 156000
07-27 03:53:48.945   673  1232 I mm-camera: <MCT   >< INFO> 5351: mct_pipeline_start_session_thread: X isp
07-27 03:53:48.945   630   630 D MediaProfiles: sample rate: 48000
07-27 03:53:48.945   630   630 D MediaProfiles: number of channels: 2
07-27 03:53:48.945   630   630 D MediaProfiles: video codec:
07-27 03:53:48.945   630   630 D MediaProfiles: codec = 2
07-27 03:53:48.945   630   630 D MediaProfiles: bit rate: 512000
07-27 03:53:48.945   630   630 D MediaProfiles: frame width: 320
07-27 03:53:48.945   630   630 D MediaProfiles: frame height: 240
07-27 03:53:48.945   630   630 D MediaProfiles: frame rate: 30
07-27 03:53:48.945   630   630 D MediaProfiles: audio codec:
07-27 03:53:48.945   630   630 D MediaProfiles: codec = 3
07-27 03:53:48.945   630   630 D MediaProfiles: bit rate: 156000
07-27 03:53:48.945   630   630 D MediaProfiles: sample rate: 48000
07-27 03:53:48.945   630   630 D MediaProfiles: number of channels: 2
07-27 03:53:48.945   630   630 D MediaProfiles: video codec:
07-27 03:53:48.945   630   630 D MediaProfiles: codec = 2
07-27 03:53:48.945   630   630 D MediaProfiles: bit rate: 720000
07-27 03:53:48.945   630   630 D MediaProfiles: frame width: 352
07-27 03:53:48.945   630   630 D MediaProfiles: frame height: 288
07-27 03:53:48.945   630   630 D MediaProfiles: frame rate: 30
07-27 03:53:48.945   630   630 D MediaProfiles: audio codec:
07-27 03:53:48.945   630   630 D MediaProfiles: codec = 1
07-27 03:53:48.945   630   630 D MediaProfiles: bit rate: 12200
07-27 03:53:48.945   630   630 D MediaProfiles: sample rate: 8000
07-27 03:53:48.945   630   630 D MediaProfiles: number of channels: 1
07-27 03:53:48.945   630   630 D MediaProfiles: video codec:
07-27 03:53:48.945   630   630 D MediaProfiles: codec = 2
07-27 03:53:48.945   630   630 D MediaProfiles: bit rate: 2000000
07-27 03:53:48.945   630   630 D MediaProfiles: frame width: 720
07-27 03:53:48.945   630   630 D MediaProfiles: frame height: 480
07-27 03:53:48.945   630   630 D MediaProfiles: frame rate: 30
07-27 03:53:48.945   630   630 D MediaProfiles: audio codec:
07-27 03:53:48.945   630   630 D MediaProfiles: codec = 3
07-27 03:53:48.945   630   630 D MediaProfiles: bit rate: 156000
07-27 03:53:48.945   630   630 D MediaProfiles: sample rate: 48000
07-27 03:53:48.945   630   630 D MediaProfiles: number of channels: 2
07-27 03:53:48.945   630   630 D MediaProfiles: video codec:
07-27 03:53:48.945   630   630 D MediaProfiles: codec = 2
07-27 03:53:48.945   630   630 D MediaProfiles: bit rate: 14000000
07-27 03:53:48.945   630   630 D MediaProfiles: frame width: 1280
07-27 03:53:48.945   630   630 D MediaProfiles: frame height: 720
07-27 03:53:48.945   630   630 D MediaProfiles: frame rate: 30
07-27 03:53:48.945   630   630 D MediaProfiles: audio codec:
07-27 03:53:48.945   630   630 D MediaProfiles: codec = 3
07-27 03:53:48.945   630   630 D MediaProfiles: bit rate: 156000
07-27 03:53:48.945   630   630 D MediaProfiles: sample rate: 48000
07-27 03:53:48.945   630   630 D MediaProfiles: number of channels: 2
07-27 03:53:48.945   630   630 D MediaProfiles: video codec:
07-27 03:53:48.945   630   630 D MediaProfiles: codec = 2
07-27 03:53:48.945   630   630 D MediaProfiles: bit rate: 20000000
07-27 03:53:48.945   630   630 D MediaProfiles: frame width: 1920
07-27 03:53:48.945   630   630 D MediaProfiles: frame height: 1080
07-27 03:53:48.945   630   630 D MediaProfiles: frame rate: 30
07-27 03:53:48.945   630   630 D MediaProfiles: audio codec:
07-27 03:53:48.945   630   630 D MediaProfiles: codec = 3
07-27 03:53:48.945   630   630 D MediaProfiles: bit rate: 156000
07-27 03:53:48.945   630   630 D MediaProfiles: sample rate: 48000
07-27 03:53:48.945   630   630 D MediaProfiles: number of channels: 2
07-27 03:53:48.945   630   630 D MediaProfiles: video codec:
07-27 03:53:48.945   630   630 D MediaProfiles: codec = 2
07-27 03:53:48.945   630   630 D MediaProfiles: bit rate: 42000000
07-27 03:53:48.945   630   630 D MediaProfiles: frame width: 2560
07-27 03:53:48.945   673  1237 I mm-camera: <MCT   >< INFO> 5326: mct_pipeline_start_session_thread: E imglib
07-27 03:53:48.945   630   630 D MediaProfiles: frame height: 1440
07-27 03:53:48.945   630   630 D MediaProfiles: frame rate: 30
07-27 03:53:48.945   630   630 D MediaProfiles: audio codec:
07-27 03:53:48.945   630   630 D MediaProfiles: codec = 3
07-27 03:53:48.945   630   630 D MediaProfiles: bit rate: 156000
07-27 03:53:48.945   630   630 D MediaProfiles: sample rate: 48000
07-27 03:53:48.945   630   630 D MediaProfiles: number of channels: 2
07-27 03:53:48.945   630   630 D MediaProfiles: video codec:
07-27 03:53:48.945   630   630 D MediaProfiles: codec = 2
07-27 03:53:48.945   673  1237 I mm-camera: <MCT   >< INFO> 5333: mct_pipeline_start_session_thread: Calling start_session on Module imglib
07-27 03:53:48.945   630   630 D MediaProfiles: bit rate: 20000000
07-27 03:53:48.945   630   630 D MediaProfiles: frame width: 2048
07-27 03:53:48.945   630   630 D MediaProfiles: frame height: 1080
07-27 03:53:48.945   630   630 D MediaProfiles: frame rate: 30
07-27 03:53:48.945   673  1235 I mm-camera: <MCT   >< INFO> 5336: mct_pipeline_start_session_thread: Module pproc start_session rc = 1
07-27 03:53:48.945   630   630 D MediaProfiles: audio codec:
07-27 03:53:48.945   630   630 D MediaProfiles: codec = 3
07-27 03:53:48.945   630   630 D MediaProfiles: bit rate: 156000
07-27 03:53:48.945   630   630 D MediaProfiles: sample rate: 48000
07-27 03:53:48.945   673  1235 I mm-camera: <MCT   >< INFO> 5344: mct_pipeline_start_session_thread: started_num = 3, success = 3
07-27 03:53:48.945   630   630 D MediaProfiles: number of channels: 2
07-27 03:53:48.945   673  1235 I mm-camera: <MCT   >< INFO> 5351: mct_pipeline_start_session_thread: X pproc
07-27 03:53:48.945   630   630 D MediaProfiles: video codec:
07-27 03:53:48.945   630   630 D MediaProfiles: codec = 2
07-27 03:53:48.946   630   630 D MediaProfiles: bit rate: 192000
07-27 03:53:48.946   630   630 D MediaProfiles: frame width: 176
07-27 03:53:48.946   630   630 D MediaProfiles: frame height: 144
07-27 03:53:48.946   630   630 D MediaProfiles: frame rate: 30
07-27 03:53:48.946   630   630 D MediaProfiles: audio codec:
07-27 03:53:48.946   630   630 D MediaProfiles: codec = 1
07-27 03:53:48.946   630   630 D MediaProfiles: bit rate: 12200
07-27 03:53:48.946   630   630 D MediaProfiles: sample rate: 8000
07-27 03:53:48.946   630   630 D MediaProfiles: number of channels: 1
07-27 03:53:48.946   630   630 D MediaProfiles: video codec:
07-27 03:53:48.946   630   630 D MediaProfiles: codec = 2
07-27 03:53:48.946   630   630 D MediaProfiles: bit rate: 2000000
07-27 03:53:48.946   630   630 D MediaProfiles: frame width: 640
07-27 03:53:48.946   630   630 D MediaProfiles: frame height: 480
07-27 03:53:48.946   630   630 D MediaProfiles: frame rate: 30
07-27 03:53:48.946   630   630 D MediaProfiles: audio codec:
07-27 03:53:48.946   630   630 D MediaProfiles: codec = 3
07-27 03:53:48.946   630   630 D MediaProfiles: bit rate: 156000
07-27 03:53:48.946   630   630 D MediaProfiles: sample rate: 48000
07-27 03:53:48.946   630   630 D MediaProfiles: number of channels: 2
07-27 03:53:48.946   630   630 D MediaProfiles: video codec:
07-27 03:53:48.946   630   630 D MediaProfiles: codec = 2
07-27 03:53:48.946   630   630 D MediaProfiles: bit rate: 192000
07-27 03:53:48.946   630   630 D MediaProfiles: frame width: 176
07-27 03:53:48.946   630   630 D MediaProfiles: frame height: 144
07-27 03:53:48.946   630   630 D MediaProfiles: frame rate: 30
07-27 03:53:48.946   630   630 D MediaProfiles: audio codec:
07-27 03:53:48.946   630   630 D MediaProfiles: codec = 1
07-27 03:53:48.946   630   630 D MediaProfiles: bit rate: 12200
07-27 03:53:48.946   630   630 D MediaProfiles: sample rate: 8000
07-27 03:53:48.946   630   630 D MediaProfiles: number of channels: 1
07-27 03:53:48.946   630   630 D MediaProfiles: video codec:
07-27 03:53:48.946   630   630 D MediaProfiles: codec = 2
07-27 03:53:48.946   630   630 D MediaProfiles: bit rate: 20000000
07-27 03:53:48.946   630   630 D MediaProfiles: frame width: 1920
07-27 03:53:48.946   630   630 D MediaProfiles: frame height: 1080
07-27 03:53:48.946   630   630 D MediaProfiles: frame rate: 30
07-27 03:53:48.946   630   630 D MediaProfiles: audio codec:
07-27 03:53:48.946   630   630 D MediaProfiles: codec = 3
07-27 03:53:48.946   630   630 D MediaProfiles: bit rate: 156000
07-27 03:53:48.946   630   630 D MediaProfiles: sample rate: 48000
07-27 03:53:48.946   630   630 D MediaProfiles: number of channels: 2
07-27 03:53:48.946   630   630 D MediaProfiles: video codec:
07-27 03:53:48.946   630   630 D MediaProfiles: codec = 2
07-27 03:53:48.946   630   630 D MediaProfiles: bit rate: 192000
07-27 03:53:48.946   630   630 D MediaProfiles: frame width: 176
07-27 03:53:48.946   630   630 D MediaProfiles: frame height: 144
07-27 03:53:48.946   630   630 D MediaProfiles: frame rate: 30
07-27 03:53:48.946   630   630 D MediaProfiles: audio codec:
07-27 03:53:48.946   630   630 D MediaProfiles: codec = 1
07-27 03:53:48.946   630   630 D MediaProfiles: bit rate: 12200
07-27 03:53:48.946   630   630 D MediaProfiles: sample rate: 8000
07-27 03:53:48.946   630   630 D MediaProfiles: number of channels: 1
07-27 03:53:48.946   630   630 D MediaProfiles: video codec:
07-27 03:53:48.946   630   630 D MediaProfiles: codec = 2
07-27 03:53:48.946   630   630 D MediaProfiles: bit rate: 720000
07-27 03:53:48.946   630   630 D MediaProfiles: frame width: 352
07-27 03:53:48.946   630   630 D MediaProfiles: frame height: 288
07-27 03:53:48.946   630   630 D MediaProfiles: frame rate: 30
07-27 03:53:48.946   630   630 D MediaProfiles: audio codec:
07-27 03:53:48.946   630   630 D MediaProfiles: codec = 1
07-27 03:53:48.946   630   630 D MediaProfiles: bit rate: 12200
07-27 03:53:48.946   630   630 D MediaProfiles: sample rate: 8000
07-27 03:53:48.946   630   630 D MediaProfiles: number of channels: 1
07-27 03:53:48.946   630   630 D MediaProfiles: video codec:
07-27 03:53:48.946   630   630 D MediaProfiles: codec = 2
07-27 03:53:48.946   630   630 D MediaProfiles: bit rate: 512000
07-27 03:53:48.946   630   630 D MediaProfiles: frame width: 320
07-27 03:53:48.946   630   630 D MediaProfiles: frame height: 240
07-27 03:53:48.946   630   630 D MediaProfiles: frame rate: 30
07-27 03:53:48.946   630   630 D MediaProfiles: audio codec:
07-27 03:53:48.946   630   630 D MediaProfiles: codec = 1
07-27 03:53:48.946   630   630 D MediaProfiles: bit rate: 12200
07-27 03:53:48.946   630   630 D MediaProfiles: sample rate: 8000
07-27 03:53:48.946   630   630 D MediaProfiles: number of channels: 1
07-27 03:53:48.946   630   630 D MediaProfiles: video codec:
07-27 03:53:48.946   630   630 D MediaProfiles: codec = 2
07-27 03:53:48.946   630   630 D MediaProfiles: bit rate: 2000000
07-27 03:53:48.946   630   630 D MediaProfiles: frame width: 640
07-27 03:53:48.946   630   630 D MediaProfiles: frame height: 480
07-27 03:53:48.946   630   630 D MediaProfiles: frame rate: 30
07-27 03:53:48.946   630   630 D MediaProfiles: audio codec:
07-27 03:53:48.946   630   630 D MediaProfiles: codec = 1
07-27 03:53:48.946   630   630 D MediaProfiles: bit rate: 12200
07-27 03:53:48.946   630   630 D MediaProfiles: sample rate: 8000
07-27 03:53:48.946   630   630 D MediaProfiles: number of channels: 1
07-27 03:53:48.946   630   630 D MediaProfiles: video codec:
07-27 03:53:48.946   630   630 D MediaProfiles: codec = 2
07-27 03:53:48.946   630   630 D MediaProfiles: bit rate: 2000000
07-27 03:53:48.946   630   630 D MediaProfiles: frame width: 640
07-27 03:53:48.946   630   630 D MediaProfiles: frame height: 480
07-27 03:53:48.946   630   630 D MediaProfiles: frame rate: 30
07-27 03:53:48.946   630   630 D MediaProfiles: audio codec:
07-27 03:53:48.946   630   630 D MediaProfiles: codec = 3
07-27 03:53:48.946   630   630 D MediaProfiles: bit rate: 156000
07-27 03:53:48.946   630   630 D MediaProfiles: sample rate: 48000
07-27 03:53:48.946   630   630 D MediaProfiles: number of channels: 2
07-27 03:53:48.946   630   630 D MediaProfiles: video codec:
07-27 03:53:48.946   630   630 D MediaProfiles: codec = 2
07-27 03:53:48.946   630   630 D MediaProfiles: bit rate: 14000000
07-27 03:53:48.946   630   630 D MediaProfiles: frame width: 1280
07-27 03:53:48.946   630   630 D MediaProfiles: frame height: 720
07-27 03:53:48.946   630   630 D MediaProfiles: frame rate: 30
07-27 03:53:48.946   630   630 D MediaProfiles: audio codec:
07-27 03:53:48.946   630   630 D MediaProfiles: codec = 3
07-27 03:53:48.946   630   630 D MediaProfiles: bit rate: 156000
07-27 03:53:48.946   630   630 D MediaProfiles: sample rate: 48000
07-27 03:53:48.946   630   630 D MediaProfiles: number of channels: 2
07-27 03:53:48.946   630   630 D MediaProfiles: video codec:
07-27 03:53:48.946   630   630 D MediaProfiles: codec = 2
07-27 03:53:48.946   630   630 D MediaProfiles: bit rate: 20000000
07-27 03:53:48.946   630   630 D MediaProfiles: frame width: 1920
07-27 03:53:48.946   630   630 D MediaProfiles: frame height: 1080
07-27 03:53:48.946   630   630 D MediaProfiles: frame rate: 30
07-27 03:53:48.946   630   630 D MediaProfiles: audio codec:
07-27 03:53:48.946   630   630 D MediaProfiles: codec = 3
07-27 03:53:48.946   630   630 D MediaProfiles: bit rate: 156000
07-27 03:53:48.946   630   630 D MediaProfiles: sample rate: 48000
07-27 03:53:48.946   630   630 D MediaProfiles: number of channels: 2
07-27 03:53:48.946   630   630 D MediaProfiles: video codec:
07-27 03:53:48.946   630   630 D MediaProfiles: codec = 2
07-27 03:53:48.946   630   630 D MediaProfiles: bit rate: 42000000
07-27 03:53:48.946   630   630 D MediaProfiles: frame width: 2560
07-27 03:53:48.946   630   630 D MediaProfiles: frame height: 1440
07-27 03:53:48.946   630   630 D MediaProfiles: frame rate: 30
07-27 03:53:48.946   630   630 D MediaProfiles: audio codec:
07-27 03:53:48.946   630   630 D MediaProfiles: codec = 3
07-27 03:53:48.946   630   630 D MediaProfiles: bit rate: 156000
07-27 03:53:48.946   630   630 D MediaProfiles: sample rate: 48000
07-27 03:53:48.946   630   630 D MediaProfiles: number of channels: 2
07-27 03:53:48.946   630   630 D MediaProfiles: video codec:
07-27 03:53:48.946   630   630 D MediaProfiles: codec = 2
07-27 03:53:48.946   630   630 D MediaProfiles: bit rate: 20000000
07-27 03:53:48.946   630   630 D MediaProfiles: frame width: 2048
07-27 03:53:48.946   673  1237 I mm-camera: <MCT   >< INFO> 5336: mct_pipeline_start_session_thread: Module imglib start_session rc = 1
07-27 03:53:48.946   630   630 D MediaProfiles: frame height: 1080
07-27 03:53:48.946   630   630 D MediaProfiles: frame rate: 30
07-27 03:53:48.946   630   630 D MediaProfiles: audio codec:
07-27 03:53:48.946   673  1237 I mm-camera: <MCT   >< INFO> 5344: mct_pipeline_start_session_thread: started_num = 4, success = 4
07-27 03:53:48.946   630   630 D MediaProfiles: codec = 3
07-27 03:53:48.946   630   630 D MediaProfiles: bit rate: 156000
07-27 03:53:48.946   630   630 D MediaProfiles: sample rate: 48000
07-27 03:53:48.946   673  1237 I mm-camera: <MCT   >< INFO> 5351: mct_pipeline_start_session_thread: X imglib
07-27 03:53:48.946   630   630 D MediaProfiles: number of channels: 2
07-27 03:53:48.946   630   630 V MediaProfiles: addImageEncodingQualityLevel: cameraId=0, quality=95
07-27 03:53:48.946   630   630 V MediaProfiles: addImageEncodingQualityLevel: cameraId=0, quality=80
07-27 03:53:48.946   630   630 V MediaProfiles: addImageEncodingQualityLevel: cameraId=0, quality=70
07-27 03:53:48.946   630   630 V MediaProfiles: addStartTimeOffset: cameraId=1, offset=1000 ms
07-27 03:53:48.946   630   630 D MediaProfiles: video codec:
07-27 03:53:48.946   630   630 D MediaProfiles: codec = 2
07-27 03:53:48.946   630   630 D MediaProfiles: bit rate: 192000
07-27 03:53:48.946   630   630 D MediaProfiles: frame width: 176
07-27 03:53:48.946   630   630 D MediaProfiles: frame height: 144
07-27 03:53:48.946   630   630 D MediaProfiles: frame rate: 30
07-27 03:53:48.946   630   630 D MediaProfiles: audio codec:
07-27 03:53:48.946   630   630 D MediaProfiles: codec = 1
07-27 03:53:48.946   630   630 D MediaProfiles: bit rate: 12200
07-27 03:53:48.946   630   630 D MediaProfiles: sample rate: 8000
07-27 03:53:48.946   630   630 D MediaProfiles: number of channels: 1
07-27 03:53:48.946   630   630 D MediaProfiles: video codec:
07-27 03:53:48.946   630   630 D MediaProfiles: codec = 2
07-27 03:53:48.947   630   630 D MediaProfiles: bit rate: 20000000
07-27 03:53:48.947   630   630 D MediaProfiles: frame width: 1920
07-27 03:53:48.947   630   630 D MediaProfiles: frame height: 1080
07-27 03:53:48.947   630   630 D MediaProfiles: frame rate: 30
07-27 03:53:48.947   630   630 D MediaProfiles: audio codec:
07-27 03:53:48.947   630   630 D MediaProfiles: codec = 3
07-27 03:53:48.947   630   630 D MediaProfiles: bit rate: 156000
07-27 03:53:48.947   630   630 D MediaProfiles: sample rate: 48000
07-27 03:53:48.947   630   630 D MediaProfiles: number of channels: 2
07-27 03:53:48.947   630   630 D MediaProfiles: video codec:
07-27 03:53:48.947   630   630 D MediaProfiles: codec = 2
07-27 03:53:48.947   630   630 D MediaProfiles: bit rate: 512000
07-27 03:53:48.947   630   630 D MediaProfiles: frame width: 320
07-27 03:53:48.947   630   630 D MediaProfiles: frame height: 240
07-27 03:53:48.947   630   630 D MediaProfiles: frame rate: 30
07-27 03:53:48.947   630   630 D MediaProfiles: audio codec:
07-27 03:53:48.947   630   630 D MediaProfiles: codec = 3
07-27 03:53:48.947   630   630 D MediaProfiles: bit rate: 156000
07-27 03:53:48.947   630   630 D MediaProfiles: sample rate: 48000
07-27 03:53:48.947   630   630 D MediaProfiles: number of channels: 2
07-27 03:53:48.947   630   630 D MediaProfiles: video codec:
07-27 03:53:48.947   630   630 D MediaProfiles: codec = 2
07-27 03:53:48.947   630   630 D MediaProfiles: bit rate: 720000
07-27 03:53:48.947   630   630 D MediaProfiles: frame width: 352
07-27 03:53:48.947   630   630 D MediaProfiles: frame height: 288
07-27 03:53:48.947   630   630 D MediaProfiles: frame rate: 30
07-27 03:53:48.947   630   630 D MediaProfiles: audio codec:
07-27 03:53:48.947   630   630 D MediaProfiles: codec = 1
07-27 03:53:48.947   630   630 D MediaProfiles: bit rate: 12200
07-27 03:53:48.947   630   630 D MediaProfiles: sample rate: 8000
07-27 03:53:48.947   630   630 D MediaProfiles: number of channels: 1
07-27 03:53:48.947   630   630 D MediaProfiles: video codec:
07-27 03:53:48.947   630   630 D MediaProfiles: codec = 2
07-27 03:53:48.947   630   630 D MediaProfiles: bit rate: 2000000
07-27 03:53:48.947   630   630 D MediaProfiles: frame width: 720
07-27 03:53:48.947   630   630 D MediaProfiles: frame height: 480
07-27 03:53:48.947   630   630 D MediaProfiles: frame rate: 30
07-27 03:53:48.947   630   630 D MediaProfiles: audio codec:
07-27 03:53:48.947   630   630 D MediaProfiles: codec = 3
07-27 03:53:48.947   630   630 D MediaProfiles: bit rate: 156000
07-27 03:53:48.947   630   630 D MediaProfiles: sample rate: 48000
07-27 03:53:48.947   630   630 D MediaProfiles: number of channels: 2
07-27 03:53:48.947   630   630 D MediaProfiles: video codec:
07-27 03:53:48.947   630   630 D MediaProfiles: codec = 2
07-27 03:53:48.947   630   630 D MediaProfiles: bit rate: 14000000
07-27 03:53:48.947   630   630 D MediaProfiles: frame width: 1280
07-27 03:53:48.947   630   630 D MediaProfiles: frame height: 720
07-27 03:53:48.947   630   630 D MediaProfiles: frame rate: 30
07-27 03:53:48.947   630   630 D MediaProfiles: audio codec:
07-27 03:53:48.947   630   630 D MediaProfiles: codec = 3
07-27 03:53:48.947   630   630 D MediaProfiles: bit rate: 156000
07-27 03:53:48.947   630   630 D MediaProfiles: sample rate: 48000
07-27 03:53:48.947   630   630 I liblog  : 1
07-27 03:53:48.947   630   630 D MediaProfiles: frame height: 1080
07-27 03:53:48.947   630   630 D MediaProfiles: bit rate: 156000
07-27 03:53:48.947   630   630 D MediaProfiles: codec = 2
07-27 03:53:48.947   673  1234 I mm-camera: <MCT   >< INFO> 5336: mct_pipeline_start_session_thread: Module stats start_session rc = 1
07-27 03:53:48.947   673  1234 I mm-camera: <MCT   >< INFO> 5344: mct_pipeline_start_session_thread: started_num = 5, success = 5
07-27 03:53:48.947   673  1234 I mm-camera: <MCT   >< INFO> 5351: mct_pipeline_start_session_thread: X stats
07-27 03:53:48.947     0     0 I MSM-CPP cpp_init_hardware: 1135 CPP HW Version: 0x60010002
07-27 03:53:48.947     0     0 E MSM-CPP cpp_init_hardware: 1153 stream_cnt:0
07-27 03:53:48.948   630   630 D MediaProfiles: video codec:
07-27 03:53:48.948   630   630 D MediaProfiles: frame rate: 24
07-27 03:53:48.949   630   630 D MediaProfiles: sample rate: 8000
07-27 03:53:48.949   630   630 D MediaProfiles: audio codec:
07-27 03:53:48.949   630   630 D MediaProfiles: bit rate: 42000000
07-27 03:53:48.950   669   790 E audio_route: Control 'MultiMedia16 Mixer SLIM_7_TX' doesn't exist - skipping
07-27 03:53:48.950   630   630 D MediaProfiles: sample rate: 48000
07-27 03:53:48.950   630   630 D MediaProfiles: frame width: 320
07-27 03:53:48.950   630   630 D MediaProfiles: codec = 3
07-27 03:53:48.950   630   630 D MediaProfiles: number of channels: 2
07-27 03:53:48.950   630   630 D MediaProfiles: bit rate: 156000
07-27 03:53:48.951   630   630 D MediaProfiles: number of channels: 2
07-27 03:53:48.951   630   630 D MediaProfiles: frame width: 176
07-27 03:53:48.951   630   630 D MediaProfiles: frame height: 288
07-27 03:53:48.951   630   630 D MediaProfiles: video codec:
07-27 03:53:48.951   630   630 D MediaProfiles: audio codec:
07-27 03:53:48.951   630   630 D MediaProfiles: frame width: 2560
07-27 03:53:48.952   630   630 D MediaProfiles: bit rate: 156000
07-27 03:53:48.952   630   630 V MediaProfiles: video encoder cap:
07-27 03:53:48.952   630   630 V MediaProfiles: Number of camera ids: 4
07-27 03:53:48.952   630   630 I liblog  : 752
07-27 03:53:48.956   669   790 E audio_route: Control 'HPHL Volume' doesn't exist - skipping
07-27 03:53:48.956   669   790 E audio_route: Control 'HPHR Volume' doesn't exist - skipping
07-27 03:53:48.957   669   790 E audio_route: Control 'GSM mode Enable' doesn't exist - skipping
07-27 03:53:48.957   669   790 E audio_route: Control 'BT SampleRate RX' doesn't exist - skipping
07-27 03:53:48.957   669   790 E audio_route: Control 'BT SampleRate TX' doesn't exist - skipping
07-27 03:53:48.958   669   790 E audio_route: Control 'BT SampleRate RX' doesn't exist - skipping
07-27 03:53:48.958   669   790 E audio_route: Control 'BT SampleRate TX' doesn't exist - skipping
07-27 03:53:48.958   669   790 E audio_route: Control 'BT SampleRate RX' doesn't exist - skipping
07-27 03:53:48.958   669   790 E audio_route: Control 'BT SampleRate TX' doesn't exist - skipping
07-27 03:53:48.959   669   790 E audio_route: Control 'BT SampleRate RX' doesn't exist - skipping
07-27 03:53:48.959   669   790 E audio_route: Control 'BT SampleRate TX' doesn't exist - skipping
07-27 03:53:48.959   669   790 E audio_route: Control 'BT SampleRate RX' doesn't exist - skipping
07-27 03:53:48.959   669   790 E audio_route: Control 'BT SampleRate TX' doesn't exist - skipping
07-27 03:53:48.960   669   790 E audio_route: Control 'BT SampleRate RX' doesn't exist - skipping
07-27 03:53:48.960   669   790 E audio_route: Control 'BT SampleRate TX' doesn't exist - skipping
07-27 03:53:48.960   669   790 E audio_route: Control 'BT SampleRate RX' doesn't exist - skipping
07-27 03:53:48.960   669   790 E audio_route: Control 'BT SampleRate TX' doesn't exist - skipping
07-27 03:53:48.961   669   790 E audio_route: Control 'BT SampleRate RX' doesn't exist - skipping
07-27 03:53:48.961   630   630 W Zygote  : Class not found for preloading: android.media.audiopolicy.AudioProductStrategies
07-27 03:53:48.961   669   790 E audio_route: Control 'BT SampleRate TX' doesn't exist - skipping
07-27 03:53:48.961   630   630 W Zygote  : Class not found for preloading: android.media.audiopolicy.AudioVolumeGroups
07-27 03:53:48.962   669   790 E audio_route: Control 'BT SampleRate RX' doesn't exist - skipping
07-27 03:53:48.962   669   790 E audio_route: Control 'BT SampleRate TX' doesn't exist - skipping
07-27 03:53:48.962   669   790 E audio_route: Control 'BT SampleRate RX' doesn't exist - skipping
07-27 03:53:48.962   669   790 E audio_route: Control 'BT SampleRate TX' doesn't exist - skipping
07-27 03:53:48.963   669   790 E audio_route: Control 'BT SampleRate RX' doesn't exist - skipping
07-27 03:53:48.963   669   790 E audio_route: Control 'BT SampleRate TX' doesn't exist - skipping
07-27 03:53:48.963   669   790 E audio_route: Control 'BT SampleRate RX' doesn't exist - skipping
07-27 03:53:48.963   669   790 E audio_route: Control 'BT SampleRate TX' doesn't exist - skipping
07-27 03:53:48.964   669   790 E audio_route: Control 'BT SampleRate RX' doesn't exist - skipping
07-27 03:53:48.964   669   790 E audio_route: Control 'BT SampleRate TX' doesn't exist - skipping
07-27 03:53:48.964   669   790 E audio_route: Control 'BT SampleRate RX' doesn't exist - skipping
07-27 03:53:48.964   669   790 E audio_route: Control 'BT SampleRate TX' doesn't exist - skipping
07-27 03:53:48.965   669   790 E audio_route: Control 'BT SampleRate RX' doesn't exist - skipping
07-27 03:53:48.965   669   790 E audio_route: Control 'BT SampleRate TX' doesn't exist - skipping
07-27 03:53:48.965   669   790 E audio_route: Control 'MultiMedia8 Mixer SLIM_8_TX' doesn't exist - skipping
07-27 03:53:48.967   669   790 E audio_route: Control 'BT SampleRate RX' doesn't exist - skipping
