03-28 23:04:52.546   646   750 D msm8974_platform: platform_set_snd_device_backend: backend_tag_table[speaker-and-anc-headphones]: old = null new = speaker-and-headphones
03-28 23:04:52.546   646   750 D msm8974_platform: platform_set_snd_device_backend: hw_interface_table[73] = INT4_MI2S_RX-and-INT0_MI2S_RX
03-28 23:04:52.546   646   750 D msm8974_platform: platform_set_snd_device_backend: backend_tag_table[voice-headphones]: old = null new = headphones
03-28 23:04:52.546   646   750 D msm8974_platform: platform_set_snd_device_backend: hw_interface_table[26] = INT0_MI2S_RX
03-28 23:04:52.546   646   750 D msm8974_platform: platform_set_snd_device_backend: backend_tag_table[voice-anc-headphones]: old = null new = headphones
03-28 23:04:52.546   646   750 D msm8974_platform: platform_set_snd_device_backend: hw_interface_table[71] = INT0_MI2S_RX
03-28 23:04:52.546   646   750 D msm8974_platform: platform_set_snd_device_backend: backend_tag_table[voice-line]: old = null new = headphones
03-28 23:04:52.546   646   750 D msm8974_platform: platform_set_snd_device_backend: hw_interface_table[28] = INT0_MI2S_RX
03-28 23:04:52.546   646   750 D msm8974_platform: platform_set_snd_device_backend: backend_tag_table[voice-tty-full-headphones]: old = null new = headphones
03-28 23:04:52.546   646   750 D msm8974_platform: platform_set_snd_device_backend: hw_interface_table[49] = INT0_MI2S_RX
03-28 23:04:52.546   646   750 D msm8974_platform: platform_set_snd_device_backend: backend_tag_table[voice-tty-vco-headphones]: old = null new = headphones
03-28 23:04:52.546   646   750 D msm8974_platform: platform_set_snd_device_backend: hw_interface_table[51] = INT0_MI2S_RX
03-28 23:04:52.546   646   750 D msm8974_platform: platform_set_snd_device_backend: backend_tag_table[handset]: old = null new = (null)
03-28 23:04:52.546   646   750 D msm8974_platform: platform_set_snd_device_backend: hw_interface_table[1] = INT4_MI2S_RX
03-28 23:04:52.546   646   750 D msm8974_platform: platform_set_snd_device_backend: backend_tag_table[speaker]: old = null new = (null)
03-28 23:04:52.546   646   750 D msm8974_platform: platform_set_snd_device_backend: hw_interface_table[2] = INT4_MI2S_RX
03-28 23:04:52.546   646   750 D msm8974_platform: platform_set_snd_device_backend: backend_tag_table[speaker-ext-1]: old = null new = (null)
03-28 23:04:52.546   646   750 D msm8974_platform: platform_set_snd_device_backend: hw_interface_table[3] = INT4_MI2S_RX
03-28 23:04:52.547   646   750 D msm8974_platform: platform_set_snd_device_backend: backend_tag_table[speaker-ext-2]: old = null new = (null)
03-28 23:04:52.547   646   750 D msm8974_platform: platform_set_snd_device_backend: hw_interface_table[4] = INT4_MI2S_RX
03-28 23:04:52.547   646   750 D msm8974_platform: platform_set_snd_device_backend: backend_tag_table[speaker-reverse]: old = null new = (null)
03-28 23:04:52.547   646   750 D msm8974_platform: platform_set_snd_device_backend: hw_interface_table[5] = INT4_MI2S_RX
03-28 23:04:52.547   646   750 D msm8974_platform: platform_set_snd_device_backend: backend_tag_table[speaker-vbat]: old = null new = (null)
03-28 23:04:52.547   646   750 D msm8974_platform: platform_set_snd_device_backend: hw_interface_table[7] = INT4_MI2S_RX
03-28 23:04:52.547   646   750 D msm8974_platform: platform_set_snd_device_backend: backend_tag_table[speaker-and-headphones-ext-1]: old = null new = (null)
03-28 23:04:52.547   646   750 D msm8974_platform: platform_set_snd_device_backend: hw_interface_table[18] = INT4_MI2S_RX-and-INT0_MI2S_RX
03-28 23:04:52.547   646   750 D msm8974_platform: platform_set_snd_device_backend: backend_tag_table[speaker-and-headphones-ext-2]: old = null new = (null)
03-28 23:04:52.547   646   750 D msm8974_platform: platform_set_snd_device_backend: hw_interface_table[19] = INT4_MI2S_RX-and-INT0_MI2S_RX
03-28 23:04:52.547   646   750 D msm8974_platform: platform_set_snd_device_backend: backend_tag_table[voice-handset]: old = null new = (null)
03-28 23:04:52.547   646   750 D msm8974_platform: platform_set_snd_device_backend: hw_interface_table[20] = INT4_MI2S_RX
03-28 23:04:52.547   646   750 D msm8974_platform: platform_set_snd_device_backend: backend_tag_table[voice-speaker]: old = null new = (null)
03-28 23:04:52.547   646   750 D msm8974_platform: platform_set_snd_device_backend: hw_interface_table[21] = INT4_MI2S_RX
03-28 23:04:52.547   646   750 D msm8974_platform: platform_set_snd_device_backend: backend_tag_table[voice-speaker-vbat]: old = voice-speaker-vbat new = (null)
03-28 23:04:52.547   646   750 D msm8974_platform: platform_set_snd_device_backend: hw_interface_table[23] = INT4_MI2S_RX
03-28 23:04:52.547   646   750 D msm8974_platform: platform_set_snd_device_backend: backend_tag_table[voice-speaker-2]: old = null new = (null)
03-28 23:04:52.547   646   750 D msm8974_platform: platform_set_snd_device_backend: hw_interface_table[24] = INT4_MI2S_RX
03-28 23:04:52.547   646   750 D msm8974_platform: platform_set_snd_device_backend: backend_tag_table[voice-speaker-2-vbat]: old = voice-speaker-2-vbat new = (null)
03-28 23:04:52.547   646   750 D msm8974_platform: platform_set_snd_device_backend: hw_interface_table[25] = INT4_MI2S_RX
03-28 23:04:52.547   646   750 D msm8974_platform: platform_set_snd_device_backend: backend_tag_table[speaker-and-hdmi]: old = speaker-and-hdmi new = (null)
03-28 23:04:52.547   646   750 D msm8974_platform: platform_set_snd_device_backend: hw_interface_table[30] = INT4_MI2S_RX-and-HDMI
03-28 23:04:52.547   646   750 D msm8974_platform: platform_set_snd_device_backend: backend_tag_table[speaker-and-display-port]: old = speaker-and-display-port new = (null)
03-28 23:04:52.547   646   750 D msm8974_platform: platform_set_snd_device_backend: hw_interface_table[32] = INT4_MI2S_RX-and-DISPLAY_PORT
03-28 23:04:52.547   646   750 D msm8974_platform: platform_set_snd_device_backend: backend_tag_table[speaker-and-bt-sco]: old = null new = speaker-and-bt-sco
03-28 23:04:52.547   646   750 D msm8974_platform: platform_set_snd_device_backend: hw_interface_table[40] = SLIMBUS_0_RX-and-SLIMBUS_7_RX
03-28 23:04:52.547     0     0 I chatty  : uid=0(root) logd identical 4 lines
03-28 23:04:52.547   646   750 D msm8974_platform: platform_set_snd_device_backend: backend_tag_table[speaker-and-bt-sco-wb]: old = null new = speaker-and-bt-sco-wb
03-28 23:04:52.547   646   750 D msm8974_platform: platform_set_snd_device_backend: hw_interface_table[42] = SLIMBUS_0_RX-and-SLIMBUS_7_RX
03-28 23:04:52.547   646   750 D msm8974_platform: platform_set_snd_device_backend: backend_tag_table[speaker-and-bt-a2dp]: old = speaker-and-bt-a2dp new = (null)
03-28 23:04:52.547   646   750 D msm8974_platform: platform_set_snd_device_backend: hw_interface_table[37] = INT4_MI2S_RX-and-SLIMBUS_7_RX
03-28 23:04:52.547   646   750 D msm8974_platform: platform_set_snd_device_backend: backend_tag_table[voice-tty-hco-handset]: old = null new = (null)
03-28 23:04:52.547   646   750 D msm8974_platform: platform_set_snd_device_backend: hw_interface_table[53] = INT4_MI2S_RX
03-28 23:04:52.547   646   750 D msm8974_platform: platform_set_snd_device_backend: backend_tag_table[anc-fb-headphones]: old = null new = (null)
03-28 23:04:52.547   646   750 D msm8974_platform: platform_set_snd_device_backend: hw_interface_table[70] = INT0_MI2S_RX
03-28 23:04:52.547   646   750 D msm8974_platform: platform_set_snd_device_backend: backend_tag_table[voice-anc-fb-headphones]: old = null new = (null)
03-28 23:04:52.547   646   750 D msm8974_platform: platform_set_snd_device_backend: hw_interface_table[72] = INT0_MI2S_RX
03-28 23:04:52.547   646   750 D msm8974_platform: platform_set_snd_device_backend: backend_tag_table[anc-handset]: old = null new = (null)
03-28 23:04:52.547   646   750 D msm8974_platform: platform_set_snd_device_backend: hw_interface_table[75] = INT4_MI2S_RX
03-28 23:04:52.547   646   750 D msm8974_platform: platform_set_snd_device_backend: backend_tag_table[speaker-protected]: old = null new = (null)
03-28 23:04:52.547   646   750 D msm8974_platform: platform_set_snd_device_backend: hw_interface_table[76] = INT4_MI2S_RX
03-28 23:04:52.547   646   750 D msm8974_platform: platform_set_snd_device_backend: backend_tag_table[voice-speaker-protected]: old = null new = (null)
03-28 23:04:52.547   646   750 D msm8974_platform: platform_set_snd_device_backend: hw_interface_table[77] = INT4_MI2S_RX
03-28 23:04:52.547   646   750 D msm8974_platform: platform_set_snd_device_backend: backend_tag_table[voice-speaker-2-protected]: old = null new = (null)
03-28 23:04:52.547   646   750 D msm8974_platform: platform_set_snd_device_backend: hw_interface_table[78] = INT4_MI2S_RX
03-28 23:04:52.547   646   750 D msm8974_platform: platform_set_snd_device_backend: backend_tag_table[speaker-protected-vbat]: old = null new = (null)
03-28 23:04:52.547   646   750 D msm8974_platform: platform_set_snd_device_backend: hw_interface_table[80] = INT4_MI2S_RX
03-28 23:04:52.547   646   750 D msm8974_platform: platform_set_snd_device_backend: backend_tag_table[voice-speaker-protected-vbat]: old = null new = (null)
03-28 23:04:52.547   646   750 D msm8974_platform: platform_set_snd_device_backend: hw_interface_table[81] = INT4_MI2S_RX
03-28 23:04:52.547   646   750 D msm8974_platform: platform_set_snd_device_backend: backend_tag_table[voice-speaker-2-protected-vbat]: old = null new = (null)
03-28 23:04:52.547   646   750 D msm8974_platform: platform_set_snd_device_backend: hw_interface_table[82] = INT4_MI2S_RX
03-28 23:04:52.547   646   750 D msm8974_platform: platform_set_snd_device_backend: backend_tag_table[wsa-speaker]: old = null new = (null)
03-28 23:04:52.547   646   750 D msm8974_platform: platform_set_snd_device_backend: hw_interface_table[83] = INT4_MI2S_RX
03-28 23:04:52.547   646   750 D msm8974_platform: platform_set_snd_device_backend: backend_tag_table[wsa-voice-speaker]: old = null new = (null)
03-28 23:04:52.547   646   750 D msm8974_platform: platform_set_snd_device_backend: hw_interface_table[84] = INT4_MI2S_RX
03-28 23:04:52.547   646   750 D msm8974_platform: platform_set_snd_device_backend: backend_tag_table[wsa-voice-speaker-2]: old = null new = (null)
03-28 23:04:52.547   646   750 D msm8974_platform: platform_set_snd_device_backend: hw_interface_table[85] = INT4_MI2S_RX
03-28 23:04:52.547   646   750 D msm8974_platform: platform_set_snd_device_backend: backend_tag_table[handset-mic]: old = null new = (null)
03-28 23:04:52.547   646   750 D msm8974_platform: platform_set_snd_device_backend: hw_interface_table[102] = INT3_MI2S_TX
03-28 23:04:52.547   646   750 D msm8974_platform: platform_set_snd_device_backend: backend_tag_table[handset-mic-ext]: old = null new = (null)
03-28 23:04:52.547   646   750 D msm8974_platform: platform_set_snd_device_backend: hw_interface_table[104] = INT3_MI2S_TX
03-28 23:04:52.547   646   750 D msm8974_platform: platform_set_snd_device_backend: backend_tag_table[handset-mic]: old = null new = (null)
03-28 23:04:52.547   646   750 D msm8974_platform: platform_set_snd_device_backend: hw_interface_table[105] = INT3_MI2S_TX
03-28 23:04:52.548   646   750 D msm8974_platform: platform_set_snd_device_backend: backend_tag_table[handset-mic]: old = null new = (null)
03-28 23:04:52.548   646   750 D msm8974_platform: platform_set_snd_device_backend: hw_interface_table[107] = INT3_MI2S_TX
03-28 23:04:52.548   646   750 D msm8974_platform: platform_set_snd_device_backend: backend_tag_table[handset-mic]: old = null new = (null)
03-28 23:04:52.548   646   750 D msm8974_platform: platform_set_snd_device_backend: hw_interface_table[109] = INT3_MI2S_TX
03-28 23:04:52.548   646   750 D msm8974_platform: platform_set_snd_device_backend: backend_tag_table[dmic-endfire]: old = null new = (null)
03-28 23:04:52.548   646   750 D msm8974_platform: platform_set_snd_device_backend: hw_interface_table[111] = INT3_MI2S_TX
03-28 23:04:52.548   646   750 D msm8974_platform: platform_set_snd_device_backend: backend_tag_table[dmic-endfire]: old = null new = (null)
03-28 23:04:52.548   646   750 D msm8974_platform: platform_set_snd_device_backend: hw_interface_table[112] = INT3_MI2S_TX
03-28 23:04:52.548   646   750 D msm8974_platform: platform_set_snd_device_backend: backend_tag_table[dmic-endfire]: old = null new = (null)
03-28 23:04:52.548   646   750 D msm8974_platform: platform_set_snd_device_backend: hw_interface_table[114] = INT3_MI2S_TX
03-28 23:04:52.548   646   750 D msm8974_platform: platform_set_snd_device_backend: backend_tag_table[dmic-endfire]: old = null new = (null)
03-28 23:04:52.548   646   750 D msm8974_platform: platform_set_snd_device_backend: hw_interface_table[116] = INT3_MI2S_TX
03-28 23:04:52.548   646   750 D msm8974_platform: platform_set_snd_device_backend: backend_tag_table[speaker-mic]: old = null new = (null)
03-28 23:04:52.548   646   750 D msm8974_platform: platform_set_snd_device_backend: hw_interface_table[118] = INT3_MI2S_TX
03-28 23:04:52.548   646   750 D msm8974_platform: platform_set_snd_device_backend: backend_tag_table[speaker-mic]: old = null new = (null)
03-28 23:04:52.548   646   750 D msm8974_platform: platform_set_snd_device_backend: hw_interface_table[120] = INT3_MI2S_TX
03-28 23:04:52.548   646   750 D msm8974_platform: platform_set_snd_device_backend: backend_tag_table[speaker-mic]: old = null new = (null)
03-28 23:04:52.548   646   750 D msm8974_platform: platform_set_snd_device_backend: hw_interface_table[122] = INT3_MI2S_TX
03-28 23:04:52.548   646   750 D msm8974_platform: platform_set_snd_device_backend: backend_tag_table[speaker-mic]: old = null new = (null)
03-28 23:04:52.548   646   750 D msm8974_platform: platform_set_snd_device_backend: hw_interface_table[124] = INT3_MI2S_TX
03-28 23:04:52.548   646   750 D msm8974_platform: platform_set_snd_device_backend: backend_tag_table[speaker-dmic-endfire]: old = null new = (null)
03-28 23:04:52.548   646   750 D msm8974_platform: platform_set_snd_device_backend: hw_interface_table[126] = INT3_MI2S_TX
03-28 23:04:52.548   646   750 D msm8974_platform: platform_set_snd_device_backend: backend_tag_table[speaker-dmic-endfire]: old = null new = (null)
03-28 23:04:52.548   646   750 D msm8974_platform: platform_set_snd_device_backend: hw_interface_table[127] = INT3_MI2S_TX
03-28 23:04:52.548   646   750 D msm8974_platform: platform_set_snd_device_backend: backend_tag_table[speaker-dmic-endfire]: old = null new = (null)
03-28 23:04:52.548   646   750 D msm8974_platform: platform_set_snd_device_backend: hw_interface_table[129] = INT3_MI2S_TX
03-28 23:04:52.548   646   750 D msm8974_platform: platform_set_snd_device_backend: backend_tag_table[speaker-dmic-endfire]: old = null new = (null)
03-28 23:04:52.548   646   750 D msm8974_platform: platform_set_snd_device_backend: hw_interface_table[131] = INT3_MI2S_TX
03-28 23:04:52.548   646   750 D msm8974_platform: platform_set_snd_device_backend: backend_tag_table[headset-mic]: old = null new = (null)
03-28 23:04:52.548   646   750 D msm8974_platform: platform_set_snd_device_backend: hw_interface_table[133] = INT3_MI2S_TX
03-28 23:04:52.548   646   750 D msm8974_platform: platform_set_snd_device_backend: backend_tag_table[headset-mic]: old = null new = (null)
03-28 23:04:52.548   646   750 D msm8974_platform: platform_set_snd_device_backend: hw_interface_table[135] = INT3_MI2S_TX
03-28 23:04:52.548   646   750 D msm8974_platform: platform_set_snd_device_backend: backend_tag_table[voice-speaker-mic]: old = null new = (null)
03-28 23:04:52.548   646   750 D msm8974_platform: platform_set_snd_device_backend: hw_interface_table[136] = INT3_MI2S_TX
03-28 23:04:52.548   646   750 D msm8974_platform: platform_set_snd_device_backend: backend_tag_table[voice-headset-mic]: old = null new = (null)
03-28 23:04:52.548   646   750 D msm8974_platform: platform_set_snd_device_backend: hw_interface_table[139] = INT3_MI2S_TX
03-28 23:04:52.548   646   750 D msm8974_platform: platform_set_snd_device_backend: backend_tag_table[hdmi-in]: old = hdmi-in new = (null)
03-28 23:04:52.548   646   750 D msm8974_platform: platform_set_snd_device_backend: hw_interface_table[141] = HDMI
03-28 23:04:52.548   646   750 D msm8974_platform: platform_set_snd_device_backend: backend_tag_table[bt-sco-mic]: old = bt-sco new = (null)
03-28 23:04:52.548   646   750 D msm8974_platform: platform_set_snd_device_backend: hw_interface_table[143] = SLIMBUS_7_TX
03-28 23:04:52.548   646   750 D msm8974_platform: platform_set_snd_device_backend: backend_tag_table[bt-sco-mic]: old = bt-sco new = (null)
03-28 23:04:52.548   646   750 D msm8974_platform: platform_set_snd_device_backend: hw_interface_table[144] = SLIMBUS_7_TX
03-28 23:04:52.548   646   750 D msm8974_platform: platform_set_snd_device_backend: backend_tag_table[bt-sco-mic-wb]: old = bt-sco-wb new = (null)
03-28 23:04:52.548   646   750 D msm8974_platform: platform_set_snd_device_backend: hw_interface_table[145] = SLIMBUS_7_TX
03-28 23:04:52.548   646   750 D msm8974_platform: platform_set_snd_device_backend: backend_tag_table[bt-sco-mic-wb]: old = bt-sco-wb new = (null)
03-28 23:04:52.548   646   750 D msm8974_platform: platform_set_snd_device_backend: hw_interface_table[146] = SLIMBUS_7_TX
03-28 23:04:52.548   646   750 D msm8974_platform: platform_set_snd_device_backend: backend_tag_table[camcorder-mic]: old = null new = (null)
03-28 23:04:52.548   646   750 D msm8974_platform: platform_set_snd_device_backend: hw_interface_table[150] = INT3_MI2S_TX
03-28 23:04:52.548   646   750 D msm8974_platform: platform_set_snd_device_backend: backend_tag_table[voice-dmic-ef]: old = null new = (null)
03-28 23:04:52.548   646   750 D msm8974_platform: platform_set_snd_device_backend: hw_interface_table[151] = INT3_MI2S_TX
03-28 23:04:52.549   646   750 D msm8974_platform: platform_set_snd_device_backend: backend_tag_table[voice-speaker-dmic-ef]: old = null new = (null)
03-28 23:04:52.549   646   750 D msm8974_platform: platform_set_snd_device_backend: hw_interface_table[154] = INT3_MI2S_TX
03-28 23:04:52.549   646   750 D msm8974_platform: platform_set_snd_device_backend: backend_tag_table[voice-speaker-qmic]: old = null new = (null)
03-28 23:04:52.549   646   750 D msm8974_platform: platform_set_snd_device_backend: hw_interface_table[157] = INT3_MI2S_TX
03-28 23:04:52.549   646   750 D msm8974_platform: platform_set_snd_device_backend: backend_tag_table[voice-tty-full-headset-mic]: old = null new = (null)
03-28 23:04:52.549   646   750 D msm8974_platform: platform_set_snd_device_backend: hw_interface_table[158] = INT3_MI2S_TX
03-28 23:04:52.549   646   750 D msm8974_platform: platform_set_snd_device_backend: backend_tag_table[voice-tty-vco-handset-mic]: old = null new = (null)
03-28 23:04:52.549   646   750 D msm8974_platform: platform_set_snd_device_backend: hw_interface_table[159] = INT3_MI2S_TX
03-28 23:04:52.549   646   750 D msm8974_platform: platform_set_snd_device_backend: backend_tag_table[voice-tty-hco-headset-mic]: old = null new = (null)
03-28 23:04:52.549   646   750 D msm8974_platform: platform_set_snd_device_backend: hw_interface_table[160] = INT3_MI2S_TX
03-28 23:04:52.549   646   750 D msm8974_platform: platform_set_snd_device_backend: backend_tag_table[voice-rec-mic]: old = null new = (null)
03-28 23:04:52.549   646   750 D msm8974_platform: platform_set_snd_device_backend: hw_interface_table[163] = INT3_MI2S_TX
03-28 23:04:52.549   646   750 D msm8974_platform: platform_set_snd_device_backend: backend_tag_table[voice-rec-mic]: old = null new = (null)
03-28 23:04:52.549   646   750 D msm8974_platform: platform_set_snd_device_backend: hw_interface_table[164] = INT3_MI2S_TX
03-28 23:04:52.549   646   750 D msm8974_platform: platform_set_snd_device_backend: backend_tag_table[voice-rec-dmic-ef]: old = null new = (null)
03-28 23:04:52.549   646   750 D msm8974_platform: platform_set_snd_device_backend: hw_interface_table[167] = INT3_MI2S_TX
03-28 23:04:52.549   646   750 D msm8974_platform: platform_set_snd_device_backend: backend_tag_table[voice-rec-dmic-ef-fluence]: old = null new = (null)
03-28 23:04:52.549   646   750 D msm8974_platform: platform_set_snd_device_backend: hw_interface_table[168] = INT3_MI2S_TX
03-28 23:04:52.549   646   750 D msm8974_platform: platform_set_snd_device_backend: backend_tag_table[aanc-handset-mic]: old = null new = (null)
03-28 23:04:52.549   646   750 D msm8974_platform: platform_set_snd_device_backend: hw_interface_table[181] = INT3_MI2S_TX
03-28 23:04:52.549   646   750 D msm8974_platform: platform_set_snd_device_backend: backend_tag_table[quad-mic]: old = null new = (null)
03-28 23:04:52.549   646   750 D msm8974_platform: platform_set_snd_device_backend: hw_interface_table[182] = INT3_MI2S_TX
03-28 23:04:52.549   646   750 E msm8974_platform: find_index: Could not find index for name = SND_DEVICE_IN_HANDSET_STEREO_DMIC
03-28 23:04:52.549   646   750 E platform_info: process_backend_name: Device SND_DEVICE_IN_HANDSET_STEREO_DMIC not found, no ACDB ID set!
03-28 23:04:52.549   646   750 E msm8974_platform: find_index: Could not find index for name = SND_DEVICE_IN_SPEAKER_STEREO_DMIC
03-28 23:04:52.549   646   750 E platform_info: process_backend_name: Device SND_DEVICE_IN_SPEAKER_STEREO_DMIC not found, no ACDB ID set!
03-28 23:04:52.549   646   750 D msm8974_platform: platform_set_snd_device_backend: backend_tag_table[vi-feedback]: old = null new = (null)
03-28 23:04:52.549   646   750 D msm8974_platform: platform_set_snd_device_backend: hw_interface_table[185] = INT5_MI2S_TX
03-28 23:04:52.549   646   750 D msm8974_platform: platform_set_snd_device_backend: backend_tag_table[vi-feedback-mono-1]: old = null new = (null)
03-28 23:04:52.549   646   750 D msm8974_platform: platform_set_snd_device_backend: hw_interface_table[186] = INT5_MI2S_TX
03-28 23:04:52.549   646   750 D msm8974_platform: platform_set_snd_device_backend: backend_tag_table[vi-feedback-mono-2]: old = null new = (null)
03-28 23:04:52.549   646   750 D msm8974_platform: platform_set_snd_device_backend: hw_interface_table[187] = INT5_MI2S_TX
03-28 23:04:52.549   646   750 D msm8974_platform: platform_set_snd_device_backend: backend_tag_table[voice-speaker-dmic-broadside]: old = null new = (null)
03-28 23:04:52.549   646   750 D msm8974_platform: platform_set_snd_device_backend: hw_interface_table[188] = INT3_MI2S_TX
03-28 23:04:52.549   646   750 D msm8974_platform: platform_set_snd_device_backend: backend_tag_table[speaker-dmic-broadside]: old = null new = (null)
03-28 23:04:52.549   646   750 D msm8974_platform: platform_set_snd_device_backend: hw_interface_table[189] = INT3_MI2S_TX
03-28 23:04:52.550   646   750 D msm8974_platform: platform_set_snd_device_backend: backend_tag_table[speaker-dmic-broadside]: old = null new = (null)
03-28 23:04:52.550   646   750 D msm8974_platform: platform_set_snd_device_backend: hw_interface_table[190] = INT3_MI2S_TX
03-28 23:04:52.550   646   750 D msm8974_platform: platform_set_snd_device_backend: backend_tag_table[speaker-dmic-broadside]: old = null new = (null)
03-28 23:04:52.550   646   750 D msm8974_platform: platform_set_snd_device_backend: hw_interface_table[191] = INT3_MI2S_TX
03-28 23:04:52.550   646   750 D msm8974_platform: platform_set_snd_device_backend: backend_tag_table[speaker-dmic-broadside]: old = null new = (null)
03-28 23:04:52.550   646   750 D msm8974_platform: platform_set_snd_device_backend: hw_interface_table[192] = INT3_MI2S_TX
03-28 23:04:52.550   646   750 D msm8974_platform: platform_set_snd_device_backend: backend_tag_table[aanc-handset-mic]: old = null new = (null)
03-28 23:04:52.550   646   750 D msm8974_platform: platform_set_snd_device_backend: hw_interface_table[193] = INT3_MI2S_TX
03-28 23:04:52.550   646   750 D msm8974_platform: platform_set_snd_device_backend: backend_tag_table[quad-mic]: old = null new = (null)
03-28 23:04:52.550   646   750 D msm8974_platform: platform_set_snd_device_backend: hw_interface_table[194] = INT3_MI2S_TX
03-28 23:04:52.550   646   750 D msm8974_platform: platform_set_snd_device_backend: backend_tag_table[quad-mic]: old = null new = (null)
03-28 23:04:52.550   646   750 D msm8974_platform: platform_set_snd_device_backend: hw_interface_table[196] = INT3_MI2S_TX
03-28 23:04:52.550   646   750 D msm8974_platform: platform_set_snd_device_backend: backend_tag_table[quad-mic]: old = null new = (null)
03-28 23:04:52.550   646   750 D msm8974_platform: platform_set_snd_device_backend: hw_interface_table[197] = INT3_MI2S_TX
03-28 23:04:52.550   646   750 D msm8974_platform: platform_set_snd_device_backend: backend_tag_table[quad-mic]: old = null new = (null)
03-28 23:04:52.550   646   750 D msm8974_platform: platform_set_snd_device_backend: hw_interface_table[198] = INT3_MI2S_TX
03-28 23:04:52.550   646   750 D msm8974_platform: platform_set_snd_device_backend: backend_tag_table[three-mic]: old = null new = (null)
03-28 23:04:52.550   646   750 D msm8974_platform: platform_set_snd_device_backend: hw_interface_table[200] = INT3_MI2S_TX
03-28 23:04:52.550   646   750 D msm8974_platform: platform_set_snd_device_backend: backend_tag_table[three-mic]: old = null new = (null)
03-28 23:04:52.550   646   750 D msm8974_platform: platform_set_snd_device_backend: hw_interface_table[202] = INT3_MI2S_TX
03-28 23:04:52.550   646   750 D msm8974_platform: platform_set_snd_device_backend: backend_tag_table[three-mic]: old = null new = (null)
03-28 23:04:52.550   646   750 D msm8974_platform: platform_set_snd_device_backend: hw_interface_table[209] = INT3_MI2S_TX
03-28 23:04:52.550   646   750 D msm8974_platform: platform_set_snd_device_backend: backend_tag_table[unprocessed-mic]: old = null new = (null)
03-28 23:04:52.550   646   750 D msm8974_platform: platform_set_snd_device_backend: hw_interface_table[210] = INT3_MI2S_TX
03-28 23:04:52.550   646   750 D msm8974_platform: platform_set_snd_device_backend: backend_tag_table[unprocessed-stereo-mic]: old = null new = (null)
03-28 23:04:52.550   646   750 D msm8974_platform: platform_set_snd_device_backend: hw_interface_table[211] = INT3_MI2S_TX
03-28 23:04:52.550   646   750 D msm8974_platform: platform_set_snd_device_backend: backend_tag_table[unprocessed-three-mic]: old = null new = (null)
03-28 23:04:52.550   646   750 D msm8974_platform: platform_set_snd_device_backend: hw_interface_table[212] = INT3_MI2S_TX
03-28 23:04:52.550   646   750 D msm8974_platform: platform_set_snd_device_backend: backend_tag_table[unprocessed-quad-mic]: old = null new = (null)
03-28 23:04:52.550   646   750 D msm8974_platform: platform_set_snd_device_backend: hw_interface_table[213] = INT3_MI2S_TX
03-28 23:04:52.550   646   750 D msm8974_platform: platform_set_snd_device_backend: backend_tag_table[unprocessed-headset-mic]: old = null new = (null)
03-28 23:04:52.550   646   750 D msm8974_platform: platform_set_snd_device_backend: hw_interface_table[214] = INT3_MI2S_TX
03-28 23:04:52.552     0     0 E         : msm_pcm_path_latency_ctl_get substream runtime not found
03-28 23:04:52.607  1277  1277 D SystemServerTiming: InitBeforeStartServices took to complete: 230ms
03-28 23:04:52.607  1277  1277 I SystemServer: StartServices
03-28 23:04:52.607  1277  1277 I SystemServer: StartWatchdog
03-28 23:04:52.618  1277  1277 D SystemServerTiming: StartWatchdog took to complete: 11ms
03-28 23:04:52.618  1277  1277 I SystemServer: Reading configuration...
03-28 23:04:52.618  1277  1277 I SystemServer: ReadingSystemConfig
03-28 23:04:52.618  1277  1277 D SystemServerTiming: ReadingSystemConfig took to complete: 1ms
03-28 23:04:52.618  1277  1277 I SystemServer: StartInstaller
03-28 23:04:52.618  1277  1277 I SystemServiceManager: Starting com.android.server.pm.Installer
03-28 23:04:52.618  1277  1307 D SystemServerInitThreadPool: Started executing ReadingSystemConfig
03-28 23:04:52.623  1277  1277 D SystemServerTiming: StartInstaller took to complete: 5ms
03-28 23:04:52.623  1277  1277 I SystemServer: DeviceIdentifiersPolicyService
03-28 23:04:52.623  1277  1277 I SystemServiceManager: Starting com.android.server.os.DeviceIdentifiersPolicyService
03-28 23:04:52.624  1277  1277 D SystemServerTiming: DeviceIdentifiersPolicyService took to complete: 0ms
03-28 23:04:52.624  1277  1277 I SystemServer: UriGrantsManagerService
03-28 23:04:52.624  1277  1277 I SystemServiceManager: Starting com.android.server.uri.UriGrantsManagerService$Lifecycle
03-28 23:04:52.624  1277  1277 D SystemServerTiming: UriGrantsManagerService took to complete: 1ms
03-28 23:04:52.625  1277  1277 I SystemServer: StartActivityManager
03-28 23:04:52.625  1277  1277 I SystemServiceManager: Starting com.android.server.wm.ActivityTaskManagerService$Lifecycle
03-28 23:04:52.629  1277  1277 I SystemServiceManager: Starting com.android.server.am.ActivityManagerService$Lifecycle
03-28 23:04:52.639  1277  1277 I ActivityManager: dalvik.vm.heapgrowthlimit=256m
03-28 23:04:52.639  1277  1277 I ActivityManager: dalvik.vm.heapsize=512m
03-28 23:04:52.639  1277  1277 I ActivityManager: persist.vendor.dalvik.vm.heapglimit=
03-28 23:04:52.639  1277  1277 I ActivityManager: persist.vendor.dalvik.vm.heapsize=
03-28 23:04:52.640  1277  1277 I ActivityManager: Memory class: 256
03-28 23:04:52.652  1277  1277 D BatteryStatsImpl: Reading daily items from /data/system/batterystats-daily.xml
03-28 23:04:52.664  1277  1314 E BatteryExternalStatsWorker: no controller energy info supplied for telephony
03-28 23:04:52.667  1277  1314 I KernelCpuUidFreqTimeReader: mPerClusterTimesAvailable=true
03-28 23:04:52.670  1277  1314 E KernelCpuSpeedReader: Failed to read cpu-freq: /sys/devices/system/cpu/cpu4/cpufreq/stats/time_in_state: open failed: ENOENT (No such file or directory)
03-28 23:04:52.671  1277  1314 E KernelCpuSpeedReader: Failed to read cpu-freq: /sys/devices/system/cpu/cpu0/cpufreq/stats/time_in_state: open failed: ENOENT (No such file or directory)
03-28 23:04:52.676  1277  1307 W SystemConfig: No directory /product/etc/sysconfig, skipping
03-28 23:04:52.684  1277  1309 I commit_sys_config_file: [batterystats,5]
03-28 23:04:52.687  1277  1309 I commit_sys_config_file: [batterystats,3]
03-28 23:04:52.694  1277  1307 W SystemConfig: No directory /product_services/etc/sysconfig, skipping
03-28 23:04:52.694  1277  1307 W SystemConfig: No directory /product_services/etc/permissions, skipping
03-28 23:04:52.694  1277  1307 D SystemServerInitThreadPool: Finished executing ReadingSystemConfig
03-28 23:04:52.722  1277  1277 I IntentFirewall: Read new rules (A:0 B:0 S:0)
03-28 23:04:52.730  1277  1277 D AppOps  : AppOpsService published
03-28 23:04:52.730  1277  1277 D SystemServerTiming: StartActivityManager took to complete: 106ms
03-28 23:04:52.730  1277  1277 I SystemServer: StartPowerManager
03-28 23:04:52.730  1277  1277 I SystemServiceManager: Starting com.android.server.power.PowerManagerService
03-28 23:04:52.738  1277  1277 D SystemServerTiming: StartPowerManager took to complete: 8ms
03-28 23:04:52.738  1277  1277 I SystemServer: StartThermalManager
03-28 23:04:52.738  1277  1277 I SystemServiceManager: Starting com.android.server.power.ThermalManagerService
03-28 23:04:52.739  1277  1277 D SystemServerTiming: StartThermalManager took to complete: 0ms
03-28 23:04:52.739  1277  1277 I SystemServer: InitPowerManagement
03-28 23:04:52.739  1277  1277 D SystemServerTiming: InitPowerManagement took to complete: 1ms
03-28 23:04:52.739  1277  1277 I SystemServer: StartRecoverySystemService
03-28 23:04:52.739  1277  1277 I SystemServiceManager: Starting com.android.server.RecoverySystemService
03-28 23:04:52.740  1277  1277 D SystemServerTiming: StartRecoverySystemService took to complete: 1ms
03-28 23:04:52.741  1277  1277 V RescueParty: Disabled because of active USB connection
03-28 23:04:52.741  1277  1277 I SystemServer: StartLightsService
03-28 23:04:52.741  1277  1277 I SystemServiceManager: Starting com.android.server.lights.LightsService
03-28 23:04:52.839     0     0 I sn65dsi86_dsi2edp_print_status:  
03-28 23:04:52.839     0     0 I sn65dsi86: f0:       0
03-28 23:04:52.840     0     0 I sn65dsi86: f1:       0
03-28 23:04:52.841     0     0 I sn65dsi86: f2:       0
03-28 23:04:52.843     0     0 I sn65dsi86: f3:       0
03-28 23:04:52.844     0     0 I sn65dsi86: f4:       1
03-28 23:04:52.845     0     0 I sn65dsi86: f5:       0
03-28 23:04:52.846     0     0 I sn65dsi86: f6:       0
03-28 23:04:52.847     0     0 I sn65dsi86: f7:       0
03-28 23:04:52.848     0     0 I sn65dsi86: f8:       1
03-28 23:04:52.850     0     0 I sn65dsi86_dsi2edp_enable_lately_2nd_part: end
03-28 23:04:52.850     0     0 I sn65dsi86_dsi2edp_enable_lately: end
03-28 23:04:52.850     0     0 I mdss_dsi_on-:  
03-28 23:04:52.851     0     0 E mdss_dp_notify_clients: Invalid request NOTIFY_UNKNOWN --> NOTIFY_DISCONNECT
03-28 23:04:52.942     0     0 I service-notifier: root_service_service_ind_cb: Indication received from msm/modem/wlan_pd, state: 0x1fffffff, trans-id: 1
03-28 23:04:52.942     0     0 I service-notifier: send_ind_ack: Indication ACKed for transid 1, service msm/modem/wlan_pd, instance 180!
03-28 23:04:52.943     0     0 I icnss_qmi: QMI Server Connected: state: 0x980
03-28 23:04:52.947     0     0 E         : msm_qti_pp_get_rms_value_control, back not active to query rms be_idx:3
03-28 23:04:52.971     0     0 I core_get_license_status: cmdrsp_license_result.result = 0x15 for module 0x131ff
03-28 23:04:52.973     0     0 E msm-ext-disp-audio-codec-rx soc: qcom,msm-ext-disp:qcom,msm-ext-disp-audio-codec-rx: msm_ext_disp_audio_type_get: Display cable disconnected
03-28 23:04:52.973     0     0 E msm-ext-disp-audio-codec-rx soc: qcom,msm-ext-disp:qcom,msm-ext-disp-audio-codec-rx: msm_ext_disp_audio_type_get: Display cable disconnected
03-28 23:04:53.012     0     0 E         : msm_pcm_path_latency_ctl_get substream runtime not found
03-28 23:04:53.023     0     0 I chatty  : uid=0(root) logd identical 4 lines
03-28 23:04:53.028     0     0 E         : msm_pcm_path_latency_ctl_get substream runtime not found
03-28 23:04:53.449  1277  1277 D SystemServerTiming: StartLightsService took to complete: 708ms
03-28 23:04:53.449  1277  1277 I SystemServer: StartSidekickService
03-28 23:04:53.449  1277  1277 D SystemServerTiming: StartSidekickService took to complete: 0ms
03-28 23:04:53.449  1277  1277 I SystemServer: StartDisplayManager
03-28 23:04:53.449  1277  1277 I SystemServiceManager: Starting com.android.server.display.DisplayManagerService
03-28 23:04:53.453  1277  1277 D SystemServerTiming: StartDisplayManager took to complete: 4ms
03-28 23:04:53.453  1277  1277 I SystemServer: WaitForDisplay
03-28 23:04:53.453  1277  1277 I SystemServiceManager: Starting phase 100
03-28 23:04:53.475   646   750 E audio_route: Control 'BT SampleRate TX' doesn't exist - skipping
03-28 23:04:53.475   646   750 E audio_route: Control 'BT SampleRate RX' doesn't exist - skipping
03-28 23:04:53.476   646   750 E audio_route: Control 'BT SampleRate TX' doesn't exist - skipping
03-28 23:04:53.476   646   750 E audio_route: Control 'BT SampleRate RX' doesn't exist - skipping
03-28 23:04:53.476   646   750 E audio_route: Control 'BT SampleRate TX' doesn't exist - skipping
03-28 23:04:53.477   646   750 E audio_route: Control 'BT SampleRate RX' doesn't exist - skipping
03-28 23:04:53.477   646   750 E audio_route: Control 'BT SampleRate TX' doesn't exist - skipping
03-28 23:04:53.477   646   750 E audio_route: Control 'BT SampleRate RX' doesn't exist - skipping
03-28 23:04:53.477   646   750 E audio_route: Control 'BT SampleRate TX' doesn't exist - skipping
03-28 23:04:53.478   646   750 E audio_route: Control 'BT SampleRate RX' doesn't exist - skipping
03-28 23:04:53.478   646   750 E audio_route: Control 'BT SampleRate TX' doesn't exist - skipping
03-28 23:04:53.478   646   750 E audio_route: Control 'BT SampleRate RX' doesn't exist - skipping
03-28 23:04:53.478   646   750 E audio_route: Control 'BT SampleRate TX' doesn't exist - skipping
03-28 23:04:53.479   646   750 E audio_route: Control 'BT SampleRate RX' doesn't exist - skipping
03-28 23:04:53.479   646   750 E audio_route: Control 'BT SampleRate TX' doesn't exist - skipping
03-28 23:04:53.480   646   750 E audio_route: Control 'BT SampleRate RX' doesn't exist - skipping
03-28 23:04:53.480   646   750 E audio_route: Control 'BT SampleRate TX' doesn't exist - skipping
03-28 23:04:53.480   646   750 E audio_route: Control 'BT SampleRate RX' doesn't exist - skipping
03-28 23:04:53.480   646   750 E audio_route: Control 'BT SampleRate TX' doesn't exist - skipping
03-28 23:04:53.480   646   750 E audio_route: Control 'MultiMedia8 Mixer SLIM_8_TX' doesn't exist - skipping
03-28 23:04:53.482   646   750 E audio_route: Control 'BT SampleRate RX' doesn't exist - skipping
03-28 23:04:53.482   646   750 E audio_route: Control 'BT SampleRate TX' doesn't exist - skipping
03-28 23:04:53.483   646   750 E audio_route: Control 'BT SampleRate RX' doesn't exist - skipping
03-28 23:04:53.483   646   750 E audio_route: Control 'BT SampleRate TX' doesn't exist - skipping
03-28 23:04:53.484   646   750 E audio_route: Control 'BT SampleRate RX' doesn't exist - skipping
03-28 23:04:53.484   646   750 E audio_route: Control 'BT SampleRate TX' doesn't exist - skipping
03-28 23:04:53.484  1277  1303 I DisplayManagerService: Display device added: DisplayDeviceInfo{"Built-in Screen": uniqueId="local:0", 1920 x 1080, modeId 1, defaultModeId 1, supportedModes [{id=1, width=1920, height=1080, fps=60.000004}], colorMode 0, supportedColorModes [0], HdrCapabilities android.view.Display$HdrCapabilities@40f16308, density 240, 141.767 x 142.134 dpi, appVsyncOff 1000000, presDeadline 16666666, touch INTERNAL, rotation 0, type BUILT_IN, address {port=0}, state UNKNOWN, FLAG_DEFAULT_DISPLAY, FLAG_ROTATES_WITH_CONTENT, FLAG_SECURE, FLAG_SUPPORTS_PROTECTED_BUFFERS}
03-28 23:04:53.485   706   706 D SurfaceFlinger: Setting power mode 2 on display 0
03-28 23:04:53.487  1277  1277 D SystemServerTiming: WaitForDisplay took to complete: 35ms
03-28 23:04:53.487  1277  1303 I DisplayManagerService: Display device changed state: "Built-in Screen", ON
03-28 23:04:53.488  1277  1277 I sysui_multi_action: [757,804,799,boot_package_manager_init_start,801,13218,802,1]
03-28 23:04:53.488  1277  1277 I SystemServer: StartPackageManagerService
03-28 23:04:53.488  1277  1277 I Watchdog: Pausing HandlerChecker: main thread for reason: packagemanagermain. Pause count: 1
03-28 23:04:53.490   646   750 E audio_route: unable to find sub path 'speakersafe'
03-28 23:04:53.491   646   750 E audio_route: Control 'BT SampleRate RX' doesn't exist - skipping
03-28 23:04:53.491   646   750 E audio_route: Control 'BT SampleRate TX' doesn't exist - skipping
03-28 23:04:53.491   646   750 E audio_route: Control 'MultiMedia16 Mixer SLIM_7_TX' doesn't exist - skipping
03-28 23:04:53.491   646   750 E audio_route: Control 'BT SampleRate RX' doesn't exist - skipping
03-28 23:04:53.491   646   750 E audio_route: Control 'BT SampleRate TX' doesn't exist - skipping
03-28 23:04:53.492   646   750 E audio_route: Control 'AUX PCM SampleRate' doesn't exist - skipping
03-28 23:04:53.492   646   750 E audio_route: Control 'MultiMedia16 Mixer TERT_MI2S_TX' doesn't exist - skipping
03-28 23:04:53.496   646   750 E audio_hw_extn: audio_extn_perf_lock_release: Perf lock release error 
03-28 23:04:53.496   646   750 E msm8974_platform: platform_init: soundcard: sdm660-snd-card-i40 supports only default sample rate
03-28 23:04:53.497   646   750 E msm8974_platform: platform_init: Could not find the symbol acdb_send_audio_cal_v4 from libacdbloader.so
03-28 23:04:53.497   646   750 E msm8974_platform: platform_init: dlsym error undefined symbol: acdb_loader_init_v4 for acdb_loader_init_v4
03-28 23:04:53.497   646   750 I audio_hw_extn: audio_extn_set_snd_card_split: snd_card_name(sdm660-snd-card-i40) device(sdm660) snd_card(snd) form_factor(card)
03-28 23:04:53.497   646   750 D platform_info: platform_info_init: Failed to open audio_platform_info.xml, using defaults.
03-28 23:04:53.497   646   750 E audio_hw_acdb: acdb_init_v2: dlsym error undefined symbol: acdb_loader_init_v4 for acdb_loader_init_v4
03-28 23:04:53.497   646   750 D ACDB-LOADER: ACDB -> already initialized, exit
03-28 23:04:53.497   646   750 D audio_hw_acdb: acdb_init_v2: ACDB Instance ID support after ACDB init:0
03-28 23:04:53.498   646   750 D msm8974_platform: ACDB initialized
03-28 23:04:53.498   646   750 D msm8974_platform: hw_util_open Opening device /dev/snd/hwC0D1000
03-28 23:04:53.498   646   750 D msm8974_platform: hw_util_open success
03-28 23:04:53.498   646   750 D ACDB-LOADER: ACDB -> ACDB_CMD_GET_ANC_SETTING
03-28 23:04:53.498   646   750 D         : Failed to fetch the lookup information of the device 0000001A 
03-28 23:04:53.498   646   750 E ACDB-LOADER: Error: ACDB ANC returned = -19
03-28 23:04:53.498   646   750 D ACDB-LOADER: ACDB -> ACDB_CMD_GET_ANC_SETTING
03-28 23:04:53.498   646   750 D         : Failed to fetch the lookup information of the device 0000001A 
03-28 23:04:53.498   646   750 E ACDB-LOADER: Error: ACDB ANC returned = -19
03-28 23:04:53.498   646   750 D ACDB-LOADER: ACDB -> ACDB_CMD_GET_ANC_SETTING
03-28 23:04:53.498   646   750 D         : Failed to fetch the lookup information of the device 0000001A 
03-28 23:04:53.498   646   750 E ACDB-LOADER: Error: ACDB ANC returned = -19
03-28 23:04:53.498   646   750 D ACDB-LOADER: ACDB -> ACDB_CMD_GET_ANC_SETTING
03-28 23:04:53.498   646   750 D         : Failed to fetch the lookup information of the device 0000001B 
03-28 23:04:53.498   646   750 E ACDB-LOADER: Error: ACDB ANC returned = -19
03-28 23:04:53.498   646   750 D ACDB-LOADER: ACDB -> ACDB_CMD_GET_ANC_SETTING
03-28 23:04:53.498   646   750 D         : Failed to fetch the lookup information of the device 0000001B 
03-28 23:04:53.498   646   750 E ACDB-LOADER: Error: ACDB ANC returned = -19
03-28 23:04:53.498   646   750 D ACDB-LOADER: ACDB -> ACDB_CMD_GET_ANC_SETTING
03-28 23:04:53.498   646   750 D         : Failed to fetch the lookup information of the device 0000001B 
03-28 23:04:53.498   646   750 E ACDB-LOADER: Error: ACDB ANC returned = -19
03-28 23:04:53.498   646   750 D ACDB-LOADER: ACDB -> ACDB_CMD_GET_ANC_SETTING
03-28 23:04:53.498   646   750 D         : Failed to fetch the lookup information of the device 0000001C 
03-28 23:04:53.498   646   750 E ACDB-LOADER: Error: ACDB ANC returned = -19
03-28 23:04:53.498   646   750 D ACDB-LOADER: ACDB -> ACDB_CMD_GET_ANC_SETTING
03-28 23:04:53.498   646   750 D         : Failed to fetch the lookup information of the device 0000001C 
03-28 23:04:53.498   646   750 E ACDB-LOADER: Error: ACDB ANC returned = -19
03-28 23:04:53.498   646   750 D ACDB-LOADER: ACDB -> ACDB_CMD_GET_ANC_SETTING
03-28 23:04:53.498   646   750 D         : Failed to fetch the lookup information of the device 0000001C 
03-28 23:04:53.498   646   750 E ACDB-LOADER: Error: ACDB ANC returned = -19
03-28 23:04:53.498   646   750 D ACDB-LOADER: ACDB -> ACDB_CMD_GET_ANC_SETTING
03-28 23:04:53.498   646   750 D         : Failed to fetch the lookup information of the device 0000001D 
03-28 23:04:53.498   646   750 E ACDB-LOADER: Error: ACDB ANC returned = -19
03-28 23:04:53.498   646   750 D ACDB-LOADER: ACDB -> ACDB_CMD_GET_ANC_SETTING
03-28 23:04:53.498   646   750 D         : Failed to fetch the lookup information of the device 0000001D 
03-28 23:04:53.498   646   750 E ACDB-LOADER: Error: ACDB ANC returned = -19
03-28 23:04:53.498   646   750 D ACDB-LOADER: ACDB -> ACDB_CMD_GET_ANC_SETTING
03-28 23:04:53.498   646   750 D         : Failed to fetch the lookup information of the device 0000001D 
03-28 23:04:53.498   646   750 E ACDB-LOADER: Error: ACDB ANC returned = -19
03-28 23:04:53.498   646   750 D ACDB-LOADER: ACDB -> ACDB_CMD_GET_ANC_SETTING
03-28 23:04:53.498   646   750 D         : Failed to fetch the lookup information of the device 0000001E 
03-28 23:04:53.498   646   750 E ACDB-LOADER: Error: ACDB ANC returned = -19
03-28 23:04:53.498   646   750 D ACDB-LOADER: ACDB -> ACDB_CMD_GET_ANC_SETTING
03-28 23:04:53.498   646   750 D         : Failed to fetch the lookup information of the device 0000001E 
03-28 23:04:53.498   646   750 E ACDB-LOADER: Error: ACDB ANC returned = -19
03-28 23:04:53.498   646   750 D ACDB-LOADER: ACDB -> ACDB_CMD_GET_ANC_SETTING
03-28 23:04:53.498   646   750 D         : Failed to fetch the lookup information of the device 0000001E 
03-28 23:04:53.498   646   750 E ACDB-LOADER: Error: ACDB ANC returned = -19
03-28 23:04:53.498   646   750 D ACDB-LOADER: ACDB -> ACDB_CMD_GET_ANC_SETTING
03-28 23:04:53.498   646   750 D         : Failed to fetch the lookup information of the device 0000001F 
03-28 23:04:53.498   646   750 E ACDB-LOADER: Error: ACDB ANC returned = -19
03-28 23:04:53.498   646   750 D ACDB-LOADER: ACDB -> ACDB_CMD_GET_ANC_SETTING
03-28 23:04:53.498   646   750 D         : Failed to fetch the lookup information of the device 0000001F 
03-28 23:04:53.498   646   750 E ACDB-LOADER: Error: ACDB ANC returned = -19
03-28 23:04:53.498   646   750 D ACDB-LOADER: ACDB -> ACDB_CMD_GET_ANC_SETTING
03-28 23:04:53.498   646   750 D         : Failed to fetch the lookup information of the device 0000001F 
03-28 23:04:53.498   646   750 E ACDB-LOADER: Error: ACDB ANC returned = -19
03-28 23:04:53.498   646   750 D ACDB-LOADER: ACDB -> ACDB_CMD_GET_ANC_SETTING
03-28 23:04:53.498   646   750 D         : Failed to fetch the lookup information of the device 00000067 
03-28 23:04:53.498   646   750 E ACDB-LOADER: Error: ACDB ANC returned = -19
03-28 23:04:53.498   646   750 D ACDB-LOADER: ACDB -> ACDB_CMD_GET_ANC_SETTING
03-28 23:04:53.498   646   750 D         : Failed to fetch the lookup information of the device 00000067 
03-28 23:04:53.498   646   750 E ACDB-LOADER: Error: ACDB ANC returned = -19
03-28 23:04:53.498   646   750 D ACDB-LOADER: ACDB -> ACDB_CMD_GET_ANC_SETTING
03-28 23:04:53.498   646   750 D         : Failed to fetch the lookup information of the device 00000067 
03-28 23:04:53.498   646   750 E ACDB-LOADER: Error: ACDB ANC returned = -19
03-28 23:04:53.498   646   750 D ACDB-LOADER: ACDB -> ACDB_CMD_GET_ANC_SETTING
03-28 23:04:53.498   646   750 D         : Failed to fetch the lookup information of the device 00000056 
03-28 23:04:53.498   646   750 E ACDB-LOADER: Error: ACDB ANC returned = -19
03-28 23:04:53.498   646   750 D ACDB-LOADER: ACDB -> ACDB_CMD_GET_ANC_SETTING
03-28 23:04:53.498   646   750 D         : Failed to fetch the lookup information of the device 00000056 
03-28 23:04:53.498   646   750 E ACDB-LOADER: Error: ACDB ANC returned = -19
03-28 23:04:53.498   646   750 D ACDB-LOADER: ACDB -> ACDB_CMD_GET_ANC_SETTING
03-28 23:04:53.498   646   750 D         : Failed to fetch the lookup information of the device 00000056 
03-28 23:04:53.498   646   750 E ACDB-LOADER: Error: ACDB ANC returned = -19
03-28 23:04:53.498   646   750 D ACDB-LOADER: ACDB -> ACDB_CMD_GET_ANC_SETTING
03-28 23:04:53.498   646   750 D         : Failed to fetch the lookup information of the device 00000059 
03-28 23:04:53.498   646   750 E ACDB-LOADER: Error: ACDB ANC returned = -19
03-28 23:04:53.498   646   750 D ACDB-LOADER: ACDB -> ACDB_CMD_GET_ANC_SETTING
03-28 23:04:53.498   646   750 D         : Failed to fetch the lookup information of the device 00000059 
03-28 23:04:53.498   646   750 E ACDB-LOADER: Error: ACDB ANC returned = -19
03-28 23:04:53.498   646   750 D ACDB-LOADER: ACDB -> ACDB_CMD_GET_ANC_SETTING
03-28 23:04:53.498   646   750 D         : Failed to fetch the lookup information of the device 00000059 
03-28 23:04:53.498   646   750 E ACDB-LOADER: Error: ACDB ANC returned = -19
03-28 23:04:53.498   646   750 E msm8974_platform: send_codec_cal: anc_cal Failed to call ioctl, err=14
03-28 23:04:53.498     0     0 E wcdcal_hwdep_ioctl_shared: codec didn't set this 0!!
03-28 23:04:53.498   646   750 D ACDB-LOADER: send mbhc data
03-28 23:04:53.498   646   750 D ACDB-LOADER: ACDB -> MBHC ACDB_PID_GENERAL_CONFIG
03-28 23:04:53.498   646   750 D ACDB-LOADER: ACDB -> MBHC ACDB_PID_PLUG_REMOVAL_DETECTION
03-28 23:04:53.498   646   750 D ACDB-LOADER: ACDB -> MBHC ACDB_PID_PLUG_TYPE_DETECTION
03-28 23:04:53.498   646   750 D ACDB-LOADER: ACDB -> MBHC ACDB_PID_BUTTON_PRESS_DETECTION
03-28 23:04:53.498   646   750 D ACDB-LOADER: ACDB -> MBHC ACDB_PID_IMPEDANCE_DETECTION
03-28 23:04:53.498   646   750 D msm8974_platform: send_codec_cal: mbhc_cal cal sent successfully
03-28 23:04:53.498   646   750 D ACDB-LOADER: send vbat data
03-28 23:04:53.498   646   750 D ACDB-LOADER: ACDB -> VBAT ACDB_PID_ADC_CAL
03-28 23:04:53.498   646   750 D ACDB-LOADER: ACDB -> VBAT ACDB_PID_GAIN_PROC
03-28 23:04:53.498   646   750 D ACDB-LOADER: send vbat data, calling convert_vbat_data
03-28 23:04:53.498   646   750 D ACDB-LOADER: copied vbat cal size =72
03-28 23:04:53.498   646   750 E msm8974_platform: send_codec_cal: vbat_cal Failed to call ioctl, err=14
03-28 23:04:53.498     0     0 E wcdcal_hwdep_ioctl_shared: codec didn't set this 3!!
03-28 23:04:53.498   646   750 D audio_log_utils: read_module
03-28 23:04:53.498   646   750 D audio_log_utils: read_module: calling parse module xml file
03-28 23:04:53.498   646   750 D audio_log_utils: parse_module_xml_file: parse hal log mask
03-28 23:04:53.498   646   750 D log_xml_parser: parse_log_xml: Failed to open file /data/vendor/audio/audio_dynamic_log.xml
03-28 23:04:53.498   646   750 E audio_log_utils: parse_module_xml_file: could not parse hal logmask
03-28 23:04:53.498   646   750 D audio_log_utils: parse_module_xml_file: exit
03-28 23:04:53.499   646  1338 D audio_log_utils: monitor_mod_file_change
03-28 23:04:53.500   646   750 W msm8974_platform: init_be_dai_name_table: sound device  has no hw interface set
03-28 23:04:53.500   646   750 W msm8974_platform: init_be_dai_name_table: sound device headphones-hifi-filter has no hw interface set
