08-24 21:16:02.535  9509  9979 V MediaPlayerNative: constructor
08-24 21:16:02.535   708  1476 V AudioFlinger: acquiring 257 from 9509, for -1
08-24 21:16:02.535   708  1476 V AudioFlinger:  added new entry for 257
08-24 21:16:02.535  9509  9979 V MediaPlayerNative: setListener
08-24 21:16:02.536  9509  9979 I pool-6-thread-1:M2CALL: a: playRingingOut called, current ringer mode: 2 mode: 3
08-24 21:16:02.536  9509  9540 I sounds:M2CALL: a: handling request, will play through media
08-24 21:16:02.537  9509  9979 I pool-6-thread-1:M2CALL: f: call observer onNext: CALL_RINGING_OUT
08-24 21:16:02.538  9509  9540 I sounds:M2CALL: a: handleMessage over, current ringer mode: 2 mode: 3
08-24 21:16:02.538  9509  9979 I pool-6-thread-1:M2CALL: k: call state changed last known audio route: EARPIECE call state: CALL_RINGING_OUT
08-24 21:16:02.538  9509  9540 I sounds:M2CALL: a: playThroughMediaPlayer, setting stream type on media player.
08-24 21:16:02.538  9509  9979 I pool-6-thread-1:M2CALL: k: will acquire wake lock
08-24 21:16:02.539  9509  9540 V MediaPlayerNative: reset
08-24 21:16:02.539  9509  9540 V MediaPlayer: resetDrmState:  mDrmInfo=null mDrmProvisioningThread=null mPrepareDrmInProgress=false mActiveDrmScheme=false
08-24 21:16:02.539  9509  9540 V MediaPlayer: cleanDrmObj: mDrmObj=null mDrmSessionId=null
08-24 21:16:02.539  9509  9979 I pool-6-thread-1:M2CALL: k: listenToCallChanges onNext: CALL_RINGING_OUT
08-24 21:16:02.539  9509  9979 I pool-6-thread-1:M2CALL: t: createNewCall subscriber: call state finished as it is terminated onNext: CALL_RINGING_OUT
08-24 21:16:02.540  9509  9979 I pool-6-thread-1:M2CALL: t: CallMember event onNext: com.skype.calling.i@a701d42
08-24 21:16:02.543  9509  9540 V MediaPlayerNative: setDataSource(142, 39713312, 11054)
08-24 21:16:02.543   932  2992 V MediaPlayerService: Client(14) constructor
08-24 21:16:02.543   932  2992 V MediaPlayerService: Create new client(14) from pid 9509, uid 10116, 
08-24 21:16:02.544   932  2992 V MediaPlayerService: setDataSource fd=11, offset=39713312, length=11054
08-24 21:16:02.544   932  2992 V MediaPlayerService: st_dev  = 66347
08-24 21:16:02.544   932  2992 V MediaPlayerService: st_mode = 33188
08-24 21:16:02.544   932  2992 V MediaPlayerService: st_uid  = 1000
08-24 21:16:02.544   932  2992 V MediaPlayerService: st_gid  = 1000
08-24 21:16:02.544   932  2992 V MediaPlayerService: st_size = 46118502
08-24 21:16:02.544   932  2992 V MediaPlayerService: player type = 4
08-24 21:16:02.544   932  2992 V MediaPlayerFactory:  create NuPlayer
08-24 21:16:02.544   932  2992 D NuPlayerDriver: NuPlayerDriver(0xf455d2c0) created, clientPid(9509)
08-24 21:16:02.546   932  2992 I Codec2Client: Creating a Codec2 client to service "software"
08-24 21:16:02.547   708  1349 V AudioFlinger: onIdleMixer
08-24 21:16:02.548   932  2992 I Codec2Client: Client to Codec2 service "software" created
08-24 21:16:02.548   932  2992 V AudioSink: AudioOutput(257)
08-24 21:16:02.548   932  2992 V NuPlayerDriver: setDataSource(0xf455d2c0) file(11)
08-24 21:16:02.548   932  2992 V NuPlayer: setDataSourceAsync fd 11/39713312/11054 source: 0xefe6d400
08-24 21:16:02.548   932 10184 V NuPlayer: kWhatSetAudioSink
08-24 21:16:02.548   932 10184 V NuPlayer: kWhatSetDataSource
08-24 21:16:02.548   932  2992 I ExtendedNuUtils: printFileName fd(11) -> /data/app/com.skype.rover-1CYaKxPLKjtBfsRb-tjQ8g==/base.apk
08-24 21:16:02.549   932  2992 V MediaPlayerService:  setDataSource
08-24 21:16:02.550  9509  9540 W MediaPlayer: Use of stream types is deprecated for operations other than volume control
08-24 21:16:02.550  9509  9540 W MediaPlayer: See the documentation of setAudioStreamType() for what to use instead with android.media.AudioAttributes to qualify your playback use case
08-24 21:16:02.550  9509  9540 V MediaPlayerNative: MediaPlayer::setAudioStreamType
08-24 21:16:02.550  9509  9540 V MediaPlayerNative: MediaPlayer::setLooping
08-24 21:16:02.550   932  2992 V MediaPlayerService: [14] setLooping(1)
08-24 21:16:02.550  9509  9540 V MediaPlayerNative: setVideoSurfaceTexture
08-24 21:16:02.550   932  2992 V MediaPlayerService: [14] setVideoSurfaceTexture(0x0)
08-24 21:16:02.550  9509  9540 V MediaPlayerNative: prepare
08-24 21:16:02.550   932  2992 V MediaPlayerService: [14] setAudioStreamType(0)
08-24 21:16:02.551   932  2992 V MediaPlayerService: [14] prepareAsync
08-24 21:16:02.551   932  2992 V NuPlayerDriver: prepareAsync(0xf455d2c0)
08-24 21:16:02.551   932  2992 V NuPlayer: prepareAsync
08-24 21:16:02.551   932 10184 V NuPlayer: onMessageReceived kWhatPrepare
08-24 21:16:02.552   932 10185 D GenericSource: FileSource remote
08-24 21:16:02.552  1497  2129 D Avrcp_ext: AudioManager Player: ID:23 -- type:android.media.SoundPool -- u/pid:10104/1519 -- state:idle -- attr:AudioAttributes: usage=USAGE_ASSISTANCE_SONIFICATION content=CONTENT_TYPE_SONIFICATION flags=0x800 tags= bundle=null
08-24 21:16:02.553  1497  2129 D Avrcp_ext: AudioManager Player: ID:135 -- type:android.media.MediaPlayer -- u/pid:10115/9819 -- state:idle -- attr:AudioAttributes: usage=USAGE_UNKNOWN content=CONTENT_TYPE_UNKNOWN flags=0x800 tags= bundle=null
08-24 21:16:02.553  1497  2129 D Avrcp_ext: AudioManager Player: ID:167 -- type:OpenSL ES AudioPlayer (Buffer Queue) -- u/pid:10116/9509 -- state:started -- attr:AudioAttributes: usage=USAGE_VOICE_COMMUNICATION content=CONTENT_TYPE_UNKNOWN flags=0x0 tags= bundle=null
08-24 21:16:02.553  1497  2129 D Avrcp_ext: AudioManager isPlaying: true
08-24 21:16:02.554   932 10185 V MediaExtractorFactory: MediaExtractorFactory::Create (null)
08-24 21:16:02.554   932 10185 V MediaExtractorFactory: get service manager
08-24 21:16:02.554   924   924 V MediaExtractorFactory: MediaExtractorFactory::CreateFromService (null)
08-24 21:16:02.554   924   924 V MediaExtractorFactory: sniffing AAC Extractor
08-24 21:16:02.555   924   924 V MediaExtractorFactory: sniffing AMR Extractor
08-24 21:16:02.555   924   924 V MediaExtractorFactory: sniffing FLAC Extractor
08-24 21:16:02.555   924   924 V MediaExtractorFactory: sniffing MIDI Extractor
08-24 21:16:02.555   924   924 V MediaExtractorFactory: sniffing MP3 Extractor
08-24 21:16:02.555  9509  9509 I main:M2CALL: CallMonitor: a:Call Monitor Service onNext: CALL_RINGING_OUT
08-24 21:16:02.555   924   924 V MediaExtractorFactory: sniffing MP4 Extractor
08-24 21:16:02.555   924   924 V MediaExtractorFactory: sniffing MPEG2-PS/TS Extractor
08-24 21:16:02.555   924   924 V MediaExtractorFactory: sniffing Matroska Extractor
08-24 21:16:02.555   924   924 V MediaExtractorFactory: sniffing Ogg Extractor
08-24 21:16:02.555   924   924 V MediaExtractorFactory: sniffing QCOM Extractor
08-24 21:16:02.555   924   924 V MediaExtractorFactory: sniffing WAV Extractor
08-24 21:16:02.555   924   924 I MMParserExtractor: Created(0x252bd8f3f0)
08-24 21:16:02.555   924   924 V MediaExtractor: extractor created in uid: 1040 (mediaex)
08-24 21:16:02.556   924   924 V MediaExtractorFactory: Created an extractor 'MMParserExtractor' with confidence 0.80
08-24 21:16:02.556  9509  9509 I main:M2CALL: n:0dc20143-e55e-483e-b584-b9e2d531643a: callState changed:CALL_RINGING_OUT
08-24 21:16:02.556  9509  9509 I main:M2CALL: n: setting legid: 20953824-41d1-49a7-adc9-210705a16f16 for call id: 0dc20143-e55e-483e-b584-b9e2d531643a
08-24 21:16:02.556  9509  9509 I main:M2CALL: p:setCallState:CALL_RINGING_OUT
08-24 21:16:02.556  9509  9509 I main:M2CALL: ei:setCallState: CALL_RINGING_OUT
08-24 21:16:02.559   924  9411 D MediaBufferGroup: creating MemoryDealer
08-24 21:16:02.559   932 10184 V NuPlayer: onSourceNotify() kWhatFlagsChanged  FLAG_CAN_PAUSE: 1  FLAG_CAN_SEEK_BACKWARD: 1 
08-24 21:16:02.559   932 10184 V NuPlayer: 				 FLAG_CAN_SEEK_FORWARD: 1  FLAG_CAN_SEEK: 1  FLAG_DYNAMIC_DURATION: 0 
08-24 21:16:02.559   932 10184 V NuPlayer: 				 FLAG_SECURE: 0  FLAG_PROTECTED: 0
08-24 21:16:02.560   932 10185 V NuPlayer: Source::notifyPrepared 0
08-24 21:16:02.560   932 10184 V NuPlayer: NuPlayer::onSourceNotify Source::kWhatPrepared source: 0xefe6d400
08-24 21:16:02.560   932 10184 V NuPlayerDriver: notifyPrepareCompleted 0
08-24 21:16:02.560   932 10184 V NuPlayerDriver: notifyListener_l(0xf455d2c0), (1, 0, 0, -1), loop setting(0, 1)
08-24 21:16:02.560   932 10184 V MediaPlayerService: [14] notify (1, 0, 0)
08-24 21:16:02.560  9509  9527 V MediaPlayerNative: message received msg=1, ext1=0, ext2=0
08-24 21:16:02.560  9509  9527 V MediaPlayerNative: MediaPlayer::notify() prepared
08-24 21:16:02.560  9509  9527 V MediaPlayerNative: signal application thread
08-24 21:16:02.560  9509  9527 V MediaPlayerNative: callback application
08-24 21:16:02.561  9509  9527 V MediaPlayerNative: back from callback
08-24 21:16:02.561  9509  9540 V MediaPlayerNative: prepare complete - status=0
08-24 21:16:02.561   708 10157 V AudioFlinger: removeTracks_l(69): removing track on session 233
08-24 21:16:02.561   708 10157 V AudioFlinger: removeTracks_l(69): stopping track on chain 0x71af80a2c0 for session Id: 233
08-24 21:16:02.561  9509  9540 V MediaPlayerNative: getCurrentPosition
08-24 21:16:02.561   932  2992 V MediaPlayerService: getCurrentPosition
08-24 21:16:02.561   932  2992 V MediaPlayerService: [14] getCurrentPosition = 0
08-24 21:16:02.561   932  2992 V MediaPlayerService: [14] isPlaying: 0
08-24 21:16:02.561  9509  9540 V MediaPlayerNative: isPlaying: 0
08-24 21:16:02.562   708 10157 D AudioFlinger: updateWakeLockUids_l AudioOut_25 uids:
08-24 21:16:02.562   708 10157 V AudioFlinger: updateWakeLockUids_l() AudioOut_25 status 0
08-24 21:16:02.562   708 10157 V AudioFlinger: onIdleMixer
08-24 21:16:02.563  9509  9540 V MediaPlayerNative: invoke 72
08-24 21:16:02.563   708   867 V AudioFlinger: updateSuspendedSessions_l() restore removing effect 00000000
08-24 21:16:02.563   708   867 V AudioFlinger: updateSuspendedSessions_l() restore removing session 0
08-24 21:16:02.563   708   867 V AudioFlinger: releasing 233 from 708 for 708
08-24 21:16:02.563   708   867 V AudioFlinger:  decremented refcount to 0
08-24 21:16:02.563   708   867 V AudioFlinger: purging stale effects
08-24 21:16:02.563   708   867 V AudioFlinger:  session 249 still exists for 9509 with 1 refs
08-24 21:16:02.563   708   867 V AudioFlinger: removeEffect_l 0x711aad9000 effect 0x71af7f1d00
08-24 21:16:02.563   708   867 V AudioFlinger: removeEffectChain_l() 0x71af80a2c0 from thread 0x711aad9000 for session 233
08-24 21:16:02.564  9509 10177 V AudioTrack: processAudioBuffer(35): obtainBuffer(112) returned 1920 = 112 + 1808 err 0
08-24 21:16:02.564  9509 10177 V AudioTrack: processAudioBuffer(35): obtainBuffer(962) returned 1808 = 962 + 846 err 0
08-24 21:16:02.564  9509 10177 V AudioTrack: processAudioBuffer(35): obtainBuffer(598) returned 1444 = 598 + 846 err 0
08-24 21:16:02.564  9509 10177 V AudioTrack: start(35): prior state:STATE_ACTIVE
08-24 21:16:02.564  9509 10177 V AudioTrack: processAudioBuffer(35): obtainBuffer(118) returned 964 = 118 + 846 err 0
08-24 21:16:02.564  9509 10177 V AudioTrack: start(35): prior state:STATE_ACTIVE
08-24 21:16:02.564  9509 10177 V AudioTrack: processAudioBuffer(35): obtainBuffer(962) returned 846 = 586 + 260 err 0
08-24 21:16:02.564   708   867 V AudioPolicyManagerCustom: checkAndSetVolume() cannot set stream 3 volume with force use = 0 for comm
08-24 21:16:02.564   708 10157 V AudioFlinger: onIdleMixer
08-24 21:16:02.564   708   866 V AudioFlinger: sendConfigEvent_l() num events 1 event 4
08-24 21:16:02.565   662 10156 D msm8974_platform: platform_split_snd_device: snd_device(2) num devices(1) new_snd_devices(0)
08-24 21:16:02.565   662 10156 W msm8974_platform: platform_send_gain_dep_cal: Usecase list is empty
08-24 21:16:02.565   662 10156 D msm8974_platform: platform_split_snd_device: snd_device(2) num devices(1) new_snd_devices(0)
08-24 21:16:02.567  9509 10177 V AudioTrack: processAudioBuffer(35): obtainBuffer(962) returned 846 = 586 + 260 err 0
08-24 21:16:02.567  9509 10177 V AudioTrack: processAudioBuffer(35): obtainBuffer(600) returned 484 = 224 + 260 err 0
08-24 21:16:02.567  9509 10177 V AudioTrack: start(35): prior state:STATE_ACTIVE
08-24 21:16:02.567  9509 10177 V AudioTrack: processAudioBuffer(35): obtainBuffer(376) returned 260 = 260 + 0 err 0
08-24 21:16:02.567  9509 10177 V AudioTrack: processAudioBuffer(35): obtainBuffer(120) returned 4 = 4 + 0 err 0
08-24 21:16:02.567  9509 10177 V AudioTrack: start(35): prior state:STATE_ACTIVE
08-24 21:16:02.567  9509 10177 V AudioTrack: processAudioBuffer(35): obtainBuffer(116) returned 0 = 0 + 0 err -11
08-24 21:16:02.567   708  1349 V AudioFlinger: onIdleMixer
08-24 21:16:02.567  9509  9540 I sounds:M2CALL: a: will play the sound!
08-24 21:16:02.567  9509  9540 V MediaPlayerNative: start
08-24 21:16:02.568   932  2992 V MediaPlayerService: [14] setLooping(1)
08-24 21:16:02.568   932  2992 V MediaPlayerService: [14] setVolume(1.000000, 1.000000)
08-24 21:16:02.568   932  2992 V AudioSink: setVolume(1.000000, 1.000000)
08-24 21:16:02.568   932  2992 V MediaPlayerService: [14] setAuxEffectSendLevel(0.000000)
08-24 21:16:02.568   932  2992 V AudioSink: setAuxEffectSendLevel(0.000000)
08-24 21:16:02.568   932  2992 V MediaPlayerService: [14] start
08-24 21:16:02.568   932  2992 V NuPlayerDriver: start(0xf455d2c0), state is 4, eos is 0
08-24 21:16:02.568   932 10184 V NuPlayer: kWhatStart
08-24 21:16:02.568   932 10184 V NuPlayer: onStart: mCrypto: 0x0 (0)
08-24 21:16:02.568   932 10184 I GenericSource: start
08-24 21:16:02.569  1497  2129 D Avrcp_ext: AudioManager Player: ID:23 -- type:android.media.SoundPool -- u/pid:10104/1519 -- state:idle -- attr:AudioAttributes: usage=USAGE_ASSISTANCE_SONIFICATION content=CONTENT_TYPE_SONIFICATION flags=0x800 tags= bundle=null
08-24 21:16:02.569  1497  2129 D Avrcp_ext: AudioManager Player: ID:135 -- type:android.media.MediaPlayer -- u/pid:10115/9819 -- state:idle -- attr:AudioAttributes: usage=USAGE_UNKNOWN content=CONTENT_TYPE_UNKNOWN flags=0x800 tags= bundle=null
08-24 21:16:02.569  1497  2129 D Avrcp_ext: AudioManager Player: ID:167 -- type:OpenSL ES AudioPlayer (Buffer Queue) -- u/pid:10116/9509 -- state:started -- attr:AudioAttributes: usage=USAGE_VOICE_COMMUNICATION content=CONTENT_TYPE_UNKNOWN flags=0x0 tags= bundle=null
08-24 21:16:02.569  1497  2129 D Avrcp_ext: AudioManager isPlaying: true
08-24 21:16:02.571   932 10184 W Utils   : track of type 'audio/mp4a-latm' does not publish channel mask, channel count 1
08-24 21:16:02.578  9509  9509 V MediaPlayerNative: invoke 72
08-24 21:16:02.580   708 10157 V AudioFlinger: processConfigEvents_l() remaining events 1
08-24 21:16:02.581   662 10156 D audio_hw_primary: out_set_parameters: enter: usecase(30: audio-playback-voip) kvpairs: routing=0
08-24 21:16:02.581   708 10157 V AudioFlinger: processConfigEvents_l() DONE thread 0x711aad9000
08-24 21:16:02.581   708 10157 V AudioFlinger: onIdleMixer
08-24 21:16:02.582   708   866 V AudioFlinger: setParameters(): io 37, keyvalue closing=true, calling pid 708 calling uid 1041
08-24 21:16:02.582   708   866 V AudioFlinger: setParameters: filtered keyvalue closing=true
08-24 21:16:02.582   708   866 V AudioFlinger: ThreadBase::setParameters() closing=true
08-24 21:16:02.582   708   866 V AudioFlinger: sendConfigEvent_l() num events 1 event 2
08-24 21:16:02.582   708 10157 V AudioFlinger: processConfigEvents_l() remaining events 1
08-24 21:16:02.582   662 10156 D audio_hw_primary: out_set_parameters: enter: usecase(30: audio-playback-voip) kvpairs: closing=true
08-24 21:16:02.583   708 10157 V AudioFlinger: processConfigEvents_l() DONE thread 0x711aad9000
08-24 21:16:02.583   708 10157 V AudioFlinger: onIdleMixer
08-24 21:16:02.583   708   867 V AudioFlinger: closeOutput() 37
08-24 21:16:02.585   708   867 V AudioFlinger: ThreadBase::exit
08-24 21:16:02.585   708   867 V AudioFlinger:   preExit()
08-24 21:16:02.586   662 10156 D audio_hw_primary: out_set_parameters: enter: usecase(30: audio-playback-voip) kvpairs: exiting=1
08-24 21:16:02.587   708  1349 V AudioFlinger: onIdleMixer
08-24 21:16:02.600   708 10157 V AudioFlinger: Audio hardware entering standby, mixer 0x711aad9000, suspend count 0
08-24 21:16:02.600   662 10156 D audio_hw_primary: out_standby_byfeature: enter: stream (0xf536c000) usecase(30: audio-playback-voip)
08-24 21:16:02.600   662 10156 D audio_hw_primary: out_standby: enter: stream (0xf536c000) usecase(30: audio-playback-voip)
08-24 21:16:02.604  9509 10177 V AudioTrack: processAudioBuffer(35): obtainBuffer(116) returned 1920 = 116 + 1804 err 0
08-24 21:16:02.604  9509 10177 V AudioTrack: processAudioBuffer(35): obtainBuffer(962) returned 1804 = 962 + 842 err 0
08-24 21:16:02.604  9509 10177 V AudioTrack: processAudioBuffer(35): obtainBuffer(602) returned 1444 = 602 + 842 err 0
08-24 21:16:02.604  9509 10177 V AudioTrack: start(35): prior state:STATE_ACTIVE
08-24 21:16:02.604  9509 10177 V AudioTrack: processAudioBuffer(35): obtainBuffer(122) returned 964 = 122 + 842 err 0
08-24 21:16:02.604  9509 10177 V AudioTrack: start(35): prior state:STATE_ACTIVE
08-24 21:16:02.604  9509 10177 V AudioTrack: processAudioBuffer(35): obtainBuffer(962) returned 842 = 710 + 132 err 0
08-24 21:16:02.607  9509 10177 V AudioTrack: processAudioBuffer(35): obtainBuffer(962) returned 842 = 710 + 132 err 0
08-24 21:16:02.607  9509 10177 V AudioTrack: processAudioBuffer(35): obtainBuffer(604) returned 484 = 352 + 132 err 0
08-24 21:16:02.607  9509 10177 V AudioTrack: start(35): prior state:STATE_ACTIVE
08-24 21:16:02.607  9509 10177 V AudioTrack: processAudioBuffer(35): obtainBuffer(252) returned 132 = 132 + 0 err 0
08-24 21:16:02.607  9509 10177 V AudioTrack: processAudioBuffer(35): obtainBuffer(124) returned 4 = 4 + 0 err 0
08-24 21:16:02.607  9509 10177 V AudioTrack: start(35): prior state:STATE_ACTIVE
08-24 21:16:02.607  9509 10177 V AudioTrack: processAudioBuffer(35): obtainBuffer(120) returned 0 = 0 + 0 err -11
08-24 21:16:02.607   708  1349 V AudioFlinger: onIdleMixer
08-24 21:16:02.628   708  1349 V AudioFlinger: onIdleMixer
08-24 21:16:02.644  9509 10177 V AudioTrack: processAudioBuffer(35): obtainBuffer(120) returned 1920 = 120 + 1800 err 0
08-24 21:16:02.644  9509 10177 V AudioTrack: processAudioBuffer(35): obtainBuffer(962) returned 1800 = 962 + 838 err 0
08-24 21:16:02.644  9509 10177 V AudioTrack: processAudioBuffer(35): obtainBuffer(606) returned 1444 = 606 + 838 err 0
08-24 21:16:02.644  9509 10177 V AudioTrack: start(35): prior state:STATE_ACTIVE
08-24 21:16:02.644  9509 10177 V AudioTrack: processAudioBuffer(35): obtainBuffer(126) returned 964 = 126 + 838 err 0
08-24 21:16:02.644  9509 10177 V AudioTrack: start(35): prior state:STATE_ACTIVE
08-24 21:16:02.644  9509 10177 V AudioTrack: processAudioBuffer(35): obtainBuffer(962) returned 838 = 834 + 4 err 0
08-24 21:16:02.647  9509 10177 V AudioTrack: processAudioBuffer(35): obtainBuffer(962) returned 838 = 834 + 4 err 0
08-24 21:16:02.647  9509 10177 V AudioTrack: processAudioBuffer(35): obtainBuffer(608) returned 484 = 480 + 4 err 0
08-24 21:16:02.647  9509 10177 V AudioTrack: start(35): prior state:STATE_ACTIVE
08-24 21:16:02.647  9509 10177 V AudioTrack: processAudioBuffer(35): obtainBuffer(128) returned 4 = 4 + 0 err 0
08-24 21:16:02.647  9509 10177 V AudioTrack: start(35): prior state:STATE_ACTIVE
08-24 21:16:02.647  9509 10177 V AudioTrack: processAudioBuffer(35): obtainBuffer(124) returned 0 = 0 + 0 err -11
08-24 21:16:02.648   708  1349 V AudioFlinger: onIdleMixer
08-24 21:16:02.664   662 10156 D audio_hw_primary: disable_audio_route: reset and update mixer path: audio-playback-voip
08-24 21:16:02.666   662 10156 E soundtrigger: audio_extn_sound_trigger_update_stream_status: invalid input device 0x0, for event 2
08-24 21:16:02.666   662 10156 D soundtrigger: audio_extn_sound_trigger_update_stream_status: uc_info->id 30 of type 0 for Event 2, with Raise=0
08-24 21:16:02.666   662 10156 D msm8974_platform: platform_split_snd_device: snd_device(2) num devices(0) new_snd_devices(0)
08-24 21:16:02.666   662 10156 I msm8974_platform: platform_get_custom_mtmx_params: no matching param with id 0 ip_ch 1 op_ch 2 uc_id 30 snd_dev 2
08-24 21:16:02.666   662 10156 D hardware_info: hw_info_append_hw_type : device_name = speaker
08-24 21:16:02.666   662 10156 D msm8974_platform: platform_split_snd_device: snd_device(2) num devices(0) new_snd_devices(0)
08-24 21:16:02.666   662 10156 D audio_hw_primary: stop_output_stream: select_devices at usecase(1: low-latency-playback) after removing the usecase(30: audio-playback-voip)
08-24 21:16:02.666   662 10156 D audio_hw_primary: select_devices for use case (low-latency-playback)
08-24 21:16:02.666   662 10156 D audio_hw_primary: out_standby: exit
08-24 21:16:02.666   708 10157 V AudioFlinger: releaseWakeLock_l() AudioOut_25
08-24 21:16:02.667   708 10157 V AudioFlinger: Thread 0x711aad9000 type 1 exiting
08-24 21:16:02.667   662   765 D audio_hw_primary: adev_close_output_stream: enter:stream_handle(audio-playback-voip)
08-24 21:16:02.667   662   765 D audio_hw_primary: out_standby: enter: stream (0xf536c000) usecase(30: audio-playback-voip)
08-24 21:16:02.667   662   765 D audio_hw_primary: out_standby: exit
08-24 21:16:02.668   708  1349 V AudioFlinger: onIdleMixer
08-24 21:16:02.669   708  1476 V AudioPolicyManagerCustom: isOffloadSupported: SR=16000, CM=0x1, Format=0x4000002, StreamType=0, BitRate=21439, duration=3758250 us, has_video=0
08-24 21:16:02.669   708  1476 V AudioPolicyManagerCustom: isOffloadSupported: stream_type != MUSIC, returning false
08-24 21:16:02.670   932 10184 V NuPlayer: startPlaybackTimer() time       55982367707966 (onstart)
08-24 21:16:02.670   932 10184 V NuPlayer: scanning sources haveAudio=0, haveVideo=0
08-24 21:16:02.671   932 10184 W Utils   : track of type 'audio/mp4a-latm' does not publish channel mask, channel count 1
08-24 21:16:02.672   708  9490 V AudioPolicyManagerCustom: isOffloadSupported: SR=16000, CM=0x1, Format=0x4000002, StreamType=0, BitRate=21439, duration=3758250 us, has_video=0
08-24 21:16:02.672   708  9490 V AudioPolicyManagerCustom: isOffloadSupported: stream_type != MUSIC, returning false



08-24 21:16:02.673   932 10184 V NuPlayer: instantiateDecoder audio Decoder
08-24 21:16:02.673   932 10189 V NuPlayerDecoder: [decoder] onMessage: AMessage(what = 'conf', target = 64) = {
08-24 21:16:02.673   932 10189 V NuPlayerDecoder:   AMessage format = AMessage(what = 0x00000000) = {
08-24 21:16:02.673   932 10189 V NuPlayerDecoder:                       string mime = "audio/mp4a-latm"
08-24 21:16:02.673   932 10189 V NuPlayerDecoder:                       int64_t durationUs = 3758250
08-24 21:16:02.673   932 10189 V NuPlayerDecoder:                       int32_t max-bitrate = 98000
08-24 21:16:02.673   932 10189 V NuPlayerDecoder:                       int32_t bitrate = 21439
08-24 21:16:02.673   932 10189 V NuPlayerDecoder:                       string language = ""
08-24 21:16:02.673   932 10189 V NuPlayerDecoder:                       int32_t channel-count = 1
08-24 21:16:02.673   932 10189 V NuPlayerDecoder:                       int32_t sample-rate = 16000
08-24 21:16:02.673   932 10189 V NuPlayerDecoder:                       int32_t aac-profile = 2
08-24 21:16:02.673   932 10189 V NuPlayerDecoder:                       int32_t max-input-size = 65538
08-24 21:16:02.673   932 10189 V NuPlayerDecoder:                       Buffer csd-0 = {
08-24 21:16:02.673   932 10189 V NuPlayerDecoder:                         00000000:  14 08                                             ..
08-24 21:16:02.673   932 10189 V NuPlayerDecoder:                       }
08-24 21:16:02.673   932 10189 V NuPlayerDecoder:                       int32_t profile = 2
08-24 21:16:02.673   932 10189 V NuPlayerDecoder:                       string file-format = "audio/mp4"
08-24 21:16:02.673   932 10189 V NuPlayerDecoder:                       int32_t aac-format-adif = 0
08-24 21:16:02.673   932 10189 V NuPlayerDecoder:                       int32_t priority = 0
08-24 21:16:02.673   932 10189 V NuPlayerDecoder:                       int32_t pcm-encoding = 2
08-24 21:16:02.673   932 10189 V NuPlayerDecoder:                     }
08-24 21:16:02.673   932 10189 V NuPlayerDecoder: }
08-24 21:16:02.675   662 10156 D audio_hw_primary: adev_get_parameters:is_hw_dec_session_available
08-24 21:16:02.675   662 10156 D soundtrigger: audio_extn_sound_trigger_get_parameters input string<is_hw_dec_session_available=>
08-24 21:16:02.675   662 10156 D soundtrigger: extract_sm_handle input string <is_hw_dec_session_available=> param string <is_hw_dec_session_available=>
08-24 21:16:02.675   662 10156 D audio_hw_extn: audio_extn_fm_get_parameters: Enter
08-24 21:16:02.675   662 10156 D audio_hw_extn: audio_extn_get_parameters: returns 
08-24 21:16:02.675   662 10156 V msm8974_platform: platform_get_parameters: exit: returns - 
08-24 21:16:02.675   662 10156 D audio_hw_primary: adev_get_parameters: exit: returns - 
08-24 21:16:02.675   708   708 I hash_map_utils: key: 'is_hw_dec_session_available' value: 'audio/mp4a-latm'
08-24 21:16:02.675   932 10189 V NuPlayerDecoder: [audio/mp4a-latm decoder] onConfigure (surface=0x0)
08-24 21:16:02.676   932 10189 D MediaCodec: youkai in MediaCodec::CreateByType
08-24 21:16:02.676   932 10189 V MediaCodecList: youkai in MediaCodecList::findMatchingCodecs
08-24 21:16:02.676   932 10189 V MediaCodecList: componentName 'OMX.google.aac.decoder'
08-24 21:16:02.676   932 10189 V MediaCodecList: matching 'OMX.google.aac.decoder'
08-24 21:16:02.676   932 10189 V MediaCodecList: componentName 'c2.android.aac.decoder'
08-24 21:16:02.676   932 10189 V MediaCodecList: matching 'c2.android.aac.decoder'
08-24 21:16:02.676   932 10189 D MediaCodec: youkai in MediaCodec::MediaCodec
08-24 21:16:02.676   932 10189 D MediaCodec: youkai in MediaCodec::init
08-24 21:16:02.677   932 10189 D MediaCodec: youkai in MediaCodec::GetCodecBase
08-24 21:16:02.677   932 10189 D ACodec  : youkai in Acodec::Acodec
08-24 21:16:02.677   932 10189 V ACodec  : Now uninitialized
08-24 21:16:02.677   932 10190 V ACodec  : onAllocateComponent
08-24 21:16:02.679   932 10190 I OMXClient: IOmx service obtained
08-24 21:16:02.680   946  2007 I OMXMaster: makeComponentInstance(OMX.google.aac.decoder) in android.hardwar process
08-24 21:16:02.682   932 10190 V ACodec  : [OMX.google.aac.decoder] Now Loaded
08-24 21:16:02.683   932 10189 D MediaCodec: youkai Allocating component 'OMX.google.aac.decoder' success (0).
08-24 21:16:02.685  9509 10177 V AudioTrack: processAudioBuffer(35): obtainBuffer(124) returned 1920 = 124 + 1796 err 0
08-24 21:16:02.685  9509 10177 V AudioTrack: processAudioBuffer(35): obtainBuffer(962) returned 1796 = 962 + 834 err 0
08-24 21:16:02.686  9509 10177 V AudioTrack: processAudioBuffer(35): obtainBuffer(610) returned 1444 = 610 + 834 err 0
08-24 21:16:02.686  9509 10177 V AudioTrack: start(35): prior state:STATE_ACTIVE
08-24 21:16:02.686  9509 10177 V AudioTrack: processAudioBuffer(35): obtainBuffer(130) returned 964 = 130 + 834 err 0
08-24 21:16:02.686  9509 10177 V AudioTrack: start(35): prior state:STATE_ACTIVE
08-24 21:16:02.686  9509 10177 V AudioTrack: processAudioBuffer(35): obtainBuffer(962) returned 834 = 834 + 0 err 0
08-24 21:16:02.686   932 10189 V NuPlayerDecoder: onConfigure mCrypto: 0x0 (0)  mIsSecure: 0
08-24 21:16:02.686   932 10190 V MediaCodec: kWhatConfigure: Old mCrypto: 0x0 (0)
08-24 21:16:02.686   932 10190 V MediaCodec: kWhatConfigure: New mCrypto: 0x0 (0)
08-24 21:16:02.686   932 10190 V MediaCodec: Found 1 pieces of codec specific data.
08-24 21:16:02.686   932 10190 V ACodec  : onConfigureComponent
08-24 21:16:02.686   946  2007 E OMXNodeInstance: setConfig(0xf3d2b6e0:google.aac.decoder, ConfigPriority(0x6f800002)) ERROR: Undefined(0x80001001)
08-24 21:16:02.687   932 10190 I ACodec  : codec does not support config priority (err -2147483648)
08-24 21:16:02.688   946  2007 E OMXNodeInstance: setConfig(0xf3d2b6e0:google.aac.decoder, ConfigPriority(0x6f800002)) ERROR: Undefined(0x80001001)
08-24 21:16:02.688   932 10190 I ACodec  : codec does not support config priority (err -2147483648)
08-24 21:16:02.688   946  2007 E OMXNodeInstance: getConfig(0xf3d2b6e0:google.aac.decoder, ConfigAndroidVendorExtension(0x6f100004)) ERROR: Undefined(0x80001001)
08-24 21:16:02.689  9509 10177 V AudioTrack: processAudioBuffer(35): obtainBuffer(962) returned 834 = 834 + 0 err 0
08-24 21:16:02.689  9509 10177 V AudioTrack: processAudioBuffer(35): obtainBuffer(612) returned 484 = 484 + 0 err 0
08-24 21:16:02.689  9509 10177 V AudioTrack: start(35): prior state:STATE_ACTIVE
08-24 21:16:02.689  9509 10177 V AudioTrack: processAudioBuffer(35): obtainBuffer(132) returned 4 = 4 + 0 err 0
08-24 21:16:02.689  9509 10177 V AudioTrack: start(35): prior state:STATE_ACTIVE
08-24 21:16:02.689  9509 10177 V AudioTrack: processAudioBuffer(35): obtainBuffer(128) returned 0 = 0 + 0 err -11
08-24 21:16:02.689   932 10190 W ExtendedACodec: Failed to get extension for extradata parameter
08-24 21:16:02.689   708  1349 V AudioFlinger: onIdleMixer


08-24 21:16:02.689   932 10190 V MediaCodec: [OMX.google.aac.decoder] configured as input format: AMessage(what = 0x00000000) = {
08-24 21:16:02.689   932 10190 V MediaCodec:       string mime = "audio/mp4a-latm"
08-24 21:16:02.689   932 10190 V MediaCodec:       int32_t channel-count = 1
08-24 21:16:02.689   932 10190 V MediaCodec:       int32_t sample-rate = 44100
08-24 21:16:02.689   932 10190 V MediaCodec:       int32_t bitrate = 0
08-24 21:16:02.689   932 10190 V MediaCodec:     }, output format: AMessage(what = 0x00000000) = {
08-24 21:16:02.689   932 10190 V MediaCodec:       string mime = "audio/raw"
08-24 21:16:02.689   932 10190 V MediaCodec:       int32_t channel-count = 1
08-24 21:16:02.689   932 10190 V MediaCodec:       int32_t sample-rate = 44100
08-24 21:16:02.689   932 10190 V MediaCodec:       int32_t pcm-encoding = 2
08-24 21:16:02.689   932 10190 V MediaCodec:     }
08-24 21:16:02.692   932 10190 I MediaCodec: MediaCodec will operate in async mode


08-24 21:16:02.692   932 10190 V ACodec  : onStart
08-24 21:16:02.693   932 10190 V ACodec  : [OMX.google.aac.decoder] Now Loaded->Idle
08-24 21:16:02.693   932 10190 V ACodec  : [OMX.google.aac.decoder] Allocating 4 buffers of size 65538 (from 65538 using PresetByteBuffer) on input port
08-24 21:16:02.697   932 10190 V ACodec  : [OMX.google.aac.decoder] Allocating 4 buffers of size 32768 (from 32768 using PresetByteBuffer) on output port
08-24 21:16:02.704   932 10190 V ACodec  : [OMX.google.aac.decoder] Now Idle->Executing
08-24 21:16:02.705   932 10190 V ACodec  : [OMX.google.aac.decoder] calling fillBuffer 5
08-24 21:16:02.706   932 10190 V ACodec  : [OMX.google.aac.decoder] calling fillBuffer 6
08-24 21:16:02.706   932 10190 V ACodec  : [OMX.google.aac.decoder] calling fillBuffer 7
08-24 21:16:02.706   932 10190 V ACodec  : [OMX.google.aac.decoder] calling fillBuffer 8
08-24 21:16:02.707   932 10190 V ACodec  : [OMX.google.aac.decoder] Now Executing
08-24 21:16:02.707   932 10190 V MediaCodec: presentation time: 0
08-24 21:16:02.707   932 10190 V ACodec  : [OMX.google.aac.decoder] calling emptyBuffer 1 w/ codec specific data
08-24 21:16:02.707   932 10189 V NuPlayerDecoder: [OMX.google.aac.decoder] onMessage: AMessage(what = 'cdcN', target = 64) = {
08-24 21:16:02.707   932 10189 V NuPlayerDecoder:   int32_t callbackID = 1
08-24 21:16:02.707   932 10189 V NuPlayerDecoder:   int32_t index = 1
08-24 21:16:02.707   932 10189 V NuPlayerDecoder: }
08-24 21:16:02.707   932 10189 V NuPlayerDecoder: [audio] kWhatCodecNotify: cbID = 1, paused = 0
08-24 21:16:02.707   932 10190 V MediaCodec: presentation time: 0
08-24 21:16:02.707   932 10190 V ACodec  : [OMX.google.aac.decoder] calling emptyBuffer 2 w/ time 0 us
08-24 21:16:02.708   932 10189 V NuPlayerDecoder: [OMX.google.aac.decoder] onMessage: AMessage(what = 'cdcN', target = 64) = {
08-24 21:16:02.708   932 10189 V NuPlayerDecoder:   int32_t callbackID = 1
08-24 21:16:02.708   932 10189 V NuPlayerDecoder:   int32_t index = 2
08-24 21:16:02.708   932 10189 V NuPlayerDecoder: }
08-24 21:16:02.708   932 10189 V NuPlayerDecoder: [audio] kWhatCodecNotify: cbID = 1, paused = 0
08-24 21:16:02.708   932 10190 V ACodec  : [OMX.google.aac.decoder] calling emptyBuffer 3 w/ time 64000 us
08-24 21:16:02.708   932 10189 V NuPlayerDecoder: [OMX.google.aac.decoder] onMessage: AMessage(what = 'cdcN', target = 64) = {
08-24 21:16:02.708   932 10189 V NuPlayerDecoder:   int32_t callbackID = 1
08-24 21:16:02.708   932 10189 V NuPlayerDecoder:   int32_t index = 3
08-24 21:16:02.708   932 10189 V NuPlayerDecoder: }
08-24 21:16:02.708   932 10189 V NuPlayerDecoder: [audio] kWhatCodecNotify: cbID = 1, paused = 0
08-24 21:16:02.708   932 10190 V ACodec  : [OMX.google.aac.decoder] calling emptyBuffer 4 w/ time 128000 us
08-24 21:16:02.710   708  1349 V AudioFlinger: onIdleMixer
08-24 21:16:02.710   946 10191 I SoftAAC2: Reconfiguring decoder: 0->16000 Hz, 0->1 channels


08-24 21:16:02.710   932 10190 V ACodec  : [OMX.google.aac.decoder] onOMXEmptyBufferDone 1
08-24 21:16:02.710   932 10189 V NuPlayerDecoder: [OMX.google.aac.decoder] onMessage: AMessage(what = 'cdcN', target = 64) = {
08-24 21:16:02.710   932 10189 V NuPlayerDecoder:   int32_t callbackID = 1
08-24 21:16:02.710   932 10189 V NuPlayerDecoder:   int32_t index = 0
08-24 21:16:02.710   932 10189 V NuPlayerDecoder: }
08-24 21:16:02.711   932 10189 V NuPlayerDecoder: [audio] kWhatCodecNotify: cbID = 1, paused = 0
08-24 21:16:02.711   932 10190 V ACodec  : [OMX.google.aac.decoder] Now handling output port settings change
08-24 21:16:02.711   932 10190 V ACodec  : [OMX.google.aac.decoder] onOMXEmptyBufferDone 2
08-24 21:16:02.712   932 10190 V ACodec  : [OMX.google.aac.decoder] calling emptyBuffer 1 w/ time 192000 us
08-24 21:16:02.712   932 10190 V ACodec  : [OMX.google.aac.decoder] onOMXFillBufferDone 5 time 0 us, flags = 0x00000000
08-24 21:16:02.712   932 10189 V NuPlayerDecoder: [OMX.google.aac.decoder] onMessage: AMessage(what = 'cdcN', target = 64) = {
08-24 21:16:02.712   932 10189 V NuPlayerDecoder:   int32_t callbackID = 1
08-24 21:16:02.712   932 10189 V NuPlayerDecoder:   int32_t index = 1
08-24 21:16:02.712   932 10189 V NuPlayerDecoder: }
08-24 21:16:02.712   932 10189 V NuPlayerDecoder: [audio] kWhatCodecNotify: cbID = 1, paused = 0
08-24 21:16:02.712   932 10190 V ACodec  : [OMX.google.aac.decoder] onOMXFillBufferDone 6 time 0 us, flags = 0x00000000
08-24 21:16:02.712   932 10190 V ACodec  : [OMX.google.aac.decoder] onOMXFillBufferDone 7 time 0 us, flags = 0x00000000
08-24 21:16:02.712   932 10190 V ACodec  : [OMX.google.aac.decoder] onOMXFillBufferDone 8 time 0 us, flags = 0x00000000
08-24 21:16:02.713   932 10190 V ACodec  : [OMX.google.aac.decoder] calling emptyBuffer 2 w/ time 256000 us
08-24 21:16:02.713   932 10190 V ACodec  : [OMX.google.aac.decoder] Output port now disabled.
08-24 21:16:02.714   932 10190 V ACodec  : [OMX.google.aac.decoder] Allocating 4 buffers of size 32768 (from 32768 using PresetByteBuffer) on output port
08-24 21:16:02.719   932 10190 V ACodec  : [OMX.google.aac.decoder] Output port now reenabled.
08-24 21:16:02.719   932 10190 V ACodec  : [OMX.google.aac.decoder] calling fillBuffer 9
08-24 21:16:02.719   932 10190 V ACodec  : [OMX.google.aac.decoder] calling fillBuffer 10
08-24 21:16:02.719   932 10190 V ACodec  : [OMX.google.aac.decoder] calling fillBuffer 11
08-24 21:16:02.720   932 10190 V ACodec  : [OMX.google.aac.decoder] calling fillBuffer 12
08-24 21:16:02.720   932 10190 V ACodec  : [OMX.google.aac.decoder] Now Executing
08-24 21:16:02.722   932 10190 V ACodec  : [OMX.google.aac.decoder] onOMXEmptyBufferDone 3
08-24 21:16:02.722   932 10190 V ACodec  : [OMX.google.aac.decoder] onOMXEmptyBufferDone 4


08-24 21:16:02.722   932 10190 V ACodec  : [OMX.google.aac.decoder] onOMXFillBufferDone 9 time 0 us, flags = 0x00000000
08-24 21:16:02.722   932 10190 V ACodec  : [OMX.google.aac.decoder] onOMXEmptyBufferDone 1
08-24 21:16:02.722   932 10190 V ACodec  : [OMX.google.aac.decoder] onOMXFillBufferDone 10 time 64000 us, flags = 0x00000000
08-24 21:16:02.722   932 10190 V ACodec  : [OMX.google.aac.decoder] onOMXEmptyBufferDone 2
08-24 21:16:02.722   932 10190 V ACodec  : [OMX.google.aac.decoder] onOMXFillBufferDone 11 time 128000 us, flags = 0x00000000
08-24 21:16:02.722   932 10189 V NuPlayerDecoder: [OMX.google.aac.decoder] onMessage: AMessage(what = 'cdcN', target = 64) = {
08-24 21:16:02.722   932 10189 V NuPlayerDecoder:   int32_t callbackID = 1
08-24 21:16:02.722   932 10189 V NuPlayerDecoder:   int32_t index = 2
08-24 21:16:02.722   932 10189 V NuPlayerDecoder: }
08-24 21:16:02.722   932 10190 V MediaCodec: [OMX.google.aac.decoder] output format changed to: AMessage(what = 0x00000000) = {
08-24 21:16:02.722   932 10190 V MediaCodec:       string mime = "audio/raw"
08-24 21:16:02.722   932 10190 V MediaCodec:       int32_t channel-count = 1
08-24 21:16:02.722   932 10190 V MediaCodec:       int32_t sample-rate = 16000
08-24 21:16:02.722   932 10190 V MediaCodec:       int32_t pcm-encoding = 2
08-24 21:16:02.722   932 10190 V MediaCodec:     }
08-24 21:16:02.722   932 10189 V NuPlayerDecoder: [audio] kWhatCodecNotify: cbID = 1, paused = 0
08-24 21:16:02.722   932 10190 V MediaCodec: -- returned buffer timestamp 0 <= 0, ignore it
08-24 21:16:02.722   932 10190 V MediaCodec: -- Looking at startdata. presentation 64000, start 55982406109424
08-24 21:16:02.722   932 10190 V MediaCodec: -- match entry for 64000, hits our frame of 64000
08-24 21:16:02.723   932 10190 V MediaCodec: -- Looking at startdata. presentation 128000, start 55982406495206
08-24 21:16:02.723   932 10190 V MediaCodec: -- match entry for 128000, hits our frame of 128000
08-24 21:16:02.723   932 10190 V ACodec  : [OMX.google.aac.decoder] calling emptyBuffer 3 w/ time 320000 us
08-24 21:16:02.723   932 10189 V NuPlayerDecoder: [OMX.google.aac.decoder] onMessage: AMessage(what = 'cdcN', target = 64) = {
08-24 21:16:02.723   932 10189 V NuPlayerDecoder:   int32_t callbackID = 1
08-24 21:16:02.723   932 10189 V NuPlayerDecoder:   int32_t index = 3
08-24 21:16:02.723   932 10189 V NuPlayerDecoder: }
08-24 21:16:02.723   932 10189 V NuPlayerDecoder: [audio] kWhatCodecNotify: cbID = 1, paused = 0
08-24 21:16:02.723   932 10190 V ACodec  : [OMX.google.aac.decoder] calling emptyBuffer 4 w/ time 384000 us
08-24 21:16:02.724  9509 10177 V AudioTrack: processAudioBuffer(35): obtainBuffer(128) returned 1920 = 124 + 1796 err 0
08-24 21:16:02.724  9509 10177 V AudioTrack: processAudioBuffer(35): obtainBuffer(4) returned 1796 = 4 + 1792 err 0
08-24 21:16:02.724  9509 10177 V AudioTrack: processAudioBuffer(35): obtainBuffer(962) returned 1792 = 962 + 830 err 0
08-24 21:16:02.724  9509 10177 V AudioTrack: processAudioBuffer(35): obtainBuffer(614) returned 1444 = 614 + 830 err 0
08-24 21:16:02.724  9509 10177 V AudioTrack: start(35): prior state:STATE_ACTIVE
08-24 21:16:02.724  9509 10177 V AudioTrack: processAudioBuffer(35): obtainBuffer(134) returned 964 = 134 + 830 err 0
08-24 21:16:02.724  9509 10177 V AudioTrack: start(35): prior state:STATE_ACTIVE
08-24 21:16:02.724  9509 10177 V AudioTrack: processAudioBuffer(35): obtainBuffer(962) returned 830 = 830 + 0 err 0
08-24 21:16:02.724   932 10190 V ACodec  : [OMX.google.aac.decoder] onOMXEmptyBufferDone 3
08-24 21:16:02.724   932 10190 V ACodec  : [OMX.google.aac.decoder] onOMXFillBufferDone 12 time 192000 us, flags = 0x00000000
08-24 21:16:02.725   932 10190 V MediaCodec: -- Looking at startdata. presentation 192000, start 55982408871820
08-24 21:16:02.725   932 10190 V MediaCodec: -- match entry for 192000, hits our frame of 192000
08-24 21:16:02.726   932 10189 V NuPlayerDecoder: [OMX.google.aac.decoder] onMessage: AMessage(what = 'cdcN', target = 64) = {
08-24 21:16:02.726   932 10189 V NuPlayerDecoder:   int32_t callbackID = 4
08-24 21:16:02.726   932 10189 V NuPlayerDecoder:   AMessage format = AMessage(what = 0x00000000) = {
08-24 21:16:02.726   932 10189 V NuPlayerDecoder:                       string mime = "audio/raw"
08-24 21:16:02.726   932 10189 V NuPlayerDecoder:                       int32_t channel-count = 1
08-24 21:16:02.726   932 10189 V NuPlayerDecoder:                       int32_t sample-rate = 16000
08-24 21:16:02.726   932 10189 V NuPlayerDecoder:                       int32_t pcm-encoding = 2
08-24 21:16:02.726   932 10189 V NuPlayerDecoder:                     }
08-24 21:16:02.726   932 10189 V NuPlayerDecoder: }
08-24 21:16:02.726   932 10189 V NuPlayerDecoder: [audio] kWhatCodecNotify: cbID = 4, paused = 0
08-24 21:16:02.727   932 10189 I ExtendedNuUtils: Both src and dst missing for bit-width
08-24 21:16:02.727   932 10189 I ExtendedNuUtils: Overriding durationUs: with 64 bit src value 3758250
08-24 21:16:02.727   932 10189 I ExtendedNuUtils: Both src and dst missing for channel-mask
08-24 21:16:02.727   932 10189 V NuPlayerDecoder: [OMX.google.aac.decoder] onMessage: AMessage(what = 'cdcN', target = 64) = {
08-24 21:16:02.727   932 10189 V NuPlayerDecoder:   int32_t callbackID = 2
08-24 21:16:02.727   932 10189 V NuPlayerDecoder:   int32_t index = 0
08-24 21:16:02.727   932 10189 V NuPlayerDecoder:   size_t offset = 0
08-24 21:16:02.727   932 10189 V NuPlayerDecoder:   size_t size = 2048
08-24 21:16:02.727   932 10189 V NuPlayerDecoder:   int64_t timeUs = 0
08-24 21:16:02.727   932 10189 V NuPlayerDecoder:   int32_t flags = 0
08-24 21:16:02.727   932 10189 V NuPlayerDecoder: }
08-24 21:16:02.727   932 10188 V NuPlayerRenderer: openAudioSink: offloadOnly(0) offloadingAudio(0)
08-24 21:16:02.727   932 10189 V NuPlayerDecoder: [audio] kWhatCodecNotify: cbID = 2, paused = 0
08-24 21:16:02.727   932 10188 V NuPlayerRenderer: openAudioSink: open AudioSink in NON-offload mode
08-24 21:16:02.727   932 10188 V AudioSink: close
08-24 21:16:02.727   932 10188 V AudioSink: setPlaybackRate(1.000000 1.000000 0 0)
08-24 21:16:02.727   932 10188 V AudioSink: open(16000, 1, 0x1, 0x1, 0, 257 0x2)
08-24 21:16:02.727   932 10189 V NuPlayerDecoder: [OMX.google.aac.decoder] onMessage: AMessage(what = 'cdcN', target = 64) = {
08-24 21:16:02.727   932 10189 V NuPlayerDecoder:   int32_t callbackID = 1
08-24 21:16:02.727   932 10189 V NuPlayerDecoder:   int32_t index = 0
08-24 21:16:02.727   932 10189 V NuPlayerDecoder: }
08-24 21:16:02.727   932 10189 V NuPlayerDecoder: [audio] kWhatCodecNotify: cbID = 1, paused = 0
08-24 21:16:02.727  9509 10177 V AudioTrack: processAudioBuffer(35): obtainBuffer(962) returned 830 = 830 + 0 err 0
08-24 21:16:02.727  9509 10177 V AudioTrack: processAudioBuffer(35): obtainBuffer(616) returned 484 = 484 + 0 err 0
08-24 21:16:02.727  9509 10177 V AudioTrack: start(35): prior state:STATE_ACTIVE
08-24 21:16:02.727  9509 10177 V AudioTrack: processAudioBuffer(35): obtainBuffer(136) returned 4 = 4 + 0 err 0
08-24 21:16:02.727  9509 10177 V AudioTrack: start(35): prior state:STATE_ACTIVE
08-24 21:16:02.727   932 10190 V ACodec  : [OMX.google.aac.decoder] calling emptyBuffer 1 w/ time 448000 us
08-24 21:16:02.727  9509 10177 V AudioTrack: processAudioBuffer(35): obtainBuffer(132) returned 0 = 0 + 0 err -11


08-24 21:16:02.728   932 10188 V AudioSink: no track available to recycle
08-24 21:16:02.728   932 10188 V AudioSink: creating new AudioTrack
08-24 21:16:02.728   932 10188 V AudioTrack: set(): streamType 0, sampleRate 16000, format 0x1, channelMask 0x1, frameCount 8000, flags #2, notificationFrames 0, sessionId 257, transferType 0, uid 10116, pid 9509
08-24 21:16:02.728   932 10188 V AudioTrack: set(): streamType 0 frameCount 8000 flags 0002
08-24 21:16:02.729   932 10189 V NuPlayerDecoder: [OMX.google.aac.decoder] onMessage: AMessage(what = 'cdcN', target = 64) = {
08-24 21:16:02.729   932 10189 V NuPlayerDecoder:   int32_t callbackID = 2
08-24 21:16:02.729   932 10189 V NuPlayerDecoder:   int32_t index = 1
08-24 21:16:02.729   932 10189 V NuPlayerDecoder:   size_t offset = 0
08-24 21:16:02.729   932 10189 V NuPlayerDecoder:   size_t size = 2048
08-24 21:16:02.729   932 10189 V NuPlayerDecoder:   int64_t timeUs = 64000
08-24 21:16:02.729   932 10189 V NuPlayerDecoder:   int32_t flags = 0
08-24 21:16:02.729   932 10189 V NuPlayerDecoder: }
08-24 21:16:02.729   932 10189 V NuPlayerDecoder: [audio] kWhatCodecNotify: cbID = 2, paused = 0
08-24 21:16:02.729   932 10189 V NuPlayerDecoder: [OMX.google.aac.decoder] onMessage: AMessage(what = 'cdcN', target = 64) = {
08-24 21:16:02.729   932 10189 V NuPlayerDecoder:   int32_t callbackID = 1
08-24 21:16:02.729   932 10189 V NuPlayerDecoder:   int32_t index = 1
08-24 21:16:02.729   932 10189 V NuPlayerDecoder: }
08-24 21:16:02.730   932 10189 V NuPlayerDecoder: [audio] kWhatCodecNotify: cbID = 1, paused = 0
08-24 21:16:02.730   932 10190 V ACodec  : [OMX.google.aac.decoder] calling emptyBuffer 2 w/ time 512000 us
08-24 21:16:02.730   708  1477 V AudioPolicyManagerCustom: Set VoIP and Direct output flags for PCM format
08-24 21:16:02.730   932 10189 V NuPlayerDecoder: [OMX.google.aac.decoder] onMessage: AMessage(what = 'cdcN', target = 64) = {
08-24 21:16:02.730   932 10189 V NuPlayerDecoder:   int32_t callbackID = 2
08-24 21:16:02.730   932 10189 V NuPlayerDecoder:   int32_t index = 2
08-24 21:16:02.730   932 10189 V NuPlayerDecoder:   size_t offset = 0
08-24 21:16:02.730   932 10189 V NuPlayerDecoder:   size_t size = 2048
08-24 21:16:02.730   932 10189 V NuPlayerDecoder:   int64_t timeUs = 128000
08-24 21:16:02.730   932 10189 V NuPlayerDecoder:   int32_t flags = 0
08-24 21:16:02.730   932 10189 V NuPlayerDecoder: }
08-24 21:16:02.730   932 10189 V NuPlayerDecoder: [audio] kWhatCodecNotify: cbID = 2, paused = 0
08-24 21:16:02.730   708  1349 V AudioFlinger: onIdleMixer
08-24 21:16:02.730   932 10189 V NuPlayerDecoder: [OMX.google.aac.decoder] onMessage: AMessage(what = 'cdcN', target = 64) = {
08-24 21:16:02.730   932 10189 V NuPlayerDecoder:   int32_t callbackID = 1
08-24 21:16:02.730   932 10189 V NuPlayerDecoder:   int32_t index = 2
08-24 21:16:02.730   932 10189 V NuPlayerDecoder: }
08-24 21:16:02.730   932 10189 V NuPlayerDecoder: [audio] kWhatCodecNotify: cbID = 1, paused = 0
08-24 21:16:02.730   662 10156 D audio_hw_primary: adev_get_parameters:vr_audio_mode_on
08-24 21:16:02.730   662 10156 I audio_hw_primary: getting vr mode to 0
08-24 21:16:02.730   932 10190 V ACodec  : [OMX.google.aac.decoder] calling emptyBuffer 3 w/ time 576000 us
08-24 21:16:02.730   662 10156 D audio_hw_primary: adev_get_parameters: exit: returns - vr_audio_mode_on=false
08-24 21:16:02.730   932 10189 V NuPlayerDecoder: [OMX.google.aac.decoder] onMessage: AMessage(what = 'cdcN', target = 64) = {
08-24 21:16:02.730   932 10189 V NuPlayerDecoder:   int32_t callbackID = 2
08-24 21:16:02.730   932 10189 V NuPlayerDecoder:   int32_t index = 3
08-24 21:16:02.730   932 10189 V NuPlayerDecoder:   size_t offset = 0
08-24 21:16:02.730   932 10189 V NuPlayerDecoder:   size_t size = 2048
08-24 21:16:02.730   932 10189 V NuPlayerDecoder:   int64_t timeUs = 192000
08-24 21:16:02.730   932 10189 V NuPlayerDecoder:   int32_t flags = 0
08-24 21:16:02.730   932 10189 V NuPlayerDecoder: }
08-24 21:16:02.730   932 10189 V NuPlayerDecoder: [audio] kWhatCodecNotify: cbID = 2, paused = 0
08-24 21:16:02.730   708  1477 I hash_map_utils: key: 'vr_audio_mode_on' value: ''
08-24 21:16:02.730   708  1477 I AudioPolicyManagerCustom: VR mode is 0, switch to primary output if request is for fast|raw
08-24 21:16:02.731   708  1477 I AudioFlinger: openOutput() this 0x71af7f7600, module 10 Device 0x2, SamplingRate 16000, Format 0x000001, Channels 0x1, flags 0x8001
08-24 21:16:02.731   662   662 D audio_hw_primary: adev_open_output_stream: enter: format(0x1) sample_rate(16000) channel_mask(0x1) devices(0x2) flags(0x8001)        stream_handle(0xf432d000) address()
08-24 21:16:02.731   662   662 I audio_hw_utils: audio_extn_utils_update_stream_output_app_type_cfg Allowing 24 and above bits playback on speaker ONLY at default sampling rate
08-24 21:16:02.731   662   662 D audio_hw_utils: audio_extn_utils_update_stream_output_app_type_cfg: flags: 8001, format: 1 sample_rate 48000, profile , app_type 0
08-24 21:16:02.731   662   662 D audio_hw_primary: adev_open_output_stream: Stream (0xf432d000) picks up usecase (audio-playback-voip)
08-24 21:16:02.732   708  1477 I AudioFlinger: HAL output buffer size 320 frames, normal sink buffer size 320 frames
08-24 21:16:02.732   708  1477 V AudioFlinger: mHwSupportsSuspend: 0 value 0, addr 0x711b1d03bf
08-24 21:16:02.733   708  1477 V AudioFlinger: openOutput_l() created direct output: ID 45 thread 0x711b1ce000
08-24 21:16:02.733   708 10194 I AudioFlinger: AudioFlinger's thread 0x711b1ce000 tid=10194 ready to run
08-24 21:16:02.734   708  1477 V AudioFlinger: PlaybackThread::ioConfigChanged, thread 0x711b1ce000, event 1
08-24 21:16:02.734   708 10194 V AudioFlinger: acquireWakeLock_l() AudioOut_2D status 0
08-24 21:16:02.734   708 10194 D AudioFlinger: updateWakeLockUids_l AudioOut_2D uids:
08-24 21:16:02.734   708 10194 V AudioFlinger: updateWakeLockUids_l() AudioOut_2D status 0
08-24 21:16:02.735   708 10194 V AudioFlinger: Audio hardware entering standby, mixer 0x711b1ce000, suspend count 0
08-24 21:16:02.735   662 10193 D audio_hw_primary: out_standby_byfeature: enter: stream (0xf432d000) usecase(30: audio-playback-voip)
08-24 21:16:02.735   662 10193 D audio_hw_primary: out_standby: enter: stream (0xf432d000) usecase(30: audio-playback-voip)
08-24 21:16:02.735   662 10193 D audio_hw_primary: out_standby: exit
08-24 21:16:02.735   708 10194 V AudioFlinger: releaseWakeLock_l() AudioOut_2D
08-24 21:16:02.735   708 10194 V AudioFlinger: thread 0x711b1ce000 type 1 TID 10194 going to sleep
08-24 21:16:02.735   708 10194 V AudioFlinger: thread 0x711b1ce000 type 1 TID 10194 waking up
08-24 21:16:02.735   708 10194 V AudioFlinger: acquireWakeLock_l() AudioOut_2D status 0
08-24 21:16:02.735   708 10194 D AudioFlinger: updateWakeLockUids_l AudioOut_2D uids:
