08-24 21:16:03.036   932 10189 V NuPlayerDecoder: [OMX.google.aac.decoder] onMessage: AMessage(what = 'cdcN', target = 64) = {
08-24 21:16:03.036   932 10189 V NuPlayerDecoder:   int32_t callbackID = 1
08-24 21:16:03.036   932 10189 V NuPlayerDecoder:   int32_t index = 3
08-24 21:16:03.036   932 10189 V NuPlayerDecoder: }
08-24 21:16:03.036   932 10189 V NuPlayerDecoder: [audio] kWhatCodecNotify: cbID = 1, paused = 0
08-24 21:16:03.036   932 10190 V MediaCodec: -- Looking at startdata. presentation 832000, start 55982478427810
08-24 21:16:03.036   932 10190 V MediaCodec: -- match entry for 832000, hits our frame of 832000
08-24 21:16:03.036   932 10190 V MediaCodec: -- Looking at startdata. presentation 896000, start 55982479862289
08-24 21:16:03.036   932 10190 V MediaCodec: -- match entry for 896000, hits our frame of 896000
08-24 21:16:03.036   932 10190 V ACodec  : [OMX.google.aac.decoder] calling emptyBuffer 4 w/ time 1152000 us
08-24 21:16:03.036   932 10189 V NuPlayerDecoder: [OMX.google.aac.decoder] onMessage: AMessage(what = 'cdcN', target = 64) = {
08-24 21:16:03.036   932 10189 V NuPlayerDecoder:   int32_t callbackID = 2
08-24 21:16:03.036   932 10189 V NuPlayerDecoder:   int32_t index = 0
08-24 21:16:03.036   932 10189 V NuPlayerDecoder:   size_t offset = 0
08-24 21:16:03.036   932 10189 V NuPlayerDecoder:   size_t size = 2048
08-24 21:16:03.036   932 10189 V NuPlayerDecoder:   int64_t timeUs = 768000
08-24 21:16:03.036   932 10189 V NuPlayerDecoder:   int32_t flags = 0
08-24 21:16:03.036   932 10189 V NuPlayerDecoder: }
08-24 21:16:03.036   932 10189 V NuPlayerDecoder: [audio] kWhatCodecNotify: cbID = 2, paused = 0
08-24 21:16:03.037   932 10189 V NuPlayerDecoder: [OMX.google.aac.decoder] onMessage: AMessage(what = 'cdcN', target = 64) = {
08-24 21:16:03.037   932 10189 V NuPlayerDecoder:   int32_t callbackID = 1
08-24 21:16:03.037   932 10189 V NuPlayerDecoder:   int32_t index = 0
08-24 21:16:03.037   932 10189 V NuPlayerDecoder: }
08-24 21:16:03.037   932 10189 V NuPlayerDecoder: [audio] kWhatCodecNotify: cbID = 1, paused = 0
08-24 21:16:03.037   932 10190 V ACodec  : [OMX.google.aac.decoder] calling emptyBuffer 1 w/ time 1216000 us
08-24 21:16:03.037   932 10189 V NuPlayerDecoder: [OMX.google.aac.decoder] onMessage: AMessage(what = 'cdcN', target = 64) = {
08-24 21:16:03.037   932 10189 V NuPlayerDecoder:   int32_t callbackID = 2
08-24 21:16:03.037   932 10189 V NuPlayerDecoder:   int32_t index = 1
08-24 21:16:03.037   932 10189 V NuPlayerDecoder:   size_t offset = 0
08-24 21:16:03.037   932 10189 V NuPlayerDecoder:   size_t size = 2048
08-24 21:16:03.037   932 10189 V NuPlayerDecoder:   int64_t timeUs = 832000
08-24 21:16:03.037   932 10189 V NuPlayerDecoder:   int32_t flags = 0
08-24 21:16:03.037   932 10189 V NuPlayerDecoder: }
08-24 21:16:03.037   932 10189 V NuPlayerDecoder: [audio] kWhatCodecNotify: cbID = 2, paused = 0
08-24 21:16:03.037   932 10189 V NuPlayerDecoder: [OMX.google.aac.decoder] onMessage: AMessage(what = 'cdcN', target = 64) = {
08-24 21:16:03.037   932 10189 V NuPlayerDecoder:   int32_t callbackID = 1
08-24 21:16:03.037   932 10189 V NuPlayerDecoder:   int32_t index = 1
08-24 21:16:03.037   932 10189 V NuPlayerDecoder: }
08-24 21:16:03.037   932 10189 V NuPlayerDecoder: [audio] kWhatCodecNotify: cbID = 1, paused = 0
08-24 21:16:03.037   932 10190 V ACodec  : [OMX.google.aac.decoder] calling emptyBuffer 2 w/ time 1280000 us
08-24 21:16:03.037   932 10189 V NuPlayerDecoder: [OMX.google.aac.decoder] onMessage: AMessage(what = 'cdcN', target = 64) = {
08-24 21:16:03.037   932 10189 V NuPlayerDecoder:   int32_t callbackID = 2
08-24 21:16:03.037   932 10189 V NuPlayerDecoder:   int32_t index = 2
08-24 21:16:03.037   932 10189 V NuPlayerDecoder:   size_t offset = 0
08-24 21:16:03.037   932 10189 V NuPlayerDecoder:   size_t size = 2048
08-24 21:16:03.037   932 10189 V NuPlayerDecoder:   int64_t timeUs = 896000
08-24 21:16:03.037   932 10189 V NuPlayerDecoder:   int32_t flags = 0
08-24 21:16:03.037   932 10189 V NuPlayerDecoder: }
08-24 21:16:03.038   932 10189 V NuPlayerDecoder: [audio] kWhatCodecNotify: cbID = 2, paused = 0
08-24 21:16:03.044   708  1349 V AudioFlinger: onIdleMixer
08-24 21:16:03.044  9509 10177 V AudioTrack: processAudioBuffer(35): obtainBuffer(160) returned 1920 = 160 + 1760 err 0
08-24 21:16:03.044  9509 10177 V AudioTrack: processAudioBuffer(35): obtainBuffer(962) returned 1760 = 962 + 798 err 0
08-24 21:16:03.044  9509 10177 V AudioTrack: processAudioBuffer(35): obtainBuffer(646) returned 1444 = 646 + 798 err 0
08-24 21:16:03.044  9509 10177 V AudioTrack: start(35): prior state:STATE_ACTIVE
08-24 21:16:03.044  9509 10177 V AudioTrack: processAudioBuffer(35): obtainBuffer(166) returned 964 = 166 + 798 err 0
08-24 21:16:03.044  9509 10177 V AudioTrack: start(35): prior state:STATE_ACTIVE
08-24 21:16:03.044  9509 10177 V AudioTrack: processAudioBuffer(35): obtainBuffer(962) returned 798 = 26 + 772 err 0
08-24 21:16:03.048  9509 10177 V AudioTrack: processAudioBuffer(35): obtainBuffer(962) returned 798 = 26 + 772 err 0
08-24 21:16:03.048  9509 10177 V AudioTrack: processAudioBuffer(35): obtainBuffer(936) returned 772 = 772 + 0 err 0
08-24 21:16:03.048  9509 10177 V AudioTrack: processAudioBuffer(35): obtainBuffer(648) returned 484 = 484 + 0 err 0
08-24 21:16:03.048  9509 10177 V AudioTrack: start(35): prior state:STATE_ACTIVE
08-24 21:16:03.048  9509 10177 V AudioTrack: processAudioBuffer(35): obtainBuffer(168) returned 4 = 4 + 0 err 0
08-24 21:16:03.048  9509 10177 V AudioTrack: start(35): prior state:STATE_ACTIVE
08-24 21:16:03.048  9509 10177 V AudioTrack: processAudioBuffer(35): obtainBuffer(164) returned 0 = 0 + 0 err -11
08-24 21:16:03.064   708  1349 V AudioFlinger: onIdleMixer
08-24 21:16:03.084  9509 10177 V AudioTrack: processAudioBuffer(35): obtainBuffer(164) returned 1920 = 164 + 1756 err 0
08-24 21:16:03.084  9509 10177 V AudioTrack: processAudioBuffer(35): obtainBuffer(962) returned 1756 = 962 + 794 err 0
08-24 21:16:03.084  9509 10177 V AudioTrack: processAudioBuffer(35): obtainBuffer(650) returned 1444 = 650 + 794 err 0
08-24 21:16:03.084  9509 10177 V AudioTrack: start(35): prior state:STATE_ACTIVE
08-24 21:16:03.084  9509 10177 V AudioTrack: processAudioBuffer(35): obtainBuffer(170) returned 964 = 170 + 794 err 0
08-24 21:16:03.084  9509 10177 V AudioTrack: start(35): prior state:STATE_ACTIVE
08-24 21:16:03.084  9509 10177 V AudioTrack: processAudioBuffer(35): obtainBuffer(962) returned 794 = 150 + 644 err 0
08-24 21:16:03.085   708  1349 V AudioFlinger: onIdleMixer
08-24 21:16:03.088  9509 10177 V AudioTrack: processAudioBuffer(35): obtainBuffer(962) returned 794 = 150 + 644 err 0
08-24 21:16:03.088  9509 10177 V AudioTrack: processAudioBuffer(35): obtainBuffer(812) returned 644 = 644 + 0 err 0
08-24 21:16:03.088  9509 10177 V AudioTrack: processAudioBuffer(35): obtainBuffer(652) returned 484 = 484 + 0 err 0
08-24 21:16:03.088  9509 10177 V AudioTrack: start(35): prior state:STATE_ACTIVE
08-24 21:16:03.088  9509 10177 V AudioTrack: processAudioBuffer(35): obtainBuffer(172) returned 4 = 4 + 0 err 0
08-24 21:16:03.088  9509 10177 V AudioTrack: start(35): prior state:STATE_ACTIVE
08-24 21:16:03.088  9509 10177 V AudioTrack: processAudioBuffer(35): obtainBuffer(168) returned 0 = 0 + 0 err -11
08-24 21:16:03.105   708  1349 V AudioFlinger: onIdleMixer
08-24 21:16:03.124  9509 10177 V AudioTrack: processAudioBuffer(35): obtainBuffer(168) returned 1920 = 168 + 1752 err 0
08-24 21:16:03.124  9509 10177 V AudioTrack: processAudioBuffer(35): obtainBuffer(962) returned 1752 = 962 + 790 err 0
08-24 21:16:03.124  9509 10177 V AudioTrack: processAudioBuffer(35): obtainBuffer(654) returned 1444 = 654 + 790 err 0
08-24 21:16:03.124  9509 10177 V AudioTrack: start(35): prior state:STATE_ACTIVE
08-24 21:16:03.124  9509 10177 V AudioTrack: processAudioBuffer(35): obtainBuffer(174) returned 964 = 174 + 790 err 0
08-24 21:16:03.124  9509 10177 V AudioTrack: start(35): prior state:STATE_ACTIVE
08-24 21:16:03.124  9509 10177 V AudioTrack: processAudioBuffer(35): obtainBuffer(962) returned 790 = 274 + 516 err 0
08-24 21:16:03.125   708  1349 V AudioFlinger: onIdleMixer
08-24 21:16:03.128  9509 10177 V AudioTrack: processAudioBuffer(35): obtainBuffer(962) returned 790 = 274 + 516 err 0
08-24 21:16:03.128  9509 10177 V AudioTrack: processAudioBuffer(35): obtainBuffer(688) returned 516 = 516 + 0 err 0
08-24 21:16:03.128  9509 10177 V AudioTrack: processAudioBuffer(35): obtainBuffer(656) returned 484 = 484 + 0 err 0
08-24 21:16:03.128  9509 10177 V AudioTrack: start(35): prior state:STATE_ACTIVE
08-24 21:16:03.128  9509 10177 V AudioTrack: processAudioBuffer(35): obtainBuffer(176) returned 4 = 4 + 0 err 0
08-24 21:16:03.128  9509 10177 V AudioTrack: start(35): prior state:STATE_ACTIVE
08-24 21:16:03.128  9509 10177 V AudioTrack: processAudioBuffer(35): obtainBuffer(172) returned 0 = 0 + 0 err -11
08-24 21:16:03.146   708  1349 V AudioFlinger: onIdleMixer
08-24 21:16:03.164  9509 10177 V AudioTrack: processAudioBuffer(35): obtainBuffer(172) returned 1920 = 172 + 1748 err 0
08-24 21:16:03.164  9509 10177 V AudioTrack: processAudioBuffer(35): obtainBuffer(962) returned 1748 = 962 + 786 err 0
08-24 21:16:03.164  9509 10177 V AudioTrack: processAudioBuffer(35): obtainBuffer(658) returned 1444 = 658 + 786 err 0
08-24 21:16:03.164  9509 10177 V AudioTrack: start(35): prior state:STATE_ACTIVE
08-24 21:16:03.164  9509 10177 V AudioTrack: processAudioBuffer(35): obtainBuffer(178) returned 964 = 178 + 786 err 0
08-24 21:16:03.164  9509 10177 V AudioTrack: start(35): prior state:STATE_ACTIVE
08-24 21:16:03.164  9509 10177 V AudioTrack: processAudioBuffer(35): obtainBuffer(962) returned 786 = 398 + 388 err 0
08-24 21:16:03.166   708  1349 V AudioFlinger: onIdleMixer
08-24 21:16:03.168  9509 10177 V AudioTrack: processAudioBuffer(35): obtainBuffer(962) returned 786 = 398 + 388 err 0
08-24 21:16:03.168  9509 10177 V AudioTrack: processAudioBuffer(35): obtainBuffer(660) returned 484 = 96 + 388 err 0
08-24 21:16:03.168  9509 10177 V AudioTrack: start(35): prior state:STATE_ACTIVE
08-24 21:16:03.168  9509 10177 V AudioTrack: processAudioBuffer(35): obtainBuffer(564) returned 388 = 388 + 0 err 0
08-24 21:16:03.168  9509 10177 V AudioTrack: processAudioBuffer(35): obtainBuffer(180) returned 4 = 4 + 0 err 0
08-24 21:16:03.168  9509 10177 V AudioTrack: start(35): prior state:STATE_ACTIVE
08-24 21:16:03.168  9509 10177 V AudioTrack: processAudioBuffer(35): obtainBuffer(176) returned 0 = 0 + 0 err -11
08-24 21:16:03.186     0     0 W wsa881x_get_temp: T0: 47 is out of range[5, 45]
08-24 21:16:03.186     0     0 W wsa881x_get_temp: T0: 55 is out of range[5, 45]
08-24 21:16:03.187   708  1349 V AudioFlinger: onIdleMixer
08-24 21:16:03.204  9509 10177 V AudioTrack: processAudioBuffer(35): obtainBuffer(176) returned 1920 = 176 + 1744 err 0
08-24 21:16:03.204  9509 10177 V AudioTrack: processAudioBuffer(35): obtainBuffer(962) returned 1744 = 962 + 782 err 0
08-24 21:16:03.204  9509 10177 V AudioTrack: processAudioBuffer(35): obtainBuffer(662) returned 1444 = 662 + 782 err 0
08-24 21:16:03.204  9509 10177 V AudioTrack: start(35): prior state:STATE_ACTIVE
08-24 21:16:03.204  9509 10177 V AudioTrack: processAudioBuffer(35): obtainBuffer(182) returned 964 = 182 + 782 err 0
08-24 21:16:03.204  9509 10177 V AudioTrack: start(35): prior state:STATE_ACTIVE
08-24 21:16:03.204  9509 10177 V AudioTrack: processAudioBuffer(35): obtainBuffer(962) returned 782 = 522 + 260 err 0
08-24 21:16:03.208   708  1349 V AudioFlinger: onIdleMixer
08-24 21:16:03.208  9509 10177 V AudioTrack: processAudioBuffer(35): obtainBuffer(962) returned 782 = 522 + 260 err 0
08-24 21:16:03.208  9509 10177 V AudioTrack: processAudioBuffer(35): obtainBuffer(664) returned 484 = 224 + 260 err 0
08-24 21:16:03.208  9509 10177 V AudioTrack: start(35): prior state:STATE_ACTIVE
08-24 21:16:03.208  9509 10177 V AudioTrack: processAudioBuffer(35): obtainBuffer(440) returned 260 = 260 + 0 err 0
08-24 21:16:03.208  9509 10177 V AudioTrack: processAudioBuffer(35): obtainBuffer(184) returned 4 = 4 + 0 err 0
08-24 21:16:03.208  9509 10177 V AudioTrack: start(35): prior state:STATE_ACTIVE
08-24 21:16:03.208  9509 10177 V AudioTrack: processAudioBuffer(35): obtainBuffer(180) returned 0 = 0 + 0 err -11
08-24 21:16:03.215     0     0 W wsa881x_get_temp: T0: 46 is out of range[5, 45]
08-24 21:16:03.216     0     0 W wsa881x_get_temp: T0: 54 is out of range[5, 45]
08-24 21:16:03.229   708  1349 V AudioFlinger: onIdleMixer
08-24 21:16:03.244  9509 10177 V AudioTrack: processAudioBuffer(35): obtainBuffer(180) returned 1920 = 180 + 1740 err 0
08-24 21:16:03.244  9509 10177 V AudioTrack: processAudioBuffer(35): obtainBuffer(962) returned 1740 = 962 + 778 err 0
08-24 21:16:03.244  9509 10177 V AudioTrack: processAudioBuffer(35): obtainBuffer(666) returned 1444 = 666 + 778 err 0
08-24 21:16:03.244  9509 10177 V AudioTrack: start(35): prior state:STATE_ACTIVE
08-24 21:16:03.244  9509 10177 V AudioTrack: processAudioBuffer(35): obtainBuffer(186) returned 964 = 186 + 778 err 0
08-24 21:16:03.244  9509 10177 V AudioTrack: start(35): prior state:STATE_ACTIVE
08-24 21:16:03.244  9509 10177 V AudioTrack: processAudioBuffer(35): obtainBuffer(962) returned 778 = 646 + 132 err 0
08-24 21:16:03.246     0     0 W wsa881x_get_temp: T0: 54 is out of range[5, 45]
08-24 21:16:03.246     0     0 W wsa881x_get_temp: T0: 46 is out of range[5, 45]
08-24 21:16:03.248  9509 10177 V AudioTrack: processAudioBuffer(35): obtainBuffer(962) returned 778 = 646 + 132 err 0
08-24 21:16:03.248  9509 10177 V AudioTrack: processAudioBuffer(35): obtainBuffer(668) returned 484 = 352 + 132 err 0
08-24 21:16:03.248  9509 10177 V AudioTrack: start(35): prior state:STATE_ACTIVE
08-24 21:16:03.248  9509 10177 V AudioTrack: processAudioBuffer(35): obtainBuffer(316) returned 132 = 132 + 0 err 0
08-24 21:16:03.248  9509 10177 V AudioTrack: processAudioBuffer(35): obtainBuffer(188) returned 4 = 4 + 0 err 0
08-24 21:16:03.248  9509 10177 V AudioTrack: start(35): prior state:STATE_ACTIVE
08-24 21:16:03.248  9509 10177 V AudioTrack: processAudioBuffer(35): obtainBuffer(184) returned 0 = 0 + 0 err -11
08-24 21:16:03.249   708  1349 V AudioFlinger: onIdleMixer
08-24 21:16:03.269   708  1349 V AudioFlinger: onIdleMixer
08-24 21:16:03.275     0     0 W wsa881x_get_temp: T0: 46 is out of range[5, 45]
08-24 21:16:03.276     0     0 W wsa881x_get_temp: T0: 54 is out of range[5, 45]
08-24 21:16:03.284  9509 10177 V AudioTrack: processAudioBuffer(35): obtainBuffer(184) returned 1920 = 184 + 1736 err 0
08-24 21:16:03.284  9509 10177 V AudioTrack: processAudioBuffer(35): obtainBuffer(962) returned 1736 = 962 + 774 err 0
08-24 21:16:03.284  9509 10177 V AudioTrack: processAudioBuffer(35): obtainBuffer(670) returned 1444 = 670 + 774 err 0
08-24 21:16:03.284  9509 10177 V AudioTrack: start(35): prior state:STATE_ACTIVE
08-24 21:16:03.284  9509 10177 V AudioTrack: processAudioBuffer(35): obtainBuffer(190) returned 964 = 190 + 774 err 0
08-24 21:16:03.284  9509 10177 V AudioTrack: start(35): prior state:STATE_ACTIVE
08-24 21:16:03.284  9509 10177 V AudioTrack: processAudioBuffer(35): obtainBuffer(962) returned 774 = 770 + 4 err 0
08-24 21:16:03.286   932 10188 V NuPlayerRenderer: onDrainAudioQueue: rendering audio at media time 0.77 secs
08-24 21:16:03.286   932 10189 V NuPlayerDecoder: [OMX.google.aac.decoder] onMessage: AMessage(what = 'rndr', target = 64) = {
08-24 21:16:03.286   932 10189 V NuPlayerDecoder:   size_t buffer-ix = 3
08-24 21:16:03.286   932 10189 V NuPlayerDecoder:   int32_t generation = 1
08-24 21:16:03.286   932 10189 V NuPlayerDecoder:   size_t size = 2048
08-24 21:16:03.286   932 10189 V NuPlayerDecoder: }
08-24 21:16:03.286   932 10188 V AudioSink: getPlayedOutDurationUs(452049) nowUs(55982984103) frames(7040) framesAt(55982972054)
08-24 21:16:03.286   932 10188 V NuPlayerRenderer: onDrainAudioQueue: rendering audio at media time 0.83 secs
08-24 21:16:03.286   932 10188 V NuPlayerRenderer: onDrainAudioQueue: rendering audio at media time 0.90 secs
08-24 21:16:03.286   932 10190 V ACodec  : [OMX.google.aac.decoder] calling fillBuffer 12
08-24 21:16:03.286   932 10189 V NuPlayerDecoder: [OMX.google.aac.decoder] onMessage: AMessage(what = 'rndr', target = 64) = {
08-24 21:16:03.286   932 10189 V NuPlayerDecoder:   size_t buffer-ix = 0
08-24 21:16:03.286   932 10189 V NuPlayerDecoder:   int32_t generation = 1
08-24 21:16:03.286   932 10189 V NuPlayerDecoder:   size_t size = 2048
08-24 21:16:03.286   932 10189 V NuPlayerDecoder: }
08-24 21:16:03.287   932 10190 V ACodec  : [OMX.google.aac.decoder] calling fillBuffer 9
08-24 21:16:03.288   932 10190 V ACodec  : [OMX.google.aac.decoder] onOMXEmptyBufferDone 3
08-24 21:16:03.288   932 10189 V NuPlayerDecoder: [OMX.google.aac.decoder] onMessage: AMessage(what = 'rndr', target = 64) = {
08-24 21:16:03.288   932 10189 V NuPlayerDecoder:   size_t buffer-ix = 1
08-24 21:16:03.288   932 10189 V NuPlayerDecoder:   int32_t generation = 1
08-24 21:16:03.288   932 10189 V NuPlayerDecoder:   size_t size = 2048
08-24 21:16:03.288   932 10189 V NuPlayerDecoder: }
08-24 21:16:03.288   932 10190 V ACodec  : [OMX.google.aac.decoder] onOMXFillBufferDone 12 time 960000 us, flags = 0x00000000
08-24 21:16:03.288   932 10190 V MediaCodec: -- Looking at startdata. presentation 960000, start 55982480363539
08-24 21:16:03.288   932 10190 V MediaCodec: -- match entry for 960000, hits our frame of 960000
08-24 21:16:03.288   932 10190 V ACodec  : [OMX.google.aac.decoder] calling fillBuffer 10
08-24 21:16:03.288   932 10189 V NuPlayerDecoder: [OMX.google.aac.decoder] onMessage: AMessage(what = 'rndr', target = 64) = {
08-24 21:16:03.288   932 10189 V NuPlayerDecoder:   size_t buffer-ix = 2
08-24 21:16:03.288   932 10189 V NuPlayerDecoder:   int32_t generation = 1
08-24 21:16:03.288   932 10189 V NuPlayerDecoder:   size_t size = 2048
08-24 21:16:03.288   932 10189 V NuPlayerDecoder: }
08-24 21:16:03.288   932 10190 V ACodec  : [OMX.google.aac.decoder] onOMXEmptyBufferDone 4
08-24 21:16:03.288   932 10189 V NuPlayerDecoder: [OMX.google.aac.decoder] onMessage: AMessage(what = 'cdcN', target = 64) = {
08-24 21:16:03.288   932 10189 V NuPlayerDecoder:   int32_t callbackID = 1
08-24 21:16:03.288   932 10189 V NuPlayerDecoder:   int32_t index = 2
08-24 21:16:03.288   932 10189 V NuPlayerDecoder: }
08-24 21:16:03.288   932 10190 V ACodec  : [OMX.google.aac.decoder] onOMXFillBufferDone 9 time 1024000 us, flags = 0x00000000
08-24 21:16:03.288   932 10189 V NuPlayerDecoder: [audio] kWhatCodecNotify: cbID = 1, paused = 0
08-24 21:16:03.288   932 10190 V ACodec  : [OMX.google.aac.decoder] calling fillBuffer 11
08-24 21:16:03.288  9509 10177 V AudioTrack: processAudioBuffer(35): obtainBuffer(962) returned 774 = 770 + 4 err 0
08-24 21:16:03.289  9509 10177 V AudioTrack: processAudioBuffer(35): obtainBuffer(672) returned 484 = 480 + 4 err 0
08-24 21:16:03.289   932 10190 V MediaCodec: -- Looking at startdata. presentation 1024000, start 55982480648331
08-24 21:16:03.289   932 10190 V MediaCodec: -- match entry for 1024000, hits our frame of 1024000
08-24 21:16:03.289  9509 10177 V AudioTrack: start(35): prior state:STATE_ACTIVE
08-24 21:16:03.289  9509 10177 V AudioTrack: processAudioBuffer(35): obtainBuffer(192) returned 4 = 4 + 0 err 0
08-24 21:16:03.289   932 10190 V ACodec  : [OMX.google.aac.decoder] calling emptyBuffer 3 w/ time 1344000 us
08-24 21:16:03.289  9509 10177 V AudioTrack: start(35): prior state:STATE_ACTIVE
08-24 21:16:03.289  9509 10177 V AudioTrack: processAudioBuffer(35): obtainBuffer(188) returned 0 = 0 + 0 err -11
08-24 21:16:03.289   932 10189 V NuPlayerDecoder: [OMX.google.aac.decoder] onMessage: AMessage(what = 'cdcN', target = 64) = {
08-24 21:16:03.289   932 10189 V NuPlayerDecoder:   int32_t callbackID = 2
08-24 21:16:03.289   932 10189 V NuPlayerDecoder:   int32_t index = 3
08-24 21:16:03.289   932 10189 V NuPlayerDecoder:   size_t offset = 0
08-24 21:16:03.289   932 10189 V NuPlayerDecoder:   size_t size = 2048
08-24 21:16:03.289   932 10189 V NuPlayerDecoder:   int64_t timeUs = 960000
08-24 21:16:03.289   932 10189 V NuPlayerDecoder:   int32_t flags = 0
08-24 21:16:03.289   932 10189 V NuPlayerDecoder: }
08-24 21:16:03.289   932 10189 V NuPlayerDecoder: [audio] kWhatCodecNotify: cbID = 2, paused = 0
08-24 21:16:03.289   932 10189 V NuPlayerDecoder: [OMX.google.aac.decoder] onMessage: AMessage(what = 'cdcN', target = 64) = {
08-24 21:16:03.289   932 10189 V NuPlayerDecoder:   int32_t callbackID = 1
08-24 21:16:03.289   932 10189 V NuPlayerDecoder:   int32_t index = 3
08-24 21:16:03.289   932 10189 V NuPlayerDecoder: }
08-24 21:16:03.289   932 10189 V NuPlayerDecoder: [audio] kWhatCodecNotify: cbID = 1, paused = 0
08-24 21:16:03.289   932 10188 V NuPlayerRenderer: onDrainAudioQueue: rendering audio at media time 0.96 secs
08-24 21:16:03.289   932 10188 V NuPlayerRenderer: AudioSink write short frame count 1280 < 2048
08-24 21:16:03.289   932 10190 V ACodec  : [OMX.google.aac.decoder] calling emptyBuffer 4 w/ time 1408000 us
08-24 21:16:03.289   932 10189 V NuPlayerDecoder: [OMX.google.aac.decoder] onMessage: AMessage(what = 'cdcN', target = 64) = {
08-24 21:16:03.289   932 10189 V NuPlayerDecoder:   int32_t callbackID = 2
08-24 21:16:03.289   932 10189 V NuPlayerDecoder:   int32_t index = 0
08-24 21:16:03.289   932 10189 V NuPlayerDecoder:   size_t offset = 0
08-24 21:16:03.289   932 10189 V NuPlayerDecoder:   size_t size = 2048
08-24 21:16:03.289   932 10189 V NuPlayerDecoder:   int64_t timeUs = 1024000
08-24 21:16:03.289   932 10189 V NuPlayerDecoder:   int32_t flags = 0
08-24 21:16:03.289   932 10189 V NuPlayerDecoder: }
08-24 21:16:03.289   932 10189 V NuPlayerDecoder: [audio] kWhatCodecNotify: cbID = 2, paused = 0
08-24 21:16:03.289   932 10190 V ACodec  : [OMX.google.aac.decoder] onOMXEmptyBufferDone 1
08-24 21:16:03.289   932 10190 V ACodec  : [OMX.google.aac.decoder] onOMXFillBufferDone 10 time 1088000 us, flags = 0x00000000
08-24 21:16:03.290   932 10190 V ACodec  : [OMX.google.aac.decoder] onOMXEmptyBufferDone 2
08-24 21:16:03.290   932 10190 V ACodec  : [OMX.google.aac.decoder] onOMXFillBufferDone 11 time 1152000 us, flags = 0x00000000
08-24 21:16:03.290   932 10189 V NuPlayerDecoder: [OMX.google.aac.decoder] onMessage: AMessage(what = 'cdcN', target = 64) = {
08-24 21:16:03.290   932 10189 V NuPlayerDecoder:   int32_t callbackID = 1
08-24 21:16:03.290   932 10189 V NuPlayerDecoder:   int32_t index = 0
08-24 21:16:03.290   932 10189 V NuPlayerDecoder: }
08-24 21:16:03.290   708  1349 V AudioFlinger: onIdleMixer
08-24 21:16:03.290   932 10190 V MediaCodec: -- Looking at startdata. presentation 1088000, start 55982732758904
08-24 21:16:03.290   932 10189 V NuPlayerDecoder: [audio] kWhatCodecNotify: cbID = 1, paused = 0
08-24 21:16:03.290   932 10190 V MediaCodec: -- match entry for 1088000, hits our frame of 1088000
08-24 21:16:03.290   932 10190 V MediaCodec: -- Looking at startdata. presentation 1152000, start 55982734378174
08-24 21:16:03.290   932 10190 V MediaCodec: -- match entry for 1152000, hits our frame of 1152000
08-24 21:16:03.290   932 10190 V ACodec  : [OMX.google.aac.decoder] calling emptyBuffer 1 w/ time 1472000 us
08-24 21:16:03.290   932 10189 V NuPlayerDecoder: [OMX.google.aac.decoder] onMessage: AMessage(what = 'cdcN', target = 64) = {
08-24 21:16:03.290   932 10189 V NuPlayerDecoder:   int32_t callbackID = 2
08-24 21:16:03.290   932 10189 V NuPlayerDecoder:   int32_t index = 1
08-24 21:16:03.290   932 10189 V NuPlayerDecoder:   size_t offset = 0
08-24 21:16:03.290   932 10189 V NuPlayerDecoder:   size_t size = 2048
08-24 21:16:03.290   932 10189 V NuPlayerDecoder:   int64_t timeUs = 1088000
08-24 21:16:03.290   932 10189 V NuPlayerDecoder:   int32_t flags = 0
08-24 21:16:03.290   932 10189 V NuPlayerDecoder: }
08-24 21:16:03.290   932 10189 V NuPlayerDecoder: [audio] kWhatCodecNotify: cbID = 2, paused = 0
08-24 21:16:03.290   932 10189 V NuPlayerDecoder: [OMX.google.aac.decoder] onMessage: AMessage(what = 'cdcN', target = 64) = {
08-24 21:16:03.290   932 10189 V NuPlayerDecoder:   int32_t callbackID = 1
08-24 21:16:03.290   932 10189 V NuPlayerDecoder:   int32_t index = 1
08-24 21:16:03.290   932 10189 V NuPlayerDecoder: }
08-24 21:16:03.290   932 10189 V NuPlayerDecoder: [audio] kWhatCodecNotify: cbID = 1, paused = 0
08-24 21:16:03.290   932 10190 V ACodec  : [OMX.google.aac.decoder] calling emptyBuffer 2 w/ time 1536000 us
08-24 21:16:03.290   932 10189 V NuPlayerDecoder: [OMX.google.aac.decoder] onMessage: AMessage(what = 'cdcN', target = 64) = {
08-24 21:16:03.290   932 10189 V NuPlayerDecoder:   int32_t callbackID = 2
08-24 21:16:03.290   932 10189 V NuPlayerDecoder:   int32_t index = 2
08-24 21:16:03.290   932 10189 V NuPlayerDecoder:   size_t offset = 0
08-24 21:16:03.290   932 10189 V NuPlayerDecoder:   size_t size = 2048
08-24 21:16:03.290   932 10189 V NuPlayerDecoder:   int64_t timeUs = 1152000
08-24 21:16:03.290   932 10189 V NuPlayerDecoder:   int32_t flags = 0
08-24 21:16:03.290   932 10189 V NuPlayerDecoder: }
08-24 21:16:03.290   932 10189 V NuPlayerDecoder: [audio] kWhatCodecNotify: cbID = 2, paused = 0
08-24 21:16:03.311   708  1349 V AudioFlinger: onIdleMixer
08-24 21:16:03.324  9509 10177 V AudioTrack: processAudioBuffer(35): obtainBuffer(188) returned 1920 = 188 + 1732 err 0
08-24 21:16:03.324  9509 10177 V AudioTrack: processAudioBuffer(35): obtainBuffer(962) returned 1732 = 962 + 770 err 0
08-24 21:16:03.324  9509 10177 V AudioTrack: processAudioBuffer(35): obtainBuffer(674) returned 1444 = 674 + 770 err 0
08-24 21:16:03.324  9509 10177 V AudioTrack: start(35): prior state:STATE_ACTIVE
08-24 21:16:03.324  9509 10177 V AudioTrack: processAudioBuffer(35): obtainBuffer(194) returned 964 = 194 + 770 err 0
08-24 21:16:03.324  9509 10177 V AudioTrack: start(35): prior state:STATE_ACTIVE
08-24 21:16:03.324  9509 10177 V AudioTrack: processAudioBuffer(35): obtainBuffer(962) returned 770 = 770 + 0 err 0
08-24 21:16:03.328  9509 10177 V AudioTrack: processAudioBuffer(35): obtainBuffer(962) returned 770 = 770 + 0 err 0
08-24 21:16:03.328  9509 10177 V AudioTrack: processAudioBuffer(35): obtainBuffer(676) returned 484 = 484 + 0 err 0
08-24 21:16:03.328  9509 10177 V AudioTrack: start(35): prior state:STATE_ACTIVE
08-24 21:16:03.329  9509 10177 V AudioTrack: processAudioBuffer(35): obtainBuffer(196) returned 4 = 4 + 0 err 0
08-24 21:16:03.329  9509 10177 V AudioTrack: start(35): prior state:STATE_ACTIVE
08-24 21:16:03.329  9509 10177 V AudioTrack: processAudioBuffer(35): obtainBuffer(192) returned 0 = 0 + 0 err -11
08-24 21:16:03.331   708  1349 V AudioFlinger: onIdleMixer
08-24 21:16:03.352   708  1349 V AudioFlinger: onIdleMixer
08-24 21:16:03.364  9509 10177 V AudioTrack: processAudioBuffer(35): obtainBuffer(192) returned 1920 = 124 + 1796 err 0
08-24 21:16:03.364  9509 10177 V AudioTrack: processAudioBuffer(35): obtainBuffer(68) returned 1796 = 68 + 1728 err 0
08-24 21:16:03.364  9509 10177 V AudioTrack: processAudioBuffer(35): obtainBuffer(962) returned 1728 = 962 + 766 err 0
08-24 21:16:03.364  9509 10177 V AudioTrack: processAudioBuffer(35): obtainBuffer(678) returned 1444 = 678 + 766 err 0
08-24 21:16:03.364  9509 10177 V AudioTrack: start(35): prior state:STATE_ACTIVE
08-24 21:16:03.364  9509 10177 V AudioTrack: processAudioBuffer(35): obtainBuffer(198) returned 964 = 198 + 766 err 0
08-24 21:16:03.364  9509 10177 V AudioTrack: start(35): prior state:STATE_ACTIVE
08-24 21:16:03.364  9509 10177 V AudioTrack: processAudioBuffer(35): obtainBuffer(962) returned 766 = 766 + 0 err 0
08-24 21:16:03.368  9509 10177 V AudioTrack: processAudioBuffer(35): obtainBuffer(962) returned 766 = 766 + 0 err 0
08-24 21:16:03.369  9509 10177 V AudioTrack: processAudioBuffer(35): obtainBuffer(680) returned 484 = 484 + 0 err 0
08-24 21:16:03.369  9509 10177 V AudioTrack: start(35): prior state:STATE_ACTIVE
08-24 21:16:03.369  9509 10177 V AudioTrack: processAudioBuffer(35): obtainBuffer(200) returned 4 = 4 + 0 err 0
08-24 21:16:03.369  9509 10177 V AudioTrack: start(35): prior state:STATE_ACTIVE
08-24 21:16:03.369  9509 10177 V AudioTrack: processAudioBuffer(35): obtainBuffer(196) returned 0 = 0 + 0 err -11
08-24 21:16:03.372   708  1349 V AudioFlinger: onIdleMixer
08-24 21:16:03.393   708  1349 V AudioFlinger: onIdleMixer
08-24 21:16:03.404  9509 10177 V AudioTrack: processAudioBuffer(35): obtainBuffer(196) returned 1920 = 196 + 1724 err 0
08-24 21:16:03.404  9509 10177 V AudioTrack: processAudioBuffer(35): obtainBuffer(962) returned 1724 = 56 + 1668 err 0
08-24 21:16:03.404  9509 10177 V AudioTrack: processAudioBuffer(35): obtainBuffer(906) returned 1668 = 906 + 762 err 0
08-24 21:16:03.404  9509 10177 V AudioTrack: processAudioBuffer(35): obtainBuffer(682) returned 1444 = 682 + 762 err 0
08-24 21:16:03.404  9509 10177 V AudioTrack: start(35): prior state:STATE_ACTIVE
08-24 21:16:03.404  9509 10177 V AudioTrack: processAudioBuffer(35): obtainBuffer(202) returned 964 = 202 + 762 err 0
08-24 21:16:03.404  9509 10177 V AudioTrack: start(35): prior state:STATE_ACTIVE
08-24 21:16:03.404  9509 10177 V AudioTrack: processAudioBuffer(35): obtainBuffer(962) returned 762 = 762 + 0 err 0
08-24 21:16:03.409  9509 10177 V AudioTrack: processAudioBuffer(35): obtainBuffer(962) returned 762 = 762 + 0 err 0
08-24 21:16:03.409  9509 10177 V AudioTrack: processAudioBuffer(35): obtainBuffer(684) returned 484 = 484 + 0 err 0
08-24 21:16:03.409  9509 10177 V AudioTrack: start(35): prior state:STATE_ACTIVE
08-24 21:16:03.409  9509 10177 V AudioTrack: processAudioBuffer(35): obtainBuffer(204) returned 4 = 4 + 0 err 0
08-24 21:16:03.409  9509 10177 V AudioTrack: start(35): prior state:STATE_ACTIVE
08-24 21:16:03.409  9509 10177 V AudioTrack: processAudioBuffer(35): obtainBuffer(200) returned 0 = 0 + 0 err -11
08-24 21:16:03.413   708  1349 V AudioFlinger: onIdleMixer
08-24 21:16:03.433   708  1349 V AudioFlinger: onIdleMixer
08-24 21:16:03.444  9509 10177 V AudioTrack: processAudioBuffer(35): obtainBuffer(200) returned 1920 = 200 + 1720 err 0
08-24 21:16:03.444  9509 10177 V AudioTrack: processAudioBuffer(35): obtainBuffer(962) returned 1720 = 180 + 1540 err 0
08-24 21:16:03.444  9509 10177 V AudioTrack: processAudioBuffer(35): obtainBuffer(782) returned 1540 = 782 + 758 err 0
08-24 21:16:03.444  9509 10177 V AudioTrack: processAudioBuffer(35): obtainBuffer(686) returned 1444 = 686 + 758 err 0
08-24 21:16:03.444  9509 10177 V AudioTrack: start(35): prior state:STATE_ACTIVE
08-24 21:16:03.444  9509 10177 V AudioTrack: processAudioBuffer(35): obtainBuffer(206) returned 964 = 206 + 758 err 0
08-24 21:16:03.444  9509 10177 V AudioTrack: start(35): prior state:STATE_ACTIVE
08-24 21:16:03.444  9509 10177 V AudioTrack: processAudioBuffer(35): obtainBuffer(962) returned 758 = 758 + 0 err 0
08-24 21:16:03.448  9509 10177 V AudioTrack: processAudioBuffer(35): obtainBuffer(962) returned 758 = 758 + 0 err 0
08-24 21:16:03.449  9509 10177 V AudioTrack: processAudioBuffer(35): obtainBuffer(688) returned 484 = 484 + 0 err 0
08-24 21:16:03.449  9509 10177 V AudioTrack: start(35): prior state:STATE_ACTIVE
08-24 21:16:03.449  9509 10177 V AudioTrack: processAudioBuffer(35): obtainBuffer(208) returned 4 = 4 + 0 err 0
08-24 21:16:03.449  9509 10177 V AudioTrack: start(35): prior state:STATE_ACTIVE
08-24 21:16:03.449  9509 10177 V AudioTrack: processAudioBuffer(35): obtainBuffer(204) returned 0 = 0 + 0 err -11
08-24 21:16:03.454   708  1349 V AudioFlinger: onIdleMixer
08-24 21:16:03.474   708  1349 V AudioFlinger: onIdleMixer
08-24 21:16:03.484  9509 10177 V AudioTrack: processAudioBuffer(35): obtainBuffer(204) returned 1920 = 204 + 1716 err 0
08-24 21:16:03.484  9509 10177 V AudioTrack: processAudioBuffer(35): obtainBuffer(962) returned 1716 = 304 + 1412 err 0
08-24 21:16:03.484  9509 10177 V AudioTrack: processAudioBuffer(35): obtainBuffer(690) returned 1444 = 32 + 1412 err 0
08-24 21:16:03.484  9509 10177 V AudioTrack: start(35): prior state:STATE_ACTIVE
08-24 21:16:03.484  9509 10177 V AudioTrack: processAudioBuffer(35): obtainBuffer(658) returned 1412 = 658 + 754 err 0
08-24 21:16:03.484  9509 10177 V AudioTrack: processAudioBuffer(35): obtainBuffer(210) returned 964 = 210 + 754 err 0
08-24 21:16:03.484  9509 10177 V AudioTrack: start(35): prior state:STATE_ACTIVE
08-24 21:16:03.485  9509 10177 V AudioTrack: processAudioBuffer(35): obtainBuffer(962) returned 754 = 754 + 0 err 0
08-24 21:16:03.489  9509 10177 V AudioTrack: processAudioBuffer(35): obtainBuffer(962) returned 754 = 754 + 0 err 0
08-24 21:16:03.489  9509 10177 V AudioTrack: processAudioBuffer(35): obtainBuffer(692) returned 484 = 484 + 0 err 0
08-24 21:16:03.489  9509 10177 V AudioTrack: start(35): prior state:STATE_ACTIVE
08-24 21:16:03.489  9509 10177 V AudioTrack: processAudioBuffer(35): obtainBuffer(212) returned 4 = 4 + 0 err 0
08-24 21:16:03.489  9509 10177 V AudioTrack: start(35): prior state:STATE_ACTIVE
08-24 21:16:03.489  9509 10177 V AudioTrack: processAudioBuffer(35): obtainBuffer(208) returned 0 = 0 + 0 err -11
08-24 21:16:03.494   708  1349 V AudioFlinger: onIdleMixer
08-24 21:16:03.515   708  1349 V AudioFlinger: onIdleMixer
08-24 21:16:03.524  9509 10177 V AudioTrack: processAudioBuffer(35): obtainBuffer(208) returned 1920 = 208 + 1712 err 0
08-24 21:16:03.524  9509 10177 V AudioTrack: processAudioBuffer(35): obtainBuffer(962) returned 1712 = 428 + 1284 err 0
08-24 21:16:03.524  9509 10177 V AudioTrack: processAudioBuffer(35): obtainBuffer(694) returned 1444 = 160 + 1284 err 0
08-24 21:16:03.524  9509 10177 V AudioTrack: start(35): prior state:STATE_ACTIVE
08-24 21:16:03.524  9509 10177 V AudioTrack: processAudioBuffer(35): obtainBuffer(534) returned 1284 = 534 + 750 err 0
08-24 21:16:03.524  9509 10177 V AudioTrack: processAudioBuffer(35): obtainBuffer(214) returned 964 = 214 + 750 err 0
08-24 21:16:03.524  9509 10177 V AudioTrack: start(35): prior state:STATE_ACTIVE
08-24 21:16:03.524  9509 10177 V AudioTrack: processAudioBuffer(35): obtainBuffer(962) returned 750 = 750 + 0 err 0
08-24 21:16:03.529  9509 10177 V AudioTrack: processAudioBuffer(35): obtainBuffer(962) returned 750 = 750 + 0 err 0
08-24 21:16:03.529  9509 10177 V AudioTrack: processAudioBuffer(35): obtainBuffer(696) returned 484 = 484 + 0 err 0
08-24 21:16:03.529  9509 10177 V AudioTrack: start(35): prior state:STATE_ACTIVE
08-24 21:16:03.529  9509 10177 V AudioTrack: processAudioBuffer(35): obtainBuffer(216) returned 4 = 4 + 0 err 0
08-24 21:16:03.529  9509 10177 V AudioTrack: start(35): prior state:STATE_ACTIVE
08-24 21:16:03.529  9509 10177 V AudioTrack: processAudioBuffer(35): obtainBuffer(212) returned 0 = 0 + 0 err -11
08-24 21:16:03.535   708  1349 V AudioFlinger: onIdleMixer
08-24 21:16:03.539   932 10188 V NuPlayerRenderer: onDrainAudioQueue: rendering audio at media time 1.02 secs
08-24 21:16:03.539   932 10189 V NuPlayerDecoder: [OMX.google.aac.decoder] onMessage: AMessage(what = 'rndr', target = 64) = {
08-24 21:16:03.539   932 10189 V NuPlayerDecoder:   size_t buffer-ix = 3
08-24 21:16:03.539   932 10189 V NuPlayerDecoder:   int32_t generation = 1
08-24 21:16:03.539   932 10189 V NuPlayerDecoder:   size_t size = 2048
08-24 21:16:03.539   932 10189 V NuPlayerDecoder: }
08-24 21:16:03.539   932 10188 V AudioSink: getPlayedOutDurationUs(705502) nowUs(55983237532) frames(11200) framesAt(55983232030)
08-24 21:16:03.539   932 10188 V NuPlayerRenderer: onDrainAudioQueue: rendering audio at media time 1.09 secs
08-24 21:16:03.539   932 10188 V NuPlayerRenderer: onDrainAudioQueue: rendering audio at media time 1.15 secs
08-24 21:16:03.540   932 10190 V ACodec  : [OMX.google.aac.decoder] calling fillBuffer 12
08-24 21:16:03.540   932 10189 V NuPlayerDecoder: [OMX.google.aac.decoder] onMessage: AMessage(what = 'rndr', target = 64) = {
08-24 21:16:03.540   932 10189 V NuPlayerDecoder:   size_t buffer-ix = 0
08-24 21:16:03.540   932 10189 V NuPlayerDecoder:   int32_t generation = 1
08-24 21:16:03.540   932 10189 V NuPlayerDecoder:   size_t size = 2048
08-24 21:16:03.540   932 10189 V NuPlayerDecoder: }
08-24 21:16:03.540   932 10190 V ACodec  : [OMX.google.aac.decoder] calling fillBuffer 9
08-24 21:16:03.540   932 10189 V NuPlayerDecoder: [OMX.google.aac.decoder] onMessage: AMessage(what = 'rndr', target = 64) = {
08-24 21:16:03.540   932 10189 V NuPlayerDecoder:   size_t buffer-ix = 1
08-24 21:16:03.540   932 10189 V NuPlayerDecoder:   int32_t generation = 1
08-24 21:16:03.540   932 10189 V NuPlayerDecoder:   size_t size = 2048
08-24 21:16:03.540   932 10189 V NuPlayerDecoder: }
08-24 21:16:03.541   932 10190 V ACodec  : [OMX.google.aac.decoder] calling fillBuffer 10
08-24 21:16:03.541   932 10189 V NuPlayerDecoder: [OMX.google.aac.decoder] onMessage: AMessage(what = 'rndr', target = 64) = {
08-24 21:16:03.541   932 10189 V NuPlayerDecoder:   size_t buffer-ix = 2
08-24 21:16:03.541   932 10189 V NuPlayerDecoder:   int32_t generation = 1
08-24 21:16:03.541   932 10189 V NuPlayerDecoder:   size_t size = 2048
08-24 21:16:03.541   932 10189 V NuPlayerDecoder: }
08-24 21:16:03.541   932 10190 V ACodec  : [OMX.google.aac.decoder] calling fillBuffer 11
08-24 21:16:03.541   932 10190 V ACodec  : [OMX.google.aac.decoder] onOMXEmptyBufferDone 3
08-24 21:16:03.541   932 10190 V ACodec  : [OMX.google.aac.decoder] onOMXFillBufferDone 12 time 1216000 us, flags = 0x00000000
08-24 21:16:03.541   932 10190 V MediaCodec: -- Looking at startdata. presentation 1216000, start 55982734909945
08-24 21:16:03.541   932 10189 V NuPlayerDecoder: [OMX.google.aac.decoder] onMessage: AMessage(what = 'cdcN', target = 64) = {
08-24 21:16:03.541   932 10189 V NuPlayerDecoder:   int32_t callbackID = 1
08-24 21:16:03.541   932 10189 V NuPlayerDecoder:   int32_t index = 2
08-24 21:16:03.541   932 10189 V NuPlayerDecoder: }
08-24 21:16:03.541   932 10190 V MediaCodec: -- match entry for 1216000, hits our frame of 1216000
08-24 21:16:03.541   932 10189 V NuPlayerDecoder: [audio] kWhatCodecNotify: cbID = 1, paused = 0
08-24 21:16:03.541   932 10190 V ACodec  : [OMX.google.aac.decoder] onOMXEmptyBufferDone 4
08-24 21:16:03.541   932 10190 V ACodec  : [OMX.google.aac.decoder] onOMXFillBufferDone 9 time 1280000 us, flags = 0x00000000
08-24 21:16:03.541   932 10190 V MediaCodec: -- Looking at startdata. presentation 1280000, start 55982735419581
08-24 21:16:03.541   932 10190 V MediaCodec: -- match entry for 1280000, hits our frame of 1280000
08-24 21:16:03.541   932 10190 V ACodec  : [OMX.google.aac.decoder] calling emptyBuffer 3 w/ time 1600000 us
08-24 21:16:03.541   932 10189 V NuPlayerDecoder: [OMX.google.aac.decoder] onMessage: AMessage(what = 'cdcN', target = 64) = {
08-24 21:16:03.541   932 10189 V NuPlayerDecoder:   int32_t callbackID = 2
08-24 21:16:03.541   932 10189 V NuPlayerDecoder:   int32_t index = 3
08-24 21:16:03.541   932 10189 V NuPlayerDecoder:   size_t offset = 0
08-24 21:16:03.541   932 10189 V NuPlayerDecoder:   size_t size = 2048
08-24 21:16:03.541   932 10189 V NuPlayerDecoder:   int64_t timeUs = 1216000
08-24 21:16:03.541   932 10189 V NuPlayerDecoder:   int32_t flags = 0
08-24 21:16:03.541   932 10189 V NuPlayerDecoder: }
08-24 21:16:03.541   932 10189 V NuPlayerDecoder: [audio] kWhatCodecNotify: cbID = 2, paused = 0
08-24 21:16:03.542   932 10189 V NuPlayerDecoder: [OMX.google.aac.decoder] onMessage: AMessage(what = 'cdcN', target = 64) = {
08-24 21:16:03.542   932 10189 V NuPlayerDecoder:   int32_t callbackID = 1
08-24 21:16:03.542   932 10189 V NuPlayerDecoder:   int32_t index = 3
08-24 21:16:03.542   932 10189 V NuPlayerDecoder: }
08-24 21:16:03.542   932 10189 V NuPlayerDecoder: [audio] kWhatCodecNotify: cbID = 1, paused = 0
08-24 21:16:03.542   932 10188 V NuPlayerRenderer: onDrainAudioQueue: rendering audio at media time 1.22 secs
08-24 21:16:03.542   932 10190 V ACodec  : [OMX.google.aac.decoder] onOMXEmptyBufferDone 1
08-24 21:16:03.542   932 10188 V NuPlayerRenderer: AudioSink write short frame count 1408 < 2048
08-24 21:16:03.542   932 10190 V ACodec  : [OMX.google.aac.decoder] calling emptyBuffer 4 w/ time 1664000 us
08-24 21:16:03.542   932 10189 V NuPlayerDecoder: [OMX.google.aac.decoder] onMessage: AMessage(what = 'cdcN', target = 64) = {
08-24 21:16:03.542   932 10189 V NuPlayerDecoder:   int32_t callbackID = 2
08-24 21:16:03.542   932 10189 V NuPlayerDecoder:   int32_t index = 0
08-24 21:16:03.542   932 10189 V NuPlayerDecoder:   size_t offset = 0
08-24 21:16:03.542   932 10189 V NuPlayerDecoder:   size_t size = 2048
08-24 21:16:03.542   932 10189 V NuPlayerDecoder:   int64_t timeUs = 1280000
08-24 21:16:03.542   932 10189 V NuPlayerDecoder:   int32_t flags = 0
08-24 21:16:03.542   932 10189 V NuPlayerDecoder: }
08-24 21:16:03.542   932 10189 V NuPlayerDecoder: [audio] kWhatCodecNotify: cbID = 2, paused = 0
08-24 21:16:03.542   932 10189 V NuPlayerDecoder: [OMX.google.aac.decoder] onMessage: AMessage(what = 'cdcN', target = 64) = {
08-24 21:16:03.542   932 10189 V NuPlayerDecoder:   int32_t callbackID = 1
08-24 21:16:03.542   932 10189 V NuPlayerDecoder:   int32_t index = 0
08-24 21:16:03.542   932 10189 V NuPlayerDecoder: }
08-24 21:16:03.542   932 10189 V NuPlayerDecoder: [audio] kWhatCodecNotify: cbID = 1, paused = 0
08-24 21:16:03.542   932 10190 V ACodec  : [OMX.google.aac.decoder] onOMXFillBufferDone 10 time 1344000 us, flags = 0x00000000
08-24 21:16:03.542   932 10190 V ACodec  : [OMX.google.aac.decoder] onOMXEmptyBufferDone 2
08-24 21:16:03.542   932 10190 V ACodec  : [OMX.google.aac.decoder] calling emptyBuffer 1 w/ time 1728000 us
08-24 21:16:03.543   932 10190 V ACodec  : [OMX.google.aac.decoder] onOMXFillBufferDone 11 time 1408000 us, flags = 0x00000000
08-24 21:16:03.543   932 10190 V MediaCodec: -- Looking at startdata. presentation 1344000, start 55982986760622
08-24 21:16:03.543   932 10190 V MediaCodec: -- match entry for 1344000, hits our frame of 1344000
08-24 21:16:03.543   932 10190 V MediaCodec: -- Looking at startdata. presentation 1408000, start 55982987067758
08-24 21:16:03.543   932 10190 V MediaCodec: -- match entry for 1408000, hits our frame of 1408000
08-24 21:16:03.543   932 10189 V NuPlayerDecoder: [OMX.google.aac.decoder] onMessage: AMessage(what = 'cdcN', target = 64) = {
08-24 21:16:03.543   932 10189 V NuPlayerDecoder:   int32_t callbackID = 2
08-24 21:16:03.543   932 10189 V NuPlayerDecoder:   int32_t index = 1
08-24 21:16:03.543   932 10189 V NuPlayerDecoder:   size_t offset = 0
08-24 21:16:03.543   932 10189 V NuPlayerDecoder:   size_t size = 2048
08-24 21:16:03.543   932 10189 V NuPlayerDecoder:   int64_t timeUs = 1344000
08-24 21:16:03.543   932 10189 V NuPlayerDecoder:   int32_t flags = 0
08-24 21:16:03.543   932 10189 V NuPlayerDecoder: }
08-24 21:16:03.543   932 10189 V NuPlayerDecoder: [audio] kWhatCodecNotify: cbID = 2, paused = 0
08-24 21:16:03.543   932 10189 V NuPlayerDecoder: [OMX.google.aac.decoder] onMessage: AMessage(what = 'cdcN', target = 64) = {
08-24 21:16:03.543   932 10189 V NuPlayerDecoder:   int32_t callbackID = 1
08-24 21:16:03.543   932 10189 V NuPlayerDecoder:   int32_t index = 1
08-24 21:16:03.543   932 10189 V NuPlayerDecoder: }
08-24 21:16:03.543   932 10189 V NuPlayerDecoder: [audio] kWhatCodecNotify: cbID = 1, paused = 0
08-24 21:16:03.544   932 10190 V ACodec  : [OMX.google.aac.decoder] calling emptyBuffer 2 w/ time 1792000 us
08-24 21:16:03.544   932 10189 V NuPlayerDecoder: [OMX.google.aac.decoder] onMessage: AMessage(what = 'cdcN', target = 64) = {
08-24 21:16:03.544   932 10189 V NuPlayerDecoder:   int32_t callbackID = 2
08-24 21:16:03.544   932 10189 V NuPlayerDecoder:   int32_t index = 2
08-24 21:16:03.544   932 10189 V NuPlayerDecoder:   size_t offset = 0
08-24 21:16:03.544   932 10189 V NuPlayerDecoder:   size_t size = 2048
08-24 21:16:03.544   932 10189 V NuPlayerDecoder:   int64_t timeUs = 1408000
08-24 21:16:03.544   932 10189 V NuPlayerDecoder:   int32_t flags = 0
08-24 21:16:03.544   932 10189 V NuPlayerDecoder: }
08-24 21:16:03.544   932 10189 V NuPlayerDecoder: [audio] kWhatCodecNotify: cbID = 2, paused = 0
08-24 21:16:03.555   708  1349 V AudioFlinger: onIdleMixer
08-24 21:16:03.564  9509 10177 V AudioTrack: processAudioBuffer(35): obtainBuffer(212) returned 1920 = 212 + 1708 err 0
08-24 21:16:03.564  9509 10177 V AudioTrack: processAudioBuffer(35): obtainBuffer(962) returned 1708 = 552 + 1156 err 0
08-24 21:16:03.564  9509 10177 V AudioTrack: processAudioBuffer(35): obtainBuffer(698) returned 1444 = 288 + 1156 err 0
08-24 21:16:03.564  9509 10177 V AudioTrack: start(35): prior state:STATE_ACTIVE
08-24 21:16:03.564  9509 10177 V AudioTrack: processAudioBuffer(35): obtainBuffer(410) returned 1156 = 410 + 746 err 0
08-24 21:16:03.564  9509 10177 V AudioTrack: processAudioBuffer(35): obtainBuffer(218) returned 964 = 218 + 746 err 0
08-24 21:16:03.564  9509 10177 V AudioTrack: start(35): prior state:STATE_ACTIVE
08-24 21:16:03.564  9509 10177 V AudioTrack: processAudioBuffer(35): obtainBuffer(962) returned 746 = 746 + 0 err 0
08-24 21:16:03.569  9509 10177 V AudioTrack: processAudioBuffer(35): obtainBuffer(962) returned 746 = 746 + 0 err 0
08-24 21:16:03.569  9509 10177 V AudioTrack: processAudioBuffer(35): obtainBuffer(700) returned 484 = 484 + 0 err 0
08-24 21:16:03.569  9509 10177 V AudioTrack: start(35): prior state:STATE_ACTIVE
08-24 21:16:03.569  9509 10177 V AudioTrack: processAudioBuffer(35): obtainBuffer(220) returned 4 = 4 + 0 err 0
08-24 21:16:03.569  9509 10177 V AudioTrack: start(35): prior state:STATE_ACTIVE
08-24 21:16:03.569  9509 10177 V AudioTrack: processAudioBuffer(35): obtainBuffer(216) returned 0 = 0 + 0 err -11
08-24 21:16:03.576   708  1349 V AudioFlinger: onIdleMixer
08-24 21:16:03.596   708  1349 V AudioFlinger: onIdleMixer
08-24 21:16:03.604  9509 10177 V AudioTrack: processAudioBuffer(35): obtainBuffer(216) returned 1920 = 216 + 1704 err 0
08-24 21:16:03.604  9509 10177 V AudioTrack: processAudioBuffer(35): obtainBuffer(962) returned 1704 = 676 + 1028 err 0
08-24 21:16:03.604  9509 10177 V AudioTrack: processAudioBuffer(35): obtainBuffer(702) returned 1444 = 416 + 1028 err 0
08-24 21:16:03.604  9509 10177 V AudioTrack: start(35): prior state:STATE_ACTIVE
08-24 21:16:03.604  9509 10177 V AudioTrack: processAudioBuffer(35): obtainBuffer(286) returned 1028 = 286 + 742 err 0
08-24 21:16:03.604  9509 10177 V AudioTrack: processAudioBuffer(35): obtainBuffer(222) returned 964 = 222 + 742 err 0
08-24 21:16:03.604  9509 10177 V AudioTrack: start(35): prior state:STATE_ACTIVE
08-24 21:16:03.604  9509 10177 V AudioTrack: processAudioBuffer(35): obtainBuffer(962) returned 742 = 742 + 0 err 0
08-24 21:16:03.609  9509 10177 V AudioTrack: processAudioBuffer(35): obtainBuffer(962) returned 742 = 742 + 0 err 0
08-24 21:16:03.609  9509 10177 V AudioTrack: processAudioBuffer(35): obtainBuffer(704) returned 484 = 484 + 0 err 0
08-24 21:16:03.609  9509 10177 V AudioTrack: start(35): prior state:STATE_ACTIVE
08-24 21:16:03.609  9509 10177 V AudioTrack: processAudioBuffer(35): obtainBuffer(224) returned 4 = 4 + 0 err 0
08-24 21:16:03.609  9509 10177 V AudioTrack: start(35): prior state:STATE_ACTIVE
08-24 21:16:03.609  9509 10177 V AudioTrack: processAudioBuffer(35): obtainBuffer(220) returned 0 = 0 + 0 err -11
08-24 21:16:03.616   708  1349 V AudioFlinger: onIdleMixer
08-24 21:16:03.637   708  1349 V AudioFlinger: onIdleMixer
08-24 21:16:03.644  9509 10177 V AudioTrack: processAudioBuffer(35): obtainBuffer(220) returned 1920 = 220 + 1700 err 0
08-24 21:16:03.644  9509 10177 V AudioTrack: processAudioBuffer(35): obtainBuffer(962) returned 1700 = 800 + 900 err 0
08-24 21:16:03.644  9509 10177 V AudioTrack: processAudioBuffer(35): obtainBuffer(706) returned 1444 = 544 + 900 err 0
08-24 21:16:03.644  9509 10177 V AudioTrack: start(35): prior state:STATE_ACTIVE
08-24 21:16:03.644  9509 10177 V AudioTrack: processAudioBuffer(35): obtainBuffer(226) returned 964 = 64 + 900 err 0
08-24 21:16:03.644  9509 10177 V AudioTrack: start(35): prior state:STATE_ACTIVE
08-24 21:16:03.644  9509 10177 V AudioTrack: processAudioBuffer(35): obtainBuffer(162) returned 900 = 162 + 738 err 0
08-24 21:16:03.644  9509 10177 V AudioTrack: processAudioBuffer(35): obtainBuffer(962) returned 738 = 738 + 0 err 0
08-24 21:16:03.649  9509 10177 V AudioTrack: processAudioBuffer(35): obtainBuffer(962) returned 738 = 738 + 0 err 0
08-24 21:16:03.649  9509 10177 V AudioTrack: processAudioBuffer(35): obtainBuffer(708) returned 484 = 484 + 0 err 0
08-24 21:16:03.650  9509 10177 V AudioTrack: start(35): prior state:STATE_ACTIVE
08-24 21:16:03.650  9509 10177 V AudioTrack: processAudioBuffer(35): obtainBuffer(228) returned 4 = 4 + 0 err 0
08-24 21:16:03.650  9509 10177 V AudioTrack: start(35): prior state:STATE_ACTIVE
08-24 21:16:03.650  9509 10177 V AudioTrack: processAudioBuffer(35): obtainBuffer(224) returned 0 = 0 + 0 err -11
08-24 21:16:03.657   708  1349 V AudioFlinger: onIdleMixer
08-24 21:16:03.678   708  1349 V AudioFlinger: onIdleMixer
08-24 21:16:03.684  9509 10177 V AudioTrack: processAudioBuffer(35): obtainBuffer(224) returned 1920 = 224 + 1696 err 0
08-24 21:16:03.684  9509 10177 V AudioTrack: processAudioBuffer(35): obtainBuffer(962) returned 1696 = 924 + 772 err 0
08-24 21:16:03.684  9509 10177 V AudioTrack: processAudioBuffer(35): obtainBuffer(710) returned 1444 = 672 + 772 err 0
08-24 21:16:03.684  9509 10177 V AudioTrack: start(35): prior state:STATE_ACTIVE
08-24 21:16:03.684  9509 10177 V AudioTrack: processAudioBuffer(35): obtainBuffer(230) returned 964 = 192 + 772 err 0
08-24 21:16:03.684  9509 10177 V AudioTrack: start(35): prior state:STATE_ACTIVE
08-24 21:16:03.684  9509 10177 V AudioTrack: processAudioBuffer(35): obtainBuffer(38) returned 772 = 38 + 734 err 0
08-24 21:16:03.684  9509 10177 V AudioTrack: processAudioBuffer(35): obtainBuffer(962) returned 734 = 734 + 0 err 0
08-24 21:16:03.689  9509 10177 V AudioTrack: processAudioBuffer(35): obtainBuffer(962) returned 734 = 734 + 0 err 0
