03-28 23:04:49.165     0     0 W         : Error: swapper/0: fastrpc_cb_probe: failed to create debugfs global file
03-28 23:04:49.165     0     0 I iommu   : Adding device soc:qcom,msm_fastrpc:qcom,msm_fastrpc_compute_cb13 to group 27
03-28 23:04:49.165     0     0 W         : Error: swapper/0: fastrpc_cb_probe: failed to create debugfs global file
03-28 23:04:49.167     0     0 I         : [ite_acc] ite_accessory_probe
03-28 23:04:49.167     0     0 I         : [ite_acc] ite_accessory_probe success
03-28 23:04:49.168     0     0 W         : OEM Debug, usb_gigabit ethernet init begin
03-28 23:04:49.168     0     0 W         : OEM Debug usb_eth_io_ctl_probe: probe enter.
03-28 23:04:49.188     0     0 W usb_eth_gpio_map_dump: usb_eth_gpio_map information:
03-28 23:04:49.188     0     0 W pmwke   : [i=0]-[qcom,usb_eth_wol_en]-[eth_wol_en]-[out]-[io=80]-[def=1]-[delay=0]
03-28 23:04:49.188     0     0 W pmwke   : [i=1]-[qcom,usb_eth_reset-gpio]-[eth_reset_io]-[out]-[io=106]-[def=0]-[delay=0]
03-28 23:04:49.188     0     0 W pmwke   : [i=2]-[qcom,usb_eth_wakeup-gpio]-[eth_wakeup_io]-[out]-[io=110]-[def=1]-[delay=0]
03-28 23:04:49.188     0     0 W         : eth_pwr
03-28 23:04:49.188     0     0 W         : OEM debug usb_eth_gpio_reset begin.
03-28 23:04:49.191     0     0 I hub 1-1.3: 1.0: USB hub found
03-28 23:04:49.191     0     0 I hub 1-1.3: 1.0: 4 ports detected
03-28 23:04:49.218     0     0 W         : OEM debug usb_eth_gpio_reset end.
03-28 23:04:49.218     0     0 I         : [usb_mux] registered handler(-70625052) for usb mode switch
03-28 23:04:49.218     0     0 I usb_oem_probe: enter
03-28 23:04:49.218     0     0 I         : usbPortPathInit 545 read path succeed: typec-u2-path 1-1.4
03-28 23:04:49.218     0     0 I usb_oem_probe: usbPortsSpeedCfg[0].portU2Path=1-1.4
03-28 23:04:49.218     0     0 I         : usbPortPathInit 545 read path succeed: typec-u3-path 2-1.4
03-28 23:04:49.218     0     0 I usb_oem_probe: usbPortsSpeedCfg[0].portU3Path=2-1.4
03-28 23:04:49.218     0     0 I         : usbPortPathInit 545 read path succeed: typea-u2-path 1-1.2
03-28 23:04:49.218     0     0 I usb_oem_probe: usbPortsSpeedCfg[1].portU2Path=1-1.2
03-28 23:04:49.218     0     0 I         : usbPortPathInit 545 read path succeed: typea-u3-path 2-1.2
03-28 23:04:49.218     0     0 I usb_oem_probe: usbPortsSpeedCfg[1].portU3Path=2-1.2
03-28 23:04:49.218     0     0 E         : usbPortPathInit 542 read path failed: typea-ex3-u2-path
03-28 23:04:49.218     0     0 I usb_oem_probe: usbPortsSpeedCfg[2].portU2Path=
03-28 23:04:49.219     0     0 E         : usbPortPathInit 542 read path failed: typea-ex3-u3-path
03-28 23:04:49.219     0     0 I usb_oem_probe: usbPortsSpeedCfg[2].portU3Path=
03-28 23:04:49.219     0     0 E         : usbPortPathInit 542 read path failed: typea-ex4-u2-path
03-28 23:04:49.219     0     0 I usb_oem_probe: usbPortsSpeedCfg[3].portU2Path=
03-28 23:04:49.219     0     0 E         : usbPortPathInit 542 read path failed: typea-ex4-u3-path
03-28 23:04:49.219     0     0 I usb_oem_probe: usbPortsSpeedCfg[3].portU3Path=
03-28 23:04:49.219     0     0 E         : usbPortPathInit 542 read path failed: typea-ex5-u2-path
03-28 23:04:49.219     0     0 I usb_oem_probe: usbPortsSpeedCfg[4].portU2Path=
03-28 23:04:49.219     0     0 E         : usbPortPathInit 542 read path failed: typea-ex5-u3-path
03-28 23:04:49.219     0     0 I usb_oem_probe: usbPortsSpeedCfg[4].portU3Path=
03-28 23:04:49.219     0     0 I         : usbPortPathInit 545 read path succeed: micro-usb1-path 1-1.3.1
03-28 23:04:49.219     0     0 I usb_oem_probe: usbPortsSpeedCfg[5].portU2Path=1-1.3.1
03-28 23:04:49.219     0     0 I usb_oem_probe: usbPortsSpeedCfg[5].portU3Path=
03-28 23:04:49.219     0     0 I         : usbPortPathInit 545 read path succeed: micro-usb2-path 1-1.3.2
03-28 23:04:49.219     0     0 I usb_oem_probe: usbPortsSpeedCfg[6].portU2Path=1-1.3.2
03-28 23:04:49.219     0     0 I usb_oem_probe: usbPortsSpeedCfg[6].portU3Path=
03-28 23:04:49.219     0     0 I         : usbPortPathInit 545 read path succeed: micro-usb3-path 1-1.3.3
03-28 23:04:49.219     0     0 I usb_oem_probe: usbPortsSpeedCfg[7].portU2Path=1-1.3.3
03-28 23:04:49.219     0     0 I usb_oem_probe: usbPortsSpeedCfg[7].portU3Path=
03-28 23:04:49.219     0     0 I         : usbPortPathInit 545 read path succeed: micro-usb4-path 1-1.3.4
03-28 23:04:49.219     0     0 I usb_oem_probe: usbPortsSpeedCfg[8].portU2Path=1-1.3.4
03-28 23:04:49.219     0     0 I usb_oem_probe: usbPortsSpeedCfg[8].portU3Path=
03-28 23:04:49.219     0     0 I usb_ports_pwr_reset(): enter
03-28 23:04:49.219     0     0 I GL3523_portpwr_get: enter, 0
03-28 23:04:49.219     0     0 I usb_ports_pwr_reset(): HUB3_PWR_CFG currentValue=0
03-28 23:04:49.219     0     0 I usb_ports_pwr_reset(): HUB3_PWR_CFG pwrDisableValue=30
03-28 23:04:49.219     0     0 I GL3523_portpwr_set: enter val = 30
03-28 23:04:49.219     0     0 I GL3523_portpwr_set: typeC pwr enable
03-28 23:04:49.219     0     0 I it8855 6-0040: vbus_ctl
03-28 23:04:49.219     0     0 E i2c-msm-v2 c1b6000.i2c: msm_bus_scale_register_client(mstr-id:84):0x1e (ok)
03-28 23:04:49.219     0     0 I it8855 6-0040: usb_c vbus is already: 0
03-28 23:04:49.219     0     0 I GL3523_portpwr_set: typeA pwr disable
03-28 23:04:49.219     0     0 I gl3523_typeA_pwr_set: enter = 1
03-28 23:04:49.219     0     0 I gl3523_typeA_pwr_set: it is in device mode, ignore the typa pwr set from FS, only store the config
03-28 23:04:49.219     0     0 I         : [it8855] set_typec_power = 0
03-28 23:04:49.219     0     0 I it8855 6-0040: vbus_ctl
03-28 23:04:49.219     0     0 I it8855 6-0040: Current status: VBUS-Enabled
03-28 23:04:49.219     0     0 I it8855 6-0040: Will set to : VBUS-Disabled
03-28 23:04:49.448     0     0 I usb 2-1.1: new SuperSpeed USB device number 3 using xhci-hcd
03-28 23:04:49.474     0     0 I usb 2-1.1: New USB device found, idVendor=0b95, idProduct=1790
03-28 23:04:49.474     0     0 I usb 2-1.1: New USB device strings: Mfr=1, Product=2, SerialNumber=3
03-28 23:04:49.474     0     0 I usb 2-1.1: Product: AX88179
03-28 23:04:49.474     0     0 I usb 2-1.1: Manufacturer: ASIX Elec. Corp.
03-28 23:04:49.474     0     0 I usb 2-1.1: SerialNumber: 00000000000003
03-28 23:04:49.558     0     0 E of_batterydata_get_best_profile: No battery data found
03-28 23:04:49.558     0     0 E FG      : fg_get_batt_profile: couldn't find profile handle
03-28 23:04:49.558     0     0 W FG      : profile_load_work: profile for batt_id=100KOhms not found..using OTP, rc:-61
03-28 23:04:49.576     0     0 W OEM debug: general mode disable autosuspend.
03-28 23:04:49.788     0     0 I         : [it8855] set_typec_power = 1
03-28 23:04:49.788     0     0 I it8855 6-0040: vbus_ctl
03-28 23:04:49.788     0     0 I it8855 6-0040: Current status: VBUS-Disabled
03-28 23:04:49.788     0     0 I it8855 6-0040: Will set to : VBUS-Enabled
03-28 23:04:49.848     0     0 I it8855 6-0040: Reset it8855 when enable vbus!
03-28 23:04:49.915     0     0 I it8855 6-0040: irq comming!
03-28 23:04:49.915     0     0 I it8855 6-0040: irq_work_func!
03-28 23:04:49.948     0     0 I it8855 6-0040: status is: detach, no contract, CC1, dfp, source, exit mode
03-28 23:04:49.948     0     0 I it8855 6-0040: Exit Alternate mode!
03-28 23:04:49.968     0     0 I it8855 6-0040: reset irq gpio to high
03-28 23:04:49.988     0     0 I GL3523_portpwr_set: enter val = 0
03-28 23:04:49.988     0     0 I GL3523_portpwr_set: typeC pwr enable
03-28 23:04:49.988     0     0 I it8855 6-0040: vbus_ctl
03-28 23:04:49.988     0     0 I it8855 6-0040: usb_c vbus is already: 0
03-28 23:04:49.988     0     0 I GL3523_portpwr_set: typeA pwr enable
03-28 23:04:49.988     0     0 I gl3523_typeA_pwr_set: enter = 0
03-28 23:04:49.988     0     0 I gl3523_typeA_pwr_set: it is in device mode, ignore the typa pwr set from FS, only store the config
03-28 23:04:49.988     0     0 I gl852_portpwr_get: enter
03-28 23:04:49.988     0     0 I usb_ports_pwr_reset(): HUB2_PWR_CFG currentValue=0
03-28 23:04:49.988     0     0 I gl852_portpwr_set: enter val = 15
03-28 23:04:49.988     0     0 I gl852_portpwr_set: 83 0
03-28 23:04:49.988     0     0 I gl852_portpwr_set: 84 0
03-28 23:04:49.988     0     0 I gl852_portpwr_set: 85 0
03-28 23:04:49.988     0     0 I gl852_portpwr_set: 86 0
03-28 23:04:49.988     0     0 I         : [ite_acc] get_accessory_id = 0
03-28 23:04:49.988     0     0 I it8855 6-0040: irq_work_func!
03-28 23:04:50.028     0     0 I it8855 6-0040: status is: detach, no contract, CC1, dfp, source, exit mode
03-28 23:04:50.028     0     0 I it8855 6-0040: Exit Alternate mode!
03-28 23:04:50.068     0     0 I         : [ite_acc] get_accessory_id = 0
03-28 23:04:50.498     0     0 I gl852_portpwr_set: enter val = 0
03-28 23:04:50.498     0     0 I gl852_portpwr_set: 83 1
03-28 23:04:50.498     0     0 I gl852_portpwr_set: 84 1
03-28 23:04:50.498     0     0 I gl852_portpwr_set: 85 1
03-28 23:04:50.498     0     0 I gl852_portpwr_set: 86 1
03-28 23:04:50.498     0     0 I usb_oem_probe: succeed exit!
03-28 23:04:50.499     0     0 I input   : soc:gpio_keys as /devices/platform/soc/soc:gpio_keys/input/input3
03-28 23:04:50.499     0     0 I rtc-max31343 1-0068: read date/time raw! 0x21-03-29 03:04:50 W02
03-28 23:04:50.500     0     0 I rtc-max31343 1-0068: read date/time! 2021-03-29 03:04:50
03-28 23:04:50.500     0     0 I rtc-max31343 1-0068: setting system clock to 2021-03-29 03:04:50 UTC (1616987090)
03-28 23:04:50.502     0     0 E lpm_levels: register_cluster_lpm_stats()
03-28 23:04:50.502     0     0 E lpm_levels: register_cluster_lpm_stats()
03-28 23:04:50.507     0     0 I gfx_mem_acc_corner: disabling
03-28 23:04:50.507     0     0 I gdsc_ufs: disabling
03-28 23:04:50.507     0     0 I cam_vadd_gpio_regulator: disabling
03-28 23:04:50.507     0     0 I cam_vaf_gpio_regulator: disabling
03-28 23:04:50.507     0     0 I cam_rear_dvdd_gpio_regulator: disabling
03-28 23:04:50.507     0     0 I apc0_pwrcl_corner: disabling
03-28 23:04:50.507     0     0 I apc1_perfcl_corner: disabling
03-28 23:04:50.507     0     0 I regulator_proxy_consumer_remove_all: removing regulator proxy consumer requests
03-28 23:04:50.507     0     0 I         : ALSA device list:
03-28 23:04:50.507     0     0 I         : No soundcards found.
03-28 23:04:50.509     0     0 I         : Freeing unused kernel memory: 6144K
03-28 23:04:50.513     0     0 I init    : init first stage started!
03-28 23:04:50.513     0     0 I init    : [libfs_mgr]dt_fstab: Skip disabled entry for partition vendor
03-28 23:04:50.513     0     0 I init    : [libfs_mgr]ReadFstabFromDt(): failed to read fstab from dt
03-28 23:04:50.513     0     0 I init    : [libfs_mgr]dt_fstab: Skip disabled entry for partition vendor
03-28 23:04:50.514     0     0 I init    : Using Android DT directory /proc/device-tree/firmware/android/
03-28 23:04:50.543     0     0 I init    : [libfs_mgr]Created logical partition system_a on device /dev/block/dm-0
03-28 23:04:50.543     0     0 I init    : [libfs_mgr]Skipping zero-length logical partition: system_b
03-28 23:04:50.543     0     0 I init    : [libfs_mgr]Created logical partition product_a on device /dev/block/dm-1
03-28 23:04:50.543     0     0 I init    : [libfs_mgr]Skipping zero-length logical partition: product_b
03-28 23:04:50.544     0     0 I init    : [libfs_mgr]Created logical partition vendor_a on device /dev/block/dm-2
03-28 23:04:50.550     0     0 I EXT4-fs (mmcblk0p52): recovery complete
03-28 23:04:50.550     0     0 I EXT4-fs (mmcblk0p52): mounted filesystem with ordered data mode. Opts: discard
03-28 23:04:50.557     0     0 I EXT4-fs (dm-0): mounted filesystem without journal. Opts: barrier=1,discard
03-28 23:04:50.564     0     0 I EXT4-fs (dm-1): mounted filesystem without journal. Opts: barrier=1,discard
03-28 23:04:50.568     0     0 I EXT4-fs (dm-2): mounted filesystem without journal. Opts: barrier=1,discard
03-28 23:04:50.632     0     0 I F2FS-fs (dm-3): recover fsync data on readonly fs
03-28 23:04:50.632     0     0 I F2FS-fs (dm-3): Mounted with checkpoint version = 12dae526
03-28 23:04:50.670     0     0 I F2FS-fs (dm-3): Mounted with checkpoint version = 12dae526
03-28 23:04:50.681     0     0 W init    : 26 output lines suppressed due to ratelimiting
03-28 23:04:50.767     0     0 I init    : Loading SELinux policy
03-28 23:04:50.779     0     0 D SELinux : 16384 avtab hash slots, 50012 rules.
03-28 23:04:50.791     0     0 D SELinux : 16384 avtab hash slots, 50012 rules.
03-28 23:04:50.791     0     0 D SELinux : 1 users, 4 roles, 2230 types, 0 bools, 1 sens, 1024 cats
03-28 23:04:50.791     0     0 D SELinux : 97 classes, 50012 rules
03-28 23:04:50.793     0     0 I SELinux : Permission nlmsg_readpriv in class netlink_route_socket not defined in policy.
03-28 23:04:50.793     0     0 I SELinux : the above unknown classes and permissions will be denied
03-28 23:04:50.794     0     0 I SELinux : policy capability network_peer_controls=1
03-28 23:04:50.794     0     0 I SELinux : policy capability open_perms=1
03-28 23:04:50.794     0     0 I SELinux : policy capability extended_socket_class=1
03-28 23:04:50.794     0     0 I SELinux : policy capability always_check_network=0
03-28 23:04:50.794     0     0 I SELinux : policy capability cgroup_seclabel=0
03-28 23:04:50.794     0     0 I SELinux : policy capability nnp_nosuid_transition=1
03-28 23:04:50.794     0     0 D SELinux : Completing initialization.
03-28 23:04:50.794     0     0 D SELinux : Setting up existing superblocks.
03-28 23:04:50.839   474   474 I auditd  : type=1403 audit(0.0:2): policy loaded auid=4294967295 ses=4294967295
03-28 23:04:50.839   474   474 I auditd  : type=1403 audit(0.0:2): policy loaded auid=4294967295 ses=4294967295
03-28 23:04:50.839   474   474 I auditd  : type=1404 audit(0.0:3): enforcing=1 old_enforcing=0 auid=4294967295 ses=4294967295
03-28 23:04:50.839   474   474 W auditd  : type=1404 audit(0.0:3): enforcing=1 old_enforcing=0 auid=4294967295 ses=4294967295
03-28 23:04:50.857     0     0 I selinux : SELinux: Loaded policy from /vendor/etc/selinux/precompiled_sepolicy
03-28 23:04:50.862     0     0 I selinux : SELinux: Loaded file_contexts
03-28 23:04:50.881     0     0 I init    : init second stage started!
03-28 23:04:50.898     0     0 I init    : Using Android DT directory /proc/device-tree/firmware/android/
03-28 23:04:50.901     0     0 I selinux : SELinux: Loaded file_contexts
03-28 23:04:50.901     0     0 I init    : Running restorecon...
03-28 23:04:50.916     0     0 E selinux : avc:  denied  { set } for  scontext=u:r:vendor_init:s0 tcontext=u:object_r:default_prop:s0 tclass=property_service permissive=0
03-28 23:04:50.916     0     0 E init    : Do not have permissions to set 'ro.product.vendor.otadevice' to 'ota.sdm660_64' in property file '/vendor/build.prop': SELinux permission check failed
03-28 23:04:50.916     0     0 E selinux : avc:  denied  { set } for  scontext=u:r:vendor_init:s0 tcontext=u:object_r:default_prop:s0 tclass=property_service permissive=0
03-28 23:04:50.916     0     0 E init    : Do not have permissions to set 'ro.product.vendor.otamodel' to 'ota.sdm660_64' in property file '/vendor/build.prop': SELinux permission check failed
03-28 23:04:50.916     0     0 E selinux : avc:  denied  { set } for  scontext=u:r:vendor_init:s0 tcontext=u:object_r:default_prop:s0 tclass=property_service permissive=0
03-28 23:04:50.916     0     0 E init    : Do not have permissions to set 'ro.product.vendor.otaname' to 'ota.sdm660_64' in property file '/vendor/build.prop': SELinux permission check failed
03-28 23:04:51.037     0     0 I ueventd : ueventd started!
03-28 23:04:51.040     0     0 I selinux : SELinux: Loaded file_contexts
03-28 23:04:51.040     0     0 I ueventd : Parsing file /ueventd.rc...
03-28 23:04:51.041     0     0 I ueventd : Parsing file /vendor/ueventd.rc...
03-28 23:04:51.043     0     0 E ueventd : /vendor/ueventd.rc: 191: /sys/ lines must have 5 entries
03-28 23:04:51.044     0     0 I ueventd : Parsing file /odm/ueventd.rc...
03-28 23:04:51.044     0     0 I ueventd : Unable to read config file '/odm/ueventd.rc': open() failed: No such file or directory
03-28 23:04:51.044     0     0 I ueventd : Parsing file /ueventd.qcom.rc...
03-28 23:04:51.044     0     0 I ueventd : Unable to read config file '/ueventd.qcom.rc': open() failed: No such file or directory
03-28 23:04:51.051     0     0 I apexd   : Bootstrap subcommand detected
03-28 23:04:51.056     0     0 I apexd   : Scanning /system/apex for embedded keys
03-28 23:04:51.056     0     0 I apexd   : Scanning /product/apex for embedded keys
03-28 23:04:51.056     0     0 I apexd   : ... does not exist. Skipping
03-28 23:04:51.056     0     0 I apexd   : Scanning /system/apex looking for APEX packages.
03-28 23:04:51.056     0     0 I apexd   : Found /system/apex/com.android.tzdata
03-28 23:04:51.057     0     0 I apexd   : Successfully bind-mounted flattened package /system/apex/com.android.tzdata on /apex/com.android.tzdata@290000000
03-28 23:04:51.057     0     0 I apexd   : Found /system/apex/com.android.conscrypt
03-28 23:04:51.057     0     0 I apexd   : Skipped when bootstrapping
03-28 23:04:51.057     0     0 I apexd   : Found /system/apex/com.android.resolv
03-28 23:04:51.059     0     0 W apexd   : 9 output lines suppressed due to ratelimiting
03-28 23:04:51.059     0     0 I         : apexd (459) used greatest stack depth: 12224 bytes left
03-28 23:04:51.117     0     0 I         : modprobe (461) used greatest stack depth: 11856 bytes left
03-28 23:04:51.140     0     0 W q6_pdr_dlkm: loading out-of-tree module taints kernel.
03-28 23:04:51.157     0     0 W adsp_loader_dlkm: no symbol version for apr_set_modem_state
03-28 23:04:51.398     0     0 E pmic_analog_codec 800f000.qcom,spmi: qcom,pm660l@3:anlg-cdc@f000: Adsp is not loaded yet 0
03-28 23:04:51.408     0     0 E msm_sdw_codec 152c1000.msm-sdw-codec: Adsp is not loaded yet 0
03-28 23:04:51.424     0     0 E pmic_analog_codec 800f000.qcom,spmi: qcom,pm660l@3:anlg-cdc@f000: Adsp is not loaded yet 0
03-28 23:04:51.424     0     0 E msm_sdw_codec 152c1000.msm-sdw-codec: Adsp is not loaded yet 0
03-28 23:04:51.425     0     0 E pmic_analog_codec 800f000.qcom,spmi: qcom,pm660l@3:anlg-cdc@f000: Adsp is not loaded yet 0
03-28 23:04:51.425     0     0 E msm_sdw_codec 152c1000.msm-sdw-codec: Adsp is not loaded yet 0
03-28 23:04:51.503     0     0 I oem-init: /vendor/bin/oem_init start with 1 parameters
03-28 23:04:51.504     0     0 I oem-init: sysfs:path sys/devices/soc0/project_id data 44 size 4
03-28 23:04:51.504     0     0 I oem-init: Project id: 44
03-28 23:04:51.504     0     0 I oem-init: model id: 15in-I-Series-4
03-28 23:04:51.504     0     0 I oem-init: product name: 15in-I-Series-4
03-28 23:04:51.504     0     0 I oem-init: oemmodel id: i4_in15_std
03-28 23:04:51.504     0     0 I oem-init: common features: BT-WIFI-PwrLED-UartMux-TypeC
03-28 23:04:51.505     0     0 I oem-init: sku features: eth-PoE-GSen-DuSpk-GPIO-AdbMux-eRTC-Key2-dmic-SD-exPD
03-28 23:04:51.507     0     0 I oem-init: sku accessorylist: PosStandWithCFD-PosStandNoCFD-FlipStand
03-28 23:04:51.507     0     0 I oem-init: sku lcd_density: 240
03-28 23:04:51.774     0     0 E FG      : fg_get_time_to_full_locked: battery profile is not loaded
03-28 23:04:53.437     0     0 I ueventd : Coldboot took 2.393 seconds
03-28 23:04:53.477     0     0 I         : Registered swp emulation handler
03-28 23:04:53.521     0     0 I logd.auditd: start
03-28 23:04:53.537     0     0 I init    : wait for '/dev/block/platform/soc/c0c4000.sdhci' took 0ms
03-28 23:04:53.593     0     0 I EXT4-fs (mmcblk0p48): mounted filesystem with ordered data mode. Opts: barrier=1
03-28 23:04:53.609   490   490 I auditd  : type=1400 audit(0.0:4): avc: denied { read } for comm="e2fsck" name="mmcblk0p37" dev="tmpfs" ino=16981 scontext=u:r:fsck:s0 tcontext=u:object_r:block_device:s0 tclass=blk_file permissive=0
03-28 23:04:53.609   490   490 W e2fsck  : type=1400 audit(0.0:4): avc: denied { read } for name="mmcblk0p37" dev="tmpfs" ino=16981 scontext=u:r:fsck:s0 tcontext=u:object_r:block_device:s0 tclass=blk_file permissive=0
03-28 23:04:53.609   490   490 I auditd  : type=1400 audit(0.0:5): avc: denied { read write } for comm="e2fsck" name="mmcblk0p37" dev="tmpfs" ino=16981 scontext=u:r:fsck:s0 tcontext=u:object_r:block_device:s0 tclass=blk_file permissive=0
03-28 23:04:53.609   490   490 W e2fsck  : type=1400 audit(0.0:5): avc: denied { read write } for name="mmcblk0p37" dev="tmpfs" ino=16981 scontext=u:r:fsck:s0 tcontext=u:object_r:block_device:s0 tclass=blk_file permissive=0
03-28 23:04:53.628     0     0 I e2fsck  : e2fsck 1.44.4 (18-Aug-2018)
03-28 23:04:53.628     0     0 I e2fsck  : /system/bin/e2fsck: Permission denied while trying to open /dev/block/bootdevice/by-name/persist
03-28 23:04:53.628     0     0 I e2fsck  :  
03-28 23:04:53.628     0     0 I e2fsck  : You must have r/w access to the filesystem or be root
03-28 23:04:53.628     0     0 I e2fsck  : e2fsck terminated by exit(8)
03-28 23:04:53.634     0     0 I EXT4-fs (mmcblk0p37): recovery complete
03-28 23:04:53.634     0     0 I EXT4-fs (mmcblk0p37): mounted filesystem with ordered data mode. Opts: barrier=1
03-28 23:04:53.646   476   476 I hwservicemanager: hwservicemanager is ready now.
03-28 23:04:53.647   480   480 E cutils-trace: Error opening trace file: Permission denied (13)
03-28 23:04:53.647   476   476 E cutils-trace: Error opening trace file: Permission denied (13)
--------- beginning of system
03-28 23:04:53.658   486   486 I vold    : Vold 3.0 (the awakening) firing up
03-28 23:04:53.659   486   486 D vold    : Detected support for: ext4 f2fs vfat
03-28 23:04:53.661     0     0 I init    : wait for '/dev/block/bootdevice/by-name/spconf' took 0ms
03-28 23:04:53.661     0     0 I subsys-pil-tz 15700000.qcom,lpass: adsp: loading from 0x0000000092a00000 to 0x0000000094800000
03-28 23:04:53.662   486   486 D vold    : Found unmanaged dm device named system_a
03-28 23:04:53.662   486   486 D vold    : Found unmanaged dm device named vendor_a
03-28 23:04:53.662   486   486 D vold    : Found unmanaged dm device named scratch
03-28 23:04:53.662   486   486 D vold    : Found unmanaged dm device named product_a
03-28 23:04:53.663   486   486 W vold    : Failed to LOOP_GET_STATUS64 /dev/block/loop9: No such device or address
03-28 23:04:53.663   486   486 W vold    : Failed to LOOP_GET_STATUS64 /dev/block/loop11: No such device or address
03-28 23:04:53.663   486   486 W vold    : Failed to LOOP_GET_STATUS64 /dev/block/loop15: No such device or address
03-28 23:04:53.663   486   486 W vold    : Failed to LOOP_GET_STATUS64 /dev/block/loop3: No such device or address
03-28 23:04:53.663   486   486 W vold    : Failed to LOOP_GET_STATUS64 /dev/block/loop1: No such device or address
03-28 23:04:53.663   486   486 W vold    : Failed to LOOP_GET_STATUS64 /dev/block/loop12: No such device or address
03-28 23:04:53.663   486   486 W vold    : Failed to LOOP_GET_STATUS64 /dev/block/loop7: No such device or address
03-28 23:04:53.663   486   486 W vold    : Failed to LOOP_GET_STATUS64 /dev/block/loop2: No such device or address
03-28 23:04:53.663   486   486 W vold    : Failed to LOOP_GET_STATUS64 /dev/block/loop6: No such device or address
03-28 23:04:53.663   486   486 W vold    : Failed to LOOP_GET_STATUS64 /dev/block/loop10: No such device or address
03-28 23:04:53.663   486   486 W vold    : Failed to LOOP_GET_STATUS64 /dev/block/loop5: No such device or address
03-28 23:04:53.663   486   486 W vold    : Failed to LOOP_GET_STATUS64 /dev/block/loop8: No such device or address
03-28 23:04:53.663   486   486 W vold    : Failed to LOOP_GET_STATUS64 /dev/block/loop14: No such device or address
03-28 23:04:53.663   486   486 W vold    : Failed to LOOP_GET_STATUS64 /dev/block/loop0: No such device or address
03-28 23:04:53.663   486   486 W vold    : Failed to LOOP_GET_STATUS64 /dev/block/loop4: No such device or address
03-28 23:04:53.663   486   486 W vold    : Failed to LOOP_GET_STATUS64 /dev/block/loop13: No such device or address
03-28 23:04:53.663   486   486 I vold    : [libfs_mgr]dt_fstab: Skip disabled entry for partition vendor
03-28 23:04:53.665   486   486 D vold    : VoldNativeService::start() completed OK
03-28 23:04:53.674     0     0 I EXT4-fs (mmcblk0p39): recovery complete
03-28 23:04:53.674     0     0 I EXT4-fs (mmcblk0p39): mounted filesystem with ordered data mode. Opts: barrier=1
03-28 23:04:53.704   480   480 I ServiceManagement: Registered vendor.qti.hardware.qseecom@1.0::IQSEECom/default (start delay of 185ms)
03-28 23:04:53.704   480   480 I ServiceManagement: Removing namespace from process name vendor.qti.hardware.qseecom@1.0-service to qseecom@1.0-service.
03-28 23:04:53.705   480   480 I QSEECOM_SERVICE: IQSEECom registerAsService is successful
03-28 23:04:53.714     0     0 D vdc     : Waited 0ms for vold
03-28 23:04:53.857   534   534 D QSEECOMD: : qseecom listener services process entry PPID = 1
03-28 23:04:53.857   534   534 E QSEECOMD: : Listener: index = 0, hierarchy = 0
03-28 23:04:53.861   534   534 D QSEECOMD: : Init dlopen(librpmb.so, RTLD_NOW) succeeds
03-28 23:04:53.861   534   534 D QSEECOMD: : Init::Init dlsym(g_FSHandle rpmb_init_service) succeeds
03-28 23:04:53.861   534   534 I rpmb_emmc: RPMB Mult (512-bytes sector) = 32768, Rel_sec_cnt = 32
03-28 23:04:53.861   534   534 E DrmLibRpmb: rpmb_init succeeded! with ret = 0
03-28 23:04:53.861   534   534 D QSEECOMD: : Init rpmb_init_service ret = 0
03-28 23:04:53.861   534   534 D QSEECOMD: : RPMB system services: init (Listener ID = 8192)
03-28 23:04:53.861   534   534 E QSEECOMD: : Listener: index = 1, hierarchy = 0
03-28 23:04:53.863   534   534 D QSEECOMD: : Init dlopen(libssd.so, RTLD_NOW) succeeds
03-28 23:04:53.863   534   534 D QSEECOMD: : Init::Init dlsym(g_FSHandle ssd_init_service) succeeds
03-28 23:04:53.863   534   534 E SSD     : ssd_init_service succeeded!
03-28 23:04:53.863   534   534 D QSEECOMD: : Init ssd_init_service ret = 0
03-28 23:04:53.863   534   534 D QSEECOMD: : SSD system services: init (Listener ID = 12288)
03-28 23:04:53.863   534   534 E QSEECOMD: : Listener: index = 2, hierarchy = 0
03-28 23:04:53.891   534   534 D QSEECOMD: : Init dlopen(libsecureui.so, RTLD_NOW) succeeds
03-28 23:04:53.892   534   534 D QSEECOMD: : Init::Init dlsym(g_FSHandle secure_ui_init) succeeds
03-28 23:04:53.892   534   534 D QSEECOMD: : Init secure_ui_init ret = 0
03-28 23:04:53.892   534   534 D QSEECOMD: : secure UI services: init (Listener ID = 16384)
03-28 23:04:53.892   534   534 D QSEECOMD: : qseecom listener service threads starting!!! 
03-28 23:04:53.892   534   534 D QSEECOMD: : Total listener services to start = 10
03-28 23:04:53.892   534   534 E QSEECOMD: : Listener: index = 0, hierarchy = 1
03-28 23:04:53.892   534   534 D QSEECOMD: : Init dlopen(librpmb.so, RTLD_NOW) succeeds
03-28 23:04:53.892   534   534 D QSEECOMD: : Init::Init dlsym(g_FSHandle rpmb_start) succeeds
03-28 23:04:53.892   534   534 D QSEECOMAPI: QSEECom_register_listener 8192 sb_length = 0x6400
03-28 23:04:53.892   534   534 E ion     : ioctl c0044901 failed with code -1: Not a typewriter
03-28 23:04:53.894   534   534 D QSEECOMD: : Init rpmb_start ret = 0
03-28 23:04:53.894   534   534 D QSEECOMD: : RPMB system services: Started (Listener ID = 8192)
03-28 23:04:53.894   534   534 E QSEECOMD: : Listener: index = 1, hierarchy = 1
03-28 23:04:53.894   534   534 D QSEECOMD: : Init dlopen(libssd.so, RTLD_NOW) succeeds
03-28 23:04:53.894   534   534 D QSEECOMD: : Init::Init dlsym(g_FSHandle ssd_start) succeeds
03-28 23:04:53.894   534   534 D QSEECOMAPI: QSEECom_register_listener 12288 sb_length = 0x5000
03-28 23:04:53.895   534   534 D QSEECOMD: : Init ssd_start ret = 0
03-28 23:04:53.895   534   534 D QSEECOMD: : SSD system services: Started (Listener ID = 12288)
03-28 23:04:53.895   534   534 E QSEECOMD: : Listener: index = 2, hierarchy = 1
03-28 23:04:53.895   534   534 D QSEECOMD: : Init dlopen(libsecureui.so, RTLD_NOW) succeeds
03-28 23:04:53.895   534   534 D QSEECOMD: : Init::Init dlsym(g_FSHandle secure_ui_start) succeeds
03-28 23:04:53.896   534   534 D QSEECOMAPI: QSEECom_register_listener 16384 sb_length = 0x10a8
03-28 23:04:53.896   534   534 D QSEECOMD: : Init secure_ui_start ret = 0
03-28 23:04:53.896   534   534 D QSEECOMD: : secure UI services: Started (Listener ID = 16384)
03-28 23:04:53.896   534   534 E QSEECOMD: : Listener: index = 3, hierarchy = 1
03-28 23:04:53.917   534   534 D QSEECOMD: : Init dlopen(libdrmtime.so, RTLD_NOW) succeeds
03-28 23:04:53.917   534   534 D QSEECOMD: : Init::Init dlsym(g_FSHandle atime_start) succeeds
03-28 23:04:53.917   534   534 D DrmLibTime: QSEE Time Listener: atime_start
03-28 23:04:53.917   534   534 D QSEECOMAPI: QSEECom_register_listener 11 sb_length = 0x5000
03-28 23:04:53.918   534   534 D DrmLibTime: registering fs service to QSEECom is done!
03-28 23:04:53.918   534   534 D DrmLibTime: begin to create a thread!
03-28 23:04:53.918   534   534 D DrmLibTime: Creating a pthread in atime_start is done! return 0
03-28 23:04:53.918   534   534 D QSEECOMD: : Init atime_start ret = 0
03-28 23:04:53.918   534   534 D QSEECOMD: : time services: Started (Listener ID = 11)
03-28 23:04:53.918   534   534 E QSEECOMD: : Listener: index = 4, hierarchy = 1
03-28 23:04:53.918   534   546 D DrmLibTime: QSEE Time Listener: dispatch
03-28 23:04:53.918   534   546 D DrmLibTime: before calling ioctl to read the next time_cmd
03-28 23:04:53.919   534   534 D QSEECOMD: : Init dlopen(libdrmfs.so, RTLD_NOW) succeeds
03-28 23:04:53.919   534   534 D QSEECOMD: : Init::Init dlsym(g_FSHandle fs_start) succeeds
03-28 23:04:53.919   534   534 D QSEECOMAPI: QSEECom_register_listener 10 sb_length = 0x5000
03-28 23:04:53.919   534   534 D QSEECOMD: : Init fs_start ret = 0
03-28 23:04:53.919   534   534 D QSEECOMD: : file system services: Started (Listener ID = 10)
03-28 23:04:53.919   534   534 E QSEECOMD: : Listener: index = 5, hierarchy = 1
03-28 23:04:53.920   534   534 D QSEECOMD: : Init dlopen(libdrmfs.so, RTLD_NOW) succeeds
03-28 23:04:53.920   534   534 D QSEECOMD: : Init::Init dlsym(g_FSHandle gpfs_start) succeeds
03-28 23:04:53.921   534   534 D QSEECOMAPI: QSEECom_register_listener 28672 sb_length = 0x7e000
03-28 23:04:53.923   534   534 D QSEECOMD: : Init gpfs_start ret = 0
03-28 23:04:53.923   534   534 D QSEECOMD: : gpfile system services: Started (Listener ID = 28672)
03-28 23:04:53.923   534   534 E QSEECOMD: : Listener: index = 6, hierarchy = 1
03-28 23:04:53.926   534   534 D QSEECOMD: : Init dlopen(libqisl.so, RTLD_NOW) succeeds
03-28 23:04:53.926   534   534 D QSEECOMD: : Init::Init dlsym(g_FSHandle qisl_start) succeeds
03-28 23:04:53.927   534   549 I QISL    : QSEE Interrupt Service Listener Thread is started
03-28 23:04:53.927   534   549 D QSEECOMAPI: QSEECom_register_listener 36864 sb_length = 0x1f4
03-28 23:04:53.927   534   549 I QISL    : QSEE Interrupt Service Listener was activated successfully
03-28 23:04:53.927   534   534 D QSEECOMD: : Init qisl_start ret = 0
03-28 23:04:53.927   534   534 D QSEECOMD: : interrupt services: Started (Listener ID = 36864)
03-28 23:04:53.927   534   534 E QSEECOMD: : Listener: index = 7, hierarchy = 1
03-28 23:04:53.928   534   534 E QSEECOMD: : Init dlopen(libspl.so, RLTD_NOW) is failed.... dlopen failed: library "libspl.so" not found
03-28 23:04:53.928   534   534 E QSEECOMD: : Listener: index = 8, hierarchy = 1
03-28 23:04:53.930   534   534 D QSEECOMD: : Init dlopen(libGPreqcancel.so, RTLD_NOW) succeeds
03-28 23:04:53.930   534   534 D QSEECOMD: : Init::Init dlsym(g_FSHandle gp_reqcancel_start) succeeds
03-28 23:04:53.930   534   534 D QSEECOMAPI: QSEECom_register_listener 4352 sb_length = 0x5000
03-28 23:04:53.931   534   534 D QSEECOMD: : Init gp_reqcancel_start ret = 0
03-28 23:04:53.931   534   534 D QSEECOMD: : gp request cancellation services: Started (Listener ID = 4352)
03-28 23:04:53.931   534   534 E QSEECOMD: : Listener: index = 9, hierarchy = 1
03-28 23:04:53.931   534   534 E QSEECOMD: : Init dlopen(libops.so, RLTD_NOW) is failed.... dlopen failed: library "libops.so" not found
03-28 23:04:53.932   534   534 D QSEECOMD: : QSEECOM DAEMON RUNNING 
03-28 23:04:53.973     0     0 I init    : wait for '/dev/block/bootdevice/by-name/eloconf' took 0ms
03-28 23:04:53.977     0     0 I EXT4-fs (mmcblk0p38): recovery complete
03-28 23:04:53.977     0     0 I EXT4-fs (mmcblk0p38): mounted filesystem with ordered data mode. Opts: barrier=1
03-28 23:04:54.004   479   479 D QSEECOMAPI: QSEECom_get_handle sb_length = 0xa000
03-28 23:04:54.022   558   558 I ServiceManagement: Registered android.hardware.atrace@1.0::IAtraceDevice/default (start delay of 44ms)
03-28 23:04:54.023   558   558 I ServiceManagement: Removing namespace from process name android.hardware.atrace@1.0-service to atrace@1.0-service.
03-28 23:04:54.024   559   559 I ServiceManagement: Registered android.hardware.boot@1.0::IBootControl/default (start delay of 35ms)
03-28 23:04:54.024   559   559 I ServiceManagement: Removing namespace from process name android.hardware.boot@1.0-service to boot@1.0-service.
03-28 23:04:54.024   559   559 I android.hardware.boot@1.0-service: Registration complete for android.hardware.boot@1.0::IBootControl/default.
03-28 23:04:54.025   486   486 I Checkpoint: Validating checkpoint on /dev/block/bootdevice/by-name/userdata
03-28 23:04:54.025   562   562 I vdc     : vdc V 03-28 23:04:54   563   563 vdc.cpp:50] Waited 0ms for vold
03-28 23:04:54.025   561   561 D         : cryptfshw: svc service starting.
03-28 23:04:54.026   486   486 E Checkpoint: No magic
03-28 23:04:54.026   562   562 I vdc     : vdc E 03-28 23:04:54   563   563 vdc.cpp:60] Failed: Status(22, 22): 'No magic'
03-28 23:04:54.027   561   561 I ServiceManagement: Registered vendor.qti.hardware.cryptfshw@1.0::ICryptfsHw/default (start delay of 38ms)
03-28 23:04:54.027   561   561 I ServiceManagement: Removing namespace from process name vendor.qti.hardware.cryptfshw@1.0-service-qti to cryptfshw@1.0-service-qti.
03-28 23:04:54.027   561   561 E         : Registered CryptfsHw HAL service success
03-28 23:04:54.027   562   562 I vdc     : vdc terminated by exit(25)
03-28 23:04:54.031   560   560 D QSEECOMAPI: QSEECom_get_handle sb_length = 0xa000
03-28 23:04:54.048   562   562 I vdc     : vdc V 03-28 23:04:54   564   564 vdc.cpp:50] Waited 0ms for vold
03-28 23:04:54.054     0     0 W EXT4-fs (mmcblk0p75): Ignoring removed nomblk_io_submit option
03-28 23:04:54.103   560   560 D QSEECOMAPI: App is already loaded QSEE and app id = 65537
03-28 23:04:54.103   479   479 D QSEECOMAPI: App is already loaded QSEE and app id = 65537
03-28 23:04:54.103   479   479 E ion     : ioctl c0044901 failed with code -1: Not a typewriter
03-28 23:04:54.103   560   560 E ion     : ioctl c0044901 failed with code -1: Not a typewriter
03-28 23:04:54.104     0     0 I subsys-pil-tz 15700000.qcom,lpass: adsp: Brought out of reset
03-28 23:04:54.111   479   479 E KeymasterUtils: TA API Major Version: 4
03-28 23:04:54.111   479   479 E KeymasterUtils: TA API Minor Version: 0
03-28 23:04:54.111   479   479 E KeymasterUtils: TA Major Version: 4
03-28 23:04:54.111   479   479 E KeymasterUtils: TA Minor Version: 164
03-28 23:04:54.117   560   560 E KeymasterUtils: TA API Major Version: 4
03-28 23:04:54.117   560   560 E KeymasterUtils: TA API Minor Version: 0
03-28 23:04:54.117   560   560 E KeymasterUtils: TA Major Version: 4
03-28 23:04:54.117   560   560 E KeymasterUtils: TA Minor Version: 164
03-28 23:04:54.122     0     0 I subsys-pil-tz 15700000.qcom,lpass: Subsystem error monitoring/handling services are up
03-28 23:04:54.122     0     0 I subsys-pil-tz 15700000.qcom,lpass: adsp: Power/Clock ready interrupt received
03-28 23:04:54.124     0     0 E pmic_analog_codec 800f000.qcom,spmi: qcom,pm660l@3:anlg-cdc@f000: Adsp is not loaded yet 0
03-28 23:04:54.124     0     0 E msm_sdw_codec 152c1000.msm-sdw-codec: Adsp is not loaded yet 0
03-28 23:04:54.125     0     0 E pmic_analog_codec 800f000.qcom,spmi: qcom,pm660l@3:anlg-cdc@f000: Adsp is not loaded yet 0
03-28 23:04:54.125     0     0 E msm_sdw_codec 152c1000.msm-sdw-codec: Adsp is not loaded yet 0
03-28 23:04:54.126     0     0 E pmic_analog_codec 800f000.qcom,spmi: qcom,pm660l@3:anlg-cdc@f000: Adsp is not loaded yet 0
03-28 23:04:54.127     0     0 E msm_sdw_codec 152c1000.msm-sdw-codec: Adsp is not loaded yet 0
03-28 23:04:54.130     0     0 I apr_tal_rpmsg qcom,glink: adsp.apr_audio_svc.-1.-1: apr_tal_rpmsg_probe: Channel[apr_audio_svc] state[Up]
03-28 23:04:54.131   560   560 I ServiceManagement: Registered android.hardware.gatekeeper@1.0::IGatekeeper/default (start delay of 143ms)
03-28 23:04:54.131   560   560 I ServiceManagement: Removing namespace from process name android.hardware.gatekeeper@1.0-service-qti to gatekeeper@1.0-service-qti.
03-28 23:04:54.132     0     0 E pmic_analog_codec 800f000.qcom,spmi: qcom,pm660l@3:anlg-cdc@f000: Adsp is not loaded yet 0
03-28 23:04:54.132   560   560 I android.hardware.gatekeeper@1.0-service: Registration complete for android.hardware.gatekeeper@1.0::IGatekeeper/default.
03-28 23:04:54.132     0     0 E msm_sdw_codec 152c1000.msm-sdw-codec: Adsp is not loaded yet 0
03-28 23:04:54.135   479   479 I ServiceManagement: Registered android.hardware.keymaster@4.0::IKeymasterDevice/default (start delay of 626ms)
03-28 23:04:54.135   479   479 I ServiceManagement: Removing namespace from process name android.hardware.keymaster@4.0-service-qti to keymaster@4.0-service-qti.
03-28 23:04:54.138     0     0 E pmic_analog_codec 800f000.qcom,spmi: qcom,pm660l@3:anlg-cdc@f000: Adsp is not loaded yet 0
03-28 23:04:54.138     0     0 E msm_sdw_codec 152c1000.msm-sdw-codec: Adsp is not loaded yet 0
03-28 23:04:54.142     0     0 I adsprpc : fastrpc_rpmsg_probe: opened rpmsg channel for adsp
03-28 23:04:54.143     0     0 E pmic_analog_codec 800f000.qcom,spmi: qcom,pm660l@3:anlg-cdc@f000: Adsp is not loaded yet 0
03-28 23:04:54.143     0     0 E msm_sdw_codec 152c1000.msm-sdw-codec: Adsp is not loaded yet 0
03-28 23:04:54.186     0     0 I EXT4-fs (mmcblk0p75): 7 orphan inodes deleted
03-28 23:04:54.186     0     0 I EXT4-fs (mmcblk0p75): recovery complete
03-28 23:04:54.190     0     0 I EXT4-fs (mmcblk0p75): mounted filesystem with ordered data mode. Opts: errors=remount-ro,nomblk_io_submit
03-28 23:04:54.493     0     0 I e2fsck  : e2fsck 1.44.4 (18-Aug-2018)
03-28 23:04:54.493     0     0 I e2fsck  : Pass 1: Checking inodes, blocks, and sizes
03-28 23:04:54.493     0     0 I e2fsck  : Pass 2: Checking directory structure
03-28 23:04:54.493     0     0 I e2fsck  : Pass 3: Checking directory connectivity
03-28 23:04:54.493     0     0 I e2fsck  : Pass 4: Checking reference counts
03-28 23:04:54.493     0     0 I e2fsck  : Pass 5: Checking group summary information
03-28 23:04:54.493     0     0 I e2fsck  : data: 3171/915712 files (2.3% non-contiguous), 221652/3662109 blocks
03-28 23:04:54.498     0     0 I EXT4-fs (mmcblk0p75): mounted filesystem with ordered data mode. Opts: barrier=1,noauto_da_alloc,discard,lazytime
03-28 23:04:54.529     0     0 D vdc     : Waited 0ms for vold
03-28 23:04:54.529   486   486 I Checkpoint: cp_prepareCheckpoint called
03-28 23:04:54.552     0     0 D vdc     : Waited 0ms for vold
03-28 23:04:54.553   486   486 I vold    : fscrypt_initialize_systemwide_keys
03-28 23:04:54.553   486   486 D vold    : Key exists, using: /data/unencrypted/key
03-28 23:04:54.557   476   476 I hwservicemanager: getTransport: Cannot find entry android.hardware.keymaster@3.0::IKeymasterDevice/default in either framework or device manifest.
03-28 23:04:54.557   486   486 I vold    : List of Keymaster HALs found:
03-28 23:04:54.558   486   486 I vold    : Keymaster HAL #1: Keymaster HAL: 4 from QTI SecurityLevel: TRUSTED_ENVIRONMENT HAL: android.hardware.keymaster@4.0::IKeymasterDevice/default
03-28 23:04:54.560   486   486 D vold    : Computing HMAC with params { (seed: 146ca1ede7573cd015a152e98f23fb40f53a60e1cc2eda29d54515514c3ca548, nonce: 29d1345de4ba2863153fa4c07388dd45a3254d58a762a2a716bca43d95340b2) }
03-28 23:04:54.560   486   486 D vold    : Computing HMAC for Keymaster HAL: 4 from QTI SecurityLevel: TRUSTED_ENVIRONMENT HAL: android.hardware.keymaster@4.0::IKeymasterDevice/default
03-28 23:04:54.564   486   486 I vold    : Using Keymaster HAL: 4 from QTI for encryption.  Security level: TRUSTED_ENVIRONMENT, HAL: android.hardware.keymaster@4.0::IKeymasterDevice/default
03-28 23:04:54.573   486   486 D RefBase : RefBase: Explicit destruction, weak count = 0 (in 0x79d341ea68)
03-28 23:04:54.573   486   486 W RefBase : CallStack::getCurrentInternal not linked, returning null
03-28 23:04:54.573   486   486 W RefBase : CallStack::logStackInternal not linked
03-28 23:04:54.573   486   486 E vold    : Inserting using old mechanism  Error 19: No such device
03-28 23:04:54.573   486   486 D vold    : Added key 1011317528 (ext4:01a63eed8c8e2c6b) to keyring 448097582 in process 486key size64
03-28 23:04:54.573   486   486 E vold    : Inserting using old mechanism  Error 19: No such device
03-28 23:04:54.573   486   486 D vold    : Added key 120255562 (f2fs:01a63eed8c8e2c6b) to keyring 448097582 in process 486key size64
03-28 23:04:54.573   486   486 E vold    : Inserting using old mechanism  Error 19: No such device
03-28 23:04:54.573   486   486 D vold    : Added key 554742864 (fscrypt:01a63eed8c8e2c6b) to keyring 448097582 in process 486key size64
03-28 23:04:54.578   486   486 I vold    : Wrote system DE key reference to:/data/unencrypted/ref
03-28 23:04:54.578   486   486 E vold    : Inserting using old mechanism  Error 19: No such device
03-28 23:04:54.578   486   486 D vold    : Added key 1000603245 (ext4:baab4b20d519d5d2) to keyring 448097582 in process 486key size64
03-28 23:04:54.578   486   486 E vold    : Inserting using old mechanism  Error 19: No such device
03-28 23:04:54.578   486   486 D vold    : Added key 455385856 (f2fs:baab4b20d519d5d2) to keyring 448097582 in process 486key size64
03-28 23:04:54.578   486   486 E vold    : Inserting using old mechanism  Error 19: No such device
03-28 23:04:54.578   486   486 D vold    : Added key 398938548 (fscrypt:baab4b20d519d5d2) to keyring 448097582 in process 486key size64
03-28 23:04:54.579   486   486 I vold    : Wrote per boot key reference to:/data/unencrypted/per_boot_ref
03-28 23:04:54.583     0     0 I fscrypt : AES-256-CTS-CBC using implementation "cts(cbc-aes-ce)"
03-28 23:04:54.617   581   581 E fsverity_init: Failed to load /product/etc/security/fsverity/*.der
03-28 23:04:54.630   582   582 E /system/bin/mini-keyctl: Cannot find keyring id
03-28 23:04:54.646   583   583 E fsverity_init: Failed to restrict .fs-verity keyring
03-28 23:04:54.690   584   584 I apexd   : Marking APEXd as starting
03-28 23:04:54.691     0     0 I apexd   : Marking APEXd as starting
03-28 23:04:54.691   584   584 I apexd   : Scanning /system/apex for embedded keys
03-28 23:04:54.691     0     0 I apexd   : Scanning /system/apex for embedded keys
03-28 23:04:54.692   584   584 I apexd   : Scanning /product/apex for embedded keys
03-28 23:04:54.692     0     0 I apexd   : Scanning /product/apex for embedded keys
03-28 23:04:54.692   584   584 I apexd   : ... does not exist. Skipping
03-28 23:04:54.692   584   584 I apexd   : Populating APEX database from mounts...
03-28 23:04:54.692     0     0 I apexd   : ... does not exist. Skipping
03-28 23:04:54.692     0     0 I apexd   : Populating APEX database from mounts...
03-28 23:04:54.692   584   584 E apexd   : Failed to walk /product/apex : Can't open /product/apex for reading : No such file or directory
03-28 23:04:54.692     0     0 E apexd   : Failed to walk /product/apex : Can't open /product/apex for reading : No such file or directory
03-28 23:04:54.692   584   584 I apexd   : Found "/apex/com.android.tzdata@290000000"
03-28 23:04:54.692     0     0 I apexd   : Found "/apex/com.android.tzdata@290000000"
03-28 23:04:54.692   584   584 I apexd   : Found "/apex/com.android.runtime@1"
03-28 23:04:54.692     0     0 I apexd   : Found "/apex/com.android.runtime@1"
03-28 23:04:54.693   584   584 I apexd   : 2 packages restored.
03-28 23:04:54.693     0     0 I apexd   : 2 packages restored.
03-28 23:04:54.693   584   584 I apexd   : Scanning /data/apex/sessions looking for sessions to be activated.
03-28 23:04:54.693     0     0 I apexd   : Scanning /data/apex/sessions looking for sessions to be activated.
03-28 23:04:54.693   584   584 I apexd   : Scanning /data/apex/active looking for APEX packages.
03-28 23:04:54.693   584   584 I apexd   : Activated 0 packages. Skipped: 0
03-28 23:04:54.693   584   584 I apexd   : Scanning /system/apex looking for APEX packages.
03-28 23:04:54.693   584   584 I apexd   : Found /system/apex/com.android.tzdata
03-28 23:04:54.693   584   584 I apexd   : Skipping activation of /system/apex/com.android.tzdata same package with higher version 290000000 is already active
03-28 23:04:54.694   584   584 I apexd   : Found /system/apex/com.android.conscrypt
03-28 23:04:54.694   584   584 V apexd   : Creating mount point: /apex/com.android.conscrypt@290000000
03-28 23:04:54.694   584   584 I apexd   : Successfully bind-mounted flattened package /system/apex/com.android.conscrypt on /apex/com.android.conscrypt@290000000
03-28 23:04:54.694   584   584 V apexd   : Creating bind-mount for /apex/com.android.conscrypt for /apex/com.android.conscrypt@290000000
03-28 23:04:54.694   584   584 V apexd   : Creating mountpoint /apex/com.android.conscrypt
03-28 23:04:54.694   584   584 V apexd   : Bind-mounting /apex/com.android.conscrypt@290000000 to /apex/com.android.conscrypt
03-28 23:04:54.694   584   584 D apexd   : Successfully activated /system/apex/com.android.conscrypt package_name: com.android.conscrypt version: 290000000
03-28 23:04:54.694   584   584 I apexd   : Found /system/apex/com.android.resolv
03-28 23:04:54.694   584   584 V apexd   : Creating mount point: /apex/com.android.resolv@290000000
03-28 23:04:54.694   584   584 I apexd   : Successfully bind-mounted flattened package /system/apex/com.android.resolv on /apex/com.android.resolv@290000000
03-28 23:04:54.694   584   584 V apexd   : Creating bind-mount for /apex/com.android.resolv for /apex/com.android.resolv@290000000
03-28 23:04:54.694   584   584 V apexd   : Creating mountpoint /apex/com.android.resolv
03-28 23:04:54.694   584   584 V apexd   : Bind-mounting /apex/com.android.resolv@290000000 to /apex/com.android.resolv
03-28 23:04:54.694   584   584 D apexd   : Successfully activated /system/apex/com.android.resolv package_name: com.android.resolv version: 290000000
03-28 23:04:54.694   584   584 I apexd   : Found /system/apex/com.android.media
03-28 23:04:54.694   584   584 V apexd   : Creating mount point: /apex/com.android.media@290000000
03-28 23:04:54.694   584   584 I apexd   : Successfully bind-mounted flattened package /system/apex/com.android.media on /apex/com.android.media@290000000
03-28 23:04:54.694   584   584 V apexd   : Creating bind-mount for /apex/com.android.media for /apex/com.android.media@290000000
03-28 23:04:54.694   584   584 V apexd   : Creating mountpoint /apex/com.android.media
03-28 23:04:54.694   584   584 V apexd   : Bind-mounting /apex/com.android.media@290000000 to /apex/com.android.media
03-28 23:04:54.694   584   584 D apexd   : Successfully activated /system/apex/com.android.media package_name: com.android.media version: 290000000
03-28 23:04:54.694   584   584 I apexd   : Found /system/apex/com.android.media.swcodec
03-28 23:04:54.694   584   584 V apexd   : Creating mount point: /apex/com.android.media.swcodec@290000000
03-28 23:04:54.694   584   584 I apexd   : Successfully bind-mounted flattened package /system/apex/com.android.media.swcodec on /apex/com.android.media.swcodec@290000000
03-28 23:04:54.694   584   584 V apexd   : Creating bind-mount for /apex/com.android.media.swcodec for /apex/com.android.media.swcodec@290000000
03-28 23:04:54.694   584   584 V apexd   : Creating mountpoint /apex/com.android.media.swcodec
03-28 23:04:54.694   584   584 V apexd   : Bind-mounting /apex/com.android.media.swcodec@290000000 to /apex/com.android.media.swcodec
03-28 23:04:54.694   584   584 D apexd   : Successfully activated /system/apex/com.android.media.swcodec package_name: com.android.media.swcodec version: 290000000
03-28 23:04:54.694   584   584 I apexd   : Found /system/apex/com.android.runtime.debug
03-28 23:04:54.695   584   584 I apexd   : Skipping activation of /system/apex/com.android.runtime.debug same package with higher version 1 is already active
03-28 23:04:54.695   584   584 I apexd   : Activated 4 packages. Skipped: 2
03-28 23:04:54.695   584   584 I apexd   : Scanning /product/apex looking for APEX packages.
03-28 23:04:54.695   584   584 E apexd   : Failed to activate packages from /product/apex : Failed to scan /product/apex : Can't open /product/apex for reading : No such file or directory
03-28 23:04:54.695   584   584 I apexd   : Marking APEXd as ready
03-28 23:04:54.744     0     0 W         : init (pid 1) is setting deprecated v1 encryption policy; recommend upgrading to v2.
03-28 23:04:54.771     0     0 D vdc     : Waited 0ms for vold
03-28 23:04:54.771   486   486 D vold    : fscrypt_init_user0
03-28 23:04:54.771   486   486 D vold    : Preparing: /data/misc/vold/user_keys
03-28 23:04:54.772   486   486 D vold    : Preparing: /data/misc/vold/user_keys/ce
03-28 23:04:54.772   486   486 D vold    : Preparing: /data/misc/vold/user_keys/de
03-28 23:04:54.772   486   486 D vold    : Skipping non-de-key ..
03-28 23:04:54.776   476   476 I hwservicemanager: getTransport: Cannot find entry android.hardware.keymaster@3.0::IKeymasterDevice/default in either framework or device manifest.
