06-23 20:48:11.758   684   958 I mm-camera: <MCT   >< INFO> 5336: mct_pipeline_start_session_thread: Module pproc start_session rc = 1
06-23 20:48:11.758   684   958 I mm-camera: <MCT   >< INFO> 5344: mct_pipeline_start_session_thread: started_num = 4, success = 4
06-23 20:48:11.758   684   958 I mm-camera: <MCT   >< INFO> 5351: mct_pipeline_start_session_thread: X pproc
06-23 20:48:11.759   684   956 I mm-camera: <MCT   >< INFO> 5336: mct_pipeline_start_session_thread: Module stats start_session rc = 1
06-23 20:48:11.759   684   956 I mm-camera: <MCT   >< INFO> 5344: mct_pipeline_start_session_thread: started_num = 5, success = 5
06-23 20:48:11.759   684   956 I mm-camera: <MCT   >< INFO> 5351: mct_pipeline_start_session_thread: X stats
06-23 20:48:11.761   639   639 W Zygote  : Class not found for preloading: android.view.-$$Lambda$SurfaceView$Cs7TGTdA1lXf9qW8VOJAfEsMjdk
06-23 20:48:11.765   684   951 I mm-camera: <MCT   >< INFO> 5336: mct_pipeline_start_session_thread: Module sensor start_session rc = 1
06-23 20:48:11.765   684   951 I mm-camera: <MCT   >< INFO> 5344: mct_pipeline_start_session_thread: started_num = 6, success = 6
06-23 20:48:11.765   684   951 I mm-camera: <MCT   >< INFO> 5351: mct_pipeline_start_session_thread: X sensor
06-23 20:48:11.768   639   639 W Zygote  : Class not found for preloading: android.view.SurfaceView$3
06-23 20:48:11.770   639   639 W Zygote  : Class not found for preloading: android.view.textclassifier.-$$Lambda$TextClassificationManager$JIaezIJbMig_-kVzN6oArzkTsJE
06-23 20:48:11.776   684   684 I mm-camera: <MCT   >< INFO> 5247: mct_pipeline_start_stream_internal: Adding session stream streamid= 0xf for session=3
06-23 20:48:11.776   684   684 I mm-camera: <MCT   >< INFO> 5295: mct_pipeline_start_stream_internal: Linking session stream for session 3
06-23 20:48:11.776   684   684 I mm-camera: <MCT   >< INFO> 526: mct_stream_start_link: Start linking Session-stream 0x3000f
06-23 20:48:11.776   684   684 I mm-camera: <IFACE >< INFO> 344: iface_util_find_primary_cid: iface_util_find_primary_cid:344 error cannot find primary sensor format cids 1
06-23 20:48:11.776   684   684 I mm-camera: <ISP   >< INFO> 851: isp_port_check_caps_reserve: port 0xef079300 ide 3000f type 10 dim 0 0
06-23 20:48:11.777   684   684 I mm-camera: <PPROC >< INFO> 449: pproc_port_add_modules_to_stream: in identity 3000f stream 10 int_link = 0xee887b80
06-23 20:48:11.777   684   684 I mm-camera: <PPROC >< INFO> 461: pproc_port_add_modules_to_stream: :LINK linking mods tmod and paaf for identity 3000f
06-23 20:48:11.777   684   684 I mm-camera: <PPROC >< INFO> 461: pproc_port_add_modules_to_stream: :LINK linking mods paaf and sat for identity 3000f
06-23 20:48:11.777   684   684 I mm-camera: <PPROC >< INFO> 461: pproc_port_add_modules_to_stream: :LINK linking mods sat and c2d for identity 3000f
06-23 20:48:11.777   684   684 I mm-camera: <C2D   >< INFO> 1557: c2d_module_notify_add_stream: width 0, height 0, stride 0, scanline 0, is_type 0
06-23 20:48:11.777   684   684 I mm-camera: <PPROC >< INFO> 461: pproc_port_add_modules_to_stream: :LINK linking mods c2d and cpp for identity 3000f
06-23 20:48:11.777   684   684 I mm-camera: <CPP   >< INFO> 2538: cpp_module_notify_add_stream: :stream 10, width 0, height 0, stride 0,scanline 0, framelen 0
06-23 20:48:11.777   684   684 I mm-camera: <CPP   >< INFO> 2695: cpp_module_notify_add_stream: : stream 10, fmt 1, asf_mode 0, sharpness_level 0.000000,asf mask 0, denoise 0, denoise_mask 0, dsdn mask 0,dsdn enable 0, tnr mask 0, tnr enable 0, ds_mask 0, luma dsdn 0
06-23 20:48:11.777   684   684 I mm-camera: <PPROC >< INFO> 461: pproc_port_add_modules_to_stream: :LINK linking mods cpp and depth_map for identity 3000f
06-23 20:48:11.778   684   684 I mm-camera: <PPROC >< INFO> 461: pproc_port_add_modules_to_stream: :LINK linking mods depth_map and ezt for identity 3000f
06-23 20:48:11.778   684   684 I mm-camera: <PPROC >< INFO> 461: pproc_port_add_modules_to_stream: :LINK linking mods ezt and quadracfa for identity 3000f
06-23 20:48:11.778   684   684 E mm-camera: <STATS ><ERROR> 3027: stats_port_check_caps_reserve: Invalid Port capability type!
06-23 20:48:11.778   684   684 I chatty  : uid=1047(cameraserver) provider@2.4-se identical 3 lines
06-23 20:48:11.778   684   684 E mm-camera: <STATS ><ERROR> 3027: stats_port_check_caps_reserve: Invalid Port capability type!
06-23 20:48:11.779   684   684 I mm-camera: <MCT   >< INFO> 5304: mct_pipeline_start_stream_internal: Session stream linked successfully session 3
06-23 20:48:11.779   684   970 E libsensor1: check_sensors_enabled: Sensors enabled = true
06-23 20:48:11.780   684   970 E Diag_Lib:  Diag_LSM_Init: Failed to open handle to diag driver, error = 13
06-23 20:48:11.780   639   639 W Zygote  : Class not found for preloading: com.android.internal.net.NetworkStatsFactory
06-23 20:48:11.780   684   684 E ion     : ioctl c0044901 failed with code -1: Not a typewriter
06-23 20:48:11.787   639   639 W Zygote  : Class not found for preloading: com.android.internal.telephony.-$$Lambda$PhoneSubInfoController$8HFbCDJDN1mrLJG980qYH5MGqMk
06-23 20:48:11.787   639   639 W Zygote  : Class not found for preloading: com.android.internal.telephony.-$$Lambda$PhoneSubInfoController$U28a_EGx2cvmQhDfRRgonMt5Zrc
06-23 20:48:11.787   639   639 W Zygote  : Class not found for preloading: com.android.internal.telephony.-$$Lambda$SubscriptionInfoUpdater$-zZXM9oMRZ3vZz7dJOG19J00Bmw
06-23 20:48:11.787   639   639 W Zygote  : Class not found for preloading: com.android.internal.telephony.-$$Lambda$SubscriptionInfoUpdater$D5yF1HbS4cvCyoAj3FESkPtA_0g
06-23 20:48:11.787   639   639 W Zygote  : Class not found for preloading: com.android.internal.telephony.-$$Lambda$SubscriptionInfoUpdater$MMx9iQX0JVqqMPLTUZhdBubFSzU
06-23 20:48:11.791   639   639 W Zygote  : Class not found for preloading: com.android.internal.telephony.GsmCdmaPhone$3
06-23 20:48:11.792   639   639 W Zygote  : Class not found for preloading: com.android.internal.telephony.NewNitzStateMachine$1
06-23 20:48:11.792   639   639 W Zygote  : Class not found for preloading: com.android.internal.telephony.NewNitzStateMachine
06-23 20:48:11.792   639   639 W Zygote  : Class not found for preloading: com.android.internal.telephony.NewTimeServiceHelper$1
06-23 20:48:11.792   639   639 W Zygote  : Class not found for preloading: com.android.internal.telephony.NewTimeServiceHelper$Listener
06-23 20:48:11.792   639   639 W Zygote  : Class not found for preloading: com.android.internal.telephony.NewTimeServiceHelper
06-23 20:48:11.792   639   639 W Zygote  : Class not found for preloading: com.android.internal.telephony.PhoneConfigurationModels
06-23 20:48:11.793   639   639 W Zygote  : Class not found for preloading: com.android.internal.telephony.SubscriptionController$ScLocalLog
06-23 20:48:11.795   639   639 W Zygote  : Class not found for preloading: com.android.internal.telephony.UiccSmsController
06-23 20:48:11.795   639   639 W Zygote  : Class not found for preloading: com.android.internal.telephony.dataconnection.DcController$2
06-23 20:48:11.799   639   639 W Zygote  : Class not found for preloading: com.android.internal.telephony.imsphone.-$$Lambda$ImsPhoneCallTracker$QlPVd_3u4_verjHUDnkn6zaSe54
06-23 20:48:11.799   639   639 W Zygote  : Class not found for preloading: com.android.internal.telephony.imsphone.ImsPhone$3
06-23 20:48:11.833   639   639 I Zygote  : ...preloaded 7579 classes in 940ms.
06-23 20:48:11.833   639   639 I zygote64: VMRuntime.preloadDexCaches starting
06-23 20:48:11.862   639   639 I zygote64: VMRuntime.preloadDexCaches strings total=387078 before=10256 after=10256
06-23 20:48:11.862   639   639 I zygote64: VMRuntime.preloadDexCaches types total=36474 before=7394 after=7663
06-23 20:48:11.862   639   639 I zygote64: VMRuntime.preloadDexCaches fields total=163878 before=8034 after=8235
06-23 20:48:11.862   639   639 I zygote64: VMRuntime.preloadDexCaches methods total=286419 before=11208 after=11641
06-23 20:48:11.862   639   639 I zygote64: VMRuntime.preloadDexCaches finished
06-23 20:48:11.865   639   639 I zygote64: The ClassLoaderContext is a special shared library.
06-23 20:48:11.867   639   639 D ApplicationLoaders: Created zygote-cached class loader: /system/framework/android.hidl.base-V1.0-java.jar
06-23 20:48:11.867   684   953 E mm-camera: <SENSOR><ERROR> ov8856_gt24p64b_get_calibration_items: 30: is_insensor:0, is_afc:1, is_wbc:1, is_lsc:1, is_dpc:0, is_ois:0, is_dual:0
06-23 20:48:11.868   684   953 E mm-camera: <SENSOR><ERROR> 247: module_sensor_offload_init_config: func_tbl for submodule 4 is NULL
06-23 20:48:11.868   684   953 E mm-camera: <SENSOR><ERROR> 249: module_sensor_offload_init_config: failed to get led off frame skip time
06-23 20:48:11.870   639   639 I zygote64: The ClassLoaderContext is a special shared library.
06-23 20:48:11.872   639   639 D ApplicationLoaders: Created zygote-cached class loader: /system/framework/android.hidl.manager-V1.0-java.jar
06-23 20:48:11.875   684   949 I mm-camera: <MCT   >< INFO> 3323: mct_sysinfo_read: sysinfo:path /sys/module/msm_sensor_driver/parameters/only_support_5M data 0 size 10
06-23 20:48:11.875   684   949 I mm-camera: <MCT   >< INFO> 2279: mct_pipeline_append_fps_entry:  Added hal_table[0]: (15.000000, 15.000000)
06-23 20:48:11.875   684   949 I mm-camera: <MCT   >< INFO> 2279: mct_pipeline_append_fps_entry:  Added hal_table[1]: (20.000000, 20.000000)
06-23 20:48:11.875   684   949 I mm-camera: <MCT   >< INFO> 2279: mct_pipeline_append_fps_entry:  Added hal_table[2]: (24.000000, 24.000000)
06-23 20:48:11.875   684   949 I mm-camera: <MCT   >< INFO> 2279: mct_pipeline_append_fps_entry:  Added hal_table[3]: (7.000000, 30.000000)
06-23 20:48:11.875   684   949 I mm-camera: <MCT   >< INFO> 2292: mct_pipeline_append_fps_entry:  Added hal_table[4]: (30.000000, 30.000000)
06-23 20:48:11.875   684   949 I mm-camera: <MCT   >< INFO> 3611: mct_pipeline_fill_dimensions_snapshot: Cam 1: FPS range selection complete. Publishing 5 ranges.
06-23 20:48:11.875   684   949 I mm-camera: <MCT   >< INFO> 2540: mct_pipeline_fill_caps_sensor: =====sensitivity_range.min_sensitivity =0 =====
06-23 20:48:11.875   684   949 I mm-camera: <MCT   >< INFO> 2541: mct_pipeline_fill_caps_sensor: =====sensitivity_range.max_sensitivity =1500 =====
06-23 20:48:11.875   684   949 I mm-camera: <MCT   >< INFO> 2739: mct_pipeline_fill_caps_isp: isp max encoder size : 5504 X 16383
06-23 20:48:11.875   684   949 I mm-camera: <MCT   >< INFO> 2746: mct_pipeline_fill_caps_isp: single isp max size : 3264 X 2448
06-23 20:48:11.875   684   949 I mm-camera: <MCT   >< INFO> 2757: mct_pipeline_fill_caps_isp: HAL max snapshot size in dual cam mode : 3264 X 2448
06-23 20:48:11.875   684   684 I mm-camera: <MCT   >< INFO> 310: mct_controller_destroy: Initiating destroy sequence for session = 3
06-23 20:48:11.875   684   684 I mm-camera: <MCT   >< INFO> 328: mct_controller_destroy: serv_thread closed
06-23 20:48:11.876   684   684 I mm-camera: <MCT   >< INFO> 343: mct_controller_destroy: bus_handler thread closed
06-23 20:48:11.876   684   684 I mm-camera: <MCT   >< INFO> 5404: mct_pipeline_stop_session: Initiating stop_session on session 3
06-23 20:48:11.876   684   684 I mm-camera: <MCT   >< INFO> 4288: mct_pipeline_process_set: command=800000b
06-23 20:48:11.876   684   684 I mm-camera: <MCT   >< INFO> 4533: mct_pipeline_process_set: Issuing DEL_STREAM on stream 0x3000f and stream type=10
06-23 20:48:11.876   684   684 I mm-camera: <IFACE >< INFO> 700: iface_unreserve_sink_port: stream_id f mode 0 
06-23 20:48:11.876   684   684 I mm-camera: <ISP   >< INFO> 941: isp_port_check_caps_unreserve: ide 3000f port 0xef079300
06-23 20:48:11.877   684   684 I mm-camera: <MCT   >< INFO> 4556: mct_pipeline_process_set: Stream 0x3000f and stream type=10, successfully deleted
06-23 20:48:11.878   684   977 I mm-camera: <MCT   >< INFO> 5138: mct_pipeline_stop_session_thread: Stop module name: sensor - E
06-23 20:48:11.878   684   978 I mm-camera: <MCT   >< INFO> 5138: mct_pipeline_stop_session_thread: Stop module name: iface - E
06-23 20:48:11.879   684   979 I mm-camera: <MCT   >< INFO> 5138: mct_pipeline_stop_session_thread: Stop module name: isp - E
06-23 20:48:11.879   684   978 I mm-camera: <MCT   >< INFO> 5146: mct_pipeline_stop_session_thread: Stop module name: iface - X
06-23 20:48:11.879   684   979 I mm-camera: <ISP   >< INFO> 510: isp_module_stop_session: session id 3
06-23 20:48:11.879   684   977 I mm-camera: <MCT   >< INFO> 5146: mct_pipeline_stop_session_thread: Stop module name: sensor - X
06-23 20:48:11.879   684   979 I mm-camera: <MCT   >< INFO> 5146: mct_pipeline_stop_session_thread: Stop module name: isp - X
06-23 20:48:11.880   684   980 I mm-camera: <MCT   >< INFO> 5138: mct_pipeline_stop_session_thread: Stop module name: stats - E
06-23 20:48:11.880   684   981 I mm-camera: <MCT   >< INFO> 5138: mct_pipeline_stop_session_thread: Stop module name: pproc - E
06-23 20:48:11.882   684   982 I mm-camera: <MCT   >< INFO> 5138: mct_pipeline_stop_session_thread: Stop module name: imglib - E
06-23 20:48:11.882   684   684 I mm-camera: <MCT   >< INFO> 5426: mct_pipeline_stop_session: Modules left: 5
06-23 20:48:11.882   684   684 I mm-camera: <MCT   >< INFO> 5426: mct_pipeline_stop_session: Modules left: 4
06-23 20:48:11.882   684   684 I mm-camera: <MCT   >< INFO> 5426: mct_pipeline_stop_session: Modules left: 3
06-23 20:48:11.883   684   981 E mm-camera: <IMGLIB><ERROR> 328: AllocateBuffers: Nothing allocated or already freed!
06-23 20:48:11.883   684   982 I mm-camera: <MCT   >< INFO> 5146: mct_pipeline_stop_session_thread: Stop module name: imglib - X
06-23 20:48:11.883   684   981 I mm-camera: <MCT   >< INFO> 5146: mct_pipeline_stop_session_thread: Stop module name: pproc - X
06-23 20:48:11.883   684   684 I mm-camera: <MCT   >< INFO> 5426: mct_pipeline_stop_session: Modules left: 2
06-23 20:48:11.883   684   684 I mm-camera: <MCT   >< INFO> 5426: mct_pipeline_stop_session: Modules left: 1
06-23 20:48:11.884   684   980 I mm-camera: <MCT   >< INFO> 5146: mct_pipeline_stop_session_thread: Stop module name: stats - X
06-23 20:48:11.884   684   684 I mm-camera: <MCT   >< INFO> 5426: mct_pipeline_stop_session: Modules left: 0
06-23 20:48:11.884   684   684 I mm-camera: <MCT   >< INFO> 5436: mct_pipeline_stop_session: Stopped session 3 successfully
06-23 20:48:11.884   684   684 I mm-camera: <MCT   >< INFO> 5740: mct_pipeline_destroy: E: session:3
06-23 20:48:11.884   684   684 E mm-camera: <MCT   ><ERROR> 179: stop_sof_check_thread: Returning as SOF timer thread not yet initialized
06-23 20:48:11.884   684   684 I mm-camera: <MCT   >< INFO> 5818: mct_pipeline_destroy: X: Pipeline destroyed successfully session =3
06-23 20:48:11.884   684   684 I mm-camera: <MCT   >< INFO> 422: mct_controller_destroy: X Successfully closed mct_controller session 3
06-23 20:48:11.886   684   684 E CamComm1.0-MD: Update metadata entry: Unknown tag -2145976319
06-23 20:48:11.886   684   684 E CamComm1.0-MD: Update metadata entry: Unknown tag -2145976317
06-23 20:48:11.886   684   684 I QCamera : <HAL><INFO> getCamInfo: 13767: camera 0 resource cost is 100
06-23 20:48:11.886   684   684 I CamComm1.0-CamModule: isOpenLegacyDefined: cts Enable == 0 
06-23 20:48:11.886   684   684 I QCamera : <HAL><INFO> openLegacy: 520: openLegacy halVersion: 256 cameraId = 0
06-23 20:48:11.890   684   684 E QCameraCommon: parseHWID: Got HW_ID = 324
06-23 20:48:11.892   684   684 I QCamera : <HAL><INFO> openCamera: 1901: [KPI Perf]: E PROFILE_OPEN_CAMERA camera id 0
06-23 20:48:11.893   684   684 E QCamera : <HAL><ERROR> acquirePerfLock: 614: Failed to acquire the perf lock
06-23 20:48:11.893   684   684 D QCamera : Debug log file is not enabled
06-23 20:48:11.894   684   684 I mm-camera: <MCT   >< INFO> 118: mct_controller_new: Creating new mct_controller with session-id 3
06-23 20:48:11.896   684   989 I mm-camera: <MCT   >< INFO> 5326: mct_pipeline_start_session_thread: E sensor
06-23 20:48:11.896   684   989 I mm-camera: <MCT   >< INFO> 5333: mct_pipeline_start_session_thread: Calling start_session on Module sensor
06-23 20:48:11.896   684   990 I mm-camera: <MCT   >< INFO> 5326: mct_pipeline_start_session_thread: E iface
06-23 20:48:11.896   684   990 I mm-camera: <MCT   >< INFO> 5333: mct_pipeline_start_session_thread: Calling start_session on Module iface
06-23 20:48:11.896   684   992 I mm-camera: <MCT   >< INFO> 5326: mct_pipeline_start_session_thread: E isp
06-23 20:48:11.896   684   992 I mm-camera: <MCT   >< INFO> 5333: mct_pipeline_start_session_thread: Calling start_session on Module isp
06-23 20:48:11.896   684   992 I mm-camera: <ISP   >< INFO> 214: isp_module_start_session: session id 3 
06-23 20:48:11.896   684   990 I mm-camera: <MCT   >< INFO> 5336: mct_pipeline_start_session_thread: Module iface start_session rc = 1
06-23 20:48:11.897   684   990 I mm-camera: <MCT   >< INFO> 5344: mct_pipeline_start_session_thread: started_num = 1, success = 1
06-23 20:48:11.897   684   990 I mm-camera: <MCT   >< INFO> 5351: mct_pipeline_start_session_thread: X iface
06-23 20:48:11.898   684   992 I mm-camera: <MCT   >< INFO> 5336: mct_pipeline_start_session_thread: Module isp start_session rc = 1
06-23 20:48:11.898   684   994 I mm-camera: <MCT   >< INFO> 5326: mct_pipeline_start_session_thread: E stats
06-23 20:48:11.898   684   992 I mm-camera: <MCT   >< INFO> 5344: mct_pipeline_start_session_thread: started_num = 2, success = 2
06-23 20:48:11.898   684   992 I mm-camera: <MCT   >< INFO> 5351: mct_pipeline_start_session_thread: X isp
06-23 20:48:11.898   684   994 I mm-camera: <MCT   >< INFO> 5333: mct_pipeline_start_session_thread: Calling start_session on Module stats
06-23 20:48:11.900   684   994 I mm-camera: <MCT   >< INFO> 5336: mct_pipeline_start_session_thread: Module stats start_session rc = 1
06-23 20:48:11.900   684   994 I mm-camera: <MCT   >< INFO> 5344: mct_pipeline_start_session_thread: started_num = 3, success = 3
06-23 20:48:11.900   684   994 I mm-camera: <MCT   >< INFO> 5351: mct_pipeline_start_session_thread: X stats
06-23 20:48:11.900   684   998 I mm-camera: <MCT   >< INFO> 5326: mct_pipeline_start_session_thread: E pproc
06-23 20:48:11.901   684   998 I mm-camera: <MCT   >< INFO> 5333: mct_pipeline_start_session_thread: Calling start_session on Module pproc
06-23 20:48:11.901   684   999 I mm-camera: <MCT   >< INFO> 5326: mct_pipeline_start_session_thread: E imglib
06-23 20:48:11.901   684   999 I mm-camera: <MCT   >< INFO> 5333: mct_pipeline_start_session_thread: Calling start_session on Module imglib
06-23 20:48:11.902   684   999 I mm-camera: <MCT   >< INFO> 5336: mct_pipeline_start_session_thread: Module imglib start_session rc = 1
06-23 20:48:11.902   684   999 I mm-camera: <MCT   >< INFO> 5344: mct_pipeline_start_session_thread: started_num = 4, success = 4
06-23 20:48:11.902   684   998 I mm-camera: <MCT   >< INFO> 5336: mct_pipeline_start_session_thread: Module pproc start_session rc = 1
06-23 20:48:11.902   684   999 I mm-camera: <MCT   >< INFO> 5351: mct_pipeline_start_session_thread: X imglib
06-23 20:48:11.902   684   998 I mm-camera: <MCT   >< INFO> 5344: mct_pipeline_start_session_thread: started_num = 5, success = 5
06-23 20:48:11.902   684   998 I mm-camera: <MCT   >< INFO> 5351: mct_pipeline_start_session_thread: X pproc
06-23 20:48:11.975   684   989 I mm-camera: <MCT   >< INFO> 5336: mct_pipeline_start_session_thread: Module sensor start_session rc = 1
06-23 20:48:11.975   684   989 I mm-camera: <MCT   >< INFO> 5344: mct_pipeline_start_session_thread: started_num = 6, success = 6
06-23 20:48:11.975   684   989 I mm-camera: <MCT   >< INFO> 5351: mct_pipeline_start_session_thread: X sensor
06-23 20:48:11.981   684   684 I mm-camera: <MCT   >< INFO> 5247: mct_pipeline_start_stream_internal: Adding session stream streamid= 0xf for session=3
06-23 20:48:11.981   684   684 I mm-camera: <MCT   >< INFO> 5295: mct_pipeline_start_stream_internal: Linking session stream for session 3
06-23 20:48:11.981   684   684 I mm-camera: <MCT   >< INFO> 526: mct_stream_start_link: Start linking Session-stream 0x3000f
06-23 20:48:11.981   684   684 I mm-camera: <IFACE >< INFO> 344: iface_util_find_primary_cid: iface_util_find_primary_cid:344 error cannot find primary sensor format cids 1
06-23 20:48:11.981   684   684 I mm-camera: <ISP   >< INFO> 851: isp_port_check_caps_reserve: port 0xef079300 ide 3000f type 10 dim 0 0
06-23 20:48:11.982   684   684 I mm-camera: <PPROC >< INFO> 449: pproc_port_add_modules_to_stream: in identity 3000f stream 10 int_link = 0xee887b80
06-23 20:48:11.982   684   684 I mm-camera: <PPROC >< INFO> 461: pproc_port_add_modules_to_stream: :LINK linking mods tmod and paaf for identity 3000f
06-23 20:48:11.982   684   684 I mm-camera: <PPROC >< INFO> 461: pproc_port_add_modules_to_stream: :LINK linking mods paaf and sat for identity 3000f
06-23 20:48:11.982   684   684 I mm-camera: <PPROC >< INFO> 461: pproc_port_add_modules_to_stream: :LINK linking mods sat and c2d for identity 3000f
06-23 20:48:11.982   684   684 I mm-camera: <C2D   >< INFO> 1557: c2d_module_notify_add_stream: width 0, height 0, stride 0, scanline 0, is_type 0
06-23 20:48:11.982   684   684 I mm-camera: <PPROC >< INFO> 461: pproc_port_add_modules_to_stream: :LINK linking mods c2d and cpp for identity 3000f
06-23 20:48:11.982   684   684 I mm-camera: <CPP   >< INFO> 2538: cpp_module_notify_add_stream: :stream 10, width 0, height 0, stride 0,scanline 0, framelen 0
06-23 20:48:11.982   684   684 I mm-camera: <CPP   >< INFO> 2695: cpp_module_notify_add_stream: : stream 10, fmt 1, asf_mode 0, sharpness_level 0.000000,asf mask 0, denoise 0, denoise_mask 0, dsdn mask 0,dsdn enable 0, tnr mask 0, tnr enable 0, ds_mask 0, luma dsdn 0
06-23 20:48:11.982   684   684 I mm-camera: <PPROC >< INFO> 461: pproc_port_add_modules_to_stream: :LINK linking mods cpp and depth_map for identity 3000f
06-23 20:48:11.982   684   684 I mm-camera: <PPROC >< INFO> 461: pproc_port_add_modules_to_stream: :LINK linking mods depth_map and ezt for identity 3000f
06-23 20:48:11.982   684   684 I mm-camera: <PPROC >< INFO> 461: pproc_port_add_modules_to_stream: :LINK linking mods ezt and quadracfa for identity 3000f
06-23 20:48:11.983   684   684 E mm-camera: <STATS ><ERROR> 3027: stats_port_check_caps_reserve: Invalid Port capability type!
06-23 20:48:11.983   684   684 I chatty  : uid=1047(cameraserver) provider@2.4-se identical 3 lines
06-23 20:48:11.983   684   684 E mm-camera: <STATS ><ERROR> 3027: stats_port_check_caps_reserve: Invalid Port capability type!
06-23 20:48:11.984   684   684 I mm-camera: <MCT   >< INFO> 5304: mct_pipeline_start_stream_internal: Session stream linked successfully session 3
06-23 20:48:11.989   684   986 E mm-camera: <IMGLIB><ERROR> 322: module_depth_map_handle_ctrl_parm: E
06-23 20:48:11.989   684   986 E mm-camera: <IMGLIB><ERROR> 430: module_depth_map_set_config_param: X
06-23 20:48:11.989   684   986 E mm-camera: <IMGLIB><ERROR> 254: module_depth_map_send_config_data: CAM_STREAM_TYPE_DEPTH not set !!
06-23 20:48:11.989   684   986 E mm-camera: <IMGLIB><ERROR> 369: module_depth_map_handle_ctrl_parm: Error module_depth_map_send_config_data
06-23 20:48:11.989   684   986 E mm-camera: <IMGLIB><ERROR> 373: module_depth_map_handle_ctrl_parm: X
06-23 20:48:11.989   684   986 E mm-camera: <IMGLIB><ERROR> 880: module_imgbase_process_param: [depth_map] handle_ctrl_parm error : type=10, rc=-5
06-23 20:48:11.989   684   986 I mm-camera: <IFACE >< INFO> 6274: iface_util_set_dis_enable_flag: iface_util_set_dis_enable_flag:6274 DIS enable flag = 0
06-23 20:48:11.990   684   986 E mm-camera: <SENSOR><ERROR> 5338: module_sensor_event_control_set_parm: func_tbl for submodule 4 is NULL
06-23 20:48:12.004   684   684 I Thermal-Lib: Thermal-Lib-Client: Registration successful for camera with handle:1
06-23 20:48:12.004   684   684 I Thermal-Lib: Thermal-Lib-Client: Registration successful for camcorder with handle:2
06-23 20:48:12.004   684   684 I QCamera : <HAL><INFO> openCamera: 1931: [KPI Perf]: X PROFILE_OPEN_CAMERA camera id 0, rc: 0
06-23 20:48:12.004   684   684 I QCamera : <HAL><INFO> close_camera_device: 1530: [KPI Perf]: E camera id 0
06-23 20:48:12.006   684   684 E QCamera : <HAL><ERROR> acquirePerfLock: 614: Failed to acquire the perf lock
06-23 20:48:12.007   684   684 I QCamera : <HAL><INFO> closeCamera: 2333: E
06-23 20:48:12.007   684   684 I QCamera : <HAL><INFO> closeCamera: 2338: [KPI Perf]: E PROFILE_CLOSE_CAMERA camera id 0
06-23 20:48:12.007   684   986 I mm-camera: <ISP   >< INFO> 7159: isp_util_print_meta_stream_info: Deallocate resources
06-23 20:48:12.007   684   921 E mm-camera: <IMGLIB><ERROR> 297: AllocateBuffers: Invalid dimensions 0x0
06-23 20:48:12.007   684   921 E mm-camera: <IMGLIB><ERROR> 197: img_algo_preload: Preload: Failed to allocate buffer, rc -4
06-23 20:48:12.007   684   986 I mm-camera: <ISP   >< INFO> 7490: isp_util_handle_stream_info: streams_desc num_streams is 0 
06-23 20:48:12.007   684   921 E mm-camera: <IMGLIB><ERROR> 127: module_imgbase_client_preload_exec: IMG_CORE_PRELOAD failed -4
06-23 20:48:12.007   684   986 I mm-camera: <IFACE >< INFO> 6384: iface_util_handle_meta_stream_info: iface_util_handle_meta_stream_info: ms_type 0 num streams 0
06-23 20:48:12.008   684   684 I Thermal-Lib: thermal_bandwidth_client_cancel_request: Removing all bw request for camera_bw
06-23 20:48:12.008   684   684 I Thermal-Lib: Thermal-Lib-Client: Unregisteration is successfull for handle:1
06-23 20:48:12.088   684   991 E mm-camera: <SENSOR><ERROR> ov8856_gt24p64b_get_calibration_items: 30: is_insensor:0, is_afc:1, is_wbc:1, is_lsc:1, is_dpc:0, is_ois:0, is_dual:0
06-23 20:48:12.088   684   991 E mm-camera: <SENSOR><ERROR> 247: module_sensor_offload_init_config: func_tbl for submodule 4 is NULL
06-23 20:48:12.088   684   991 E mm-camera: <SENSOR><ERROR> 249: module_sensor_offload_init_config: failed to get led off frame skip time
06-23 20:48:12.229   639   639 I Zygote  : Preloading resources...
06-23 20:48:12.247   639   639 W Resources: Preloaded drawable resource #0x108027d (android:drawable/dialog_background_material) that varies with configuration!!
06-23 20:48:12.263   639   639 I Zygote  : ...preloaded 64 resources in 33ms.
06-23 20:48:12.267   639   639 I Zygote  : ...preloaded 41 resources in 4ms.
06-23 20:48:12.294   639   639 D libEGL  : loaded /vendor/lib64/egl/libEGL_adreno.so
06-23 20:48:12.414   639   639 D libEGL  : loaded /vendor/lib64/egl/libGLESv1_CM_adreno.so
06-23 20:48:12.419   639   639 D libEGL  : loaded /vendor/lib64/egl/libGLESv2_adreno.so
06-23 20:48:12.446   639   639 I Zygote  : Preloading shared libraries...
06-23 20:48:12.456   639   639 I Zygote  : Called ZygoteHooks.endPreload()
06-23 20:48:12.456   639   639 I Zygote  : Installed AndroidKeyStoreProvider in 0ms.
06-23 20:48:12.461   639   639 I Zygote  : Warmed up JCA providers in 5ms.
06-23 20:48:12.461   639   639 D Zygote  : end preload
06-23 20:48:12.461   639   639 I boot_progress_preload_end: 14354
06-23 20:48:12.469   680   680 D audio_hw_utils: audio_extn_utils_open_snd_mixer: retry, retry_num 2
06-23 20:48:12.472   680   680 D audio_hw_utils: audio_extn_utils_open_snd_mixer: snd_card_name: sdm660-snd-card-i40
06-23 20:48:12.472   680   680 W hardware_info: update_hardware_info_bear: Not an SDM device
06-23 20:48:12.472   680   680 D audio_hw_utils: audio_extn_utils_open_snd_mixer: Opened sound card:0
06-23 20:48:12.481   639   639 I zygote64: Explicit concurrent copying GC freed 63941(3546KB) AllocSpace objects, 16(388KB) LOS objects, 49% free, 2589KB/5179KB, paused 55us total 19.132ms
06-23 20:48:12.498   639   639 I zygote64: Explicit concurrent copying GC freed 6065(208KB) AllocSpace objects, 0(0B) LOS objects, 49% free, 2412KB/4825KB, paused 33us total 12.137ms
06-23 20:48:12.542   639   639 D Zygote  : Forked child process 1018
06-23 20:48:12.542   639   639 I Zygote  : System server process 1018 has been created
06-23 20:48:12.550   639   639 I Zygote  : Accepting command socket connections
06-23 20:48:12.567  1018  1018 I system_server: The ClassLoaderContext is a special shared library.
06-23 20:48:12.647  1018  1018 I chatty  : uid=1000 system_server identical 2 lines
06-23 20:48:12.662  1018  1018 I system_server: The ClassLoaderContext is a special shared library.
06-23 20:48:12.743   680   797 D audio_hw_utils: audio_extn_utils_open_snd_mixer: retry, retry_num 2
06-23 20:48:12.745   680   797 D audio_hw_utils: audio_extn_utils_open_snd_mixer: snd_card_name: sdm660-snd-card-i40
06-23 20:48:12.745   680   797 W hardware_info: update_hardware_info_bear: Not an SDM device
06-23 20:48:12.745   680   797 D audio_hw_utils: audio_extn_utils_open_snd_mixer: Opened sound card:0
06-23 20:48:12.745   680   797 D msm8974_platform: platform_init: Opened sound card:0
06-23 20:48:12.745   680   797 I audio_hw_extn: audio_extn_set_snd_card_split: snd_card_name(sdm660-snd-card-i40) device(sdm660) snd_card(snd) form_factor(card)
06-23 20:48:12.745   680   797 W hardware_info: update_hardware_info_bear: Not an SDM device
06-23 20:48:12.746   680   797 D msm8974_platform: Opening /sys/class/thermal/thermal_zone0/type
06-23 20:48:12.746   680   797 D msm8974_platform: Opening /sys/class/thermal/thermal_zone1/type
06-23 20:48:12.746   680   797 D msm8974_platform: Opening /sys/class/thermal/thermal_zone2/type
06-23 20:48:12.747   680   797 D msm8974_platform: Opening /sys/class/thermal/thermal_zone3/type
06-23 20:48:12.747   680   797 D msm8974_platform: Opening /sys/class/thermal/thermal_zone4/type
06-23 20:48:12.747   680   797 D msm8974_platform: Opening /sys/class/thermal/thermal_zone5/type
06-23 20:48:12.747   680   797 D msm8974_platform: Opening /sys/class/thermal/thermal_zone6/type
06-23 20:48:12.747   680   797 D msm8974_platform: Opening /sys/class/thermal/thermal_zone7/type
06-23 20:48:12.747   680   797 D msm8974_platform: Opening /sys/class/thermal/thermal_zone8/type
06-23 20:48:12.747   680   797 D msm8974_platform: Opening /sys/class/thermal/thermal_zone9/type
06-23 20:48:12.748   680   797 D msm8974_platform: Opening /sys/class/thermal/thermal_zone10/type
06-23 20:48:12.748   680   797 D msm8974_platform: Opening /sys/class/thermal/thermal_zone11/type
06-23 20:48:12.748   680   797 D msm8974_platform: Opening /sys/class/thermal/thermal_zone12/type
06-23 20:48:12.748   680   797 D msm8974_platform: Opening /sys/class/thermal/thermal_zone13/type
06-23 20:48:12.748   680   797 D msm8974_platform: Opening /sys/class/thermal/thermal_zone14/type
06-23 20:48:12.748   680   797 D msm8974_platform: Opening /sys/class/thermal/thermal_zone15/type
06-23 20:48:12.749   680   797 D msm8974_platform: Opening /sys/class/thermal/thermal_zone16/type
06-23 20:48:12.749   680   797 D msm8974_platform: Opening /sys/class/thermal/thermal_zone17/type
06-23 20:48:12.749   680   797 D msm8974_platform: Opening /sys/class/thermal/thermal_zone18/type
06-23 20:48:12.749   680   797 D msm8974_platform: Opening /sys/class/thermal/thermal_zone19/type
06-23 20:48:12.749   680   797 D msm8974_platform: Opening /sys/class/thermal/thermal_zone20/type
06-23 20:48:12.749   680   797 D msm8974_platform: Opening /sys/class/thermal/thermal_zone21/type
06-23 20:48:12.749   680   797 D msm8974_platform: Opening /sys/class/thermal/thermal_zone22/type
06-23 20:48:12.749   680   797 D msm8974_platform: Opening /sys/class/thermal/thermal_zone23/type
06-23 20:48:12.749   680   797 D msm8974_platform: Opening /sys/class/thermal/thermal_zone24/type
06-23 20:48:12.750   680   797 D msm8974_platform: Opening /sys/class/thermal/thermal_zone25/type
06-23 20:48:12.750   680   797 D msm8974_platform: Opening /sys/class/thermal/thermal_zone26/type
06-23 20:48:12.750   680   797 D msm8974_platform: Opening /sys/class/thermal/thermal_zone27/type
06-23 20:48:12.750   680   797 D msm8974_platform: Opening /sys/class/thermal/thermal_zone28/type
06-23 20:48:12.750   680   797 D msm8974_platform: Opening /sys/class/thermal/thermal_zone29/type
06-23 20:48:12.750   680   797 D msm8974_platform: Opening /sys/class/thermal/thermal_zone30/type
06-23 20:48:12.750   680   797 D msm8974_platform: Opening /sys/class/thermal/thermal_zone31/type
06-23 20:48:12.750   680   797 D msm8974_platform: Opening /sys/class/thermal/thermal_zone32/type
06-23 20:48:12.750   680   797 D msm8974_platform: Opening /sys/class/thermal/thermal_zone33/type
06-23 20:48:12.751   680   797 D msm8974_platform: Opening /sys/class/thermal/thermal_zone34/type
06-23 20:48:12.751   680   797 D msm8974_platform: Opening /sys/class/thermal/thermal_zone35/type
06-23 20:48:12.751   680   797 D msm8974_platform: Opening /sys/class/thermal/thermal_zone36/type
06-23 20:48:12.751   680   797 D msm8974_platform: Opening /sys/class/thermal/thermal_zone37/type
06-23 20:48:12.751   680   797 D msm8974_platform: Opening /sys/class/thermal/thermal_zone37/type
06-23 20:48:12.751   680   797 D msm8974_platform: Opening /sys/class/thermal/thermal_zone38/type
06-23 20:48:12.751   680   797 D msm8974_platform: Opening /sys/class/thermal/thermal_zone39/type
06-23 20:48:12.751   680   797 D msm8974_platform: Opening /sys/class/thermal/thermal_zone40/type
06-23 20:48:12.751   680   797 D msm8974_platform: Opening /sys/class/thermal/thermal_zone41/type
06-23 20:48:12.751   680   797 D msm8974_platform: Opening /sys/class/thermal/thermal_zone42/type
06-23 20:48:12.751   680   797 D msm8974_platform: Opening /sys/class/thermal/thermal_zone43/type
06-23 20:48:12.752   680   797 D msm8974_platform: Opening /sys/class/thermal/thermal_zone44/type
06-23 20:48:12.752   680   797 D msm8974_platform: Opening /sys/class/thermal/thermal_zone45/type
06-23 20:48:12.752   680   797 D msm8974_platform: Opening /sys/class/thermal/thermal_zone46/type
06-23 20:48:12.752   680   797 D msm8974_platform: Opening /sys/class/thermal/thermal_zone47/type
06-23 20:48:12.752   680   797 D msm8974_platform: Opening /sys/class/thermal/thermal_zone48/type
06-23 20:48:12.752   680   797 D msm8974_platform: Found 14 WSA present on the platform
06-23 20:48:12.752   680   797 D audio_hw_extn: audio_extn_can_use_vbat: vbat.enabled property is set to 0
06-23 20:48:12.752   680   797 D audio_hw_extn: audio_extn_can_use_bcl: bcl.enabled property is set to 0
06-23 20:48:12.752   680   797 D audio_hw_extn: audio_extn_is_hifi_audio_supported: hifi audio supported on internal codec
06-23 20:48:12.752   680   797 D msm8974_platform: Alac software decoder is available...removing alac from DSP decoder list
06-23 20:48:12.752   680   797 D msm8974_platform: APE software decoder is available...removing ape from DSP decoder list
06-23 20:48:12.752   680   797 D platform_info: platform_info_init: platform info file name is /vendor/etc/audio_platform_info_i40.xml
06-23 20:48:12.753   680   797 D msm8974_platform: platform_set_audio_device_interface: Enter, device name:AUDIO_DEVICE_IN_BUILTIN_MIC, intf name:SLIMBUS_0
06-23 20:48:12.753   680   797 D msm8974_platform: platform_set_audio_device_interface: Matched device name:AUDIO_DEVICE_IN_BUILTIN_MIC, overwrite intf name with SLIMBUS_0
06-23 20:48:12.753   680   797 D msm8974_platform: platform_set_audio_device_interface: Enter, device name:AUDIO_DEVICE_IN_BACK_MIC, intf name:SLIMBUS_0
06-23 20:48:12.753   680   797 D msm8974_platform: platform_set_audio_device_interface: Matched device name:AUDIO_DEVICE_IN_BACK_MIC, overwrite intf name with SLIMBUS_0
06-23 20:48:12.753   680   797 D msm8974_platform: platform_set_audio_device_interface: Enter, device name:AUDIO_DEVICE_IN_BUILTIN_MIC, intf name:INT3_MI2S
06-23 20:48:12.753   680   797 D msm8974_platform: platform_set_audio_device_interface: Matched device name:AUDIO_DEVICE_IN_BUILTIN_MIC, overwrite intf name with INT3_MI2S
06-23 20:48:12.753   680   797 D msm8974_platform: platform_set_audio_device_interface: Enter, device name:AUDIO_DEVICE_IN_BACK_MIC, intf name:INT3_MI2S
06-23 20:48:12.753   680   797 D msm8974_platform: platform_set_audio_device_interface: Matched device name:AUDIO_DEVICE_IN_BACK_MIC, overwrite intf name with INT3_MI2S
06-23 20:48:12.753   680   797 V msm8974_platform: platform_set_parameters: enter: mono_speaker=right
06-23 20:48:12.753   680   797 D audio_hw_hfp: hfp_set_parameters: enter
06-23 20:48:12.753   680   797 V msm8974_platform: platform_set_parameters: enter: spkr_1_tz_name=wsatz.11
06-23 20:48:12.753   680   797 D audio_hw_hfp: hfp_set_parameters: enter
06-23 20:48:12.753   680   797 V msm8974_platform: platform_set_parameters: enter: spkr_2_tz_name=wsatz.12
06-23 20:48:12.753   680   797 D audio_hw_hfp: hfp_set_parameters: enter
06-23 20:48:12.753   680   797 V msm8974_platform: platform_set_parameters: enter: true_32_bit=true
06-23 20:48:12.753   680   797 D audio_hw_hfp: hfp_set_parameters: enter
06-23 20:48:12.754   680   797 V msm8974_platform: platform_set_parameters: enter: native_audio_mode=true
06-23 20:48:12.754   680   797 D msm8974_platform: native_audio_set_params:napb updating mode (2) from XML
06-23 20:48:12.754   680   797 D msm8974_platform: platform_set_native_support:napb: native audio playback enabled in (True) mode
06-23 20:48:12.754   680   797 D audio_hw_hfp: hfp_set_parameters: enter
06-23 20:48:12.754   680   797 V msm8974_platform: platform_set_parameters: enter: native_audio_mode=true;hfp_pcm_dev_id=39
06-23 20:48:12.754   680   797 D msm8974_platform: native_audio_set_params:napb updating mode (2) from XML
06-23 20:48:12.754   680   797 D msm8974_platform: platform_set_native_support:napb: native audio playback enabled in (True) mode
06-23 20:48:12.754   680   797 D audio_hw_hfp: hfp_set_parameters: enter
06-23 20:48:12.754   680   797 D audio_hw_hfp: Updating HFP_PCM_DEV_ID as 39 from platform XML
06-23 20:48:12.754   680   797 V msm8974_platform: platform_set_parameters: enter: native_audio_mode=true;input_mic_max_count=2
06-23 20:48:12.754   680   797 D msm8974_platform: native_audio_set_params:napb updating mode (2) from XML
06-23 20:48:12.754   680   797 D msm8974_platform: platform_set_native_support:napb: native audio playback enabled in (True) mode
06-23 20:48:12.754   680   797 D audio_hw_hfp: hfp_set_parameters: enter
06-23 20:48:12.754   680   797 D msm8974_platform: platform_set_snd_device_backend: backend_tag_table[headphones]: old = null new = headphones
06-23 20:48:12.754   680   797 D msm8974_platform: platform_set_snd_device_backend: hw_interface_table[9] = INT0_MI2S_RX
06-23 20:48:12.754   680   797 D msm8974_platform: platform_set_snd_device_backend: backend_tag_table[bt-sco-headset-wb]: old = bt-sco-wb new = bt-sco-wb
06-23 20:48:12.754   680   797 D msm8974_platform: platform_set_snd_device_backend: hw_interface_table[34] = SLIMBUS_7_RX
06-23 20:48:12.754   680   797 D msm8974_platform: platform_set_snd_device_backend: backend_tag_table[bt-sco-headset]: old = bt-sco new = bt-sco
06-23 20:48:12.754   680   797 D msm8974_platform: platform_set_snd_device_backend: hw_interface_table[33] = SLIMBUS_7_RX
06-23 20:48:12.754   680   797 D msm8974_platform: platform_set_snd_device_backend: backend_tag_table[bt-a2dp]: old = bt-a2dp new = bt-a2dp
06-23 20:48:12.754   680   797 D msm8974_platform: platform_set_snd_device_backend: hw_interface_table[36] = SLIMBUS_7_RX
06-23 20:48:12.754   680   797 D msm8974_platform: platform_set_snd_device_backend: backend_tag_table[line]: old = null new = headphones
06-23 20:48:12.754   680   797 D msm8974_platform: platform_set_snd_device_backend: hw_interface_table[8] = INT0_MI2S_RX
06-23 20:48:12.754   680   797 D msm8974_platform: platform_set_snd_device_backend: backend_tag_table[anc-headphones]: old = null new = headphones
06-23 20:48:12.754   680   797 D msm8974_platform: platform_set_snd_device_backend: hw_interface_table[69] = INT0_MI2S_RX
06-23 20:48:12.754   680   797 D msm8974_platform: platform_set_snd_device_backend: backend_tag_table[speaker-and-headphones]: old = null new = speaker-and-headphones
06-23 20:48:12.754   680   797 D msm8974_platform: platform_set_snd_device_backend: hw_interface_table[13] = INT4_MI2S_RX-and-INT0_MI2S_RX
06-23 20:48:12.754   680   797 D msm8974_platform: platform_set_snd_device_backend: backend_tag_table[speaker-and-line]: old = null new = speaker-and-headphones
06-23 20:48:12.754   680   797 D msm8974_platform: platform_set_snd_device_backend: hw_interface_table[16] = INT4_MI2S_RX-and-INT0_MI2S_RX
06-23 20:48:12.754   680   797 D msm8974_platform: platform_set_snd_device_backend: backend_tag_table[speaker-and-anc-headphones]: old = null new = speaker-and-headphones
06-23 20:48:12.754   680   797 D msm8974_platform: platform_set_snd_device_backend: hw_interface_table[73] = INT4_MI2S_RX-and-INT0_MI2S_RX
06-23 20:48:12.754   680   797 D msm8974_platform: platform_set_snd_device_backend: backend_tag_table[voice-headphones]: old = null new = headphones
06-23 20:48:12.754   680   797 D msm8974_platform: platform_set_snd_device_backend: hw_interface_table[26] = INT0_MI2S_RX
06-23 20:48:12.754   680   797 D msm8974_platform: platform_set_snd_device_backend: backend_tag_table[voice-anc-headphones]: old = null new = headphones
06-23 20:48:12.754   680   797 D msm8974_platform: platform_set_snd_device_backend: hw_interface_table[71] = INT0_MI2S_RX
06-23 20:48:12.755   680   797 D msm8974_platform: platform_set_snd_device_backend: backend_tag_table[voice-line]: old = null new = headphones
06-23 20:48:12.755   680   797 D msm8974_platform: platform_set_snd_device_backend: hw_interface_table[28] = INT0_MI2S_RX
06-23 20:48:12.755   680   797 D msm8974_platform: platform_set_snd_device_backend: backend_tag_table[voice-tty-full-headphones]: old = null new = headphones
06-23 20:48:12.755   680   797 D msm8974_platform: platform_set_snd_device_backend: hw_interface_table[49] = INT0_MI2S_RX
06-23 20:48:12.755   680   797 D msm8974_platform: platform_set_snd_device_backend: backend_tag_table[voice-tty-vco-headphones]: old = null new = headphones
06-23 20:48:12.755   680   797 D msm8974_platform: platform_set_snd_device_backend: hw_interface_table[51] = INT0_MI2S_RX
06-23 20:48:12.755   680   797 D msm8974_platform: platform_set_snd_device_backend: backend_tag_table[handset]: old = null new = (null)
06-23 20:48:12.755   680   797 D msm8974_platform: platform_set_snd_device_backend: hw_interface_table[1] = INT4_MI2S_RX
06-23 20:48:12.755   680   797 D msm8974_platform: platform_set_snd_device_backend: backend_tag_table[speaker]: old = null new = (null)
06-23 20:48:12.755   680   797 D msm8974_platform: platform_set_snd_device_backend: hw_interface_table[2] = INT4_MI2S_RX
06-23 20:48:12.755   680   797 D msm8974_platform: platform_set_snd_device_backend: backend_tag_table[speaker-ext-1]: old = null new = (null)
06-23 20:48:12.755   680   797 D msm8974_platform: platform_set_snd_device_backend: hw_interface_table[3] = INT4_MI2S_RX
06-23 20:48:12.755   680   797 D msm8974_platform: platform_set_snd_device_backend: backend_tag_table[speaker-ext-2]: old = null new = (null)
06-23 20:48:12.755   680   797 D msm8974_platform: platform_set_snd_device_backend: hw_interface_table[4] = INT4_MI2S_RX
06-23 20:48:12.755   680   797 D msm8974_platform: platform_set_snd_device_backend: backend_tag_table[speaker-reverse]: old = null new = (null)
06-23 20:48:12.755   680   797 D msm8974_platform: platform_set_snd_device_backend: hw_interface_table[5] = INT4_MI2S_RX
06-23 20:48:12.755   680   797 D msm8974_platform: platform_set_snd_device_backend: backend_tag_table[speaker-vbat]: old = null new = (null)
06-23 20:48:12.755   680   797 D msm8974_platform: platform_set_snd_device_backend: hw_interface_table[7] = INT4_MI2S_RX
06-23 20:48:12.755   680   797 D msm8974_platform: platform_set_snd_device_backend: backend_tag_table[speaker-and-headphones-ext-1]: old = null new = (null)
06-23 20:48:12.755   680   797 D msm8974_platform: platform_set_snd_device_backend: hw_interface_table[18] = INT4_MI2S_RX-and-INT0_MI2S_RX
06-23 20:48:12.755   680   797 D msm8974_platform: platform_set_snd_device_backend: backend_tag_table[speaker-and-headphones-ext-2]: old = null new = (null)
06-23 20:48:12.755   680   797 D msm8974_platform: platform_set_snd_device_backend: hw_interface_table[19] = INT4_MI2S_RX-and-INT0_MI2S_RX
06-23 20:48:12.755   680   797 D msm8974_platform: platform_set_snd_device_backend: backend_tag_table[voice-handset]: old = null new = (null)
06-23 20:48:12.755   680   797 D msm8974_platform: platform_set_snd_device_backend: hw_interface_table[20] = INT4_MI2S_RX
06-23 20:48:12.755   680   797 D msm8974_platform: platform_set_snd_device_backend: backend_tag_table[voice-speaker]: old = null new = (null)
06-23 20:48:12.755   680   797 D msm8974_platform: platform_set_snd_device_backend: hw_interface_table[21] = INT4_MI2S_RX
06-23 20:48:12.755   680   797 D msm8974_platform: platform_set_snd_device_backend: backend_tag_table[voice-speaker-vbat]: old = voice-speaker-vbat new = (null)
06-23 20:48:12.755   680   797 D msm8974_platform: platform_set_snd_device_backend: hw_interface_table[23] = INT4_MI2S_RX
06-23 20:48:12.755   680   797 D msm8974_platform: platform_set_snd_device_backend: backend_tag_table[voice-speaker-2]: old = null new = (null)
06-23 20:48:12.755   680   797 D msm8974_platform: platform_set_snd_device_backend: hw_interface_table[24] = INT4_MI2S_RX
06-23 20:48:12.755   680   797 D msm8974_platform: platform_set_snd_device_backend: backend_tag_table[voice-speaker-2-vbat]: old = voice-speaker-2-vbat new = (null)
06-23 20:48:12.755   680   797 D msm8974_platform: platform_set_snd_device_backend: hw_interface_table[25] = INT4_MI2S_RX
06-23 20:48:12.755   680   797 D msm8974_platform: platform_set_snd_device_backend: backend_tag_table[speaker-and-hdmi]: old = speaker-and-hdmi new = (null)
06-23 20:48:12.755   680   797 D msm8974_platform: platform_set_snd_device_backend: hw_interface_table[30] = INT4_MI2S_RX-and-HDMI
06-23 20:48:12.755   680   797 D msm8974_platform: platform_set_snd_device_backend: backend_tag_table[speaker-and-display-port]: old = speaker-and-display-port new = (null)
06-23 20:48:12.755   680   797 D msm8974_platform: platform_set_snd_device_backend: hw_interface_table[32] = INT4_MI2S_RX-and-DISPLAY_PORT
06-23 20:48:12.755   680   797 D msm8974_platform: platform_set_snd_device_backend: backend_tag_table[speaker-and-bt-sco]: old = null new = speaker-and-bt-sco
06-23 20:48:12.755   680   797 D msm8974_platform: platform_set_snd_device_backend: hw_interface_table[40] = SLIMBUS_0_RX-and-SLIMBUS_7_RX
06-23 20:48:12.755   680   797 D msm8974_platform: platform_set_snd_device_backend: backend_tag_table[speaker-and-bt-sco-wb]: old = null new = speaker-and-bt-sco-wb
06-23 20:48:12.755   680   797 D msm8974_platform: platform_set_snd_device_backend: hw_interface_table[42] = SLIMBUS_0_RX-and-SLIMBUS_7_RX
06-23 20:48:12.755   680   797 D msm8974_platform: platform_set_snd_device_backend: backend_tag_table[speaker-and-bt-a2dp]: old = speaker-and-bt-a2dp new = (null)
06-23 20:48:12.755   680   797 D msm8974_platform: platform_set_snd_device_backend: hw_interface_table[37] = INT4_MI2S_RX-and-SLIMBUS_7_RX
06-23 20:48:12.755   680   797 D msm8974_platform: platform_set_snd_device_backend: backend_tag_table[voice-tty-hco-handset]: old = null new = (null)
06-23 20:48:12.755   680   797 D msm8974_platform: platform_set_snd_device_backend: hw_interface_table[53] = INT4_MI2S_RX
06-23 20:48:12.755   680   797 D msm8974_platform: platform_set_snd_device_backend: backend_tag_table[anc-fb-headphones]: old = null new = (null)
06-23 20:48:12.755   680   797 D msm8974_platform: platform_set_snd_device_backend: hw_interface_table[70] = INT0_MI2S_RX
06-23 20:48:12.755   680   797 D msm8974_platform: platform_set_snd_device_backend: backend_tag_table[voice-anc-fb-headphones]: old = null new = (null)
06-23 20:48:12.755   680   797 D msm8974_platform: platform_set_snd_device_backend: hw_interface_table[72] = INT0_MI2S_RX
06-23 20:48:12.755   680   797 D msm8974_platform: platform_set_snd_device_backend: backend_tag_table[anc-handset]: old = null new = (null)
06-23 20:48:12.755   680   797 D msm8974_platform: platform_set_snd_device_backend: hw_interface_table[75] = INT4_MI2S_RX
06-23 20:48:12.755   680   797 D msm8974_platform: platform_set_snd_device_backend: backend_tag_table[speaker-protected]: old = null new = (null)
06-23 20:48:12.755   680   797 D msm8974_platform: platform_set_snd_device_backend: hw_interface_table[76] = INT4_MI2S_RX
06-23 20:48:12.755   680   797 D msm8974_platform: platform_set_snd_device_backend: backend_tag_table[voice-speaker-protected]: old = null new = (null)
06-23 20:48:12.755   680   797 D msm8974_platform: platform_set_snd_device_backend: hw_interface_table[77] = INT4_MI2S_RX
06-23 20:48:12.755   680   797 D msm8974_platform: platform_set_snd_device_backend: backend_tag_table[voice-speaker-2-protected]: old = null new = (null)
06-23 20:48:12.755   680   797 D msm8974_platform: platform_set_snd_device_backend: hw_interface_table[78] = INT4_MI2S_RX
06-23 20:48:12.755   680   797 D msm8974_platform: platform_set_snd_device_backend: backend_tag_table[speaker-protected-vbat]: old = null new = (null)
06-23 20:48:12.755   680   797 D msm8974_platform: platform_set_snd_device_backend: hw_interface_table[80] = INT4_MI2S_RX
06-23 20:48:12.755   680   797 D msm8974_platform: platform_set_snd_device_backend: backend_tag_table[voice-speaker-protected-vbat]: old = null new = (null)
06-23 20:48:12.755   680   797 D msm8974_platform: platform_set_snd_device_backend: hw_interface_table[81] = INT4_MI2S_RX
06-23 20:48:12.755   680   797 D msm8974_platform: platform_set_snd_device_backend: backend_tag_table[voice-speaker-2-protected-vbat]: old = null new = (null)
06-23 20:48:12.755   680   797 D msm8974_platform: platform_set_snd_device_backend: hw_interface_table[82] = INT4_MI2S_RX
