06-23 20:48:10.737   680   797 D audio_hw_extn: compress_in_feature_init: ---- Feature COMPRESS_IN is NOT ENABLED----
06-23 20:48:10.737   680   797 W audio_hw_extn: :: battery_listener_feature_init: ---- Feature BATTERY_LISTENER is disabled ----
06-23 20:48:10.737   680   797 D audio_hw_extn: maxx_audio_feature_init: Called with feature NOT Enabled
06-23 20:48:10.737   680   797 W audio_hw_extn: :: maxx_audio_feature_init: ---- Feature MAXX_AUDIO is disabled ----
06-23 20:48:10.737   680   797 D audio_hw_extn: audiozoom_feature_init: Called with feature NOT Enabled
06-23 20:48:10.737   680   797 W audio_hw_extn: :: audiozoom_feature_init: ---- Feature AUDIOZOOM is disabled ----
06-23 20:48:10.737   680   797 D voice_extn: :: dynamic_ecns_feature_init: ---- Feature DYNAMIC_ECNS is NOT ENABLED ----
06-23 20:48:10.741   684   684 I mm-camera: <SENSOR>< INFO> 216: sensor_xml_util_get_node_data: num_pairs = 9
06-23 20:48:10.741   684   684 I mm-camera: <SENSOR>< INFO> 255: sensor_xml_util_get_node_data:  i = 0 str = 2.94
06-23 20:48:10.741   684   684 I mm-camera: <SENSOR>< INFO> 255: sensor_xml_util_get_node_data:  i = 1 str = 2.4
06-23 20:48:10.741   684   684 I mm-camera: <SENSOR>< INFO> 255: sensor_xml_util_get_node_data:  i = 2 str = 1.98
06-23 20:48:10.741   684   684 I mm-camera: <SENSOR>< INFO> 255: sensor_xml_util_get_node_data:  i = 3 str = 63.2
06-23 20:48:10.741   684   684 I mm-camera: <SENSOR>< INFO> 255: sensor_xml_util_get_node_data:  i = 4 str = 49.7
06-23 20:48:10.741   684   684 I mm-camera: <SENSOR>< INFO> 255: sensor_xml_util_get_node_data:  i = 5 str = 0.1
06-23 20:48:10.741   684   684 I mm-camera: <SENSOR>< INFO> 216: sensor_xml_util_get_node_data: num_pairs = 4
06-23 20:48:10.741   684   684 I mm-camera: <SENSOR>< INFO> 255: sensor_xml_util_get_node_data:  i = 0 str = 0
06-23 20:48:10.741   684   684 I mm-camera: <SENSOR>< INFO> 255: sensor_xml_util_get_node_data:  i = 1 str = 0x1f
06-23 20:48:10.741   684   684 I mm-camera: <SENSOR>< INFO> 255: sensor_xml_util_get_node_data:  i = 2 str = 0x4320
06-23 20:48:10.741   684   684 I mm-camera: <SENSOR>< INFO> 255: sensor_xml_util_get_node_data:  i = 3 str = 0
06-23 20:48:10.742   680   797 E audio_hw_extn: audio_extn_perf_lock_init: Perf lock handles Success 
06-23 20:48:10.743   684   684 I mm-camera: <SENSOR>< INFO> 216: sensor_xml_util_get_node_data: num_pairs = 15
06-23 20:48:10.743   684   684 I mm-camera: <SENSOR>< INFO> 255: sensor_xml_util_get_node_data:  i = 0 str = 0
06-23 20:48:10.743   684   684 I mm-camera: <SENSOR>< INFO> 255: sensor_xml_util_get_node_data:  i = 3 str = ov8856_snapshot
06-23 20:48:10.743   684   684 I mm-camera: <SENSOR>< INFO> 255: sensor_xml_util_get_node_data:  i = 4 str = ov8856_snapshot
06-23 20:48:10.743   684   684 I mm-camera: <SENSOR>< INFO> 255: sensor_xml_util_get_node_data:  i = 5 str = ov8856_default_video
06-23 20:48:10.743   684   684 I mm-camera: <SENSOR>< INFO> 255: sensor_xml_util_get_node_data:  i = 8 str = ov8856_cpp_video
06-23 20:48:10.743   684   684 I mm-camera: <SENSOR>< INFO> 255: sensor_xml_util_get_node_data:  i = 11 str = ov8856_zsl_preview
06-23 20:48:10.743   684   684 I mm-camera: <SENSOR>< INFO> 255: sensor_xml_util_get_node_data:  i = 12 str = ov8856_zsl_video
06-23 20:48:10.743   684   684 I mm-camera: <SENSOR>< INFO> 216: sensor_xml_util_get_node_data: num_pairs = 15
06-23 20:48:10.743   684   684 I mm-camera: <SENSOR>< INFO> 255: sensor_xml_util_get_node_data:  i = 0 str = 1
06-23 20:48:10.743   684   684 I mm-camera: <SENSOR>< INFO> 255: sensor_xml_util_get_node_data:  i = 3 str = ov8856_preview
06-23 20:48:10.743   684   684 I mm-camera: <SENSOR>< INFO> 255: sensor_xml_util_get_node_data:  i = 4 str = ov8856_preview
06-23 20:48:10.743   684   684 I mm-camera: <SENSOR>< INFO> 255: sensor_xml_util_get_node_data:  i = 5 str = ov8856_default_video
06-23 20:48:10.743   684   684 I mm-camera: <SENSOR>< INFO> 255: sensor_xml_util_get_node_data:  i = 8 str = ov8856_cpp_video
06-23 20:48:10.743   684   684 I mm-camera: <SENSOR>< INFO> 255: sensor_xml_util_get_node_data:  i = 11 str = ov8856_a3_default_preview
06-23 20:48:10.743   684   684 I mm-camera: <SENSOR>< INFO> 255: sensor_xml_util_get_node_data:  i = 12 str = ov8856_a3_default_video
06-23 20:48:10.743   684   684 I mm-camera: <SENSOR>< INFO> 216: sensor_xml_util_get_node_data: num_pairs = 15
06-23 20:48:10.743   684   684 I mm-camera: <SENSOR>< INFO> 255: sensor_xml_util_get_node_data:  i = 0 str = 2
06-23 20:48:10.743   684   684 I mm-camera: <SENSOR>< INFO> 255: sensor_xml_util_get_node_data:  i = 3 str = ov8856_preview
06-23 20:48:10.743   684   684 I mm-camera: <SENSOR>< INFO> 255: sensor_xml_util_get_node_data:  i = 4 str = ov8856_preview
06-23 20:48:10.743   684   684 I mm-camera: <SENSOR>< INFO> 255: sensor_xml_util_get_node_data:  i = 5 str = ov8856_default_video
06-23 20:48:10.743   684   684 I mm-camera: <SENSOR>< INFO> 255: sensor_xml_util_get_node_data:  i = 8 str = ov8856_cpp_video
06-23 20:48:10.743   684   684 I mm-camera: <SENSOR>< INFO> 255: sensor_xml_util_get_node_data:  i = 11 str = ov8856_a3_default_preview
06-23 20:48:10.743   684   684 I mm-camera: <SENSOR>< INFO> 255: sensor_xml_util_get_node_data:  i = 12 str = ov8856_a3_default_video
06-23 20:48:10.743   684   684 I mm-camera: <SENSOR>< INFO> 216: sensor_xml_util_get_node_data: num_pairs = 15
06-23 20:48:10.743   684   684 I mm-camera: <SENSOR>< INFO> 255: sensor_xml_util_get_node_data:  i = 0 str = 3
06-23 20:48:10.743   684   684 I mm-camera: <SENSOR>< INFO> 255: sensor_xml_util_get_node_data:  i = 3 str = ov8856_hfr_60
06-23 20:48:10.743   684   684 I mm-camera: <SENSOR>< INFO> 255: sensor_xml_util_get_node_data:  i = 4 str = ov8856_hfr_60
06-23 20:48:10.743   684   684 I mm-camera: <SENSOR>< INFO> 255: sensor_xml_util_get_node_data:  i = 5 str = ov8856_hfr_60
06-23 20:48:10.743   684   684 I mm-camera: <SENSOR>< INFO> 255: sensor_xml_util_get_node_data:  i = 8 str = ov8856_cpp_hfr_60
06-23 20:48:10.743   684   684 I mm-camera: <SENSOR>< INFO> 255: sensor_xml_util_get_node_data:  i = 11 str = ov8856_a3_hfr_60
06-23 20:48:10.743   684   684 I mm-camera: <SENSOR>< INFO> 255: sensor_xml_util_get_node_data:  i = 12 str = ov8856_a3_hfr_60
06-23 20:48:10.743   684   684 I mm-camera: <SENSOR>< INFO> 216: sensor_xml_util_get_node_data: num_pairs = 15
06-23 20:48:10.743   684   684 I mm-camera: <SENSOR>< INFO> 255: sensor_xml_util_get_node_data:  i = 0 str = 4
06-23 20:48:10.743   684   684 I mm-camera: <SENSOR>< INFO> 255: sensor_xml_util_get_node_data:  i = 3 str = ov8856_hfr_90
06-23 20:48:10.743   684   684 I mm-camera: <SENSOR>< INFO> 255: sensor_xml_util_get_node_data:  i = 4 str = ov8856_hfr_90
06-23 20:48:10.743   684   684 I mm-camera: <SENSOR>< INFO> 255: sensor_xml_util_get_node_data:  i = 5 str = ov8856_hfr_90
06-23 20:48:10.743   684   684 I mm-camera: <SENSOR>< INFO> 255: sensor_xml_util_get_node_data:  i = 8 str = ov8856_cpp_hfr_90
06-23 20:48:10.743   684   684 I mm-camera: <SENSOR>< INFO> 255: sensor_xml_util_get_node_data:  i = 11 str = ov8856_a3_hfr_90
06-23 20:48:10.743   684   684 I mm-camera: <SENSOR>< INFO> 255: sensor_xml_util_get_node_data:  i = 12 str = ov8856_a3_hfr_90
06-23 20:48:10.743   684   684 I mm-camera: <SENSOR>< INFO> 216: sensor_xml_util_get_node_data: num_pairs = 14
06-23 20:48:10.743   684   684 I mm-camera: <SENSOR>< INFO> 255: sensor_xml_util_get_node_data:  i = 1 str = ov8856_common
06-23 20:48:10.743   684   684 I mm-camera: <SENSOR>< INFO> 255: sensor_xml_util_get_node_data:  i = 5 str = ov8856_cpp_preview
06-23 20:48:10.743   684   684 I mm-camera: <SENSOR>< INFO> 255: sensor_xml_util_get_node_data:  i = 6 str = ov8856_cpp_snapshot
06-23 20:48:10.743   684   684 I mm-camera: <SENSOR>< INFO> 255: sensor_xml_util_get_node_data:  i = 8 str = ov8856_cpp_liveshot
06-23 20:48:10.743   684   684 I mm-camera: <SENSOR>< INFO> 255: sensor_xml_util_get_node_data:  i = 9 str = ov8856_postproc
06-23 20:48:10.743   684   684 I mm-camera: <SENSOR>< INFO> 216: sensor_xml_util_get_node_data: num_pairs = 14
06-23 20:48:10.743   684   684 I mm-camera: <SENSOR>< INFO> 255: sensor_xml_util_get_node_data:  i = 0 str = ZOOM_UPSCALE
06-23 20:48:10.743   684   684 I mm-camera: <SENSOR>< INFO> 255: sensor_xml_util_get_node_data:  i = 6 str = ov8856_cpp_us_chromatix
06-23 20:48:10.743   684   684 I mm-camera: <SENSOR>< INFO> 216: sensor_xml_util_get_node_data: num_pairs = 14
06-23 20:48:10.743   684   684 I mm-camera: <SENSOR>< INFO> 255: sensor_xml_util_get_node_data:  i = 0 str = ZOOM_DOWNSCALE
06-23 20:48:10.743   684   684 I mm-camera: <SENSOR>< INFO> 255: sensor_xml_util_get_node_data:  i = 6 str = ov8856_cpp_ds_chromatix
06-23 20:48:10.744   684   684 I mm-camera: <SENSOR>< INFO> 216: sensor_xml_util_get_node_data: num_pairs = 13
06-23 20:48:10.744   684   684 I mm-camera: <SENSOR>< INFO> 255: sensor_xml_util_get_node_data:  i = 1 str = s5k5e9yx04
06-23 20:48:10.744   684   684 I mm-camera: <SENSOR>< INFO> 255: sensor_xml_util_get_node_data:  i = 2 str = dw9714a
06-23 20:48:10.744   684   684 I mm-camera: <SENSOR>< INFO> 255: sensor_xml_util_get_node_data:  i = 3 str = s5k5e9yx04_le24l043cb
06-23 20:48:10.744   684   684 I mm-camera: <SENSOR>< INFO> 255: sensor_xml_util_get_node_data:  i = 5 str = pmic
06-23 20:48:10.744   684   684 I mm-camera: <SENSOR>< INFO> 255: sensor_xml_util_get_node_data:  i = 6 str = s5k5e9yx04_chromatix
06-23 20:48:10.744   684   684 I mm-camera: <SENSOR>< INFO> 255: sensor_xml_util_get_node_data:  i = 8 str = 3
06-23 20:48:10.744   684   684 I mm-camera: <SENSOR>< INFO> 255: sensor_xml_util_get_node_data:  i = 9 str = 1
06-23 20:48:10.744   684   684 I mm-camera: <SENSOR>< INFO> 255: sensor_xml_util_get_node_data:  i = 10 str = FRONT
06-23 20:48:10.744   684   684 I mm-camera: <SENSOR>< INFO> 255: sensor_xml_util_get_node_data:  i = 11 str = 0
06-23 20:48:10.749   684   684 I mm-camera: <SENSOR>< INFO> 311: sensor_sdk_util_get_i2c_freq_mode: Invalid i2c_freq_mode = 4
06-23 20:48:10.749   684   684 I mm-camera: <SENSOR>< INFO> 246: sensor_probe: [s5k5e9yx04]CFG_SINIT_PROBE failed
06-23 20:48:10.749   684   684 I mm-camera: <SENSOR>< INFO> 399: sensor_init_xml_probe: failed: to probe s5k5e9yx04
06-23 20:48:10.757   684   684 E mm-camera: <SENSOR><ERROR> ov8856_gt24p64b_eeprom_open_lib: 359: ov8856_gt24p64b_eeprom_open_lib Enter
06-23 20:48:10.821   639   639 W zygote64: JNI RegisterNativeMethods: attempt to register 0 native methods for android.media.AudioAttributes
06-23 20:48:10.826   640   640 W zygote  : JNI RegisterNativeMethods: attempt to register 0 native methods for android.media.AudioAttributes
06-23 20:48:10.834   639   639 I sysui_multi_action: [757,804,799,boot_zygote_init,801,12719,802,1]
06-23 20:48:10.840   640   640 I sysui_multi_action: [757,804,799,boot_zygote_init,801,12728,802,1]
06-23 20:48:10.846   639   639 I boot_progress_preload_start: 12738
06-23 20:48:10.846   639   639 D Zygote  : begin preload
06-23 20:48:10.849   639   639 I Zygote  : Calling ZygoteHooks.beginPreload()
06-23 20:48:10.857   640   640 I zygote  : Explicit concurrent copying GC freed 307(38KB) AllocSpace objects, 0(0B) LOS objects, 98% free, 25KB/1561KB, paused 69us total 8.786ms
06-23 20:48:10.863   640   640 I zygote  : Explicit concurrent copying GC freed 5(32KB) AllocSpace objects, 0(0B) LOS objects, 98% free, 25KB/1561KB, paused 109us total 6.130ms
06-23 20:48:10.864   640   640 I chatty  : uid=0(root) main expire 6 lines
06-23 20:48:10.876   640   640 I Zygote  : Accepting command socket connections
06-23 20:48:10.892   639   639 I chatty  : uid=0(root) main expire 7 lines
06-23 20:48:10.892   639   639 I Zygote  : Preloading classes...
06-23 20:48:10.895   639   639 W Zygote  : Class not found for preloading: android.app.-$$Lambda$ActivityThread$ZXDWm3IBeFmLnFVblhB-IOZCr9o
06-23 20:48:10.958   639   639 W Zygote  : Class not found for preloading: android.bluetooth.BluetoothA2dp$2
06-23 20:48:10.965   639   639 I PackageBackwardCompatibility: Could not find android.content.pm.AndroidTestBaseUpdater, ignoring
06-23 20:48:11.264   684   684 E mm-camera: <SENSOR><ERROR> ov8856_gt24p64b_get_module_info: 77: EEPROM Version 1
06-23 20:48:11.264   684   684 E mm-camera: <SENSOR><ERROR> ov8856_gt24p64b_get_module_info: 86: EEPROM Manufacture date YYYY/MM/DD 2020/08/08 
06-23 20:48:11.264   684   684 E mm-camera: <SENSOR><ERROR> ov8856_gt24p64b_format_wbdata: 107: Enter
06-23 20:48:11.264   684   684 E mm-camera: <SENSOR><ERROR> ov8856_gt24p64b_format_wbdata: 121: WB : (4000K) r/gr = 0.509766
06-23 20:48:11.264   684   684 E mm-camera: <SENSOR><ERROR> ov8856_gt24p64b_format_wbdata: 122: WB : (4000K) b/gb = 0.834961
06-23 20:48:11.264   684   684 E mm-camera: <SENSOR><ERROR> ov8856_gt24p64b_format_wbdata: 123: WB : (4000K) gr/gb = 1.002938
06-23 20:48:11.264   684   684 E mm-camera: <SENSOR><ERROR> ov8856_gt24p64b_format_wbdata: 128: WB : (5000K) r/gr = 0.706055
06-23 20:48:11.264   684   684 E mm-camera: <SENSOR><ERROR> ov8856_gt24p64b_format_wbdata: 129: WB : (5000K) b/gb = 0.639648
06-23 20:48:11.264   684   684 E mm-camera: <SENSOR><ERROR> ov8856_gt24p64b_format_wbdata: 130: WB : (5000K) gr/gb = 1.000978
06-23 20:48:11.264   684   684 E mm-camera: <SENSOR><ERROR> ov8856_gt24p64b_format_wbdata: 183: Exit
06-23 20:48:11.264   684   684 E mm-camera: <SENSOR><ERROR> ov8856_gt24p64b_format_lensshading: 244: Enter
06-23 20:48:11.265   684   684 E mm-camera: <SENSOR><ERROR> ov8856_gt24p64b_format_lensshading: 300: Exit
06-23 20:48:11.265   684   684 E mm-camera: <SENSOR><ERROR> ov8856_gt24p64b_format_afdata: 202: Enter
06-23 20:48:11.265   684   684 E mm-camera: <SENSOR><ERROR> ov8856_gt24p64b_format_afdata: 223: AF : macro 410 infinity 250 (now starting DAC set to infinity)
06-23 20:48:11.265   684   684 E mm-camera: <SENSOR><ERROR> ov8856_gt24p64b_format_afdata: 224: Exit
06-23 20:48:11.265   684   684 E mm-camera: <SENSOR><ERROR> ov8856_gt24p64b_get_calibration_items: 30: is_insensor:0, is_afc:1, is_wbc:1, is_lsc:1, is_dpc:0, is_ois:0, is_dual:0
06-23 20:48:11.265   684   684 I mm-camera: <SENSOR>< INFO> 97: sensor_sysinfo_read: sysinfo:path /sys/module/msm_sensor_driver/parameters/module_vendor data default size 10
06-23 20:48:11.265   684   684 E mm-camera: <SENSOR><ERROR> 129: eeprom_af_add_margin: AF_infinity_dac:226, macro_dac:514
06-23 20:48:11.339   712   712 D QSEECOMAPI: Loaded image: APP id = 131074
06-23 20:48:11.343   712   712 D vendor.qti.hardware.soter@1.0-service: soter: svc service starting.
06-23 20:48:11.344   712   712 I ServiceManagement: Registered vendor.qti.hardware.soter@1.0::ISoter/default (start delay of 1336ms)
06-23 20:48:11.345   712   712 I ServiceManagement: Removing namespace from process name vendor.qti.hardware.soter@1.0-service to soter@1.0-service.
06-23 20:48:11.345   712   712 E vendor.qti.hardware.soter@1.0-service: Registered SOTER HAL service success
06-23 20:48:11.393   684   684 E mm-camera: <IFACE ><ERROR> 318: iface_discover_subdev_nodes: iface_discover_subdev_nodes:318 entity name video1 type 10001 group id 0
06-23 20:48:11.393   684   684 E mm-camera: <IFACE ><ERROR> 318: iface_discover_subdev_nodes: iface_discover_subdev_nodes:318 entity name v4l-subdev0 type 10f0a group id 0
06-23 20:48:11.393   684   684 E mm-camera: <IFACE ><ERROR> 318: iface_discover_subdev_nodes: iface_discover_subdev_nodes:318 entity name v4l-subdev1 type 10f00 group id 0
06-23 20:48:11.393   684   684 E mm-camera: <IFACE ><ERROR> 318: iface_discover_subdev_nodes: iface_discover_subdev_nodes:318 entity name v4l-subdev2 type 10f00 group id 0
06-23 20:48:11.393   684   684 E mm-camera: <IFACE ><ERROR> 318: iface_discover_subdev_nodes: iface_discover_subdev_nodes:318 entity name v4l-subdev3 type 10f00 group id 0
06-23 20:48:11.393   684   684 E mm-camera: <IFACE ><ERROR> 318: iface_discover_subdev_nodes: iface_discover_subdev_nodes:318 entity name v4l-subdev4 type 10f0d group id 0
06-23 20:48:11.393   684   684 E mm-camera: <IFACE ><ERROR> 318: iface_discover_subdev_nodes: iface_discover_subdev_nodes:318 entity name v4l-subdev5 type 10f0d group id 0
06-23 20:48:11.393   684   684 E mm-camera: <IFACE ><ERROR> 318: iface_discover_subdev_nodes: iface_discover_subdev_nodes:318 entity name v4l-subdev6 type 10f0d group id 0
06-23 20:48:11.393   684   684 E mm-camera: <IFACE ><ERROR> 318: iface_discover_subdev_nodes: iface_discover_subdev_nodes:318 entity name v4l-subdev7 type 10f0d group id 0
06-23 20:48:11.393   684   684 E mm-camera: <IFACE ><ERROR> 318: iface_discover_subdev_nodes: iface_discover_subdev_nodes:318 entity name v4l-subdev8 type 10f07 group id 0
06-23 20:48:11.393   684   684 E mm-camera: <IFACE ><ERROR> 318: iface_discover_subdev_nodes: iface_discover_subdev_nodes:318 entity name v4l-subdev9 type 10f08 group id 0
06-23 20:48:11.393   684   684 E mm-camera: <IFACE ><ERROR> 318: iface_discover_subdev_nodes: iface_discover_subdev_nodes:318 entity name v4l-subdev10 type 10f0e group id 0
06-23 20:48:11.393   684   684 E mm-camera: <IFACE ><ERROR> 318: iface_discover_subdev_nodes: iface_discover_subdev_nodes:318 entity name v4l-subdev11 type 10f09 group id 0
06-23 20:48:11.393   684   684 E mm-camera: <IFACE ><ERROR> 318: iface_discover_subdev_nodes: iface_discover_subdev_nodes:318 entity name v4l-subdev12 type 10f03 group id 0
06-23 20:48:11.393   684   684 E mm-camera: <IFACE ><ERROR> 318: iface_discover_subdev_nodes: iface_discover_subdev_nodes:318 entity name v4l-subdev13 type 10f03 group id 0
06-23 20:48:11.393   684   684 E mm-camera: <IFACE ><ERROR> 318: iface_discover_subdev_nodes: iface_discover_subdev_nodes:318 entity name v4l-subdev14 type 10f02 group id 0
06-23 20:48:11.393   684   684 E mm-camera: <IFACE ><ERROR> 318: iface_discover_subdev_nodes: iface_discover_subdev_nodes:318 entity name v4l-subdev15 type 10f01 group id 0
06-23 20:48:11.393   684   684 E mm-camera: <IFACE ><ERROR> 318: iface_discover_subdev_nodes: iface_discover_subdev_nodes:318 entity name v4l-subdev16 type 10f06 group id 0
06-23 20:48:11.400   684   684 I mm-camera: <ISP   >< INFO> 4088: isp_resource_get_isp_hw_limit: isp hw limit 0
06-23 20:48:11.469   680   680 D audio_hw_utils: audio_extn_utils_open_snd_mixer: retry, retry_num 1
06-23 20:48:11.490   684   684 I mm-camera: <ISP   >< INFO> 4088: isp_resource_get_isp_hw_limit: isp hw limit 0
06-23 20:48:11.505   684   684 I mm-camera: <ISP   >< INFO> 926: module_isp_init: module 0xf1314780
06-23 20:48:11.525   684   684 I mm-camera: <CPP   >< INFO> 191: cpp_module_init: info: CPP module_init successful
06-23 20:48:11.535   639   639 E ActivityRecognitionHardware: activity_recognition HAL is deprecated. class_init is effectively a no-op
06-23 20:48:11.642   639   639 I zygote64: Thread[1,tid=639,Native,Thread*=0x7edc787c00,peer=0x12c022c0,"main"] recursive attempt to load library "libmedia_jni.so"
06-23 20:48:11.642   639   639 D MtpDeviceJNI: register_android_mtp_MtpDevice
06-23 20:48:11.642   639   639 I zygote64: Thread[1,tid=639,Native,Thread*=0x7edc787c00,peer=0x12c022c0,"main"] recursive attempt to load library "libmedia_jni.so"
06-23 20:48:11.642   639   639 I zygote64: Thread[1,tid=639,Native,Thread*=0x7edc787c00,peer=0x12c022c0,"main"] recursive attempt to load library "libmedia_jni.so"
06-23 20:48:11.643   639   639 V MediaProfiles: getInstance
06-23 20:48:11.644   639   639 V MediaProfiles: addStartTimeOffset: cameraId=0, offset=1000 ms
06-23 20:48:11.644   639   639 V MediaProfiles: video codec:
06-23 20:48:11.644   639   639 V MediaProfiles: codec = 2
06-23 20:48:11.644   639   639 V MediaProfiles: bit rate: 192000
06-23 20:48:11.644   639   639 V MediaProfiles: frame width: 176
06-23 20:48:11.644   639   639 V MediaProfiles: frame height: 144
06-23 20:48:11.644   639   639 V MediaProfiles: frame rate: 30
06-23 20:48:11.644   639   639 D MediaProfiles: audio codec:
06-23 20:48:11.644   639   639 D MediaProfiles: codec = 1
06-23 20:48:11.644   639   639 D MediaProfiles: bit rate: 12200
06-23 20:48:11.644   639   639 D MediaProfiles: sample rate: 8000
06-23 20:48:11.644   639   639 D MediaProfiles: number of channels: 1
06-23 20:48:11.644   639   639 V MediaProfiles: video codec:
06-23 20:48:11.644   639   639 V MediaProfiles: codec = 2
06-23 20:48:11.644   639   639 V MediaProfiles: bit rate: 20000000
06-23 20:48:11.644   639   639 V MediaProfiles: frame width: 1920
06-23 20:48:11.644   639   639 V MediaProfiles: frame height: 1080
06-23 20:48:11.644   639   639 V MediaProfiles: frame rate: 30
06-23 20:48:11.644   639   639 D MediaProfiles: audio codec:
06-23 20:48:11.644   639   639 D MediaProfiles: codec = 3
06-23 20:48:11.644   639   639 D MediaProfiles: bit rate: 156000
06-23 20:48:11.644   639   639 D MediaProfiles: sample rate: 48000
06-23 20:48:11.644   639   639 D MediaProfiles: number of channels: 2
06-23 20:48:11.644   639   639 V MediaProfiles: video codec:
06-23 20:48:11.644   639   639 V MediaProfiles: codec = 2
06-23 20:48:11.644   639   639 V MediaProfiles: bit rate: 512000
06-23 20:48:11.644   639   639 V MediaProfiles: frame width: 320
06-23 20:48:11.644   639   639 V MediaProfiles: frame height: 240
06-23 20:48:11.644   639   639 V MediaProfiles: frame rate: 30
06-23 20:48:11.644   639   639 D MediaProfiles: audio codec:
06-23 20:48:11.644   639   639 D MediaProfiles: codec = 3
06-23 20:48:11.644   639   639 D MediaProfiles: bit rate: 156000
06-23 20:48:11.644   639   639 D MediaProfiles: sample rate: 48000
06-23 20:48:11.644   639   639 D MediaProfiles: number of channels: 2
06-23 20:48:11.644   639   639 V MediaProfiles: video codec:
06-23 20:48:11.644   639   639 V MediaProfiles: codec = 2
06-23 20:48:11.644   639   639 V MediaProfiles: bit rate: 720000
06-23 20:48:11.644   639   639 V MediaProfiles: frame width: 352
06-23 20:48:11.644   639   639 V MediaProfiles: frame height: 288
06-23 20:48:11.644   639   639 V MediaProfiles: frame rate: 30
06-23 20:48:11.644   639   639 D MediaProfiles: audio codec:
06-23 20:48:11.644   639   639 D MediaProfiles: codec = 1
06-23 20:48:11.644   639   639 D MediaProfiles: bit rate: 12200
06-23 20:48:11.644   639   639 D MediaProfiles: sample rate: 8000
06-23 20:48:11.644   639   639 D MediaProfiles: number of channels: 1
06-23 20:48:11.644   639   639 V MediaProfiles: video codec:
06-23 20:48:11.644   639   639 V MediaProfiles: codec = 2
06-23 20:48:11.644   639   639 V MediaProfiles: bit rate: 2000000
06-23 20:48:11.645   639   639 V MediaProfiles: frame width: 720
06-23 20:48:11.645   639   639 V MediaProfiles: frame height: 480
06-23 20:48:11.645   639   639 V MediaProfiles: frame rate: 30
06-23 20:48:11.645   639   639 D MediaProfiles: audio codec:
06-23 20:48:11.645   639   639 D MediaProfiles: codec = 3
06-23 20:48:11.645   639   639 D MediaProfiles: bit rate: 156000
06-23 20:48:11.645   639   639 D MediaProfiles: sample rate: 48000
06-23 20:48:11.645   639   639 D MediaProfiles: number of channels: 2
06-23 20:48:11.645   639   639 V MediaProfiles: video codec:
06-23 20:48:11.645   639   639 V MediaProfiles: codec = 2
06-23 20:48:11.645   639   639 V MediaProfiles: bit rate: 14000000
06-23 20:48:11.645   639   639 V MediaProfiles: frame width: 1280
06-23 20:48:11.645   639   639 V MediaProfiles: frame height: 720
06-23 20:48:11.645   639   639 V MediaProfiles: frame rate: 30
06-23 20:48:11.645   639   639 D MediaProfiles: audio codec:
06-23 20:48:11.645   639   639 D MediaProfiles: codec = 3
06-23 20:48:11.645   639   639 D MediaProfiles: bit rate: 156000
06-23 20:48:11.645   639   639 D MediaProfiles: sample rate: 48000
06-23 20:48:11.645   639   639 D MediaProfiles: number of channels: 2
06-23 20:48:11.645   639   639 V MediaProfiles: video codec:
06-23 20:48:11.645   639   639 V MediaProfiles: codec = 2
06-23 20:48:11.645   639   639 V MediaProfiles: bit rate: 20000000
06-23 20:48:11.645   639   639 V MediaProfiles: frame width: 1920
06-23 20:48:11.645   639   639 V MediaProfiles: frame height: 1080
06-23 20:48:11.645   639   639 V MediaProfiles: frame rate: 30
06-23 20:48:11.645   639   639 D MediaProfiles: audio codec:
06-23 20:48:11.645   639   639 D MediaProfiles: codec = 3
06-23 20:48:11.645   639   639 D MediaProfiles: bit rate: 156000
06-23 20:48:11.645   639   639 D MediaProfiles: sample rate: 48000
06-23 20:48:11.645   639   639 D MediaProfiles: number of channels: 2
06-23 20:48:11.645   639   639 V MediaProfiles: video codec:
06-23 20:48:11.645   639   639 V MediaProfiles: codec = 2
06-23 20:48:11.645   639   639 V MediaProfiles: bit rate: 42000000
06-23 20:48:11.645   639   639 V MediaProfiles: frame width: 2560
06-23 20:48:11.645   639   639 V MediaProfiles: frame height: 1440
06-23 20:48:11.645   639   639 V MediaProfiles: frame rate: 30
06-23 20:48:11.645   639   639 D MediaProfiles: audio codec:
06-23 20:48:11.645   639   639 D MediaProfiles: codec = 3
06-23 20:48:11.645   639   639 D MediaProfiles: bit rate: 156000
06-23 20:48:11.645   639   639 D MediaProfiles: sample rate: 48000
06-23 20:48:11.645   639   639 D MediaProfiles: number of channels: 2
06-23 20:48:11.645   639   639 V MediaProfiles: video codec:
06-23 20:48:11.645   639   639 V MediaProfiles: codec = 2
06-23 20:48:11.645   639   639 V MediaProfiles: bit rate: 20000000
06-23 20:48:11.645   639   639 V MediaProfiles: frame width: 2048
06-23 20:48:11.645   639   639 V MediaProfiles: frame height: 1080
06-23 20:48:11.645   639   639 V MediaProfiles: frame rate: 30
06-23 20:48:11.645   639   639 D MediaProfiles: audio codec:
06-23 20:48:11.645   639   639 D MediaProfiles: codec = 3
06-23 20:48:11.645   639   639 D MediaProfiles: bit rate: 156000
06-23 20:48:11.645   639   639 D MediaProfiles: sample rate: 48000
06-23 20:48:11.645   639   639 D MediaProfiles: number of channels: 2
06-23 20:48:11.645   639   639 V MediaProfiles: video codec:
06-23 20:48:11.645   639   639 V MediaProfiles: codec = 2
06-23 20:48:11.645   639   639 V MediaProfiles: bit rate: 192000
06-23 20:48:11.645   639   639 V MediaProfiles: frame width: 176
06-23 20:48:11.645   639   639 V MediaProfiles: frame height: 144
06-23 20:48:11.645   639   639 V MediaProfiles: frame rate: 30
06-23 20:48:11.645   639   639 D MediaProfiles: audio codec:
06-23 20:48:11.645   639   639 D MediaProfiles: codec = 1
06-23 20:48:11.645   639   639 D MediaProfiles: bit rate: 12200
06-23 20:48:11.645   639   639 D MediaProfiles: sample rate: 8000
06-23 20:48:11.645   639   639 D MediaProfiles: number of channels: 1
06-23 20:48:11.645   639   639 V MediaProfiles: video codec:
06-23 20:48:11.645   639   639 V MediaProfiles: codec = 2
06-23 20:48:11.645   639   639 V MediaProfiles: bit rate: 2000000
06-23 20:48:11.645   639   639 V MediaProfiles: frame width: 640
06-23 20:48:11.645   639   639 V MediaProfiles: frame height: 480
06-23 20:48:11.645   639   639 V MediaProfiles: frame rate: 30
06-23 20:48:11.645   639   639 D MediaProfiles: audio codec:
06-23 20:48:11.645   639   639 D MediaProfiles: codec = 3
06-23 20:48:11.645   639   639 D MediaProfiles: bit rate: 156000
06-23 20:48:11.645   639   639 D MediaProfiles: sample rate: 48000
06-23 20:48:11.645   639   639 D MediaProfiles: number of channels: 2
06-23 20:48:11.645   639   639 V MediaProfiles: video codec:
06-23 20:48:11.645   639   639 V MediaProfiles: codec = 2
06-23 20:48:11.645   639   639 V MediaProfiles: bit rate: 192000
06-23 20:48:11.645   639   639 V MediaProfiles: frame width: 176
06-23 20:48:11.645   639   639 V MediaProfiles: frame height: 144
06-23 20:48:11.645   639   639 V MediaProfiles: frame rate: 30
06-23 20:48:11.645   639   639 D MediaProfiles: audio codec:
06-23 20:48:11.645   639   639 D MediaProfiles: codec = 1
06-23 20:48:11.645   639   639 D MediaProfiles: bit rate: 12200
06-23 20:48:11.645   639   639 D MediaProfiles: sample rate: 8000
06-23 20:48:11.645   639   639 D MediaProfiles: number of channels: 1
06-23 20:48:11.645   639   639 V MediaProfiles: video codec:
06-23 20:48:11.645   639   639 V MediaProfiles: codec = 2
06-23 20:48:11.645   639   639 V MediaProfiles: bit rate: 20000000
06-23 20:48:11.645   639   639 V MediaProfiles: frame width: 1920
06-23 20:48:11.645   639   639 V MediaProfiles: frame height: 1080
06-23 20:48:11.645   639   639 V MediaProfiles: frame rate: 30
06-23 20:48:11.645   639   639 D MediaProfiles: audio codec:
06-23 20:48:11.645   639   639 D MediaProfiles: codec = 3
06-23 20:48:11.645   639   639 D MediaProfiles: bit rate: 156000
06-23 20:48:11.645   639   639 D MediaProfiles: sample rate: 48000
06-23 20:48:11.645   639   639 D MediaProfiles: number of channels: 2
06-23 20:48:11.645   639   639 V MediaProfiles: video codec:
06-23 20:48:11.645   639   639 V MediaProfiles: codec = 2
06-23 20:48:11.645   639   639 V MediaProfiles: bit rate: 192000
06-23 20:48:11.645   639   639 V MediaProfiles: frame width: 176
06-23 20:48:11.646   639   639 V MediaProfiles: frame height: 144
06-23 20:48:11.646   639   639 V MediaProfiles: frame rate: 30
06-23 20:48:11.646   639   639 D MediaProfiles: audio codec:
06-23 20:48:11.646   639   639 D MediaProfiles: codec = 1
06-23 20:48:11.646   639   639 D MediaProfiles: bit rate: 12200
06-23 20:48:11.646   639   639 D MediaProfiles: sample rate: 8000
06-23 20:48:11.646   639   639 D MediaProfiles: number of channels: 1
06-23 20:48:11.646   639   639 V MediaProfiles: video codec:
06-23 20:48:11.646   639   639 V MediaProfiles: codec = 2
06-23 20:48:11.646   639   639 V MediaProfiles: bit rate: 720000
06-23 20:48:11.646   639   639 V MediaProfiles: frame width: 352
06-23 20:48:11.646   639   639 V MediaProfiles: frame height: 288
06-23 20:48:11.646   639   639 V MediaProfiles: frame rate: 30
06-23 20:48:11.646   639   639 D MediaProfiles: audio codec:
06-23 20:48:11.646   639   639 D MediaProfiles: codec = 1
06-23 20:48:11.646   639   639 D MediaProfiles: bit rate: 12200
06-23 20:48:11.646   639   639 D MediaProfiles: sample rate: 8000
06-23 20:48:11.646   639   639 D MediaProfiles: number of channels: 1
06-23 20:48:11.646   639   639 V MediaProfiles: video codec:
06-23 20:48:11.646   639   639 V MediaProfiles: codec = 2
06-23 20:48:11.646   639   639 V MediaProfiles: bit rate: 512000
06-23 20:48:11.646   639   639 V MediaProfiles: frame width: 320
06-23 20:48:11.646   639   639 V MediaProfiles: frame height: 240
06-23 20:48:11.646   639   639 V MediaProfiles: frame rate: 30
06-23 20:48:11.646   639   639 D MediaProfiles: audio codec:
06-23 20:48:11.646   639   639 D MediaProfiles: codec = 1
06-23 20:48:11.646   639   639 D MediaProfiles: bit rate: 12200
06-23 20:48:11.646   639   639 D MediaProfiles: sample rate: 8000
06-23 20:48:11.646   639   639 D MediaProfiles: number of channels: 1
06-23 20:48:11.646   639   639 V MediaProfiles: video codec:
06-23 20:48:11.646   639   639 V MediaProfiles: codec = 2
06-23 20:48:11.646   639   639 V MediaProfiles: bit rate: 2000000
06-23 20:48:11.646   639   639 V MediaProfiles: frame width: 640
06-23 20:48:11.646   639   639 V MediaProfiles: frame height: 480
06-23 20:48:11.646   639   639 V MediaProfiles: frame rate: 30
06-23 20:48:11.646   639   639 D MediaProfiles: audio codec:
06-23 20:48:11.646   639   639 D MediaProfiles: codec = 1
06-23 20:48:11.646   639   639 D MediaProfiles: bit rate: 12200
06-23 20:48:11.646   639   639 D MediaProfiles: sample rate: 8000
06-23 20:48:11.646   639   639 D MediaProfiles: number of channels: 1
06-23 20:48:11.646   639   639 V MediaProfiles: video codec:
06-23 20:48:11.646   639   639 V MediaProfiles: codec = 2
06-23 20:48:11.646   639   639 V MediaProfiles: bit rate: 2000000
06-23 20:48:11.646   639   639 V MediaProfiles: frame width: 640
06-23 20:48:11.646   639   639 V MediaProfiles: frame height: 480
06-23 20:48:11.646   639   639 V MediaProfiles: frame rate: 30
06-23 20:48:11.646   639   639 D MediaProfiles: audio codec:
06-23 20:48:11.646   639   639 D MediaProfiles: codec = 3
06-23 20:48:11.646   639   639 D MediaProfiles: bit rate: 156000
06-23 20:48:11.646   639   639 D MediaProfiles: sample rate: 48000
06-23 20:48:11.646   639   639 D MediaProfiles: number of channels: 2
06-23 20:48:11.646   639   639 V MediaProfiles: video codec:
06-23 20:48:11.646   639   639 V MediaProfiles: codec = 2
06-23 20:48:11.646   639   639 V MediaProfiles: bit rate: 14000000
06-23 20:48:11.646   639   639 V MediaProfiles: frame width: 1280
06-23 20:48:11.646   639   639 V MediaProfiles: frame height: 720
06-23 20:48:11.646   639   639 V MediaProfiles: frame rate: 30
06-23 20:48:11.646   639   639 D MediaProfiles: audio codec:
06-23 20:48:11.646   639   639 D MediaProfiles: codec = 3
06-23 20:48:11.646   639   639 D MediaProfiles: bit rate: 156000
06-23 20:48:11.646   639   639 D MediaProfiles: sample rate: 48000
06-23 20:48:11.646   639   639 D MediaProfiles: number of channels: 2
06-23 20:48:11.646   639   639 V MediaProfiles: video codec:
06-23 20:48:11.646   639   639 V MediaProfiles: codec = 2
06-23 20:48:11.646   639   639 V MediaProfiles: bit rate: 20000000
06-23 20:48:11.646   639   639 V MediaProfiles: frame width: 1920
06-23 20:48:11.646   639   639 V MediaProfiles: frame height: 1080
06-23 20:48:11.646   639   639 V MediaProfiles: frame rate: 30
06-23 20:48:11.646   639   639 D MediaProfiles: audio codec:
06-23 20:48:11.646   639   639 D MediaProfiles: codec = 3
06-23 20:48:11.646   639   639 D MediaProfiles: bit rate: 156000
06-23 20:48:11.646   639   639 D MediaProfiles: sample rate: 48000
06-23 20:48:11.646   639   639 D MediaProfiles: number of channels: 2
06-23 20:48:11.646   639   639 V MediaProfiles: video codec:
06-23 20:48:11.646   639   639 V MediaProfiles: codec = 2
06-23 20:48:11.646   639   639 V MediaProfiles: bit rate: 42000000
06-23 20:48:11.646   639   639 V MediaProfiles: frame width: 2560
06-23 20:48:11.646   639   639 V MediaProfiles: frame height: 1440
06-23 20:48:11.646   639   639 V MediaProfiles: frame rate: 30
06-23 20:48:11.646   639   639 D MediaProfiles: audio codec:
06-23 20:48:11.646   639   639 D MediaProfiles: codec = 3
06-23 20:48:11.646   639   639 D MediaProfiles: bit rate: 156000
06-23 20:48:11.646   639   639 D MediaProfiles: sample rate: 48000
06-23 20:48:11.646   639   639 D MediaProfiles: number of channels: 2
06-23 20:48:11.646   639   639 V MediaProfiles: video codec:
06-23 20:48:11.646   639   639 V MediaProfiles: codec = 2
06-23 20:48:11.646   639   639 V MediaProfiles: bit rate: 20000000
06-23 20:48:11.646   639   639 V MediaProfiles: frame width: 2048
06-23 20:48:11.646   639   639 V MediaProfiles: frame height: 1080
06-23 20:48:11.646   639   639 V MediaProfiles: frame rate: 30
06-23 20:48:11.646   639   639 D MediaProfiles: audio codec:
06-23 20:48:11.646   639   639 D MediaProfiles: codec = 3
06-23 20:48:11.646   639   639 D MediaProfiles: bit rate: 156000
06-23 20:48:11.646   639   639 D MediaProfiles: sample rate: 48000
06-23 20:48:11.646   639   639 D MediaProfiles: number of channels: 2
06-23 20:48:11.646   639   639 V MediaProfiles: addImageEncodingQualityLevel: cameraId=0, quality=95
06-23 20:48:11.646   639   639 V MediaProfiles: addImageEncodingQualityLevel: cameraId=0, quality=80
06-23 20:48:11.646   639   639 V MediaProfiles: addImageEncodingQualityLevel: cameraId=0, quality=70
06-23 20:48:11.647   639   639 V MediaProfiles: addStartTimeOffset: cameraId=1, offset=1000 ms
06-23 20:48:11.647   639   639 V MediaProfiles: video codec:
06-23 20:48:11.647   639   639 V MediaProfiles: codec = 2
06-23 20:48:11.647   639   639 V MediaProfiles: bit rate: 192000
06-23 20:48:11.647   639   639 V MediaProfiles: frame width: 176
06-23 20:48:11.647   639   639 V MediaProfiles: frame height: 144
06-23 20:48:11.647   639   639 V MediaProfiles: frame rate: 30
06-23 20:48:11.647   639   639 D MediaProfiles: audio codec:
06-23 20:48:11.647   639   639 D MediaProfiles: codec = 1
06-23 20:48:11.647   639   639 D MediaProfiles: bit rate: 12200
06-23 20:48:11.647   639   639 D MediaProfiles: sample rate: 8000
06-23 20:48:11.647   639   639 D MediaProfiles: number of channels: 1
06-23 20:48:11.647   639   639 V MediaProfiles: video codec:
06-23 20:48:11.647   639   639 V MediaProfiles: codec = 2
06-23 20:48:11.647   639   639 V MediaProfiles: bit rate: 20000000
06-23 20:48:11.647   639   639 V MediaProfiles: frame width: 1920
06-23 20:48:11.647   639   639 V MediaProfiles: frame height: 1080
06-23 20:48:11.647   639   639 V MediaProfiles: frame rate: 30
06-23 20:48:11.647   639   639 D MediaProfiles: audio codec:
06-23 20:48:11.647   639   639 D MediaProfiles: codec = 3
06-23 20:48:11.647   639   639 D MediaProfiles: bit rate: 156000
06-23 20:48:11.647   639   639 D MediaProfiles: sample rate: 48000
06-23 20:48:11.647   639   639 D MediaProfiles: number of channels: 2
06-23 20:48:11.647   639   639 V MediaProfiles: video codec:
06-23 20:48:11.647   639   639 V MediaProfiles: codec = 2
06-23 20:48:11.647   639   639 V MediaProfiles: bit rate: 512000
06-23 20:48:11.647   639   639 V MediaProfiles: frame width: 320
06-23 20:48:11.647   639   639 V MediaProfiles: frame height: 240
06-23 20:48:11.647   639   639 V MediaProfiles: frame rate: 30
06-23 20:48:11.647   639   639 D MediaProfiles: audio codec:
06-23 20:48:11.647   639   639 D MediaProfiles: codec = 3
06-23 20:48:11.647   639   639 D MediaProfiles: bit rate: 156000
06-23 20:48:11.647   639   639 D MediaProfiles: sample rate: 48000
06-23 20:48:11.647   639   639 D MediaProfiles: number of channels: 2
06-23 20:48:11.647   639   639 V MediaProfiles: video codec:
06-23 20:48:11.647   639   639 V MediaProfiles: codec = 2
06-23 20:48:11.647   639   639 V MediaProfiles: bit rate: 720000
06-23 20:48:11.647   639   639 V MediaProfiles: frame width: 352
06-23 20:48:11.647   639   639 V MediaProfiles: frame height: 288
06-23 20:48:11.647   639   639 V MediaProfiles: frame rate: 30
06-23 20:48:11.647   639   639 D MediaProfiles: audio codec:
06-23 20:48:11.647   639   639 D MediaProfiles: codec = 1
06-23 20:48:11.647   639   639 D MediaProfiles: bit rate: 12200
06-23 20:48:11.647   639   639 D MediaProfiles: sample rate: 8000
06-23 20:48:11.647   639   639 D MediaProfiles: number of channels: 1
06-23 20:48:11.647   639   639 V MediaProfiles: video codec:
06-23 20:48:11.647   639   639 V MediaProfiles: codec = 2
06-23 20:48:11.647   639   639 V MediaProfiles: bit rate: 2000000
06-23 20:48:11.647   639   639 V MediaProfiles: frame width: 720
06-23 20:48:11.647   639   639 V MediaProfiles: frame height: 480
06-23 20:48:11.647   639   639 V MediaProfiles: frame rate: 30
06-23 20:48:11.647   639   639 D MediaProfiles: audio codec:
06-23 20:48:11.647   639   639 D MediaProfiles: codec = 3
06-23 20:48:11.669   639   639 I liblog  : 788
06-23 20:48:11.669   639   639 W Zygote  : Class not found for preloading: android.media.audiopolicy.AudioProductStrategies
06-23 20:48:11.669   639   639 W Zygote  : Class not found for preloading: android.media.audiopolicy.AudioVolumeGroups
06-23 20:48:11.686   684   684 E mm-camera: <IMGLIB><ERROR> 1392: frameproc_comp_reload_lib: Error opening frameproc library libmmcamera_ppeiscore.so error dlopen failed: library "libGLESv2_adreno.so" not found
06-23 20:48:11.686   684   684 E mm-camera: <IMGLIB><ERROR> 1258: frameproc_comp_load: frameproc_comp_load:1258] cannot load libmmcamera_ppeiscore.so
06-23 20:48:11.686   684   684 E mm-camera: <IMGLIB><ERROR> 3592: module_imgbase_init: ppeiscore] Error rc -7
06-23 20:48:11.698   684   684 E mm-camera: <IMGLIB><ERROR> 1392: frameproc_comp_reload_lib: Error opening frameproc library libmmcamera_llvd.so error dlopen failed: library "libmmcamera_llvd.so" not found
06-23 20:48:11.698   684   684 E mm-camera: <IMGLIB><ERROR> 1258: frameproc_comp_load: frameproc_comp_load:1258] cannot load libmmcamera_llvd.so
06-23 20:48:11.698   684   684 E mm-camera: <IMGLIB><ERROR> 3592: module_imgbase_init: llvd] Error rc -7
06-23 20:48:11.704   684   684 E mm-camera: <IMGLIB><ERROR> 4510: module_qdc_common_init:  Algo Capabilities Crop caps 1,core type 2, access mode 1, exec mode 1
06-23 20:48:11.705   684   684 E mm-camera: <IMGLIB><ERROR> 4270: module_qdc_common_get_valid_lib_index: error, invalid library
06-23 20:48:11.705   684   684 E mm-camera: <IMGLIB><ERROR> 4306: module_qdc_common_get_feature_lib: invalid index
06-23 20:48:11.705   684   684 E mm-camera: <IMGLIB><ERROR> 4270: module_qdc_common_get_valid_lib_index: error, invalid library
06-23 20:48:11.705   684   684 E mm-camera: <IMGLIB><ERROR> 4306: module_qdc_common_get_feature_lib: invalid index
06-23 20:48:11.708   684   684 E mm-camera: <IMGLIB><ERROR> 4270: module_qdc_common_get_valid_lib_index: error, invalid library
06-23 20:48:11.708   684   684 E mm-camera: <IMGLIB><ERROR> 4306: module_qdc_common_get_feature_lib: invalid index
06-23 20:48:11.713   684   684 E mm-camera: <IMGLIB><ERROR> 1392: frameproc_comp_reload_lib: Error opening frameproc library libmmcamera_mfproc_precpp.so error dlopen failed: library "libmmcamera_mfproc_precpp.so" not found
06-23 20:48:11.713   684   684 E mm-camera: <IMGLIB><ERROR> 1258: frameproc_comp_load: frameproc_comp_load:1258] cannot load libmmcamera_mfproc_precpp.so
06-23 20:48:11.713   684   684 E mm-camera: <IMGLIB><ERROR> 3592: module_imgbase_init: mfproc_precpp] Error rc -7
06-23 20:48:11.714   684   684 E mm-camera: <IMGLIB><ERROR> 215: faceproc_hw_comp_get_fd_device_name: Can not discover face-detect device
06-23 20:48:11.714   684   684 E mm-camera: <IMGLIB><ERROR> 5842: faceproc_hw_comp_load: Can not find device name
06-23 20:48:11.714   684   684 W mm-camera: <IMGLIB>< WARN> 1235: faceproc_dsp_comp_load: face detection dsp disabled , enable by set property
06-23 20:48:11.714   684   684 I mm-camera: <IMGLIB>< INFO> 2157: faceproc_sw_wrapper_load: Loading faceproc library
06-23 20:48:11.730   684   684 E mm-camera: <IMGLIB><ERROR> 1392: frameproc_comp_reload_lib: Error opening frameproc library libmmcamera_chromaflash_lib.so error dlopen failed: library "libmmcamera_chromaflash_lib.so" not found
06-23 20:48:11.730   684   684 E mm-camera: <IMGLIB><ERROR> 1258: frameproc_comp_load: frameproc_comp_load:1258] cannot load libmmcamera_chromaflash_lib.so
06-23 20:48:11.730   684   684 E mm-camera: <IMGLIB><ERROR> 3592: module_imgbase_init: imglib_chroma_flash] Error rc -7
06-23 20:48:11.730   684   684 W mm-camera: <IMGLIB>< WARN> 748: module_imglib_create_topology: Can not init the module imglib_chroma_flash
06-23 20:48:11.730   684   684 E mm-camera: <IMGLIB><ERROR> 1392: frameproc_comp_reload_lib: Error opening frameproc library libmmcamera_optizoom_lib.so error dlopen failed: library "libmmcamera_optizoom_lib.so" not found
06-23 20:48:11.730   684   684 E mm-camera: <IMGLIB><ERROR> 1258: frameproc_comp_load: frameproc_comp_load:1258] cannot load libmmcamera_optizoom_lib.so
06-23 20:48:11.730   684   684 E mm-camera: <IMGLIB><ERROR> 3592: module_imgbase_init: imglib_optizoom] Error rc -7
06-23 20:48:11.731   684   684 W mm-camera: <IMGLIB>< WARN> 748: module_imglib_create_topology: Can not init the module imglib_optizoom
06-23 20:48:11.731   684   684 E mm-camera: <IMGLIB><ERROR> 1392: frameproc_comp_reload_lib: Error opening frameproc library libmmcamera_ubifocus_lib.so error dlopen failed: library "libmmcamera_ubifocus_lib.so" not found
06-23 20:48:11.731   684   684 E mm-camera: <IMGLIB><ERROR> 1258: frameproc_comp_load: frameproc_comp_load:1258] cannot load libmmcamera_ubifocus_lib.so
06-23 20:48:11.731   684   684 E mm-camera: <IMGLIB><ERROR> 3592: module_imgbase_init: imglib_ubifocus] Error rc -7
06-23 20:48:11.731   684   684 W mm-camera: <IMGLIB>< WARN> 748: module_imglib_create_topology: Can not init the module imglib_ubifocus
06-23 20:48:11.732   684   684 E mm-camera: <IMGLIB><ERROR> 1392: frameproc_comp_reload_lib: Error opening frameproc library libmmcamera_ubifocus_lib.so error dlopen failed: library "libmmcamera_ubifocus_lib.so" not found
06-23 20:48:11.732   684   684 E mm-camera: <IMGLIB><ERROR> 1258: frameproc_comp_load: frameproc_comp_load:1258] cannot load libmmcamera_ubifocus_lib.so
06-23 20:48:11.732   684   684 E mm-camera: <IMGLIB><ERROR> 3592: module_imgbase_init: imglib_refocus] Error rc -7
06-23 20:48:11.732   684   684 W mm-camera: <IMGLIB>< WARN> 748: module_imglib_create_topology: Can not init the module imglib_refocus
06-23 20:48:11.732   684   684 E mm-camera: <IMGLIB><ERROR> 1392: frameproc_comp_reload_lib: Error opening frameproc library libmmcamera_trueportrait_lib.so error dlopen failed: library "libmmcamera_trueportrait_lib.so" not found
06-23 20:48:11.732   684   684 E mm-camera: <IMGLIB><ERROR> 1258: frameproc_comp_load: frameproc_comp_load:1258] cannot load libmmcamera_trueportrait_lib.so
06-23 20:48:11.732   684   684 E mm-camera: <IMGLIB><ERROR> 3592: module_imgbase_init: imglib_trueportrait] Error rc -7
06-23 20:48:11.732   684   684 W mm-camera: <IMGLIB>< WARN> 748: module_imglib_create_topology: Can not init the module imglib_trueportrait
06-23 20:48:11.743   680   797 D audio_hw_utils: audio_extn_utils_open_snd_mixer: retry, retry_num 1
06-23 20:48:11.749   684   684 I OpenCV  : calling android_getCpuFeatures() ...
06-23 20:48:11.750   684   684 I OpenCV  : calling android_getCpuFeatures() ... Done (1f7ff)
06-23 20:48:11.751   684   684 E mm-camera: <IMGLIB><ERROR> 111: module_mfproc_postcpp_init:  module_mfproc_postcpp_init(),  E 
06-23 20:48:11.751   684   684 E mm-camera: <IMGLIB><ERROR> 1392: frameproc_comp_reload_lib: Error opening frameproc library libmmcamera_mfproc_postcpp.so error dlopen failed: library "libmmcamera_mfproc_postcpp.so" not found
06-23 20:48:11.751   684   684 E mm-camera: <IMGLIB><ERROR> 1258: frameproc_comp_load: frameproc_comp_load:1258] cannot load libmmcamera_mfproc_postcpp.so
06-23 20:48:11.751   684   684 E mm-camera: <IMGLIB><ERROR> 3592: module_imgbase_init: imglib_mfproc_postcpp] Error rc -7
06-23 20:48:11.751   684   684 W mm-camera: <IMGLIB>< WARN> 748: module_imglib_create_topology: Can not init the module imglib_mfproc_postcpp
06-23 20:48:11.751   684   684 W mm-camera: <IMGLIB>< WARN> 748: module_imglib_create_topology: Can not init the module imglib_oem1
06-23 20:48:11.752   684   684 I QCamera : <MCI><INFO> get_num_of_cameras: 2783: dev_info[id=0,name='video3']
06-23 20:48:11.752   684   684 I QCamera : <MCI><INFO> sort_camera_info: 2617: Camera id: 0 facing: 1, type: 1 is_yuv: 0
06-23 20:48:11.752   684   684 I QCamera : <MCI><INFO> sort_camera_info: 2623: Number of cameras 1 sorted 1
06-23 20:48:11.752   684   684 I QCamera : <MCI><INFO> get_num_of_cameras: 2801: num_cameras=1
06-23 20:48:11.752   684   684 E QCamera2Factory: get_number_of_cameras num of cameras: 1
06-23 20:48:11.752   684   684 I CamPrvdr@2.4-legacy: Loaded "QCamera Module" camera module
06-23 20:48:11.752   684   684 E QCamera2Factory: get_number_of_cameras num of cameras: 1
06-23 20:48:11.753   684   684 I QCamera : <HAL><INFO> getCameraInfo: 359: Camera id 0 API version 768
06-23 20:48:11.753   684   684 D QCamera : Debug log file is not enabled
06-23 20:48:11.753   684   684 I mm-camera: <MCT   >< INFO> 118: mct_controller_new: Creating new mct_controller with session-id 3
06-23 20:48:11.754   684   951 I mm-camera: <MCT   >< INFO> 5326: mct_pipeline_start_session_thread: E sensor
06-23 20:48:11.754   684   951 I mm-camera: <MCT   >< INFO> 5333: mct_pipeline_start_session_thread: Calling start_session on Module sensor
06-23 20:48:11.754   684   952 I mm-camera: <MCT   >< INFO> 5326: mct_pipeline_start_session_thread: E iface
06-23 20:48:11.754   684   952 I mm-camera: <MCT   >< INFO> 5333: mct_pipeline_start_session_thread: Calling start_session on Module iface
06-23 20:48:11.755   684   954 I mm-camera: <MCT   >< INFO> 5326: mct_pipeline_start_session_thread: E isp
06-23 20:48:11.755   684   954 I mm-camera: <MCT   >< INFO> 5333: mct_pipeline_start_session_thread: Calling start_session on Module isp
06-23 20:48:11.755   684   954 I mm-camera: <ISP   >< INFO> 214: isp_module_start_session: session id 3 
06-23 20:48:11.755   684   952 I mm-camera: <MCT   >< INFO> 5336: mct_pipeline_start_session_thread: Module iface start_session rc = 1
06-23 20:48:11.755   684   952 I mm-camera: <MCT   >< INFO> 5344: mct_pipeline_start_session_thread: started_num = 1, success = 1
06-23 20:48:11.755   684   952 I mm-camera: <MCT   >< INFO> 5351: mct_pipeline_start_session_thread: X iface
06-23 20:48:11.755   684   956 I mm-camera: <MCT   >< INFO> 5326: mct_pipeline_start_session_thread: E stats
06-23 20:48:11.755   684   956 I mm-camera: <MCT   >< INFO> 5333: mct_pipeline_start_session_thread: Calling start_session on Module stats
06-23 20:48:11.756   684   954 I mm-camera: <MCT   >< INFO> 5336: mct_pipeline_start_session_thread: Module isp start_session rc = 1
06-23 20:48:11.756   684   954 I mm-camera: <MCT   >< INFO> 5344: mct_pipeline_start_session_thread: started_num = 2, success = 2
06-23 20:48:11.756   684   954 I mm-camera: <MCT   >< INFO> 5351: mct_pipeline_start_session_thread: X isp
06-23 20:48:11.756   684   958 I mm-camera: <MCT   >< INFO> 5326: mct_pipeline_start_session_thread: E pproc
06-23 20:48:11.756   684   958 I mm-camera: <MCT   >< INFO> 5333: mct_pipeline_start_session_thread: Calling start_session on Module pproc
06-23 20:48:11.756   684   961 I mm-camera: <MCT   >< INFO> 5326: mct_pipeline_start_session_thread: E imglib
06-23 20:48:11.756   684   961 I mm-camera: <MCT   >< INFO> 5333: mct_pipeline_start_session_thread: Calling start_session on Module imglib
06-23 20:48:11.757   684   961 I mm-camera: <MCT   >< INFO> 5336: mct_pipeline_start_session_thread: Module imglib start_session rc = 1
06-23 20:48:11.757   684   961 I mm-camera: <MCT   >< INFO> 5344: mct_pipeline_start_session_thread: started_num = 3, success = 3
06-23 20:48:11.757   684   961 I mm-camera: <MCT   >< INFO> 5351: mct_pipeline_start_session_thread: X imglib
--------- beginning of radio
06-23 20:48:11.758   639   639 D TelephonyManager: No /proc/cmdline exception=java.io.FileNotFoundException: /proc/cmdline: open failed: EACCES (Permission denied)
06-23 20:48:11.758   639   639 D TelephonyManager: /proc/cmdline=
