--------- beginning of main
06-23 20:48:05.431   499   499 I SELinux : SELinux: Loaded service_contexts from:
06-23 20:48:05.431   499   499 I SELinux :     /vendor/etc/selinux/vndservice_contexts
06-23 20:48:05.436   497   497 I SELinux : SELinux: Loaded service_contexts from:
--------- beginning of events
06-23 20:48:05.436   497   497 I auditd  : SELinux: Loaded service_contexts from:
06-23 20:48:05.437   497   497 I SELinux :     /system/etc/selinux/plat_service_contexts
06-23 20:48:05.437   497   497 I auditd  :     /system/etc/selinux/plat_service_contexts
06-23 20:47:59.037   496   496 I auditd  : type=2000 audit(0.0:1): state=initialized audit_enabled=0 res=1
06-23 20:47:59.037   496   496 W auditd  : type=2000 audit(0.0:1): state=initialized audit_enabled=0 res=1
06-23 20:48:02.889   496   496 I auditd  : type=1403 audit(0.0:2): policy loaded auid=4294967295 ses=4294967295
06-23 20:48:02.889   496   496 I auditd  : type=1403 audit(0.0:2): policy loaded auid=4294967295 ses=4294967295
06-23 20:48:02.899   496   496 I auditd  : type=1404 audit(0.0:3): enforcing=1 old_enforcing=0 auid=4294967295 ses=4294967295
06-23 20:48:02.899   496   496 W auditd  : type=1404 audit(0.0:3): enforcing=1 old_enforcing=0 auid=4294967295 ses=4294967295
06-23 20:48:05.549   498   498 I hwservicemanager: hwservicemanager is ready now.
06-23 20:48:05.549   501   501 E cutils-trace: Error opening trace file: Permission denied (13)
06-23 20:48:05.549   498   498 E cutils-trace: Error opening trace file: Permission denied (13)
06-23 20:48:05.600   501   501 I ServiceManagement: Registered vendor.qti.hardware.qseecom@1.0::IQSEECom/default (start delay of 179ms)
06-23 20:48:05.600   501   501 I ServiceManagement: Removing namespace from process name vendor.qti.hardware.qseecom@1.0-service to qseecom@1.0-service.
06-23 20:48:05.600   501   501 I QSEECOM_SERVICE: IQSEECom registerAsService is successful
06-23 20:48:05.740   564   564 D QSEECOMD: : qseecom listener services process entry PPID = 1
06-23 20:48:05.740   564   564 E QSEECOMD: : Listener: index = 0, hierarchy = 0
06-23 20:48:05.742   564   564 D QSEECOMD: : Init dlopen(librpmb.so, RTLD_NOW) succeeds
06-23 20:48:05.742   564   564 D QSEECOMD: : Init::Init dlsym(g_FSHandle rpmb_init_service) succeeds
06-23 20:48:05.742   564   564 I rpmb_emmc: RPMB Mult (512-bytes sector) = 32768, Rel_sec_cnt = 32
06-23 20:48:05.743   564   564 E DrmLibRpmb: rpmb_init succeeded! with ret = 0
06-23 20:48:05.743   564   564 D QSEECOMD: : Init rpmb_init_service ret = 0
06-23 20:48:05.743   564   564 D QSEECOMD: : RPMB system services: init (Listener ID = 8192)
06-23 20:48:05.743   564   564 E QSEECOMD: : Listener: index = 1, hierarchy = 0
06-23 20:48:05.744   564   564 D QSEECOMD: : Init dlopen(libssd.so, RTLD_NOW) succeeds
06-23 20:48:05.744   564   564 D QSEECOMD: : Init::Init dlsym(g_FSHandle ssd_init_service) succeeds
06-23 20:48:05.744   564   564 E SSD     : ssd_init_service succeeded!
06-23 20:48:05.744   564   564 D QSEECOMD: : Init ssd_init_service ret = 0
06-23 20:48:05.744   564   564 D QSEECOMD: : SSD system services: init (Listener ID = 12288)
06-23 20:48:05.744   564   564 E QSEECOMD: : Listener: index = 2, hierarchy = 0
06-23 20:48:05.761   564   564 D QSEECOMD: : Init dlopen(libsecureui.so, RTLD_NOW) succeeds
06-23 20:48:05.761   564   564 D QSEECOMD: : Init::Init dlsym(g_FSHandle secure_ui_init) succeeds
06-23 20:48:05.761   564   564 D QSEECOMD: : Init secure_ui_init ret = 0
06-23 20:48:05.761   564   564 D QSEECOMD: : secure UI services: init (Listener ID = 16384)
06-23 20:48:05.761   564   564 D QSEECOMD: : qseecom listener service threads starting!!! 
06-23 20:48:05.761   564   564 D QSEECOMD: : Total listener services to start = 10
06-23 20:48:05.761   564   564 E QSEECOMD: : Listener: index = 0, hierarchy = 1
06-23 20:48:05.762   564   564 D QSEECOMD: : Init dlopen(librpmb.so, RTLD_NOW) succeeds
06-23 20:48:05.762   564   564 D QSEECOMD: : Init::Init dlsym(g_FSHandle rpmb_start) succeeds
06-23 20:48:05.762   564   564 D QSEECOMAPI: QSEECom_register_listener 8192 sb_length = 0x6400
06-23 20:48:05.762   564   564 E ion     : ioctl c0044901 failed with code -1: Not a typewriter
06-23 20:48:05.779   564   564 D QSEECOMD: : Init rpmb_start ret = 0
06-23 20:48:05.779   564   564 D QSEECOMD: : RPMB system services: Started (Listener ID = 8192)
06-23 20:48:05.779   564   564 E QSEECOMD: : Listener: index = 1, hierarchy = 1
06-23 20:48:05.779   564   564 D QSEECOMD: : Init dlopen(libssd.so, RTLD_NOW) succeeds
06-23 20:48:05.779   564   564 D QSEECOMD: : Init::Init dlsym(g_FSHandle ssd_start) succeeds
06-23 20:48:05.779   564   564 D QSEECOMAPI: QSEECom_register_listener 12288 sb_length = 0x5000
06-23 20:48:05.779   564   564 D QSEECOMD: : Init ssd_start ret = 0
06-23 20:48:05.779   564   564 D QSEECOMD: : SSD system services: Started (Listener ID = 12288)
06-23 20:48:05.779   564   564 E QSEECOMD: : Listener: index = 2, hierarchy = 1
06-23 20:48:05.780   564   564 D QSEECOMD: : Init dlopen(libsecureui.so, RTLD_NOW) succeeds
06-23 20:48:05.780   564   564 D QSEECOMD: : Init::Init dlsym(g_FSHandle secure_ui_start) succeeds
06-23 20:48:05.780   564   564 D QSEECOMAPI: QSEECom_register_listener 16384 sb_length = 0x10a8
06-23 20:48:05.780   564   564 D QSEECOMD: : Init secure_ui_start ret = 0
06-23 20:48:05.780   564   564 D QSEECOMD: : secure UI services: Started (Listener ID = 16384)
06-23 20:48:05.780   564   564 E QSEECOMD: : Listener: index = 3, hierarchy = 1
06-23 20:48:05.783   564   564 D QSEECOMD: : Init dlopen(libdrmtime.so, RTLD_NOW) succeeds
06-23 20:48:05.783   564   564 D QSEECOMD: : Init::Init dlsym(g_FSHandle atime_start) succeeds
06-23 20:48:05.783   564   564 D DrmLibTime: QSEE Time Listener: atime_start
06-23 20:48:05.783   564   564 D QSEECOMAPI: QSEECom_register_listener 11 sb_length = 0x5000
06-23 20:48:05.783   564   564 D DrmLibTime: registering fs service to QSEECom is done!
06-23 20:48:05.783   564   564 D DrmLibTime: begin to create a thread!
06-23 20:48:05.783   564   564 D DrmLibTime: Creating a pthread in atime_start is done! return 0
06-23 20:48:05.783   564   564 D QSEECOMD: : Init atime_start ret = 0
06-23 20:48:05.783   564   564 D QSEECOMD: : time services: Started (Listener ID = 11)
06-23 20:48:05.783   564   564 E QSEECOMD: : Listener: index = 4, hierarchy = 1
06-23 20:48:05.783   564   570 D DrmLibTime: QSEE Time Listener: dispatch
06-23 20:48:05.783   564   570 D DrmLibTime: before calling ioctl to read the next time_cmd
06-23 20:48:05.784   564   564 D QSEECOMD: : Init dlopen(libdrmfs.so, RTLD_NOW) succeeds
06-23 20:48:05.784   564   564 D QSEECOMD: : Init::Init dlsym(g_FSHandle fs_start) succeeds
06-23 20:48:05.784   564   564 D QSEECOMAPI: QSEECom_register_listener 10 sb_length = 0x5000
06-23 20:48:05.784   564   564 D QSEECOMD: : Init fs_start ret = 0
06-23 20:48:05.784   564   564 D QSEECOMD: : file system services: Started (Listener ID = 10)
06-23 20:48:05.784   564   564 E QSEECOMD: : Listener: index = 5, hierarchy = 1
06-23 20:48:05.784   564   564 D QSEECOMD: : Init dlopen(libdrmfs.so, RTLD_NOW) succeeds
06-23 20:48:05.784   564   564 D QSEECOMD: : Init::Init dlsym(g_FSHandle gpfs_start) succeeds
06-23 20:48:05.786   564   564 D QSEECOMAPI: QSEECom_register_listener 28672 sb_length = 0x7e000
06-23 20:48:05.787   564   564 D QSEECOMD: : Init gpfs_start ret = 0
06-23 20:48:05.787   564   564 D QSEECOMD: : gpfile system services: Started (Listener ID = 28672)
06-23 20:48:05.787   564   564 E QSEECOMD: : Listener: index = 6, hierarchy = 1
06-23 20:48:05.789   564   564 D QSEECOMD: : Init dlopen(libqisl.so, RTLD_NOW) succeeds
06-23 20:48:05.789   564   564 D QSEECOMD: : Init::Init dlsym(g_FSHandle qisl_start) succeeds
--------- beginning of system
06-23 20:48:05.789   564   573 I QISL    : QSEE Interrupt Service Listener Thread is started
06-23 20:48:05.789   564   573 D QSEECOMAPI: QSEECom_register_listener 36864 sb_length = 0x1f4
06-23 20:48:05.789   564   573 I QISL    : QSEE Interrupt Service Listener was activated successfully
06-23 20:48:05.789   564   564 D QSEECOMD: : Init qisl_start ret = 0
06-23 20:48:05.790   564   564 D QSEECOMD: : interrupt services: Started (Listener ID = 36864)
06-23 20:48:05.790   564   564 E QSEECOMD: : Listener: index = 7, hierarchy = 1
06-23 20:48:05.790   564   564 E QSEECOMD: : Init dlopen(libspl.so, RLTD_NOW) is failed.... dlopen failed: library "libspl.so" not found
06-23 20:48:05.790   564   564 E QSEECOMD: : Listener: index = 8, hierarchy = 1
06-23 20:48:05.792   564   564 D QSEECOMD: : Init dlopen(libGPreqcancel.so, RTLD_NOW) succeeds
06-23 20:48:05.792   564   564 D QSEECOMD: : Init::Init dlsym(g_FSHandle gp_reqcancel_start) succeeds
06-23 20:48:05.792   564   564 D QSEECOMAPI: QSEECom_register_listener 4352 sb_length = 0x5000
06-23 20:48:05.793   564   564 D QSEECOMD: : Init gp_reqcancel_start ret = 0
06-23 20:48:05.793   564   564 D QSEECOMD: : gp request cancellation services: Started (Listener ID = 4352)
06-23 20:48:05.793   564   564 E QSEECOMD: : Listener: index = 9, hierarchy = 1
06-23 20:48:05.793   564   564 E QSEECOMD: : Init dlopen(libops.so, RLTD_NOW) is failed.... dlopen failed: library "libops.so" not found
06-23 20:48:05.794   564   564 D QSEECOMD: : QSEECOM DAEMON RUNNING 
06-23 20:48:05.823   500   500 D QSEECOMAPI: QSEECom_get_handle sb_length = 0xa000
06-23 20:48:05.823   500   500 D QSEECOMAPI: App is already loaded QSEE and app id = 65537
06-23 20:48:05.823   500   500 E ion     : ioctl c0044901 failed with code -1: Not a typewriter
06-23 20:48:05.830   500   500 E KeymasterUtils: TA API Major Version: 4
06-23 20:48:05.830   500   500 E KeymasterUtils: TA API Minor Version: 0
06-23 20:48:05.830   500   500 E KeymasterUtils: TA Major Version: 4
06-23 20:48:05.830   500   500 E KeymasterUtils: TA Minor Version: 164
06-23 20:48:05.840   500   500 I ServiceManagement: Registered android.hardware.keymaster@4.0::IKeymasterDevice/default (start delay of 422ms)
06-23 20:48:05.840   500   500 I ServiceManagement: Removing namespace from process name android.hardware.keymaster@4.0-service-qti to keymaster@4.0-service-qti.
06-23 20:48:05.909   507   507 I chatty  : uid=0(root) Binder:507_2 expire 75 lines
06-23 20:48:05.909   586   586 I vdc     : vdc V 06-23 20:48:05   587   587 vdc.cpp:50] Waited 0ms for vold
06-23 20:48:05.910   586   586 I vdc     : vdc E 06-23 20:48:05   587   587 vdc.cpp:60] Failed: Status(22, 22): 'No magic'
06-23 20:48:05.911   586   586 I vdc     : vdc terminated by exit(25)
06-23 20:48:05.919   582   582 I ServiceManagement: Registered android.hardware.atrace@1.0::IAtraceDevice/default (start delay of 40ms)
06-23 20:48:05.919   585   585 D         : cryptfshw: svc service starting.
06-23 20:48:05.919   582   582 I ServiceManagement: Removing namespace from process name android.hardware.atrace@1.0-service to atrace@1.0-service.
06-23 20:48:05.920   585   585 I ServiceManagement: Registered vendor.qti.hardware.cryptfshw@1.0::ICryptfsHw/default (start delay of 32ms)
06-23 20:48:05.920   585   585 I ServiceManagement: Removing namespace from process name vendor.qti.hardware.cryptfshw@1.0-service-qti to cryptfshw@1.0-service-qti.
06-23 20:48:05.920   585   585 E         : Registered CryptfsHw HAL service success
06-23 20:48:05.922   584   584 D QSEECOMAPI: QSEECom_get_handle sb_length = 0xa000
06-23 20:48:05.922   584   584 D QSEECOMAPI: App is already loaded QSEE and app id = 65537
06-23 20:48:05.922   584   584 E ion     : ioctl c0044901 failed with code -1: Not a typewriter
06-23 20:48:05.929   584   584 E KeymasterUtils: TA API Major Version: 4
06-23 20:48:05.929   584   584 E KeymasterUtils: TA API Minor Version: 0
06-23 20:48:05.929   584   584 E KeymasterUtils: TA Major Version: 4
06-23 20:48:05.929   584   584 E KeymasterUtils: TA Minor Version: 164
06-23 20:48:05.929   583   583 I ServiceManagement: Registered android.hardware.boot@1.0::IBootControl/default (start delay of 51ms)
06-23 20:48:05.930   583   583 I ServiceManagement: Removing namespace from process name android.hardware.boot@1.0-service to boot@1.0-service.
06-23 20:48:05.930   583   583 I android.hardware.boot@1.0-service: Registration complete for android.hardware.boot@1.0::IBootControl/default.
06-23 20:48:05.935   586   586 I vdc     : vdc V 06-23 20:48:05   588   588 vdc.cpp:50] Waited 0ms for vold
06-23 20:48:05.936   584   584 I ServiceManagement: Registered android.hardware.gatekeeper@1.0::IGatekeeper/default (start delay of 48ms)
06-23 20:48:05.936   584   584 I ServiceManagement: Removing namespace from process name android.hardware.gatekeeper@1.0-service-qti to gatekeeper@1.0-service-qti.
06-23 20:48:05.936   584   584 I android.hardware.gatekeeper@1.0-service: Registration complete for android.hardware.gatekeeper@1.0::IGatekeeper/default.
06-23 20:48:05.940   586   586 I vdc     : vdc terminated by exit(1)
06-23 20:48:05.942   507   542 I chatty  : uid=0(root) Binder:507_2 expire 1 line
06-23 20:48:06.599   498   498 I hwservicemanager: getTransport: Cannot find entry android.hardware.keymaster@3.0::IKeymasterDevice/default in either framework or device manifest.
06-23 20:48:06.606   564   570 D DrmLibTime: got the req here! ret=0
06-23 20:48:06.606   564   570 D DrmLibTime: command id, time_cmd_id = 770
06-23 20:48:06.606   564   570 D DrmLibTime: time_getutcsec starts!
06-23 20:48:06.606   564   570 D DrmLibTime: QSEE Time Listener: time_getutcsec
06-23 20:48:06.606   564   570 D DrmLibTime: QSEE Time Listener: get_utc_seconds
06-23 20:48:06.606   564   570 D DrmLibTime: QSEE Time Listener: time_get_modem_time
06-23 20:48:06.606   564   570 D DrmLibTime: QSEE Time Listener: Checking if ATS_MODEM is set or not.
06-23 20:48:06.607   564   570 D QC-time-services: Lib:time_genoff_operation: pargs->base = 13
06-23 20:48:06.607   564   570 D QC-time-services: Lib:time_genoff_operation: pargs->operation = 2
06-23 20:48:06.607   564   570 D QC-time-services: Lib:time_genoff_operation: pargs->ts_val = 0
06-23 20:48:06.607   564   570 E QC-time-services: Lib:time_genoff_operation: Connection failed !!
06-23 20:48:06.607   564   570 D DrmLibTime: QSEE Time Listener: ATS_MODEM is not set. Fallback to Android system time.
06-23 20:48:06.607   564   570 D DrmLibTime: QSEE Time Listener: Retrieved Android system time: 1624495686
06-23 20:48:06.607   564   570 D DrmLibTime: time_getutcsec returns 0, sec = 1624495686; nsec = 0
06-23 20:48:06.607   564   570 D DrmLibTime: time_getutcsec finished! 
06-23 20:48:06.607   564   570 D DrmLibTime: iotcl_continue_command finished! and return 0 
06-23 20:48:06.607   564   570 D DrmLibTime: before calling ioctl to read the next time_cmd
06-23 20:48:06.643   507   507 D RefBase : RefBase: Explicit destruction, weak count = 0 (in 0x773761ea68)
06-23 20:48:06.643   507   507 W RefBase : CallStack::getCurrentInternal not linked, returning null
06-23 20:48:06.643   507   507 W RefBase : CallStack::logStackInternal not linked
06-23 20:48:06.773   611   611 E fsverity_init: Failed to load /product/etc/security/fsverity/*.der
06-23 20:48:06.786   612   612 E /system/bin/mini-keyctl: Cannot find keyring id
06-23 20:48:06.802   613   613 E fsverity_init: Failed to restrict .fs-verity keyring
06-23 20:48:06.841   614   614 I apexd   : Marking APEXd as starting
06-23 20:48:06.848   614   614 I apexd   : Scanning /system/apex for embedded keys
06-23 20:48:06.849   614   614 I apexd   : Scanning /product/apex for embedded keys
06-23 20:48:06.849   614   614 I apexd   : ... does not exist. Skipping
06-23 20:48:06.849   614   614 I apexd   : Populating APEX database from mounts...
06-23 20:48:06.849   614   614 E apexd   : Failed to walk /product/apex : Can't open /product/apex for reading : No such file or directory
06-23 20:48:06.849   614   614 I apexd   : Found "/apex/com.android.tzdata@290000000"
06-23 20:48:06.849   614   614 I apexd   : Found "/apex/com.android.runtime@1"
06-23 20:48:06.849   614   614 I apexd   : 2 packages restored.
06-23 20:48:06.849   614   614 I apexd   : Scanning /data/apex/sessions looking for sessions to be activated.
06-23 20:48:06.849   614   614 I apexd   : Scanning /data/apex/active looking for APEX packages.
06-23 20:48:06.850   614   614 I apexd   : Activated 0 packages. Skipped: 0
06-23 20:48:06.850   614   614 I apexd   : Scanning /system/apex looking for APEX packages.
06-23 20:48:06.850   614   614 I apexd   : Found /system/apex/com.android.resolv
06-23 20:48:06.850   614   614 V apexd   : Creating mount point: /apex/com.android.resolv@290000000
06-23 20:48:06.850   614   614 I apexd   : Successfully bind-mounted flattened package /system/apex/com.android.resolv on /apex/com.android.resolv@290000000
06-23 20:48:06.850   614   614 V apexd   : Creating bind-mount for /apex/com.android.resolv for /apex/com.android.resolv@290000000
06-23 20:48:06.850   614   614 V apexd   : Creating mountpoint /apex/com.android.resolv
06-23 20:48:06.850   614   614 V apexd   : Bind-mounting /apex/com.android.resolv@290000000 to /apex/com.android.resolv
06-23 20:48:06.850   614   614 D apexd   : Successfully activated /system/apex/com.android.resolv package_name: com.android.resolv version: 290000000
06-23 20:48:06.850   614   614 I apexd   : Found /system/apex/com.android.tzdata
06-23 20:48:06.850   614   614 I apexd   : Skipping activation of /system/apex/com.android.tzdata same package with higher version 290000000 is already active
06-23 20:48:06.850   614   614 I apexd   : Found /system/apex/com.android.conscrypt
06-23 20:48:06.850   614   614 V apexd   : Creating mount point: /apex/com.android.conscrypt@290000000
06-23 20:48:06.850   614   614 I apexd   : Successfully bind-mounted flattened package /system/apex/com.android.conscrypt on /apex/com.android.conscrypt@290000000
06-23 20:48:06.850   614   614 V apexd   : Creating bind-mount for /apex/com.android.conscrypt for /apex/com.android.conscrypt@290000000
06-23 20:48:06.850   614   614 V apexd   : Creating mountpoint /apex/com.android.conscrypt
06-23 20:48:06.850   614   614 V apexd   : Bind-mounting /apex/com.android.conscrypt@290000000 to /apex/com.android.conscrypt
06-23 20:48:06.850   614   614 D apexd   : Successfully activated /system/apex/com.android.conscrypt package_name: com.android.conscrypt version: 290000000
06-23 20:48:06.850   614   614 I apexd   : Found /system/apex/com.android.media.swcodec
06-23 20:48:06.850   614   614 V apexd   : Creating mount point: /apex/com.android.media.swcodec@290000000
06-23 20:48:06.851   614   614 I apexd   : Successfully bind-mounted flattened package /system/apex/com.android.media.swcodec on /apex/com.android.media.swcodec@290000000
06-23 20:48:06.851   614   614 V apexd   : Creating bind-mount for /apex/com.android.media.swcodec for /apex/com.android.media.swcodec@290000000
06-23 20:48:06.851   614   614 V apexd   : Creating mountpoint /apex/com.android.media.swcodec
06-23 20:48:06.851   614   614 V apexd   : Bind-mounting /apex/com.android.media.swcodec@290000000 to /apex/com.android.media.swcodec
06-23 20:48:06.851   614   614 D apexd   : Successfully activated /system/apex/com.android.media.swcodec package_name: com.android.media.swcodec version: 290000000
06-23 20:48:06.851   614   614 I apexd   : Found /system/apex/com.android.media
06-23 20:48:06.851   614   614 V apexd   : Creating mount point: /apex/com.android.media@290000000
06-23 20:48:06.851   614   614 I apexd   : Successfully bind-mounted flattened package /system/apex/com.android.media on /apex/com.android.media@290000000
06-23 20:48:06.851   614   614 V apexd   : Creating bind-mount for /apex/com.android.media for /apex/com.android.media@290000000
06-23 20:48:06.851   614   614 V apexd   : Creating mountpoint /apex/com.android.media
06-23 20:48:06.851   614   614 V apexd   : Bind-mounting /apex/com.android.media@290000000 to /apex/com.android.media
06-23 20:48:06.851   614   614 D apexd   : Successfully activated /system/apex/com.android.media package_name: com.android.media version: 290000000
06-23 20:48:06.851   614   614 I apexd   : Found /system/apex/com.android.runtime.debug
06-23 20:48:06.851   614   614 I apexd   : Skipping activation of /system/apex/com.android.runtime.debug same package with higher version 1 is already active
06-23 20:48:06.851   614   614 I apexd   : Activated 4 packages. Skipped: 2
06-23 20:48:06.851   614   614 I apexd   : Scanning /product/apex looking for APEX packages.
06-23 20:48:06.851   614   614 E apexd   : Failed to activate packages from /product/apex : Failed to scan /product/apex : Can't open /product/apex for reading : No such file or directory
06-23 20:48:06.851   614   614 I apexd   : Marking APEXd as ready
06-23 20:48:07.618   498   498 I hwservicemanager: getTransport: Cannot find entry android.hardware.keymaster@3.0::IKeymasterDevice/default in either framework or device manifest.
06-23 20:48:07.620   564   570 D DrmLibTime: got the req here! ret=0
06-23 20:48:07.620   564   570 D DrmLibTime: command id, time_cmd_id = 770
06-23 20:48:07.620   564   570 D DrmLibTime: time_getutcsec starts!
06-23 20:48:07.620   564   570 D DrmLibTime: QSEE Time Listener: time_getutcsec
06-23 20:48:07.620   564   570 D DrmLibTime: QSEE Time Listener: get_utc_seconds
06-23 20:48:07.620   564   570 D DrmLibTime: QSEE Time Listener: time_get_modem_time
06-23 20:48:07.620   564   570 D DrmLibTime: QSEE Time Listener: Checking if ATS_MODEM is set or not.
06-23 20:48:07.620   564   570 D QC-time-services: Lib:time_genoff_operation: pargs->base = 13
06-23 20:48:07.620   564   570 D QC-time-services: Lib:time_genoff_operation: pargs->operation = 2
06-23 20:48:07.620   564   570 D QC-time-services: Lib:time_genoff_operation: pargs->ts_val = 0
06-23 20:48:07.620   564   570 E QC-time-services: Lib:time_genoff_operation: Connection failed !!
06-23 20:48:07.620   564   570 D DrmLibTime: QSEE Time Listener: ATS_MODEM is not set. Fallback to Android system time.
06-23 20:48:07.620   564   570 D DrmLibTime: QSEE Time Listener: Retrieved Android system time: 1624495687
06-23 20:48:07.620   564   570 D DrmLibTime: time_getutcsec returns 0, sec = 1624495687; nsec = 0
06-23 20:48:07.620   564   570 D DrmLibTime: time_getutcsec finished! 
06-23 20:48:07.620   564   570 D DrmLibTime: iotcl_continue_command finished! and return 0 
06-23 20:48:07.620   564   570 D DrmLibTime: before calling ioctl to read the next time_cmd
06-23 20:48:07.658   507   507 D RefBase : RefBase: Explicit destruction, weak count = 0 (in 0x773761e9e8)
06-23 20:48:07.658   507   507 W RefBase : CallStack::getCurrentInternal not linked, returning null
06-23 20:48:07.658   507   507 W RefBase : CallStack::logStackInternal not linked
06-23 20:48:07.774   498   498 I hwservicemanager: getTransport: Cannot find entry android.hardware.keymaster@3.0::IKeymasterDevice/default in either framework or device manifest.
06-23 20:48:07.777   564   570 D DrmLibTime: got the req here! ret=0
06-23 20:48:07.777   564   570 D DrmLibTime: command id, time_cmd_id = 770
06-23 20:48:07.777   564   570 D DrmLibTime: time_getutcsec starts!
06-23 20:48:07.777   564   570 D DrmLibTime: QSEE Time Listener: time_getutcsec
06-23 20:48:07.777   564   570 D DrmLibTime: QSEE Time Listener: get_utc_seconds
06-23 20:48:07.777   564   570 D DrmLibTime: QSEE Time Listener: time_get_modem_time
06-23 20:48:07.777   564   570 D DrmLibTime: QSEE Time Listener: Checking if ATS_MODEM is set or not.
06-23 20:48:07.777   564   570 D QC-time-services: Lib:time_genoff_operation: pargs->base = 13
06-23 20:48:07.777   564   570 D QC-time-services: Lib:time_genoff_operation: pargs->operation = 2
06-23 20:48:07.777   564   570 D QC-time-services: Lib:time_genoff_operation: pargs->ts_val = 0
06-23 20:48:07.777   564   570 E QC-time-services: Lib:time_genoff_operation: Connection failed !!
06-23 20:48:07.777   564   570 D DrmLibTime: QSEE Time Listener: ATS_MODEM is not set. Fallback to Android system time.
06-23 20:48:07.777   564   570 D DrmLibTime: QSEE Time Listener: Retrieved Android system time: 1624495687
06-23 20:48:07.777   564   570 D DrmLibTime: time_getutcsec returns 0, sec = 1624495687; nsec = 0
06-23 20:48:07.777   564   570 D DrmLibTime: time_getutcsec finished! 
06-23 20:48:07.777   564   570 D DrmLibTime: iotcl_continue_command finished! and return 0 
06-23 20:48:07.777   564   570 D DrmLibTime: before calling ioctl to read the next time_cmd
06-23 20:48:07.816   507   507 D RefBase : RefBase: Explicit destruction, weak count = 0 (in 0x773761ea68)
06-23 20:48:07.816   507   507 W RefBase : CallStack::getCurrentInternal not linked, returning null
06-23 20:48:07.816   507   507 W RefBase : CallStack::logStackInternal not linked
06-23 20:48:07.872   618   618 D vold_prepare_subdirs: Setting up mode 700 uid 0 gid 0 context u:object_r:vold_data_file:s0 on path: /data/misc_de/0/vold
06-23 20:48:07.872   618   618 D vold_prepare_subdirs: Setting up mode 700 uid 0 gid 0 context u:object_r:storaged_data_file:s0 on path: /data/misc_de/0/storaged
06-23 20:48:07.873   618   618 D vold_prepare_subdirs: Setting up mode 700 uid 0 gid 0 context u:object_r:rollback_data_file:s0 on path: /data/misc_de/0/rollback
06-23 20:48:07.873   618   618 D vold_prepare_subdirs: Setting up mode 700 uid 1000 gid 1000 context u:object_r:fingerprint_vendor_data_file:s0 on path: /data/vendor_de/0/fpdata
06-23 20:48:07.873   618   618 D vold_prepare_subdirs: Setting up mode 700 uid 1000 gid 1000 context u:object_r:face_vendor_data_file:s0 on path: /data/vendor_de/0/facedata
06-23 20:48:07.899     1     1 I auditd  : type=1400 audit(0.0:4): avc: denied { read } for comm="init" name="nativetest" dev="dm-6" ino=113 scontext=u:r:init:s0 tcontext=u:object_r:nativetest_data_file:s0 tclass=dir permissive=0 b/77873135
06-23 20:48:07.899     1     1 W init    : type=1400 audit(0.0:4): avc: denied { read } for name="nativetest" dev="dm-6" ino=113 scontext=u:r:init:s0 tcontext=u:object_r:nativetest_data_file:s0 tclass=dir permissive=0 b/77873135
06-23 20:48:07.909     1     1 I auditd  : type=1400 audit(0.0:5): avc: denied { read } for comm="init" name="nativetest64" dev="dm-6" ino=116 scontext=u:r:init:s0 tcontext=u:object_r:nativetest_data_file:s0 tclass=dir permissive=0 b/77873135
06-23 20:48:07.909     1     1 W init    : type=1400 audit(0.0:5): avc: denied { read } for name="nativetest64" dev="dm-6" ino=116 scontext=u:r:init:s0 tcontext=u:object_r:nativetest_data_file:s0 tclass=dir permissive=0 b/77873135
06-23 20:48:08.169     1     1 I auditd  : type=1400 audit(0.0:6): avc: denied { setattr } for comm="init" name="nativetest" dev="dm-6" ino=113 scontext=u:r:init:s0 tcontext=u:object_r:nativetest_data_file:s0 tclass=dir permissive=0 b/77873135
06-23 20:48:08.169     1     1 W init    : type=1400 audit(0.0:6): avc: denied { setattr } for name="nativetest" dev="dm-6" ino=113 scontext=u:r:init:s0 tcontext=u:object_r:nativetest_data_file:s0 tclass=dir permissive=0 b/77873135
06-23 20:48:08.169     1     1 I auditd  : type=1400 audit(0.0:7): avc: denied { setattr } for comm="init" name="nativetest64" dev="dm-6" ino=116 scontext=u:r:init:s0 tcontext=u:object_r:nativetest_data_file:s0 tclass=dir permissive=0 b/77873135
06-23 20:48:08.169     1     1 W init    : type=1400 audit(0.0:7): avc: denied { setattr } for name="nativetest64" dev="dm-6" ino=116 scontext=u:r:init:s0 tcontext=u:object_r:nativetest_data_file:s0 tclass=dir permissive=0 b/77873135
06-23 20:48:08.200   620   620 I /system/bin/tzdatacheck: timezone distro dir /data/misc/zoneinfo/current does not exist. No action required.
06-23 20:48:08.249   622   622 I art_apex: === ART pre-boot integrity checks ===
06-23 20:48:08.282   624   624 F art_apex: Device is not fsverity-enabled.
06-23 20:48:08.341   629   629 I OEM-FWUPDATE: Start
06-23 20:48:08.341   629   629 I OEM-FWUPDATE: param module: ite
06-23 20:48:08.341   629   629 I OEM-FWUPDATE: Start ITE FW upgrade.
06-23 20:48:08.341   629   629 I OEM-FWUPDATE: [ite_fw_upgrade] start.
06-23 20:48:08.343   628   628 I OEM-FWUPDATE: Start
06-23 20:48:08.343   628   628 I OEM-FWUPDATE: param module: lt
06-23 20:48:08.343   628   628 I OEM-FWUPDATE: Start LT8711/9711 FW upgrade
06-23 20:48:08.343   628   628 I OEM-FWUPDATE: oem fw upgrade exit
06-23 20:48:08.359   630   630 I OEM-HPM : /vendor/bin/oem_hotplug_monitor has 1 parameters
06-23 20:48:08.368   627   627 D QC-time-services: Daemon:genoff_pre_init::Base = 0
06-23 20:48:08.368   627   627 D QC-time-services: Daemon:ats_rtc_init: Time read from RTC -- year = 121, month = 5,day = 24
06-23 20:48:08.369   627   627 D QC-time-services: Daemon ats_rtc_init: seconds = 1624495688
06-23 20:48:08.369   627   627 D QC-time-services: Daemon:Value read from RTC seconds = 1624495688000
06-23 20:48:08.369   627   627 D QC-time-services: Daemon:genoff_init_config: ATS_RTC initialized with rc: 0
06-23 20:48:08.369   627   627 D QC-time-services: Daemon:genoff_pre_init::Base = 1
06-23 20:48:08.369   627   627 D QC-time-services: Daemon: Storage Name: ats_1 
06-23 20:48:08.369   627   627 D QC-time-services: Daemon:Opening File: /mnt/vendor/persist/time/ats_1 /data/vendor/time/ats_1
06-23 20:48:08.369   627   627 D QC-time-services: Daemon:time_persistent_memory_opr:Genoff Read operation 
06-23 20:48:08.371   627   627 D QC-time-services: Daemon:Open File: /mnt/vendor/persist/time/ats_1
06-23 20:48:08.371   627   627 D QC-time-services: Daemon:genoff_pre_init::Base = 2
06-23 20:48:08.371   627   627 D QC-time-services: Daemon: Storage Name: ats_2 
06-23 20:48:08.371   627   627 D QC-time-services: Daemon:Opening File: /mnt/vendor/persist/time/ats_2 /data/vendor/time/ats_2
06-23 20:48:08.371   627   627 D QC-time-services: Daemon:time_persistent_memory_opr:Genoff Read operation 
06-23 20:48:08.371   627   627 D QC-time-services: Daemon:Open File: /mnt/vendor/persist/time/ats_2
06-23 20:48:08.371   627   627 D QC-time-services: Daemon:genoff_pre_init::Base = 3
06-23 20:48:08.371   627   627 D QC-time-services: Daemon: Storage Name: ats_3 
06-23 20:48:08.372   627   627 D QC-time-services: Daemon:Opening File: /mnt/vendor/persist/time/ats_3 /data/vendor/time/ats_3
06-23 20:48:08.372   627   627 D QC-time-services: Daemon:time_persistent_memory_opr:Genoff Read operation 
06-23 20:48:08.372   627   627 D QC-time-services: Daemon:Open File: /mnt/vendor/persist/time/ats_3
06-23 20:48:08.372   627   627 D QC-time-services: Daemon:Unable to open filefor read
06-23 20:48:08.372   627   627 D QC-time-services: Daemon:genoff_post_init:Error in accessing storage
06-23 20:48:08.372   627   627 D QC-time-services: Daemon:genoff_pre_init::Base = 4
06-23 20:48:08.372   627   627 D QC-time-services: Daemon: Storage Name: ats_4 
06-23 20:48:08.372   627   627 D QC-time-services: Daemon:Opening File: /mnt/vendor/persist/time/ats_4 /data/vendor/time/ats_4
06-23 20:48:08.372   627   627 D QC-time-services: Daemon:time_persistent_memory_opr:Genoff Read operation 
06-23 20:48:08.372   627   627 D QC-time-services: Daemon:Open File: /mnt/vendor/persist/time/ats_4
06-23 20:48:08.372   627   627 D QC-time-services: Daemon:Unable to open filefor read
06-23 20:48:08.372   627   627 D QC-time-services: Daemon:genoff_post_init:Error in accessing storage
06-23 20:48:08.372   627   627 D QC-time-services: Daemon:genoff_pre_init::Base = 5
06-23 20:48:08.372   627   627 D QC-time-services: Daemon: Storage Name: ats_5 
06-23 20:48:08.372   627   627 D QC-time-services: Daemon:Opening File: /mnt/vendor/persist/time/ats_5 /data/vendor/time/ats_5
06-23 20:48:08.372   627   627 D QC-time-services: Daemon:time_persistent_memory_opr:Genoff Read operation 
06-23 20:48:08.372   627   627 D QC-time-services: Daemon:Open File: /mnt/vendor/persist/time/ats_5
06-23 20:48:08.372   627   627 D QC-time-services: Daemon:Unable to open filefor read
06-23 20:48:08.372   627   627 D QC-time-services: Daemon:genoff_post_init:Error in accessing storage
06-23 20:48:08.372   627   627 D QC-time-services: Daemon:genoff_pre_init::Base = 6
06-23 20:48:08.372   627   627 D QC-time-services: Daemon: Storage Name: ats_6 
06-23 20:48:08.372   627   627 D QC-time-services: Daemon:Opening File: /mnt/vendor/persist/time/ats_6 /data/vendor/time/ats_6
06-23 20:48:08.372   627   627 D QC-time-services: Daemon:time_persistent_memory_opr:Genoff Read operation 
06-23 20:48:08.372   627   627 D QC-time-services: Daemon:Open File: /mnt/vendor/persist/time/ats_6
06-23 20:48:08.372   627   627 D QC-time-services: Daemon:Unable to open filefor read
06-23 20:48:08.372   627   627 D QC-time-services: Daemon:genoff_post_init:Error in accessing storage
06-23 20:48:08.372   627   627 D QC-time-services: Daemon:genoff_pre_init::Base = 7
06-23 20:48:08.372   627   627 D QC-time-services: Daemon: Storage Name: ats_7 
06-23 20:48:08.372   627   627 D QC-time-services: Daemon:Opening File: /mnt/vendor/persist/time/ats_7 /data/vendor/time/ats_7
06-23 20:48:08.372   627   627 D QC-time-services: Daemon:time_persistent_memory_opr:Genoff Read operation 
06-23 20:48:08.372   627   627 D QC-time-services: Daemon:Open File: /mnt/vendor/persist/time/ats_7
06-23 20:48:08.372   627   627 D QC-time-services: Daemon:Unable to open filefor read
06-23 20:48:08.372   627   627 D QC-time-services: Daemon:genoff_post_init:Error in accessing storage
06-23 20:48:08.372   627   627 D QC-time-services: Daemon:genoff_pre_init::Base = 8
06-23 20:48:08.372   627   627 D QC-time-services: Daemon: Storage Name: ats_8 
06-23 20:48:08.372   627   627 D QC-time-services: Daemon:Opening File: /mnt/vendor/persist/time/ats_8 /data/vendor/time/ats_8
06-23 20:48:08.372   627   627 D QC-time-services: Daemon:time_persistent_memory_opr:Genoff Read operation 
06-23 20:48:08.372   627   627 D QC-time-services: Daemon:Open File: /mnt/vendor/persist/time/ats_8
06-23 20:48:08.372   627   627 D QC-time-services: Daemon:Unable to open filefor read
06-23 20:48:08.372   627   627 D QC-time-services: Daemon:genoff_post_init:Error in accessing storage
06-23 20:48:08.372   627   627 D QC-time-services: Daemon:genoff_pre_init::Base = 9
06-23 20:48:08.372   627   627 D QC-time-services: Daemon: Storage Name: ats_9 
06-23 20:48:08.372   627   627 D QC-time-services: Daemon:Opening File: /mnt/vendor/persist/time/ats_9 /data/vendor/time/ats_9
06-23 20:48:08.372   627   627 D QC-time-services: Daemon:time_persistent_memory_opr:Genoff Read operation 
06-23 20:48:08.372   627   627 D QC-time-services: Daemon:Open File: /mnt/vendor/persist/time/ats_9
06-23 20:48:08.372   627   627 D QC-time-services: Daemon:Unable to open filefor read
06-23 20:48:08.372   627   627 D QC-time-services: Daemon:genoff_post_init:Error in accessing storage
06-23 20:48:08.372   627   627 D QC-time-services: Daemon:genoff_pre_init::Base = 10
06-23 20:48:08.372   627   627 D QC-time-services: Daemon: Storage Name: ats_10 
06-23 20:48:08.372   627   627 D QC-time-services: Daemon:Opening File: /mnt/vendor/persist/time/ats_10 /data/vendor/time/ats_10
06-23 20:48:08.372   627   627 D QC-time-services: Daemon:time_persistent_memory_opr:Genoff Read operation 
06-23 20:48:08.372   627   627 D QC-time-services: Daemon:Open File: /mnt/vendor/persist/time/ats_10
06-23 20:48:08.372   627   627 D QC-time-services: Daemon:Unable to open filefor read
06-23 20:48:08.372   627   627 D QC-time-services: Daemon:genoff_post_init:Error in accessing storage
06-23 20:48:08.372   627   627 D QC-time-services: Daemon:genoff_pre_init::Base = 11
06-23 20:48:08.372   627   627 D QC-time-services: Daemon: Storage Name: ats_11 
06-23 20:48:08.372   627   627 D QC-time-services: Daemon:Opening File: /mnt/vendor/persist/time/ats_11 /data/vendor/time/ats_11
06-23 20:48:08.372   627   627 D QC-time-services: Daemon:time_persistent_memory_opr:Genoff Read operation 
06-23 20:48:08.372   627   627 D QC-time-services: Daemon:Open File: /mnt/vendor/persist/time/ats_11
06-23 20:48:08.372   627   627 D QC-time-services: Daemon:Unable to open filefor read
06-23 20:48:08.372   627   627 D QC-time-services: Daemon:genoff_post_init:Error in accessing storage
06-23 20:48:08.372   627   627 D QC-time-services: Daemon:genoff_pre_init::Base = 12
06-23 20:48:08.372   627   627 D QC-time-services: Daemon: Storage Name: ats_12 
06-23 20:48:08.372   627   627 D QC-time-services: Daemon:Opening File: /mnt/vendor/persist/time/ats_12 /data/vendor/time/ats_12
06-23 20:48:08.372   627   627 D QC-time-services: Daemon:time_persistent_memory_opr:Genoff Read operation 
06-23 20:48:08.372   627   627 D QC-time-services: Daemon:Open File: /mnt/vendor/persist/time/ats_12
06-23 20:48:08.372   627   627 D QC-time-services: Daemon:Unable to open filefor read
06-23 20:48:08.372   627   627 D QC-time-services: Daemon:genoff_post_init:Error in accessing storage
06-23 20:48:08.372   627   627 D QC-time-services: Daemon:genoff_pre_init::Base = 13
06-23 20:48:08.372   627   627 D QC-time-services: Daemon: Storage Name: ats_13 
06-23 20:48:08.372   627   627 D QC-time-services: Daemon:Opening File: /mnt/vendor/persist/time/ats_13 /data/vendor/time/ats_13
06-23 20:48:08.372   627   627 D QC-time-services: Daemon:time_persistent_memory_opr:Genoff Read operation 
06-23 20:48:08.372   627   627 D QC-time-services: Daemon:Open File: /mnt/vendor/persist/time/ats_13
06-23 20:48:08.372   627   627 D QC-time-services: Daemon:Unable to open filefor read
06-23 20:48:08.372   627   627 D QC-time-services: Daemon:genoff_post_init:Error in accessing storage
06-23 20:48:08.372   627   627 D QC-time-services: Daemon:genoff_pre_init::Base = 14
06-23 20:48:08.372   627   627 D QC-time-services: Daemon: Storage Name: ats_14 
06-23 20:48:08.372   627   627 D QC-time-services: Daemon:Opening File: /mnt/vendor/persist/time/ats_14 /data/vendor/time/ats_14
06-23 20:48:08.372   627   627 D QC-time-services: Daemon:time_persistent_memory_opr:Genoff Read operation 
06-23 20:48:08.372   627   627 D QC-time-services: Daemon:Open File: /mnt/vendor/persist/time/ats_14
06-23 20:48:08.372   627   627 D QC-time-services: Daemon:Unable to open filefor read
06-23 20:48:08.372   627   627 D QC-time-services: Daemon:genoff_post_init:Error in accessing storage
06-23 20:48:08.372   627   627 D QC-time-services: Daemon:genoff_pre_init::Base = 15
06-23 20:48:08.372   627   627 D QC-time-services: Daemon: Storage Name: ats_15 
06-23 20:48:08.372   627   627 D QC-time-services: Daemon:Opening File: /mnt/vendor/persist/time/ats_15 /data/vendor/time/ats_15
06-23 20:48:08.372   627   627 D QC-time-services: Daemon:time_persistent_memory_opr:Genoff Read operation 
06-23 20:48:08.372   627   627 D QC-time-services: Daemon:Open File: /mnt/vendor/persist/time/ats_15
06-23 20:48:08.372   627   627 D QC-time-services: Daemon:Unable to open filefor read
06-23 20:48:08.372   627   627 D QC-time-services: Daemon:genoff_post_init:Error in accessing storage
06-23 20:48:08.372   627   627 D QC-time-services: Daemon:genoff_pre_init::Base = 16
06-23 20:48:08.372   627   627 D QC-time-services: Daemon: Storage Name: ats_16 
06-23 20:48:08.372   627   627 D QC-time-services: Daemon:Opening File: /mnt/vendor/persist/time/ats_16 /data/vendor/time/ats_16
06-23 20:48:08.372   627   627 D QC-time-services: Daemon:time_persistent_memory_opr:Genoff Read operation 
06-23 20:48:08.373   627   627 D QC-time-services: Daemon:Open File: /mnt/vendor/persist/time/ats_16
06-23 20:48:08.373   627   627 D QC-time-services: Daemon:genoff_pre_init::Base = 17
06-23 20:48:08.373   627   627 D QC-time-services: Daemon: Storage Name: ats_17 
06-23 20:48:08.373   627   627 D QC-time-services: Daemon:Opening File: /mnt/vendor/persist/time/ats_17 /data/vendor/time/ats_17
06-23 20:48:08.373   627   627 D QC-time-services: Daemon:time_persistent_memory_opr:Genoff Read operation 
06-23 20:48:08.373   627   627 D QC-time-services: Daemon:Open File: /mnt/vendor/persist/time/ats_17
06-23 20:48:08.373   627   627 D QC-time-services: Daemon:Unable to open filefor read
06-23 20:48:08.373   627   627 D QC-time-services: Daemon:genoff_post_init:Error in accessing storage
06-23 20:48:08.373   627   627 D QC-time-services: Daemon:genoff_pre_init::Base = 18
06-23 20:48:08.373   627   627 D QC-time-services: Daemon: Storage Name: ats_18 
06-23 20:48:08.373   627   627 D QC-time-services: Daemon:Opening File: /mnt/vendor/persist/time/ats_18 /data/vendor/time/ats_18
06-23 20:48:08.373   627   627 D QC-time-services: Daemon:time_persistent_memory_opr:Genoff Read operation 
06-23 20:48:08.373   627   627 D QC-time-services: Daemon:Open File: /mnt/vendor/persist/time/ats_18
06-23 20:48:08.373   627   627 D QC-time-services: Daemon:Unable to open filefor read
06-23 20:48:08.373   627   627 D QC-time-services: Daemon:genoff_post_init:Error in accessing storage
06-23 20:48:08.373   627   627 D QC-time-services: Daemon:genoff_init_config: Other bases initilized, exiting genoff_init
06-23 20:48:08.373   627   627 D QC-time-services: Daemon:rtc_get: Time read from RTC -- MM/DD/YY HH:MM:SS5/24/121 0:48:8
06-23 20:48:08.373   627   627 D QC-time-services: Daemon rtc_get: seconds = 1624495688
06-23 20:48:08.373   627   627 D QC-time-services: Daemon:Value read from RTC mseconds = 1624495688000
06-23 20:48:08.374   627   627 D QC-time-services: Daemon:Value read from QTimer mseconds = 14075
06-23 20:48:08.374   627   627 D QC-time-services: Daemon:genoff_opr: Base = 1, val = 0, operation = 1
06-23 20:48:08.374   627   627 D QC-time-services: Daemon: genoff get for 1
06-23 20:48:08.374   627   627 D QC-time-services: Daemon:Value read from QTimer mseconds = 14075
06-23 20:48:08.374   627   627 D QC-time-services: Daemon:Value read from RTC mseconds on boot = 1624495688000
06-23 20:48:08.374   627   627 D QC-time-services: Daemon:Value read from QTimer mseconds = 14075
06-23 20:48:08.374   627   627 D QC-time-services: Daemon:Value read from generic offset = -6
06-23 20:48:08.374   627   627 D QC-time-services: Daemon:Delta read on boot mseconds = 1624495673925
06-23 20:48:08.374   627   627 D QC-time-services: Daemon:Final Time = 1624495687994
06-23 20:48:08.374   627   627 D QC-time-services: Daemon:genoff_boot_tod_init: Updating system time to sec=1624495687, usec=994000
06-23 20:48:08.892   636   636 I /system/bin/flags_health_check: ServerConfigurableFlagsReset reset_mode value: 0
06-23 20:48:08.892   636   636 I /system/bin/flags_health_check: ServerConfigurableFlagsReset attempted boot count is under threshold, skipping reset.
06-23 20:48:08.934   629   629 E OEM-FWUPDATE: [ite_fw_upgrade] failure.
06-23 20:48:08.934   629   629 I OEM-FWUPDATE: oem fw upgrade exit
06-23 20:48:08.963   630   630 I OEM-HPM : sysfs:path /sys/devices/platform/soc/soc:oem-ptdet/poe_status data absent
06-23 20:48:08.963   630   630 I OEM-HPM :  size 16
06-23 20:48:08.963   630   630 I OEM-HPM : handle_poe_status_change, poe_status is absent
06-23 20:48:08.963   630   630 I OEM-HPM : 
06-23 20:48:08.963   630   630 I OEM-HPM : handle_poe_status_change, power type is not POE
06-23 20:48:08.963   630   630 D OEM-HPM : 
06-23 20:48:08.963   630   630 I OEM-HPM : sysfs:path /sys/class/power_supply/usb/online data 0 size 1
06-23 20:48:08.963   630   630 I OEM-HPM : /sys/class/power_supply/usb/online is 0
06-23 20:48:08.963   630   630 I OEM-HPM : sysfs:path /sys/class/power_supply/pc_port/online data 0 size 1
06-23 20:48:08.963   630   630 I OEM-HPM : /sys/class/power_supply/pc_port/online is 0
06-23 20:48:08.963   630   630 I OEM-HPM : sysfs:path /sys/class/power_supply/ac/online data 1t
06-23 20:48:08.963   630   630 I OEM-HPM :  size 1
06-23 20:48:08.963   630   630 I OEM-HPM : /sys/class/power_supply/ac/online is 1
06-23 20:48:08.963   630   630 I OEM-HPM : USB power supply become online
06-23 20:48:08.963   630   630 E OEM-HPM : open sysfs fail: /sys/devices/platform/pos_stand/cfd_present: error: No such file or directory
06-23 20:48:08.963   630   630 E OEM-HPM : Read /sys/devices/platform/pos_stand/cfd_present failed
06-23 20:48:08.963   630   630 E OEM-HPM : open sysfs fail: /sys/devices/platform/pos_stand/present: error: No such file or directory
06-23 20:48:08.963   630   630 E OEM-HPM : Read /sys/devices/platform/pos_stand/present failed
06-23 20:48:08.963   630   630 E OEM-HPM : open sysfs fail: /sys/devices/platform/io_hub/present: error: No such file or directory
06-23 20:48:08.963   630   630 E OEM-HPM : Read /sys/devices/platform/io_hub/present failed
06-23 20:48:08.963   630   630 E OEM-HPM : open sysfs fail: /sys/devices/platform/pos_stand/flip_present: error: No such file or directory
06-23 20:48:08.963   630   630 E OEM-HPM : Read /sys/devices/platform/pos_stand/flip_present failed
06-23 20:48:08.964   630   630 I OEM-HPM : sysfs:path /sys/bus/i2c/devices/6-0040/hpd_status data 0x0
06-23 20:48:08.964   630   630 I OEM-HPM :  size 16
06-23 20:48:08.964   630   630 I OEM-HPM : handle_display_connect_change, display is disconnected
06-23 20:48:09.095   638   638 I netdClient: Skipping libnetd_client init since *we* are netd
06-23 20:48:09.096   638   638 I netd    : netd 1.0 starting
06-23 20:48:09.110   638   638 I Netd    : Loaded resolver library from /apex/com.android.resolv/lib64/libnetd_resolv.so
06-23 20:48:09.160   641   641 I bootstat: Service started: /system/bin/bootstat --set_system_boot_reason 
06-23 20:48:09.161   641   641 I bootstat: Canonical boot reason: reboot
06-23 20:48:09.161   641   641 I bootstat: Canonical boot reason: reboot
06-23 20:48:09.500   660   660 I BOOT    : MSM target '', SoC 'QRD', HwID '324', SoC ver '65536'
06-23 20:48:09.520   661   661 W DRM_BOOT: file: '/sys/module/drm/parameters/vblankoffdelay' or perms doesn't exist
06-23 20:48:09.667   639   639 D AndroidRuntime: >>>>>> START com.android.internal.os.ZygoteInit uid 0 <<<<<<
06-23 20:48:09.668   639   639 I boot_progress_start: 11560
06-23 20:48:09.714   639   639 I AndroidRuntime: Using default boot image
06-23 20:48:09.714   639   639 I AndroidRuntime: Leaving lock profiling enabled
06-23 20:48:09.721   639   639 I zygote64: option[0]=-Xzygote
06-23 20:48:09.721   639   639 I zygote64: option[1]=exit
06-23 20:48:09.721   639   639 I zygote64: option[2]=vfprintf
06-23 20:48:09.721   639   639 I zygote64: option[3]=sensitiveThread
06-23 20:48:09.721   639   639 I zygote64: option[4]=-verbose:gc
06-23 20:48:09.721   639   639 I zygote64: option[5]=-Xms8m
06-23 20:48:09.721   639   639 I zygote64: option[6]=-Xmx512m
06-23 20:48:09.721   639   639 I zygote64: option[7]=-XX:HeapGrowthLimit=256m
06-23 20:48:09.721   639   639 I zygote64: option[8]=-XX:HeapMinFree=512k
06-23 20:48:09.721   639   639 I zygote64: option[9]=-XX:HeapMaxFree=8m
06-23 20:48:09.721   639   639 I zygote64: option[10]=-XX:HeapTargetUtilization=0.75
06-23 20:48:09.721   639   639 I zygote64: option[11]=-Xusejit:true
06-23 20:48:09.721   639   639 I zygote64: option[12]=-Xjitsaveprofilinginfo
06-23 20:48:09.721   639   639 I zygote64: option[13]=-XjdwpOptions:suspend=n,server=y
06-23 20:48:09.721   639   639 I zygote64: option[14]=-XjdwpProvider:default
06-23 20:48:09.721   639   639 I zygote64: option[15]=-Xlockprofthreshold:500
06-23 20:48:09.721   639   639 I zygote64: option[16]=-Ximage-compiler-option
06-23 20:48:09.721   639   639 I zygote64: option[17]=--runtime-arg
06-23 20:48:09.721   639   639 I zygote64: option[18]=-Ximage-compiler-option
06-23 20:48:09.721   639   639 I zygote64: option[19]=-Xms64m
06-23 20:48:09.721   639   639 I zygote64: option[20]=-Ximage-compiler-option
06-23 20:48:09.721   639   639 I zygote64: option[21]=--runtime-arg
06-23 20:48:09.721   639   639 I zygote64: option[22]=-Ximage-compiler-option
06-23 20:48:09.721   639   639 I zygote64: option[23]=-Xmx64m
06-23 20:48:09.721   639   639 I zygote64: option[24]=-Ximage-compiler-option
06-23 20:48:09.721   639   639 I zygote64: option[25]=--profile-file=/system/etc/boot-image.prof
06-23 20:48:09.721   639   639 I zygote64: option[26]=-Ximage-compiler-option
06-23 20:48:09.721   639   639 I zygote64: option[27]=--compiler-filter=speed-profile
06-23 20:48:09.721   639   639 I zygote64: option[28]=-Xcompiler-option
06-23 20:48:09.721   639   639 I zygote64: option[29]=--runtime-arg
06-23 20:48:09.721   639   639 I zygote64: option[30]=-Xcompiler-option
06-23 20:48:09.721   639   639 I zygote64: option[31]=-Xms64m
06-23 20:48:09.721   639   639 I zygote64: option[32]=-Xcompiler-option
06-23 20:48:09.721   639   639 I zygote64: option[33]=--runtime-arg
06-23 20:48:09.721   639   639 I zygote64: option[34]=-Xcompiler-option
06-23 20:48:09.721   639   639 I zygote64: option[35]=-Xmx512m
06-23 20:48:09.721   639   639 I zygote64: option[36]=-Ximage-compiler-option
06-23 20:48:09.721   639   639 I zygote64: option[37]=--instruction-set-variant=generic
06-23 20:48:09.721   639   639 I zygote64: option[38]=-Xcompiler-option
06-23 20:48:09.721   639   639 I zygote64: option[39]=--instruction-set-variant=generic
06-23 20:48:09.721   639   639 I zygote64: option[40]=-Ximage-compiler-option
06-23 20:48:09.721   639   639 I zygote64: option[41]=--instruction-set-features=default
06-23 20:48:09.721   639   639 I zygote64: option[42]=-Xcompiler-option
06-23 20:48:09.721   639   639 I zygote64: option[43]=--instruction-set-features=default
06-23 20:48:09.721   639   639 I zygote64: option[44]=-Duser.locale=en-US
06-23 20:48:09.721   639   639 I zygote64: option[45]=--cpu-abilist=arm64-v8a
06-23 20:48:09.721   639   639 I zygote64: option[46]=-Xcompiler-option
06-23 20:48:09.721   639   639 I zygote64: option[47]=--generate-mini-debug-info
06-23 20:48:09.721   639   639 I zygote64: option[48]=-Xcore-platform-api-policy:just-warn
06-23 20:48:09.721   639   639 I zygote64: option[49]=-Xfingerprint:Elo/15in-I-Series-4/15in-I-Series-4:10/QKQ1.201112.002/eng.youkai.20210624.000557:userdebug/debug,release-keys
06-23 20:48:09.733   639   639 I zygote64: Core platform API reporting enabled, enforcing=false
06-23 20:48:09.794   640   640 D AndroidRuntime: >>>>>> START com.android.internal.os.ZygoteInit uid 0 <<<<<<
06-23 20:48:09.840   640   640 I AndroidRuntime: Using default boot image
