03-28 23:04:50.559   607   607 I Zygote  : Calling ZygoteHooks.beginPreload()
03-28 23:04:50.562   608   608 I zygote  : Explicit concurrent copying GC freed 307(38KB) AllocSpace objects, 0(0B) LOS objects, 98% free, 25KB/1561KB, paused 58us total 3.117ms
03-28 23:04:50.565   608   608 I zygote  : Explicit concurrent copying GC freed 5(32KB) AllocSpace objects, 0(0B) LOS objects, 98% free, 25KB/1561KB, paused 31us total 2.657ms
03-28 23:04:50.565   608   608 D Zygote32Timing: PostZygoteInitGC took to complete: 7ms
03-28 23:04:50.565   608   608 D Zygote32Timing: ZygoteInit took to complete: 7ms
03-28 23:04:50.577     0     0 E init    : property 'persist.serialno' doesn't exist while expanding '${persist.serialno}'
03-28 23:04:50.577     0     0 E init    : property 'persist.serialno' doesn't exist while expanding '${persist.serialno}'
03-28 23:04:50.584   608   608 I Zygote  : Accepting command socket connections
03-28 23:04:50.603   607   607 D Zygote64Timing: BeginPreload took to complete: 44ms
03-28 23:04:50.603   607   607 I Zygote  : Preloading classes...
03-28 23:04:50.611   607   607 W Zygote  : Class not found for preloading: android.app.-$$Lambda$ActivityThread$ZXDWm3IBeFmLnFVblhB-IOZCr9o
03-28 23:04:50.649   874   874 E /vendor/bin/adsprpcd: vendor/qcom/proprietary/commonsys-intf/adsprpc/src/adsprpcd.c:29:adsp daemon starting
03-28 23:04:50.654   873   873 E /vendor/bin/adsprpcd: vendor/qcom/proprietary/commonsys-intf/adsprpc/src/adsprpcd.c:29:adsp daemon starting
03-28 23:04:50.660   873   873 V /vendor/bin/adsprpcd: vendor/qcom/proprietary/commonsys-intf/adsprpc/src/fastrpc_apps_user.c:1088: remote_handle_open: Successfully opened handle 0x60 for '":;./\attachguestos on domain 0
03-28 23:04:50.660   874   874 V /vendor/bin/adsprpcd: vendor/qcom/proprietary/commonsys-intf/adsprpc/src/fastrpc_apps_user.c:1088: remote_handle_open: Successfully opened handle 0x62 for '":;./\createstaticpd:audiopd on domain 0
03-28 23:04:50.663   868   868 E PerMgrProxy: Starting pm-proxy service
03-28 23:04:50.670   690   737 D PerMgrSrv: modem state: is off-line, add client PM-PROXY-THREAD
03-28 23:04:50.670   690   737 D PerMgrSrv: PM-PROXY-THREAD registered
03-28 23:04:50.670   868   868 D PerMgrLib: PM-PROXY-THREAD successfully registered for modem
03-28 23:04:50.670   868   868 I PerMgrProxy: Casting proxy vote for modem
03-28 23:04:50.670   868   868 D PerMgrLib: PM-PROXY-THREAD voting for modem
03-28 23:04:50.670   690   737 D PerMgrSrv: PM-PROXY-THREAD voting for modem
03-28 23:04:50.670   690   737 D PerMgrSrv: modem new state: going on-line
03-28 23:04:50.670   690   737 D PerMgrSrv: modem num voters is 1
03-28 23:04:50.670   868   868 I PerMgrProxy: pm-proxy-thread vote successful for modem
03-28 23:04:50.679   880   880 D ELOPartd: ELOPartd
03-28 23:04:50.679   880   880 D ELOPartd: argc = 1
03-28 23:04:50.679   607   607 W Zygote  : Class not found for preloading: android.bluetooth.BluetoothA2dp$2
03-28 23:04:50.679   873   873 D /vendor/bin/adsprpcd: vendor/qcom/proprietary/commonsys-intf/adsprpc/src/fastrpc_apps_user.c:1030: Error 0xffffffff: remote_handle64_invoke failed for handle 0x24406090, method 4 on domain 0 (sc 0x4010100)
03-28 23:04:50.679   873   873 E /vendor/bin/adsprpcd: vendor/qcom/proprietary/commonsys-intf/adsprpc/src/adspmsgd.c:93:adspmsgd_init failed with error -1
03-28 23:04:50.680   873   873 D /vendor/bin/adsprpcd: vendor/qcom/proprietary/commonsys-intf/adsprpc/src/fastrpc_apps_user.c:1030: Error 0xffffffff: remote_handle64_invoke failed for handle 0x24406090, method 3 on domain 0 (sc 0x3000000)
03-28 23:04:50.680   873   873 V /vendor/bin/adsprpcd: vendor/qcom/proprietary/commonsys-intf/adsprpc/src/fastrpc_perf.c:213: fastrpc_perf_init: enabled RPC traces (kernel 0, dsp 0) with frequency 1000
03-28 23:04:50.683   869   869 I Dpps    : GetInstance: DppsServer ref count increased to 1
03-28 23:04:50.684   869   869 I Dpps    : WaitForComposer():129 Waiting for composer service init
03-28 23:04:50.684   873   873 V /vendor/bin/adsprpcd: vendor/qcom/proprietary/commonsys-intf/adsprpc/src/fastrpc_apps_user.c:1088: remote_handle_open: Successfully opened handle 0xf057d450 for adsp_default_listener on domain 0
03-28 23:04:50.684   873   873 V /vendor/bin/adsprpcd: vendor/qcom/proprietary/commonsys-intf/adsprpc/src/fastrpc_apps_user.c:1088: remote_handle_open: Successfully opened handle 0x6 for '":;./\geteventfd on domain 0
03-28 23:04:50.686   607   607 I PackageBackwardCompatibility: Could not find android.content.pm.AndroidTestBaseUpdater, ignoring
03-28 23:04:50.688   870   870 E QCOMSysDaemon: Can't find/open bootselect node: (No such file or directory)
03-28 23:04:50.688   870   870 I QCOMSysDaemon: Starting qcom system daemon
03-28 23:04:50.692   880   896 D ELOPartd: ~~~~ ELOPart_event_set 580da6a1e0 ~~~~
03-28 23:04:50.692   880   896 D ELOPartd: ~~~~ +ELOPart_event_add ~~~~
03-28 23:04:50.692   880   896 D ELOPartd: ~~~~ added at 0 ~~~~
03-28 23:04:50.692   880   880 D ELOPartd: ~~~~ ELOPart_event_set 580da6a198 ~~~~
03-28 23:04:50.692   880   880 D ELOPartd: ~~~~ +ELOPart_event_add ~~~~
03-28 23:04:50.692   880   880 D ELOPartd: ~~~~ added at 1 ~~~~
03-28 23:04:50.693   874   874 V /vendor/bin/adsprpcd: vendor/qcom/proprietary/commonsys-intf/adsprpc/src/fastrpc_perf.c:213: fastrpc_perf_init: enabled RPC traces (kernel 0, dsp 0) with frequency 1000
03-28 23:04:50.695   874   874 V /vendor/bin/adsprpcd: vendor/qcom/proprietary/commonsys-intf/adsprpc/src/fastrpc_apps_user.c:1088: remote_handle_open: Successfully opened handle 0xb07ae600 for adsp_default_listener on domain 0
03-28 23:04:50.695   874   874 V /vendor/bin/adsprpcd: vendor/qcom/proprietary/commonsys-intf/adsprpc/src/fastrpc_apps_user.c:1088: remote_handle_open: Successfully opened handle 0x6 for '":;./\geteventfd on domain 0
03-28 23:04:50.699     0     0 I sn65dsi86_dsi2edp_disable: end
03-28 23:04:50.699   876   876 I CLD80211: /system/vendor/bin/cnss_diag: initialized exit socket pair
03-28 23:04:50.699     0     0 I sn65dsi86_dsi2edp_panel_enable: set to 0
03-28 23:04:50.699   876   876 I CLD80211: /system/vendor/bin/cnss_diag: nlctrl family id: 16 group: fw_logs mcast_id: 21
03-28 23:04:50.699   876   876 I CLD80211: /system/vendor/bin/cnss_diag: nlctrl family id: 16 group: host_logs mcast_id: 20
03-28 23:04:50.699   876   876 I CLD80211: /system/vendor/bin/cnss_diag: nlctrl family id: 16 group: diag_events mcast_id: 23
03-28 23:04:50.701   886   886 I installd: installd firing up
03-28 23:04:50.702   881   881 D LibBpfLoader: Loading ELF object /system/etc/bpf/clatd.o with license Apache 2.0
03-28 23:04:50.702     0     0 I subsys-restart: __subsystem_get(): Changing subsys fw_name to modem
03-28 23:04:50.702   881   881 D LibBpfLoader: Loaded code section 3 (schedcls_ingress_clat_ether)
03-28 23:04:50.703   881   881 D LibBpfLoader: Loaded relo section 3 (.relschedcls/ingress/clat_ether)
03-28 23:04:50.703   881   881 D LibBpfLoader: Adding section 3 to cs list
03-28 23:04:50.703   881   881 D LibBpfLoader: Loaded code section 5 (schedcls_ingress_clat_rawip)
03-28 23:04:50.703   881   881 D LibBpfLoader: Loaded relo section 5 (.relschedcls/ingress/clat_rawip)
03-28 23:04:50.703   881   881 D LibBpfLoader: Adding section 5 to cs list
03-28 23:04:50.703   867   867 I /system/bin/adbd: Not payment device, enable adbd
03-28 23:04:50.703   867   867 I /system/bin/adbd: 
03-28 23:04:50.703   881   881 D LibBpfLoader: bpf_create_map name clat_ingress_map, ret: 6
03-28 23:04:50.703   881   881 D LibBpfLoader: map_fd found at 0 is 6 in /system/etc/bpf/clatd.o
03-28 23:04:50.703   876   876 I CNSS    : log_capture_location  = /data/vendor/wifi/wlan_logs/
03-28 23:04:50.703   876   876 I CNSS    : Host_logs_location  = /data/vendor/wifi/wlan_logs/buffered_cnsshost_log.txt
03-28 23:04:50.703   876   876 I CNSS    : firmware_logs_location  = /data/vendor/wifi/wlan_logs/buffered_cnssfw_log.txt
03-28 23:04:50.703   876   876 I CNSS    : enable_flush_log = 0
03-28 23:04:50.703   881   881 D LibBpfLoader: applying relo to instruction at byte offset: 400, 	       insn offset 50 , insn 118
03-28 23:04:50.703   881   881 D LibBpfLoader: applying relo to instruction at byte offset: 360, 	       insn offset 45 , insn 118
03-28 23:04:50.703   876   876 I CNSS    : cnss_open_log_file: directory /data/vendor/wifi/wlan_logs/ created
03-28 23:04:50.704   867   867 I adbd    : ro.boot.qvar :1.16.0.0.
03-28 23:04:50.704   881   881 D LibBpfLoader: New bpf core prog_load for /system/etc/bpf/clatd.o (schedcls_ingress_clat_ether) returned: 7
03-28 23:04:50.704   867   867 I adbd    : 
03-28 23:04:50.704   867   867 I adbd    : [item :]root, [flag :]1
03-28 23:04:50.704   867   867 I adbd    : 
03-28 23:04:50.704   867   867 I adbd    : ro.boot.qvar :1.16.0.0.
03-28 23:04:50.704   867   867 I adbd    : 
03-28 23:04:50.704   867   867 I adbd    : [item :]adb_auth, [flag :]0
03-28 23:04:50.704   867   867 I adbd    : 
03-28 23:04:50.704   867   867 I adbd    : ro.boot.qvar :1.16.0.0.
03-28 23:04:50.704   867   867 I adbd    : 
03-28 23:04:50.704   867   867 I adbd    : [item :]root, [flag :]1
03-28 23:04:50.704   867   867 I adbd    : 
03-28 23:04:50.705   881   881 D LibBpfLoader: New bpf core prog_load for /system/etc/bpf/clatd.o (schedcls_ingress_clat_rawip) returned: 8
03-28 23:04:50.705   872   872 I ThermalEngine: Thermal daemon started
03-28 23:04:50.706   881   881 I bpfloader: Attempted load object: /system/etc/bpf/clatd.o, ret: Success
03-28 23:04:50.706   876   876 I CNSS    : failed to open file a+ mode or file size 30830224 is less than max_file_size 31457280
03-28 23:04:50.706   876   876 I CNSS    : cnss_open_log_file: directory /data/vendor/wifi/wlan_logs/ created
03-28 23:04:50.706   876   876 I CNSS    : failed to open file a+ mode or file size 5824512 is less than max_file_size 31457280
03-28 23:04:50.706   876   876 I CNSS    : cnss_open_log_file: directory /data/vendor/wifi/wlan_logs/ created
03-28 23:04:50.706   876   876 I CNSS    : failed to open file a+ mode or file size 0 is less than max_file_size 31457280
03-28 23:04:50.706   876   876 I CNSS    : initialize_cnsslog_timer: create cnss log timer 
03-28 23:04:50.707   867   867 I adbd    : adbd listening on port 5555
03-28 23:04:50.708   872   872 I ThermalEngine: No target config file, falling back to '/vendor/etc/thermal-engine.conf'
03-28 23:04:50.709   881   881 D LibBpfLoader: Loading ELF object /system/etc/bpf/netd.o with license Apache 2.0
03-28 23:04:50.709   881   881 D LibBpfLoader: Loaded code section 3 (cgroupskb_ingress_stats)
03-28 23:04:50.709   881   881 D LibBpfLoader: Loaded relo section 3 (.relcgroupskb/ingress/stats)
03-28 23:04:50.709   881   881 D LibBpfLoader: Adding section 3 to cs list
03-28 23:04:50.709   881   881 D LibBpfLoader: Loaded code section 5 (cgroupskb_egress_stats)
03-28 23:04:50.709   881   881 D LibBpfLoader: Loaded relo section 5 (.relcgroupskb/egress/stats)
03-28 23:04:50.709   881   881 D LibBpfLoader: Adding section 5 to cs list
03-28 23:04:50.709   881   881 D LibBpfLoader: Loaded code section 7 (skfilter_egress_xtbpf)
03-28 23:04:50.709   881   881 D LibBpfLoader: Loaded relo section 7 (.relskfilter/egress/xtbpf)
03-28 23:04:50.709   881   881 D LibBpfLoader: Adding section 7 to cs list
03-28 23:04:50.709   881   881 D LibBpfLoader: Loaded code section 9 (skfilter_ingress_xtbpf)
03-28 23:04:50.709   881   881 D LibBpfLoader: Loaded relo section 9 (.relskfilter/ingress/xtbpf)
03-28 23:04:50.709   881   881 D LibBpfLoader: Adding section 9 to cs list
03-28 23:04:50.709   881   881 D LibBpfLoader: Loaded code section 11 (skfilter_whitelist_xtbpf)
03-28 23:04:50.709   881   881 D LibBpfLoader: Loaded relo section 11 (.relskfilter/whitelist/xtbpf)
03-28 23:04:50.709   881   881 D LibBpfLoader: Adding section 11 to cs list
03-28 23:04:50.709   881   881 D LibBpfLoader: Loaded code section 13 (skfilter_blacklist_xtbpf)
03-28 23:04:50.709   881   881 D LibBpfLoader: Loaded relo section 13 (.relskfilter/blacklist/xtbpf)
03-28 23:04:50.709   881   881 D LibBpfLoader: Adding section 13 to cs list
03-28 23:04:50.709   881   881 D LibBpfLoader: Loaded code section 15 (cgroupsock_inet_create)
03-28 23:04:50.710   881   881 D LibBpfLoader: Loaded relo section 15 (.relcgroupsock/inet/create)
03-28 23:04:50.710   881   881 D LibBpfLoader: Adding section 15 to cs list
03-28 23:04:50.712   881   881 D LibBpfLoader: bpf_create_map name cookie_tag_map, ret: 9
03-28 23:04:50.712   881   881 D LibBpfLoader: bpf_create_map name uid_counterset_map, ret: 10
03-28 23:04:50.713   881   881 D LibBpfLoader: bpf_create_map name app_uid_stats_map, ret: 11
03-28 23:04:50.715   881   881 D LibBpfLoader: bpf_create_map name stats_map_A, ret: 12
03-28 23:04:50.715   881   881 D LibBpfLoader: bpf_create_map name stats_map_B, ret: 13
03-28 23:04:50.716   881   881 D LibBpfLoader: bpf_create_map name iface_stats_map, ret: 14
03-28 23:04:50.716   881   881 D LibBpfLoader: bpf_create_map name configuration_map, ret: 15
03-28 23:04:50.716   881   881 D LibBpfLoader: bpf_create_map name uid_owner_map, ret: 16
03-28 23:04:50.716   881   881 D LibBpfLoader: bpf_create_map name iface_index_name_map, ret: 17
03-28 23:04:50.716   881   881 D LibBpfLoader: bpf_create_map name uid_permission_map, ret: 18
03-28 23:04:50.716   881   881 D LibBpfLoader: map_fd found at 0 is 9 in /system/etc/bpf/netd.o
03-28 23:04:50.716   881   881 D LibBpfLoader: map_fd found at 1 is 10 in /system/etc/bpf/netd.o
03-28 23:04:50.716   881   881 D LibBpfLoader: map_fd found at 2 is 11 in /system/etc/bpf/netd.o
03-28 23:04:50.716   881   881 D LibBpfLoader: map_fd found at 3 is 12 in /system/etc/bpf/netd.o
03-28 23:04:50.716   881   881 D LibBpfLoader: map_fd found at 4 is 13 in /system/etc/bpf/netd.o
03-28 23:04:50.716   881   881 D LibBpfLoader: map_fd found at 5 is 14 in /system/etc/bpf/netd.o
03-28 23:04:50.716   881   881 D LibBpfLoader: map_fd found at 6 is 15 in /system/etc/bpf/netd.o
03-28 23:04:50.716   881   881 D LibBpfLoader: map_fd found at 7 is 16 in /system/etc/bpf/netd.o
03-28 23:04:50.716   881   881 D LibBpfLoader: map_fd found at 8 is 17 in /system/etc/bpf/netd.o
03-28 23:04:50.716   881   881 D LibBpfLoader: map_fd found at 9 is 18 in /system/etc/bpf/netd.o
03-28 23:04:50.717   881   881 D LibBpfLoader: applying relo to instruction at byte offset: 616, 	       insn offset 77 , insn 118
03-28 23:04:50.717   881   881 D LibBpfLoader: applying relo to instruction at byte offset: 688, 	       insn offset 86 , insn 118
03-28 23:04:50.717   881   881 D LibBpfLoader: applying relo to instruction at byte offset: 1040, 	       insn offset 130 , insn 118
03-28 23:04:50.717   881   881 D LibBpfLoader: applying relo to instruction at byte offset: 1184, 	       insn offset 148 , insn 118
03-28 23:04:50.717   881   881 D LibBpfLoader: applying relo to instruction at byte offset: 1264, 	       insn offset 158 , insn 118
03-28 23:04:50.717   881   881 D LibBpfLoader: applying relo to instruction at byte offset: 1368, 	       insn offset 171 , insn 118
03-28 23:04:50.717   881   881 D LibBpfLoader: applying relo to instruction at byte offset: 1472, 	       insn offset 184 , insn 118
03-28 23:04:50.717   881   881 D LibBpfLoader: applying relo to instruction at byte offset: 1512, 	       insn offset 189 , insn 118
03-28 23:04:50.717   881   881 D LibBpfLoader: applying relo to instruction at byte offset: 1632, 	       insn offset 204 , insn 118
03-28 23:04:50.717   881   881 D LibBpfLoader: applying relo to instruction at byte offset: 1736, 	       insn offset 217 , insn 118
03-28 23:04:50.717   881   881 D LibBpfLoader: applying relo to instruction at byte offset: 1776, 	       insn offset 222 , insn 118
03-28 23:04:50.717   881   881 D LibBpfLoader: applying relo to instruction at byte offset: 2064, 	       insn offset 258 , insn 118
03-28 23:04:50.717   881   881 D LibBpfLoader: applying relo to instruction at byte offset: 2168, 	       insn offset 271 , insn 118
03-28 23:04:50.717   881   881 D LibBpfLoader: applying relo to instruction at byte offset: 2208, 	       insn offset 276 , insn 118
03-28 23:04:50.717   881   881 D LibBpfLoader: applying relo to instruction at byte offset: 2328, 	       insn offset 291 , insn 118
03-28 23:04:50.717   881   881 D LibBpfLoader: applying relo to instruction at byte offset: 2432, 	       insn offset 304 , insn 118
03-28 23:04:50.717   881   881 D LibBpfLoader: applying relo to instruction at byte offset: 2472, 	       insn offset 309 , insn 118
03-28 23:04:50.717   881   881 D LibBpfLoader: applying relo to instruction at byte offset: 2720, 	       insn offset 340 , insn 118
03-28 23:04:50.717   881   881 D LibBpfLoader: applying relo to instruction at byte offset: 2824, 	       insn offset 353 , insn 118
03-28 23:04:50.717   881   881 D LibBpfLoader: applying relo to instruction at byte offset: 2864, 	       insn offset 358 , insn 118
03-28 23:04:50.717   881   881 D LibBpfLoader: applying relo to instruction at byte offset: 608, 	       insn offset 76 , insn 118
03-28 23:04:50.717   881   881 D LibBpfLoader: applying relo to instruction at byte offset: 680, 	       insn offset 85 , insn 118
03-28 23:04:50.717   881   881 D LibBpfLoader: applying relo to instruction at byte offset: 904, 	       insn offset 113 , insn 118
03-28 23:04:50.717   881   881 D LibBpfLoader: applying relo to instruction at byte offset: 1048, 	       insn offset 131 , insn 118
03-28 23:04:50.717   881   881 D LibBpfLoader: applying relo to instruction at byte offset: 1128, 	       insn offset 141 , insn 118
03-28 23:04:50.717   881   881 D LibBpfLoader: applying relo to instruction at byte offset: 1232, 	       insn offset 154 , insn 118
03-28 23:04:50.717   881   881 D LibBpfLoader: applying relo to instruction at byte offset: 1336, 	       insn offset 167 , insn 118
03-28 23:04:50.717   881   881 D LibBpfLoader: applying relo to instruction at byte offset: 1376, 	       insn offset 172 , insn 118
03-28 23:04:50.717   881   881 D LibBpfLoader: applying relo to instruction at byte offset: 1496, 	       insn offset 187 , insn 118
03-28 23:04:50.718   881   881 D LibBpfLoader: applying relo to instruction at byte offset: 1600, 	       insn offset 200 , insn 118
03-28 23:04:50.718   881   881 D LibBpfLoader: applying relo to instruction at byte offset: 1640, 	       insn offset 205 , insn 118
03-28 23:04:50.718   881   881 D LibBpfLoader: applying relo to instruction at byte offset: 1928, 	       insn offset 241 , insn 118
03-28 23:04:50.718   881   881 D LibBpfLoader: applying relo to instruction at byte offset: 2032, 	       insn offset 254 , insn 118
03-28 23:04:50.718   881   881 D LibBpfLoader: applying relo to instruction at byte offset: 2072, 	       insn offset 259 , insn 118
03-28 23:04:50.718   881   881 D LibBpfLoader: applying relo to instruction at byte offset: 2192, 	       insn offset 274 , insn 118
03-28 23:04:50.718   881   881 D LibBpfLoader: applying relo to instruction at byte offset: 2296, 	       insn offset 287 , insn 118
03-28 23:04:50.718   881   881 D LibBpfLoader: applying relo to instruction at byte offset: 2336, 	       insn offset 292 , insn 118
03-28 23:04:50.718   881   881 D LibBpfLoader: applying relo to instruction at byte offset: 2584, 	       insn offset 323 , insn 118
03-28 23:04:50.718   881   881 D LibBpfLoader: applying relo to instruction at byte offset: 2688, 	       insn offset 336 , insn 118
03-28 23:04:50.718   881   881 D LibBpfLoader: applying relo to instruction at byte offset: 2728, 	       insn offset 341 , insn 118
03-28 23:04:50.718   881   881 D LibBpfLoader: applying relo to instruction at byte offset: 40, 	       insn offset 5 , insn 118
03-28 23:04:50.718   881   881 D LibBpfLoader: applying relo to instruction at byte offset: 144, 	       insn offset 18 , insn 118
03-28 23:04:50.718   881   881 D LibBpfLoader: applying relo to instruction at byte offset: 184, 	       insn offset 23 , insn 118
03-28 23:04:50.718   881   881 D LibBpfLoader: applying relo to instruction at byte offset: 40, 	       insn offset 5 , insn 118
03-28 23:04:50.718   881   881 D LibBpfLoader: applying relo to instruction at byte offset: 144, 	       insn offset 18 , insn 118
03-28 23:04:50.718   881   881 D LibBpfLoader: applying relo to instruction at byte offset: 184, 	       insn offset 23 , insn 118
03-28 23:04:50.718   881   881 D LibBpfLoader: applying relo to instruction at byte offset: 136, 	       insn offset 17 , insn 118
03-28 23:04:50.718   881   881 D LibBpfLoader: applying relo to instruction at byte offset: 32, 	       insn offset 4 , insn 118
03-28 23:04:50.718   881   881 D LibBpfLoader: applying relo to instruction at byte offset: 80, 	       insn offset 10 , insn 118
03-28 23:04:50.719     0     0 I sn65dsi86_dsi2edp_bl_enable: set to 0
03-28 23:04:50.721     0     0 I pil-q6v5-mss 4080000.qcom,mss: modem: loading from 0x000000008ac00000 to 0x000000008dc00000
03-28 23:04:50.721   875   875 E Diag_Lib: qpLogDiagInit <== result : 1
03-28 23:04:50.722   875   875 E Diag_Lib: QMID : gIsQXDMDisabled 0, gIsADBDisabled 1, gIsDebugDisabled 0, gIsIMSLogsDisabled 0
03-28 23:04:50.722   875   875 E Diag_Lib: [IMS_QMID] |imsqmiserver.c | 541 | QMID#$$#0#QMI DAEMON STARTED
03-28 23:04:50.728   881   881 D LibBpfLoader: New bpf core prog_load for /system/etc/bpf/netd.o (cgroupskb_ingress_stats) returned: 19
03-28 23:04:50.729   867   907 I adbd    : opening control endpoint /dev/usb-ffs/adb/ep0
03-28 23:04:50.729     0     0 I         : read descriptors
03-28 23:04:50.729     0     0 I         : read strings
03-28 23:04:50.732   878   878 I imsrcsd : Uce Service HAL  is starting up...
03-28 23:04:50.733     0     0 E MAIN_MGR: hvdcp_opti Version: 3:0:0
03-28 23:04:50.734   881   881 D LibBpfLoader: New bpf core prog_load for /system/etc/bpf/netd.o (cgroupskb_egress_stats) returned: 20
03-28 23:04:50.735   881   881 D LibBpfLoader: New bpf core prog_load for /system/etc/bpf/netd.o (skfilter_egress_xtbpf) returned: 21
03-28 23:04:50.735   881   881 D LibBpfLoader: New bpf core prog_load for /system/etc/bpf/netd.o (skfilter_ingress_xtbpf) returned: 22
03-28 23:04:50.735   881   881 D LibBpfLoader: New bpf core prog_load for /system/etc/bpf/netd.o (skfilter_whitelist_xtbpf) returned: 23
03-28 23:04:50.736   881   881 D LibBpfLoader: New bpf core prog_load for /system/etc/bpf/netd.o (skfilter_blacklist_xtbpf) returned: 24
03-28 23:04:50.736   881   881 D LibBpfLoader: New bpf core prog_load for /system/etc/bpf/netd.o (cgroupsock_inet_create) returned: 25
03-28 23:04:50.736   881   881 I bpfloader: Attempted load object: /system/etc/bpf/netd.o, ret: Success
03-28 23:04:50.738   872   872 I ThermalEngine: devices_manager_init: Init
03-28 23:04:50.738   872   872 I ThermalEngine: Number of gpus :1
03-28 23:04:50.738   872   872 I ThermalEngine: Number of cpus :8
03-28 23:04:50.738   874   898 W /vendor/bin/adsprpcd: vendor/qcom/proprietary/commonsys-intf/adsprpc/src/apps_std_imp.c:749: Warning: fopen returned 0x2 for file oemconfig.so. (No such file or directory)
03-28 23:04:50.738   872   872 I ThermalEngine: update_cpu_topology: Cluster info node not found/sys/module/msm_thermal/cluster_info
03-28 23:04:50.740   872   872 E ThermalEngine: read_int_list_from_file: Read error -2.
03-28 23:04:50.740   872   872 E ThermalEngine: tmd_add_cpufreq_dev_data: Invalid or no boost freqs
03-28 23:04:50.741   872   872 E ThermalEngine: read_int_list_from_file: Read error -2.
03-28 23:04:50.741   872   872 E ThermalEngine: tmd_add_cpufreq_dev_data: Invalid or no boost freqs
03-28 23:04:50.743   872   872 E ThermalEngine: read_int_list_from_file: Read error -2.
03-28 23:04:50.743   872   872 E ThermalEngine: tmd_add_cpufreq_dev_data: Invalid or no boost freqs
03-28 23:04:50.743   874   898 W /vendor/bin/adsprpcd: vendor/qcom/proprietary/commonsys-intf/adsprpc/src/apps_std_imp.c:749: Warning: fopen returned 0x2 for file remote_heap_config.so. (No such file or directory)
03-28 23:04:50.744   872   872 E ThermalEngine: read_int_list_from_file: Read error -2.
03-28 23:04:50.744   872   872 E ThermalEngine: tmd_add_cpufreq_dev_data: Invalid or no boost freqs
03-28 23:04:50.747   872   872 E ThermalEngine: read_int_list_from_file: Read error -2.
03-28 23:04:50.747   872   872 E ThermalEngine: tmd_add_cpufreq_dev_data: Invalid or no boost freqs
03-28 23:04:50.749   872   872 E ThermalEngine: read_int_list_from_file: Read error -2.
03-28 23:04:50.749   872   872 E ThermalEngine: tmd_add_cpufreq_dev_data: Invalid or no boost freqs
03-28 23:04:50.751   872   872 E ThermalEngine: read_int_list_from_file: Read error -2.
03-28 23:04:50.751   872   872 E ThermalEngine: tmd_add_cpufreq_dev_data: Invalid or no boost freqs
03-28 23:04:50.752   874   898 W /vendor/bin/adsprpcd: vendor/qcom/proprietary/commonsys-intf/adsprpc/src/apps_std_imp.c:749: Warning: fopen returned 0x2 for file adsp_avs_config.acdb. (No such file or directory)
03-28 23:04:50.753   872   872 E ThermalEngine: read_int_list_from_file: Read error -2.
03-28 23:04:50.753   872   872 E ThermalEngine: tmd_add_cpufreq_dev_data: Invalid or no boost freqs
03-28 23:04:50.767   872   872 I ThermalEngine: tmd_init_cluster_devs: No clusters found
03-28 23:04:50.769   872   872 E ThermalEngine: Could not find npu cooling device
03-28 23:04:50.769   872   872 E ThermalEngine: tmd_init_npu_device: Invalid NPU level:-1.
03-28 23:04:50.769   872   872 E ThermalEngine: devices_init: Init NPU TMD failed -12
03-28 23:04:50.769   872   922 I ThermalEngine: ADSP thermal mitigation available.
03-28 23:04:50.770   872   922 I ThermalEngine: Mitigation:vdd_restriction[ADSP]:0 pending QMI request succeded
03-28 23:04:50.772   872   872 I ThermalEngine: vdd_rstr_init: Could not read /sys/module/msm_thermal/vdd_restriction/enabled
03-28 23:04:50.779     0     0 E firmware msadp: _request_firmware_load: firmware state wait timeout: rc = -2
03-28 23:04:50.779   874   898 W /vendor/bin/adsprpcd: vendor/qcom/proprietary/commonsys-intf/adsprpc/src/apps_std_imp.c:749: Warning: fopen returned 0x2 for file custom_sm_ecns_1.so.1. (No such file or directory)
03-28 23:04:50.779   872   872 E ThermalEngine: open/sys/class/power_supply/battery/system_temp_level failed2
03-28 23:04:50.779   872   872 E ThermalEngine: Unable to init battery charging mitigation to 0
03-28 23:04:50.779     0     0 W pil-q6v5-mss 4080000.qcom,mss: Debug policy not present - msadp. Continue.
03-28 23:04:50.779     0     0 I pil-q6v5-mss 4080000.qcom,mss: Loading MBA and DP (if present) from 0x0000000094800000 to 0x0000000094900000
03-28 23:04:50.779   874   898 W /vendor/bin/adsprpcd: vendor/qcom/proprietary/commonsys-intf/adsprpc/src/apps_std_imp.c:749: Warning: fopen returned 0x2 for file custom_sm_ecns_2.so.1. (No such file or directory)
03-28 23:04:50.780   872   872 I ThermalEngine: sensors_manager_init: Init
03-28 23:04:50.782   874   898 W /vendor/bin/adsprpcd: vendor/qcom/proprietary/commonsys-intf/adsprpc/src/apps_std_imp.c:749: Warning: fopen returned 0x2 for file custom_dm_ecns_1.so.1. (No such file or directory)
03-28 23:04:50.782   874   898 W /vendor/bin/adsprpcd: vendor/qcom/proprietary/commonsys-intf/adsprpc/src/apps_std_imp.c:749: Warning: fopen returned 0x2 for file custom_dm_ecns_2.so.1. (No such file or directory)
03-28 23:04:50.782   874   898 W /vendor/bin/adsprpcd: vendor/qcom/proprietary/commonsys-intf/adsprpc/src/apps_std_imp.c:749: Warning: fopen returned 0x2 for file custom_qm_ecns_1.so.1. (No such file or directory)
03-28 23:04:50.782   874   898 W /vendor/bin/adsprpcd: vendor/qcom/proprietary/commonsys-intf/adsprpc/src/apps_std_imp.c:749: Warning: fopen returned 0x2 for file custom_qm_ecns_2.so.1. (No such file or directory)
03-28 23:04:50.790   872   929 E ThermalEngine: socket creation success
03-28 23:04:50.811   900   900 I PerfDaemon: PerfDaemon is starting.
03-28 23:04:50.811   877   877 E Diag_Lib: qpLogDiagInit <== result : 1; log_write_mutex is Initialized
03-28 23:04:50.812   877   877 E VIMSVT  : VT-Vendor:: enableImsADB 0, log_priority value 240
03-28 23:04:50.812   877   877 E Diag_Lib: [IMS_AP_RTP]"RTPService callback Registraton"
03-28 23:04:50.814   877   877 I ServiceManagement: Registered vendor.qti.imsrtpservice@2.1::IRTPService/imsrtpservice (start delay of 204ms)
03-28 23:04:50.829     0     0 I pil-q6v5-mss 4080000.qcom,mss: MBA boot done
03-28 23:04:50.830   888   888 I mediaserver: ServiceManager: 0x758be1a580
03-28 23:04:50.831   872   872 E ThermalEngine: pid_init_data: ERROR Uknown device
03-28 23:04:50.831   872   872 E ThermalEngine: thermal_monitor_init_data: read camera_thermal_migitation=125000
03-28 23:04:50.842   872   872 I ThermalEngine: Loading config file for virtual sensor
03-28 23:04:50.842   872   872 I ThermalEngine: Loading configuration file /vendor/etc/thermal-engine.conf
03-28 23:04:50.847   872   872 I ThermalEngine: Parsing section global
03-28 23:04:50.847   872   872 E ThermalEngine: virtual_sensors_init: Error getting virtual sensors set
03-28 23:04:50.847   872   872 I ThermalEngine: Loading configuration file /vendor/etc/thermal-engine.conf
03-28 23:04:50.847   872   872 I ThermalEngine: Parsing section global
03-28 23:04:50.847   872   872 E ThermalEngine: sensors_manager_reg_clnt: Invalid sensor pop_mem.
03-28 23:04:50.847   872   872 E ThermalEngine: pid_algo_init: Sensor clnt create fail pop_mem
03-28 23:04:50.847   872   872 E ThermalEngine: sensors_manager_reg_clnt: Invalid sensor cpu3.
03-28 23:04:50.847   872   872 E ThermalEngine: pid_algo_init: Sensor clnt create fail cpu3
03-28 23:04:50.847   872   872 E ThermalEngine: sensors_manager_reg_clnt: Invalid sensor cpu2.
03-28 23:04:50.847   872   872 E ThermalEngine: pid_algo_init: Sensor clnt create fail cpu2
03-28 23:04:50.847   872   872 E ThermalEngine: sensors_manager_reg_clnt: Invalid sensor cpu1.
03-28 23:04:50.847   872   872 E ThermalEngine: pid_algo_init: Sensor clnt create fail cpu1
03-28 23:04:50.847   872   872 E ThermalEngine: sensors_manager_reg_clnt: Invalid sensor cpu0.
03-28 23:04:50.847   872   872 E ThermalEngine: pid_algo_init: Sensor clnt create fail cpu0
03-28 23:04:50.847   872   872 I ThermalEngine: pid_algo_init: No PID's to be configured.
03-28 23:04:50.847   872   872 I ThermalEngine: [CAMERA_SKIN_EXIT_MITIGATION]
03-28 23:04:50.847   872   872 I ThermalEngine: #algo_type monitor
03-28 23:04:50.847   872   872 I ThermalEngine: sampling 10000
03-28 23:04:50.847   872   872 I ThermalEngine: sensor quiet-therm-adc
03-28 23:04:50.847   872   872 I ThermalEngine: thresholds 125000
03-28 23:04:50.847   872   872 I ThermalEngine: thresholds_clr 45000
03-28 23:04:50.847   872   872 I ThermalEngine: actions camera+camcorder
03-28 23:04:50.847   872   872 I ThermalEngine: action_info 10+10
03-28 23:04:50.847   872   872 I ThermalEngine: ss_algo_init: No SS's configured.
03-28 23:04:50.847   872   872 E ThermalEngine: No speaker_cal config
03-28 23:04:50.866   960   960 I ssgqmigd: socket ANDROID_SOCKET_ssgqmig open success
03-28 23:04:50.866   960   960 I ssgqmigd: ssgqmigd uses 42
03-28 23:04:50.874   872   965 E ThermalEngine: open/sys/module/msm_thermal/parameters/enabled failed2
03-28 23:04:50.879   901   901 I ServiceManagement: Registered android.frameworks.stats@1.0::IStats/default (start delay of 189ms)
03-28 23:04:50.880   901   901 W statsd  : statscompanion service unavailable!
03-28 23:04:50.884   959   959 I CLD80211: /system/vendor/bin/cnss-daemon: initialized exit socket pair
03-28 23:04:50.884   959   959 I CLD80211: /system/vendor/bin/cnss-daemon: nlctrl family id: 16 group: svc_msgs mcast_id: 19
03-28 23:04:50.888   968   968 I /system/bin/tombstoned: tombstoned successfully initialized
03-28 23:04:50.888   913   913 I wificond: wificond is starting up...
03-28 23:04:50.899   959   959 I cnss-daemon: interop issues ap init successfully
03-28 23:04:50.899   959   959 I cnss-daemon:  cnss hang event handler init successfully
03-28 23:04:50.900   927   927 I ServiceManagement: Registered com.qualcomm.qti.dpm.api@1.0::IdpmQmi/dpmQmiService (start delay of 141ms)
03-28 23:04:50.903   901   901 I statsd  : Statsd starts to listen to socket.
03-28 23:04:50.903   900   900 D PerfDaemon: added vendor.perfservice to services and is now running.
03-28 23:04:50.903   959   959 E cnss-daemon: Couldn't resolve family id
03-28 23:04:50.903   959   959 E cnss-daemon: Failed to init genl between daemon and platform, continue
03-28 23:04:50.913   936   936 I KIT     : KIT firing up 1.08
03-28 23:04:50.914   936   936 E KIT     : LogMessageBuffer: Mon Mar 29 03:04:50 2021
03-28 23:04:50.914   936   936 E KIT     :  KIT firing up
03-28 23:04:50.914   936   936 E KIT     : 
03-28 23:04:50.934   926   926 E wifidisplayhal-service: Start with vendor binder
03-28 23:04:50.935   926   926 E wifidisplayhal-service: Registering wifidisplayhdcphal service...
03-28 23:04:50.940   887   887 I keystore: found android.hardware.keymaster@4.0::IKeymasterDevice with interface name default and seclevel TRUSTED_ENVIRONMENT
03-28 23:04:50.942   926   926 I ServiceManagement: Registered com.qualcomm.qti.wifidisplayhal@1.0::IHDCPSession/wifidisplayhdcphal (start delay of 182ms)
03-28 23:04:50.942   926   926 E wifidisplayhal-service: Registering wifidisplaydshal service...
03-28 23:04:50.944   926   926 I ServiceManagement: Registered com.qualcomm.qti.wifidisplayhal@1.0::IDSManager/wifidisplaydshal (start delay of 185ms)
03-28 23:04:50.954   476   476 I hwservicemanager: getTransport: Cannot find entry android.hardware.usb.gadget@1.0::IUsbGadget/default in either framework or device manifest.
--------- beginning of radio
03-28 23:04:50.967   919   919 D RILD    : **RIL Daemon Started**
03-28 23:04:50.967   919   919 D RILD    : **RILd param count=3**
03-28 23:04:50.969   979   979 I usbd    : Usb HAL not found
03-28 23:04:50.971   867   907 I adbd    : UsbFfsConnection constructed
03-28 23:04:50.972   923   923 E QCNEA   : Cne Version 4.9
03-28 23:04:50.972   887   887 I ServiceManagement: Registered android.system.wifi.keystore@1.0::IKeystore/default (start delay of 323ms)
03-28 23:04:50.998   919   919 D RILD    : RIL_Init argc = 3 clientId = 0
03-28 23:04:50.998   919   919 D RILC    : Quectel RIL Version: Quectel_Android_RIL_Driver_V3.3.4-0312
03-28 23:04:50.998   919   919 E RIL_READ_CONF: '/system/etc/ql-ril.conf' not exist.
03-28 23:04:51.000   912   993 W storaged: health: invalid battery status
03-28 23:04:51.000   919   919 D RIL_READ_CONF: original conf line: At_Cmds_For_Customer_Initialize=at+qgpscfg="gpsnmeatype",31;at+qgpscfg="glonassnmeatype",7;at+qgpscfg="beidounmeatype",3;at+qgpscfg="galileonmeatype",1;at+qgpscfg="gnssrawdata",1,0;AT+QNVW=5895,0,"01";AT+QNVW=7145,0,"00"
03-28 23:04:51.001   912   993 I ServiceManager: Waiting for service 'package_native' on '/dev/binder'...
03-28 23:04:51.001   919   919 D RIL_READ_CONF: original conf line: Query_Available_Networks=1
03-28 23:04:51.001   919   919 D RIL_READ_CONF: Query_Available_Networks = 1
03-28 23:04:51.001   919   919 E RILC    : '/vendor/manifest.xml' not exist.
03-28 23:04:51.001   919   919 D RILC    : t-prop_value is 2
03-28 23:04:51.001   919   919 D RILC    : before_dot is 10
03-28 23:04:51.001   919   919 D RILC    : [ro.build.version.release]: [10.0]
03-28 23:04:51.001   919   919 D RILC    : Android Version: 100, RIL_VERSION: 12 / 12
03-28 23:04:51.001   919   919 D RILC    : [ro.build.description]: [15in-I-Series-4-userdebug 10 QKQ1.201112.002 5.0.2+p debug,release-keys]
03-28 23:04:51.001   919   919 D RILC    : [ro.hardware]: [qcom]
03-28 23:04:51.001   919   919 D RILC    : selinux maybe set Enforcing mode, use command getenforce to check
03-28 23:04:51.001   919   919 D RILC    : selinux maybe set Enforcing mode, use command "setenforce 0" to disable
03-28 23:04:51.001   919   919 I RILC    : clientID = 0
03-28 23:04:51.009   892   892 I mediametrics: ServiceManager: 0x75dde12800
03-28 23:04:51.009   892   892 D MediaAnalyticsService: MediaAnalyticsService created
03-28 23:04:51.009   878   878 I imsrcsd : Uce Service HAL  loading imsrcsbaseimpl
03-28 23:04:51.016   967   967 I gatekeeperd: Starting gatekeeperd...
03-28 23:04:51.018   894   894 I mediaserver: ServiceManager: 0xea4232a0
03-28 23:04:51.018   894   894 W BatteryNotifier: batterystats service unavailable!
03-28 23:04:51.022   919  1001 I RILC    : mainLoop Start
03-28 23:04:51.026   894   894 W BatteryNotifier: batterystats service unavailable!
03-28 23:04:51.029   919  1001 E RILU    : cannot find ttyname for AT Port
03-28 23:04:51.029   919  1001 D RILC    : try to match pci
03-28 23:04:51.030   919  1001 D RILU    : find_pci_device is 0
03-28 23:04:51.030   919  1001 E RILU    : can not find ttyname for pci AT port
03-28 23:04:51.030   919  1001 D RILC    : PCI can't find at device
03-28 23:04:51.040   476   476 E SELinux : avc:  denied  { find } for interface=vendor.qti.hardware.slmadapter::ISlmAdapter sid=u:r:cnd:s0 pid=923 scontext=u:r:cnd:s0 tcontext=u:object_r:default_android_hwservice:s0 tclass=hwservice_manager permissive=0
03-28 23:04:51.040   476   476 I auditd  : avc:  denied  { find } for interface=vendor.qti.hardware.slmadapter::ISlmAdapter sid=u:r:cnd:s0 pid=923 scontext=u:r:cnd:s0 tcontext=u:object_r:default_android_hwservice:s0 tclass=hwservice_manager permissive=0
03-28 23:04:51.043   976   976 I update_engine: [0328/230451.043379:INFO:main.cc(181)] A/B Update Engine starting
03-28 23:04:51.045   606   606 D TetherController: Setting IP forward enable = 0
03-28 23:04:51.046   606   606 D FirewallController: Could not read /proc/self/uid_map, max uid defaulting to 4294967294
03-28 23:04:51.050   923   923 I ServiceManagement: Registered vendor.qti.hardware.data.latency@1.0::ILinkLatency/default (start delay of 311ms)
03-28 23:04:51.051     0     0 I android_work: did not send uevent (0 0 0000000000000000)
03-28 23:04:51.052   867   991 I adbd    : USB event: FUNCTIONFS_BIND
03-28 23:04:51.053   923   923 I ServiceManagement: Registered vendor.qti.data.factory@2.1::IFactory/default (start delay of 314ms)
03-28 23:04:51.055   976   976 I update_engine: [0328/230451.055083:INFO:boot_control_android.cc(76)] Loaded boot control hidl hal.
03-28 23:04:51.055   976   976 I update_engine: [0328/230451.055274:INFO:daemon_state_android.cc(43)] Booted in dev mode.
03-28 23:04:51.070     0     0 E SOH-D   : SOH file not exposed, disable SOH
03-28 23:04:51.071     0     0 E PPS     : Registered PPS
03-28 23:04:51.071     0     0 E HVDCP2  : Not valid charger for hvdcp2.
03-28 23:04:51.071     0     0 E hvdcpd  : Not valid charger for hvdcp3.
03-28 23:04:51.071     0     0 E THERM-BALANCE: Parallel PSY entry not found.
03-28 23:04:51.072     0     0 E STD-PD  : Registered STD_PD
03-28 23:04:51.072     0     0 E CP      : charge_pump missing
03-28 23:04:51.073     0     0 E CTM     : file connector_health does not exist in /sys/class/power_supply/usb/
03-28 23:04:51.073     0     0 E CTM     : Couldn't read connector_health from /sys/class/power_supply/parallel/
03-28 23:04:51.081   916   916 I media.codec: mediacodecservice starting
03-28 23:04:51.089   916   916 W media.codec: libminijail[916]: failed to get path of fd 4: No such file or directory
03-28 23:04:51.089   916   916 W media.codec: libminijail[916]: allowing syscall: clock_gettime
03-28 23:04:51.090   916   916 W media.codec: libminijail[916]: allowing syscall: connect
03-28 23:04:51.090   916   916 W media.codec: libminijail[916]: allowing syscall: fcntl64
03-28 23:04:51.090   916   916 W media.codec: libminijail[916]: allowing syscall: socket
03-28 23:04:51.090   916   916 W media.codec: libminijail[916]: allowing syscall: writev
03-28 23:04:51.090   650   650 E mm-camera: <SENSOR><ERROR> ov8856_gt24p64b_get_module_info: 77: EEPROM Version 1
03-28 23:04:51.090   650   650 E mm-camera: <SENSOR><ERROR> ov8856_gt24p64b_get_module_info: 86: EEPROM Manufacture date YYYY/MM/DD 2020/11/27 
03-28 23:04:51.090   650   650 E mm-camera: <SENSOR><ERROR> ov8856_gt24p64b_format_wbdata: 107: Enter
03-28 23:04:51.090   650   650 E mm-camera: <SENSOR><ERROR> ov8856_gt24p64b_format_wbdata: 121: WB : (4000K) r/gr = 0.500000
03-28 23:04:51.090   650   650 E mm-camera: <SENSOR><ERROR> ov8856_gt24p64b_format_wbdata: 122: WB : (4000K) b/gb = 0.816406
03-28 23:04:51.090   650   650 E mm-camera: <SENSOR><ERROR> ov8856_gt24p64b_format_wbdata: 123: WB : (4000K) gr/gb = 1.000978
03-28 23:04:51.090   650   650 E mm-camera: <SENSOR><ERROR> ov8856_gt24p64b_format_wbdata: 128: WB : (5000K) r/gr = 0.697266
03-28 23:04:51.090   650   650 E mm-camera: <SENSOR><ERROR> ov8856_gt24p64b_format_wbdata: 129: WB : (5000K) b/gb = 0.618164
03-28 23:04:51.090   650   650 E mm-camera: <SENSOR><ERROR> ov8856_gt24p64b_format_wbdata: 130: WB : (5000K) gr/gb = 1.003922
03-28 23:04:51.090   650   650 E mm-camera: <SENSOR><ERROR> ov8856_gt24p64b_format_wbdata: 183: Exit
03-28 23:04:51.090   650   650 E mm-camera: <SENSOR><ERROR> ov8856_gt24p64b_format_lensshading: 244: Enter
03-28 23:04:51.090   650   650 E mm-camera: <SENSOR><ERROR> ov8856_gt24p64b_format_lensshading: 300: Exit
03-28 23:04:51.090   650   650 E mm-camera: <SENSOR><ERROR> ov8856_gt24p64b_format_afdata: 202: Enter
03-28 23:04:51.090   650   650 E mm-camera: <SENSOR><ERROR> ov8856_gt24p64b_format_afdata: 223: AF : macro 335 infinity 170 (now starting DAC set to infinity)
03-28 23:04:51.090   650   650 E mm-camera: <SENSOR><ERROR> ov8856_gt24p64b_format_afdata: 224: Exit
03-28 23:04:51.090   650   650 E mm-camera: <SENSOR><ERROR> ov8856_gt24p64b_get_calibration_items: 30: is_insensor:0, is_afc:1, is_wbc:1, is_lsc:1, is_dpc:0, is_ois:0, is_dual:0
03-28 23:04:51.090   650   650 I mm-camera: <SENSOR>< INFO> 97: sensor_sysinfo_read: sysinfo:path /sys/module/msm_sensor_driver/parameters/module_vendor data default size 10
03-28 23:04:51.090   650   650 E mm-camera: <SENSOR><ERROR> 129: eeprom_af_add_margin: AF_infinity_dac:145, macro_dac:442
03-28 23:04:51.096   916   916 W media.codec: libminijail[916]: logging seccomp filter failures
03-28 23:04:51.099   606   606 I netd    : Creating child chains: 38.4ms
03-28 23:04:51.099   606   606 I netd    : Setting up OEM hooks: 0.3ms
03-28 23:04:51.099   606   606 I netd    : Setting up FirewallController hooks: 0.0ms
03-28 23:04:51.101   606   606 I netd    : Setting up TetherController hooks: 1.9ms
03-28 23:04:51.101   912   993 I ServiceManager: Waiting for service 'package_native' on '/dev/binder'...
03-28 23:04:51.101   878   878 I imsrcsd : Starting Service for First Time imsbaseimpl
03-28 23:04:51.103   606   606 I netd    : Setting up BandwidthController hooks: 2.2ms
03-28 23:04:51.103   606   606 I netd    : Setting up IdletimerController hooks: 0.1ms
03-28 23:04:51.105   878   878 I ServiceManagement: Registered com.qualcomm.qti.uceservice@2.2::IUceService/com.qualcomm.qti.uceservice (start delay of 484ms)
03-28 23:04:51.105   878   878 I imsrcsd : ImsRcsBaseImpl CM_IMSCONNECTIONMANAGER_CREATE_CONNECTION Before Registering Service
03-28 23:04:51.108   878   878 I ServiceManagement: Registered com.qualcomm.qti.imscmservice@2.2::IImsCmService/qti.ims.connectionmanagerservice (start delay of 488ms)
03-28 23:04:51.108   878   878 I imsrcsd : ImsRcsBaseImpl CM_IMSCONNECTIONMANAGER_CREATE_CONNECTION After Registering Service
03-28 23:04:51.108   878   878 E         : [IMS_COM] |ImsCom.cpp | 57 | | 878 |Com Fd: 7
03-28 23:04:51.108   878   878 E         : [IMS_COM] |ImsCom.cpp | 167 | | 878 |ImsCom::addComEventHandler(int 7, ComEventCallback 0x74a4557668, void* 0x0, ComCloseCallback 0x0, events 17) EX
03-28 23:04:51.108   878   878 E         : [IMS_COM] |ImsCom.cpp | 179 | | 878 |ImsCom::addComEventHandler epoll_ctl returns: 0
03-28 23:04:51.108   878   878 E         : [IMS_COM] |ImsCom.cpp | 60 | | 878 |ImsCom is ready. epollFd:6
03-28 23:04:51.108   878   878 E         : [IMS_COM] |ImsQmiSvc.cpp | 38 | | 878 |ImsQmiSvc[ImsQmiPrivate]:  
03-28 23:04:51.108   878   878 E         : [IMS_COM] |ImsQmiSvc.cpp | 41 | | 878 |ImsQmiSvc: qmiimssvcfd : 8 svcObj[xa455f008] 
03-28 23:04:51.108   878   878 E         : [IMS_COM] |ImsCom.cpp | 167 | | 878 |ImsCom::addComEventHandler(int 8, ComEventCallback 0x74a455c548, void* 0x74a501c000, ComCloseCallback 0x0, events 1) EX
03-28 23:04:51.108   878   878 E         : [IMS_COM] |ImsCom.cpp | 179 | | 878 |ImsCom::addComEventHandler epoll_ctl returns: 0
03-28 23:04:51.110   878   878 E         : [IMS_COM] |ImsQmiSvc.cpp | 121 | | 878 |ImsQmiSvc[ImsQmiPrivate]: registerForQmiSvcUp 
03-28 23:04:51.110   878   878 E         : [IMS_COM] |ImsQmiPrivate.cpp | 121 | | 878 |ImsQmiPrivate Xtor
03-28 23:04:51.110   878   878 E         : [IMS_COM] |ImsCom.cpp | 167 | | 878 |ImsCom::addComEventHandler(int 12, ComEventCallback 0x74a455a6e8, void* 0x74a501c000, ComCloseCallback 0x0, events 1) EX
03-28 23:04:51.110   878   878 E         : [IMS_COM] |ImsCom.cpp | 179 | | 878 |ImsCom::addComEventHandler epoll_ctl returns: 0
03-28 23:04:51.110   878   878 I         : ImsCallInfoService: Ctor[a500a180]
03-28 23:04:51.110   878   878 E         : [IMS_COM] |ImsQmiPrivate.cpp | 234 | | 878 |QMI IMS Private listener added 0x74a500a180
03-28 23:04:51.110   878   878 I         : ImsCallInfoService - <API SVC> registerServiceImpl: Registering for vendor.qti.ims.callinfo 
03-28 23:04:51.111   878   878 I ServiceManagement: Registered vendor.qti.ims.callinfo@1.0::IService/default (start delay of 491ms)
03-28 23:04:51.111   878   878 I imsrcsd : ImsRcsBaseImpl ImsCallInfo After Registering Service
03-28 23:04:51.112   606   606 I netd    : Setting up StrictController hooks: 8.3ms
03-28 23:04:51.112   606   606 I ClatdController: 4.9+ kernel and device shipped with Q+ - clat ebpf should work.
03-28 23:04:51.112   916   916 I SoftOMXPlugin: createOMXPlugin
03-28 23:04:51.112   606   606 I netd    : Initializing ClatdController: 0.3ms
03-28 23:04:51.112   916   916 I MediaCodecsXmlParser: getVendorXmlPath (/vendor/etc/media_codecs_vendor.xml)
03-28 23:04:51.112   916   916 D MediaCodecsXmlParser: parsing /vendor/etc/media_codecs_vendor.xml...
03-28 23:04:51.113   606   606 I netd    : Initializing traffic control: 1.1ms
03-28 23:04:51.113   878   878 I ServiceManagement: Registered vendor.qti.ims.factory@1.0::IImsFactory/default (start delay of 494ms)
03-28 23:04:51.114   878   878 I imsrcsd : ImsRcsBaseImpl : Successfully registered ImsFactory
03-28 23:04:51.114   916   916 D MediaCodecsXmlParser: parsing /vendor/etc/media_codecs_google_audio.xml...
03-28 23:04:51.120   606   606 I netd    : Enabling bandwidth control: 6.5ms
03-28 23:04:51.121   606   606 I netd    : Initializing RouteController: 1.7ms
03-28 23:04:51.121   606   606 D XfrmController: XfrmController::ipSecAddXfrmInterface, line=1379
03-28 23:04:51.122   606   606 D XfrmController: XfrmController::ipSecRemoveTunnelInterface, line=1592
03-28 23:04:51.122   606   606 D XfrmController: deviceName=ipsec_test
03-28 23:04:51.123   916   916 I MediaCodecsXmlParser: limit: max-channel-count = 2
03-28 23:04:51.123   916   916 I MediaCodecsXmlParser: limit: sample-rate-ranges = 8000,11025,12000,16000,22050,24000,32000,44100,48000
03-28 23:04:51.123   916   916 I MediaCodecsXmlParser: limit: bitrate-range = 8000-320000
03-28 23:04:51.123   916   916 I MediaCodecsXmlParser: limit: max-channel-count = 1
03-28 23:04:51.123   916   916 I MediaCodecsXmlParser: limit: sample-rate-ranges = 8000
03-28 23:04:51.123   916   916 I MediaCodecsXmlParser: limit: bitrate-range = 4750-12200
03-28 23:04:51.123   916   916 I MediaCodecsXmlParser: limit: max-channel-count = 1
03-28 23:04:51.123   916   916 I MediaCodecsXmlParser: limit: sample-rate-ranges = 16000
03-28 23:04:51.123   916   916 I MediaCodecsXmlParser: limit: bitrate-range = 6600-23850
03-28 23:04:51.123   916   916 I MediaCodecsXmlParser: limit: max-channel-count = 8
03-28 23:04:51.123   916   916 I MediaCodecsXmlParser: limit: sample-rate-ranges = 7350,8000,11025,12000,16000,22050,24000,32000,44100,48000
03-28 23:04:51.123   916   916 I MediaCodecsXmlParser: limit: bitrate-range = 8000-960000
03-28 23:04:51.124   916   916 I MediaCodecsXmlParser: limit: max-channel-count = 1
03-28 23:04:51.124   916   916 I MediaCodecsXmlParser: limit: sample-rate-ranges = 8000-48000
03-28 23:04:51.124   916   916 I MediaCodecsXmlParser: limit: bitrate-range = 64000
03-28 23:04:51.124   916   916 I MediaCodecsXmlParser: limit: max-channel-count = 1
03-28 23:04:51.124   916   916 I MediaCodecsXmlParser: limit: sample-rate-ranges = 8000-48000
03-28 23:04:51.124   916   916 I MediaCodecsXmlParser: limit: bitrate-range = 64000
03-28 23:04:51.124   916   916 I MediaCodecsXmlParser: limit: max-channel-count = 8
03-28 23:04:51.124   916   916 I MediaCodecsXmlParser: limit: sample-rate-ranges = 8000-96000
03-28 23:04:51.124   916   916 I MediaCodecsXmlParser: limit: bitrate-range = 32000-500000
03-28 23:04:51.124   916   916 I MediaCodecsXmlParser: limit: max-channel-count = 8
03-28 23:04:51.124   916   916 I MediaCodecsXmlParser: limit: sample-rate-ranges = 48000
03-28 23:04:51.124   916   916 I MediaCodecsXmlParser: limit: bitrate-range = 6000-510000
03-28 23:04:51.124   916   916 I MediaCodecsXmlParser: limit: max-channel-count = 8
03-28 23:04:51.124   916   916 I MediaCodecsXmlParser: limit: sample-rate-ranges = 8000-192000
03-28 23:04:51.124   916   916 I MediaCodecsXmlParser: limit: bitrate-range = 1-10000000
03-28 23:04:51.124   916   916 I MediaCodecsXmlParser: limit: max-channel-count = 8
03-28 23:04:51.124   916   916 I MediaCodecsXmlParser: limit: sample-rate-ranges = 1-655350
03-28 23:04:51.124   916   916 I MediaCodecsXmlParser: limit: bitrate-range = 1-21000000
03-28 23:04:51.124   916   916 I MediaCodecsXmlParser: limit: max-channel-count = 6
03-28 23:04:51.124   916   916 I MediaCodecsXmlParser: limit: sample-rate-ranges = 8000,11025,12000,16000,22050,24000,32000,44100,48000
03-28 23:04:51.124   916   916 I MediaCodecsXmlParser: limit: bitrate-range = 8000-960000
