03-28 23:04:51.160   916   916 I MediaCodecsXmlParser: limit: max-concurrent-instances = 16
03-28 23:04:51.160   916   916 I MediaCodecsXmlParser: limit: performance-point-720x480-range = 30-30
03-28 23:04:51.160   916   916 I MediaCodecsXmlParser: limit: size-range = 64x64-1920x1088
03-28 23:04:51.160   916   916 I MediaCodecsXmlParser: limit: alignment = 2x2
03-28 23:04:51.160   916   916 I MediaCodecsXmlParser: limit: block-size = 16x16
03-28 23:04:51.160   916   916 I MediaCodecsXmlParser: limit: blocks-per-second-range = 1-244800
03-28 23:04:51.160   916   916 I MediaCodecsXmlParser: limit: bitrate-range = 1-10000000
03-28 23:04:51.160   916   916 I MediaCodecsXmlParser: limit: feature-adaptive-playback = 0
03-28 23:04:51.160   916   916 I MediaCodecsXmlParser: limit: max-concurrent-instances = 16
03-28 23:04:51.160   916   916 I MediaCodecsXmlParser: limit: performance-point-1920x1088-range = 30-30
03-28 23:04:51.160   916   916 I MediaCodecsXmlParser: limit: size-range = 64x64-3840x2160
03-28 23:04:51.160   916   916 I MediaCodecsXmlParser: limit: alignment = 2x2
03-28 23:04:51.160   916   916 I MediaCodecsXmlParser: limit: block-size = 16x16
03-28 23:04:51.160   916   916 I MediaCodecsXmlParser: limit: blocks-per-second-range = 1-972000
03-28 23:04:51.160   916   916 I MediaCodecsXmlParser: limit: bitrate-range = 1-100000000
03-28 23:04:51.160   916   916 I MediaCodecsXmlParser: limit: feature-adaptive-playback = 0
03-28 23:04:51.160   916   916 I MediaCodecsXmlParser: limit: max-concurrent-instances = 16
03-28 23:04:51.160   916   916 I MediaCodecsXmlParser: limit: performance-point-3840x2160-range = 30-30
03-28 23:04:51.160   916   916 I MediaCodecsXmlParser: limit: size-range = 64x64-3840x2160
03-28 23:04:51.160   916   916 I MediaCodecsXmlParser: limit: alignment = 2x2
03-28 23:04:51.160   916   916 I MediaCodecsXmlParser: limit: block-size = 16x16
03-28 23:04:51.160   916   916 I MediaCodecsXmlParser: limit: blocks-per-second-range = 1-972000
03-28 23:04:51.160   916   916 I MediaCodecsXmlParser: limit: bitrate-range = 1-100000000
03-28 23:04:51.160   916   916 I MediaCodecsXmlParser: limit: feature-adaptive-playback = 0
03-28 23:04:51.160   916   916 I MediaCodecsXmlParser: limit: max-concurrent-instances = 16
03-28 23:04:51.160   916   916 I MediaCodecsXmlParser: limit: performance-point-3840x2160-range = 30-30
03-28 23:04:51.160   916   916 I MediaCodecsXmlParser: limit: size-range = 64x64-3840x2160
03-28 23:04:51.160   916   916 I MediaCodecsXmlParser: limit: alignment = 2x2
03-28 23:04:51.160   916   916 I MediaCodecsXmlParser: limit: block-size = 16x16
03-28 23:04:51.160   916   916 I MediaCodecsXmlParser: limit: blocks-per-second-range = 1-979200
03-28 23:04:51.160   916   916 I MediaCodecsXmlParser: limit: bitrate-range = 1-35000000
03-28 23:04:51.160   916   916 I MediaCodecsXmlParser: limit: frame-rate-range = 1-30
03-28 23:04:51.160   916   916 I MediaCodecsXmlParser: limit: feature-adaptive-playback = 0
03-28 23:04:51.160   916   916 I MediaCodecsXmlParser: limit: feature-secure-playback = 1
03-28 23:04:51.160   916   916 I MediaCodecsXmlParser: limit: max-concurrent-instances = 6
03-28 23:04:51.160   916   916 I MediaCodecsXmlParser: limit: performance-point-3840x2160-range = 30-30
03-28 23:04:51.160   916   916 I MediaCodecsXmlParser: limit: size-range = 64x64-3840x2160
03-28 23:04:51.160   916   916 I MediaCodecsXmlParser: limit: alignment = 2x2
03-28 23:04:51.160   916   916 I MediaCodecsXmlParser: limit: block-size = 16x16
03-28 23:04:51.160   916   916 I MediaCodecsXmlParser: limit: blocks-per-second-range = 1-972000
03-28 23:04:51.160   916   916 I MediaCodecsXmlParser: limit: bitrate-range = 1-100000000
03-28 23:04:51.160   916   916 I MediaCodecsXmlParser: limit: feature-adaptive-playback = 0
03-28 23:04:51.160   916   916 I MediaCodecsXmlParser: limit: max-concurrent-instances = 16
03-28 23:04:51.161   916   916 I MediaCodecsXmlParser: limit: performance-point-3840x2160-range = 30-30
03-28 23:04:51.161   916   916 I MediaCodecsXmlParser: limit: size-range = 64x64-3840x2160
03-28 23:04:51.161   916   916 I MediaCodecsXmlParser: limit: alignment = 2x2
03-28 23:04:51.161   916   916 I MediaCodecsXmlParser: limit: block-size = 16x16
03-28 23:04:51.161   916   916 I MediaCodecsXmlParser: limit: blocks-per-second-range = 1-972000
03-28 23:04:51.161   916   916 I MediaCodecsXmlParser: limit: bitrate-range = 1-35000000
03-28 23:04:51.161   916   916 I MediaCodecsXmlParser: limit: feature-adaptive-playback = 0
03-28 23:04:51.161   916   916 I MediaCodecsXmlParser: limit: feature-secure-playback = 1
03-28 23:04:51.161   916   916 I MediaCodecsXmlParser: limit: max-concurrent-instances = 6
03-28 23:04:51.161   916   916 I MediaCodecsXmlParser: limit: performance-point-3840x2160-range = 30-30
03-28 23:04:51.161   916   916 D MediaCodecsXmlParser: parsing /vendor/etc/media_codecs_google_video.xml...
03-28 23:04:51.161   916   916 I MediaCodecsXmlParser: limit: size-range = 2x2-352x288
03-28 23:04:51.161   916   916 I MediaCodecsXmlParser: limit: alignment = 2x2
03-28 23:04:51.161   916   916 I MediaCodecsXmlParser: limit: block-size = 16x16
03-28 23:04:51.161   916   916 I MediaCodecsXmlParser: limit: blocks-per-second-range = 12-11880
03-28 23:04:51.161   916   916 I MediaCodecsXmlParser: limit: bitrate-range = 1-384000
03-28 23:04:51.161   916   916 I MediaCodecsXmlParser: limit: feature-adaptive-playback = 0
03-28 23:04:51.161   916   916 I MediaCodecsXmlParser: limit: size-range = 2x2-352x288
03-28 23:04:51.161   916   916 I MediaCodecsXmlParser: limit: alignment = 2x2
03-28 23:04:51.161   916   916 I MediaCodecsXmlParser: limit: bitrate-range = 1-384000
03-28 23:04:51.161   916   916 I MediaCodecsXmlParser: limit: feature-adaptive-playback = 0
03-28 23:04:51.161   916   916 I MediaCodecsXmlParser: limit: size-range = 2x2-4080x4080
03-28 23:04:51.161   916   916 I MediaCodecsXmlParser: limit: alignment = 2x2
03-28 23:04:51.161   916   916 I MediaCodecsXmlParser: limit: block-size = 16x16
03-28 23:04:51.161   916   916 I MediaCodecsXmlParser: limit: block-count-range = 1-32768
03-28 23:04:51.161   916   916 I MediaCodecsXmlParser: limit: blocks-per-second-range = 1-1966080
03-28 23:04:51.161   916   916 I MediaCodecsXmlParser: limit: bitrate-range = 1-48000000
03-28 23:04:51.161   916   916 I MediaCodecsXmlParser: limit: feature-adaptive-playback = 0
03-28 23:04:51.161   916   916 I MediaCodecsXmlParser: limit: size-range = 2x2-4096x4096
03-28 23:04:51.161   916   916 I MediaCodecsXmlParser: limit: alignment = 2x2
03-28 23:04:51.161   916   916 I MediaCodecsXmlParser: limit: block-size = 8x8
03-28 23:04:51.161   916   916 I MediaCodecsXmlParser: limit: block-count-range = 1-196608
03-28 23:04:51.161   916   916 I MediaCodecsXmlParser: limit: blocks-per-second-range = 1-2000000
03-28 23:04:51.161   916   916 I MediaCodecsXmlParser: limit: bitrate-range = 1-10000000
03-28 23:04:51.161   916   916 I MediaCodecsXmlParser: limit: feature-adaptive-playback = 0
03-28 23:04:51.161   916   916 I MediaCodecsXmlParser: limit: size-range = 2x2-2048x2048
03-28 23:04:51.161   916   916 I MediaCodecsXmlParser: limit: alignment = 2x2
03-28 23:04:51.161   916   916 I MediaCodecsXmlParser: limit: block-size = 16x16
03-28 23:04:51.161   916   916 I MediaCodecsXmlParser: limit: block-count-range = 1-16384
03-28 23:04:51.161   916   916 I MediaCodecsXmlParser: limit: blocks-per-second-range = 1-1000000
03-28 23:04:51.161   916   916 I MediaCodecsXmlParser: limit: bitrate-range = 1-40000000
03-28 23:04:51.161   916   916 I MediaCodecsXmlParser: limit: feature-adaptive-playback = 0
03-28 23:04:51.161   916   916 I MediaCodecsXmlParser: limit: size-range = 2x2-2048x2048
03-28 23:04:51.161   916   916 I MediaCodecsXmlParser: limit: alignment = 2x2
03-28 23:04:51.161   916   916 I MediaCodecsXmlParser: limit: block-size = 16x16
03-28 23:04:51.161   916   916 I MediaCodecsXmlParser: limit: block-count-range = 1-16384
03-28 23:04:51.161   916   916 I MediaCodecsXmlParser: limit: blocks-per-second-range = 1-500000
03-28 23:04:51.161   916   916 I MediaCodecsXmlParser: limit: bitrate-range = 1-40000000
03-28 23:04:51.161   916   916 I MediaCodecsXmlParser: limit: feature-adaptive-playback = 0
03-28 23:04:51.161   916   916 I MediaCodecsXmlParser: limit: size-range = 176x144-176x144
03-28 23:04:51.161   916   916 I MediaCodecsXmlParser: limit: alignment = 16x16
03-28 23:04:51.161   916   916 I MediaCodecsXmlParser: limit: bitrate-range = 1-128000
03-28 23:04:51.161   916   916 I MediaCodecsXmlParser: limit: size-range = 16x16-2048x2048
03-28 23:04:51.161   916   916 I MediaCodecsXmlParser: limit: alignment = 2x2
03-28 23:04:51.161   916   916 I MediaCodecsXmlParser: limit: block-size = 16x16
03-28 23:04:51.161   916   916 I MediaCodecsXmlParser: limit: block-count-range = 1-8192
03-28 23:04:51.161   916   916 I MediaCodecsXmlParser: limit: blocks-per-second-range = 1-245760
03-28 23:04:51.161   916   916 I MediaCodecsXmlParser: limit: bitrate-range = 1-12000000
03-28 23:04:51.161   916   916 I MediaCodecsXmlParser: limit: feature-intra-refresh = 0
03-28 23:04:51.161   916   916 I MediaCodecsXmlParser: limit: size-range = 16x16-176x144
03-28 23:04:51.161   916   916 I MediaCodecsXmlParser: limit: alignment = 16x16
03-28 23:04:51.161   916   916 I MediaCodecsXmlParser: limit: block-size = 16x16
03-28 23:04:51.161   916   916 I MediaCodecsXmlParser: limit: blocks-per-second-range = 12-1485
03-28 23:04:51.161   916   916 I MediaCodecsXmlParser: limit: bitrate-range = 1-64000
03-28 23:04:51.161   916   916 I MediaCodecsXmlParser: limit: size-range = 2x2-2048x2048
03-28 23:04:51.161   916   916 I MediaCodecsXmlParser: limit: alignment = 2x2
03-28 23:04:51.161   916   916 I MediaCodecsXmlParser: limit: block-size = 16x16
03-28 23:04:51.161   916   916 I MediaCodecsXmlParser: limit: block-count-range = 1-16384
03-28 23:04:51.161   916   916 I MediaCodecsXmlParser: limit: bitrate-range = 1-40000000
03-28 23:04:51.161   916   916 I MediaCodecsXmlParser: limit: feature-bitrate-modes = VBR,CBR
03-28 23:04:51.161   916   916 I MediaCodecsXmlParser: limit: size-range = 2x2-2048x2048
03-28 23:04:51.161   916   916 I MediaCodecsXmlParser: limit: alignment = 2x2
03-28 23:04:51.161   916   916 I MediaCodecsXmlParser: limit: block-size = 16x16
03-28 23:04:51.161   916   916 I MediaCodecsXmlParser: limit: block-count-range = 1-3600
03-28 23:04:51.161   916   916 I MediaCodecsXmlParser: limit: bitrate-range = 1-40000000
03-28 23:04:51.161   916   916 I MediaCodecsXmlParser: limit: feature-bitrate-modes = VBR,CBR
03-28 23:04:51.162   916   916 I MediaCodecsXmlParser: getVendorXmlPath (/vendor/etc/media_codecs_performance.xml)
03-28 23:04:51.162   916   916 D MediaCodecsXmlParser: parsing /vendor/etc/media_codecs_performance.xml...
03-28 23:04:51.162   916   916 I MediaCodecsXmlParser: limit: measured-frame-rate-320x240-range = 388-392
03-28 23:04:51.162   916   916 I MediaCodecsXmlParser: limit: measured-frame-rate-720x480-range = 80-90
03-28 23:04:51.162   916   916 I MediaCodecsXmlParser: limit: measured-frame-rate-1280x720-range = 32-37
03-28 23:04:51.162   916   916 I MediaCodecsXmlParser: limit: measured-frame-rate-1920x1080-range = 40-40
03-28 23:04:51.162   916   916 I MediaCodecsXmlParser: limit: measured-frame-rate-320x240-range = 226-226
03-28 23:04:51.162   916   916 I MediaCodecsXmlParser: limit: measured-frame-rate-720x480-range = 121-121
03-28 23:04:51.162   916   916 I MediaCodecsXmlParser: limit: measured-frame-rate-1280x720-range = 49-49
03-28 23:04:51.162   916   916 I MediaCodecsXmlParser: limit: measured-frame-rate-1920x1080-range = 16-45
03-28 23:04:51.162   916   916 I MediaCodecsXmlParser: limit: measured-frame-rate-3840x2160-range = 13-26
03-28 23:04:51.162   916   916 I MediaCodecsXmlParser: limit: measured-frame-rate-176x144-range = 517-521
03-28 23:04:51.162   916   916 I MediaCodecsXmlParser: limit: measured-frame-rate-352x288-range = 261-261
03-28 23:04:51.162   916   916 I MediaCodecsXmlParser: limit: measured-frame-rate-176x144-range = 515-518
03-28 23:04:51.162   916   916 I MediaCodecsXmlParser: limit: measured-frame-rate-352x288-range = 263-263
03-28 23:04:51.162   916   916 I MediaCodecsXmlParser: limit: measured-frame-rate-640x480-range = 144-144
03-28 23:04:51.162   916   916 I MediaCodecsXmlParser: limit: measured-frame-rate-320x180-range = 312-312
03-28 23:04:51.162   916   916 I MediaCodecsXmlParser: limit: measured-frame-rate-640x360-range = 175-174
03-28 23:04:51.162   916   916 I MediaCodecsXmlParser: limit: measured-frame-rate-1280x720-range = 30-40
03-28 23:04:51.162   916   916 I MediaCodecsXmlParser: limit: measured-frame-rate-1920x1080-range = 20-25
03-28 23:04:51.162   916   916 I MediaCodecsXmlParser: limit: measured-frame-rate-320x240-range = 185-185
03-28 23:04:51.162   916   916 I MediaCodecsXmlParser: limit: measured-frame-rate-720x480-range = 87-87
03-28 23:04:51.162   916   916 I MediaCodecsXmlParser: limit: measured-frame-rate-1280x720-range = 45-45
03-28 23:04:51.162   916   916 I MediaCodecsXmlParser: limit: measured-frame-rate-1920x1080-range = 28-28
03-28 23:04:51.162   916   916 D MediaCodecsXmlParser: MediaCodec: cannot update non-existing codec at line 57 of /vendor/etc/media_codecs_performance.xml
03-28 23:04:51.162   916   916 I MediaCodecsXmlParser: limit: measured-frame-rate-176x144-range = 350-365
03-28 23:04:51.162   916   916 D MediaCodecsXmlParser: MediaCodec: cannot update non-existing codec at line 66 of /vendor/etc/media_codecs_performance.xml
03-28 23:04:51.162   916   916 I MediaCodecsXmlParser: limit: measured-frame-rate-176x144-range = 385-385
03-28 23:04:51.162   916   916 D MediaCodecsXmlParser: MediaCodec: cannot update non-existing codec at line 72 of /vendor/etc/media_codecs_performance.xml
03-28 23:04:51.162   916   916 D MediaCodecsXmlParser: MediaCodec: cannot update non-existing codec at line 75 of /vendor/etc/media_codecs_performance.xml
03-28 23:04:51.162   916   916 I MediaCodecsXmlParser: limit: measured-frame-rate-320x180-range = 100-120
03-28 23:04:51.162   916   916 I MediaCodecsXmlParser: limit: measured-frame-rate-640x360-range = 45-50
03-28 23:04:51.162   916   916 I MediaCodecsXmlParser: limit: measured-frame-rate-1280x720-range = 30-35
03-28 23:04:51.162   916   916 I MediaCodecsXmlParser: limit: measured-frame-rate-1920x1080-range = 20-30
03-28 23:04:51.162   916   916 I MediaCodecsXmlParser: limit: measured-frame-rate-320x180-range = 140-180
03-28 23:04:51.162   916   916 I MediaCodecsXmlParser: limit: measured-frame-rate-640x360-range = 45-60
03-28 23:04:51.162   916   916 I MediaCodecsXmlParser: limit: measured-frame-rate-1280x720-range = 12-15
03-28 23:04:51.162   916   916 D MediaCodecsXmlParser: MediaCodec: cannot update non-existing codec at line 90 of /vendor/etc/media_codecs_performance.xml
03-28 23:04:51.162   916   916 I MediaCodecsXmlParser: limit: measured-frame-rate-320x240-range = 555-566
03-28 23:04:51.162   916   916 I MediaCodecsXmlParser: limit: measured-frame-rate-720x480-range = 239-239
03-28 23:04:51.162   916   916 I MediaCodecsXmlParser: limit: measured-frame-rate-1280x720-range = 197-197
03-28 23:04:51.162   916   916 I MediaCodecsXmlParser: limit: measured-frame-rate-1920x1088-range = 198-199
03-28 23:04:51.162   916   916 I MediaCodecsXmlParser: limit: measured-frame-rate-352x288-range = 650-655
03-28 23:04:51.162   916   916 I MediaCodecsXmlParser: limit: measured-frame-rate-640x360-range = 395-398
03-28 23:04:51.162   916   916 I MediaCodecsXmlParser: limit: measured-frame-rate-720x480-range = 300-304
03-28 23:04:51.162   916   916 I MediaCodecsXmlParser: limit: measured-frame-rate-1280x720-range = 241-241
03-28 23:04:51.162   916   916 I MediaCodecsXmlParser: limit: measured-frame-rate-1920x1088-range = 224-226
03-28 23:04:51.162   916   916 I MediaCodecsXmlParser: limit: measured-frame-rate-3840x2160-range = 30-40
03-28 23:04:51.162   916   916 I MediaCodecsXmlParser: limit: measured-frame-rate-176x144-range = 890-898
03-28 23:04:51.162   916   916 I MediaCodecsXmlParser: limit: measured-frame-rate-352x288-range = 840-850
03-28 23:04:51.163   916   916 I MediaCodecsXmlParser: limit: measured-frame-rate-176x144-range = 850-875
03-28 23:04:51.163   916   916 I MediaCodecsXmlParser: limit: measured-frame-rate-480x360-range = 766-794
03-28 23:04:51.163   916   916 I MediaCodecsXmlParser: limit: measured-frame-rate-320x180-range = 680-696
03-28 23:04:51.163   916   916 I MediaCodecsXmlParser: limit: measured-frame-rate-640x360-range = 400-415
03-28 23:04:51.163   916   916 I MediaCodecsXmlParser: limit: measured-frame-rate-1280x720-range = 350-358
03-28 23:04:51.163   916   916 I MediaCodecsXmlParser: limit: measured-frame-rate-1920x1080-range = 199-199
03-28 23:04:51.163   916   916 I MediaCodecsXmlParser: limit: measured-frame-rate-320x180-range = 500-524
03-28 23:04:51.163   916   916 I MediaCodecsXmlParser: limit: measured-frame-rate-640x360-range = 360-366
03-28 23:04:51.163   916   916 I MediaCodecsXmlParser: limit: measured-frame-rate-1280x720-range = 190-210
03-28 23:04:51.163   916   916 I MediaCodecsXmlParser: limit: measured-frame-rate-1920x1080-range = 170-190
03-28 23:04:51.163   916   916 I MediaCodecsXmlParser: limit: measured-frame-rate-3840x2160-range = 48-48
03-28 23:04:51.163   916   916 I MediaCodecsXmlParser: limit: measured-frame-rate-320x240-range = 320-350
03-28 23:04:51.163   916   916 I MediaCodecsXmlParser: limit: measured-frame-rate-720x480-range = 100-130
03-28 23:04:51.163   916   916 I MediaCodecsXmlParser: limit: measured-frame-rate-1280x720-range = 50-58
03-28 23:04:51.163   916   916 I MediaCodecsXmlParser: limit: measured-frame-rate-1920x1080-range = 20-30
03-28 23:04:51.163   916   916 D MediaCodecsXmlParser: MediaCodec: cannot update non-existing codec at line 139 of /vendor/etc/media_codecs_performance.xml
03-28 23:04:51.163   916   916 I MediaCodecsXmlParser: limit: measured-frame-rate-352x288-range = 458-458
03-28 23:04:51.163   916   916 I MediaCodecsXmlParser: limit: measured-frame-rate-640x360-range = 210-215
03-28 23:04:51.163   916   916 I MediaCodecsXmlParser: limit: measured-frame-rate-720x480-range = 120-125
03-28 23:04:51.163   916   916 I MediaCodecsXmlParser: limit: measured-frame-rate-1280x720-range = 70-85
03-28 23:04:51.163   916   916 I MediaCodecsXmlParser: limit: measured-frame-rate-1920x1080-range = 45-48
03-28 23:04:51.163   916   916 D MediaCodecsXmlParser: MediaCodec: cannot update non-existing codec at line 152 of /vendor/etc/media_codecs_performance.xml
03-28 23:04:51.163   916   916 I MediaCodecsXmlParser: limit: measured-frame-rate-176x144-range = 190-210
03-28 23:04:51.163   916   916 I MediaCodecsXmlParser: limit: measured-frame-rate-352x288-range = 170-182
03-28 23:04:51.163   916   916 D MediaCodecsXmlParser: MediaCodec: cannot update non-existing codec at line 163 of /vendor/etc/media_codecs_performance.xml
03-28 23:04:51.163   916   916 I MediaCodecsXmlParser: limit: measured-frame-rate-320x240-range = 575-580
03-28 23:04:51.163   916   916 I MediaCodecsXmlParser: limit: measured-frame-rate-640x360-range = 200-220
03-28 23:04:51.163   916   916 I MediaCodecsXmlParser: limit: measured-frame-rate-1280x720-range = 45-55
03-28 23:04:51.163   916   916 I MediaCodecsXmlParser: limit: measured-frame-rate-1920x1080-range = 18-22
03-28 23:04:51.163   916   916 D MediaCodecsXmlParser: MediaCodec: cannot update non-existing codec at line 173 of /vendor/etc/media_codecs_performance.xml
03-28 23:04:51.163   916   916 I MediaCodecsXmlParser: limit: measured-frame-rate-320x240-range = 580-604
03-28 23:04:51.163   916   916 I MediaCodecsXmlParser: limit: measured-frame-rate-640x360-range = 180-185
03-28 23:04:51.163   916   916 I MediaCodecsXmlParser: limit: measured-frame-rate-1280x720-range = 88-92
03-28 23:04:51.163   916   916 I MediaCodecsXmlParser: limit: measured-frame-rate-1920x1080-range = 47-52
03-28 23:04:51.163   916   916 D MediaCodecsXmlParser: MediaCodec: cannot update non-existing codec at line 185 of /vendor/etc/media_codecs_performance.xml
03-28 23:04:51.163   916   916 I MediaCodecsXmlParser: limit: measured-frame-rate-176x144-range = 380-400
03-28 23:04:51.163   916   916 D MediaCodecsXmlParser: MediaCodec: cannot update non-existing codec at line 197 of /vendor/etc/media_codecs_performance.xml
03-28 23:04:51.163   916   916 D MediaCodecsXmlParser: Cannot find /data/misc/media/media_codecs_profiling_results.xml
03-28 23:04:51.164   916   916 I OmxStore: node [OMX.qcom.video.decoder.mpeg2.secure] not found in IOmx
03-28 23:04:51.164   889   889 V MediaUtils: physMem: 3812380672
03-28 23:04:51.164   889   889 V MediaUtils: requested limit: 762476120
03-28 23:04:51.165   889   889 I libc    : malloc_limit: Allocation limit enabled, max size 762476120 bytes
03-28 23:04:51.167   916   916 I ServiceManagement: Registered android.hardware.media.omx@1.0::IOmxStore/default (start delay of 438ms)
03-28 23:04:51.167   916   916 I ServiceManagement: Removing namespace from process name android.hardware.media.omx@1.0-service to omx@1.0-service.
03-28 23:04:51.171   889   889 W mediaextractor: libminijail[889]: failed to get path of fd 4: No such file or directory
03-28 23:04:51.171   889   889 W mediaextractor: libminijail[889]: allowing syscall: connect
03-28 23:04:51.172   889   889 W mediaextractor: libminijail[889]: allowing syscall: fcntl
03-28 23:04:51.172   889   889 W mediaextractor: libminijail[889]: allowing syscall: sendto
03-28 23:04:51.172   889   889 W mediaextractor: libminijail[889]: allowing syscall: socket
03-28 23:04:51.172   889   889 W mediaextractor: libminijail[889]: allowing syscall: writev
03-28 23:04:51.172   650   650 E mm-camera: <IFACE ><ERROR> 318: iface_discover_subdev_nodes: iface_discover_subdev_nodes:318 entity name video1 type 10001 group id 0
03-28 23:04:51.172   650   650 E mm-camera: <IFACE ><ERROR> 318: iface_discover_subdev_nodes: iface_discover_subdev_nodes:318 entity name v4l-subdev0 type 10f0a group id 0
03-28 23:04:51.172   650   650 E mm-camera: <IFACE ><ERROR> 318: iface_discover_subdev_nodes: iface_discover_subdev_nodes:318 entity name v4l-subdev1 type 10f00 group id 0
03-28 23:04:51.172   650   650 E mm-camera: <IFACE ><ERROR> 318: iface_discover_subdev_nodes: iface_discover_subdev_nodes:318 entity name v4l-subdev2 type 10f00 group id 0
03-28 23:04:51.172   650   650 E mm-camera: <IFACE ><ERROR> 318: iface_discover_subdev_nodes: iface_discover_subdev_nodes:318 entity name v4l-subdev3 type 10f00 group id 0
03-28 23:04:51.172   650   650 E mm-camera: <IFACE ><ERROR> 318: iface_discover_subdev_nodes: iface_discover_subdev_nodes:318 entity name v4l-subdev4 type 10f0d group id 0
03-28 23:04:51.172   650   650 E mm-camera: <IFACE ><ERROR> 318: iface_discover_subdev_nodes: iface_discover_subdev_nodes:318 entity name v4l-subdev5 type 10f0d group id 0
03-28 23:04:51.172   650   650 E mm-camera: <IFACE ><ERROR> 318: iface_discover_subdev_nodes: iface_discover_subdev_nodes:318 entity name v4l-subdev6 type 10f0d group id 0
03-28 23:04:51.172   650   650 E mm-camera: <IFACE ><ERROR> 318: iface_discover_subdev_nodes: iface_discover_subdev_nodes:318 entity name v4l-subdev7 type 10f0d group id 0
03-28 23:04:51.172   650   650 E mm-camera: <IFACE ><ERROR> 318: iface_discover_subdev_nodes: iface_discover_subdev_nodes:318 entity name v4l-subdev8 type 10f07 group id 0
03-28 23:04:51.172   650   650 E mm-camera: <IFACE ><ERROR> 318: iface_discover_subdev_nodes: iface_discover_subdev_nodes:318 entity name v4l-subdev9 type 10f08 group id 0
03-28 23:04:51.172   650   650 E mm-camera: <IFACE ><ERROR> 318: iface_discover_subdev_nodes: iface_discover_subdev_nodes:318 entity name v4l-subdev10 type 10f0e group id 0
03-28 23:04:51.172   650   650 E mm-camera: <IFACE ><ERROR> 318: iface_discover_subdev_nodes: iface_discover_subdev_nodes:318 entity name v4l-subdev11 type 10f09 group id 0
03-28 23:04:51.172   650   650 E mm-camera: <IFACE ><ERROR> 318: iface_discover_subdev_nodes: iface_discover_subdev_nodes:318 entity name v4l-subdev12 type 10f03 group id 0
03-28 23:04:51.172   650   650 E mm-camera: <IFACE ><ERROR> 318: iface_discover_subdev_nodes: iface_discover_subdev_nodes:318 entity name v4l-subdev13 type 10f03 group id 0
03-28 23:04:51.172   650   650 E mm-camera: <IFACE ><ERROR> 318: iface_discover_subdev_nodes: iface_discover_subdev_nodes:318 entity name v4l-subdev14 type 10f02 group id 0
03-28 23:04:51.172   650   650 E mm-camera: <IFACE ><ERROR> 318: iface_discover_subdev_nodes: iface_discover_subdev_nodes:318 entity name v4l-subdev15 type 10f01 group id 0
03-28 23:04:51.172   650   650 E mm-camera: <IFACE ><ERROR> 318: iface_discover_subdev_nodes: iface_discover_subdev_nodes:318 entity name v4l-subdev16 type 10f06 group id 0
03-28 23:04:51.174   889   889 W mediaextractor: libminijail[889]: logging seccomp filter failures
03-28 23:04:51.183   650   650 I mm-camera: <ISP   >< INFO> 4088: isp_resource_get_isp_hw_limit: isp hw limit 0
03-28 23:04:51.193  1028  1028 E Diag_Lib: qpLogDiagInit <== result : 1
03-28 23:04:51.193  1028  1028 E Diag_Lib: DATAD : gIsQXDMDisabled 0, gIsADBDisabled 1, gIsDebugDisabled 0, gIsIMSLogsDisabled 0
03-28 23:04:51.193  1028  1028 E Diag_Lib: [IMS_DataD] imsdatad.c | 6232 | | 1028 |DATAD#$$#0#DATAD STARTED
03-28 23:04:51.194     0     0 E [RMNET:HI] rmnet_config_notify_cb(): Kernel is trying to unregister ipsec_test
03-28 23:04:51.194   606   606 D XfrmController: Sending Netlink XFRM Message: XFRM_MSG_FLUSHSA
03-28 23:04:51.194   606   606 D XfrmController: Sending Netlink XFRM Message: XFRM_MSG_FLUSHPOLICY
03-28 23:04:51.194   606   606 I netd    : Initializing XfrmController: 72.9ms
03-28 23:04:51.197   606   606 I libnetd_resolv: resolv_init: Initializing resolver
03-28 23:04:51.198   949   949 I /apex/com.android.media.swcodec/bin/mediaswcodec: media swcodec service starting
03-28 23:04:51.200   606   606 D MDnsDS  : MDnsSdListener::Hander starting up
03-28 23:04:51.200   949   949 W /apex/com.android.media.swcodec/bin/mediaswcodec: Could not read additional policy file '/vendor/etc/seccomp_policy/mediaswcodec.policy'
03-28 23:04:51.201   949   949 W /apex/com.android.media.swcodec/bin/mediaswcodec: libminijail[949]: failed to get path of fd 4: No such file or directory
03-28 23:04:51.201   949   949 W /apex/com.android.media.swcodec/bin/mediaswcodec: libminijail[949]: allowing syscall: connect
03-28 23:04:51.201   949   949 W /apex/com.android.media.swcodec/bin/mediaswcodec: libminijail[949]: allowing syscall: fcntl
03-28 23:04:51.201   949   949 W /apex/com.android.media.swcodec/bin/mediaswcodec: libminijail[949]: allowing syscall: sendto
03-28 23:04:51.201   949   949 W /apex/com.android.media.swcodec/bin/mediaswcodec: libminijail[949]: allowing syscall: socket
03-28 23:04:51.201   949   949 W /apex/com.android.media.swcodec/bin/mediaswcodec: libminijail[949]: allowing syscall: writev
03-28 23:04:51.201   606   606 I netd    : Registering NetdNativeService: 0.3ms
03-28 23:04:51.201   949   949 W /apex/com.android.media.swcodec/bin/mediaswcodec: libminijail[949]: logging seccomp filter failures
03-28 23:04:51.202   949   949 I CodecServiceRegistrant: Creating software Codec2 service...
03-28 23:04:51.202   912   993 I ServiceManager: Waiting for service 'package_native' on '/dev/binder'...
03-28 23:04:51.203   606  1057 D MDnsDS  : MDnsSdListener starting to monitor
03-28 23:04:51.203   606  1057 D MDnsDS  : Going to poll with pollCount 1
03-28 23:04:51.205   949   949 I ServiceManagement: Registered android.hardware.media.c2@1.0::IComponentStore/software (start delay of 395ms)
03-28 23:04:51.205   949   949 I CodecServiceRegistrant: Software Codec2 service created.
03-28 23:04:51.207   606   606 I ServiceManagement: Registered android.system.net.netd@1.1::INetd/default (start delay of 2208ms)
03-28 23:04:51.207   606   606 I netd    : Registering NetdHwService: 6.6ms
03-28 23:04:51.208   606   606 I netd    : Netd started in 2095ms
03-28 23:04:51.220  1044  1044 W libc    : Unable to set property "qemu.hw.mainkeys" to "0": error code: 0x18
03-28 23:04:51.240     0     0 I android_work: sent uevent USB_STATE=CONNECTED
03-28 23:04:51.257   882   882 I cameraserver: ServiceManager: 0xec8232a0
03-28 23:04:51.257   882   882 I CameraService: CameraService started (pid=882)
03-28 23:04:51.257   882   882 I CameraService: CameraService process starting
03-28 23:04:51.257   882   882 W BatteryNotifier: batterystats service unavailable!
03-28 23:04:51.257   882   882 W BatteryNotifier: batterystats service unavailable!
03-28 23:04:51.260   882   882 I ServiceManagement: getService: Trying again for android.hardware.camera.provider@2.4::ICameraProvider/legacy/0...
03-28 23:04:51.281     0     0 I capability: warning: `msm_irqbalance' uses 32-bit capabilities (legacy support in use)
03-28 23:04:51.291  1067  1067 E MSM-irqbalance: WARNING: Cannot find matching virq for hwirq(446).
03-28 23:04:51.293  1067  1067 E MSM-irqbalance: WARNING: Cannot find matching virq for hwirq(455).
03-28 23:04:51.295  1067  1067 E MSM-irqbalance: WARNING: Cannot find matching virq for hwirq(456).
03-28 23:04:51.296  1067  1067 I MSM-irqbalance: msm-irq_balance (1.3) initialized
03-28 23:04:51.296  1067  1067 I MSM-irqbalance: Configuration
03-28 23:04:51.296  1067  1067 I MSM-irqbalance: Rate: 0.2 Hz
03-28 23:04:51.296  1067  1067 I MSM-irqbalance: Decay Factor: 75.0
03-28 23:04:51.296  1067  1067 I MSM-irqbalance: Balancing Factor: 0.1
03-28 23:04:51.296  1067  1067 I MSM-irqbalance: Debug Log: OFF
03-28 23:04:51.296  1067  1067 I MSM-irqbalance: Cfg file: /system/vendor/etc/msm_irqbalance.conf
03-28 23:04:51.296  1067  1067 I MSM-irqbalance: CPU PRIO: CPU0: 1 CPU1: 1 CPU2: 0 CPU3: 0 CPU4: 0 CPU5: 0 CPU6: 0 CPU7: 0 
03-28 23:04:51.296  1067  1067 I MSM-irqbalance: Ignored IRQs: 5 109 7 89 2 
03-28 23:04:51.302   912   993 I ServiceManager: Waiting for service 'package_native' on '/dev/binder'...
03-28 23:04:51.340     0     0 I pil-q6v5-mss 4080000.qcom,mss: modem: Brought out of reset
03-28 23:04:51.352     0     0 I pil-q6v5-mss 4080000.qcom,mss: Subsystem error monitoring/handling services are up
03-28 23:04:51.352     0     0 I pil-q6v5-mss 4080000.qcom,mss: modem: Power/Clock ready interrupt received
03-28 23:04:51.360   690   737 D PerMgrSrv: modem new state: is on-line
03-28 23:04:51.361   690   729 D PerMgrSrv: modem state: is on-line, add client cnss-daemon
03-28 23:04:51.361   690   729 D PerMgrSrv: cnss-daemon registered
03-28 23:04:51.361   959   959 D PerMgrLib: cnss-daemon successfully registered for modem
03-28 23:04:51.361   959   959 D PerMgrLib: cnss-daemon voting for modem
03-28 23:04:51.361   690   737 D PerMgrSrv: cnss-daemon voting for modem
03-28 23:04:51.361   690   737 D PerMgrSrv: modem num voters is 2
03-28 23:04:51.362   959   959 E cnss-daemon: no interop issues ap currently
03-28 23:04:51.362   959  1086 E cnss-daemon: ro.baseband : [apq]
03-28 23:04:51.362   959  1086 E cnss-daemon: Hardware does not support external modem
03-28 23:04:51.362   959  1086 E cnss-daemon: Target does not have external modem
03-28 23:04:51.370   650   650 I mm-camera: <ISP   >< INFO> 4088: isp_resource_get_isp_hw_limit: isp hw limit 0
03-28 23:04:51.385   650   650 I mm-camera: <ISP   >< INFO> 926: module_isp_init: module 0xf5114780
03-28 23:04:51.389     0     0 I MSM-CPP cpp_init_hardware: 1135 CPP HW Version: 0x60010002
03-28 23:04:51.389     0     0 E MSM-CPP cpp_init_hardware: 1153 stream_cnt:0
03-28 23:04:51.393   872   929 E ThermalEngine: read error 0. buf:[add@/devices/virtual/thermal/thermal_zone36 ACTION=add DEVPATH=/devices/virtual/thermal/thermal_zone36 SUBSYSTEM=thermal SEQNUM=4575 ]
03-28 23:04:51.393     0     0 W         : (NULL device *): hwmon_device_register() is deprecated. Please convert the driver to use hwmon_device_register_with_info().
03-28 23:04:51.399     0     0 E qrtr    : Modem QMI Readiness RX cmd:0x2 node[0x0]
03-28 23:04:51.401     0     0 I service-notifier: service_notifier_new_server: Connection established between QMI handle and 180 service
03-28 23:04:51.401     0     0 I sysmon-qmi: ssctl_new_server: Connection established between QMI handle and modem's SSCTL service
03-28 23:04:51.401   710   710 I vendor.rmt_storage: rmt_storage_connect_cb: clnt_h=0x1 conn_h=0x7978205010
03-28 23:04:51.402     0     0 E rmt_storage: INFO:rmt_storage_open_cb: Processing: Open Request (req_h 0x1) for /boot/modem_fs1!
03-28 23:04:51.402   710   710 I vendor.rmt_storage: rmt_storage_open_cb: /boot/modem_fs1: req_h=0x1 msg_id=1: Client found
03-28 23:04:51.402   710   710 I vendor.rmt_storage: rmt_storage_open_cb: /boot/modem_fs1: req_h=0x1 msg_id=1: Send response: res=0 err=0
03-28 23:04:51.402   710   710 I vendor.rmt_storage: rmt_storage_connect_cb: clnt_h=0x2 conn_h=0x7978205020
03-28 23:04:51.402     0     0 E rmt_storage: INFO:rmt_storage_open_cb: Processing: Open Request (req_h 0x2) for /boot/modem_fs2!
03-28 23:04:51.402   710  1091 I vendor.rmt_storage: rmt_storage_client_thread: /boot/modem_fs1: Worker thread started
03-28 23:04:51.402   710  1091 I vendor.rmt_storage: wake lock name: rmt_storage_521711906128, name creation success: 24
03-28 23:04:51.402   710   710 I vendor.rmt_storage: rmt_storage_open_cb: /boot/modem_fs2: req_h=0x2 msg_id=1: Client found
03-28 23:04:51.402   710   710 I vendor.rmt_storage: rmt_storage_open_cb: /boot/modem_fs2: req_h=0x2 msg_id=1: Send response: res=0 err=0
03-28 23:04:51.402   710  1092 I vendor.rmt_storage: rmt_storage_client_thread: /boot/modem_fs2: Worker thread started
03-28 23:04:51.402   710  1092 I vendor.rmt_storage: wake lock name: rmt_storage_521683320144, name creation success: 24
03-28 23:04:51.402   710   710 I vendor.rmt_storage: rmt_storage_connect_cb: clnt_h=0x3 conn_h=0x7978205030
03-28 23:04:51.402     0     0 E rmt_storage: INFO:rmt_storage_open_cb: Processing: Open Request (req_h 0x3) for /boot/modem_fsg!
03-28 23:04:51.402   710   710 I vendor.rmt_storage: rmt_storage_open_cb: /boot/modem_fsg: req_h=0x3 msg_id=1: Client found
03-28 23:04:51.402   710   710 I vendor.rmt_storage: rmt_storage_open_cb: /boot/modem_fsg: req_h=0x3 msg_id=1: Send response: res=0 err=0
03-28 23:04:51.402   710  1093 I vendor.rmt_storage: rmt_storage_client_thread: /boot/modem_fsg: Worker thread started
03-28 23:04:51.402   710  1093 I vendor.rmt_storage: wake lock name: rmt_storage_521665506640, name creation success: 24
03-28 23:04:51.402   710   710 I vendor.rmt_storage: rmt_storage_connect_cb: clnt_h=0x4 conn_h=0x7978205040
03-28 23:04:51.402     0     0 E rmt_storage: INFO:rmt_storage_open_cb: Processing: Open Request (req_h 0x4) for /boot/modem_fsc!
03-28 23:04:51.403   710   710 I vendor.rmt_storage: rmt_storage_open_cb: /boot/modem_fsc: req_h=0x4 msg_id=1: Client found
03-28 23:04:51.403   710   710 I vendor.rmt_storage: rmt_storage_open_cb: /boot/modem_fsc: req_h=0x4 msg_id=1: Send response: res=0 err=0
03-28 23:04:51.403   710   710 I vendor.rmt_storage: rmt_storage_connect_cb: clnt_h=0x5 conn_h=0x7978205050
03-28 23:04:51.403   710   710 I vendor.rmt_storage: rmt_storage_open_cb: Unable to open /boot/modem_fsg_oem_1
03-28 23:04:51.403   710   710 I vendor.rmt_storage: rmt_storage_open_cb: : req_h=0x5 msg_id=1: Send response: res=1 err=3
03-28 23:04:51.403   710   710 I vendor.rmt_storage: rmt_storage_disconnect_cb: clnt_h=0x1 conn_h=0x7978205010
03-28 23:04:51.403   912   993 I ServiceManager: Waiting for service 'package_native' on '/dev/binder'...
03-28 23:04:51.403   710   710 I vendor.rmt_storage: rmt_storage_connect_cb: clnt_h=0x6 conn_h=0x7978205010
03-28 23:04:51.403   710   710 I vendor.rmt_storage: rmt_storage_open_cb: Unable to open /boot/modem_fsg_oem_2
03-28 23:04:51.403   710   710 I vendor.rmt_storage: rmt_storage_open_cb: : req_h=0x6 msg_id=1: Send response: res=1 err=3
03-28 23:04:51.404   710  1094 I vendor.rmt_storage: rmt_storage_client_thread: /boot/modem_fsc: Worker thread started
03-28 23:04:51.404   710  1094 I vendor.rmt_storage: wake lock name: rmt_storage_521647693136, name creation success: 24
03-28 23:04:51.405     0     0 I MSM-CPP cpp_release_hardware: 1216 cpp hw release done
03-28 23:04:51.406   650   650 I mm-camera: <CPP   >< INFO> 191: cpp_module_init: info: CPP module_init successful
03-28 23:04:51.406   710   710 I vendor.rmt_storage: rmt_storage_disconnect_cb: clnt_h=0x2 conn_h=0x7978205020
03-28 23:04:51.406   710   710 I vendor.rmt_storage: rmt_storage_disconnect_cb: clnt_h=0x3 conn_h=0x7978205030
03-28 23:04:51.406   710   710 I vendor.rmt_storage: rmt_storage_disconnect_cb: clnt_h=0x4 conn_h=0x7978205040
03-28 23:04:51.406   710   710 I vendor.rmt_storage: rmt_storage_connect_cb: clnt_h=0x7 conn_h=0x7978205040
03-28 23:04:51.406   710   710 I vendor.rmt_storage: rmt_storage_alloc_buff_cb: /boot/modem_fs1: req_h=0x7 msg_id=4: Alloc request received: Size: 2097152
03-28 23:04:51.406     0     0 E rmt_storage: INFO:rmt_storage_alloc_buff_cb: Received req_size: 2097152! avail: 2097152
03-28 23:04:51.406   710   710 I vendor.rmt_storage: rmt_storage_alloc_buff_cb: /boot/modem_fs1: req_h=0x7 msg_id=4: Old Client requesting buffer from RMTS Server
03-28 23:04:51.406   710   710 I vendor.rmt_storage: rmt_storage_alloc_buff_cb: /boot/modem_fs1: req_h=0x7 msg_id=4: Send response: res=0 err=0
03-28 23:04:51.406   710   710 I vendor.rmt_storage: rmt_storage_disconnect_cb: clnt_h=0x5 conn_h=0x7978205050
03-28 23:04:51.406   710   710 I vendor.rmt_storage: rmt_storage_disconnect_cb: clnt_h=0x6 conn_h=0x7978205010
03-28 23:04:51.407   710   710 I vendor.rmt_storage: rmt_storage_connect_cb: clnt_h=0x8 conn_h=0x7978205010
03-28 23:04:51.407   710   710 I vendor.rmt_storage: rmt_storage_rw_iovec_cb: /boot/modem_fs1: req_h=0x8 msg_id=3: R/W request received (wr_count 0)
03-28 23:04:51.407     0     0 E rmt_storage: INFO:rmt_storage_rw_iovec_cb: Read iovec request (req_h 0x8 wr_count 0) received for /boot/modem_fs1
03-28 23:04:51.407   710   710 I vendor.rmt_storage: wakelock acquired: 1, error no: 11
03-28 23:04:51.407   710   710 I vendor.rmt_storage: rmt_storage_disconnect_cb: clnt_h=0x7 conn_h=0x7978205040
03-28 23:04:51.407   710  1091 I vendor.rmt_storage: rmt_storage_client_thread: /boot/modem_fs1: Unblock worker thread (th_id: 521711906128)
03-28 23:04:51.407     0     0 E rmt_storage: INFO:rmt_storage_client_thread: Calling Read [offset=512, size=512, req_h 0x8, wr_count 0] for /boot/modem_fs1!
03-28 23:04:51.408   710  1091 I vendor.rmt_storage: rmt_storage_client_thread: /boot/modem_fs1: req_h=0x8 msg_id=3: Bytes read = 512, wr_count 0
03-28 23:04:51.408     0     0 E rmt_storage: INFO:rmt_storage_client_thread: Done Read (bytes = 512, req_h 0x8, wr_count 0) for /boot/modem_fs1!
03-28 23:04:51.408   710  1091 I vendor.rmt_storage: rmt_storage_client_thread: /boot/modem_fs1: req_h=0x8 msg_id=3: Send response: res=0 err=0, wr_count 0
03-28 23:04:51.408   710  1091 I vendor.rmt_storage: rmt_storage_client_thread: /boot/modem_fs1: About to block rmt_storage client thread (th_id: 521711906128) wakelock released: 1, error no: 0
03-28 23:04:51.408   710  1091 I vendor.rmt_storage: 
03-28 23:04:51.408   710   710 I vendor.rmt_storage: rmt_storage_connect_cb: clnt_h=0x9 conn_h=0x7978205040
03-28 23:04:51.408   710   710 I vendor.rmt_storage: rmt_storage_rw_iovec_cb: /boot/modem_fs2: req_h=0x9 msg_id=3: R/W request received (wr_count 0)
03-28 23:04:51.409   710   710 I vendor.rmt_storage: wakelock acquired: 1, error no: 11
03-28 23:04:51.409   710  1092 I vendor.rmt_storage: rmt_storage_client_thread: /boot/modem_fs2: Unblock worker thread (th_id: 521683320144)
03-28 23:04:51.409   710   710 I vendor.rmt_storage: rmt_storage_disconnect_cb: clnt_h=0x8 conn_h=0x7978205010
03-28 23:04:51.411     0     0 W wsa881x_get_temp: Temperature registers[0 0 0 0] are out of range
03-28 23:04:51.411     0     0 W wsa881x_get_temp: T0: 65535 is out of range[5, 45]
03-28 23:04:51.411   710  1092 I vendor.rmt_storage: rmt_storage_client_thread: /boot/modem_fs2: req_h=0x9 msg_id=3: Bytes read = 512, wr_count 0
03-28 23:04:51.411   710  1092 I vendor.rmt_storage: rmt_storage_client_thread: /boot/modem_fs2: req_h=0x9 msg_id=3: Send response: res=0 err=0, wr_count 0
03-28 23:04:51.412   710  1092 I vendor.rmt_storage: rmt_storage_client_thread: /boot/modem_fs2: About to block rmt_storage client thread (th_id: 521683320144) wakelock released: 1, error no: 0
03-28 23:04:51.412   710  1092 I vendor.rmt_storage: 
03-28 23:04:51.413   710   710 I vendor.rmt_storage: rmt_storage_connect_cb: clnt_h=0xa conn_h=0x7978205010
03-28 23:04:51.413   710   710 I vendor.rmt_storage: rmt_storage_rw_iovec_cb: /boot/modem_fs2: req_h=0xa msg_id=3: R/W request received (wr_count 0)
03-28 23:04:51.413   710   710 I vendor.rmt_storage: wakelock acquired: 1, error no: 11
03-28 23:04:51.413   710   710 I vendor.rmt_storage: rmt_storage_disconnect_cb: clnt_h=0x9 conn_h=0x7978205040
03-28 23:04:51.413   710  1092 I vendor.rmt_storage: rmt_storage_client_thread: /boot/modem_fs2: Unblock worker thread (th_id: 521683320144)
03-28 23:04:51.420   607   607 E ActivityRecognitionHardware: activity_recognition HAL is deprecated. class_init is effectively a no-op
03-28 23:04:51.422   710  1092 I vendor.rmt_storage: rmt_storage_client_thread: /boot/modem_fs2: req_h=0xa msg_id=3: Bytes read = 2096128, wr_count 0
03-28 23:04:51.422   710  1092 I vendor.rmt_storage: rmt_storage_client_thread: /boot/modem_fs2: req_h=0xa msg_id=3: Send response: res=0 err=0, wr_count 0
03-28 23:04:51.422   710  1092 I vendor.rmt_storage: rmt_storage_client_thread: /boot/modem_fs2: About to block rmt_storage client thread (th_id: 521683320144) wakelock released: 1, error no: 0
03-28 23:04:51.422   710  1092 I vendor.rmt_storage: 
03-28 23:04:51.423   710   710 I vendor.rmt_storage: rmt_storage_disconnect_cb: clnt_h=0xa conn_h=0x7978205010
03-28 23:04:51.444     0     0 W wsa881x_get_temp: Temperature registers[0 0 0 0] are out of range
03-28 23:04:51.444     0     0 W wsa881x_get_temp: T0: 65535 is out of range[5, 45]
03-28 23:04:51.445     0     0 I subsys-pil-tz soc: qcom,kgsl-hyp: a512_zap: loading from 0x00000000fbc00000 to 0x00000000fbc02000
03-28 23:04:51.467     0     0 I subsys-pil-tz soc: qcom,kgsl-hyp: a512_zap: Brought out of reset
03-28 23:04:51.472     0     0 E mdss_mdp_cxipeak_vote: cxipeak api fail ret:-22 set_vote :0 new_rate:150000000 prev_rate:412500000
03-28 23:04:51.472     0     0 I mdss_dsi_on-:  
03-28 23:04:51.475     0     0 W wsa881x_get_temp: Temperature registers[0 0 0 0] are out of range
03-28 23:04:51.475     0     0 W wsa881x_get_temp: T0: 65535 is out of range[5, 45]
03-28 23:04:51.477   607   607 I zygote64: Thread[1,tid=607,Native,Thread*=0x73749fbc00,peer=0x12c022c0,"main"] recursive attempt to load library "libmedia_jni.so"
03-28 23:04:51.477   607   607 D MtpDeviceJNI: register_android_mtp_MtpDevice
03-28 23:04:51.477   607   607 I zygote64: Thread[1,tid=607,Native,Thread*=0x73749fbc00,peer=0x12c022c0,"main"] recursive attempt to load library "libmedia_jni.so"
03-28 23:04:51.477   607   607 I zygote64: Thread[1,tid=607,Native,Thread*=0x73749fbc00,peer=0x12c022c0,"main"] recursive attempt to load library "libmedia_jni.so"
03-28 23:04:51.478     0     0 I configfs-gadget gadget: high-speed config #1: b
03-28 23:04:51.478     0     0 I diag    : USB channel diag: Received Connect event
03-28 23:04:51.478     0     0 I msm-dwc3 c200000.hsusb: Avail curr from USB = 500
03-28 23:04:51.479   867   991 I adbd    : USB event: FUNCTIONFS_ENABLE
03-28 23:04:51.479     0     0 I android_work: sent uevent USB_STATE=CONFIGURED
03-28 23:04:51.486   607   607 W Zygote  : Class not found for preloading: android.media.audiopolicy.AudioProductStrategies
03-28 23:04:51.486   607   607 W Zygote  : Class not found for preloading: android.media.audiopolicy.AudioVolumeGroups
03-28 23:04:51.504   912   993 I ServiceManager: Waiting for service 'package_native' on '/dev/binder'...
03-28 23:04:51.504     0     0 W wsa881x_get_temp: Temperature registers[0 0 0 0] are out of range
03-28 23:04:51.504     0     0 W wsa881x_get_temp: T0: 65535 is out of range[5, 45]
03-28 23:04:51.512   872   929 E ThermalEngine: read error 0. buf:[add@/devices/virtual/thermal/thermal_zone37 ACTION=add DEVPATH=/devices/virtual/thermal/thermal_zone37 SUBSYSTEM=thermal SEQNUM=4592 ]
03-28 23:04:51.512     0     0 W         : (NULL device *): hwmon_device_register() is deprecated. Please convert the driver to use hwmon_device_register_with_info().
03-28 23:04:51.530   872   929 E ThermalEngine: read error 0. buf:[add@/devices/virtual/thermal/cooling_device12 ACTION=add DEVPATH=/devices/virtual/thermal/cooling_device12 SUBSYSTEM=thermal SEQNUM=4594 ]
03-28 23:04:51.531   646   750 D audio_hw_utils: audio_extn_utils_open_snd_mixer: retry, retry_num 1
03-28 23:04:51.531     0     0 W wsa881x_get_temp: Temperature registers[0 0 0 0] are out of range
03-28 23:04:51.531     0     0 W wsa881x_get_temp: T0: 65535 is out of range[5, 45]
03-28 23:04:51.531   872   929 E ThermalEngine: read error 0. buf:[add@/devices/virtual/thermal/cooling_device13 ACTION=add DEVPATH=/devices/virtual/thermal/cooling_device13 SUBSYSTEM=thermal SEQNUM=4595 ]
03-28 23:04:51.531   872   929 E ThermalEngine: read error 0. buf:[add@/devices/virtual/thermal/cooling_device14 ACTION=add DEVPATH=/devices/virtual/thermal/cooling_device14 SUBSYSTEM=thermal SEQNUM=4596 ]
03-28 23:04:51.532   872   929 E ThermalEngine: read error 0. buf:[add@/devices/virtual/thermal/cooling_device15 ACTION=add DEVPATH=/devices/virtual/thermal/cooling_device15 SUBSYSTEM=thermal SEQNUM=4597 ]
03-28 23:04:51.532     0     0 I memshare_child soc: qcom,memshare:qcom,client_3: memshare_query: client_id : 1, query_resp.size :0, query_resp.resp.result :0
03-28 23:04:51.532   597   604 D QC-time-services: Daemon:time_service_modem_serv_notify_cb: QMI service is up 
03-28 23:04:51.532   597   701 D QC-time-services: Daemon:genoff_modem_qmi_service_handle_cb: QMI service handle cb called 
03-28 23:04:51.532   872   920 I ThermalEngine: MODEM thermal mitigation available.
03-28 23:04:51.533   872   920 I ThermalEngine: Mitigation:modem[MODEM]:0 pending QMI request succeded
03-28 23:04:51.533   872   920 I ThermalEngine: Mitigation:vdd_restriction[MODEM]:0 pending QMI request succeded
03-28 23:04:51.534   711   711 I tftp_server: pid=711 tid=711 tftp-server : INF :[tftp_server.c, 659] rcvd request [1] [73] [2] [0] [29]
03-28 23:04:51.534   711  1106 I tftp_server: pid=711 tid=1106 tftp-server : INF :[tftp_server_utils.c, 113] file [readwrite/server_check.txt] : [/vendor/rfs/msm/mpss/readwrite/server_check.txt]
03-28 23:04:51.534   711  1106 I tftp_server: pid=711 tid=1106 tftp-server : INF :[tftp_server.c, 1201] OACK options [port: 29] : [7680, 1000, 10, 0, 0, 0, 0, 0]
03-28 23:04:51.534   872   920 I ThermalEngine: Mitigation:modem_proc[MODEM]:0 pending QMI request succeded
03-28 23:04:51.534   711  1106 I tftp_server: pid=711 tid=1106 tftp-server : INF :[tftp_os_la.c, 63] open : [-1] [-1] [384] [577] [/vendor/rfs/msm/mpss/readwrite/server_check.txt]
03-28 23:04:51.535   872   920 I ThermalEngine: Mitigation:modem_proc_current[MODEM]:0 pending QMI request succeded
03-28 23:04:51.535   872   920 I ThermalEngine: Mitigation:cpr_band[MODEM]:0 pending QMI request succeded
03-28 23:04:51.536   597   701 D QC-time-services: Daemon:genoff_modem_qmi_service_handle_cb: qmi_client_get_service_list for local returned 0num_services 1 num_entries 1
03-28 23:04:51.536     0     0 E diag    : In diag_send_feature_mask_update, control channel is not open, p: 0, 0000000000000000
03-28 23:04:51.538   711   711 I tftp_server: pid=711 tid=711 tftp-server : INF :[tftp_server.c, 659] rcvd request [1] [91] [1] [0] [39]
03-28 23:04:51.538     0     0 E diag    : In diag_send_peripheral_buffering_mode, buffering flag not set for 0
03-28 23:04:51.538   711  1111 I tftp_server: pid=711 tid=1111 tftp-server : INF :[tftp_server_utils.c, 113] file [readonly/firmware/image/wlanmdsp.mbn] : [/vendor/rfs/msm/mpss/readonly/firmware/image/wl
03-28 23:04:51.539   711  1111 I tftp_server: pid=711 tid=1111 tftp-server : INF :[tftp_server.c, 1201] OACK options [port: 39] : [7680, 1000, 3689408, 10, 0, 0, 0, 0]
03-28 23:04:51.539   711  1111 I tftp_server: pid=711 tid=1111 tftp-server : INF :[tftp_os_la.c, 63] open : [-1] [-1] [384] [0] [/vendor/rfs/msm/mpss/readonly/firmware/image/wlanmdsp.mbn]
03-28 23:04:51.540   711  1111 I tftp_server: pid=711 tid=1111 tftp-server : INF :[tftp_protocol.c, 742] Recd END OF TRANSFER pkt. Code = 9, Msg = End of Transfer
03-28 23:04:51.540   711  1111 I tftp_server: pid=711 tid=1111 tftp-server : INF :[tftp_server.c, 1318] RRQ stats [port: 0]: sent_size = 39 total-blocks = 0 total-bytes = 0 timedout-pkts = 0, wrong-pkts 
03-28 23:04:51.540   711  1111 I tftp_server: pid=711 tid=1111 tftp-server : INF :[tftp_server.c, 1325] RRQ file stats [port: 39]: fread [Total, Max, Min] = [0, 0, 0]
03-28 23:04:51.540   711  1111 I tftp_server: pid=711 tid=1111 tftp-server : INF :[tftp_server.c, 1329] RRQ time stats : Total : [TX, RX] = [27, 330]
03-28 23:04:51.540   711  1111 I tftp_server: pid=711 tid=1111 tftp-server : INF :[tftp_server.c, 1336] RRQ time stats [port: 39]: Tx/Rx [Min, Max] = [27, 27, 330, 330]
03-28 23:04:51.540   711  1111 I tftp_server: pid=711 tid=1111 tftp-server : INF :[tftp_server.c, 1352] RRQ was successfully processed.
03-28 23:04:51.540   711  1111 I tftp_server: pid=711 tid=1111 tftp-server : INF :[tftp_server.c, 1807] RRQ Total API = 1758
03-28 23:04:51.540   711   711 I tftp_server: pid=711 tid=711 tftp-server : INF :[tftp_server.c, 659] rcvd request [1] [97] [1] [0] [40]
03-28 23:04:51.541   711  1112 I tftp_server: pid=711 tid=1112 tftp-server : INF :[tftp_server_utils.c, 113] file [readonly/firmware/image/wlanmdsp.mbn] : [/vendor/rfs/msm/mpss/readonly/firmware/image/wl
