09-05 21:09:19.925   731   731 I vendor.rmt_storage: Registering modemst2: 0x4b /boot/modem_fs2
09-05 21:09:19.925   731   731 I vendor.rmt_storage: Registering fsc: 0xff /boot/modem_fsc
09-05 21:09:19.925   731   731 I vendor.rmt_storage: Registering fsg: 0x58 /boot/modem_fsg
09-05 21:09:19.925   731   731 I vendor.rmt_storage: 4 GPT partitions found
09-05 21:09:19.925   731   731 I vendor.rmt_storage: Capset success!
09-05 21:09:19.926   712   747 I pd-mapper-svc: Starting servloc server
09-05 21:09:19.926     0     0 I servloc : service_locator_new_server: Connection established with the Service locator
09-05 21:09:19.926     0     0 I servloc : init_service_locator: Service locator initialized
09-05 21:09:19.927     0     0 E rmt_storage: INFO:main: Done with init now waiting for messages!
09-05 21:09:19.928   673   673 I ServiceManagement: Registered android.hardware.configstore@1.1::ISurfaceFlingerConfigs/default (start delay of 281ms)
09-05 21:09:19.928   673   673 I ServiceManagement: Removing namespace from process name android.hardware.configstore@1.1-service to configstore@1.1-service.
09-05 21:09:19.930   700   700 I ServiceManagement: Registered vendor.qti.hardware.qteeconnector@1.0::IGPAppConnector/default (start delay of 182ms)
09-05 21:09:19.930   700   700 I ServiceManagement: Removing namespace from process name vendor.qti.hardware.qteeconnector@1.0-service to qteeconnector@1.0-service.
09-05 21:09:19.930     0     0 E pmic_analog_codec 800f000.qcom,spmi: qcom,pm660l@3:anlg-cdc@f000: Adsp is not loaded yet 0
09-05 21:09:19.933   695   695 I ServiceManagement: Registered vendor.qti.hardware.perf@2.1::IPerf/default (start delay of 215ms)
09-05 21:09:19.933   695   695 I ServiceManagement: Removing namespace from process name vendor.qti.hardware.perf@2.1-service to perf@2.1-service.
09-05 21:09:19.933   695   695 E vendor.qti.hardware.perf@2.1-service: Registered IPerf HAL service success!
09-05 21:09:19.935   732   732 I tftp_server: Initializing tftp_server RING buffer
09-05 21:09:19.935   732   732 I tftp_server: Starting...
09-05 21:09:19.943     0     0 I ueventd : firmware: loading 'cmnlib64.mdt' for '/devices/virtual/qseecom/qseecom/cmnlib64.mdt'
09-05 21:09:19.946   718   718 I lowmemorykiller: PSI window size is changed to 500ms
09-05 21:09:19.946   718   718 I lowmemorykiller: PSI poll period for super critical event is changed to 100ms
09-05 21:09:19.946   718   718 I lowmemorykiller: Using in-kernel low memory killer interface
09-05 21:09:19.948     0     0 I ADSPRPC : audio_pdr_adsprpc is uninitialzed
09-05 21:09:19.948     0     0 I service-notifier: service_notifier_new_server: Connection established between QMI handle and 74 service
09-05 21:09:19.949     0     0 I ueventd : loading /devices/virtual/qseecom/qseecom/cmnlib64.mdt took 5ms
09-05 21:09:19.950     0     0 I         : Mass Storage Function, version: 2009/09/11
09-05 21:09:19.950     0     0 I LUN     : removable file: (no medium)
09-05 21:09:19.950   686   686 I android.hardware.wifi@1.0-service: Wifi Hal is booting up...
09-05 21:09:19.952     0     0 I ADSPRPC : sensors_pdr_adsprpc is uninitialzed
09-05 21:09:19.952     0     0 I audio_notifer_reg_service: service PDR_ADSP is in use
09-05 21:09:19.952     0     0 I service-notifier: service_notifier_new_server: Connection established between QMI handle and 74 service
09-05 21:09:19.952   686   686 I ServiceManagement: Registered android.hardware.wifi@1.3::IWifi/default (start delay of 264ms)
09-05 21:09:19.952   686   686 I ServiceManagement: Removing namespace from process name android.hardware.wifi@1.0-service to wifi@1.0-service.
09-05 21:09:19.952     0     0 I apr_adsp_up: Q6 is Up
09-05 21:09:19.954     0     0 I         : file system registered
09-05 21:09:19.955     0     0 I ueventd : firmware: loading 'cmnlib64.b00' for '/devices/virtual/qseecom/qseecom/cmnlib64.b00'
09-05 21:09:19.959     0     0 I ueventd : loading /devices/virtual/qseecom/qseecom/cmnlib64.b00 took 4ms
09-05 21:09:19.965     0     0 I iommu   : Adding device soc:qcom,msm-audio-apr:qcom,msm-audio-ion to group 28
09-05 21:09:19.966     0     0 E msm-audio-ion soc: qcom,msm-audio-apr:qcom,msm-audio-ion: msm_audio_ion_probe: qcom,smmu-sid-mask missing in DT node, using default
09-05 21:09:19.966     0     0 I f_cdev_alloc: port_name:at_usb0 (00000000ff44f2c3) portno:(0)
09-05 21:09:19.969   629   629 I AndroidRuntime: Using default boot image
09-05 21:09:19.969   629   629 I AndroidRuntime: Leaving lock profiling enabled
09-05 21:09:19.971     0     0 I f_cdev_alloc: port_name:at_usb1 (0000000014bdc7a2) portno:(1)
09-05 21:09:19.974     0     0 I f_cdev_alloc: port_name:at_usb2 (00000000b65cfd06) portno:(2)
09-05 21:09:19.984   629   629 I zygote  : option[0]=-Xzygote
09-05 21:09:19.984   629   629 I zygote  : option[1]=exit
09-05 21:09:19.984   629   629 I zygote  : option[2]=vfprintf
09-05 21:09:19.984   629   629 I zygote  : option[3]=sensitiveThread
09-05 21:09:19.984   629   629 I zygote  : option[4]=-verbose:gc
09-05 21:09:19.984   629   629 I zygote  : option[5]=-Xms8m
09-05 21:09:19.984   629   629 I zygote  : option[6]=-Xmx512m
09-05 21:09:19.984   629   629 I zygote  : option[7]=-XX:HeapGrowthLimit=256m
09-05 21:09:19.984   629   629 I zygote  : option[8]=-XX:HeapMinFree=512k
09-05 21:09:19.984   629   629 I zygote  : option[9]=-XX:HeapMaxFree=8m
09-05 21:09:19.984   629   629 I zygote  : option[10]=-XX:HeapTargetUtilization=0.75
09-05 21:09:19.984   629   629 I zygote  : option[11]=-Xusejit:true
09-05 21:09:19.984   629   629 I zygote  : option[12]=-Xjitsaveprofilinginfo
09-05 21:09:19.984   629   629 I zygote  : option[13]=-XjdwpOptions:suspend=n,server=y
09-05 21:09:19.984   629   629 I zygote  : option[14]=-XjdwpProvider:default
09-05 21:09:19.984   629   629 I zygote  : option[15]=-Xlockprofthreshold:500
09-05 21:09:19.984   629   629 I zygote  : option[16]=-Ximage-compiler-option
09-05 21:09:19.984   629   629 I zygote  : option[17]=--runtime-arg
09-05 21:09:19.984   629   629 I zygote  : option[18]=-Ximage-compiler-option
09-05 21:09:19.984   629   629 I zygote  : option[19]=-Xms64m
09-05 21:09:19.985   629   629 I zygote  : option[20]=-Ximage-compiler-option
09-05 21:09:19.985   629   629 I zygote  : option[21]=--runtime-arg
09-05 21:09:19.985   629   629 I zygote  : option[22]=-Ximage-compiler-option
09-05 21:09:19.985   629   629 I zygote  : option[23]=-Xmx64m
09-05 21:09:19.985   629   629 I zygote  : option[24]=-Ximage-compiler-option
09-05 21:09:19.985   629   629 I zygote  : option[25]=--profile-file=/system/etc/boot-image.prof
09-05 21:09:19.985   629   629 I zygote  : option[26]=-Ximage-compiler-option
09-05 21:09:19.985   629   629 I zygote  : option[27]=--compiler-filter=speed-profile
09-05 21:09:19.985   629   629 I zygote  : option[28]=-Xcompiler-option
09-05 21:09:19.985   629   629 I zygote  : option[29]=--runtime-arg
09-05 21:09:19.985   629   629 I zygote  : option[30]=-Xcompiler-option
09-05 21:09:19.985   629   629 I zygote  : option[31]=-Xms64m
09-05 21:09:19.985   629   629 I zygote  : option[32]=-Xcompiler-option
09-05 21:09:19.985   629   629 I zygote  : option[33]=--runtime-arg
09-05 21:09:19.985   629   629 I zygote  : option[34]=-Xcompiler-option
09-05 21:09:19.985   629   629 I zygote  : option[35]=-Xmx512m
09-05 21:09:19.985   629   629 I zygote  : option[36]=-Ximage-compiler-option
09-05 21:09:19.985   629   629 I zygote  : option[37]=--instruction-set-variant=cortex-a73
09-05 21:09:19.985   629   629 I zygote  : option[38]=-Xcompiler-option
09-05 21:09:19.985   629   629 I zygote  : option[39]=--instruction-set-variant=cortex-a73
09-05 21:09:19.985   629   629 I zygote  : option[40]=-Ximage-compiler-option
09-05 21:09:19.985   629   629 I zygote  : option[41]=--instruction-set-features=default
09-05 21:09:19.985   629   629 I zygote  : option[42]=-Xcompiler-option
09-05 21:09:19.985   629   629 I zygote  : option[43]=--instruction-set-features=default
09-05 21:09:19.985   629   629 I zygote  : option[44]=-Duser.locale=en-US
09-05 21:09:19.985   629   629 I zygote  : option[45]=--cpu-abilist=armeabi-v7a,armeabi
09-05 21:09:19.985   629   629 I zygote  : option[46]=-Xcompiler-option
09-05 21:09:19.985   629   629 I zygote  : option[47]=--generate-mini-debug-info
09-05 21:09:19.985   629   629 I zygote  : option[48]=-Xcore-platform-api-policy:just-warn
09-05 21:09:19.985   629   629 I zygote  : option[49]=-Xfingerprint:Elo/15in-I-Series-4_E8MP/15in-I-Series-4:10/QKQ1.201112.002/eng.youkai.20210831.015539:userdebug/debug,release-keys
09-05 21:09:19.987     0     0 I ueventd : firmware: loading 'cmnlib64.b01' for '/devices/virtual/qseecom/qseecom/cmnlib64.b01'
09-05 21:09:19.991     0     0 I ueventd : loading /devices/virtual/qseecom/qseecom/cmnlib64.b01 took 3ms
09-05 21:09:19.993   629   629 I zygote  : Core platform API reporting enabled, enforcing=false
09-05 21:09:19.998     0     0 I ueventd : firmware: loading 'cmnlib64.b02' for '/devices/virtual/qseecom/qseecom/cmnlib64.b02'
09-05 21:09:20.002     0     0 I wsa881x.20170211: wsa881x_swr_probe: bolero node not found
09-05 21:09:20.002     0     0 I ueventd : loading /devices/virtual/qseecom/qseecom/cmnlib64.b02 took 4ms
09-05 21:09:20.010     0     0 I ueventd : firmware: loading 'cmnlib64.b03' for '/devices/virtual/qseecom/qseecom/cmnlib64.b03'
09-05 21:09:20.018     0     0 I wsa881x.20170212: wsa881x_swr_probe: bolero node not found
09-05 21:09:20.019     0     0 I ueventd : loading /devices/virtual/qseecom/qseecom/cmnlib64.b03 took 9ms
09-05 21:09:20.023   767   784 I         : OEM debug sns_reg_storage_init: sns_reg_filename = /mnt/vendor/persist/sensors/sns.reg
09-05 21:09:20.030     0     0 E swr-wcd msm_sdw_swr_ctrl: swrm_get_logical_dev_num: device 0x21170213 is not ready
09-05 21:09:20.030     0     0 E swr_get_logical_dev_num: Error -22 to get logical addr for device 21170213
09-05 21:09:20.030     0     0 W wsa881x : probe of wsa881x.21170213 failed with error -22
09-05 21:09:20.042     0     0 E swr-wcd msm_sdw_swr_ctrl: swrm_get_logical_dev_num: device 0x21170214 is not ready
09-05 21:09:20.042     0     0 E swr_get_logical_dev_num: Error -22 to get logical addr for device 21170214
09-05 21:09:20.042     0     0 W wsa881x : probe of wsa881x.21170214 failed with error -22
09-05 21:09:20.046   677   677 I ServiceManagement: Registered vendor.display.config@1.9::IDisplayConfig/default (start delay of 388ms)
09-05 21:09:20.046   677   677 I SDM     : HWCSession::StartServices: IDisplayConfig service registration completed.
09-05 21:09:20.049   677   789 W SDM     : HWCSession::UEventThread: UEvent dropped. No uevent listener.
09-05 21:09:20.058   677   789 I chatty  : uid=1000(system) HWC_UeventThrea identical 9 lines
09-05 21:09:20.059   677   789 W SDM     : HWCSession::UEventThread: UEvent dropped. No uevent listener.
09-05 21:09:20.060   677   677 I SDM     : ExtensionInterface::CreateExtensionInterface: 
09-05 21:09:20.060   677   677 I SDM     : SDM-EXTENSION Version: Date: 11/23/20, Commit: 9f32874, Change: I882287a529
09-05 21:09:20.060   677   677 I SDM     : HWInfo::GetHWResourceInfo: SDE Version = 5, SDE Revision = 30020000, RGB = 0, VIG = 2, DMA = 3, Cursor = 1
09-05 21:09:20.060   677   677 I SDM     : HWInfo::GetHWResourceInfo: Upscale Ratio = 20, Downscale Ratio = 4, Blending Stages = 7
09-05 21:09:20.060   677   677 I SDM     : HWInfo::GetHWResourceInfo: SourceSplit = 1 QSEED3 = 1
09-05 21:09:20.060   677   677 I SDM     : HWInfo::GetHWResourceInfo: BWC = 0, UBWC = 1, Decimation = 1, Tile Format = 0 Concurrent Writeback = 1
09-05 21:09:20.060   677   677 I SDM     : HWInfo::GetHWResourceInfo: MaxLowBw = 6600000 , MaxHighBw = 6600000
09-05 21:09:20.060   677   677 I SDM     : HWInfo::GetHWResourceInfo: MaxPipeBw = 3100000 KBps, MaxSDEClock = 412500000 Hz, ClockFudgeFactor = 1.050000
09-05 21:09:20.060   677   677 I SDM     : HWInfo::GetHWResourceInfo: Prefill factors: Tiled_NV12 = 8, Tiled = 4, Linear = 1, Scale = 1, Fudge_factor = 2
09-05 21:09:20.060   677   677 W SDM     : HWInfo::GetMDSSRotatorInfo: File '/sys/devices/virtual/rotator/mdss_rotator/caps' not found
09-05 21:09:20.061   677   677 I SDM     : HWInfo::GetV4L2RotatorInfo: V4L2 Rotator: Count = 1, Downscale = 1, Min_downscale = 1.500000, Downscale_compression = 1
09-05 21:09:20.061   677   677 I SDM     : HWInfo::GetHWResourceInfo: Has Support for multiple bw limits shown below
09-05 21:09:20.061   677   677 I SDM     : HWInfo::GetHWResourceInfo: Mode-index=0  total_bw_limit=6600000 and pipe_bw_limit=3100000
09-05 21:09:20.061   677   677 I SDM     : HWInfo::GetHWResourceInfo: Mode-index=1  total_bw_limit=4500000 and pipe_bw_limit=3100000
09-05 21:09:20.061   677   677 I SDM     : HWInfo::GetHWResourceInfo: Mode-index=2  total_bw_limit=6600000 and pipe_bw_limit=3100000
09-05 21:09:20.061   677   677 I SDM     : HWInfo::GetHWResourceInfo: Mode-index=3  total_bw_limit=6600000 and pipe_bw_limit=3100000
09-05 21:09:20.061   677   677 I SDM     : SessionManager::SessionManager: Allocate buffers synchronously = 0
09-05 21:09:20.066   677   789 W SDM     : HWCSession::UEventThread: UEvent dropped. No uevent listener.
09-05 21:09:20.066   677   789 W SDM     : HWCSession::UEventThread: UEvent dropped. No uevent listener.
09-05 21:09:20.069   677   677 I SDM     : ScalarConfig::Init: DE sharpness value is 50
09-05 21:09:20.070   767   784 I         : OEM debug sns_reg_write_conf_item: get platform_string = I40
09-05 21:09:20.070   767   784 I         : , persist.sys.gsensor.cal = 
09-05 21:09:20.071   767   784 I         : OEM debug sns_reg_match_conf_item: now we found platform_conf=sdm660
09-05 21:09:20.071   767   784 I chatty  : uid=1000(system) /vendor/bin/sensors.qti identical 1 line
09-05 21:09:20.071   767   784 I         : OEM debug sns_reg_match_conf_item: now we found platform_conf=sdm660
09-05 21:09:20.072   677   789 W SDM     : HWCSession::UEventThread: UEvent dropped. No uevent listener.
09-05 21:09:20.079     0     0 I sdm660-asoc-snd soc: qcom,msm-audio-apr:qcom,q6core-audio:sound: msm_internal_init: default codec configured
09-05 21:09:20.080     0     0 E OF      : /soc/qcom,msm-audio-apr/qcom,q6core-audio/sound: could not get #gpio-cells for /soc/msm_cdc_pinctrl@75
09-05 21:09:20.080   677   789 W SDM     : HWCSession::UEventThread: UEvent dropped. No uevent listener.
09-05 21:09:20.080   767   784 I libqpart: item :GSENSOR_BIAS, length: 0x20
09-05 21:09:20.080   767   784 I qpart-client: *** qpart_socket_client *** 
09-05 21:09:20.080   767   784 I qpart-client: Packet header to send
09-05 21:09:20.080   767   784 I qpart-client: 136 bytes sent
09-05 21:09:20.080   729   729 I qpart-server: accepted qvart request client = 5
09-05 21:09:20.081   729   729 I qpart-server: qpart_req_handle: enter +++++
09-05 21:09:20.081   729   729 I qpart-server: qotp_cmd_handle: enter +++++
09-05 21:09:20.081   729   729 I qpart-server: qotp_cmd_handle: cmd read-----
09-05 21:09:20.081   729   729 I qotp_implement: item :GSENSOR_BIAS, offset :0x00002400, length: 0x20
09-05 21:09:20.081     0     0 I sdm660-asoc-snd soc: qcom,msm-audio-apr:qcom,q6core-audio:sound: msm_init_wsa_dev: found 2 wsa881x devices registered with ALSA core
09-05 21:09:20.083   729   729 I qotp_implement: crc32_cal:  0x854624c5 , size: 4
09-05 21:09:20.083   729   729 I qotp_implement: qotp_read_item: read GSENSOR_BIAS: 0000718b0000259fffffcfbcGSENSOR1 
09-05 21:09:20.083   729   729 I qpart-server: qotp_cmd_handle: leave ,rc =0-----
09-05 21:09:20.083   729   729 I qpart-server: qpart_req_handle: rc = 0, payload_len =64 -----
09-05 21:09:20.083   729   729 I qpart-server: qpart_req_handle: end +++++
09-05 21:09:20.083   767   784 I qpart-client: payload_len:64
09-05 21:09:20.083   767   784 I qpart-client: Packet header received
09-05 21:09:20.083   767   784 I libqpart: read qotp successed, data len :32
09-05 21:09:20.083   767   784 E Sensors : sns_reg_la.c(301):bias: 0000718b
09-05 21:09:20.083   767   784 E Sensors : sns_reg_la.c(301):bias: 0000259f
09-05 21:09:20.083   767   784 E Sensors : sns_reg_la.c(301):bias: ffffcfbc
09-05 21:09:20.084   767   784 I         : OEM debug update_gsensor_nv: bias: x: 0x0000718b, y: 0x0000259f, z: 0xffffcfbc
09-05 21:09:20.084   767   784 I         : OEM debug update_gsensor_nv(nv): bias: x: 0x0000718b, y: 0x0000259f, z: 0xffffcfbc
09-05 21:09:20.084   767   784 I         : OEM debug sns_reg_storage_init: update_gsensor_nv from OTP succeed
09-05 21:09:20.084   767   784 I libqpart: item :PSENSOR_NV, length: 0x10
09-05 21:09:20.084   767   784 I qpart-client: *** qpart_socket_client *** 
09-05 21:09:20.084   767   784 I qpart-client: Packet header to send
09-05 21:09:20.084   767   784 I qpart-client: 104 bytes sent
09-05 21:09:20.084   729   729 I qpart-server: accepted qvart request client = 5
09-05 21:09:20.084   729   729 I qpart-server: qpart_req_handle: enter +++++
09-05 21:09:20.084   729   729 I qpart-server: qotp_cmd_handle: enter +++++
09-05 21:09:20.084   729   729 I qpart-server: qotp_cmd_handle: cmd read-----
09-05 21:09:20.084   729   729 I qotp_implement: item :PSENSOR_NV, offset :0x00002800, length: 0x10
09-05 21:09:20.085   677   789 W SDM     : HWCSession::UEventThread: UEvent dropped. No uevent listener.
09-05 21:09:20.085   677   789 W SDM     : HWCSession::UEventThread: UEvent dropped. No uevent listener.
09-05 21:09:20.087   729   729 I qotp_implement: crc32_cal:  0x00000000 , size: 4
09-05 21:09:20.087   729   729 E qotp_implement: qotp_read_item, ERROR: read data is not valid 
09-05 21:09:20.087   729   729 I qpart-server: qotp_cmd_handle: leave ,rc =-32-----
09-05 21:09:20.087   729   729 I qpart-server: qpart_req_handle: rc = -32, payload_len =32 -----
09-05 21:09:20.087   729   729 I qpart-server: qpart_req_handle: end +++++
09-05 21:09:20.087   677   677 I SDM     : CoreInterface::CreateCore: Open interface handle = 0x710523c000
09-05 21:09:20.087   767   784 I qpart-client: payload_len:32
09-05 21:09:20.087   677   677 I SDM     : HWCSession::Register: Set uevent listener = 0x7105226280
09-05 21:09:20.087   767   784 I qpart-client: Packet header received
09-05 21:09:20.087   767   784 E libqpart: read qotp fail :-32
09-05 21:09:20.087   767   784 E Sensors : sns_reg_la.c(357):psensor otp item read fail
09-05 21:09:20.087   767   784 E         : update_psensor_nv: psensor otp item read fail
09-05 21:09:20.087   767   784 E Sensors : sns_reg_la.c(552):update_psensor_nv from OTP failed, error code = -3
09-05 21:09:20.088   677   677 I SDM     : HWInfo::GetFirstDisplayInterfaceType: First display is internal display
09-05 21:09:20.088   677   677 I SDM     : CPUHint::Init: Invalid CPU Hint Pre-enable Window -1
09-05 21:09:20.089   677   677 I SDM     : HWDevice::GetHWPanelMaxBrightnessFromNode: Max brightness level = 255
09-05 21:09:20.089   677   677 I SDM     : HWDevice::Init: access(/dev/graphics/fb0) successful
09-05 21:09:20.089   677   677 I SDM     : HWDevice::GetHWPanelMaxBrightnessFromNode: Max brightness level = 255
09-05 21:09:20.089   677   677 I SDM     : HWDevice::PopulateHWPanelInfo: Device type = 0, Display Port = 1, Display Mode = 1, Device Node = 0, Is Primary = 1
09-05 21:09:20.089   677   677 I SDM     : HWDevice::PopulateHWPanelInfo: Partial Update = 0, supported roi_count =0, Dynamic FPS = 0
09-05 21:09:20.089   677   677 I SDM     : HWDevice::PopulateHWPanelInfo: Align: left = 0, width = 0, top = 0, height = 0
09-05 21:09:20.089   677   677 I SDM     : HWDevice::PopulateHWPanelInfo: ROI: min_width = 0, min_height = 0, need_merge = 0
09-05 21:09:20.089   677   677 I SDM     : HWDevice::PopulateHWPanelInfo: FPS: min = 60, max =60
09-05 21:09:20.090   677   677 I SDM     : HWDevice::PopulateHWPanelInfo: Ping Pong Split = 0
09-05 21:09:20.090   677   677 I SDM     : HWDevice::PopulateHWPanelInfo: Left Split = 0, Right Split = 0
09-05 21:09:20.090     0     0 I mdss_fb_start_disp_thread: mdss_fb_blank_unblank+0x1ac/0x340: start display thread fb0
09-05 21:09:20.090     0     0 I mdss_fb_do_ioctl: reset MIPI for EDP IC can't catch mipi signal when power up
09-05 21:09:20.090     0     0 I sn65dsi86_dsi2edp_bl_enable: enable, set IO to 1
09-05 21:09:20.091     0     0 W QSEECOM : qseecom_load_app: App (soter64) does'nt exist, loading apps for first time
09-05 21:09:20.091   767   767 E Sensors : sns_debug_main.c(294):Debug Config File missing in EFS!
09-05 21:09:20.091   767   767 E Sensors : aon_control.c(119):inotify_add_watch::/persist/sensors failed
09-05 21:09:20.092   767   808 E libsensor1: check_sensors_enabled: Sensors enabled = true
09-05 21:09:20.102   767   784 E QMI_FW  : xport_handle_event: QCSI Received Resume_Tx from 00000005:0000003b on FD- 4
09-05 21:09:20.110   767   784 E QMI_FW  : xport_handle_event: QCSI Received Resume_Tx from 00000005:0000003b on FD- 4
09-05 21:09:20.112   767   784 E QMI_FW  : xport_handle_event: QCSI Received Resume_Tx from 00000005:0000003a on FD- 4
09-05 21:09:20.116   767   784 E QMI_FW  : xport_handle_event: QCSI Received Resume_Tx from 00000005:0000003a on FD- 4
09-05 21:09:20.117     0     0 I mdss_dsi_panel_bklt_pwm: set led_en(28) to low
09-05 21:09:20.118   667   667 I ServiceManagement: Registered android.hardware.audio@5.0::IDevicesFactory/default (start delay of 491ms)
09-05 21:09:20.119   667   667 I ServiceManagement: Removing namespace from process name android.hardware.audio@2.0-service to audio@2.0-service.
09-05 21:09:20.119   667   667 I audiohalservice: Registration complete for android.hardware.audio@5.0::IDevicesFactory/default.
09-05 21:09:20.126     0     0 W QSEECOM : qseecom_load_app: App with id 131074 (soter64) now loaded
09-05 21:09:20.126   703   703 D QSEECOMAPI: Loaded image: APP id = 131074
09-05 21:09:20.136   667   667 I ServiceManagement: Registered android.hardware.audio.effect@5.0::IEffectsFactory/default (start delay of 508ms)
09-05 21:09:20.136   667   667 I audiohalservice: Registration complete for android.hardware.audio.effect@5.0::IEffectsFactory/default.
09-05 21:09:20.136   496   496 I hwservicemanager: getTransport: Cannot find entry android.hardware.soundtrigger@2.2::ISoundTriggerHw/default in either framework or device manifest.
09-05 21:09:20.137   667   667 E audiohalservice: Could not get passthrough implementation for android.hardware.soundtrigger@2.2::ISoundTriggerHw/default.
09-05 21:09:20.141   671   671 I QCamera : <MCI><INFO> needHAL1Support: 336: HAL1/HAL3 IS SUPPORTED
09-05 21:09:20.155   767   808 E Sensors : aon_control.c(119):inotify_add_watch::/persist/sensors failed
09-05 21:09:20.167     0     0 I sn65dsi86_dsi2edp_bl_enable: disable, set IO to 0
09-05 21:09:20.174   667   667 D sound_trigger_hw: stdev_open: Enter
09-05 21:09:20.187     0     0 I sn65dsi86_dsi2edp_disable: start
09-05 21:09:20.210   667   667 D sound_trigger_hw: load_audio_hal: ahal is using proprietary API version 0x0101
09-05 21:09:20.211   667   667 I sound_trigger_platform: platform_stdev_init: Enter
09-05 21:09:20.226   667   667 W sound_trigger_platform: load_smlib: generate_sound_trigger_phrase_recognition_event_v3 not found. undefined symbol: generate_sound_trigger_phrase_recognition_event_v3
09-05 21:09:20.273   725   725 I SurfaceFlinger: Using HWComposer service: 'default'
09-05 21:09:20.274   725   725 I SurfaceFlinger: SurfaceFlinger is starting
09-05 21:09:20.311   682   682 W qti_sensors_hal: addSensor : Not supported sensor with handle 67!
09-05 21:09:20.340   682   682 W qti_sensors_hal: addSensor : Not supported sensor with handle 39!
09-05 21:09:20.353   682   682 W qti_sensors_hal: addSensor : Not supported sensor with handle 48!
09-05 21:09:20.353   682   682 W qti_sensors_hal: addSensor : Not supported sensor with handle 49!
09-05 21:09:20.359   682   682 W qti_sensors_hal: addSensor : Not supported sensor with handle 53!
09-05 21:09:20.363   682   682 W qti_sensors_hal: addSensor : Not supported sensor with handle 68!
09-05 21:09:20.378   682   682 I         : Loaded library from sensors.ssc.so
09-05 21:09:20.378   682   682 E /vendor/bin/hw/android.hardware.sensors@1.0-service: HAL specifies version 1.4, but does not implement set_operation_mode()
09-05 21:09:20.380   682   682 I ServiceManagement: Registered android.hardware.sensors@1.0::ISensors/default (start delay of 702ms)
09-05 21:09:20.380   682   682 I ServiceManagement: Removing namespace from process name android.hardware.sensors@1.0-service to sensors@1.0-service.
09-05 21:09:20.382   682   682 I android.hardware.sensors@1.0-service: Registration complete for android.hardware.sensors@1.0::ISensors/default.
09-05 21:09:20.409   671   671 I mm-camera: < INFO> 421: init: memleak lib init.
09-05 21:09:20.409   671   671 I mm-camera: < INFO> 440: init: memleak tracer not attached
09-05 21:09:20.410     0     0 I msm_pm_qos_add_request: add request
09-05 21:09:20.410   671   671 I mm-camera: <SENSOR>< INFO> 387: eebin_read: failed!
09-05 21:09:20.411   671   671 I mm-camera: <SENSOR>< INFO> 589: sensor_init_probe: opening: /dev/v4l-subdev10
09-05 21:09:20.411   671   671 I mm-camera: <SENSOR>< INFO> 598: sensor_init_probe: failed: to probe eeprom bin sensors (non-fatal)
09-05 21:09:20.418   671   671 I mm-camera: <SENSOR>< INFO> 216: sensor_xml_util_get_node_data: num_pairs = 13
09-05 21:09:20.418   671   671 I mm-camera: <SENSOR>< INFO> 255: sensor_xml_util_get_node_data:  i = 1 str = ov8856
09-05 21:09:20.418   671   671 I mm-camera: <SENSOR>< INFO> 255: sensor_xml_util_get_node_data:  i = 2 str = dw9714
09-05 21:09:20.418   671   671 I mm-camera: <SENSOR>< INFO> 255: sensor_xml_util_get_node_data:  i = 3 str = ov8856_gt24p64b
09-05 21:09:20.418   671   671 I mm-camera: <SENSOR>< INFO> 255: sensor_xml_util_get_node_data:  i = 5 str = pmic
09-05 21:09:20.418   671   671 I mm-camera: <SENSOR>< INFO> 255: sensor_xml_util_get_node_data:  i = 6 str = ov8856_chromatix
09-05 21:09:20.418   671   671 I mm-camera: <SENSOR>< INFO> 184: sensor_sysinfo_read: sysinfo:path /sys/module/msm_sensor_driver/parameters/module_vendor data default size 10
09-05 21:09:20.418   671   671 I mm-camera: <SENSOR>< INFO> 255: sensor_xml_util_get_node_data:  i = 8 str = 0
09-05 21:09:20.418   671   671 I mm-camera: <SENSOR>< INFO> 255: sensor_xml_util_get_node_data:  i = 9 str = 1
09-05 21:09:20.418   671   671 I mm-camera: <SENSOR>< INFO> 255: sensor_xml_util_get_node_data:  i = 10 str = BACK
09-05 21:09:20.418   671   671 I mm-camera: <SENSOR>< INFO> 255: sensor_xml_util_get_node_data:  i = 11 str = 360
09-05 21:09:20.428   671   671 I mm-camera: <SENSOR>< INFO> 311: sensor_sdk_util_get_i2c_freq_mode: Invalid i2c_freq_mode = 4
09-05 21:09:20.428     0     0 E failed  : s_ctrl 0000000048b179e4 for camera_id 0
09-05 21:09:20.428     0     0 E MSM-SENSOR-INIT msm_sensor_driver_cmd: 82 msm_sensor_driver_cmd failed (non-fatal) rc -22
09-05 21:09:20.428   671   671 I mm-camera: <SENSOR>< INFO> 246: sensor_probe: [ov8856]CFG_SINIT_PROBE failed
09-05 21:09:20.428     0     0 E MSM-SENSOR-INIT msm_sensor_init_subdev_do_ioctl: 150 msm_sensor_init_subdev_do_ioctl:150 VIDIOC_MSM_SENSOR_INIT_CFG failed (non-fatal)
09-05 21:09:20.429   671   671 I mm-camera: <SENSOR>< INFO> 399: sensor_init_xml_probe: failed: to probe ov8856
09-05 21:09:20.429   671   671 I mm-camera: <SENSOR>< INFO> 216: sensor_xml_util_get_node_data: num_pairs = 13
09-05 21:09:20.429   671   671 I mm-camera: <SENSOR>< INFO> 255: sensor_xml_util_get_node_data:  i = 1 str = se475x
09-05 21:09:20.429   671   671 I mm-camera: <SENSOR>< INFO> 255: sensor_xml_util_get_node_data:  i = 6 str = csidtg_chromatix
09-05 21:09:20.429   671   671 I mm-camera: <SENSOR>< INFO> 255: sensor_xml_util_get_node_data:  i = 8 str = 1
09-05 21:09:20.429   671   671 I mm-camera: <SENSOR>< INFO> 255: sensor_xml_util_get_node_data:  i = 9 str = 1
09-05 21:09:20.429   671   671 I mm-camera: <SENSOR>< INFO> 255: sensor_xml_util_get_node_data:  i = 10 str = FRONT
09-05 21:09:20.429   671   671 I mm-camera: <SENSOR>< INFO> 255: sensor_xml_util_get_node_data:  i = 11 str = 270
09-05 21:09:20.434   671   671 I mm-camera: <SENSOR>< INFO> 311: sensor_sdk_util_get_i2c_freq_mode: Invalid i2c_freq_mode = 4
09-05 21:09:20.434     0     0 E failed  : s_ctrl 0000000048b179e4 for camera_id 1
09-05 21:09:20.434     0     0 E MSM-SENSOR-INIT msm_sensor_driver_cmd: 82 msm_sensor_driver_cmd failed (non-fatal) rc -22
09-05 21:09:20.434   671   671 I mm-camera: <SENSOR>< INFO> 246: sensor_probe: [se475x]CFG_SINIT_PROBE failed
09-05 21:09:20.434     0     0 E MSM-SENSOR-INIT msm_sensor_init_subdev_do_ioctl: 150 msm_sensor_init_subdev_do_ioctl:150 VIDIOC_MSM_SENSOR_INIT_CFG failed (non-fatal)
09-05 21:09:20.435   671   671 I mm-camera: <SENSOR>< INFO> 399: sensor_init_xml_probe: failed: to probe se475x
09-05 21:09:20.435   671   671 I mm-camera: <SENSOR>< INFO> 216: sensor_xml_util_get_node_data: num_pairs = 13
09-05 21:09:20.435   671   671 I mm-camera: <SENSOR>< INFO> 255: sensor_xml_util_get_node_data:  i = 1 str = ov8856
09-05 21:09:20.435   671   671 I mm-camera: <SENSOR>< INFO> 255: sensor_xml_util_get_node_data:  i = 2 str = dw9714
09-05 21:09:20.435   671   671 I mm-camera: <SENSOR>< INFO> 255: sensor_xml_util_get_node_data:  i = 3 str = ov8856_gt24p64b
09-05 21:09:20.435   671   671 I mm-camera: <SENSOR>< INFO> 255: sensor_xml_util_get_node_data:  i = 5 str = pmic
09-05 21:09:20.435   671   671 I mm-camera: <SENSOR>< INFO> 255: sensor_xml_util_get_node_data:  i = 6 str = ov8856_chromatix
09-05 21:09:20.435   671   671 I mm-camera: <SENSOR>< INFO> 184: sensor_sysinfo_read: sysinfo:path /sys/module/msm_sensor_driver/parameters/module_vendor data default size 10
09-05 21:09:20.435   671   671 I mm-camera: <SENSOR>< INFO> 255: sensor_xml_util_get_node_data:  i = 8 str = 2
09-05 21:09:20.435   671   671 I mm-camera: <SENSOR>< INFO> 255: sensor_xml_util_get_node_data:  i = 9 str = 1
09-05 21:09:20.435   671   671 I mm-camera: <SENSOR>< INFO> 255: sensor_xml_util_get_node_data:  i = 10 str = FRONT
09-05 21:09:20.435   671   671 I mm-camera: <SENSOR>< INFO> 255: sensor_xml_util_get_node_data:  i = 11 str = 360
09-05 21:09:20.435   671   671 I mm-camera: <SENSOR>< INFO> 311: sensor_sdk_util_get_i2c_freq_mode: Invalid i2c_freq_mode = 4
09-05 21:09:20.435     0     0 E msm_sensor_fill_eeprom_subdevid_by_name: 469 Eeprom userspace probe for ov8856_gt24p64b
09-05 21:09:20.442   716   716 I FastMixerState: sMaxFastTracks = 8
09-05 21:09:20.443   716   716 V MediaUtils: physMem: 3812380672
09-05 21:09:20.443   716   716 V MediaUtils: requested limit: 536870912
09-05 21:09:20.443   716   716 I libc    : malloc_limit: Allocation limit enabled, max size 536870912 bytes
09-05 21:09:20.444   716   716 I audioserver: ServiceManager: 0x78c54c8340
09-05 21:09:20.444   716   716 W BatteryNotifier: batterystats service unavailable!
09-05 21:09:20.447   496   496 I hwservicemanager: getTransport: Cannot find entry android.hardware.audio@5.0::IDevicesFactory/msd in either framework or device manifest.
09-05 21:09:20.449   716   716 I AudioFlinger: Using default 3000 mSec as standby time.
09-05 21:09:20.451   716   716 E APM::Serializer: deserialize: Could not parse /odm/etc/audio_policy_configuration.xml document.
09-05 21:09:20.460   716   716 E APM::AudioPolicyEngine/Config: parse: Could not parse document /vendor/etc/audio_policy_engine_configuration.xml
09-05 21:09:20.460   716   716 W APM::AudioPolicyEngine/Base: loadAudioPolicyEngineConfig: No configuration found, using default matching phone experience.
09-05 21:09:20.461   716   716 E APM::AudioPolicyEngine/Config: parseLegacyVolumeFile: Could not parse document /odm/etc/audio_policy_configuration.xml
09-05 21:09:20.465     0     0 I msm_cci_init: 1440: hw_version = 0x10060000
09-05 21:09:20.465   716   716 D APM::AudioPolicyEngine: [Engine] prop ro.vendor.oem.hw.feature = (eth-PoE-GSen-DuSpk-GPIO-AdbMux-eRTC-Key2-dmic-SD-exPD)
09-05 21:09:20.466     0     0 I         : @@@ original_sid = 0x10, valid_flag = 0x01, eeprom_version = 0x01, checksum = 0x03
09-05 21:09:20.466     0     0 I         : @@@ rc = 0, camera_sid = 0x10, eeprom_reg_addr = 0x03 , eeprom_reg_value = 0x32
09-05 21:09:20.466   716   716 V AudioFlinger: registerClient() client 0x78c54cb040, pid 716
09-05 21:09:20.466     0     0 I         : @@@ rc = 0, camera_sid = 0x10, eeprom_reg_addr = 0x04 , eeprom_reg_value = 0x30
09-05 21:09:20.466     0     0 I         : @@@ rc = 0, camera_sid = 0x10, eeprom_reg_addr = 0x05 , eeprom_reg_value = 0x32
09-05 21:09:20.466     0     0 I         : @@@ rc = 0, camera_sid = 0x10, eeprom_reg_addr = 0x06 , eeprom_reg_value = 0x30
09-05 21:09:20.467     0     0 I         : @@@ rc = 0, camera_sid = 0x10, eeprom_reg_addr = 0x07 , eeprom_reg_value = 0x31
09-05 21:09:20.467   667   820 D audio_hw_primary: adev_open: enter
09-05 21:09:20.467   667   820 D audio_log_utils: registered, module hal
09-05 21:09:20.467     0     0 I         : @@@ rc = 0, camera_sid = 0x10, eeprom_reg_addr = 0x08 , eeprom_reg_value = 0x31
09-05 21:09:20.467     0     0 I         : @@@ rc = 0, camera_sid = 0x10, eeprom_reg_addr = 0x09 , eeprom_reg_value = 0x32
09-05 21:09:20.467     0     0 I         : @@@ rc = 0, camera_sid = 0x10, eeprom_reg_addr = 0x0a , eeprom_reg_value = 0x37
09-05 21:09:20.468     0     0 I         : @@@ rc = 0, camera_sid = 0x10, eeprom_reg_addr = 0x0b , eeprom_reg_value = 0x31
09-05 21:09:20.468     0     0 I         : @@@ rc = 0, camera_sid = 0x10, eeprom_reg_addr = 0x0c , eeprom_reg_value = 0x38
09-05 21:09:20.469   667   820 W audio_hw_utils: audio_extn_utils_get_vendor_enhanced_info: vendor_enhanced_info 0x3
09-05 21:09:20.469   667   820 D audio_hw_extn: snd_mon_feature_init: Called with feature Enabled
09-05 21:09:20.469     0     0 E         : ov8856 probe succeeded
09-05 21:09:20.472   667   820 D audio_hw_extn: snd_mon_feature_init:: ---- Feature SND_MONITOR is Enabled ----
09-05 21:09:20.472   667   820 W audio_hw_extn: :: compr_cap_feature_init: ---- Feature COMPRESS_CAPTURE is disabled ----
09-05 21:09:20.472   667   820 D audio_hw_extn: dsm_feedback_feature_init: Called with feature NOT Enabled
09-05 21:09:20.472   667   820 W audio_hw_extn: :: dsm_feedback_feature_init: ---- Feature DSM_FEEDBACK is disabled ----
09-05 21:09:20.474   667   820 D audio_hw_extn: ssrec_feature_init:: ---- Feature SSREC is Enabled ----
09-05 21:09:20.475   667   820 D audio_hw_extn: src_trkn_feature_init:: ---- Feature SOURCE_TRACKING is Enabled ----
09-05 21:09:20.475   667   820 D audio_hw_extn: hdmi_edid_feature_init: HDMI_EDID feature Enabled
09-05 21:09:20.477   671   671 I mm-camera: <SENSOR>< INFO> 216: sensor_xml_util_get_node_data: num_pairs = 9
09-05 21:09:20.477   671   671 I mm-camera: <SENSOR>< INFO> 255: sensor_xml_util_get_node_data:  i = 0 str = 2.94
09-05 21:09:20.477   671   671 I mm-camera: <SENSOR>< INFO> 255: sensor_xml_util_get_node_data:  i = 1 str = 2.4
09-05 21:09:20.477   671   671 I mm-camera: <SENSOR>< INFO> 255: sensor_xml_util_get_node_data:  i = 2 str = 1.98
09-05 21:09:20.477   671   671 I mm-camera: <SENSOR>< INFO> 255: sensor_xml_util_get_node_data:  i = 3 str = 63.2
09-05 21:09:20.477   671   671 I mm-camera: <SENSOR>< INFO> 255: sensor_xml_util_get_node_data:  i = 4 str = 49.7
09-05 21:09:20.477   671   671 I mm-camera: <SENSOR>< INFO> 255: sensor_xml_util_get_node_data:  i = 5 str = 0.1
09-05 21:09:20.477   671   671 I mm-camera: <SENSOR>< INFO> 216: sensor_xml_util_get_node_data: num_pairs = 4
09-05 21:09:20.477   671   671 I mm-camera: <SENSOR>< INFO> 255: sensor_xml_util_get_node_data:  i = 0 str = 0
09-05 21:09:20.477   671   671 I mm-camera: <SENSOR>< INFO> 255: sensor_xml_util_get_node_data:  i = 1 str = 0x1f
09-05 21:09:20.477   671   671 I mm-camera: <SENSOR>< INFO> 255: sensor_xml_util_get_node_data:  i = 2 str = 0x4320
09-05 21:09:20.477   671   671 I mm-camera: <SENSOR>< INFO> 255: sensor_xml_util_get_node_data:  i = 3 str = 0
09-05 21:09:20.478   671   671 I mm-camera: <SENSOR>< INFO> 216: sensor_xml_util_get_node_data: num_pairs = 15
09-05 21:09:20.478   671   671 I mm-camera: <SENSOR>< INFO> 255: sensor_xml_util_get_node_data:  i = 0 str = 0
09-05 21:09:20.478   671   671 I mm-camera: <SENSOR>< INFO> 255: sensor_xml_util_get_node_data:  i = 3 str = ov8856_snapshot
09-05 21:09:20.478   671   671 I mm-camera: <SENSOR>< INFO> 255: sensor_xml_util_get_node_data:  i = 4 str = ov8856_snapshot
09-05 21:09:20.478   671   671 I mm-camera: <SENSOR>< INFO> 255: sensor_xml_util_get_node_data:  i = 5 str = ov8856_default_video
09-05 21:09:20.478   671   671 I mm-camera: <SENSOR>< INFO> 255: sensor_xml_util_get_node_data:  i = 8 str = ov8856_cpp_video
09-05 21:09:20.478   671   671 I mm-camera: <SENSOR>< INFO> 255: sensor_xml_util_get_node_data:  i = 11 str = ov8856_zsl_preview
09-05 21:09:20.478   671   671 I mm-camera: <SENSOR>< INFO> 255: sensor_xml_util_get_node_data:  i = 12 str = ov8856_zsl_video
09-05 21:09:20.478   667   820 D audio_hw_extn: hdmi_edid_feature_init:: ---- Feature HDMI_EDID is Enabled ----
09-05 21:09:20.478   671   671 I mm-camera: <SENSOR>< INFO> 216: sensor_xml_util_get_node_data: num_pairs = 15
09-05 21:09:20.478   671   671 I mm-camera: <SENSOR>< INFO> 255: sensor_xml_util_get_node_data:  i = 0 str = 1
09-05 21:09:20.478   671   671 I mm-camera: <SENSOR>< INFO> 255: sensor_xml_util_get_node_data:  i = 3 str = ov8856_preview
09-05 21:09:20.479   667   820 D audio_hw_extn: :: keep_alive_feature_init: ---- Feature KEEP_ALIVE is  NOT ENABLED ----
09-05 21:09:20.479   671   671 I mm-camera: <SENSOR>< INFO> 255: sensor_xml_util_get_node_data:  i = 4 str = ov8856_preview
09-05 21:09:20.479   667   820 D audio_hw_extn: :: hifi_audio_feature_init: ---- Feature HIFI_AUDIO is ENABLED ----
09-05 21:09:20.479   671   671 I mm-camera: <SENSOR>< INFO> 255: sensor_xml_util_get_node_data:  i = 5 str = ov8856_default_video
09-05 21:09:20.479   667   820 D audio_hw_extn: :: ras_feature_init: ---- Feature RAS_FEATURE is ENABLED ----
09-05 21:09:20.479   671   671 I mm-camera: <SENSOR>< INFO> 255: sensor_xml_util_get_node_data:  i = 8 str = ov8856_cpp_video
09-05 21:09:20.479   671   671 I mm-camera: <SENSOR>< INFO> 255: sensor_xml_util_get_node_data:  i = 11 str = ov8856_a3_default_preview
09-05 21:09:20.479   667   820 D audio_hw_extn: :: kpi_optimize_feature_init: ---- Feature KPI_OPTIMIZE is ENABLED ----
09-05 21:09:20.479   671   671 I mm-camera: <SENSOR>< INFO> 255: sensor_xml_util_get_node_data:  i = 12 str = ov8856_a3_default_video
09-05 21:09:20.479   667   820 D audio_hw_extn: usb_offload_feature_init: Called with feature Enabled
09-05 21:09:20.479   667   820 D audio_hw_extn: usb_offload_burst_mode_feature_init: Called with feature NOT Enabled
09-05 21:09:20.479   671   671 I mm-camera: <SENSOR>< INFO> 216: sensor_xml_util_get_node_data: num_pairs = 15
09-05 21:09:20.479   667   820 D audio_hw_extn: usb_offload_sidetone_volume_feature_init: Called with feature NOT Enabled
09-05 21:09:20.479   671   671 I mm-camera: <SENSOR>< INFO> 255: sensor_xml_util_get_node_data:  i = 0 str = 2
09-05 21:09:20.479   667   820 D audio_hw_extn: a2dp_offload_feature_init: Called with feature Enabled
09-05 21:09:20.479   671   671 I mm-camera: <SENSOR>< INFO> 255: sensor_xml_util_get_node_data:  i = 3 str = ov8856_preview
09-05 21:09:20.479   671   671 I mm-camera: <SENSOR>< INFO> 255: sensor_xml_util_get_node_data:  i = 4 str = ov8856_preview
09-05 21:09:20.479   671   671 I mm-camera: <SENSOR>< INFO> 255: sensor_xml_util_get_node_data:  i = 5 str = ov8856_default_video
09-05 21:09:20.479   671   671 I mm-camera: <SENSOR>< INFO> 255: sensor_xml_util_get_node_data:  i = 8 str = ov8856_cpp_video
09-05 21:09:20.479   671   671 I mm-camera: <SENSOR>< INFO> 255: sensor_xml_util_get_node_data:  i = 11 str = ov8856_a3_default_preview
09-05 21:09:20.479   671   671 I mm-camera: <SENSOR>< INFO> 255: sensor_xml_util_get_node_data:  i = 12 str = ov8856_a3_default_video
09-05 21:09:20.479   671   671 I mm-camera: <SENSOR>< INFO> 216: sensor_xml_util_get_node_data: num_pairs = 15
09-05 21:09:20.479   671   671 I mm-camera: <SENSOR>< INFO> 255: sensor_xml_util_get_node_data:  i = 0 str = 3
09-05 21:09:20.479   671   671 I mm-camera: <SENSOR>< INFO> 255: sensor_xml_util_get_node_data:  i = 3 str = ov8856_hfr_60
09-05 21:09:20.479   671   671 I mm-camera: <SENSOR>< INFO> 255: sensor_xml_util_get_node_data:  i = 4 str = ov8856_hfr_60
09-05 21:09:20.479   671   671 I mm-camera: <SENSOR>< INFO> 255: sensor_xml_util_get_node_data:  i = 5 str = ov8856_hfr_60
09-05 21:09:20.479   671   671 I mm-camera: <SENSOR>< INFO> 255: sensor_xml_util_get_node_data:  i = 8 str = ov8856_cpp_hfr_60
09-05 21:09:20.479   671   671 I mm-camera: <SENSOR>< INFO> 255: sensor_xml_util_get_node_data:  i = 11 str = ov8856_a3_hfr_60
09-05 21:09:20.479   671   671 I mm-camera: <SENSOR>< INFO> 255: sensor_xml_util_get_node_data:  i = 12 str = ov8856_a3_hfr_60
09-05 21:09:20.479   671   671 I mm-camera: <SENSOR>< INFO> 216: sensor_xml_util_get_node_data: num_pairs = 15
09-05 21:09:20.479   671   671 I mm-camera: <SENSOR>< INFO> 255: sensor_xml_util_get_node_data:  i = 0 str = 4
09-05 21:09:20.479   671   671 I mm-camera: <SENSOR>< INFO> 255: sensor_xml_util_get_node_data:  i = 3 str = ov8856_hfr_90
09-05 21:09:20.479   671   671 I mm-camera: <SENSOR>< INFO> 255: sensor_xml_util_get_node_data:  i = 4 str = ov8856_hfr_90
09-05 21:09:20.479   671   671 I mm-camera: <SENSOR>< INFO> 255: sensor_xml_util_get_node_data:  i = 5 str = ov8856_hfr_90
09-05 21:09:20.479   671   671 I mm-camera: <SENSOR>< INFO> 255: sensor_xml_util_get_node_data:  i = 8 str = ov8856_cpp_hfr_90
09-05 21:09:20.479   671   671 I mm-camera: <SENSOR>< INFO> 255: sensor_xml_util_get_node_data:  i = 11 str = ov8856_a3_hfr_90
09-05 21:09:20.479   671   671 I mm-camera: <SENSOR>< INFO> 255: sensor_xml_util_get_node_data:  i = 12 str = ov8856_a3_hfr_90
09-05 21:09:20.479   671   671 I mm-camera: <SENSOR>< INFO> 216: sensor_xml_util_get_node_data: num_pairs = 14
09-05 21:09:20.479   671   671 I mm-camera: <SENSOR>< INFO> 255: sensor_xml_util_get_node_data:  i = 1 str = ov8856_common
09-05 21:09:20.479   671   671 I mm-camera: <SENSOR>< INFO> 255: sensor_xml_util_get_node_data:  i = 5 str = ov8856_cpp_preview
09-05 21:09:20.479   671   671 I mm-camera: <SENSOR>< INFO> 255: sensor_xml_util_get_node_data:  i = 6 str = ov8856_cpp_snapshot
09-05 21:09:20.479   671   671 I mm-camera: <SENSOR>< INFO> 255: sensor_xml_util_get_node_data:  i = 8 str = ov8856_cpp_liveshot
09-05 21:09:20.479   671   671 I mm-camera: <SENSOR>< INFO> 255: sensor_xml_util_get_node_data:  i = 9 str = ov8856_postproc
09-05 21:09:20.479   671   671 I mm-camera: <SENSOR>< INFO> 216: sensor_xml_util_get_node_data: num_pairs = 14
09-05 21:09:20.479   671   671 I mm-camera: <SENSOR>< INFO> 255: sensor_xml_util_get_node_data:  i = 0 str = ZOOM_UPSCALE
09-05 21:09:20.479   671   671 I mm-camera: <SENSOR>< INFO> 255: sensor_xml_util_get_node_data:  i = 6 str = ov8856_cpp_us_chromatix
09-05 21:09:20.479   671   671 I mm-camera: <SENSOR>< INFO> 216: sensor_xml_util_get_node_data: num_pairs = 14
09-05 21:09:20.479   671   671 I mm-camera: <SENSOR>< INFO> 255: sensor_xml_util_get_node_data:  i = 0 str = ZOOM_DOWNSCALE
09-05 21:09:20.479   671   671 I mm-camera: <SENSOR>< INFO> 255: sensor_xml_util_get_node_data:  i = 6 str = ov8856_cpp_ds_chromatix
09-05 21:09:20.480   671   671 I mm-camera: <SENSOR>< INFO> 216: sensor_xml_util_get_node_data: num_pairs = 13
09-05 21:09:20.480   671   671 I mm-camera: <SENSOR>< INFO> 255: sensor_xml_util_get_node_data:  i = 1 str = s5k5e9yx04
09-05 21:09:20.480   671   671 I mm-camera: <SENSOR>< INFO> 255: sensor_xml_util_get_node_data:  i = 2 str = dw9714a
09-05 21:09:20.480   671   671 I mm-camera: <SENSOR>< INFO> 255: sensor_xml_util_get_node_data:  i = 3 str = s5k5e9yx04_le24l043cb
09-05 21:09:20.480   671   671 I mm-camera: <SENSOR>< INFO> 255: sensor_xml_util_get_node_data:  i = 5 str = pmic
09-05 21:09:20.480   671   671 I mm-camera: <SENSOR>< INFO> 255: sensor_xml_util_get_node_data:  i = 6 str = s5k5e9yx04_chromatix
09-05 21:09:20.480   671   671 I mm-camera: <SENSOR>< INFO> 255: sensor_xml_util_get_node_data:  i = 8 str = 3
09-05 21:09:20.480   671   671 I mm-camera: <SENSOR>< INFO> 255: sensor_xml_util_get_node_data:  i = 9 str = 1
09-05 21:09:20.480   671   671 I mm-camera: <SENSOR>< INFO> 255: sensor_xml_util_get_node_data:  i = 10 str = FRONT
09-05 21:09:20.480   671   671 I mm-camera: <SENSOR>< INFO> 255: sensor_xml_util_get_node_data:  i = 11 str = 0
09-05 21:09:20.482   667   820 D audio_hw_extn: a2dp_offload_feature_init:: ---- Feature A2DP_OFFLOAD is Enabled ----
09-05 21:09:20.482   667   820 D audio_hw_extn: :: vbat_feature_init: ---- Feature VBAT is ENABLED ----
09-05 21:09:20.482   667   820 D audio_hw_extn: :: display_port_feature_init: ---- Feature DISPLAY_PORT is ENABLED ----
09-05 21:09:20.482   667   820 D audio_hw_extn: :: fluence_feature_init: ---- Feature FLUENCE is ENABLED ----
09-05 21:09:20.482   667   820 D audio_hw_extn: :: custom_stereo_feature_init: ---- Feature CUSTOM_STEREO is ENABLED ----
09-05 21:09:20.482   667   820 D audio_hw_extn: :: anc_headset_feature_init: ---- Feature ANC_HEADSET is ENABLED----
09-05 21:09:20.482   667   820 D audio_hw_extn: spkr_prot_feature_init: Called with feature Enabled, vendor_enhanced_info 0x3
09-05 21:09:20.483   671   671 I mm-camera: <SENSOR>< INFO> 311: sensor_sdk_util_get_i2c_freq_mode: Invalid i2c_freq_mode = 4
09-05 21:09:20.483     0     0 E failed  : s_ctrl 0000000048b179e4 for camera_id 3
09-05 21:09:20.483     0     0 E MSM-SENSOR-INIT msm_sensor_driver_cmd: 82 msm_sensor_driver_cmd failed (non-fatal) rc -22
09-05 21:09:20.483   671   671 I mm-camera: <SENSOR>< INFO> 246: sensor_probe: [s5k5e9yx04]CFG_SINIT_PROBE failed
09-05 21:09:20.483     0     0 E MSM-SENSOR-INIT msm_sensor_init_subdev_do_ioctl: 150 msm_sensor_init_subdev_do_ioctl:150 VIDIOC_MSM_SENSOR_INIT_CFG failed (non-fatal)
09-05 21:09:20.484   671   671 I mm-camera: <SENSOR>< INFO> 399: sensor_init_xml_probe: failed: to probe s5k5e9yx04
09-05 21:09:20.484     0     0 I msm_csid_init: CSID_VERSION = 0x30050000
09-05 21:09:20.485     0     0 E scm_call failed: func id 0x42001801, ret: -1, syscall returns: 0x0, 0x0, 0x0
09-05 21:09:20.485     0     0 E         : msm_csid_irq CSID0_IRQ_STATUS_ADDR = 0x800
09-05 21:09:20.488   667   820 D audio_hw_extn: spkr_prot_feature_init:: ---- Feature SPKR_PROT is Enabled ----
09-05 21:09:20.488   667   820 D audio_hw_extn: fm_feature_init: ---- Feature FM_POWER_OPT is ENABLED----
09-05 21:09:20.488   667   820 D audio_hw_extn: external_qdsp_feature_init: Called with feature NOT Enabled
09-05 21:09:20.488   667   820 W audio_hw_extn: :: external_qdsp_feature_init: ---- Feature EXTERNAL_QDSP is disabled ----
09-05 21:09:20.488   667   820 D audio_hw_extn: external_speaker_feature_init: Called with feature NOT Enabled
09-05 21:09:20.488   667   820 W audio_hw_extn: :: external_speaker_feature_init: ---- Feature EXTERNAL_SPKR is disabled ----
09-05 21:09:20.488   667   820 D audio_hw_extn: external_speaker_tfa_feature_init: Called with feature NOT Enabled
09-05 21:09:20.488   667   820 W audio_hw_extn: :: external_speaker_tfa_feature_init: ---- Feature EXTERNAL_SPKR_TFA is disabled ----
09-05 21:09:20.488   667   820 D audio_hw_extn: hwdep_cal_feature_init: Called with feature NOT Enabled
09-05 21:09:20.488   667   820 W audio_hw_extn: :: hwdep_cal_feature_init: ---- Feature HWDEP_CAL is disabled ----
09-05 21:09:20.488   667   820 D audio_hw_extn: hfp_feature_init: Called with feature Enabled
09-05 21:09:20.495   667   820 D audio_hw_extn: hfp_feature_init:: ---- Feature HFP is Enabled ----
09-05 21:09:20.495   667   820 D audio_hw_extn: ext_hw_plugin_feature_init: Called with feature NOT Enabled
09-05 21:09:20.495   667   820 W audio_hw_extn: :: ext_hw_plugin_feature_init: ---- Feature EXT_HW_PLUGIN is disabled ----
09-05 21:09:20.495   667   820 D audio_hw_extn: record_play_concurency_feature_init: ---- Feature RECORD_PLAY_CONCURRENCY is NOT ENABLED----
09-05 21:09:20.495   667   820 D audio_hw_extn: hdmi_passthrough_feature_init: Called with feature Enabled
09-05 21:09:20.498   671   671 E mm-camera: <SENSOR><ERROR> ov8856_gt24p64b_eeprom_open_lib: 359: ov8856_gt24p64b_eeprom_open_lib Enter
09-05 21:09:20.502   667   820 E audio_hw_extn: hdmi_passthrough_feature_init: dlsym failed
09-05 21:09:20.503   667   820 W audio_hw_extn: :: hdmi_passthrough_feature_init: ---- Feature HDMI_PASSTHROUGH is disabled ----
09-05 21:09:20.503   667   820 D audio_hw_extn: concurrent_capture_feature_init: ---- Feature CONCURRENT_CAPTURE is NOT ENABLED----
09-05 21:09:20.503   667   820 D audio_hw_extn: compress_in_feature_init: ---- Feature COMPRESS_IN is NOT ENABLED----
09-05 21:09:20.503   667   820 W audio_hw_extn: :: battery_listener_feature_init: ---- Feature BATTERY_LISTENER is disabled ----
09-05 21:09:20.503   667   820 D audio_hw_extn: maxx_audio_feature_init: Called with feature NOT Enabled
09-05 21:09:20.503   667   820 W audio_hw_extn: :: maxx_audio_feature_init: ---- Feature MAXX_AUDIO is disabled ----
09-05 21:09:20.503   667   820 D audio_hw_extn: audiozoom_feature_init: Called with feature NOT Enabled
09-05 21:09:20.503   667   820 W audio_hw_extn: :: audiozoom_feature_init: ---- Feature AUDIOZOOM is disabled ----
09-05 21:09:20.503   667   820 D voice_extn: :: dynamic_ecns_feature_init: ---- Feature DYNAMIC_ECNS is NOT ENABLED ----
09-05 21:09:20.511   667   820 E audio_hw_extn: audio_extn_perf_lock_init: Perf lock handles Success 
09-05 21:09:20.527     0     0 I msm_cci_init: 1440: hw_version = 0x10060000
09-05 21:09:20.542   629   629 D ICU     : Time zone APEX file found: /apex/com.android.tzdata/etc/icu/icu_tzdata.dat
09-05 21:09:20.543   628   628 D ICU     : Time zone APEX file found: /apex/com.android.tzdata/etc/icu/icu_tzdata.dat
09-05 21:09:20.605     0     0 E wlan    : Loading driver v5.2.03.27K; 2021-08-31T03:31:39Z; cld:I59e3b71c2d; cmn:Ibe1096815a; ()
