06-23 20:48:09.840   640   640 I AndroidRuntime: Leaving lock profiling enabled
06-23 20:48:09.846   640   640 I zygote  : option[0]=-Xzygote
06-23 20:48:09.846   640   640 I zygote  : option[1]=exit
06-23 20:48:09.846   640   640 I zygote  : option[2]=vfprintf
06-23 20:48:09.846   640   640 I zygote  : option[3]=sensitiveThread
06-23 20:48:09.846   640   640 I zygote  : option[4]=-verbose:gc
06-23 20:48:09.846   640   640 I zygote  : option[5]=-Xms8m
06-23 20:48:09.846   640   640 I zygote  : option[6]=-Xmx512m
06-23 20:48:09.846   640   640 I zygote  : option[7]=-XX:HeapGrowthLimit=256m
06-23 20:48:09.846   640   640 I zygote  : option[8]=-XX:HeapMinFree=512k
06-23 20:48:09.846   640   640 I zygote  : option[9]=-XX:HeapMaxFree=8m
06-23 20:48:09.846   640   640 I zygote  : option[10]=-XX:HeapTargetUtilization=0.75
06-23 20:48:09.846   640   640 I zygote  : option[11]=-Xusejit:true
06-23 20:48:09.846   640   640 I zygote  : option[12]=-Xjitsaveprofilinginfo
06-23 20:48:09.846   640   640 I zygote  : option[13]=-XjdwpOptions:suspend=n,server=y
06-23 20:48:09.846   640   640 I zygote  : option[14]=-XjdwpProvider:default
06-23 20:48:09.846   640   640 I zygote  : option[15]=-Xlockprofthreshold:500
06-23 20:48:09.846   640   640 I zygote  : option[16]=-Ximage-compiler-option
06-23 20:48:09.846   640   640 I zygote  : option[17]=--runtime-arg
06-23 20:48:09.846   640   640 I zygote  : option[18]=-Ximage-compiler-option
06-23 20:48:09.846   640   640 I zygote  : option[19]=-Xms64m
06-23 20:48:09.846   640   640 I zygote  : option[20]=-Ximage-compiler-option
06-23 20:48:09.846   640   640 I zygote  : option[21]=--runtime-arg
06-23 20:48:09.846   640   640 I zygote  : option[22]=-Ximage-compiler-option
06-23 20:48:09.846   640   640 I zygote  : option[23]=-Xmx64m
06-23 20:48:09.846   640   640 I zygote  : option[24]=-Ximage-compiler-option
06-23 20:48:09.846   640   640 I zygote  : option[25]=--profile-file=/system/etc/boot-image.prof
06-23 20:48:09.846   640   640 I zygote  : option[26]=-Ximage-compiler-option
06-23 20:48:09.846   640   640 I zygote  : option[27]=--compiler-filter=speed-profile
06-23 20:48:09.846   640   640 I zygote  : option[28]=-Xcompiler-option
06-23 20:48:09.846   640   640 I zygote  : option[29]=--runtime-arg
06-23 20:48:09.846   640   640 I zygote  : option[30]=-Xcompiler-option
06-23 20:48:09.846   640   640 I zygote  : option[31]=-Xms64m
06-23 20:48:09.846   640   640 I zygote  : option[32]=-Xcompiler-option
06-23 20:48:09.846   640   640 I zygote  : option[33]=--runtime-arg
06-23 20:48:09.846   640   640 I zygote  : option[34]=-Xcompiler-option
06-23 20:48:09.846   640   640 I zygote  : option[35]=-Xmx512m
06-23 20:48:09.846   640   640 I zygote  : option[36]=-Ximage-compiler-option
06-23 20:48:09.846   640   640 I zygote  : option[37]=--instruction-set-variant=cortex-a73
06-23 20:48:09.846   640   640 I zygote  : option[38]=-Xcompiler-option
06-23 20:48:09.846   640   640 I zygote  : option[39]=--instruction-set-variant=cortex-a73
06-23 20:48:09.846   640   640 I zygote  : option[40]=-Ximage-compiler-option
06-23 20:48:09.846   640   640 I zygote  : option[41]=--instruction-set-features=default
06-23 20:48:09.846   640   640 I zygote  : option[42]=-Xcompiler-option
06-23 20:48:09.846   640   640 I zygote  : option[43]=--instruction-set-features=default
06-23 20:48:09.846   640   640 I zygote  : option[44]=-Duser.locale=en-US
06-23 20:48:09.846   640   640 I zygote  : option[45]=--cpu-abilist=armeabi-v7a,armeabi
06-23 20:48:09.846   640   640 I zygote  : option[46]=-Xcompiler-option
06-23 20:48:09.846   640   640 I zygote  : option[47]=--generate-mini-debug-info
06-23 20:48:09.846   640   640 I zygote  : option[48]=-Xcore-platform-api-policy:just-warn
06-23 20:48:09.846   640   640 I zygote  : option[49]=-Xfingerprint:Elo/15in-I-Series-4/15in-I-Series-4:10/QKQ1.201112.002/eng.youkai.20210624.000557:userdebug/debug,release-keys
06-23 20:48:09.851   640   640 I zygote  : Core platform API reporting enabled, enforcing=false
06-23 20:48:09.962   681   681 I ServiceManagement: Registered android.hidl.allocator@1.0::IAllocator/ashmem (start delay of 43ms)
06-23 20:48:09.962   681   681 I ServiceManagement: Removing namespace from process name android.hidl.allocator@1.0-service to allocator@1.0-service.
06-23 20:48:10.038   692   692 E light   : light_open lights keyboard failed: -22
06-23 20:48:10.039   692   692 E light   : Light passthrough failed to load legacy HAL.
06-23 20:48:10.039   692   692 E light   : light_open lights buttons failed: -22
06-23 20:48:10.039   692   692 E light   : Light passthrough failed to load legacy HAL.
06-23 20:48:10.041   692   692 E light   : light_open lights bluetooth failed: -22
06-23 20:48:10.041   692   692 E light   : Light passthrough failed to load legacy HAL.
06-23 20:48:10.041   692   692 E light   : light_open lights wifi failed: -22
06-23 20:48:10.041   692   692 E light   : Light passthrough failed to load legacy HAL.
06-23 20:48:10.042   682   682 I ServiceManagement: Registered android.system.suspend@1.0::ISystemSuspend/default (start delay of 124ms)
06-23 20:48:10.042   682   682 I ServiceManagement: Removing namespace from process name android.system.suspend@1.0-service to suspend@1.0-service.
06-23 20:48:10.057   704   704 I OEMPowerUtil: initialize().
06-23 20:48:10.070   693   693 I ServiceManagement: Registered android.hardware.memtrack@1.0::IMemtrack/default (start delay of 122ms)
06-23 20:48:10.070   693   693 I ServiceManagement: Removing namespace from process name android.hardware.memtrack@1.0-service to memtrack@1.0-service.
06-23 20:48:10.070   693   693 I android.hardware.memtrack@1.0-service: Registration complete for android.hardware.memtrack@1.0::IMemtrack/default.
06-23 20:48:10.071   627   627 E QMI_FW  : xport_lookup: No RX for lookup -1
06-23 20:48:10.072   627   627 D QC-time-services: Daemon:genoff_modem_qmi_init: Initializing QMI 
06-23 20:48:10.072   627   634 E QMI_FW  : ctrl_msg_reader_thread: control thread received ENETRESET 102
06-23 20:48:10.078   687   687 I ServiceManagement: Registered android.hardware.drm@1.0::IDrmFactory/default (start delay of 150ms)
06-23 20:48:10.078   687   687 I ServiceManagement: Removing namespace from process name android.hardware.drm@1.0-service to drm@1.0-service.
06-23 20:48:10.078   687   687 I         : Registration complete for android.hardware.drm@1.0::IDrmFactory/default.
06-23 20:48:10.081   683   683 I android.hardware.bluetooth@1.0-service: vendorEnhancedInfo: 3
06-23 20:48:10.082   683   683 I android.hardware.bluetooth@1.0-service: isVendorEnhancedFramework: 1
06-23 20:48:10.082   683   683 I android.hardware.bluetooth@1.0-service: Registering BT Service
06-23 20:48:10.090   707   707 D vendor.qti.esepowermanager@1.0-service: loading eseservice
06-23 20:48:10.090   707   707 D QSEECOMAPI: QSEECom_get_handle sb_length = 0x400
06-23 20:48:10.094   692   692 I ServiceManagement: Registered android.hardware.light@2.0::ILight/default (start delay of 146ms)
06-23 20:48:10.094   692   692 I ServiceManagement: Removing namespace from process name android.hardware.light@2.0-service to light@2.0-service.
06-23 20:48:10.094   692   692 I         : Registration complete for android.hardware.light@2.0::ILight/default.
06-23 20:48:10.094   707   707 D QSEECOMAPI: App is not loaded in QSEE
06-23 20:48:10.094   707   707 E QSEECOMAPI: Error::Cannot open the file /vendor/firmware_mnt/image/eseservice.mdt errno = 2
06-23 20:48:10.094   707   707 E QSEECOMAPI: Error::Loading image failed with ret = -1
06-23 20:48:10.094   707   707 D vendor.qti.esepowermanager@1.0-service: loading eseservice failed
06-23 20:48:10.094   707   707 D vendor.qti.esepowermanager@1.0-service: eSEPowerManager is starting
06-23 20:48:10.095   717   717 I chatty  : uid=0(root) /vendor/bin/irsc_util expire 3 lines
06-23 20:48:10.096   698   698 I ServiceManagement: Registered android.hardware.usb@1.0::IUsb/default (start delay of 128ms)
06-23 20:48:10.096   698   698 I ServiceManagement: Removing namespace from process name android.hardware.usb@1.0-service to usb@1.0-service.
06-23 20:48:10.097   698   698 I android.hardware.usb@1.0-service: USB HAL Ready.
06-23 20:48:10.098   714   714 D         : tui_comm: svc service starting :)
06-23 20:48:10.099   704   704 I ServiceManagement: Registered vendor.elo.hardware.oempowersave@1.0::IOemPowerSave/default (start delay of 121ms)
06-23 20:48:10.099   704   704 I ServiceManagement: Removing namespace from process name vendor.elo.hardware.oempowersave@1.0-service to oempowersave@1.0-service.
06-23 20:48:10.099   687   687 I ServiceManagement: Registered android.hardware.drm@1.0::ICryptoFactory/default (start delay of 171ms)
06-23 20:48:10.099   687   687 I ServiceManagement: Removing namespace from process name android.hardware.drm@1.0-service to drm@1.0-service.
06-23 20:48:10.099   687   687 I         : Registration complete for android.hardware.drm@1.0::ICryptoFactory/default.
06-23 20:48:10.100   701   701 I ServiceManagement: Registered vendor.elo.hardware.oemkeys@1.0::IOemKeys/default (start delay of 122ms)
06-23 20:48:10.101   701   701 I ServiceManagement: Removing namespace from process name vendor.elo.hardware.oemkeys@1.0-service to oemkeys@1.0-service.
06-23 20:48:10.102   627   732 D QC-time-services: Daemon: Time-services: All initializations done
06-23 20:48:10.102   627   732 E QC-time-services: Daemon: Time-services: Waiting to acceptconnection
06-23 20:48:10.103   697   697 I auditd  : type=1400 audit(0.0:8): avc: denied { read } for comm="android.hardwar" name="pa" dev="sysfs" ino=32090 scontext=u:r:hal_tv_cec_default:s0 tcontext=u:object_r:sysfs:s0 tclass=file permissive=0
06-23 20:48:10.103   697   697 W android.hardwar: type=1400 audit(0.0:8): avc: denied { read } for name="pa" dev="sysfs" ino=32090 scontext=u:r:hal_tv_cec_default:s0 tcontext=u:object_r:sysfs:s0 tclass=file permissive=0
06-23 20:48:10.106   702   702 E OEMLIGHT: OemLight Hal start
06-23 20:48:10.107   702   702 E OEMLIGHT: power LED not support
06-23 20:48:10.107   702   702 E OEMLIGHT: function LED not support
06-23 20:48:10.108   714   714 I ServiceManagement: Registered vendor.qti.hardware.tui_comm@1.0::ITuiComm/default (start delay of 100ms)
06-23 20:48:10.109   714   714 I ServiceManagement: Removing namespace from process name vendor.qti.hardware.tui_comm@1.0-service-qti to tui_comm@1.0-service-qti.
06-23 20:48:10.109   714   714 E         : Registered ITuiComm HAL service success!
06-23 20:48:10.112   702   702 I ServiceManagement: Registered vendor.elo.hardware.oemlight@1.0::IOemLight/default (start delay of 134ms)
06-23 20:48:10.113   702   702 I ServiceManagement: Removing namespace from process name vendor.elo.hardware.oemlight@1.0-service to oemlight@1.0-service.
06-23 20:48:10.113   705   705 I ServiceManagement: Registered vendor.elo.hardware.oemuinput@1.0::IOemUinput/default (start delay of 125ms)
06-23 20:48:10.113   705   705 I ServiceManagement: Removing namespace from process name vendor.elo.hardware.oemuinput@1.0-service to oemuinput@1.0-service.
06-23 20:48:10.113   707   707 I ServiceManagement: Registered vendor.qti.esepowermanager@1.0::IEsePowerManager/default (start delay of 125ms)
06-23 20:48:10.114   707   707 I ServiceManagement: Removing namespace from process name vendor.qti.esepowermanager@1.0-service to esepowermanager@1.0-service.
06-23 20:48:10.114   696   696 I ServiceManagement: Registered android.hardware.thermal@1.0::IThermal/default (start delay of 155ms)
06-23 20:48:10.114   707   707 I vendor.qti.esepowermanager@1.0-service: Registration complete for vendor.qti.esepowermanager@1.0::IEsePowerManager/default.
06-23 20:48:10.114   696   696 I ServiceManagement: Removing namespace from process name android.hardware.thermal@1.0-service to thermal@1.0-service.
06-23 20:48:10.114   696   696 I android.hardware.thermal@1.0-service: Registration complete for android.hardware.thermal@1.0::IThermal/default.
06-23 20:48:10.116   697   697 E qdhdmi_cec: write_node: Failed to access path: /sys/devices/virtual/graphics/fb1/cec/logical_addr error: No such file or directory
06-23 20:48:10.116   697   697 E qdhdmi_cec: write_node: Failed to access path: /sys/devices/virtual/graphics/fb1/cec/enable error: No such file or directory
06-23 20:48:10.116   697   697 E qdhdmi_cec: cec_enable: Failed to toggle CEC: enable: 1
06-23 20:48:10.116   697   697 D qdhdmi_cec: cec_init_context: CEC enabled
06-23 20:48:10.116   697   697 E qdhdmi_cec: Node open failed for display 1 event cec/rd_msg error No such file or directory
06-23 20:48:10.116   697   697 E qdhdmi_cec: Failed to set poll event parameters
06-23 20:48:10.116   697   697 E qdhdmi_cec: Failed to populate poll parameters for monitoring HDMI CEC events. Exiting.
06-23 20:48:10.116   697   697 E qdhdmi_cec: write_node: Failed to access path: /sys/devices/virtual/graphics/fb1/cec/enable error: No such file or directory
06-23 20:48:10.116   697   697 E qdhdmi_cec: cec_enable: Failed to toggle CEC: enable: 0
06-23 20:48:10.118   717   717 E irsc_util: irsc_feed_config: Security config ioctl failed
06-23 20:48:10.119   697   697 I ServiceManagement: Registered android.hardware.tv.cec@1.0::IHdmiCec/default (start delay of 161ms)
06-23 20:48:10.119   697   697 I ServiceManagement: Removing namespace from process name android.hardware.tv.cec@1.0-service to cec@1.0-service.
06-23 20:48:10.119   697   697 I android.hardware.tv.cec@1.0-service: Registration complete for android.hardware.tv.cec@1.0::IHdmiCec/default.
06-23 20:48:10.125   685   685 I ServiceManagement: Registered android.hardware.cas@1.1::IMediaCasService/default (start delay of 197ms)
06-23 20:48:10.126   685   685 I ServiceManagement: Removing namespace from process name android.hardware.cas@1.1-service to cas@1.1-service.
06-23 20:48:10.126   711   711 I ServiceManagement: Registered vendor.qti.hardware.servicetracker@1.0::IServicetracker/default (start delay of 118ms)
06-23 20:48:10.127   711   711 I ServiceManagement: Removing namespace from process name vendor.qti.hardware.servicetracker@1.0-service to servicetracker@1.0-service.
06-23 20:48:10.127   711   711 I         : Registration complete for vendor.qti.hardware.servicetracker@1.0::IServicetracker/default.
06-23 20:48:10.136   709   709 D         : QdutilsDisp: svc service starting :)
06-23 20:48:10.138   700   700 I ServiceManagement: Registered vendor.display.color@1.0::IDisplayColor/default (start delay of 170ms)
06-23 20:48:10.138   700   700 I ServiceManagement: Removing namespace from process name vendor.display.color@1.0-service to color@1.0-service.
06-23 20:48:10.139   709   709 I ServiceManagement: Registered vendor.qti.hardware.qdutils_disp@1.0::IQdutilsDisp/default (start delay of 141ms)
06-23 20:48:10.139   709   709 I ServiceManagement: Removing namespace from process name vendor.qti.hardware.qdutils_disp@1.0-service-qti to qdutils_disp@1.0-service-qti.
06-23 20:48:10.139   709   709 E         : Registered IQdutilsDisp HAL service success!
06-23 20:48:10.140   700   700 I ServiceManagement: Registered vendor.display.postproc@1.0::IDisplayPostproc/default (start delay of 172ms)
06-23 20:48:10.141   710   710 I ServiceManagement: Registered vendor.qti.hardware.qteeconnector@1.0::IAppConnector/default (start delay of 142ms)
06-23 20:48:10.141   710   710 I ServiceManagement: Removing namespace from process name vendor.qti.hardware.qteeconnector@1.0-service to qteeconnector@1.0-service.
06-23 20:48:10.142   691   691 I health@2.0/: health@2.0/default: Hal starting main loop...
06-23 20:48:10.142   691   691 I health@2.0/: health@2.0/default Hal is starting up...
06-23 20:48:10.145   498   498 I hwservicemanager: getTransport: Cannot find entry android.hardware.gnss@2.0::IGnss/default in either framework or device manifest.
06-23 20:48:10.147   703   703 I vendor.elo.hardware.oemmisc@1.0-service: OemMisc Service start!
06-23 20:48:10.151   691   691 I ServiceManagement: Registered android.hardware.health@2.0::IHealth/default (start delay of 203ms)
06-23 20:48:10.151   691   691 I ServiceManagement: Removing namespace from process name android.hardware.health@2.0-service to health@2.0-service.
06-23 20:48:10.151   691   691 I health@2.0/: health@2.0/default: Hal init done
06-23 20:48:10.151   710   710 I ServiceManagement: Registered vendor.qti.hardware.qteeconnector@1.0::IGPAppConnector/default (start delay of 153ms)
06-23 20:48:10.151   710   710 I ServiceManagement: Removing namespace from process name vendor.qti.hardware.qteeconnector@1.0-service to qteeconnector@1.0-service.
06-23 20:48:10.158   706   706 D hal-OemUsbConfig: OemUsbConfig hal start
06-23 20:48:10.162   684   684 I android.hardware.camera.provider@2.4-service: CameraProvider@2.4 legacy service is starting.
06-23 20:48:10.164   712   712 D QSEECOMAPI: QSEECom_get_handle sb_length = 0x2800
06-23 20:48:10.164   712   712 D QSEECOMAPI: App is not loaded in QSEE
06-23 20:48:10.166   703   703 I ServiceManagement: Registered vendor.elo.hardware.oemmisc@1.0::IOemMisc/default (start delay of 188ms)
06-23 20:48:10.166   703   703 I ServiceManagement: Removing namespace from process name vendor.elo.hardware.oemmisc@1.0-service to oemmisc@1.0-service.
06-23 20:48:10.166   706   706 I ServiceManagement: Registered vendor.elo.hardware.oemusbconfig@1.0::IOemUsbConfig/default (start delay of 178ms)
06-23 20:48:10.166   706   706 I ServiceManagement: Removing namespace from process name vendor.elo.hardware.oemusbconfig@1.0-service to oemusbconfig@1.0-service.
06-23 20:48:10.171   712   712 D QSEECOMAPI: app_arch = 2, total_files = 9
06-23 20:48:10.171   712   712 E ion     : ioctl c0044901 failed with code -1: Not a typewriter
06-23 20:48:10.175   694   694 I QTI PowerHAL: Initing
06-23 20:48:10.176   694   694 I ServiceManagement: Registered android.hardware.power@1.0::IPower/default (start delay of 218ms)
06-23 20:48:10.176   694   694 I ServiceManagement: Removing namespace from process name android.hardware.power@1.0-service to power@1.0-service.
06-23 20:48:10.177   694   694 I android.hardware.power@1.0-service: Registration complete for android.hardware.power@1.0::IPower/default.
06-23 20:48:10.178   683   683 I ServiceManagement: Registered android.hardware.bluetooth@1.0::IBluetoothHci/default (start delay of 260ms)
06-23 20:48:10.179   683   683 I ServiceManagement: Removing namespace from process name android.hardware.bluetooth@1.0-service-qti to bluetooth@1.0-service-qti.
06-23 20:48:10.179   683   683 I         : Registration complete for android.hardware.bluetooth@1.0::IBluetoothHci/default.
06-23 20:48:10.179   683   683 I android.hardware.bluetooth@1.0-service: Registering ANT Service
06-23 20:48:10.193   688   688 D gps_ql  : get android version:29
06-23 20:48:10.197   689   689 I ServiceManagement: Registered android.hardware.graphics.allocator@2.0::IAllocator/default (start delay of 257ms)
06-23 20:48:10.197   689   689 I ServiceManagement: Removing namespace from process name android.hardware.graphics.allocator@2.0-service to allocator@2.0-service.
06-23 20:48:10.197   689   689 I android.hardware.graphics.allocator@2.0-service: Registration complete for android.hardware.graphics.allocator@2.0::IAllocator/default.
06-23 20:48:10.200   745   745 I vendor.rmt_storage: Modem subsystem found on target!
06-23 20:48:10.201   686   686 W /vendor/bin/hw/android.hardware.configstore@1.1-service: libminijail[686]: allowing syscall: connect
06-23 20:48:10.201   686   686 W /vendor/bin/hw/android.hardware.configstore@1.1-service: libminijail[686]: allowing syscall: fcntl
06-23 20:48:10.201   686   686 W /vendor/bin/hw/android.hardware.configstore@1.1-service: libminijail[686]: allowing syscall: sendto
06-23 20:48:10.201   686   686 W /vendor/bin/hw/android.hardware.configstore@1.1-service: libminijail[686]: allowing syscall: socket
06-23 20:48:10.201   686   686 W /vendor/bin/hw/android.hardware.configstore@1.1-service: libminijail[686]: allowing syscall: writev
06-23 20:48:10.201   745   745 I vendor.rmt_storage: Shared memory initialised successfully.
06-23 20:48:10.201   745   745 I vendor.rmt_storage: Registering modemst1: 0x4a /boot/modem_fs1
06-23 20:48:10.201   745   745 I vendor.rmt_storage: Registering modemst2: 0x4b /boot/modem_fs2
06-23 20:48:10.201   745   745 I vendor.rmt_storage: Registering fsc: 0xff /boot/modem_fsc
06-23 20:48:10.201   745   745 I vendor.rmt_storage: Registering fsg: 0x58 /boot/modem_fsg
06-23 20:48:10.201   745   745 I vendor.rmt_storage: 4 GPT partitions found
06-23 20:48:10.201   745   745 I vendor.rmt_storage: Capset success!
06-23 20:48:10.201   695   695 E libsensor1: check_sensors_enabled: Sensors enabled = true
06-23 20:48:10.204   743   743 W logd2   : Should set uid/gid from root to system
06-23 20:48:10.204   743   743 W logd2   : waiting client connection
06-23 20:48:10.207   688   688 I ServiceManagement: Registered android.hardware.gnss@2.0::IGnss/default (start delay of 269ms)
06-23 20:48:10.207   688   688 I ServiceManagement: Removing namespace from process name android.hardware.gnss@2.0-service.quectel to gnss@2.0-service.quectel.
06-23 20:48:10.207   688   688 I android.hardware.gnss@2.0-service: Registration complete for android.hardware.gnss@2.0::IGnss/default.
06-23 20:48:10.208   683   683 I ServiceManagement: Registered com.qualcomm.qti.ant@1.0::IAntHci/default (start delay of 290ms)
06-23 20:48:10.208   683   683 I         : Registration complete for com.qualcomm.qti.ant@1.0::IAntHci/default.
06-23 20:48:10.208   683   683 I android.hardware.bluetooth@1.0-service: Registering SAR service
06-23 20:48:10.209   686   686 W /vendor/bin/hw/android.hardware.configstore@1.1-service: libminijail[686]: logging seccomp filter failures
06-23 20:48:10.214   746   746 I tftp_server: Initializing tftp_server RING buffer
06-23 20:48:10.214   746   746 I tftp_server: Starting...
06-23 20:48:10.215   722   722 I pd-mapper-svc: Starting pd-mapper service
06-23 20:48:10.215   722   722 I pd-mapper-svc: Parsing file :/vendor/firmware_mnt/image/adspr.jsn:
06-23 20:48:10.216   744   744 I qpart-server: *** Starting Qpart Server *** 
06-23 20:48:10.216   744   744 I qpart-server: sizeof(T_Socket_Packet):40
06-23 20:48:10.216   744   744 I qpart-server: SOCKET_PKT_HEADER_LEN:40
06-23 20:48:10.216   744   744 I qpart-server: init all signals
06-23 20:48:10.217   744   744 I qpart-server: waiting client connection
06-23 20:48:10.219   686   686 I ServiceManagement: Registered android.hardware.configstore@1.1::ISurfaceFlingerConfigs/default (start delay of 290ms)
06-23 20:48:10.219   686   686 I ServiceManagement: Removing namespace from process name android.hardware.configstore@1.1-service to configstore@1.1-service.
06-23 20:48:10.220   722   722 I pd-mapper-svc: Parsing file :/vendor/firmware_mnt/image/adsps.jsn:
06-23 20:48:10.221   720   720 I PerMgrSrv: Adding entry for modem : offTimeout : 500 ackTimeout : 200
06-23 20:48:10.221   722   722 I pd-mapper-svc: Parsing file :/vendor/firmware_mnt/image/adspua.jsn:
06-23 20:48:10.223   683   683 E vendor.qti.hardware.bluetooth_sar@1.0-BluetoothSar: HIDL_FETCH_IBluetoothSar
06-23 20:48:10.224   722   722 I pd-mapper-svc: Parsing file :/vendor/firmware_mnt/image/cdspr.jsn:
06-23 20:48:10.225   683   683 I ServiceManagement: Registered vendor.qti.hardware.bluetooth_sar@1.0::IBluetoothSar/default (start delay of 307ms)
06-23 20:48:10.225   683   683 I         : Registration complete for vendor.qti.hardware.bluetooth_sar@1.0::IBluetoothSar/default.
06-23 20:48:10.225   683   683 I android.hardware.bluetooth@1.0-service: Registering BT Config store Service
06-23 20:48:10.227   708   708 I ServiceManagement: Registered vendor.qti.hardware.perf@2.1::IPerf/default (start delay of 229ms)
06-23 20:48:10.227   708   708 I ServiceManagement: Removing namespace from process name vendor.qti.hardware.perf@2.1-service to perf@2.1-service.
06-23 20:48:10.227   720   720 I PerMgrSrv: Peripheral Mananager service start
06-23 20:48:10.227   720   720 I PerMgrSrv: power-off timeout 500,ms; event-ack timeout 200,ms; debug-mode false
06-23 20:48:10.227   720   720 I PerMgrSrv: Statistics for : modem
06-23 20:48:10.227   720   720 I PerMgrSrv: modem: Current State : is off-line
06-23 20:48:10.227   720   720 I PerMgrSrv: modem: Voter/Listener count : 0/0
06-23 20:48:10.227   720   720 I PerMgrSrv: modem: Power on count : 0
06-23 20:48:10.227   720   720 I PerMgrSrv: modem: Power off count: 0
06-23 20:48:10.227   720   720 I PerMgrSrv: modem: Client list:
06-23 20:48:10.228   708   708 E vendor.qti.hardware.perf@2.1-service: Registered IPerf HAL service success!
06-23 20:48:10.228   720   760 I PerMgrSrv: QMI service start
06-23 20:48:10.229   722   722 I pd-mapper-svc: Parsing file :/vendor/firmware_mnt/image/modemr.jsn:
06-23 20:48:10.230   722   722 I pd-mapper-svc: Parsing file :/vendor/firmware_mnt/image/modemuw.jsn:
06-23 20:48:10.235   722   765 I pd-mapper-svc: Starting servloc server
06-23 20:48:10.236   683   683 I ServiceManagement: Registered vendor.qti.hardware.btconfigstore@1.0::IBTConfigStore/default (start delay of 318ms)
06-23 20:48:10.236   683   683 I         : Registration complete for vendor.qti.hardware.btconfigstore@1.0::IBTConfigStore/default.
06-23 20:48:10.247   739   739 I lowmemorykiller: PSI window size is changed to 500ms
06-23 20:48:10.247   739   739 I lowmemorykiller: PSI poll period for super critical event is changed to 100ms
06-23 20:48:10.247   739   739 I lowmemorykiller: Using in-kernel low memory killer interface
06-23 20:48:10.272   699   699 I android.hardware.wifi@1.0-service: Wifi Hal is booting up...
06-23 20:48:10.275   699   699 I ServiceManagement: Registered android.hardware.wifi@1.3::IWifi/default (start delay of 307ms)
06-23 20:48:10.275   699   699 I ServiceManagement: Removing namespace from process name android.hardware.wifi@1.0-service to wifi@1.0-service.
06-23 20:48:10.300   756   791 I         : OEM debug sns_reg_storage_init: sns_reg_filename = /mnt/vendor/persist/sensors/sns.reg
06-23 20:48:10.319   680   680 I ServiceManagement: Registered android.hardware.audio@5.0::IDevicesFactory/default (start delay of 401ms)
06-23 20:48:10.319   680   680 I ServiceManagement: Removing namespace from process name android.hardware.audio@2.0-service to audio@2.0-service.
06-23 20:48:10.319   680   680 I audiohalservice: Registration complete for android.hardware.audio@5.0::IDevicesFactory/default.
06-23 20:48:10.326   756   791 I         : OEM debug sns_reg_write_conf_item: get platform_string = I40
06-23 20:48:10.326   756   791 I         : , persist.sys.gsensor.cal = 
06-23 20:48:10.326   756   791 I         : OEM debug sns_reg_match_conf_item: now we found platform_conf=sdm660
06-23 20:48:10.326   756   791 I chatty  : uid=1000(system) /vendor/bin/sensors.qti identical 1 line
06-23 20:48:10.326   756   791 I         : OEM debug sns_reg_match_conf_item: now we found platform_conf=sdm660
06-23 20:48:10.339   756   791 I libqpart: item :GSENSOR_BIAS, length: 0x20
06-23 20:48:10.339   756   791 I qpart-client: *** qpart_socket_client *** 
06-23 20:48:10.340   756   791 I qpart-client: Packet header to send
06-23 20:48:10.340   756   791 I qpart-client: 136 bytes sent
06-23 20:48:10.340   744   744 I qpart-server: accepted qvart request client = 5
06-23 20:48:10.340   744   744 I qpart-server: qpart_req_handle: enter +++++
06-23 20:48:10.340   744   744 I qpart-server: qotp_cmd_handle: enter +++++
06-23 20:48:10.340   744   744 I qpart-server: qotp_cmd_handle: cmd read-----
06-23 20:48:10.340   744   744 I qotp_implement: item :GSENSOR_BIAS, offset :0x00002400, length: 0x20
06-23 20:48:10.349   680   680 I ServiceManagement: Registered android.hardware.audio.effect@5.0::IEffectsFactory/default (start delay of 431ms)
06-23 20:48:10.349   680   680 I audiohalservice: Registration complete for android.hardware.audio.effect@5.0::IEffectsFactory/default.
06-23 20:48:10.351   498   498 I hwservicemanager: getTransport: Cannot find entry android.hardware.soundtrigger@2.2::ISoundTriggerHw/default in either framework or device manifest.
06-23 20:48:10.351   744   744 I qotp_implement: crc32_cal:  0x008e53f9 , size: 4
06-23 20:48:10.351   744   744 I qotp_implement: qotp_read_item: read GSENSOR_BIAS: 00013947ffff7eadffffc090GSENSOR1 
06-23 20:48:10.351   744   744 I qpart-server: qotp_cmd_handle: leave ,rc =0-----
06-23 20:48:10.351   744   744 I qpart-server: qpart_req_handle: rc = 0, payload_len =64 -----
06-23 20:48:10.351   744   744 I qpart-server: qpart_req_handle: end +++++
06-23 20:48:10.351   756   791 I qpart-client: payload_len:64
06-23 20:48:10.352   756   791 I qpart-client: Packet header received
06-23 20:48:10.352   756   791 I libqpart: read qotp successed, data len :32
06-23 20:48:10.352   756   791 E Sensors : sns_reg_la.c(301):bias: 00013947
06-23 20:48:10.352   756   791 E Sensors : sns_reg_la.c(301):bias: ffff7ead
06-23 20:48:10.352   756   791 E Sensors : sns_reg_la.c(301):bias: ffffc090
06-23 20:48:10.353   680   680 E audiohalservice: Could not get passthrough implementation for android.hardware.soundtrigger@2.2::ISoundTriggerHw/default.
06-23 20:48:10.362   756   791 I         : OEM debug update_gsensor_nv: bias: x: 0x00013947, y: 0xffff7ead, z: 0xffffc090
06-23 20:48:10.362   756   791 I         : OEM debug update_gsensor_nv(nv): bias: x: 0x00013947, y: 0xffff7ead, z: 0xffffc090
06-23 20:48:10.362   756   791 I         : OEM debug sns_reg_storage_init: update_gsensor_nv from OTP succeed
06-23 20:48:10.362   756   791 I libqpart: item :PSENSOR_NV, length: 0x10
06-23 20:48:10.362   756   791 I qpart-client: *** qpart_socket_client *** 
06-23 20:48:10.362   756   791 I qpart-client: Packet header to send
06-23 20:48:10.362   756   791 I qpart-client: 104 bytes sent
06-23 20:48:10.362   744   744 I qpart-server: accepted qvart request client = 5
06-23 20:48:10.362   744   744 I qpart-server: qpart_req_handle: enter +++++
06-23 20:48:10.362   744   744 I qpart-server: qotp_cmd_handle: enter +++++
06-23 20:48:10.362   744   744 I qpart-server: qotp_cmd_handle: cmd read-----
06-23 20:48:10.362   744   744 I qotp_implement: item :PSENSOR_NV, offset :0x00002800, length: 0x10
06-23 20:48:10.367   744   744 I qotp_implement: crc32_cal:  0x00000000 , size: 4
06-23 20:48:10.367   744   744 E qotp_implement: qotp_read_item, ERROR: read data is not valid 
06-23 20:48:10.367   744   744 I qpart-server: qotp_cmd_handle: leave ,rc =-32-----
06-23 20:48:10.367   744   744 I qpart-server: qpart_req_handle: rc = -32, payload_len =32 -----
06-23 20:48:10.367   744   744 I qpart-server: qpart_req_handle: end +++++
06-23 20:48:10.367   756   791 I qpart-client: payload_len:32
06-23 20:48:10.367   756   791 I qpart-client: Packet header received
06-23 20:48:10.367   756   791 E libqpart: read qotp fail :-32
06-23 20:48:10.367   756   791 E Sensors : sns_reg_la.c(357):psensor otp item read fail
06-23 20:48:10.367   756   791 E         : update_psensor_nv: psensor otp item read fail
06-23 20:48:10.367   756   791 E Sensors : sns_reg_la.c(552):update_psensor_nv from OTP failed, error code = -3
06-23 20:48:10.370   756   756 E Sensors : sns_debug_main.c(294):Debug Config File missing in EFS!
06-23 20:48:10.370   756   756 E Sensors : aon_control.c(119):inotify_add_watch::/persist/sensors failed
06-23 20:48:10.370   756   807 E libsensor1: check_sensors_enabled: Sensors enabled = true
06-23 20:48:10.388   756   791 E QMI_FW  : xport_handle_event: QCSI Received Resume_Tx from 00000005:0000003b on FD- 4
06-23 20:48:10.389   756   791 E QMI_FW  : xport_handle_event: QCSI Received Resume_Tx from 00000005:0000003a on FD- 4
06-23 20:48:10.391   756   791 E QMI_FW  : xport_handle_event: QCSI Received Resume_Tx from 00000005:0000003b on FD- 4
06-23 20:48:10.393   690   690 I ServiceManagement: Registered vendor.display.config@1.9::IDisplayConfig/default (start delay of 455ms)
06-23 20:48:10.394   690   690 I SDM     : HWCSession::StartServices: IDisplayConfig service registration completed.
06-23 20:48:10.396   680   680 D sound_trigger_hw: stdev_open: Enter
06-23 20:48:10.397   756   791 E QMI_FW  : xport_handle_event: QCSI Received Resume_Tx from 00000005:0000003a on FD- 4
06-23 20:48:10.406   690   690 I SDM     : ExtensionInterface::CreateExtensionInterface: 
06-23 20:48:10.406   690   690 I SDM     : SDM-EXTENSION Version: Date: 11/23/20, Commit: 9f32874, Change: I882287a529
06-23 20:48:10.406   690   690 I SDM     : HWInfo::GetHWResourceInfo: SDE Version = 5, SDE Revision = 30020000, RGB = 0, VIG = 2, DMA = 3, Cursor = 1
06-23 20:48:10.406   690   690 I SDM     : HWInfo::GetHWResourceInfo: Upscale Ratio = 20, Downscale Ratio = 4, Blending Stages = 7
06-23 20:48:10.406   690   690 I SDM     : HWInfo::GetHWResourceInfo: SourceSplit = 1 QSEED3 = 1
06-23 20:48:10.406   690   690 I SDM     : HWInfo::GetHWResourceInfo: BWC = 0, UBWC = 1, Decimation = 1, Tile Format = 0 Concurrent Writeback = 1
06-23 20:48:10.406   690   690 I SDM     : HWInfo::GetHWResourceInfo: MaxLowBw = 6600000 , MaxHighBw = 6600000
06-23 20:48:10.406   690   690 I SDM     : HWInfo::GetHWResourceInfo: MaxPipeBw = 3100000 KBps, MaxSDEClock = 412500000 Hz, ClockFudgeFactor = 1.050000
06-23 20:48:10.406   690   690 I SDM     : HWInfo::GetHWResourceInfo: Prefill factors: Tiled_NV12 = 8, Tiled = 4, Linear = 1, Scale = 1, Fudge_factor = 2
06-23 20:48:10.407   690   690 W SDM     : HWInfo::GetMDSSRotatorInfo: File '/sys/devices/virtual/rotator/mdss_rotator/caps' not found
06-23 20:48:10.407   690   690 I SDM     : HWInfo::GetV4L2RotatorInfo: V4L2 Rotator: Count = 1, Downscale = 1, Min_downscale = 1.500000, Downscale_compression = 1
06-23 20:48:10.407   690   690 I SDM     : HWInfo::GetHWResourceInfo: Has Support for multiple bw limits shown below
06-23 20:48:10.407   690   690 I SDM     : HWInfo::GetHWResourceInfo: Mode-index=0  total_bw_limit=6600000 and pipe_bw_limit=3100000
06-23 20:48:10.407   690   690 I SDM     : HWInfo::GetHWResourceInfo: Mode-index=1  total_bw_limit=4500000 and pipe_bw_limit=3100000
06-23 20:48:10.407   690   690 I SDM     : HWInfo::GetHWResourceInfo: Mode-index=2  total_bw_limit=6600000 and pipe_bw_limit=3100000
06-23 20:48:10.407   690   690 I SDM     : HWInfo::GetHWResourceInfo: Mode-index=3  total_bw_limit=6600000 and pipe_bw_limit=3100000
06-23 20:48:10.407   690   690 I SDM     : SessionManager::SessionManager: Allocate buffers synchronously = 0
06-23 20:48:10.422   690   690 I SDM     : ScalarConfig::Init: DE sharpness value is 50
06-23 20:48:10.432   684   684 I QCamera : <MCI><INFO> needHAL1Support: 336: HAL1/HAL3 IS SUPPORTED
06-23 20:48:10.435   756   807 E Sensors : aon_control.c(119):inotify_add_watch::/persist/sensors failed
06-23 20:48:10.438   690   690 I SDM     : CoreInterface::CreateCore: Open interface handle = 0x7261a3c000
06-23 20:48:10.438   690   690 I SDM     : HWCSession::Register: Set uevent listener = 0x7261a26280
06-23 20:48:10.438   690   690 I SDM     : HWInfo::GetFirstDisplayInterfaceType: First display is internal display
06-23 20:48:10.438   690   690 I SDM     : CPUHint::Init: Invalid CPU Hint Pre-enable Window -1
06-23 20:48:10.439   690   690 I SDM     : HWDevice::GetHWPanelMaxBrightnessFromNode: Max brightness level = 255
06-23 20:48:10.439   690   690 I SDM     : HWDevice::Init: access(/dev/graphics/fb0) successful
06-23 20:48:10.439   690   690 I SDM     : HWDevice::GetHWPanelMaxBrightnessFromNode: Max brightness level = 255
06-23 20:48:10.439   690   690 I SDM     : HWDevice::PopulateHWPanelInfo: Device type = 0, Display Port = 1, Display Mode = 1, Device Node = 0, Is Primary = 1
06-23 20:48:10.439   690   690 I SDM     : HWDevice::PopulateHWPanelInfo: Partial Update = 0, supported roi_count =0, Dynamic FPS = 0
06-23 20:48:10.439   690   690 I SDM     : HWDevice::PopulateHWPanelInfo: Align: left = 0, width = 0, top = 0, height = 0
06-23 20:48:10.439   690   690 I SDM     : HWDevice::PopulateHWPanelInfo: ROI: min_width = 0, min_height = 0, need_merge = 0
06-23 20:48:10.439   690   690 I SDM     : HWDevice::PopulateHWPanelInfo: FPS: min = 60, max =60
06-23 20:48:10.439   690   690 I SDM     : HWDevice::PopulateHWPanelInfo: Ping Pong Split = 0
06-23 20:48:10.439   690   690 I SDM     : HWDevice::PopulateHWPanelInfo: Left Split = 0, Right Split = 0
06-23 20:48:10.455   680   680 D sound_trigger_hw: load_audio_hal: ahal is using proprietary API version 0x0101
06-23 20:48:10.456   680   680 I sound_trigger_platform: platform_stdev_init: Enter
06-23 20:48:10.469   680   680 W sound_trigger_platform: load_smlib: generate_sound_trigger_phrase_recognition_event_v3 not found. undefined symbol: generate_sound_trigger_phrase_recognition_event_v3
06-23 20:48:10.550   640   640 D ICU     : Time zone APEX file found: /apex/com.android.tzdata/etc/icu/icu_tzdata.dat
06-23 20:48:10.551   639   639 D ICU     : Time zone APEX file found: /apex/com.android.tzdata/etc/icu/icu_tzdata.dat
06-23 20:48:10.588   695   695 W qti_sensors_hal: addSensor : Not supported sensor with handle 67!
06-23 20:48:10.613   695   695 W qti_sensors_hal: addSensor : Not supported sensor with handle 39!
06-23 20:48:10.626   695   695 W qti_sensors_hal: addSensor : Not supported sensor with handle 48!
06-23 20:48:10.626   695   695 W qti_sensors_hal: addSensor : Not supported sensor with handle 49!
06-23 20:48:10.632   695   695 W qti_sensors_hal: addSensor : Not supported sensor with handle 53!
06-23 20:48:10.637   695   695 W qti_sensors_hal: addSensor : Not supported sensor with handle 68!
06-23 20:48:10.644   695   695 I         : Loaded library from sensors.ssc.so
06-23 20:48:10.644   695   695 E /vendor/bin/hw/android.hardware.sensors@1.0-service: HAL specifies version 1.4, but does not implement set_operation_mode()
06-23 20:48:10.646   695   695 I ServiceManagement: Registered android.hardware.sensors@1.0::ISensors/default (start delay of 688ms)
06-23 20:48:10.646   695   695 I ServiceManagement: Removing namespace from process name android.hardware.sensors@1.0-service to sensors@1.0-service.
06-23 20:48:10.648   695   695 I android.hardware.sensors@1.0-service: Registration complete for android.hardware.sensors@1.0::ISensors/default.
06-23 20:48:10.669   684   684 I mm-camera: < INFO> 421: init: memleak lib init.
06-23 20:48:10.669   684   684 I mm-camera: < INFO> 440: init: memleak tracer not attached
06-23 20:48:10.670   684   684 I mm-camera: <SENSOR>< INFO> 387: eebin_read: failed!
06-23 20:48:10.670   742   742 I SurfaceFlinger: Using HWComposer service: 'default'
06-23 20:48:10.670   684   684 I mm-camera: <SENSOR>< INFO> 589: sensor_init_probe: opening: /dev/v4l-subdev10
06-23 20:48:10.670   684   684 I mm-camera: <SENSOR>< INFO> 598: sensor_init_probe: failed: to probe eeprom bin sensors (non-fatal)
06-23 20:48:10.670   742   742 I SurfaceFlinger: SurfaceFlinger is starting
06-23 20:48:10.676   684   684 I mm-camera: <SENSOR>< INFO> 216: sensor_xml_util_get_node_data: num_pairs = 13
06-23 20:48:10.676   684   684 I mm-camera: <SENSOR>< INFO> 255: sensor_xml_util_get_node_data:  i = 1 str = ov8856
06-23 20:48:10.676   684   684 I mm-camera: <SENSOR>< INFO> 255: sensor_xml_util_get_node_data:  i = 2 str = dw9714
06-23 20:48:10.676   684   684 I mm-camera: <SENSOR>< INFO> 255: sensor_xml_util_get_node_data:  i = 3 str = ov8856_gt24p64b
06-23 20:48:10.676   684   684 I mm-camera: <SENSOR>< INFO> 255: sensor_xml_util_get_node_data:  i = 5 str = pmic
06-23 20:48:10.676   684   684 I mm-camera: <SENSOR>< INFO> 255: sensor_xml_util_get_node_data:  i = 6 str = ov8856_chromatix
06-23 20:48:10.676   684   684 I mm-camera: <SENSOR>< INFO> 184: sensor_sysinfo_read: sysinfo:path /sys/module/msm_sensor_driver/parameters/module_vendor data default size 10
06-23 20:48:10.676   684   684 I mm-camera: <SENSOR>< INFO> 255: sensor_xml_util_get_node_data:  i = 8 str = 0
06-23 20:48:10.676   684   684 I mm-camera: <SENSOR>< INFO> 255: sensor_xml_util_get_node_data:  i = 9 str = 1
06-23 20:48:10.676   684   684 I mm-camera: <SENSOR>< INFO> 255: sensor_xml_util_get_node_data:  i = 10 str = BACK
06-23 20:48:10.676   684   684 I mm-camera: <SENSOR>< INFO> 255: sensor_xml_util_get_node_data:  i = 11 str = 360
06-23 20:48:10.681   684   684 I mm-camera: <SENSOR>< INFO> 311: sensor_sdk_util_get_i2c_freq_mode: Invalid i2c_freq_mode = 4
06-23 20:48:10.681   684   684 I mm-camera: <SENSOR>< INFO> 246: sensor_probe: [ov8856]CFG_SINIT_PROBE failed
06-23 20:48:10.681   684   684 I mm-camera: <SENSOR>< INFO> 399: sensor_init_xml_probe: failed: to probe ov8856
06-23 20:48:10.681   684   684 I mm-camera: <SENSOR>< INFO> 216: sensor_xml_util_get_node_data: num_pairs = 13
06-23 20:48:10.681   684   684 I mm-camera: <SENSOR>< INFO> 255: sensor_xml_util_get_node_data:  i = 1 str = se475x
06-23 20:48:10.681   684   684 I mm-camera: <SENSOR>< INFO> 255: sensor_xml_util_get_node_data:  i = 6 str = csidtg_chromatix
06-23 20:48:10.681   684   684 I mm-camera: <SENSOR>< INFO> 255: sensor_xml_util_get_node_data:  i = 8 str = 1
06-23 20:48:10.681   684   684 I mm-camera: <SENSOR>< INFO> 255: sensor_xml_util_get_node_data:  i = 9 str = 1
06-23 20:48:10.681   684   684 I mm-camera: <SENSOR>< INFO> 255: sensor_xml_util_get_node_data:  i = 10 str = FRONT
06-23 20:48:10.681   684   684 I mm-camera: <SENSOR>< INFO> 255: sensor_xml_util_get_node_data:  i = 11 str = 270
06-23 20:48:10.682   733   733 I FastMixerState: sMaxFastTracks = 8
06-23 20:48:10.683   733   733 V MediaUtils: physMem: 3812380672
06-23 20:48:10.683   733   733 V MediaUtils: requested limit: 536870912
06-23 20:48:10.683   733   733 I libc    : malloc_limit: Allocation limit enabled, max size 536870912 bytes
06-23 20:48:10.683   733   733 I audioserver: ServiceManager: 0x7fb08f3340
06-23 20:48:10.683   733   733 W BatteryNotifier: batterystats service unavailable!
06-23 20:48:10.686   498   498 I hwservicemanager: getTransport: Cannot find entry android.hardware.audio@5.0::IDevicesFactory/msd in either framework or device manifest.
06-23 20:48:10.688   733   733 I AudioFlinger: Using default 3000 mSec as standby time.
06-23 20:48:10.690   733   733 E APM::Serializer: deserialize: Could not parse /odm/etc/audio_policy_configuration.xml document.
06-23 20:48:10.691   684   684 I mm-camera: <SENSOR>< INFO> 311: sensor_sdk_util_get_i2c_freq_mode: Invalid i2c_freq_mode = 4
06-23 20:48:10.691   684   684 I mm-camera: <SENSOR>< INFO> 246: sensor_probe: [se475x]CFG_SINIT_PROBE failed
06-23 20:48:10.692   684   684 I mm-camera: <SENSOR>< INFO> 399: sensor_init_xml_probe: failed: to probe se475x
06-23 20:48:10.692   684   684 I mm-camera: <SENSOR>< INFO> 216: sensor_xml_util_get_node_data: num_pairs = 13
06-23 20:48:10.692   684   684 I mm-camera: <SENSOR>< INFO> 255: sensor_xml_util_get_node_data:  i = 1 str = ov8856
06-23 20:48:10.692   684   684 I mm-camera: <SENSOR>< INFO> 255: sensor_xml_util_get_node_data:  i = 2 str = dw9714
06-23 20:48:10.692   684   684 I mm-camera: <SENSOR>< INFO> 255: sensor_xml_util_get_node_data:  i = 3 str = ov8856_gt24p64b
06-23 20:48:10.692   684   684 I mm-camera: <SENSOR>< INFO> 255: sensor_xml_util_get_node_data:  i = 5 str = pmic
06-23 20:48:10.692   684   684 I mm-camera: <SENSOR>< INFO> 255: sensor_xml_util_get_node_data:  i = 6 str = ov8856_chromatix
06-23 20:48:10.692   684   684 I mm-camera: <SENSOR>< INFO> 184: sensor_sysinfo_read: sysinfo:path /sys/module/msm_sensor_driver/parameters/module_vendor data default size 10
06-23 20:48:10.692   684   684 I mm-camera: <SENSOR>< INFO> 255: sensor_xml_util_get_node_data:  i = 8 str = 2
06-23 20:48:10.692   684   684 I mm-camera: <SENSOR>< INFO> 255: sensor_xml_util_get_node_data:  i = 9 str = 1
06-23 20:48:10.692   684   684 I mm-camera: <SENSOR>< INFO> 255: sensor_xml_util_get_node_data:  i = 10 str = FRONT
06-23 20:48:10.692   684   684 I mm-camera: <SENSOR>< INFO> 255: sensor_xml_util_get_node_data:  i = 11 str = 360
06-23 20:48:10.693   684   684 I mm-camera: <SENSOR>< INFO> 311: sensor_sdk_util_get_i2c_freq_mode: Invalid i2c_freq_mode = 4
06-23 20:48:10.699   733   733 E APM::AudioPolicyEngine/Config: parse: Could not parse document /vendor/etc/audio_policy_engine_configuration.xml
06-23 20:48:10.699   733   733 W APM::AudioPolicyEngine/Base: loadAudioPolicyEngineConfig: No configuration found, using default matching phone experience.
06-23 20:48:10.699   733   733 E APM::AudioPolicyEngine/Config: parseLegacyVolumeFile: Could not parse document /odm/etc/audio_policy_configuration.xml
06-23 20:48:10.705   733   733 D APM::AudioPolicyEngine: [Engine] prop ro.vendor.oem.hw.feature = (eth-PoE-GSen-DuSpk-GPIO-AdbMux-eRTC-Key2-dmic-SD-exPD)
06-23 20:48:10.705   733   733 V AudioFlinger: registerClient() client 0x7fb08f6040, pid 733
06-23 20:48:10.706   680   797 D audio_hw_primary: adev_open: enter
06-23 20:48:10.706   680   797 D audio_log_utils: registered, module hal
06-23 20:48:10.710   680   797 W audio_hw_utils: audio_extn_utils_get_vendor_enhanced_info: vendor_enhanced_info 0x3
06-23 20:48:10.710   680   797 D audio_hw_extn: snd_mon_feature_init: Called with feature Enabled
06-23 20:48:10.715   680   797 D audio_hw_extn: snd_mon_feature_init:: ---- Feature SND_MONITOR is Enabled ----
06-23 20:48:10.715   680   797 W audio_hw_extn: :: compr_cap_feature_init: ---- Feature COMPRESS_CAPTURE is disabled ----
06-23 20:48:10.715   680   797 D audio_hw_extn: dsm_feedback_feature_init: Called with feature NOT Enabled
06-23 20:48:10.715   680   797 W audio_hw_extn: :: dsm_feedback_feature_init: ---- Feature DSM_FEEDBACK is disabled ----
06-23 20:48:10.717   680   797 D audio_hw_extn: ssrec_feature_init:: ---- Feature SSREC is Enabled ----
06-23 20:48:10.717   680   797 D audio_hw_extn: src_trkn_feature_init:: ---- Feature SOURCE_TRACKING is Enabled ----
06-23 20:48:10.717   680   797 D audio_hw_extn: hdmi_edid_feature_init: HDMI_EDID feature Enabled
06-23 20:48:10.720   680   797 D audio_hw_extn: hdmi_edid_feature_init:: ---- Feature HDMI_EDID is Enabled ----
06-23 20:48:10.720   680   797 D audio_hw_extn: :: keep_alive_feature_init: ---- Feature KEEP_ALIVE is  NOT ENABLED ----
06-23 20:48:10.720   680   797 D audio_hw_extn: :: hifi_audio_feature_init: ---- Feature HIFI_AUDIO is ENABLED ----
06-23 20:48:10.720   680   797 D audio_hw_extn: :: ras_feature_init: ---- Feature RAS_FEATURE is ENABLED ----
06-23 20:48:10.720   680   797 D audio_hw_extn: :: kpi_optimize_feature_init: ---- Feature KPI_OPTIMIZE is ENABLED ----
06-23 20:48:10.720   680   797 D audio_hw_extn: usb_offload_feature_init: Called with feature Enabled
06-23 20:48:10.720   680   797 D audio_hw_extn: usb_offload_burst_mode_feature_init: Called with feature NOT Enabled
06-23 20:48:10.720   680   797 D audio_hw_extn: usb_offload_sidetone_volume_feature_init: Called with feature NOT Enabled
06-23 20:48:10.720   680   797 D audio_hw_extn: a2dp_offload_feature_init: Called with feature Enabled
06-23 20:48:10.725   680   797 D audio_hw_extn: a2dp_offload_feature_init:: ---- Feature A2DP_OFFLOAD is Enabled ----
06-23 20:48:10.725   680   797 D audio_hw_extn: :: vbat_feature_init: ---- Feature VBAT is ENABLED ----
06-23 20:48:10.725   680   797 D audio_hw_extn: :: display_port_feature_init: ---- Feature DISPLAY_PORT is ENABLED ----
06-23 20:48:10.725   680   797 D audio_hw_extn: :: fluence_feature_init: ---- Feature FLUENCE is ENABLED ----
06-23 20:48:10.725   680   797 D audio_hw_extn: :: custom_stereo_feature_init: ---- Feature CUSTOM_STEREO is ENABLED ----
06-23 20:48:10.725   680   797 D audio_hw_extn: :: anc_headset_feature_init: ---- Feature ANC_HEADSET is ENABLED----
06-23 20:48:10.725   680   797 D audio_hw_extn: spkr_prot_feature_init: Called with feature Enabled, vendor_enhanced_info 0x3
06-23 20:48:10.727   680   797 D audio_hw_extn: spkr_prot_feature_init:: ---- Feature SPKR_PROT is Enabled ----
06-23 20:48:10.727   680   797 D audio_hw_extn: fm_feature_init: ---- Feature FM_POWER_OPT is ENABLED----
06-23 20:48:10.727   680   797 D audio_hw_extn: external_qdsp_feature_init: Called with feature NOT Enabled
06-23 20:48:10.727   680   797 W audio_hw_extn: :: external_qdsp_feature_init: ---- Feature EXTERNAL_QDSP is disabled ----
06-23 20:48:10.727   680   797 D audio_hw_extn: external_speaker_feature_init: Called with feature NOT Enabled
06-23 20:48:10.727   680   797 W audio_hw_extn: :: external_speaker_feature_init: ---- Feature EXTERNAL_SPKR is disabled ----
06-23 20:48:10.727   680   797 D audio_hw_extn: external_speaker_tfa_feature_init: Called with feature NOT Enabled
06-23 20:48:10.727   680   797 W audio_hw_extn: :: external_speaker_tfa_feature_init: ---- Feature EXTERNAL_SPKR_TFA is disabled ----
06-23 20:48:10.727   680   797 D audio_hw_extn: hwdep_cal_feature_init: Called with feature NOT Enabled
06-23 20:48:10.727   680   797 W audio_hw_extn: :: hwdep_cal_feature_init: ---- Feature HWDEP_CAL is disabled ----
06-23 20:48:10.727   680   797 D audio_hw_extn: hfp_feature_init: Called with feature Enabled
06-23 20:48:10.731   680   797 D audio_hw_extn: hfp_feature_init:: ---- Feature HFP is Enabled ----
06-23 20:48:10.731   680   797 D audio_hw_extn: ext_hw_plugin_feature_init: Called with feature NOT Enabled
06-23 20:48:10.731   680   797 W audio_hw_extn: :: ext_hw_plugin_feature_init: ---- Feature EXT_HW_PLUGIN is disabled ----
06-23 20:48:10.731   680   797 D audio_hw_extn: record_play_concurency_feature_init: ---- Feature RECORD_PLAY_CONCURRENCY is NOT ENABLED----
06-23 20:48:10.731   680   797 D audio_hw_extn: hdmi_passthrough_feature_init: Called with feature Enabled
06-23 20:48:10.736   680   797 E audio_hw_extn: hdmi_passthrough_feature_init: dlsym failed
06-23 20:48:10.737   680   797 W audio_hw_extn: :: hdmi_passthrough_feature_init: ---- Feature HDMI_PASSTHROUGH is disabled ----
06-23 20:48:10.737   680   797 D audio_hw_extn: concurrent_capture_feature_init: ---- Feature CONCURRENT_CAPTURE is NOT ENABLED----
