09-05 21:09:21.223   947   947 I MediaCodecsXmlParser: limit: blocks-per-second-range = 1-244800
09-05 21:09:21.223   947   947 I MediaCodecsXmlParser: limit: bitrate-range = 1-40000000
09-05 21:09:21.223   947   947 I MediaCodecsXmlParser: limit: feature-adaptive-playback = 0
09-05 21:09:21.223   947   947 I MediaCodecsXmlParser: limit: max-concurrent-instances = 16
09-05 21:09:21.223   947   947 I MediaCodecsXmlParser: limit: performance-point-1920x1088-range = 30-30
09-05 21:09:21.223   947   947 I MediaCodecsXmlParser: limit: size-range = 64x64-1920x1088
09-05 21:09:21.223   947   947 I MediaCodecsXmlParser: limit: alignment = 2x2
09-05 21:09:21.223   947   947 I MediaCodecsXmlParser: limit: block-size = 16x16
09-05 21:09:21.223   947   947 I MediaCodecsXmlParser: limit: blocks-per-second-range = 1-244800
09-05 21:09:21.223   947   947 I MediaCodecsXmlParser: limit: bitrate-range = 1-20000000
09-05 21:09:21.223   947   947 I MediaCodecsXmlParser: limit: feature-adaptive-playback = 0
09-05 21:09:21.223   947   947 I MediaCodecsXmlParser: limit: feature-secure-playback = 1
09-05 21:09:21.223   947   947 I MediaCodecsXmlParser: limit: max-concurrent-instances = 6
09-05 21:09:21.223   947   947 I MediaCodecsXmlParser: limit: performance-point-1920x1088-range = 30-30
09-05 21:09:21.223   947   947 I MediaCodecsXmlParser: limit: size-range = 64x64-1920x1088
09-05 21:09:21.223   947   947 I MediaCodecsXmlParser: limit: alignment = 2x2
09-05 21:09:21.223   947   947 I MediaCodecsXmlParser: limit: block-size = 16x16
09-05 21:09:21.223   947   947 I MediaCodecsXmlParser: limit: blocks-per-second-range = 1-489600
09-05 21:09:21.223   947   947 I MediaCodecsXmlParser: limit: bitrate-range = 1-60000000
09-05 21:09:21.223   947   947 I MediaCodecsXmlParser: limit: feature-adaptive-playback = 0
09-05 21:09:21.223   947   947 I MediaCodecsXmlParser: limit: max-concurrent-instances = 16
09-05 21:09:21.223   947   947 I MediaCodecsXmlParser: limit: performance-point-1920x1088-range = 60-60
09-05 21:09:21.223   947   947 I MediaCodecsXmlParser: limit: size-range = 64x64-864x480
09-05 21:09:21.223   947   947 I MediaCodecsXmlParser: limit: alignment = 2x2
09-05 21:09:21.223   947   947 I MediaCodecsXmlParser: limit: block-size = 16x16
09-05 21:09:21.223   947   947 I MediaCodecsXmlParser: limit: blocks-per-second-range = 1-48600
09-05 21:09:21.223   947   947 I MediaCodecsXmlParser: limit: bitrate-range = 1-2000000
09-05 21:09:21.223   947   947 I MediaCodecsXmlParser: limit: feature-adaptive-playback = 0
09-05 21:09:21.223   947   947 I MediaCodecsXmlParser: limit: max-concurrent-instances = 16
09-05 21:09:21.223   947   947 I MediaCodecsXmlParser: limit: performance-point-720x480-range = 30-30
09-05 21:09:21.224   947   947 I MediaCodecsXmlParser: limit: size-range = 64x64-1920x1088
09-05 21:09:21.224   947   947 I MediaCodecsXmlParser: limit: alignment = 2x2
09-05 21:09:21.224   947   947 I MediaCodecsXmlParser: limit: block-size = 16x16
09-05 21:09:21.224   947   947 I MediaCodecsXmlParser: limit: blocks-per-second-range = 1-489600
09-05 21:09:21.224   947   947 I MediaCodecsXmlParser: limit: bitrate-range = 1-60000000
09-05 21:09:21.224   947   947 I MediaCodecsXmlParser: limit: feature-adaptive-playback = 0
09-05 21:09:21.224   947   947 I MediaCodecsXmlParser: limit: max-concurrent-instances = 16
09-05 21:09:21.224   947   947 I MediaCodecsXmlParser: limit: performance-point-1920x1088-range = 30-30
09-05 21:09:21.224   947   947 I MediaCodecsXmlParser: limit: size-range = 64x64-1920x1088
09-05 21:09:21.224   947   947 I MediaCodecsXmlParser: limit: alignment = 2x2
09-05 21:09:21.224   947   947 I MediaCodecsXmlParser: limit: block-size = 16x16
09-05 21:09:21.224   947   947 I MediaCodecsXmlParser: limit: blocks-per-second-range = 1-489600
09-05 21:09:21.224   947   947 I MediaCodecsXmlParser: limit: bitrate-range = 1-20000000
09-05 21:09:21.224   947   947 I MediaCodecsXmlParser: limit: feature-adaptive-playback = 0
09-05 21:09:21.224   947   947 I MediaCodecsXmlParser: limit: feature-secure-playback = 1
09-05 21:09:21.224   947   947 I MediaCodecsXmlParser: limit: max-concurrent-instances = 7
09-05 21:09:21.224   947   947 I MediaCodecsXmlParser: limit: performance-point-1920x1088-range = 30-30
09-05 21:09:21.224   947   947 I MediaCodecsXmlParser: limit: size-range = 64x64-1920x1088
09-05 21:09:21.224   947   947 I MediaCodecsXmlParser: limit: alignment = 2x2
09-05 21:09:21.224   947   947 I MediaCodecsXmlParser: limit: block-size = 16x16
09-05 21:09:21.224   947   947 I MediaCodecsXmlParser: limit: blocks-per-second-range = 1-244800
09-05 21:09:21.224   947   947 I MediaCodecsXmlParser: limit: bitrate-range = 1-10000000
09-05 21:09:21.224   947   947 I MediaCodecsXmlParser: limit: feature-adaptive-playback = 0
09-05 21:09:21.224   947   947 I MediaCodecsXmlParser: limit: max-concurrent-instances = 16
09-05 21:09:21.224   947   947 I MediaCodecsXmlParser: limit: performance-point-1920x1088-range = 30-30
09-05 21:09:21.224   947   947 I MediaCodecsXmlParser: limit: size-range = 64x64-720x480
09-05 21:09:21.224   947   947 I MediaCodecsXmlParser: limit: alignment = 2x2
09-05 21:09:21.224   947   947 I MediaCodecsXmlParser: limit: block-size = 16x16
09-05 21:09:21.224   947   947 I MediaCodecsXmlParser: limit: blocks-per-second-range = 1-40500
09-05 21:09:21.224   947   947 I MediaCodecsXmlParser: limit: bitrate-range = 1-2000000
09-05 21:09:21.224   947   947 I MediaCodecsXmlParser: limit: feature-adaptive-playback = 0
09-05 21:09:21.224   947   947 I MediaCodecsXmlParser: limit: max-concurrent-instances = 16
09-05 21:09:21.224   947   947 I MediaCodecsXmlParser: limit: performance-point-720x480-range = 30-30
09-05 21:09:21.224   947   947 I MediaCodecsXmlParser: limit: size-range = 64x64-1920x1088
09-05 21:09:21.224   947   947 I MediaCodecsXmlParser: limit: alignment = 2x2
09-05 21:09:21.224   947   947 I MediaCodecsXmlParser: limit: block-size = 16x16
09-05 21:09:21.224   947   947 I MediaCodecsXmlParser: limit: blocks-per-second-range = 1-244800
09-05 21:09:21.224   947   947 I MediaCodecsXmlParser: limit: bitrate-range = 1-10000000
09-05 21:09:21.224   947   947 I MediaCodecsXmlParser: limit: feature-adaptive-playback = 0
09-05 21:09:21.224   947   947 I MediaCodecsXmlParser: limit: max-concurrent-instances = 16
09-05 21:09:21.224   947   947 I MediaCodecsXmlParser: limit: performance-point-1920x1088-range = 30-30
09-05 21:09:21.224   947   947 I MediaCodecsXmlParser: limit: size-range = 64x64-3840x2160
09-05 21:09:21.224   947   947 I MediaCodecsXmlParser: limit: alignment = 2x2
09-05 21:09:21.224   947   947 I MediaCodecsXmlParser: limit: block-size = 16x16
09-05 21:09:21.224   947   947 I MediaCodecsXmlParser: limit: blocks-per-second-range = 1-972000
09-05 21:09:21.224   947   947 I MediaCodecsXmlParser: limit: bitrate-range = 1-100000000
09-05 21:09:21.224   947   947 I MediaCodecsXmlParser: limit: feature-adaptive-playback = 0
09-05 21:09:21.224   947   947 I MediaCodecsXmlParser: limit: max-concurrent-instances = 16
09-05 21:09:21.224   947   947 I MediaCodecsXmlParser: limit: performance-point-3840x2160-range = 30-30
09-05 21:09:21.224   947   947 I MediaCodecsXmlParser: limit: size-range = 64x64-3840x2160
09-05 21:09:21.224   947   947 I MediaCodecsXmlParser: limit: alignment = 2x2
09-05 21:09:21.224   947   947 I MediaCodecsXmlParser: limit: block-size = 16x16
09-05 21:09:21.224   947   947 I MediaCodecsXmlParser: limit: blocks-per-second-range = 1-972000
09-05 21:09:21.224   947   947 I MediaCodecsXmlParser: limit: bitrate-range = 1-100000000
09-05 21:09:21.224   947   947 I MediaCodecsXmlParser: limit: feature-adaptive-playback = 0
09-05 21:09:21.224   947   947 I MediaCodecsXmlParser: limit: max-concurrent-instances = 16
09-05 21:09:21.224   947   947 I MediaCodecsXmlParser: limit: performance-point-3840x2160-range = 30-30
09-05 21:09:21.224   947   947 I MediaCodecsXmlParser: limit: size-range = 64x64-3840x2160
09-05 21:09:21.224   947   947 I MediaCodecsXmlParser: limit: alignment = 2x2
09-05 21:09:21.224   947   947 I MediaCodecsXmlParser: limit: block-size = 16x16
09-05 21:09:21.224   947   947 I MediaCodecsXmlParser: limit: blocks-per-second-range = 1-979200
09-05 21:09:21.224   947   947 I MediaCodecsXmlParser: limit: bitrate-range = 1-35000000
09-05 21:09:21.224   947   947 I MediaCodecsXmlParser: limit: frame-rate-range = 1-30
09-05 21:09:21.224   947   947 I MediaCodecsXmlParser: limit: feature-adaptive-playback = 0
09-05 21:09:21.224   947   947 I MediaCodecsXmlParser: limit: feature-secure-playback = 1
09-05 21:09:21.224   947   947 I MediaCodecsXmlParser: limit: max-concurrent-instances = 6
09-05 21:09:21.224   947   947 I MediaCodecsXmlParser: limit: performance-point-3840x2160-range = 30-30
09-05 21:09:21.224   947   947 I MediaCodecsXmlParser: limit: size-range = 64x64-3840x2160
09-05 21:09:21.224   947   947 I MediaCodecsXmlParser: limit: alignment = 2x2
09-05 21:09:21.224   947   947 I MediaCodecsXmlParser: limit: block-size = 16x16
09-05 21:09:21.224   947   947 I MediaCodecsXmlParser: limit: blocks-per-second-range = 1-972000
09-05 21:09:21.224   947   947 I MediaCodecsXmlParser: limit: bitrate-range = 1-100000000
09-05 21:09:21.224   947   947 I MediaCodecsXmlParser: limit: feature-adaptive-playback = 0
09-05 21:09:21.224   947   947 I MediaCodecsXmlParser: limit: max-concurrent-instances = 16
09-05 21:09:21.224   947   947 I MediaCodecsXmlParser: limit: performance-point-3840x2160-range = 30-30
09-05 21:09:21.224   947   947 I MediaCodecsXmlParser: limit: size-range = 64x64-3840x2160
09-05 21:09:21.224   947   947 I MediaCodecsXmlParser: limit: alignment = 2x2
09-05 21:09:21.224   947   947 I MediaCodecsXmlParser: limit: block-size = 16x16
09-05 21:09:21.224   947   947 I MediaCodecsXmlParser: limit: blocks-per-second-range = 1-972000
09-05 21:09:21.224   947   947 I MediaCodecsXmlParser: limit: bitrate-range = 1-35000000
09-05 21:09:21.224   947   947 I MediaCodecsXmlParser: limit: feature-adaptive-playback = 0
09-05 21:09:21.224   947   947 I MediaCodecsXmlParser: limit: feature-secure-playback = 1
09-05 21:09:21.224   947   947 I MediaCodecsXmlParser: limit: max-concurrent-instances = 6
09-05 21:09:21.224   947   947 I MediaCodecsXmlParser: limit: performance-point-3840x2160-range = 30-30
09-05 21:09:21.224   947   947 D MediaCodecsXmlParser: parsing /vendor/etc/media_codecs_google_video.xml...
09-05 21:09:21.226   932   932 V MediaExtractorFactory: registering sniffer for /apex/com.android.media/lib64/extractors/libamrextractor.so
09-05 21:09:21.226   932   932 V MediaExtractorFactory: registering extractor for AMR Extractor
09-05 21:09:21.227   667   667 D audio_hw_utils: audio_extn_utils_open_snd_mixer: retry, retry_num 1
09-05 21:09:21.228   947   947 I MediaCodecsXmlParser: limit: size-range = 2x2-352x288
09-05 21:09:21.228   947   947 I MediaCodecsXmlParser: limit: alignment = 2x2
09-05 21:09:21.228   947   947 I MediaCodecsXmlParser: limit: block-size = 16x16
09-05 21:09:21.228   947   947 I MediaCodecsXmlParser: limit: blocks-per-second-range = 12-11880
09-05 21:09:21.228   947   947 I MediaCodecsXmlParser: limit: bitrate-range = 1-384000
09-05 21:09:21.228   947   947 I MediaCodecsXmlParser: limit: feature-adaptive-playback = 0
09-05 21:09:21.228   947   947 I MediaCodecsXmlParser: limit: size-range = 2x2-352x288
09-05 21:09:21.228   947   947 I MediaCodecsXmlParser: limit: alignment = 2x2
09-05 21:09:21.228   947   947 I MediaCodecsXmlParser: limit: bitrate-range = 1-384000
09-05 21:09:21.228   947   947 I MediaCodecsXmlParser: limit: feature-adaptive-playback = 0
09-05 21:09:21.228   947   947 I MediaCodecsXmlParser: limit: size-range = 2x2-4080x4080
09-05 21:09:21.228   947   947 I MediaCodecsXmlParser: limit: alignment = 2x2
09-05 21:09:21.228   947   947 I MediaCodecsXmlParser: limit: block-size = 16x16
09-05 21:09:21.228   947   947 I MediaCodecsXmlParser: limit: block-count-range = 1-32768
09-05 21:09:21.228   947   947 I MediaCodecsXmlParser: limit: blocks-per-second-range = 1-1966080
09-05 21:09:21.228   947   947 I MediaCodecsXmlParser: limit: bitrate-range = 1-48000000
09-05 21:09:21.228   947   947 I MediaCodecsXmlParser: limit: feature-adaptive-playback = 0
09-05 21:09:21.228   947   947 I MediaCodecsXmlParser: limit: size-range = 2x2-4096x4096
09-05 21:09:21.228   947   947 I MediaCodecsXmlParser: limit: alignment = 2x2
09-05 21:09:21.228   947   947 I MediaCodecsXmlParser: limit: block-size = 8x8
09-05 21:09:21.228   947   947 I MediaCodecsXmlParser: limit: block-count-range = 1-196608
09-05 21:09:21.228   947   947 I MediaCodecsXmlParser: limit: blocks-per-second-range = 1-2000000
09-05 21:09:21.228   947   947 I MediaCodecsXmlParser: limit: bitrate-range = 1-10000000
09-05 21:09:21.228   947   947 I MediaCodecsXmlParser: limit: feature-adaptive-playback = 0
09-05 21:09:21.228   947   947 I MediaCodecsXmlParser: limit: size-range = 2x2-2048x2048
09-05 21:09:21.228   947   947 I MediaCodecsXmlParser: limit: alignment = 2x2
09-05 21:09:21.228   947   947 I MediaCodecsXmlParser: limit: block-size = 16x16
09-05 21:09:21.228   947   947 I MediaCodecsXmlParser: limit: block-count-range = 1-16384
09-05 21:09:21.228   947   947 I MediaCodecsXmlParser: limit: blocks-per-second-range = 1-1000000
09-05 21:09:21.228   947   947 I MediaCodecsXmlParser: limit: bitrate-range = 1-40000000
09-05 21:09:21.228   947   947 I MediaCodecsXmlParser: limit: feature-adaptive-playback = 0
09-05 21:09:21.228   947   947 I MediaCodecsXmlParser: limit: size-range = 2x2-2048x2048
09-05 21:09:21.228   947   947 I MediaCodecsXmlParser: limit: alignment = 2x2
09-05 21:09:21.228   947   947 I MediaCodecsXmlParser: limit: block-size = 16x16
09-05 21:09:21.228   947   947 I MediaCodecsXmlParser: limit: block-count-range = 1-16384
09-05 21:09:21.228   947   947 I MediaCodecsXmlParser: limit: blocks-per-second-range = 1-500000
09-05 21:09:21.228   947   947 I MediaCodecsXmlParser: limit: bitrate-range = 1-40000000
09-05 21:09:21.228   947   947 I MediaCodecsXmlParser: limit: feature-adaptive-playback = 0
09-05 21:09:21.228   947   947 I MediaCodecsXmlParser: limit: size-range = 176x144-176x144
09-05 21:09:21.229   947   947 I MediaCodecsXmlParser: limit: alignment = 16x16
09-05 21:09:21.229   947   947 I MediaCodecsXmlParser: limit: bitrate-range = 1-128000
09-05 21:09:21.229   947   947 I MediaCodecsXmlParser: limit: size-range = 16x16-2048x2048
09-05 21:09:21.229   947   947 I MediaCodecsXmlParser: limit: alignment = 2x2
09-05 21:09:21.229   947   947 I MediaCodecsXmlParser: limit: block-size = 16x16
09-05 21:09:21.229   947   947 I MediaCodecsXmlParser: limit: block-count-range = 1-8192
09-05 21:09:21.229   947   947 I MediaCodecsXmlParser: limit: blocks-per-second-range = 1-245760
09-05 21:09:21.229   947   947 I MediaCodecsXmlParser: limit: bitrate-range = 1-12000000
09-05 21:09:21.229   947   947 I MediaCodecsXmlParser: limit: feature-intra-refresh = 0
09-05 21:09:21.229   947   947 I MediaCodecsXmlParser: limit: size-range = 16x16-176x144
09-05 21:09:21.229   947   947 I MediaCodecsXmlParser: limit: alignment = 16x16
09-05 21:09:21.229   947   947 I MediaCodecsXmlParser: limit: block-size = 16x16
09-05 21:09:21.229   947   947 I MediaCodecsXmlParser: limit: blocks-per-second-range = 12-1485
09-05 21:09:21.229   947   947 I MediaCodecsXmlParser: limit: bitrate-range = 1-64000
09-05 21:09:21.229   947   947 I MediaCodecsXmlParser: limit: size-range = 2x2-2048x2048
09-05 21:09:21.229   947   947 I MediaCodecsXmlParser: limit: alignment = 2x2
09-05 21:09:21.229   947   947 I MediaCodecsXmlParser: limit: block-size = 16x16
09-05 21:09:21.229   947   947 I MediaCodecsXmlParser: limit: block-count-range = 1-16384
09-05 21:09:21.229   947   947 I MediaCodecsXmlParser: limit: bitrate-range = 1-40000000
09-05 21:09:21.229   947   947 I MediaCodecsXmlParser: limit: feature-bitrate-modes = VBR,CBR
09-05 21:09:21.229   947   947 I MediaCodecsXmlParser: limit: size-range = 2x2-2048x2048
09-05 21:09:21.229   947   947 I MediaCodecsXmlParser: limit: alignment = 2x2
09-05 21:09:21.229   947   947 I MediaCodecsXmlParser: limit: block-size = 16x16
09-05 21:09:21.229   947   947 I MediaCodecsXmlParser: limit: block-count-range = 1-3600
09-05 21:09:21.229   947   947 I MediaCodecsXmlParser: limit: bitrate-range = 1-40000000
09-05 21:09:21.229   947   947 I MediaCodecsXmlParser: limit: feature-bitrate-modes = VBR,CBR
09-05 21:09:21.229   947   947 I MediaCodecsXmlParser: getVendorXmlPath (/vendor/etc/media_codecs_performance.xml)
09-05 21:09:21.229   947   947 D MediaCodecsXmlParser: parsing /vendor/etc/media_codecs_performance.xml...
09-05 21:09:21.231   941  1016 I ServiceManager: Waiting for service 'package_native' on '/dev/binder'...
09-05 21:09:21.232   627   627 I netd    : Creating child chains: 58.0ms
09-05 21:09:21.232   627   627 I netd    : Setting up OEM hooks: 0.3ms
09-05 21:09:21.233   627   627 I netd    : Setting up FirewallController hooks: 0.1ms
09-05 21:09:21.233   904   904 I imsrcsd : Starting Service for First Time imsbaseimpl
09-05 21:09:21.235   627   627 I netd    : Setting up TetherController hooks: 2.3ms
09-05 21:09:21.238   627   627 I netd    : Setting up BandwidthController hooks: 2.9ms
09-05 21:09:21.238   627   627 I netd    : Setting up IdletimerController hooks: 0.1ms
09-05 21:09:21.238   932   932 V MediaExtractorFactory: registering sniffer for /apex/com.android.media/lib64/extractors/libmkvextractor.so
09-05 21:09:21.239   932   932 V MediaExtractorFactory: registering extractor for Matroska Extractor
09-05 21:09:21.239   947   947 I MediaCodecsXmlParser: limit: measured-frame-rate-320x240-range = 388-392
09-05 21:09:21.239   947   947 I MediaCodecsXmlParser: limit: measured-frame-rate-720x480-range = 80-90
09-05 21:09:21.239   947   947 I MediaCodecsXmlParser: limit: measured-frame-rate-1280x720-range = 32-37
09-05 21:09:21.239   947   947 I MediaCodecsXmlParser: limit: measured-frame-rate-1920x1080-range = 40-40
09-05 21:09:21.239   947   947 I MediaCodecsXmlParser: limit: measured-frame-rate-320x240-range = 226-226
09-05 21:09:21.240   947   947 I MediaCodecsXmlParser: limit: measured-frame-rate-720x480-range = 121-121
09-05 21:09:21.240   947   947 I MediaCodecsXmlParser: limit: measured-frame-rate-1280x720-range = 49-49
09-05 21:09:21.240   947   947 I MediaCodecsXmlParser: limit: measured-frame-rate-1920x1080-range = 16-45
09-05 21:09:21.240   947   947 I MediaCodecsXmlParser: limit: measured-frame-rate-3840x2160-range = 13-26
09-05 21:09:21.240   947   947 I MediaCodecsXmlParser: limit: measured-frame-rate-176x144-range = 517-521
09-05 21:09:21.240   947   947 I MediaCodecsXmlParser: limit: measured-frame-rate-352x288-range = 261-261
09-05 21:09:21.240   947   947 I MediaCodecsXmlParser: limit: measured-frame-rate-176x144-range = 515-518
09-05 21:09:21.240   947   947 I MediaCodecsXmlParser: limit: measured-frame-rate-352x288-range = 263-263
09-05 21:09:21.240   947   947 I MediaCodecsXmlParser: limit: measured-frame-rate-640x480-range = 144-144
09-05 21:09:21.240   947   947 I MediaCodecsXmlParser: limit: measured-frame-rate-320x180-range = 312-312
09-05 21:09:21.240   947   947 I MediaCodecsXmlParser: limit: measured-frame-rate-640x360-range = 175-174
09-05 21:09:21.240   947   947 I MediaCodecsXmlParser: limit: measured-frame-rate-1280x720-range = 30-40
09-05 21:09:21.240   947   947 I MediaCodecsXmlParser: limit: measured-frame-rate-1920x1080-range = 20-25
09-05 21:09:21.240   947   947 I MediaCodecsXmlParser: limit: measured-frame-rate-320x240-range = 185-185
09-05 21:09:21.240   947   947 I MediaCodecsXmlParser: limit: measured-frame-rate-720x480-range = 87-87
09-05 21:09:21.240   947   947 I MediaCodecsXmlParser: limit: measured-frame-rate-1280x720-range = 45-45
09-05 21:09:21.240   947   947 I MediaCodecsXmlParser: limit: measured-frame-rate-1920x1080-range = 28-28
09-05 21:09:21.240   947   947 D MediaCodecsXmlParser: MediaCodec: cannot update non-existing codec at line 57 of /vendor/etc/media_codecs_performance.xml
09-05 21:09:21.240   947   947 I MediaCodecsXmlParser: limit: measured-frame-rate-176x144-range = 350-365
09-05 21:09:21.240   947   947 D MediaCodecsXmlParser: MediaCodec: cannot update non-existing codec at line 66 of /vendor/etc/media_codecs_performance.xml
09-05 21:09:21.240   947   947 I MediaCodecsXmlParser: limit: measured-frame-rate-176x144-range = 385-385
09-05 21:09:21.240   947   947 D MediaCodecsXmlParser: MediaCodec: cannot update non-existing codec at line 72 of /vendor/etc/media_codecs_performance.xml
09-05 21:09:21.240   947   947 D MediaCodecsXmlParser: MediaCodec: cannot update non-existing codec at line 75 of /vendor/etc/media_codecs_performance.xml
09-05 21:09:21.240   947   947 I MediaCodecsXmlParser: limit: measured-frame-rate-320x180-range = 100-120
09-05 21:09:21.240   947   947 I MediaCodecsXmlParser: limit: measured-frame-rate-640x360-range = 45-50
09-05 21:09:21.240   947   947 I MediaCodecsXmlParser: limit: measured-frame-rate-1280x720-range = 30-35
09-05 21:09:21.240   947   947 I MediaCodecsXmlParser: limit: measured-frame-rate-1920x1080-range = 20-30
09-05 21:09:21.240   947   947 I MediaCodecsXmlParser: limit: measured-frame-rate-320x180-range = 140-180
09-05 21:09:21.240   947   947 I MediaCodecsXmlParser: limit: measured-frame-rate-640x360-range = 45-60
09-05 21:09:21.240   947   947 I MediaCodecsXmlParser: limit: measured-frame-rate-1280x720-range = 12-15
09-05 21:09:21.240   947   947 D MediaCodecsXmlParser: MediaCodec: cannot update non-existing codec at line 90 of /vendor/etc/media_codecs_performance.xml
09-05 21:09:21.240   947   947 I MediaCodecsXmlParser: limit: measured-frame-rate-320x240-range = 555-566
09-05 21:09:21.240   947   947 I MediaCodecsXmlParser: limit: measured-frame-rate-720x480-range = 239-239
09-05 21:09:21.240   947   947 I MediaCodecsXmlParser: limit: measured-frame-rate-1280x720-range = 197-197
09-05 21:09:21.240   947   947 I MediaCodecsXmlParser: limit: measured-frame-rate-1920x1088-range = 198-199
09-05 21:09:21.240   947   947 I MediaCodecsXmlParser: limit: measured-frame-rate-352x288-range = 650-655
09-05 21:09:21.240   947   947 I MediaCodecsXmlParser: limit: measured-frame-rate-640x360-range = 395-398
09-05 21:09:21.240   947   947 I MediaCodecsXmlParser: limit: measured-frame-rate-720x480-range = 300-304
09-05 21:09:21.240   947   947 I MediaCodecsXmlParser: limit: measured-frame-rate-1280x720-range = 241-241
09-05 21:09:21.240   947   947 I MediaCodecsXmlParser: limit: measured-frame-rate-1920x1088-range = 224-226
09-05 21:09:21.240   947   947 I MediaCodecsXmlParser: limit: measured-frame-rate-3840x2160-range = 30-40
09-05 21:09:21.240   947   947 I MediaCodecsXmlParser: limit: measured-frame-rate-176x144-range = 890-898
09-05 21:09:21.241   947   947 I MediaCodecsXmlParser: limit: measured-frame-rate-352x288-range = 840-850
09-05 21:09:21.241   947   947 I MediaCodecsXmlParser: limit: measured-frame-rate-176x144-range = 850-875
09-05 21:09:21.241   947   947 I MediaCodecsXmlParser: limit: measured-frame-rate-480x360-range = 766-794
09-05 21:09:21.241   947   947 I MediaCodecsXmlParser: limit: measured-frame-rate-320x180-range = 680-696
09-05 21:09:21.241   947   947 I MediaCodecsXmlParser: limit: measured-frame-rate-640x360-range = 400-415
09-05 21:09:21.241   947   947 I MediaCodecsXmlParser: limit: measured-frame-rate-1280x720-range = 350-358
09-05 21:09:21.241   947   947 I MediaCodecsXmlParser: limit: measured-frame-rate-1920x1080-range = 199-199
09-05 21:09:21.241   947   947 I MediaCodecsXmlParser: limit: measured-frame-rate-320x180-range = 500-524
09-05 21:09:21.241   947   947 I MediaCodecsXmlParser: limit: measured-frame-rate-640x360-range = 360-366
09-05 21:09:21.241   947   947 I MediaCodecsXmlParser: limit: measured-frame-rate-1280x720-range = 190-210
09-05 21:09:21.241   947   947 I MediaCodecsXmlParser: limit: measured-frame-rate-1920x1080-range = 170-190
09-05 21:09:21.241   947   947 I MediaCodecsXmlParser: limit: measured-frame-rate-3840x2160-range = 48-48
09-05 21:09:21.241   947   947 I MediaCodecsXmlParser: limit: measured-frame-rate-320x240-range = 320-350
09-05 21:09:21.241   947   947 I MediaCodecsXmlParser: limit: measured-frame-rate-720x480-range = 100-130
09-05 21:09:21.241   947   947 I MediaCodecsXmlParser: limit: measured-frame-rate-1280x720-range = 50-58
09-05 21:09:21.241   947   947 I MediaCodecsXmlParser: limit: measured-frame-rate-1920x1080-range = 20-30
09-05 21:09:21.241   947   947 D MediaCodecsXmlParser: MediaCodec: cannot update non-existing codec at line 139 of /vendor/etc/media_codecs_performance.xml
09-05 21:09:21.242   947   947 I MediaCodecsXmlParser: limit: measured-frame-rate-352x288-range = 458-458
09-05 21:09:21.242   947   947 I MediaCodecsXmlParser: limit: measured-frame-rate-640x360-range = 210-215
09-05 21:09:21.242   947   947 I MediaCodecsXmlParser: limit: measured-frame-rate-720x480-range = 120-125
09-05 21:09:21.242   947   947 I MediaCodecsXmlParser: limit: measured-frame-rate-1280x720-range = 70-85
09-05 21:09:21.242   947   947 I MediaCodecsXmlParser: limit: measured-frame-rate-1920x1080-range = 45-48
09-05 21:09:21.242   947   947 D MediaCodecsXmlParser: MediaCodec: cannot update non-existing codec at line 152 of /vendor/etc/media_codecs_performance.xml
09-05 21:09:21.242   947   947 I MediaCodecsXmlParser: limit: measured-frame-rate-176x144-range = 190-210
09-05 21:09:21.242   947   947 I MediaCodecsXmlParser: limit: measured-frame-rate-352x288-range = 170-182
09-05 21:09:21.242   703   703 D vendor.qti.hardware.soter@1.0-service: soter: svc service starting.
09-05 21:09:21.242   947   947 D MediaCodecsXmlParser: MediaCodec: cannot update non-existing codec at line 163 of /vendor/etc/media_codecs_performance.xml
09-05 21:09:21.242   947   947 I MediaCodecsXmlParser: limit: measured-frame-rate-320x240-range = 575-580
09-05 21:09:21.242   947   947 I MediaCodecsXmlParser: limit: measured-frame-rate-640x360-range = 200-220
09-05 21:09:21.242   947   947 I MediaCodecsXmlParser: limit: measured-frame-rate-1280x720-range = 45-55
09-05 21:09:21.242   947   947 I MediaCodecsXmlParser: limit: measured-frame-rate-1920x1080-range = 18-22
09-05 21:09:21.242   947   947 D MediaCodecsXmlParser: MediaCodec: cannot update non-existing codec at line 173 of /vendor/etc/media_codecs_performance.xml
09-05 21:09:21.242   947   947 I MediaCodecsXmlParser: limit: measured-frame-rate-320x240-range = 580-604
09-05 21:09:21.242   947   947 I MediaCodecsXmlParser: limit: measured-frame-rate-640x360-range = 180-185
09-05 21:09:21.242   947   947 I MediaCodecsXmlParser: limit: measured-frame-rate-1280x720-range = 88-92
09-05 21:09:21.242   947   947 I MediaCodecsXmlParser: limit: measured-frame-rate-1920x1080-range = 47-52
09-05 21:09:21.242   947   947 D MediaCodecsXmlParser: MediaCodec: cannot update non-existing codec at line 185 of /vendor/etc/media_codecs_performance.xml
09-05 21:09:21.242   947   947 I MediaCodecsXmlParser: limit: measured-frame-rate-176x144-range = 380-400
09-05 21:09:21.242   947   947 D MediaCodecsXmlParser: MediaCodec: cannot update non-existing codec at line 197 of /vendor/etc/media_codecs_performance.xml
09-05 21:09:21.242   947   947 D MediaCodecsXmlParser: Cannot find /data/misc/media/media_codecs_profiling_results.xml
09-05 21:09:21.242   938   938 I chatty  : uid=1013(media) /system/bin/mediaserver expire 5 lines
09-05 21:09:21.244   947   947 I ServiceManagement: Registered android.hardware.media.omx@1.0::IOmx/default (start delay of 446ms)
09-05 21:09:21.244   703   703 I ServiceManagement: Registered vendor.qti.hardware.soter@1.0::ISoter/default (start delay of 1496ms)
09-05 21:09:21.244   947   947 I ServiceManagement: Removing namespace from process name android.hardware.media.omx@1.0-service to omx@1.0-service.
09-05 21:09:21.244   947   947 I media.codec: IOmx HAL service created.
09-05 21:09:21.245   947   947 I MediaCodecsXmlParser: getVendorXmlPath (/vendor/etc/media_codecs_vendor.xml)
09-05 21:09:21.245   947   947 D MediaCodecsXmlParser: parsing /vendor/etc/media_codecs_vendor.xml...
09-05 21:09:21.245   947   947 D MediaCodecsXmlParser: parsing /vendor/etc/media_codecs_google_audio.xml...
09-05 21:09:21.246   947   947 I MediaCodecsXmlParser: limit: max-channel-count = 2
09-05 21:09:21.246   947   947 I MediaCodecsXmlParser: limit: sample-rate-ranges = 8000,11025,12000,16000,22050,24000,32000,44100,48000
09-05 21:09:21.246   947   947 I MediaCodecsXmlParser: limit: bitrate-range = 8000-320000
09-05 21:09:21.246   947   947 I MediaCodecsXmlParser: limit: max-channel-count = 1
09-05 21:09:21.246   947   947 I MediaCodecsXmlParser: limit: sample-rate-ranges = 8000
09-05 21:09:21.246   947   947 I MediaCodecsXmlParser: limit: bitrate-range = 4750-12200
09-05 21:09:21.246   947   947 I MediaCodecsXmlParser: limit: max-channel-count = 1
09-05 21:09:21.246   947   947 I MediaCodecsXmlParser: limit: sample-rate-ranges = 16000
09-05 21:09:21.246   947   947 I MediaCodecsXmlParser: limit: bitrate-range = 6600-23850
09-05 21:09:21.246   947   947 I MediaCodecsXmlParser: limit: max-channel-count = 8
09-05 21:09:21.246   947   947 I MediaCodecsXmlParser: limit: sample-rate-ranges = 7350,8000,11025,12000,16000,22050,24000,32000,44100,48000
09-05 21:09:21.246   947   947 I MediaCodecsXmlParser: limit: bitrate-range = 8000-960000
09-05 21:09:21.246   947   947 I MediaCodecsXmlParser: limit: max-channel-count = 1
09-05 21:09:21.246   947   947 I MediaCodecsXmlParser: limit: sample-rate-ranges = 8000-48000
09-05 21:09:21.246   947   947 I MediaCodecsXmlParser: limit: bitrate-range = 64000
09-05 21:09:21.246   947   947 I MediaCodecsXmlParser: limit: max-channel-count = 1
09-05 21:09:21.246   947   947 I MediaCodecsXmlParser: limit: sample-rate-ranges = 8000-48000
09-05 21:09:21.246   947   947 I MediaCodecsXmlParser: limit: bitrate-range = 64000
09-05 21:09:21.246   947   947 I MediaCodecsXmlParser: limit: max-channel-count = 8
09-05 21:09:21.246   947   947 I MediaCodecsXmlParser: limit: sample-rate-ranges = 8000-96000
09-05 21:09:21.246   947   947 I MediaCodecsXmlParser: limit: bitrate-range = 32000-500000
09-05 21:09:21.246   947   947 I MediaCodecsXmlParser: limit: max-channel-count = 8
09-05 21:09:21.246   947   947 I MediaCodecsXmlParser: limit: sample-rate-ranges = 48000
09-05 21:09:21.246   947   947 I MediaCodecsXmlParser: limit: bitrate-range = 6000-510000
09-05 21:09:21.246   947   947 I MediaCodecsXmlParser: limit: max-channel-count = 8
09-05 21:09:21.246   947   947 I MediaCodecsXmlParser: limit: sample-rate-ranges = 8000-192000
09-05 21:09:21.246   947   947 I MediaCodecsXmlParser: limit: bitrate-range = 1-10000000
09-05 21:09:21.246   947   947 I MediaCodecsXmlParser: limit: max-channel-count = 8
09-05 21:09:21.246   947   947 I MediaCodecsXmlParser: limit: sample-rate-ranges = 1-655350
09-05 21:09:21.246   947   947 I MediaCodecsXmlParser: limit: bitrate-range = 1-21000000
09-05 21:09:21.246   947   947 I MediaCodecsXmlParser: limit: max-channel-count = 6
09-05 21:09:21.246   947   947 I MediaCodecsXmlParser: limit: sample-rate-ranges = 8000,11025,12000,16000,22050,24000,32000,44100,48000
09-05 21:09:21.246   947   947 I MediaCodecsXmlParser: limit: bitrate-range = 8000-960000
09-05 21:09:21.246   947   947 I MediaCodecsXmlParser: limit: max-channel-count = 1
09-05 21:09:21.246   947   947 I MediaCodecsXmlParser: limit: sample-rate-ranges = 8000
09-05 21:09:21.246   947   947 I MediaCodecsXmlParser: limit: bitrate-range = 4750-12200
09-05 21:09:21.247   947   947 I MediaCodecsXmlParser: limit: feature-bitrate-modes = CBR
09-05 21:09:21.247   947   947 I MediaCodecsXmlParser: limit: max-channel-count = 1
09-05 21:09:21.247   947   947 I MediaCodecsXmlParser: limit: sample-rate-ranges = 16000
09-05 21:09:21.247   947   947 I MediaCodecsXmlParser: limit: bitrate-range = 6600-23850
09-05 21:09:21.247   947   947 I MediaCodecsXmlParser: limit: feature-bitrate-modes = CBR
09-05 21:09:21.247   947   947 I MediaCodecsXmlParser: limit: max-channel-count = 2
09-05 21:09:21.247   947   947 I MediaCodecsXmlParser: limit: sample-rate-ranges = 1-655350
09-05 21:09:21.247   947   947 I MediaCodecsXmlParser: limit: bitrate-range = 1-21000000
09-05 21:09:21.247   947   947 I MediaCodecsXmlParser: limit: complexity-default = 5
09-05 21:09:21.247   947   947 I MediaCodecsXmlParser: limit: complexity-range = 0-8
09-05 21:09:21.247   947   947 I MediaCodecsXmlParser: limit: feature-bitrate-modes = CQ
09-05 21:09:21.247   904   904 I ServiceManagement: Registered com.qualcomm.qti.uceservice@2.2::IUceService/com.qualcomm.qti.uceservice (start delay of 579ms)
09-05 21:09:21.247   947   947 D MediaCodecsXmlParser: parsing /vendor/etc/media_codecs_vendor_audio.xml...
09-05 21:09:21.247   932   932 V MediaExtractorFactory: registering sniffer for /apex/com.android.media/lib64/extractors/libwavextractor.so
09-05 21:09:21.247   932   932 V MediaExtractorFactory: registering extractor for WAV Extractor
09-05 21:09:21.247   904   904 I imsrcsd : ImsRcsBaseImpl CM_IMSCONNECTIONMANAGER_CREATE_CONNECTION Before Registering Service
09-05 21:09:21.248   703   703 I ServiceManagement: Removing namespace from process name vendor.qti.hardware.soter@1.0-service to soter@1.0-service.
09-05 21:09:21.248   703   703 E vendor.qti.hardware.soter@1.0-service: Registered SOTER HAL service success
09-05 21:09:21.249   947   947 I MediaCodecsXmlParser: limit: max-concurrent-instances = 10
09-05 21:09:21.249   947   947 D MediaCodecsXmlParser: parsing /vendor/etc/media_codecs_google_telephony.xml...
09-05 21:09:21.249   947   947 I MediaCodecsXmlParser: limit: max-channel-count = 1
09-05 21:09:21.249   947   947 I MediaCodecsXmlParser: limit: sample-rate-ranges = 8000
09-05 21:09:21.249   947   947 I MediaCodecsXmlParser: limit: bitrate-range = 13000
09-05 21:09:21.249   947   947 I MediaCodecsXmlParser: limit: size-range = 176x64-3840x2160
09-05 21:09:21.249   904   904 I ServiceManagement: Registered com.qualcomm.qti.imscmservice@2.2::IImsCmService/qti.ims.connectionmanagerservice (start delay of 582ms)
09-05 21:09:21.249   947   947 I MediaCodecsXmlParser: limit: alignment = 2x2
09-05 21:09:21.249   947   947 I MediaCodecsXmlParser: limit: block-size = 16x16
09-05 21:09:21.249   947   947 I MediaCodecsXmlParser: limit: blocks-per-second-range = 1-972000
09-05 21:09:21.249   947   947 I MediaCodecsXmlParser: limit: bitrate-range = 1-100000000
09-05 21:09:21.249   904   904 I imsrcsd : ImsRcsBaseImpl CM_IMSCONNECTIONMANAGER_CREATE_CONNECTION After Registering Service
09-05 21:09:21.249   904   904 E         : [IMS_COM] |ImsCom.cpp | 57 | | 904 |Com Fd: 7
09-05 21:09:21.249   904   904 E         : [IMS_COM] |ImsCom.cpp | 167 | | 904 |ImsCom::addComEventHandler(int 7, ComEventCallback 0x717acaf668, void* 0x0, ComCloseCallback 0x0, events 17) EX
09-05 21:09:21.249   947   947 I MediaCodecsXmlParser: limit: max-concurrent-instances = 16
09-05 21:09:21.249   904   904 E         : [IMS_COM] |ImsCom.cpp | 179 | | 904 |ImsCom::addComEventHandler epoll_ctl returns: 0
09-05 21:09:21.249   904   904 E         : [IMS_COM] |ImsCom.cpp | 60 | | 904 |ImsCom is ready. epollFd:6
09-05 21:09:21.249   947   947 I MediaCodecsXmlParser: limit: feature-intra-refresh = 0
09-05 21:09:21.249   904   904 E         : [IMS_COM] |ImsQmiSvc.cpp | 38 | | 904 |ImsQmiSvc[ImsQmiPrivate]:  
09-05 21:09:21.249   904   904 E         : [IMS_COM] |ImsQmiSvc.cpp | 41 | | 904 |ImsQmiSvc: qmiimssvcfd : 8 svcObj[x7acb7008] 
09-05 21:09:21.249   947   947 I MediaCodecsXmlParser: limit: performance-point-3840x2160-range = 24-24
09-05 21:09:21.249   904   904 E         : [IMS_COM] |ImsCom.cpp | 167 | | 904 |ImsCom::addComEventHandler(int 8, ComEventCallback 0x717acb4548, void* 0x717a81c000, ComCloseCallback 0x0, events 1) EX
09-05 21:09:21.249   904   904 E         : [IMS_COM] |ImsCom.cpp | 179 | | 904 |ImsCom::addComEventHandler epoll_ctl returns: 0
09-05 21:09:21.249   947   947 I MediaCodecsXmlParser: limit: size-range = 96x96-3840x2160
09-05 21:09:21.249   947   947 I MediaCodecsXmlParser: limit: alignment = 2x2
09-05 21:09:21.249   947   947 I MediaCodecsXmlParser: limit: block-size = 16x16
09-05 21:09:21.249   947   947 I MediaCodecsXmlParser: limit: blocks-per-second-range = 1-972000
09-05 21:09:21.249   947   947 I MediaCodecsXmlParser: limit: bitrate-range = 1-100000000
09-05 21:09:21.249   947   947 I MediaCodecsXmlParser: limit: max-concurrent-instances = 16
09-05 21:09:21.250   947   947 I MediaCodecsXmlParser: limit: feature-intra-refresh = 0
09-05 21:09:21.250   947   947 I MediaCodecsXmlParser: limit: feature-can-swap-width-height = 0
09-05 21:09:21.250   947   947 I MediaCodecsXmlParser: limit: performance-point-3840x2160-range = 24-24
09-05 21:09:21.250   947   947 I MediaCodecsXmlParser: limit: size-range = 96x64-1920x1088
09-05 21:09:21.250   904   904 E         : [IMS_COM] |ImsQmiSvc.cpp | 121 | | 904 |ImsQmiSvc[ImsQmiPrivate]: registerForQmiSvcUp 
09-05 21:09:21.251   904   904 E         : [IMS_COM] |ImsQmiPrivate.cpp | 121 | | 904 |ImsQmiPrivate Xtor
09-05 21:09:21.251   904   904 E         : [IMS_COM] |ImsCom.cpp | 167 | | 904 |ImsCom::addComEventHandler(int 12, ComEventCallback 0x717acb26e8, void* 0x717a81c000, ComCloseCallback 0x0, events 1) EX
09-05 21:09:21.251   904   904 E         : [IMS_COM] |ImsCom.cpp | 179 | | 904 |ImsCom::addComEventHandler epoll_ctl returns: 0
09-05 21:09:21.251   947   947 I MediaCodecsXmlParser: limit: alignment = 2x2
09-05 21:09:21.251   904   904 I         : ImsCallInfoService: Ctor[7a80a180]
09-05 21:09:21.251   904   904 E         : [IMS_COM] |ImsQmiPrivate.cpp | 234 | | 904 |QMI IMS Private listener added 0x717a80a180
09-05 21:09:21.251   904   904 I         : ImsCallInfoService - <API SVC> registerServiceImpl: Registering for vendor.qti.ims.callinfo 
09-05 21:09:21.251   947   947 I MediaCodecsXmlParser: limit: block-size = 16x16
09-05 21:09:21.251   947   947 I MediaCodecsXmlParser: limit: blocks-per-second-range = 1-244800
09-05 21:09:21.251   947   947 I MediaCodecsXmlParser: limit: bitrate-range = 1-40000000
09-05 21:09:21.251   947   947 I MediaCodecsXmlParser: limit: max-concurrent-instances = 16
09-05 21:09:21.251   947   947 I MediaCodecsXmlParser: limit: performance-point-1920x1088-range = 30-30
09-05 21:09:21.251   947   947 I MediaCodecsXmlParser: limit: size-range = 96x64-864x480
09-05 21:09:21.252   947   947 I MediaCodecsXmlParser: limit: alignment = 2x2
09-05 21:09:21.252   947   947 I MediaCodecsXmlParser: limit: block-size = 16x16
09-05 21:09:21.252   904   904 I ServiceManagement: Registered vendor.qti.ims.callinfo@1.0::IService/default (start delay of 584ms)
09-05 21:09:21.252   947   947 I MediaCodecsXmlParser: limit: blocks-per-second-range = 1-48600
09-05 21:09:21.252   947   947 I MediaCodecsXmlParser: limit: bitrate-range = 1-2000000
09-05 21:09:21.252   947   947 I MediaCodecsXmlParser: limit: max-concurrent-instances = 16
09-05 21:09:21.252   947   947 I MediaCodecsXmlParser: limit: performance-point-720x480-range = 30-30
09-05 21:09:21.252   904   904 I imsrcsd : ImsRcsBaseImpl ImsCallInfo After Registering Service
09-05 21:09:21.252   947   947 I MediaCodecsXmlParser: limit: size-range = 96x64-1920x1088
09-05 21:09:21.252   947   947 I MediaCodecsXmlParser: limit: alignment = 2x2
09-05 21:09:21.252   947   947 I MediaCodecsXmlParser: limit: block-size = 16x16
09-05 21:09:21.252   947   947 I MediaCodecsXmlParser: limit: blocks-per-second-range = 1-244800
09-05 21:09:21.252   947   947 I MediaCodecsXmlParser: limit: bitrate-range = 1-40000000
09-05 21:09:21.252   947   947 I MediaCodecsXmlParser: limit: max-concurrent-instances = 16
09-05 21:09:21.252   947   947 I MediaCodecsXmlParser: limit: feature-intra-refresh = 0
09-05 21:09:21.253   947   947 I MediaCodecsXmlParser: limit: performance-point-1920x1088-range = 30-30
09-05 21:09:21.253   947   947 I MediaCodecsXmlParser: limit: size-range = 64x64-3840x2160
09-05 21:09:21.253   947   947 I MediaCodecsXmlParser: limit: alignment = 2x2
09-05 21:09:21.253   947   947 I MediaCodecsXmlParser: limit: block-size = 16x16
09-05 21:09:21.253   947   947 I MediaCodecsXmlParser: limit: blocks-per-second-range = 1-972000
09-05 21:09:21.253   947   947 I MediaCodecsXmlParser: limit: bitrate-range = 1-100000000
09-05 21:09:21.253   947   947 I MediaCodecsXmlParser: limit: feature-adaptive-playback = 0
09-05 21:09:21.253   947   947 I MediaCodecsXmlParser: limit: max-concurrent-instances = 16
09-05 21:09:21.253   947   947 I MediaCodecsXmlParser: limit: feature-can-swap-width-height = 0
09-05 21:09:21.253   947   947 I MediaCodecsXmlParser: limit: performance-point-3840x2160-range = 30-30
09-05 21:09:21.253   947   947 I MediaCodecsXmlParser: limit: size-range = 64x64-3840x2160
09-05 21:09:21.253   947   947 I MediaCodecsXmlParser: limit: alignment = 2x2
09-05 21:09:21.253   947   947 I MediaCodecsXmlParser: limit: block-size = 16x16
09-05 21:09:21.253   947   947 I MediaCodecsXmlParser: limit: blocks-per-second-range = 1-972000
09-05 21:09:21.253   947   947 I MediaCodecsXmlParser: limit: bitrate-range = 1-35000000
09-05 21:09:21.253   947   947 I MediaCodecsXmlParser: limit: feature-adaptive-playback = 0
09-05 21:09:21.254   904   904 I ServiceManagement: Registered vendor.qti.ims.factory@1.0::IImsFactory/default (start delay of 587ms)
09-05 21:09:21.255   904   904 I imsrcsd : ImsRcsBaseImpl : Successfully registered ImsFactory
09-05 21:09:21.255   947   947 I MediaCodecsXmlParser: limit: feature-secure-playback = 1
09-05 21:09:21.255   947   947 I MediaCodecsXmlParser: limit: max-concurrent-instances = 6
09-05 21:09:21.255   947   947 I MediaCodecsXmlParser: limit: performance-point-3840x2160-range = 30-30
09-05 21:09:21.255   947   947 I MediaCodecsXmlParser: limit: size-range = 64x64-1920x1088
09-05 21:09:21.255   947   947 I MediaCodecsXmlParser: limit: alignment = 2x2
09-05 21:09:21.255   947   947 I MediaCodecsXmlParser: limit: block-size = 16x16
09-05 21:09:21.255   947   947 I MediaCodecsXmlParser: limit: blocks-per-second-range = 1-244800
09-05 21:09:21.256   947   947 I MediaCodecsXmlParser: limit: bitrate-range = 1-40000000
09-05 21:09:21.256   947   947 I MediaCodecsXmlParser: limit: feature-adaptive-playback = 0
09-05 21:09:21.256   947   947 I MediaCodecsXmlParser: limit: max-concurrent-instances = 16
09-05 21:09:21.256   947   947 I MediaCodecsXmlParser: limit: performance-point-1920x1088-range = 30-30
09-05 21:09:21.257   947   947 I MediaCodecsXmlParser: limit: size-range = 64x64-1920x1088
09-05 21:09:21.257   947   947 I MediaCodecsXmlParser: limit: alignment = 2x2
09-05 21:09:21.257   947   947 I MediaCodecsXmlParser: limit: block-size = 16x16
09-05 21:09:21.257   947   947 I MediaCodecsXmlParser: limit: blocks-per-second-range = 1-244800
09-05 21:09:21.258   947   947 I MediaCodecsXmlParser: limit: bitrate-range = 1-20000000
09-05 21:09:21.258   947   947 I MediaCodecsXmlParser: limit: feature-adaptive-playback = 0
09-05 21:09:21.258   947   947 I MediaCodecsXmlParser: limit: feature-secure-playback = 1
09-05 21:09:21.258   947   947 I MediaCodecsXmlParser: limit: max-concurrent-instances = 6
09-05 21:09:21.258   947   947 I MediaCodecsXmlParser: limit: performance-point-1920x1088-range = 30-30
09-05 21:09:21.258   947   947 I MediaCodecsXmlParser: limit: size-range = 64x64-1920x1088
09-05 21:09:21.258   947   947 I MediaCodecsXmlParser: limit: alignment = 2x2
09-05 21:09:21.258   947   947 I MediaCodecsXmlParser: limit: block-size = 16x16
09-05 21:09:21.259   947   947 I MediaCodecsXmlParser: limit: blocks-per-second-range = 1-489600
09-05 21:09:21.259   947   947 I MediaCodecsXmlParser: limit: bitrate-range = 1-60000000
09-05 21:09:21.259   947   947 I MediaCodecsXmlParser: limit: feature-adaptive-playback = 0
09-05 21:09:21.259   947   947 I MediaCodecsXmlParser: limit: max-concurrent-instances = 16
09-05 21:09:21.259   947   947 I MediaCodecsXmlParser: limit: performance-point-1920x1088-range = 60-60
09-05 21:09:21.259   947   947 I MediaCodecsXmlParser: limit: size-range = 64x64-864x480
09-05 21:09:21.259   947   947 I MediaCodecsXmlParser: limit: alignment = 2x2
09-05 21:09:21.259   947   947 I MediaCodecsXmlParser: limit: block-size = 16x16
09-05 21:09:21.259   947   947 I MediaCodecsXmlParser: limit: blocks-per-second-range = 1-48600
09-05 21:09:21.259   947   947 I MediaCodecsXmlParser: limit: bitrate-range = 1-2000000
09-05 21:09:21.259   947   947 I MediaCodecsXmlParser: limit: feature-adaptive-playback = 0
09-05 21:09:21.259   947   947 I MediaCodecsXmlParser: limit: max-concurrent-instances = 16
09-05 21:09:21.259   947   947 I MediaCodecsXmlParser: limit: performance-point-720x480-range = 30-30
09-05 21:09:21.259   947   947 I MediaCodecsXmlParser: limit: size-range = 64x64-1920x1088
09-05 21:09:21.259   947   947 I MediaCodecsXmlParser: limit: alignment = 2x2
09-05 21:09:21.259   947   947 I MediaCodecsXmlParser: limit: block-size = 16x16
09-05 21:09:21.259   947   947 I MediaCodecsXmlParser: limit: blocks-per-second-range = 1-489600
09-05 21:09:21.259   947   947 I MediaCodecsXmlParser: limit: bitrate-range = 1-60000000
09-05 21:09:21.259   947   947 I MediaCodecsXmlParser: limit: feature-adaptive-playback = 0
09-05 21:09:21.259   947   947 I MediaCodecsXmlParser: limit: max-concurrent-instances = 16
09-05 21:09:21.259   947   947 I MediaCodecsXmlParser: limit: performance-point-1920x1088-range = 30-30
09-05 21:09:21.259   947   947 I MediaCodecsXmlParser: limit: size-range = 64x64-1920x1088
09-05 21:09:21.259   947   947 I MediaCodecsXmlParser: limit: alignment = 2x2
09-05 21:09:21.259   947   947 I MediaCodecsXmlParser: limit: block-size = 16x16
09-05 21:09:21.259   947   947 I MediaCodecsXmlParser: limit: blocks-per-second-range = 1-489600
09-05 21:09:21.259   947   947 I MediaCodecsXmlParser: limit: bitrate-range = 1-20000000
09-05 21:09:21.259   947   947 I MediaCodecsXmlParser: limit: feature-adaptive-playback = 0
09-05 21:09:21.259   947   947 I MediaCodecsXmlParser: limit: feature-secure-playback = 1
09-05 21:09:21.259   947   947 I MediaCodecsXmlParser: limit: max-concurrent-instances = 7
09-05 21:09:21.259   947   947 I MediaCodecsXmlParser: limit: performance-point-1920x1088-range = 30-30
09-05 21:09:21.259   947   947 I MediaCodecsXmlParser: limit: size-range = 64x64-1920x1088
09-05 21:09:21.259   947   947 I MediaCodecsXmlParser: limit: alignment = 2x2
09-05 21:09:21.259   947   947 I MediaCodecsXmlParser: limit: block-size = 16x16
09-05 21:09:21.259   947   947 I MediaCodecsXmlParser: limit: blocks-per-second-range = 1-244800
09-05 21:09:21.259   947   947 I MediaCodecsXmlParser: limit: bitrate-range = 1-10000000
09-05 21:09:21.259   947   947 I MediaCodecsXmlParser: limit: feature-adaptive-playback = 0
09-05 21:09:21.259   947   947 I MediaCodecsXmlParser: limit: max-concurrent-instances = 16
09-05 21:09:21.259   947   947 I MediaCodecsXmlParser: limit: performance-point-1920x1088-range = 30-30
09-05 21:09:21.259   947   947 I MediaCodecsXmlParser: limit: size-range = 64x64-720x480
09-05 21:09:21.259   947   947 I MediaCodecsXmlParser: limit: alignment = 2x2
09-05 21:09:21.260   947   947 I MediaCodecsXmlParser: limit: block-size = 16x16
09-05 21:09:21.260   947   947 I MediaCodecsXmlParser: limit: blocks-per-second-range = 1-40500
09-05 21:09:21.260   947   947 I MediaCodecsXmlParser: limit: bitrate-range = 1-2000000
09-05 21:09:21.260   947   947 I MediaCodecsXmlParser: limit: feature-adaptive-playback = 0
09-05 21:09:21.260   947   947 I MediaCodecsXmlParser: limit: max-concurrent-instances = 16
09-05 21:09:21.260   947   947 I MediaCodecsXmlParser: limit: performance-point-720x480-range = 30-30
09-05 21:09:21.260   947   947 I MediaCodecsXmlParser: limit: size-range = 64x64-1920x1088
09-05 21:09:21.260   947   947 I MediaCodecsXmlParser: limit: alignment = 2x2
09-05 21:09:21.260   947   947 I MediaCodecsXmlParser: limit: block-size = 16x16
09-05 21:09:21.260   947   947 I MediaCodecsXmlParser: limit: blocks-per-second-range = 1-244800
09-05 21:09:21.260   947   947 I MediaCodecsXmlParser: limit: bitrate-range = 1-10000000
09-05 21:09:21.260   947   947 I MediaCodecsXmlParser: limit: feature-adaptive-playback = 0
09-05 21:09:21.260   947   947 I MediaCodecsXmlParser: limit: max-concurrent-instances = 16
09-05 21:09:21.260   947   947 I MediaCodecsXmlParser: limit: performance-point-1920x1088-range = 30-30
09-05 21:09:21.260   947   947 I MediaCodecsXmlParser: limit: size-range = 64x64-3840x2160
09-05 21:09:21.260   947   947 I MediaCodecsXmlParser: limit: alignment = 2x2
09-05 21:09:21.260   947   947 I MediaCodecsXmlParser: limit: block-size = 16x16
09-05 21:09:21.260   947   947 I MediaCodecsXmlParser: limit: blocks-per-second-range = 1-972000
09-05 21:09:21.260   947   947 I MediaCodecsXmlParser: limit: bitrate-range = 1-100000000
09-05 21:09:21.260   947   947 I MediaCodecsXmlParser: limit: feature-adaptive-playback = 0
09-05 21:09:21.260   947   947 I MediaCodecsXmlParser: limit: max-concurrent-instances = 16
09-05 21:09:21.260   947   947 I MediaCodecsXmlParser: limit: performance-point-3840x2160-range = 30-30
09-05 21:09:21.260   947   947 I MediaCodecsXmlParser: limit: size-range = 64x64-3840x2160
09-05 21:09:21.260   947   947 I MediaCodecsXmlParser: limit: alignment = 2x2
09-05 21:09:21.260   947   947 I MediaCodecsXmlParser: limit: block-size = 16x16
09-05 21:09:21.260   947   947 I MediaCodecsXmlParser: limit: blocks-per-second-range = 1-972000
09-05 21:09:21.260   947   947 I MediaCodecsXmlParser: limit: bitrate-range = 1-100000000
09-05 21:09:21.260   947   947 I MediaCodecsXmlParser: limit: feature-adaptive-playback = 0
09-05 21:09:21.260   947   947 I MediaCodecsXmlParser: limit: max-concurrent-instances = 16
09-05 21:09:21.260   947   947 I MediaCodecsXmlParser: limit: performance-point-3840x2160-range = 30-30
09-05 21:09:21.260   947   947 I MediaCodecsXmlParser: limit: size-range = 64x64-3840x2160
