09-05 21:09:20.605     0     0 I qdf_print_ctrl_register: Allocated print control object 0
09-05 21:09:20.606     0     0 I [init][296744499][01:09:20.606488] wlan: [476:I:tdls] ucfg_tdls_init: 40: tdls module dispatcher init
09-05 21:09:20.606     0     0 I [init][296744684][01:09:20.606497] wlan: [476:I:tdls] ucfg_tdls_init: 72: tdls module dispatcher init done
09-05 21:09:20.606     0     0 I [init][296744886][01:09:20.606508] wlan: [476:I:POLICY_MGR] policy_mgr_init: 214: Callbacks registered with obj mgr
09-05 21:09:20.607     0     0 I         : wlan_hdd_state wlan major(497) initialized
09-05 21:09:20.607     0     0 I wlan    : driver loaded
09-05 21:09:20.667   880   880 E PerMgrProxy: Starting pm-proxy service
09-05 21:09:20.669   711   740 D PerMgrSrv: modem state: is off-line, add client PM-PROXY-THREAD
09-05 21:09:20.669   711   740 D PerMgrSrv: PM-PROXY-THREAD registered
09-05 21:09:20.669   880   880 D PerMgrLib: PM-PROXY-THREAD successfully registered for modem
09-05 21:09:20.669   880   880 I PerMgrProxy: Casting proxy vote for modem
09-05 21:09:20.669   880   880 D PerMgrLib: PM-PROXY-THREAD voting for modem
09-05 21:09:20.669   711   740 D PerMgrSrv: PM-PROXY-THREAD voting for modem
09-05 21:09:20.669   711   740 D PerMgrSrv: modem new state: going on-line
09-05 21:09:20.669   711   740 D PerMgrSrv: modem num voters is 1
09-05 21:09:20.669   880   880 I PerMgrProxy: pm-proxy-thread vote successful for modem
09-05 21:09:20.671     0     0 I subsys-restart: __subsystem_get(): Changing subsys fw_name to modem
09-05 21:09:20.691   896   896 I chatty  : uid=1013(media) adsprpcd expire 8 lines
09-05 21:09:20.692   897   897 I chatty  : uid=1013(media) /vendor/bin/adsprpcd expire 5 lines
09-05 21:09:20.696     0     0 I pil-q6v5-mss 4080000.qcom,mss: modem: loading from 0x000000008ac00000 to 0x000000008dc00000
09-05 21:09:20.699   892   892 E QCOMSysDaemon: Can't find/open bootselect node: (No such file or directory)
09-05 21:09:20.699   892   892 I QCOMSysDaemon: Starting qcom system daemon
09-05 21:09:20.703   879   879 I /system/bin/adbd: Not payment device, enable adbd
09-05 21:09:20.703   879   879 I /system/bin/adbd: 
09-05 21:09:20.704   879   879 I adbd    : ro.boot.qvar :1.16.0.0.
09-05 21:09:20.704   879   879 I adbd    : 
09-05 21:09:20.704   879   879 I adbd    : [item :]root, [flag :]1
09-05 21:09:20.704   879   879 I adbd    : 
09-05 21:09:20.704   879   879 I adbd    : ro.boot.qvar :1.16.0.0.
09-05 21:09:20.704   879   879 I adbd    : 
09-05 21:09:20.704   879   879 I adbd    : [item :]adb_auth, [flag :]0
09-05 21:09:20.704   879   879 I adbd    : 
09-05 21:09:20.704   879   879 I adbd    : ro.boot.qvar :1.16.0.0.
09-05 21:09:20.704   879   879 I adbd    : 
09-05 21:09:20.705   879   879 I adbd    : [item :]root, [flag :]1
09-05 21:09:20.705   879   879 I adbd    : 
09-05 21:09:20.712   881   881 I Dpps    : GetInstance: DppsServer ref count increased to 1
09-05 21:09:20.712   881   881 I Dpps    : WaitForComposer():129 Waiting for composer service init
09-05 21:09:20.715   904   904 I imsrcsd : Uce Service HAL  is starting up...
09-05 21:09:20.717   879   879 I adbd    : adbd listening on port 5555
09-05 21:09:20.727   879   912 I adbd    : opening control endpoint /dev/usb-ffs/adb/ep0
09-05 21:09:20.727     0     0 I         : read descriptors
09-05 21:09:20.727     0     0 I         : read strings
09-05 21:09:20.728   899   899 I CLD80211: /system/vendor/bin/cnss_diag: initialized exit socket pair
09-05 21:09:20.729   886   886 I android.hardware.camera.provider@2.4-external-service: External camera provider service is starting.
09-05 21:09:20.729   899   899 I CLD80211: /system/vendor/bin/cnss_diag: nlctrl family id: 16 group: fw_logs mcast_id: 21
09-05 21:09:20.729   899   899 I CLD80211: /system/vendor/bin/cnss_diag: nlctrl family id: 16 group: host_logs mcast_id: 20
09-05 21:09:20.729   899   899 I CLD80211: /system/vendor/bin/cnss_diag: nlctrl family id: 16 group: diag_events mcast_id: 23
09-05 21:09:20.731   899   899 I CNSS    : log_capture_location  = /data/vendor/wifi/wlan_logs/
09-05 21:09:20.731   899   899 I CNSS    : Host_logs_location  = /data/vendor/wifi/wlan_logs/buffered_cnsshost_log.txt
09-05 21:09:20.731   899   899 I CNSS    : firmware_logs_location  = /data/vendor/wifi/wlan_logs/buffered_cnssfw_log.txt
09-05 21:09:20.731   899   899 I CNSS    : enable_flush_log = 0
09-05 21:09:20.731   899   899 I CNSS    : cnss_open_log_file: directory /data/vendor/wifi/wlan_logs/ created
09-05 21:09:20.732   899   899 I CNSS    : failed to open file a+ mode or file size 294184 is less than max_file_size 31457280
09-05 21:09:20.732   899   899 I CNSS    : cnss_open_log_file: directory /data/vendor/wifi/wlan_logs/ created
09-05 21:09:20.733   899   899 I CNSS    : failed to open file a+ mode or file size 0 is less than max_file_size 31457280
09-05 21:09:20.733   899   899 I CNSS    : cnss_open_log_file: directory /data/vendor/wifi/wlan_logs/ created
09-05 21:09:20.733   899   899 I CNSS    : failed to open file a+ mode or file size 0 is less than max_file_size 31457280
09-05 21:09:20.733   899   899 I CNSS    : initialize_cnsslog_timer: create cnss log timer 
09-05 21:09:20.737   895   895 I ThermalEngine: Thermal daemon started
09-05 21:09:20.738   907   907 D ELOPartd: ELOPartd
09-05 21:09:20.738   907   907 D ELOPartd: argc = 1
09-05 21:09:20.738   895   895 I ThermalEngine: No target config file, falling back to '/vendor/etc/thermal-engine.conf'
09-05 21:09:20.739   908   908 D LibBpfLoader: Loading ELF object /system/etc/bpf/netd.o with license Apache 2.0
09-05 21:09:20.740   908   908 D LibBpfLoader: Loaded code section 3 (cgroupskb_ingress_stats)
09-05 21:09:20.740   908   908 D LibBpfLoader: Loaded relo section 3 (.relcgroupskb/ingress/stats)
09-05 21:09:20.740   908   908 D LibBpfLoader: Adding section 3 to cs list
09-05 21:09:20.740   908   908 D LibBpfLoader: Loaded code section 5 (cgroupskb_egress_stats)
09-05 21:09:20.740   908   908 D LibBpfLoader: Loaded relo section 5 (.relcgroupskb/egress/stats)
09-05 21:09:20.740   908   908 D LibBpfLoader: Adding section 5 to cs list
09-05 21:09:20.740   908   908 D LibBpfLoader: Loaded code section 7 (skfilter_egress_xtbpf)
09-05 21:09:20.740   908   908 D LibBpfLoader: Loaded relo section 7 (.relskfilter/egress/xtbpf)
09-05 21:09:20.740   908   908 D LibBpfLoader: Adding section 7 to cs list
09-05 21:09:20.740   908   908 D LibBpfLoader: Loaded code section 9 (skfilter_ingress_xtbpf)
09-05 21:09:20.740   908   908 D LibBpfLoader: Loaded relo section 9 (.relskfilter/ingress/xtbpf)
09-05 21:09:20.740   908   908 D LibBpfLoader: Adding section 9 to cs list
09-05 21:09:20.740   908   908 D LibBpfLoader: Loaded code section 11 (skfilter_whitelist_xtbpf)
09-05 21:09:20.740   908   908 D LibBpfLoader: Loaded relo section 11 (.relskfilter/whitelist/xtbpf)
09-05 21:09:20.740   908   908 D LibBpfLoader: Adding section 11 to cs list
09-05 21:09:20.741   908   908 D LibBpfLoader: Loaded code section 13 (skfilter_blacklist_xtbpf)
09-05 21:09:20.741   908   908 D LibBpfLoader: Loaded relo section 13 (.relskfilter/blacklist/xtbpf)
09-05 21:09:20.741   908   908 D LibBpfLoader: Adding section 13 to cs list
09-05 21:09:20.741   908   908 D LibBpfLoader: Loaded code section 15 (cgroupsock_inet_create)
09-05 21:09:20.741   908   908 D LibBpfLoader: Loaded relo section 15 (.relcgroupsock/inet/create)
09-05 21:09:20.741   908   908 D LibBpfLoader: Adding section 15 to cs list
09-05 21:09:20.743   908   908 D LibBpfLoader: bpf_create_map name cookie_tag_map, ret: 6
09-05 21:09:20.744     0     0 E firmware msadp: _request_firmware_load: firmware state wait timeout: rc = -2
09-05 21:09:20.745   908   908 D LibBpfLoader: bpf_create_map name uid_counterset_map, ret: 7
09-05 21:09:20.745     0     0 W pil-q6v5-mss 4080000.qcom,mss: Debug policy not present - msadp. Continue.
09-05 21:09:20.745     0     0 I pil-q6v5-mss 4080000.qcom,mss: Loading MBA and DP (if present) from 0x0000000094800000 to 0x0000000094900000
09-05 21:09:20.746   908   908 D LibBpfLoader: bpf_create_map name app_uid_stats_map, ret: 8
09-05 21:09:20.747   908   908 D LibBpfLoader: bpf_create_map name stats_map_A, ret: 9
09-05 21:09:20.748   908   908 D LibBpfLoader: bpf_create_map name stats_map_B, ret: 10
09-05 21:09:20.748   908   908 D LibBpfLoader: bpf_create_map name iface_stats_map, ret: 11
09-05 21:09:20.748   908   908 D LibBpfLoader: bpf_create_map name configuration_map, ret: 12
09-05 21:09:20.748   908   908 D LibBpfLoader: bpf_create_map name uid_owner_map, ret: 13
09-05 21:09:20.748   908   908 D LibBpfLoader: bpf_create_map name iface_index_name_map, ret: 14
09-05 21:09:20.749   908   908 D LibBpfLoader: bpf_create_map name uid_permission_map, ret: 15
09-05 21:09:20.749     0     0 E MAIN_MGR: hvdcp_opti Version: 3:0:0
09-05 21:09:20.749   908   908 D LibBpfLoader: map_fd found at 0 is 6 in /system/etc/bpf/netd.o
09-05 21:09:20.749   908   908 D LibBpfLoader: map_fd found at 1 is 7 in /system/etc/bpf/netd.o
09-05 21:09:20.749   908   908 D LibBpfLoader: map_fd found at 2 is 8 in /system/etc/bpf/netd.o
09-05 21:09:20.749   908   908 D LibBpfLoader: map_fd found at 3 is 9 in /system/etc/bpf/netd.o
09-05 21:09:20.749   908   908 D LibBpfLoader: map_fd found at 4 is 10 in /system/etc/bpf/netd.o
09-05 21:09:20.749   908   908 D LibBpfLoader: map_fd found at 5 is 11 in /system/etc/bpf/netd.o
09-05 21:09:20.749   908   908 D LibBpfLoader: map_fd found at 6 is 12 in /system/etc/bpf/netd.o
09-05 21:09:20.749   908   908 D LibBpfLoader: map_fd found at 7 is 13 in /system/etc/bpf/netd.o
09-05 21:09:20.749   908   908 D LibBpfLoader: map_fd found at 8 is 14 in /system/etc/bpf/netd.o
09-05 21:09:20.749   908   908 D LibBpfLoader: map_fd found at 9 is 15 in /system/etc/bpf/netd.o
09-05 21:09:20.749   908   908 D LibBpfLoader: applying relo to instruction at byte offset: 616, 	       insn offset 77 , insn 118
09-05 21:09:20.749   908   908 D LibBpfLoader: applying relo to instruction at byte offset: 688, 	       insn offset 86 , insn 118
09-05 21:09:20.749   908   908 D LibBpfLoader: applying relo to instruction at byte offset: 1040, 	       insn offset 130 , insn 118
09-05 21:09:20.749   908   908 D LibBpfLoader: applying relo to instruction at byte offset: 1184, 	       insn offset 148 , insn 118
09-05 21:09:20.749   908   908 D LibBpfLoader: applying relo to instruction at byte offset: 1264, 	       insn offset 158 , insn 118
09-05 21:09:20.749   908   908 D LibBpfLoader: applying relo to instruction at byte offset: 1368, 	       insn offset 171 , insn 118
09-05 21:09:20.749   908   908 D LibBpfLoader: applying relo to instruction at byte offset: 1472, 	       insn offset 184 , insn 118
09-05 21:09:20.749   908   908 D LibBpfLoader: applying relo to instruction at byte offset: 1512, 	       insn offset 189 , insn 118
09-05 21:09:20.749   908   908 D LibBpfLoader: applying relo to instruction at byte offset: 1632, 	       insn offset 204 , insn 118
09-05 21:09:20.749   908   908 D LibBpfLoader: applying relo to instruction at byte offset: 1736, 	       insn offset 217 , insn 118
09-05 21:09:20.749   908   908 D LibBpfLoader: applying relo to instruction at byte offset: 1776, 	       insn offset 222 , insn 118
09-05 21:09:20.749   908   908 D LibBpfLoader: applying relo to instruction at byte offset: 2064, 	       insn offset 258 , insn 118
09-05 21:09:20.749   908   908 D LibBpfLoader: applying relo to instruction at byte offset: 2168, 	       insn offset 271 , insn 118
09-05 21:09:20.750   908   908 D LibBpfLoader: applying relo to instruction at byte offset: 2208, 	       insn offset 276 , insn 118
09-05 21:09:20.750   908   908 D LibBpfLoader: applying relo to instruction at byte offset: 2328, 	       insn offset 291 , insn 118
09-05 21:09:20.750   908   908 D LibBpfLoader: applying relo to instruction at byte offset: 2432, 	       insn offset 304 , insn 118
09-05 21:09:20.750   908   908 D LibBpfLoader: applying relo to instruction at byte offset: 2472, 	       insn offset 309 , insn 118
09-05 21:09:20.750   908   908 D LibBpfLoader: applying relo to instruction at byte offset: 2720, 	       insn offset 340 , insn 118
09-05 21:09:20.750   908   908 D LibBpfLoader: applying relo to instruction at byte offset: 2824, 	       insn offset 353 , insn 118
09-05 21:09:20.750   908   908 D LibBpfLoader: applying relo to instruction at byte offset: 2864, 	       insn offset 358 , insn 118
09-05 21:09:20.750   908   908 D LibBpfLoader: applying relo to instruction at byte offset: 608, 	       insn offset 76 , insn 118
09-05 21:09:20.750   908   908 D LibBpfLoader: applying relo to instruction at byte offset: 680, 	       insn offset 85 , insn 118
09-05 21:09:20.750   908   908 D LibBpfLoader: applying relo to instruction at byte offset: 904, 	       insn offset 113 , insn 118
09-05 21:09:20.750   908   908 D LibBpfLoader: applying relo to instruction at byte offset: 1048, 	       insn offset 131 , insn 118
09-05 21:09:20.750   908   908 D LibBpfLoader: applying relo to instruction at byte offset: 1128, 	       insn offset 141 , insn 118
09-05 21:09:20.750   908   908 D LibBpfLoader: applying relo to instruction at byte offset: 1232, 	       insn offset 154 , insn 118
09-05 21:09:20.750   908   908 D LibBpfLoader: applying relo to instruction at byte offset: 1336, 	       insn offset 167 , insn 118
09-05 21:09:20.750   908   908 D LibBpfLoader: applying relo to instruction at byte offset: 1376, 	       insn offset 172 , insn 118
09-05 21:09:20.750   908   908 D LibBpfLoader: applying relo to instruction at byte offset: 1496, 	       insn offset 187 , insn 118
09-05 21:09:20.750   908   908 D LibBpfLoader: applying relo to instruction at byte offset: 1600, 	       insn offset 200 , insn 118
09-05 21:09:20.750   908   908 D LibBpfLoader: applying relo to instruction at byte offset: 1640, 	       insn offset 205 , insn 118
09-05 21:09:20.750   908   908 D LibBpfLoader: applying relo to instruction at byte offset: 1928, 	       insn offset 241 , insn 118
09-05 21:09:20.750   908   908 D LibBpfLoader: applying relo to instruction at byte offset: 2032, 	       insn offset 254 , insn 118
09-05 21:09:20.750   908   908 D LibBpfLoader: applying relo to instruction at byte offset: 2072, 	       insn offset 259 , insn 118
09-05 21:09:20.750   908   908 D LibBpfLoader: applying relo to instruction at byte offset: 2192, 	       insn offset 274 , insn 118
09-05 21:09:20.750   908   908 D LibBpfLoader: applying relo to instruction at byte offset: 2296, 	       insn offset 287 , insn 118
09-05 21:09:20.750   908   908 D LibBpfLoader: applying relo to instruction at byte offset: 2336, 	       insn offset 292 , insn 118
09-05 21:09:20.750   908   908 D LibBpfLoader: applying relo to instruction at byte offset: 2584, 	       insn offset 323 , insn 118
09-05 21:09:20.753   898   898 E Diag_Lib: qpLogDiagInit <== result : 1
09-05 21:09:20.753   898   898 E Diag_Lib: QMID : gIsQXDMDisabled 0, gIsADBDisabled 1, gIsDebugDisabled 0, gIsIMSLogsDisabled 0
09-05 21:09:20.753   898   898 E Diag_Lib: [IMS_QMID] |imsqmiserver.c | 541 | QMID#$$#0#QMI DAEMON STARTED
09-05 21:09:20.755   908   908 D LibBpfLoader: applying relo to instruction at byte offset: 2688, 	       insn offset 336 , insn 118
09-05 21:09:20.755   908   908 D LibBpfLoader: applying relo to instruction at byte offset: 2728, 	       insn offset 341 , insn 118
09-05 21:09:20.755   908   908 D LibBpfLoader: applying relo to instruction at byte offset: 40, 	       insn offset 5 , insn 118
09-05 21:09:20.755   908   908 D LibBpfLoader: applying relo to instruction at byte offset: 144, 	       insn offset 18 , insn 118
09-05 21:09:20.755   908   908 D LibBpfLoader: applying relo to instruction at byte offset: 184, 	       insn offset 23 , insn 118
09-05 21:09:20.755   908   908 D LibBpfLoader: applying relo to instruction at byte offset: 40, 	       insn offset 5 , insn 118
09-05 21:09:20.755   908   908 D LibBpfLoader: applying relo to instruction at byte offset: 144, 	       insn offset 18 , insn 118
09-05 21:09:20.755   908   908 D LibBpfLoader: applying relo to instruction at byte offset: 184, 	       insn offset 23 , insn 118
09-05 21:09:20.755   895   895 I ThermalEngine: devices_manager_init: Init
09-05 21:09:20.755   908   908 D LibBpfLoader: applying relo to instruction at byte offset: 136, 	       insn offset 17 , insn 118
09-05 21:09:20.756   908   908 D LibBpfLoader: applying relo to instruction at byte offset: 32, 	       insn offset 4 , insn 118
09-05 21:09:20.756   908   908 D LibBpfLoader: applying relo to instruction at byte offset: 80, 	       insn offset 10 , insn 118
09-05 21:09:20.756   895   895 I ThermalEngine: Number of gpus :1
09-05 21:09:20.756   895   895 I ThermalEngine: Number of cpus :8
09-05 21:09:20.756   895   895 I ThermalEngine: update_cpu_topology: Cluster info node not found/sys/module/msm_thermal/cluster_info
09-05 21:09:20.757   895   895 E ThermalEngine: read_int_list_from_file: Read error -2.
09-05 21:09:20.760   908   908 D LibBpfLoader: New bpf core prog_load for /system/etc/bpf/netd.o (cgroupskb_ingress_stats) returned: 16
09-05 21:09:20.762   907   929 D ELOPartd: ~~~~ ELOPart_event_set 5a0bd651e0 ~~~~
09-05 21:09:20.763   907   929 D ELOPartd: ~~~~ +ELOPart_event_add ~~~~
09-05 21:09:20.763   907   907 D ELOPartd: ~~~~ ELOPart_event_set 5a0bd65198 ~~~~
09-05 21:09:20.763   907   929 D ELOPartd: ~~~~ added at 0 ~~~~
09-05 21:09:20.763   907   907 D ELOPartd: ~~~~ +ELOPart_event_add ~~~~
09-05 21:09:20.763   907   907 D ELOPartd: ~~~~ added at 1 ~~~~
09-05 21:09:20.763   908   908 D LibBpfLoader: New bpf core prog_load for /system/etc/bpf/netd.o (cgroupskb_egress_stats) returned: 17
09-05 21:09:20.763   908   908 D LibBpfLoader: New bpf core prog_load for /system/etc/bpf/netd.o (skfilter_egress_xtbpf) returned: 18
09-05 21:09:20.764   908   908 D LibBpfLoader: New bpf core prog_load for /system/etc/bpf/netd.o (skfilter_ingress_xtbpf) returned: 19
09-05 21:09:20.764   908   908 D LibBpfLoader: New bpf core prog_load for /system/etc/bpf/netd.o (skfilter_whitelist_xtbpf) returned: 20
09-05 21:09:20.764   908   908 D LibBpfLoader: New bpf core prog_load for /system/etc/bpf/netd.o (skfilter_blacklist_xtbpf) returned: 21
09-05 21:09:20.764   908   908 D LibBpfLoader: New bpf core prog_load for /system/etc/bpf/netd.o (cgroupsock_inet_create) returned: 22
09-05 21:09:20.764   895   895 E ThermalEngine: tmd_add_cpufreq_dev_data: Invalid or no boost freqs
09-05 21:09:20.764   908   908 I bpfloader: Attempted load object: /system/etc/bpf/netd.o, ret: Success
09-05 21:09:20.769   895   895 E ThermalEngine: read_int_list_from_file: Read error -2.
09-05 21:09:20.769   895   895 E ThermalEngine: tmd_add_cpufreq_dev_data: Invalid or no boost freqs
09-05 21:09:20.772   895   895 E ThermalEngine: read_int_list_from_file: Read error -2.
09-05 21:09:20.772   895   895 E ThermalEngine: tmd_add_cpufreq_dev_data: Invalid or no boost freqs
09-05 21:09:20.773   895   895 E ThermalEngine: read_int_list_from_file: Read error -2.
09-05 21:09:20.773   895   895 E ThermalEngine: tmd_add_cpufreq_dev_data: Invalid or no boost freqs
09-05 21:09:20.775   895   895 E ThermalEngine: read_int_list_from_file: Read error -2.
09-05 21:09:20.775   895   895 E ThermalEngine: tmd_add_cpufreq_dev_data: Invalid or no boost freqs
09-05 21:09:20.777   895   895 E ThermalEngine: read_int_list_from_file: Read error -2.
09-05 21:09:20.777   895   895 E ThermalEngine: tmd_add_cpufreq_dev_data: Invalid or no boost freqs
09-05 21:09:20.779   895   895 E ThermalEngine: read_int_list_from_file: Read error -2.
09-05 21:09:20.780   895   895 E ThermalEngine: tmd_add_cpufreq_dev_data: Invalid or no boost freqs
09-05 21:09:20.781   895   895 E ThermalEngine: read_int_list_from_file: Read error -2.
09-05 21:09:20.782   895   895 E ThermalEngine: tmd_add_cpufreq_dev_data: Invalid or no boost freqs
09-05 21:09:20.783   886   886 I ExtCamUtils@3.4: loadFromCfg: load external camera config succeed!
09-05 21:09:20.783   886   886 I ExtCamUtils@3.4: loadFromCfg: device 3 will be ignored by external camera provider
09-05 21:09:20.783   886   886 I ExtCamUtils@3.4: loadFromCfg: depth output is not enabled
09-05 21:09:20.783   886   886 I ExtCamUtils@3.4: loadFromCfg: no minimum stream size specified
09-05 21:09:20.783   886   886 I ExtCamUtils@3.4: loadFromCfg: no sensor orientation specified
09-05 21:09:20.783   886   886 I ExtCamUtils@3.4: loadFromCfg: external camera cfg loaded: maxJpgBufSize 3145728, num video buffers 4, num still buffers 2, orientation 0
09-05 21:09:20.783   886   886 I ExtCamUtils@3.4: loadFromCfg: fpsLimitList: 640x480@30.000000
09-05 21:09:20.783   886   886 I ExtCamUtils@3.4: loadFromCfg: fpsLimitList: 1280x720@30.000000
09-05 21:09:20.783   886   886 I ExtCamUtils@3.4: loadFromCfg: fpsLimitList: 1920x1080@30.000000
09-05 21:09:20.783   886   886 I ExtCamUtils@3.4: loadFromCfg: minStreamSize: 0x0
09-05 21:09:20.787   908   908 D LibBpfLoader: Loading ELF object /system/etc/bpf/clatd.o with license Apache 2.0
09-05 21:09:20.787   908   908 D LibBpfLoader: Loaded code section 3 (schedcls_ingress_clat_ether)
09-05 21:09:20.787   908   908 D LibBpfLoader: Loaded relo section 3 (.relschedcls/ingress/clat_ether)
09-05 21:09:20.787   908   908 D LibBpfLoader: Adding section 3 to cs list
09-05 21:09:20.787   908   908 D LibBpfLoader: Loaded code section 5 (schedcls_ingress_clat_rawip)
09-05 21:09:20.788   908   908 D LibBpfLoader: Loaded relo section 5 (.relschedcls/ingress/clat_rawip)
09-05 21:09:20.788   908   908 D LibBpfLoader: Adding section 5 to cs list
09-05 21:09:20.788   908   908 D LibBpfLoader: bpf_create_map name clat_ingress_map, ret: 23
09-05 21:09:20.788   908   908 D LibBpfLoader: map_fd found at 0 is 23 in /system/etc/bpf/clatd.o
09-05 21:09:20.788   908   908 D LibBpfLoader: applying relo to instruction at byte offset: 400, 	       insn offset 50 , insn 118
09-05 21:09:20.788   908   908 D LibBpfLoader: applying relo to instruction at byte offset: 360, 	       insn offset 45 , insn 118
09-05 21:09:20.789   886   886 I ServiceManagement: Registered android.hardware.camera.provider@2.4::ICameraProvider/external/0 (start delay of 151ms)
09-05 21:09:20.789   886   886 I ServiceManagement: Removing namespace from process name android.hardware.camera.provider@2.4-external-service to provider@2.4-external-service.
09-05 21:09:20.789   886   886 I android.hardware.camera.provider@2.4-external-service: Registration complete for android.hardware.camera.provider@2.4::ICameraProvider/external/0.
09-05 21:09:20.789   908   908 D LibBpfLoader: New bpf core prog_load for /system/etc/bpf/clatd.o (schedcls_ingress_clat_ether) returned: 24
09-05 21:09:20.790   908   908 D LibBpfLoader: New bpf core prog_load for /system/etc/bpf/clatd.o (schedcls_ingress_clat_rawip) returned: 25
09-05 21:09:20.790   908   908 I bpfloader: Attempted load object: /system/etc/bpf/clatd.o, ret: Success
09-05 21:09:20.793   925   925 I installd: installd firing up
09-05 21:09:20.794   895   895 I ThermalEngine: tmd_init_cluster_devs: No clusters found
09-05 21:09:20.794   895   936 I ThermalEngine: ADSP thermal mitigation available.
09-05 21:09:20.794     0     0 I pil-q6v5-mss 4080000.qcom,mss: MBA boot done
09-05 21:09:20.795   895   936 I ThermalEngine: Mitigation:vdd_restriction[ADSP]:0 pending QMI request succeded
09-05 21:09:20.796   895   895 E ThermalEngine: Could not find npu cooling device
09-05 21:09:20.796   895   895 E ThermalEngine: tmd_init_npu_device: Invalid NPU level:-1.
09-05 21:09:20.796   895   895 E ThermalEngine: devices_init: Init NPU TMD failed -12
09-05 21:09:20.800   895   895 I ThermalEngine: vdd_rstr_init: Could not read /sys/module/msm_thermal/vdd_restriction/enabled
09-05 21:09:20.808   895   895 E ThermalEngine: open/sys/class/power_supply/battery/system_temp_level failed2
09-05 21:09:20.808   895   895 E ThermalEngine: Unable to init battery charging mitigation to 0
09-05 21:09:20.811   895   895 I ThermalEngine: sensors_manager_init: Init
09-05 21:09:20.833   924   924 I KIT     : KIT firing up 1.08
09-05 21:09:20.834   924   924 E KIT     : LogMessageBuffer: Mon Sep  6 01:09:20 2021
09-05 21:09:20.834   924   924 E KIT     :  KIT firing up
09-05 21:09:20.834   924   924 E KIT     : 
09-05 21:09:20.856   895   895 E ThermalEngine: pid_init_data: ERROR Uknown device
09-05 21:09:20.857   895   895 E ThermalEngine: thermal_monitor_init_data: read camera_thermal_migitation=125000
09-05 21:09:20.858   895   952 E ThermalEngine: socket creation success
09-05 21:09:20.860   895   895 I ThermalEngine: Loading config file for virtual sensor
09-05 21:09:20.860   895   895 I ThermalEngine: Loading configuration file /vendor/etc/thermal-engine.conf
09-05 21:09:20.862   895   895 I ThermalEngine: Parsing section global
09-05 21:09:20.862   895   895 E ThermalEngine: virtual_sensors_init: Error getting virtual sensors set
09-05 21:09:20.862   895   895 I ThermalEngine: Loading configuration file /vendor/etc/thermal-engine.conf
09-05 21:09:20.862   895   895 I ThermalEngine: Parsing section global
09-05 21:09:20.862   895   895 E ThermalEngine: sensors_manager_reg_clnt: Invalid sensor pop_mem.
09-05 21:09:20.862   895   895 E ThermalEngine: pid_algo_init: Sensor clnt create fail pop_mem
09-05 21:09:20.862   895   895 E ThermalEngine: sensors_manager_reg_clnt: Invalid sensor cpu3.
09-05 21:09:20.862   895   895 E ThermalEngine: pid_algo_init: Sensor clnt create fail cpu3
09-05 21:09:20.862   895   895 E ThermalEngine: sensors_manager_reg_clnt: Invalid sensor cpu2.
09-05 21:09:20.862   895   895 E ThermalEngine: pid_algo_init: Sensor clnt create fail cpu2
09-05 21:09:20.862   895   895 E ThermalEngine: sensors_manager_reg_clnt: Invalid sensor cpu1.
09-05 21:09:20.862   895   895 E ThermalEngine: pid_algo_init: Sensor clnt create fail cpu1
09-05 21:09:20.862   895   895 E ThermalEngine: sensors_manager_reg_clnt: Invalid sensor cpu0.
09-05 21:09:20.862   895   895 E ThermalEngine: pid_algo_init: Sensor clnt create fail cpu0
09-05 21:09:20.862   895   895 I ThermalEngine: pid_algo_init: No PID's to be configured.
09-05 21:09:20.862   895   895 I ThermalEngine: [CAMERA_SKIN_EXIT_MITIGATION]
09-05 21:09:20.863   895   895 I ThermalEngine: #algo_type monitor
09-05 21:09:20.863   895   895 I ThermalEngine: sampling 10000
09-05 21:09:20.863   895   895 I ThermalEngine: sensor quiet-therm-adc
09-05 21:09:20.863   895   895 I ThermalEngine: thresholds 125000
09-05 21:09:20.863   895   895 I ThermalEngine: thresholds_clr 45000
09-05 21:09:20.863   895   895 I ThermalEngine: actions camera+camcorder
09-05 21:09:20.863   895   895 I ThermalEngine: action_info 10+10
09-05 21:09:20.863   895   895 I ThermalEngine: ss_algo_init: No SS's configured.
09-05 21:09:20.863   895   895 E ThermalEngine: No speaker_cal config
09-05 21:09:20.873   939   939 I PerfDaemon: PerfDaemon is starting.
09-05 21:09:20.873   895   975 E ThermalEngine: open/sys/module/msm_thermal/parameters/enabled failed2
09-05 21:09:20.902   629   629 W zygote  : JNI RegisterNativeMethods: attempt to register 0 native methods for android.media.AudioAttributes
09-05 21:09:20.910   628   628 W zygote64: JNI RegisterNativeMethods: attempt to register 0 native methods for android.media.AudioAttributes
09-05 21:09:20.917     0     0 I sn65dsi86_dsi2edp_disable: end
09-05 21:09:20.917     0     0 I sn65dsi86_dsi2edp_panel_enable: set to 0
09-05 21:09:20.938   629   629 I sysui_multi_action: [757,804,799,boot_zygote_init,801,10952,802,1]
09-05 21:09:20.938   628   628 I sysui_multi_action: [757,804,799,boot_zygote_init,801,10953,802,1]
09-05 21:09:20.943   931   931 I chatty  : uid=1013 mediadrmserver expire 1 line
09-05 21:09:20.946   903   903 E Diag_Lib: qpLogDiagInit <== result : 1; log_write_mutex is Initialized
09-05 21:09:20.946   903   903 E VIMSVT  : VT-Vendor:: enableImsADB 0, log_priority value 240
09-05 21:09:20.947   903   903 E Diag_Lib: [IMS_AP_RTP]"RTPService callback Registraton"
09-05 21:09:20.947   946   946 I wificond: wificond is starting up...
09-05 21:09:20.948   903   903 I ServiceManagement: Registered vendor.qti.imsrtpservice@2.1::IRTPService/imsrtpservice (start delay of 281ms)
09-05 21:09:20.953   972   972 I ServiceManagement: Registered com.qualcomm.qti.dpm.api@1.0::IdpmQmi/dpmQmiService (start delay of 106ms)
09-05 21:09:20.961   628   628 I boot_progress_preload_start: 10993
09-05 21:09:20.961   628   628 D Zygote  : begin preload
09-05 21:09:20.966   628   628 I Zygote  : Calling ZygoteHooks.beginPreload()
09-05 21:09:20.966   939   939 D PerfDaemon: added vendor.perfservice to services and is now running.
09-05 21:09:20.975   984   984 I ssgqmigd: socket ANDROID_SOCKET_ssgqmig open success
09-05 21:09:20.975   984   984 I ssgqmigd: ssgqmigd uses 42
09-05 21:09:20.978   940   940 I ServiceManagement: Registered android.frameworks.stats@1.0::IStats/default (start delay of 210ms)
09-05 21:09:20.979   940   940 W statsd  : statscompanion service unavailable!
09-05 21:09:20.979   629   629 I zygote  : Explicit concurrent copying GC freed 307(38KB) AllocSpace objects, 0(0B) LOS objects, 98% free, 25KB/1561KB, paused 67us total 15.504ms
09-05 21:09:20.984   940   940 I statsd  : Statsd starts to listen to socket.
09-05 21:09:20.994   629   629 I zygote  : Explicit concurrent copying GC freed 5(32KB) AllocSpace objects, 0(0B) LOS objects, 98% free, 25KB/1561KB, paused 141us total 10.033ms
09-05 21:09:20.995   629   629 D Zygote32Timing: PostZygoteInitGC took to complete: 31ms
09-05 21:09:20.995   629   629 D Zygote32Timing: ZygoteInit took to complete: 34ms
09-05 21:09:20.998   983   983 I CLD80211: /system/vendor/bin/cnss-daemon: initialized exit socket pair
09-05 21:09:20.999   983   983 I CLD80211: /system/vendor/bin/cnss-daemon: nlctrl family id: 16 group: svc_msgs mcast_id: 19
09-05 21:09:20.999   983   983 E cnss-daemon: interop issues ap: read_iot_ap_file: No such file /data/vendor/wifi/iotap_ps.bin
09-05 21:09:20.999   983   983 E cnss-daemon: interop issues ap: read_iot_ap_ps_from_file, read file error
09-05 21:09:20.999   983   983 I cnss-daemon: interop issues ap init successfully
09-05 21:09:20.999   983   983 I cnss-daemon:  cnss hang event handler init successfully
09-05 21:09:20.999   988   988 I /system/bin/tombstoned: tombstoned successfully initialized
09-05 21:09:21.004   983   983 E cnss-daemon: Couldn't resolve family id
09-05 21:09:21.004   983   983 E cnss-daemon: Failed to init genl between daemon and platform, continue
09-05 21:09:21.020   987   987 I gatekeeperd: Starting gatekeeperd...
09-05 21:09:21.023   928   928 I keystore: found android.hardware.keymaster@4.0::IKeymasterDevice with interface name default and seclevel TRUSTED_ENVIRONMENT
09-05 21:09:21.029   629   629 I Zygote  : Accepting command socket connections
09-05 21:09:21.032   971   971 E wifidisplayhal-service: Start with vendor binder
09-05 21:09:21.032   971   971 E wifidisplayhal-service: Registering wifidisplayhdcphal service...
09-05 21:09:21.039   971   971 I ServiceManagement: Registered com.qualcomm.qti.wifidisplayhal@1.0::IHDCPSession/wifidisplayhdcphal (start delay of 191ms)
09-05 21:09:21.039   971   971 E wifidisplayhal-service: Registering wifidisplaydshal service...
09-05 21:09:21.040   971   971 I ServiceManagement: Registered com.qualcomm.qti.wifidisplayhal@1.0::IDSManager/wifidisplaydshal (start delay of 193ms)
09-05 21:09:21.051   928   928 I ServiceManagement: Registered android.system.wifi.keystore@1.0::IKeystore/default (start delay of 323ms)
09-05 21:09:21.058   628   628 D Zygote64Timing: BeginPreload took to complete: 98ms
09-05 21:09:21.058   628   628 I Zygote  : Preloading classes...
09-05 21:09:21.062   628   628 W Zygote  : Class not found for preloading: android.app.-$$Lambda$ActivityThread$ZXDWm3IBeFmLnFVblhB-IOZCr9o
09-05 21:09:21.063   937   937 I chatty  : uid=1013 mediametrics expire 2 lines
09-05 21:09:21.063   496   496 I hwservicemanager: getTransport: Cannot find entry android.hardware.usb.gadget@1.0::IUsbGadget/default in either framework or device manifest.
09-05 21:09:21.064  1009  1009 I usbd    : Usb HAL not found
09-05 21:09:21.067   904   904 I imsrcsd : Uce Service HAL  loading imsrcsbaseimpl
09-05 21:09:21.080   941  1016 W storaged: health: invalid battery status
09-05 21:09:21.104   671   671 E mm-camera: <SENSOR><ERROR> ov8856_gt24p64b_get_module_info: 77: EEPROM Version 1
09-05 21:09:21.104   671   671 E mm-camera: <SENSOR><ERROR> ov8856_gt24p64b_get_module_info: 86: EEPROM Manufacture date YYYY/MM/DD 2020/11/27 
09-05 21:09:21.104   671   671 E mm-camera: <SENSOR><ERROR> ov8856_gt24p64b_format_wbdata: 107: Enter
09-05 21:09:21.104   671   671 E mm-camera: <SENSOR><ERROR> ov8856_gt24p64b_format_wbdata: 121: WB : (4000K) r/gr = 0.500000
09-05 21:09:21.104   671   671 E mm-camera: <SENSOR><ERROR> ov8856_gt24p64b_format_wbdata: 122: WB : (4000K) b/gb = 0.816406
09-05 21:09:21.104   671   671 E mm-camera: <SENSOR><ERROR> ov8856_gt24p64b_format_wbdata: 123: WB : (4000K) gr/gb = 1.000978
09-05 21:09:21.104   671   671 E mm-camera: <SENSOR><ERROR> ov8856_gt24p64b_format_wbdata: 128: WB : (5000K) r/gr = 0.697266
09-05 21:09:21.104   671   671 E mm-camera: <SENSOR><ERROR> ov8856_gt24p64b_format_wbdata: 129: WB : (5000K) b/gb = 0.618164
09-05 21:09:21.104   671   671 E mm-camera: <SENSOR><ERROR> ov8856_gt24p64b_format_wbdata: 130: WB : (5000K) gr/gb = 1.003922
09-05 21:09:21.104   671   671 E mm-camera: <SENSOR><ERROR> ov8856_gt24p64b_format_wbdata: 183: Exit
09-05 21:09:21.104   671   671 E mm-camera: <SENSOR><ERROR> ov8856_gt24p64b_format_lensshading: 244: Enter
09-05 21:09:21.104   671   671 E mm-camera: <SENSOR><ERROR> ov8856_gt24p64b_format_lensshading: 300: Exit
09-05 21:09:21.104   671   671 E mm-camera: <SENSOR><ERROR> ov8856_gt24p64b_format_afdata: 202: Enter
09-05 21:09:21.104   671   671 E mm-camera: <SENSOR><ERROR> ov8856_gt24p64b_format_afdata: 223: AF : macro 335 infinity 170 (now starting DAC set to infinity)
09-05 21:09:21.104   671   671 E mm-camera: <SENSOR><ERROR> ov8856_gt24p64b_format_afdata: 224: Exit
09-05 21:09:21.104   671   671 E mm-camera: <SENSOR><ERROR> ov8856_gt24p64b_get_calibration_items: 30: is_insensor:0, is_afc:1, is_wbc:1, is_lsc:1, is_dpc:0, is_ois:0, is_dual:0
09-05 21:09:21.105   671   671 I mm-camera: <SENSOR>< INFO> 97: sensor_sysinfo_read: sysinfo:path /sys/module/msm_sensor_driver/parameters/module_vendor data default size 10
09-05 21:09:21.105   671   671 E mm-camera: <SENSOR><ERROR> 129: eeprom_af_add_margin: AF_infinity_dac:145, macro_dac:442
09-05 21:09:21.113   879   912 I adbd    : UsbFfsConnection constructed
09-05 21:09:21.126   958   958 E QCNEA   : Cne Version 4.9
09-05 21:09:21.130   941  1016 I ServiceManager: Waiting for service 'package_native' on '/dev/binder'...
09-05 21:09:21.130   932   932 V MediaUtils: physMem: 3812380672
09-05 21:09:21.130   932   932 V MediaUtils: requested limit: 762476120
09-05 21:09:21.130   932   932 I libc    : malloc_limit: Allocation limit enabled, max size 762476120 bytes
--------- beginning of radio
09-05 21:09:21.135   948   948 D RILD    : **RIL Daemon Started**
09-05 21:09:21.135   948   948 D RILD    : **RILd param count=3**
09-05 21:09:21.151   932   932 W mediaextractor: libminijail[932]: failed to get path of fd 4: No such file or directory
09-05 21:09:21.151   932   932 W mediaextractor: libminijail[932]: allowing syscall: connect
09-05 21:09:21.151   932   932 W mediaextractor: libminijail[932]: allowing syscall: fcntl
09-05 21:09:21.151   932   932 W mediaextractor: libminijail[932]: allowing syscall: sendto
09-05 21:09:21.151   932   932 W mediaextractor: libminijail[932]: allowing syscall: socket
09-05 21:09:21.151   932   932 W mediaextractor: libminijail[932]: allowing syscall: writev
09-05 21:09:21.151   628   628 W Zygote  : Class not found for preloading: android.bluetooth.BluetoothA2dp$2
09-05 21:09:21.157   932   932 W mediaextractor: libminijail[932]: logging seccomp filter failures
09-05 21:09:21.164   932   932 V MediaExtractorFactory: search for plugins at /apex/com.android.media/lib64/extractors
09-05 21:09:21.165   628   628 I PackageBackwardCompatibility: Could not find android.content.pm.AndroidTestBaseUpdater, ignoring
09-05 21:09:21.166   627   627 D TetherController: Setting IP forward enable = 0
09-05 21:09:21.167   627   627 D FirewallController: Could not read /proc/self/uid_map, max uid defaulting to 4294967294
09-05 21:09:21.170   947   947 I media.codec: mediacodecservice starting
09-05 21:09:21.173     0     0 E CTM     : file connector_health does not exist in /sys/class/power_supply/usb/
09-05 21:09:21.173     0     0 E CTM     : Couldn't read connector_health from /sys/class/power_supply/parallel/
09-05 21:09:21.174     0     0 E SOH-D   : SOH file not exposed, disable SOH
09-05 21:09:21.174     0     0 E CP      : charge_pump missing
09-05 21:09:21.174     0     0 E THERM-BALANCE: Parallel PSY entry not found.
09-05 21:09:21.176   879  1027 I adbd    : USB event: FUNCTIONFS_BIND
09-05 21:09:21.176     0     0 E HVDCP2  : Not valid charger for hvdcp2.
09-05 21:09:21.176     0     0 E hvdcpd  : Not valid charger for hvdcp3.
09-05 21:09:21.177     0     0 I android_work: did not send uevent (0 0 0000000000000000)
09-05 21:09:21.183     0     0 E STD-PD  : Registered STD_PD
09-05 21:09:21.184   947   947 W media.codec: libminijail[947]: failed to get path of fd 4: No such file or directory
09-05 21:09:21.184   947   947 W media.codec: libminijail[947]: allowing syscall: clock_gettime
09-05 21:09:21.184   947   947 W media.codec: libminijail[947]: allowing syscall: connect
09-05 21:09:21.184   947   947 W media.codec: libminijail[947]: allowing syscall: fcntl64
09-05 21:09:21.184   947   947 W media.codec: libminijail[947]: allowing syscall: socket
09-05 21:09:21.184   947   947 W media.codec: libminijail[947]: allowing syscall: writev
09-05 21:09:21.185     0     0 E PPS     : Registered PPS
09-05 21:09:21.187   496   496 E SELinux : avc:  denied  { find } for interface=vendor.qti.hardware.slmadapter::ISlmAdapter sid=u:r:cnd:s0 pid=958 scontext=u:r:cnd:s0 tcontext=u:object_r:default_android_hwservice:s0 tclass=hwservice_manager permissive=0
09-05 21:09:21.187   496   496 I auditd  : avc:  denied  { find } for interface=vendor.qti.hardware.slmadapter::ISlmAdapter sid=u:r:cnd:s0 pid=958 scontext=u:r:cnd:s0 tcontext=u:object_r:default_android_hwservice:s0 tclass=hwservice_manager permissive=0
09-05 21:09:21.190   947   947 W media.codec: libminijail[947]: logging seccomp filter failures
09-05 21:09:21.190   958   958 I ServiceManagement: Registered vendor.qti.hardware.data.latency@1.0::ILinkLatency/default (start delay of 373ms)
09-05 21:09:21.194   958   958 I ServiceManagement: Registered vendor.qti.data.factory@2.1::IFactory/default (start delay of 376ms)
09-05 21:09:21.197   932   932 V MediaExtractorFactory: registering sniffer for /apex/com.android.media/lib64/extractors/libmp4extractor.so
09-05 21:09:21.197   932   932 V MediaExtractorFactory: registering extractor for MP4 Extractor
09-05 21:09:21.209   947   947 I SoftOMXPlugin: createOMXPlugin
09-05 21:09:21.210   947   947 I MediaCodecsXmlParser: getVendorXmlPath (/vendor/etc/media_codecs_vendor.xml)
09-05 21:09:21.210   947   947 D MediaCodecsXmlParser: parsing /vendor/etc/media_codecs_vendor.xml...
09-05 21:09:21.215   947   947 D MediaCodecsXmlParser: parsing /vendor/etc/media_codecs_google_audio.xml...
09-05 21:09:21.217   947   947 I MediaCodecsXmlParser: limit: max-channel-count = 2
09-05 21:09:21.217   947   947 I MediaCodecsXmlParser: limit: sample-rate-ranges = 8000,11025,12000,16000,22050,24000,32000,44100,48000
09-05 21:09:21.217   947   947 I MediaCodecsXmlParser: limit: bitrate-range = 8000-320000
09-05 21:09:21.218   947   947 I MediaCodecsXmlParser: limit: max-channel-count = 1
09-05 21:09:21.218   947   947 I MediaCodecsXmlParser: limit: sample-rate-ranges = 8000
09-05 21:09:21.218   947   947 I MediaCodecsXmlParser: limit: bitrate-range = 4750-12200
09-05 21:09:21.218   947   947 I MediaCodecsXmlParser: limit: max-channel-count = 1
09-05 21:09:21.218   947   947 I MediaCodecsXmlParser: limit: sample-rate-ranges = 16000
09-05 21:09:21.218   947   947 I MediaCodecsXmlParser: limit: bitrate-range = 6600-23850
09-05 21:09:21.218   947   947 I MediaCodecsXmlParser: limit: max-channel-count = 8
09-05 21:09:21.218   947   947 I MediaCodecsXmlParser: limit: sample-rate-ranges = 7350,8000,11025,12000,16000,22050,24000,32000,44100,48000
09-05 21:09:21.218   947   947 I MediaCodecsXmlParser: limit: bitrate-range = 8000-960000
09-05 21:09:21.218   947   947 I MediaCodecsXmlParser: limit: max-channel-count = 1
09-05 21:09:21.218   947   947 I MediaCodecsXmlParser: limit: sample-rate-ranges = 8000-48000
09-05 21:09:21.218   947   947 I MediaCodecsXmlParser: limit: bitrate-range = 64000
09-05 21:09:21.218   947   947 I MediaCodecsXmlParser: limit: max-channel-count = 1
09-05 21:09:21.218   947   947 I MediaCodecsXmlParser: limit: sample-rate-ranges = 8000-48000
09-05 21:09:21.218   947   947 I MediaCodecsXmlParser: limit: bitrate-range = 64000
09-05 21:09:21.218   947   947 I MediaCodecsXmlParser: limit: max-channel-count = 8
09-05 21:09:21.218   947   947 I MediaCodecsXmlParser: limit: sample-rate-ranges = 8000-96000
09-05 21:09:21.218   947   947 I MediaCodecsXmlParser: limit: bitrate-range = 32000-500000
09-05 21:09:21.218   947   947 I MediaCodecsXmlParser: limit: max-channel-count = 8
09-05 21:09:21.218   947   947 I MediaCodecsXmlParser: limit: sample-rate-ranges = 48000
09-05 21:09:21.218   947   947 I MediaCodecsXmlParser: limit: bitrate-range = 6000-510000
09-05 21:09:21.218   947   947 I MediaCodecsXmlParser: limit: max-channel-count = 8
09-05 21:09:21.218   947   947 I MediaCodecsXmlParser: limit: sample-rate-ranges = 8000-192000
09-05 21:09:21.218   947   947 I MediaCodecsXmlParser: limit: bitrate-range = 1-10000000
09-05 21:09:21.218   947   947 I MediaCodecsXmlParser: limit: max-channel-count = 8
09-05 21:09:21.218   947   947 I MediaCodecsXmlParser: limit: sample-rate-ranges = 1-655350
09-05 21:09:21.218   947   947 I MediaCodecsXmlParser: limit: bitrate-range = 1-21000000
09-05 21:09:21.218   947   947 I MediaCodecsXmlParser: limit: max-channel-count = 6
09-05 21:09:21.218   947   947 I MediaCodecsXmlParser: limit: sample-rate-ranges = 8000,11025,12000,16000,22050,24000,32000,44100,48000
09-05 21:09:21.218   947   947 I MediaCodecsXmlParser: limit: bitrate-range = 8000-960000
09-05 21:09:21.218   947   947 I MediaCodecsXmlParser: limit: max-channel-count = 1
09-05 21:09:21.218   947   947 I MediaCodecsXmlParser: limit: sample-rate-ranges = 8000
09-05 21:09:21.218   947   947 I MediaCodecsXmlParser: limit: bitrate-range = 4750-12200
09-05 21:09:21.218   947   947 I MediaCodecsXmlParser: limit: feature-bitrate-modes = CBR
09-05 21:09:21.218   947   947 I MediaCodecsXmlParser: limit: max-channel-count = 1
09-05 21:09:21.218   947   947 I MediaCodecsXmlParser: limit: sample-rate-ranges = 16000
09-05 21:09:21.218   947   947 I MediaCodecsXmlParser: limit: bitrate-range = 6600-23850
09-05 21:09:21.218   947   947 I MediaCodecsXmlParser: limit: feature-bitrate-modes = CBR
09-05 21:09:21.218   947   947 I MediaCodecsXmlParser: limit: max-channel-count = 2
09-05 21:09:21.218   947   947 I MediaCodecsXmlParser: limit: sample-rate-ranges = 1-655350
09-05 21:09:21.218   947   947 I MediaCodecsXmlParser: limit: bitrate-range = 1-21000000
09-05 21:09:21.218   947   947 I MediaCodecsXmlParser: limit: complexity-default = 5
09-05 21:09:21.218   947   947 I MediaCodecsXmlParser: limit: complexity-range = 0-8
09-05 21:09:21.218   947   947 I MediaCodecsXmlParser: limit: feature-bitrate-modes = CQ
09-05 21:09:21.218   947   947 D MediaCodecsXmlParser: parsing /vendor/etc/media_codecs_vendor_audio.xml...
09-05 21:09:21.219   932   932 V MediaExtractorFactory: registering sniffer for /apex/com.android.media/lib64/extractors/libflacextractor.so
09-05 21:09:21.219   932   932 V MediaExtractorFactory: registering extractor for FLAC Extractor
09-05 21:09:21.219   947   947 I MediaCodecsXmlParser: limit: max-concurrent-instances = 10
09-05 21:09:21.219   947   947 D MediaCodecsXmlParser: parsing /vendor/etc/media_codecs_google_telephony.xml...
09-05 21:09:21.222   947   947 I MediaCodecsXmlParser: limit: max-channel-count = 1
09-05 21:09:21.222   947   947 I MediaCodecsXmlParser: limit: sample-rate-ranges = 8000
09-05 21:09:21.222   947   947 I MediaCodecsXmlParser: limit: bitrate-range = 13000
09-05 21:09:21.222   947   947 I MediaCodecsXmlParser: limit: size-range = 176x64-3840x2160
09-05 21:09:21.222   947   947 I MediaCodecsXmlParser: limit: alignment = 2x2
09-05 21:09:21.222   947   947 I MediaCodecsXmlParser: limit: block-size = 16x16
09-05 21:09:21.222   947   947 I MediaCodecsXmlParser: limit: blocks-per-second-range = 1-972000
09-05 21:09:21.222   947   947 I MediaCodecsXmlParser: limit: bitrate-range = 1-100000000
09-05 21:09:21.222   947   947 I MediaCodecsXmlParser: limit: max-concurrent-instances = 16
09-05 21:09:21.222   947   947 I MediaCodecsXmlParser: limit: feature-intra-refresh = 0
09-05 21:09:21.222   947   947 I MediaCodecsXmlParser: limit: performance-point-3840x2160-range = 24-24
09-05 21:09:21.222   947   947 I MediaCodecsXmlParser: limit: size-range = 96x96-3840x2160
09-05 21:09:21.222   947   947 I MediaCodecsXmlParser: limit: alignment = 2x2
09-05 21:09:21.222   947   947 I MediaCodecsXmlParser: limit: block-size = 16x16
09-05 21:09:21.222   947   947 I MediaCodecsXmlParser: limit: blocks-per-second-range = 1-972000
09-05 21:09:21.222   947   947 I MediaCodecsXmlParser: limit: bitrate-range = 1-100000000
09-05 21:09:21.222   947   947 I MediaCodecsXmlParser: limit: max-concurrent-instances = 16
09-05 21:09:21.222   947   947 I MediaCodecsXmlParser: limit: feature-intra-refresh = 0
09-05 21:09:21.222   947   947 I MediaCodecsXmlParser: limit: feature-can-swap-width-height = 0
09-05 21:09:21.222   947   947 I MediaCodecsXmlParser: limit: performance-point-3840x2160-range = 24-24
09-05 21:09:21.222   947   947 I MediaCodecsXmlParser: limit: size-range = 96x64-1920x1088
09-05 21:09:21.222   947   947 I MediaCodecsXmlParser: limit: alignment = 2x2
09-05 21:09:21.222   947   947 I MediaCodecsXmlParser: limit: block-size = 16x16
09-05 21:09:21.222   947   947 I MediaCodecsXmlParser: limit: blocks-per-second-range = 1-244800
09-05 21:09:21.222   947   947 I MediaCodecsXmlParser: limit: bitrate-range = 1-40000000
09-05 21:09:21.222   947   947 I MediaCodecsXmlParser: limit: max-concurrent-instances = 16
09-05 21:09:21.222   947   947 I MediaCodecsXmlParser: limit: performance-point-1920x1088-range = 30-30
09-05 21:09:21.222   947   947 I MediaCodecsXmlParser: limit: size-range = 96x64-864x480
09-05 21:09:21.222   947   947 I MediaCodecsXmlParser: limit: alignment = 2x2
09-05 21:09:21.222   947   947 I MediaCodecsXmlParser: limit: block-size = 16x16
09-05 21:09:21.222   947   947 I MediaCodecsXmlParser: limit: blocks-per-second-range = 1-48600
09-05 21:09:21.222   947   947 I MediaCodecsXmlParser: limit: bitrate-range = 1-2000000
09-05 21:09:21.222   947   947 I MediaCodecsXmlParser: limit: max-concurrent-instances = 16
09-05 21:09:21.223   947   947 I MediaCodecsXmlParser: limit: performance-point-720x480-range = 30-30
09-05 21:09:21.223   947   947 I MediaCodecsXmlParser: limit: size-range = 96x64-1920x1088
09-05 21:09:21.223   947   947 I MediaCodecsXmlParser: limit: alignment = 2x2
09-05 21:09:21.223   947   947 I MediaCodecsXmlParser: limit: block-size = 16x16
09-05 21:09:21.223   947   947 I MediaCodecsXmlParser: limit: blocks-per-second-range = 1-244800
09-05 21:09:21.223   947   947 I MediaCodecsXmlParser: limit: bitrate-range = 1-40000000
09-05 21:09:21.223   947   947 I MediaCodecsXmlParser: limit: max-concurrent-instances = 16
09-05 21:09:21.223   947   947 I MediaCodecsXmlParser: limit: feature-intra-refresh = 0
09-05 21:09:21.223   947   947 I MediaCodecsXmlParser: limit: performance-point-1920x1088-range = 30-30
09-05 21:09:21.223   947   947 I MediaCodecsXmlParser: limit: size-range = 64x64-3840x2160
09-05 21:09:21.223   947   947 I MediaCodecsXmlParser: limit: alignment = 2x2
09-05 21:09:21.223   947   947 I MediaCodecsXmlParser: limit: block-size = 16x16
09-05 21:09:21.223   947   947 I MediaCodecsXmlParser: limit: blocks-per-second-range = 1-972000
09-05 21:09:21.223   947   947 I MediaCodecsXmlParser: limit: bitrate-range = 1-100000000
09-05 21:09:21.223   947   947 I MediaCodecsXmlParser: limit: feature-adaptive-playback = 0
09-05 21:09:21.223   947   947 I MediaCodecsXmlParser: limit: max-concurrent-instances = 16
09-05 21:09:21.223   947   947 I MediaCodecsXmlParser: limit: feature-can-swap-width-height = 0
09-05 21:09:21.223   947   947 I MediaCodecsXmlParser: limit: performance-point-3840x2160-range = 30-30
09-05 21:09:21.223   947   947 I MediaCodecsXmlParser: limit: size-range = 64x64-3840x2160
09-05 21:09:21.223   947   947 I MediaCodecsXmlParser: limit: alignment = 2x2
09-05 21:09:21.223   947   947 I MediaCodecsXmlParser: limit: block-size = 16x16
09-05 21:09:21.223   947   947 I MediaCodecsXmlParser: limit: blocks-per-second-range = 1-972000
09-05 21:09:21.223   947   947 I MediaCodecsXmlParser: limit: bitrate-range = 1-35000000
09-05 21:09:21.223   947   947 I MediaCodecsXmlParser: limit: feature-adaptive-playback = 0
09-05 21:09:21.223   947   947 I MediaCodecsXmlParser: limit: feature-secure-playback = 1
09-05 21:09:21.223   947   947 I MediaCodecsXmlParser: limit: max-concurrent-instances = 6
09-05 21:09:21.223   947   947 I MediaCodecsXmlParser: limit: performance-point-3840x2160-range = 30-30
09-05 21:09:21.223   947   947 I MediaCodecsXmlParser: limit: size-range = 64x64-1920x1088
09-05 21:09:21.223   947   947 I MediaCodecsXmlParser: limit: alignment = 2x2
09-05 21:09:21.223   947   947 I MediaCodecsXmlParser: limit: block-size = 16x16
