06-21 21:40:33.558  1298  1361 W ActivityManager: Slow operation: 160ms so far, now at startProcess: asking zygote to start proc
06-21 21:40:33.561  1298  1298 V NotificationAssistants: 0 notification assistant service connected: ComponentInfo{android.ext.services/android.ext.services.notification.Assistant}
06-21 21:40:33.567  1298  1359 I am_pss  : [1759,1000,com.android.settings,52435968,38469632,0,158273536,2,2,10]
06-21 21:40:33.573  1298  1505 I SyncManager: Loaded persisted syncs: 0 periodic syncs, 0 oneshot syncs, 12 total system server jobs, JobStats: FirstLoad: 2/2/0 LastSave: -1/-1/-1
06-21 21:40:33.574  1298  1925 I am_proc_bound: [0,2169,com.callback.kms]
06-21 21:40:33.587  1298  1493 V BackupManagerService: No ancestral data
06-21 21:40:33.588  1298  1359 I am_pss  : [1726,1001,com.android.phone,21565440,13815808,0,112668672,2,0,8]
06-21 21:40:33.596  1298  1361 W ActivityManager: Slow operation: 198ms so far, now at startProcess: returned from zygote!
06-21 21:40:33.596  1298  1361 W ActivityManager: Slow operation: 198ms so far, now at startProcess: done updating battery stats
06-21 21:40:33.596  1298  1361 I am_proc_start: [0,2220,1000,com.qualcomm.qti.workloadclassifier,added application,com.qualcomm.qti.workloadclassifier]
06-21 21:40:33.596  1298  1361 W ActivityManager: Slow operation: 198ms so far, now at startProcess: building log message
06-21 21:40:33.596  1298  1361 I ActivityManager: Start proc 2220:com.qualcomm.qti.workloadclassifier/1000 for added application com.qualcomm.qti.workloadclassifier
06-21 21:40:33.596  1298  1361 W ActivityManager: Slow operation: 198ms so far, now at startProcess: starting to update pids map
06-21 21:40:33.596  1298  1361 W ActivityManager: Slow operation: 198ms so far, now at startProcess: done updating pids map
06-21 21:40:33.596  1298  1361 W ActivityManager: Slow operation: 198ms so far, now at startProcess: asking zygote to start proc
06-21 21:40:33.598  1298  1359 I am_pss  : [1680,1000,com.elo.EloCoreApp,9199616,3362816,0,97144832,2,0,8]
06-21 21:40:33.600  1298  1647 I am_proc_bound: [0,2196,com.android.se]
06-21 21:40:33.602  1298  1647 I am_uid_active: 1068
06-21 21:40:33.613  1298  1493 I BackupManagerService: Backup enabled => false
06-21 21:40:33.617  1298  1359 I am_pss  : [1669,1001,.qtidataservices,11125760,5234688,0,101474304,2,0,8]
06-21 21:40:33.628  1298  1361 W ActivityManager: Slow operation: 229ms so far, now at startProcess: returned from zygote!
06-21 21:40:33.628  1298  1361 W ActivityManager: Slow operation: 229ms so far, now at startProcess: done updating battery stats
06-21 21:40:33.628  1298  1361 I am_proc_start: [0,2245,1000,com.callback.sdpl,added application,com.callback.sdpl]
06-21 21:40:33.628  1298  1361 W ActivityManager: Slow operation: 229ms so far, now at startProcess: building log message
06-21 21:40:33.628  1298  1361 I ActivityManager: Start proc 2245:com.callback.sdpl/1000 for added application com.callback.sdpl
06-21 21:40:33.628  1298  1361 W ActivityManager: Slow operation: 229ms so far, now at startProcess: starting to update pids map
06-21 21:40:33.628  1298  1361 W ActivityManager: Slow operation: 229ms so far, now at startProcess: done updating pids map
06-21 21:40:33.628  1298  1361 W ActivityManager: Slow operation: 229ms so far, now at startProcess: asking zygote to start proc
06-21 21:40:33.633  1298  1359 I am_pss  : [1607,1001,.dataservices,9313280,3788800,0,97816576,2,0,8]
06-21 21:40:33.644  1298  2140 V BackupManagerConstants: getKeyValueBackupIntervalMilliseconds(...) returns 14400000
06-21 21:40:33.644  1298  2140 V BackupManagerConstants: getKeyValueBackupFuzzMilliseconds(...) returns 600000
06-21 21:40:33.644  1298  2140 V BackupManagerConstants: getKeyValueBackupRequiredNetworkType(...) returns 1
06-21 21:40:33.644  1298  2140 V BackupManagerConstants: getKeyValueBackupRequireCharging(...) returns true
06-21 21:40:33.644  1298  2140 V KeyValueBackupJob: Scheduling k/v pass in 249 minutes
06-21 21:40:33.647  1298  1925 I am_proc_bound: [0,2220,com.qualcomm.qti.workloadclassifier]
06-21 21:40:33.654  1298  1359 I am_pss  : [1531,10104,com.android.systemui,118293504,102469632,0,258822144,2,0,14]
06-21 21:40:33.686  1298  1361 W ActivityManager: Slow operation: 287ms so far, now at startProcess: returned from zygote!
06-21 21:40:33.687  1298  1361 W ActivityManager: Slow operation: 288ms so far, now at startProcess: done updating battery stats
06-21 21:40:33.687  1298  1361 I am_proc_start: [0,2280,1000,com.callback.emvcl,added application,com.callback.emvcl]
06-21 21:40:33.687  1298  1361 W ActivityManager: Slow operation: 288ms so far, now at startProcess: building log message
06-21 21:40:33.687  1298  1361 I ActivityManager: Start proc 2280:com.callback.emvcl/1000 for added application com.callback.emvcl
06-21 21:40:33.687  1298  1361 W ActivityManager: Slow operation: 288ms so far, now at startProcess: starting to update pids map
06-21 21:40:33.687  1298  1361 W ActivityManager: Slow operation: 288ms so far, now at startProcess: done updating pids map
06-21 21:40:33.687  1298  1361 W ActivityManager: Slow operation: 286ms so far, now at startProcess: asking zygote to start proc
06-21 21:40:33.688  1298  2140 V BackupManagerConstants: getKeyValueBackupIntervalMilliseconds(...) returns 14400000
06-21 21:40:33.688  1298  2140 V BackupManagerConstants: getKeyValueBackupFuzzMilliseconds(...) returns 600000
06-21 21:40:33.688  1298  2140 V BackupManagerConstants: getKeyValueBackupRequiredNetworkType(...) returns 1
06-21 21:40:33.688  1298  2140 V BackupManagerConstants: getKeyValueBackupRequireCharging(...) returns true
06-21 21:40:33.688  1298  2140 V KeyValueBackupJob: Scheduling k/v pass in 248 minutes
06-21 21:40:33.690  2245  2245 I service_manager_slow: [16,activity]
06-21 21:40:33.691  1298  1871 I am_proc_bound: [0,2245,com.callback.sdpl]
06-21 21:40:33.705  1298  1463 D StorageManagerService: Volume emulated broadcasting mounted to UserHandle{0}
06-21 21:40:33.715  1298  1359 I am_pss  : [1298,1000,system,134554624,110379008,0,285454336,2,0,24]
06-21 21:40:33.718  1298  1298 D BluetoothManagerService: Bluetooth Adapter address changed to 1C:EE:C9:1E:EE:D7
06-21 21:40:33.719  1298  1298 D BluetoothManagerService: Stored Bluetoothaddress: 1C:EE:C9:1E:EE:D7
06-21 21:40:33.719  1298  1871 I am_proc_bound: [0,2280,com.callback.emvcl]
06-21 21:40:33.720  1298  1361 W ActivityManager: Slow operation: 319ms so far, now at startProcess: returned from zygote!
06-21 21:40:33.724  1298  1647 I dvm_lock_sample: [system_server,1,Binder:1298_6,5,ActivityManagerService.java,15652,int com.android.server.am.ActivityManagerService.broadcastIntent(android.app.IApplicationThread, android.content.Intent, java.lang.String, android.content.IIntentReceiver, int, java.lang.String, android.os.Bundle, java.lang.String[], int, android.os.Bundle, boolean, boolean, int),-,5274,void com.android.server.am.ActivityManagerService.attachApplication(android.app.IApplicationThread, long),1]
06-21 21:40:33.728  1298  1298 D BluetoothManagerService: Bluetooth Adapter name changed to Elo-BTD
06-21 21:40:33.729  1298  1298 D BluetoothManagerService: Stored Bluetooth name: Elo-BTD
06-21 21:40:33.729  1298  1361 W ActivityManager: Slow operation: 328ms so far, now at startProcess: done updating battery stats
06-21 21:40:33.729  1298  1361 I am_proc_start: [0,2306,1000,com.qualcomm.qti.services.secureui:sui_service,added application,com.qualcomm.qti.services.secureui:sui_service]
06-21 21:40:33.729  1298  1361 W ActivityManager: Slow operation: 328ms so far, now at startProcess: building log message
06-21 21:40:33.729  1298  1361 I ActivityManager: Start proc 2306:com.qualcomm.qti.services.secureui:sui_service/1000 for added application com.qualcomm.qti.services.secureui:sui_service
06-21 21:40:33.729  1298  1361 W ActivityManager: Slow operation: 328ms so far, now at startProcess: starting to update pids map
06-21 21:40:33.729  1298  1361 W ActivityManager: Slow operation: 328ms so far, now at startProcess: done updating pids map
06-21 21:40:33.729  1298  1361 W ActivityManager: Slow operation: 236ms so far, now at startProcess: asking zygote to start proc
06-21 21:40:33.731  1298  1298 D BluetoothManagerService: Bluetooth Adapter address changed to 1C:EE:C9:1E:EE:D7
06-21 21:40:33.732  1298  1298 D BluetoothManagerService: Stored Bluetoothaddress: 1C:EE:C9:1E:EE:D7
06-21 21:40:33.747  1298  1352 D BluetoothManagerService: MESSAGE_BLUETOOTH_STATE_CHANGE: BLE_TURNING_ON > BLE_ON
06-21 21:40:33.747  1298  1352 D BluetoothManagerService: Bluetooth is in LE only mode
06-21 21:40:33.747  1298  1352 D BluetoothManagerService: Binding Bluetooth GATT service
06-21 21:40:33.751  1298  1352 D BluetoothManagerService: Sending BLE State Change: BLE_TURNING_ON > BLE_ON
06-21 21:40:33.751  1298  1298 D BluetoothManagerService: BluetoothServiceConnection: com.android.bluetooth.gatt.GattService
06-21 21:40:33.752  1298  1352 D BluetoothManagerService: MESSAGE_BLUETOOTH_SERVICE_CONNECTED: 2
06-21 21:40:33.752  1298  1352 D BluetoothManagerService: continueFromBleOnState(): mEnableExternal=true, mDelayedTurnOff=false
06-21 21:40:33.754  1298  1361 W ActivityManager: Slow operation: 261ms so far, now at startProcess: returned from zygote!
06-21 21:40:33.754  1298  1361 W ActivityManager: Slow operation: 261ms so far, now at startProcess: done updating battery stats
06-21 21:40:33.754  1298  1361 I am_proc_start: [0,2326,1000,com.qualcomm.qti.qmmi,broadcast,{com.qualcomm.qti.qmmi/com.qualcomm.qti.qmmi.framework.QmmiReceiver}]
06-21 21:40:33.754  1298  1361 W ActivityManager: Slow operation: 261ms so far, now at startProcess: building log message
06-21 21:40:33.754  1298  1361 I ActivityManager: Start proc 2326:com.qualcomm.qti.qmmi/1000 for broadcast {com.qualcomm.qti.qmmi/com.qualcomm.qti.qmmi.framework.QmmiReceiver}
06-21 21:40:33.754  1298  1361 W ActivityManager: Slow operation: 261ms so far, now at startProcess: starting to update pids map
06-21 21:40:33.754  1298  1361 W ActivityManager: Slow operation: 261ms so far, now at startProcess: done updating pids map
06-21 21:40:33.754  1298  1361 W ActivityManager: Slow operation: 243ms so far, now at startProcess: asking zygote to start proc
06-21 21:40:33.754  1298  1352 D BluetoothManagerService: isBleAppPresent() count: 0
06-21 21:40:33.756  1830  1830 I am_on_create_called: [0,com.android.launcher3.Launcher,performCreate]
06-21 21:40:33.756  1298  1352 D BluetoothManagerService: Persisting Bluetooth Setting: 1
06-21 21:40:33.756  1298  1352 D BluetoothManagerService: MESSAGE_BLUETOOTH_STATE_CHANGE: BLE_ON > TURNING_ON
06-21 21:40:33.756  1298  1352 D BluetoothManagerService: Sending BLE State Change: BLE_ON > TURNING_ON
06-21 21:40:33.760  1830  1830 I am_on_start_called: [0,com.android.launcher3.Launcher,handleStartActivity]
06-21 21:40:33.762  1830  1830 I am_on_resume_called: [0,com.android.launcher3.Launcher,RESUME_ACTIVITY]
06-21 21:40:33.763  1298  1359 I am_uid_running: 10069
06-21 21:40:33.777  1298  1871 E WindowManager: App trying to use insecure INPUT_FEATURE_NO_INPUT_CHANNEL flag. Ignoring
06-21 21:40:33.781  1830  1830 I am_on_top_resumed_gained_called: [0,com.android.launcher3.Launcher,topStateChangedWhenResumed]
06-21 21:40:33.787  1298  1298 V NotificationListeners: 0 notification listener service connected: ComponentInfo{com.android.launcher3/com.android.launcher3.notification.NotificationListener}
06-21 21:40:33.795  1298  1361 W ActivityManager: Slow operation: 284ms so far, now at startProcess: returned from zygote!
06-21 21:40:33.795  1298  1361 W ActivityManager: Slow operation: 284ms so far, now at startProcess: done updating battery stats
06-21 21:40:33.795  1298  1361 I am_proc_start: [0,2354,1000,com.oem.location,service,{com.oem.location/com.oem.location.FakeNlpService}]
06-21 21:40:33.795  1298  1361 W ActivityManager: Slow operation: 284ms so far, now at startProcess: building log message
06-21 21:40:33.795  1298  1361 I ActivityManager: Start proc 2354:com.oem.location/1000 for service {com.oem.location/com.oem.location.FakeNlpService}
06-21 21:40:33.795  1298  1361 W ActivityManager: Slow operation: 284ms so far, now at startProcess: starting to update pids map
06-21 21:40:33.795  1298  1361 W ActivityManager: Slow operation: 284ms so far, now at startProcess: done updating pids map
06-21 21:40:33.800  1298  1647 I am_proc_bound: [0,2306,com.qualcomm.qti.services.secureui:sui_service]
06-21 21:40:33.816  1298  1550 I am_proc_bound: [0,2326,com.qualcomm.qti.qmmi]
06-21 21:40:33.825  1298  1361 W ActivityManager: Slow operation: 61ms so far, now at startProcess: returned from zygote!
06-21 21:40:33.825  1298  1361 W ActivityManager: Slow operation: 61ms so far, now at startProcess: done updating battery stats
06-21 21:40:33.825  1298  1361 I am_proc_start: [0,2368,10069,com.android.printspooler,service,{com.android.printspooler/com.android.printspooler.model.PrintSpoolerService}]
06-21 21:40:33.825  1298  1361 W ActivityManager: Slow operation: 61ms so far, now at startProcess: building log message
06-21 21:40:33.825  1298  1361 I ActivityManager: Start proc 2368:com.android.printspooler/u0a69 for service {com.android.printspooler/com.android.printspooler.model.PrintSpoolerService}
06-21 21:40:33.825  1298  1361 W ActivityManager: Slow operation: 61ms so far, now at startProcess: starting to update pids map
06-21 21:40:33.826  1298  1361 W ActivityManager: Slow operation: 62ms so far, now at startProcess: done updating pids map
06-21 21:40:33.835  2363  2363 I auditd  : type=1400 audit(0.0:15): avc: denied { read } for comm="cdsprpcd" name="adsprpc-smd-secure" dev="tmpfs" ino=13664 scontext=u:r:cdsprpcd:s0 tcontext=u:object_r:xdsp_device:s0 tclass=chr_file permissive=0
06-21 21:40:33.856  1298  1871 I am_proc_bound: [0,2354,com.oem.location]
06-21 21:40:33.863  1507  1507 I liblog  : 4
06-21 21:40:33.864  1507  1507 I chatty  : uid=1002(bluetooth) com.android.bluetooth identical 25 lines
06-21 21:40:33.868  1507  1507 I liblog  : 36
06-21 21:40:33.877  1507  2234 I liblog  : 250
06-21 21:40:33.895  1298  1647 I am_proc_bound: [0,2368,com.android.printspooler]
06-21 21:40:33.909  1298  1439 I am_destroy_activity: [0,63138465,1,com.android.settings/.FallbackHome,finish-idle]
06-21 21:40:33.910  1298  1647 I am_uid_active: 10069
06-21 21:40:33.911  1759  1759 I am_on_stop_called: [0,com.android.settings.FallbackHome,LIFECYCLER_STOP_ACTIVITY]
06-21 21:40:33.921  1759  1759 I am_on_destroy_called: [0,com.android.settings.FallbackHome,performDestroy]
06-21 21:40:33.932  1298  1352 D BluetoothManagerService: MESSAGE_BLUETOOTH_STATE_CHANGE: TURNING_ON > ON
06-21 21:40:33.932  1298  1352 D BluetoothManagerService: Broadcasting onBluetoothStateChange(true) to 9 receivers.
06-21 21:40:33.935  1298  1495 D HDMI    : [S]:<Give Device Power Status> 40:8F
06-21 21:40:33.935  1298  1352 D BluetoothManagerService: Creating new ProfileServiceConnections object for profile: 1
06-21 21:40:33.935  1298  1495 W HdmiCecController: Failed to send <Give Device Power Status> 40:8F with errorCode=3
06-21 21:40:33.936  1298  1352 E BluetoothManagerService: Fail to bind to: Intent { act=android.bluetooth.IBluetoothHeadset }
06-21 21:40:33.936  1298  1352 W BluetoothManagerService: Unable to bind with intent: Intent { act=android.bluetooth.IBluetoothHeadset }
06-21 21:40:33.937  1298  1352 D BluetoothManagerService: Creating new ProfileServiceConnections object for profile: 1
06-21 21:40:33.937  1298  1352 E BluetoothManagerService: Fail to bind to: Intent { act=android.bluetooth.IBluetoothHeadset }
06-21 21:40:33.937  1298  1352 W BluetoothManagerService: Unable to bind with intent: Intent { act=android.bluetooth.IBluetoothHeadset }
06-21 21:40:33.938  1298  1352 D BluetoothManagerService: Creating new ProfileServiceConnections object for profile: 1
06-21 21:40:33.938  1298  1352 E BluetoothManagerService: Fail to bind to: Intent { act=android.bluetooth.IBluetoothHeadset }
06-21 21:40:33.938  1298  1352 W BluetoothManagerService: Unable to bind with intent: Intent { act=android.bluetooth.IBluetoothHeadset }
06-21 21:40:33.939  1298  1352 D BluetoothManagerService: Sending BLE State Change: TURNING_ON > ON
06-21 21:40:33.939  1298  1667 D BluetoothManagerService: Creating new ProfileServiceConnections object for profile: 1
06-21 21:40:33.939  1298  1667 E BluetoothManagerService: Fail to bind to: Intent { act=android.bluetooth.IBluetoothHeadset }
06-21 21:40:33.939  1298  1667 W BluetoothManagerService: Unable to bind with intent: Intent { act=android.bluetooth.IBluetoothHeadset }
06-21 21:40:33.942  1298  1871 I am_remove_task: [1,0]
06-21 21:40:33.944  1298  1298 W Telecom : BluetoothPhoneService: Calling get Profile proxy
06-21 21:40:33.945  1298  1298 D BluetoothManagerService: Creating new ProfileServiceConnections object for profile: 1
06-21 21:40:33.948  1298  1298 E BluetoothManagerService: Fail to bind to: Intent { act=android.bluetooth.IBluetoothHeadset }
06-21 21:40:33.948  1298  1298 W BluetoothManagerService: Unable to bind with intent: Intent { act=android.bluetooth.IBluetoothHeadset }
06-21 21:40:33.948  1298  1298 W Telecom : BluetoothPhoneService: Done Calling get Profile proxy
06-21 21:40:33.948  1298  1298 I Telecom : BluetoothPhoneService: queryPhoneState: BPSI.qPS@AAQ
06-21 21:40:33.950  1298  1925 W ActivityManager: Receiver with filter android.content.IntentFilter@f0bdfd9 already registered for pid 1531, callerPackage is com.android.systemui
06-21 21:40:33.962  1298  1298 V SettingsProvider: Notifying for 0: content://settings/secure/location_providers_allowed
06-21 21:40:33.991  1298  1298 I notification_cancel_all: [1002,1507,com.android.bluetooth,0,0,64,9,NULL]
06-21 21:40:34.011  1298  1361 I am_proc_start: [0,2436,1000,com.android.keychain,service,{com.android.keychain/com.android.keychain.KeyChainService}]
06-21 21:40:34.011  1298  1361 I ActivityManager: Start proc 2436:com.android.keychain/1000 for service {com.android.keychain/com.android.keychain.KeyChainService}
06-21 21:40:34.027  1759  1759 I ELOPeripheralManager: Init ELOPeripheralManager, service: android.elo.peripheral.IELOPeripheralService$Stub$Proxy@c5c4f91, SDK API CORE layer version: 1.3.17
06-21 21:40:34.036  1298  2443 I DropBoxManagerService: add tag=SYSTEM_BOOT isTagEnabled=true flags=0x2
06-21 21:40:34.037  1298  1550 D OemKeysManager: Success to setTouchWakeup: true
06-21 21:40:34.037  1298  1298 D OemKeysManager: handleMessage msg.what: 4
06-21 21:40:34.041  1298  2443 I BootReceiver: Copying audit failures to DropBox
06-21 21:40:34.045  1298  2443 I sysui_multi_action: [757,804,799,boot_mount_all_duration_early,801,72,802,1]
06-21 21:40:34.045  1298  2443 I sysui_multi_action: [757,804,799,boot_mount_all_duration_late,801,559,802,1]
06-21 21:40:34.045  1298  2443 I BootReceiver: Checking for fsck errors
06-21 21:40:34.046  1298  2443 I sysui_multi_action: [757,804,799,boot_fs_stat_dsp_a,801,3,802,1]
06-21 21:40:34.046  1298  2443 I BootReceiver: fs_stat, partition:dsp_a stat:0x3
06-21 21:40:34.046  1298  2443 I sysui_multi_action: [757,804,799,boot_fs_stat_persist,801,1099,802,1]
06-21 21:40:34.046  1298  2443 I BootReceiver: fs_stat, partition:persist stat:0x44b
06-21 21:40:34.047  1298  2443 I sysui_multi_action: [757,804,799,boot_fs_stat_userdata,801,11,802,1]
06-21 21:40:34.047  1298  2443 I BootReceiver: fs_stat, partition:userdata stat:0xb
06-21 21:40:34.049  1298  1550 I am_proc_bound: [0,2436,com.android.keychain]
06-21 21:40:34.061  1298  2443 I commit_sys_config_file: [log-files,14]
06-21 21:40:34.063  1298  2443 I am_uid_running: 10042
06-21 21:40:34.090  2169  2169 W ContextImpl: Calling a method in the system process without a qualified user: android.app.ContextImpl.startService:1570 android.content.ContextWrapper.startService:669 android.content.ContextWrapper.startService:669 com.callback.kms.KMSReceiver.onReceive:37 android.app.ActivityThread.handleReceiver:3789 
06-21 21:40:34.102  1298  1361 I am_proc_start: [0,2472,10042,android.process.media,content provider,{com.android.providers.downloads/com.android.providers.downloads.DownloadProvider}]
06-21 21:40:34.102  1298  1361 I ActivityManager: Start proc 2472:android.process.media/u0a42 for content provider {com.android.providers.downloads/com.android.providers.downloads.DownloadProvider}
06-21 21:40:34.134  1298  1925 I am_proc_bound: [0,2472,android.process.media]
06-21 21:40:34.135   696   696 I auditd  : type=1400 audit(0.0:16): avc: denied { call } for comm="perf@2.1-servic" scontext=u:r:hal_perf_default:s0 tcontext=u:r:hal_graphics_composer_default:s0 tclass=binder permissive=0
06-21 21:40:34.135   696   696 I auditd  : type=1400 audit(0.0:17): avc: denied { write } for comm="perf@2.1-servic" name="property_service" dev="tmpfs" ino=12210 scontext=u:r:hal_perf_default:s0 tcontext=u:object_r:property_socket:s0 tclass=sock_file permissive=0
06-21 21:40:34.138  1298  1925 I am_uid_active: 10042
06-21 21:40:34.139  1298  1647 I am_mem_factor: [2,3]
06-21 21:40:34.154  1298  1359 I sysui_multi_action: [319,442,322,441,325,18,757,761,758,8,759,2,806,com.android.launcher3,871,com.android.launcher3.Launcher,905,0,1320,8,1321,5]
06-21 21:40:34.157  1298  1359 I am_activity_launch_time: [0,246740490,com.android.launcher3/.Launcher,441]
06-21 21:40:34.162  1298  1647 D TelephonyRegistry: listen oscl: mHasNotifySubscriptionInfoChangedOccurred==false no callback
06-21 21:40:34.170  1298  1354 I wm_task_removed: [1,removeAppToken: last token]
06-21 21:40:34.170  1298  1354 I wm_task_removed: [1,removeTask]
06-21 21:40:34.170   498   498 I auditd  : avc:  denied  { find } for interface=vendor.qti.hardware.slmadapter::ISlmAdapter sid=u:r:dataservice_app:s0 pid=1607 scontext=u:r:dataservice_app:s0 tcontext=u:object_r:default_android_hwservice:s0 tclass=hwservice_manager permissive=0
06-21 21:40:34.176  2306  2306 W ContextImpl: Calling a method in the system process without a qualified user: android.app.ContextImpl.startService:1570 android.content.ContextWrapper.startService:669 android.content.ContextWrapper.startService:669 com.qualcomm.qti.services.secureui.BootReceiver.onReceive:30 android.app.ActivityThread.handleReceiver:3789 
06-21 21:40:34.186  1298  1431 I commit_sys_config_file: [settings-2-0,14]
06-21 21:40:34.193  1680  1680 I ELOPeripheralManager: Init ELOPeripheralManager, service: android.elo.peripheral.IELOPeripheralService$Stub$Proxy@a9bdaed, SDK API CORE layer version: 1.3.17
06-21 21:40:34.200  1759  1759 W ContextImpl: Calling a method in the system process without a qualified user: android.app.ContextImpl.startService:1570 android.content.ContextWrapper.startService:669 android.content.ContextWrapper.startService:669 com.android.settings.oem.PoEReceiver.onReceive:38 android.app.ActivityThread.handleReceiver:3789 
06-21 21:40:34.207  1298  1352 D BluetoothManagerService: MESSAGE_REGISTER_ADAPTER
06-21 21:40:34.208  1759  1759 I ELOPeripheralManager: Init ELOPeripheralManager, service: android.elo.peripheral.IELOPeripheralService$Stub$Proxy@883e564, SDK API CORE layer version: 1.3.17
06-21 21:40:34.213  1298  2504 V PoeManager: onPoeServiceCompleted
06-21 21:40:34.239  1298  1361 I am_proc_start: [0,2512,1000,com.qti.diagservices,broadcast,{com.qti.diagservices/com.qti.diagservices.Diag_OnBoot}]
06-21 21:40:34.239  1298  1361 I ActivityManager: Start proc 2512:com.qti.diagservices/1000 for broadcast {com.qti.diagservices/com.qti.diagservices.Diag_OnBoot}
06-21 21:40:34.274  1298  1667 I am_proc_bound: [0,2512,com.qti.diagservices]
06-21 21:40:34.325  2512  2512 W ContextImpl: Calling a method in the system process without a qualified user: android.app.ContextImpl.startService:1570 android.content.ContextWrapper.startService:669 android.content.ContextWrapper.startService:669 com.qti.diagservices.Diag_OnBoot.onReceive:40 android.app.ActivityThread.handleReceiver:3789 
06-21 21:40:34.330  2142  2142 W ContextImpl: Calling a method in the system process without a qualified user: android.app.ContextImpl.startService:1570 android.content.ContextWrapper.startService:669 android.content.ContextWrapper.startService:669 com.callback.emv.EMVReceiver.onReceive:21 android.app.ActivityThread.handleReceiver:3789 
06-21 21:40:34.332  2142  2142 W ContextImpl: Calling a method in the system process without a qualified user: android.app.ContextImpl.startService:1570 android.content.ContextWrapper.startService:669 android.content.ContextWrapper.startService:669 com.callback.emv.EMVReceiver.onReceive:27 android.app.ActivityThread.handleReceiver:3789 
06-21 21:40:34.333  2142  2142 W ContextImpl: Calling a method in the system process without a qualified user: android.app.ContextImpl.startService:1570 android.content.ContextWrapper.startService:669 android.content.ContextWrapper.startService:669 com.callback.emv.EMVReceiver.onReceive:33 android.app.ActivityThread.handleReceiver:3789 
06-21 21:40:34.335  2142  2142 W ContextImpl: Calling a method in the system process without a qualified user: android.app.ContextImpl.startService:1570 android.content.ContextWrapper.startService:669 android.content.ContextWrapper.startService:669 com.callback.emv.EMVReceiver.onReceive:39 android.app.ActivityThread.handleReceiver:3789 
06-21 21:40:34.338  2280  2280 W ContextImpl: Calling a method in the system process without a qualified user: android.app.ContextImpl.startService:1570 android.content.ContextWrapper.startService:669 android.content.ContextWrapper.startService:669 com.callback.emvcl.EMVCLReceiver.onReceive:15 android.app.ActivityThread.handleReceiver:3789 
06-21 21:40:34.343  2245  2245 W ContextImpl: Calling a method in the system process without a qualified user: android.app.ContextImpl.startService:1570 android.content.ContextWrapper.startService:669 android.content.ContextWrapper.startService:669 com.callback.sdpl.SDPLReceiver.onReceive:15 android.app.ActivityThread.handleReceiver:3789 
06-21 21:40:34.412  1298  1298 W Looper  : Slow dispatch took 101ms main h=android.media.MediaPlayer$EventHandler c=null m=2
06-21 21:40:34.417  1298  1298 I Telecom : DefaultDialerCache: Refreshing default dialer for user 0: now null: DDC.oR@AAU
06-21 21:40:34.418  1298  1298 I Telecom : MissedCallNotifierImpl: reloadAfterBootComplete: user=0: TSBCR.oR@AAY
06-21 21:40:34.421  1298  2542 I am_uid_running: 10055
06-21 21:40:34.434  1726  1726 D SipService: SipService: started!
06-21 21:40:34.441  1726  1726 D SipService: start:
06-21 21:40:34.442  1298  2504 I am_uid_running: 10107
06-21 21:40:34.461  1298  1361 I am_proc_start: [0,2546,10055,android.process.acore,content provider,{com.android.providers.contacts/com.android.providers.contacts.CallLogProvider}]
06-21 21:40:34.461  1298  1361 I ActivityManager: Start proc 2546:android.process.acore/u0a55 for content provider {com.android.providers.contacts/com.android.providers.contacts.CallLogProvider}
06-21 21:40:34.482  1298  1361 I am_proc_start: [0,2565,10107,com.android.calendar,broadcast,{com.android.calendar/com.android.calendar.alerts.AlertReceiver}]
06-21 21:40:34.482  1298  1361 I ActivityManager: Start proc 2565:com.android.calendar/u0a107 for broadcast {com.android.calendar/com.android.calendar.alerts.AlertReceiver}
06-21 21:40:34.484  1298  1871 I am_proc_bound: [0,2546,android.process.acore]
06-21 21:40:34.489  1298  1871 I am_uid_active: 10055
06-21 21:40:34.514  1298  1871 I am_proc_bound: [0,2565,com.android.calendar]
06-21 21:40:34.592  1298  1350 D AutofillManagerService: Close system dialogs
06-21 21:40:34.595  1298  2504 I am_uid_running: 10102
06-21 21:40:34.621  1298  1361 I am_proc_start: [0,2593,10102,com.android.contacts,broadcast,{com.android.contacts/com.android.contacts.interactions.OnBootOrUpgradeReceiver}]
06-21 21:40:34.622  1298  1361 I ActivityManager: Start proc 2593:com.android.contacts/u0a102 for broadcast {com.android.contacts/com.android.contacts.interactions.OnBootOrUpgradeReceiver}
06-21 21:40:34.641  1298  1472 D WifiService: updateInterfaceIpState: ifaceName=wlan0 mode=-1 previous mode= null
06-21 21:40:34.656  1298  1468 I netstats_mobile_sample: [0,0,0,0,0,0,0,0,0,0,0,0,1624326034656]
06-21 21:40:34.656  1298  1468 I netstats_wifi_sample: [0,0,0,0,0,0,0,0,0,0,0,0,1624326034656]
06-21 21:40:34.668  1298  1871 D CountryDetector: The first listener is added
06-21 21:40:34.671  1726  2001 D SubscriptionController: [getPhoneId] asked for default subId=-1
06-21 21:40:34.672  2546  2546 D ActivityThread: Loading provider contacts;com.android.contacts: com.android.providers.contacts.ContactsProvider2
06-21 21:40:34.676  1298  1871 I am_proc_bound: [0,2593,com.android.contacts]
06-21 21:40:34.778  1298  1667 W ShortcutService: Clock rewound
06-21 21:40:34.819  1298  1361 I am_proc_start: [0,2627,1000,com.android.dynsystem,broadcast,{com.android.dynsystem/com.android.dynsystem.BootCompletedReceiver}]
06-21 21:40:34.820  1298  1361 I ActivityManager: Start proc 2627:com.android.dynsystem/1000 for broadcast {com.android.dynsystem/com.android.dynsystem.BootCompletedReceiver}
06-21 21:40:34.852  1298  1667 I am_proc_bound: [0,2627,com.android.dynsystem]
06-21 21:40:34.863  1298  1667 I DropBoxManagerService: add tag=keymaster isTagEnabled=true flags=0x0
06-21 21:40:34.910  1298  2620 I ELOPartitionManager: Init ELOPartitionManager, service: com.android.server.ELOPartitionService@f7e0c85, Version: ELO_FW_Ver: 0.01.001.20140704 aplha
06-21 21:40:34.911  1298  2620 I ELOPartitionManager: ====  new PAR()  ====
06-21 21:40:34.911  1298  2620 D ELOPartitionService: PartitionWrite
06-21 21:40:34.925  1298  1667 D DynamicSystemService: GsiService is not ready, wait for 64ms
06-21 21:40:34.935  2546  2618 I dvm_lock_sample: [android.process.acore,0,Worker-1,52,SQLiteOpenHelper.java,340,android.database.sqlite.SQLiteDatabase android.database.sqlite.SQLiteOpenHelper.getReadableDatabase(),Linux.java,-2,int libcore.io.Linux.getuid(),10]
06-21 21:40:34.943  1298  1352 I DropBoxManagerService: add tag=system_server_strictmode isTagEnabled=true flags=0x2
06-21 21:40:34.994  1298  1871 W DynamicSystemService: gsiservice died; reconnecting
06-21 21:40:35.001  1298  1871 I am_uid_running: 10114
06-21 21:40:35.003  1298  1871 I am_mem_factor: [1,2]
06-21 21:40:35.015  2659  2659 I auditd  : type=1400 audit(0.0:18): avc: granted { read } for comm="main" name="u:object_r:net_dns_prop:s0" dev="tmpfs" ino=12101 scontext=u:r:untrusted_app_25:s0:c512,c768 tcontext=u:object_r:net_dns_prop:s0 tclass=file app=com.android.email
06-21 21:40:35.030  1298  1361 I am_proc_start: [0,2659,10114,com.android.email,broadcast,{com.android.email/com.android.email.service.EmailBroadcastReceiver}]
06-21 21:40:35.030  1298  1361 I ActivityManager: Start proc 2659:com.android.email/u0a114 for broadcast {com.android.email/com.android.email.service.EmailBroadcastReceiver}
06-21 21:40:35.051  1298  1871 I am_proc_bound: [0,2659,com.android.email]
06-21 21:40:35.155  2659  2681 D ActivityThread: Loading provider com.android.email.provider;com.android.email.notifier: com.android.email.provider.EmailProvider
06-21 21:40:35.173  1298  1871 W ActivityManager: Unable to start service Intent { act=com.android.email.EXCHANGE_INTENT pkg=com.android.exchange } U=0: not found
06-21 21:40:35.174  1298  1667 W ActivityManager: Unable to start service Intent { act=com.android.email.EXCHANGE_INTENT pkg=com.android.exchange } U=0: not found
06-21 21:40:35.179  2659  2683 D ActivityThread: Loading provider com.android.email.provider;com.android.email.notifier: com.android.email.provider.EmailProvider
06-21 21:40:35.180  2659  2684 D ActivityThread: Loading provider com.android.email.provider;com.android.email.notifier: com.android.email.provider.EmailProvider
06-21 21:40:35.181  1298  2504 W ActivityManager: Unable to start service Intent { act=com.android.email.EXCHANGE_INTENT pkg=com.android.exchange } U=0: not found
06-21 21:40:35.181  2659  2685 D ActivityThread: Loading provider com.android.email.provider;com.android.email.notifier: com.android.email.provider.EmailProvider
06-21 21:40:35.183  1298  1871 W ActivityManager: Unable to start service Intent { act=com.android.email.EXCHANGE_INTENT pkg=com.android.exchange } U=0: not found
06-21 21:40:35.185  1298  2504 W ActivityManager: Unable to start service Intent { act=com.android.email.EXCHANGE_INTENT pkg=com.android.exchange } U=0: not found
06-21 21:40:35.208  1298  1871 I am_uid_running: 10046
06-21 21:40:35.231  2659  2684 I dvm_lock_sample: [com.android.email,0,AsyncTask #3,42,EmailProvider.java,479,android.database.sqlite.SQLiteDatabase com.android.email.provider.EmailProvider.getDatabase(android.content.Context),Linux.java,-2,boolean libcore.io.Linux.access(java.lang.String, int),8]
06-21 21:40:35.237  1298  1361 I am_proc_start: [0,2696,10046,com.android.managedprovisioning,broadcast,{com.android.managedprovisioning/com.android.managedprovisioning.preprovisioning.BootReminder}]
06-21 21:40:35.237  1298  1361 I ActivityManager: Start proc 2696:com.android.managedprovisioning/u0a46 for broadcast {com.android.managedprovisioning/com.android.managedprovisioning.preprovisioning.BootReminder}
06-21 21:40:35.251  1298  2504 W ActivityManager: Unable to start service Intent { act=com.android.email.EXCHANGE_INTENT pkg=com.android.exchange } U=0: not found
06-21 21:40:35.254  2659  2686 I dvm_lock_sample: [com.android.email,0,AsyncTask #5,74,AccountReconciler.java,-1,void com.android.email.provider.AccountReconciler.reconcileAccounts(android.content.Context),ActivityThread.java,6601,android.content.IContentProvider android.app.ActivityThread.acquireProvider(android.content.Context, java.lang.String, int, boolean),14]
06-21 21:40:35.261  1298  1871 W ActivityManager: Unable to start service Intent { act=com.android.email.EXCHANGE_INTENT pkg=com.android.exchange } U=0: not found
06-21 21:40:35.270  2659  2693 I dvm_lock_sample: [com.android.email,0,AsyncTask #10,80,AccountReconciler.java,-1,void com.android.email.provider.AccountReconciler.reconcileAccounts(android.content.Context),ActivityThread.java,6601,android.content.IContentProvider android.app.ActivityThread.acquireProvider(android.content.Context, java.lang.String, int, boolean),16]
06-21 21:40:35.270  1298  1871 I am_proc_bound: [0,2696,com.android.managedprovisioning]
06-21 21:40:35.277  1298  1871 I chatty  : uid=1000(system) Binder:1298_8 identical 2 lines
06-21 21:40:35.285  1298  1871 W ActivityManager: Unable to start service Intent { act=com.android.email.EXCHANGE_INTENT pkg=com.android.exchange } U=0: not found
06-21 21:40:35.291  1298  1439 W ActivityManager: Unable to start service Intent { cmp=com.android.email/.service.AttachmentService } U=0: not found
06-21 21:40:35.292  1298  2504 W ActivityManager: Unable to start service Intent { cmp=com.android.email/.service.AttachmentService } U=0: not found
06-21 21:40:35.292  1298  1667 W ActivityManager: Unable to start service Intent { cmp=com.android.email/.service.AttachmentService } U=0: not found
06-21 21:40:35.292  1298  2504 W ActivityManager: Unable to start service Intent { cmp=com.android.email/.service.AttachmentService } U=0: not found
06-21 21:40:35.292  1298  1667 W ActivityManager: Unable to start service Intent { cmp=com.android.email/.service.AttachmentService } U=0: not found
06-21 21:40:35.294  1298  1871 W ActivityManager: Unable to start service Intent { act=com.android.email.EXCHANGE_INTENT pkg=com.android.exchange } U=0: not found
06-21 21:40:35.298  1298  2504 W ActivityManager: Unable to start service Intent { act=com.android.email.EXCHANGE_INTENT pkg=com.android.exchange } U=0: not found
06-21 21:40:35.311  1298  2504 I chatty  : uid=1000(system) Binder:1298_B identical 1 line
06-21 21:40:35.314  1298  2504 W ActivityManager: Unable to start service Intent { act=com.android.email.EXCHANGE_INTENT pkg=com.android.exchange } U=0: not found
06-21 21:40:35.318  2659  2659 E ActivityThread: Service com.android.email.service.EmailBroadcastProcessorService has leaked ServiceConnection com.android.emailcommon.service.ServiceProxy$ProxyConnection@59f3f01 that was originally bound here
06-21 21:40:35.318  2659  2659 E ActivityThread: android.app.ServiceConnectionLeaked: Service com.android.email.service.EmailBroadcastProcessorService has leaked ServiceConnection com.android.emailcommon.service.ServiceProxy$ProxyConnection@59f3f01 that was originally bound here
06-21 21:40:35.318  2659  2659 E ActivityThread: 	at android.app.LoadedApk$ServiceDispatcher.<init>(LoadedApk.java:1805)
06-21 21:40:35.318  2659  2659 E ActivityThread: 	at android.app.LoadedApk.getServiceDispatcherCommon(LoadedApk.java:1677)
06-21 21:40:35.318  2659  2659 E ActivityThread: 	at android.app.LoadedApk.getServiceDispatcher(LoadedApk.java:1656)
06-21 21:40:35.318  2659  2659 E ActivityThread: 	at android.app.ContextImpl.bindServiceCommon(ContextImpl.java:1721)
06-21 21:40:35.318  2659  2659 E ActivityThread: 	at android.app.ContextImpl.bindService(ContextImpl.java:1650)
06-21 21:40:35.318  2659  2659 E ActivityThread: 	at android.content.ContextWrapper.bindService(ContextWrapper.java:705)
06-21 21:40:35.318  2659  2659 E ActivityThread: 	at com.android.emailcommon.service.ServiceProxy.setTask(ServiceProxy.java:230)
06-21 21:40:35.318  2659  2659 E ActivityThread: 	at com.android.emailcommon.service.ServiceProxy.test(ServiceProxy.java:273)
06-21 21:40:35.318  2659  2659 E ActivityThread: 	at com.android.email.service.EmailServiceUtils.isServiceAvailable(EmailServiceUtils.java:160)
06-21 21:40:35.318  2659  2659 E ActivityThread: 	at com.android.email.provider.AccountReconciler.reconcileAccountsInternal(AccountReconciler.java:171)
06-21 21:40:35.318  2659  2659 E ActivityThread: 	at com.android.email.provider.AccountReconciler.reconcileAccounts(AccountReconciler.java:115)
06-21 21:40:35.318  2659  2659 E ActivityThread: 	at com.android.email.service.EmailBroadcastProcessorService.reconcileAndStartServices(EmailBroadcastProcessorService.java:305)
06-21 21:40:35.318  2659  2659 E ActivityThread: 	at com.android.email.service.EmailBroadcastProcessorService.onBootCompleted(EmailBroadcastProcessorService.java:295)
06-21 21:40:35.318  2659  2659 E ActivityThread: 	at com.android.email.service.EmailBroadcastProcessorService.onHandleIntent(EmailBroadcastProcessorService.java:130)
06-21 21:40:35.318  2659  2659 E ActivityThread: 	at android.app.IntentService$ServiceHandler.handleMessage(IntentService.java:78)
06-21 21:40:35.318  2659  2659 E ActivityThread: 	at android.os.Handler.dispatchMessage(Handler.java:107)
06-21 21:40:35.318  2659  2659 E ActivityThread: 	at android.os.Looper.loop(Looper.java:214)
06-21 21:40:35.318  2659  2659 E ActivityThread: 	at android.os.HandlerThread.run(HandlerThread.java:67)
06-21 21:40:35.320  1298  1871 W ActivityManager: Unbind failed: could not find connection for android.os.BinderProxy@7feea8e
06-21 21:40:35.321  2659  2659 E ActivityThread: Service com.android.email.service.EmailBroadcastProcessorService has leaked ServiceConnection com.android.emailcommon.service.ServiceProxy$ProxyConnection@5c651a6 that was originally bound here
06-21 21:40:35.321  2659  2659 E ActivityThread: android.app.ServiceConnectionLeaked: Service com.android.email.service.EmailBroadcastProcessorService has leaked ServiceConnection com.android.emailcommon.service.ServiceProxy$ProxyConnection@5c651a6 that was originally bound here
06-21 21:40:35.321  2659  2659 E ActivityThread: 	at android.app.LoadedApk$ServiceDispatcher.<init>(LoadedApk.java:1805)
06-21 21:40:35.321  2659  2659 E ActivityThread: 	at android.app.LoadedApk.getServiceDispatcherCommon(LoadedApk.java:1677)
06-21 21:40:35.321  2659  2659 E ActivityThread: 	at android.app.LoadedApk.getServiceDispatcher(LoadedApk.java:1656)
06-21 21:40:35.321  2659  2659 E ActivityThread: 	at android.app.ContextImpl.bindServiceCommon(ContextImpl.java:1721)
06-21 21:40:35.321  2659  2659 E ActivityThread: 	at android.app.ContextImpl.bindService(ContextImpl.java:1650)
06-21 21:40:35.321  2659  2659 E ActivityThread: 	at android.content.ContextWrapper.bindService(ContextWrapper.java:705)
06-21 21:40:35.321  2659  2659 E ActivityThread: 	at com.android.emailcommon.service.ServiceProxy.setTask(ServiceProxy.java:230)
06-21 21:40:35.321  2659  2659 E ActivityThread: 	at com.android.emailcommon.service.ServiceProxy.test(ServiceProxy.java:273)
06-21 21:40:35.321  2659  2659 E ActivityThread: 	at com.android.email.service.EmailServiceUtils.isServiceAvailable(EmailServiceUtils.java:160)
06-21 21:40:35.321  2659  2659 E ActivityThread: 	at com.android.email.provider.AccountReconciler.reconcileAccountsInternal(AccountReconciler.java:171)
06-21 21:40:35.321  2659  2659 E ActivityThread: 	at com.android.email.provider.AccountReconciler.reconcileAccounts(AccountReconciler.java:115)
06-21 21:40:35.321  2659  2659 E ActivityThread: 	at com.android.email.service.EmailBroadcastProcessorService.reconcileAndStartServices(EmailBroadcastProcessorService.java:305)
06-21 21:40:35.321  2659  2659 E ActivityThread: 	at com.android.email.service.EmailBroadcastProcessorService.onBootCompleted(EmailBroadcastProcessorService.java:295)
06-21 21:40:35.321  2659  2659 E ActivityThread: 	at com.android.email.service.EmailBroadcastProcessorService.onHandleIntent(EmailBroadcastProcessorService.java:130)
06-21 21:40:35.321  2659  2659 E ActivityThread: 	at android.app.IntentService$ServiceHandler.handleMessage(IntentService.java:78)
06-21 21:40:35.321  2659  2659 E ActivityThread: 	at android.os.Handler.dispatchMessage(Handler.java:107)
06-21 21:40:35.321  2659  2659 E ActivityThread: 	at android.os.Looper.loop(Looper.java:214)
06-21 21:40:35.321  2659  2659 E ActivityThread: 	at android.os.HandlerThread.run(HandlerThread.java:67)
06-21 21:40:35.321  1298  1667 W ActivityManager: Unbind failed: could not find connection for android.os.BinderProxy@9d64645
06-21 21:40:35.351  1298  1871 I am_uid_running: 10100
06-21 21:40:35.384  1298  1361 I am_proc_start: [0,2719,10100,com.android.onetimeinitializer,broadcast,{com.android.onetimeinitializer/com.android.onetimeinitializer.OneTimeInitializerReceiver}]
06-21 21:40:35.384  1298  1361 I ActivityManager: Start proc 2719:com.android.onetimeinitializer/u0a100 for broadcast {com.android.onetimeinitializer/com.android.onetimeinitializer.OneTimeInitializerReceiver}
06-21 21:40:35.409  1298  1871 I am_proc_bound: [0,2719,com.android.onetimeinitializer]
06-21 21:40:35.485  1298  1871 I am_uid_running: 10044
06-21 21:40:35.518  1298  1361 I am_proc_start: [0,2743,10044,com.android.packageinstaller,broadcast,{com.android.packageinstaller/com.android.packageinstaller.TemporaryFileManager}]
06-21 21:40:35.518  1298  1361 I ActivityManager: Start proc 2743:com.android.packageinstaller/u0a44 for broadcast {com.android.packageinstaller/com.android.packageinstaller.TemporaryFileManager}
06-21 21:40:35.546  1298  1871 I am_proc_bound: [0,2743,com.android.packageinstaller]
06-21 21:40:35.619  1298  1871 I am_uid_running: 10053
06-21 21:40:35.656  1298  1361 I am_proc_start: [0,2765,10053,com.android.permissioncontroller,broadcast,{com.android.permissioncontroller/com.android.packageinstaller.permission.service.LocationAccessCheck$SetupPeriodicBackgroundLocationAccessCheck}]
06-21 21:40:35.656  1298  1361 I ActivityManager: Start proc 2765:com.android.permissioncontroller/u0a53 for broadcast {com.android.permissioncontroller/com.android.packageinstaller.permission.service.LocationAccessCheck$SetupPeriodicBackgroundLocationAccessCheck}
06-21 21:40:35.680  1298  1871 I am_proc_bound: [0,2765,com.android.permissioncontroller]
06-21 21:40:35.782  1298  1871 I am_uid_running: 10057
06-21 21:40:35.811  1298  1361 I am_proc_start: [0,2788,10057,com.android.providers.calendar,broadcast,{com.android.providers.calendar/com.android.providers.calendar.CalendarReceiver}]
06-21 21:40:35.811  1298  1361 I ActivityManager: Start proc 2788:com.android.providers.calendar/u0a57 for broadcast {com.android.providers.calendar/com.android.providers.calendar.CalendarReceiver}
06-21 21:40:35.837  1298  1871 I am_proc_bound: [0,2788,com.android.providers.calendar]
06-21 21:40:35.936  1298  1495 D HDMI    : [S]:<Give Device Power Status> 40:8F
06-21 21:40:35.937  1298  1495 W HdmiCecController: Failed to send <Give Device Power Status> 40:8F with errorCode=3
06-21 21:40:36.014  1726  1726 D CAT     : com.android.stk.BootCompletedReceiver: [ACTION_BOOT_COMPLETED]
06-21 21:40:36.015  1298  1667 I am_uid_running: 10066
06-21 21:40:36.015  1726  1726 D CAT     : com.android.stk.StkAppService: onCreate()+
06-21 21:40:36.015  1726  1726 D CAT     : com.android.stk.StkAppService: simCount: 1
06-21 21:40:36.015  1726  1726 D CAT     : com.android.stk.StkAppService: slotId: 0
06-21 21:40:36.016  1726  1726 D CAT     : com.android.stk.StkAppService: onStart sim id: 0, op: 5, *****
06-21 21:40:36.016  1726  1726 D CAT     : com.android.stk.StkAppService: mStkService is: -1
06-21 21:40:36.019  1726  1726 D CAT     : StkAppInstaller: [setAppState]+
06-21 21:40:36.020  1726  1726 D CAT     : StkAppInstaller: Need not change app state!!
06-21 21:40:36.020  1726  1726 D CAT     : StkAppInstaller: [setAppState]-
06-21 21:40:36.020  1726  1726 D CAT     : com.android.stk.StkAppService: onDestroy()
06-21 21:40:36.047  1298  1361 I am_proc_start: [0,2815,10066,com.android.traceur,broadcast,{com.android.traceur/com.android.traceur.Receiver}]
06-21 21:40:36.047  1298  1361 I ActivityManager: Start proc 2815:com.android.traceur/u0a66 for broadcast {com.android.traceur/com.android.traceur.Receiver}
06-21 21:40:36.072  1298  1871 I am_proc_bound: [0,2815,com.android.traceur]
06-21 21:40:36.088  1298  1353 D ColorDisplayService: NightDisplayTintController Animation cancelled: false to matrix: 
06-21 21:40:36.088  1298  1353 D ColorDisplayService:        1.000000 0.000000 0.000000 0.000000 0.000000 1.000000 0.000000 0.000000 0.000000 0.000000 1.000000 0.000000 0.000000 0.000000 0.000000 1.000000 min matrix coefficients: 
06-21 21:40:36.088  1298  1353 D ColorDisplayService:        1.000000 0.000000 0.000000 0.000000 0.000000 1.000000 0.000000 0.000000 0.000000 0.000000 1.000000 0.000000 0.000000 0.000000 0.000000 1.000000 max matrix coefficients: 
06-21 21:40:36.088  1298  1353 D ColorDisplayService:        1.000000 0.000000 0.000000 0.000000 0.000000 1.000000 0.000000 0.000000 0.000000 0.000000 1.000000 0.000000 0.000000 0.000000 0.000000 1.000000
06-21 21:40:36.185  1298  1298 W ContextImpl: Calling a method in the system process without a qualified user: android.app.ContextImpl.startService:1570 android.content.ContextWrapper.startService:669 android.content.ContextWrapper.startService:669 com.dsi.ant.server.startup.BootCompletedReceiver.onReceive:42 android.app.ActivityThread.handleReceiver:3789 
06-21 21:40:36.220  1298  1361 I am_proc_start: [0,2838,1000,com.oem.engineeringmode.emlist,broadcast,{com.oem.engineeringmode.emlist/com.oem.engineeringmode.emlist.BootReceiver}]
06-21 21:40:36.220  1298  1361 I ActivityManager: Start proc 2838:com.oem.engineeringmode.emlist/1000 for broadcast {com.oem.engineeringmode.emlist/com.oem.engineeringmode.emlist.BootReceiver}
06-21 21:40:36.253  1298  1871 I am_proc_bound: [0,2838,com.oem.engineeringmode.emlist]
06-21 21:40:36.347  1298  1667 I am_uid_running: 10089
06-21 21:40:36.384  1298  1361 I am_proc_start: [0,2863,10089,com.qualcomm.qti.biometrics.fingerprint.service,broadcast,{com.qualcomm.qti.biometrics.fingerprint.service/com.qualcomm.qti.biometrics.fingerprint.service.ShutdownReceiver}]
06-21 21:40:36.384  1298  1361 I ActivityManager: Start proc 2863:com.qualcomm.qti.biometrics.fingerprint.service/u0a89 for broadcast {com.qualcomm.qti.biometrics.fingerprint.service/com.qualcomm.qti.biometrics.fingerprint.service.ShutdownReceiver}
06-21 21:40:36.401  1298  1667 I am_proc_bound: [0,2863,com.qualcomm.qti.biometrics.fingerprint.service]
06-21 21:40:36.521  1298  1361 I am_proc_start: [0,2886,1001,com.qualcomm.qti.lpa,broadcast,{com.qualcomm.qti.lpa/com.qualcomm.qti.lpa.UimLpaBootReceiver}]
06-21 21:40:36.521  1298  1361 I ActivityManager: Start proc 2886:com.qualcomm.qti.lpa/1001 for broadcast {com.qualcomm.qti.lpa/com.qualcomm.qti.lpa.UimLpaBootReceiver}
06-21 21:40:36.548  1298  1871 I am_proc_bound: [0,2886,com.qualcomm.qti.lpa]
06-21 21:40:36.621  1298  1871 I am_uid_running: 10090
06-21 21:40:36.623  1298  1871 I am_mem_factor: [0,1]
06-21 21:40:36.630  1298  2140 I backup_transport_lifecycle: [com.android.localtransport/.LocalTransportService,1]
06-21 21:40:36.661  1298  1361 I am_proc_start: [0,2908,10090,com.qualcomm.qti.qms.service.connectionsecurity,broadcast,{com.qualcomm.qti.qms.service.connectionsecurity/com.qualcomm.qti.qms.service.connectionsecurity.ConnSecBroadcastReceiver}]
06-21 21:40:36.661  1298  1361 I ActivityManager: Start proc 2908:com.qualcomm.qti.qms.service.connectionsecurity/u0a90 for broadcast {com.qualcomm.qti.qms.service.connectionsecurity/com.qualcomm.qti.qms.service.connectionsecurity.ConnSecBroadcastReceiver}
06-21 21:40:36.691  1298  1871 I am_proc_bound: [0,2908,com.qualcomm.qti.qms.service.connectionsecurity]
06-21 21:40:36.692  1298  1361 W ActivityManager: Slow operation: 64ms so far, now at startProcess: returned from zygote!
06-21 21:40:36.697  1298  1361 W ActivityManager: Slow operation: 69ms so far, now at startProcess: done updating battery stats
06-21 21:40:36.697  1298  1361 I am_proc_start: [0,2927,1000,com.android.localtransport,service,{com.android.localtransport/com.android.localtransport.LocalTransportService}]
06-21 21:40:36.697  1298  1361 W ActivityManager: Slow operation: 69ms so far, now at startProcess: building log message
06-21 21:40:36.697  1298  1361 I ActivityManager: Start proc 2927:com.android.localtransport/1000 for service {com.android.localtransport/com.android.localtransport.LocalTransportService}
