09-05 21:09:22.523   667   820 D msm8974_platform: platform_set_snd_device_backend: hw_interface_table[8] = INT0_MI2S_RX
09-05 21:09:22.523   667   820 D msm8974_platform: platform_set_snd_device_backend: backend_tag_table[anc-headphones]: old = null new = headphones
09-05 21:09:22.523   667   820 D msm8974_platform: platform_set_snd_device_backend: hw_interface_table[69] = INT0_MI2S_RX
09-05 21:09:22.523   667   820 D msm8974_platform: platform_set_snd_device_backend: backend_tag_table[speaker-and-headphones]: old = null new = speaker-and-headphones
09-05 21:09:22.523   667   820 D msm8974_platform: platform_set_snd_device_backend: hw_interface_table[13] = INT4_MI2S_RX-and-INT0_MI2S_RX
09-05 21:09:22.523   667   820 D msm8974_platform: platform_set_snd_device_backend: backend_tag_table[speaker-and-line]: old = null new = speaker-and-headphones
09-05 21:09:22.523   667   820 D msm8974_platform: platform_set_snd_device_backend: hw_interface_table[16] = INT4_MI2S_RX-and-INT0_MI2S_RX
09-05 21:09:22.524   667   820 D msm8974_platform: platform_set_snd_device_backend: backend_tag_table[speaker-and-anc-headphones]: old = null new = speaker-and-headphones
09-05 21:09:22.524   667   820 D msm8974_platform: platform_set_snd_device_backend: hw_interface_table[73] = INT4_MI2S_RX-and-INT0_MI2S_RX
09-05 21:09:22.524   667   820 D msm8974_platform: platform_set_snd_device_backend: backend_tag_table[voice-headphones]: old = null new = headphones
09-05 21:09:22.524   667   820 D msm8974_platform: platform_set_snd_device_backend: hw_interface_table[26] = INT0_MI2S_RX
09-05 21:09:22.524   667   820 D msm8974_platform: platform_set_snd_device_backend: backend_tag_table[voice-anc-headphones]: old = null new = headphones
09-05 21:09:22.524   667   820 D msm8974_platform: platform_set_snd_device_backend: hw_interface_table[71] = INT0_MI2S_RX
09-05 21:09:22.524   667   820 D msm8974_platform: platform_set_snd_device_backend: backend_tag_table[voice-line]: old = null new = headphones
09-05 21:09:22.524   667   820 D msm8974_platform: platform_set_snd_device_backend: hw_interface_table[28] = INT0_MI2S_RX
09-05 21:09:22.524   667   820 D msm8974_platform: platform_set_snd_device_backend: backend_tag_table[voice-tty-full-headphones]: old = null new = headphones
09-05 21:09:22.524   667   820 D msm8974_platform: platform_set_snd_device_backend: hw_interface_table[49] = INT0_MI2S_RX
09-05 21:09:22.524   667   820 D msm8974_platform: platform_set_snd_device_backend: backend_tag_table[voice-tty-vco-headphones]: old = null new = headphones
09-05 21:09:22.524   667   820 D msm8974_platform: platform_set_snd_device_backend: hw_interface_table[51] = INT0_MI2S_RX
09-05 21:09:22.524   667   820 D msm8974_platform: platform_set_snd_device_backend: backend_tag_table[handset]: old = null new = (null)
09-05 21:09:22.524   667   820 D msm8974_platform: platform_set_snd_device_backend: hw_interface_table[1] = INT4_MI2S_RX
09-05 21:09:22.524   667   820 D msm8974_platform: platform_set_snd_device_backend: backend_tag_table[speaker]: old = null new = (null)
09-05 21:09:22.524   667   820 D msm8974_platform: platform_set_snd_device_backend: hw_interface_table[2] = INT4_MI2S_RX
09-05 21:09:22.524   667   820 D msm8974_platform: platform_set_snd_device_backend: backend_tag_table[speaker-ext-1]: old = null new = (null)
09-05 21:09:22.524   667   820 D msm8974_platform: platform_set_snd_device_backend: hw_interface_table[3] = INT4_MI2S_RX
09-05 21:09:22.524   667   820 D msm8974_platform: platform_set_snd_device_backend: backend_tag_table[speaker-ext-2]: old = null new = (null)
09-05 21:09:22.524   667   820 D msm8974_platform: platform_set_snd_device_backend: hw_interface_table[4] = INT4_MI2S_RX
09-05 21:09:22.524   667   820 D msm8974_platform: platform_set_snd_device_backend: backend_tag_table[speaker-reverse]: old = null new = (null)
09-05 21:09:22.524   667   820 D msm8974_platform: platform_set_snd_device_backend: hw_interface_table[5] = INT4_MI2S_RX
09-05 21:09:22.524   667   820 D msm8974_platform: platform_set_snd_device_backend: backend_tag_table[speaker-vbat]: old = null new = (null)
09-05 21:09:22.524   667   820 D msm8974_platform: platform_set_snd_device_backend: hw_interface_table[7] = INT4_MI2S_RX
09-05 21:09:22.524   667   820 D msm8974_platform: platform_set_snd_device_backend: backend_tag_table[speaker-and-headphones-ext-1]: old = null new = (null)
09-05 21:09:22.524   667   820 D msm8974_platform: platform_set_snd_device_backend: hw_interface_table[18] = INT4_MI2S_RX-and-INT0_MI2S_RX
09-05 21:09:22.524   667   820 D msm8974_platform: platform_set_snd_device_backend: backend_tag_table[speaker-and-headphones-ext-2]: old = null new = (null)
09-05 21:09:22.524   667   820 D msm8974_platform: platform_set_snd_device_backend: hw_interface_table[19] = INT4_MI2S_RX-and-INT0_MI2S_RX
09-05 21:09:22.524   667   820 D msm8974_platform: platform_set_snd_device_backend: backend_tag_table[voice-handset]: old = null new = (null)
09-05 21:09:22.524   667   820 D msm8974_platform: platform_set_snd_device_backend: hw_interface_table[20] = INT4_MI2S_RX
09-05 21:09:22.524   667   820 D msm8974_platform: platform_set_snd_device_backend: backend_tag_table[voice-speaker]: old = null new = (null)
09-05 21:09:22.524   667   820 D msm8974_platform: platform_set_snd_device_backend: hw_interface_table[21] = INT4_MI2S_RX
09-05 21:09:22.524   667   820 D msm8974_platform: platform_set_snd_device_backend: backend_tag_table[voice-speaker-vbat]: old = voice-speaker-vbat new = (null)
09-05 21:09:22.524   667   820 D msm8974_platform: platform_set_snd_device_backend: hw_interface_table[23] = INT4_MI2S_RX
09-05 21:09:22.524   667   820 D msm8974_platform: platform_set_snd_device_backend: backend_tag_table[voice-speaker-2]: old = null new = (null)
09-05 21:09:22.524   667   820 D msm8974_platform: platform_set_snd_device_backend: hw_interface_table[24] = INT4_MI2S_RX
09-05 21:09:22.524   667   820 D msm8974_platform: platform_set_snd_device_backend: backend_tag_table[voice-speaker-2-vbat]: old = voice-speaker-2-vbat new = (null)
09-05 21:09:22.524   667   820 D msm8974_platform: platform_set_snd_device_backend: hw_interface_table[25] = INT4_MI2S_RX
09-05 21:09:22.524   667   820 D msm8974_platform: platform_set_snd_device_backend: backend_tag_table[speaker-and-hdmi]: old = speaker-and-hdmi new = (null)
09-05 21:09:22.524   667   820 D msm8974_platform: platform_set_snd_device_backend: hw_interface_table[30] = INT4_MI2S_RX-and-HDMI
09-05 21:09:22.524   667   820 D msm8974_platform: platform_set_snd_device_backend: backend_tag_table[speaker-and-display-port]: old = speaker-and-display-port new = (null)
09-05 21:09:22.524   667   820 D msm8974_platform: platform_set_snd_device_backend: hw_interface_table[32] = INT4_MI2S_RX-and-DISPLAY_PORT
09-05 21:09:22.524   667   820 D msm8974_platform: platform_set_snd_device_backend: backend_tag_table[speaker-and-bt-sco]: old = null new = speaker-and-bt-sco
09-05 21:09:22.524   667   820 D msm8974_platform: platform_set_snd_device_backend: hw_interface_table[40] = SLIMBUS_0_RX-and-SLIMBUS_7_RX
09-05 21:09:22.524   667   820 D msm8974_platform: platform_set_snd_device_backend: backend_tag_table[speaker-and-bt-sco-wb]: old = null new = speaker-and-bt-sco-wb
09-05 21:09:22.524   667   820 D msm8974_platform: platform_set_snd_device_backend: hw_interface_table[42] = SLIMBUS_0_RX-and-SLIMBUS_7_RX
09-05 21:09:22.524   667   820 D msm8974_platform: platform_set_snd_device_backend: backend_tag_table[speaker-and-bt-a2dp]: old = speaker-and-bt-a2dp new = (null)
09-05 21:09:22.524   667   820 D msm8974_platform: platform_set_snd_device_backend: hw_interface_table[37] = INT4_MI2S_RX-and-SLIMBUS_7_RX
09-05 21:09:22.524   667   820 D msm8974_platform: platform_set_snd_device_backend: backend_tag_table[voice-tty-hco-handset]: old = null new = (null)
09-05 21:09:22.524   667   820 D msm8974_platform: platform_set_snd_device_backend: hw_interface_table[53] = INT4_MI2S_RX
09-05 21:09:22.524   667   820 D msm8974_platform: platform_set_snd_device_backend: backend_tag_table[anc-fb-headphones]: old = null new = (null)
09-05 21:09:22.524   667   820 D msm8974_platform: platform_set_snd_device_backend: hw_interface_table[70] = INT0_MI2S_RX
09-05 21:09:22.524   667   820 D msm8974_platform: platform_set_snd_device_backend: backend_tag_table[voice-anc-fb-headphones]: old = null new = (null)
09-05 21:09:22.524   667   820 D msm8974_platform: platform_set_snd_device_backend: hw_interface_table[72] = INT0_MI2S_RX
09-05 21:09:22.524   667   820 D msm8974_platform: platform_set_snd_device_backend: backend_tag_table[anc-handset]: old = null new = (null)
09-05 21:09:22.524   667   820 D msm8974_platform: platform_set_snd_device_backend: hw_interface_table[75] = INT4_MI2S_RX
09-05 21:09:22.524   667   820 D msm8974_platform: platform_set_snd_device_backend: backend_tag_table[speaker-protected]: old = null new = (null)
09-05 21:09:22.524   667   820 D msm8974_platform: platform_set_snd_device_backend: hw_interface_table[76] = INT4_MI2S_RX
09-05 21:09:22.524   667   820 D msm8974_platform: platform_set_snd_device_backend: backend_tag_table[voice-speaker-protected]: old = null new = (null)
09-05 21:09:22.524   667   820 D msm8974_platform: platform_set_snd_device_backend: hw_interface_table[77] = INT4_MI2S_RX
09-05 21:09:22.524   667   820 D msm8974_platform: platform_set_snd_device_backend: backend_tag_table[voice-speaker-2-protected]: old = null new = (null)
09-05 21:09:22.524   667   820 D msm8974_platform: platform_set_snd_device_backend: hw_interface_table[78] = INT4_MI2S_RX
09-05 21:09:22.524   667   820 D msm8974_platform: platform_set_snd_device_backend: backend_tag_table[speaker-protected-vbat]: old = null new = (null)
09-05 21:09:22.524   667   820 D msm8974_platform: platform_set_snd_device_backend: hw_interface_table[80] = INT4_MI2S_RX
09-05 21:09:22.525   667   820 D msm8974_platform: platform_set_snd_device_backend: backend_tag_table[voice-speaker-protected-vbat]: old = null new = (null)
09-05 21:09:22.525   667   820 D msm8974_platform: platform_set_snd_device_backend: hw_interface_table[81] = INT4_MI2S_RX
09-05 21:09:22.525   667   820 D msm8974_platform: platform_set_snd_device_backend: backend_tag_table[voice-speaker-2-protected-vbat]: old = null new = (null)
09-05 21:09:22.525   667   820 D msm8974_platform: platform_set_snd_device_backend: hw_interface_table[82] = INT4_MI2S_RX
09-05 21:09:22.525   667   820 D msm8974_platform: platform_set_snd_device_backend: backend_tag_table[wsa-speaker]: old = null new = (null)
09-05 21:09:22.525   667   820 D msm8974_platform: platform_set_snd_device_backend: hw_interface_table[83] = INT4_MI2S_RX
09-05 21:09:22.525   667   820 D msm8974_platform: platform_set_snd_device_backend: backend_tag_table[wsa-voice-speaker]: old = null new = (null)
09-05 21:09:22.525   667   820 D msm8974_platform: platform_set_snd_device_backend: hw_interface_table[84] = INT4_MI2S_RX
09-05 21:09:22.525   667   820 D msm8974_platform: platform_set_snd_device_backend: backend_tag_table[wsa-voice-speaker-2]: old = null new = (null)
09-05 21:09:22.525   667   820 D msm8974_platform: platform_set_snd_device_backend: hw_interface_table[85] = INT4_MI2S_RX
09-05 21:09:22.525   667   820 D msm8974_platform: platform_set_snd_device_backend: backend_tag_table[handset-mic]: old = null new = (null)
09-05 21:09:22.525   667   820 D msm8974_platform: platform_set_snd_device_backend: hw_interface_table[102] = INT3_MI2S_TX
09-05 21:09:22.525   667   820 D msm8974_platform: platform_set_snd_device_backend: backend_tag_table[handset-mic-ext]: old = null new = (null)
09-05 21:09:22.525   667   820 D msm8974_platform: platform_set_snd_device_backend: hw_interface_table[104] = INT3_MI2S_TX
09-05 21:09:22.525   667   820 D msm8974_platform: platform_set_snd_device_backend: backend_tag_table[handset-mic]: old = null new = (null)
09-05 21:09:22.525   667   820 D msm8974_platform: platform_set_snd_device_backend: hw_interface_table[105] = INT3_MI2S_TX
09-05 21:09:22.525   667   820 D msm8974_platform: platform_set_snd_device_backend: backend_tag_table[handset-mic]: old = null new = (null)
09-05 21:09:22.525   667   820 D msm8974_platform: platform_set_snd_device_backend: hw_interface_table[107] = INT3_MI2S_TX
09-05 21:09:22.525   667   820 D msm8974_platform: platform_set_snd_device_backend: backend_tag_table[handset-mic]: old = null new = (null)
09-05 21:09:22.525   667   820 D msm8974_platform: platform_set_snd_device_backend: hw_interface_table[109] = INT3_MI2S_TX
09-05 21:09:22.525   667   820 D msm8974_platform: platform_set_snd_device_backend: backend_tag_table[dmic-endfire]: old = null new = (null)
09-05 21:09:22.525   667   820 D msm8974_platform: platform_set_snd_device_backend: hw_interface_table[111] = INT3_MI2S_TX
09-05 21:09:22.525   667   820 D msm8974_platform: platform_set_snd_device_backend: backend_tag_table[dmic-endfire]: old = null new = (null)
09-05 21:09:22.525   667   820 D msm8974_platform: platform_set_snd_device_backend: hw_interface_table[112] = INT3_MI2S_TX
09-05 21:09:22.525   667   820 D msm8974_platform: platform_set_snd_device_backend: backend_tag_table[dmic-endfire]: old = null new = (null)
09-05 21:09:22.525   667   820 D msm8974_platform: platform_set_snd_device_backend: hw_interface_table[114] = INT3_MI2S_TX
09-05 21:09:22.525   667   820 D msm8974_platform: platform_set_snd_device_backend: backend_tag_table[dmic-endfire]: old = null new = (null)
09-05 21:09:22.525   667   820 D msm8974_platform: platform_set_snd_device_backend: hw_interface_table[116] = INT3_MI2S_TX
09-05 21:09:22.525   667   820 D msm8974_platform: platform_set_snd_device_backend: backend_tag_table[speaker-mic]: old = null new = (null)
09-05 21:09:22.525   667   820 D msm8974_platform: platform_set_snd_device_backend: hw_interface_table[118] = INT3_MI2S_TX
09-05 21:09:22.525   667   820 D msm8974_platform: platform_set_snd_device_backend: backend_tag_table[speaker-mic]: old = null new = (null)
09-05 21:09:22.525   667   820 D msm8974_platform: platform_set_snd_device_backend: hw_interface_table[120] = INT3_MI2S_TX
09-05 21:09:22.525   667   820 D msm8974_platform: platform_set_snd_device_backend: backend_tag_table[speaker-mic]: old = null new = (null)
09-05 21:09:22.525   667   820 D msm8974_platform: platform_set_snd_device_backend: hw_interface_table[122] = INT3_MI2S_TX
09-05 21:09:22.525   667   820 D msm8974_platform: platform_set_snd_device_backend: backend_tag_table[speaker-mic]: old = null new = (null)
09-05 21:09:22.525   667   820 D msm8974_platform: platform_set_snd_device_backend: hw_interface_table[124] = INT3_MI2S_TX
09-05 21:09:22.525   667   820 D msm8974_platform: platform_set_snd_device_backend: backend_tag_table[speaker-dmic-endfire]: old = null new = (null)
09-05 21:09:22.525   667   820 D msm8974_platform: platform_set_snd_device_backend: hw_interface_table[126] = INT3_MI2S_TX
09-05 21:09:22.525   667   820 D msm8974_platform: platform_set_snd_device_backend: backend_tag_table[speaker-dmic-endfire]: old = null new = (null)
09-05 21:09:22.525   667   820 D msm8974_platform: platform_set_snd_device_backend: hw_interface_table[127] = INT3_MI2S_TX
09-05 21:09:22.525   667   820 D msm8974_platform: platform_set_snd_device_backend: backend_tag_table[speaker-dmic-endfire]: old = null new = (null)
09-05 21:09:22.525   667   820 D msm8974_platform: platform_set_snd_device_backend: hw_interface_table[129] = INT3_MI2S_TX
09-05 21:09:22.525   667   820 D msm8974_platform: platform_set_snd_device_backend: backend_tag_table[speaker-dmic-endfire]: old = null new = (null)
09-05 21:09:22.525   667   820 D msm8974_platform: platform_set_snd_device_backend: hw_interface_table[131] = INT3_MI2S_TX
09-05 21:09:22.525   667   820 D msm8974_platform: platform_set_snd_device_backend: backend_tag_table[headset-mic]: old = null new = (null)
09-05 21:09:22.525   667   820 D msm8974_platform: platform_set_snd_device_backend: hw_interface_table[133] = INT3_MI2S_TX
09-05 21:09:22.525   667   820 D msm8974_platform: platform_set_snd_device_backend: backend_tag_table[headset-mic]: old = null new = (null)
09-05 21:09:22.525   667   820 D msm8974_platform: platform_set_snd_device_backend: hw_interface_table[135] = INT3_MI2S_TX
09-05 21:09:22.526   667   820 D msm8974_platform: platform_set_snd_device_backend: backend_tag_table[voice-speaker-mic]: old = null new = (null)
09-05 21:09:22.526   667   820 D msm8974_platform: platform_set_snd_device_backend: hw_interface_table[136] = INT3_MI2S_TX
09-05 21:09:22.526   667   820 D msm8974_platform: platform_set_snd_device_backend: backend_tag_table[voice-headset-mic]: old = null new = (null)
09-05 21:09:22.526   667   820 D msm8974_platform: platform_set_snd_device_backend: hw_interface_table[139] = INT3_MI2S_TX
09-05 21:09:22.526   667   820 D msm8974_platform: platform_set_snd_device_backend: backend_tag_table[hdmi-in]: old = hdmi-in new = (null)
09-05 21:09:22.526   667   820 D msm8974_platform: platform_set_snd_device_backend: hw_interface_table[141] = HDMI
09-05 21:09:22.526   667   820 D msm8974_platform: platform_set_snd_device_backend: backend_tag_table[bt-sco-mic]: old = bt-sco new = (null)
09-05 21:09:22.526   667   820 D msm8974_platform: platform_set_snd_device_backend: hw_interface_table[143] = SLIMBUS_7_TX
09-05 21:09:22.526   667   820 D msm8974_platform: platform_set_snd_device_backend: backend_tag_table[bt-sco-mic]: old = bt-sco new = (null)
09-05 21:09:22.526   667   820 D msm8974_platform: platform_set_snd_device_backend: hw_interface_table[144] = SLIMBUS_7_TX
09-05 21:09:22.526   667   820 D msm8974_platform: platform_set_snd_device_backend: backend_tag_table[bt-sco-mic-wb]: old = bt-sco-wb new = (null)
09-05 21:09:22.526   667   820 D msm8974_platform: platform_set_snd_device_backend: hw_interface_table[145] = SLIMBUS_7_TX
09-05 21:09:22.526   667   820 D msm8974_platform: platform_set_snd_device_backend: backend_tag_table[bt-sco-mic-wb]: old = bt-sco-wb new = (null)
09-05 21:09:22.526   667   820 D msm8974_platform: platform_set_snd_device_backend: hw_interface_table[146] = SLIMBUS_7_TX
09-05 21:09:22.526   667   820 D msm8974_platform: platform_set_snd_device_backend: backend_tag_table[camcorder-mic]: old = null new = (null)
09-05 21:09:22.526   667   820 D msm8974_platform: platform_set_snd_device_backend: hw_interface_table[150] = INT3_MI2S_TX
09-05 21:09:22.526   667   820 D msm8974_platform: platform_set_snd_device_backend: backend_tag_table[voice-dmic-ef]: old = null new = (null)
09-05 21:09:22.526   667   820 D msm8974_platform: platform_set_snd_device_backend: hw_interface_table[151] = INT3_MI2S_TX
09-05 21:09:22.526   667   820 D msm8974_platform: platform_set_snd_device_backend: backend_tag_table[voice-speaker-dmic-ef]: old = null new = (null)
09-05 21:09:22.526   667   820 D msm8974_platform: platform_set_snd_device_backend: hw_interface_table[154] = INT3_MI2S_TX
09-05 21:09:22.526   667   820 D msm8974_platform: platform_set_snd_device_backend: backend_tag_table[voice-speaker-qmic]: old = null new = (null)
09-05 21:09:22.526   667   820 D msm8974_platform: platform_set_snd_device_backend: hw_interface_table[157] = INT3_MI2S_TX
09-05 21:09:22.526   667   820 D msm8974_platform: platform_set_snd_device_backend: backend_tag_table[voice-tty-full-headset-mic]: old = null new = (null)
09-05 21:09:22.526   667   820 D msm8974_platform: platform_set_snd_device_backend: hw_interface_table[158] = INT3_MI2S_TX
09-05 21:09:22.526   667   820 D msm8974_platform: platform_set_snd_device_backend: backend_tag_table[voice-tty-vco-handset-mic]: old = null new = (null)
09-05 21:09:22.526   667   820 D msm8974_platform: platform_set_snd_device_backend: hw_interface_table[159] = INT3_MI2S_TX
09-05 21:09:22.526   667   820 D msm8974_platform: platform_set_snd_device_backend: backend_tag_table[voice-tty-hco-headset-mic]: old = null new = (null)
09-05 21:09:22.526   667   820 D msm8974_platform: platform_set_snd_device_backend: hw_interface_table[160] = INT3_MI2S_TX
09-05 21:09:22.526   667   820 D msm8974_platform: platform_set_snd_device_backend: backend_tag_table[voice-rec-mic]: old = null new = (null)
09-05 21:09:22.526   667   820 D msm8974_platform: platform_set_snd_device_backend: hw_interface_table[163] = INT3_MI2S_TX
09-05 21:09:22.526   667   820 D msm8974_platform: platform_set_snd_device_backend: backend_tag_table[voice-rec-mic]: old = null new = (null)
09-05 21:09:22.526   667   820 D msm8974_platform: platform_set_snd_device_backend: hw_interface_table[164] = INT3_MI2S_TX
09-05 21:09:22.526   667   820 D msm8974_platform: platform_set_snd_device_backend: backend_tag_table[voice-rec-dmic-ef]: old = null new = (null)
09-05 21:09:22.526   667   820 D msm8974_platform: platform_set_snd_device_backend: hw_interface_table[167] = INT3_MI2S_TX
09-05 21:09:22.526   667   820 D msm8974_platform: platform_set_snd_device_backend: backend_tag_table[voice-rec-dmic-ef-fluence]: old = null new = (null)
09-05 21:09:22.526   667   820 D msm8974_platform: platform_set_snd_device_backend: hw_interface_table[168] = INT3_MI2S_TX
09-05 21:09:22.526   667   820 D msm8974_platform: platform_set_snd_device_backend: backend_tag_table[aanc-handset-mic]: old = null new = (null)
09-05 21:09:22.526   667   820 D msm8974_platform: platform_set_snd_device_backend: hw_interface_table[181] = INT3_MI2S_TX
09-05 21:09:22.526   667   820 D msm8974_platform: platform_set_snd_device_backend: backend_tag_table[quad-mic]: old = null new = (null)
09-05 21:09:22.526   667   820 D msm8974_platform: platform_set_snd_device_backend: hw_interface_table[182] = INT3_MI2S_TX
09-05 21:09:22.527   667   820 E msm8974_platform: find_index: Could not find index for name = SND_DEVICE_IN_HANDSET_STEREO_DMIC
09-05 21:09:22.527   667   820 E platform_info: process_backend_name: Device SND_DEVICE_IN_HANDSET_STEREO_DMIC not found, no ACDB ID set!
09-05 21:09:22.527   667   820 E msm8974_platform: find_index: Could not find index for name = SND_DEVICE_IN_SPEAKER_STEREO_DMIC
09-05 21:09:22.527   667   820 E platform_info: process_backend_name: Device SND_DEVICE_IN_SPEAKER_STEREO_DMIC not found, no ACDB ID set!
09-05 21:09:22.527   667   820 D msm8974_platform: platform_set_snd_device_backend: backend_tag_table[vi-feedback]: old = null new = (null)
09-05 21:09:22.527   667   820 D msm8974_platform: platform_set_snd_device_backend: hw_interface_table[185] = INT5_MI2S_TX
09-05 21:09:22.527   667   820 D msm8974_platform: platform_set_snd_device_backend: backend_tag_table[vi-feedback-mono-1]: old = null new = (null)
09-05 21:09:22.527   667   820 D msm8974_platform: platform_set_snd_device_backend: hw_interface_table[186] = INT5_MI2S_TX
09-05 21:09:22.527   667   820 D msm8974_platform: platform_set_snd_device_backend: backend_tag_table[vi-feedback-mono-2]: old = null new = (null)
09-05 21:09:22.527   667   820 D msm8974_platform: platform_set_snd_device_backend: hw_interface_table[187] = INT5_MI2S_TX
09-05 21:09:22.527   667   820 D msm8974_platform: platform_set_snd_device_backend: backend_tag_table[voice-speaker-dmic-broadside]: old = null new = (null)
09-05 21:09:22.527   667   820 D msm8974_platform: platform_set_snd_device_backend: hw_interface_table[188] = INT3_MI2S_TX
09-05 21:09:22.527   628   628 I Zygote  : ...preloaded 64 resources in 40ms.
09-05 21:09:22.527   667   820 D msm8974_platform: platform_set_snd_device_backend: backend_tag_table[speaker-dmic-broadside]: old = null new = (null)
09-05 21:09:22.527   667   820 D msm8974_platform: platform_set_snd_device_backend: hw_interface_table[189] = INT3_MI2S_TX
09-05 21:09:22.527   667   820 D msm8974_platform: platform_set_snd_device_backend: backend_tag_table[speaker-dmic-broadside]: old = null new = (null)
09-05 21:09:22.527   667   820 D msm8974_platform: platform_set_snd_device_backend: hw_interface_table[190] = INT3_MI2S_TX
09-05 21:09:22.527   667   820 D msm8974_platform: platform_set_snd_device_backend: backend_tag_table[speaker-dmic-broadside]: old = null new = (null)
09-05 21:09:22.527   667   820 D msm8974_platform: platform_set_snd_device_backend: hw_interface_table[191] = INT3_MI2S_TX
09-05 21:09:22.527   667   820 D msm8974_platform: platform_set_snd_device_backend: backend_tag_table[speaker-dmic-broadside]: old = null new = (null)
09-05 21:09:22.527   667   820 D msm8974_platform: platform_set_snd_device_backend: hw_interface_table[192] = INT3_MI2S_TX
09-05 21:09:22.527   667   820 D msm8974_platform: platform_set_snd_device_backend: backend_tag_table[aanc-handset-mic]: old = null new = (null)
09-05 21:09:22.527   667   820 D msm8974_platform: platform_set_snd_device_backend: hw_interface_table[193] = INT3_MI2S_TX
09-05 21:09:22.527   667   820 D msm8974_platform: platform_set_snd_device_backend: backend_tag_table[quad-mic]: old = null new = (null)
09-05 21:09:22.527   667   820 D msm8974_platform: platform_set_snd_device_backend: hw_interface_table[194] = INT3_MI2S_TX
09-05 21:09:22.528   667   820 D msm8974_platform: platform_set_snd_device_backend: backend_tag_table[quad-mic]: old = null new = (null)
09-05 21:09:22.528   667   820 D msm8974_platform: platform_set_snd_device_backend: hw_interface_table[196] = INT3_MI2S_TX
09-05 21:09:22.528   667   820 D msm8974_platform: platform_set_snd_device_backend: backend_tag_table[quad-mic]: old = null new = (null)
09-05 21:09:22.528   667   820 D msm8974_platform: platform_set_snd_device_backend: hw_interface_table[197] = INT3_MI2S_TX
09-05 21:09:22.528   667   820 D msm8974_platform: platform_set_snd_device_backend: backend_tag_table[quad-mic]: old = null new = (null)
09-05 21:09:22.528   667   820 D msm8974_platform: platform_set_snd_device_backend: hw_interface_table[198] = INT3_MI2S_TX
09-05 21:09:22.528   667   820 D msm8974_platform: platform_set_snd_device_backend: backend_tag_table[three-mic]: old = null new = (null)
09-05 21:09:22.528   667   820 D msm8974_platform: platform_set_snd_device_backend: hw_interface_table[200] = INT3_MI2S_TX
09-05 21:09:22.528   667   820 D msm8974_platform: platform_set_snd_device_backend: backend_tag_table[three-mic]: old = null new = (null)
09-05 21:09:22.528   667   820 D msm8974_platform: platform_set_snd_device_backend: hw_interface_table[202] = INT3_MI2S_TX
09-05 21:09:22.528   667   820 D msm8974_platform: platform_set_snd_device_backend: backend_tag_table[three-mic]: old = null new = (null)
09-05 21:09:22.528   667   820 D msm8974_platform: platform_set_snd_device_backend: hw_interface_table[209] = INT3_MI2S_TX
09-05 21:09:22.528   667   820 D msm8974_platform: platform_set_snd_device_backend: backend_tag_table[unprocessed-mic]: old = null new = (null)
09-05 21:09:22.528   667   820 D msm8974_platform: platform_set_snd_device_backend: hw_interface_table[210] = INT3_MI2S_TX
09-05 21:09:22.528   667   820 D msm8974_platform: platform_set_snd_device_backend: backend_tag_table[unprocessed-stereo-mic]: old = null new = (null)
09-05 21:09:22.528   667   820 D msm8974_platform: platform_set_snd_device_backend: hw_interface_table[211] = INT3_MI2S_TX
09-05 21:09:22.528   667   820 D msm8974_platform: platform_set_snd_device_backend: backend_tag_table[unprocessed-three-mic]: old = null new = (null)
09-05 21:09:22.528   667   820 D msm8974_platform: platform_set_snd_device_backend: hw_interface_table[212] = INT3_MI2S_TX
09-05 21:09:22.528   667   820 D msm8974_platform: platform_set_snd_device_backend: backend_tag_table[unprocessed-quad-mic]: old = null new = (null)
09-05 21:09:22.528   667   820 D msm8974_platform: platform_set_snd_device_backend: hw_interface_table[213] = INT3_MI2S_TX
09-05 21:09:22.528   667   820 D msm8974_platform: platform_set_snd_device_backend: backend_tag_table[unprocessed-headset-mic]: old = null new = (null)
09-05 21:09:22.528   667   820 D msm8974_platform: platform_set_snd_device_backend: hw_interface_table[214] = INT3_MI2S_TX
09-05 21:09:22.528   667   820 E msm8974_platform: find_index: Could not find index for name = SND_DEVICE_OUT_VOICE_SPEAKER_AND_VOICE_HEADPHONES
09-05 21:09:22.528   667   820 E platform_info: process_backend_name: Device SND_DEVICE_OUT_VOICE_SPEAKER_AND_VOICE_HEADPHONES not found, no ACDB ID set!
09-05 21:09:22.528   667   820 E msm8974_platform: find_index: Could not find index for name = SND_DEVICE_OUT_VOICE_SPEAKER_AND_VOICE_ANC_HEADSET
09-05 21:09:22.528   667   820 E platform_info: process_backend_name: Device SND_DEVICE_OUT_VOICE_SPEAKER_AND_VOICE_ANC_HEADSET not found, no ACDB ID set!
09-05 21:09:22.528   667   820 D msm8974_platform: platform_set_snd_device_backend: backend_tag_table[handset-stereo-dmic-ef]: old = null new = (null)
09-05 21:09:22.528   667   820 D msm8974_platform: platform_set_snd_device_backend: hw_interface_table[183] = INT3_MI2S_TX
09-05 21:09:22.530   667   820 E msm8974_platform: find_index: Could not find index for name = SND_DEVICE_IN_HANDSET_STEREO_DMIC
09-05 21:09:22.530   667   820 E platform_info: process_snd_dev: Sound device not valid
09-05 21:09:22.530   667   820 E platform_info: start_tag: Error in previous tags, do not process mic info
09-05 21:09:22.530   667   820 E platform_info: start_tag: Error in previous tags, do not process mic info
09-05 21:09:22.530   667   820 E msm8974_platform: find_index: Could not find index for name = SND_DEVICE_IN_SPEAKER_STEREO_DMIC
09-05 21:09:22.530   667   820 E platform_info: process_snd_dev: Sound device not valid
09-05 21:09:22.530   667   820 E platform_info: start_tag: Error in previous tags, do not process mic info
09-05 21:09:22.530   667   820 E platform_info: start_tag: Error in previous tags, do not process mic info
09-05 21:09:22.531   628   628 I Zygote  : ...preloaded 41 resources in 4ms.
09-05 21:09:22.531   628   628 D Zygote64Timing: PreloadResources took to complete: 332ms
09-05 21:09:22.533   667   820 E audio_hw_extn: audio_extn_perf_lock_acquire: Failed to acquire perf lock, err: -1
09-05 21:09:22.533   667   820 D msm8974_platform: platform_init: Loading mixer file: /vendor/etc/mixer_paths_i40.xml
09-05 21:09:22.536   941  1016 I ServiceManager: Waiting for service 'package_native' on '/dev/binder'...
09-05 21:09:22.547     0     0 I sn65dsi86_dsi2edp_enable: DP_PLL_LOCK=85(LOCK)
09-05 21:09:22.559   628   628 D libEGL  : loaded /vendor/lib64/egl/libEGL_adreno.so
09-05 21:09:22.563     0     0 E         : msm_qti_pp_get_rms_value_control, back not active to query rms be_idx:3
09-05 21:09:22.577     0     0 I core_get_license_status: cmdrsp_license_result.result = 0x15 for module 0x131ff
09-05 21:09:22.578     0     0 E msm-ext-disp-audio-codec-rx soc: qcom,msm-ext-disp:qcom,msm-ext-disp-audio-codec-rx: msm_ext_disp_audio_type_get: Display cable disconnected
09-05 21:09:22.579     0     0 E msm-ext-disp-audio-codec-rx soc: qcom,msm-ext-disp:qcom,msm-ext-disp-audio-codec-rx: msm_ext_disp_audio_type_get: Display cable disconnected
09-05 21:09:22.603     0     0 E         : msm_pcm_path_latency_ctl_get substream runtime not found
09-05 21:09:22.603   732  1127 I tftp_server: pid=732 tid=1127 tftp-server : INF :[tftp_server.c, 1499] WRQ stats : total-blocks = 1 : total-bytes = 5 : 5 timedout-pkts = 0, wrong-pkts = 0
09-05 21:09:22.603   732  1127 I tftp_server: pid=732 tid=1127 tftp-server : INF :[tftp_server.c, 1507] WRQ file stats [port: 29]: Total : [fwrite, fflush] = [10, 1811] max: 10 min: 0
09-05 21:09:22.603   732  1127 I tftp_server: pid=732 tid=1127 tftp-server : INF :[tftp_server.c, 1511] WRQ time stats : Total : [TX, RX] = [47, 1052022]
09-05 21:09:22.603   732  1127 I tftp_server: pid=732 tid=1127 tftp-server : INF :[tftp_server.c, 1515] WRQ time stats : Tx [Min, Max] = [23, 24]
09-05 21:09:22.603   732  1127 I tftp_server: pid=732 tid=1127 tftp-server : INF :[tftp_server.c, 1520] WRQ time stats [port : 29]: Rx [Min, Max] = [918, 1051104]
09-05 21:09:22.603   732  1127 I tftp_server: pid=732 tid=1127 tftp-server : INF :[tftp_server.c, 1807] WRQ Total API = 1059064
09-05 21:09:22.614     0     0 I chatty  : uid=0(root) logd identical 4 lines
09-05 21:09:22.619     0     0 E         : msm_pcm_path_latency_ctl_get substream runtime not found
09-05 21:09:22.637   941  1016 I ServiceManager: Waiting for service 'package_native' on '/dev/binder'...
09-05 21:09:22.659   628   628 D libEGL  : loaded /vendor/lib64/egl/libGLESv1_CM_adreno.so
09-05 21:09:22.663   628   628 D libEGL  : loaded /vendor/lib64/egl/libGLESv2_adreno.so
09-05 21:09:22.677     0     0 I sn65dsi86_dsi2edp_enable_lately_2nd_part: DisplayPort Link Semi-Auto train Success!!
09-05 21:09:22.691   628   628 I Zygote  : Preloading shared libraries...
09-05 21:09:22.701   628   628 I Zygote  : Called ZygoteHooks.endPreload()
09-05 21:09:22.701   628   628 I Zygote  : Installed AndroidKeyStoreProvider in 0ms.
09-05 21:09:22.708   628   628 I Zygote  : Warmed up JCA providers in 6ms.
09-05 21:09:22.708   628   628 D Zygote  : end preload
09-05 21:09:22.708   628   628 I boot_progress_preload_end: 12740
09-05 21:09:22.708   628   628 D Zygote64Timing: ZygotePreload took to complete: 1747ms
09-05 21:09:22.728   628   628 I zygote64: Explicit concurrent copying GC freed 64985(3612KB) AllocSpace objects, 17(408KB) LOS objects, 49% free, 2605KB/5210KB, paused 58us total 20.155ms
09-05 21:09:22.737   941  1016 I ServiceManager: Waiting for service 'package_native' on '/dev/binder'...
09-05 21:09:22.746   628   628 I zygote64: Explicit concurrent copying GC freed 6083(211KB) AllocSpace objects, 0(0B) LOS objects, 49% free, 2425KB/4850KB, paused 38us total 12.605ms
09-05 21:09:22.746   628   628 D Zygote64Timing: PostZygoteInitGC took to complete: 38ms
09-05 21:09:22.746   628   628 D Zygote64Timing: ZygoteInit took to complete: 1785ms
09-05 21:09:22.757   732  1130 I tftp_server: pid=732 tid=1130 tftp-server : INF :[tftp_server.c, 1318] RRQ stats [port: 3689408]: sent_size = 40 total-blocks = 481 total-bytes = 3689408 timedout-pkts = 
09-05 21:09:22.757   732  1130 I tftp_server: pid=732 tid=1130 tftp-server : INF :[tftp_server.c, 1325] RRQ file stats [port: 40]: fread [Total, Max, Min] = [12283, 1076, 0]
09-05 21:09:22.757   732  1130 I tftp_server: pid=732 tid=1130 tftp-server : INF :[tftp_server.c, 1329] RRQ time stats : Total : [TX, RX] = [956961, 222795]
09-05 21:09:22.757   732  1130 I tftp_server: pid=732 tid=1130 tftp-server : INF :[tftp_server.c, 1336] RRQ time stats [port: 40]: Tx/Rx [Min, Max] = [16, 7590, 273, 7459]
09-05 21:09:22.757   732  1130 I tftp_server: pid=732 tid=1130 tftp-server : INF :[tftp_server.c, 1352] RRQ was successfully processed.
09-05 21:09:22.757   732  1130 I tftp_server: pid=732 tid=1130 tftp-server : INF :[tftp_server.c, 1807] RRQ Total API = 1200253
09-05 21:09:22.775   667   667 E audio_route: Control 'LSM6 Mixer INT3_MI2S_TX' doesn't exist - skipping
09-05 21:09:22.775   667   667 E audio_route: Control 'LSM7 Mixer INT3_MI2S_TX' doesn't exist - skipping
09-05 21:09:22.775   667   667 E audio_route: Control 'LSM8 Mixer INT3_MI2S_TX' doesn't exist - skipping
09-05 21:09:22.777   667   667 E audio_route: Control 'LSM6 Mixer INT3_MI2S_TX' doesn't exist - skipping
09-05 21:09:22.777   667   667 E audio_route: Control 'LSM7 Mixer INT3_MI2S_TX' doesn't exist - skipping
09-05 21:09:22.778   667   667 E audio_route: Control 'LSM8 Mixer INT3_MI2S_TX' doesn't exist - skipping
09-05 21:09:22.779   667   667 E audio_route: Control 'LSM6 Mixer INT3_MI2S_TX' doesn't exist - skipping
09-05 21:09:22.779   667   667 E audio_route: Control 'LSM7 Mixer INT3_MI2S_TX' doesn't exist - skipping
09-05 21:09:22.779   667   667 E audio_route: Control 'LSM8 Mixer INT3_MI2S_TX' doesn't exist - skipping
09-05 21:09:22.791   628   628 D Zygote  : Forked child process 1302
09-05 21:09:22.791   628   628 I Zygote  : System server process 1302 has been created
09-05 21:09:22.792   628   628 I Zygote  : Accepting command socket connections
09-05 21:09:22.794   667   667 W sound_trigger_platform: load_acdb: acdb_loader_send_listen_device_cal_v1 not found. undefined symbol: acdb_loader_send_listen_device_cal_v1
09-05 21:09:22.794   667   667 W sound_trigger_platform: load_acdb: acdb_loader_send_listen_lsm_cal_v1 not found. undefined symbol: acdb_loader_send_listen_lsm_cal_v1
09-05 21:09:22.795   667   667 I audio_hw_extn: audio_extn_set_snd_card_split: snd_card_name(sdm660-snd-card-i40) device(sdm660) snd_card(snd) form_factor(card)
09-05 21:09:22.795   667   667 D platform_info: platform_info_init: platform info file name is audio_platform_info.xml
09-05 21:09:22.795   667   667 D platform_info: platform_info_init: Failed to open audio_platform_info.xml, using defaults.
09-05 21:09:22.795   667   667 V audio_hw_acdb: acdb_init_v2: DLOPEN successful for libacdbloader.so
09-05 21:09:22.795   667   667 E audio_hw_acdb: acdb_init_v2: dlsym error undefined symbol: acdb_loader_init_v4 for acdb_loader_init_v4
09-05 21:09:22.795   667   667 D ACDB-LOADER: ACDB -> No .acdb files found in /vendor/etc/acdbdata!
09-05 21:09:22.795   667   667 D ACDB-LOADER: ACDB -> found 0 form factor & soundcard independant files
09-05 21:09:22.795   667   667 I ACDB-LOADER: ACDB -> Load EANS on ACDB
09-05 21:09:22.795   667   667 I ACDB-LOADER: ACDB -> Load cts off ACDB
09-05 21:09:22.796   667   667 D ACDB-LOADER: ACDB -> Load file: /vendor/etc/acdbdata/QRD/sdm660-snd-card-i40/QRD_I40_workspaceFile.qwsp
09-05 21:09:22.796   667   667 D ACDB-LOADER: ACDB -> Load file: /vendor/etc/acdbdata/QRD/sdm660-snd-card-i40/QRD_I40_Hdmi_cal.acdb
09-05 21:09:22.796   667   667 D ACDB-LOADER: ACDB -> Load file: /vendor/etc/acdbdata/QRD/sdm660-snd-card-i40/QRD_I40_General_cal.acdb
09-05 21:09:22.796   667   667 D ACDB-LOADER: ACDB -> Load file: /vendor/etc/acdbdata/QRD/sdm660-snd-card-i40/QRD_I40_Bluetooth_cal.acdb
09-05 21:09:22.796   667   667 D ACDB-LOADER: ACDB -> Load file: /vendor/etc/acdbdata/QRD/sdm660-snd-card-i40/QRD_I40_Speaker_cal.acdb
09-05 21:09:22.796   667   667 D ACDB-LOADER: ACDB -> Load file: /vendor/etc/acdbdata/QRD/sdm660-snd-card-i40/QRD_I40_Global_cal.acdb
09-05 21:09:22.796   667   667 D ACDB-LOADER: ACDB -> Load file: /vendor/etc/acdbdata/QRD/sdm660-snd-card-i40/QRD_I40_Headset_cal.acdb
09-05 21:09:22.796   667   667 D ACDB-LOADER: ACDB -> Load file: /vendor/etc/acdbdata/QRD/sdm660-snd-card-i40/QRD_I40_Handset_cal.acdb
09-05 21:09:22.796   667   667 D ACDB-LOADER: ACDB -> ACDB_CMD_INITIALIZE_V2
09-05 21:09:22.797   667   667 D         : [ACDB Command]->SW Minor/Major/Revision version info for /vendor/etc/acdbdata/QRD/sdm660-snd-card-i40/QRD_I40_workspaceFile.qwsp
09-05 21:09:22.797   667   667 D         : [ACDB Command]->ACDB Sw Major = 9, ACDB Sw Minor = 0, ACDB Sw Revision = 4, ACDB Sw Cpl Number = 0
09-05 21:09:22.797   667   667 D         : [ACDB Command]->ACDB File Major = 4088074240, ACDB File Minor = 2796800139, ACDB File Revision = 0
09-05 21:09:22.798   667   667 D         : [ACDB Command]->SW Minor/Major/Revision version info for /vendor/etc/acdbdata/QRD/sdm660-snd-card-i40/QRD_I40_Hdmi_cal.acdb
09-05 21:09:22.798   667   667 D         : [ACDB Command]->ACDB Sw Major = 9, ACDB Sw Minor = 0, ACDB Sw Revision = 4, ACDB Sw Cpl Number = 0
09-05 21:09:22.798   667   667 D         : [ACDB Command]->ACDB File Major = 9, ACDB File Minor = 0, ACDB File Revision = 11, ACDB File Cpl Number = 0
09-05 21:09:22.798   667   667 D         : [ACDB Command]->SW Minor/Major/Revision version info for /vendor/etc/acdbdata/QRD/sdm660-snd-card-i40/QRD_I40_General_cal.acdb
09-05 21:09:22.798   667   667 D         : [ACDB Command]->ACDB Sw Major = 9, ACDB Sw Minor = 0, ACDB Sw Revision = 4, ACDB Sw Cpl Number = 0
09-05 21:09:22.798   667   667 D         : [ACDB Command]->ACDB File Major = 9, ACDB File Minor = 0, ACDB File Revision = 11, ACDB File Cpl Number = 0
09-05 21:09:22.799   667   667 D         : [ACDB Command]->SW Minor/Major/Revision version info for /vendor/etc/acdbdata/QRD/sdm660-snd-card-i40/QRD_I40_Bluetooth_cal.acdb
09-05 21:09:22.799   667   667 D         : [ACDB Command]->ACDB Sw Major = 9, ACDB Sw Minor = 0, ACDB Sw Revision = 4, ACDB Sw Cpl Number = 0
09-05 21:09:22.799   667   667 D         : [ACDB Command]->ACDB File Major = 9, ACDB File Minor = 0, ACDB File Revision = 11, ACDB File Cpl Number = 0
09-05 21:09:22.802   667   667 D         : [ACDB Command]->SW Minor/Major/Revision version info for /vendor/etc/acdbdata/QRD/sdm660-snd-card-i40/QRD_I40_Speaker_cal.acdb
09-05 21:09:22.802   667   667 D         : [ACDB Command]->ACDB Sw Major = 9, ACDB Sw Minor = 0, ACDB Sw Revision = 4, ACDB Sw Cpl Number = 0
09-05 21:09:22.802   667   667 D         : [ACDB Command]->ACDB File Major = 9, ACDB File Minor = 0, ACDB File Revision = 11, ACDB File Cpl Number = 0
09-05 21:09:22.803   667   667 D         : [ACDB Command]->SW Minor/Major/Revision version info for /vendor/etc/acdbdata/QRD/sdm660-snd-card-i40/QRD_I40_Global_cal.acdb
09-05 21:09:22.803   667   667 D         : [ACDB Command]->ACDB Sw Major = 9, ACDB Sw Minor = 0, ACDB Sw Revision = 4, ACDB Sw Cpl Number = 0
09-05 21:09:22.803   667   667 D         : [ACDB Command]->ACDB File Major = 9, ACDB File Minor = 0, ACDB File Revision = 11, ACDB File Cpl Number = 0
09-05 21:09:22.805   667   667 D         : [ACDB Command]->SW Minor/Major/Revision version info for /vendor/etc/acdbdata/QRD/sdm660-snd-card-i40/QRD_I40_Headset_cal.acdb
09-05 21:09:22.805   667   667 D         : [ACDB Command]->ACDB Sw Major = 9, ACDB Sw Minor = 0, ACDB Sw Revision = 4, ACDB Sw Cpl Number = 0
09-05 21:09:22.805   667   667 D         : [ACDB Command]->ACDB File Major = 9, ACDB File Minor = 0, ACDB File Revision = 11, ACDB File Cpl Number = 0
09-05 21:09:22.808   667   667 D         : [ACDB Command]->SW Minor/Major/Revision version info for /vendor/etc/acdbdata/QRD/sdm660-snd-card-i40/QRD_I40_Handset_cal.acdb
09-05 21:09:22.808   667   667 D         : [ACDB Command]->ACDB Sw Major = 9, ACDB Sw Minor = 0, ACDB Sw Revision = 4, ACDB Sw Cpl Number = 0
09-05 21:09:22.808   667   667 D         : [ACDB Command]->ACDB File Major = 9, ACDB File Minor = 0, ACDB File Revision = 11, ACDB File Cpl Number = 0
09-05 21:09:22.808   667   667 D ACDB-LOADER: ACDB -> ACPH INIT
09-05 21:09:22.808   667   667 D         : [ACPH]->Online service registered with ACPH
09-05 21:09:22.810   667   667 D         : [ACPH]->ACPH init success
09-05 21:09:22.810   667   667 D ACDB-LOADER: ACDB -> RTAC INIT
09-05 21:09:22.810   667   667 D         : [ACPH]->DSP RTC service registered with ACPH
09-05 21:09:22.810   667   667 D ACDB-LOADER: ACDB -> MCS, FTS INIT
09-05 21:09:22.810   667   667 D         : [ACPH]->MCS RTC service registered with ACPH
09-05 21:09:22.810   667   667 D         : [ACPH]->FTS RTC service registered with ACPH
09-05 21:09:22.810   667   667 D ACDB-LOADER: ACDB -> ADIE RTAC INIT
09-05 21:09:22.810   667   667 D         : [ACPH]->ADIE RTC service registered with ACPH
09-05 21:09:22.810   667   667 D ACDB-LOADER: ACDB -> ACDB_CMD_GET_VOC_PROC_DYNAMIC_TABLE_SIZE
09-05 21:09:22.811   667   667 E ion     : ioctl c0044901 failed with code -1: Not a typewriter
09-05 21:09:22.818   667   667 D ACDB-LOADER: ACDB -> send_common_custom_topology
09-05 21:09:22.818   667   667 D ACDB-LOADER: ACDB -> ACDB_CMD_GET_AVCS_CUSTOM_TOPO_INFO_SIZE
09-05 21:09:22.818   667   667 D ACDB-LOADER: ACDB -> ACDB_CMD_GET_AVCS_CUSTOM_TOPO_INFO
09-05 21:09:22.818   667   667 D ACDB-LOADER: ACDB -> ACDB_CMD_GET_AVCS_CUSTOM_TOPO_INFO: size:0x1d0 ret=0 
09-05 21:09:22.818   667   667 D ACDB-LOADER: ACDB -> CORE_CUSTOM_TOPOLOGIES
09-05 21:09:22.819  1302  1302 I system_server: The ClassLoaderContext is a special shared library.
09-05 21:09:22.821   667   667 D ACDB-LOADER: ACDB -> acdb_loader_send_common_custom_topology: Common custom topology in use
09-05 21:09:22.821   667   667 D ACDB-LOADER: ACDB -> init done!
09-05 21:09:22.821   667   667 D audio_hw_acdb: acdb_init_v2: ACDB Instance ID support after ACDB init:0
09-05 21:09:22.822   667   667 D sound_trigger_platform: platform_stdev_init Opening device /dev/snd/hwC0D1002 for vad hwdep config
09-05 21:09:22.822   667   667 D sound_trigger_platform: platform_stdev_init: cannot open device '/dev/snd/hwC0D1002', error:No such file or directory
09-05 21:09:22.822   667   667 D sound_trigger_platform: get_codec_version: codec version 
09-05 21:09:22.823   667   667 I SoundTriggerHalImpl: onFirstRef() mModuleName primary mHwDevice 0xf3ac7000
09-05 21:09:22.824   667   667 I ServiceManagement: Registered android.hardware.soundtrigger@2.1::ISoundTriggerHw/default (start delay of 3197ms)
09-05 21:09:22.824   667   667 I audiohalservice: Registration complete for android.hardware.soundtrigger@2.1::ISoundTriggerHw/default.
09-05 21:09:22.830   667   667 I BTAudioProviderA2dpSoftware: A2dpSoftwareAudioProvider - size of audio buffer 7168 byte(s)
09-05 21:09:22.830   667   667 I BTAudioProviderHearingAid: HearingAidAudioProvider - size of audio buffer 3584 byte(s)
09-05 21:09:22.831   667   667 I ServiceManagement: Registered android.hardware.bluetooth.audio@2.0::IBluetoothAudioProvidersFactory/default (start delay of 3204ms)
09-05 21:09:22.831   667   667 I audiohalservice: Registration complete for android.hardware.bluetooth.audio@2.0::IBluetoothAudioProvidersFactory/default.
09-05 21:09:22.832   496   496 I hwservicemanager: getTransport: Cannot find entry android.hardware.bluetooth.a2dp@1.0::IBluetoothAudioOffload/default in either framework or device manifest.
09-05 21:09:22.832   667   667 E audiohalservice: Could not get passthrough implementation for android.hardware.bluetooth.a2dp@1.0::IBluetoothAudioOffload/default.
09-05 21:09:22.832   667   667 W audiohalservice: Could not register Bluetooth audio offload 1.0
09-05 21:09:22.837   941  1016 I ServiceManager: Waiting for service 'package_native' on '/dev/binder'...
09-05 21:09:22.854  1302  1302 I system_server: The ClassLoaderContext is a special shared library.
09-05 21:09:22.884  1302  1302 I chatty  : uid=1000 system_server identical 1 line
09-05 21:09:22.896  1302  1302 I system_server: The ClassLoaderContext is a special shared library.
09-05 21:09:22.908     0     0 E         : msm_qti_pp_get_rms_value_control, back not active to query rms be_idx:3
09-05 21:09:22.921     0     0 I core_get_license_status: cmdrsp_license_result.result = 0x15 for module 0x131ff
09-05 21:09:22.922     0     0 E msm-ext-disp-audio-codec-rx soc: qcom,msm-ext-disp:qcom,msm-ext-disp-audio-codec-rx: msm_ext_disp_audio_type_get: Display cable disconnected
09-05 21:09:22.922     0     0 E msm-ext-disp-audio-codec-rx soc: qcom,msm-ext-disp:qcom,msm-ext-disp-audio-codec-rx: msm_ext_disp_audio_type_get: Display cable disconnected
09-05 21:09:22.938   941  1016 I ServiceManager: Waiting for service 'package_native' on '/dev/binder'...
09-05 21:09:22.944     0     0 E         : msm_pcm_path_latency_ctl_get substream runtime not found
09-05 21:09:22.954  1302  1302 I SystemServer: InitBeforeStartServices
09-05 21:09:22.956     0     0 I chatty  : uid=0(root) logd identical 4 lines
09-05 21:09:22.957  1302  1302 I system_server_start: [1,12985,12985]
09-05 21:09:22.959  1302  1302 I SystemServer: Entered the Android system server!
09-05 21:09:22.959  1302  1302 I boot_progress_system_run: 12991
09-05 21:09:22.959  1302  1302 I sysui_multi_action: [757,804,799,boot_system_server_init,801,12991,802,1]
09-05 21:09:22.961     0     0 E         : msm_pcm_path_latency_ctl_get substream runtime not found
09-05 21:09:22.969     0     0 I service-notifier: root_service_service_ind_cb: Indication received from msm/modem/wlan_pd, state: 0x1fffffff, trans-id: 1
09-05 21:09:22.969     0     0 I service-notifier: send_ind_ack: Indication ACKed for transid 1, service msm/modem/wlan_pd, instance 180!
09-05 21:09:22.971     0     0 I icnss_qmi: QMI Server Connected: state: 0x980
09-05 21:09:22.973   983  1088 I cnss-daemon: WLFW service connected
09-05 21:09:22.974   983  1088 I cnss-daemon: wlfw_read_file: No such file /data/vendor/wifi/wlfw_cal_00.bin
09-05 21:09:22.974   983  1088 E cnss-daemon: wlfw_build_cal_table: not read /data/vendor/wifi/wlfw_cal_00.bin
09-05 21:09:22.974   983  1088 I cnss-daemon: wlfw_read_file: No such file /data/vendor/wifi/wlfw_cal_01.bin
09-05 21:09:22.974   983  1088 E cnss-daemon: wlfw_build_cal_table: not read /data/vendor/wifi/wlfw_cal_01.bin
09-05 21:09:22.974   983  1088 I cnss-daemon: wlfw_read_file: No such file /data/vendor/wifi/wlfw_cal_02.bin
09-05 21:09:22.974   983  1088 E cnss-daemon: wlfw_build_cal_table: not read /data/vendor/wifi/wlfw_cal_02.bin
09-05 21:09:22.974   983  1088 I cnss-daemon: wlfw_read_file: No such file /data/vendor/wifi/wlfw_cal_03.bin
09-05 21:09:22.974   983  1088 E cnss-daemon: wlfw_build_cal_table: not read /data/vendor/wifi/wlfw_cal_03.bin
09-05 21:09:22.974   983  1088 I cnss-daemon: wlfw_read_file: No such file /data/vendor/wifi/wlfw_cal_04.bin
09-05 21:09:22.974   983  1088 E cnss-daemon: wlfw_build_cal_table: not read /data/vendor/wifi/wlfw_cal_04.bin
09-05 21:09:23.017     0     0 I sn65dsi86_dsi2edp_print_status:  
09-05 21:09:23.017     0     0 I sn65dsi86: f0:       0
09-05 21:09:23.018     0     0 I sn65dsi86: f1:       0
09-05 21:09:23.020     0     0 I sn65dsi86: f2:       0
09-05 21:09:23.021     0     0 I sn65dsi86: f3:       0
09-05 21:09:23.022     0     0 I sn65dsi86: f4:       1
09-05 21:09:23.023     0     0 I sn65dsi86: f5:       0
09-05 21:09:23.024     0     0 I sn65dsi86: f6:       0
09-05 21:09:23.025     0     0 I sn65dsi86: f7:       0
09-05 21:09:23.026     0     0 I sn65dsi86: f8:       1
09-05 21:09:23.028     0     0 I sn65dsi86_dsi2edp_enable_lately_2nd_part: end
09-05 21:09:23.028     0     0 I sn65dsi86_dsi2edp_enable_lately: end
09-05 21:09:23.028     0     0 I mdss_dsi_on-:  
09-05 21:09:23.028   881   881 I Dpps    : InitPrimaryContextFeatures():324 Dpps feature enable properties are false, skipping primary feature context init
09-05 21:09:23.028   677   677 I SDM     : HWDevice::GetHWPanelMaxBrightnessFromNode: Max brightness level = 255
