08-24 21:16:02.735   708 10194 V AudioFlinger: updateWakeLockUids_l() AudioOut_2D status 0
08-24 21:16:02.735   708 10194 V AudioFlinger: onIdleMixer
08-24 21:16:02.736   708 10194 V AudioFlinger: onIdleMixer
08-24 21:16:02.737   708  1477 V AudioPolicyManagerCustom: checkAndSetVolume() cannot set stream 3 volume with force use = 0 for comm
08-24 21:16:02.739   708 10194 V AudioFlinger: onIdleMixer
08-24 21:16:02.742   708 10194 I chatty  : uid=1041(audioserver) /system/bin/audioserver identical 7 lines
08-24 21:16:02.742   708 10194 V AudioFlinger: onIdleMixer
08-24 21:16:02.742   708   866 V AudioFlinger: setParameters(): io 45, keyvalue mono_output=0, calling pid 708 calling uid 1041
08-24 21:16:02.742   708   866 V AudioFlinger: setParameters: filtered keyvalue mono_output=0
08-24 21:16:02.742   708   866 V AudioFlinger: ThreadBase::setParameters() mono_output=0
08-24 21:16:02.743   708  1477 V AudioPolicyManagerCustom: getOutputForDevice() returns new direct output 45
08-24 21:16:02.743   708  1477 V AudioFlinger: createTrack() sessionId: 257
08-24 21:16:02.743   708  1477 W AudioFlinger: createTrack_l(): mismatch between requested flags (00000002) and output flags (00008001)
08-24 21:16:02.744   708  1477 D AudioFlinger: Client defaulted notificationFrames to 4000 for frameCount 8000
08-24 21:16:02.745   708  1477 D AF::TrackHandle: OpPlayAudio: track:72 usage:2 not muted
08-24 21:16:02.747   708  1476 V AudioFlinger: acquiring 257 from 932, for 9509
08-24 21:16:02.748   708  1476 V AudioFlinger:  added new entry for 257
08-24 21:16:02.748   932 10188 V AudioSink: deleteRecycledTrack_l
08-24 21:16:02.748   932 10188 V AudioSink: setVolume
08-24 21:16:02.748   932 10188 V AudioSink: updateTrack() DONE status 0
08-24 21:16:02.748   932 10188 V AudioSink: start
08-24 21:16:02.748   932 10188 V AudioTrack: start(38): prior state:STATE_STOPPED
08-24 21:16:02.748   708   867 V AudioFlinger: createEffect pid 708, effectClient 0x71af7dc510, priority 0, sessionId 257, io 45, factory 0x71af83e840
08-24 21:16:02.749   708   867 V AudioFlinger: createEffect_l() thread 0x711b1ce000 effect Volume listener for voice call on session 257
08-24 21:16:02.749   708   867 V AudioFlinger: createEffect_l() new effect chain for session 257
08-24 21:16:02.750   708  1349 V AudioFlinger: onIdleMixer
08-24 21:16:02.751   708   867 V AudioFlinger: addEffectChain_l() 0x7128cb7460 on thread 0x711b1ce000 for session 257
08-24 21:16:02.751   708   867 V AudioFlinger: addEffectChain_l() track->setMainBuffer track 0x7128da2f80 buffer 0x7128c88e00
08-24 21:16:02.751   708   867 V AudioFlinger: createEffect_l() got effect 0x0 on chain 0x7128cb7460
08-24 21:16:02.752   708   867 V AudioFlinger: acquiring 257 from 708, for 708
08-24 21:16:02.752   708   867 V AudioFlinger:  added new entry for 257
08-24 21:16:02.752   708   867 V AudioFlinger: updateSuspendedSessions_l() suspend adding effect 00000000
08-24 21:16:02.752   708 10194 V AudioFlinger: onIdleMixer
08-24 21:16:02.763   708 10194 V AudioFlinger: onIdleMixer
08-24 21:16:02.765  9509 10177 V AudioTrack: processAudioBuffer(35): obtainBuffer(132) returned 1920 = 132 + 1788 err 0
08-24 21:16:02.765  9509 10177 V AudioTrack: processAudioBuffer(35): obtainBuffer(962) returned 1788 = 120 + 1668 err 0
08-24 21:16:02.765  9509 10177 V AudioTrack: processAudioBuffer(35): obtainBuffer(842) returned 1668 = 842 + 826 err 0
08-24 21:16:02.765  9509 10177 V AudioTrack: processAudioBuffer(35): obtainBuffer(618) returned 1444 = 618 + 826 err 0
08-24 21:16:02.765  9509 10177 V AudioTrack: start(35): prior state:STATE_ACTIVE
08-24 21:16:02.765  9509 10177 V AudioTrack: processAudioBuffer(35): obtainBuffer(138) returned 964 = 138 + 826 err 0
08-24 21:16:02.765  9509 10177 V AudioTrack: start(35): prior state:STATE_ACTIVE
08-24 21:16:02.765  9509 10177 V AudioTrack: processAudioBuffer(35): obtainBuffer(962) returned 826 = 826 + 0 err 0
08-24 21:16:02.768  9509 10177 V AudioTrack: processAudioBuffer(35): obtainBuffer(962) returned 826 = 826 + 0 err 0
08-24 21:16:02.768  9509 10177 V AudioTrack: processAudioBuffer(35): obtainBuffer(620) returned 484 = 484 + 0 err 0
08-24 21:16:02.768  9509 10177 V AudioTrack: start(35): prior state:STATE_ACTIVE
08-24 21:16:02.768  9509 10177 V AudioTrack: processAudioBuffer(35): obtainBuffer(140) returned 4 = 4 + 0 err 0
08-24 21:16:02.768  9509 10177 V AudioTrack: start(35): prior state:STATE_ACTIVE
08-24 21:16:02.769  9509 10177 V AudioTrack: processAudioBuffer(35): obtainBuffer(136) returned 0 = 0 + 0 err -11
08-24 21:16:02.770   708  1349 V AudioFlinger: onIdleMixer
08-24 21:16:02.773   708 10194 V AudioFlinger: onIdleMixer
08-24 21:16:02.773   708   866 V AudioFlinger: sendConfigEvent_l() num events 1 event 3
08-24 21:16:02.773   708 10194 V AudioFlinger: processConfigEvents_l() remaining events 1
08-24 21:16:02.774   662  2488 D audio_hw_primary: out_set_parameters: enter: usecase(30: audio-playback-voip) kvpairs: routing=2
08-24 21:16:02.774   708 10194 V AudioFlinger: sendConfigEvent_l() num events 1 event 0
08-24 21:16:02.774   708 10194 V AudioFlinger: processConfigEvents_l() remaining events 1
08-24 21:16:02.774   708 10194 V AudioFlinger: PlaybackThread::ioConfigChanged, thread 0x711b1ce000, event 3
08-24 21:16:02.775   708 10194 V AudioFlinger: processConfigEvents_l() DONE thread 0x711b1ce000
08-24 21:16:02.775   708 10194 V AudioFlinger: onIdleMixer
08-24 21:16:02.775   708   867 V AudioPolicyManagerCustom: checkAndSetVolume() cannot set stream 3 volume with force use = 0 for comm
08-24 21:16:02.775   708   868 V AudioFlinger: sendConfigEvent_l() num events 1 event 0
08-24 21:16:02.775   708   868 V AudioFlinger: addTrack_l() starting track on chain 0x7128cb7460 for session 257
08-24 21:16:02.775   708   868 V AudioFlinger: signal playback thread
08-24 21:16:02.776   708 10194 V AudioFlinger: processConfigEvents_l() remaining events 1
08-24 21:16:02.776   932 10188 V NuPlayerRenderer: onDrainAudioQueue: rendering audio at media time 0.00 secs
08-24 21:16:02.776   708 10194 V AudioFlinger: PlaybackThread::ioConfigChanged, thread 0x711b1ce000, event 8
08-24 21:16:02.776   932 10188 V AudioTrack: getTimestamp_l(38): getBestTimestamp did not find timestamp
08-24 21:16:02.776   932 10189 V NuPlayerDecoder: [OMX.google.aac.decoder] onMessage: AMessage(what = 'aofc', target = 64) = {
08-24 21:16:02.776   932 10189 V NuPlayerDecoder:   int32_t generation = 1
08-24 21:16:02.776   932 10189 V NuPlayerDecoder: }
08-24 21:16:02.776   932 10188 V AudioTrack: getTimestamp_l(38): timestamp server offset:0 restore frames:-1
08-24 21:16:02.776   708 10194 V AudioFlinger: processConfigEvents_l() DONE thread 0x711b1ce000
08-24 21:16:02.776   932 10189 V NuPlayerDecoder: [OMX.google.aac.decoder] onMessage: AMessage(what = 'rndr', target = 64) = {
08-24 21:16:02.776   932 10189 V NuPlayerDecoder:   size_t buffer-ix = 0
08-24 21:16:02.776   932 10189 V NuPlayerDecoder:   int32_t generation = 1
08-24 21:16:02.776   932 10189 V NuPlayerDecoder:   size_t size = 2048
08-24 21:16:02.776   932 10189 V NuPlayerDecoder: }
08-24 21:16:02.776   932 10188 V NuPlayerRenderer: onDrainAudioQueue: rendering audio at media time 0.06 secs
08-24 21:16:02.776   932 10188 V AudioTrack: getTimestamp_l(38): getBestTimestamp did not find timestamp
08-24 21:16:02.776   932 10188 V AudioTrack: getTimestamp_l(38): timestamp server offset:0 restore frames:-1
08-24 21:16:02.776   932 10188 V NuPlayerRenderer: onDrainAudioQueue: rendering audio at media time 0.13 secs
08-24 21:16:02.776   932 10188 V AudioTrack: getTimestamp_l(38): getBestTimestamp did not find timestamp
08-24 21:16:02.776   932 10188 V AudioTrack: getTimestamp_l(38): timestamp server offset:0 restore frames:-1
08-24 21:16:02.776   932 10188 V NuPlayerRenderer: onDrainAudioQueue: rendering audio at media time 0.19 secs
08-24 21:16:02.776   932 10188 V AudioTrack: getTimestamp_l(38): getBestTimestamp did not find timestamp
08-24 21:16:02.776   932 10188 V AudioTrack: getTimestamp_l(38): timestamp server offset:0 restore frames:-1
08-24 21:16:02.776   708 10194 D AudioFlinger: updateWakeLockUids_l AudioOut_2D uids:10116 
08-24 21:16:02.776   932 10184 V NuPlayer: media rendering started
08-24 21:16:02.776   932 10184 V NuPlayerDriver: notifyListener_l(0xf455d2c0), (6, 0, 0, -1), loop setting(0, 1)
08-24 21:16:02.776   932 10184 V MediaPlayerService: [14] notify (6, 0, 0)
08-24 21:16:02.776   708 10194 V AudioFlinger: updateWakeLockUids_l() AudioOut_2D status 0
08-24 21:16:02.776   932 10190 V ACodec  : [OMX.google.aac.decoder] calling fillBuffer 9
08-24 21:16:02.776   932 10189 V NuPlayerDecoder: [OMX.google.aac.decoder] onMessage: AMessage(what = 'rndr', target = 64) = {
08-24 21:16:02.776   932 10189 V NuPlayerDecoder:   size_t buffer-ix = 1
08-24 21:16:02.776   932 10189 V NuPlayerDecoder:   int32_t generation = 1
08-24 21:16:02.776   932 10189 V NuPlayerDecoder:   size_t size = 2048
08-24 21:16:02.776   932 10189 V NuPlayerDecoder: }
08-24 21:16:02.777  9509  9527 V MediaPlayerNative: message received msg=6, ext1=0, ext2=0
08-24 21:16:02.777  9509  9527 V MediaPlayerNative: unrecognized message: (6, 0, 0)
08-24 21:16:02.777  9509  9527 V MediaPlayerNative: callback application
08-24 21:16:02.777  9509  9527 V MediaPlayerNative: back from callback
08-24 21:16:02.777  9509  9540 V MediaPlayerNative: getCurrentPosition
08-24 21:16:02.777   932 10190 V ACodec  : [OMX.google.aac.decoder] calling fillBuffer 10
08-24 21:16:02.777   932 10189 V NuPlayerDecoder: [OMX.google.aac.decoder] onMessage: AMessage(what = 'rndr', target = 64) = {
08-24 21:16:02.777   932 10189 V NuPlayerDecoder:   size_t buffer-ix = 2
08-24 21:16:02.777   932 10189 V NuPlayerDecoder:   int32_t generation = 1
08-24 21:16:02.777   932 10189 V NuPlayerDecoder:   size_t size = 2048
08-24 21:16:02.777   932 10189 V NuPlayerDecoder: }
08-24 21:16:02.777   932  2992 V MediaPlayerService: getCurrentPosition
08-24 21:16:02.777   932  2992 V AudioTrack: getTimestamp_l(38): getBestTimestamp did not find timestamp
08-24 21:16:02.777   932  2992 V AudioTrack: getTimestamp_l(38): timestamp server offset:0 restore frames:-1
08-24 21:16:02.777   932  2992 V MediaPlayerService: [14] getCurrentPosition = 0
08-24 21:16:02.778   932  2992 V MediaPlayerService: [14] isPlaying: 1
08-24 21:16:02.778  9509  9540 V MediaPlayerNative: isPlaying: 1
08-24 21:16:02.778   932 10190 V ACodec  : [OMX.google.aac.decoder] calling fillBuffer 11
08-24 21:16:02.778   932 10190 V ACodec  : [OMX.google.aac.decoder] onOMXEmptyBufferDone 4
08-24 21:16:02.778   932 10190 V ACodec  : [OMX.google.aac.decoder] onOMXFillBufferDone 9 time 256000 us, flags = 0x00000000
08-24 21:16:02.778   932 10190 V MediaCodec: -- Looking at startdata. presentation 256000, start 55982410900883
08-24 21:16:02.778   932 10190 V MediaCodec: -- match entry for 256000, hits our frame of 256000
08-24 21:16:02.778   932 10189 V NuPlayerDecoder: [OMX.google.aac.decoder] onMessage: AMessage(what = 'rndr', target = 64) = {
08-24 21:16:02.778   932 10189 V NuPlayerDecoder:   size_t buffer-ix = 3
08-24 21:16:02.778   932 10189 V NuPlayerDecoder:   int32_t generation = 1
08-24 21:16:02.778   932 10189 V NuPlayerDecoder:   size_t size = 2048
08-24 21:16:02.778   932 10189 V NuPlayerDecoder: }
08-24 21:16:02.779   932 10190 V ACodec  : [OMX.google.aac.decoder] calling fillBuffer 12
08-24 21:16:02.779   932 10189 V NuPlayerDecoder: [OMX.google.aac.decoder] onMessage: AMessage(what = 'cdcN', target = 64) = {
08-24 21:16:02.779   932 10189 V NuPlayerDecoder:   int32_t callbackID = 1
08-24 21:16:02.779   932 10189 V NuPlayerDecoder:   int32_t index = 3
08-24 21:16:02.779   932 10189 V NuPlayerDecoder: }
08-24 21:16:02.779   932 10189 V NuPlayerDecoder: [audio] kWhatCodecNotify: cbID = 1, paused = 0
08-24 21:16:02.779   932 10190 V ACodec  : [OMX.google.aac.decoder] onOMXEmptyBufferDone 1
08-24 21:16:02.779   932 10190 V ACodec  : [OMX.google.aac.decoder] onOMXFillBufferDone 10 time 320000 us, flags = 0x00000000
08-24 21:16:02.779   932 10190 V ACodec  : [OMX.google.aac.decoder] onOMXEmptyBufferDone 2
08-24 21:16:02.779   932 10190 V ACodec  : [OMX.google.aac.decoder] onOMXFillBufferDone 11 time 384000 us, flags = 0x00000000
08-24 21:16:02.779   932 10190 V MediaCodec: -- Looking at startdata. presentation 320000, start 55982420691820
08-24 21:16:02.779   932 10190 V MediaCodec: -- match entry for 320000, hits our frame of 320000
08-24 21:16:02.779   932 10190 V MediaCodec: -- Looking at startdata. presentation 384000, start 55982421001247
08-24 21:16:02.779   932 10189 V NuPlayerDecoder: [OMX.google.aac.decoder] onMessage: AMessage(what = 'cdcN', target = 64) = {
08-24 21:16:02.779   932 10189 V NuPlayerDecoder:   int32_t callbackID = 2
08-24 21:16:02.779   932 10189 V NuPlayerDecoder:   int32_t index = 0
08-24 21:16:02.779   932 10189 V NuPlayerDecoder:   size_t offset = 0
08-24 21:16:02.779   932 10189 V NuPlayerDecoder:   size_t size = 2048
08-24 21:16:02.779   932 10189 V NuPlayerDecoder:   int64_t timeUs = 256000
08-24 21:16:02.779   932 10189 V NuPlayerDecoder:   int32_t flags = 0
08-24 21:16:02.779   932 10189 V NuPlayerDecoder: }
08-24 21:16:02.779   932 10190 V MediaCodec: -- match entry for 384000, hits our frame of 384000
08-24 21:16:02.779   932 10189 V NuPlayerDecoder: [audio] kWhatCodecNotify: cbID = 2, paused = 0
08-24 21:16:02.779   932 10190 V ACodec  : [OMX.google.aac.decoder] calling emptyBuffer 4 w/ time 640000 us
08-24 21:16:02.779   932 10189 V NuPlayerDecoder: [OMX.google.aac.decoder] onMessage: AMessage(what = 'cdcN', target = 64) = {
08-24 21:16:02.779   932 10189 V NuPlayerDecoder:   int32_t callbackID = 1
08-24 21:16:02.779   932 10189 V NuPlayerDecoder:   int32_t index = 0
08-24 21:16:02.779   932 10189 V NuPlayerDecoder: }
08-24 21:16:02.779   932 10189 V NuPlayerDecoder: [audio] kWhatCodecNotify: cbID = 1, paused = 0
08-24 21:16:02.779   932 10188 V NuPlayerRenderer: onDrainAudioQueue: rendering audio at media time 0.26 secs
08-24 21:16:02.779   932 10188 V AudioTrack: getTimestamp_l(38): getBestTimestamp did not find timestamp
08-24 21:16:02.779   932 10188 V AudioTrack: getTimestamp_l(38): timestamp server offset:0 restore frames:-1
08-24 21:16:02.779   932 10190 V ACodec  : [OMX.google.aac.decoder] onOMXEmptyBufferDone 3
08-24 21:16:02.780   932 10190 V ACodec  : [OMX.google.aac.decoder] calling emptyBuffer 1 w/ time 704000 us
08-24 21:16:02.780   932 10189 V NuPlayerDecoder: [OMX.google.aac.decoder] onMessage: AMessage(what = 'cdcN', target = 64) = {
08-24 21:16:02.780   932 10189 V NuPlayerDecoder:   int32_t callbackID = 2
08-24 21:16:02.780   932 10189 V NuPlayerDecoder:   int32_t index = 1
08-24 21:16:02.780   932 10189 V NuPlayerDecoder:   size_t offset = 0
08-24 21:16:02.780   932 10189 V NuPlayerDecoder:   size_t size = 2048
08-24 21:16:02.780   932 10189 V NuPlayerDecoder:   int64_t timeUs = 320000
08-24 21:16:02.780   932 10189 V NuPlayerDecoder:   int32_t flags = 0
08-24 21:16:02.780   932 10189 V NuPlayerDecoder: }
08-24 21:16:02.780   932 10189 V NuPlayerDecoder: [audio] kWhatCodecNotify: cbID = 2, paused = 0
08-24 21:16:02.780   932 10189 V NuPlayerDecoder: [OMX.google.aac.decoder] onMessage: AMessage(what = 'cdcN', target = 64) = {
08-24 21:16:02.780   932 10189 V NuPlayerDecoder:   int32_t callbackID = 1
08-24 21:16:02.780   932 10189 V NuPlayerDecoder:   int32_t index = 1
08-24 21:16:02.780   932 10189 V NuPlayerDecoder: }
08-24 21:16:02.780   932 10189 V NuPlayerDecoder: [audio] kWhatCodecNotify: cbID = 1, paused = 0
08-24 21:16:02.780   932 10188 V NuPlayerRenderer: onDrainAudioQueue: rendering audio at media time 0.32 secs
08-24 21:16:02.780   932 10190 V ACodec  : [OMX.google.aac.decoder] onOMXFillBufferDone 12 time 448000 us, flags = 0x00000000
08-24 21:16:02.780   932 10188 V AudioTrack: getTimestamp_l(38): getBestTimestamp did not find timestamp
08-24 21:16:02.780   932 10188 V AudioTrack: getTimestamp_l(38): timestamp server offset:0 restore frames:-1
08-24 21:16:02.780   932 10190 V MediaCodec: -- Looking at startdata. presentation 448000, start 55982425553122
08-24 21:16:02.780   932 10190 V MediaCodec: -- match entry for 448000, hits our frame of 448000
08-24 21:16:02.780   932 10190 V ACodec  : [OMX.google.aac.decoder] calling emptyBuffer 2 w/ time 768000 us
08-24 21:16:02.780   932 10189 V NuPlayerDecoder: [OMX.google.aac.decoder] onMessage: AMessage(what = 'cdcN', target = 64) = {
08-24 21:16:02.780   932 10189 V NuPlayerDecoder:   int32_t callbackID = 2
08-24 21:16:02.780   932 10189 V NuPlayerDecoder:   int32_t index = 2
08-24 21:16:02.780   932 10189 V NuPlayerDecoder:   size_t offset = 0
08-24 21:16:02.780   932 10189 V NuPlayerDecoder:   size_t size = 2048
08-24 21:16:02.780   932 10189 V NuPlayerDecoder:   int64_t timeUs = 384000
08-24 21:16:02.780   932 10189 V NuPlayerDecoder:   int32_t flags = 0
08-24 21:16:02.780   932 10189 V NuPlayerDecoder: }
08-24 21:16:02.780   932 10189 V NuPlayerDecoder: [audio] kWhatCodecNotify: cbID = 2, paused = 0
08-24 21:16:02.780   932 10189 V NuPlayerDecoder: [OMX.google.aac.decoder] onMessage: AMessage(what = 'rndr', target = 64) = {
08-24 21:16:02.780   932 10189 V NuPlayerDecoder:   size_t buffer-ix = 0
08-24 21:16:02.780   932 10189 V NuPlayerDecoder:   int32_t generation = 1
08-24 21:16:02.780   932 10189 V NuPlayerDecoder:   size_t size = 2048
08-24 21:16:02.780   932 10189 V NuPlayerDecoder: }
08-24 21:16:02.780   932 10190 V ACodec  : [OMX.google.aac.decoder] calling fillBuffer 9
08-24 21:16:02.780   932 10188 V NuPlayerRenderer: onDrainAudioQueue: rendering audio at media time 0.38 secs
08-24 21:16:02.780   932 10188 V AudioTrack: getTimestamp_l(38): getBestTimestamp did not find timestamp
08-24 21:16:02.780   932 10189 V NuPlayerDecoder: [OMX.google.aac.decoder] onMessage: AMessage(what = 'cdcN', target = 64) = {
08-24 21:16:02.780   932 10189 V NuPlayerDecoder:   int32_t callbackID = 1
08-24 21:16:02.780   932 10189 V NuPlayerDecoder:   int32_t index = 2
08-24 21:16:02.780   932 10189 V NuPlayerDecoder: }
08-24 21:16:02.780   932 10189 V NuPlayerDecoder: [audio] kWhatCodecNotify: cbID = 1, paused = 0
08-24 21:16:02.780   932 10188 V AudioTrack: getTimestamp_l(38): timestamp server offset:0 restore frames:-1
08-24 21:16:02.780   932 10190 V ACodec  : [OMX.google.aac.decoder] calling emptyBuffer 3 w/ time 832000 us
08-24 21:16:02.780   932 10189 V NuPlayerDecoder: [OMX.google.aac.decoder] onMessage: AMessage(what = 'rndr', target = 64) = {
08-24 21:16:02.780   932 10189 V NuPlayerDecoder:   size_t buffer-ix = 1
08-24 21:16:02.780   932 10189 V NuPlayerDecoder:   int32_t generation = 1
08-24 21:16:02.780   932 10189 V NuPlayerDecoder:   size_t size = 2048
08-24 21:16:02.780   932 10189 V NuPlayerDecoder: }
08-24 21:16:02.780   932 10190 V ACodec  : [OMX.google.aac.decoder] calling fillBuffer 10
08-24 21:16:02.781   932 10189 V NuPlayerDecoder: [OMX.google.aac.decoder] onMessage: AMessage(what = 'cdcN', target = 64) = {
08-24 21:16:02.781   932 10189 V NuPlayerDecoder:   int32_t callbackID = 2
08-24 21:16:02.781   932 10189 V NuPlayerDecoder:   int32_t index = 3
08-24 21:16:02.781   932 10189 V NuPlayerDecoder:   size_t offset = 0
08-24 21:16:02.781   932 10189 V NuPlayerDecoder:   size_t size = 2048
08-24 21:16:02.781   932 10189 V NuPlayerDecoder:   int64_t timeUs = 448000
08-24 21:16:02.781   932 10189 V NuPlayerDecoder:   int32_t flags = 0
08-24 21:16:02.781   932 10189 V NuPlayerDecoder: }
08-24 21:16:02.781   932 10189 V NuPlayerDecoder: [audio] kWhatCodecNotify: cbID = 2, paused = 0
08-24 21:16:02.781   932 10189 V NuPlayerDecoder: [OMX.google.aac.decoder] onMessage: AMessage(what = 'rndr', target = 64) = {
08-24 21:16:02.781   932 10189 V NuPlayerDecoder:   size_t buffer-ix = 2
08-24 21:16:02.781   932 10189 V NuPlayerDecoder:   int32_t generation = 1
08-24 21:16:02.781   932 10189 V NuPlayerDecoder:   size_t size = 2048
08-24 21:16:02.781   932 10189 V NuPlayerDecoder: }
08-24 21:16:02.781   932 10188 V NuPlayerRenderer: onDrainAudioQueue: rendering audio at media time 0.45 secs
08-24 21:16:02.781   932 10188 V AudioTrack: getTimestamp_l(38): getBestTimestamp did not find timestamp
08-24 21:16:02.781   932 10188 V AudioTrack: getTimestamp_l(38): timestamp server offset:0 restore frames:-1
08-24 21:16:02.781   932 10188 V NuPlayerRenderer: AudioSink write short frame count 1664 < 2048
08-24 21:16:02.781   932 10190 V ACodec  : [OMX.google.aac.decoder] calling fillBuffer 11
08-24 21:16:02.781   932 10190 V ACodec  : [OMX.google.aac.decoder] onOMXEmptyBufferDone 4
08-24 21:16:02.781   932 10190 V ACodec  : [OMX.google.aac.decoder] onOMXFillBufferDone 9 time 512000 us, flags = 0x00000000
08-24 21:16:02.782   932 10190 V MediaCodec: -- Looking at startdata. presentation 512000, start 55982427810674
08-24 21:16:02.782   932 10190 V MediaCodec: -- match entry for 512000, hits our frame of 512000
08-24 21:16:02.782   932 10189 V NuPlayerDecoder: [OMX.google.aac.decoder] onMessage: AMessage(what = 'cdcN', target = 64) = {
08-24 21:16:02.782   932 10189 V NuPlayerDecoder:   int32_t callbackID = 1
08-24 21:16:02.782   932 10189 V NuPlayerDecoder:   int32_t index = 3
08-24 21:16:02.782   932 10189 V NuPlayerDecoder: }
08-24 21:16:02.782   932 10189 V NuPlayerDecoder: [audio] kWhatCodecNotify: cbID = 1, paused = 0
08-24 21:16:02.782   932 10190 V ACodec  : [OMX.google.aac.decoder] onOMXEmptyBufferDone 1
08-24 21:16:02.782   932 10190 V ACodec  : [OMX.google.aac.decoder] calling emptyBuffer 4 w/ time 896000 us
08-24 21:16:02.782   932 10189 V NuPlayerDecoder: [OMX.google.aac.decoder] onMessage: AMessage(what = 'cdcN', target = 64) = {
08-24 21:16:02.782   932 10189 V NuPlayerDecoder:   int32_t callbackID = 2
08-24 21:16:02.782   932 10189 V NuPlayerDecoder:   int32_t index = 0
08-24 21:16:02.782   932 10189 V NuPlayerDecoder:   size_t offset = 0
08-24 21:16:02.782   932 10189 V NuPlayerDecoder:   size_t size = 2048
08-24 21:16:02.782   932 10189 V NuPlayerDecoder:   int64_t timeUs = 512000
08-24 21:16:02.782   932 10189 V NuPlayerDecoder:   int32_t flags = 0
08-24 21:16:02.782   932 10189 V NuPlayerDecoder: }
08-24 21:16:02.782   932 10189 V NuPlayerDecoder: [audio] kWhatCodecNotify: cbID = 2, paused = 0
08-24 21:16:02.782   932 10190 V ACodec  : [OMX.google.aac.decoder] onOMXFillBufferDone 10 time 576000 us, flags = 0x00000000
08-24 21:16:02.782   932 10190 V ACodec  : [OMX.google.aac.decoder] onOMXEmptyBufferDone 2
08-24 21:16:02.782   932 10189 V NuPlayerDecoder: [OMX.google.aac.decoder] onMessage: AMessage(what = 'cdcN', target = 64) = {
08-24 21:16:02.782   932 10189 V NuPlayerDecoder:   int32_t callbackID = 1
08-24 21:16:02.782   932 10189 V NuPlayerDecoder:   int32_t index = 0
08-24 21:16:02.782   932 10189 V NuPlayerDecoder: }
08-24 21:16:02.782   932 10190 V ACodec  : [OMX.google.aac.decoder] onOMXFillBufferDone 11 time 640000 us, flags = 0x00000000
08-24 21:16:02.782   932 10189 V NuPlayerDecoder: [audio] kWhatCodecNotify: cbID = 1, paused = 0
08-24 21:16:02.782   932 10190 V MediaCodec: -- Looking at startdata. presentation 576000, start 55982428147029
08-24 21:16:02.782   932 10190 V MediaCodec: -- match entry for 576000, hits our frame of 576000
08-24 21:16:02.782   932 10190 V MediaCodec: -- Looking at startdata. presentation 640000, start 55982477014008
08-24 21:16:02.782   932 10190 V MediaCodec: -- match entry for 640000, hits our frame of 640000
08-24 21:16:02.782   932 10190 V ACodec  : [OMX.google.aac.decoder] calling emptyBuffer 1 w/ time 960000 us
08-24 21:16:02.782   932 10189 V NuPlayerDecoder: [OMX.google.aac.decoder] onMessage: AMessage(what = 'cdcN', target = 64) = {
08-24 21:16:02.782   932 10189 V NuPlayerDecoder:   int32_t callbackID = 2
08-24 21:16:02.782   932 10189 V NuPlayerDecoder:   int32_t index = 1
08-24 21:16:02.782   932 10189 V NuPlayerDecoder:   size_t offset = 0
08-24 21:16:02.782   932 10189 V NuPlayerDecoder:   size_t size = 2048
08-24 21:16:02.782   932 10189 V NuPlayerDecoder:   int64_t timeUs = 576000
08-24 21:16:02.782   932 10189 V NuPlayerDecoder:   int32_t flags = 0
08-24 21:16:02.782   932 10189 V NuPlayerDecoder: }
08-24 21:16:02.782   932 10189 V NuPlayerDecoder: [audio] kWhatCodecNotify: cbID = 2, paused = 0
08-24 21:16:02.782   932 10189 V NuPlayerDecoder: [OMX.google.aac.decoder] onMessage: AMessage(what = 'cdcN', target = 64) = {
08-24 21:16:02.782   932 10189 V NuPlayerDecoder:   int32_t callbackID = 1
08-24 21:16:02.782   932 10189 V NuPlayerDecoder:   int32_t index = 1
08-24 21:16:02.782   932 10189 V NuPlayerDecoder: }
08-24 21:16:02.782   932 10189 V NuPlayerDecoder: [audio] kWhatCodecNotify: cbID = 1, paused = 0
08-24 21:16:02.783   932 10190 V ACodec  : [OMX.google.aac.decoder] calling emptyBuffer 2 w/ time 1024000 us
08-24 21:16:02.783   932 10189 V NuPlayerDecoder: [OMX.google.aac.decoder] onMessage: AMessage(what = 'cdcN', target = 64) = {
08-24 21:16:02.783   932 10189 V NuPlayerDecoder:   int32_t callbackID = 2
08-24 21:16:02.783   932 10189 V NuPlayerDecoder:   int32_t index = 2
08-24 21:16:02.783   932 10189 V NuPlayerDecoder:   size_t offset = 0
08-24 21:16:02.783   932 10189 V NuPlayerDecoder:   size_t size = 2048
08-24 21:16:02.783   932 10189 V NuPlayerDecoder:   int64_t timeUs = 640000
08-24 21:16:02.783   932 10189 V NuPlayerDecoder:   int32_t flags = 0
08-24 21:16:02.783   932 10189 V NuPlayerDecoder: }
08-24 21:16:02.783   932 10189 V NuPlayerDecoder: [audio] kWhatCodecNotify: cbID = 2, paused = 0
08-24 21:16:02.787   662 10193 D audio_hw_primary: out_set_volume: called with left_vol=1.000000, right_vol=1.000000
08-24 21:16:02.788   662 10195 D audio_hw_primary: start_output_stream: enter: stream(0xf432d000)usecase(30: audio-playback-voip) devices(0x2) is_haptic_usecase(0)
08-24 21:16:02.789   662 10195 D audio_hw_primary: select_devices for use case (audio-playback-voip)
08-24 21:16:02.789   662 10195 I msm8974_platform: platform_check_and_set_codec_backend_cfg:becf: afe: bitwidth 16, samplerate 16000 channels 1, backend_idx 0 usecase = 30 device (speaker)
08-24 21:16:02.789   662 10195 D msm8974_platform: platform_split_snd_device: snd_device(2) num devices(1) new_snd_devices(0)
08-24 21:16:02.789   662 10195 I msm8974_platform: platform_check_and_set_codec_backend_cfg: new_snd_devices[0] is 2
08-24 21:16:02.789   662 10195 I msm8974_platform: platform_check_codec_backend_cfg:becf: afe: bitwidth 16, samplerate 16000 channels 1, backend_idx 0 usecase = 30 device (speaker)
08-24 21:16:02.789   662 10195 W msm8974_platform: platform_check_codec_backend_cfg:becf: afe:Use default bw and sr for voice/voip calls 
08-24 21:16:02.789   662 10195 D msm8974_platform: platform_check_codec_backend_cfg:becf: afe: playback on codec device not supporting native playback set default Sample Rate(48k)
08-24 21:16:02.789   662 10195 I msm8974_platform: platform_check_codec_backend_cfg:becf: afe: Codec selected backend: 0 updated bit width: 16 and sample rate: 48000
08-24 21:16:02.789   662 10195 D audio_hw_primary: check_usecases_codec_backend:becf: force routing 0
08-24 21:16:02.789   662 10195 E msm8974_platform: platform_check_backends_match: Invalid snd_device = 
08-24 21:16:02.789   662 10195 D audio_hw_primary: check_usecases_codec_backend:becf: (72) check_usecases curr device: speaker, usecase device: backends match 0
08-24 21:16:02.789   662 10195 D audio_hw_primary: check_usecases_codec_backend:becf: (72) check_usecases curr device: speaker, usecase device:speaker backends match 1
08-24 21:16:02.789   662 10195 E msm8974_platform: platform_check_backends_match: Invalid snd_device = 
08-24 21:16:02.789   662 10195 D audio_hw_primary: check_usecases_codec_backend:becf: (72) check_usecases curr device: speaker, usecase device: backends match 0
08-24 21:16:02.789   662 10195 D audio_hw_primary: check_usecases_codec_backend:becf: check_usecases num.of Usecases to switch 0
08-24 21:16:02.789   662 10195 D hardware_info: hw_info_append_hw_type : device_name = speaker
08-24 21:16:02.789   662 10195 D msm8974_platform: platform_split_snd_device: snd_device(2) num devices(0) new_snd_devices(0)
08-24 21:16:02.789   662 10195 I audio_hw_utils: audio_extn_utils_update_stream_output_app_type_cfg Allowing 24 and above bits playback on speaker ONLY at default sampling rate
08-24 21:16:02.789   662 10195 D audio_hw_utils: audio_extn_utils_update_stream_output_app_type_cfg: flags: 8001, format: 1 sample_rate 48000, profile , app_type 69946
08-24 21:16:02.789   662 10195 D audio_hw_primary: audio_is_true_native_stream_active:napb: (0) (low-latency-playback)id (1) sr 48000 bw (16) device speaker
08-24 21:16:02.789   662 10195 D audio_hw_primary: audio_is_true_native_stream_active:napb: (1) (audio-playback-voip)id (30) sr 16000 bw (16) device speaker
08-24 21:16:02.789   662 10195 E soundtrigger: audio_extn_sound_trigger_update_stream_status: invalid input device 0x0, for event 3
08-24 21:16:02.789   662 10195 D soundtrigger: audio_extn_sound_trigger_update_stream_status: uc_info->id 30 of type 0 for Event 3, with Raise=0
08-24 21:16:02.789   662 10195 D audio_hw_utils: audio_extn_utils_send_app_type_cfg: usecase->out_snd_device speaker
08-24 21:16:02.789   662 10195 D msm8974_platform: platform_split_snd_device: snd_device(2) num devices(0) new_snd_devices(0)
08-24 21:16:02.790   662 10195 D audio_hw_utils: audio_extn_btsco_get_sample_rate:Not a BT SCO device, need not update sampling rate
08-24 21:16:02.790   662 10195 I audio_hw_utils: send_app_type_cfg_for_device PLAYBACK app_type 69946, acdb_dev_id 124, sample_rate 16000, snd_device_be_idx 154
08-24 21:16:02.790   662 10195 D msm8974_platform: platform_split_snd_device: snd_device(2) num devices(1) new_snd_devices(0)
08-24 21:16:02.790   662 10195 D audio_hw_utils: audio_extn_btsco_get_sample_rate:Not a BT SCO device, need not update sampling rate
08-24 21:16:02.790   662 10195 D ACDB-LOADER: ACDB -> send_audio_cal, acdb_id = 124, path = 0, app id = 0x1113a, sample rate = 16000
08-24 21:16:02.790   662 10195 D ACDB-LOADER: ACDB -> send_asm_topology
08-24 21:16:02.790   662 10195 D ACDB-LOADER: ACDB -> ACDB_CMD_GET_AUDPROC_STREAM_TOPOLOGY_ID
08-24 21:16:02.790   662 10195 D ACDB-LOADER: ACDB -> send_adm_topology
08-24 21:16:02.790   662 10195 D ACDB-LOADER: ACDB -> ACDB_CMD_GET_AUDPROC_COMMON_TOPOLOGY_ID
08-24 21:16:02.791   662 10195 D ACDB-LOADER: ACDB -> send_audtable
08-24 21:16:02.791   662 10195 D ACDB-LOADER: ACDB -> ACDB_CMD_GET_AUDPROC_COMMON_TABLE_SIZE
08-24 21:16:02.791   708  1349 V AudioFlinger: onIdleMixer
08-24 21:16:02.791   662 10195 D ACDB-LOADER: ACDB -> ACDB_CMD_GET_AUDPROC_COMMON_TABLE
08-24 21:16:02.791   662 10195 D ACDB-LOADER: ACDB -> AUDIO_SET_AUDPROC_CAL
08-24 21:16:02.791   662 10195 D ACDB-LOADER: ACDB -> send_audvoltable
08-24 21:16:02.791   662 10195 D ACDB-LOADER: ACDB -> ACDB_CMD_GET_AUDPROC_VOL_STEP_TABLE_SIZE
08-24 21:16:02.791   662 10195 D         : Failed to fetch the lookup information of the device 0000007C 
08-24 21:16:02.791   662 10195 E ACDB-LOADER: Error: ACDB_CMD_GET_AUDPROC_VOL_STEP_TABLE_SIZE Returned = -19
08-24 21:16:02.791   662 10195 D ACDB-LOADER: ACDB -> ACDB_CMD_GET_AUDPROC_GAIN_DEP_STEP_TABLE, vol index 1
08-24 21:16:02.791   662 10195 D ACDB-LOADER: ACDB -> AUDIO_SET_VOL_CAL cal type = 12
08-24 21:16:02.791   662 10195 D ACDB-LOADER: ACDB -> ACDB_CMD_GET_AUDPROC_STREAM_TABLE_SIZE
08-24 21:16:02.791   662 10195 D ACDB-LOADER: ACDB -> send_audstrmtable
08-24 21:16:02.791   662 10195 D ACDB-LOADER: ACDB -> ACDB_CMD_GET_AUDPROC_STREAM_TABLE_V2
08-24 21:16:02.791   662 10195 D ACDB-LOADER: ACDB -> audstrm_cal->cal_type.cal_data.cal_size = 16
08-24 21:16:02.791   662 10195 D ACDB-LOADER: ACDB -> send_afe_topology
08-24 21:16:02.791   662 10195 D ACDB-LOADER: ACDB -> ACDB_CMD_GET_AFE_TOPOLOGY_ID
08-24 21:16:02.791   662 10195 D ACDB-LOADER: ACDB -> GET_AFE_TOPOLOGY_ID for adcd_id 124, Topology Id 1025d
08-24 21:16:02.791   662 10195 D ACDB-LOADER: ACDB -> send_afe_cal
08-24 21:16:02.791   662 10195 D ACDB-LOADER: ACDB -> ACDB_CMD_GET_AFE_COMMON_TABLE_SIZE
08-24 21:16:02.791   662 10195 D         : Failed to fetch the lookup information of the device 0000007C 
08-24 21:16:02.791   662 10195 E ACDB-LOADER: Error: ACDB_CMD_GET_AFE_COMMON_TABLE_SIZE Returned = -19
08-24 21:16:02.791   662 10195 D ACDB-LOADER: ACDB -> ACDB_CMD_GET_AFE_COMMON_TABLE
08-24 21:16:02.791   662 10195 D         : Failed to fetch the lookup information of the device 0000007C 
08-24 21:16:02.791   662 10195 E ACDB-LOADER: Error: ACDB AFE returned = -19
08-24 21:16:02.791   662 10195 D ACDB-LOADER: ACDB -> AUDIO_SET_AFE_CAL
08-24 21:16:02.791   662 10195 D ACDB-LOADER: ACDB -> send_hw_delay : acdb_id = 124 path = 0
08-24 21:16:02.791   662 10195 D ACDB-LOADER: ACDB -> ACDB_AVSYNC_INFO: ACDB_CMD_GET_DEVICE_PROPERTY
08-24 21:16:02.791   662 10195 D msm8974_platform: platform_split_snd_device: snd_device(2) num devices(0) new_snd_devices(0)
08-24 21:16:02.791   662 10195 I msm8974_platform: platform_get_custom_mtmx_params: no matching param with id 0 ip_ch 1 op_ch 2 uc_id 30 snd_dev 2
08-24 21:16:02.791   662 10195 D audio_hw_primary: enable_audio_route: apply mixer and update path: audio-playback-voip
08-24 21:16:02.791   662 10195 D audio_route: Apply path: audio-playback-voip
08-24 21:16:02.794   662 10195 D audio_hw_primary: select_devices: done
08-24 21:16:02.804  9509 10177 V AudioTrack: processAudioBuffer(35): obtainBuffer(136) returned 1920 = 136 + 1784 err 0
08-24 21:16:02.804  9509 10177 V AudioTrack: processAudioBuffer(35): obtainBuffer(962) returned 1784 = 244 + 1540 err 0
08-24 21:16:02.804  9509 10177 V AudioTrack: processAudioBuffer(35): obtainBuffer(718) returned 1540 = 718 + 822 err 0
08-24 21:16:02.804  9509 10177 V AudioTrack: processAudioBuffer(35): obtainBuffer(622) returned 1444 = 622 + 822 err 0
08-24 21:16:02.804  9509 10177 V AudioTrack: start(35): prior state:STATE_ACTIVE
08-24 21:16:02.804  9509 10177 V AudioTrack: processAudioBuffer(35): obtainBuffer(142) returned 964 = 142 + 822 err 0
08-24 21:16:02.804  9509 10177 V AudioTrack: start(35): prior state:STATE_ACTIVE
08-24 21:16:02.804  9509 10177 V AudioTrack: processAudioBuffer(35): obtainBuffer(962) returned 822 = 822 + 0 err 0
08-24 21:16:02.807  9509 10177 V AudioTrack: processAudioBuffer(35): obtainBuffer(962) returned 822 = 822 + 0 err 0
08-24 21:16:02.807  9509 10177 V AudioTrack: processAudioBuffer(35): obtainBuffer(624) returned 484 = 484 + 0 err 0
08-24 21:16:02.807  9509 10177 V AudioTrack: start(35): prior state:STATE_ACTIVE
08-24 21:16:02.807  9509 10177 V AudioTrack: processAudioBuffer(35): obtainBuffer(144) returned 4 = 4 + 0 err 0
08-24 21:16:02.807  9509 10177 V AudioTrack: start(35): prior state:STATE_ACTIVE
08-24 21:16:02.807  9509 10177 V AudioTrack: processAudioBuffer(35): obtainBuffer(140) returned 0 = 0 + 0 err -11
08-24 21:16:02.811   708  1349 V AudioFlinger: onIdleMixer
08-24 21:16:02.818     0     0 E adm_callback: cmd = 0x10328 returned error = 0x2
08-24 21:16:02.818     0     0 E adm_apr_send_pkt: DSP returned error[ADSP_EBADPARAM]
08-24 21:16:02.821   662 10195 D msm8974_platform: platform_set_channel_map mixer_ctl_name:Playback Channel Map16
08-24 21:16:02.822   662 10195 D msm8974_platform: platform_set_channel_map: set mapping(3 0 0 0 0 0 0 0) for channel:1
08-24 21:16:02.829   662 10195 D audio_hw_primary: start_output_stream: exit
08-24 21:16:02.829   662 10195 D audio_hw_primary: out_write: retry previous failed cal level set
08-24 21:16:02.829   662 10195 W msm8974_platform: platform_send_gain_dep_cal: Usecase list is empty
08-24 21:16:02.829   662 10195 D msm8974_platform: platform_split_snd_device: snd_device(2) num devices(1) new_snd_devices(0)
08-24 21:16:02.829   662 10195 D msm8974_platform: platform_split_snd_device: snd_device(2) num devices(1) new_snd_devices(0)
08-24 21:16:02.829   662 10195 D msm8974_platform: platform_split_snd_device: snd_device(2) num devices(0) new_snd_devices(0)
08-24 21:16:02.829   662 10195 I msm8974_platform: platform_get_custom_mtmx_params: no matching param with id 0 ip_ch 1 op_ch 2 uc_id 30 snd_dev 2
08-24 21:16:02.831   708  1349 V AudioFlinger: onIdleMixer
08-24 21:16:02.844  9509 10177 V AudioTrack: processAudioBuffer(35): obtainBuffer(140) returned 1920 = 140 + 1780 err 0
08-24 21:16:02.844  9509 10177 V AudioTrack: processAudioBuffer(35): obtainBuffer(962) returned 1780 = 368 + 1412 err 0
08-24 21:16:02.844  9509 10177 V AudioTrack: processAudioBuffer(35): obtainBuffer(626) returned 1444 = 32 + 1412 err 0
08-24 21:16:02.844  9509 10177 V AudioTrack: start(35): prior state:STATE_ACTIVE
08-24 21:16:02.844  9509 10177 V AudioTrack: processAudioBuffer(35): obtainBuffer(594) returned 1412 = 594 + 818 err 0
08-24 21:16:02.844  9509 10177 V AudioTrack: processAudioBuffer(35): obtainBuffer(146) returned 964 = 146 + 818 err 0
08-24 21:16:02.844  9509 10177 V AudioTrack: start(35): prior state:STATE_ACTIVE
08-24 21:16:02.844  9509 10177 V AudioTrack: processAudioBuffer(35): obtainBuffer(962) returned 818 = 818 + 0 err 0
08-24 21:16:02.848  9509 10177 V AudioTrack: processAudioBuffer(35): obtainBuffer(962) returned 818 = 818 + 0 err 0
08-24 21:16:02.848  9509 10177 V AudioTrack: processAudioBuffer(35): obtainBuffer(628) returned 484 = 484 + 0 err 0
08-24 21:16:02.848  9509 10177 V AudioTrack: start(35): prior state:STATE_ACTIVE
08-24 21:16:02.848  9509 10177 V AudioTrack: processAudioBuffer(35): obtainBuffer(148) returned 4 = 4 + 0 err 0
08-24 21:16:02.848  9509 10177 V AudioTrack: start(35): prior state:STATE_ACTIVE
08-24 21:16:02.848  9509 10177 V AudioTrack: processAudioBuffer(35): obtainBuffer(144) returned 0 = 0 + 0 err -11
08-24 21:16:02.851   708  1349 V AudioFlinger: onIdleMixer
08-24 21:16:02.879   708  1349 I chatty  : uid=1041(audioserver) AudioOut_1D identical 2 lines
08-24 21:16:02.880   708  1349 V AudioFlinger: onIdleMixer
08-24 21:16:02.884  9509 10177 V AudioTrack: processAudioBuffer(35): obtainBuffer(144) returned 1920 = 144 + 1776 err 0
08-24 21:16:02.884  9509 10177 V AudioTrack: processAudioBuffer(35): obtainBuffer(962) returned 1776 = 492 + 1284 err 0
08-24 21:16:02.884  9509 10177 V AudioTrack: processAudioBuffer(35): obtainBuffer(630) returned 1444 = 160 + 1284 err 0
08-24 21:16:02.884  9509 10177 V AudioTrack: start(35): prior state:STATE_ACTIVE
08-24 21:16:02.884  9509 10177 V AudioTrack: processAudioBuffer(35): obtainBuffer(470) returned 1284 = 470 + 814 err 0
08-24 21:16:02.884  9509 10177 V AudioTrack: processAudioBuffer(35): obtainBuffer(150) returned 964 = 150 + 814 err 0
08-24 21:16:02.884  9509 10177 V AudioTrack: start(35): prior state:STATE_ACTIVE
08-24 21:16:02.884  9509 10177 V AudioTrack: processAudioBuffer(35): obtainBuffer(962) returned 814 = 814 + 0 err 0
08-24 21:16:02.887  9509 10177 V AudioTrack: processAudioBuffer(35): obtainBuffer(962) returned 814 = 814 + 0 err 0
08-24 21:16:02.887  9509 10177 V AudioTrack: processAudioBuffer(35): obtainBuffer(632) returned 484 = 484 + 0 err 0
08-24 21:16:02.888  9509 10177 V AudioTrack: start(35): prior state:STATE_ACTIVE
08-24 21:16:02.888  9509 10177 V AudioTrack: processAudioBuffer(35): obtainBuffer(152) returned 4 = 4 + 0 err 0
08-24 21:16:02.888  9509 10177 V AudioTrack: start(35): prior state:STATE_ACTIVE
08-24 21:16:02.888  9509 10177 V AudioTrack: processAudioBuffer(35): obtainBuffer(148) returned 0 = 0 + 0 err -11
08-24 21:16:02.900   708  1349 V AudioFlinger: onIdleMixer
08-24 21:16:02.920   708  1349 V AudioFlinger: onIdleMixer
08-24 21:16:02.924  9509 10177 V AudioTrack: processAudioBuffer(35): obtainBuffer(148) returned 1920 = 148 + 1772 err 0
08-24 21:16:02.924  9509 10177 V AudioTrack: processAudioBuffer(35): obtainBuffer(962) returned 1772 = 616 + 1156 err 0
08-24 21:16:02.924  9509 10177 V AudioTrack: processAudioBuffer(35): obtainBuffer(634) returned 1444 = 288 + 1156 err 0
08-24 21:16:02.924  9509 10177 V AudioTrack: start(35): prior state:STATE_ACTIVE
08-24 21:16:02.924  9509 10177 V AudioTrack: processAudioBuffer(35): obtainBuffer(346) returned 1156 = 346 + 810 err 0
08-24 21:16:02.924  9509 10177 V AudioTrack: processAudioBuffer(35): obtainBuffer(154) returned 964 = 154 + 810 err 0
08-24 21:16:02.924  9509 10177 V AudioTrack: start(35): prior state:STATE_ACTIVE
08-24 21:16:02.924  9509 10177 V AudioTrack: processAudioBuffer(35): obtainBuffer(962) returned 810 = 810 + 0 err 0
08-24 21:16:02.928  9509 10177 V AudioTrack: processAudioBuffer(35): obtainBuffer(962) returned 810 = 810 + 0 err 0
08-24 21:16:02.928  9509 10177 V AudioTrack: processAudioBuffer(35): obtainBuffer(636) returned 484 = 484 + 0 err 0
08-24 21:16:02.928  9509 10177 V AudioTrack: start(35): prior state:STATE_ACTIVE
08-24 21:16:02.928  9509 10177 V AudioTrack: processAudioBuffer(35): obtainBuffer(156) returned 4 = 4 + 0 err 0
08-24 21:16:02.928  9509 10177 V AudioTrack: start(35): prior state:STATE_ACTIVE
08-24 21:16:02.928  9509 10177 V AudioTrack: processAudioBuffer(35): obtainBuffer(152) returned 0 = 0 + 0 err -11
08-24 21:16:02.941   708  1349 V AudioFlinger: onIdleMixer
08-24 21:16:02.961   708  1349 V AudioFlinger: onIdleMixer
08-24 21:16:02.964  9509 10177 V AudioTrack: processAudioBuffer(35): obtainBuffer(152) returned 1920 = 152 + 1768 err 0
08-24 21:16:02.964  9509 10177 V AudioTrack: processAudioBuffer(35): obtainBuffer(962) returned 1768 = 740 + 1028 err 0
08-24 21:16:02.964  9509 10177 V AudioTrack: processAudioBuffer(35): obtainBuffer(638) returned 1444 = 416 + 1028 err 0
08-24 21:16:02.964  9509 10177 V AudioTrack: start(35): prior state:STATE_ACTIVE
08-24 21:16:02.964  9509 10177 V AudioTrack: processAudioBuffer(35): obtainBuffer(222) returned 1028 = 222 + 806 err 0
08-24 21:16:02.964  9509 10177 V AudioTrack: processAudioBuffer(35): obtainBuffer(158) returned 964 = 158 + 806 err 0
08-24 21:16:02.964  9509 10177 V AudioTrack: start(35): prior state:STATE_ACTIVE
08-24 21:16:02.964  9509 10177 V AudioTrack: processAudioBuffer(35): obtainBuffer(962) returned 806 = 806 + 0 err 0
08-24 21:16:02.968  9509 10177 V AudioTrack: processAudioBuffer(35): obtainBuffer(962) returned 806 = 806 + 0 err 0
08-24 21:16:02.968  9509 10177 V AudioTrack: processAudioBuffer(35): obtainBuffer(640) returned 484 = 484 + 0 err 0
08-24 21:16:02.968  9509 10177 V AudioTrack: start(35): prior state:STATE_ACTIVE
08-24 21:16:02.968  9509 10177 V AudioTrack: processAudioBuffer(35): obtainBuffer(160) returned 4 = 4 + 0 err 0
08-24 21:16:02.968  9509 10177 V AudioTrack: start(35): prior state:STATE_ACTIVE
08-24 21:16:02.968  9509 10177 V AudioTrack: processAudioBuffer(35): obtainBuffer(156) returned 0 = 0 + 0 err -11
08-24 21:16:02.981   708  1349 V AudioFlinger: onIdleMixer
08-24 21:16:03.002   708  1349 V AudioFlinger: onIdleMixer
08-24 21:16:03.004  9509 10177 V AudioTrack: processAudioBuffer(35): obtainBuffer(156) returned 1920 = 156 + 1764 err 0
08-24 21:16:03.004  9509 10177 V AudioTrack: processAudioBuffer(35): obtainBuffer(962) returned 1764 = 864 + 900 err 0
08-24 21:16:03.004  9509 10177 V AudioTrack: processAudioBuffer(35): obtainBuffer(642) returned 1444 = 544 + 900 err 0
08-24 21:16:03.004  9509 10177 V AudioTrack: start(35): prior state:STATE_ACTIVE
08-24 21:16:03.004  9509 10177 V AudioTrack: processAudioBuffer(35): obtainBuffer(162) returned 964 = 64 + 900 err 0
08-24 21:16:03.004  9509 10177 V AudioTrack: start(35): prior state:STATE_ACTIVE
08-24 21:16:03.004  9509 10177 V AudioTrack: processAudioBuffer(35): obtainBuffer(98) returned 900 = 98 + 802 err 0
08-24 21:16:03.004  9509 10177 V AudioTrack: processAudioBuffer(35): obtainBuffer(962) returned 802 = 802 + 0 err 0
08-24 21:16:03.008  9509 10177 V AudioTrack: processAudioBuffer(35): obtainBuffer(962) returned 802 = 802 + 0 err 0
08-24 21:16:03.008  9509 10177 V AudioTrack: processAudioBuffer(35): obtainBuffer(644) returned 484 = 484 + 0 err 0
08-24 21:16:03.008  9509 10177 V AudioTrack: start(35): prior state:STATE_ACTIVE
08-24 21:16:03.008  9509 10177 V AudioTrack: processAudioBuffer(35): obtainBuffer(164) returned 4 = 4 + 0 err 0
08-24 21:16:03.008  9509 10177 V AudioTrack: start(35): prior state:STATE_ACTIVE
08-24 21:16:03.008  9509 10177 V AudioTrack: processAudioBuffer(35): obtainBuffer(160) returned 0 = 0 + 0 err -11
08-24 21:16:03.023   708  1349 V AudioFlinger: onIdleMixer
08-24 21:16:03.031   932 10188 V NuPlayerRenderer: onDrainAudioQueue: rendering audio at media time 0.51 secs
08-24 21:16:03.031   932 10189 V NuPlayerDecoder: [OMX.google.aac.decoder] onMessage: AMessage(what = 'rndr', target = 64) = {
08-24 21:16:03.031   932 10189 V NuPlayerDecoder:   size_t buffer-ix = 3
08-24 21:16:03.031   932 10189 V NuPlayerDecoder:   int32_t generation = 1
08-24 21:16:03.031   932 10189 V NuPlayerDecoder:   size_t size = 2048
08-24 21:16:03.031   932 10189 V NuPlayerDecoder: }
08-24 21:16:03.031   932 10188 V AudioSink: getPlayedOutDurationUs(197387) nowUs(55982729417) frames(2880) framesAt(55982712030)
08-24 21:16:03.031   932 10188 V NuPlayerRenderer: onDrainAudioQueue: rendering audio at media time 0.58 secs
08-24 21:16:03.031   932 10188 V NuPlayerRenderer: onDrainAudioQueue: rendering audio at media time 0.64 secs
08-24 21:16:03.032   932 10184 V NuPlayer: kWhatMediaClockNotify
08-24 21:16:03.032   932 10184 V NuPlayerDriver: notifyListener_l(0xf455d2c0), (211, 0, 0, 20), loop setting(0, 1)
08-24 21:16:03.032   932 10184 V MediaPlayerService: [14] notify (211, 0, 0)
08-24 21:16:03.032   932 10190 V ACodec  : [OMX.google.aac.decoder] calling fillBuffer 12
08-24 21:16:03.032   932 10189 V NuPlayerDecoder: [OMX.google.aac.decoder] onMessage: AMessage(what = 'rndr', target = 64) = {
08-24 21:16:03.032   932 10189 V NuPlayerDecoder:   size_t buffer-ix = 0
08-24 21:16:03.032   932 10189 V NuPlayerDecoder:   int32_t generation = 1
08-24 21:16:03.032   932 10189 V NuPlayerDecoder:   size_t size = 2048
08-24 21:16:03.032   932 10189 V NuPlayerDecoder: }
08-24 21:16:03.032  9509  9527 V MediaPlayerNative: message received msg=211, ext1=0, ext2=0
08-24 21:16:03.033  9509  9527 V MediaPlayerNative: unrecognized message: (211, 0, 0)
08-24 21:16:03.033  9509  9527 V MediaPlayerNative: callback application
08-24 21:16:03.033  9509  9527 V MediaPlayerNative: back from callback
08-24 21:16:03.033   932 10190 V ACodec  : [OMX.google.aac.decoder] calling fillBuffer 9
08-24 21:16:03.034   932 10189 V NuPlayerDecoder: [OMX.google.aac.decoder] onMessage: AMessage(what = 'rndr', target = 64) = {
08-24 21:16:03.034   932 10189 V NuPlayerDecoder:   size_t buffer-ix = 1
08-24 21:16:03.034   932 10189 V NuPlayerDecoder:   int32_t generation = 1
08-24 21:16:03.034   932 10189 V NuPlayerDecoder:   size_t size = 2048
08-24 21:16:03.034   932 10189 V NuPlayerDecoder: }
08-24 21:16:03.034   932 10190 V ACodec  : [OMX.google.aac.decoder] onOMXEmptyBufferDone 3
08-24 21:16:03.034   932 10190 V ACodec  : [OMX.google.aac.decoder] onOMXFillBufferDone 12 time 704000 us, flags = 0x00000000
08-24 21:16:03.034   932 10190 V MediaCodec: -- Looking at startdata. presentation 704000, start 55982477522966
08-24 21:16:03.034   932 10189 V NuPlayerDecoder: [OMX.google.aac.decoder] onMessage: AMessage(what = 'rndr', target = 64) = {
08-24 21:16:03.034   932 10189 V NuPlayerDecoder:   size_t buffer-ix = 2
08-24 21:16:03.034   932 10189 V NuPlayerDecoder:   int32_t generation = 1
08-24 21:16:03.034   932 10189 V NuPlayerDecoder:   size_t size = 2048
08-24 21:16:03.034   932 10189 V NuPlayerDecoder: }
08-24 21:16:03.034   932 10190 V MediaCodec: -- match entry for 704000, hits our frame of 704000
08-24 21:16:03.034   932 10190 V ACodec  : [OMX.google.aac.decoder] calling fillBuffer 10
08-24 21:16:03.034   932 10190 V ACodec  : [OMX.google.aac.decoder] calling fillBuffer 11
08-24 21:16:03.034   932 10189 V NuPlayerDecoder: [OMX.google.aac.decoder] onMessage: AMessage(what = 'cdcN', target = 64) = {
08-24 21:16:03.034   932 10189 V NuPlayerDecoder:   int32_t callbackID = 1
08-24 21:16:03.034   932 10189 V NuPlayerDecoder:   int32_t index = 2
08-24 21:16:03.034   932 10189 V NuPlayerDecoder: }
08-24 21:16:03.034   932 10189 V NuPlayerDecoder: [audio] kWhatCodecNotify: cbID = 1, paused = 0
08-24 21:16:03.035   932 10190 V ACodec  : [OMX.google.aac.decoder] calling emptyBuffer 3 w/ time 1088000 us
08-24 21:16:03.035   932 10189 V NuPlayerDecoder: [OMX.google.aac.decoder] onMessage: AMessage(what = 'cdcN', target = 64) = {
08-24 21:16:03.035   932 10189 V NuPlayerDecoder:   int32_t callbackID = 2
08-24 21:16:03.035   932 10189 V NuPlayerDecoder:   int32_t index = 3
08-24 21:16:03.035   932 10189 V NuPlayerDecoder:   size_t offset = 0
08-24 21:16:03.035   932 10189 V NuPlayerDecoder:   size_t size = 2048
08-24 21:16:03.035   932 10189 V NuPlayerDecoder:   int64_t timeUs = 704000
08-24 21:16:03.035   932 10189 V NuPlayerDecoder:   int32_t flags = 0
08-24 21:16:03.035   932 10189 V NuPlayerDecoder: }
08-24 21:16:03.035   932 10189 V NuPlayerDecoder: [audio] kWhatCodecNotify: cbID = 2, paused = 0
08-24 21:16:03.035   932 10188 V NuPlayerRenderer: onDrainAudioQueue: rendering audio at media time 0.70 secs
08-24 21:16:03.035   932 10188 V NuPlayerRenderer: AudioSink write short frame count 1792 < 2048
08-24 21:16:03.036   932 10190 V ACodec  : [OMX.google.aac.decoder] onOMXEmptyBufferDone 4
08-24 21:16:03.036   932 10190 V ACodec  : [OMX.google.aac.decoder] onOMXFillBufferDone 9 time 768000 us, flags = 0x00000000
08-24 21:16:03.036   932 10190 V ACodec  : [OMX.google.aac.decoder] onOMXEmptyBufferDone 1
08-24 21:16:03.036   932 10190 V ACodec  : [OMX.google.aac.decoder] onOMXFillBufferDone 10 time 832000 us, flags = 0x00000000
08-24 21:16:03.036   932 10190 V ACodec  : [OMX.google.aac.decoder] onOMXEmptyBufferDone 2
08-24 21:16:03.036   932 10190 V ACodec  : [OMX.google.aac.decoder] onOMXFillBufferDone 11 time 896000 us, flags = 0x00000000
08-24 21:16:03.036   932 10190 V MediaCodec: -- Looking at startdata. presentation 768000, start 55982477836820
08-24 21:16:03.036   932 10190 V MediaCodec: -- match entry for 768000, hits our frame of 768000
