08-24 21:16:05.418   662 10200 D msm8974_platform: platform_split_snd_device: snd_device(22) num devices(0) new_snd_devices(0)
08-24 21:16:05.418   662 10200 I msm8974_platform: platform_get_custom_mtmx_params: no matching param with id 0 ip_ch 2 op_ch 2 uc_id 1 snd_dev 22
08-24 21:16:05.418   662 10200 D audio_hw_primary: enable_audio_route: apply mixer and update path: low-latency-playback
08-24 21:16:05.418   662 10200 D audio_route: Apply path: low-latency-playback
08-24 21:16:05.431   662  2491 D msm8974_platform: platform_split_snd_device: snd_device(22) num devices(0) new_snd_devices(0)
08-24 21:16:05.431   662  2491 I msm8974_platform: platform_get_custom_mtmx_params: no matching param with id 0 ip_ch 2 op_ch 2 uc_id 1 snd_dev 22
08-24 21:16:05.432     0     0 E adm_callback: cmd = 0x10328 returned error = 0x2
08-24 21:16:05.432     0     0 E adm_apr_send_pkt: DSP returned error[ADSP_EBADPARAM]
08-24 21:16:05.437   662 10200 D audio_hw_primary: select_devices: done
08-24 21:16:05.437   662 10200 D audio_hw_primary: select_devices for use case (audio-playback-voip)
08-24 21:16:05.437   662 10200 D audio_hw_primary: select_devices: changing use case audio-playback-voip output device from(2: speaker, acdb 124) to (22: voice-speaker-stereo, acdb 124)
08-24 21:16:05.437   662 10200 D audio_hw_primary: disable_audio_route: reset and update mixer path: audio-playback-voip
08-24 21:16:05.447   662 10200 E soundtrigger: audio_extn_sound_trigger_update_stream_status: invalid input device 0x0, for event 2
08-24 21:16:05.448   662 10200 D soundtrigger: audio_extn_sound_trigger_update_stream_status: uc_info->id 30 of type 0 for Event 2, with Raise=0
08-24 21:16:05.448   662 10200 D msm8974_platform: platform_split_snd_device: snd_device(2) num devices(0) new_snd_devices(0)
08-24 21:16:05.448   662 10200 I msm8974_platform: platform_get_custom_mtmx_params: no matching param with id 0 ip_ch 1 op_ch 2 uc_id 30 snd_dev 2
08-24 21:16:05.448   662 10200 D hardware_info: hw_info_append_hw_type : device_name = speaker
08-24 21:16:05.448   662 10200 D audio_hw_primary: disable_snd_device: snd_device(2: speaker)
08-24 21:16:05.451  9509 10177 V AudioTrack: processAudioBuffer(35): obtainBuffer(400) returned 1920 = 400 + 1520 err 0
08-24 21:16:05.451  9509 10177 V AudioTrack: processAudioBuffer(35): obtainBuffer(962) returned 1520 = 236 + 1284 err 0
08-24 21:16:05.451  9509 10177 V AudioTrack: processAudioBuffer(35): obtainBuffer(886) returned 1444 = 160 + 1284 err 0
08-24 21:16:05.451  9509 10177 V AudioTrack: start(35): prior state:STATE_ACTIVE
08-24 21:16:05.451  9509 10177 V AudioTrack: processAudioBuffer(35): obtainBuffer(726) returned 1284 = 726 + 558 err 0
08-24 21:16:05.451  9509 10177 V AudioTrack: processAudioBuffer(35): obtainBuffer(406) returned 964 = 406 + 558 err 0
08-24 21:16:05.451  9509 10177 V AudioTrack: start(35): prior state:STATE_ACTIVE
08-24 21:16:05.451  9509 10177 V AudioTrack: processAudioBuffer(35): obtainBuffer(962) returned 558 = 558 + 0 err 0
08-24 21:16:05.456   662 10200 D hardware_info: hw_info_append_hw_type : device_name = vi-feedback
08-24 21:16:05.456   662 10200 D audio_hw_primary: disable_snd_device: snd_device(185: vi-feedback)
08-24 21:16:05.456   662 10200 D msm8974_platform: platform_split_snd_device: snd_device(185) num devices(0) new_snd_devices(0)
08-24 21:16:05.456   662 10200 I soundtrigger: audio_extn_sound_trigger_update_device_status: device 0xb9 of type 1 for Event 0, with Raise=0
08-24 21:16:05.456   662 10200 D audio_hw_primary: disable_audio_route: reset and update mixer path: spkr-vi-record
08-24 21:16:05.456   662 10200 D soundtrigger: audio HAL using same device 102 as ST
08-24 21:16:05.456   662 10200 D soundtrigger: audio_extn_sound_trigger_update_stream_status: uc_info->id 50 of type 1 for Event 2, with Raise=0
08-24 21:16:05.456   662 10200 D audio_route: audio_route_update_path: skip to reset mixer control 'INT4_MI2S_RX_VI_FB_STEREO_CH_MUX' in path 'speaker-protected' because it is still needed by other paths
08-24 21:16:05.456   662 10200 D audio_route: audio_route_update_path: skip to reset mixer control 'VI_FEED_TX Channels' in path 'speaker-protected' because it is still needed by other paths
08-24 21:16:05.456   662 10200 D audio_route: audio_route_update_path: skip to reset mixer control 'SpkrRight WSA PA Mute' in path 'speaker-protected' because it is still needed by other paths
08-24 21:16:05.456   662 10200 D audio_route: audio_route_update_path: skip to reset mixer control 'SpkrLeft WSA PA Mute' in path 'speaker-protected' because it is still needed by other paths
08-24 21:16:05.456   662 10200 D audio_route: audio_route_update_path: skip to reset mixer control 'SpkrRight SWR DAC_Port Switch' in path 'speaker-protected' because it is still needed by other paths
08-24 21:16:05.456   662 10200 D audio_route: audio_route_update_path: skip to reset mixer control 'SpkrRight VISENSE Switch' in path 'speaker-protected' because it is still needed by other paths
08-24 21:16:05.456   662 10200 D audio_route: audio_route_update_path: skip to reset mixer control 'SpkrRight BOOST Switch' in path 'speaker-protected' because it is still needed by other paths
08-24 21:16:05.456   662 10200 D audio_route: audio_route_update_path: skip to reset mixer control 'SpkrRight COMP Switch' in path 'speaker-protected' because it is still needed by other paths
08-24 21:16:05.456   662 10200 D audio_route: audio_route_update_path: skip to reset mixer control 'SpkrLeft SWR DAC_Port Switch' in path 'speaker-protected' because it is still needed by other paths
08-24 21:16:05.456   662 10200 D audio_route: audio_route_update_path: skip to reset mixer control 'SpkrLeft VISENSE Switch' in path 'speaker-protected' because it is still needed by other paths
08-24 21:16:05.456   662 10200 D audio_route: audio_route_update_path: skip to reset mixer control 'SpkrLeft BOOST Switch' in path 'speaker-protected' because it is still needed by other paths
08-24 21:16:05.456   662 10200 D audio_route: audio_route_update_path: skip to reset mixer control 'SpkrLeft COMP Switch' in path 'speaker-protected' because it is still needed by other paths
08-24 21:16:05.456   662 10200 D audio_route: audio_route_update_path: skip to reset mixer control 'RX5 MIX1 INP1' in path 'speaker-protected' because it is still needed by other paths
08-24 21:16:05.456   662 10200 D audio_route: audio_route_update_path: skip to reset mixer control 'RX4 MIX1 INP1' in path 'speaker-protected' because it is still needed by other paths
08-24 21:16:05.456   662 10200 D audio_route: audio_route_update_path: skip to reset mixer control 'INT4_MI2S_RX Channels' in path 'speaker-protected' because it is still needed by other paths
08-24 21:16:05.456   662 10200 D audio_route: audio_route_update_path: skip to reset mixer control 'AIF1_VI_SDW Mixer SPKR_VI_2' in path 'speaker-protected' because it is still needed by other paths
08-24 21:16:05.456   662 10200 D audio_route: audio_route_update_path: skip to reset mixer control 'AIF1_VI_SDW Mixer SPKR_VI_1' in path 'speaker-protected' because it is still needed by other paths
08-24 21:16:05.456   662 10200 I soundtrigger: audio_extn_sound_trigger_update_device_status: device 0x2 of type 0 for Event 0, with Raise=0
08-24 21:16:05.457   662 10200 I msm8974_platform: platform_check_and_set_codec_backend_cfg:becf: afe: bitwidth 16, samplerate 16000 channels 1, backend_idx 0 usecase = 30 device (voice-speaker-stereo)
08-24 21:16:05.457   662 10200 D msm8974_platform: platform_split_snd_device: snd_device(22) num devices(1) new_snd_devices(0)
08-24 21:16:05.457   662 10200 I msm8974_platform: platform_check_and_set_codec_backend_cfg: new_snd_devices[0] is 22
08-24 21:16:05.457   662 10200 I msm8974_platform: platform_check_codec_backend_cfg:becf: afe: bitwidth 16, samplerate 16000 channels 1, backend_idx 0 usecase = 30 device (voice-speaker-stereo)
08-24 21:16:05.457   662 10200 W msm8974_platform: platform_check_codec_backend_cfg:becf: afe:Use default bw and sr for voice/voip calls 
08-24 21:16:05.457   662 10200 I msm8974_platform: platform_check_codec_backend_cfg:becf: afe: Codec selected backend: 0 updated bit width: 16 and sample rate: 48000
08-24 21:16:05.457   662 10200 D audio_hw_primary: check_usecases_codec_backend:becf: force routing 0
08-24 21:16:05.457   662 10200 D audio_hw_primary: check_usecases_codec_backend:becf: (72) check_usecases curr device: voice-speaker-stereo, usecase device:voice-speaker-stereo backends match 1
08-24 21:16:05.457   662 10200 D audio_hw_primary: check_usecases_codec_backend:becf: (72) check_usecases curr device: voice-speaker-stereo, usecase device:speaker backends match 0
08-24 21:16:05.457   662 10200 D audio_hw_primary: check_usecases_codec_backend:becf: check_usecases num.of Usecases to switch 0
08-24 21:16:05.457   662 10200 D hardware_info: hw_info_append_hw_type : device_name = voice-speaker-stereo
08-24 21:16:05.457   662 10200 D msm8974_platform: platform_split_snd_device: snd_device(22) num devices(0) new_snd_devices(0)
08-24 21:16:05.457   662 10200 I audio_hw_utils: audio_extn_utils_update_stream_output_app_type_cfg Allowing 24 and above bits playback on speaker ONLY at default sampling rate
08-24 21:16:05.457   662 10200 D audio_hw_utils: audio_extn_utils_update_stream_output_app_type_cfg: flags: 8001, format: 1 sample_rate 48000, profile , app_type 69946
08-24 21:16:05.457   662 10200 D audio_hw_primary: audio_is_true_native_stream_active:napb: (0) (low-latency-playback)id (1) sr 48000 bw (16) device voice-speaker-stereo
08-24 21:16:05.457   662 10200 D audio_hw_primary: audio_is_true_native_stream_active:napb: (1) (audio-playback-voip)id (30) sr 16000 bw (16) device voice-speaker-stereo
08-24 21:16:05.457   662 10200 E soundtrigger: audio_extn_sound_trigger_update_stream_status: invalid input device 0x0, for event 3
08-24 21:16:05.457   662 10200 D soundtrigger: audio_extn_sound_trigger_update_stream_status: uc_info->id 30 of type 0 for Event 3, with Raise=0
08-24 21:16:05.457   662 10200 D audio_hw_utils: audio_extn_utils_send_app_type_cfg: usecase->out_snd_device voice-speaker-stereo
08-24 21:16:05.457   662 10200 D msm8974_platform: platform_split_snd_device: snd_device(22) num devices(0) new_snd_devices(0)
08-24 21:16:05.458   662 10200 D audio_hw_utils: audio_extn_btsco_get_sample_rate:Not a BT SCO device, need not update sampling rate
08-24 21:16:05.458   662 10200 I audio_hw_utils: send_app_type_cfg_for_device PLAYBACK app_type 69946, acdb_dev_id 124, sample_rate 16000, snd_device_be_idx 2
08-24 21:16:05.459   662 10200 D msm8974_platform: platform_split_snd_device: snd_device(22) num devices(1) new_snd_devices(0)
08-24 21:16:05.460   662 10200 D audio_hw_utils: audio_extn_btsco_get_sample_rate:Not a BT SCO device, need not update sampling rate
08-24 21:16:05.460   662 10200 D ACDB-LOADER: ACDB -> send_audio_cal, acdb_id = 124, path = 0, app id = 0x1113a, sample rate = 16000
08-24 21:16:05.460   662 10200 D ACDB-LOADER: ACDB -> send_asm_topology
08-24 21:16:05.460   662 10200 D ACDB-LOADER: ACDB -> ACDB_CMD_GET_AUDPROC_STREAM_TOPOLOGY_ID
08-24 21:16:05.460   662 10200 D ACDB-LOADER: ACDB -> send_adm_topology
08-24 21:16:05.460   662 10200 D ACDB-LOADER: ACDB -> ACDB_CMD_GET_AUDPROC_COMMON_TOPOLOGY_ID
08-24 21:16:05.460   662 10200 D ACDB-LOADER: ACDB -> send_audtable
08-24 21:16:05.460   662 10200 D ACDB-LOADER: ACDB -> ACDB_CMD_GET_AUDPROC_COMMON_TABLE_SIZE
08-24 21:16:05.460   662 10200 D ACDB-LOADER: ACDB -> ACDB_CMD_GET_AUDPROC_COMMON_TABLE
08-24 21:16:05.460   662 10200 D ACDB-LOADER: ACDB -> AUDIO_SET_AUDPROC_CAL
08-24 21:16:05.460   662 10200 D ACDB-LOADER: ACDB -> send_audvoltable
08-24 21:16:05.460   662 10200 D ACDB-LOADER: ACDB -> ACDB_CMD_GET_AUDPROC_VOL_STEP_TABLE_SIZE
08-24 21:16:05.460   662 10200 D         : Failed to fetch the lookup information of the device 0000007C 
08-24 21:16:05.460   662 10200 E ACDB-LOADER: Error: ACDB_CMD_GET_AUDPROC_VOL_STEP_TABLE_SIZE Returned = -19
08-24 21:16:05.460   662 10200 D ACDB-LOADER: ACDB -> ACDB_CMD_GET_AUDPROC_GAIN_DEP_STEP_TABLE, vol index 1
08-24 21:16:05.460   662 10200 D ACDB-LOADER: ACDB -> AUDIO_SET_VOL_CAL cal type = 12
08-24 21:16:05.460   662 10200 D ACDB-LOADER: ACDB -> ACDB_CMD_GET_AUDPROC_STREAM_TABLE_SIZE
08-24 21:16:05.460   662 10200 D ACDB-LOADER: ACDB -> send_audstrmtable
08-24 21:16:05.460   662 10200 D ACDB-LOADER: ACDB -> ACDB_CMD_GET_AUDPROC_STREAM_TABLE_V2
08-24 21:16:05.460   662 10200 D ACDB-LOADER: ACDB -> audstrm_cal->cal_type.cal_data.cal_size = 16
08-24 21:16:05.460   662 10200 D ACDB-LOADER: ACDB -> send_afe_topology
08-24 21:16:05.460   662 10200 D ACDB-LOADER: ACDB -> ACDB_CMD_GET_AFE_TOPOLOGY_ID
08-24 21:16:05.460   662 10200 D ACDB-LOADER: ACDB -> GET_AFE_TOPOLOGY_ID for adcd_id 124, Topology Id 1025d
08-24 21:16:05.460   662 10200 D ACDB-LOADER: ACDB -> send_afe_cal
08-24 21:16:05.460  9509 10177 V AudioTrack: processAudioBuffer(35): obtainBuffer(962) returned 558 = 558 + 0 err 0
08-24 21:16:05.460   662 10200 D ACDB-LOADER: ACDB -> ACDB_CMD_GET_AFE_COMMON_TABLE_SIZE
08-24 21:16:05.460   662 10200 D         : Failed to fetch the lookup information of the device 0000007C 
08-24 21:16:05.460   662 10200 E ACDB-LOADER: Error: ACDB_CMD_GET_AFE_COMMON_TABLE_SIZE Returned = -19
08-24 21:16:05.460   662 10200 D ACDB-LOADER: ACDB -> ACDB_CMD_GET_AFE_COMMON_TABLE
08-24 21:16:05.460   662 10200 D         : Failed to fetch the lookup information of the device 0000007C 
08-24 21:16:05.460   662 10200 E ACDB-LOADER: Error: ACDB AFE returned = -19
08-24 21:16:05.460   662 10200 D ACDB-LOADER: ACDB -> AUDIO_SET_AFE_CAL
08-24 21:16:05.460  9509 10177 V AudioTrack: processAudioBuffer(35): obtainBuffer(888) returned 484 = 484 + 0 err 0
08-24 21:16:05.460   662 10200 D ACDB-LOADER: ACDB -> send_hw_delay : acdb_id = 124 path = 0
08-24 21:16:05.460   662 10200 D ACDB-LOADER: ACDB -> ACDB_AVSYNC_INFO: ACDB_CMD_GET_DEVICE_PROPERTY
08-24 21:16:05.460   662 10200 D msm8974_platform: platform_split_snd_device: snd_device(22) num devices(0) new_snd_devices(0)
08-24 21:16:05.460   662 10200 I msm8974_platform: platform_get_custom_mtmx_params: no matching param with id 0 ip_ch 1 op_ch 2 uc_id 30 snd_dev 22
08-24 21:16:05.460  9509 10177 V AudioTrack: start(35): prior state:STATE_ACTIVE
08-24 21:16:05.460   662 10200 D audio_hw_primary: enable_audio_route: apply mixer and update path: audio-playback-voip
08-24 21:16:05.460  9509 10177 V AudioTrack: processAudioBuffer(35): obtainBuffer(408) returned 4 = 4 + 0 err 0
08-24 21:16:05.460  9509 10177 V AudioTrack: start(35): prior state:STATE_ACTIVE
08-24 21:16:05.460   662 10200 D audio_route: Apply path: audio-playback-voip
08-24 21:16:05.460  9509 10177 V AudioTrack: processAudioBuffer(35): obtainBuffer(404) returned 0 = 0 + 0 err -11
08-24 21:16:05.477     0     0 E adm_callback: cmd = 0x10328 returned error = 0x2
08-24 21:16:05.477     0     0 E adm_apr_send_pkt: DSP returned error[ADSP_EBADPARAM]
08-24 21:16:05.484   662 10200 D audio_hw_primary: select_devices: done
08-24 21:16:05.485   662 10193 D audio_hw_primary: NS enable 1
08-24 21:16:05.487   662 10201 D audio_hw_primary: start_input_stream: enter: stream(0xf6afa400)usecase(27: low-latency-record)
08-24 21:16:05.487   662 10201 D audio_hw_primary: start_input_stream:youkai rate(48000) format(0), channels 1
08-24 21:16:05.488   662 10201 D audio_hw_primary: select_devices for use case (low-latency-record)
08-24 21:16:05.488   662 10201 D audio_hw_primary: select_devices: changing use case low-latency-record input device from(0: , acdb -1) to (131: speaker-dmic-endfire, acdb 43)
08-24 21:16:05.488   662 10201 I msm8974_platform: platform_check_and_set_capture_codec_backend_cfg:txbecf: afe: bitwidth 16, samplerate 48000, channel 1 format 1, backend_idx 7 usecase = 27 device (speaker-dmic-endfire)
08-24 21:16:05.488   662 10201 I msm8974_platform: platform_check_capture_codec_backend_cfg:txbecf: afe: Codec selected backend: 7 current bit width: 16 and sample rate: 48000, channels 1 format 1
08-24 21:16:05.488   662 10201 W msm8974_platform: platform_check_capture_codec_backend_cfg:txbecf: afe: Use default bw and sr for voice/voip calls and for unprocessed/camera source
08-24 21:16:05.488   662 10201 I msm8974_platform: platform_check_capture_codec_backend_cfg:txbecf: afe: current backend bit_width 16 sample_rate 48000 channels 1, format 0
08-24 21:16:05.488   662 10201 I msm8974_platform: platform_check_capture_codec_backend_cfg:txbecf: afe: Codec backend needs to be updated. new bit width: 16 new sample rate: 48000 new channel: 1 new format: 1
08-24 21:16:05.488   662 10201 I msm8974_platform: platform_set_codec_backend_cfg:becf: afe: bitwidth 16, samplerate 48000 channels 1 format 1, backend_idx 7 device (speaker-dmic-endfire)
08-24 21:16:05.488   662 10201 D audio_hw_primary: check_usecases_capture_codec_backend:becf: force routing 0
08-24 21:16:05.488   662 10201 D hardware_info: hw_info_append_hw_type : device_name = speaker-dmic-endfire
08-24 21:16:05.488   662 10201 D msm8974_platform: platform_split_snd_device: snd_device(131) num devices(0) new_snd_devices(0)
08-24 21:16:05.488   662 10201 D audio_hw_primary: enable_snd_device: snd_device(131: speaker-dmic-endfire)
08-24 21:16:05.488   662 10201 I soundtrigger: audio_extn_sound_trigger_update_device_status: device 0x83 of type 1 for Event 1, with Raise=1
08-24 21:16:05.488   662 10201 I sound_trigger_platform: platform_stdev_check_and_update_concurrency: Received DEVICE event, event type 1
08-24 21:16:05.488   662 10201 D sound_trigger_platform: platform_stdev_check_and_update_concurrency: dedicated path 0, reset backend 1, tx 1, rx 0,concurrency session not allowed
08-24 21:16:05.488   662 10201 D audio_route: Apply path: speaker-dmic-endfire
08-24 21:16:05.489   662 10195 D msm8974_platform: platform_split_snd_device: snd_device(22) num devices(0) new_snd_devices(0)
08-24 21:16:05.489   662 10195 I msm8974_platform: platform_get_custom_mtmx_params: no matching param with id 0 ip_ch 1 op_ch 2 uc_id 30 snd_dev 22
08-24 21:16:05.494   662 10201 W audio_hw_utils: audio_extn_utils_update_stream_input_app_type_cfg: App type could not be selected. Falling back to default
08-24 21:16:05.495   662 10201 D sound_trigger_hw: handle_audio_ec_ref_enabled: Enter
08-24 21:16:05.495   662 10201 D sound_trigger_hw: handle_audio_ec_ref_enabled: Exit audio ec ref=1
08-24 21:16:05.495   662 10201 D soundtrigger: audio_extn_sound_trigger_update_ec_ref_status: update audio echo ref status true
08-24 21:16:05.495   662 10201 D audio_route: Apply path: echo-reference-voip
08-24 21:16:05.497   662 10201 D msm8974_platform: platform_set_echo_reference: enabling echo-reference-voip
08-24 21:16:05.497   662 10201 D soundtrigger: audio_extn_sound_trigger_update_stream_status: uc_info->id 27 of type 1 for Event 3, with Raise=1
08-24 21:16:05.497   662 10201 D soundtrigger: audio_extn_sound_trigger_update_stream_status: send event 13: usecase id 27, type 1
08-24 21:16:05.497   662 10201 I sound_trigger_platform: platform_stdev_check_and_update_concurrency: Received STREAM event, event type 13, usecase type 1
08-24 21:16:05.497   662 10201 D sound_trigger_platform: platform_stdev_check_and_update_concurrency: dedicated path 0, reset backend 1, tx 1, rx 0,concurrency session not allowed
08-24 21:16:05.497   662 10201 D audio_hw_utils: audio_extn_utils_send_app_type_cfg: usecase->in_snd_device speaker-dmic-endfire
08-24 21:16:05.497   662 10201 D msm8974_platform: platform_split_snd_device: snd_device(131) num devices(0) new_snd_devices(0)
08-24 21:16:05.499   662 10201 D audio_hw_utils: audio_extn_btsco_get_sample_rate:Not a BT SCO device, need not update sampling rate
08-24 21:16:05.499   662 10201 I audio_hw_utils: send_app_type_cfg_for_device CAPTURE app_type 69938, acdb_dev_id 43, sample_rate 48000, snd_device_be_idx 153
08-24 21:16:05.500   662 10201 D msm8974_platform: platform_split_snd_device: snd_device(131) num devices(1) new_snd_devices(0)
08-24 21:16:05.500   662 10201 D audio_hw_utils: audio_extn_btsco_get_sample_rate:Not a BT SCO device, need not update sampling rate
08-24 21:16:05.500   662 10201 D ACDB-LOADER: ACDB -> send_audio_cal, acdb_id = 43, path = 1, app id = 0x11132, sample rate = 48000
08-24 21:16:05.500   662 10201 D ACDB-LOADER: ACDB -> send_asm_topology
08-24 21:16:05.500   662 10201 D ACDB-LOADER: ACDB -> ACDB_CMD_GET_AUDPROC_STREAM_TOPOLOGY_ID
08-24 21:16:05.500   662 10201 D ACDB-LOADER: ACDB -> send_adm_topology
08-24 21:16:05.500   662 10201 D ACDB-LOADER: ACDB -> ACDB_CMD_GET_AUDPROC_COMMON_TOPOLOGY_ID
08-24 21:16:05.500   662 10201 D ACDB-LOADER: ACDB -> send_audtable
08-24 21:16:05.500   662 10201 D ACDB-LOADER: ACDB -> ACDB_CMD_GET_AUDPROC_COMMON_TABLE_SIZE
08-24 21:16:05.500   662 10201 D ACDB-LOADER: ACDB -> ACDB_CMD_GET_AUDPROC_COMMON_TABLE
08-24 21:16:05.500   662 10201 D ACDB-LOADER: ACDB -> AUDIO_SET_AUDPROC_CAL
08-24 21:16:05.500   662 10201 D ACDB-LOADER: ACDB -> send_audvoltable
08-24 21:16:05.500   662 10201 D ACDB-LOADER: ACDB -> ACDB_CMD_GET_AUDPROC_VOL_STEP_TABLE_SIZE
08-24 21:16:05.500   662 10201 D ACDB-LOADER: ACDB -> ACDB_CMD_GET_AUDPROC_GAIN_DEP_STEP_TABLE, vol index 0
08-24 21:16:05.500   662 10201 D         : Failed to fetch the lookup information of the device 0000002B 
08-24 21:16:05.500   662 10201 E ACDB-LOADER: Error: ACDB AudProc vol returned = -19
08-24 21:16:05.500   662 10201 D ACDB-LOADER: ACDB -> AUDIO_SET_VOL_CAL cal type = 12
08-24 21:16:05.500   662 10201 D ACDB-LOADER: ACDB -> ACDB_CMD_GET_AUDPROC_STREAM_TABLE_SIZE
08-24 21:16:05.500   662 10201 D ACDB-LOADER: ACDB -> send_audstrmtable
08-24 21:16:05.500   662 10201 D ACDB-LOADER: ACDB -> ACDB_CMD_GET_AUDPROC_STREAM_TABLE_V2
08-24 21:16:05.500   662 10201 D ACDB-LOADER: ACDB -> audstrm_cal->cal_type.cal_data.cal_size = 16
08-24 21:16:05.500   662 10201 D ACDB-LOADER: ACDB -> send_afe_topology
08-24 21:16:05.500   662 10201 D ACDB-LOADER: ACDB -> ACDB_CMD_GET_AFE_TOPOLOGY_ID
08-24 21:16:05.500   662 10201 D ACDB-LOADER: ACDB -> GET_AFE_TOPOLOGY_ID for adcd_id 43, Topology Id 112fb
08-24 21:16:05.500   662 10201 D ACDB-LOADER: ACDB -> send_afe_cal
08-24 21:16:05.500   662 10201 D ACDB-LOADER: ACDB -> ACDB_CMD_GET_AFE_COMMON_TABLE_SIZE
08-24 21:16:05.500   662 10201 D         : Failed to fetch the lookup information of the device 0000002B 
08-24 21:16:05.500   662 10201 E ACDB-LOADER: Error: ACDB_CMD_GET_AFE_COMMON_TABLE_SIZE Returned = -19
08-24 21:16:05.500   662 10201 D ACDB-LOADER: ACDB -> ACDB_CMD_GET_AFE_COMMON_TABLE
08-24 21:16:05.500   662 10201 D         : Failed to fetch the lookup information of the device 0000002B 
08-24 21:16:05.500   662 10201 E ACDB-LOADER: Error: ACDB AFE returned = -19
08-24 21:16:05.500   662 10201 D ACDB-LOADER: ACDB -> AUDIO_SET_AFE_CAL
08-24 21:16:05.500   662 10201 D ACDB-LOADER: ACDB -> send_hw_delay : acdb_id = 43 path = 1
08-24 21:16:05.500   662 10201 D ACDB-LOADER: ACDB -> ACDB_AVSYNC_INFO: ACDB_CMD_GET_DEVICE_PROPERTY
08-24 21:16:05.500   662 10201 D audio_hw_primary: enable_audio_route: apply mixer and update path: low-latency-record
08-24 21:16:05.501   662 10201 D audio_route: Apply path: low-latency-record
08-24 21:16:05.501  9509 10177 V AudioTrack: processAudioBuffer(35): obtainBuffer(404) returned 1920 = 404 + 1516 err 0
08-24 21:16:05.501  9509 10177 V AudioTrack: processAudioBuffer(35): obtainBuffer(962) returned 1516 = 360 + 1156 err 0
08-24 21:16:05.501  9509 10177 V AudioTrack: processAudioBuffer(35): obtainBuffer(890) returned 1444 = 288 + 1156 err 0
08-24 21:16:05.501  9509 10177 V AudioTrack: start(35): prior state:STATE_ACTIVE
08-24 21:16:05.501  9509 10177 V AudioTrack: processAudioBuffer(35): obtainBuffer(602) returned 1156 = 602 + 554 err 0
08-24 21:16:05.501  9509 10177 V AudioTrack: processAudioBuffer(35): obtainBuffer(410) returned 964 = 410 + 554 err 0
08-24 21:16:05.501  9509 10177 V AudioTrack: start(35): prior state:STATE_ACTIVE
08-24 21:16:05.501  9509 10177 V AudioTrack: processAudioBuffer(35): obtainBuffer(962) returned 554 = 554 + 0 err 0
08-24 21:16:05.503   662 10201 D audio_hw_primary: select_devices: done
08-24 21:16:05.503   662 10201 D audio_hw_primary: start_input_stream: Opening PCM device card_id(0) device_id(17), channels 1
08-24 21:16:05.504     0     0 I         : snd_pcm_hw_constraint_integer failed
08-24 21:16:05.504     0     0 I msm_pcm_open: C buffer bytes minmax constraint ret 1
08-24 21:16:05.510  9509 10177 V AudioTrack: processAudioBuffer(35): obtainBuffer(962) returned 554 = 554 + 0 err 0
08-24 21:16:05.510  9509 10177 V AudioTrack: processAudioBuffer(35): obtainBuffer(892) returned 484 = 484 + 0 err 0
08-24 21:16:05.510  9509 10177 V AudioTrack: start(35): prior state:STATE_ACTIVE
08-24 21:16:05.510  9509 10177 V AudioTrack: processAudioBuffer(35): obtainBuffer(412) returned 4 = 4 + 0 err 0
08-24 21:16:05.510  9509 10177 V AudioTrack: start(35): prior state:STATE_ACTIVE
08-24 21:16:05.510  9509 10177 V AudioTrack: processAudioBuffer(35): obtainBuffer(408) returned 0 = 0 + 0 err -11
08-24 21:16:05.545     0     0 E         : send_afe_cal_type cal_block not found!!
08-24 21:16:05.547  9509 10177 V AudioTrack: processAudioBuffer(35): obtainBuffer(408) returned 1920 = 408 + 1512 err 0
08-24 21:16:05.547  9509 10177 V AudioTrack: processAudioBuffer(35): obtainBuffer(962) returned 1512 = 484 + 1028 err 0
08-24 21:16:05.547  9509 10177 V AudioTrack: processAudioBuffer(35): obtainBuffer(894) returned 1444 = 416 + 1028 err 0
08-24 21:16:05.547  9509 10177 V AudioTrack: start(35): prior state:STATE_ACTIVE
08-24 21:16:05.547  9509 10177 V AudioTrack: processAudioBuffer(35): obtainBuffer(478) returned 1028 = 478 + 550 err 0
08-24 21:16:05.547  9509 10177 V AudioTrack: processAudioBuffer(35): obtainBuffer(414) returned 964 = 414 + 550 err 0
08-24 21:16:05.547  9509 10177 V AudioTrack: start(35): prior state:STATE_ACTIVE
08-24 21:16:05.547  9509 10177 V AudioTrack: processAudioBuffer(35): obtainBuffer(962) returned 550 = 550 + 0 err 0
08-24 21:16:05.554     0     0 E qcom-lpi-pinctrl 15070000.lpi_pinctrl: lpi_pinctrl_runtime_resume: unable to get core clk handle -2
08-24 21:16:05.556  9509 10177 V AudioTrack: processAudioBuffer(35): obtainBuffer(962) returned 550 = 550 + 0 err 0
08-24 21:16:05.556  9509 10177 V AudioTrack: processAudioBuffer(35): obtainBuffer(896) returned 484 = 484 + 0 err 0
08-24 21:16:05.556  9509 10177 V AudioTrack: start(35): prior state:STATE_ACTIVE
08-24 21:16:05.556  9509 10177 V AudioTrack: processAudioBuffer(35): obtainBuffer(416) returned 4 = 4 + 0 err 0
08-24 21:16:05.556  9509 10177 V AudioTrack: start(35): prior state:STATE_ACTIVE
08-24 21:16:05.556  9509 10177 V AudioTrack: processAudioBuffer(35): obtainBuffer(412) returned 0 = 0 + 0 err -11
08-24 21:16:05.560   662 10201 D audio_hw_primary: start_input_stream: exit
08-24 21:16:05.570   932 10188 V NuPlayerRenderer: onDrainAudioQueue: rendering audio at media time 3.07 secs
08-24 21:16:05.570  9509  9991 I CL--1397629616:M2CALL: bj: Slimcore onObjectPropertyChangeWithValue, CMEMBER_STATUS, i=104
08-24 21:16:05.570   932 10188 V AudioSink: getPlayedOutDurationUs(2697718) nowUs(55985268555) frames(42880) framesAt(55985250837)
08-24 21:16:05.571   932 10188 V NuPlayerRenderer: onDrainAudioQueue: rendering audio at media time 3.14 secs
08-24 21:16:05.571   932 10184 V NuPlayer: kWhatMediaClockNotify
08-24 21:16:05.571   932 10188 V NuPlayerRenderer: onDrainAudioQueue: rendering audio at media time 3.20 secs
08-24 21:16:05.571   932 10188 V NuPlayerRenderer: AudioSink write short frame count 1280 < 2048
08-24 21:16:05.571   932 10184 V NuPlayerDriver: notifyListener_l(0xf455d2c0), (211, 0, 0, 20), loop setting(0, 1)
08-24 21:16:05.571   932 10189 V NuPlayerDecoder: [OMX.google.aac.decoder] onMessage: AMessage(what = 'rndr', target = 64) = {
08-24 21:16:05.571   932 10189 V NuPlayerDecoder:   size_t buffer-ix = 3
08-24 21:16:05.571   932 10189 V NuPlayerDecoder:   int32_t generation = 1
08-24 21:16:05.571   932 10189 V NuPlayerDecoder:   size_t size = 2048
08-24 21:16:05.571   932 10189 V NuPlayerDecoder: }
08-24 21:16:05.571   932 10184 V MediaPlayerService: [14] notify (211, 0, 0)
08-24 21:16:05.571   932 10190 V ACodec  : [OMX.google.aac.decoder] calling fillBuffer 12
08-24 21:16:05.571   932 10189 V NuPlayerDecoder: [OMX.google.aac.decoder] onMessage: AMessage(what = 'rndr', target = 64) = {
08-24 21:16:05.571   932 10189 V NuPlayerDecoder:   size_t buffer-ix = 0
08-24 21:16:05.571   932 10189 V NuPlayerDecoder:   int32_t generation = 1
08-24 21:16:05.571   932 10189 V NuPlayerDecoder:   size_t size = 2048
08-24 21:16:05.571   932 10189 V NuPlayerDecoder: }
08-24 21:16:05.571  9509  9527 V MediaPlayerNative: message received msg=211, ext1=0, ext2=0
08-24 21:16:05.571  9509  9527 V MediaPlayerNative: unrecognized message: (211, 0, 0)
08-24 21:16:05.571  9509  9527 V MediaPlayerNative: callback application
08-24 21:16:05.572   932 10190 V ACodec  : [OMX.google.aac.decoder] calling fillBuffer 9
08-24 21:16:05.572  9509  9527 V MediaPlayerNative: back from callback
08-24 21:16:05.572   932 10189 V NuPlayerDecoder: [OMX.google.aac.decoder] onMessage: AMessage(what = 'rndr', target = 64) = {
08-24 21:16:05.572   932 10189 V NuPlayerDecoder:   size_t buffer-ix = 1
08-24 21:16:05.572   932 10189 V NuPlayerDecoder:   int32_t generation = 1
08-24 21:16:05.572   932 10189 V NuPlayerDecoder:   size_t size = 2048
08-24 21:16:05.572   932 10189 V NuPlayerDecoder: }
08-24 21:16:05.572   932 10190 V ACodec  : [OMX.google.aac.decoder] calling fillBuffer 10
08-24 21:16:05.573   932 10190 V ACodec  : [OMX.google.aac.decoder] onOMXEmptyBufferDone 3
08-24 21:16:05.573   932 10189 V NuPlayerDecoder: [OMX.google.aac.decoder] onMessage: AMessage(what = 'cdcN', target = 64) = {
08-24 21:16:05.573   932 10189 V NuPlayerDecoder:   int32_t callbackID = 1
08-24 21:16:05.573   932 10189 V NuPlayerDecoder:   int32_t index = 2
08-24 21:16:05.573   932 10189 V NuPlayerDecoder: }
08-24 21:16:05.573   932 10189 V NuPlayerDecoder: [audio] kWhatCodecNotify: cbID = 1, paused = 0
08-24 21:16:05.573   932 10190 V ACodec  : [OMX.google.aac.decoder] calling emptyBuffer 3 w/ time 3648000 us
08-24 21:16:05.573  9509  9991 I CL--1397629616:M2CALL: bj: Slimcore onObjectPropertyChangeWithValue, CMEMBER_ACCEPTED_BY, i=104
08-24 21:16:05.573  9509  9979 I pool-6-thread-1:M2CALL: bj: onObjectPropertyChangeWithValueImpl, object type: CALLMEMBER PropKey CMEMBER_STATUS
08-24 21:16:05.573   932 10190 V ACodec  : [OMX.google.aac.decoder] onOMXFillBufferDone 12 time 3264000 us, flags = 0x00000000
08-24 21:16:05.574   932 10190 V MediaCodec: -- Looking at startdata. presentation 3264000, start 55984764564788
08-24 21:16:05.574   932 10190 V MediaCodec: -- match entry for 3264000, hits our frame of 3264000
08-24 21:16:05.574   932 10189 V NuPlayerDecoder: [OMX.google.aac.decoder] onMessage: AMessage(what = 'cdcN', target = 64) = {
08-24 21:16:05.574   932 10189 V NuPlayerDecoder:   int32_t callbackID = 2
08-24 21:16:05.574   932 10189 V NuPlayerDecoder:   int32_t index = 3
08-24 21:16:05.574   932 10189 V NuPlayerDecoder:   size_t offset = 0
08-24 21:16:05.574   932 10189 V NuPlayerDecoder:   size_t size = 2048
08-24 21:16:05.574   932 10189 V NuPlayerDecoder:   int64_t timeUs = 3264000
08-24 21:16:05.574   932 10189 V NuPlayerDecoder:   int32_t flags = 0
08-24 21:16:05.574   932 10189 V NuPlayerDecoder: }
08-24 21:16:05.574   932 10189 V NuPlayerDecoder: [audio] kWhatCodecNotify: cbID = 2, paused = 0
08-24 21:16:05.574   932 10190 V ACodec  : [OMX.google.aac.decoder] onOMXEmptyBufferDone 4
08-24 21:16:05.574   932 10190 V ACodec  : [OMX.google.aac.decoder] onOMXFillBufferDone 9 time 3328000 us, flags = 0x00000000
08-24 21:16:05.575   932 10190 V ACodec  : [OMX.google.aac.decoder] onOMXEmptyBufferDone 1
08-24 21:16:05.575   932 10190 V ACodec  : [OMX.google.aac.decoder] onOMXFillBufferDone 10 time 3392000 us, flags = 0x00000000
08-24 21:16:05.575  9509  9979 I pool-6-thread-1:M2CALL: bj: onObjectPropertyChangeWithValue onNext: null
08-24 21:16:05.575   932 10190 V MediaCodec: -- Looking at startdata. presentation 3328000, start 55984765102028
08-24 21:16:05.575   932 10190 V MediaCodec: -- match entry for 3328000, hits our frame of 3328000
08-24 21:16:05.575   932 10189 V NuPlayerDecoder: [OMX.google.aac.decoder] onMessage: AMessage(what = 'cdcN', target = 64) = {
08-24 21:16:05.575   932 10189 V NuPlayerDecoder:   int32_t callbackID = 1
08-24 21:16:05.575   932 10189 V NuPlayerDecoder:   int32_t index = 3
08-24 21:16:05.575   932 10189 V NuPlayerDecoder: }
08-24 21:16:05.575   932 10190 V MediaCodec: -- Looking at startdata. presentation 3392000, start 55985017365726
08-24 21:16:05.575   932 10190 V MediaCodec: -- match entry for 3392000, hits our frame of 3392000
08-24 21:16:05.575   932 10189 V NuPlayerDecoder: [audio] kWhatCodecNotify: cbID = 1, paused = 0
08-24 21:16:05.575   932 10190 V ACodec  : [OMX.google.aac.decoder] calling emptyBuffer 4 w/ time 3712000 us
08-24 21:16:05.575   932 10189 V NuPlayerDecoder: [OMX.google.aac.decoder] onMessage: AMessage(what = 'cdcN', target = 64) = {
08-24 21:16:05.575   932 10189 V NuPlayerDecoder:   int32_t callbackID = 2
08-24 21:16:05.575   932 10189 V NuPlayerDecoder:   int32_t index = 0
08-24 21:16:05.575   932 10189 V NuPlayerDecoder:   size_t offset = 0
08-24 21:16:05.575   932 10189 V NuPlayerDecoder:   size_t size = 2048
08-24 21:16:05.575   932 10189 V NuPlayerDecoder:   int64_t timeUs = 3328000
08-24 21:16:05.575   932 10189 V NuPlayerDecoder:   int32_t flags = 0
08-24 21:16:05.575   932 10189 V NuPlayerDecoder: }
08-24 21:16:05.575   932 10189 V NuPlayerDecoder: [audio] kWhatCodecNotify: cbID = 2, paused = 0
08-24 21:16:05.575   932 10189 V NuPlayerDecoder: [OMX.google.aac.decoder] onMessage: AMessage(what = 'cdcN', target = 64) = {
08-24 21:16:05.575   932 10189 V NuPlayerDecoder:   int32_t callbackID = 1
08-24 21:16:05.575   932 10189 V NuPlayerDecoder:   int32_t index = 0
08-24 21:16:05.575   932 10189 V NuPlayerDecoder: }
08-24 21:16:05.575   932 10189 V NuPlayerDecoder: [audio] kWhatCodecNotify: cbID = 1, paused = 0
08-24 21:16:05.576   932 10190 V MediaCodec: presentation time: 0
08-24 21:16:05.576   932 10190 V ACodec  : [OMX.google.aac.decoder] calling emptyBuffer 1 w/ EOS
08-24 21:16:05.576   932 10189 V NuPlayerDecoder: [OMX.google.aac.decoder] onMessage: AMessage(what = 'cdcN', target = 64) = {
08-24 21:16:05.576   932 10189 V NuPlayerDecoder:   int32_t callbackID = 2
08-24 21:16:05.576   932 10189 V NuPlayerDecoder:   int32_t index = 1
08-24 21:16:05.576   932 10189 V NuPlayerDecoder:   size_t offset = 0
08-24 21:16:05.576   932 10189 V NuPlayerDecoder:   size_t size = 2048
08-24 21:16:05.576   932 10189 V NuPlayerDecoder:   int64_t timeUs = 3392000
08-24 21:16:05.576   932 10189 V NuPlayerDecoder:   int32_t flags = 0
08-24 21:16:05.576   932 10189 V NuPlayerDecoder: }
08-24 21:16:05.576   932 10189 V NuPlayerDecoder: [audio] kWhatCodecNotify: cbID = 2, paused = 0
08-24 21:16:05.576   932 10190 V ACodec  : [OMX.google.aac.decoder] Signalled EOS (-1011) on the input port
08-24 21:16:05.578  9509  9991 I CL--1397629616:M2CALL: bj: Slimcore onObjectPropertyChangeWithValue, CALL_ACTIVE_MEMBERS, i=103
08-24 21:16:05.579  9509  9991 I CL--1397629616:M2CALL: bj: Slimcore onObjectPropertyChangeWithValue, CMEMBER_IS_SERVER_MUTED, i=104
08-24 21:16:05.579  9509  9991 I CL--1397629616:M2CALL: bj: Slimcore onObjectPropertyChangeWithValue, CALL_STATUS, i=103
08-24 21:16:05.580  9509  9979 I pool-6-thread-1:M2CALL: bj: onObjectPropertyChangeWithValue onCompletedImpl
08-24 21:16:05.580  9509  9991 I CL--1397629616:M2CALL: bj: Slimcore onObjectPropertyChangeWithValue, CALL_DATACHANNEL_OBJECT_ID, i=103
08-24 21:16:05.581  9509  9991 I CL--1397629616:M2CALL: bj: Slimcore onObjectPropertyChangeWithValue, DATACHANNEL_STATUS, i=105
08-24 21:16:05.581  9509  9991 I CL--1397629616:M2CALL: bj: Slimcore onObjectPropertyChangeWithValue, CALL_IS_SERVER_MUTED, i=103
08-24 21:16:05.582  9509  9979 I pool-6-thread-1:M2CALL: bj: onCallMemberPropertyChanged onNext: com.skype.CallHandlerImpl@66
08-24 21:16:05.582  9509  9979 I pool-6-thread-1:M2CALL: bj: onCallMemberPropertyChanged onCompletedImpl
08-24 21:16:05.582  9509  9979 I pool-6-thread-1:M2CALL: bj: onObjectPropertyChangeWithValueImpl, object type: CALLMEMBER PropKey CMEMBER_ACCEPTED_BY
08-24 21:16:05.583  9509  9979 I pool-6-thread-1:M2CALL: bj: onObjectPropertyChangeWithValue onNext: null
08-24 21:16:05.583  9509  9979 I pool-6-thread-1:M2CALL: bj: onObjectPropertyChangeWithValue onCompletedImpl
08-24 21:16:05.583  9509  9979 I pool-6-thread-1:M2CALL: bj: onObjectPropertyChangeWithValueImpl, object type: CALL PropKey CALL_ACTIVE_MEMBERS
08-24 21:16:05.583  9509  9979 I pool-6-thread-1:M2CALL: bj: onObjectPropertyChangeWithValue onNext: null
08-24 21:16:05.584  9509  9979 I pool-6-thread-1:M2CALL: bj: onObjectPropertyChangeWithValue onCompletedImpl
08-24 21:16:05.584  9509  9979 I pool-6-thread-1:M2CALL: bj: onObjectPropertyChangeWithValueImpl, object type: CALLMEMBER PropKey CMEMBER_IS_SERVER_MUTED
08-24 21:16:05.584  9509  9979 I pool-6-thread-1:M2CALL: bj: onObjectPropertyChangeWithValue onNext: null
08-24 21:16:05.584  9509  9979 I pool-6-thread-1:M2CALL: bj: onObjectPropertyChangeWithValue onCompletedImpl
08-24 21:16:05.584  9509 10197 V AudioRecord: processAudioBuffer(41): obtainBuffer(192) returned 192 = 192 + 0 err 0
08-24 21:16:05.584  9509  9979 I pool-6-thread-1:M2CALL: bj: onObjectPropertyChangeWithValueImpl, object type: CALL PropKey CALL_STATUS
08-24 21:16:05.585  9509  9979 I pool-6-thread-1:M2CALL: bj: onObjectPropertyChangeWithValue onNext: null
08-24 21:16:05.585  9509  9979 I pool-6-thread-1:M2CALL: bj: onObjectPropertyChangeWithValue onCompletedImpl
08-24 21:16:05.585  9509  9979 I pool-6-thread-1:M2CALL: bj: onObjectPropertyChangeWithValueImpl, object type: CALL PropKey CALL_DATACHANNEL_OBJECT_ID
08-24 21:16:05.586  9509  9979 I pool-6-thread-1:M2CALL: bj: onObjectPropertyChangeWithValue onNext: null
08-24 21:16:05.586  9509  9979 I pool-6-thread-1:M2CALL: bj: onObjectPropertyChangeWithValue onCompletedImpl
08-24 21:16:05.586  9509  9979 I pool-6-thread-1:M2CALL: bj: onObjectPropertyChangeWithValueImpl, object type: CALL PropKey CALL_IS_SERVER_MUTED
08-24 21:16:05.586  9509  9979 I pool-6-thread-1:M2CALL: bj: onObjectPropertyChangeWithValue onNext: null
08-24 21:16:05.587  9509  9979 I pool-6-thread-1:M2CALL: bj: onObjectPropertyChangeWithValue onCompletedImpl
08-24 21:16:05.588  9509  9979 I pool-6-thread-1:M2CALL: t: CallMember event onNext: com.skype.calling.i@be4e025
08-24 21:16:05.588  9509  9509 I main:M2CALL: t:0dc20143-e55e-483e-b584-b9e2d531643a: callMember status changed:INPROGRESS
08-24 21:16:05.589  9509  9979 I pool-6-thread-1:M2CALL: bj: onCallPropertyChange CALL_CONNECTED callObjectId = 103 Topic:  CallDirection: OUT Isconf: false Propkey: CALL_ACTIVE_MEMBERSCallForwardingDestination: UNKNOWN
08-24 21:16:05.589  9509  9979 I pool-6-thread-1:M2CALL: bj: onCallPropertyChanged onNext: com.skype.CallHandlerImpl@66
08-24 21:16:05.589  9509  9979 I pool-6-thread-1:M2CALL: bj: onCallPropertyChanged onCompletedImpl
08-24 21:16:05.590  9509  9979 I pool-6-thread-1:M2CALL: bj: onCallPropertyChanged onNext: com.skype.CallHandlerImpl@66
08-24 21:16:05.590  9509  9979 I pool-6-thread-1:M2CALL: bj: onCallPropertyChanged onCompletedImpl
08-24 21:16:05.590  9509  9979 I pool-6-thread-1:M2CALL: bj: onCallPropertyChange CALL_CONNECTED callObjectId = 103 Topic:  CallDirection: OUT Isconf: false Propkey: CALL_DATACHANNEL_OBJECT_IDCallForwardingDestination: UNKNOWN
08-24 21:16:05.590  9509 10177 V AudioTrack: processAudioBuffer(35): obtainBuffer(412) returned 1920 = 412 + 1508 err 0
08-24 21:16:05.590  9509 10177 V AudioTrack: processAudioBuffer(35): obtainBuffer(962) returned 1508 = 608 + 900 err 0
08-24 21:16:05.590  9509 10177 V AudioTrack: processAudioBuffer(35): obtainBuffer(898) returned 1444 = 544 + 900 err 0
08-24 21:16:05.590  9509 10177 V AudioTrack: start(35): prior state:STATE_ACTIVE
08-24 21:16:05.590  9509  9979 I pool-6-thread-1:M2CALL: bj: onCallPropertyChanged onNext: com.skype.CallHandlerImpl@66
08-24 21:16:05.591  9509 10177 V AudioTrack: processAudioBuffer(35): obtainBuffer(418) returned 964 = 64 + 900 err 0
08-24 21:16:05.591  9509 10177 V AudioTrack: start(35): prior state:STATE_ACTIVE
08-24 21:16:05.591  9509  9979 I pool-6-thread-1:M2CALL: bj: onCallPropertyChanged onCompletedImpl
08-24 21:16:05.591  9509 10177 V AudioTrack: processAudioBuffer(35): obtainBuffer(354) returned 900 = 354 + 546 err 0
08-24 21:16:05.591  9509 10177 V AudioTrack: processAudioBuffer(35): obtainBuffer(962) returned 546 = 546 + 0 err 0
08-24 21:16:05.591  9509  9979 I pool-6-thread-1:M2CALL: bj: onCallPropertyChange CALL_CONNECTED callObjectId = 103 Topic:  CallDirection: OUT Isconf: false Propkey: CALL_IS_SERVER_MUTEDCallForwardingDestination: UNKNOWN
08-24 21:16:05.591  9509  9979 I pool-6-thread-1:M2CALL: bj: onCallPropertyChanged onNext: com.skype.CallHandlerImpl@66
08-24 21:16:05.591  9509  9979 I pool-6-thread-1:M2CALL: bj: onCallPropertyChanged onCompletedImpl
08-24 21:16:05.592  9509  9979 I pool-6-thread-1:M2CALL: t: createCallIfAbsent for callID: 0dc20143-e55e-483e-b584-b9e2d531643a callobjID: 103 calltype: CALL_AUDIO_OUT
08-24 21:16:05.592  9509  9979 I pool-6-thread-1:M2CALL: b:com.skype.calling.b@67d93e9: setCallState:CALL_CONNECTED
08-24 21:16:05.592  9509  9979 I pool-6-thread-1:M2CALL: b:com.skype.calling.b@67d93e9: setCallState: update applied:CALL_CONNECTED
08-24 21:16:05.593  9509  9979 I pool-6-thread-1:M2CALL: s: observing calls onNext: CALL_CONNECTED
08-24 21:16:05.593  9509  9979 I pool-6-thread-1:M2CALL: br: on outgoing call onNext: CALL_CONNECTED
08-24 21:16:05.594  9509  9979 I pool-6-thread-1:M2CALL: f: call state change state:CALL_CONNECTED callID: 0dc20143-e55e-483e-b584-b9e2d531643a
08-24 21:16:05.594  9509  9979 I pool-6-thread-1:M2CALL: f:stopAllSound
08-24 21:16:05.594  9509  9979 I pool-6-thread-1:M2CALL: a: public stop() called
08-24 21:16:05.594   932  2992 V MediaPlayerService: [14] isPlaying: 1
08-24 21:16:05.594  9509  9979 V MediaPlayerNative: isPlaying: 1
08-24 21:16:05.594  9509  9979 V MediaPlayerNative: stop
08-24 21:16:05.594   932  2992 V MediaPlayerService: [14] stop
08-24 21:16:05.594   932  2992 D NuPlayerDriver: stop(0xf455d2c0)
08-24 21:16:05.594   932  2992 V NuPlayerDriver: notifyListener_l(0xf455d2c0), (8, 0, 0, -1), loop setting(0, 1)
08-24 21:16:05.594   932  2992 V MediaPlayerService: [14] notify (8, 0, 0)
08-24 21:16:05.595  9509  9527 V MediaPlayerNative: message received msg=8, ext1=0, ext2=0
08-24 21:16:05.595  9509  9979 I pool-6-thread-1:M2CALL: a:stop() soundResource: 2131689472 remove: true
08-24 21:16:05.595  9509  9527 V MediaPlayerNative: unrecognized message: (8, 0, 0)
08-24 21:16:05.595  9509  9527 V MediaPlayerNative: callback application
08-24 21:16:05.595  9509  9527 V MediaPlayerNative: back from callback
08-24 21:16:05.595  9509  9979 V MediaPlayer: resetDrmState:  mDrmInfo=null mDrmProvisioningThread=null mPrepareDrmInProgress=false mActiveDrmScheme=false
08-24 21:16:05.595  9509  9979 V MediaPlayer: cleanDrmObj: mDrmObj=null mDrmSessionId=null
08-24 21:16:05.595  9509  9979 V MediaPlayerNative: setListener
08-24 21:16:05.595  9509  9979 V MediaPlayerNative: disconnect
08-24 21:16:05.595   932  2992 V MediaPlayerService: disconnect(14) from pid 9509
08-24 21:16:05.595   932 10184 V NuPlayer: updatePlaybackTimer(stop)  time       55982367707966 (onPause)
08-24 21:16:05.595   932  2992 D NuPlayerDriver: reset(0xf455d2c0) at state 8
08-24 21:16:05.595   932  2992 V NuPlayerDriver: updateMetrics(0xf455d2c0) from reset at state 8
08-24 21:16:05.595   932 10184 V NuPlayer: updatePlaybackTimer()  log            2925573541
08-24 21:16:05.595   932  2992 V NuPlayer: updateInternalTimers()
08-24 21:16:05.595   932  2992 V NuPlayer: updatePlaybackTimer(snap)  time                    0 (updateInternalTimers)
08-24 21:16:05.595   932  2992 V NuPlayer: updateRebufferingTimer(snap)  time                    0 (exiting 0)
08-24 21:16:05.595   932  2992 V NuPlayerDriver: logMetrics(0xf455d2c0) from reset at state 8
08-24 21:16:05.595   932 10188 V AudioSink: pause
08-24 21:16:05.595   932 10188 V AudioTrack: pause(38): prior state:STATE_ACTIVE
08-24 21:16:05.595   932 10184 V NuPlayer: kWhatMediaClockNotify
08-24 21:16:05.595   932 10184 V NuPlayerDriver: notifyListener_l(0xf455d2c0), (211, 0, 0, 20), loop setting(0, 1)
08-24 21:16:05.596   932 10188 V NuPlayerRenderer: now paused audio queue has 4 entries, video has 0 entries
08-24 21:16:05.596  1497  2129 D Avrcp_ext: AudioManager Player: ID:23 -- type:android.media.SoundPool -- u/pid:10104/1519 -- state:idle -- attr:AudioAttributes: usage=USAGE_ASSISTANCE_SONIFICATION content=CONTENT_TYPE_SONIFICATION flags=0x800 tags= bundle=null
08-24 21:16:05.596  1497  2129 D Avrcp_ext: AudioManager Player: ID:135 -- type:android.media.MediaPlayer -- u/pid:10115/9819 -- state:idle -- attr:AudioAttributes: usage=USAGE_UNKNOWN content=CONTENT_TYPE_UNKNOWN flags=0x800 tags= bundle=null
08-24 21:16:05.596  1497  2129 D Avrcp_ext: AudioManager Player: ID:167 -- type:OpenSL ES AudioPlayer (Buffer Queue) -- u/pid:10116/9509 -- state:started -- attr:AudioAttributes: usage=USAGE_VOICE_COMMUNICATION content=CONTENT_TYPE_UNKNOWN flags=0x0 tags= bundle=null
08-24 21:16:05.596  1497  2129 D Avrcp_ext: AudioManager isPlaying: true
08-24 21:16:05.596  1497  2129 D Avrcp_ext: AudioManager Player: ID:23 -- type:android.media.SoundPool -- u/pid:10104/1519 -- state:idle -- attr:AudioAttributes: usage=USAGE_ASSISTANCE_SONIFICATION content=CONTENT_TYPE_SONIFICATION flags=0x800 tags= bundle=null
08-24 21:16:05.596  1497  2129 D Avrcp_ext: AudioManager Player: ID:135 -- type:android.media.MediaPlayer -- u/pid:10115/9819 -- state:idle -- attr:AudioAttributes: usage=USAGE_UNKNOWN content=CONTENT_TYPE_UNKNOWN flags=0x800 tags= bundle=null
08-24 21:16:05.597  1497  2129 D Avrcp_ext: AudioManager Player: ID:167 -- type:OpenSL ES AudioPlayer (Buffer Queue) -- u/pid:10116/9509 -- state:started -- attr:AudioAttributes: usage=USAGE_VOICE_COMMUNICATION content=CONTENT_TYPE_UNKNOWN flags=0x0 tags= bundle=null
08-24 21:16:05.597  1497  2129 D Avrcp_ext: AudioManager isPlaying: true
08-24 21:16:05.598   932 10184 V NuPlayer: kWhatReset
08-24 21:16:05.598   932 10184 V NuPlayer: updatePlaybackTimer(stop)  time                    0 (kWhatReset)
08-24 21:16:05.598   932 10184 V NuPlayer: updateRebufferingTimer(stop)  time                    0 (exiting 1)
08-24 21:16:05.598   932 10184 V NuPlayer: performDecoderFlush audio=2, video=2
08-24 21:16:05.598   932 10184 V NuPlayer: [audio] flushDecoder needShutdown=1
08-24 21:16:05.598   932 10184 V NuPlayer: postponing action mFlushingAudio=2, mFlushingVideo=0
08-24 21:16:05.598   932 10189 V NuPlayerDecoder: [OMX.google.aac.decoder] onMessage: AMessage(what = 'flus', target = 64) = {
08-24 21:16:05.598   932 10189 V NuPlayerDecoder: }
08-24 21:16:05.598   932 10188 V NuPlayerRenderer: flushing audio
08-24 21:16:05.598   932 10188 V AudioSink: pause
08-24 21:16:05.598   932 10188 V AudioTrack: pause(38): prior state:STATE_PAUSED
08-24 21:16:05.598   932 10188 V AudioSink: flush
08-24 21:16:05.598   932 10188 V AudioTrack: flush(38): prior state:STATE_PAUSED
08-24 21:16:05.598   932 10190 V ACodec  : [OMX.google.aac.decoder] signalFlush
08-24 21:16:05.598   932 10190 V ACodec  : [OMX.google.aac.decoder] ExecutingState flushing now (codec owns 4/4 input, 0/4 output).
08-24 21:16:05.599   932 10190 V ACodec  : [OMX.google.aac.decoder] Now Flushing
08-24 21:16:05.599   932 10184 V NuPlayer: kWhatMediaClockNotify
08-24 21:16:05.599   932 10184 V NuPlayerDriver: notifyListener_l(0xf455d2c0), (211, 0, 0, 20), loop setting(0, 1)
08-24 21:16:05.599  9509 10197 V AudioRecord: processAudioBuffer(41): obtainBuffer(192) returned 192 = 192 + 0 err 0
08-24 21:16:05.599   932 10188 V AudioSink: stop
08-24 21:16:05.599   932 10188 V AudioTrack: stop(38): prior state:STATE_FLUSHED
08-24 21:16:05.599  9509 10197 V AudioRecord: processAudioBuffer(41): obtainBuffer(192) returned 192 = 192 + 0 err 0
08-24 21:16:05.599  9509 10197 V AudioRecord: processAudioBuffer(41): obtainBuffer(96) returned 96 = 96 + 0 err 0
08-24 21:16:05.599  9509 10197 V AudioRecord: processAudioBuffer(41): obtainBuffer(192) returned 192 = 192 + 0 err 0
08-24 21:16:05.599   932 10184 V NuPlayer: renderer audio flush completed.
08-24 21:16:05.600  9509 10177 V AudioTrack: processAudioBuffer(35): obtainBuffer(962) returned 546 = 546 + 0 err 0
08-24 21:16:05.600  9509 10177 V AudioTrack: processAudioBuffer(35): obtainBuffer(900) returned 484 = 484 + 0 err 0
08-24 21:16:05.600  9509 10177 V AudioTrack: start(35): prior state:STATE_ACTIVE
08-24 21:16:05.600  9509 10177 V AudioTrack: processAudioBuffer(35): obtainBuffer(420) returned 4 = 4 + 0 err 0
08-24 21:16:05.600  9509 10177 V AudioTrack: start(35): prior state:STATE_ACTIVE
08-24 21:16:05.600  9509 10177 V AudioTrack: processAudioBuffer(35): obtainBuffer(416) returned 0 = 0 + 0 err -11
08-24 21:16:05.600  9509 10197 V AudioRecord: processAudioBuffer(41): obtainBuffer(192) returned 192 = 192 + 0 err 0
08-24 21:16:05.601   932 10190 V ACodec  : [OMX.google.aac.decoder] onOMXEmptyBufferDone 1
08-24 21:16:05.601   932 10190 V ACodec  : [OMX.google.aac.decoder] onOMXEmptyBufferDone 2
08-24 21:16:05.601   932 10190 V ACodec  : [OMX.google.aac.decoder] onOMXEmptyBufferDone 3
08-24 21:16:05.601   932 10190 V ACodec  : [OMX.google.aac.decoder] onOMXEmptyBufferDone 4
08-24 21:16:05.601   932 10190 V ACodec  : [OMX.google.aac.decoder] FlushingState onOMXEvent(0,1)
08-24 21:16:05.601   932 10190 V ACodec  : [OMX.google.aac.decoder] FlushingState onOMXEvent(0,1)
08-24 21:16:05.601   932 10190 V ACodec  : [OMX.google.aac.decoder] Now Executing
