06-21 21:40:36.697  1298  1361 W ActivityManager: Slow operation: 69ms so far, now at startProcess: starting to update pids map
06-21 21:40:36.697  1298  1361 W ActivityManager: Slow operation: 70ms so far, now at startProcess: done updating pids map
06-21 21:40:36.730  1298  1359 D DdcciManagerService: checkChannelState
06-21 21:40:36.732  1298  1359 D DdcciManagerService: DDC/CI not ready, hdmiConnected:false,CapabilitiesLen:-1,mBootCompleted:true
06-21 21:40:36.736  1298  1871 I am_proc_bound: [0,2927,com.android.localtransport]
06-21 21:40:36.823  1298  1871 I am_uid_running: 10093
06-21 21:40:36.851  1298  1361 I am_proc_start: [0,2950,10093,com.qualcomm.qti.qms.service.telemetry,broadcast,{com.qualcomm.qti.qms.service.telemetry/com.qualcomm.qti.qms.service.telemetry.SystemEventReceiver}]
06-21 21:40:36.851  1298  1361 I ActivityManager: Start proc 2950:com.qualcomm.qti.qms.service.telemetry/u0a93 for broadcast {com.qualcomm.qti.qms.service.telemetry/com.qualcomm.qti.qms.service.telemetry.SystemEventReceiver}
06-21 21:40:36.867  1298  1298 I backup_transport_connection: [com.android.localtransport/.LocalTransportService,1]
06-21 21:40:36.868  1298  1298 I TransportClient: LocalTransportService#0: Notifying [TransportManager.registerTransport()] transport = IBackupTransport
06-21 21:40:36.873  1298  2140 D BackupTransportManager: Transport com.android.localtransport/.LocalTransportService registered
06-21 21:40:36.873  1298  2140 D BackupManagerService: Transport com.android.localtransport/.LocalTransport registered 3286ms after first request (delay = 3000ms)
06-21 21:40:36.875  1298  2140 I backup_transport_lifecycle: [com.android.localtransport/.LocalTransportService,0]
06-21 21:40:36.875  1298  2140 I backup_transport_connection: [com.android.localtransport/.LocalTransportService,0]
06-21 21:40:36.881  1298  1667 I am_proc_bound: [0,2950,com.qualcomm.qti.qms.service.telemetry]
06-21 21:40:36.883  1298  2140 I BackupManagerService: Found stale backup journal, scheduling
06-21 21:40:36.894  1298  2140 I chatty  : uid=1000(system) backup-0 identical 46 lines
06-21 21:40:36.894  1298  2140 I BackupManagerService: Found stale backup journal, scheduling
06-21 21:40:36.955  1298  1667 I am_uid_running: 10092
06-21 21:40:36.956  2220  2973 W ContextImpl: Calling a method in the system process without a qualified user: android.app.ContextImpl.startService:1570 android.content.ContextWrapper.startService:669 android.content.ContextWrapper.startService:669 com.qualcomm.qti.workloadclassifier.WLCReceiver$StartRunnable.run:45 java.lang.Thread.run:919 
06-21 21:40:36.998  1298  1361 I am_proc_start: [0,2974,10092,com.qualcomm.timeservice,broadcast,{com.qualcomm.timeservice/com.qualcomm.timeservice.TimeServiceBroadcastReceiver}]
06-21 21:40:36.998  1298  1361 I ActivityManager: Start proc 2974:com.qualcomm.timeservice/u0a92 for broadcast {com.qualcomm.timeservice/com.qualcomm.timeservice.TimeServiceBroadcastReceiver}
06-21 21:40:37.017  1298  1871 I am_proc_bound: [0,2974,com.qualcomm.timeservice]
06-21 21:40:37.098  1298  2504 W BroadcastQueue: Permission Denial: receiving Intent { act=android.intent.action.BOOT_COMPLETED flg=0x89000010 (has extras) } to org.codeaurora.snapcam/com.android.camera.DisableCameraReceiver requires android.permission.RECEIVE_BOOT_COMPLETED due to sender null (uid 1000)
06-21 21:40:37.104  1298  2504 I ActivityManager: Finished processing BOOT_COMPLETED for u0
06-21 21:40:37.835  1298  1359 I sysui_multi_action: [757,1717,758,1,759,0]
06-21 21:40:37.836  1298  1359 I sysui_multi_action: [757,1717,758,2,759,0]
06-21 21:40:37.836  1298  1359 I sysui_multi_action: [757,1717,758,3,759,0]
06-21 21:40:37.937  1298  1495 D HDMI    : [S]:<Give Device Power Status> 40:8F
06-21 21:40:37.938  1298  1495 W HdmiCecController: Failed to send <Give Device Power Status> 40:8F with errorCode=3
06-21 21:40:39.513  1298  2504 W OverlayManager: service 'idmap' died
06-21 21:40:39.677  1298  1434 D UsbMiscManager: handleInitUsbpdUsbMode do nothing, settings empty or same as driver 
06-21 21:40:39.938  1298  1495 D HDMI    : [S]:<Give Device Power Status> 40:8F
06-21 21:40:39.940  1298  1495 W HdmiCecController: Failed to send <Give Device Power Status> 40:8F with errorCode=3
06-21 21:40:40.620  1298  1554 I commit_sys_config_file: [appops,9]
06-21 21:40:40.950  1298  1360 I am_uid_active: 10057
06-21 21:40:41.939  1298  1495 D HDMI    : [S]:<Give Device Power Status> 40:8F
06-21 21:40:41.940  1298  1495 W HdmiCecController: Failed to send <Give Device Power Status> 40:8F with errorCode=3
06-21 21:40:43.942  1298  1495 D HDMI    : [S]:<Give Device Power Status> 40:8F
06-21 21:40:43.943  1298  1495 W HdmiCecController: Failed to send <Give Device Power Status> 40:8F with errorCode=3
06-21 21:40:45.944  1298  1495 D HDMI    : [S]:<Give Device Power Status> 40:8F
06-21 21:40:45.945  1298  1495 W HdmiCecController: Failed to send <Give Device Power Status> 40:8F with errorCode=3
06-21 21:40:47.947  1298  1495 D HDMI    : [S]:<Give Device Power Status> 40:8F
06-21 21:40:47.948  1298  1495 W HdmiCecController: Failed to send <Give Device Power Status> 40:8F with errorCode=3
06-21 21:40:49.210  1298  1360 I ActivityManager: Waited long enough for: ServiceRecord{9ccd55b u0 com.android.settings/.oem.PoEController}
06-21 21:40:49.328  1298  1360 I ActivityManager: Waited long enough for: ServiceRecord{7d658c3 u0 com.qti.diagservices/.QTIDiagServices}
06-21 21:40:49.948  1298  1495 D HDMI    : [S]:<Give Device Power Status> 40:8F
06-21 21:40:49.949  1298  1495 W HdmiCecController: Failed to send <Give Device Power Status> 40:8F with errorCode=3
06-21 21:40:50.974  1298  1359 I am_pss  : [1830,10098,com.android.launcher3,56806400,47656960,0,178458624,0,2,10]
06-21 21:40:51.949  1298  1495 D HDMI    : [S]:<Give Device Power Status> 40:8F
06-21 21:40:51.950  1298  1495 W HdmiCecController: Failed to send <Give Device Power Status> 40:8F with errorCode=3
06-21 21:40:59.891  1298  1359 I am_pss  : [1889,10058,android.ext.services,6598656,3768320,0,95440896,0,6,6]
06-21 21:40:59.913  1298  1359 I am_pss  : [2788,10057,com.android.providers.calendar,7151616,4558848,0,97562624,0,20,7]
06-21 21:40:59.921  1298  1359 I am_pss  : [2368,10069,com.android.printspooler,6290432,3977216,0,97165312,0,20,6]
06-21 21:40:59.929  1298  1359 I am_pss  : [2659,10114,com.android.email,13438976,10440704,0,112095232,0,20,7]
06-21 21:40:59.937  1298  1359 I am_pss  : [2974,10092,com.qualcomm.timeservice,4659200,2715648,0,85753856,0,20,6]
06-21 21:40:59.944  1298  1359 I am_pss  : [2950,10093,com.qualcomm.qti.qms.service.telemetry,14735360,2867200,0,83996672,0,20,6]
06-21 21:40:59.953  1298  1359 I am_pss  : [2927,1000,com.android.localtransport,5392384,3153920,0,95899648,0,20,6]
06-21 21:40:59.960  1298  1359 I am_pss  : [2908,10090,com.qualcomm.qti.qms.service.connectionsecurity,15722496,3829760,0,84946944,0,20,6]
06-21 21:40:59.968  1298  1359 I am_pss  : [2886,1001,com.qualcomm.qti.lpa,5041152,3166208,0,86306816,0,20,6]
06-21 21:40:59.976  1298  1359 I am_pss  : [2863,10089,com.qualcomm.qti.biometrics.fingerprint.service,5005312,3084288,0,86392832,0,20,6]
06-21 21:40:59.984  1298  1359 I am_pss  : [2838,1000,com.oem.engineeringmode.emlist,5445632,3330048,0,94236672,0,20,7]
06-21 21:40:59.992  1298  1359 I am_pss  : [2815,10066,com.android.traceur,8666112,6422528,0,94965760,0,20,7]
06-21 21:41:00.000  1298  1359 I am_pss  : [1759,1000,com.android.settings,23355392,13570048,0,136208384,0,11,8]
06-21 21:41:00.008  1298  1359 I am_pss  : [2765,10053,com.android.permissioncontroller,9565184,7315456,0,94531584,0,20,7]
06-21 21:41:00.016  1298  1359 I am_pss  : [2743,10044,com.android.packageinstaller,6142976,4247552,0,87715840,0,20,6]
06-21 21:41:00.023  1298  1359 I am_pss  : [2719,10100,com.android.onetimeinitializer,4968448,3051520,0,87236608,0,20,6]
06-21 21:41:00.031  1298  1359 I am_pss  : [2696,10046,com.android.managedprovisioning,8171520,6217728,0,90951680,0,20,6]
06-21 21:41:00.043  1298  1359 I am_pss  : [1929,10110,com.android.inputmethod.latin,13082624,7901184,0,118018048,0,8,9]
06-21 21:41:00.051  1298  1359 I am_pss  : [2627,1000,com.android.dynsystem,5242880,3088384,0,94568448,0,20,7]
06-21 21:41:00.059  1298  1359 I am_pss  : [2065,10108,com.android.deskclock,10343424,7610368,0,107167744,0,20,6]
06-21 21:41:00.067  1298  1359 I am_pss  : [2593,10102,com.android.contacts,8803328,5636096,0,101855232,0,20,7]
06-21 21:41:00.075  1298  1359 I am_pss  : [2565,10107,com.android.calendar,6665216,4427776,0,97005568,0,20,6]
06-21 21:41:00.084  1298  1359 I am_pss  : [2512,1000,com.qti.diagservices,5818368,3428352,0,98275328,0,11,7]
06-21 21:41:00.091  1298  1359 I am_pss  : [2436,1000,com.android.keychain,5464064,3260416,0,95170560,0,20,6]
06-21 21:41:00.099  1298  1359 I am_pss  : [2354,1000,com.oem.location,5551104,3231744,0,96583680,0,9,6]
06-21 21:41:00.107  1298  1359 I am_pss  : [2326,1000,com.qualcomm.qti.qmmi,7255040,4988928,0,97972224,0,20,7]
06-21 21:41:02.189  1298  1359 I am_pss  : [1830,10098,com.android.launcher3,56749056,47656960,0,178503680,0,2,8]
06-21 21:41:05.994  1298  1359 I am_pss  : [1507,1002,com.android.bluetooth,23251968,18751488,0,127492096,0,0,10]
06-21 21:41:06.003  1298  1359 I am_pss  : [2306,1000,com.qualcomm.qti.services.secureui:sui_service,6082560,3665920,0,98095104,0,0,6]
06-21 21:41:06.011  1298  1359 I am_pss  : [2280,1000,com.callback.emvcl,5399552,3207168,0,95436800,0,0,6]
06-21 21:41:06.018  1298  1359 I am_pss  : [2245,1000,com.callback.sdpl,5397504,3207168,0,95240192,0,0,6]
06-21 21:41:06.026  1298  1359 I am_pss  : [2220,1000,com.qualcomm.qti.workloadclassifier,7843840,5500928,0,99803136,0,0,6]
06-21 21:41:06.035  1298  1359 I am_pss  : [2196,1068,com.android.se,5309440,3317760,0,87904256,0,0,7]
06-21 21:41:06.044  1298  1359 I am_pss  : [2169,1000,com.callback.kms,5357568,3166208,0,95354880,0,0,7]
06-21 21:41:06.052  1298  1359 I am_pss  : [2142,1000,com.callback.emv,5479424,3289088,0,95490048,0,0,6]
06-21 21:41:06.060  1298  1359 I am_pss  : [1726,1001,com.android.phone,18357248,14352384,0,113799168,0,0,7]
06-21 21:41:06.068  1298  1359 I am_pss  : [1680,1000,com.elo.EloCoreApp,5763072,3383296,0,97759232,0,0,6]
06-21 21:41:06.076  1298  1359 I am_pss  : [1669,1001,.qtidataservices,7682048,5185536,0,101601280,0,0,7]
06-21 21:41:06.084  1298  1359 I am_pss  : [1607,1001,.dataservices,7382016,4845568,0,100458496,0,0,7]
06-21 21:41:06.097  1298  1359 I am_pss  : [1531,10104,com.android.systemui,116498432,105750528,0,264265728,0,0,10]
06-21 21:41:06.112  1298  1359 I am_pss  : [1298,1000,system,128619520,109400064,0,285921280,0,0,14]
06-21 21:41:30.400  1298  1468 I service_manager_stats: [166,72,60023]
06-21 21:41:30.414  1298  1468 I netstats_mobile_sample: [0,0,0,0,0,0,0,0,0,0,0,0,1624326090414]
06-21 21:41:30.414  1298  1468 I netstats_wifi_sample: [0,0,0,0,0,0,0,0,0,0,0,0,1624326090414]
06-21 21:41:30.420  1298  1359 I am_pss  : [1759,1000,com.android.settings,23532544,13729792,0,136622080,0,11,9]
06-21 21:41:30.429  1298  1359 I am_pss  : [2788,10057,com.android.providers.calendar,7148544,4558848,0,97628160,0,20,7]
06-21 21:41:30.437  1298  1359 I am_pss  : [2368,10069,com.android.printspooler,6291456,3977216,0,97210368,0,20,6]
06-21 21:41:30.446  1298  1359 I am_pss  : [2659,10114,com.android.email,13440000,10440704,0,112140288,0,20,7]
06-21 21:41:30.455  1298  1359 I am_pss  : [2472,10042,android.process.media,13698048,9687040,0,116613120,0,20,7]
06-21 21:41:30.462  1298  1359 I am_pss  : [2974,10092,com.qualcomm.timeservice,4660224,2715648,0,85819392,0,20,5]
06-21 21:41:30.469  1298  1359 I am_pss  : [2950,10093,com.qualcomm.qti.qms.service.telemetry,14693376,2785280,0,83996672,0,20,6]
06-21 21:41:30.477  1298  1359 I am_pss  : [2927,1000,com.android.localtransport,5393408,3153920,0,95944704,0,20,6]
06-21 21:41:30.485  1298  1359 I am_pss  : [2908,10090,com.qualcomm.qti.qms.service.connectionsecurity,15722496,3829760,0,84946944,0,20,5]
06-21 21:41:30.492  1298  1359 I am_pss  : [2886,1001,com.qualcomm.qti.lpa,5043200,3166208,0,86372352,0,20,6]
06-21 21:41:30.500  1298  1359 I am_pss  : [2863,10089,com.qualcomm.qti.biometrics.fingerprint.service,5007360,3084288,0,86458368,0,20,6]
06-21 21:41:30.508  1298  1359 I am_pss  : [2838,1000,com.oem.engineeringmode.emlist,5446656,3330048,0,94281728,0,20,6]
06-21 21:41:30.515  1298  1359 I am_pss  : [2815,10066,com.android.traceur,8667136,6422528,0,95031296,0,20,6]
06-21 21:41:30.523  1298  1359 I am_pss  : [2765,10053,com.android.permissioncontroller,9566208,7315456,0,94597120,0,20,6]
06-21 21:41:30.530  1298  1359 I am_pss  : [2743,10044,com.android.packageinstaller,6145024,4247552,0,87781376,0,20,6]
06-21 21:41:30.537  1298  1359 I am_pss  : [2719,10100,com.android.onetimeinitializer,4969472,3051520,0,87302144,0,20,6]
06-21 21:41:30.545  1298  1359 I am_pss  : [2696,10046,com.android.managedprovisioning,8172544,6217728,0,91017216,0,20,6]
06-21 21:41:30.553  1298  1359 I am_pss  : [2627,1000,com.android.dynsystem,5243904,3088384,0,94613504,0,20,7]
06-21 21:41:30.561  1298  1359 I am_pss  : [2065,10108,com.android.deskclock,10342400,7610368,0,107212800,0,20,6]
06-21 21:41:30.569  1298  1359 I am_pss  : [2593,10102,com.android.contacts,8804352,5636096,0,101900288,0,20,6]
06-21 21:41:30.576  1298  1359 I am_pss  : [2565,10107,com.android.calendar,6665216,4427776,0,97050624,0,20,6]
06-21 21:41:30.585  1298  1359 I am_pss  : [2546,10055,android.process.acore,14132224,10235904,0,110796800,0,20,7]
06-21 21:41:30.594  1298  1359 I am_pss  : [2512,1000,com.qti.diagservices,5818368,3428352,0,98320384,0,11,7]
06-21 21:41:30.601  1298  1359 I am_pss  : [2354,1000,com.oem.location,5552128,3231744,0,96628736,0,9,6]
06-21 21:41:30.610  1298  1359 I am_pss  : [2326,1000,com.qualcomm.qti.qmmi,7256064,4988928,0,98017280,0,20,6]
06-21 21:41:35.307  1298  1360 I am_uid_idle: 10042
06-21 21:41:35.708  1298  1360 I am_uid_idle: 10055
06-21 21:41:39.006  1298  1360 I am_uid_idle: 10069
06-21 21:41:50.971  1298  1360 I am_uid_idle: 10057
06-21 22:00:00.005  1298  1298 D ConditionProviders.SCP: onReceive ScheduleConditionProvider.EVALUATE
06-21 22:00:00.006  1298  1298 D ConditionProviders.SCP: evaluateSubscriptionLocked cal=ScheduleCalendar[mDays={1, 2, 3, 4, 5, 6, 7}, mSchedule=ScheduleInfo{days=[1, 2, 3, 4, 5, 6, 7], startHour=22, startMinute=0, endHour=7, endMinute=0, exitAtAlarm=true, nextAlarm=Wed Dec 31 19:00:00 EST 1969 (0)}], now=Mon Jun 21 22:00:00 EDT 2021 (1624327200005), nextUserAlarmTime=Wed Dec 31 19:00:00 EST 1969 (0)
06-21 22:00:00.006  1298  1298 D ConditionProviders.SCP: notifyCondition condition://android/schedule?days=1.2.3.4.5.6.7&start=22.0&end=7.0&exitAtAlarm=true STATE_TRUE reason=meetsSchedule
06-21 22:00:00.006  1298  1298 D ConditionProviders.SCP: Scheduling evaluate for Tue Jun 22 07:00:00 EDT 2021 (1624359600000), in +8h59m59s995ms, now=Mon Jun 21 22:00:00 EDT 2021 (1624327200005)
06-21 22:00:00.023  1298  1359 I am_pss  : [1298,1000,system,130738176,111509504,0,288059392,0,0,15]
06-21 22:00:00.024  1298  1298 I sysui_multi_action: [757,803,799,dnd_mode_0,802,1169772]
06-21 22:00:00.024  1298  1298 I sysui_multi_action: [757,803,799,dnd_rule_count,802,0]
06-21 22:00:00.024  1298  1298 I sysui_multi_action: [757,803,799,dnd_type_0,802,1169772]
06-21 22:00:00.028  1298  1298 V SettingsProvider: Notifying for 0: content://settings/global/zen_mode_config_etag
06-21 22:00:00.034  1298  1359 I am_pss  : [1759,1000,com.android.settings,23532544,13729792,0,136622080,0,11,7]
06-21 22:00:00.042  1298  1359 I am_pss  : [2436,1000,com.android.keychain,5525504,3321856,0,95260672,0,20,6]
06-21 22:00:00.050  1298  1359 I am_pss  : [1889,10058,android.ext.services,7469056,4018176,0,100245504,0,6,6]
06-21 22:00:00.058  1298  1359 I am_pss  : [2788,10057,com.android.providers.calendar,7147520,4558848,0,97628160,0,20,7]
06-21 22:00:00.065  1298  1359 I am_pss  : [2368,10069,com.android.printspooler,6291456,3977216,0,97210368,0,20,6]
06-21 22:00:00.075  1298  1352 I commit_sys_config_file: [notification-policy,50]
06-21 22:00:00.077  1298  1359 I am_pss  : [2659,10114,com.android.email,13438976,10440704,0,112140288,0,20,9]
06-21 22:00:00.086  1298  1359 I am_pss  : [2472,10042,android.process.media,13699072,9687040,0,116678656,0,20,7]
06-21 22:00:00.095  1298  1359 I am_pss  : [2974,10092,com.qualcomm.timeservice,4660224,2715648,0,85819392,0,20,7]
06-21 22:00:00.104  1298  1359 I am_pss  : [2950,10093,com.qualcomm.qti.qms.service.telemetry,14735360,2867200,0,83996672,0,20,7]
06-21 22:00:00.112  1298  1359 I am_pss  : [2927,1000,com.android.localtransport,5393408,3153920,0,95944704,0,20,6]
06-21 22:00:00.120  1298  1359 I am_pss  : [2908,10090,com.qualcomm.qti.qms.service.connectionsecurity,15722496,3829760,0,84946944,0,20,6]
06-21 22:00:00.127  1298  1359 I am_pss  : [2886,1001,com.qualcomm.qti.lpa,5042176,3166208,0,86372352,0,20,6]
06-21 22:00:00.135  1298  1359 I am_pss  : [2863,10089,com.qualcomm.qti.biometrics.fingerprint.service,5007360,3084288,0,86458368,0,20,6]
06-21 22:00:00.143  1298  1359 I am_pss  : [2838,1000,com.oem.engineeringmode.emlist,5446656,3330048,0,94281728,0,20,7]
06-21 22:00:00.151  1298  1359 I am_pss  : [2815,10066,com.android.traceur,8667136,6422528,0,95031296,0,20,7]
06-21 22:00:00.159  1298  1359 I am_pss  : [2765,10053,com.android.permissioncontroller,9566208,7315456,0,94597120,0,20,6]
06-21 22:00:00.167  1298  1359 I am_pss  : [2743,10044,com.android.packageinstaller,6145024,4247552,0,87781376,0,20,6]
06-21 22:00:00.175  1298  1359 I am_pss  : [2719,10100,com.android.onetimeinitializer,4969472,3051520,0,87302144,0,20,6]
06-21 22:00:00.183  1298  1359 I am_pss  : [2696,10046,com.android.managedprovisioning,8172544,6217728,0,91017216,0,20,6]
06-21 22:00:00.191  1298  1359 I am_pss  : [1929,10110,com.android.inputmethod.latin,13079552,7901184,0,118018048,0,8,7]
06-21 22:00:00.199  1298  1359 I am_pss  : [2627,1000,com.android.dynsystem,5243904,3088384,0,94613504,0,20,6]
06-21 22:00:00.207  1298  1359 I am_pss  : [2065,10108,com.android.deskclock,10342400,7610368,0,107212800,0,20,6]
06-21 22:00:00.216  1298  1359 I am_pss  : [2593,10102,com.android.contacts,8804352,5636096,0,101900288,0,20,7]
06-21 22:00:00.224  1298  1359 I am_pss  : [2565,10107,com.android.calendar,6665216,4427776,0,97050624,0,20,6]
06-21 22:00:00.232  1298  1359 I am_pss  : [2546,10055,android.process.acore,14014464,10117120,0,110743552,0,20,7]
06-21 22:00:00.241  1298  1359 I am_pss  : [2512,1000,com.qti.diagservices,5818368,3428352,0,98320384,0,11,7]
06-21 22:00:00.251  1298  1359 I am_pss  : [2354,1000,com.oem.location,5552128,3231744,0,96628736,0,9,8]
06-21 22:00:00.259  1298  1359 I am_pss  : [2326,1000,com.qualcomm.qti.qmmi,7256064,4988928,0,98017280,0,20,6]
06-21 22:00:00.268  1298  1359 I am_pss  : [1507,1002,com.android.bluetooth,23255040,18755584,0,127496192,0,0,7]
06-21 22:00:00.274  1298  1431 I commit_sys_config_file: [settings-0-0,8]
06-21 22:00:00.278  1298  1359 I am_pss  : [1830,10098,com.android.launcher3,56747008,47656960,0,178503680,0,2,8]
06-21 22:00:00.285  1298  1359 I am_pss  : [2306,1000,com.qualcomm.qti.services.secureui:sui_service,6083584,3665920,0,98140160,0,0,6]
06-21 22:00:00.293  1298  1359 I am_pss  : [2280,1000,com.callback.emvcl,5400576,3207168,0,95481856,0,0,6]
06-21 22:00:00.301  1298  1359 I am_pss  : [2245,1000,com.callback.sdpl,5398528,3207168,0,95285248,0,0,7]
06-21 22:00:00.308  1298  1359 I am_pss  : [2220,1000,com.qualcomm.qti.workloadclassifier,7844864,5500928,0,99848192,0,0,7]
06-21 22:00:00.316  1298  1359 I am_pss  : [2196,1068,com.android.se,5311488,3317760,0,87969792,0,0,6]
06-21 22:00:00.324  1298  1359 I am_pss  : [2169,1000,com.callback.kms,5358592,3166208,0,95399936,0,0,7]
06-21 22:00:00.333  1298  1359 I am_pss  : [2142,1000,com.callback.emv,5480448,3289088,0,95535104,0,0,7]
06-21 22:00:00.342  1298  1359 I am_pss  : [1726,1001,com.android.phone,18361344,14356480,0,113803264,0,0,7]
06-21 22:00:00.350  1298  1359 I am_pss  : [1680,1000,com.elo.EloCoreApp,5763072,3383296,0,97759232,0,0,6]
06-21 22:00:00.361  1298  1359 I am_pss  : [1669,1001,.qtidataservices,7682048,5185536,0,101601280,0,0,9]
06-21 22:00:00.369  1298  1359 I am_pss  : [1607,1001,.dataservices,7376896,4845568,0,100458496,0,0,7]
06-21 22:00:00.381  1298  1359 I am_pss  : [1531,10104,com.android.systemui,117548032,106790912,0,265379840,0,0,11]
06-21 22:00:29.832  1298  1359 I UsageStatsService: User[0] Flushing usage stats to disk
06-21 22:10:15.411  1298  1364 E KernelCpuSpeedReader: Failed to read cpu-freq: /sys/devices/system/cpu/cpu4/cpufreq/stats/time_in_state: open failed: ENOENT (No such file or directory)
06-21 22:10:15.411  1298  1364 E KernelCpuSpeedReader: Failed to read cpu-freq: /sys/devices/system/cpu/cpu0/cpufreq/stats/time_in_state: open failed: ENOENT (No such file or directory)
06-21 22:10:15.414  1298  1364 W BatteryExternalStatsWorker: modem info is invalid: ModemActivityInfo{ mTimestamp=0 mSleepTimeMs=0 mIdleTimeMs=0 mTxTimeMs[]=[0, 0, 0, 0, 0] mRxTimeMs=0 mEnergyUsed=0}
06-21 22:10:15.414  1298  1364 D KernelCpuUidUserSysTimeReader: Removing uids 1037-1037
06-21 22:10:15.461  1298  1359 I commit_sys_config_file: [batterystats,44]
06-21 22:10:15.471  1298  1359 I commit_sys_config_file: [batterystats,9]
06-21 22:10:35.883  1298  1468 I netstats_mobile_sample: [0,0,0,0,0,0,0,0,0,0,0,0,1624327835883]
06-21 22:10:35.884  1298  1468 I netstats_wifi_sample: [0,0,0,0,0,0,0,0,0,0,0,0,1624327835883]
06-21 22:10:35.887  1298  1468 I ActivityManager: Killing 2696:com.android.managedprovisioning/u0a46 (adj 955): empty for 1800s
06-21 22:10:35.888  1298  1468 I am_kill : [0,2696,com.android.managedprovisioning,955,empty for 1800s]
06-21 22:10:35.890  1298  1468 I ActivityManager: Killing 2627:com.android.dynsystem/1000 (adj 965): empty for 1801s
06-21 22:10:35.890  1298  1468 I am_kill : [0,2627,com.android.dynsystem,965,empty for 1801s]
06-21 22:10:35.893  1298  1468 I ActivityManager: Killing 2065:com.android.deskclock/u0a108 (adj 965): empty for 1801s
06-21 22:10:35.893  1298  1468 I am_kill : [0,2065,com.android.deskclock,965,empty for 1801s]
06-21 22:10:35.895  1298  1468 I ActivityManager: Killing 2593:com.android.contacts/u0a102 (adj 965): empty for 1801s
06-21 22:10:35.895  1298  1468 I am_kill : [0,2593,com.android.contacts,965,empty for 1801s]
06-21 22:10:35.897  1298  1468 I ActivityManager: Killing 2565:com.android.calendar/u0a107 (adj 975): empty for 1801s
06-21 22:10:35.897  1298  1468 I am_kill : [0,2565,com.android.calendar,975,empty for 1801s]
06-21 22:10:35.900  1298  1468 I ActivityManager: Killing 2546:android.process.acore/u0a55 (adj 975): empty for 1801s
06-21 22:10:35.900  1298  1468 I am_kill : [0,2546,android.process.acore,975,empty for 1801s]
06-21 22:10:35.902  1298  1468 I ActivityManager: Killing 2326:com.qualcomm.qti.qmmi/1000 (adj 985): empty for 1802s
06-21 22:10:35.902  1298  1468 I am_kill : [0,2326,com.qualcomm.qti.qmmi,985,empty for 1802s]
06-21 22:10:35.933  1298  1359 I am_pss  : [1759,1000,com.android.settings,23903232,13729792,0,136622080,0,11,7]
06-21 22:10:35.935  1298  2504 I am_proc_died: [0,2627,com.android.dynsystem,965,20]
06-21 22:10:35.939  1298  2504 I am_proc_died: [0,2565,com.android.calendar,975,20]
06-21 22:10:35.940  1298  2504 I am_uid_stopped: 10107
06-21 22:10:35.944  1298  1359 I am_pss  : [2436,1000,com.android.keychain,5903360,3321856,0,95260672,0,20,7]
06-21 22:10:35.951  1298  1667 D CountryDetector: No listener is left
06-21 22:10:35.953  1298  1647 I am_proc_died: [0,2593,com.android.contacts,965,20]
06-21 22:10:35.954  1298  1647 I am_uid_stopped: 10102
06-21 22:10:35.957  1298  1551 I am_proc_died: [0,2546,android.process.acore,975,20]
06-21 22:10:35.958  1298  1551 I am_uid_stopped: 10055
06-21 22:10:35.960  1298  1359 I am_pss  : [2472,10042,android.process.media,14297088,9687040,0,116678656,0,20,7]
06-21 22:10:35.962  1298  2504 I am_proc_died: [0,2065,com.android.deskclock,965,20]
06-21 22:10:35.963  1298  2504 I am_uid_stopped: 10108
06-21 22:10:35.967  1298  1551 I am_proc_died: [0,2326,com.qualcomm.qti.qmmi,985,20]
06-21 22:10:35.971  1298  1647 I am_proc_died: [0,2696,com.android.managedprovisioning,955,20]
06-21 22:10:35.972  1298  1647 I am_uid_stopped: 10046
06-21 22:10:35.979  1298  1359 I am_pss  : [2512,1000,com.qti.diagservices,6268928,3428352,0,98320384,0,11,7]
06-21 22:10:35.990  1298  1359 I am_pss  : [1830,10098,com.android.launcher3,57483264,47689728,0,178503680,0,2,8]
06-21 22:10:35.997  1298  1359 I am_pss  : [2306,1000,com.qualcomm.qti.services.secureui:sui_service,6532096,3665920,0,98140160,0,0,6]
06-21 22:10:36.005  1298  1359 I am_pss  : [2280,1000,com.callback.emvcl,5801984,3207168,0,95481856,0,0,6]
06-21 22:10:36.013  1298  1359 I am_pss  : [2245,1000,com.callback.sdpl,5798912,3207168,0,95285248,0,0,6]
06-21 22:10:36.021  1298  1359 I am_pss  : [2220,1000,com.qualcomm.qti.workloadclassifier,8292352,5500928,0,99848192,0,0,6]
06-21 22:10:36.028  1298  1359 I am_pss  : [2196,1068,com.android.se,5671936,3317760,0,87969792,0,0,5]
06-21 22:10:36.035  1298  1359 I am_pss  : [2169,1000,com.callback.kms,5762048,3170304,0,95399936,0,0,6]
06-21 22:10:36.044  1298  1359 I am_pss  : [2142,1000,com.callback.emv,5880832,3289088,0,95535104,0,0,7]
06-21 22:10:36.090  1298  1359 I commit_sys_config_file: [procstats,46]
06-21 22:10:36.091  1298  1359 I ProcessStatsService: Pruning old procstats: /data/system/procstats/state-2021-06-19-05-23-16.bin
06-21 22:10:40.980  1298  1554 I commit_sys_config_file: [appops,9]
06-21 22:30:35.974  1298  1359 I UsageStatsService: User[0] Flushing usage stats to disk
06-21 22:40:15.409  1298  1364 E KernelCpuSpeedReader: Failed to read cpu-freq: /sys/devices/system/cpu/cpu4/cpufreq/stats/time_in_state: open failed: ENOENT (No such file or directory)
06-21 22:40:15.409  1298  1364 E KernelCpuSpeedReader: Failed to read cpu-freq: /sys/devices/system/cpu/cpu0/cpufreq/stats/time_in_state: open failed: ENOENT (No such file or directory)
06-21 22:40:15.412  1298  1364 W BatteryExternalStatsWorker: modem info is invalid: ModemActivityInfo{ mTimestamp=0 mSleepTimeMs=0 mIdleTimeMs=0 mTxTimeMs[]=[0, 0, 0, 0, 0] mRxTimeMs=0 mEnergyUsed=0}
06-21 22:40:15.463  1298  1359 I commit_sys_config_file: [batterystats,43]
06-21 22:40:15.470  1298  1359 I commit_sys_config_file: [batterystats,7]
06-21 22:40:35.884  1298  1468 I netstats_mobile_sample: [0,0,0,0,0,0,0,0,0,0,0,0,1624329635884]
06-21 22:40:35.884  1298  1468 I netstats_wifi_sample: [0,0,0,0,0,0,0,0,0,0,0,0,1624329635884]
06-21 22:40:35.889  1298  1359 I am_pss  : [1298,1000,system,125248512,107511808,0,279392256,0,0,15]
06-21 22:40:35.898  1298  1359 I am_pss  : [1759,1000,com.android.settings,24008704,13729792,0,136622080,0,11,8]
06-21 22:40:35.906  1298  1359 I am_pss  : [2436,1000,com.android.keychain,5928960,3321856,0,95260672,0,20,7]
06-21 22:40:35.913  1298  1359 I am_pss  : [1889,10058,android.ext.services,7955456,4018176,0,100245504,0,6,7]
06-21 22:40:35.922  1298  1359 I am_pss  : [2788,10057,com.android.providers.calendar,7630848,4558848,0,97628160,0,20,7]
06-21 22:40:35.933  1298  1359 I am_pss  : [2368,10069,com.android.printspooler,6708224,3977216,0,97210368,0,20,9]
06-21 22:40:35.943  1298  1359 I am_pss  : [2659,10114,com.android.email,14017536,10465280,0,112160768,0,20,7]
06-21 22:40:35.951  1298  1359 I am_pss  : [2472,10042,android.process.media,14291968,9682944,0,116678656,0,20,7]
06-21 22:40:35.960  1298  1359 I am_pss  : [2974,10092,com.qualcomm.timeservice,5015552,2715648,0,85819392,0,20,7]
06-21 22:40:35.968  1298  1359 I am_pss  : [2950,10093,com.qualcomm.qti.qms.service.telemetry,14868480,2867200,0,83996672,0,20,6]
06-21 22:40:35.976  1298  1359 I am_pss  : [2927,1000,com.android.localtransport,5800960,3153920,0,95944704,0,20,6]
06-21 22:40:35.983  1298  1359 I am_pss  : [2908,10090,com.qualcomm.qti.qms.service.connectionsecurity,15854592,3829760,0,84946944,0,20,6]
06-21 22:40:35.991  1298  1359 I am_pss  : [2886,1001,com.qualcomm.qti.lpa,5397504,3166208,0,86372352,0,20,6]
06-21 22:40:35.998  1298  1359 I am_pss  : [2863,10089,com.qualcomm.qti.biometrics.fingerprint.service,5362688,3084288,0,86458368,0,20,7]
06-21 22:40:36.006  1298  1359 I am_pss  : [2838,1000,com.oem.engineeringmode.emlist,5842944,3330048,0,94281728,0,20,7]
06-21 22:40:36.014  1298  1359 I am_pss  : [2815,10066,com.android.traceur,9061376,6422528,0,95031296,0,20,6]
06-21 22:40:36.022  1298  1359 I am_pss  : [2765,10053,com.android.permissioncontroller,9945088,7315456,0,94597120,0,20,6]
06-21 22:40:36.030  1298  1359 I am_pss  : [2743,10044,com.android.packageinstaller,6503424,4247552,0,87781376,0,20,6]
06-21 22:40:36.037  1298  1359 I am_pss  : [2719,10100,com.android.onetimeinitializer,5332992,3051520,0,87302144,0,20,6]
06-21 22:40:36.046  1298  1359 I am_pss  : [1929,10110,com.android.inputmethod.latin,15110144,10788864,0,118018048,0,8,7]
06-21 22:40:36.054  1298  1359 I am_pss  : [2512,1000,com.qti.diagservices,6268928,3428352,0,98320384,0,11,6]
06-21 22:40:36.062  1298  1359 I am_pss  : [2354,1000,com.oem.location,5972992,3231744,0,96628736,0,9,6]
06-21 22:40:36.071  1298  1359 I am_pss  : [1507,1002,com.android.bluetooth,23873536,18812928,0,127602688,0,0,7]
06-21 22:40:36.081  1298  1359 I am_pss  : [1830,10098,com.android.launcher3,57479168,47689728,0,178503680,0,2,8]
06-21 22:40:36.088  1298  1359 I am_pss  : [2306,1000,com.qualcomm.qti.services.secureui:sui_service,6532096,3665920,0,98140160,0,0,6]
06-21 22:40:36.096  1298  1359 I am_pss  : [2280,1000,com.callback.emvcl,5801984,3207168,0,95481856,0,0,6]
06-21 22:40:36.104  1298  1359 I am_pss  : [2245,1000,com.callback.sdpl,5798912,3207168,0,95285248,0,0,6]
06-21 22:40:36.112  1298  1359 I am_pss  : [2220,1000,com.qualcomm.qti.workloadclassifier,8292352,5500928,0,99848192,0,0,7]
06-21 22:40:36.122  1298  1359 I am_pss  : [2196,1068,com.android.se,5671936,3317760,0,87969792,0,0,8]
06-21 22:40:36.132  1298  1359 I am_pss  : [2169,1000,com.callback.kms,5762048,3170304,0,95399936,0,0,7]
06-21 22:40:36.140  1298  1359 I am_pss  : [2142,1000,com.callback.emv,5880832,3289088,0,95535104,0,0,6]
06-21 22:40:36.148  1298  1359 I am_pss  : [1726,1001,com.android.phone,18862080,14360576,0,113872896,0,0,7]
06-21 22:40:36.156  1298  1359 I am_pss  : [1680,1000,com.elo.EloCoreApp,6182912,3383296,0,97759232,0,0,6]
06-21 22:40:36.164  1298  1359 I am_pss  : [1669,1001,.qtidataservices,8138752,5185536,0,101601280,0,0,6]
06-21 22:40:36.172  1298  1359 I am_pss  : [1607,1001,.dataservices,7835648,4849664,0,100458496,0,0,6]
06-21 22:40:36.184  1298  1359 I am_pss  : [1531,10104,com.android.systemui,120346624,108875776,0,267608064,0,0,11]
06-21 23:10:15.410  1298  1364 E KernelCpuSpeedReader: Failed to read cpu-freq: /sys/devices/system/cpu/cpu4/cpufreq/stats/time_in_state: open failed: ENOENT (No such file or directory)
06-21 23:10:15.411  1298  1364 E KernelCpuSpeedReader: Failed to read cpu-freq: /sys/devices/system/cpu/cpu0/cpufreq/stats/time_in_state: open failed: ENOENT (No such file or directory)
06-21 23:10:15.413  1298  1364 W BatteryExternalStatsWorker: modem info is invalid: ModemActivityInfo{ mTimestamp=0 mSleepTimeMs=0 mIdleTimeMs=0 mTxTimeMs[]=[0, 0, 0, 0, 0] mRxTimeMs=0 mEnergyUsed=0}
06-21 23:10:15.462  1298  1359 I commit_sys_config_file: [batterystats,45]
06-21 23:10:15.471  1298  1359 I commit_sys_config_file: [batterystats,8]
06-21 23:10:35.884  1298  1468 I netstats_mobile_sample: [0,0,0,0,0,0,0,0,0,0,0,0,1624331435884]
06-21 23:10:35.884  1298  1468 I netstats_wifi_sample: [0,0,0,0,0,0,0,0,0,0,0,0,1624331435884]
06-21 23:10:35.890  1298  1359 I am_pss  : [1298,1000,system,125875200,108105728,0,280051712,0,0,15]
06-21 23:10:35.900  1298  1359 I am_pss  : [1759,1000,com.android.settings,24008704,13729792,0,136622080,0,11,8]
06-21 23:10:35.907  1298  1359 I am_pss  : [2436,1000,com.android.keychain,5928960,3321856,0,95260672,0,20,7]
06-21 23:10:35.916  1298  1359 I am_pss  : [1889,10058,android.ext.services,7955456,4018176,0,100245504,0,6,7]
06-21 23:10:35.924  1298  1359 I am_pss  : [2788,10057,com.android.providers.calendar,7630848,4558848,0,97628160,0,20,6]
06-21 23:10:35.932  1298  1359 I am_pss  : [2368,10069,com.android.printspooler,6708224,3977216,0,97210368,0,20,6]
06-21 23:10:35.934  1298  1554 I commit_sys_config_file: [appops,59]
06-21 23:10:35.941  1298  1359 I am_pss  : [2659,10114,com.android.email,14017536,10465280,0,112160768,0,20,7]
06-21 23:10:35.949  1298  1359 I am_pss  : [2472,10042,android.process.media,14291968,9682944,0,116678656,0,20,6]
06-21 23:10:35.956  1298  1359 I am_pss  : [2974,10092,com.qualcomm.timeservice,5015552,2715648,0,85819392,0,20,6]
06-21 23:10:35.964  1298  1359 I am_pss  : [2950,10093,com.qualcomm.qti.qms.service.telemetry,14868480,2867200,0,83996672,0,20,6]
06-21 23:10:35.972  1298  1359 I am_pss  : [2927,1000,com.android.localtransport,5800960,3153920,0,95944704,0,20,6]
06-21 23:10:35.979  1298  1359 I am_pss  : [2908,10090,com.qualcomm.qti.qms.service.connectionsecurity,15854592,3829760,0,84946944,0,20,6]
06-21 23:10:35.987  1298  1359 I am_pss  : [2886,1001,com.qualcomm.qti.lpa,5397504,3166208,0,86372352,0,20,6]
06-21 23:10:35.995  1298  1359 I am_pss  : [2863,10089,com.qualcomm.qti.biometrics.fingerprint.service,5362688,3084288,0,86458368,0,20,6]
06-21 23:10:36.002  1298  1359 I am_pss  : [2838,1000,com.oem.engineeringmode.emlist,5842944,3330048,0,94281728,0,20,6]
06-21 23:10:36.010  1298  1359 I am_pss  : [2815,10066,com.android.traceur,9061376,6422528,0,95031296,0,20,6]
06-21 23:10:36.018  1298  1359 I am_pss  : [2765,10053,com.android.permissioncontroller,9945088,7315456,0,94597120,0,20,6]
06-21 23:10:36.026  1298  1359 I am_pss  : [2743,10044,com.android.packageinstaller,6503424,4247552,0,87781376,0,20,6]
06-21 23:10:36.034  1298  1359 I am_pss  : [2719,10100,com.android.onetimeinitializer,5332992,3051520,0,87302144,0,20,6]
06-21 23:10:36.042  1298  1359 I am_pss  : [1929,10110,com.android.inputmethod.latin,15110144,10788864,0,118018048,0,8,7]
06-21 23:10:36.050  1298  1359 I am_pss  : [2512,1000,com.qti.diagservices,6268928,3428352,0,98320384,0,11,7]
06-21 23:10:36.058  1298  1359 I am_pss  : [2354,1000,com.oem.location,5972992,3231744,0,96628736,0,9,6]
06-21 23:10:36.067  1298  1359 I am_pss  : [1507,1002,com.android.bluetooth,23885824,18825216,0,127610880,0,0,7]
06-21 23:10:36.076  1298  1359 I am_pss  : [1830,10098,com.android.launcher3,57479168,47689728,0,178503680,0,2,8]
06-21 23:10:36.084  1298  1359 I am_pss  : [2306,1000,com.qualcomm.qti.services.secureui:sui_service,6532096,3665920,0,98140160,0,0,6]
06-21 23:10:36.092  1298  1359 I am_pss  : [2280,1000,com.callback.emvcl,5801984,3207168,0,95481856,0,0,6]
06-21 23:10:36.100  1298  1359 I am_pss  : [2245,1000,com.callback.sdpl,5798912,3207168,0,95285248,0,0,6]
06-21 23:10:36.107  1298  1359 I am_pss  : [2220,1000,com.qualcomm.qti.workloadclassifier,8292352,5500928,0,99848192,0,0,6]
06-21 23:10:36.114  1298  1359 I am_pss  : [2196,1068,com.android.se,5671936,3317760,0,87969792,0,0,6]
06-21 23:10:36.122  1298  1359 I am_pss  : [2169,1000,com.callback.kms,5762048,3170304,0,95399936,0,0,6]
06-21 23:10:36.130  1298  1359 I am_pss  : [2142,1000,com.callback.emv,5880832,3289088,0,95535104,0,0,6]
06-21 23:10:36.138  1298  1359 I am_pss  : [1726,1001,com.android.phone,18862080,14360576,0,113872896,0,0,7]
06-21 23:10:36.146  1298  1359 I am_pss  : [1680,1000,com.elo.EloCoreApp,6182912,3383296,0,97759232,0,0,6]
06-21 23:10:36.154  1298  1359 I am_pss  : [1669,1001,.qtidataservices,8138752,5185536,0,101601280,0,0,6]
06-21 23:10:36.162  1298  1359 I am_pss  : [1607,1001,.dataservices,7835648,4849664,0,100458496,0,0,6]
06-21 23:10:36.175  1298  1359 I am_pss  : [1531,10104,com.android.systemui,122749952,111243264,0,270045184,0,0,11]
06-21 23:10:36.183  1298  1359 I commit_sys_config_file: [procstats,8]
06-21 23:40:15.410  1298  1364 E KernelCpuSpeedReader: Failed to read cpu-freq: /sys/devices/system/cpu/cpu4/cpufreq/stats/time_in_state: open failed: ENOENT (No such file or directory)
06-21 23:40:15.411  1298  1364 E KernelCpuSpeedReader: Failed to read cpu-freq: /sys/devices/system/cpu/cpu0/cpufreq/stats/time_in_state: open failed: ENOENT (No such file or directory)
06-21 23:40:15.413  1298  1364 W BatteryExternalStatsWorker: modem info is invalid: ModemActivityInfo{ mTimestamp=0 mSleepTimeMs=0 mIdleTimeMs=0 mTxTimeMs[]=[0, 0, 0, 0, 0] mRxTimeMs=0 mEnergyUsed=0}
06-21 23:40:15.461  1298  1359 I commit_sys_config_file: [batterystats,44]
06-21 23:40:15.471  1298  1359 I commit_sys_config_file: [batterystats,9]
06-21 23:40:35.882  1298  1468 I netstats_mobile_sample: [0,0,0,0,0,0,0,0,0,0,0,0,1624333235882]
06-21 23:40:35.883  1298  1468 I netstats_wifi_sample: [0,0,0,0,0,0,0,0,0,0,0,0,1624333235882]
06-21 23:40:35.895  1298  1359 I am_pss  : [1759,1000,com.android.settings,24008704,13729792,0,136622080,0,11,7]
06-21 23:40:35.904  1298  1359 I am_pss  : [2512,1000,com.qti.diagservices,6268928,3428352,0,98320384,0,11,7]
06-21 23:40:35.914  1298  1359 I am_pss  : [1830,10098,com.android.launcher3,57479168,47689728,0,178503680,0,2,8]
06-21 23:40:35.942  1298  1554 I commit_sys_config_file: [appops,56]
06-22 00:00:00.020  1298  1298 D DevicePolicyManager: updateSystemUpdateFreezePeriodsRecord
06-22 00:00:00.029  1298  1359 I am_pss  : [2436,1000,com.android.keychain,5928960,3321856,0,95260672,0,20,7]
06-22 00:00:00.030  1298  1647 W BroadcastQueue: Background execution not allowed: receiving Intent { act=android.intent.action.DATE_CHANGED flg=0x20200010 } to com.android.calendar/.widget.CalendarAppWidgetService$CalendarFactory
06-22 00:00:00.032  1298  1360 W BroadcastQueue: Background execution not allowed: receiving Intent { act=android.intent.action.DATE_CHANGED flg=0x20200010 } to com.android.deskclock/com.android.alarmclock.DigitalAppWidgetProvider
06-22 00:00:00.032  1298  1360 W BroadcastQueue: Background execution not allowed: receiving Intent { act=android.intent.action.DATE_CHANGED flg=0x20200010 } to com.android.inputmethod.latin/com.android.inputmethod.dictionarypack.EventHandler
06-22 00:00:00.032  1298  1360 W BroadcastQueue: Background execution not allowed: receiving Intent { act=android.intent.action.DATE_CHANGED flg=0x20200010 } to com.android.settings/.oem.SetTimeReceiver
06-22 00:00:00.037  1298  1359 I am_pss  : [1889,10058,android.ext.services,7952384,4018176,0,100245504,0,6,6]
06-22 00:00:00.045  1298  1359 I am_pss  : [2788,10057,com.android.providers.calendar,7629824,4558848,0,97628160,0,20,6]
06-22 00:00:00.056  1298  1359 I am_pss  : [2368,10069,com.android.printspooler,6707200,3977216,0,97210368,0,20,7]
06-22 00:00:00.064  1298  1359 I am_pss  : [2659,10114,com.android.email,14014464,10465280,0,112160768,0,20,7]
06-22 00:00:00.073  1298  1359 I am_pss  : [2472,10042,android.process.media,14281728,9682944,0,116678656,0,20,7]
06-22 00:00:00.081  1298  1359 I am_pss  : [2974,10092,com.qualcomm.timeservice,5016576,2715648,0,85819392,0,20,7]
06-22 00:00:00.089  1298  1359 I am_pss  : [2950,10093,com.qualcomm.qti.qms.service.telemetry,14868480,2867200,0,83996672,0,20,7]
06-22 00:00:00.097  1298  1359 I am_pss  : [2927,1000,com.android.localtransport,5799936,3153920,0,95944704,0,20,7]
06-22 00:00:00.105  1298  1359 I am_pss  : [2908,10090,com.qualcomm.qti.qms.service.connectionsecurity,15854592,3829760,0,84946944,0,20,6]
06-22 00:00:00.114  1298  1359 I am_pss  : [2886,1001,com.qualcomm.qti.lpa,5397504,3166208,0,86372352,0,20,7]
06-22 00:00:00.122  1298  1359 I am_pss  : [2863,10089,com.qualcomm.qti.biometrics.fingerprint.service,5362688,3084288,0,86458368,0,20,7]
06-22 00:00:00.130  1298  1359 I am_pss  : [2838,1000,com.oem.engineeringmode.emlist,5843968,3330048,0,94281728,0,20,6]
06-22 00:00:00.137  1298  1359 I am_pss  : [2815,10066,com.android.traceur,9060352,6422528,0,95031296,0,20,6]
06-22 00:00:00.145  1298  1359 I am_pss  : [2765,10053,com.android.permissioncontroller,9945088,7315456,0,94597120,0,20,6]
06-22 00:00:00.154  1298  1359 I am_pss  : [2743,10044,com.android.packageinstaller,6503424,4247552,0,87781376,0,20,7]
06-22 00:00:00.163  1298  1359 I am_pss  : [2719,10100,com.android.onetimeinitializer,5332992,3051520,0,87302144,0,20,8]
06-22 00:00:00.172  1298  1359 I am_pss  : [1929,10110,com.android.inputmethod.latin,15102976,10788864,0,118018048,0,8,7]
06-22 00:00:00.180  1298  1359 I am_pss  : [2354,1000,com.oem.location,5970944,3231744,0,96628736,0,9,6]
06-22 00:00:00.189  1298  1359 I am_pss  : [1507,1002,com.android.bluetooth,23869440,18829312,0,127614976,0,0,7]
06-22 00:00:00.199  1298  1359 I am_pss  : [1830,10098,com.android.launcher3,57325568,47677440,0,178511872,0,2,8]
06-22 00:00:00.206  1298  1359 I am_pss  : [2306,1000,com.qualcomm.qti.services.secureui:sui_service,6532096,3665920,0,98140160,0,0,6]
06-22 00:00:00.215  1298  1359 I am_pss  : [2280,1000,com.callback.emvcl,5801984,3207168,0,95481856,0,0,7]
06-22 00:00:00.223  1298  1359 I am_pss  : [2245,1000,com.callback.sdpl,5798912,3207168,0,95285248,0,0,7]
06-22 00:00:00.232  1298  1359 I am_pss  : [2220,1000,com.qualcomm.qti.workloadclassifier,8292352,5500928,0,99848192,0,0,7]
06-22 00:00:00.239  1298  1359 I am_pss  : [2196,1068,com.android.se,5671936,3317760,0,87969792,0,0,6]
06-22 00:00:00.247  1298  1359 I am_pss  : [2169,1000,com.callback.kms,5762048,3170304,0,95399936,0,0,6]
06-22 00:00:00.254  1298  1359 I am_pss  : [2142,1000,com.callback.emv,5881856,3289088,0,95535104,0,0,6]
06-22 00:00:00.264  1298  1359 I am_pss  : [1726,1001,com.android.phone,18850816,14360576,0,113872896,0,0,8]
06-22 00:00:00.274  1298  1359 I am_pss  : [1680,1000,com.elo.EloCoreApp,6182912,3383296,0,97759232,0,0,7]
06-22 00:00:00.284  1298  1359 I am_pss  : [1669,1001,.qtidataservices,8139776,5185536,0,101601280,0,0,8]
06-22 00:00:00.291  1298  1359 I am_pss  : [1607,1001,.dataservices,7835648,4849664,0,100458496,0,0,6]
06-22 00:00:00.305  1298  1359 I am_pss  : [1531,10104,com.android.systemui,124628992,113070080,0,272351232,0,0,12]
06-22 00:00:00.320  1298  1359 I am_pss  : [1298,1000,system,127008768,109236224,0,281427968,0,0,14]
06-22 00:00:00.368  1298  1359 I commit_sys_config_file: [procstats,49]
06-22 00:00:10.202  1298  1551 I ELOPeripheralService: ====  activeIdleMode  ====
06-22 00:00:10.202  1298  1298 I PowerManagerService: Going to sleep due to application (uid 1000)...
06-22 00:00:10.203  1298  1298 I power_sleep_requested: 0
06-22 00:00:10.203  1298  1298 I PowerManagerService: Sleeping (uid 1000)...
06-22 00:00:10.203  1298  1298 W UsageStatsService: Event reported without a package name, eventType:16
06-22 00:00:10.336  1298  1369 D DisplayPowerController: DisplayPowerController autoBrightnessEnabled: false
06-22 00:00:10.336  1298  1369 D DisplayPowerController: Adjust auto-brightness: -1
06-22 00:00:10.336  1298  1369 I sysui_multi_action: [757,1696,758,6,759,0]
06-22 00:00:10.763  1298  1369 I DisplayPowerController: Blocking screen off
06-22 00:00:10.764  1298  1369 I DisplayPowerController: Unblocked screen off after 1 ms
06-22 00:00:10.765  1298  1369 D ActivityTaskManager: Top Process State changed to PROCESS_STATE_TOP_SLEEPING
06-22 00:00:10.773  1298  1364 E KernelCpuSpeedReader: Failed to read cpu-freq: /sys/devices/system/cpu/cpu4/cpufreq/stats/time_in_state: open failed: ENOENT (No such file or directory)
06-22 00:00:10.773  1298  1364 E KernelCpuSpeedReader: Failed to read cpu-freq: /sys/devices/system/cpu/cpu0/cpufreq/stats/time_in_state: open failed: ENOENT (No such file or directory)
06-22 00:00:10.778  1298  1369 I am_pause_activity: [0,246740490,com.android.launcher3/.Launcher,userLeaving=false]
06-22 00:00:10.779  1830  1830 I am_on_top_resumed_lost_called: [0,com.android.launcher3.Launcher,topStateChangedWhenResumed]
06-22 00:00:10.781  1298  1503 D DdcciManagerService-cfd: noteScreenBrightness, state:ON, brightness:0
06-22 00:00:10.788  1830  1830 I am_on_paused_called: [0,com.android.launcher3.Launcher,performPause]
06-22 00:00:10.792  1298  1551 I am_add_to_stopping: [0,246740490,com.android.launcher3/.Launcher,completePauseLocked]
06-22 00:00:10.796  1298  1353 I am_stop_activity: [0,246740490,com.android.launcher3/.Launcher]
06-22 00:00:10.802  1830  1830 I am_on_stop_called: [0,com.android.launcher3.Launcher,sleeping]
06-22 00:00:10.802  1298  1369 D DisplayPowerController: DisplayPowerController autoBrightnessEnabled: false
06-22 00:00:10.803  1298  1369 V DisplayPowerController: Brightness [0] reason changing to: 'screen_off', previous reason: 'manual'.
06-22 00:00:10.803  1298  1369 D DisplayPowerController: DisplayPowerController autoBrightnessEnabled: false
06-22 00:00:10.803  1298  1353 I DisplayManagerService: Display device changed state: "Built-in Screen", OFF
06-22 00:00:10.806  1298  1298 D PoeManager: onDisplayChanged, displayId:0
06-22 00:00:10.985  1298  1359 I am_meminfo: [671420416,1695617024,12288,241643520,513963008]
06-22 00:00:10.994  1298  1359 I am_pss  : [1759,1000,com.android.settings,27072512,16117760,0,142839808,1,11,8]
06-22 00:00:11.003  1298  1359 I am_pss  : [2436,1000,com.android.keychain,5939200,3330048,0,95334400,1,20,7]
06-22 00:00:11.013  1298  1359 I am_pss  : [1889,10058,android.ext.services,7937024,4018176,0,100311040,1,6,8]
06-22 00:00:11.021  1298  1359 I am_pss  : [2788,10057,com.android.providers.calendar,7627776,4562944,0,97632256,1,20,7]
06-22 00:00:11.029  1298  1359 I am_pss  : [2368,10069,com.android.printspooler,6717440,3985408,0,97284096,1,20,7]
06-22 00:00:11.038  1298  1359 I am_pss  : [2659,10114,com.android.email,14005248,10465280,0,112160768,1,20,8]
06-22 00:00:11.047  1298  1359 I am_pss  : [2472,10042,android.process.media,14285824,9691136,0,116686848,1,20,7]
06-22 00:00:11.055  1298  1359 I am_pss  : [2974,10092,com.qualcomm.timeservice,5025792,2723840,0,85893120,1,20,6]
06-22 00:00:11.063  1298  1359 I am_pss  : [2950,10093,com.qualcomm.qti.qms.service.telemetry,14920704,2875392,0,84135936,1,20,7]
06-22 00:00:11.072  1298  1359 I am_pss  : [2927,1000,com.android.localtransport,5810176,3162112,0,96018432,1,20,7]
06-22 00:00:11.080  1298  1359 I am_pss  : [2908,10090,com.qualcomm.qti.qms.service.connectionsecurity,15906816,3837952,0,85086208,1,20,7]
06-22 00:00:11.088  1298  1359 I am_pss  : [2886,1001,com.qualcomm.qti.lpa,5407744,3174400,0,86446080,1,20,6]
06-22 00:00:11.096  1298  1359 I am_pss  : [2863,10089,com.qualcomm.qti.biometrics.fingerprint.service,5372928,3092480,0,86532096,1,20,7]
06-22 00:00:11.105  1298  1359 I am_pss  : [2838,1000,com.oem.engineeringmode.emlist,5854208,3338240,0,94355456,1,20,7]
06-22 00:00:11.113  1298  1359 I am_pss  : [2815,10066,com.android.traceur,9069568,6430720,0,95105024,1,20,7]
06-22 00:00:11.122  1298  1359 I am_pss  : [2765,10053,com.android.permissioncontroller,9955328,7323648,0,94670848,1,20,7]
06-22 00:00:11.130  1298  1359 I am_pss  : [2743,10044,com.android.packageinstaller,6513664,4255744,0,87855104,1,20,7]
06-22 00:00:11.138  1298  1359 I am_pss  : [2719,10100,com.android.onetimeinitializer,5343232,3059712,0,87375872,1,20,7]
06-22 00:00:11.147  1298  1359 I am_pss  : [1929,10110,com.android.inputmethod.latin,15105024,10801152,0,118030336,1,8,7]
06-22 00:00:11.156  1298  1359 I am_pss  : [2512,1000,com.qti.diagservices,6279168,3436544,0,98394112,1,11,7]
06-22 00:00:11.164  1298  1359 I am_pss  : [2354,1000,com.oem.location,5980160,3239936,0,96702464,1,9,6]
06-22 00:00:11.173  1298  1359 I am_pss  : [1507,1002,com.android.bluetooth,23896064,18833408,0,127815680,1,0,8]
06-22 00:00:11.181  1298  1359 I am_pss  : [2306,1000,com.qualcomm.qti.services.secureui:sui_service,6542336,3674112,0,98213888,1,0,7]
06-22 00:00:11.189  1298  1359 I am_pss  : [2280,1000,com.callback.emvcl,5812224,3215360,0,95555584,1,0,6]
06-22 00:00:11.197  1298  1359 I am_pss  : [2245,1000,com.callback.sdpl,5809152,3215360,0,95358976,1,0,6]
06-22 00:00:11.205  1298  1359 I am_pss  : [2220,1000,com.qualcomm.qti.workloadclassifier,8298496,5505024,0,99917824,1,0,6]
06-22 00:00:11.212  1298  1359 I am_pss  : [2196,1068,com.android.se,5686272,3330048,0,88047616,1,0,6]
06-22 00:00:11.220  1298  1359 I am_pss  : [2169,1000,com.callback.kms,5772288,3178496,0,95473664,1,0,6]
06-22 00:00:11.227  1298  1359 I am_pss  : [2142,1000,com.callback.emv,5892096,3297280,0,95608832,1,0,6]
06-22 00:00:11.236  1298  1359 I am_pss  : [1726,1001,com.android.phone,18836480,14360576,0,113872896,1,0,7]
06-22 00:00:11.244  1298  1359 I am_pss  : [1680,1000,com.elo.EloCoreApp,6189056,3387392,0,97828864,1,0,6]
06-22 00:00:11.252  1298  1359 I am_pss  : [1669,1001,.qtidataservices,8143872,5189632,0,101670912,1,0,6]
06-22 00:00:11.260  1298  1359 I am_pss  : [1607,1001,.dataservices,7841792,4853760,0,100528128,1,0,7]
06-22 00:00:11.274  1298  1359 I am_pss  : [1531,10104,com.android.systemui,124564480,113205248,0,272670720,1,0,11]
06-22 00:00:11.290  1298  1359 I am_pss  : [1298,1000,system,133608448,111050752,0,297979904,1,0,14]
06-22 00:00:11.292  1298  1359 D DdcciManagerService: onDisplayChanged, displayId:0
06-22 00:00:12.451  1298  1369 D DisplayPowerController: DisplayPowerController autoBrightnessEnabled: false
06-22 00:00:12.452  1298  1369 D PowerManagerService: flash white led
06-22 00:00:12.459  1298  1298 I sysui_multi_action: [757,198,758,2,759,2,1359,2255,1695,0]
06-22 00:00:12.460  1298  1298 I power_screen_state: [0,2,0,0,2255]
06-22 00:00:12.460  1298  1298 I screen_toggled: 0
06-22 00:00:12.460  1298  1298 I sysui_multi_action: [757,804,799,screen_timeout,801,2147483,802,1]
06-22 00:00:12.460  1298  1298 I power_screen_broadcast_send: 1
06-22 00:00:12.535   683   683 I auditd  : type=1400 audit(0.0:19): avc: denied { read } for comm="cec@1.0-service" name="pa" dev="sysfs" ino=32090 scontext=u:r:hal_tv_cec_default:s0 tcontext=u:object_r:sysfs:s0 tclass=file permissive=0
06-22 00:00:12.537  1298  1298 I power_screen_broadcast_done: [1,76,1]
06-22 00:00:12.537  1298  1298 I power_screen_broadcast_send: 1
06-22 00:00:12.545  1298  1298 V HdmiControlService: On standby-action cleared:4
