01-01 09:57:41.297     0     0 I arch_timer: cp15 and mmio timer(s) running at 19.20MHz (virt/virt).
01-01 09:57:41.298     0     0 I         : Calibrating delay loop (skipped), value calculated using timer frequency.. 38.40 BogoMIPS (lpj=192000)
01-01 09:57:41.364     0     0 I arch_timer: Enabling local workaround for ARM erratum 858921
01-01 09:57:41.364     0     0 I arch_timer: CPU4: Trapping CNTVCT access
01-01 09:57:41.375     0     0 I arch_timer: Enabling local workaround for ARM erratum 858921
01-01 09:57:41.375     0     0 I arch_timer: CPU5: Trapping CNTVCT access
01-01 09:57:41.385     0     0 I arch_timer: Enabling local workaround for ARM erratum 858921
01-01 09:57:41.385     0     0 I arch_timer: CPU6: Trapping CNTVCT access
01-01 09:57:41.396     0     0 I arch_timer: Enabling local workaround for ARM erratum 858921
01-01 09:57:41.396     0     0 I arch_timer: CPU7: Trapping CNTVCT access
01-01 09:57:41.591     0     0 I KPI     : Kernel MPM timestamp = 130750
01-01 09:57:41.818     0     0 I workingset: timestamp_bits=45 max_order=20 bucket_order=0
01-01 09:57:41.849     0     0 I msm_serial c170000.serial: uartclk = 1843200
01-01 09:57:42.194     0     0 I qcom,qpnp-rtc 800f000.qcom,spmi: qcom,pm660@0:qcom,pm660_rtc: rtc core: registered qpnp_rtc as rtc0
01-01 09:57:42.337     0     0 I mmc0    : Out-of-interrupt timeout is 100[ms]
01-01 09:57:42.413     0     0 I xt_time : kernel timezone is -0000
01-01 09:57:42.455     0     0 I         : Loaded X.509 cert 'Build time autogenerated kernel key: dc494774cc0707604fc548e3dd298e8921ec799a'
01-01 09:57:42.500     0     0 I qcom,qpnp-rtc 800f000.qcom,spmi: qcom,pm660@0:qcom,pm660_rtc: setting system clock to 1970-01-01 14:57:42 UTC (53862)
01-01 09:57:43.185     0     0 I apexd   : Found /system/apex/com.android.runtime.debug
01-01 09:57:45.630   568   568 D QSEECOMD: : Init dlopen(libdrmtime.so, RTLD_NOW) succeeds
01-01 09:57:45.630   568   568 D QSEECOMD: : Init::Init dlsym(g_FSHandle atime_start) succeeds
01-01 09:57:45.630   568   568 D DrmLibTime: QSEE Time Listener: atime_start
01-01 09:57:45.631   568   568 D DrmLibTime: Creating a pthread in atime_start is done! return 0
01-01 09:57:45.631   568   568 D QSEECOMD: : Init atime_start ret = 0
01-01 09:57:45.631   568   568 D QSEECOMD: : time services: Started (Listener ID = 11)
01-01 09:57:45.631   568   574 D DrmLibTime: before calling ioctl to read the next time_cmd
01-01 09:57:45.842     0     0 I EXT4-fs (mmcblk0p75): mounted filesystem with ordered data mode. Opts: barrier=1,noauto_da_alloc,discard,lazytime
01-01 09:57:46.042   609   609 I apexd   : Found "/apex/com.android.runtime@1"
01-01 09:57:46.042     0     0 I apexd   : Found "/apex/com.android.runtime@1"
01-01 09:57:46.043   609   609 I apexd   : Found /system/apex/com.android.runtime.debug
01-01 09:57:46.043   609   609 I apexd   : Skipping activation of /system/apex/com.android.runtime.debug same package with higher version 1 is already active
01-01 09:57:46.197   615   615 I /system/bin/tzdatacheck: timezone distro dir /data/misc/zoneinfo/current does not exist. No action required.
01-01 09:57:46.391   622   622 D QC-time-services: Daemon:genoff_pre_init::Base = 0
01-01 09:57:46.391   622   622 D QC-time-services: Daemon:ats_rtc_init: Time read from RTC -- year = 70, month = 0,day = 1
01-01 09:57:46.392   622   622 D QC-time-services: Daemon ats_rtc_init: seconds = 53866
01-01 09:57:46.392   622   622 D QC-time-services: Daemon:Value read from RTC seconds = 53866000
01-01 09:57:46.392   622   622 D QC-time-services: Daemon:genoff_init_config: ATS_RTC initialized with rc: 0
01-01 09:57:46.392   622   622 D QC-time-services: Daemon:genoff_pre_init::Base = 1
01-01 09:57:46.392   622   622 D QC-time-services: Daemon: Storage Name: ats_1 
01-01 09:57:46.392   622   622 D QC-time-services: Daemon:Opening File: /mnt/vendor/persist/time/ats_1 /data/vendor/time/ats_1
01-01 09:57:46.392   622   622 D QC-time-services: Daemon:time_persistent_memory_opr:Genoff Read operation 
01-01 09:57:46.397   622   622 D QC-time-services: Daemon:Open File: /mnt/vendor/persist/time/ats_1
01-01 09:57:46.398   622   622 D QC-time-services: Daemon:genoff_pre_init::Base = 2
01-01 09:57:46.398   622   622 D QC-time-services: Daemon: Storage Name: ats_2 
01-01 09:57:46.398   622   622 D QC-time-services: Daemon:Opening File: /mnt/vendor/persist/time/ats_2 /data/vendor/time/ats_2
01-01 09:57:46.398   622   622 D QC-time-services: Daemon:time_persistent_memory_opr:Genoff Read operation 
01-01 09:57:46.398   622   622 D QC-time-services: Daemon:Open File: /mnt/vendor/persist/time/ats_2
01-01 09:57:46.399   622   622 D QC-time-services: Daemon:genoff_pre_init::Base = 3
01-01 09:57:46.399   622   622 D QC-time-services: Daemon: Storage Name: ats_3 
01-01 09:57:46.399   622   622 D QC-time-services: Daemon:Opening File: /mnt/vendor/persist/time/ats_3 /data/vendor/time/ats_3
01-01 09:57:46.399   622   622 D QC-time-services: Daemon:time_persistent_memory_opr:Genoff Read operation 
01-01 09:57:46.399   622   622 D QC-time-services: Daemon:Open File: /mnt/vendor/persist/time/ats_3
01-01 09:57:46.399   622   622 D QC-time-services: Daemon:Unable to open filefor read
01-01 09:57:46.399   622   622 D QC-time-services: Daemon:genoff_post_init:Error in accessing storage
01-01 09:57:46.399   622   622 D QC-time-services: Daemon:genoff_pre_init::Base = 4
01-01 09:57:46.399   622   622 D QC-time-services: Daemon: Storage Name: ats_4 
01-01 09:57:46.399   622   622 D QC-time-services: Daemon:Opening File: /mnt/vendor/persist/time/ats_4 /data/vendor/time/ats_4
01-01 09:57:46.399   622   622 D QC-time-services: Daemon:time_persistent_memory_opr:Genoff Read operation 
01-01 09:57:46.399   622   622 D QC-time-services: Daemon:Open File: /mnt/vendor/persist/time/ats_4
01-01 09:57:46.399   622   622 D QC-time-services: Daemon:Unable to open filefor read
01-01 09:57:46.399   622   622 D QC-time-services: Daemon:genoff_post_init:Error in accessing storage
01-01 09:57:46.399   622   622 D QC-time-services: Daemon:genoff_pre_init::Base = 5
01-01 09:57:46.399   622   622 D QC-time-services: Daemon: Storage Name: ats_5 
01-01 09:57:46.399   622   622 D QC-time-services: Daemon:Opening File: /mnt/vendor/persist/time/ats_5 /data/vendor/time/ats_5
01-01 09:57:46.399   622   622 D QC-time-services: Daemon:time_persistent_memory_opr:Genoff Read operation 
01-01 09:57:46.399   622   622 D QC-time-services: Daemon:Open File: /mnt/vendor/persist/time/ats_5
01-01 09:57:46.399   622   622 D QC-time-services: Daemon:Unable to open filefor read
01-01 09:57:46.399   622   622 D QC-time-services: Daemon:genoff_post_init:Error in accessing storage
01-01 09:57:46.399   622   622 D QC-time-services: Daemon:genoff_pre_init::Base = 6
01-01 09:57:46.399   622   622 D QC-time-services: Daemon: Storage Name: ats_6 
01-01 09:57:46.399   622   622 D QC-time-services: Daemon:Opening File: /mnt/vendor/persist/time/ats_6 /data/vendor/time/ats_6
01-01 09:57:46.399   622   622 D QC-time-services: Daemon:time_persistent_memory_opr:Genoff Read operation 
01-01 09:57:46.399   622   622 D QC-time-services: Daemon:Open File: /mnt/vendor/persist/time/ats_6
01-01 09:57:46.399   622   622 D QC-time-services: Daemon:Unable to open filefor read
01-01 09:57:46.399   622   622 D QC-time-services: Daemon:genoff_post_init:Error in accessing storage
01-01 09:57:46.399   622   622 D QC-time-services: Daemon:genoff_pre_init::Base = 7
01-01 09:57:46.399   622   622 D QC-time-services: Daemon: Storage Name: ats_7 
01-01 09:57:46.399   622   622 D QC-time-services: Daemon:Opening File: /mnt/vendor/persist/time/ats_7 /data/vendor/time/ats_7
01-01 09:57:46.399   622   622 D QC-time-services: Daemon:time_persistent_memory_opr:Genoff Read operation 
01-01 09:57:46.399   622   622 D QC-time-services: Daemon:Open File: /mnt/vendor/persist/time/ats_7
01-01 09:57:46.399   622   622 D QC-time-services: Daemon:Unable to open filefor read
01-01 09:57:46.399   622   622 D QC-time-services: Daemon:genoff_post_init:Error in accessing storage
01-01 09:57:46.399   622   622 D QC-time-services: Daemon:genoff_pre_init::Base = 8
01-01 09:57:46.399   622   622 D QC-time-services: Daemon: Storage Name: ats_8 
01-01 09:57:46.399   622   622 D QC-time-services: Daemon:Opening File: /mnt/vendor/persist/time/ats_8 /data/vendor/time/ats_8
01-01 09:57:46.399   622   622 D QC-time-services: Daemon:time_persistent_memory_opr:Genoff Read operation 
01-01 09:57:46.399   622   622 D QC-time-services: Daemon:Open File: /mnt/vendor/persist/time/ats_8
01-01 09:57:46.399   622   622 D QC-time-services: Daemon:Unable to open filefor read
01-01 09:57:46.399   622   622 D QC-time-services: Daemon:genoff_post_init:Error in accessing storage
01-01 09:57:46.399   622   622 D QC-time-services: Daemon:genoff_pre_init::Base = 9
01-01 09:57:46.399   622   622 D QC-time-services: Daemon: Storage Name: ats_9 
01-01 09:57:46.399   622   622 D QC-time-services: Daemon:Opening File: /mnt/vendor/persist/time/ats_9 /data/vendor/time/ats_9
01-01 09:57:46.399   622   622 D QC-time-services: Daemon:time_persistent_memory_opr:Genoff Read operation 
01-01 09:57:46.399   622   622 D QC-time-services: Daemon:Open File: /mnt/vendor/persist/time/ats_9
01-01 09:57:46.399   622   622 D QC-time-services: Daemon:Unable to open filefor read
01-01 09:57:46.399   622   622 D QC-time-services: Daemon:genoff_post_init:Error in accessing storage
01-01 09:57:46.399   622   622 D QC-time-services: Daemon:genoff_pre_init::Base = 10
01-01 09:57:46.399   622   622 D QC-time-services: Daemon: Storage Name: ats_10 
01-01 09:57:46.399   622   622 D QC-time-services: Daemon:Opening File: /mnt/vendor/persist/time/ats_10 /data/vendor/time/ats_10
01-01 09:57:46.399   622   622 D QC-time-services: Daemon:time_persistent_memory_opr:Genoff Read operation 
01-01 09:57:46.399   622   622 D QC-time-services: Daemon:Open File: /mnt/vendor/persist/time/ats_10
01-01 09:57:46.399   622   622 D QC-time-services: Daemon:Unable to open filefor read
01-01 09:57:46.399   622   622 D QC-time-services: Daemon:genoff_post_init:Error in accessing storage
01-01 09:57:46.399   622   622 D QC-time-services: Daemon:genoff_pre_init::Base = 11
01-01 09:57:46.399   622   622 D QC-time-services: Daemon: Storage Name: ats_11 
01-01 09:57:46.399   622   622 D QC-time-services: Daemon:Opening File: /mnt/vendor/persist/time/ats_11 /data/vendor/time/ats_11
01-01 09:57:46.399   622   622 D QC-time-services: Daemon:time_persistent_memory_opr:Genoff Read operation 
01-01 09:57:46.399   622   622 D QC-time-services: Daemon:Open File: /mnt/vendor/persist/time/ats_11
01-01 09:57:46.399   622   622 D QC-time-services: Daemon:Unable to open filefor read
01-01 09:57:46.399   622   622 D QC-time-services: Daemon:genoff_post_init:Error in accessing storage
01-01 09:57:46.399   622   622 D QC-time-services: Daemon:genoff_pre_init::Base = 12
01-01 09:57:46.399   622   622 D QC-time-services: Daemon: Storage Name: ats_12 
01-01 09:57:46.399   622   622 D QC-time-services: Daemon:Opening File: /mnt/vendor/persist/time/ats_12 /data/vendor/time/ats_12
01-01 09:57:46.399   622   622 D QC-time-services: Daemon:time_persistent_memory_opr:Genoff Read operation 
01-01 09:57:46.399   622   622 D QC-time-services: Daemon:Open File: /mnt/vendor/persist/time/ats_12
01-01 09:57:46.399   622   622 D QC-time-services: Daemon:Unable to open filefor read
01-01 09:57:46.399   622   622 D QC-time-services: Daemon:genoff_post_init:Error in accessing storage
01-01 09:57:46.399   622   622 D QC-time-services: Daemon:genoff_pre_init::Base = 13
01-01 09:57:46.399   622   622 D QC-time-services: Daemon: Storage Name: ats_13 
01-01 09:57:46.399   622   622 D QC-time-services: Daemon:Opening File: /mnt/vendor/persist/time/ats_13 /data/vendor/time/ats_13
01-01 09:57:46.399   622   622 D QC-time-services: Daemon:time_persistent_memory_opr:Genoff Read operation 
01-01 09:57:46.399   622   622 D QC-time-services: Daemon:Open File: /mnt/vendor/persist/time/ats_13
01-01 09:57:46.399   622   622 D QC-time-services: Daemon:Unable to open filefor read
01-01 09:57:46.399   622   622 D QC-time-services: Daemon:genoff_post_init:Error in accessing storage
01-01 09:57:46.399   622   622 D QC-time-services: Daemon:genoff_pre_init::Base = 14
01-01 09:57:46.399   622   622 D QC-time-services: Daemon: Storage Name: ats_14 
01-01 09:57:46.399   622   622 D QC-time-services: Daemon:Opening File: /mnt/vendor/persist/time/ats_14 /data/vendor/time/ats_14
01-01 09:57:46.399   622   622 D QC-time-services: Daemon:time_persistent_memory_opr:Genoff Read operation 
01-01 09:57:46.399   622   622 D QC-time-services: Daemon:Open File: /mnt/vendor/persist/time/ats_14
01-01 09:57:46.399   622   622 D QC-time-services: Daemon:Unable to open filefor read
01-01 09:57:46.399   622   622 D QC-time-services: Daemon:genoff_post_init:Error in accessing storage
01-01 09:57:46.399   622   622 D QC-time-services: Daemon:genoff_pre_init::Base = 15
01-01 09:57:46.399   622   622 D QC-time-services: Daemon: Storage Name: ats_15 
01-01 09:57:46.399   622   622 D QC-time-services: Daemon:Opening File: /mnt/vendor/persist/time/ats_15 /data/vendor/time/ats_15
01-01 09:57:46.399   622   622 D QC-time-services: Daemon:time_persistent_memory_opr:Genoff Read operation 
01-01 09:57:46.399   622   622 D QC-time-services: Daemon:Open File: /mnt/vendor/persist/time/ats_15
01-01 09:57:46.399   622   622 D QC-time-services: Daemon:Unable to open filefor read
01-01 09:57:46.399   622   622 D QC-time-services: Daemon:genoff_post_init:Error in accessing storage
01-01 09:57:46.400   622   622 D QC-time-services: Daemon:genoff_pre_init::Base = 16
01-01 09:57:46.400   622   622 D QC-time-services: Daemon: Storage Name: ats_16 
01-01 09:57:46.400   622   622 D QC-time-services: Daemon:Opening File: /mnt/vendor/persist/time/ats_16 /data/vendor/time/ats_16
01-01 09:57:46.400   622   622 D QC-time-services: Daemon:time_persistent_memory_opr:Genoff Read operation 
01-01 09:57:46.400   622   622 D QC-time-services: Daemon:Open File: /mnt/vendor/persist/time/ats_16
01-01 09:57:46.400   622   622 D QC-time-services: Daemon:genoff_pre_init::Base = 17
01-01 09:57:46.400   622   622 D QC-time-services: Daemon: Storage Name: ats_17 
01-01 09:57:46.400   622   622 D QC-time-services: Daemon:Opening File: /mnt/vendor/persist/time/ats_17 /data/vendor/time/ats_17
01-01 09:57:46.400   622   622 D QC-time-services: Daemon:time_persistent_memory_opr:Genoff Read operation 
01-01 09:57:46.400   622   622 D QC-time-services: Daemon:Open File: /mnt/vendor/persist/time/ats_17
01-01 09:57:46.400   622   622 D QC-time-services: Daemon:Unable to open filefor read
01-01 09:57:46.400   622   622 D QC-time-services: Daemon:genoff_post_init:Error in accessing storage
01-01 09:57:46.400   622   622 D QC-time-services: Daemon:genoff_pre_init::Base = 18
01-01 09:57:46.400   622   622 D QC-time-services: Daemon: Storage Name: ats_18 
01-01 09:57:46.400   622   622 D QC-time-services: Daemon:Opening File: /mnt/vendor/persist/time/ats_18 /data/vendor/time/ats_18
01-01 09:57:46.400   622   622 D QC-time-services: Daemon:time_persistent_memory_opr:Genoff Read operation 
01-01 09:57:46.400   622   622 D QC-time-services: Daemon:Open File: /mnt/vendor/persist/time/ats_18
01-01 09:57:46.400   622   622 D QC-time-services: Daemon:Unable to open filefor read
01-01 09:57:46.400   622   622 D QC-time-services: Daemon:genoff_post_init:Error in accessing storage
01-01 09:57:46.400   622   622 D QC-time-services: Daemon:genoff_init_config: Other bases initilized, exiting genoff_init
01-01 09:57:46.400   622   622 D QC-time-services: Daemon:rtc_get: Time read from RTC -- MM/DD/YY HH:MM:SS0/1/70 14:57:46
01-01 09:57:46.400   622   622 D QC-time-services: Daemon rtc_get: seconds = 53866
01-01 09:57:46.400   622   622 D QC-time-services: Daemon:Value read from RTC mseconds = 53866000
01-01 09:57:46.400   622   622 D QC-time-services: Daemon:Value read from QTimer mseconds = 8792
01-01 09:57:46.400   622   622 D QC-time-services: Daemon:genoff_opr: Base = 1, val = 0, operation = 1
01-01 09:57:46.400   622   622 D QC-time-services: Daemon: genoff get for 1
01-01 09:57:46.400   622   622 D QC-time-services: Daemon:Value read from QTimer mseconds = 8793
01-01 09:57:46.400   622   622 D QC-time-services: Daemon:Value read from RTC mseconds on boot = 53866000
01-01 09:57:46.400   622   622 D QC-time-services: Daemon:Value read from QTimer mseconds = 8793
01-01 09:57:46.400   622   622 D QC-time-services: Daemon:Value read from generic offset = 0
01-01 09:57:46.400   622   622 D QC-time-services: Daemon:Delta read on boot mseconds = 53857208
01-01 09:57:46.400   622   622 D QC-time-services: Daemon:Final Time = 53866001
01-01 09:57:46.400   622   622 D QC-time-services: Daemon:genoff_opr: Base = 18, val = 53866001, operation = 1
01-01 09:57:46.400   622   622 D QC-time-services: Daemon: genoff get for 18
01-01 09:57:46.400   622   622 D QC-time-services: Daemon:Value read from QTimer mseconds = 8793
01-01 09:57:46.400   622   622 D QC-time-services: Daemon:Value read from RTC mseconds on boot = 53866000
01-01 09:57:46.400   622   622 D QC-time-services: Daemon:Value read from QTimer mseconds = 8793
01-01 09:57:46.400   622   622 D QC-time-services: Daemon:Value read from generic offset = 0
01-01 09:57:46.400   622   622 D QC-time-services: Daemon:Delta read on boot mseconds = 53857208
01-01 09:57:46.400   622   622 D QC-time-services: Daemon:Final Time = 53866001
01-01 09:57:46.400   622   622 D QC-time-services: Daemon:genoff_boot_tod_init: Updating system time to sec=53866, usec=1000
01-01 09:57:46.707   631   631 D AndroidRuntime: >>>>>> START com.android.internal.os.ZygoteInit uid 0 <<<<<<
01-01 09:57:46.841   622   622 D QC-time-services: Daemon:genoff_modem_qmi_init: Initializing QMI 
01-01 09:57:46.869   622   733 D QC-time-services: Daemon: Time-services: All initializations done
01-01 09:57:46.869   622   733 E QC-time-services: Daemon: Time-services: Waiting to acceptconnection
01-01 09:57:46.898   631   631 I AndroidRuntime: Using default boot image
01-01 09:57:46.898   631   631 I AndroidRuntime: Leaving lock profiling enabled
01-01 09:57:46.909   632   632 D AndroidRuntime: >>>>>> START com.android.internal.os.ZygoteInit uid 0 <<<<<<
01-01 09:57:46.918   631   631 I zygote64: option[17]=--runtime-arg
01-01 09:57:46.919   631   631 I zygote64: option[21]=--runtime-arg
01-01 09:57:46.919   631   631 I zygote64: option[29]=--runtime-arg
01-01 09:57:46.919   631   631 I zygote64: option[33]=--runtime-arg
01-01 09:57:46.939   713   713 I PerMgrSrv: power-off timeout 500,ms; event-ack timeout 200,ms; debug-mode false
01-01 09:57:47.005   632   632 I AndroidRuntime: Using default boot image
01-01 09:57:47.005   632   632 I AndroidRuntime: Leaving lock profiling enabled
01-01 09:57:47.024   632   632 I zygote  : option[17]=--runtime-arg
01-01 09:57:47.025   632   632 I zygote  : option[21]=--runtime-arg
01-01 09:57:47.025   632   632 I zygote  : option[29]=--runtime-arg
01-01 09:57:47.025   632   632 I zygote  : option[33]=--runtime-arg
01-01 09:57:47.124   680   680 I SDM     : StrategyImpl::SetIdleTimeoutMs: Idle timeout: active = 70, inactive = 520
01-01 09:57:47.125     0     0 W QSEECOM : qseecom_load_app: App (soter64) does'nt exist, loading apps for first time
01-01 09:57:47.435   716   716 I AudioFlinger: Using default 3000 mSec as standby time.
01-01 09:57:47.759     0     0 E firmware msadp: _request_firmware_load: firmware state wait timeout: rc = -2
01-01 09:57:47.790   901   901 I CNSS    : initialize_cnsslog_timer: create cnss log timer 
01-01 09:57:48.114   949   949 W media.codec: libminijail[949]: allowing syscall: clock_gettime
01-01 09:57:48.232   630   630 I netd    : Setting up IdletimerController hooks: 0.1ms
01-01 09:57:48.515   622   628 D QC-time-services: Daemon:time_service_modem_serv_notify_cb: QMI service is up 
01-01 09:57:48.515   622   729 D QC-time-services: Daemon:genoff_modem_qmi_service_handle_cb: QMI service handle cb called 
01-01 09:57:48.529   622   729 D QC-time-services: Daemon:genoff_modem_qmi_service_handle_cb: qmi_client_get_service_list for local returned 0num_services 1 num_entries 1
01-01 09:57:48.535   622   729 D QC-time-services: Daemon:genoff_modem_qmi_service_handle_cb: Initial transaction successful
01-01 09:57:48.538   728  1131 I tftp_server: pid=728 tid=1131 tftp-server : INF :[tftp_server.c, 1318] RRQ stats [port: 0]: sent_size = 39 total-blocks = 0 total-bytes = 0 timedout-pkts = 0, wrong-pkts 
01-01 09:57:48.538   728  1131 I tftp_server: pid=728 tid=1131 tftp-server : INF :[tftp_server.c, 1329] RRQ time stats : Total : [TX, RX] = [36, 1404]
01-01 09:57:48.538   728  1131 I tftp_server: pid=728 tid=1131 tftp-server : INF :[tftp_server.c, 1336] RRQ time stats [port: 39]: Tx/Rx [Min, Max] = [36, 36, 1404, 1404]
01-01 09:57:48.928   674   674 E mm-camera: <MCT   ><ERROR> 179: stop_sof_check_thread: Returning as SOF timer thread not yet initialized
01-01 09:57:49.143   674   674 E mm-camera: <MCT   ><ERROR> 179: stop_sof_check_thread: Returning as SOF timer thread not yet initialized
01-01 09:57:49.232   674  1276 E mm-camera: <SENSOR><ERROR> 249: module_sensor_offload_init_config: failed to get led off frame skip time
01-01 09:57:49.249   674   674 E mm-camera: <MCT   ><ERROR> 179: stop_sof_check_thread: Returning as SOF timer thread not yet initialized
01-01 09:57:49.345     0     0 E WLED    : wled_get_ovp_fault_status: WLED OVP fault detected, detect_time= 100 us
01-01 09:57:49.352   631   631 I zygote64: VMRuntime.preloadDexCaches starting
01-01 09:57:49.384   631   631 I zygote64: VMRuntime.preloadDexCaches strings total=386998 before=10255 after=10255
01-01 09:57:49.384   631   631 I zygote64: VMRuntime.preloadDexCaches types total=36469 before=7394 after=7663
01-01 09:57:49.384   631   631 I zygote64: VMRuntime.preloadDexCaches fields total=163855 before=8034 after=8235
01-01 09:57:49.384   631   631 I zygote64: VMRuntime.preloadDexCaches methods total=286372 before=11208 after=11641
01-01 09:57:49.384   631   631 I zygote64: VMRuntime.preloadDexCaches finished
01-01 09:57:49.412   674  1315 E mm-camera: <SENSOR><ERROR> 249: module_sensor_offload_init_config: failed to get led off frame skip time
01-01 09:57:49.422   674   674 E mm-camera: <MCT   ><ERROR> 179: stop_sof_check_thread: Returning as SOF timer thread not yet initialized
01-01 09:57:49.567   674  1236 E mm-camera: <MCT   ><ERROR> 179: stop_sof_check_thread: Returning as SOF timer thread not yet initialized
01-01 09:57:49.578   728  1130 I tftp_server: pid=728 tid=1130 tftp-server : INF :[tftp_server.c, 1499] WRQ stats : total-blocks = 1 : total-bytes = 5 : 5 timedout-pkts = 0, wrong-pkts = 0
01-01 09:57:49.578   728  1130 I tftp_server: pid=728 tid=1130 tftp-server : INF :[tftp_server.c, 1511] WRQ time stats : Total : [TX, RX] = [58, 1051598]
01-01 09:57:49.578   728  1130 I tftp_server: pid=728 tid=1130 tftp-server : INF :[tftp_server.c, 1515] WRQ time stats : Tx [Min, Max] = [25, 33]
01-01 09:57:49.578   728  1130 I tftp_server: pid=728 tid=1130 tftp-server : INF :[tftp_server.c, 1520] WRQ time stats [port : 29]: Rx [Min, Max] = [460, 1051138]
01-01 09:57:49.597  1300  1300 D BootAnimation: BootAnimationStartTiming start time: 8700ms
01-01 09:57:49.597  1300  1300 D BootAnimation: BootAnimationPreloadTiming start time: 8700ms
01-01 09:57:49.600  1300  1300 D BootAnimation: BootAnimationPreloadStopTiming start time: 8703ms
01-01 09:57:49.632     0     0 E         : msm_pcm_path_latency_ctl_get substream runtime not found
01-01 09:57:49.650  1300  1415 D BootAnimation: BootAnimationShownTiming start time: 8753ms
01-01 09:57:49.651     0     0 E         : msm_pcm_path_latency_ctl_get substream runtime not found
01-01 09:57:49.672   674  1391 E mm-camera: <SENSOR><ERROR> 249: module_sensor_offload_init_config: failed to get led off frame skip time
01-01 09:57:49.687   674   674 E mm-camera: <MCT   ><ERROR> 179: stop_sof_check_thread: Returning as SOF timer thread not yet initialized
01-01 09:57:49.832   670   670 D         : [ACPH]->DSP RTC service registered with ACPH
01-01 09:57:49.832   670   670 D         : [ACPH]->MCS RTC service registered with ACPH
01-01 09:57:49.832   670   670 D         : [ACPH]->FTS RTC service registered with ACPH
01-01 09:57:49.832   670   670 D         : [ACPH]->ADIE RTC service registered with ACPH
01-01 09:57:49.936     0     0 E         : msm_pcm_path_latency_ctl_get substream runtime not found
01-01 09:57:49.949     0     0 E         : msm_pcm_path_latency_ctl_get substream runtime not found
01-01 09:57:50.051   728  1133 I tftp_server: pid=728 tid=1133 tftp-server : INF :[tftp_server.c, 1318] RRQ stats [port: 3689408]: sent_size = 40 total-blocks = 481 total-bytes = 3689408 timedout-pkts = 
01-01 09:57:50.051   728  1133 I tftp_server: pid=728 tid=1133 tftp-server : INF :[tftp_server.c, 1329] RRQ time stats : Total : [TX, RX] = [1223323, 266890]
01-01 09:57:50.051   728  1133 I tftp_server: pid=728 tid=1133 tftp-server : INF :[tftp_server.c, 1336] RRQ time stats [port: 40]: Tx/Rx [Min, Max] = [16, 8055, 247, 7417]







01-01 09:57:50.338   983  1118 I cnss-daemon: wlfw_send_cap_req: chip_id: 0x30214, chip_family 0x4001, board_id: 0xff, soc_id: 0x40050000, fw_version: 0x335480ff, fw_build_timestamp: 2020-11-09 15:03
01-01 09:57:50.448  1431  1481 E KernelCpuSpeedReader: Failed to read cpu-freq: /sys/devices/system/cpu/cpu4/cpufreq/stats/time_in_state: open failed: ENOENT (No such file or directory)
01-01 09:57:50.448  1431  1481 E KernelCpuSpeedReader: Failed to read cpu-freq: /sys/devices/system/cpu/cpu0/cpufreq/stats/time_in_state: open failed: ENOENT (No such file or directory)
01-01 09:57:51.086  1431  1502 I PackageParser: Parse times for '/system/priv-app/PlatformNetworkPermissionConfig': parse=115ms, update_cache=1 ms
01-01 09:57:51.090  1431  1503 I PackageParser: Parse times for '/system/priv-app/DocumentsUI': parse=140ms, update_cache=1 ms
01-01 09:57:51.091  1431  1501 I PackageParser: Parse times for '/system/priv-app/SnapdragonCamera': parse=159ms, update_cache=1 ms
01-01 09:57:51.095  1431  1500 I PackageParser: Parse times for '/system/priv-app/CellBroadcastReceiver': parse=211ms, update_cache=2 ms
01-01 09:57:51.244  1431  1500 I PackageParser: Parse times for '/system/priv-app/InProcessNetworkStack': parse=122ms, update_cache=2 ms
01-01 09:57:51.244  1431  1502 I PackageParser: Parse times for '/system/priv-app/LocalTransport': parse=119ms, update_cache=2 ms
01-01 09:57:51.250  1431  1501 I PackageParser: Parse times for '/system/priv-app/Telecom': parse=147ms, update_cache=2 ms
01-01 09:57:51.364  1431  1502 I PackageParser: Parse times for '/system/priv-app/DynamicSystemInstallationService': parse=119ms, update_cache=1 ms
01-01 09:57:51.364  1431  1500 I PackageParser: Parse times for '/system/priv-app/SDLGui': parse=119ms, update_cache=1 ms
01-01 09:57:51.364  1431  1501 I PackageParser: Parse times for '/system/priv-app/Tag': parse=113ms, update_cache=1 ms
01-01 09:57:51.418  1431  1503 I PackageParser: Parse times for '/system/priv-app/TeleService': parse=295ms, update_cache=3 ms
01-01 09:57:51.477  1431  1501 I PackageParser: Parse times for '/system/priv-app/ManagedProvisioning': parse=109ms, update_cache=3 ms
01-01 09:57:51.720  1431  1514 I PackageParser: Parse times for '/system/app/Key_Bridge': parse=103ms, update_cache=0 ms
01-01 09:57:51.720  1431  1515 I PackageParser: Parse times for '/system/app/BuiltInPrintService': parse=102ms, update_cache=1 ms
01-01 09:57:51.726  1431  1512 I PackageParser: Parse times for '/system/app/Bluetooth': parse=122ms, update_cache=1 ms
01-01 09:57:51.903  1431  1524 I PackageParser: Parse times for '/product/priv-app/CarrierConfig': parse=143ms, update_cache=1 ms
01-01 09:57:51.903  1431  1523 I PackageParser: Parse times for '/product/priv-app/dpmserviceapp': parse=126ms, update_cache=1 ms
01-01 09:57:52.028  1431  1524 I PackageParser: Parse times for '/product/priv-app/EmergencyInfo': parse=123ms, update_cache=2 ms
01-01 09:57:52.032  1431  1523 I PackageParser: Parse times for '/product/priv-app/Contacts': parse=127ms, update_cache=2 ms
01-01 09:57:52.039  1431  1525 I PackageParser: Parse times for '/product/priv-app/SystemUI': parse=277ms, update_cache=3 ms
01-01 09:57:52.118  1431  1522 I PackageParser: Parse times for '/product/priv-app/Settings': parse=338ms, update_cache=8 ms
01-01 09:57:52.219  1431  1431 I PackageManager: Finished scanning system apps. Time: 1478 ms, packageCount: 171 , timePerPackage: 8 , cached: 0
01-01 09:57:52.219  1431  1431 I PackageManager: Finished scanning non-system apps. Time: 0 ms, packageCount: 0 , timePerPackage: 0 , cached: 0
01-01 09:57:52.694  1431  1481 E KernelCpuSpeedReader: Failed to read cpu-freq: /sys/devices/system/cpu/cpu4/cpufreq/stats/time_in_state: open failed: ENOENT (No such file or directory)
01-01 09:57:52.695  1431  1481 E KernelCpuSpeedReader: Failed to read cpu-freq: /sys/devices/system/cpu/cpu0/cpufreq/stats/time_in_state: open failed: ENOENT (No such file or directory)
01-01 09:57:52.731  1431  1431 W EntropyMixer: 	at com.android.internal.os.RuntimeInit$MethodAndArgsCaller.run(RuntimeInit.java:492)
01-01 09:57:52.782  1431  1431 I SettingsState: 	at com.android.internal.os.RuntimeInit$MethodAndArgsCaller.run(RuntimeInit.java:492)
01-01 09:57:52.790  1431  1431 I SettingsState: 	at com.android.internal.os.RuntimeInit$MethodAndArgsCaller.run(RuntimeInit.java:492)
01-01 09:57:52.816  1431  1431 D AlarmManagerService: Kernel timezone updated to 300 minutes west of GMT
01-01 09:57:52.816  1431  1431 I AlarmManager: Current time only 53872816, advancing to build time 1618664015000
01-01 09:57:52.816  1431  1431 D AlarmManagerService: Setting time of day to sec=1618664015
01-01 09:57:56.781     0     0 E qcom-lpi-pinctrl 15070000.lpi_pinctrl: lpi_pinctrl_runtime_resume: unable to get core clk handle -2
01-01 09:57:56.877     0     0 E qcom-lpi-pinctrl 15070000.lpi_pinctrl: lpi_pinctrl_runtime_suspend: unable to get core clk handle -2
01-01 09:57:57.654     0     0 I [kworke][392568612][07:53:39.837829] wlan: [263:I:SYS] Creating periodic timer for OLBC UPDATE CACHE TIMEOUT
04-17 08:53:35.000  1431  1431 W AlarmManagerService: Unable to set rtc to 1618664015: Invalid argument
04-17 08:53:35.113  1431  1431 I InputManager: Enabling motion classifier because just booted: feature enabled, long press timeout = 400
04-17 08:53:35.285   632   632 I zygote  : VMRuntime.preloadDexCaches starting
04-17 08:53:35.312   632   632 I zygote  : VMRuntime.preloadDexCaches strings total=386998 before=10255 after=10255
04-17 08:53:35.312   632   632 I zygote  : VMRuntime.preloadDexCaches types total=36469 before=7394 after=7663
04-17 08:53:35.312   632   632 I zygote  : VMRuntime.preloadDexCaches fields total=163855 before=8034 after=8235
04-17 08:53:35.312   632   632 I zygote  : VMRuntime.preloadDexCaches methods total=286372 before=11208 after=11641
04-17 08:53:35.312   632   632 I zygote  : VMRuntime.preloadDexCaches finished
04-17 08:53:35.426  1431  1431 I SystemServiceManager: Starting com.android.server.timedetector.TimeDetectorService$Lifecycle
04-17 08:53:35.475  1431  1431 I UsbDeviceManager: 	at com.android.internal.os.RuntimeInit$MethodAndArgsCaller.run(RuntimeInit.java:492)
04-17 08:53:35.497  1431  1431 W JobScheduler: !!! RTC not yet good; tracking time updates for job scheduling
04-17 08:53:35.508  1431  1431 I SystemServer: RuntimeService
04-17 08:53:35.508  1431  1431 D SystemServerTiming: RuntimeService took to complete: 1ms
04-17 08:53:35.532  1431  1431 I SystemServer: StartShortcutServiceLifecycle
04-17 08:53:35.532  1431  1431 I SystemServiceManager: Starting com.android.server.pm.ShortcutService$Lifecycle
04-17 08:53:35.533  1431  1431 D SystemServerTiming: StartShortcutServiceLifecycle took to complete: 1ms
04-17 08:53:35.610  1431  1431 E SystemServiceRegistry: 	at com.android.internal.os.RuntimeInit$MethodAndArgsCaller.run(RuntimeInit.java:492)
04-17 08:53:35.630  1431  1481 E KernelCpuSpeedReader: Failed to read cpu-freq: /sys/devices/system/cpu/cpu4/cpufreq/stats/time_in_state: open failed: ENOENT (No such file or directory)
04-17 08:53:35.630  1431  1481 E KernelCpuSpeedReader: Failed to read cpu-freq: /sys/devices/system/cpu/cpu0/cpufreq/stats/time_in_state: open failed: ENOENT (No such file or directory)
04-17 08:53:35.802  1431  1431 W BestClock: java.time.DateTimeException: Missing NTP fix
04-17 08:53:35.826  1431  1591 W BestClock: java.time.DateTimeException: Missing NTP fix
04-17 08:53:35.832  1431  1431 I PackageWatchdog: Not pruning observers, elapsed time: 0ms
04-17 08:53:35.873  1431  1431 D SystemServiceManager: onStartUser-0 com.android.server.timedetector.TimeDetectorService$Lifecycle took to complete: 0ms
04-17 08:53:35.877  1431  1431 D SystemServiceManager: onStartUser-0 com.android.server.pm.ShortcutService$Lifecycle took to complete: 0ms
04-17 08:53:35.971  1431  1470 I InputManager: Enabling motion classifier because user switched: feature enabled, long press timeout = 400
04-17 08:53:36.165  1787  1787 E ContextImpl: 	at com.android.internal.os.RuntimeInit$MethodAndArgsCaller.run(RuntimeInit.java:492)
04-17 08:53:36.172  1699  1699 I AndroidRuntime: VM exiting with result code 0, cleanup skipped.
04-17 08:53:36.182  1681  1681 I AndroidRuntime: VM exiting with result code 0, cleanup skipped.
04-17 08:53:36.200  1628  1845 W bt_device_interop:  feature:: 15, key :: Car Multimedia, value :: Name_Based
04-17 08:53:36.250  1431  1481 E KernelCpuSpeedReader: Failed to read cpu-freq: /sys/devices/system/cpu/cpu4/cpufreq/stats/time_in_state: open failed: ENOENT (No such file or directory)
04-17 08:53:36.250  1431  1481 E KernelCpuSpeedReader: Failed to read cpu-freq: /sys/devices/system/cpu/cpu0/cpufreq/stats/time_in_state: open failed: ENOENT (No such file or directory)
04-17 08:53:36.467  1431  1476 I am_activity_launch_time: [0,224088417,com.android.settings/.FallbackHome,565]
04-17 08:53:36.757  1649  1649 D SystemUIBootTiming: StartServicescom.android.systemui.shortcut.ShortcutKeyDispatcher took to complete: 0ms
04-17 08:53:37.458  1300  1300 D BootAnimation: BootAnimationStopTiming start time: 14377ms
04-17 08:53:37.658  2177  2177 I bootstat: Service started: /system/bin/bootstat --record_boot_complete --record_boot_reason --record_time_since_factory_reset -l 
04-17 08:53:37.693  2177  2177 E bootstat: Failed to read /data/misc/bootstat/post_decrypt_time_elapsed: No such file or directory
04-17 08:53:37.693  2177  2177 E bootstat: Failed to parse boot time record: /data/misc/bootstat/post_decrypt_time_elapsed
04-17 08:53:37.769  2177  2177 I sysui_multi_action: [757,804,799,factory_reset_current_time,801,1618664017,802,1]
04-17 08:53:37.770  2177  2177 I sysui_multi_action: [757,804,799,absolute_boot_time,801,14,802,1]
04-17 08:53:37.770  2177  2177 I sysui_multi_action: [757,804,799,time_since_last_boot,801,0,802,1]
04-17 08:53:37.770  2177  2177 I sysui_multi_action: [757,804,799,last_boot_time_utc,801,1618664017,802,1]
04-17 08:53:37.770  2177  2177 I sysui_multi_action: [757,804,799,ro.boottime.init.cold_boot_wait,801,1471,802,1]
04-17 08:53:37.770  2177  2177 I sysui_multi_action: [757,804,799,ro.boottime.init,801,1286,802,1]
04-17 08:53:37.770  2177  2177 I sysui_multi_action: [757,804,799,factory_reset_current_time,801,1618664017,802,1]
04-17 08:53:37.770  2177  2177 I sysui_multi_action: [757,804,799,boottime.bootloader.total,801,0,802,1]
04-17 08:53:37.770  2177  2177 I sysui_multi_action: [757,804,799,time_since_factory_reset,801,-9,802,1]
04-17 08:53:37.770  2177  2177 I sysui_multi_action: [757,804,799,ro.boottime.init.selinux,801,113,802,1]
04-17 08:53:38.070   919  1505 D installd: Found storage mount /data/media at /mnt/runtime/default/emulated
04-17 08:53:38.090  1431  1477 D SystemServiceManager: onUnlockUser-0 com.android.server.timedetector.TimeDetectorService$Lifecycle took to complete: 0ms
04-17 08:53:38.094  1431  1477 D SystemServiceManager: onUnlockUser-0 com.android.server.pm.ShortcutService$Lifecycle took to complete: 0ms
04-17 08:53:38.166   673  2259 D vendor.qti.bluetooth@1.0-ibs_handler: ibs_spurious_wake_timer_start: Spurious wake timer created
04-17 08:53:38.213  1431  1470 I sysui_multi_action: [757,803,799,window_time_0,802,6]
04-17 08:53:38.533   892   892 D         : sem_timedwait() succeeded
04-17 08:53:38.535   892   892 D NxpHal  : Response timer started
04-17 08:53:38.540   892   892 D NxpHal  : Response timer stopped
04-17 08:53:38.540   892   892 D         : sem_timedwait() succeeded
04-17 08:53:38.544   892   892 D NxpHal  : Response timer started
04-17 08:53:38.547   892   892 D NxpHal  : Response timer stopped
04-17 08:53:38.547   892   892 D         : sem_timedwait() succeeded
04-17 08:53:38.551   892   892 D NxpHal  : Response timer started
04-17 08:53:38.554   892   892 D NxpHal  : Response timer stopped
04-17 08:53:38.568  2308  2308 W System.err: 	at com.android.internal.os.RuntimeInit$MethodAndArgsCaller.run(RuntimeInit.java:492)
04-17 08:53:38.612   901   901 I CNSS    : process_cnss_diag_msg: start cnss log timer 
04-17 08:53:38.663  2308  2571 I libnfc_nci: [INFO:gki_ulinux.cc(464)] Start/Stop GKI_timer_update_registered!
04-17 08:53:38.670   892   892 D         : sem_timedwait() succeeded
04-17 08:53:38.675   892   892 D         : sem_timedwait() succeeded
04-17 08:53:38.681   892   892 D         : sem_timedwait() succeeded
04-17 08:53:38.685   892   892 D NxpHal  : Response timer started
04-17 08:53:38.686   892   892 D NxpHal  : Response timer stopped
04-17 08:53:38.687   892   892 D         : sem_timedwait() succeeded
04-17 08:53:38.688   892   892 D NxpHal  : Response timer started
04-17 08:53:38.691   892   892 D NxpHal  : Response timer stopped
04-17 08:53:38.691   892   892 D         : sem_timedwait() succeeded
04-17 08:53:38.696   892   892 D NxpHal  : Response timer started
04-17 08:53:38.698   892   892 D NxpHal  : Response timer stopped
04-17 08:53:38.698   892   892 D         : sem_timedwait() succeeded
04-17 08:53:38.700   892   892 D NxpHal  : Response timer started
04-17 08:53:38.705   892   892 D NxpHal  : Response timer stopped
04-17 08:53:38.705   892   892 D         : sem_timedwait() succeeded
04-17 08:53:38.709   892   892 D NxpHal  : Response timer started
04-17 08:53:38.711   892   892 D NxpHal  : Response timer stopped
04-17 08:53:38.711   892   892 D         : sem_timedwait() succeeded
04-17 08:53:38.724   892   892 D NxpHal  : Response timer started
04-17 08:53:38.724   892   892 D NxpHal  : Response timer stopped
04-17 08:53:38.724   892   892 D         : sem_timedwait() succeeded
04-17 08:53:38.732   892   892 D NxpHal  : Response timer started
04-17 08:53:38.734   892   892 D NxpHal  : Response timer stopped
04-17 08:53:38.735   892   892 D         : sem_timedwait() succeeded
04-17 08:53:38.740   892   892 D NxpHal  : Response timer started
04-17 08:53:38.743   892   892 D NxpHal  : Response timer stopped
04-17 08:53:38.743   892   892 D         : sem_timedwait() succeeded
04-17 08:53:38.747   892   892 D NxpHal  : Response timer started
04-17 08:53:38.757   892   892 D NxpHal  : Response timer stopped
04-17 08:53:38.757   892   892 D         : sem_timedwait() succeeded
04-17 08:53:38.761   892   892 D NxpHal  : Response timer started
04-17 08:53:38.763   892   892 D NxpHal  : Response timer stopped
04-17 08:53:38.763   892   892 D         : sem_timedwait() succeeded
04-17 08:53:38.766   892   892 D NxpHal  : Response timer started
04-17 08:53:38.766  1905  1905 E libprocessgroup: set_timerslack_ns write failed: Operation not permitted
04-17 08:53:38.774   892   892 D NxpHal  : Response timer stopped
04-17 08:53:38.775   892   892 D         : sem_timedwait() succeeded
04-17 08:53:38.778   892   892 D NxpHal  : Response timer started
04-17 08:53:38.785   892   892 D NxpHal  : Response timer stopped
04-17 08:53:38.785   892   892 D         : sem_timedwait() succeeded
04-17 08:53:38.789   892   892 D NxpHal  : Response timer started
04-17 08:53:38.791   892   892 D NxpHal  : Response timer stopped
04-17 08:53:38.791   892   892 D         : sem_timedwait() succeeded
04-17 08:53:38.797   892   892 D NxpHal  : Response timer started
04-17 08:53:38.805   892   892 D NxpHal  : Response timer stopped
04-17 08:53:38.805   892   892 D         : sem_timedwait() succeeded
04-17 08:53:38.807   892   892 D NxpHal  : Response timer started
04-17 08:53:38.809   892   892 D NxpHal  : Response timer stopped
04-17 08:53:38.809   892   892 D         : sem_timedwait() succeeded
04-17 08:53:38.813   892   892 D NxpHal  : Response timer started
04-17 08:53:38.813   892   892 D NxpHal  : Response timer stopped
04-17 08:53:38.813   892   892 D         : sem_timedwait() succeeded
04-17 08:53:38.815   892   892 D NxpHal  : Response timer started
04-17 08:53:38.818   892   892 D NxpHal  : Response timer stopped
04-17 08:53:38.818   892   892 D         : sem_timedwait() succeeded
04-17 08:53:38.823   892   892 D NxpHal  : Response timer started
04-17 08:53:38.825   892   892 D NxpHal  : Response timer stopped
04-17 08:53:38.825   892   892 D         : sem_timedwait() succeeded
04-17 08:53:38.830   892   892 D NxpHal  : Response timer started
04-17 08:53:38.830   892   892 D NxpHal  : Response timer stopped
04-17 08:53:38.830   892   892 D         : sem_timedwait() succeeded
04-17 08:53:38.833   892   892 D NxpHal  : Response timer started
04-17 08:53:38.835   892   892 D NxpHal  : Response timer stopped
04-17 08:53:38.836   892   892 D         : sem_timedwait() succeeded
04-17 08:53:38.839   892   892 D NxpHal  : Response timer started
04-17 08:53:38.840   892   892 D NxpHal  : Response timer stopped
04-17 08:53:38.840   892   892 D         : sem_timedwait() succeeded
04-17 08:53:38.844   892   892 D NxpHal  : Response timer started
04-17 08:53:38.844   892   892 D NxpHal  : Response timer stopped
04-17 08:53:38.844   892   892 D         : sem_timedwait() succeeded
04-17 08:53:38.847   892   892 D NxpHal  : Response timer started
04-17 08:53:38.849   892   892 D NxpHal  : Response timer stopped
04-17 08:53:38.849   892   892 D         : sem_timedwait() succeeded
04-17 08:53:38.851   892   892 D NxpHal  : Response timer started
04-17 08:53:38.857   892   892 D NxpHal  : Response timer stopped
04-17 08:53:38.859   892   892 D         : sem_timedwait() succeeded
04-17 08:53:38.863  2308  2573 I libnfc_nci: [INFO:nfa_sys_ptim.cc(127)] nfa_sys_ptim_start_timer 0x7aee041870
04-17 08:53:38.863  2308  2573 I libnfc_nci: [INFO:nfa_sys_ptim.cc(131)] ptim timer start
04-17 08:53:38.863  2308  2573 I libnfc_nci: [INFO:nfa_sys_ptim.cc(127)] nfa_sys_ptim_start_timer 0x7aee041998
04-17 08:53:38.865  2308  2573 I libnfc_nci: [INFO:nfa_sys_ptim.cc(154)] nfa_sys_ptim_stop_timer 0x7aee041998
04-17 08:53:38.870   892   892 D         : sem_timedwait() succeeded
04-17 08:53:38.875   892   892 D         : sem_timedwait() succeeded
04-17 08:53:38.880   892   892 D         : sem_timedwait() succeeded
04-17 08:53:38.890  2308  2573 I libnfc_nci: [INFO:nfa_sys_ptim.cc(127)] nfa_sys_ptim_start_timer 0x7aee041998
04-17 08:53:38.891   892   892 D         : sem_timedwait() succeeded
04-17 08:53:38.900  2308  2573 I libnfc_nci: [INFO:nfa_sys_ptim.cc(127)] nfa_sys_ptim_start_timer 0x7aee041998
04-17 08:53:38.908  2308  2573 I libnfc_nci: [INFO:nfa_sys_ptim.cc(127)] nfa_sys_ptim_start_timer 0x7aee041998
04-17 08:53:38.908  1431  1476 I am_activity_launch_time: [0,257910257,com.android.launcher3/.Launcher,581]
04-17 08:53:38.912  2308  2573 I libnfc_nci: [INFO:nfa_sys_ptim.cc(154)] nfa_sys_ptim_stop_timer 0x7aee041870
04-17 08:53:38.912  2308  2573 I libnfc_nci: [INFO:nfa_ee_act.cc(2823)] ee_disc_timeout
04-17 08:53:38.913  2308  2573 I libnfc_nci: [INFO:nfa_ee_act.cc(3731)] nfa_ee_discv_timeout ()
04-17 08:53:38.922  2308  2573 I libnfc_nci: [INFO:nfa_sys_ptim.cc(127)] nfa_sys_ptim_start_timer 0x7aee041998
04-17 08:53:38.928  2308  2573 I libnfc_nci: [INFO:nfa_sys_ptim.cc(127)] nfa_sys_ptim_start_timer 0x7aee041998
04-17 08:53:38.930  2308  2573 I libnfc_nci: [INFO:nfa_sys_ptim.cc(154)] nfa_sys_ptim_stop_timer 0x7aee041998
04-17 08:53:38.930  2308  2573 I libnfc_nci: [INFO:nfa_sys_ptim.cc(160)] ptim timer stop
04-17 08:53:38.930  2308  2573 I libnfc_nci: [INFO:nfa_sys_ptim.cc(154)] nfa_sys_ptim_stop_timer 0x7aee041998
04-17 08:53:38.930  2308  2573 I libnfc_nci: [INFO:nfa_sys_ptim.cc(160)] ptim timer stop
04-17 08:53:38.940  2308  2573 I libnfc_nci: [INFO:nfa_sys_ptim.cc(127)] nfa_sys_ptim_start_timer 0x7aee041998
04-17 08:53:38.940  2308  2573 I libnfc_nci: [INFO:nfa_sys_ptim.cc(131)] ptim timer start
04-17 08:53:38.945  2308  2573 I libnfc_nci: [INFO:nfa_sys_ptim.cc(154)] nfa_sys_ptim_stop_timer 0x7aee041998
04-17 08:53:38.945  2308  2573 I libnfc_nci: [INFO:nfa_sys_ptim.cc(160)] ptim timer stop
04-17 08:53:38.956   892   892 D         : sem_timedwait() succeeded
04-17 08:53:38.961   892   892 D         : sem_timedwait() succeeded
04-17 08:53:38.970   892   892 D         : sem_timedwait() succeeded
04-17 08:53:38.975   892   892 D         : sem_timedwait() succeeded
04-17 08:53:38.981   892   892 D         : sem_timedwait() succeeded
04-17 08:53:38.989   892   892 D         : sem_timedwait() succeeded
04-17 08:53:39.014   892   892 D         : sem_timedwait() succeeded
04-17 08:53:39.018  2308  2573 I libnfc_nci: [INFO:nfa_sys_ptim.cc(127)] nfa_sys_ptim_start_timer 0x7aee041840
04-17 08:53:39.018  2308  2573 I libnfc_nci: [INFO:nfa_sys_ptim.cc(131)] ptim timer start
04-17 08:53:39.019  2308  2573 I libnfc_nci: [INFO:nfa_sys_ptim.cc(127)] nfa_sys_ptim_start_timer 0x7aee041840
04-17 08:53:39.020  2308  2573 I libnfc_nci: [INFO:nfa_sys_ptim.cc(127)] nfa_sys_ptim_start_timer 0x7aee041840
04-17 08:53:39.021  2308  2573 I libnfc_nci: [INFO:nfa_sys_ptim.cc(127)] nfa_sys_ptim_start_timer 0x7aee041840
04-17 08:53:39.024   892   892 D         : sem_timedwait() succeeded
04-17 08:53:39.035   892   892 D         : sem_timedwait() succeeded
04-17 08:53:39.055  2308  2568 I libnfc_nci: [INFO:TransactionController.cpp(251)] transactionEnd: Transaction control timer killed
04-17 08:53:39.059   892   892 D         : sem_timedwait() succeeded
04-17 08:53:39.062  2308  2573 I libnfc_nci: [INFO:nfa_sys_ptim.cc(154)] nfa_sys_ptim_stop_timer 0x7aee042580
04-17 08:53:39.062  2308  2573 I libnfc_nci: [INFO:nfa_rw_act.cc(219)] Stopped presence check timer (if started)
04-17 08:53:39.066  1787  1787 W ScanProfile -sevice: 	at com.android.internal.os.RuntimeInit$MethodAndArgsCaller.run(RuntimeInit.java:492)
04-17 08:53:39.072   892   892 D         : sem_timedwait() succeeded
04-17 08:53:39.076  1905  1905 E libprocessgroup: set_timerslack_ns write failed: Operation not permitted
04-17 08:53:39.085   892   892 D         : sem_timedwait() succeeded
04-17 08:53:39.088   892   892 D         : sem_timedwait() succeeded
04-17 08:53:39.092  2308  2568 I libnfc_nci: [INFO:TransactionController.cpp(251)] transactionEnd: Transaction control timer killed
04-17 08:53:39.100   892   892 D         : sem_timedwait() succeeded
04-17 08:53:39.106  2308  2573 I libnfc_nci: [INFO:nfa_sys_ptim.cc(154)] nfa_sys_ptim_stop_timer 0x7aee042580
04-17 08:53:39.106  2308  2573 I libnfc_nci: [INFO:nfa_rw_act.cc(219)] Stopped presence check timer (if started)
04-17 08:53:39.111  2308  2573 I libnfc_nci: [INFO:nfa_sys_ptim.cc(154)] nfa_sys_ptim_stop_timer 0x7aee041840
04-17 08:53:39.111  2308  2573 I libnfc_nci: [INFO:nfa_sys_ptim.cc(160)] ptim timer stop
04-17 08:53:39.111  2308  2573 I libnfc_nci: [INFO:nfa_ee_act.cc(3701)] nfa_ee_rout_timeout()
04-17 08:53:39.114   892   892 D         : sem_timedwait() succeeded
04-17 08:53:39.122   892   892 D         : sem_timedwait() succeeded
04-17 08:53:39.127   892   892 D         : sem_timedwait() succeeded
04-17 08:53:39.131  2308  2308 I libnfc_nci: [INFO:TransactionController.cpp(251)] transactionEnd: Transaction control timer killed
04-17 08:53:39.143  1905  1905 E libprocessgroup: set_timerslack_ns write failed: Operation not permitted
04-17 08:53:39.689  1431  1450 W ShortcutService: Clock rewound
04-17 08:53:39.855  1431  1590 W BestClock: java.time.DateTimeException: Missing NTP fix
04-17 08:53:39.869  1431  1590 W BestClock: java.time.DateTimeException: Missing NTP fix
04-17 08:53:39.871  1431  1591 W BestClock: java.time.DateTimeException: Missing NTP fix
04-17 08:53:40.066   568   574 D DrmLibTime: command id, time_cmd_id = 770
04-17 08:53:40.066   568   574 D DrmLibTime: time_getutcsec starts!
04-17 08:53:40.066   568   574 D DrmLibTime: QSEE Time Listener: time_getutcsec
04-17 08:53:40.066   568   574 D DrmLibTime: QSEE Time Listener: time_get_modem_time
04-17 08:53:40.066   568   574 D QC-time-services: Lib:time_genoff_operation: pargs->base = 13
04-17 08:53:40.066   568   574 D QC-time-services: Lib:time_genoff_operation: pargs->operation = 2
04-17 08:53:40.066   568   574 D QC-time-services: Lib:time_genoff_operation: pargs->ts_val = 0
04-17 08:53:40.066   568   574 D QC-time-services: Lib:time_genoff_operation: Send to server  passed!!
04-17 08:53:40.066   622   733 D QC-time-services: Daemon: Connection accepted:time_genoff
04-17 08:53:40.066   622  2837 D QC-time-services: Daemon:Received base = 13, unit = 1, operation = 2,value = 0
04-17 08:53:40.066   622  2837 D QC-time-services: Daemon:genoff_opr: Base = 13, val = 0, operation = 2
04-17 08:53:40.066   622  2837 D QC-time-services: offset is: 0 for base: 13
04-17 08:53:40.066   568   574 E QC-time-services: Receive Passed == base = 13, unit = 1, operation = 2, result = 0
04-17 08:53:40.066   568   574 D DrmLibTime: QSEE Time Listener: ATS_MODEM is not set. Fallback to Android system time.
04-17 08:53:40.066   568   574 D DrmLibTime: QSEE Time Listener: Retrieved Android system time: 1618664020
04-17 08:53:40.066   568   574 D DrmLibTime: time_getutcsec returns 0, sec = 1618664020; nsec = 0
