07-26 22:04:49.065   710   710 I PerMgrSrv: modem: Power on count : 0
07-26 22:04:49.065   710   710 I PerMgrSrv: modem: Power off count: 0
07-26 22:04:49.065   710   710 I PerMgrSrv: modem: Client list:
07-26 22:04:49.065   710   741 I PerMgrSrv: QMI service start
07-26 22:04:49.066   676   676 I ServiceManagement: Registered android.hardware.gnss@2.0::IGnss/default (start delay of 262ms)
07-26 22:04:49.066   676   676 I ServiceManagement: Removing namespace from process name android.hardware.gnss@2.0-service.quectel to gnss@2.0-service.quectel.
07-26 22:04:49.066   676   676 I android.hardware.gnss@2.0-service: Registration complete for android.hardware.gnss@2.0::IGnss/default.
07-26 22:04:49.071   723   723 I tftp_server: Initializing tftp_server RING buffer
07-26 22:04:49.072   723   723 I tftp_server: Starting...
07-26 22:04:49.073   692   692 I vendor.elo.hardware.oemmisc@1.0-service: OemMisc Service start!
07-26 22:04:49.075   692   692 I ServiceManagement: Registered vendor.elo.hardware.oemmisc@1.0::IOemMisc/default (start delay of 221ms)
07-26 22:04:49.075   692   692 I ServiceManagement: Removing namespace from process name vendor.elo.hardware.oemmisc@1.0-service to oemmisc@1.0-service.
07-26 22:04:49.079     0     0 E diag    : In diag_send_feature_mask_update, control channel is not open, p: 1, 000000000a3b45f3
07-26 22:04:49.080     0     0 E diag    : In diag_send_peripheral_buffering_mode, buffering flag not set for 1
07-26 22:04:49.081   716   716 I ServiceManagement: getService: Trying again for vendor.qti.hardware.perf@2.0::IPerf/default...
07-26 22:04:49.084   712   712 I pd-mapper-svc: Starting pd-mapper service
07-26 22:04:49.084   712   712 I pd-mapper-svc: Parsing file :/vendor/firmware_mnt/image/adspr.jsn:
07-26 22:04:49.089   712   712 I pd-mapper-svc: Parsing file :/vendor/firmware_mnt/image/adsps.jsn:
07-26 22:04:49.089   683   683 E libsensor1: check_sensors_enabled: Sensors enabled = true
07-26 22:04:49.089     0     0 I sps     : BAM 0x0000000015204000 (va:0x0000000075f3ffb7) enabled: ver:0x19, number of pipes:13
07-26 22:04:49.089     0     0 I sps     : BAM 0x0000000015204000 is registered.
07-26 22:04:49.095   712   712 I pd-mapper-svc: Parsing file :/vendor/firmware_mnt/image/adspua.jsn:
07-26 22:04:49.099   712   712 I pd-mapper-svc: Parsing file :/vendor/firmware_mnt/image/cdspr.jsn:
07-26 22:04:49.102   712   712 I pd-mapper-svc: Parsing file :/vendor/firmware_mnt/image/modemr.jsn:
07-26 22:04:49.104   712   712 I pd-mapper-svc: Parsing file :/vendor/firmware_mnt/image/modemuw.jsn:
07-26 22:04:49.105     0     0 E msm_sdw_codec 152c1000.msm-sdw-codec: Adsp is not loaded yet 0
07-26 22:04:49.106     0     0 E pmic_analog_codec 800f000.qcom,spmi: qcom,pm660l@3:anlg-cdc@f000: Adsp is not loaded yet 0
07-26 22:04:49.112     0     0 I         : Mass Storage Function, version: 2009/09/11
07-26 22:04:49.112     0     0 I LUN     : removable file: (no medium)
07-26 22:04:49.113     0     0 I servloc : service_locator_new_server: Connection established with the Service locator
07-26 22:04:49.113     0     0 I servloc : init_service_locator: Service locator initialized
07-26 22:04:49.113   712   758 I pd-mapper-svc: Starting servloc server
07-26 22:04:49.118     0     0 I ADSPRPC : audio_pdr_adsprpc is uninitialzed
07-26 22:04:49.118     0     0 I service-notifier: service_notifier_new_server: Connection established between QMI handle and 74 service
07-26 22:04:49.119   698   698 I ServiceManagement: Registered vendor.qti.hardware.perf@2.1::IPerf/default (start delay of 244ms)
07-26 22:04:49.119     0     0 I ADSPRPC : sensors_pdr_adsprpc is uninitialzed
07-26 22:04:49.119   698   698 I ServiceManagement: Removing namespace from process name vendor.qti.hardware.perf@2.1-service to perf@2.1-service.
07-26 22:04:49.119   698   698 E vendor.qti.hardware.perf@2.1-service: Registered IPerf HAL service success!
07-26 22:04:49.119     0     0 I service-notifier: service_notifier_new_server: Connection established between QMI handle and 74 service
07-26 22:04:49.127     0     0 I         : file system registered
07-26 22:04:49.132     0     0 I audio_notifer_reg_service: service PDR_ADSP is in use
07-26 22:04:49.132     0     0 I apr_adsp_up: Q6 is Up
07-26 22:04:49.132     0     0 I iommu   : Adding device soc:qcom,msm-audio-apr:qcom,msm-audio-ion to group 28
07-26 22:04:49.133     0     0 E msm-audio-ion soc: qcom,msm-audio-apr:qcom,msm-audio-ion: msm_audio_ion_probe: qcom,smmu-sid-mask missing in DT node, using default
07-26 22:04:49.135   716   716 I lowmemorykiller: PSI window size is changed to 500ms
07-26 22:04:49.135   716   716 I lowmemorykiller: PSI poll period for super critical event is changed to 100ms
07-26 22:04:49.135   716   716 I lowmemorykiller: Using in-kernel low memory killer interface
07-26 22:04:49.141     0     0 I f_cdev_alloc: port_name:at_usb0 (00000000e71ebbed) portno:(0)
07-26 22:04:49.142   674   674 W /vendor/bin/hw/android.hardware.configstore@1.1-service: libminijail[674]: allowing syscall: connect
07-26 22:04:49.142   674   674 W /vendor/bin/hw/android.hardware.configstore@1.1-service: libminijail[674]: allowing syscall: fcntl
07-26 22:04:49.142   674   674 W /vendor/bin/hw/android.hardware.configstore@1.1-service: libminijail[674]: allowing syscall: sendto
07-26 22:04:49.142   674   674 W /vendor/bin/hw/android.hardware.configstore@1.1-service: libminijail[674]: allowing syscall: socket
07-26 22:04:49.142   674   674 W /vendor/bin/hw/android.hardware.configstore@1.1-service: libminijail[674]: allowing syscall: writev
07-26 22:04:49.152     0     0 I f_cdev_alloc: port_name:at_usb1 (000000003ad6b74f) portno:(1)
07-26 22:04:49.153   674   674 W /vendor/bin/hw/android.hardware.configstore@1.1-service: libminijail[674]: logging seccomp filter failures
07-26 22:04:49.154     0     0 I f_cdev_alloc: port_name:at_usb2 (00000000252519c5) portno:(2)
07-26 22:04:49.156   674   674 I ServiceManagement: Registered android.hardware.configstore@1.1::ISurfaceFlingerConfigs/default (start delay of 362ms)
07-26 22:04:49.156   674   674 I ServiceManagement: Removing namespace from process name android.hardware.configstore@1.1-service to configstore@1.1-service.
07-26 22:04:49.159   687   687 I android.hardware.wifi@1.0-service: Wifi Hal is booting up...
07-26 22:04:49.161   687   687 I ServiceManagement: Registered android.hardware.wifi@1.3::IWifi/default (start delay of 327ms)
07-26 22:04:49.161   687   687 I ServiceManagement: Removing namespace from process name android.hardware.wifi@1.0-service to wifi@1.0-service.
07-26 22:04:49.163     0     0 I wsa881x.20170211: wsa881x_swr_probe: bolero node not found
07-26 22:04:49.164   755   779 I         : OEM debug sns_reg_storage_init: sns_reg_filename = /mnt/vendor/persist/sensors/sns.reg
07-26 22:04:49.165   668   668 I ServiceManagement: Registered android.hardware.audio@5.0::IDevicesFactory/default (start delay of 380ms)
07-26 22:04:49.165   668   668 I ServiceManagement: Removing namespace from process name android.hardware.audio@2.0-service to audio@2.0-service.
07-26 22:04:49.165   668   668 I audiohalservice: Registration complete for android.hardware.audio@5.0::IDevicesFactory/default.
07-26 22:04:49.172     0     0 I wsa881x.20170212: wsa881x_swr_probe: bolero node not found
07-26 22:04:49.181   755   779 I         : OEM debug sns_reg_write_conf_item: get platform_string = I40
07-26 22:04:49.181   755   779 I         : , persist.sys.gsensor.cal = 
07-26 22:04:49.181     0     0 E swr-wcd msm_sdw_swr_ctrl: swrm_get_logical_dev_num: device 0x21170213 is not ready
07-26 22:04:49.181     0     0 E swr_get_logical_dev_num: Error -22 to get logical addr for device 21170213
07-26 22:04:49.181     0     0 W wsa881x : probe of wsa881x.21170213 failed with error -22
07-26 22:04:49.182   755   779 I         : OEM debug sns_reg_match_conf_item: now we found platform_conf=sdm660
07-26 22:04:49.182   755   779 I chatty  : uid=1000(system) /vendor/bin/sensors.qti identical 1 line
07-26 22:04:49.182   755   779 I         : OEM debug sns_reg_match_conf_item: now we found platform_conf=sdm660
07-26 22:04:49.193   668   668 I ServiceManagement: Registered android.hardware.audio.effect@5.0::IEffectsFactory/default (start delay of 409ms)
07-26 22:04:49.193   668   668 I audiohalservice: Registration complete for android.hardware.audio.effect@5.0::IEffectsFactory/default.
07-26 22:04:49.242   755   779 I libqpart: item :GSENSOR_BIAS, length: 0x20
07-26 22:04:49.243   755   779 I qpart-client: *** qpart_socket_client *** 
07-26 22:04:49.243   755   779 I qpart-client: Packet header to send
07-26 22:04:49.243   755   779 I qpart-client: 136 bytes sent
07-26 22:04:49.243   721   721 I qpart-server: accepted qvart request client = 5
07-26 22:04:49.243   721   721 I qpart-server: qpart_req_handle: enter +++++
07-26 22:04:49.243   721   721 I qpart-server: qotp_cmd_handle: enter +++++
07-26 22:04:49.243   721   721 I qpart-server: qotp_cmd_handle: cmd read-----
07-26 22:04:49.243   721   721 I qotp_implement: item :GSENSOR_BIAS, offset :0x00002400, length: 0x20
07-26 22:04:49.243   721   721 I qotp_implement: crc32_cal:  0x008e53f9 , size: 4
07-26 22:04:49.243   721   721 I qotp_implement: qotp_read_item: read GSENSOR_BIAS: 00013947ffff7eadffffc090GSENSOR1 
07-26 22:04:49.243   721   721 I qpart-server: qotp_cmd_handle: leave ,rc =0-----
07-26 22:04:49.243   721   721 I qpart-server: qpart_req_handle: rc = 0, payload_len =64 -----
07-26 22:04:49.243   721   721 I qpart-server: qpart_req_handle: end +++++
07-26 22:04:49.244   755   779 I qpart-client: payload_len:64
07-26 22:04:49.244   755   779 I qpart-client: Packet header received
07-26 22:04:49.244   755   779 I libqpart: read qotp successed, data len :32
07-26 22:04:49.244   755   779 E Sensors : sns_reg_la.c(301):bias: 00013947
07-26 22:04:49.244   755   779 E Sensors : sns_reg_la.c(301):bias: ffff7ead
07-26 22:04:49.244   755   779 E Sensors : sns_reg_la.c(301):bias: ffffc090
07-26 22:04:49.245     0     0 I sdm660-asoc-snd soc: qcom,msm-audio-apr:qcom,q6core-audio:sound: msm_internal_init: default codec configured
07-26 22:04:49.245     0     0 E OF      : /soc/qcom,msm-audio-apr/qcom,q6core-audio/sound: could not get #gpio-cells for /soc/msm_cdc_pinctrl@75
07-26 22:04:49.246     0     0 I sdm660-asoc-snd soc: qcom,msm-audio-apr:qcom,q6core-audio:sound: msm_init_wsa_dev: found 2 wsa881x devices registered with ALSA core
07-26 22:04:49.247   755   779 I         : OEM debug update_gsensor_nv: bias: x: 0x00013947, y: 0xffff7ead, z: 0xffffc090
07-26 22:04:49.247   755   779 I         : OEM debug update_gsensor_nv(nv): bias: x: 0x00013947, y: 0xffff7ead, z: 0xffffc090
07-26 22:04:49.247   678   678 I ServiceManagement: Registered vendor.display.config@1.9::IDisplayConfig/default (start delay of 432ms)
07-26 22:04:49.247   755   779 I         : OEM debug sns_reg_storage_init: update_gsensor_nv from OTP succeed
07-26 22:04:49.247   755   779 I libqpart: item :PSENSOR_NV, length: 0x10
07-26 22:04:49.247   755   779 I qpart-client: *** qpart_socket_client *** 
07-26 22:04:49.247   755   779 I qpart-client: Packet header to send
07-26 22:04:49.247   755   779 I qpart-client: 104 bytes sent
07-26 22:04:49.247   721   721 I qpart-server: accepted qvart request client = 5
07-26 22:04:49.247   721   721 I qpart-server: qpart_req_handle: enter +++++
07-26 22:04:49.247   721   721 I qpart-server: qotp_cmd_handle: enter +++++
07-26 22:04:49.247   721   721 I qpart-server: qotp_cmd_handle: cmd read-----
07-26 22:04:49.247   721   721 I qotp_implement: item :PSENSOR_NV, offset :0x00002800, length: 0x10
07-26 22:04:49.247   678   678 I SDM     : HWCSession::StartServices: IDisplayConfig service registration completed.
07-26 22:04:49.250   678   796 W SDM     : HWCSession::UEventThread: UEvent dropped. No uevent listener.
07-26 22:04:49.250   678   796 W SDM     : HWCSession::UEventThread: UEvent dropped. No uevent listener.
07-26 22:04:49.250   721   721 I qotp_implement: crc32_cal:  0x00000000 , size: 4
07-26 22:04:49.250   721   721 E qotp_implement: qotp_read_item, ERROR: read data is not valid 
07-26 22:04:49.250   721   721 I qpart-server: qotp_cmd_handle: leave ,rc =-32-----
07-26 22:04:49.250   721   721 I qpart-server: qpart_req_handle: rc = -32, payload_len =32 -----
07-26 22:04:49.250   721   721 I qpart-server: qpart_req_handle: end +++++
07-26 22:04:49.250   755   779 I qpart-client: payload_len:32
07-26 22:04:49.250   755   779 I qpart-client: Packet header received
07-26 22:04:49.250   755   779 E libqpart: read qotp fail :-32
07-26 22:04:49.250   755   779 E Sensors : sns_reg_la.c(357):psensor otp item read fail
07-26 22:04:49.250   755   779 E         : update_psensor_nv: psensor otp item read fail
07-26 22:04:49.250   755   779 E Sensors : sns_reg_la.c(552):update_psensor_nv from OTP failed, error code = -3
07-26 22:04:49.253     0     0 E swr-wcd msm_sdw_swr_ctrl: swrm_get_logical_dev_num: device 0x21170214 is not ready
07-26 22:04:49.253     0     0 E swr_get_logical_dev_num: Error -22 to get logical addr for device 21170214
07-26 22:04:49.253     0     0 W wsa881x : probe of wsa881x.21170214 failed with error -22
07-26 22:04:49.253     0     0 W healthd : Unknown power supply type 'BMS'
07-26 22:04:49.253     0     0 W healthd : Unknown power supply type 'Main'
07-26 22:04:49.253   678   796 W SDM     : HWCSession::UEventThread: UEvent dropped. No uevent listener.
07-26 22:04:49.254   755   755 E Sensors : sns_debug_main.c(294):Debug Config File missing in EFS!
07-26 22:04:49.254   755   755 E Sensors : aon_control.c(119):inotify_add_watch::/persist/sensors failed
07-26 22:04:49.254   755   804 E libsensor1: check_sensors_enabled: Sensors enabled = true
07-26 22:04:49.257   678   796 W SDM     : HWCSession::UEventThread: UEvent dropped. No uevent listener.
07-26 22:04:49.265   678   796 I chatty  : uid=1000(system) HWC_UeventThrea identical 5 lines
07-26 22:04:49.266   678   796 W SDM     : HWCSession::UEventThread: UEvent dropped. No uevent listener.
07-26 22:04:49.268   755   779 E QMI_FW  : xport_handle_event: QCSI Received Resume_Tx from 00000005:0000003a on FD- 4
07-26 22:04:49.270   755   779 E QMI_FW  : xport_handle_event: QCSI Received Resume_Tx from 00000005:0000003b on FD- 4
07-26 22:04:49.270   678   796 W SDM     : HWCSession::UEventThread: UEvent dropped. No uevent listener.
07-26 22:04:49.270   678   796 W SDM     : HWCSession::UEventThread: UEvent dropped. No uevent listener.
07-26 22:04:49.272   678   678 I SDM     : ExtensionInterface::CreateExtensionInterface: 
07-26 22:04:49.272   678   678 I SDM     : SDM-EXTENSION Version: Date: 11/23/20, Commit: 9f32874, Change: I882287a529
07-26 22:04:49.273   755   779 E QMI_FW  : xport_handle_event: QCSI Received Resume_Tx from 00000005:0000003b on FD- 4
07-26 22:04:49.274   678   678 I SDM     : HWInfo::GetHWResourceInfo: SDE Version = 5, SDE Revision = 30020000, RGB = 0, VIG = 2, DMA = 3, Cursor = 1
07-26 22:04:49.274   678   678 I SDM     : HWInfo::GetHWResourceInfo: Upscale Ratio = 20, Downscale Ratio = 4, Blending Stages = 7
07-26 22:04:49.274   678   678 I SDM     : HWInfo::GetHWResourceInfo: SourceSplit = 1 QSEED3 = 1
07-26 22:04:49.274   678   678 I SDM     : HWInfo::GetHWResourceInfo: BWC = 0, UBWC = 1, Decimation = 1, Tile Format = 0 Concurrent Writeback = 1
07-26 22:04:49.274   678   678 I SDM     : HWInfo::GetHWResourceInfo: MaxLowBw = 6600000 , MaxHighBw = 6600000
07-26 22:04:49.274   678   678 I SDM     : HWInfo::GetHWResourceInfo: MaxPipeBw = 3100000 KBps, MaxSDEClock = 412500000 Hz, ClockFudgeFactor = 1.050000
07-26 22:04:49.274   678   678 I SDM     : HWInfo::GetHWResourceInfo: Prefill factors: Tiled_NV12 = 8, Tiled = 4, Linear = 1, Scale = 1, Fudge_factor = 2
07-26 22:04:49.274   678   678 W SDM     : HWInfo::GetMDSSRotatorInfo: File '/sys/devices/virtual/rotator/mdss_rotator/caps' not found
07-26 22:04:49.274   678   678 I SDM     : HWInfo::GetV4L2RotatorInfo: V4L2 Rotator: Count = 1, Downscale = 1, Min_downscale = 1.500000, Downscale_compression = 1
07-26 22:04:49.275   678   678 I SDM     : HWInfo::GetHWResourceInfo: Has Support for multiple bw limits shown below
07-26 22:04:49.275   678   796 W SDM     : HWCSession::UEventThread: UEvent dropped. No uevent listener.
07-26 22:04:49.275   678   678 I SDM     : HWInfo::GetHWResourceInfo: Mode-index=0  total_bw_limit=6600000 and pipe_bw_limit=3100000
07-26 22:04:49.275   678   678 I SDM     : HWInfo::GetHWResourceInfo: Mode-index=1  total_bw_limit=4500000 and pipe_bw_limit=3100000
07-26 22:04:49.275   678   796 W SDM     : HWCSession::UEventThread: UEvent dropped. No uevent listener.
07-26 22:04:49.275   678   678 I SDM     : HWInfo::GetHWResourceInfo: Mode-index=2  total_bw_limit=6600000 and pipe_bw_limit=3100000
07-26 22:04:49.275   678   678 I SDM     : HWInfo::GetHWResourceInfo: Mode-index=3  total_bw_limit=6600000 and pipe_bw_limit=3100000
07-26 22:04:49.276   678   678 I SDM     : SessionManager::SessionManager: Allocate buffers synchronously = 0
07-26 22:04:49.279   678   678 I SDM     : ScalarConfig::Init: DE sharpness value is 50
07-26 22:04:49.281   678   796 W SDM     : HWCSession::UEventThread: UEvent dropped. No uevent listener.
07-26 22:04:49.293   678   796 W SDM     : HWCSession::UEventThread: UEvent dropped. No uevent listener.
07-26 22:04:49.293     0     0 W QSEECOM : qseecom_load_app: App (soter64) does'nt exist, loading apps for first time
07-26 22:04:49.297   672   672 I QCamera : <MCI><INFO> needHAL1Support: 336: HAL1/HAL3 IS SUPPORTED
07-26 22:04:49.309   668   668 D sound_trigger_hw: stdev_open: Enter
07-26 22:04:49.309   678   678 I SDM     : CoreInterface::CreateCore: Open interface handle = 0x7505e3c000
07-26 22:04:49.309   678   678 I SDM     : HWCSession::Register: Set uevent listener = 0x7505e26280
07-26 22:04:49.310   678   678 I SDM     : HWInfo::GetFirstDisplayInterfaceType: First display is internal display
07-26 22:04:49.310   678   678 I SDM     : CPUHint::Init: Invalid CPU Hint Pre-enable Window -1
07-26 22:04:49.311   678   678 I SDM     : HWDevice::GetHWPanelMaxBrightnessFromNode: Max brightness level = 255
07-26 22:04:49.311   678   678 I SDM     : HWDevice::Init: access(/dev/graphics/fb0) successful
07-26 22:04:49.311   678   678 I SDM     : HWDevice::GetHWPanelMaxBrightnessFromNode: Max brightness level = 255
07-26 22:04:49.311   678   678 I SDM     : HWDevice::PopulateHWPanelInfo: Device type = 0, Display Port = 1, Display Mode = 1, Device Node = 0, Is Primary = 1
07-26 22:04:49.311   678   678 I SDM     : HWDevice::PopulateHWPanelInfo: Partial Update = 0, supported roi_count =0, Dynamic FPS = 0
07-26 22:04:49.311   678   678 I SDM     : HWDevice::PopulateHWPanelInfo: Align: left = 0, width = 0, top = 0, height = 0
07-26 22:04:49.311   678   678 I SDM     : HWDevice::PopulateHWPanelInfo: ROI: min_width = 0, min_height = 0, need_merge = 0
07-26 22:04:49.311   678   678 I SDM     : HWDevice::PopulateHWPanelInfo: FPS: min = 60, max =60
07-26 22:04:49.311   678   678 I SDM     : HWDevice::PopulateHWPanelInfo: Ping Pong Split = 0
07-26 22:04:49.311   678   678 I SDM     : HWDevice::PopulateHWPanelInfo: Left Split = 0, Right Split = 0
07-26 22:04:49.311     0     0 I mdss_fb_start_disp_thread: mdss_fb_blank_unblank+0x1ac/0x340: start display thread fb0
07-26 22:04:49.312     0     0 I mdss_fb_do_ioctl: reset MIPI for EDP IC can't catch mipi signal when power up
07-26 22:04:49.312     0     0 I sn65dsi86_dsi2edp_bl_enable: enable, set IO to 1
07-26 22:04:49.312   755   804 E Sensors : aon_control.c(119):inotify_add_watch::/persist/sensors failed
07-26 22:04:49.326     0     0 W QSEECOM : qseecom_load_app: App with id 131074 (soter64) now loaded
07-26 22:04:49.326   704   704 D QSEECOMAPI: Loaded image: APP id = 131074
07-26 22:04:49.334     0     0 I mdss_dsi_panel_bklt_pwm: set led_en(28) to low
07-26 22:04:49.351   668   668 D sound_trigger_hw: load_audio_hal: ahal is using proprietary API version 0x0101
07-26 22:04:49.351   668   668 I sound_trigger_platform: platform_stdev_init: Enter
07-26 22:04:49.358   668   668 W sound_trigger_platform: load_smlib: generate_sound_trigger_phrase_recognition_event_v3 not found. undefined symbol: generate_sound_trigger_phrase_recognition_event_v3
07-26 22:04:49.384     0     0 I sn65dsi86_dsi2edp_bl_enable: disable, set IO to 0
07-26 22:04:49.404     0     0 I sn65dsi86_dsi2edp_disable: start
07-26 22:04:49.469   683   683 W qti_sensors_hal: addSensor : Not supported sensor with handle 67!
07-26 22:04:49.493   629   629 D ICU     : Time zone APEX file found: /apex/com.android.tzdata/etc/icu/icu_tzdata.dat
07-26 22:04:49.493   628   628 D ICU     : Time zone APEX file found: /apex/com.android.tzdata/etc/icu/icu_tzdata.dat
07-26 22:04:49.506   683   683 W qti_sensors_hal: addSensor : Not supported sensor with handle 39!
07-26 22:04:49.523   683   683 W qti_sensors_hal: addSensor : Not supported sensor with handle 48!
07-26 22:04:49.523   683   683 W qti_sensors_hal: addSensor : Not supported sensor with handle 49!
07-26 22:04:49.529     0     0 I msm_pm_qos_add_request: add request
07-26 22:04:49.533   683   683 W qti_sensors_hal: addSensor : Not supported sensor with handle 53!
07-26 22:04:49.540   683   683 W qti_sensors_hal: addSensor : Not supported sensor with handle 68!
07-26 22:04:49.543     0     0 E failed  : s_ctrl 00000000a44cd559 for camera_id 0
07-26 22:04:49.543     0     0 E MSM-SENSOR-INIT msm_sensor_driver_cmd: 82 msm_sensor_driver_cmd failed (non-fatal) rc -22
07-26 22:04:49.543     0     0 E MSM-SENSOR-INIT msm_sensor_init_subdev_do_ioctl: 150 msm_sensor_init_subdev_do_ioctl:150 VIDIOC_MSM_SENSOR_INIT_CFG failed (non-fatal)
07-26 22:04:49.547     0     0 E failed  : s_ctrl 00000000a44cd559 for camera_id 1
07-26 22:04:49.547     0     0 E MSM-SENSOR-INIT msm_sensor_driver_cmd: 82 msm_sensor_driver_cmd failed (non-fatal) rc -22
07-26 22:04:49.547     0     0 E MSM-SENSOR-INIT msm_sensor_init_subdev_do_ioctl: 150 msm_sensor_init_subdev_do_ioctl:150 VIDIOC_MSM_SENSOR_INIT_CFG failed (non-fatal)
07-26 22:04:49.549     0     0 E msm_sensor_fill_eeprom_subdevid_by_name: 469 Eeprom userspace probe for ov8856_gt24p64b
07-26 22:04:49.554   683   683 I         : Loaded library from sensors.ssc.so
07-26 22:04:49.554   683   683 E /vendor/bin/hw/android.hardware.sensors@1.0-service: HAL specifies version 1.4, but does not implement set_operation_mode()
07-26 22:04:49.556   683   683 I ServiceManagement: Registered android.hardware.sensors@1.0::ISensors/default (start delay of 732ms)
07-26 22:04:49.556   683   683 I ServiceManagement: Removing namespace from process name android.hardware.sensors@1.0-service to sensors@1.0-service.
07-26 22:04:49.558   683   683 I android.hardware.sensors@1.0-service: Registration complete for android.hardware.sensors@1.0::ISensors/default.
07-26 22:04:49.560   717   717 I SurfaceFlinger: Using HWComposer service: 'default'
07-26 22:04:49.561   717   717 I SurfaceFlinger: SurfaceFlinger is starting
07-26 22:04:49.578     0     0 I msm_cci_init: 1440: hw_version = 0x10060000
07-26 22:04:49.579     0     0 I         : @@@ original_sid = 0x10, valid_flag = 0x01, eeprom_version = 0x01, checksum = 0x03
07-26 22:04:49.579     0     0 I         : @@@ rc = 0, camera_sid = 0x10, eeprom_reg_addr = 0x03 , eeprom_reg_value = 0x32
07-26 22:04:49.579     0     0 I         : @@@ rc = 0, camera_sid = 0x10, eeprom_reg_addr = 0x04 , eeprom_reg_value = 0x30
07-26 22:04:49.579     0     0 I         : @@@ rc = 0, camera_sid = 0x10, eeprom_reg_addr = 0x05 , eeprom_reg_value = 0x32
07-26 22:04:49.579     0     0 I         : @@@ rc = 0, camera_sid = 0x10, eeprom_reg_addr = 0x06 , eeprom_reg_value = 0x30
07-26 22:04:49.579     0     0 I         : @@@ rc = 0, camera_sid = 0x10, eeprom_reg_addr = 0x07 , eeprom_reg_value = 0x30
07-26 22:04:49.579     0     0 I         : @@@ rc = 0, camera_sid = 0x10, eeprom_reg_addr = 0x08 , eeprom_reg_value = 0x38
07-26 22:04:49.580     0     0 I         : @@@ rc = 0, camera_sid = 0x10, eeprom_reg_addr = 0x09 , eeprom_reg_value = 0x30
07-26 22:04:49.580     0     0 I         : @@@ rc = 0, camera_sid = 0x10, eeprom_reg_addr = 0x0a , eeprom_reg_value = 0x38
07-26 22:04:49.580     0     0 I         : @@@ rc = 0, camera_sid = 0x10, eeprom_reg_addr = 0x0b , eeprom_reg_value = 0x31
07-26 22:04:49.580     0     0 I         : @@@ rc = 0, camera_sid = 0x10, eeprom_reg_addr = 0x0c , eeprom_reg_value = 0x32
07-26 22:04:49.581     0     0 E         : ov8856 probe succeeded
07-26 22:04:49.600   714   714 I FastMixerState: sMaxFastTracks = 8
07-26 22:04:49.600   714   714 V MediaUtils: physMem: 3812380672
07-26 22:04:49.600   714   714 V MediaUtils: requested limit: 536870912
07-26 22:04:49.601   714   714 I libc    : malloc_limit: Allocation limit enabled, max size 536870912 bytes
07-26 22:04:49.601   714   714 I audioserver: ServiceManager: 0x7b5c891340
07-26 22:04:49.601   714   714 W BatteryNotifier: batterystats service unavailable!
07-26 22:04:49.603   496   496 I hwservicemanager: getTransport: Cannot find entry android.hardware.audio@5.0::IDevicesFactory/msd in either framework or device manifest.
07-26 22:04:49.604     0     0 E failed  : s_ctrl 00000000a44cd559 for camera_id 3
07-26 22:04:49.604     0     0 E MSM-SENSOR-INIT msm_sensor_driver_cmd: 82 msm_sensor_driver_cmd failed (non-fatal) rc -22
07-26 22:04:49.604     0     0 E MSM-SENSOR-INIT msm_sensor_init_subdev_do_ioctl: 150 msm_sensor_init_subdev_do_ioctl:150 VIDIOC_MSM_SENSOR_INIT_CFG failed (non-fatal)
07-26 22:04:49.605     0     0 I msm_csid_init: CSID_VERSION = 0x30050000
07-26 22:04:49.606     0     0 E scm_call failed: func id 0x42001801, ret: -1, syscall returns: 0x0, 0x0, 0x0
07-26 22:04:49.606     0     0 E         : msm_csid_irq CSID0_IRQ_STATUS_ADDR = 0x800
07-26 22:04:49.607   714   714 I AudioFlinger: Using default 3000 mSec as standby time.
07-26 22:04:49.608   714   714 E APM::Serializer: deserialize: Could not parse /odm/etc/audio_policy_configuration.xml document.
07-26 22:04:49.618   714   714 E APM::AudioPolicyEngine/Config: parse: Could not parse document /vendor/etc/audio_policy_engine_configuration.xml
07-26 22:04:49.618   714   714 W APM::AudioPolicyEngine/Base: loadAudioPolicyEngineConfig: No configuration found, using default matching phone experience.
07-26 22:04:49.618   714   714 E APM::AudioPolicyEngine/Config: parseLegacyVolumeFile: Could not parse document /odm/etc/audio_policy_configuration.xml
07-26 22:04:49.623   714   714 D APM::AudioPolicyEngine: [Engine] prop ro.vendor.oem.hw.feature = (eth-PoE-GSen-DuSpk-GPIO-AdbMux-eRTC-Key2-dmic-SD-exPD)
07-26 22:04:49.623   714   714 V AudioFlinger: registerClient() client 0x7b5c894040, pid 714
07-26 22:04:49.624   668   781 D audio_log_utils: registered, module hal
07-26 22:04:49.639     0     0 I msm_cci_init: 1440: hw_version = 0x10060000
07-26 22:04:49.646   668   781 D voice_extn: :: dynamic_ecns_feature_init: ---- Feature DYNAMIC_ECNS is NOT ENABLED ----
07-26 22:04:49.763   628   628 W zygote64: JNI RegisterNativeMethods: attempt to register 0 native methods for android.media.AudioAttributes
07-26 22:04:49.764     0     0 E wlan    : Loading driver v5.2.03.27K; 2021-07-27T01:38:17Z; cld:I59e3b71c2d; cmn:Ibe1096815a; ()
07-26 22:04:49.764     0     0 I qdf_print_ctrl_register: Allocated print control object 0
07-26 22:04:49.766   629   629 W zygote  : JNI RegisterNativeMethods: attempt to register 0 native methods for android.media.AudioAttributes
07-26 22:04:49.767     0     0 I [init][325722647][02:04:49.767710] wlan: [476:I:tdls] ucfg_tdls_init: 40: tdls module dispatcher init
07-26 22:04:49.767     0     0 I [init][325722812][02:04:49.767719] wlan: [476:I:tdls] ucfg_tdls_init: 72: tdls module dispatcher init done
07-26 22:04:49.767     0     0 I [init][325723007][02:04:49.767729] wlan: [476:I:POLICY_MGR] policy_mgr_init: 214: Callbacks registered with obj mgr
07-26 22:04:49.769     0     0 I         : wlan_hdd_state wlan major(497) initialized
07-26 22:04:49.769     0     0 I wlan    : driver loaded
07-26 22:04:49.784   628   628 I sysui_multi_action: [757,804,799,boot_zygote_init,801,12754,802,1]
07-26 22:04:49.790   629   629 I sysui_multi_action: [757,804,799,boot_zygote_init,801,12771,802,1]
07-26 22:04:49.796   628   628 I boot_progress_preload_start: 12782
07-26 22:04:49.796   628   628 D Zygote  : begin preload
07-26 22:04:49.801   628   628 I Zygote  : Calling ZygoteHooks.beginPreload()
07-26 22:04:49.812   629   629 I zygote  : Explicit concurrent copying GC freed 307(38KB) AllocSpace objects, 0(0B) LOS objects, 98% free, 25KB/1561KB, paused 64us total 14.326ms
07-26 22:04:49.817   629   629 I zygote  : Explicit concurrent copying GC freed 5(32KB) AllocSpace objects, 0(0B) LOS objects, 98% free, 25KB/1561KB, paused 36us total 3.010ms
07-26 22:04:49.818   629   629 I chatty  : uid=0(root) main expire 6 lines
07-26 22:04:49.824   893   893 E PerMgrProxy: Starting pm-proxy service
07-26 22:04:49.825   710   743 D PerMgrSrv: modem state: is off-line, add client PM-PROXY-THREAD
07-26 22:04:49.825   710   743 D PerMgrSrv: PM-PROXY-THREAD registered
07-26 22:04:49.825   893   893 D PerMgrLib: PM-PROXY-THREAD successfully registered for modem
07-26 22:04:49.825   893   893 I PerMgrProxy: Casting proxy vote for modem
07-26 22:04:49.825   893   893 D PerMgrLib: PM-PROXY-THREAD voting for modem
07-26 22:04:49.825   710   743 D PerMgrSrv: PM-PROXY-THREAD voting for modem
07-26 22:04:49.825   710   743 D PerMgrSrv: modem new state: going on-line
07-26 22:04:49.825   710   743 D PerMgrSrv: modem num voters is 1
07-26 22:04:49.825   893   893 I PerMgrProxy: pm-proxy-thread vote successful for modem
07-26 22:04:49.827     0     0 I subsys-restart: __subsystem_get(): Changing subsys fw_name to modem
07-26 22:04:49.832     0     0 I pil-q6v5-mss 4080000.qcom,mss: modem: loading from 0x000000008ac00000 to 0x000000008dc00000
07-26 22:04:49.836   629   629 I Zygote  : Accepting command socket connections
07-26 22:04:49.843   895   895 I android.hardware.camera.provider@2.4-external-service: External camera provider service is starting.
07-26 22:04:49.853     0     0 E firmware msadp: _request_firmware_load: firmware state wait timeout: rc = -2
07-26 22:04:49.853     0     0 W pil-q6v5-mss 4080000.qcom,mss: Debug policy not present - msadp. Continue.
07-26 22:04:49.853     0     0 I pil-q6v5-mss 4080000.qcom,mss: Loading MBA and DP (if present) from 0x0000000094800000 to 0x0000000094900000
07-26 22:04:49.854   892   892 I /system/bin/adbd: Not payment device, enable adbd
07-26 22:04:49.854   892   892 I /system/bin/adbd: 
07-26 22:04:49.855   892   892 I adbd    : ro.boot.qvar :1.16.0.0.
07-26 22:04:49.855   892   892 I adbd    : 
07-26 22:04:49.855   892   892 I adbd    : [item :]root, [flag :]1
07-26 22:04:49.855   892   892 I adbd    : 
07-26 22:04:49.855   892   892 I adbd    : ro.boot.qvar :1.16.0.0.
07-26 22:04:49.855   892   892 I adbd    : 
07-26 22:04:49.855   892   892 I adbd    : [item :]adb_auth, [flag :]0
07-26 22:04:49.855   892   892 I adbd    : 
07-26 22:04:49.855   892   892 I adbd    : ro.boot.qvar :1.16.0.0.
07-26 22:04:49.855   892   892 I adbd    : 
07-26 22:04:49.855   892   892 I adbd    : [item :]root, [flag :]1
07-26 22:04:49.855   892   892 I adbd    : 
07-26 22:04:49.855   628   628 I chatty  : uid=0(root) main expire 7 lines
07-26 22:04:49.855   628   628 I Zygote  : Preloading classes...
07-26 22:04:49.858   892   892 I adbd    : adbd listening on port 5555
07-26 22:04:49.858   895   895 I ExtCamUtils@3.4: loadFromCfg: load external camera config succeed!
07-26 22:04:49.858   895   895 I ExtCamUtils@3.4: loadFromCfg: device 3 will be ignored by external camera provider
07-26 22:04:49.858   628   628 W Zygote  : Class not found for preloading: android.app.-$$Lambda$ActivityThread$ZXDWm3IBeFmLnFVblhB-IOZCr9o
07-26 22:04:49.858   895   895 I ExtCamUtils@3.4: loadFromCfg: depth output is not enabled
07-26 22:04:49.858   895   895 I ExtCamUtils@3.4: loadFromCfg: no minimum stream size specified
07-26 22:04:49.858   895   895 I ExtCamUtils@3.4: loadFromCfg: no sensor orientation specified
07-26 22:04:49.858   895   895 I ExtCamUtils@3.4: loadFromCfg: external camera cfg loaded: maxJpgBufSize 3145728, num video buffers 4, num still buffers 2, orientation 0
07-26 22:04:49.858   895   895 I ExtCamUtils@3.4: loadFromCfg: fpsLimitList: 640x480@30.000000
07-26 22:04:49.858   895   895 I ExtCamUtils@3.4: loadFromCfg: fpsLimitList: 1280x720@30.000000
07-26 22:04:49.858   895   895 I ExtCamUtils@3.4: loadFromCfg: fpsLimitList: 1920x1080@30.000000
07-26 22:04:49.858   895   895 I ExtCamUtils@3.4: loadFromCfg: minStreamSize: 0x0
07-26 22:04:49.860   895   895 I ServiceManagement: Registered android.hardware.camera.provider@2.4::ICameraProvider/external/0 (start delay of 46ms)
07-26 22:04:49.860   895   895 I ServiceManagement: Removing namespace from process name android.hardware.camera.provider@2.4-external-service to provider@2.4-external-service.
07-26 22:04:49.860   895   895 I android.hardware.camera.provider@2.4-external-service: Registration complete for android.hardware.camera.provider@2.4::ICameraProvider/external/0.
07-26 22:04:49.860   892   902 I adbd    : opening control endpoint /dev/usb-ffs/adb/ep0
07-26 22:04:49.860     0     0 I         : read descriptors
07-26 22:04:49.861     0     0 I         : read strings
07-26 22:04:49.863   894   894 I Dpps    : GetInstance: DppsServer ref count increased to 1
07-26 22:04:49.864   894   894 I Dpps    : WaitForComposer():129 Waiting for composer service init
07-26 22:04:49.903     0     0 I pil-q6v5-mss 4080000.qcom,mss: MBA boot done
07-26 22:04:49.921   628   628 W Zygote  : Class not found for preloading: android.bluetooth.BluetoothA2dp$2
07-26 22:04:49.934   628   628 I PackageBackwardCompatibility: Could not find android.content.pm.AndroidTestBaseUpdater, ignoring
07-26 22:04:50.098     0     0 I pil-q6v5-mss 4080000.qcom,mss: modem: Brought out of reset
07-26 22:04:50.122     0     0 I pil-q6v5-mss 4080000.qcom,mss: Subsystem error monitoring/handling services are up
07-26 22:04:50.122     0     0 I pil-q6v5-mss 4080000.qcom,mss: modem: Power/Clock ready interrupt received
07-26 22:04:50.134     0     0 I sn65dsi86_dsi2edp_disable: end
07-26 22:04:50.134     0     0 I sn65dsi86_dsi2edp_panel_enable: set to 0
07-26 22:04:50.351     0     0 I MSM-CPP cpp_init_hardware: 1135 CPP HW Version: 0x60010002
07-26 22:04:50.351     0     0 E MSM-CPP cpp_init_hardware: 1153 stream_cnt:0
07-26 22:04:50.365     0     0 I MSM-CPP cpp_release_hardware: 1216 cpp hw release done
07-26 22:04:50.401   704   704 D vendor.qti.hardware.soter@1.0-service: soter: svc service starting.
07-26 22:04:50.402   704   704 I ServiceManagement: Registered vendor.qti.hardware.soter@1.0::ISoter/default (start delay of 1508ms)
07-26 22:04:50.403   704   704 I ServiceManagement: Removing namespace from process name vendor.qti.hardware.soter@1.0-service to soter@1.0-service.
07-26 22:04:50.403   704   704 E vendor.qti.hardware.soter@1.0-service: Registered SOTER HAL service success
07-26 22:04:50.403     0     0 E qrtr    : Modem QMI Readiness RX cmd:0x2 node[0x0]
07-26 22:04:50.405   722   722 I vendor.rmt_storage: rmt_storage_connect_cb: clnt_h=0x1 conn_h=0x7252605010
07-26 22:04:50.405     0     0 E rmt_storage: INFO:rmt_storage_open_cb: Processing: Open Request (req_h 0x1) for /boot/modem_fs1!
07-26 22:04:50.405   722   722 I vendor.rmt_storage: rmt_storage_open_cb: /boot/modem_fs1: req_h=0x1 msg_id=1: Client found
07-26 22:04:50.405   722   722 I vendor.rmt_storage: rmt_storage_open_cb: /boot/modem_fs1: req_h=0x1 msg_id=1: Send response: res=0 err=0
07-26 22:04:50.405   722   722 I vendor.rmt_storage: rmt_storage_connect_cb: clnt_h=0x2 conn_h=0x7252605020
07-26 22:04:50.405   722   935 I vendor.rmt_storage: rmt_storage_client_thread: /boot/modem_fs1: Worker thread started
07-26 22:04:50.405     0     0 I service-notifier: service_notifier_new_server: Connection established between QMI handle and 180 service
07-26 22:04:50.405     0     0 I sysmon-qmi: ssctl_new_server: Connection established between QMI handle and modem's SSCTL service
07-26 22:04:50.405   722   935 I vendor.rmt_storage: wake lock name: rmt_storage_491001949520, name creation success: 24
07-26 22:04:50.406     0     0 E rmt_storage: INFO:rmt_storage_open_cb: Processing: Open Request (req_h 0x2) for /boot/modem_fs2!
07-26 22:04:50.406   722   722 I vendor.rmt_storage: rmt_storage_open_cb: /boot/modem_fs2: req_h=0x2 msg_id=1: Client found
07-26 22:04:50.406   722   722 I vendor.rmt_storage: rmt_storage_open_cb: /boot/modem_fs2: req_h=0x2 msg_id=1: Send response: res=0 err=0
07-26 22:04:50.406   722   722 I vendor.rmt_storage: rmt_storage_disconnect_cb: clnt_h=0x1 conn_h=0x7252605010
07-26 22:04:50.406   722   936 I vendor.rmt_storage: rmt_storage_client_thread: /boot/modem_fs2: Worker thread started
07-26 22:04:50.406   722   936 I vendor.rmt_storage: wake lock name: rmt_storage_490984136016, name creation success: 24
07-26 22:04:50.406   722   722 I vendor.rmt_storage: rmt_storage_connect_cb: clnt_h=0x3 conn_h=0x7252605010
07-26 22:04:50.407     0     0 E rmt_storage: INFO:rmt_storage_open_cb: Processing: Open Request (req_h 0x3) for /boot/modem_fsg!
07-26 22:04:50.407   722   722 I vendor.rmt_storage: rmt_storage_open_cb: /boot/modem_fsg: req_h=0x3 msg_id=1: Client found
07-26 22:04:50.407   722   722 I vendor.rmt_storage: rmt_storage_open_cb: /boot/modem_fsg: req_h=0x3 msg_id=1: Send response: res=0 err=0
07-26 22:04:50.407   722   937 I vendor.rmt_storage: rmt_storage_client_thread: /boot/modem_fsg: Worker thread started
07-26 22:04:50.407   722   937 I vendor.rmt_storage: wake lock name: rmt_storage_490966322512, name creation success: 24
07-26 22:04:50.407   722   722 I vendor.rmt_storage: rmt_storage_disconnect_cb: clnt_h=0x2 conn_h=0x7252605020
07-26 22:04:50.407   722   722 I vendor.rmt_storage: rmt_storage_connect_cb: clnt_h=0x4 conn_h=0x7252605020
07-26 22:04:50.407     0     0 E rmt_storage: INFO:rmt_storage_open_cb: Processing: Open Request (req_h 0x4) for /boot/modem_fsc!
07-26 22:04:50.407   722   722 I vendor.rmt_storage: rmt_storage_open_cb: /boot/modem_fsc: req_h=0x4 msg_id=1: Client found
07-26 22:04:50.407   722   722 I vendor.rmt_storage: rmt_storage_open_cb: /boot/modem_fsc: req_h=0x4 msg_id=1: Send response: res=0 err=0
07-26 22:04:50.407   722   938 I vendor.rmt_storage: rmt_storage_client_thread: /boot/modem_fsc: Worker thread started
07-26 22:04:50.407   722   938 I vendor.rmt_storage: wake lock name: rmt_storage_490948509008, name creation success: 24
07-26 22:04:50.407   722   722 I vendor.rmt_storage: rmt_storage_disconnect_cb: clnt_h=0x3 conn_h=0x7252605010
07-26 22:04:50.408   722   722 I vendor.rmt_storage: rmt_storage_connect_cb: clnt_h=0x5 conn_h=0x7252605010
07-26 22:04:50.408   722   722 I vendor.rmt_storage: rmt_storage_open_cb: Unable to open /boot/modem_fsg_oem_1
07-26 22:04:50.408   722   722 I vendor.rmt_storage: rmt_storage_open_cb: : req_h=0x5 msg_id=1: Send response: res=1 err=3
07-26 22:04:50.408   722   722 I vendor.rmt_storage: rmt_storage_disconnect_cb: clnt_h=0x4 conn_h=0x7252605020
07-26 22:04:50.408   722   722 I vendor.rmt_storage: rmt_storage_connect_cb: clnt_h=0x6 conn_h=0x7252605020
07-26 22:04:50.408   722   722 I vendor.rmt_storage: rmt_storage_open_cb: Unable to open /boot/modem_fsg_oem_2
07-26 22:04:50.408   722   722 I vendor.rmt_storage: rmt_storage_open_cb: : req_h=0x6 msg_id=1: Send response: res=1 err=3
07-26 22:04:50.408   722   722 I vendor.rmt_storage: rmt_storage_disconnect_cb: clnt_h=0x5 conn_h=0x7252605010
07-26 22:04:50.408   722   722 I vendor.rmt_storage: rmt_storage_disconnect_cb: clnt_h=0x6 conn_h=0x7252605020
07-26 22:04:50.409   722   722 I vendor.rmt_storage: rmt_storage_connect_cb: clnt_h=0x7 conn_h=0x7252605020
07-26 22:04:50.409   722   722 I vendor.rmt_storage: rmt_storage_alloc_buff_cb: /boot/modem_fs1: req_h=0x7 msg_id=4: Alloc request received: Size: 2097152
07-26 22:04:50.409   722   722 I vendor.rmt_storage: rmt_storage_alloc_buff_cb: /boot/modem_fs1: req_h=0x7 msg_id=4: Old Client requesting buffer from RMTS Server
07-26 22:04:50.409     0     0 E rmt_storage: INFO:rmt_storage_alloc_buff_cb: Received req_size: 2097152! avail: 2097152
07-26 22:04:50.409   722   722 I vendor.rmt_storage: rmt_storage_alloc_buff_cb: /boot/modem_fs1: req_h=0x7 msg_id=4: Send response: res=0 err=0
07-26 22:04:50.409   722   722 I vendor.rmt_storage: rmt_storage_disconnect_cb: clnt_h=0x7 conn_h=0x7252605020
07-26 22:04:50.410   722   722 I vendor.rmt_storage: rmt_storage_connect_cb: clnt_h=0x8 conn_h=0x7252605020
07-26 22:04:50.410   722   722 I vendor.rmt_storage: rmt_storage_rw_iovec_cb: /boot/modem_fs1: req_h=0x8 msg_id=3: R/W request received (wr_count 0)
07-26 22:04:50.410     0     0 E rmt_storage: INFO:rmt_storage_rw_iovec_cb: Read iovec request (req_h 0x8 wr_count 0) received for /boot/modem_fs1
07-26 22:04:50.411   722   722 I vendor.rmt_storage: wakelock acquired: 1, error no: 11
07-26 22:04:50.411   722   935 I vendor.rmt_storage: rmt_storage_client_thread: /boot/modem_fs1: Unblock worker thread (th_id: 491001949520)
07-26 22:04:50.411     0     0 E rmt_storage: INFO:rmt_storage_client_thread: Calling Read [offset=512, size=512, req_h 0x8, wr_count 0] for /boot/modem_fs1!
07-26 22:04:50.412     0     0 E rmt_storage: INFO:rmt_storage_client_thread: Done Read (bytes = 512, req_h 0x8, wr_count 0) for /boot/modem_fs1!
07-26 22:04:50.412   722   935 I vendor.rmt_storage: rmt_storage_client_thread: /boot/modem_fs1: req_h=0x8 msg_id=3: Bytes read = 512, wr_count 0
07-26 22:04:50.412   722   935 I vendor.rmt_storage: rmt_storage_client_thread: /boot/modem_fs1: req_h=0x8 msg_id=3: Send response: res=0 err=0, wr_count 0
07-26 22:04:50.412   722   935 I vendor.rmt_storage: rmt_storage_client_thread: /boot/modem_fs1: About to block rmt_storage client thread (th_id: 491001949520) wakelock released: 1, error no: 0
07-26 22:04:50.412   722   935 I vendor.rmt_storage: 
07-26 22:04:50.412   722   722 I vendor.rmt_storage: rmt_storage_connect_cb: clnt_h=0x9 conn_h=0x7252605010
07-26 22:04:50.413   722   722 I vendor.rmt_storage: rmt_storage_rw_iovec_cb: /boot/modem_fs2: req_h=0x9 msg_id=3: R/W request received (wr_count 0)
07-26 22:04:50.413   722   722 I vendor.rmt_storage: wakelock acquired: 1, error no: 11
07-26 22:04:50.413   722   722 I vendor.rmt_storage: rmt_storage_disconnect_cb: clnt_h=0x8 conn_h=0x7252605020
07-26 22:04:50.413   722   936 I vendor.rmt_storage: rmt_storage_client_thread: /boot/modem_fs2: Unblock worker thread (th_id: 490984136016)
07-26 22:04:50.414     0     0 I subsys-pil-tz soc: qcom,kgsl-hyp: a512_zap: loading from 0x00000000fbc00000 to 0x00000000fbc02000
07-26 22:04:50.415   722   936 I vendor.rmt_storage: rmt_storage_client_thread: /boot/modem_fs2: req_h=0x9 msg_id=3: Bytes read = 512, wr_count 0
07-26 22:04:50.416   722   936 I vendor.rmt_storage: rmt_storage_client_thread: /boot/modem_fs2: req_h=0x9 msg_id=3: Send response: res=0 err=0, wr_count 0
07-26 22:04:50.416   722   936 I vendor.rmt_storage: rmt_storage_client_thread: /boot/modem_fs2: About to block rmt_storage client thread (th_id: 490984136016) wakelock released: 1, error no: 0
07-26 22:04:50.416   722   936 I vendor.rmt_storage: 
07-26 22:04:50.416   722   722 I vendor.rmt_storage: rmt_storage_disconnect_cb: clnt_h=0x9 conn_h=0x7252605010
07-26 22:04:50.417   722   722 I vendor.rmt_storage: rmt_storage_connect_cb: clnt_h=0xa conn_h=0x7252605010
07-26 22:04:50.417   722   722 I vendor.rmt_storage: rmt_storage_rw_iovec_cb: /boot/modem_fsg: req_h=0xa msg_id=3: R/W request received (wr_count 0)
07-26 22:04:50.417   722   722 I vendor.rmt_storage: wakelock acquired: 1, error no: 11
07-26 22:04:50.417   722   937 I vendor.rmt_storage: rmt_storage_client_thread: /boot/modem_fsg: Unblock worker thread (th_id: 490966322512)
07-26 22:04:50.427   722   937 I vendor.rmt_storage: rmt_storage_client_thread: /boot/modem_fsg: req_h=0xa msg_id=3: Bytes read = 2097152, wr_count 0
07-26 22:04:50.427   722   937 I vendor.rmt_storage: rmt_storage_client_thread: /boot/modem_fsg: req_h=0xa msg_id=3: Send response: res=0 err=0, wr_count 0
07-26 22:04:50.427   722   937 I vendor.rmt_storage: rmt_storage_client_thread: /boot/modem_fsg: About to block rmt_storage client thread (th_id: 490966322512) wakelock released: 1, error no: 0
07-26 22:04:50.427   722   937 I vendor.rmt_storage: 
07-26 22:04:50.429   722   722 I vendor.rmt_storage: rmt_storage_disconnect_cb: clnt_h=0xa conn_h=0x7252605010
07-26 22:04:50.437     0     0 I subsys-pil-tz soc: qcom,kgsl-hyp: a512_zap: Brought out of reset
07-26 22:04:50.471   618   623 D QC-time-services: Daemon:time_service_modem_serv_notify_cb: QMI service is up 
07-26 22:04:50.472   618   729 D QC-time-services: Daemon:genoff_modem_qmi_service_handle_cb: QMI service handle cb called 
07-26 22:04:50.472     0     0 I memshare_child soc: qcom,memshare:qcom,client_3: memshare_query: client_id : 1, query_resp.size :0, query_resp.resp.result :0
07-26 22:04:50.475   723   723 I tftp_server: pid=723 tid=723 tftp-server : INF :[tftp_server.c, 659] rcvd request [1] [73] [2] [0] [29]
07-26 22:04:50.475   723   941 I tftp_server: pid=723 tid=941 tftp-server : INF :[tftp_server_utils.c, 113] file [readwrite/server_check.txt] : [/vendor/rfs/msm/mpss/readwrite/server_check.txt]
07-26 22:04:50.476   618   729 D QC-time-services: Daemon:genoff_modem_qmi_service_handle_cb: qmi_client_get_service_list for local returned 0num_services 1 num_entries 1
07-26 22:04:50.476   723   941 I tftp_server: pid=723 tid=941 tftp-server : INF :[tftp_server.c, 1201] OACK options [port: 29] : [7680, 1000, 10, 0, 0, 0, 0, 0]
07-26 22:04:50.476   723   941 I tftp_server: pid=723 tid=941 tftp-server : INF :[tftp_os_la.c, 63] open : [-1] [-1] [384] [577] [/vendor/rfs/msm/mpss/readwrite/server_check.txt]
07-26 22:04:50.476     0     0 E diag    : In diag_send_feature_mask_update, control channel is not open, p: 0, 0000000000000000
07-26 22:04:50.478     0     0 E diag    : In diag_send_peripheral_buffering_mode, buffering flag not set for 0
07-26 22:04:50.479   618   729 D QC-time-services: Daemon:genoff_modem_qmi_service_handle_cb: Initial transaction successful
07-26 22:04:50.481   723   723 I tftp_server: pid=723 tid=723 tftp-server : INF :[tftp_server.c, 659] rcvd request [1] [91] [1] [0] [39]
07-26 22:04:50.481   723   943 I tftp_server: pid=723 tid=943 tftp-server : INF :[tftp_server_utils.c, 113] file [readonly/firmware/image/wlanmdsp.mbn] : [/vendor/rfs/msm/mpss/readonly/firmware/image/wl
07-26 22:04:50.482   723   943 I tftp_server: pid=723 tid=943 tftp-server : INF :[tftp_server.c, 1201] OACK options [port: 39] : [7680, 1000, 3689408, 10, 0, 0, 0, 0]
07-26 22:04:50.482   723   943 I tftp_server: pid=723 tid=943 tftp-server : INF :[tftp_os_la.c, 63] open : [-1] [-1] [384] [0] [/vendor/rfs/msm/mpss/readonly/firmware/image/wlanmdsp.mbn]
07-26 22:04:50.483   723   943 I tftp_server: pid=723 tid=943 tftp-server : INF :[tftp_protocol.c, 742] Recd END OF TRANSFER pkt. Code = 9, Msg = End of Transfer
07-26 22:04:50.483   723   723 I tftp_server: pid=723 tid=723 tftp-server : INF :[tftp_server.c, 659] rcvd request [1] [97] [1] [0] [40]
07-26 22:04:50.483   723   943 I tftp_server: pid=723 tid=943 tftp-server : INF :[tftp_server.c, 1318] RRQ stats [port: 0]: sent_size = 39 total-blocks = 0 total-bytes = 0 timedout-pkts = 0, wrong-pkts 
07-26 22:04:50.483   723   943 I tftp_server: pid=723 tid=943 tftp-server : INF :[tftp_server.c, 1325] RRQ file stats [port: 39]: fread [Total, Max, Min] = [0, 0, 0]
07-26 22:04:50.483   723   943 I tftp_server: pid=723 tid=943 tftp-server : INF :[tftp_server.c, 1329] RRQ time stats : Total : [TX, RX] = [25, 447]
07-26 22:04:50.483   723   944 I tftp_server: pid=723 tid=944 tftp-server : INF :[tftp_server_utils.c, 113] file [readonly/firmware/image/wlanmdsp.mbn] : [/vendor/rfs/msm/mpss/readonly/firmware/image/wl
07-26 22:04:50.483   723   944 I tftp_server: pid=723 tid=944 tftp-server : INF :[tftp_server.c, 1201] OACK options [port: 40] : [7680, 1000, 10, 3689408, 0, 0, 0, 0]
07-26 22:04:50.483   723   944 I tftp_server: pid=723 tid=944 tftp-server : INF :[tftp_os_la.c, 63] open : [-1] [-1] [384] [0] [/vendor/rfs/msm/mpss/readonly/firmware/image/wlanmdsp.mbn]
07-26 22:04:50.483   723   943 I tftp_server: pid=723 tid=943 tftp-server : INF :[tftp_server.c, 1336] RRQ time stats [port: 39]: Tx/Rx [Min, Max] = [25, 25, 447, 447]
07-26 22:04:50.483   723   943 I tftp_server: pid=723 tid=943 tftp-server : INF :[tftp_server.c, 1352] RRQ was successfully processed.
07-26 22:04:50.484   723   943 I tftp_server: pid=723 tid=943 tftp-server : INF :[tftp_server.c, 1807] RRQ Total API = 2734
07-26 22:04:50.561   628   628 E ActivityRecognitionHardware: activity_recognition HAL is deprecated. class_init is effectively a no-op
07-26 22:04:50.591     0     0 W         : (NULL device *): hwmon_device_register() is deprecated. Please convert the driver to use hwmon_device_register_with_info().
07-26 22:04:50.601     0     0 W wsa881x_get_temp: Temperature registers[16 16 16 16] are out of range
07-26 22:04:50.601     0     0 W wsa881x_get_temp: T0: 65535 is out of range[5, 45]
07-26 22:04:50.604   672   672 I OpenCV  : calling android_getCpuFeatures() ...
07-26 22:04:50.605   672   672 I OpenCV  : calling android_getCpuFeatures() ... Done (1f7ff)
07-26 22:04:50.607   672   672 I QCamera : <MCI><INFO> get_num_of_cameras: 2783: dev_info[id=0,name='video3']
07-26 22:04:50.607   672   672 I QCamera : <MCI><INFO> sort_camera_info: 2617: Camera id: 0 facing: 1, type: 1 is_yuv: 0
07-26 22:04:50.607   672   672 I QCamera : <MCI><INFO> sort_camera_info: 2623: Number of cameras 1 sorted 1
07-26 22:04:50.607   672   672 I QCamera : <MCI><INFO> get_num_of_cameras: 2801: num_cameras=1
07-26 22:04:50.607   672   672 E QCamera2Factory: get_number_of_cameras num of cameras: 1
