07-26 22:04:51.847  1094  1094 D LibBpfLoader: Loaded code section 11 (skfilter_whitelist_xtbpf)
07-26 22:04:51.847  1094  1094 D LibBpfLoader: Loaded relo section 11 (.relskfilter/whitelist/xtbpf)
07-26 22:04:51.847  1094  1094 D LibBpfLoader: Adding section 11 to cs list
07-26 22:04:51.848  1094  1094 D LibBpfLoader: Loaded code section 13 (skfilter_blacklist_xtbpf)
07-26 22:04:51.848  1094  1094 D LibBpfLoader: Loaded relo section 13 (.relskfilter/blacklist/xtbpf)
07-26 22:04:51.848  1094  1094 D LibBpfLoader: Adding section 13 to cs list
07-26 22:04:51.848  1094  1094 D LibBpfLoader: Loaded code section 15 (cgroupsock_inet_create)
07-26 22:04:51.848  1094  1094 D LibBpfLoader: Loaded relo section 15 (.relcgroupsock/inet/create)
07-26 22:04:51.849  1094  1094 D LibBpfLoader: Adding section 15 to cs list
07-26 22:04:51.852  1094  1094 D LibBpfLoader: bpf_create_map name cookie_tag_map, ret: 9
07-26 22:04:51.853  1094  1094 D LibBpfLoader: bpf_create_map name uid_counterset_map, ret: 10
07-26 22:04:51.857  1084  1084 I ThermalEngine: vdd_rstr_init: Could not read /sys/module/msm_thermal/vdd_restriction/enabled
07-26 22:04:51.864  1084  1084 E ThermalEngine: open/sys/class/power_supply/battery/system_temp_level failed2
07-26 22:04:51.864  1084  1084 E ThermalEngine: Unable to init battery charging mitigation to 0
07-26 22:04:51.865  1123  1123 I PerfDaemon: PerfDaemon is starting.
07-26 22:04:51.867  1084  1084 I ThermalEngine: sensors_manager_init: Init
07-26 22:04:51.874  1094  1094 D LibBpfLoader: bpf_create_map name app_uid_stats_map, ret: 11
07-26 22:04:51.874  1084  1135 E ThermalEngine: socket creation success
07-26 22:04:51.877  1094  1094 D LibBpfLoader: bpf_create_map name stats_map_A, ret: 12
07-26 22:04:51.879  1094  1094 D LibBpfLoader: bpf_create_map name stats_map_B, ret: 13
07-26 22:04:51.879  1094  1094 D LibBpfLoader: bpf_create_map name iface_stats_map, ret: 14
07-26 22:04:51.879  1094  1094 D LibBpfLoader: bpf_create_map name configuration_map, ret: 15
07-26 22:04:51.880  1094  1094 D LibBpfLoader: bpf_create_map name uid_owner_map, ret: 16
07-26 22:04:51.880  1094  1094 D LibBpfLoader: bpf_create_map name iface_index_name_map, ret: 17
07-26 22:04:51.881  1094  1094 D LibBpfLoader: bpf_create_map name uid_permission_map, ret: 18
07-26 22:04:51.881  1094  1094 D LibBpfLoader: map_fd found at 0 is 9 in /system/etc/bpf/netd.o
07-26 22:04:51.881  1094  1094 D LibBpfLoader: map_fd found at 1 is 10 in /system/etc/bpf/netd.o
07-26 22:04:51.881  1094  1094 D LibBpfLoader: map_fd found at 2 is 11 in /system/etc/bpf/netd.o
07-26 22:04:51.881  1094  1094 D LibBpfLoader: map_fd found at 3 is 12 in /system/etc/bpf/netd.o
07-26 22:04:51.881  1094  1094 D LibBpfLoader: map_fd found at 4 is 13 in /system/etc/bpf/netd.o
07-26 22:04:51.881  1094  1094 D LibBpfLoader: map_fd found at 5 is 14 in /system/etc/bpf/netd.o
07-26 22:04:51.881  1094  1094 D LibBpfLoader: map_fd found at 6 is 15 in /system/etc/bpf/netd.o
07-26 22:04:51.881  1094  1094 D LibBpfLoader: map_fd found at 7 is 16 in /system/etc/bpf/netd.o
07-26 22:04:51.881  1094  1094 D LibBpfLoader: map_fd found at 8 is 17 in /system/etc/bpf/netd.o
07-26 22:04:51.881  1094  1094 D LibBpfLoader: map_fd found at 9 is 18 in /system/etc/bpf/netd.o
07-26 22:04:51.882  1094  1094 D LibBpfLoader: applying relo to instruction at byte offset: 616, 	       insn offset 77 , insn 118
07-26 22:04:51.882  1094  1094 D LibBpfLoader: applying relo to instruction at byte offset: 688, 	       insn offset 86 , insn 118
07-26 22:04:51.882  1094  1094 D LibBpfLoader: applying relo to instruction at byte offset: 1040, 	       insn offset 130 , insn 118
07-26 22:04:51.882  1094  1094 D LibBpfLoader: applying relo to instruction at byte offset: 1184, 	       insn offset 148 , insn 118
07-26 22:04:51.882  1094  1094 D LibBpfLoader: applying relo to instruction at byte offset: 1264, 	       insn offset 158 , insn 118
07-26 22:04:51.882  1094  1094 D LibBpfLoader: applying relo to instruction at byte offset: 1368, 	       insn offset 171 , insn 118
07-26 22:04:51.882  1094  1094 D LibBpfLoader: applying relo to instruction at byte offset: 1472, 	       insn offset 184 , insn 118
07-26 22:04:51.882  1094  1094 D LibBpfLoader: applying relo to instruction at byte offset: 1512, 	       insn offset 189 , insn 118
07-26 22:04:51.882  1094  1094 D LibBpfLoader: applying relo to instruction at byte offset: 1632, 	       insn offset 204 , insn 118
07-26 22:04:51.883  1094  1094 D LibBpfLoader: applying relo to instruction at byte offset: 1736, 	       insn offset 217 , insn 118
07-26 22:04:51.883  1094  1094 D LibBpfLoader: applying relo to instruction at byte offset: 1776, 	       insn offset 222 , insn 118
07-26 22:04:51.883  1094  1094 D LibBpfLoader: applying relo to instruction at byte offset: 2064, 	       insn offset 258 , insn 118
07-26 22:04:51.883  1094  1094 D LibBpfLoader: applying relo to instruction at byte offset: 2168, 	       insn offset 271 , insn 118
07-26 22:04:51.883  1094  1094 D LibBpfLoader: applying relo to instruction at byte offset: 2208, 	       insn offset 276 , insn 118
07-26 22:04:51.883  1094  1094 D LibBpfLoader: applying relo to instruction at byte offset: 2328, 	       insn offset 291 , insn 118
07-26 22:04:51.883  1094  1094 D LibBpfLoader: applying relo to instruction at byte offset: 2432, 	       insn offset 304 , insn 118
07-26 22:04:51.883  1094  1094 D LibBpfLoader: applying relo to instruction at byte offset: 2472, 	       insn offset 309 , insn 118
07-26 22:04:51.883  1094  1094 D LibBpfLoader: applying relo to instruction at byte offset: 2720, 	       insn offset 340 , insn 118
07-26 22:04:51.883  1094  1094 D LibBpfLoader: applying relo to instruction at byte offset: 2824, 	       insn offset 353 , insn 118
07-26 22:04:51.883  1094  1094 D LibBpfLoader: applying relo to instruction at byte offset: 2864, 	       insn offset 358 , insn 118
07-26 22:04:51.884  1094  1094 D LibBpfLoader: applying relo to instruction at byte offset: 608, 	       insn offset 76 , insn 118
07-26 22:04:51.904  1094  1094 D LibBpfLoader: applying relo to instruction at byte offset: 680, 	       insn offset 85 , insn 118
07-26 22:04:51.904  1094  1094 D LibBpfLoader: applying relo to instruction at byte offset: 904, 	       insn offset 113 , insn 118
07-26 22:04:51.904  1094  1094 D LibBpfLoader: applying relo to instruction at byte offset: 1048, 	       insn offset 131 , insn 118
07-26 22:04:51.904  1094  1094 D LibBpfLoader: applying relo to instruction at byte offset: 1128, 	       insn offset 141 , insn 118
07-26 22:04:51.904  1094  1094 D LibBpfLoader: applying relo to instruction at byte offset: 1232, 	       insn offset 154 , insn 118
07-26 22:04:51.905  1094  1094 D LibBpfLoader: applying relo to instruction at byte offset: 1336, 	       insn offset 167 , insn 118
07-26 22:04:51.905  1094  1094 D LibBpfLoader: applying relo to instruction at byte offset: 1376, 	       insn offset 172 , insn 118
07-26 22:04:51.905  1094  1094 D LibBpfLoader: applying relo to instruction at byte offset: 1496, 	       insn offset 187 , insn 118
07-26 22:04:51.905  1094  1094 D LibBpfLoader: applying relo to instruction at byte offset: 1600, 	       insn offset 200 , insn 118
07-26 22:04:51.905  1094  1094 D LibBpfLoader: applying relo to instruction at byte offset: 1640, 	       insn offset 205 , insn 118
07-26 22:04:51.905  1094  1094 D LibBpfLoader: applying relo to instruction at byte offset: 1928, 	       insn offset 241 , insn 118
07-26 22:04:51.905  1094  1094 D LibBpfLoader: applying relo to instruction at byte offset: 2032, 	       insn offset 254 , insn 118
07-26 22:04:51.905  1094  1094 D LibBpfLoader: applying relo to instruction at byte offset: 2072, 	       insn offset 259 , insn 118
07-26 22:04:51.905  1094  1094 D LibBpfLoader: applying relo to instruction at byte offset: 2192, 	       insn offset 274 , insn 118
07-26 22:04:51.905  1094  1094 D LibBpfLoader: applying relo to instruction at byte offset: 2296, 	       insn offset 287 , insn 118
07-26 22:04:51.905  1094  1094 D LibBpfLoader: applying relo to instruction at byte offset: 2336, 	       insn offset 292 , insn 118
07-26 22:04:51.905  1094  1094 D LibBpfLoader: applying relo to instruction at byte offset: 2584, 	       insn offset 323 , insn 118
07-26 22:04:51.905  1094  1094 D LibBpfLoader: applying relo to instruction at byte offset: 2688, 	       insn offset 336 , insn 118
07-26 22:04:51.905  1094  1094 D LibBpfLoader: applying relo to instruction at byte offset: 2728, 	       insn offset 341 , insn 118
07-26 22:04:51.905  1094  1094 D LibBpfLoader: applying relo to instruction at byte offset: 40, 	       insn offset 5 , insn 118
07-26 22:04:51.906  1094  1094 D LibBpfLoader: applying relo to instruction at byte offset: 144, 	       insn offset 18 , insn 118
07-26 22:04:51.906  1094  1094 D LibBpfLoader: applying relo to instruction at byte offset: 184, 	       insn offset 23 , insn 118
07-26 22:04:51.906  1094  1094 D LibBpfLoader: applying relo to instruction at byte offset: 40, 	       insn offset 5 , insn 118
07-26 22:04:51.906  1094  1094 D LibBpfLoader: applying relo to instruction at byte offset: 144, 	       insn offset 18 , insn 118
07-26 22:04:51.906  1094  1094 D LibBpfLoader: applying relo to instruction at byte offset: 184, 	       insn offset 23 , insn 118
07-26 22:04:51.906  1094  1094 D LibBpfLoader: applying relo to instruction at byte offset: 136, 	       insn offset 17 , insn 118
07-26 22:04:51.906  1094  1094 D LibBpfLoader: applying relo to instruction at byte offset: 32, 	       insn offset 4 , insn 118
07-26 22:04:51.906  1094  1094 D LibBpfLoader: applying relo to instruction at byte offset: 80, 	       insn offset 10 , insn 118
07-26 22:04:51.908  1123  1123 D PerfDaemon: added vendor.perfservice to services and is now running.
07-26 22:04:51.909  1106  1106 I KIT     : KIT firing up 1.08
07-26 22:04:51.909  1106  1106 E KIT     : LogMessageBuffer: Tue Jul 27 02:04:51 2021
07-26 22:04:51.909  1106  1106 E KIT     :  KIT firing up
07-26 22:04:51.909  1106  1106 E KIT     : 
07-26 22:04:51.911  1094  1094 D LibBpfLoader: New bpf core prog_load for /system/etc/bpf/netd.o (cgroupskb_ingress_stats) returned: 19
07-26 22:04:51.913  1094  1094 D LibBpfLoader: New bpf core prog_load for /system/etc/bpf/netd.o (cgroupskb_egress_stats) returned: 20
07-26 22:04:51.915  1084  1084 E ThermalEngine: pid_init_data: ERROR Uknown device
07-26 22:04:51.915  1084  1084 E ThermalEngine: thermal_monitor_init_data: read camera_thermal_migitation=125000
07-26 22:04:51.917  1084  1084 I ThermalEngine: Loading config file for virtual sensor
07-26 22:04:51.917  1084  1084 I ThermalEngine: Loading configuration file /vendor/etc/thermal-engine.conf
07-26 22:04:51.919  1084  1084 I ThermalEngine: Parsing section global
07-26 22:04:51.919  1084  1084 E ThermalEngine: virtual_sensors_init: Error getting virtual sensors set
07-26 22:04:51.919  1084  1084 I ThermalEngine: Loading configuration file /vendor/etc/thermal-engine.conf
07-26 22:04:51.919  1084  1084 I ThermalEngine: Parsing section global
07-26 22:04:51.919  1084  1084 E ThermalEngine: sensors_manager_reg_clnt: Invalid sensor pop_mem.
07-26 22:04:51.919  1084  1084 E ThermalEngine: pid_algo_init: Sensor clnt create fail pop_mem
07-26 22:04:51.919  1084  1084 E ThermalEngine: sensors_manager_reg_clnt: Invalid sensor cpu3.
07-26 22:04:51.919  1084  1084 E ThermalEngine: pid_algo_init: Sensor clnt create fail cpu3
07-26 22:04:51.919  1084  1084 E ThermalEngine: sensors_manager_reg_clnt: Invalid sensor cpu2.
07-26 22:04:51.919  1084  1084 E ThermalEngine: pid_algo_init: Sensor clnt create fail cpu2
07-26 22:04:51.919  1084  1084 E ThermalEngine: sensors_manager_reg_clnt: Invalid sensor cpu1.
07-26 22:04:51.919  1084  1084 E ThermalEngine: pid_algo_init: Sensor clnt create fail cpu1
07-26 22:04:51.919  1084  1084 E ThermalEngine: sensors_manager_reg_clnt: Invalid sensor cpu0.
07-26 22:04:51.919  1084  1084 E ThermalEngine: pid_algo_init: Sensor clnt create fail cpu0
07-26 22:04:51.919  1084  1084 I ThermalEngine: pid_algo_init: No PID's to be configured.
07-26 22:04:51.919  1084  1084 I ThermalEngine: [CAMERA_SKIN_EXIT_MITIGATION]
07-26 22:04:51.920  1084  1084 I ThermalEngine: #algo_type monitor
07-26 22:04:51.920  1084  1084 I ThermalEngine: sampling 10000
07-26 22:04:51.920  1084  1084 I ThermalEngine: sensor quiet-therm-adc
07-26 22:04:51.920  1084  1084 I ThermalEngine: thresholds 125000
07-26 22:04:51.920  1084  1084 I ThermalEngine: thresholds_clr 45000
07-26 22:04:51.920  1084  1084 I ThermalEngine: actions camera+camcorder
07-26 22:04:51.920  1084  1084 I ThermalEngine: action_info 10+10
07-26 22:04:51.920  1084  1084 I ThermalEngine: ss_algo_init: No SS's configured.
07-26 22:04:51.920  1084  1084 E ThermalEngine: No speaker_cal config
07-26 22:04:51.921     0     0 I service-notifier: root_service_service_ind_cb: Indication received from msm/modem/wlan_pd, state: 0x1fffffff, trans-id: 1
07-26 22:04:51.921     0     0 I service-notifier: send_ind_ack: Indication ACKed for transid 1, service msm/modem/wlan_pd, instance 180!
07-26 22:04:51.922     0     0 I icnss_qmi: QMI Server Connected: state: 0x980
07-26 22:04:51.922  1094  1094 D LibBpfLoader: New bpf core prog_load for /system/etc/bpf/netd.o (skfilter_egress_xtbpf) returned: 21
07-26 22:04:51.923  1094  1094 D LibBpfLoader: New bpf core prog_load for /system/etc/bpf/netd.o (skfilter_ingress_xtbpf) returned: 22
07-26 22:04:51.923  1094  1094 D LibBpfLoader: New bpf core prog_load for /system/etc/bpf/netd.o (skfilter_whitelist_xtbpf) returned: 23
07-26 22:04:51.923  1094  1094 D LibBpfLoader: New bpf core prog_load for /system/etc/bpf/netd.o (skfilter_blacklist_xtbpf) returned: 24
07-26 22:04:51.923  1094  1094 D LibBpfLoader: New bpf core prog_load for /system/etc/bpf/netd.o (cgroupsock_inet_create) returned: 25
07-26 22:04:51.924  1094  1094 I bpfloader: Attempted load object: /system/etc/bpf/netd.o, ret: Success
07-26 22:04:51.925  1109  1109 I chatty  : uid=1013 mediadrmserver expire 1 line
07-26 22:04:51.925  1084  1158 E ThermalEngine: open/sys/module/msm_thermal/parameters/enabled failed2
07-26 22:04:51.930  1128  1128 I wificond: wificond is starting up...
07-26 22:04:51.964     0     0 I sn65dsi86_dsi2edp_enable_lately_2nd_part: DisplayPort Link Semi-Auto train Success!!
07-26 22:04:51.977  1089  1089 E Diag_Lib: qpLogDiagInit <== result : 1; log_write_mutex is Initialized
07-26 22:04:51.977  1089  1089 E VIMSVT  : VT-Vendor:: enableImsADB 0, log_priority value 240
07-26 22:04:51.978  1089  1089 E Diag_Lib: [IMS_AP_RTP]"RTPService callback Registraton"
07-26 22:04:51.980  1089  1089 I ServiceManagement: Registered vendor.qti.imsrtpservice@2.1::IRTPService/imsrtpservice (start delay of 256ms)
07-26 22:04:51.982  1124  1124 I ServiceManagement: Registered android.frameworks.stats@1.0::IStats/default (start delay of 157ms)
07-26 22:04:51.983  1124  1124 W statsd  : statscompanion service unavailable!
07-26 22:04:51.983  1124  1124 I statsd  : Statsd starts to listen to socket.
07-26 22:04:52.007  1108  1108 I keystore: found android.hardware.keymaster@4.0::IKeymasterDevice with interface name default and seclevel TRUSTED_ENVIRONMENT
07-26 22:04:52.013  1145  1145 E wifidisplayhal-service: Start with vendor binder
07-26 22:04:52.013  1145  1145 E wifidisplayhal-service: Registering wifidisplayhdcphal service...
07-26 22:04:52.015  1145  1145 I ServiceManagement: Registered com.qualcomm.qti.wifidisplayhal@1.0::IHDCPSession/wifidisplayhdcphal (start delay of 141ms)
07-26 22:04:52.015  1145  1145 E wifidisplayhal-service: Registering wifidisplaydshal service...
07-26 22:04:52.018  1145  1145 I ServiceManagement: Registered com.qualcomm.qti.wifidisplayhal@1.0::IDSManager/wifidisplaydshal (start delay of 144ms)
07-26 22:04:52.024  1147  1147 I ServiceManagement: Registered com.qualcomm.qti.dpm.api@1.0::IdpmQmi/dpmQmiService (start delay of 150ms)
07-26 22:04:52.037  1167  1167 I ssgqmigd: socket ANDROID_SOCKET_ssgqmig open success
07-26 22:04:52.038  1167  1167 I ssgqmigd: ssgqmigd uses 42
07-26 22:04:52.044  1130  1130 D RILD    : **RIL Daemon Started**
07-26 22:04:52.044  1130  1130 D RILD    : **RILd param count=3**
07-26 22:04:52.049  1090  1090 I imsrcsd : Uce Service HAL  loading imsrcsbaseimpl
07-26 22:04:52.052  1175  1175 I /system/bin/tombstoned: tombstoned successfully initialized
07-26 22:04:52.071  1165  1165 I CLD80211: /system/vendor/bin/cnss-daemon: initialized exit socket pair
07-26 22:04:52.071  1165  1165 I CLD80211: /system/vendor/bin/cnss-daemon: nlctrl family id: 16 group: svc_msgs mcast_id: 19
07-26 22:04:52.071  1165  1165 E cnss-daemon: interop issues ap: read_iot_ap_file: No such file /data/vendor/wifi/iotap_ps.bin
07-26 22:04:52.071  1165  1165 E cnss-daemon: interop issues ap: read_iot_ap_ps_from_file, read file error
07-26 22:04:52.071  1165  1165 I cnss-daemon: interop issues ap init successfully
07-26 22:04:52.071  1165  1165 I cnss-daemon:  cnss hang event handler init successfully
07-26 22:04:52.076  1173  1173 I gatekeeperd: Starting gatekeeperd...
07-26 22:04:52.081  1141  1141 E QCNEA   : Cne Version 4.9
07-26 22:04:52.085  1130  1130 D RILD    : RIL_Init argc = 3 clientId = 0
07-26 22:04:52.085  1130  1130 D RILC    : Quectel RIL Version: Quectel_Android_RIL_Driver_V3.3.4-0712
07-26 22:04:52.085  1130  1130 E RIL_READ_CONF: '/system/etc/ql-ril.conf' not exist.
07-26 22:04:52.087  1165  1165 E cnss-daemon: Couldn't resolve family id
07-26 22:04:52.087  1165  1165 E cnss-daemon: Failed to init genl between daemon and platform, continue
07-26 22:04:52.088   710   743 D PerMgrSrv: modem state: is on-line, add client cnss-daemon
07-26 22:04:52.088   710   743 D PerMgrSrv: cnss-daemon registered
07-26 22:04:52.088  1165  1165 D PerMgrLib: cnss-daemon successfully registered for modem
07-26 22:04:52.088  1165  1165 D PerMgrLib: cnss-daemon voting for modem
07-26 22:04:52.088   710   743 D PerMgrSrv: cnss-daemon voting for modem
07-26 22:04:52.088   710   743 D PerMgrSrv: modem num voters is 2
07-26 22:04:52.089  1165  1165 E cnss-daemon: no interop issues ap currently
07-26 22:04:52.090  1130  1130 D RIL_READ_CONF: original conf line: At_Cmds_For_Customer_Initialize=at+qgpscfg="gpsnmeatype",31;at+qgpscfg="glonassnmeatype",7;at+qgpscfg="beidounmeatype",3;at+qgpscfg="galileonmeatype",1;at+qgpscfg="gnssrawdata",1,0;AT+QNVW=5895,0,"01";AT+QNVW=7145,0,"00"
07-26 22:04:52.090  1130  1130 D RIL_READ_CONF: original conf line: Query_Available_Networks=1
07-26 22:04:52.090  1130  1130 D RIL_READ_CONF: Query_Available_Networks = 1
07-26 22:04:52.090  1130  1130 E RILC    : '/vendor/manifest.xml' not exist.
07-26 22:04:52.090  1130  1130 D RILC    : t-prop_value is 2
07-26 22:04:52.090  1130  1130 D RILC    : before_dot is 10
07-26 22:04:52.090  1130  1130 D RILC    : [ro.build.version.release]: [10.0]
07-26 22:04:52.090  1130  1130 D RILC    : Android Version: 100, RIL_VERSION: 12 / 12
07-26 22:04:52.090  1130  1130 E libc    : The property "ro.build.description" has a value with length 95 that is too large for __system_property_get()/__system_property_read(); use __system_property_read_callback() instead.
07-26 22:04:52.090  1130  1130 D RILC    : [ro.build.description]: [Must use __system_property_read_callback() to read]
07-26 22:04:52.090  1130  1130 D RILC    : [ro.hardware]: [qcom]
07-26 22:04:52.090  1130  1130 D RILC    : selinux maybe set Enforcing mode, use command getenforce to check
07-26 22:04:52.090  1130  1130 D RILC    : selinux maybe set Enforcing mode, use command "setenforce 0" to disable
07-26 22:04:52.090  1130  1130 I RILC    : clientID = 0
07-26 22:04:52.090  1130  1194 I RILC    : mainLoop Start
07-26 22:04:52.091     0     0 E         : msm_pcm_path_latency_ctl_get substream runtime not found
07-26 22:04:52.092  1130  1194 E RILU    : cannot find ttyname for AT Port
07-26 22:04:52.092  1130  1194 D RILC    : try to match pci
07-26 22:04:52.092  1130  1194 D RILU    : find_pci_device is 0
07-26 22:04:52.092  1130  1194 E RILU    : can not find ttyname for pci AT port
07-26 22:04:52.092  1130  1194 D RILC    : PCI can't find at device
07-26 22:04:52.095  1165  1193 I cnss-daemon: WLFW service connected
07-26 22:04:52.096  1165  1193 I cnss-daemon: wlfw_read_file: No such file /data/vendor/wifi/wlfw_cal_00.bin
07-26 22:04:52.096  1165  1193 E cnss-daemon: wlfw_build_cal_table: not read /data/vendor/wifi/wlfw_cal_00.bin
07-26 22:04:52.096  1165  1193 I cnss-daemon: wlfw_read_file: No such file /data/vendor/wifi/wlfw_cal_01.bin
07-26 22:04:52.096  1165  1193 E cnss-daemon: wlfw_build_cal_table: not read /data/vendor/wifi/wlfw_cal_01.bin
07-26 22:04:52.096  1165  1193 I cnss-daemon: wlfw_read_file: No such file /data/vendor/wifi/wlfw_cal_02.bin
07-26 22:04:52.096  1165  1193 E cnss-daemon: wlfw_build_cal_table: not read /data/vendor/wifi/wlfw_cal_02.bin
07-26 22:04:52.096  1165  1193 I cnss-daemon: wlfw_read_file: No such file /data/vendor/wifi/wlfw_cal_03.bin
07-26 22:04:52.096  1165  1193 E cnss-daemon: wlfw_build_cal_table: not read /data/vendor/wifi/wlfw_cal_03.bin
07-26 22:04:52.096  1165  1193 I cnss-daemon: wlfw_read_file: No such file /data/vendor/wifi/wlfw_cal_04.bin
07-26 22:04:52.096  1165  1193 E cnss-daemon: wlfw_build_cal_table: not read /data/vendor/wifi/wlfw_cal_04.bin
07-26 22:04:52.096  1165  1192 E cnss-daemon: ro.baseband : [apq]
07-26 22:04:52.096  1165  1192 E cnss-daemon: Hardware does not support external modem
07-26 22:04:52.096  1165  1192 E cnss-daemon: Target does not have external modem
07-26 22:04:52.099  1165  1193 I cnss-daemon: wlfw_send_cap_req: chip_id: 0x30214, chip_family 0x4001, board_id: 0xff, soc_id: 0x40050000, fw_version: 0x335480ff, fw_build_timestamp: 2020-11-09 15:03
07-26 22:04:52.099  1165  1193 I cnss-daemon: wlfw_send_bdf_download_req: BDF file : regdb.bin
07-26 22:04:52.099  1165  1193 I cnss-daemon: wlfw_send_bdf_download_req: Looking for BDF file: /firmware/image/regdb.bin
07-26 22:04:52.099  1165  1193 I cnss-daemon: wlfw_send_bdf_download_req: Looking for BDF file: /vendor/firmware/regdb.bin
07-26 22:04:52.099  1165  1193 I cnss-daemon: wlfw_send_bdf_download_req: Looking for BDF file: /vendor/firmware_mnt/image/regdb.bin
07-26 22:04:52.099  1165  1193 E cnss-daemon: wlfw_send_bdf_download_req: Failed to find BDF file regdb.bin
07-26 22:04:52.099  1165  1193 E cnss-daemon: Failed to Download the REGDB File
07-26 22:04:52.099  1165  1193 I cnss-daemon: OEM debug wlfw_send_bdf_download_req: For this HW model bdf_path is /vendor/etc/oem_bdf/bdwlan_i4_in15_std.bin 
07-26 22:04:52.099  1165  1193 I cnss-daemon: wlfw_send_bdf_download_req: BDF file : bdwlan.bin
07-26 22:04:52.102  1165  1193 I cnss-daemon: OEM debug wlfw_send_bdf_download_req: BDF file found: /vendor/etc/oem_bdf/bdwlan_i4_in15_std.bin
07-26 22:04:52.107  1165  1193 I cnss-daemon: wlfw_send_bdf_download_req: bdf type 0,result 0, error 0
07-26 22:04:52.118     0     0 I chatty  : uid=0(root) logd identical 4 lines
07-26 22:04:52.127     0     0 E         : msm_pcm_path_latency_ctl_get substream runtime not found
07-26 22:04:52.139   496   496 I hwservicemanager: getTransport: Cannot find entry android.hardware.usb.gadget@1.0::IUsbGadget/default in either framework or device manifest.
07-26 22:04:52.139  1184  1184 I usbd    : Usb HAL not found
07-26 22:04:52.151  1090  1090 I imsrcsd : Starting Service for First Time imsbaseimpl
07-26 22:04:52.153  1090  1090 I ServiceManagement: Registered com.qualcomm.qti.uceservice@2.2::IUceService/com.qualcomm.qti.uceservice (start delay of 429ms)
07-26 22:04:52.153  1090  1090 I imsrcsd : ImsRcsBaseImpl CM_IMSCONNECTIONMANAGER_CREATE_CONNECTION Before Registering Service
07-26 22:04:52.158  1090  1090 I ServiceManagement: Registered com.qualcomm.qti.imscmservice@2.2::IImsCmService/qti.ims.connectionmanagerservice (start delay of 434ms)
07-26 22:04:52.158  1090  1090 I imsrcsd : ImsRcsBaseImpl CM_IMSCONNECTIONMANAGER_CREATE_CONNECTION After Registering Service
07-26 22:04:52.158  1090  1090 E         : [IMS_COM] |ImsCom.cpp | 57 | | 1090 |Com Fd: 7
07-26 22:04:52.158  1090  1090 E         : [IMS_COM] |ImsCom.cpp | 167 | | 1090 |ImsCom::addComEventHandler(int 7, ComEventCallback 0x743cd97668, void* 0x0, ComCloseCallback 0x0, events 17) EX
07-26 22:04:52.158  1090  1090 E         : [IMS_COM] |ImsCom.cpp | 179 | | 1090 |ImsCom::addComEventHandler epoll_ctl returns: 0
07-26 22:04:52.158  1090  1090 E         : [IMS_COM] |ImsCom.cpp | 60 | | 1090 |ImsCom is ready. epollFd:6
07-26 22:04:52.158  1090  1090 E         : [IMS_COM] |ImsQmiSvc.cpp | 38 | | 1090 |ImsQmiSvc[ImsQmiPrivate]:  
07-26 22:04:52.158  1090  1090 E         : [IMS_COM] |ImsQmiSvc.cpp | 41 | | 1090 |ImsQmiSvc: qmiimssvcfd : 8 svcObj[x3cd9f008] 
07-26 22:04:52.158  1090  1090 E         : [IMS_COM] |ImsCom.cpp | 167 | | 1090 |ImsCom::addComEventHandler(int 8, ComEventCallback 0x743cd9c548, void* 0x743da1c000, ComCloseCallback 0x0, events 1) EX
07-26 22:04:52.158  1090  1090 E         : [IMS_COM] |ImsCom.cpp | 179 | | 1090 |ImsCom::addComEventHandler epoll_ctl returns: 0
07-26 22:04:52.160  1090  1090 E         : [IMS_COM] |ImsQmiSvc.cpp | 121 | | 1090 |ImsQmiSvc[ImsQmiPrivate]: registerForQmiSvcUp 
07-26 22:04:52.160  1090  1090 E         : [IMS_COM] |ImsQmiPrivate.cpp | 121 | | 1090 |ImsQmiPrivate Xtor
07-26 22:04:52.160  1090  1090 E         : [IMS_COM] |ImsCom.cpp | 167 | | 1090 |ImsCom::addComEventHandler(int 12, ComEventCallback 0x743cd9a6e8, void* 0x743da1c000, ComCloseCallback 0x0, events 1) EX
07-26 22:04:52.160  1090  1090 E         : [IMS_COM] |ImsCom.cpp | 179 | | 1090 |ImsCom::addComEventHandler epoll_ctl returns: 0
07-26 22:04:52.160  1090  1090 I         : ImsCallInfoService: Ctor[3da0a180]
07-26 22:04:52.160  1090  1090 E         : [IMS_COM] |ImsQmiPrivate.cpp | 234 | | 1090 |QMI IMS Private listener added 0x743da0a180
07-26 22:04:52.160  1090  1090 I         : ImsCallInfoService - <API SVC> registerServiceImpl: Registering for vendor.qti.ims.callinfo 
07-26 22:04:52.161  1090  1090 I ServiceManagement: Registered vendor.qti.ims.callinfo@1.0::IService/default (start delay of 437ms)
07-26 22:04:52.161  1090  1090 I imsrcsd : ImsRcsBaseImpl ImsCallInfo After Registering Service
07-26 22:04:52.162  1090  1090 I ServiceManagement: Registered vendor.qti.ims.factory@1.0::IImsFactory/default (start delay of 438ms)
07-26 22:04:52.162  1090  1090 I imsrcsd : ImsRcsBaseImpl : Successfully registered ImsFactory
07-26 22:04:52.175  1129  1129 I media.codec: mediacodecservice starting
07-26 22:04:52.188  1129  1129 W media.codec: libminijail[1129]: failed to get path of fd 4: No such file or directory
07-26 22:04:52.188  1129  1129 W media.codec: libminijail[1129]: allowing syscall: clock_gettime
07-26 22:04:52.188  1129  1129 W media.codec: libminijail[1129]: allowing syscall: connect
07-26 22:04:52.188  1129  1129 W media.codec: libminijail[1129]: allowing syscall: fcntl64
07-26 22:04:52.188  1129  1129 W media.codec: libminijail[1129]: allowing syscall: socket
07-26 22:04:52.188  1129  1129 W media.codec: libminijail[1129]: allowing syscall: writev
07-26 22:04:52.190  1129  1129 W media.codec: libminijail[1129]: logging seccomp filter failures
07-26 22:04:52.203  1129  1129 I SoftOMXPlugin: createOMXPlugin
07-26 22:04:52.204  1129  1129 I MediaCodecsXmlParser: getVendorXmlPath (/vendor/etc/media_codecs_vendor.xml)
07-26 22:04:52.204  1129  1129 D MediaCodecsXmlParser: parsing /vendor/etc/media_codecs_vendor.xml...
07-26 22:04:52.206  1114  1114 I chatty  : uid=1013 mediametrics expire 2 lines
07-26 22:04:52.215  1129  1129 D MediaCodecsXmlParser: parsing /vendor/etc/media_codecs_google_audio.xml...
07-26 22:04:52.215  1129  1129 I MediaCodecsXmlParser: limit: max-channel-count = 2
07-26 22:04:52.216  1129  1129 I MediaCodecsXmlParser: limit: sample-rate-ranges = 8000,11025,12000,16000,22050,24000,32000,44100,48000
07-26 22:04:52.216  1129  1129 I MediaCodecsXmlParser: limit: bitrate-range = 8000-320000
07-26 22:04:52.216  1129  1129 I MediaCodecsXmlParser: limit: max-channel-count = 1
07-26 22:04:52.216  1129  1129 I MediaCodecsXmlParser: limit: sample-rate-ranges = 8000
07-26 22:04:52.216  1129  1129 I MediaCodecsXmlParser: limit: bitrate-range = 4750-12200
07-26 22:04:52.216  1129  1129 I MediaCodecsXmlParser: limit: max-channel-count = 1
07-26 22:04:52.216  1129  1129 I MediaCodecsXmlParser: limit: sample-rate-ranges = 16000
07-26 22:04:52.216  1129  1129 I MediaCodecsXmlParser: limit: bitrate-range = 6600-23850
07-26 22:04:52.216  1129  1129 I MediaCodecsXmlParser: limit: max-channel-count = 8
07-26 22:04:52.216  1129  1129 I MediaCodecsXmlParser: limit: sample-rate-ranges = 7350,8000,11025,12000,16000,22050,24000,32000,44100,48000
07-26 22:04:52.216  1129  1129 I MediaCodecsXmlParser: limit: bitrate-range = 8000-960000
07-26 22:04:52.216  1129  1129 I MediaCodecsXmlParser: limit: max-channel-count = 1
07-26 22:04:52.216  1129  1129 I MediaCodecsXmlParser: limit: sample-rate-ranges = 8000-48000
07-26 22:04:52.216  1129  1129 I MediaCodecsXmlParser: limit: bitrate-range = 64000
07-26 22:04:52.217  1129  1129 I MediaCodecsXmlParser: limit: max-channel-count = 1
07-26 22:04:52.217  1129  1129 I MediaCodecsXmlParser: limit: sample-rate-ranges = 8000-48000
07-26 22:04:52.217  1129  1129 I MediaCodecsXmlParser: limit: bitrate-range = 64000
07-26 22:04:52.217  1129  1129 I MediaCodecsXmlParser: limit: max-channel-count = 8
07-26 22:04:52.217  1129  1129 I MediaCodecsXmlParser: limit: sample-rate-ranges = 8000-96000
07-26 22:04:52.217  1129  1129 I MediaCodecsXmlParser: limit: bitrate-range = 32000-500000
07-26 22:04:52.217  1129  1129 I MediaCodecsXmlParser: limit: max-channel-count = 8
07-26 22:04:52.217  1129  1129 I MediaCodecsXmlParser: limit: sample-rate-ranges = 48000
07-26 22:04:52.217  1129  1129 I MediaCodecsXmlParser: limit: bitrate-range = 6000-510000
07-26 22:04:52.217  1129  1129 I MediaCodecsXmlParser: limit: max-channel-count = 8
07-26 22:04:52.217  1129  1129 I MediaCodecsXmlParser: limit: sample-rate-ranges = 8000-192000
07-26 22:04:52.217  1129  1129 I MediaCodecsXmlParser: limit: bitrate-range = 1-10000000
07-26 22:04:52.217  1129  1129 I MediaCodecsXmlParser: limit: max-channel-count = 8
07-26 22:04:52.218  1129  1129 I MediaCodecsXmlParser: limit: sample-rate-ranges = 1-655350
07-26 22:04:52.218  1129  1129 I MediaCodecsXmlParser: limit: bitrate-range = 1-21000000
07-26 22:04:52.218  1129  1129 I MediaCodecsXmlParser: limit: max-channel-count = 6
07-26 22:04:52.218  1129  1129 I MediaCodecsXmlParser: limit: sample-rate-ranges = 8000,11025,12000,16000,22050,24000,32000,44100,48000
07-26 22:04:52.218  1129  1129 I MediaCodecsXmlParser: limit: bitrate-range = 8000-960000
07-26 22:04:52.218  1129  1129 I MediaCodecsXmlParser: limit: max-channel-count = 1
07-26 22:04:52.218  1129  1129 I MediaCodecsXmlParser: limit: sample-rate-ranges = 8000
07-26 22:04:52.218  1129  1129 I MediaCodecsXmlParser: limit: bitrate-range = 4750-12200
07-26 22:04:52.218  1129  1129 I MediaCodecsXmlParser: limit: feature-bitrate-modes = CBR
07-26 22:04:52.218  1129  1129 I MediaCodecsXmlParser: limit: max-channel-count = 1
07-26 22:04:52.218  1129  1129 I MediaCodecsXmlParser: limit: sample-rate-ranges = 16000
07-26 22:04:52.218  1129  1129 I MediaCodecsXmlParser: limit: bitrate-range = 6600-23850
07-26 22:04:52.218  1129  1129 I MediaCodecsXmlParser: limit: feature-bitrate-modes = CBR
07-26 22:04:52.218  1129  1129 I MediaCodecsXmlParser: limit: max-channel-count = 2
07-26 22:04:52.218  1129  1129 I MediaCodecsXmlParser: limit: sample-rate-ranges = 1-655350
07-26 22:04:52.218  1129  1129 I MediaCodecsXmlParser: limit: bitrate-range = 1-21000000
07-26 22:04:52.218  1129  1129 I MediaCodecsXmlParser: limit: complexity-default = 5
07-26 22:04:52.218  1129  1129 I MediaCodecsXmlParser: limit: complexity-range = 0-8
07-26 22:04:52.218  1129  1129 I MediaCodecsXmlParser: limit: feature-bitrate-modes = CQ
07-26 22:04:52.219  1129  1129 D MediaCodecsXmlParser: parsing /vendor/etc/media_codecs_vendor_audio.xml...
07-26 22:04:52.219  1129  1129 I MediaCodecsXmlParser: limit: max-concurrent-instances = 10
07-26 22:04:52.219  1129  1129 D MediaCodecsXmlParser: parsing /vendor/etc/media_codecs_google_telephony.xml...
07-26 22:04:52.220  1129  1129 I MediaCodecsXmlParser: limit: max-channel-count = 1
07-26 22:04:52.220  1129  1129 I MediaCodecsXmlParser: limit: sample-rate-ranges = 8000
07-26 22:04:52.220  1129  1129 I MediaCodecsXmlParser: limit: bitrate-range = 13000
07-26 22:04:52.220  1129  1129 I MediaCodecsXmlParser: limit: size-range = 176x64-3840x2160
07-26 22:04:52.220  1129  1129 I MediaCodecsXmlParser: limit: alignment = 2x2
07-26 22:04:52.220  1129  1129 I MediaCodecsXmlParser: limit: block-size = 16x16
07-26 22:04:52.220  1129  1129 I MediaCodecsXmlParser: limit: blocks-per-second-range = 1-972000
07-26 22:04:52.220  1129  1129 I MediaCodecsXmlParser: limit: bitrate-range = 1-100000000
07-26 22:04:52.220  1129  1129 I MediaCodecsXmlParser: limit: max-concurrent-instances = 16
07-26 22:04:52.220  1129  1129 I MediaCodecsXmlParser: limit: feature-intra-refresh = 0
07-26 22:04:52.220  1129  1129 I MediaCodecsXmlParser: limit: performance-point-3840x2160-range = 24-24
07-26 22:04:52.220  1129  1129 I MediaCodecsXmlParser: limit: size-range = 96x96-3840x2160
07-26 22:04:52.220  1129  1129 I MediaCodecsXmlParser: limit: alignment = 2x2
07-26 22:04:52.220  1129  1129 I MediaCodecsXmlParser: limit: block-size = 16x16
07-26 22:04:52.221  1129  1129 I MediaCodecsXmlParser: limit: blocks-per-second-range = 1-972000
07-26 22:04:52.221  1129  1129 I MediaCodecsXmlParser: limit: bitrate-range = 1-100000000
07-26 22:04:52.221  1129  1129 I MediaCodecsXmlParser: limit: max-concurrent-instances = 16
07-26 22:04:52.221  1129  1129 I MediaCodecsXmlParser: limit: feature-intra-refresh = 0
07-26 22:04:52.221  1129  1129 I MediaCodecsXmlParser: limit: feature-can-swap-width-height = 0
07-26 22:04:52.221  1129  1129 I MediaCodecsXmlParser: limit: performance-point-3840x2160-range = 24-24
07-26 22:04:52.221  1129  1129 I MediaCodecsXmlParser: limit: size-range = 96x64-1920x1088
07-26 22:04:52.221  1129  1129 I MediaCodecsXmlParser: limit: alignment = 2x2
07-26 22:04:52.221  1129  1129 I MediaCodecsXmlParser: limit: block-size = 16x16
07-26 22:04:52.221  1129  1129 I MediaCodecsXmlParser: limit: blocks-per-second-range = 1-244800
07-26 22:04:52.221  1129  1129 I MediaCodecsXmlParser: limit: bitrate-range = 1-40000000
07-26 22:04:52.221  1129  1129 I MediaCodecsXmlParser: limit: max-concurrent-instances = 16
07-26 22:04:52.221  1129  1129 I MediaCodecsXmlParser: limit: performance-point-1920x1088-range = 30-30
07-26 22:04:52.221  1129  1129 I MediaCodecsXmlParser: limit: size-range = 96x64-864x480
07-26 22:04:52.221  1129  1129 I MediaCodecsXmlParser: limit: alignment = 2x2
07-26 22:04:52.221  1129  1129 I MediaCodecsXmlParser: limit: block-size = 16x16
07-26 22:04:52.221  1129  1129 I MediaCodecsXmlParser: limit: blocks-per-second-range = 1-48600
07-26 22:04:52.221  1129  1129 I MediaCodecsXmlParser: limit: bitrate-range = 1-2000000
07-26 22:04:52.221  1129  1129 I MediaCodecsXmlParser: limit: max-concurrent-instances = 16
07-26 22:04:52.221  1129  1129 I MediaCodecsXmlParser: limit: performance-point-720x480-range = 30-30
07-26 22:04:52.221  1129  1129 I MediaCodecsXmlParser: limit: size-range = 96x64-1920x1088
07-26 22:04:52.221  1129  1129 I MediaCodecsXmlParser: limit: alignment = 2x2
07-26 22:04:52.221  1129  1129 I MediaCodecsXmlParser: limit: block-size = 16x16
07-26 22:04:52.221  1129  1129 I MediaCodecsXmlParser: limit: blocks-per-second-range = 1-244800
07-26 22:04:52.221  1129  1129 I MediaCodecsXmlParser: limit: bitrate-range = 1-40000000
07-26 22:04:52.221  1129  1129 I MediaCodecsXmlParser: limit: max-concurrent-instances = 16
07-26 22:04:52.221  1129  1129 I MediaCodecsXmlParser: limit: feature-intra-refresh = 0
07-26 22:04:52.221  1129  1129 I MediaCodecsXmlParser: limit: performance-point-1920x1088-range = 30-30
07-26 22:04:52.221  1129  1129 I MediaCodecsXmlParser: limit: size-range = 64x64-3840x2160
07-26 22:04:52.221  1129  1129 I MediaCodecsXmlParser: limit: alignment = 2x2
07-26 22:04:52.221  1129  1129 I MediaCodecsXmlParser: limit: block-size = 16x16
07-26 22:04:52.221  1129  1129 I MediaCodecsXmlParser: limit: blocks-per-second-range = 1-972000
07-26 22:04:52.221  1129  1129 I MediaCodecsXmlParser: limit: bitrate-range = 1-100000000
07-26 22:04:52.221  1129  1129 I MediaCodecsXmlParser: limit: feature-adaptive-playback = 0
07-26 22:04:52.221  1129  1129 I MediaCodecsXmlParser: limit: max-concurrent-instances = 16
07-26 22:04:52.221  1129  1129 I MediaCodecsXmlParser: limit: feature-can-swap-width-height = 0
07-26 22:04:52.221  1129  1129 I MediaCodecsXmlParser: limit: performance-point-3840x2160-range = 30-30
07-26 22:04:52.221  1129  1129 I MediaCodecsXmlParser: limit: size-range = 64x64-3840x2160
07-26 22:04:52.221  1129  1129 I MediaCodecsXmlParser: limit: alignment = 2x2
07-26 22:04:52.221  1129  1129 I MediaCodecsXmlParser: limit: block-size = 16x16
07-26 22:04:52.221  1129  1129 I MediaCodecsXmlParser: limit: blocks-per-second-range = 1-972000
07-26 22:04:52.221  1129  1129 I MediaCodecsXmlParser: limit: bitrate-range = 1-35000000
07-26 22:04:52.222  1129  1129 I MediaCodecsXmlParser: limit: feature-adaptive-playback = 0
07-26 22:04:52.222  1129  1129 I MediaCodecsXmlParser: limit: feature-secure-playback = 1
07-26 22:04:52.222  1129  1129 I MediaCodecsXmlParser: limit: max-concurrent-instances = 6
07-26 22:04:52.222  1129  1129 I MediaCodecsXmlParser: limit: performance-point-3840x2160-range = 30-30
07-26 22:04:52.222  1129  1129 I MediaCodecsXmlParser: limit: size-range = 64x64-1920x1088
07-26 22:04:52.222  1129  1129 I MediaCodecsXmlParser: limit: alignment = 2x2
07-26 22:04:52.222  1129  1129 I MediaCodecsXmlParser: limit: block-size = 16x16
07-26 22:04:52.222  1129  1129 I MediaCodecsXmlParser: limit: blocks-per-second-range = 1-244800
07-26 22:04:52.222  1129  1129 I MediaCodecsXmlParser: limit: bitrate-range = 1-40000000
07-26 22:04:52.222  1129  1129 I MediaCodecsXmlParser: limit: feature-adaptive-playback = 0
07-26 22:04:52.222  1129  1129 I MediaCodecsXmlParser: limit: max-concurrent-instances = 16
07-26 22:04:52.222  1129  1129 I MediaCodecsXmlParser: limit: performance-point-1920x1088-range = 30-30
07-26 22:04:52.222  1129  1129 I MediaCodecsXmlParser: limit: size-range = 64x64-1920x1088
07-26 22:04:52.222  1129  1129 I MediaCodecsXmlParser: limit: alignment = 2x2
07-26 22:04:52.222  1129  1129 I MediaCodecsXmlParser: limit: block-size = 16x16
07-26 22:04:52.222  1129  1129 I MediaCodecsXmlParser: limit: blocks-per-second-range = 1-244800
07-26 22:04:52.222  1129  1129 I MediaCodecsXmlParser: limit: bitrate-range = 1-20000000
07-26 22:04:52.222  1129  1129 I MediaCodecsXmlParser: limit: feature-adaptive-playback = 0
07-26 22:04:52.222  1129  1129 I MediaCodecsXmlParser: limit: feature-secure-playback = 1
07-26 22:04:52.222  1129  1129 I MediaCodecsXmlParser: limit: max-concurrent-instances = 6
07-26 22:04:52.222  1129  1129 I MediaCodecsXmlParser: limit: performance-point-1920x1088-range = 30-30
07-26 22:04:52.222  1129  1129 I MediaCodecsXmlParser: limit: size-range = 64x64-1920x1088
07-26 22:04:52.222  1129  1129 I MediaCodecsXmlParser: limit: alignment = 2x2
07-26 22:04:52.222  1129  1129 I MediaCodecsXmlParser: limit: block-size = 16x16
07-26 22:04:52.222  1129  1129 I MediaCodecsXmlParser: limit: blocks-per-second-range = 1-489600
07-26 22:04:52.222  1129  1129 I MediaCodecsXmlParser: limit: bitrate-range = 1-60000000
07-26 22:04:52.222  1129  1129 I MediaCodecsXmlParser: limit: feature-adaptive-playback = 0
07-26 22:04:52.222  1129  1129 I MediaCodecsXmlParser: limit: max-concurrent-instances = 16
07-26 22:04:52.222  1129  1129 I MediaCodecsXmlParser: limit: performance-point-1920x1088-range = 60-60
07-26 22:04:52.222  1129  1129 I MediaCodecsXmlParser: limit: size-range = 64x64-864x480
07-26 22:04:52.222  1129  1129 I MediaCodecsXmlParser: limit: alignment = 2x2
07-26 22:04:52.222  1129  1129 I MediaCodecsXmlParser: limit: block-size = 16x16
07-26 22:04:52.222  1129  1129 I MediaCodecsXmlParser: limit: blocks-per-second-range = 1-48600
07-26 22:04:52.222  1129  1129 I MediaCodecsXmlParser: limit: bitrate-range = 1-2000000
07-26 22:04:52.222  1129  1129 I MediaCodecsXmlParser: limit: feature-adaptive-playback = 0
07-26 22:04:52.222  1129  1129 I MediaCodecsXmlParser: limit: max-concurrent-instances = 16
07-26 22:04:52.222  1129  1129 I MediaCodecsXmlParser: limit: performance-point-720x480-range = 30-30
07-26 22:04:52.222  1129  1129 I MediaCodecsXmlParser: limit: size-range = 64x64-1920x1088
07-26 22:04:52.222  1129  1129 I MediaCodecsXmlParser: limit: alignment = 2x2
07-26 22:04:52.222  1129  1129 I MediaCodecsXmlParser: limit: block-size = 16x16
07-26 22:04:52.222  1129  1129 I MediaCodecsXmlParser: limit: blocks-per-second-range = 1-489600
07-26 22:04:52.222  1129  1129 I MediaCodecsXmlParser: limit: bitrate-range = 1-60000000
07-26 22:04:52.222  1129  1129 I MediaCodecsXmlParser: limit: feature-adaptive-playback = 0
07-26 22:04:52.222  1129  1129 I MediaCodecsXmlParser: limit: max-concurrent-instances = 16
07-26 22:04:52.222  1129  1129 I MediaCodecsXmlParser: limit: performance-point-1920x1088-range = 30-30
07-26 22:04:52.223  1129  1129 I MediaCodecsXmlParser: limit: size-range = 64x64-1920x1088
07-26 22:04:52.223  1129  1129 I MediaCodecsXmlParser: limit: alignment = 2x2
07-26 22:04:52.223  1129  1129 I MediaCodecsXmlParser: limit: block-size = 16x16
07-26 22:04:52.223  1129  1129 I MediaCodecsXmlParser: limit: blocks-per-second-range = 1-489600
07-26 22:04:52.223  1129  1129 I MediaCodecsXmlParser: limit: bitrate-range = 1-20000000
07-26 22:04:52.223  1129  1129 I MediaCodecsXmlParser: limit: feature-adaptive-playback = 0
07-26 22:04:52.223  1129  1129 I MediaCodecsXmlParser: limit: feature-secure-playback = 1
07-26 22:04:52.223  1129  1129 I MediaCodecsXmlParser: limit: max-concurrent-instances = 7
07-26 22:04:52.223  1129  1129 I MediaCodecsXmlParser: limit: performance-point-1920x1088-range = 30-30
07-26 22:04:52.223  1129  1129 I MediaCodecsXmlParser: limit: size-range = 64x64-1920x1088
07-26 22:04:52.223  1129  1129 I MediaCodecsXmlParser: limit: alignment = 2x2
07-26 22:04:52.223  1129  1129 I MediaCodecsXmlParser: limit: block-size = 16x16
07-26 22:04:52.223  1129  1129 I MediaCodecsXmlParser: limit: blocks-per-second-range = 1-244800
07-26 22:04:52.223  1129  1129 I MediaCodecsXmlParser: limit: bitrate-range = 1-10000000
07-26 22:04:52.223  1129  1129 I MediaCodecsXmlParser: limit: feature-adaptive-playback = 0
07-26 22:04:52.223  1129  1129 I MediaCodecsXmlParser: limit: max-concurrent-instances = 16
07-26 22:04:52.223  1129  1129 I MediaCodecsXmlParser: limit: performance-point-1920x1088-range = 30-30
07-26 22:04:52.223  1129  1129 I MediaCodecsXmlParser: limit: size-range = 64x64-720x480
07-26 22:04:52.223  1129  1129 I MediaCodecsXmlParser: limit: alignment = 2x2
07-26 22:04:52.223  1129  1129 I MediaCodecsXmlParser: limit: block-size = 16x16
07-26 22:04:52.223  1129  1129 I MediaCodecsXmlParser: limit: blocks-per-second-range = 1-40500
07-26 22:04:52.223  1129  1129 I MediaCodecsXmlParser: limit: bitrate-range = 1-2000000
07-26 22:04:52.223  1129  1129 I MediaCodecsXmlParser: limit: feature-adaptive-playback = 0
07-26 22:04:52.223  1129  1129 I MediaCodecsXmlParser: limit: max-concurrent-instances = 16
07-26 22:04:52.223  1129  1129 I MediaCodecsXmlParser: limit: performance-point-720x480-range = 30-30
07-26 22:04:52.223  1129  1129 I MediaCodecsXmlParser: limit: size-range = 64x64-1920x1088
07-26 22:04:52.223  1129  1129 I MediaCodecsXmlParser: limit: alignment = 2x2
07-26 22:04:52.223  1129  1129 I MediaCodecsXmlParser: limit: block-size = 16x16
07-26 22:04:52.223  1129  1129 I MediaCodecsXmlParser: limit: blocks-per-second-range = 1-244800
07-26 22:04:52.223  1129  1129 I MediaCodecsXmlParser: limit: bitrate-range = 1-10000000
07-26 22:04:52.223  1129  1129 I MediaCodecsXmlParser: limit: feature-adaptive-playback = 0
07-26 22:04:52.223  1129  1129 I MediaCodecsXmlParser: limit: max-concurrent-instances = 16
07-26 22:04:52.223  1129  1129 I MediaCodecsXmlParser: limit: performance-point-1920x1088-range = 30-30
07-26 22:04:52.223  1129  1129 I MediaCodecsXmlParser: limit: size-range = 64x64-3840x2160
07-26 22:04:52.223  1129  1129 I MediaCodecsXmlParser: limit: alignment = 2x2
07-26 22:04:52.223  1129  1129 I MediaCodecsXmlParser: limit: block-size = 16x16
07-26 22:04:52.223  1129  1129 I MediaCodecsXmlParser: limit: blocks-per-second-range = 1-972000
07-26 22:04:52.223  1129  1129 I MediaCodecsXmlParser: limit: bitrate-range = 1-100000000
07-26 22:04:52.223  1129  1129 I MediaCodecsXmlParser: limit: feature-adaptive-playback = 0
07-26 22:04:52.223  1129  1129 I MediaCodecsXmlParser: limit: max-concurrent-instances = 16
07-26 22:04:52.223  1129  1129 I MediaCodecsXmlParser: limit: performance-point-3840x2160-range = 30-30
07-26 22:04:52.223  1129  1129 I MediaCodecsXmlParser: limit: size-range = 64x64-3840x2160
07-26 22:04:52.224  1129  1129 I MediaCodecsXmlParser: limit: alignment = 2x2
07-26 22:04:52.224  1129  1129 I MediaCodecsXmlParser: limit: block-size = 16x16
07-26 22:04:52.224  1129  1129 I MediaCodecsXmlParser: limit: blocks-per-second-range = 1-972000
07-26 22:04:52.224  1129  1129 I MediaCodecsXmlParser: limit: bitrate-range = 1-100000000
07-26 22:04:52.224  1129  1129 I MediaCodecsXmlParser: limit: feature-adaptive-playback = 0
07-26 22:04:52.224  1129  1129 I MediaCodecsXmlParser: limit: max-concurrent-instances = 16
07-26 22:04:52.224  1129  1129 I MediaCodecsXmlParser: limit: performance-point-3840x2160-range = 30-30
07-26 22:04:52.224  1129  1129 I MediaCodecsXmlParser: limit: size-range = 64x64-3840x2160
07-26 22:04:52.224  1129  1129 I MediaCodecsXmlParser: limit: alignment = 2x2
07-26 22:04:52.224  1129  1129 I MediaCodecsXmlParser: limit: block-size = 16x16
07-26 22:04:52.224  1129  1129 I MediaCodecsXmlParser: limit: blocks-per-second-range = 1-979200
07-26 22:04:52.224  1129  1129 I MediaCodecsXmlParser: limit: bitrate-range = 1-35000000
07-26 22:04:52.224  1129  1129 I MediaCodecsXmlParser: limit: frame-rate-range = 1-30
07-26 22:04:52.224  1129  1129 I MediaCodecsXmlParser: limit: feature-adaptive-playback = 0
07-26 22:04:52.224  1129  1129 I MediaCodecsXmlParser: limit: feature-secure-playback = 1
07-26 22:04:52.224  1129  1129 I MediaCodecsXmlParser: limit: max-concurrent-instances = 6
07-26 22:04:52.224  1129  1129 I MediaCodecsXmlParser: limit: performance-point-3840x2160-range = 30-30
07-26 22:04:52.224  1129  1129 I MediaCodecsXmlParser: limit: size-range = 64x64-3840x2160
07-26 22:04:52.224  1129  1129 I MediaCodecsXmlParser: limit: alignment = 2x2
07-26 22:04:52.224  1129  1129 I MediaCodecsXmlParser: limit: block-size = 16x16
07-26 22:04:52.224  1129  1129 I MediaCodecsXmlParser: limit: blocks-per-second-range = 1-972000
07-26 22:04:52.224  1129  1129 I MediaCodecsXmlParser: limit: bitrate-range = 1-100000000
07-26 22:04:52.224  1129  1129 I MediaCodecsXmlParser: limit: feature-adaptive-playback = 0
07-26 22:04:52.224  1129  1129 I MediaCodecsXmlParser: limit: max-concurrent-instances = 16
07-26 22:04:52.224  1129  1129 I MediaCodecsXmlParser: limit: performance-point-3840x2160-range = 30-30
07-26 22:04:52.224  1129  1129 I MediaCodecsXmlParser: limit: size-range = 64x64-3840x2160
07-26 22:04:52.224  1129  1129 I MediaCodecsXmlParser: limit: alignment = 2x2
07-26 22:04:52.224  1129  1129 I MediaCodecsXmlParser: limit: block-size = 16x16
07-26 22:04:52.224  1129  1129 I MediaCodecsXmlParser: limit: blocks-per-second-range = 1-972000
07-26 22:04:52.224  1129  1129 I MediaCodecsXmlParser: limit: bitrate-range = 1-35000000
07-26 22:04:52.224  1129  1129 I MediaCodecsXmlParser: limit: feature-adaptive-playback = 0
07-26 22:04:52.224  1129  1129 I MediaCodecsXmlParser: limit: feature-secure-playback = 1
07-26 22:04:52.225  1129  1129 I MediaCodecsXmlParser: limit: max-concurrent-instances = 6
07-26 22:04:52.225  1129  1129 I MediaCodecsXmlParser: limit: performance-point-3840x2160-range = 30-30
07-26 22:04:52.225  1129  1129 D MediaCodecsXmlParser: parsing /vendor/etc/media_codecs_google_video.xml...
07-26 22:04:52.225  1129  1129 I MediaCodecsXmlParser: limit: size-range = 2x2-352x288
07-26 22:04:52.225  1129  1129 I MediaCodecsXmlParser: limit: alignment = 2x2
07-26 22:04:52.225  1129  1129 I MediaCodecsXmlParser: limit: block-size = 16x16
07-26 22:04:52.225  1129  1129 I MediaCodecsXmlParser: limit: blocks-per-second-range = 12-11880
07-26 22:04:52.225  1129  1129 I MediaCodecsXmlParser: limit: bitrate-range = 1-384000
07-26 22:04:52.225  1129  1129 I MediaCodecsXmlParser: limit: feature-adaptive-playback = 0
07-26 22:04:52.225  1129  1129 I MediaCodecsXmlParser: limit: size-range = 2x2-352x288
07-26 22:04:52.225  1129  1129 I MediaCodecsXmlParser: limit: alignment = 2x2
07-26 22:04:52.226  1129  1129 I MediaCodecsXmlParser: limit: bitrate-range = 1-384000
07-26 22:04:52.226  1129  1129 I MediaCodecsXmlParser: limit: feature-adaptive-playback = 0
07-26 22:04:52.226  1129  1129 I MediaCodecsXmlParser: limit: size-range = 2x2-4080x4080
07-26 22:04:52.226  1129  1129 I MediaCodecsXmlParser: limit: alignment = 2x2
07-26 22:04:52.226  1129  1129 I MediaCodecsXmlParser: limit: block-size = 16x16
07-26 22:04:52.226  1129  1129 I MediaCodecsXmlParser: limit: block-count-range = 1-32768
07-26 22:04:52.226  1129  1129 I MediaCodecsXmlParser: limit: blocks-per-second-range = 1-1966080
07-26 22:04:52.226  1129  1129 I MediaCodecsXmlParser: limit: bitrate-range = 1-48000000
07-26 22:04:52.226  1129  1129 I MediaCodecsXmlParser: limit: feature-adaptive-playback = 0
07-26 22:04:52.226  1129  1129 I MediaCodecsXmlParser: limit: size-range = 2x2-4096x4096
