07-26 22:04:52.253  1129  1129 D MediaCodecsXmlParser: MediaCodec: cannot update non-existing codec at line 173 of /vendor/etc/media_codecs_performance.xml
07-26 22:04:52.253  1129  1129 I MediaCodecsXmlParser: limit: measured-frame-rate-320x240-range = 580-604
07-26 22:04:52.253  1129  1129 I MediaCodecsXmlParser: limit: measured-frame-rate-640x360-range = 180-185
07-26 22:04:52.253  1129  1129 I MediaCodecsXmlParser: limit: measured-frame-rate-1280x720-range = 88-92
07-26 22:04:52.253  1129  1129 I MediaCodecsXmlParser: limit: measured-frame-rate-1920x1080-range = 47-52
07-26 22:04:52.253  1129  1129 D MediaCodecsXmlParser: MediaCodec: cannot update non-existing codec at line 185 of /vendor/etc/media_codecs_performance.xml
07-26 22:04:52.253  1129  1129 I MediaCodecsXmlParser: limit: measured-frame-rate-176x144-range = 380-400
07-26 22:04:52.253  1129  1129 D MediaCodecsXmlParser: MediaCodec: cannot update non-existing codec at line 197 of /vendor/etc/media_codecs_performance.xml
07-26 22:04:52.253  1129  1129 D MediaCodecsXmlParser: Cannot find /data/misc/media/media_codecs_profiling_results.xml
07-26 22:04:52.254  1181  1181 I update_engine: [0726/220452.253906:INFO:main.cc(181)] A/B Update Engine starting
07-26 22:04:52.255  1129  1129 I OmxStore: node [OMX.qcom.video.decoder.mpeg2.secure] not found in IOmx
07-26 22:04:52.255  1121  1121 I chatty  : uid=1013(media) /system/bin/mediaserver expire 3 lines
07-26 22:04:52.257  1129  1129 I ServiceManagement: Registered android.hardware.media.omx@1.0::IOmxStore/default (start delay of 413ms)
07-26 22:04:52.258  1129  1129 I ServiceManagement: Removing namespace from process name android.hardware.media.omx@1.0-service to omx@1.0-service.
07-26 22:04:52.259  1181  1181 I update_engine: [0726/220452.259768:INFO:boot_control_android.cc(76)] Loaded boot control hidl hal.
07-26 22:04:52.259  1181  1181 I update_engine: [0726/220452.259977:INFO:daemon_state_android.cc(43)] Booted in dev mode.
07-26 22:04:52.283  1110  1110 V MediaUtils: physMem: 3849080832
07-26 22:04:52.284  1110  1110 V MediaUtils: requested limit: 769816160
07-26 22:04:52.284  1110  1110 I libc    : malloc_limit: Allocation limit enabled, max size 769816160 bytes
07-26 22:04:52.290  1110  1110 W mediaextractor: libminijail[1110]: failed to get path of fd 4: No such file or directory
07-26 22:04:52.290  1110  1110 W mediaextractor: libminijail[1110]: allowing syscall: connect
07-26 22:04:52.290  1110  1110 W mediaextractor: libminijail[1110]: allowing syscall: fcntl
07-26 22:04:52.290  1110  1110 W mediaextractor: libminijail[1110]: allowing syscall: sendto
07-26 22:04:52.290  1110  1110 W mediaextractor: libminijail[1110]: allowing syscall: socket
07-26 22:04:52.290  1110  1110 W mediaextractor: libminijail[1110]: allowing syscall: writev
07-26 22:04:52.292  1110  1110 W mediaextractor: libminijail[1110]: logging seccomp filter failures
07-26 22:04:52.292  1162  1162 I /apex/com.android.media.swcodec/bin/mediaswcodec: media swcodec service starting
07-26 22:04:52.293  1162  1162 W /apex/com.android.media.swcodec/bin/mediaswcodec: Could not read additional policy file '/vendor/etc/seccomp_policy/mediaswcodec.policy'
07-26 22:04:52.293  1162  1162 W /apex/com.android.media.swcodec/bin/mediaswcodec: libminijail[1162]: failed to get path of fd 4: No such file or directory
07-26 22:04:52.293  1162  1162 W /apex/com.android.media.swcodec/bin/mediaswcodec: libminijail[1162]: allowing syscall: connect
07-26 22:04:52.293  1162  1162 W /apex/com.android.media.swcodec/bin/mediaswcodec: libminijail[1162]: allowing syscall: fcntl
07-26 22:04:52.293  1162  1162 W /apex/com.android.media.swcodec/bin/mediaswcodec: libminijail[1162]: allowing syscall: sendto
07-26 22:04:52.293  1162  1162 W /apex/com.android.media.swcodec/bin/mediaswcodec: libminijail[1162]: allowing syscall: socket
07-26 22:04:52.293  1162  1162 W /apex/com.android.media.swcodec/bin/mediaswcodec: libminijail[1162]: allowing syscall: writev
07-26 22:04:52.294  1162  1162 W /apex/com.android.media.swcodec/bin/mediaswcodec: libminijail[1162]: logging seccomp filter failures
07-26 22:04:52.294  1162  1162 I CodecServiceRegistrant: Creating software Codec2 service...
07-26 22:04:52.296  1162  1162 I ServiceManagement: Registered android.hardware.media.c2@1.0::IComponentStore/software (start delay of 362ms)
07-26 22:04:52.296  1162  1162 I CodecServiceRegistrant: Software Codec2 service created.
07-26 22:04:52.304     0     0 I sn65dsi86_dsi2edp_print_status:  
07-26 22:04:52.304     0     0 I sn65dsi86: f0:       0
07-26 22:04:52.305     0     0 I sn65dsi86: f1:       0
07-26 22:04:52.306     0     0 I sn65dsi86: f2:       0
07-26 22:04:52.307     0     0 I sn65dsi86: f3:       0
07-26 22:04:52.309     0     0 I sn65dsi86: f4:       1
07-26 22:04:52.310     0     0 I sn65dsi86: f5:       0
07-26 22:04:52.311     0     0 I sn65dsi86: f6:       0
07-26 22:04:52.312     0     0 I sn65dsi86: f7:       0
07-26 22:04:52.313     0     0 I sn65dsi86: f8:       1
07-26 22:04:52.314  1095  1095 I chatty  : uid=1047(cameraserver) expire 10 lines
07-26 22:04:52.314     0     0 I sn65dsi86_dsi2edp_enable_lately_2nd_part: end
07-26 22:04:52.314     0     0 I sn65dsi86_dsi2edp_enable_lately: end
07-26 22:04:52.314     0     0 I mdss_dsi_on-:  
07-26 22:04:52.315   894   894 I Dpps    : InitPrimaryContextFeatures():324 Dpps feature enable properties are false, skipping primary feature context init
07-26 22:04:52.315   678   678 I SDM     : HWDevice::GetHWPanelMaxBrightnessFromNode: Max brightness level = 255
07-26 22:04:52.316   678   678 I chatty  : uid=1000(system) composer@2.1-se identical 2 lines
07-26 22:04:52.316     0     0 I mdss_dp_wta_hpd: hpd=0 cable_connected=false
07-26 22:04:52.316     0     0 E mdss_dp_notify_clients: Invalid request NOTIFY_UNKNOWN --> NOTIFY_DISCONNECT
07-26 22:04:52.316   678   678 I SDM     : HWDevice::GetHWPanelMaxBrightnessFromNode: Max brightness level = 255
07-26 22:04:52.316   678   678 W SDM     : HWDevice::GetHWPanelInfoByNode: Failed to open msm_fb_panel_info node device node 3
07-26 22:04:52.316   678   678 I SDM     : HWDevice::GetHWPanelMaxBrightnessFromNode: Max brightness level = 255
07-26 22:04:52.317     0     0 I mdss_dp_wta_hpd: hpd=1 cable_connected=false
07-26 22:04:52.317   678   678 I SDM     : HWDevice::GetHWPanelMaxBrightnessFromNode: Max brightness level = 255
07-26 22:04:52.317   678   678 W SDM     : HWDevice::GetHWPanelInfoByNode: Failed to open msm_fb_panel_info node device node 3
07-26 22:04:52.317   678   678 I SDM     : StrategyImpl::SetIdleTimeoutMs: Idle timeout: active = 70, inactive = 520
07-26 22:04:52.317   678   678 W SDM     : ColorManager::CreateColorManagerProxy: PAV2 version is versions = 11, version = 11 
07-26 22:04:52.318   678   678 W SDM     : DisplayBase::Init: InitColorModes failed for display = 0
07-26 22:04:52.319   678   678 I SDM     : HWCDisplay::Init: Display created with id: 0
07-26 22:04:52.319   678   678 W SDM     : HWCDisplay::PopulateColorModes: GetColorModeCount failed, use native color mode
07-26 22:04:52.319   678   678 I SDM     : DisplayBase::SetFrameBufferConfig: New framebuffer resolution (1920x1080)
07-26 22:04:52.341  1108  1108 I ServiceManagement: Registered android.system.wifi.keystore@1.0::IKeystore/default (start delay of 567ms)
07-26 22:04:52.350  1126  1206 I ServiceManager: Waiting for service 'package_native' on '/dev/binder'...
07-26 22:04:52.385  1062  1062 I SystemServer: InitBeforeStartServices
07-26 22:04:52.386     0     0 E hvdcpd  : Not valid charger for hvdcp3.
07-26 22:04:52.386     0     0 E THERM-BALANCE: Parallel PSY entry not found.
07-26 22:04:52.387   627   627 D TetherController: Setting IP forward enable = 0
07-26 22:04:52.389   627   627 D FirewallController: Could not read /proc/self/uid_map, max uid defaulting to 4294967294
07-26 22:04:52.393  1211  1211 W libc    : Unable to set property "qemu.hw.mainkeys" to "0": error code: 0x18
07-26 22:04:52.394   678   678 I SDM     : HWCDisplay::SetFrameBufferResolution: New framebuffer resolution (1920x1080)
07-26 22:04:52.394     0     0 E CP      : charge_pump missing
07-26 22:04:52.394     0     0 E CTM     : file connector_health does not exist in /sys/class/power_supply/usb/
07-26 22:04:52.394     0     0 E CTM     : Couldn't read connector_health from /sys/class/power_supply/parallel/
07-26 22:04:52.395   678   678 I SDM     : HWCColorManager::CreateColorManager: Successfully loaded libsdm-disp-vndapis.so
07-26 22:04:52.401     0     0 E HVDCP2  : Not valid charger for hvdcp2.
07-26 22:04:52.401     0     0 E STD-PD  : Registered STD_PD
07-26 22:04:52.404   892  1076 I adbd    : USB event: FUNCTIONFS_BIND
07-26 22:04:52.404     0     0 E PPS     : Registered PPS
07-26 22:04:52.405     0     0 I android_work: did not send uevent (0 0 0000000000000000)
07-26 22:04:52.405     0     0 E SOH-D   : SOH file not exposed, disable SOH
07-26 22:04:52.405  1062  1062 I system_server_start: [1,14813,14813]
07-26 22:04:52.407  1062  1062 I SystemServer: Entered the Android system server!
07-26 22:04:52.407  1062  1062 I boot_progress_system_run: 15393
07-26 22:04:52.407  1062  1062 I sysui_multi_action: [757,804,799,boot_system_server_init,801,15393,802,1]
07-26 22:04:52.408  1124  1176 E statsd  : Found dropped events: 1 error -19 last atom tag 83 from uid 1000
07-26 22:04:52.409   678   678 I SDM     : HWCColorManager::CreateColorManager: Successfully loaded libsdm-disp-vndapis.so and libsdm-diag.so and diag_init'ed
07-26 22:04:52.409   678   797 I SDM     : HWCDisplay::GetHdrCapabilities: HDR is not supported
07-26 22:04:52.410   678   678 I ServiceManagement: Registered android.hardware.graphics.composer@2.1::IComposer/default (start delay of 3596ms)
07-26 22:04:52.410   678   678 I ServiceManagement: Removing namespace from process name android.hardware.graphics.composer@2.1-service to composer@2.1-service.
07-26 22:04:52.411   678   797 I SDM     : HWCDisplay::GetHdrCapabilities: HDR is not supported
07-26 22:04:52.411   678   678 I android.hardware.graphics.composer@2.1-service: Registration complete for android.hardware.graphics.composer@2.1::IComposer/default.
07-26 22:04:52.412   717   717 I SurfaceFlinger: Enabling HWC virtual displays
07-26 22:04:52.412   717   717 I SurfaceFlinger: Treble testing override: 'false'
07-26 22:04:52.413   717   717 W SurfaceFlinger: Unable to open libdolphin.so: dlopen failed: library "libdolphin.so" not found.
07-26 22:04:52.413   717   717 E SurfaceFlinger: Unable to open libframeextension.so: dlopen failed: library "libframeextension.so" not found.
07-26 22:04:52.413   717   717 I SurfaceFlinger: SurfaceFlinger's main thread ready to run. Initializing graphics H/W...
07-26 22:04:52.413   717   717 I SurfaceFlinger: Phase offset NS: 1000000
07-26 22:04:52.415   717   717 W SurfaceFlinger: Unable to open libdolphin.so: dlopen failed: library "libdolphin.so" not found.
07-26 22:04:52.415   717  1247 W SurfaceFlinger: Ignoring VSYNC request while display is disconnected
07-26 22:04:52.416   717   717 W SurfaceFlinger: Unable to open libdolphin.so: dlopen failed: library "libdolphin.so" not found.
07-26 22:04:52.416   717  1247 W SurfaceFlinger: Ignoring VSYNC request while display is disconnected
07-26 22:04:52.416   717   717 W SurfaceFlinger: Unable to open libdolphin.so: dlopen failed: library "libdolphin.so" not found.
07-26 22:04:52.416   717  1248 W SurfaceFlinger: Ignoring VSYNC request while display is disconnected
07-26 22:04:52.417   717   717 W SurfaceFlinger: Unable to open libdolphin.so: dlopen failed: library "libdolphin.so" not found.
07-26 22:04:52.417   717  1248 W SurfaceFlinger: Ignoring VSYNC request while display is disconnected
07-26 22:04:52.418   717   717 D RenderEngine: RenderEngine GLES Backend
07-26 22:04:52.421   627   627 I netd    : Creating child chains: 13.2ms
07-26 22:04:52.422   627   627 I netd    : Setting up OEM hooks: 0.2ms
07-26 22:04:52.422   627   627 I netd    : Setting up FirewallController hooks: 0.0ms
07-26 22:04:52.422   717   717 D libEGL  : loaded /vendor/lib64/egl/libEGL_adreno.so
07-26 22:04:52.424   627   627 I netd    : Setting up TetherController hooks: 2.2ms
07-26 22:04:52.426   627   627 I netd    : Setting up BandwidthController hooks: 1.8ms
07-26 22:04:52.426   627   627 I netd    : Setting up IdletimerController hooks: 0.1ms
07-26 22:04:52.430   627   627 I netd    : Setting up StrictController hooks: 4.4ms
07-26 22:04:52.430   717   717 D libEGL  : loaded /vendor/lib64/egl/libGLESv1_CM_adreno.so
07-26 22:04:52.431   627   627 I ClatdController: 4.9+ kernel and device shipped with Q+ - clat ebpf should work.
07-26 22:04:52.431   627   627 I netd    : Initializing ClatdController: 1.1ms
07-26 22:04:52.432   668   668 W sound_trigger_platform: load_acdb: acdb_loader_send_listen_device_cal_v1 not found. undefined symbol: acdb_loader_send_listen_device_cal_v1
07-26 22:04:52.432   668   668 W sound_trigger_platform: load_acdb: acdb_loader_send_listen_lsm_cal_v1 not found. undefined symbol: acdb_loader_send_listen_lsm_cal_v1
07-26 22:04:52.432   668   668 D platform_info: platform_info_init: platform info file name is audio_platform_info.xml
07-26 22:04:52.432   668   668 D platform_info: platform_info_init: Failed to open audio_platform_info.xml, using defaults.
07-26 22:04:52.433   717   717 D libEGL  : loaded /vendor/lib64/egl/libGLESv2_adreno.so
07-26 22:04:52.434   627   627 I netd    : Initializing traffic control: 2.2ms
07-26 22:04:52.435   668   668 D         : [ACDB Command]->SW Minor/Major/Revision version info for /vendor/etc/acdbdata/QRD/sdm660-snd-card-i40/QRD_I40_Headset_cal.acdb
07-26 22:04:52.435   668   668 D         : [ACDB Command]->ACDB Sw Major = 9, ACDB Sw Minor = 0, ACDB Sw Revision = 4, ACDB Sw Cpl Number = 0
07-26 22:04:52.435   668   668 D         : [ACDB Command]->ACDB File Major = 9, ACDB File Minor = 0, ACDB File Revision = 11, ACDB File Cpl Number = 0
07-26 22:04:52.438   627   627 I netd    : Enabling bandwidth control: 4.4ms
07-26 22:04:52.446   717   717 I AdrenoGLES: QUALCOMM build                   : fefc463, I67da44d20d
07-26 22:04:52.446   717   717 I AdrenoGLES: Build Date                       : 11/23/20
07-26 22:04:52.446   717   717 I AdrenoGLES: OpenGL ES Shader Compiler Version: EV031.27.05.10
07-26 22:04:52.446   717   717 I AdrenoGLES: Local Branch                     : mybrancheb2d85f4-9bbf-f15d-8afb-5cb90179c3d8
07-26 22:04:52.446   717   717 I AdrenoGLES: Remote Branch                    : quic/gfx-adreno.lnx.1.0.r104-rel
07-26 22:04:52.446   717   717 I AdrenoGLES: Remote Branch                    : NONE
07-26 22:04:52.446   717   717 I AdrenoGLES: Reconstruct Branch               : NOTHING
07-26 22:04:52.446   717   717 I AdrenoGLES: Build Config                     : S L 8.0.12 AArch64
07-26 22:04:52.448   668   668 D         : [ACDB Command]->SW Minor/Major/Revision version info for /vendor/etc/acdbdata/QRD/sdm660-snd-card-i40/QRD_I40_Hdmi_cal.acdb
07-26 22:04:52.448   668   668 D         : [ACDB Command]->ACDB Sw Major = 9, ACDB Sw Minor = 0, ACDB Sw Revision = 4, ACDB Sw Cpl Number = 0
07-26 22:04:52.448   668   668 D         : [ACDB Command]->ACDB File Major = 9, ACDB File Minor = 0, ACDB File Revision = 11, ACDB File Cpl Number = 0
07-26 22:04:52.448   627   627 I netd    : Initializing RouteController: 10.5ms
07-26 22:04:52.449   627   627 D XfrmController: XfrmController::ipSecAddXfrmInterface, line=1379
07-26 22:04:52.449   668   668 D         : [ACDB Command]->SW Minor/Major/Revision version info for /vendor/etc/acdbdata/QRD/sdm660-snd-card-i40/QRD_I40_workspaceFile.qwsp
07-26 22:04:52.449   668   668 D         : [ACDB Command]->ACDB Sw Major = 9, ACDB Sw Minor = 0, ACDB Sw Revision = 4, ACDB Sw Cpl Number = 0
07-26 22:04:52.449   668   668 D         : [ACDB Command]->ACDB File Major = 9, ACDB File Minor = 0, ACDB File Revision = 11
07-26 22:04:52.450   668   668 D         : [ACDB Command]->SW Minor/Major/Revision version info for /vendor/etc/acdbdata/QRD/sdm660-snd-card-i40/QRD_I40_General_cal.acdb
07-26 22:04:52.450   668   668 D         : [ACDB Command]->ACDB Sw Major = 9, ACDB Sw Minor = 0, ACDB Sw Revision = 4, ACDB Sw Cpl Number = 0
07-26 22:04:52.450   668   668 D         : [ACDB Command]->ACDB File Major = 9, ACDB File Minor = 0, ACDB File Revision = 11, ACDB File Cpl Number = 0
07-26 22:04:52.450  1126  1206 I ServiceManager: Waiting for service 'package_native' on '/dev/binder'...
07-26 22:04:52.452   668   668 D         : [ACDB Command]->SW Minor/Major/Revision version info for /vendor/etc/acdbdata/QRD/sdm660-snd-card-i40/QRD_I40_Handset_cal.acdb
07-26 22:04:52.452   668   668 D         : [ACDB Command]->ACDB Sw Major = 9, ACDB Sw Minor = 0, ACDB Sw Revision = 4, ACDB Sw Cpl Number = 0
07-26 22:04:52.452   668   668 D         : [ACDB Command]->ACDB File Major = 9, ACDB File Minor = 0, ACDB File Revision = 11, ACDB File Cpl Number = 0
07-26 22:04:52.453   717   717 I AdrenoGLES: PFP: 0x005ff113, ME: 0x005ff066
07-26 22:04:52.453   668   668 D         : [ACDB Command]->SW Minor/Major/Revision version info for /vendor/etc/acdbdata/QRD/sdm660-snd-card-i40/QRD_I40_Global_cal.acdb
07-26 22:04:52.453   668   668 D         : [ACDB Command]->ACDB Sw Major = 9, ACDB Sw Minor = 0, ACDB Sw Revision = 4, ACDB Sw Cpl Number = 0
07-26 22:04:52.453   668   668 D         : [ACDB Command]->ACDB File Major = 9, ACDB File Minor = 0, ACDB File Revision = 11, ACDB File Cpl Number = 0
07-26 22:04:52.454   668   668 D         : [ACDB Command]->SW Minor/Major/Revision version info for /vendor/etc/acdbdata/QRD/sdm660-snd-card-i40/QRD_I40_Bluetooth_cal.acdb
07-26 22:04:52.454   668   668 D         : [ACDB Command]->ACDB Sw Major = 9, ACDB Sw Minor = 0, ACDB Sw Revision = 4, ACDB Sw Cpl Number = 0
07-26 22:04:52.454   668   668 D         : [ACDB Command]->ACDB File Major = 9, ACDB File Minor = 0, ACDB File Revision = 11, ACDB File Cpl Number = 0
07-26 22:04:52.458   668   668 D         : [ACDB Command]->SW Minor/Major/Revision version info for /vendor/etc/acdbdata/QRD/sdm660-snd-card-i40/QRD_I40_Speaker_cal.acdb
07-26 22:04:52.458   668   668 D         : [ACDB Command]->ACDB Sw Major = 9, ACDB Sw Minor = 0, ACDB Sw Revision = 4, ACDB Sw Cpl Number = 0
07-26 22:04:52.458   668   668 D         : [ACDB Command]->ACDB File Major = 9, ACDB File Minor = 0, ACDB File Revision = 11, ACDB File Cpl Number = 0
07-26 22:04:52.458   668   668 D         : [ACPH]->Online service registered with ACPH
07-26 22:04:52.458   627   627 D XfrmController: XfrmController::ipSecRemoveTunnelInterface, line=1592
07-26 22:04:52.458   627   627 D XfrmController: deviceName=ipsec_test
07-26 22:04:52.459   668   668 D         : [ACPH]->ACPH init success
07-26 22:04:52.459     0     0 E [RMNET:HI] rmnet_config_notify_cb(): Kernel is trying to unregister ipsec_test
07-26 22:04:52.460   668   668 D         : [ACPH]->DSP RTC service registered with ACPH
07-26 22:04:52.460   668   668 D         : [ACPH]->MCS RTC service registered with ACPH
07-26 22:04:52.460   668   668 D         : [ACPH]->FTS RTC service registered with ACPH
07-26 22:04:52.460   668   668 D         : [ACPH]->ADIE RTC service registered with ACPH
07-26 22:04:52.461   668   668 E ion     : ioctl c0044901 failed with code -1: Not a typewriter
07-26 22:04:52.463   678   678 I SDM     : HWCDisplay::GetHdrCapabilities: HDR is not supported
07-26 22:04:52.465   678   797 I SDM     : HWCDisplay::GetHdrCapabilities: HDR is not supported
07-26 22:04:52.467   717   717 I RenderEngine: OpenGL ES informations:
07-26 22:04:52.467   717   717 I RenderEngine: vendor    : Qualcomm
07-26 22:04:52.467   717   717 I RenderEngine: renderer  : Adreno (TM) 512
07-26 22:04:52.467   717   717 I RenderEngine: version   : OpenGL ES 3.2 V@415.0 (GIT@fefc463, I67da44d20d, 1606140253) (Date:11/23/20)
07-26 22:04:52.467   717   717 I RenderEngine: extensions: GL_OES_EGL_image GL_OES_EGL_image_external GL_OES_EGL_sync GL_OES_vertex_half_float GL_OES_framebuffer_object GL_OES_rgb8_rgba8 GL_OES_compressed_ETC1_RGB8_texture GL_AMD_compressed_ATC_texture GL_KHR_texture_compression_astc_ldr GL_KHR_texture_compression_astc_hdr GL_OES_texture_compression_astc GL_OES_texture_npot GL_EXT_texture_filter_anisotropic GL_EXT_texture_format_BGRA8888 GL_EXT_read_format_bgra GL_OES_texture_3D GL_EXT_color_buffer_float GL_EXT_color_buffer_half_float GL_QCOM_alpha_test GL_OES_depth24 GL_OES_packed_depth_stencil GL_OES_depth_texture GL_OES_depth_texture_cube_map GL_EXT_sRGB GL_OES_texture_float GL_OES_texture_float_linear GL_OES_texture_half_float GL_OES_texture_half_float_linear GL_EXT_texture_type_2_10_10_10_REV GL_EXT_texture_sRGB_decode GL_EXT_texture_format_sRGB_override GL_OES_element_index_uint GL_EXT_copy_image GL_EXT_geometry_shader GL_EXT_tessellation_shader GL_OES_texture_stencil8 GL_EXT_shader_io_blocks GL_OES_shader_image_atomic GL_OES_sample_variables GL_EX
07-26 22:04:52.467   717   717 I RenderEngine: GL_MAX_TEXTURE_SIZE = 16384
07-26 22:04:52.467   717   717 I RenderEngine: GL_MAX_VIEWPORT_DIMS = 16384
07-26 22:04:52.469   496   496 I hwservicemanager: getTransport: Cannot find entry android.hardware.graphics.mapper@3.0::IMapper/default in either framework or device manifest.
07-26 22:04:52.469   678   797 D ComposerHal: failed to get mapper 3.0 service, falling back to mapper 2.0
07-26 22:04:52.473   668   668 D sound_trigger_platform: platform_stdev_init Opening device /dev/snd/hwC0D1002 for vad hwdep config
07-26 22:04:52.473   668   668 D sound_trigger_platform: platform_stdev_init: cannot open device '/dev/snd/hwC0D1002', error:No such file or directory
07-26 22:04:52.473   668   668 D sound_trigger_platform: get_codec_version: codec version 
07-26 22:04:52.473   496   496 I hwservicemanager: getTransport: Cannot find entry vendor.display.config@1.16::IDisplayConfig/default in either framework or device manifest.
07-26 22:04:52.474   678   797 D SDM     : HWCSession::RegisterCallback: Registering callback: Hotplug
07-26 22:04:52.474   717   717 I HWComposer: Switching to legacy multi-display mode
07-26 22:04:52.475   496   496 I hwservicemanager: getTransport: Cannot find entry vendor.display.config@1.12::IDisplayConfig/default in either framework or device manifest.
07-26 22:04:52.475   668   668 I SoundTriggerHalImpl: onFirstRef() mModuleName primary mHwDevice 0xea42e000
07-26 22:04:52.476   678   797 I SDM     : HWCDisplay::GetHdrCapabilities: HDR is not supported
07-26 22:04:52.476   678   797 I SDM     : HWCDisplay::GetHdrCapabilities: HDR is not supported
07-26 22:04:52.476   496   496 I hwservicemanager: getTransport: Cannot find entry android.hardware.graphics.mapper@3.0::IMapper/default in either framework or device manifest.
07-26 22:04:52.477   717   717 W Gralloc3: mapper 3.x is not supported
07-26 22:04:52.481   496   496 I hwservicemanager: getTransport: Cannot find entry android.hardware.graphics.allocator@3.0::IAllocator/default in either framework or device manifest.
07-26 22:04:52.482   717   717 W Gralloc3: allocator 3.x is not supported
07-26 22:04:52.482   668   668 I BTAudioProviderA2dpSoftware: A2dpSoftwareAudioProvider - size of audio buffer 7168 byte(s)
07-26 22:04:52.482   668   668 I BTAudioProviderHearingAid: HearingAidAudioProvider - size of audio buffer 3584 byte(s)
07-26 22:04:52.486   668   668 I ServiceManagement: Registered android.hardware.bluetooth.audio@2.0::IBluetoothAudioProvidersFactory/default (start delay of 3702ms)
07-26 22:04:52.486   668   668 I audiohalservice: Registration complete for android.hardware.bluetooth.audio@2.0::IBluetoothAudioProvidersFactory/default.
07-26 22:04:52.486   496   496 I hwservicemanager: getTransport: Cannot find entry android.hardware.bluetooth.a2dp@1.0::IBluetoothAudioOffload/default in either framework or device manifest.
07-26 22:04:52.487   668   668 E audiohalservice: Could not get passthrough implementation for android.hardware.bluetooth.a2dp@1.0::IBluetoothAudioOffload/default.
07-26 22:04:52.487   668   668 W audiohalservice: Could not register Bluetooth audio offload 1.0
07-26 22:04:52.488   677   738 E ion     : ioctl c0044901 failed with code -1: Not a typewriter
07-26 22:04:52.497   678   797 D SDM     : HWCSession::RegisterCallback: Registering callback: Refresh
07-26 22:04:52.497   678   797 D SDM     : HWCSession::RegisterCallback: Registering callback: Vsync
07-26 22:04:52.505     0     0 I msm-dwc3 c200000.hsusb: Avail curr from USB = 100
07-26 22:04:52.515     0     0 E [RMNET:HI] rmnet_config_notify_cb(): Kernel is trying to unregister ipsec_test
07-26 22:04:52.515   627   627 D XfrmController: Sending Netlink XFRM Message: XFRM_MSG_FLUSHSA
07-26 22:04:52.515   627   627 D XfrmController: Sending Netlink XFRM Message: XFRM_MSG_FLUSHPOLICY
07-26 22:04:52.515   627   627 I netd    : Initializing XfrmController: 66.7ms
07-26 22:04:52.517   627   627 I libnetd_resolv: resolv_init: Initializing resolver
07-26 22:04:52.518   627   627 D MDnsDS  : MDnsSdListener::Hander starting up
07-26 22:04:52.518   627  1268 D MDnsDS  : MDnsSdListener starting to monitor
07-26 22:04:52.518   627  1268 D MDnsDS  : Going to poll with pollCount 1
07-26 22:04:52.518   627   627 I netd    : Registering NetdNativeService: 0.3ms
07-26 22:04:52.550  1126  1206 I ServiceManager: Waiting for service 'package_native' on '/dev/binder'...
07-26 22:04:52.567   627   627 I ServiceManagement: Registered android.system.net.netd@1.1::INetd/default (start delay of 4643ms)
07-26 22:04:52.568   627   627 I netd    : Registering NetdHwService: 49.2ms
07-26 22:04:52.568   627   627 I netd    : Netd started in 4532ms
07-26 22:04:52.586     0     0 E         : msm_qti_pp_get_rms_value_control, back not active to query rms be_idx:3
07-26 22:04:52.593     0     0 I android_work: sent uevent USB_STATE=CONNECTED
07-26 22:04:52.600     0     0 I capability: warning: `msm_irqbalance' uses 32-bit capabilities (legacy support in use)
07-26 22:04:52.610  1275  1275 E MSM-irqbalance: WARNING: Cannot find matching virq for hwirq(446).
07-26 22:04:52.613  1275  1275 E MSM-irqbalance: WARNING: Cannot find matching virq for hwirq(455).
07-26 22:04:52.614  1275  1275 E MSM-irqbalance: WARNING: Cannot find matching virq for hwirq(456).
07-26 22:04:52.615  1275  1275 I MSM-irqbalance: msm-irq_balance (1.3) initialized
07-26 22:04:52.615  1275  1275 I MSM-irqbalance: Configuration
07-26 22:04:52.615  1275  1275 I MSM-irqbalance: Rate: 0.2 Hz
07-26 22:04:52.615  1275  1275 I MSM-irqbalance: Decay Factor: 75.0
07-26 22:04:52.615  1275  1275 I MSM-irqbalance: Balancing Factor: 0.1
07-26 22:04:52.615  1275  1275 I MSM-irqbalance: Debug Log: OFF
07-26 22:04:52.615  1275  1275 I MSM-irqbalance: Cfg file: /system/vendor/etc/msm_irqbalance.conf
07-26 22:04:52.615  1275  1275 I MSM-irqbalance: CPU PRIO: CPU0: 1 CPU1: 1 CPU2: 0 CPU3: 0 CPU4: 0 CPU5: 0 CPU6: 0 CPU7: 0 
07-26 22:04:52.615  1275  1275 I MSM-irqbalance: Ignored IRQs: 5 109 7 89 2 
07-26 22:04:52.651  1126  1206 I ServiceManager: Waiting for service 'package_native' on '/dev/binder'...
07-26 22:04:52.659     0     0 I configfs-gadget gadget: high-speed config #1: b
07-26 22:04:52.659     0     0 I diag    : USB channel diag: Received Connect event
07-26 22:04:52.659     0     0 I msm-dwc3 c200000.hsusb: Avail curr from USB = 500
07-26 22:04:52.659   892  1076 I adbd    : USB event: FUNCTIONFS_ENABLE
07-26 22:04:52.659     0     0 I android_work: sent uevent USB_STATE=CONFIGURED
07-26 22:04:52.674     0     0 I core_get_license_status: cmdrsp_license_result.result = 0x15 for module 0x131ff
07-26 22:04:52.683     0     0 E msm-ext-disp-audio-codec-rx soc: qcom,msm-ext-disp:qcom,msm-ext-disp-audio-codec-rx: msm_ext_disp_audio_type_get: Display cable disconnected
07-26 22:04:52.686     0     0 E msm-ext-disp-audio-codec-rx soc: qcom,msm-ext-disp:qcom,msm-ext-disp-audio-codec-rx: msm_ext_disp_audio_type_get: Display cable disconnected
07-26 22:04:52.698  1280  1280 E Diag_Lib: qpLogDiagInit <== result : 1
07-26 22:04:52.699  1280  1280 E Diag_Lib: DATAD : gIsQXDMDisabled 0, gIsADBDisabled 1, gIsDebugDisabled 0, gIsIMSLogsDisabled 0
07-26 22:04:52.699  1280  1280 E Diag_Lib: [IMS_DataD] imsdatad.c | 6232 | | 1280 |DATAD#$$#0#DATAD STARTED
07-26 22:04:52.721  1062  1062 E UsbAlsaJackDetectorJNI: Can't register UsbAlsaJackDetector native methods
07-26 22:04:52.746  1062  1062 E         : Activity trigger handling disabled.
07-26 22:04:52.751  1126  1206 I ServiceManager: Waiting for service 'package_native' on '/dev/binder'...
07-26 22:04:52.762  1062  1062 D SystemServerTiming: InitBeforeStartServices took to complete: 377ms
07-26 22:04:52.763  1062  1062 I SystemServer: StartServices
07-26 22:04:52.763  1062  1062 I SystemServer: StartWatchdog
07-26 22:04:52.784  1062  1062 D SystemServerTiming: StartWatchdog took to complete: 21ms
07-26 22:04:52.784  1062  1062 I SystemServer: Reading configuration...
07-26 22:04:52.784  1062  1062 I SystemServer: ReadingSystemConfig
07-26 22:04:52.784  1062  1062 D SystemServerTiming: ReadingSystemConfig took to complete: 0ms
07-26 22:04:52.784  1062  1062 I SystemServer: StartInstaller
07-26 22:04:52.785  1062  1062 I SystemServiceManager: Starting com.android.server.pm.Installer
07-26 22:04:52.785  1062  1300 D SystemServerInitThreadPool: Started executing ReadingSystemConfig
07-26 22:04:52.799  1107  1132 D installd: Found quota mount /dev/block/dm-6 at /data
07-26 22:04:52.800  1062  1062 D SystemServerTiming: StartInstaller took to complete: 16ms
07-26 22:04:52.800  1062  1062 I SystemServer: DeviceIdentifiersPolicyService
07-26 22:04:52.800  1062  1062 I SystemServiceManager: Starting com.android.server.os.DeviceIdentifiersPolicyService
07-26 22:04:52.801  1062  1062 D SystemServerTiming: DeviceIdentifiersPolicyService took to complete: 0ms
07-26 22:04:52.801  1062  1062 I SystemServer: UriGrantsManagerService
07-26 22:04:52.801  1062  1062 I SystemServiceManager: Starting com.android.server.uri.UriGrantsManagerService$Lifecycle
07-26 22:04:52.810  1062  1062 D SystemServerTiming: UriGrantsManagerService took to complete: 9ms
07-26 22:04:52.810  1062  1062 I SystemServer: StartActivityManager
07-26 22:04:52.810  1062  1062 I SystemServiceManager: Starting com.android.server.wm.ActivityTaskManagerService$Lifecycle
07-26 22:04:52.812     0     0 E         : msm_pcm_path_latency_ctl_get substream runtime not found
07-26 22:04:52.828  1062  1062 I SystemServiceManager: Starting com.android.server.am.ActivityManagerService$Lifecycle
07-26 22:04:52.852  1126  1206 I ServiceManager: Waiting for service 'package_native' on '/dev/binder'...
07-26 22:04:52.856  1062  1062 I ActivityManager: dalvik.vm.heapgrowthlimit=256m
07-26 22:04:52.856  1062  1062 I ActivityManager: dalvik.vm.heapsize=512m
07-26 22:04:52.856  1062  1062 I ActivityManager: persist.vendor.dalvik.vm.heapglimit=
07-26 22:04:52.856  1062  1062 I ActivityManager: persist.vendor.dalvik.vm.heapsize=
07-26 22:04:52.857  1062  1062 I ActivityManager: Memory class: 256
07-26 22:04:52.862  1062  1062 E libpsi  : No kernel psi monitor support (errno=2)
07-26 22:04:52.863  1062  1062 E LowMemDetector: Failed to register psi trigger
07-26 22:04:52.864     0     0 I chatty  : uid=0(root) logd identical 4 lines
07-26 22:04:52.877  1062  1300 W SystemConfig: No directory /product/etc/sysconfig, skipping
07-26 22:04:52.886     0     0 E         : msm_pcm_path_latency_ctl_get substream runtime not found
07-26 22:04:52.895  1062  1300 W SystemConfig: No directory /product_services/etc/sysconfig, skipping
07-26 22:04:52.895  1062  1300 W SystemConfig: No directory /product_services/etc/permissions, skipping
07-26 22:04:52.895  1062  1300 D SystemServerInitThreadPool: Finished executing ReadingSystemConfig
07-26 22:04:52.897  1062  1062 D BatteryStatsImpl: Reading daily items from /data/system/batterystats-daily.xml
07-26 22:04:52.900  1062  1062 E BatteryStatsImpl: Error reading battery statistics
07-26 22:04:52.900  1062  1062 E BatteryStatsImpl: java.io.FileNotFoundException: /data/system/batterystats.bin: open failed: ENOENT (No such file or directory)
07-26 22:04:52.900  1062  1062 E BatteryStatsImpl: 	at libcore.io.IoBridge.open(IoBridge.java:496)
07-26 22:04:52.900  1062  1062 E BatteryStatsImpl: 	at java.io.FileInputStream.<init>(FileInputStream.java:159)
07-26 22:04:52.900  1062  1062 E BatteryStatsImpl: 	at com.android.internal.os.AtomicFile.openRead(AtomicFile.java:157)
07-26 22:04:52.900  1062  1062 E BatteryStatsImpl: 	at com.android.internal.os.AtomicFile.readFully(AtomicFile.java:162)
07-26 22:04:52.900  1062  1062 E BatteryStatsImpl: 	at com.android.internal.os.BatteryStatsImpl.readLocked(BatteryStatsImpl.java:13338)
07-26 22:04:52.900  1062  1062 E BatteryStatsImpl: 	at com.android.server.am.ActivityManagerService.<init>(ActivityManagerService.java:2538)
07-26 22:04:52.900  1062  1062 E BatteryStatsImpl: 	at com.android.server.am.ActivityManagerService$Lifecycle.<init>(ActivityManagerService.java:2238)
07-26 22:04:52.900  1062  1062 E BatteryStatsImpl: 	at java.lang.reflect.Constructor.newInstance0(Native Method)
07-26 22:04:52.900  1062  1062 E BatteryStatsImpl: 	at java.lang.reflect.Constructor.newInstance(Constructor.java:343)
07-26 22:04:52.900  1062  1062 E BatteryStatsImpl: 	at com.android.server.SystemServiceManager.startService(SystemServiceManager.java:102)
07-26 22:04:52.900  1062  1062 E BatteryStatsImpl: 	at com.android.server.am.ActivityManagerService$Lifecycle.startService(ActivityManagerService.java:2244)
07-26 22:04:52.900  1062  1062 E BatteryStatsImpl: 	at com.android.server.SystemServer.startBootstrapServices(SystemServer.java:671)
07-26 22:04:52.900  1062  1062 E BatteryStatsImpl: 	at com.android.server.SystemServer.run(SystemServer.java:521)
07-26 22:04:52.900  1062  1062 E BatteryStatsImpl: 	at com.android.server.SystemServer.main(SystemServer.java:357)
07-26 22:04:52.900  1062  1062 E BatteryStatsImpl: 	at java.lang.reflect.Method.invoke(Native Method)
07-26 22:04:52.900  1062  1062 E BatteryStatsImpl: 	at com.android.internal.os.RuntimeInit$MethodAndArgsCaller.run(RuntimeInit.java:492)
07-26 22:04:52.900  1062  1062 E BatteryStatsImpl: 	at com.android.internal.os.ZygoteInit.main(ZygoteInit.java:913)
07-26 22:04:52.900  1062  1062 E BatteryStatsImpl: Caused by: android.system.ErrnoException: open failed: ENOENT (No such file or directory)
07-26 22:04:52.900  1062  1062 E BatteryStatsImpl: 	at libcore.io.Linux.open(Native Method)
07-26 22:04:52.900  1062  1062 E BatteryStatsImpl: 	at libcore.io.ForwardingOs.open(ForwardingOs.java:167)
07-26 22:04:52.900  1062  1062 E BatteryStatsImpl: 	at libcore.io.BlockGuardOs.open(BlockGuardOs.java:252)
07-26 22:04:52.900  1062  1062 E BatteryStatsImpl: 	at libcore.io.IoBridge.open(IoBridge.java:482)
07-26 22:04:52.900  1062  1062 E BatteryStatsImpl: 	... 16 more
07-26 22:04:52.900   895   905 I chatty  : uid=1047(cameraserver) ExtCamHotPlug expire 1 line
07-26 22:04:52.901  1062  1062 E BatteryStatsImpl: Error reading battery history
07-26 22:04:52.901  1062  1062 E BatteryStatsImpl: java.io.FileNotFoundException: /data/system/battery-history/0.bin: open failed: ENOENT (No such file or directory)
07-26 22:04:52.901  1062  1062 E BatteryStatsImpl: 	at libcore.io.IoBridge.open(IoBridge.java:496)
07-26 22:04:52.901  1062  1062 E BatteryStatsImpl: 	at java.io.FileInputStream.<init>(FileInputStream.java:159)
07-26 22:04:52.901  1062  1062 E BatteryStatsImpl: 	at com.android.internal.os.AtomicFile.openRead(AtomicFile.java:157)
07-26 22:04:52.901  1062  1062 E BatteryStatsImpl: 	at com.android.internal.os.AtomicFile.readFully(AtomicFile.java:162)
07-26 22:04:52.901  1062  1062 E BatteryStatsImpl: 	at com.android.internal.os.BatteryStatsImpl.readLocked(BatteryStatsImpl.java:13357)
07-26 22:04:52.901  1062  1062 E BatteryStatsImpl: 	at com.android.server.am.ActivityManagerService.<init>(ActivityManagerService.java:2538)
07-26 22:04:52.901  1062  1062 E BatteryStatsImpl: 	at com.android.server.am.ActivityManagerService$Lifecycle.<init>(ActivityManagerService.java:2238)
07-26 22:04:52.901  1062  1062 E BatteryStatsImpl: 	at java.lang.reflect.Constructor.newInstance0(Native Method)
07-26 22:04:52.901  1062  1062 E BatteryStatsImpl: 	at java.lang.reflect.Constructor.newInstance(Constructor.java:343)
07-26 22:04:52.901  1062  1062 E BatteryStatsImpl: 	at com.android.server.SystemServiceManager.startService(SystemServiceManager.java:102)
07-26 22:04:52.901  1062  1062 E BatteryStatsImpl: 	at com.android.server.am.ActivityManagerService$Lifecycle.startService(ActivityManagerService.java:2244)
07-26 22:04:52.901  1062  1062 E BatteryStatsImpl: 	at com.android.server.SystemServer.startBootstrapServices(SystemServer.java:671)
07-26 22:04:52.901  1062  1062 E BatteryStatsImpl: 	at com.android.server.SystemServer.run(SystemServer.java:521)
07-26 22:04:52.901  1062  1062 E BatteryStatsImpl: 	at com.android.server.SystemServer.main(SystemServer.java:357)
07-26 22:04:52.901  1062  1062 E BatteryStatsImpl: 	at java.lang.reflect.Method.invoke(Native Method)
07-26 22:04:52.901  1062  1062 E BatteryStatsImpl: 	at com.android.internal.os.RuntimeInit$MethodAndArgsCaller.run(RuntimeInit.java:492)
07-26 22:04:52.901  1062  1062 E BatteryStatsImpl: 	at com.android.internal.os.ZygoteInit.main(ZygoteInit.java:913)
07-26 22:04:52.901  1062  1062 E BatteryStatsImpl: Caused by: android.system.ErrnoException: open failed: ENOENT (No such file or directory)
07-26 22:04:52.901  1062  1062 E BatteryStatsImpl: 	at libcore.io.Linux.open(Native Method)
07-26 22:04:52.901  1062  1062 E BatteryStatsImpl: 	at libcore.io.ForwardingOs.open(ForwardingOs.java:167)
07-26 22:04:52.901  1062  1062 E BatteryStatsImpl: 	at libcore.io.BlockGuardOs.open(BlockGuardOs.java:252)
07-26 22:04:52.901  1062  1062 E BatteryStatsImpl: 	at libcore.io.IoBridge.open(IoBridge.java:482)
07-26 22:04:52.901  1062  1062 E BatteryStatsImpl: 	... 16 more
07-26 22:04:52.903   496   496 I hwservicemanager: getTransport: Cannot find entry android.hardware.power.stats@1.0::IPowerStats/default in either framework or device manifest.
07-26 22:04:52.904  1062  1309 I BatteryStatsService: Using power HAL
07-26 22:04:52.904  1062  1309 E BatteryStatsService: Unable to load Power.Stats.HAL. Setting rail availability to false
07-26 22:04:52.905  1062  1309 E BluetoothAdapter: Bluetooth binder is null
07-26 22:04:52.905  1062  1309 E BatteryExternalStatsWorker: no controller energy info supplied for telephony
07-26 22:04:52.907  1062  1309 I KernelCpuUidFreqTimeReader: mPerClusterTimesAvailable=true
07-26 22:04:52.909  1062  1309 E KernelCpuSpeedReader: Failed to read cpu-freq: /sys/devices/system/cpu/cpu4/cpufreq/stats/time_in_state: open failed: ENOENT (No such file or directory)
07-26 22:04:52.909  1062  1309 E KernelCpuSpeedReader: Failed to read cpu-freq: /sys/devices/system/cpu/cpu0/cpufreq/stats/time_in_state: open failed: ENOENT (No such file or directory)
07-26 22:04:52.911  1062  1309 I PowerManagerService-JNI: Loaded power HAL 1.0 service
07-26 22:04:52.933   717   717 D RenderEngine: shader cache generated - 48 shaders in 436.348602 ms
07-26 22:04:52.934   717   717 E SurfaceFlinger: Unable to get composer extension
07-26 22:04:52.935   717   717 I ServiceManagement: Registered android.frameworks.displayservice@1.0::IDisplayService/default (start delay of 3991ms)
07-26 22:04:52.935   717   717 D SurfaceFlinger: Setting power mode 2 on display 0
07-26 22:04:52.935   678   797 I SDM     : DisplayBase::SetDisplayState: Set state = 1, display 0
07-26 22:04:52.936   717   717 D SurfaceFlinger: Finished setting power mode 2 on display 0
07-26 22:04:52.952  1126  1206 I ServiceManager: Waiting for service 'package_native' on '/dev/binder'...
07-26 22:04:52.968  1062  1062 I AppOps  : No existing app ops /data/system/appops.xml; starting empty
07-26 22:04:52.968  1062  1303 I commit_sys_config_file: [batterystats,56]
07-26 22:04:52.985  1062  1062 I IntentFirewall: Read new rules (A:0 B:0 S:0)
07-26 22:04:53.002  1062  1062 E libprocessgroup: Failed to open /dev/memcg/apps: No such file or directory
07-26 22:04:53.003  1062  1062 D AppOps  : AppOpsService published
07-26 22:04:53.009  1062  1062 D SystemServerTiming: StartActivityManager took to complete: 199ms
07-26 22:04:53.009  1062  1062 I SystemServer: StartPowerManager
07-26 22:04:53.009  1062  1062 I SystemServiceManager: Starting com.android.server.power.PowerManagerService
07-26 22:04:53.023   682   682 E QTI PowerHAL: Failed to acquire lock for hint_id: 1041.
07-26 22:04:53.023   682   682 I QTI PowerHAL: Got set_interactive hint
07-26 22:04:53.024  1062  1062 D SystemServerTiming: StartPowerManager took to complete: 14ms
07-26 22:04:53.024  1062  1062 I SystemServer: StartThermalManager
07-26 22:04:53.024  1062  1062 I SystemServiceManager: Starting com.android.server.power.ThermalManagerService
07-26 22:04:53.024  1062  1062 D SystemServerTiming: StartThermalManager took to complete: 0ms
07-26 22:04:53.024  1062  1062 I SystemServer: InitPowerManagement
07-26 22:04:53.025  1062  1062 D SystemServerTiming: InitPowerManagement took to complete: 1ms
07-26 22:04:53.025  1062  1062 I SystemServer: StartRecoverySystemService
07-26 22:04:53.025  1062  1062 I SystemServiceManager: Starting com.android.server.RecoverySystemService
07-26 22:04:53.025  1062  1062 D SystemServerTiming: StartRecoverySystemService took to complete: 0ms
07-26 22:04:53.026  1062  1062 V RescueParty: Disabled because of active USB connection
07-26 22:04:53.026  1062  1062 I SystemServer: StartLightsService
07-26 22:04:53.026  1062  1062 I SystemServiceManager: Starting com.android.server.lights.LightsService
07-26 22:04:53.030  1062  1062 I android_os_HwBinder: HwBinder: Starting thread pool for getting: vendor.elo.hardware.oemlight@1.0::IOemLight/default
07-26 22:04:53.031   691   691 E OEMLIGHT: [=============getSupportedTypes =============]
07-26 22:04:53.031  1062  1062 D SystemServerTiming: StartLightsService took to complete: 5ms
07-26 22:04:53.031  1062  1062 I SystemServer: StartSidekickService
07-26 22:04:53.031  1062  1062 D SystemServerTiming: StartSidekickService took to complete: 0ms
07-26 22:04:53.031  1062  1062 I SystemServer: StartDisplayManager
07-26 22:04:53.031  1062  1062 I SystemServiceManager: Starting com.android.server.display.DisplayManagerService
07-26 22:04:53.037  1062  1062 D SystemServerTiming: StartDisplayManager took to complete: 6ms
07-26 22:04:53.037  1062  1062 I SystemServer: WaitForDisplay
07-26 22:04:53.037  1062  1062 I SystemServiceManager: Starting phase 100
07-26 22:04:53.041   678   797 I SDM     : HWCDisplay::GetColorModeCount: Supported color mode count = 1
07-26 22:04:53.041   678   797 I SDM     : HWCDisplay::GetColorModes: Supports color mode[0] = 0
07-26 22:04:53.041  1062  1303 I commit_sys_config_file: [batterystats,73]
07-26 22:04:53.046  1062  1295 I DisplayManagerService: Display device added: DisplayDeviceInfo{"Built-in Screen": uniqueId="local:0", 1920 x 1080, modeId 1, defaultModeId 1, supportedModes [{id=1, width=1920, height=1080, fps=60.000004}], colorMode 0, supportedColorModes [0], HdrCapabilities android.view.Display$HdrCapabilities@40f16308, density 240, 141.767 x 142.134 dpi, appVsyncOff 1000000, presDeadline 16666666, touch INTERNAL, rotation 0, type BUILT_IN, address {port=0}, state UNKNOWN, FLAG_DEFAULT_DISPLAY, FLAG_ROTATES_WITH_CONTENT, FLAG_SECURE, FLAG_SUPPORTS_PROTECTED_BUFFERS}
07-26 22:04:53.053  1126  1206 I ServiceManager: Waiting for service 'package_native' on '/dev/binder'...
07-26 22:04:53.096  1062  1314 W ProcessCpuTracker: Failed to stat(/proc/1312): android.system.ErrnoException: stat failed: ENOENT (No such file or directory)
07-26 22:04:53.096  1062  1314 W ProcessCpuTracker: Skipping unknown process pid 1312
07-26 22:04:53.097  1062  1295 I commit_sys_config_file: [display-state,49]
07-26 22:04:53.099   717   717 D SurfaceFlinger: Setting power mode 2 on display 0
07-26 22:04:53.102  1062  1062 W SystemServiceManager: Service com.android.server.display.DisplayManagerService took 65 ms in onBootPhase
07-26 22:04:53.102  1062  1062 D SystemServerTiming: WaitForDisplay took to complete: 65ms
07-26 22:04:53.102  1062  1295 W StrictMode: No activity manager; failed to Dropbox violation.
07-26 22:04:53.102  1062  1062 I sysui_multi_action: [757,804,799,boot_package_manager_init_start,801,16088,802,1]
07-26 22:04:53.102  1062  1295 I chatty  : uid=1000(system) android.display identical 4 lines
07-26 22:04:53.102  1062  1295 W StrictMode: No activity manager; failed to Dropbox violation.
07-26 22:04:53.103  1062  1295 I DisplayManagerService: Display device changed state: "Built-in Screen", ON
07-26 22:04:53.103  1062  1062 I SystemServer: StartPackageManagerService
07-26 22:04:53.103  1062  1062 I Watchdog: Pausing HandlerChecker: main thread for reason: packagemanagermain. Pause count: 1
07-26 22:04:53.117  1062  1062 I boot_progress_pms_start: 16103
07-26 22:04:53.153  1126  1206 I ServiceManager: Waiting for service 'package_native' on '/dev/binder'...
07-26 22:04:53.170   496   496 E SELinux : avc:  denied  { find } for interface=vendor.qti.hardware.slmadapter::ISlmAdapter sid=u:r:cnd:s0 pid=1141 scontext=u:r:cnd:s0 tcontext=u:object_r:default_android_hwservice:s0 tclass=hwservice_manager permissive=0
07-26 22:04:53.170   496   496 I auditd  : avc:  denied  { find } for interface=vendor.qti.hardware.slmadapter::ISlmAdapter sid=u:r:cnd:s0 pid=1141 scontext=u:r:cnd:s0 tcontext=u:object_r:default_android_hwservice:s0 tclass=hwservice_manager permissive=0
07-26 22:04:53.174  1141  1141 I ServiceManagement: Registered vendor.qti.hardware.data.latency@1.0::ILinkLatency/default (start delay of 1309ms)
07-26 22:04:53.178  1141  1141 I ServiceManagement: Registered vendor.qti.data.factory@2.1::IFactory/default (start delay of 1314ms)
07-26 22:04:53.191  1311  1311 D BootAnimation: BootAnimationStartTiming start time: 16177ms
07-26 22:04:53.191  1311  1311 D BootAnimation: BootAnimationPreloadTiming start time: 16177ms
07-26 22:04:53.191  1311  1311 D BootAnimation: Animation customzation path: 
07-26 22:04:53.192  1311  1311 D BootAnimation: BootAnimationPreloadStopTiming start time: 16178ms
07-26 22:04:53.197  1311  1324 D libEGL  : loaded /vendor/lib64/egl/libEGL_adreno.so
07-26 22:04:53.203  1311  1324 D libEGL  : loaded /vendor/lib64/egl/libGLESv1_CM_adreno.so
07-26 22:04:53.206  1311  1324 D libEGL  : loaded /vendor/lib64/egl/libGLESv2_adreno.so
07-26 22:04:53.218  1062  1062 W FileUtils: Failed to chmod(/data/system/packages.list): android.system.ErrnoException: chmod failed: ENOENT (No such file or directory)
07-26 22:04:53.221  1311  1324 I AdrenoGLES: QUALCOMM build                   : fefc463, I67da44d20d
07-26 22:04:53.221  1311  1324 I AdrenoGLES: Build Date                       : 11/23/20
07-26 22:04:53.221  1311  1324 I AdrenoGLES: OpenGL ES Shader Compiler Version: EV031.27.05.10
07-26 22:04:53.221  1311  1324 I AdrenoGLES: Local Branch                     : mybrancheb2d85f4-9bbf-f15d-8afb-5cb90179c3d8
07-26 22:04:53.221  1311  1324 I AdrenoGLES: Remote Branch                    : quic/gfx-adreno.lnx.1.0.r104-rel
07-26 22:04:53.221  1311  1324 I AdrenoGLES: Remote Branch                    : NONE
07-26 22:04:53.221  1311  1324 I AdrenoGLES: Reconstruct Branch               : NOTHING
07-26 22:04:53.221  1311  1324 I AdrenoGLES: Build Config                     : S L 8.0.12 AArch64
07-26 22:04:53.226  1062  1062 D SELinuxMMAC: Using policy file /system/etc/selinux/plat_mac_permissions.xml
07-26 22:04:53.227  1311  1324 I AdrenoGLES: PFP: 0x005ff113, ME: 0x005ff066
07-26 22:04:53.228  1062  1062 D SELinuxMMAC: Using policy file /vendor/etc/selinux/vendor_mac_permissions.xml
07-26 22:04:53.230   678   797 I SDM     : HWCDisplay::GetHdrCapabilities: HDR is not supported
07-26 22:04:53.231   678   797 I SDM     : HWCDisplay::GetHdrCapabilities: HDR is not supported
07-26 22:04:53.233  1062  1062 D FallbackCategoryProvider: Found 1 fallback categories
07-26 22:04:53.234  1062  1062 I PackageManager: No settings file; creating initial state
07-26 22:04:53.234  1062  1062 I pm_critical_info: No settings file; creating initial state
07-26 22:04:53.235  1311  1324 D BootAnimation: BootAnimationShownTiming start time: 16221ms
07-26 22:04:53.236  1062  1062 I boot_progress_pms_system_scan_start: 16221
07-26 22:04:53.238  1062  1062 W PackageManager: Wiping cache directory because the system partition changed.
07-26 22:04:53.250  1062  1062 I PackageManager: /vendor/overlay/CellBroadcastReceiverResCommon.apk changed; collecting certs
07-26 22:04:53.251   496   496 I hwservicemanager: getTransport: Cannot find entry android.hardware.graphics.mapper@3.0::IMapper/default in either framework or device manifest.
07-26 22:04:53.252  1311  1324 W Gralloc3: mapper 3.x is not supported
07-26 22:04:53.254  1126  1206 I ServiceManager: Waiting for service 'package_native' on '/dev/binder'...
07-26 22:04:53.265   605   607 E apexd   : Can't open /product/apex for reading : No such file or directory
07-26 22:04:53.265     0     0 E apexd   : Can't open /product/apex for reading : No such file or directory
07-26 22:04:53.268  1062  1062 I PackageManager: /vendor/overlay/FrameworksResTarget.apk changed; collecting certs
07-26 22:04:53.268   717   717 I SurfaceFlinger: Enter boot animation
07-26 22:04:53.271  1062  1062 I PackageManager: /vendor/overlay/FrameworksResCommon.apk changed; collecting certs
07-26 22:04:53.274  1062  1062 I PackageManager: /vendor/overlay/TelecommResCommon.apk changed; collecting certs
07-26 22:04:53.276   678   797 D qdutils : DEBUG_CALC_FPS: 0
07-26 22:04:53.276   678   797 D qdutils : period: 10
07-26 22:04:53.276   678   797 D qdutils : ignorethresh_us: 500000
07-26 22:04:53.277  1062  1062 I PackageManager: /vendor/overlay/CarrierConfigResCommon.apk changed; collecting certs
07-26 22:04:53.279  1062  1062 I PackageManager: /vendor/overlay/SystemUIResCommon.apk changed; collecting certs
