07-26 22:04:47.079     1     1 W init    : type=1400 audit(0.0:7): avc: denied { setattr } for name="nativetest64" dev="dm-6" ino=119 scontext=u:r:init:s0 tcontext=u:object_r:nativetest_data_file:s0 tclass=dir permissive=0 b/77873135
07-26 22:04:47.092     0     0 E selinux : SELinux:  setxattr failed: /data/nativetest:  Permission denied
07-26 22:04:47.093     0     0 E selinux : SELinux:  setxattr failed: /data/nativetest64:  Permission denied
07-26 22:04:47.097     0     0 I init    : Command 'restorecon --recursive --skip-ce /data' action=post-fs-data (/init.rc:617) took 300ms and succeeded
07-26 22:04:47.097     0     0 I init    : starting service 'exec 10 (/system/bin/tzdatacheck /apex/com.android.runtime/etc/tz /data/misc/zoneinfo)'...
07-26 22:04:47.099     0     0 I init    : SVC_EXEC service 'exec 10 (/system/bin/tzdatacheck /apex/com.android.runtime/etc/tz /data/misc/zoneinfo)' pid 611 (uid 1000 gid 1000+0 context default) started; waiting...
07-26 22:04:47.111   611   611 I /system/bin/tzdatacheck: timezone distro dir /data/misc/zoneinfo/current does not exist. No action required.
07-26 22:04:47.112     0     0 I init    : Service 'exec 10 (/system/bin/tzdatacheck /apex/com.android.runtime/etc/tz /data/misc/zoneinfo)' (pid 611) exited with status 0 waiting took 0.013000 seconds
07-26 22:04:47.112     0     0 I init    : processing action (post-fs-data) from (/init.usb.rc:6)
07-26 22:04:47.113     0     0 I init    : Setting policy on /data/adb
07-26 22:04:47.113     0     0 I init    : Policy for /data/adb set to e4bdf29b446d6cf0 modes 127/4
07-26 22:04:47.113     0     0 I init    : processing action (post-fs-data) from (/vendor/etc/init/hw/init.qcom.rc:254)
07-26 22:04:47.159   613   613 I art_apex: === ART pre-boot integrity checks ===
07-26 22:04:47.192   615   615 F art_apex: Device is not fsverity-enabled.
07-26 22:04:47.250   619   619 I OEM-FWUPDATE: Start
07-26 22:04:47.250   619   619 I OEM-FWUPDATE: param module: lt
07-26 22:04:47.250   619   619 I OEM-FWUPDATE: Start LT8711/9711 FW upgrade
07-26 22:04:47.250   619   619 I OEM-FWUPDATE: oem fw upgrade exit
07-26 22:04:47.253   620   620 I OEM-FWUPDATE: Start
07-26 22:04:47.254   620   620 I OEM-FWUPDATE: param module: ite
07-26 22:04:47.254   620   620 I OEM-FWUPDATE: Start ITE FW upgrade.
07-26 22:04:47.254   620   620 I OEM-FWUPDATE: [ite_fw_upgrade] start.
07-26 22:04:47.270   621   621 I OEM-HPM : /vendor/bin/oem_hotplug_monitor has 1 parameters
07-26 22:04:47.276   618   618 D QC-time-services: Daemon:genoff_pre_init::Base = 0
07-26 22:04:47.277     0     0 I rtc-max31343 1-0068: read date/time raw! 0x21-07-27 02:04:47 W03
07-26 22:04:47.277     0     0 I rtc-max31343 1-0068: read date/time! 2021-07-27 02:04:47
07-26 22:04:47.277   618   618 D QC-time-services: Daemon:ats_rtc_init: Time read from RTC -- year = 121, month = 6,day = 27
07-26 22:04:47.277   618   618 D QC-time-services: Daemon ats_rtc_init: seconds = 1627351487
07-26 22:04:47.278   618   618 D QC-time-services: Daemon:Value read from RTC seconds = 1627351487000
07-26 22:04:47.278   618   618 D QC-time-services: Daemon:genoff_init_config: ATS_RTC initialized with rc: 0
07-26 22:04:47.278   618   618 D QC-time-services: Daemon:genoff_pre_init::Base = 1
07-26 22:04:47.278   618   618 D QC-time-services: Daemon: Storage Name: ats_1 
07-26 22:04:47.278   618   618 D QC-time-services: Daemon:Opening File: /mnt/vendor/persist/time/ats_1 /data/vendor/time/ats_1
07-26 22:04:47.278   618   618 D QC-time-services: Daemon:time_persistent_memory_opr:Genoff Read operation 
07-26 22:04:47.279   618   618 D QC-time-services: Daemon:Open File: /mnt/vendor/persist/time/ats_1
07-26 22:04:47.279   618   618 D QC-time-services: Daemon:genoff_pre_init::Base = 2
07-26 22:04:47.279   618   618 D QC-time-services: Daemon: Storage Name: ats_2 
07-26 22:04:47.279   618   618 D QC-time-services: Daemon:Opening File: /mnt/vendor/persist/time/ats_2 /data/vendor/time/ats_2
07-26 22:04:47.279   618   618 D QC-time-services: Daemon:time_persistent_memory_opr:Genoff Read operation 
07-26 22:04:47.279   618   618 D QC-time-services: Daemon:Open File: /mnt/vendor/persist/time/ats_2
07-26 22:04:47.279   618   618 D QC-time-services: Daemon:genoff_pre_init::Base = 3
07-26 22:04:47.279   618   618 D QC-time-services: Daemon: Storage Name: ats_3 
07-26 22:04:47.279   618   618 D QC-time-services: Daemon:Opening File: /mnt/vendor/persist/time/ats_3 /data/vendor/time/ats_3
07-26 22:04:47.279   618   618 D QC-time-services: Daemon:time_persistent_memory_opr:Genoff Read operation 
07-26 22:04:47.279   618   618 D QC-time-services: Daemon:Open File: /mnt/vendor/persist/time/ats_3
07-26 22:04:47.279   618   618 D QC-time-services: Daemon:Unable to open filefor read
07-26 22:04:47.279   618   618 D QC-time-services: Daemon:genoff_post_init:Error in accessing storage
07-26 22:04:47.280   618   618 D QC-time-services: Daemon:genoff_pre_init::Base = 4
07-26 22:04:47.280   618   618 D QC-time-services: Daemon: Storage Name: ats_4 
07-26 22:04:47.280   618   618 D QC-time-services: Daemon:Opening File: /mnt/vendor/persist/time/ats_4 /data/vendor/time/ats_4
07-26 22:04:47.280   618   618 D QC-time-services: Daemon:time_persistent_memory_opr:Genoff Read operation 
07-26 22:04:47.280   618   618 D QC-time-services: Daemon:Open File: /mnt/vendor/persist/time/ats_4
07-26 22:04:47.280   618   618 D QC-time-services: Daemon:Unable to open filefor read
07-26 22:04:47.280   618   618 D QC-time-services: Daemon:genoff_post_init:Error in accessing storage
07-26 22:04:47.280   618   618 D QC-time-services: Daemon:genoff_pre_init::Base = 5
07-26 22:04:47.280   618   618 D QC-time-services: Daemon: Storage Name: ats_5 
07-26 22:04:47.280   618   618 D QC-time-services: Daemon:Opening File: /mnt/vendor/persist/time/ats_5 /data/vendor/time/ats_5
07-26 22:04:47.280   618   618 D QC-time-services: Daemon:time_persistent_memory_opr:Genoff Read operation 
07-26 22:04:47.280   618   618 D QC-time-services: Daemon:Open File: /mnt/vendor/persist/time/ats_5
07-26 22:04:47.280   618   618 D QC-time-services: Daemon:Unable to open filefor read
07-26 22:04:47.280   618   618 D QC-time-services: Daemon:genoff_post_init:Error in accessing storage
07-26 22:04:47.280   618   618 D QC-time-services: Daemon:genoff_pre_init::Base = 6
07-26 22:04:47.280   618   618 D QC-time-services: Daemon: Storage Name: ats_6 
07-26 22:04:47.280   618   618 D QC-time-services: Daemon:Opening File: /mnt/vendor/persist/time/ats_6 /data/vendor/time/ats_6
07-26 22:04:47.280   618   618 D QC-time-services: Daemon:time_persistent_memory_opr:Genoff Read operation 
07-26 22:04:47.280   618   618 D QC-time-services: Daemon:Open File: /mnt/vendor/persist/time/ats_6
07-26 22:04:47.280   618   618 D QC-time-services: Daemon:Unable to open filefor read
07-26 22:04:47.280   618   618 D QC-time-services: Daemon:genoff_post_init:Error in accessing storage
07-26 22:04:47.280   618   618 D QC-time-services: Daemon:genoff_pre_init::Base = 7
07-26 22:04:47.280   618   618 D QC-time-services: Daemon: Storage Name: ats_7 
07-26 22:04:47.280   618   618 D QC-time-services: Daemon:Opening File: /mnt/vendor/persist/time/ats_7 /data/vendor/time/ats_7
07-26 22:04:47.280   618   618 D QC-time-services: Daemon:time_persistent_memory_opr:Genoff Read operation 
07-26 22:04:47.280   618   618 D QC-time-services: Daemon:Open File: /mnt/vendor/persist/time/ats_7
07-26 22:04:47.280   618   618 D QC-time-services: Daemon:Unable to open filefor read
07-26 22:04:47.280   618   618 D QC-time-services: Daemon:genoff_post_init:Error in accessing storage
07-26 22:04:47.280   618   618 D QC-time-services: Daemon:genoff_pre_init::Base = 8
07-26 22:04:47.280   618   618 D QC-time-services: Daemon: Storage Name: ats_8 
07-26 22:04:47.280   618   618 D QC-time-services: Daemon:Opening File: /mnt/vendor/persist/time/ats_8 /data/vendor/time/ats_8
07-26 22:04:47.280   618   618 D QC-time-services: Daemon:time_persistent_memory_opr:Genoff Read operation 
07-26 22:04:47.280   618   618 D QC-time-services: Daemon:Open File: /mnt/vendor/persist/time/ats_8
07-26 22:04:47.280   618   618 D QC-time-services: Daemon:Unable to open filefor read
07-26 22:04:47.280   618   618 D QC-time-services: Daemon:genoff_post_init:Error in accessing storage
07-26 22:04:47.280   618   618 D QC-time-services: Daemon:genoff_pre_init::Base = 9
07-26 22:04:47.280   618   618 D QC-time-services: Daemon: Storage Name: ats_9 
07-26 22:04:47.280   618   618 D QC-time-services: Daemon:Opening File: /mnt/vendor/persist/time/ats_9 /data/vendor/time/ats_9
07-26 22:04:47.280   618   618 D QC-time-services: Daemon:time_persistent_memory_opr:Genoff Read operation 
07-26 22:04:47.280   618   618 D QC-time-services: Daemon:Open File: /mnt/vendor/persist/time/ats_9
07-26 22:04:47.280   618   618 D QC-time-services: Daemon:Unable to open filefor read
07-26 22:04:47.280   618   618 D QC-time-services: Daemon:genoff_post_init:Error in accessing storage
07-26 22:04:47.280   618   618 D QC-time-services: Daemon:genoff_pre_init::Base = 10
07-26 22:04:47.280   618   618 D QC-time-services: Daemon: Storage Name: ats_10 
07-26 22:04:47.280   618   618 D QC-time-services: Daemon:Opening File: /mnt/vendor/persist/time/ats_10 /data/vendor/time/ats_10
07-26 22:04:47.280   618   618 D QC-time-services: Daemon:time_persistent_memory_opr:Genoff Read operation 
07-26 22:04:47.280   618   618 D QC-time-services: Daemon:Open File: /mnt/vendor/persist/time/ats_10
07-26 22:04:47.280   618   618 D QC-time-services: Daemon:Unable to open filefor read
07-26 22:04:47.280   618   618 D QC-time-services: Daemon:genoff_post_init:Error in accessing storage
07-26 22:04:47.280   618   618 D QC-time-services: Daemon:genoff_pre_init::Base = 11
07-26 22:04:47.280   618   618 D QC-time-services: Daemon: Storage Name: ats_11 
07-26 22:04:47.280   618   618 D QC-time-services: Daemon:Opening File: /mnt/vendor/persist/time/ats_11 /data/vendor/time/ats_11
07-26 22:04:47.280   618   618 D QC-time-services: Daemon:time_persistent_memory_opr:Genoff Read operation 
07-26 22:04:47.280   618   618 D QC-time-services: Daemon:Open File: /mnt/vendor/persist/time/ats_11
07-26 22:04:47.280   618   618 D QC-time-services: Daemon:Unable to open filefor read
07-26 22:04:47.280   618   618 D QC-time-services: Daemon:genoff_post_init:Error in accessing storage
07-26 22:04:47.280   618   618 D QC-time-services: Daemon:genoff_pre_init::Base = 12
07-26 22:04:47.280   618   618 D QC-time-services: Daemon: Storage Name: ats_12 
07-26 22:04:47.280   618   618 D QC-time-services: Daemon:Opening File: /mnt/vendor/persist/time/ats_12 /data/vendor/time/ats_12
07-26 22:04:47.280   618   618 D QC-time-services: Daemon:time_persistent_memory_opr:Genoff Read operation 
07-26 22:04:47.280   618   618 D QC-time-services: Daemon:Open File: /mnt/vendor/persist/time/ats_12
07-26 22:04:47.280   618   618 D QC-time-services: Daemon:Unable to open filefor read
07-26 22:04:47.280   618   618 D QC-time-services: Daemon:genoff_post_init:Error in accessing storage
07-26 22:04:47.280   618   618 D QC-time-services: Daemon:genoff_pre_init::Base = 13
07-26 22:04:47.280   618   618 D QC-time-services: Daemon: Storage Name: ats_13 
07-26 22:04:47.280   618   618 D QC-time-services: Daemon:Opening File: /mnt/vendor/persist/time/ats_13 /data/vendor/time/ats_13
07-26 22:04:47.280   618   618 D QC-time-services: Daemon:time_persistent_memory_opr:Genoff Read operation 
07-26 22:04:47.280   618   618 D QC-time-services: Daemon:Open File: /mnt/vendor/persist/time/ats_13
07-26 22:04:47.280   618   618 D QC-time-services: Daemon:Unable to open filefor read
07-26 22:04:47.280   618   618 D QC-time-services: Daemon:genoff_post_init:Error in accessing storage
07-26 22:04:47.280   618   618 D QC-time-services: Daemon:genoff_pre_init::Base = 14
07-26 22:04:47.280   618   618 D QC-time-services: Daemon: Storage Name: ats_14 
07-26 22:04:47.280   618   618 D QC-time-services: Daemon:Opening File: /mnt/vendor/persist/time/ats_14 /data/vendor/time/ats_14
07-26 22:04:47.280   618   618 D QC-time-services: Daemon:time_persistent_memory_opr:Genoff Read operation 
07-26 22:04:47.280   618   618 D QC-time-services: Daemon:Open File: /mnt/vendor/persist/time/ats_14
07-26 22:04:47.280   618   618 D QC-time-services: Daemon:Unable to open filefor read
07-26 22:04:47.280   618   618 D QC-time-services: Daemon:genoff_post_init:Error in accessing storage
07-26 22:04:47.280   618   618 D QC-time-services: Daemon:genoff_pre_init::Base = 15
07-26 22:04:47.280   618   618 D QC-time-services: Daemon: Storage Name: ats_15 
07-26 22:04:47.280   618   618 D QC-time-services: Daemon:Opening File: /mnt/vendor/persist/time/ats_15 /data/vendor/time/ats_15
07-26 22:04:47.280   618   618 D QC-time-services: Daemon:time_persistent_memory_opr:Genoff Read operation 
07-26 22:04:47.280   618   618 D QC-time-services: Daemon:Open File: /mnt/vendor/persist/time/ats_15
07-26 22:04:47.280   618   618 D QC-time-services: Daemon:Unable to open filefor read
07-26 22:04:47.280   618   618 D QC-time-services: Daemon:genoff_post_init:Error in accessing storage
07-26 22:04:47.280   618   618 D QC-time-services: Daemon:genoff_pre_init::Base = 16
07-26 22:04:47.280   618   618 D QC-time-services: Daemon: Storage Name: ats_16 
07-26 22:04:47.280   618   618 D QC-time-services: Daemon:Opening File: /mnt/vendor/persist/time/ats_16 /data/vendor/time/ats_16
07-26 22:04:47.280   618   618 D QC-time-services: Daemon:time_persistent_memory_opr:Genoff Read operation 
07-26 22:04:47.280   618   618 D QC-time-services: Daemon:Open File: /mnt/vendor/persist/time/ats_16
07-26 22:04:47.281   618   618 D QC-time-services: Daemon:genoff_pre_init::Base = 17
07-26 22:04:47.281   618   618 D QC-time-services: Daemon: Storage Name: ats_17 
07-26 22:04:47.281   618   618 D QC-time-services: Daemon:Opening File: /mnt/vendor/persist/time/ats_17 /data/vendor/time/ats_17
07-26 22:04:47.281   618   618 D QC-time-services: Daemon:time_persistent_memory_opr:Genoff Read operation 
07-26 22:04:47.281   618   618 D QC-time-services: Daemon:Open File: /mnt/vendor/persist/time/ats_17
07-26 22:04:47.281   618   618 D QC-time-services: Daemon:Unable to open filefor read
07-26 22:04:47.281   618   618 D QC-time-services: Daemon:genoff_post_init:Error in accessing storage
07-26 22:04:47.281   618   618 D QC-time-services: Daemon:genoff_pre_init::Base = 18
07-26 22:04:47.281   618   618 D QC-time-services: Daemon: Storage Name: ats_18 
07-26 22:04:47.281   618   618 D QC-time-services: Daemon:Opening File: /mnt/vendor/persist/time/ats_18 /data/vendor/time/ats_18
07-26 22:04:47.281   618   618 D QC-time-services: Daemon:time_persistent_memory_opr:Genoff Read operation 
07-26 22:04:47.281   618   618 D QC-time-services: Daemon:Open File: /mnt/vendor/persist/time/ats_18
07-26 22:04:47.281   618   618 D QC-time-services: Daemon:Unable to open filefor read
07-26 22:04:47.281   618   618 D QC-time-services: Daemon:genoff_post_init:Error in accessing storage
07-26 22:04:47.281   618   618 D QC-time-services: Daemon:genoff_init_config: Other bases initilized, exiting genoff_init
07-26 22:04:47.282     0     0 I rtc-max31343 1-0068: read date/time raw! 0x21-07-27 02:04:47 W03
07-26 22:04:47.282   618   618 D QC-time-services: Daemon:rtc_get: Time read from RTC -- MM/DD/YY HH:MM:SS6/27/121 2:4:47
07-26 22:04:47.282     0     0 I rtc-max31343 1-0068: read date/time! 2021-07-27 02:04:47
07-26 22:04:47.282   618   618 D QC-time-services: Daemon rtc_get: seconds = 1627351487
07-26 22:04:47.282   618   618 D QC-time-services: Daemon:Value read from RTC mseconds = 1627351487000
07-26 22:04:47.282   618   618 D QC-time-services: Daemon:Value read from QTimer mseconds = 14145
07-26 22:04:47.283   618   618 D QC-time-services: Daemon:genoff_opr: Base = 1, val = 0, operation = 1
07-26 22:04:47.283   618   618 D QC-time-services: Daemon: genoff get for 1
07-26 22:04:47.283   618   618 D QC-time-services: Daemon:Value read from QTimer mseconds = 14145
07-26 22:04:47.283   618   618 D QC-time-services: Daemon:Value read from RTC mseconds on boot = 1627351487000
07-26 22:04:47.283   618   618 D QC-time-services: Daemon:Value read from QTimer mseconds = 14145
07-26 22:04:47.283   618   618 D QC-time-services: Daemon:Value read from generic offset = -51
07-26 22:04:47.283   618   618 D QC-time-services: Daemon:Delta read on boot mseconds = 1627351472855
07-26 22:04:47.283   618   618 D QC-time-services: Daemon:Final Time = 1627351486949
07-26 22:04:47.283   618   618 D QC-time-services: Daemon:genoff_boot_tod_init: Updating system time to sec=1627351486, usec=949000
07-26 22:04:47.810   625   625 I /system/bin/flags_health_check: ServerConfigurableFlagsReset reset_mode value: 0
07-26 22:04:47.810   625   625 I /system/bin/flags_health_check: ServerConfigurableFlagsReset attempted boot count is under threshold, skipping reset.
07-26 22:04:47.850   620   620 E OEM-FWUPDATE: [ite_fw_upgrade] failure.
07-26 22:04:47.850   620   620 I OEM-FWUPDATE: oem fw upgrade exit
07-26 22:04:47.885   621   621 I OEM-HPM : sysfs:path /sys/devices/platform/soc/soc:oem-ptdet/poe_status data absent
07-26 22:04:47.885   621   621 I OEM-HPM :  size 16
07-26 22:04:47.885   621   621 I OEM-HPM : handle_poe_status_change, poe_status is absent
07-26 22:04:47.885   621   621 I OEM-HPM : 
07-26 22:04:47.885   621   621 I OEM-HPM : handle_poe_status_change, power type is not POE
07-26 22:04:47.885   621   621 D OEM-HPM : 
07-26 22:04:47.886   621   621 I OEM-HPM : sysfs:path /sys/class/power_supply/usb/online data 0 size 1
07-26 22:04:47.886   621   621 I OEM-HPM : /sys/class/power_supply/usb/online is 0
07-26 22:04:47.886   621   621 I OEM-HPM : sysfs:path /sys/class/power_supply/pc_port/online data 0 size 1
07-26 22:04:47.886   621   621 I OEM-HPM : /sys/class/power_supply/pc_port/online is 0
07-26 22:04:47.886   621   621 I OEM-HPM : sysfs:path /sys/class/power_supply/ac/online data 1t
07-26 22:04:47.886   621   621 I OEM-HPM :  size 1
07-26 22:04:47.886   621   621 I OEM-HPM : /sys/class/power_supply/ac/online is 1
07-26 22:04:47.886   621   621 I OEM-HPM : USB power supply become online
07-26 22:04:47.887   621   621 E OEM-HPM : open sysfs fail: /sys/devices/platform/pos_stand/cfd_present: error: No such file or directory
07-26 22:04:47.887   621   621 E OEM-HPM : Read /sys/devices/platform/pos_stand/cfd_present failed
07-26 22:04:47.887   621   621 E OEM-HPM : open sysfs fail: /sys/devices/platform/pos_stand/present: error: No such file or directory
07-26 22:04:47.887   621   621 E OEM-HPM : Read /sys/devices/platform/pos_stand/present failed
07-26 22:04:47.887   621   621 E OEM-HPM : open sysfs fail: /sys/devices/platform/io_hub/present: error: No such file or directory
07-26 22:04:47.887   621   621 E OEM-HPM : Read /sys/devices/platform/io_hub/present failed
07-26 22:04:47.887   621   621 E OEM-HPM : open sysfs fail: /sys/devices/platform/pos_stand/flip_present: error: No such file or directory
07-26 22:04:47.887   621   621 E OEM-HPM : Read /sys/devices/platform/pos_stand/flip_present failed
07-26 22:04:47.977   630   630 I bootstat: Service started: /system/bin/bootstat --set_system_boot_reason 
07-26 22:04:47.978   630   630 I bootstat: Canonical boot reason: reboot
07-26 22:04:47.978   630   630 I bootstat: Canonical boot reason: reboot
07-26 22:04:48.033   627   627 I netdClient: Skipping libnetd_client init since *we* are netd
07-26 22:04:48.035   627   627 I netd    : netd 1.0 starting
07-26 22:04:48.049   627   627 I Netd    : Loaded resolver library from /apex/com.android.resolv/lib64/libnetd_resolv.so
07-26 22:04:48.117     0     0 I logd.daemon: reinit
07-26 22:04:48.220     0     0 I ptdet_get_poe_status: poe staus is 0
07-26 22:04:48.254     0     0 I update_verifier: Started with arg 1: nonencrypted
07-26 22:04:48.256     0     0 I update_verifier: Booting slot 0: isSlotMarkedSuccessful=0
07-26 22:04:48.256     0     0 E update_verifier: /data/ota_package/care_map.pb doesn't exist
07-26 22:04:48.256     0     0 W update_verifier: Failed to parse the care map file, skipping verification
07-26 22:04:48.257     0     0 I update_verifier: Deferred marking slot 0 as booted successfully.
07-26 22:04:48.257     0     0 I update_verifier: Leaving update_verifier.
07-26 22:04:48.275     0     0 I ueventd : firmware: loading 'cdsp.mdt' for '/devices/platform/soc/1a300000.qcom,turing/firmware/cdsp.mdt'
07-26 22:04:48.278     0     0 I ueventd : loading /devices/platform/soc/1a300000.qcom,turing/firmware/cdsp.mdt took 3ms
07-26 22:04:48.278     0     0 I subsys-pil-tz 1a300000.qcom,turing: cdsp: loading from 0x0000000094a00000 to 0x0000000095000000
07-26 22:04:48.293     0     0 I ueventd : firmware: loading 'cdsp.b02' for '/devices/platform/soc/1a300000.qcom,turing/firmware/cdsp.b02'
07-26 22:04:48.296     0     0 I ueventd : firmware: loading 'cdsp.b03' for '/devices/platform/soc/1a300000.qcom,turing/firmware/cdsp.b03'
07-26 22:04:48.296     0     0 I ueventd : loading /devices/platform/soc/1a300000.qcom,turing/firmware/cdsp.b02 took 2ms
07-26 22:04:48.299     0     0 I ueventd : loading /devices/platform/soc/1a300000.qcom,turing/firmware/cdsp.b03 took 2ms
07-26 22:04:48.299     0     0 I ueventd : firmware: loading 'cdsp.b04' for '/devices/platform/soc/1a300000.qcom,turing/firmware/cdsp.b04'
07-26 22:04:48.302     0     0 I ueventd : firmware: loading 'cdsp.b05' for '/devices/platform/soc/1a300000.qcom,turing/firmware/cdsp.b05'
07-26 22:04:48.304     0     0 I ueventd : firmware: loading 'cdsp.b06' for '/devices/platform/soc/1a300000.qcom,turing/firmware/cdsp.b06'
07-26 22:04:48.307     0     0 I ueventd : firmware: loading 'cdsp.b07' for '/devices/platform/soc/1a300000.qcom,turing/firmware/cdsp.b07'
07-26 22:04:48.328   647   647 I BOOT    : MSM target '', SoC 'QRD', HwID '324', SoC ver '65536'
07-26 22:04:48.344     0     0 I subsys-pil-tz 1a300000.qcom,turing: cdsp: Brought out of reset
07-26 22:04:48.347   648   648 W DRM_BOOT: file: '/sys/module/drm/parameters/vblankoffdelay' or perms doesn't exist
07-26 22:04:48.352     0     0 I subsys-pil-tz 1a300000.qcom,turing: cdsp: Power/Clock ready interrupt received
07-26 22:04:48.353     0     0 I subsys-pil-tz 1a300000.qcom,turing: Subsystem error monitoring/handling services are up
07-26 22:04:48.354     0     0 E pmic_analog_codec 800f000.qcom,spmi: qcom,pm660l@3:anlg-cdc@f000: Adsp is not loaded yet 0
07-26 22:04:48.355     0     0 E msm_sdw_codec 152c1000.msm-sdw-codec: Adsp is not loaded yet 0
07-26 22:04:48.355     0     0 E pmic_analog_codec 800f000.qcom,spmi: qcom,pm660l@3:anlg-cdc@f000: Adsp is not loaded yet 0
07-26 22:04:48.358     0     0 I adsprpc : fastrpc_rpmsg_probe: opened rpmsg channel for cdsp
07-26 22:04:48.360     0     0 E msm_sdw_codec 152c1000.msm-sdw-codec: Adsp is not loaded yet 0
07-26 22:04:48.361     0     0 E pmic_analog_codec 800f000.qcom,spmi: qcom,pm660l@3:anlg-cdc@f000: Adsp is not loaded yet 0
07-26 22:04:48.409     0     0 I oem-init: ro.persistent_properties.ready: true
07-26 22:04:48.409     0     0 I oem-init: sysfs:path sys/devices/soc0/project_id data 44 size 4
07-26 22:04:48.409     0     0 I oem-init: set_customba_prop project_id: 44
07-26 22:04:48.409     0     0 I oem-init: project_id: 44
07-26 22:04:48.409     0     0 I oem-init: feature is: eth-PoE-GSen-DuSpk-GPIO-AdbMux-eRTC-Key2-dmic-SD-exPD
07-26 22:04:48.409     0     0 I oem-init: [item :]precast, [flag :]0
07-26 22:04:48.409     0     0 I oem-init: precast_flag: 0
07-26 22:04:48.456     0     0 E         : can't get fw name.
07-26 22:04:48.456     0     0 E sensors-ssc soc: qcom,msm-ssc-sensors: slpi_load_fw: SLPI image loading failed
07-26 22:04:48.539     0     0 I oem-init: precast prop set to 0
07-26 22:04:48.539     0     0 I oem-init: [item :]ctsmode, [flag :]0
07-26 22:04:48.539     0     0 I oem-init: cts_flag: 0
07-26 22:04:48.574   628   628 D AndroidRuntime: >>>>>> START com.android.internal.os.ZygoteInit uid 0 <<<<<<
07-26 22:04:48.574   628   628 I boot_progress_start: 11560
07-26 22:04:48.622   628   628 I AndroidRuntime: Using default boot image
07-26 22:04:48.622   628   628 I AndroidRuntime: Leaving lock profiling enabled
07-26 22:04:48.624   629   629 D AndroidRuntime: >>>>>> START com.android.internal.os.ZygoteInit uid 0 <<<<<<
07-26 22:04:48.630   628   628 I zygote64: option[0]=-Xzygote
07-26 22:04:48.630   628   628 I zygote64: option[1]=exit
07-26 22:04:48.630   628   628 I zygote64: option[2]=vfprintf
07-26 22:04:48.630   628   628 I zygote64: option[3]=sensitiveThread
07-26 22:04:48.630   628   628 I zygote64: option[4]=-verbose:gc
07-26 22:04:48.630   628   628 I zygote64: option[5]=-Xms8m
07-26 22:04:48.630   628   628 I zygote64: option[6]=-Xmx512m
07-26 22:04:48.630   628   628 I zygote64: option[7]=-XX:HeapGrowthLimit=256m
07-26 22:04:48.630   628   628 I zygote64: option[8]=-XX:HeapMinFree=512k
07-26 22:04:48.630   628   628 I zygote64: option[9]=-XX:HeapMaxFree=8m
07-26 22:04:48.630   628   628 I zygote64: option[10]=-XX:HeapTargetUtilization=0.75
07-26 22:04:48.630   628   628 I zygote64: option[11]=-Xusejit:true
07-26 22:04:48.630   628   628 I zygote64: option[12]=-Xjitsaveprofilinginfo
07-26 22:04:48.630   628   628 I zygote64: option[13]=-XjdwpOptions:suspend=n,server=y
07-26 22:04:48.630   628   628 I zygote64: option[14]=-XjdwpProvider:default
07-26 22:04:48.630   628   628 I zygote64: option[15]=-Xlockprofthreshold:500
07-26 22:04:48.630   628   628 I zygote64: option[16]=-Ximage-compiler-option
07-26 22:04:48.630   628   628 I zygote64: option[17]=--runtime-arg
07-26 22:04:48.630   628   628 I zygote64: option[18]=-Ximage-compiler-option
07-26 22:04:48.630   628   628 I zygote64: option[19]=-Xms64m
07-26 22:04:48.630   628   628 I zygote64: option[20]=-Ximage-compiler-option
07-26 22:04:48.630   628   628 I zygote64: option[21]=--runtime-arg
07-26 22:04:48.630   628   628 I zygote64: option[22]=-Ximage-compiler-option
07-26 22:04:48.630   628   628 I zygote64: option[23]=-Xmx64m
07-26 22:04:48.630   628   628 I zygote64: option[24]=-Ximage-compiler-option
07-26 22:04:48.630   628   628 I zygote64: option[25]=--profile-file=/system/etc/boot-image.prof
07-26 22:04:48.630   628   628 I zygote64: option[26]=-Ximage-compiler-option
07-26 22:04:48.630   628   628 I zygote64: option[27]=--compiler-filter=speed-profile
07-26 22:04:48.630   628   628 I zygote64: option[28]=-Xcompiler-option
07-26 22:04:48.630   628   628 I zygote64: option[29]=--runtime-arg
07-26 22:04:48.630   628   628 I zygote64: option[30]=-Xcompiler-option
07-26 22:04:48.630   628   628 I zygote64: option[31]=-Xms64m
07-26 22:04:48.630   628   628 I zygote64: option[32]=-Xcompiler-option
07-26 22:04:48.630   628   628 I zygote64: option[33]=--runtime-arg
07-26 22:04:48.630   628   628 I zygote64: option[34]=-Xcompiler-option
07-26 22:04:48.630   628   628 I zygote64: option[35]=-Xmx512m
07-26 22:04:48.630   628   628 I zygote64: option[36]=-Ximage-compiler-option
07-26 22:04:48.630   628   628 I zygote64: option[37]=--instruction-set-variant=generic
07-26 22:04:48.630   628   628 I zygote64: option[38]=-Xcompiler-option
07-26 22:04:48.630   628   628 I zygote64: option[39]=--instruction-set-variant=generic
07-26 22:04:48.630   628   628 I zygote64: option[40]=-Ximage-compiler-option
07-26 22:04:48.630   628   628 I zygote64: option[41]=--instruction-set-features=default
07-26 22:04:48.630   628   628 I zygote64: option[42]=-Xcompiler-option
07-26 22:04:48.630   628   628 I zygote64: option[43]=--instruction-set-features=default
07-26 22:04:48.630   628   628 I zygote64: option[44]=-Duser.locale=en-US
07-26 22:04:48.630   628   628 I zygote64: option[45]=--cpu-abilist=arm64-v8a
07-26 22:04:48.630   628   628 I zygote64: option[46]=-Xcompiler-option
07-26 22:04:48.630   628   628 I zygote64: option[47]=--generate-mini-debug-info
07-26 22:04:48.630   628   628 I zygote64: option[48]=-Xcore-platform-api-policy:just-warn
07-26 22:04:48.630   628   628 I zygote64: option[49]=-Xfingerprint:Elo/15in-I-Series-4_E8MP/15in-I-Series-4:10/QKQ1.201112.002/eng.youkai.20210727.011002:userdebug/debug,release-keys
07-26 22:04:48.644   628   628 I zygote64: Core platform API reporting enabled, enforcing=false
07-26 22:04:48.666   629   629 I AndroidRuntime: Using default boot image
07-26 22:04:48.666   629   629 I AndroidRuntime: Leaving lock profiling enabled
07-26 22:04:48.673   629   629 I zygote  : option[0]=-Xzygote
07-26 22:04:48.673   629   629 I zygote  : option[1]=exit
07-26 22:04:48.673   629   629 I zygote  : option[2]=vfprintf
07-26 22:04:48.673   629   629 I zygote  : option[3]=sensitiveThread
07-26 22:04:48.673   629   629 I zygote  : option[4]=-verbose:gc
07-26 22:04:48.673   629   629 I zygote  : option[5]=-Xms8m
07-26 22:04:48.673   629   629 I zygote  : option[6]=-Xmx512m
07-26 22:04:48.673   629   629 I zygote  : option[7]=-XX:HeapGrowthLimit=256m
07-26 22:04:48.673   629   629 I zygote  : option[8]=-XX:HeapMinFree=512k
07-26 22:04:48.673   629   629 I zygote  : option[9]=-XX:HeapMaxFree=8m
07-26 22:04:48.673   629   629 I zygote  : option[10]=-XX:HeapTargetUtilization=0.75
07-26 22:04:48.673   629   629 I zygote  : option[11]=-Xusejit:true
07-26 22:04:48.673   629   629 I zygote  : option[12]=-Xjitsaveprofilinginfo
07-26 22:04:48.673   629   629 I zygote  : option[13]=-XjdwpOptions:suspend=n,server=y
07-26 22:04:48.673   629   629 I zygote  : option[14]=-XjdwpProvider:default
07-26 22:04:48.673   629   629 I zygote  : option[15]=-Xlockprofthreshold:500
07-26 22:04:48.673   629   629 I zygote  : option[16]=-Ximage-compiler-option
07-26 22:04:48.673   629   629 I zygote  : option[17]=--runtime-arg
07-26 22:04:48.673   629   629 I zygote  : option[18]=-Ximage-compiler-option
07-26 22:04:48.673   629   629 I zygote  : option[19]=-Xms64m
07-26 22:04:48.673   629   629 I zygote  : option[20]=-Ximage-compiler-option
07-26 22:04:48.673   629   629 I zygote  : option[21]=--runtime-arg
07-26 22:04:48.673   629   629 I zygote  : option[22]=-Ximage-compiler-option
07-26 22:04:48.673   629   629 I zygote  : option[23]=-Xmx64m
07-26 22:04:48.673   629   629 I zygote  : option[24]=-Ximage-compiler-option
07-26 22:04:48.673   629   629 I zygote  : option[25]=--profile-file=/system/etc/boot-image.prof
07-26 22:04:48.673   629   629 I zygote  : option[26]=-Ximage-compiler-option
07-26 22:04:48.673   629   629 I zygote  : option[27]=--compiler-filter=speed-profile
07-26 22:04:48.673   629   629 I zygote  : option[28]=-Xcompiler-option
07-26 22:04:48.673   629   629 I zygote  : option[29]=--runtime-arg
07-26 22:04:48.673   629   629 I zygote  : option[30]=-Xcompiler-option
07-26 22:04:48.673   629   629 I zygote  : option[31]=-Xms64m
07-26 22:04:48.673   629   629 I zygote  : option[32]=-Xcompiler-option
07-26 22:04:48.673   629   629 I zygote  : option[33]=--runtime-arg
07-26 22:04:48.673   629   629 I zygote  : option[34]=-Xcompiler-option
07-26 22:04:48.673   629   629 I zygote  : option[35]=-Xmx512m
07-26 22:04:48.673   629   629 I zygote  : option[36]=-Ximage-compiler-option
07-26 22:04:48.673   629   629 I zygote  : option[37]=--instruction-set-variant=cortex-a73
07-26 22:04:48.673   629   629 I zygote  : option[38]=-Xcompiler-option
07-26 22:04:48.673   629   629 I zygote  : option[39]=--instruction-set-variant=cortex-a73
07-26 22:04:48.673   629   629 I zygote  : option[40]=-Ximage-compiler-option
07-26 22:04:48.673   629   629 I zygote  : option[41]=--instruction-set-features=default
07-26 22:04:48.673   629   629 I zygote  : option[42]=-Xcompiler-option
07-26 22:04:48.673   629   629 I zygote  : option[43]=--instruction-set-features=default
07-26 22:04:48.673   629   629 I zygote  : option[44]=-Duser.locale=en-US
07-26 22:04:48.673   629   629 I zygote  : option[45]=--cpu-abilist=armeabi-v7a,armeabi
07-26 22:04:48.673   629   629 I zygote  : option[46]=-Xcompiler-option
07-26 22:04:48.673   629   629 I zygote  : option[47]=--generate-mini-debug-info
07-26 22:04:48.673   629   629 I zygote  : option[48]=-Xcore-platform-api-policy:just-warn
07-26 22:04:48.673   629   629 I zygote  : option[49]=-Xfingerprint:Elo/15in-I-Series-4_E8MP/15in-I-Series-4:10/QKQ1.201112.002/eng.youkai.20210727.011002:userdebug/debug,release-keys
07-26 22:04:48.679   629   629 I zygote  : Core platform API reporting enabled, enforcing=false
07-26 22:04:48.819   669   669 I ServiceManagement: Registered android.hidl.allocator@1.0::IAllocator/ashmem (start delay of 35ms)
07-26 22:04:48.819   669   669 I ServiceManagement: Removing namespace from process name android.hidl.allocator@1.0-service to allocator@1.0-service.
07-26 22:04:48.826     0     0 W oem_init: 32 output lines suppressed due to ratelimiting
07-26 22:04:48.863   670   670 I ServiceManagement: Registered android.system.suspend@1.0::ISystemSuspend/default (start delay of 78ms)
07-26 22:04:48.863   670   670 I ServiceManagement: Removing namespace from process name android.system.suspend@1.0-service to suspend@1.0-service.
07-26 22:04:48.881   671   671 I android.hardware.bluetooth@1.0-service: vendorEnhancedInfo: 3
07-26 22:04:48.881   671   671 I android.hardware.bluetooth@1.0-service: isVendorEnhancedFramework: 1
07-26 22:04:48.881   671   671 I android.hardware.bluetooth@1.0-service: Registering BT Service
07-26 22:04:48.897   680   680 E light   : light_open lights keyboard failed: -22
07-26 22:04:48.897   680   680 E light   : Light passthrough failed to load legacy HAL.
07-26 22:04:48.897   680   680 E light   : light_open lights buttons failed: -22
07-26 22:04:48.897   680   680 E light   : Light passthrough failed to load legacy HAL.
07-26 22:04:48.899   680   680 E light   : light_open lights bluetooth failed: -22
07-26 22:04:48.899   680   680 E light   : Light passthrough failed to load legacy HAL.
07-26 22:04:48.900   680   680 E light   : light_open lights wifi failed: -22
07-26 22:04:48.900   680   680 E light   : Light passthrough failed to load legacy HAL.
07-26 22:04:48.903   680   680 I ServiceManagement: Registered android.hardware.light@2.0::ILight/default (start delay of 89ms)
07-26 22:04:48.905   680   680 I ServiceManagement: Removing namespace from process name android.hardware.light@2.0-service to light@2.0-service.
07-26 22:04:48.905   680   680 I         : Registration complete for android.hardware.light@2.0::ILight/default.
07-26 22:04:48.917   679   679 I health@2.0/: health@2.0/default: Hal starting main loop...
07-26 22:04:48.918   679   679 I health@2.0/: health@2.0/default Hal is starting up...
07-26 22:04:48.919   686   686 I ServiceManagement: Registered android.hardware.usb@1.0::IUsb/default (start delay of 84ms)
07-26 22:04:48.919   686   686 I ServiceManagement: Removing namespace from process name android.hardware.usb@1.0-service to usb@1.0-service.
07-26 22:04:48.919   686   686 I android.hardware.usb@1.0-service: USB HAL Ready.
07-26 22:04:48.921   679   679 I ServiceManagement: Registered android.hardware.health@2.0::IHealth/default (start delay of 107ms)
07-26 22:04:48.921   679   679 I ServiceManagement: Removing namespace from process name android.hardware.health@2.0-service to health@2.0-service.
07-26 22:04:48.921   679   679 I health@2.0/: health@2.0/default: Hal init done
07-26 22:04:48.922     0     0 W healthd : battery none chg=a
07-26 22:04:48.930   681   681 I ServiceManagement: Registered android.hardware.memtrack@1.0::IMemtrack/default (start delay of 106ms)
07-26 22:04:48.931   681   681 I ServiceManagement: Removing namespace from process name android.hardware.memtrack@1.0-service to memtrack@1.0-service.
07-26 22:04:48.931   681   681 I android.hardware.memtrack@1.0-service: Registration complete for android.hardware.memtrack@1.0::IMemtrack/default.
07-26 22:04:48.935   675   675 I chatty  : uid=1013(media) /vendor/bin/hw/android.hardware.drm@1.0-service expire 6 lines
07-26 22:04:48.950   671   671 I ServiceManagement: Registered android.hardware.bluetooth@1.0::IBluetoothHci/default (start delay of 156ms)
07-26 22:04:48.950   671   671 I ServiceManagement: Removing namespace from process name android.hardware.bluetooth@1.0-service-qti to bluetooth@1.0-service-qti.
07-26 22:04:48.951   671   671 I         : Registration complete for android.hardware.bluetooth@1.0::IBluetoothHci/default.
07-26 22:04:48.951   671   671 I android.hardware.bluetooth@1.0-service: Registering ANT Service
07-26 22:04:48.953   695   695 D hal-OemUsbConfig: OemUsbConfig hal start
07-26 22:04:48.956   693   693 I OEMPowerUtil: initialize().
07-26 22:04:48.965   695   695 I ServiceManagement: Registered vendor.elo.hardware.oemusbconfig@1.0::IOemUsbConfig/default (start delay of 101ms)
07-26 22:04:48.965   695   695 I ServiceManagement: Removing namespace from process name vendor.elo.hardware.oemusbconfig@1.0-service to oemusbconfig@1.0-service.
07-26 22:04:48.970   673   673 I chatty  : uid=1013(media) /vendor/bin/hw/android.hardware.cas@1.1-service expire 2 lines
07-26 22:04:48.970   708   708 I chatty  : uid=0(root) /vendor/bin/irsc_util expire 3 lines
07-26 22:04:48.972   671   671 I ServiceManagement: Registered com.qualcomm.qti.ant@1.0::IAntHci/default (start delay of 178ms)
07-26 22:04:48.972   671   671 I         : Registration complete for com.qualcomm.qti.ant@1.0::IAntHci/default.
07-26 22:04:48.972   671   671 I android.hardware.bluetooth@1.0-service: Registering SAR service
07-26 22:04:48.977   691   691 E OEMLIGHT: OemLight Hal start
07-26 22:04:48.977   691   691 E OEMLIGHT: power LED not support
07-26 22:04:48.977   691   691 E OEMLIGHT: function LED not support
07-26 22:04:48.987   708   708 E irsc_util: irsc_feed_config: Security config ioctl failed
07-26 22:04:48.988   685   685 I auditd  : type=1400 audit(0.0:8): avc: denied { read } for comm="android.hardwar" name="pa" dev="sysfs" ino=32070 scontext=u:r:hal_tv_cec_default:s0 tcontext=u:object_r:sysfs:s0 tclass=file permissive=0
07-26 22:04:48.988   685   685 W android.hardwar: type=1400 audit(0.0:8): avc: denied { read } for name="pa" dev="sysfs" ino=32070 scontext=u:r:hal_tv_cec_default:s0 tcontext=u:object_r:sysfs:s0 tclass=file permissive=0
07-26 22:04:48.997   691   691 I ServiceManagement: Registered vendor.elo.hardware.oemlight@1.0::IOemLight/default (start delay of 153ms)
07-26 22:04:48.998   691   691 I ServiceManagement: Removing namespace from process name vendor.elo.hardware.oemlight@1.0-service to oemlight@1.0-service.
07-26 22:04:48.998   496   496 I hwservicemanager: getTransport: Cannot find entry android.hardware.gnss@2.0::IGnss/default in either framework or device manifest.
07-26 22:04:48.999   689   689 I ServiceManagement: Registered vendor.elo.hardware.oemkeys@1.0::IOemKeys/default (start delay of 155ms)
07-26 22:04:49.000   689   689 I ServiceManagement: Removing namespace from process name vendor.elo.hardware.oemkeys@1.0-service to oemkeys@1.0-service.
07-26 22:04:49.000   618   623 E QMI_FW  : ctrl_msg_reader_thread: control thread received ENETRESET 102
07-26 22:04:49.000   618   618 E QMI_FW  : xport_lookup: No RX for lookup -1
07-26 22:04:49.001   618   618 D QC-time-services: Daemon:genoff_modem_qmi_init: Initializing QMI 
07-26 22:04:49.001   685   685 E qdhdmi_cec: write_node: Failed to access path: /sys/devices/virtual/graphics/fb1/cec/logical_addr error: No such file or directory
07-26 22:04:49.001   685   685 E qdhdmi_cec: write_node: Failed to access path: /sys/devices/virtual/graphics/fb1/cec/enable error: No such file or directory
07-26 22:04:49.001   685   685 E qdhdmi_cec: cec_enable: Failed to toggle CEC: enable: 1
07-26 22:04:49.001   685   685 D qdhdmi_cec: cec_init_context: CEC enabled
07-26 22:04:49.001   685   685 E qdhdmi_cec: Node open failed for display 1 event cec/rd_msg error No such file or directory
07-26 22:04:49.001   685   685 E qdhdmi_cec: Failed to set poll event parameters
07-26 22:04:49.001   685   685 E qdhdmi_cec: Failed to populate poll parameters for monitoring HDMI CEC events. Exiting.
07-26 22:04:49.001   685   685 E qdhdmi_cec: write_node: Failed to access path: /sys/devices/virtual/graphics/fb1/cec/enable error: No such file or directory
07-26 22:04:49.001   685   685 E qdhdmi_cec: cec_enable: Failed to toggle CEC: enable: 0
07-26 22:04:49.002   671   671 E vendor.qti.hardware.bluetooth_sar@1.0-BluetoothSar: HIDL_FETCH_IBluetoothSar
07-26 22:04:49.002   705   705 D         : tui_comm: svc service starting :)
07-26 22:04:49.010   672   672 I android.hardware.camera.provider@2.4-service: CameraProvider@2.4 legacy service is starting.
07-26 22:04:49.010   694   694 I ServiceManagement: Registered vendor.elo.hardware.oemuinput@1.0::IOemUinput/default (start delay of 156ms)
07-26 22:04:49.011   694   694 I ServiceManagement: Removing namespace from process name vendor.elo.hardware.oemuinput@1.0-service to oemuinput@1.0-service.
07-26 22:04:49.013   693   693 I ServiceManagement: Registered vendor.elo.hardware.oempowersave@1.0::IOemPowerSave/default (start delay of 159ms)
07-26 22:04:49.013   693   693 I ServiceManagement: Removing namespace from process name vendor.elo.hardware.oempowersave@1.0-service to oempowersave@1.0-service.
07-26 22:04:49.016   703   703 I ServiceManagement: Registered vendor.qti.hardware.servicetracker@1.0::IServicetracker/default (start delay of 121ms)
07-26 22:04:49.016   703   703 I ServiceManagement: Removing namespace from process name vendor.qti.hardware.servicetracker@1.0-service to servicetracker@1.0-service.
07-26 22:04:49.016   703   703 I         : Registration complete for vendor.qti.hardware.servicetracker@1.0::IServicetracker/default.
07-26 22:04:49.017   685   685 I ServiceManagement: Registered android.hardware.tv.cec@1.0::IHdmiCec/default (start delay of 183ms)
07-26 22:04:49.017   685   685 I ServiceManagement: Removing namespace from process name android.hardware.tv.cec@1.0-service to cec@1.0-service.
07-26 22:04:49.017   685   685 I android.hardware.tv.cec@1.0-service: Registration complete for android.hardware.tv.cec@1.0::IHdmiCec/default.
07-26 22:04:49.018   671   671 I ServiceManagement: Registered vendor.qti.hardware.bluetooth_sar@1.0::IBluetoothSar/default (start delay of 224ms)
07-26 22:04:49.018   671   671 I         : Registration complete for vendor.qti.hardware.bluetooth_sar@1.0::IBluetoothSar/default.
07-26 22:04:49.018   671   671 I android.hardware.bluetooth@1.0-service: Registering BT Config store Service
07-26 22:04:49.019     0     0 E rmt_storage: INFO:check_support_using_libmdm: Modem subsystem found on target!
07-26 22:04:49.020   722   722 I vendor.rmt_storage: Modem subsystem found on target!
07-26 22:04:49.020   710   710 I PerMgrSrv: Adding entry for modem : offTimeout : 500 ackTimeout : 200
07-26 22:04:49.020   722   722 I vendor.rmt_storage: Shared memory initialised successfully.
07-26 22:04:49.020   722   722 I vendor.rmt_storage: Registering modemst1: 0x4a /boot/modem_fs1
07-26 22:04:49.020   722   722 I vendor.rmt_storage: Registering modemst2: 0x4b /boot/modem_fs2
07-26 22:04:49.020   722   722 I vendor.rmt_storage: Registering fsc: 0xff /boot/modem_fsc
07-26 22:04:49.021   722   722 I vendor.rmt_storage: Registering fsg: 0x58 /boot/modem_fsg
07-26 22:04:49.021   722   722 I vendor.rmt_storage: 4 GPT partitions found
07-26 22:04:49.021   722   722 I vendor.rmt_storage: Capset success!
07-26 22:04:49.021     0     0 E rmt_storage: INFO:main: Done with init now waiting for messages!
07-26 22:04:49.022   682   682 I QTI PowerHAL: Initing
07-26 22:04:49.023   682   682 I ServiceManagement: Registered android.hardware.power@1.0::IPower/default (start delay of 199ms)
07-26 22:04:49.024   682   682 I ServiceManagement: Removing namespace from process name android.hardware.power@1.0-service to power@1.0-service.
07-26 22:04:49.024   682   682 I android.hardware.power@1.0-service: Registration complete for android.hardware.power@1.0::IPower/default.
07-26 22:04:49.025   696   696 D vendor.qti.esepowermanager@1.0-service: loading eseservice
07-26 22:04:49.025   696   696 D QSEECOMAPI: QSEECom_get_handle sb_length = 0x400
07-26 22:04:49.025   696   696 D QSEECOMAPI: App is not loaded in QSEE
07-26 22:04:49.025   696   696 E QSEECOMAPI: Error::Cannot open the file /vendor/firmware_mnt/image/eseservice.mdt errno = 2
07-26 22:04:49.025   696   696 E QSEECOMAPI: Error::Loading image failed with ret = -1
07-26 22:04:49.025   696   696 D vendor.qti.esepowermanager@1.0-service: loading eseservice failed
07-26 22:04:49.025   696   696 D vendor.qti.esepowermanager@1.0-service: eSEPowerManager is starting
07-26 22:04:49.025   705   705 I ServiceManagement: Registered vendor.qti.hardware.tui_comm@1.0::ITuiComm/default (start delay of 121ms)
07-26 22:04:49.026   705   705 I ServiceManagement: Removing namespace from process name vendor.qti.hardware.tui_comm@1.0-service-qti to tui_comm@1.0-service-qti.
07-26 22:04:49.026   705   705 E         : Registered ITuiComm HAL service success!
07-26 22:04:49.027   699   699 D         : QdutilsDisp: svc service starting :)
07-26 22:04:49.027     0     0 I sysmon-qmi: ssctl_new_server: Connection established between QMI handle and adsp's SSCTL service
07-26 22:04:49.029   718   718 W logd2   : Should set uid/gid from root to system
07-26 22:04:49.029   718   718 W logd2   : waiting client connection
07-26 22:04:49.030   699   699 I ServiceManagement: Registered vendor.qti.hardware.qdutils_disp@1.0::IQdutilsDisp/default (start delay of 156ms)
07-26 22:04:49.030   699   699 I ServiceManagement: Removing namespace from process name vendor.qti.hardware.qdutils_disp@1.0-service-qti to qdutils_disp@1.0-service-qti.
07-26 22:04:49.030   699   699 E         : Registered IQdutilsDisp HAL service success!
07-26 22:04:49.030   618   733 D QC-time-services: Daemon: Time-services: All initializations done
07-26 22:04:49.030   618   733 E QC-time-services: Daemon: Time-services: Waiting to acceptconnection
07-26 22:04:49.031     0     0 E diag    : In diag_send_feature_mask_update, control channel is not open, p: 5, 00000000bfe13bcf
07-26 22:04:49.033   688   688 I ServiceManagement: Registered vendor.display.color@1.0::IDisplayColor/default (start delay of 189ms)
07-26 22:04:49.033   688   688 I ServiceManagement: Removing namespace from process name vendor.display.color@1.0-service to color@1.0-service.
07-26 22:04:49.035   688   688 I ServiceManagement: Registered vendor.display.postproc@1.0::IDisplayPostproc/default (start delay of 190ms)
07-26 22:04:49.036     0     0 E diag    : In diag_send_peripheral_buffering_mode, buffering flag not set for 5
07-26 22:04:49.037   684   684 I ServiceManagement: Registered android.hardware.thermal@1.0::IThermal/default (start delay of 213ms)
07-26 22:04:49.038   684   684 I ServiceManagement: Removing namespace from process name android.hardware.thermal@1.0-service to thermal@1.0-service.
07-26 22:04:49.038   684   684 I android.hardware.thermal@1.0-service: Registration complete for android.hardware.thermal@1.0::IThermal/default.
07-26 22:04:49.043   704   704 D QSEECOMAPI: QSEECom_get_handle sb_length = 0x2800
07-26 22:04:49.043   704   704 D QSEECOMAPI: App is not loaded in QSEE
07-26 22:04:49.047   700   700 I ServiceManagement: Registered vendor.qti.hardware.qteeconnector@1.0::IAppConnector/default (start delay of 172ms)
07-26 22:04:49.047   700   700 I ServiceManagement: Removing namespace from process name vendor.qti.hardware.qteeconnector@1.0-service to qteeconnector@1.0-service.
07-26 22:04:49.049   696   696 I ServiceManagement: Registered vendor.qti.esepowermanager@1.0::IEsePowerManager/default (start delay of 184ms)
07-26 22:04:49.049   696   696 I ServiceManagement: Removing namespace from process name vendor.qti.esepowermanager@1.0-service to esepowermanager@1.0-service.
07-26 22:04:49.049   696   696 I vendor.qti.esepowermanager@1.0-service: Registration complete for vendor.qti.esepowermanager@1.0::IEsePowerManager/default.
07-26 22:04:49.050   671   671 I ServiceManagement: Registered vendor.qti.hardware.btconfigstore@1.0::IBTConfigStore/default (start delay of 256ms)
07-26 22:04:49.050   671   671 I         : Registration complete for vendor.qti.hardware.btconfigstore@1.0::IBTConfigStore/default.
07-26 22:04:49.051   677   677 I ServiceManagement: Registered android.hardware.graphics.allocator@2.0::IAllocator/default (start delay of 246ms)
07-26 22:04:49.051   677   677 I ServiceManagement: Removing namespace from process name android.hardware.graphics.allocator@2.0-service to allocator@2.0-service.
07-26 22:04:49.051   677   677 I android.hardware.graphics.allocator@2.0-service: Registration complete for android.hardware.graphics.allocator@2.0::IAllocator/default.
07-26 22:04:49.052   721   721 I qpart-server: *** Starting Qpart Server *** 
07-26 22:04:49.052   721   721 I qpart-server: sizeof(T_Socket_Packet):40
07-26 22:04:49.052   721   721 I qpart-server: SOCKET_PKT_HEADER_LEN:40
07-26 22:04:49.052   721   721 I qpart-server: init all signals
07-26 22:04:49.052   721   721 I qpart-server: waiting client connection
07-26 22:04:49.052   700   700 I ServiceManagement: Registered vendor.qti.hardware.qteeconnector@1.0::IGPAppConnector/default (start delay of 178ms)
07-26 22:04:49.052   700   700 I ServiceManagement: Removing namespace from process name vendor.qti.hardware.qteeconnector@1.0-service to qteeconnector@1.0-service.
07-26 22:04:49.057   704   704 D QSEECOMAPI: app_arch = 2, total_files = 9
07-26 22:04:49.057   704   704 E ion     : ioctl c0044901 failed with code -1: Not a typewriter
07-26 22:04:49.064   676   676 D gps_ql  : get android version:29
07-26 22:04:49.065   710   710 I PerMgrSrv: Peripheral Mananager service start
07-26 22:04:49.065   710   710 I PerMgrSrv: power-off timeout 500,ms; event-ack timeout 200,ms; debug-mode false
07-26 22:04:49.065   710   710 I PerMgrSrv: Statistics for : modem
07-26 22:04:49.065   710   710 I PerMgrSrv: modem: Current State : is off-line
07-26 22:04:49.065   710   710 I PerMgrSrv: modem: Voter/Listener count : 0/0
