05-06 01:18:35.259   918  1445 I MediaCodecsXmlParser: limit: block-size = 16x16
05-06 01:18:35.259   918  1445 I MediaCodecsXmlParser: limit: blocks-per-second-range = 1-40500
05-06 01:18:35.259   918  1445 I MediaCodecsXmlParser: limit: bitrate-range = 1-2000000
05-06 01:18:35.259   918  1445 I MediaCodecsXmlParser: limit: feature-adaptive-playback = 0
05-06 01:18:35.259   918  1445 I MediaCodecsXmlParser: limit: max-concurrent-instances = 16
05-06 01:18:35.259   918  1445 I MediaCodecsXmlParser: limit: performance-point-720x480-range = 30-30
05-06 01:18:35.259   918  1445 I MediaCodecsXmlParser: limit: size-range = 64x64-1920x1088
05-06 01:18:35.259   918  1445 I MediaCodecsXmlParser: limit: alignment = 2x2
05-06 01:18:35.259   918  1445 I MediaCodecsXmlParser: limit: block-size = 16x16
05-06 01:18:35.260   918  1445 I MediaCodecsXmlParser: limit: blocks-per-second-range = 1-244800
05-06 01:18:35.260   918  1445 I MediaCodecsXmlParser: limit: bitrate-range = 1-10000000
05-06 01:18:35.260   918  1445 I MediaCodecsXmlParser: limit: feature-adaptive-playback = 0
05-06 01:18:35.260   918  1445 I MediaCodecsXmlParser: limit: max-concurrent-instances = 16
05-06 01:18:35.260   918  1445 I MediaCodecsXmlParser: limit: performance-point-1920x1088-range = 30-30
05-06 01:18:35.260   918  1445 I MediaCodecsXmlParser: limit: size-range = 64x64-3840x2160
05-06 01:18:35.260   918  1445 I MediaCodecsXmlParser: limit: alignment = 2x2
05-06 01:18:35.260   918  1445 I MediaCodecsXmlParser: limit: block-size = 16x16
05-06 01:18:35.260   918  1445 I MediaCodecsXmlParser: limit: blocks-per-second-range = 1-972000
05-06 01:18:35.260   918  1445 I MediaCodecsXmlParser: limit: bitrate-range = 1-100000000
05-06 01:18:35.260   918  1445 I MediaCodecsXmlParser: limit: feature-adaptive-playback = 0
05-06 01:18:35.260   918  1445 I MediaCodecsXmlParser: limit: max-concurrent-instances = 16
05-06 01:18:35.260   918  1445 I MediaCodecsXmlParser: limit: performance-point-3840x2160-range = 30-30
05-06 01:18:35.260   918  1445 I MediaCodecsXmlParser: limit: size-range = 64x64-3840x2160
05-06 01:18:35.260   918  1445 I MediaCodecsXmlParser: limit: alignment = 2x2
05-06 01:18:35.260   918  1445 I MediaCodecsXmlParser: limit: block-size = 16x16
05-06 01:18:35.260   918  1445 I MediaCodecsXmlParser: limit: blocks-per-second-range = 1-972000
05-06 01:18:35.260   918  1445 I MediaCodecsXmlParser: limit: bitrate-range = 1-100000000
05-06 01:18:35.260   918  1445 I MediaCodecsXmlParser: limit: feature-adaptive-playback = 0
05-06 01:18:35.260   918  1445 I MediaCodecsXmlParser: limit: max-concurrent-instances = 16
05-06 01:18:35.260   918  1445 I MediaCodecsXmlParser: limit: performance-point-3840x2160-range = 30-30
05-06 01:18:35.260   918  1445 I MediaCodecsXmlParser: limit: size-range = 64x64-3840x2160
05-06 01:18:35.260   918  1445 I MediaCodecsXmlParser: limit: alignment = 2x2
05-06 01:18:35.260   918  1445 I MediaCodecsXmlParser: limit: block-size = 16x16
05-06 01:18:35.260   918  1445 I MediaCodecsXmlParser: limit: blocks-per-second-range = 1-979200
05-06 01:18:35.260   918  1445 I MediaCodecsXmlParser: limit: bitrate-range = 1-35000000
05-06 01:18:35.260   918  1445 I MediaCodecsXmlParser: limit: frame-rate-range = 1-30
05-06 01:18:35.260   918  1445 I MediaCodecsXmlParser: limit: feature-adaptive-playback = 0
05-06 01:18:35.260   918  1445 I MediaCodecsXmlParser: limit: feature-secure-playback = 1
05-06 01:18:35.260   918  1445 I MediaCodecsXmlParser: limit: max-concurrent-instances = 6
05-06 01:18:35.260   918  1445 I MediaCodecsXmlParser: limit: performance-point-3840x2160-range = 30-30
05-06 01:18:35.260   918  1445 I MediaCodecsXmlParser: limit: size-range = 64x64-3840x2160
05-06 01:18:35.260   918  1445 I MediaCodecsXmlParser: limit: alignment = 2x2
05-06 01:18:35.260   918  1445 I MediaCodecsXmlParser: limit: block-size = 16x16
05-06 01:18:35.260   918  1445 I MediaCodecsXmlParser: limit: blocks-per-second-range = 1-972000
05-06 01:18:35.260   918  1445 I MediaCodecsXmlParser: limit: bitrate-range = 1-100000000
05-06 01:18:35.260   918  1445 I MediaCodecsXmlParser: limit: feature-adaptive-playback = 0
05-06 01:18:35.260   918  1445 I MediaCodecsXmlParser: limit: max-concurrent-instances = 16
05-06 01:18:35.260   918  1445 I MediaCodecsXmlParser: limit: performance-point-3840x2160-range = 30-30
05-06 01:18:35.260   918  1445 I MediaCodecsXmlParser: limit: size-range = 64x64-3840x2160
05-06 01:18:35.260   918  1445 I MediaCodecsXmlParser: limit: alignment = 2x2
05-06 01:18:35.260   918  1445 I MediaCodecsXmlParser: limit: block-size = 16x16
05-06 01:18:35.260   918  1445 I MediaCodecsXmlParser: limit: blocks-per-second-range = 1-972000
05-06 01:18:35.260   918  1445 I MediaCodecsXmlParser: limit: bitrate-range = 1-35000000
05-06 01:18:35.260   918  1445 I MediaCodecsXmlParser: limit: feature-adaptive-playback = 0
05-06 01:18:35.260   918  1445 I MediaCodecsXmlParser: limit: feature-secure-playback = 1
05-06 01:18:35.260   918  1445 I MediaCodecsXmlParser: limit: max-concurrent-instances = 6
05-06 01:18:35.260   918  1445 I MediaCodecsXmlParser: limit: performance-point-3840x2160-range = 30-30
05-06 01:18:35.261   918  1445 D MediaCodecsXmlParser: parsing /vendor/etc/media_codecs_google_video.xml...
05-06 01:18:35.261   918  1445 I MediaCodecsXmlParser: limit: size-range = 2x2-352x288
05-06 01:18:35.261   918  1445 I MediaCodecsXmlParser: limit: alignment = 2x2
05-06 01:18:35.261   918  1445 I MediaCodecsXmlParser: limit: block-size = 16x16
05-06 01:18:35.261   918  1445 I MediaCodecsXmlParser: limit: blocks-per-second-range = 12-11880
05-06 01:18:35.261   918  1445 I MediaCodecsXmlParser: limit: bitrate-range = 1-384000
05-06 01:18:35.261   918  1445 I MediaCodecsXmlParser: limit: feature-adaptive-playback = 0
05-06 01:18:35.261   918  1445 I MediaCodecsXmlParser: limit: size-range = 2x2-352x288
05-06 01:18:35.261   918  1445 I MediaCodecsXmlParser: limit: alignment = 2x2
05-06 01:18:35.261   918  1445 I MediaCodecsXmlParser: limit: bitrate-range = 1-384000
05-06 01:18:35.261   918  1445 I MediaCodecsXmlParser: limit: feature-adaptive-playback = 0
05-06 01:18:35.261   918  1445 I MediaCodecsXmlParser: limit: size-range = 2x2-4080x4080
05-06 01:18:35.261   918  1445 I MediaCodecsXmlParser: limit: alignment = 2x2
05-06 01:18:35.261   918  1445 I MediaCodecsXmlParser: limit: block-size = 16x16
05-06 01:18:35.261   918  1445 I MediaCodecsXmlParser: limit: block-count-range = 1-32768
05-06 01:18:35.261   918  1445 I MediaCodecsXmlParser: limit: blocks-per-second-range = 1-1966080
05-06 01:18:35.261   918  1445 I MediaCodecsXmlParser: limit: bitrate-range = 1-48000000
05-06 01:18:35.261   918  1445 I MediaCodecsXmlParser: limit: feature-adaptive-playback = 0
05-06 01:18:35.261   918  1445 I MediaCodecsXmlParser: limit: size-range = 2x2-4096x4096
05-06 01:18:35.261   918  1445 I MediaCodecsXmlParser: limit: alignment = 2x2
05-06 01:18:35.261   918  1445 I MediaCodecsXmlParser: limit: block-size = 8x8
05-06 01:18:35.261   918  1445 I MediaCodecsXmlParser: limit: block-count-range = 1-196608
05-06 01:18:35.261   918  1445 I MediaCodecsXmlParser: limit: blocks-per-second-range = 1-2000000
05-06 01:18:35.261   918  1445 I MediaCodecsXmlParser: limit: bitrate-range = 1-10000000
05-06 01:18:35.261   918  1445 I MediaCodecsXmlParser: limit: feature-adaptive-playback = 0
05-06 01:18:35.261   918  1445 I MediaCodecsXmlParser: limit: size-range = 2x2-2048x2048
05-06 01:18:35.261   918  1445 I MediaCodecsXmlParser: limit: alignment = 2x2
05-06 01:18:35.261   918  1445 I MediaCodecsXmlParser: limit: block-size = 16x16
05-06 01:18:35.261   918  1445 I MediaCodecsXmlParser: limit: block-count-range = 1-16384
05-06 01:18:35.261   918  1445 I MediaCodecsXmlParser: limit: blocks-per-second-range = 1-1000000
05-06 01:18:35.261   918  1445 I MediaCodecsXmlParser: limit: bitrate-range = 1-40000000
05-06 01:18:35.261   918  1445 I MediaCodecsXmlParser: limit: feature-adaptive-playback = 0
05-06 01:18:35.261   918  1445 I MediaCodecsXmlParser: limit: size-range = 2x2-2048x2048
05-06 01:18:35.261   918  1445 I MediaCodecsXmlParser: limit: alignment = 2x2
05-06 01:18:35.261   918  1445 I MediaCodecsXmlParser: limit: block-size = 16x16
05-06 01:18:35.261   918  1445 I MediaCodecsXmlParser: limit: block-count-range = 1-16384
05-06 01:18:35.261   918  1445 I MediaCodecsXmlParser: limit: blocks-per-second-range = 1-500000
05-06 01:18:35.261   918  1445 I MediaCodecsXmlParser: limit: bitrate-range = 1-40000000
05-06 01:18:35.261   918  1445 I MediaCodecsXmlParser: limit: feature-adaptive-playback = 0
05-06 01:18:35.261   918  1445 I MediaCodecsXmlParser: limit: size-range = 176x144-176x144
05-06 01:18:35.261   918  1445 I MediaCodecsXmlParser: limit: alignment = 16x16
05-06 01:18:35.261   918  1445 I MediaCodecsXmlParser: limit: bitrate-range = 1-128000
05-06 01:18:35.261   918  1445 I MediaCodecsXmlParser: limit: size-range = 16x16-2048x2048
05-06 01:18:35.261   918  1445 I MediaCodecsXmlParser: limit: alignment = 2x2
05-06 01:18:35.261   918  1445 I MediaCodecsXmlParser: limit: block-size = 16x16
05-06 01:18:35.262   918  1445 I MediaCodecsXmlParser: limit: block-count-range = 1-8192
05-06 01:18:35.262   918  1445 I MediaCodecsXmlParser: limit: blocks-per-second-range = 1-245760
05-06 01:18:35.262   918  1445 I MediaCodecsXmlParser: limit: bitrate-range = 1-12000000
05-06 01:18:35.262   918  1445 I MediaCodecsXmlParser: limit: feature-intra-refresh = 0
05-06 01:18:35.262   918  1445 I MediaCodecsXmlParser: limit: size-range = 16x16-176x144
05-06 01:18:35.262   918  1445 I MediaCodecsXmlParser: limit: alignment = 16x16
05-06 01:18:35.262   918  1445 I MediaCodecsXmlParser: limit: block-size = 16x16
05-06 01:18:35.262   918  1445 I MediaCodecsXmlParser: limit: blocks-per-second-range = 12-1485
05-06 01:18:35.262   918  1445 I MediaCodecsXmlParser: limit: bitrate-range = 1-64000
05-06 01:18:35.262   918  1445 I MediaCodecsXmlParser: limit: size-range = 2x2-2048x2048
05-06 01:18:35.262   918  1445 I MediaCodecsXmlParser: limit: alignment = 2x2
05-06 01:18:35.262   918  1445 I MediaCodecsXmlParser: limit: block-size = 16x16
05-06 01:18:35.262   918  1445 I MediaCodecsXmlParser: limit: block-count-range = 1-16384
05-06 01:18:35.262   918  1445 I MediaCodecsXmlParser: limit: bitrate-range = 1-40000000
05-06 01:18:35.262   918  1445 I MediaCodecsXmlParser: limit: feature-bitrate-modes = VBR,CBR
05-06 01:18:35.262   918  1445 I MediaCodecsXmlParser: limit: size-range = 2x2-2048x2048
05-06 01:18:35.262   918  1445 I MediaCodecsXmlParser: limit: alignment = 2x2
05-06 01:18:35.262   918  1445 I MediaCodecsXmlParser: limit: block-size = 16x16
05-06 01:18:35.262   918  1445 I MediaCodecsXmlParser: limit: block-count-range = 1-3600
05-06 01:18:35.262   918  1445 I MediaCodecsXmlParser: limit: bitrate-range = 1-40000000
05-06 01:18:35.262   918  1445 I MediaCodecsXmlParser: limit: feature-bitrate-modes = VBR,CBR
05-06 01:18:35.262   918  1445 I MediaCodecsXmlParser: getVendorXmlPath (/vendor/etc/media_codecs_performance.xml)
05-06 01:18:35.262   918  1445 D MediaCodecsXmlParser: parsing /vendor/etc/media_codecs_performance.xml...
05-06 01:18:35.262   918  1445 I MediaCodecsXmlParser: limit: measured-frame-rate-320x240-range = 388-392
05-06 01:18:35.262   918  1445 I MediaCodecsXmlParser: limit: measured-frame-rate-720x480-range = 80-90
05-06 01:18:35.262   918  1445 I MediaCodecsXmlParser: limit: measured-frame-rate-1280x720-range = 32-37
05-06 01:18:35.262   918  1445 I MediaCodecsXmlParser: limit: measured-frame-rate-1920x1080-range = 40-40
05-06 01:18:35.262   918  1445 I MediaCodecsXmlParser: limit: measured-frame-rate-320x240-range = 226-226
05-06 01:18:35.262   918  1445 I MediaCodecsXmlParser: limit: measured-frame-rate-720x480-range = 121-121
05-06 01:18:35.262   918  1445 I MediaCodecsXmlParser: limit: measured-frame-rate-1280x720-range = 49-49
05-06 01:18:35.262   918  1445 I MediaCodecsXmlParser: limit: measured-frame-rate-1920x1080-range = 16-45
05-06 01:18:35.262   918  1445 I MediaCodecsXmlParser: limit: measured-frame-rate-3840x2160-range = 13-26
05-06 01:18:35.262   918  1445 I MediaCodecsXmlParser: limit: measured-frame-rate-176x144-range = 517-521
05-06 01:18:35.262   918  1445 I MediaCodecsXmlParser: limit: measured-frame-rate-352x288-range = 261-261
05-06 01:18:35.262   918  1445 I MediaCodecsXmlParser: limit: measured-frame-rate-176x144-range = 515-518
05-06 01:18:35.262   918  1445 I MediaCodecsXmlParser: limit: measured-frame-rate-352x288-range = 263-263
05-06 01:18:35.263   918  1445 I MediaCodecsXmlParser: limit: measured-frame-rate-640x480-range = 144-144
05-06 01:18:35.263   918  1445 I MediaCodecsXmlParser: limit: measured-frame-rate-320x180-range = 312-312
05-06 01:18:35.263   918  1445 I MediaCodecsXmlParser: limit: measured-frame-rate-640x360-range = 175-174
05-06 01:18:35.263   918  1445 I MediaCodecsXmlParser: limit: measured-frame-rate-1280x720-range = 30-40
05-06 01:18:35.263   918  1445 I MediaCodecsXmlParser: limit: measured-frame-rate-1920x1080-range = 20-25
05-06 01:18:35.263   918  1445 I MediaCodecsXmlParser: limit: measured-frame-rate-320x240-range = 185-185
05-06 01:18:35.263   918  1445 I MediaCodecsXmlParser: limit: measured-frame-rate-720x480-range = 87-87
05-06 01:18:35.263   918  1445 I MediaCodecsXmlParser: limit: measured-frame-rate-1280x720-range = 45-45
05-06 01:18:35.263   918  1445 I MediaCodecsXmlParser: limit: measured-frame-rate-1920x1080-range = 28-28
05-06 01:18:35.263   918  1445 I MediaCodecsXmlParser: limit: measured-frame-rate-320x240-range = 295-310
05-06 01:18:35.263   918  1445 I MediaCodecsXmlParser: limit: measured-frame-rate-720x480-range = 25-50
05-06 01:18:35.263   918  1445 I MediaCodecsXmlParser: limit: measured-frame-rate-1280x720-range = 22-44
05-06 01:18:35.263   918  1445 I MediaCodecsXmlParser: limit: measured-frame-rate-1920x1080-range = 16-30
05-06 01:18:35.263   918  1445 I MediaCodecsXmlParser: limit: measured-frame-rate-176x144-range = 350-365
05-06 01:18:35.263   918  1445 I MediaCodecsXmlParser: limit: measured-frame-rate-176x144-range = 190-290
05-06 01:18:35.263   918  1445 I MediaCodecsXmlParser: limit: measured-frame-rate-176x144-range = 385-385
05-06 01:18:35.263   918  1445 I MediaCodecsXmlParser: limit: measured-frame-rate-176x144-range = 350-360
05-06 01:18:35.263   918  1445 I MediaCodecsXmlParser: limit: measured-frame-rate-320x240-range = 13-21
05-06 01:18:35.263   918  1445 I MediaCodecsXmlParser: limit: measured-frame-rate-720x480-range = 13-21
05-06 01:18:35.263   918  1445 I MediaCodecsXmlParser: limit: measured-frame-rate-320x180-range = 100-120
05-06 01:18:35.263   918  1445 I MediaCodecsXmlParser: limit: measured-frame-rate-640x360-range = 45-50
05-06 01:18:35.263   918  1445 I MediaCodecsXmlParser: limit: measured-frame-rate-1280x720-range = 30-35
05-06 01:18:35.263   918  1445 I MediaCodecsXmlParser: limit: measured-frame-rate-1920x1080-range = 20-30
05-06 01:18:35.263   918  1445 I MediaCodecsXmlParser: limit: measured-frame-rate-320x180-range = 140-180
05-06 01:18:35.263   918  1445 I MediaCodecsXmlParser: limit: measured-frame-rate-640x360-range = 45-60
05-06 01:18:35.263   918  1445 I MediaCodecsXmlParser: limit: measured-frame-rate-1280x720-range = 12-15
05-06 01:18:35.263   918  1445 I MediaCodecsXmlParser: limit: measured-frame-rate-320x180-range = 87-175
05-06 01:18:35.263   918  1445 I MediaCodecsXmlParser: limit: measured-frame-rate-640x360-range = 49-98
05-06 01:18:35.263   918  1445 I MediaCodecsXmlParser: limit: measured-frame-rate-1280x720-range = 17-34
05-06 01:18:35.263   918  1445 I MediaCodecsXmlParser: limit: measured-frame-rate-1920x1080-range = 7-15
05-06 01:18:35.263   918  1445 I MediaCodecsXmlParser: limit: measured-frame-rate-320x240-range = 555-566
05-06 01:18:35.263   918  1445 I MediaCodecsXmlParser: limit: measured-frame-rate-720x480-range = 239-239
05-06 01:18:35.263   918  1445 I MediaCodecsXmlParser: limit: measured-frame-rate-1280x720-range = 197-197
05-06 01:18:35.263   918  1445 I MediaCodecsXmlParser: limit: measured-frame-rate-1920x1088-range = 198-199
05-06 01:18:35.263   918  1445 I MediaCodecsXmlParser: limit: measured-frame-rate-352x288-range = 650-655
05-06 01:18:35.263   918  1445 I MediaCodecsXmlParser: limit: measured-frame-rate-640x360-range = 395-398
05-06 01:18:35.263   918  1445 I MediaCodecsXmlParser: limit: measured-frame-rate-720x480-range = 300-304
05-06 01:18:35.263   918  1445 I MediaCodecsXmlParser: limit: measured-frame-rate-1280x720-range = 241-241
05-06 01:18:35.263   918  1445 I MediaCodecsXmlParser: limit: measured-frame-rate-1920x1088-range = 224-226
05-06 01:18:35.275   918  1445 I Codec2InfoBuilder: adding type 'audio/mp4a-latm'
05-06 01:18:35.279   918  1445 I Codec2InfoBuilder: adding type 'audio/3gpp'
05-06 01:18:35.283   918  1445 I Codec2InfoBuilder: adding type 'audio/3gpp'
05-06 01:18:35.286   918  1445 I Codec2InfoBuilder: adding type 'audio/amr-wb'
05-06 01:18:35.290   918  1445 I Codec2InfoBuilder: adding type 'audio/amr-wb'
05-06 01:18:35.296   918  1445 I Codec2InfoBuilder: adding type 'video/av01'
05-06 01:18:35.301   918  1445 I Codec2InfoBuilder: adding type 'video/avc'
05-06 01:18:35.304   963   963 I /apex/com.android.media.swcodec/bin/mediaswcodec: missing struct descriptor #Param::CoreIndex(--004) for field values of struct #Param::CoreIndex(F-12004)
05-06 01:18:35.305   963   963 I /apex/com.android.media.swcodec/bin/mediaswcodec: missing struct descriptor #Param::CoreIndex(--004) for field values of struct #Param::CoreIndex(F-12004)
05-06 01:18:35.306   918  1445 I Codec2InfoBuilder: adding type 'video/avc'
05-06 01:18:35.310   918  1445 I Codec2InfoBuilder: adding type 'audio/flac'
05-06 01:18:35.315   918  1445 I Codec2InfoBuilder: adding type 'audio/flac'
05-06 01:18:35.318   918  1445 I Codec2InfoBuilder: adding type 'audio/g711-alaw'
05-06 01:18:35.321   918  1445 I Codec2InfoBuilder: adding type 'audio/g711-mlaw'
05-06 01:18:35.324   918  1445 D Codec2InfoBuilder: codec entry for 'c2.android.gsm.decoder' is disabled
05-06 01:18:35.328   918  1445 I Codec2InfoBuilder: adding type 'video/3gpp'
05-06 01:18:35.335   918  1445 I Codec2InfoBuilder: adding type 'video/3gpp'
05-06 01:18:35.339   918  1445 I Codec2InfoBuilder: adding type 'video/hevc'
05-06 01:18:35.344   918  1445 I Codec2InfoBuilder: adding type 'video/hevc'
05-06 01:18:35.347   918  1445 I Codec2InfoBuilder: adding type 'audio/mpeg'
05-06 01:18:35.349   918  1445 D Codec2InfoBuilder: codec entry for 'c2.android.mpeg2.decoder' is disabled
05-06 01:18:35.352   918  1445 I Codec2InfoBuilder: adding type 'video/mp4v-es'
05-06 01:18:35.355   918  1445 I Codec2InfoBuilder: adding type 'video/mp4v-es'
05-06 01:18:35.357   918  1445 I Codec2InfoBuilder: adding type 'audio/opus'
05-06 01:18:35.360   918  1445 I Codec2InfoBuilder: adding type 'audio/opus'
05-06 01:18:35.363   918  1445 I Codec2InfoBuilder: adding type 'audio/raw'
05-06 01:18:35.366   918  1445 I Codec2InfoBuilder: adding type 'audio/vorbis'
05-06 01:18:35.369   918  1445 I Codec2InfoBuilder: adding type 'video/x-vnd.on2.vp8'
05-06 01:18:35.373   918  1445 I Codec2InfoBuilder: adding type 'video/x-vnd.on2.vp8'
05-06 01:18:35.377   918  1445 I Codec2InfoBuilder: adding type 'video/x-vnd.on2.vp9'
05-06 01:18:35.382   918  1445 I Codec2InfoBuilder: adding type 'video/x-vnd.on2.vp9'
05-06 01:18:35.391  1526  1827 W ExtendedACodec: Failed to get extension for extradata parameter
05-06 01:18:35.395  1303  1555 W ExtendedACodec: Failed to get extension for extradata parameter
05-06 01:18:35.466  1303  2042 W ExtendedACodec: Failed to get extension for extradata parameter
05-06 01:18:35.487  1526  2046 W ExtendedACodec: Failed to get extension for extradata parameter
05-06 01:18:35.508  1303  2050 W ExtendedACodec: Failed to get extension for extradata parameter
05-06 01:18:35.553  1526  2057 W ExtendedACodec: Failed to get extension for extradata parameter
05-06 01:18:35.556  1303  2056 W ExtendedACodec: Failed to get extension for extradata parameter
05-06 01:18:35.606  1303  2064 W ExtendedACodec: Failed to get extension for extradata parameter
05-06 01:18:35.648  1303  2068 W ExtendedACodec: Failed to get extension for extradata parameter
05-06 01:18:35.793  1303  1343 I ActivityManager: Force stopping com.android.providers.media appid=10046 user=-1: vold reset
05-06 01:18:35.858   905  1413 D installd: Found storage mount /data/media at /mnt/runtime/default/emulated
05-06 01:18:35.859   495   513 D vold    : Preparing: /data/media/0
05-06 01:18:35.876   495   513 I vold    : Found policy 2d5463e296e169db at /data/media/0 which matches expected value
05-06 01:18:36.519  1303  1343 D SystemServiceManager: onUnlockUser-0 com.android.server.media.MediaSessionService took to complete: 0ms
05-06 01:18:36.519  1303  1343 D SystemServiceManager: onUnlockUser-0 com.android.server.media.MediaResourceMonitorService took to complete: 0ms
05-06 01:18:36.520  1303  1343 D SystemServiceManager: onUnlockUser-0 com.android.server.media.projection.MediaProjectionManagerService took to complete: 0ms
05-06 01:18:36.919  1303  1344 I ActivityManager: Start proc 2346:android.process.media/u0a46 for broadcast {com.android.providers.downloads/com.android.providers.downloads.DownloadReceiver}
05-06 01:18:36.956  1303  1329 D MediaSessionService: The callback android.media.session.ICallback$Stub$Proxy@d8f32d3 is set by org.codeaurora.bluetooth
05-06 01:18:37.006  1504  1504 W A2dpCodecConfig: Disable Aptx Adaptive. Entry not present in offload property
05-06 01:18:37.006  1504  1504 I A2dpCodecConfig: Aptx Adaptive priority: -1
05-06 01:18:37.013  1504  2421 I bt_osi_thread: run_thread: thread id 2421, thread name media_worker started
05-06 01:18:37.013  1504  1504 D a2dp_codec: createCodec: codec SBC
05-06 01:18:37.013  1504  1504 D a2dp_sbc: A2dpCodecConfigSbc
05-06 01:18:37.013  1504  1504 D a2dp_codec: createCodec: codec AAC
05-06 01:18:37.013  1504  1504 D a2dp_codec: createCodec: codec aptX
05-06 01:18:37.013  1504  1504 D a2dp_codec: createCodec: codec aptX-HD
05-06 01:18:37.013  1504  1504 D a2dp_codec: createCodec: codec aptX-adaptive
05-06 01:18:37.013  1504  1504 D a2dp_codec: createCodec: codec LDAC
05-06 01:18:37.013  1504  1504 D a2dp_codec: createCodec: codec aptX-TWS
05-06 01:18:37.014  1504  1504 D a2dp_codec: createCodec: codec SBC SINK
05-06 01:18:37.014  1504  1504 D a2dp_codec: createCodec: codec UNKNOWN CODEC INDEX
05-06 01:18:37.014  1504  1504 D a2dp_codec: createCodec: codec UNKNOWN CODEC INDEX
05-06 01:18:37.014  1504  1504 D a2dp_codec: createCodec: codec SBC
05-06 01:18:37.014  1504  1504 D a2dp_sbc: A2dpCodecConfigSbc
05-06 01:18:37.014  1504  1504 D a2dp_codec: createCodec: codec AAC
05-06 01:18:37.014  1504  1504 D a2dp_codec: createCodec: codec aptX
05-06 01:18:37.014  1504  1504 D a2dp_codec: createCodec: codec aptX-HD
05-06 01:18:37.014  1504  1504 D a2dp_codec: createCodec: codec aptX-adaptive
05-06 01:18:37.014  1504  1504 D a2dp_codec: createCodec: codec LDAC
05-06 01:18:37.014  1504  1504 D a2dp_codec: createCodec: codec aptX-TWS
05-06 01:18:37.014  1504  1504 D a2dp_codec: createCodec: codec SBC SINK
05-06 01:18:37.014  1504  1504 D a2dp_codec: createCodec: codec UNKNOWN CODEC INDEX
05-06 01:18:37.014  1504  1504 D a2dp_codec: createCodec: codec UNKNOWN CODEC INDEX
05-06 01:18:37.014  1504  1504 D a2dp_codec: createCodec: codec SBC
05-06 01:18:37.014  1504  1504 D a2dp_sbc: A2dpCodecConfigSbc
05-06 01:18:37.014  1504  1504 D a2dp_codec: createCodec: codec AAC
05-06 01:18:37.014  1504  1504 D a2dp_codec: createCodec: codec aptX
05-06 01:18:37.015  1504  1504 D a2dp_codec: createCodec: codec aptX-HD
05-06 01:18:37.015  1504  1504 D a2dp_codec: createCodec: codec aptX-adaptive
05-06 01:18:37.015  1504  1504 D a2dp_codec: createCodec: codec LDAC
05-06 01:18:37.015  1504  1504 D a2dp_codec: createCodec: codec aptX-TWS
05-06 01:18:37.015  1504  1504 D a2dp_codec: createCodec: codec SBC SINK
05-06 01:18:37.015  1504  1504 D a2dp_codec: createCodec: codec UNKNOWN CODEC INDEX
05-06 01:18:37.015  1504  1504 D a2dp_codec: createCodec: codec UNKNOWN CODEC INDEX
05-06 01:18:37.015  1504  1504 D a2dp_codec: createCodec: codec SBC
05-06 01:18:37.015  1504  1504 D a2dp_sbc: A2dpCodecConfigSbc
05-06 01:18:37.015  1504  1504 D a2dp_codec: createCodec: codec AAC
05-06 01:18:37.015  1504  1504 D a2dp_codec: createCodec: codec aptX
05-06 01:18:37.015  1504  1504 D a2dp_codec: createCodec: codec aptX-HD
05-06 01:18:37.015  1504  1504 D a2dp_codec: createCodec: codec aptX-adaptive
05-06 01:18:37.015  1504  1504 D a2dp_codec: createCodec: codec LDAC
05-06 01:18:37.015  1504  1504 D a2dp_codec: createCodec: codec aptX-TWS
05-06 01:18:37.015  1504  1504 D a2dp_codec: createCodec: codec SBC SINK
05-06 01:18:37.015  1504  1504 D a2dp_codec: createCodec: codec UNKNOWN CODEC INDEX
05-06 01:18:37.015  1504  1504 D a2dp_codec: createCodec: codec UNKNOWN CODEC INDEX
05-06 01:18:37.015  1504  1504 D a2dp_codec: createCodec: codec SBC
05-06 01:18:37.015  1504  1504 D a2dp_sbc: A2dpCodecConfigSbc
05-06 01:18:37.015  1504  1504 D a2dp_codec: createCodec: codec AAC
05-06 01:18:37.015  1504  1504 D a2dp_codec: createCodec: codec aptX
05-06 01:18:37.015  1504  1504 D a2dp_codec: createCodec: codec aptX-HD
05-06 01:18:37.015  1504  1504 D a2dp_codec: createCodec: codec aptX-adaptive
05-06 01:18:37.015  1504  1504 D a2dp_codec: createCodec: codec LDAC
05-06 01:18:37.015  1504  1504 D a2dp_codec: createCodec: codec aptX-TWS
05-06 01:18:37.016  1504  1504 D a2dp_codec: createCodec: codec SBC SINK
05-06 01:18:37.016  1504  1504 D a2dp_codec: createCodec: codec UNKNOWN CODEC INDEX
05-06 01:18:37.016  1504  1504 D a2dp_codec: createCodec: codec UNKNOWN CODEC INDEX
05-06 01:18:37.016  1504  1504 E bt_btif : btif_media_send_reset_vendor_state:
05-06 01:18:37.016  1504  1504 E bt_btif : btif_media_send_reset_vendor_state:
05-06 01:18:37.016  1504  1504 D a2dp_codec: createCodec: codec SBC
05-06 01:18:37.016  1504  1504 D a2dp_sbc: A2dpCodecConfigSbc
05-06 01:18:37.016  1504  1504 D a2dp_codec: createCodec: codec AAC
05-06 01:18:37.016  1504  1504 D a2dp_codec: createCodec: codec aptX
05-06 01:18:37.016  1504  1504 D a2dp_codec: createCodec: codec aptX-HD
05-06 01:18:37.016  1504  1504 D a2dp_codec: createCodec: codec aptX-adaptive
05-06 01:18:37.016  1504  1504 D a2dp_codec: createCodec: codec LDAC
05-06 01:18:37.016  1504  1504 D a2dp_codec: createCodec: codec aptX-TWS
05-06 01:18:37.016  1504  1504 D a2dp_codec: createCodec: codec SBC SINK
05-06 01:18:37.016  1504  1504 D a2dp_codec: createCodec: codec UNKNOWN CODEC INDEX
05-06 01:18:37.016  1504  1504 D a2dp_codec: createCodec: codec UNKNOWN CODEC INDEX
05-06 01:18:37.016  1504  1504 D a2dp_codec: createCodec: codec SBC
05-06 01:18:37.016  1504  1504 D a2dp_sbc: A2dpCodecConfigSbc
05-06 01:18:37.017  1504  1504 D a2dp_codec: createCodec: codec AAC
05-06 01:18:37.017  1504  1504 D a2dp_codec: createCodec: codec aptX
05-06 01:18:37.017  1504  1504 D a2dp_codec: createCodec: codec aptX-HD
05-06 01:18:37.017  1504  1504 D a2dp_codec: createCodec: codec aptX-adaptive
05-06 01:18:37.017  1504  1504 D a2dp_codec: createCodec: codec LDAC
05-06 01:18:37.017  1504  1504 D a2dp_codec: createCodec: codec aptX-TWS
05-06 01:18:37.017  1504  1504 D a2dp_codec: createCodec: codec SBC SINK
05-06 01:18:37.017  1504  1504 D a2dp_codec: createCodec: codec UNKNOWN CODEC INDEX
05-06 01:18:37.017  1504  1504 D a2dp_codec: createCodec: codec UNKNOWN CODEC INDEX
05-06 01:18:37.017  1504  1504 D a2dp_codec: createCodec: codec SBC
05-06 01:18:37.017  1504  1504 D a2dp_sbc: A2dpCodecConfigSbc
05-06 01:18:37.017  1504  1504 D a2dp_codec: createCodec: codec AAC
05-06 01:18:37.017  1504  1504 D a2dp_codec: createCodec: codec aptX
05-06 01:18:37.017  1504  1504 D a2dp_codec: createCodec: codec aptX-HD
05-06 01:18:37.017  1504  1504 D a2dp_codec: createCodec: codec aptX-adaptive
05-06 01:18:37.017  1504  1504 D a2dp_codec: createCodec: codec LDAC
05-06 01:18:37.017  1504  1504 D a2dp_codec: createCodec: codec aptX-TWS
05-06 01:18:37.017  1504  1504 D a2dp_codec: createCodec: codec SBC SINK
05-06 01:18:37.017  1504  1504 D a2dp_codec: createCodec: codec UNKNOWN CODEC INDEX
05-06 01:18:37.017  1504  1504 D a2dp_codec: createCodec: codec UNKNOWN CODEC INDEX
05-06 01:18:37.017  1504  1504 D a2dp_codec: createCodec: codec SBC
05-06 01:18:37.017  1504  1504 D a2dp_sbc: A2dpCodecConfigSbc
05-06 01:18:37.017  1504  1504 D a2dp_codec: createCodec: codec AAC
05-06 01:18:37.017  1504  1504 D a2dp_codec: createCodec: codec aptX
05-06 01:18:37.017  1504  1504 D a2dp_codec: createCodec: codec aptX-HD
05-06 01:18:37.017  1504  1504 D a2dp_codec: createCodec: codec aptX-adaptive
05-06 01:18:37.017  1504  1504 D a2dp_codec: createCodec: codec LDAC
05-06 01:18:37.017  1504  1504 D a2dp_codec: createCodec: codec aptX-TWS
05-06 01:18:37.018  1504  1504 D a2dp_codec: createCodec: codec SBC SINK
05-06 01:18:37.018  1504  1504 D a2dp_codec: createCodec: codec UNKNOWN CODEC INDEX
05-06 01:18:37.018  1504  1504 D a2dp_codec: createCodec: codec UNKNOWN CODEC INDEX
05-06 01:18:37.018  1504  1504 D a2dp_codec: createCodec: codec SBC
05-06 01:18:37.018  1504  1504 D a2dp_sbc: A2dpCodecConfigSbc
05-06 01:18:37.018  1504  1504 D a2dp_codec: createCodec: codec AAC
05-06 01:18:37.018  1504  1504 D a2dp_codec: createCodec: codec aptX
05-06 01:18:37.018  1504  1504 D a2dp_codec: createCodec: codec aptX-HD
05-06 01:18:37.018  1504  1504 D a2dp_codec: createCodec: codec aptX-adaptive
05-06 01:18:37.018  1504  1504 D a2dp_codec: createCodec: codec LDAC
05-06 01:18:37.018  1504  1504 D a2dp_codec: createCodec: codec aptX-TWS
05-06 01:18:37.018  1504  1504 D a2dp_codec: createCodec: codec SBC SINK
05-06 01:18:37.018  1504  1504 D a2dp_codec: createCodec: codec UNKNOWN CODEC INDEX
05-06 01:18:37.018  1504  1504 D a2dp_codec: createCodec: codec UNKNOWN CODEC INDEX
05-06 01:18:37.018  1504  1504 E bt_btif : btif_media_send_reset_vendor_state:
05-06 01:18:37.018  1504  1504 E bt_btif : btif_media_send_reset_vendor_state:
05-06 01:18:37.025  1504  1504 D a2dp_codec: createCodec: codec aptX-adaptive
05-06 01:18:37.025  1504  1504 D a2dp_codec: createCodec: codec LDAC
05-06 01:18:37.025  1504  1504 D a2dp_codec: createCodec: codec aptX-TWS
05-06 01:18:37.025  1504  1504 D a2dp_codec: createCodec: codec SBC SINK
05-06 01:18:37.025  1504  1504 D a2dp_codec: createCodec: codec UNKNOWN CODEC INDEX
05-06 01:18:37.025  1504  1504 D a2dp_codec: createCodec: codec UNKNOWN CODEC INDEX
05-06 01:18:37.026  1504  1504 D a2dp_codec: createCodec: codec SBC
05-06 01:18:37.026  1504  1504 D a2dp_sbc: A2dpCodecConfigSbc
05-06 01:18:37.026  1504  1504 D a2dp_codec: createCodec: codec AAC
05-06 01:18:37.029  1504  1504 D a2dp_codec: createCodec: codec aptX
05-06 01:18:37.029  1504  1504 D a2dp_codec: createCodec: codec aptX-HD
05-06 01:18:37.029  1504  1504 D a2dp_codec: createCodec: codec aptX-adaptive
05-06 01:18:37.029  1504  1504 D a2dp_codec: createCodec: codec LDAC
05-06 01:18:37.029  1504  1504 D a2dp_codec: createCodec: codec aptX-TWS
05-06 01:18:37.029  1504  1504 D a2dp_codec: createCodec: codec SBC SINK
05-06 01:18:37.029  1504  1504 D a2dp_codec: createCodec: codec UNKNOWN CODEC INDEX
05-06 01:18:37.029  1504  1504 D a2dp_codec: createCodec: codec UNKNOWN CODEC INDEX
05-06 01:18:37.029  1504  1504 D a2dp_codec: createCodec: codec SBC
05-06 01:18:37.029  1504  1504 D a2dp_sbc: A2dpCodecConfigSbc
05-06 01:18:37.029  1504  1504 D a2dp_codec: createCodec: codec AAC
05-06 01:18:37.029  1504  1504 D a2dp_codec: createCodec: codec aptX
05-06 01:18:37.029  1504  1504 D a2dp_codec: createCodec: codec aptX-HD
05-06 01:18:37.029  1504  1504 D a2dp_codec: createCodec: codec aptX-adaptive
05-06 01:18:37.029  1504  1504 D a2dp_codec: createCodec: codec LDAC
05-06 01:18:37.029  1504  1504 D a2dp_codec: createCodec: codec aptX-TWS
05-06 01:18:37.029  1504  1504 D a2dp_codec: createCodec: codec SBC SINK
05-06 01:18:37.029  1504  1504 D a2dp_codec: createCodec: codec UNKNOWN CODEC INDEX
05-06 01:18:37.029  1504  1504 D a2dp_codec: createCodec: codec UNKNOWN CODEC INDEX
05-06 01:18:37.029  1504  1504 E bt_btif : btif_media_send_reset_vendor_state:
05-06 01:18:37.030  1504  1504 E bt_btif : btif_media_send_reset_vendor_state:
05-06 01:18:37.030  1504  1504 D a2dp_codec: createCodec: codec SBC
05-06 01:18:37.030  1504  1504 D a2dp_sbc: A2dpCodecConfigSbc
05-06 01:18:37.030  1504  1504 D a2dp_codec: createCodec: codec AAC
05-06 01:18:37.030  1504  1504 D a2dp_codec: createCodec: codec aptX
05-06 01:18:37.030  1504  1504 D a2dp_codec: createCodec: codec aptX-HD
05-06 01:18:37.030  1504  1504 D a2dp_codec: createCodec: codec aptX-adaptive
05-06 01:18:37.030  1504  1504 D a2dp_codec: createCodec: codec LDAC
05-06 01:18:37.030  1504  1504 D a2dp_codec: createCodec: codec aptX-TWS
05-06 01:18:37.030  1504  1504 D a2dp_codec: createCodec: codec SBC SINK
05-06 01:18:37.030  1504  1504 D a2dp_codec: createCodec: codec UNKNOWN CODEC INDEX
05-06 01:18:37.030  1504  1504 D a2dp_codec: createCodec: codec UNKNOWN CODEC INDEX
05-06 01:18:37.030  1504  1504 D a2dp_codec: createCodec: codec SBC
05-06 01:18:37.030  1504  1504 D a2dp_sbc: A2dpCodecConfigSbc
05-06 01:18:37.030  1504  1504 D a2dp_codec: createCodec: codec AAC
05-06 01:18:37.030  1504  1504 D a2dp_codec: createCodec: codec aptX
05-06 01:18:37.030  1504  1504 D a2dp_codec: createCodec: codec aptX-HD
05-06 01:18:37.030  1504  1504 D a2dp_codec: createCodec: codec aptX-adaptive
05-06 01:18:37.030  1504  1504 D a2dp_codec: createCodec: codec LDAC
05-06 01:18:37.030  1504  1504 D a2dp_codec: createCodec: codec aptX-TWS
05-06 01:18:37.030  1504  1504 D a2dp_codec: createCodec: codec SBC SINK
05-06 01:18:37.030  1504  1504 D a2dp_codec: createCodec: codec UNKNOWN CODEC INDEX
05-06 01:18:37.030  1504  1504 D a2dp_codec: createCodec: codec UNKNOWN CODEC INDEX
05-06 01:18:37.030  1504  1504 D a2dp_codec: createCodec: codec SBC
05-06 01:18:37.030  1504  1504 D a2dp_sbc: A2dpCodecConfigSbc
05-06 01:18:37.030  1504  1504 D a2dp_codec: createCodec: codec AAC
05-06 01:18:37.031  1504  1504 D a2dp_codec: createCodec: codec aptX
05-06 01:18:37.031  1504  1504 D a2dp_codec: createCodec: codec aptX-HD
05-06 01:18:37.031  1504  1504 D a2dp_codec: createCodec: codec aptX-adaptive
05-06 01:18:37.031  1504  1504 D a2dp_codec: createCodec: codec LDAC
05-06 01:18:37.031  1504  1504 D a2dp_codec: createCodec: codec aptX-TWS
05-06 01:18:37.031  1504  1504 D a2dp_codec: createCodec: codec SBC SINK
05-06 01:18:37.031  1504  1504 D a2dp_codec: createCodec: codec UNKNOWN CODEC INDEX
05-06 01:18:37.031  1504  1504 D a2dp_codec: createCodec: codec UNKNOWN CODEC INDEX
05-06 01:18:37.031  1504  1504 D a2dp_codec: createCodec: codec SBC
05-06 01:18:37.031  1504  1504 D a2dp_sbc: A2dpCodecConfigSbc
05-06 01:18:37.031  1504  1504 D a2dp_codec: createCodec: codec AAC
05-06 01:18:37.031  1504  1504 D a2dp_codec: createCodec: codec aptX
05-06 01:18:37.031  1504  1504 D a2dp_codec: createCodec: codec aptX-HD
05-06 01:18:37.031  1504  1504 D a2dp_codec: createCodec: codec aptX-adaptive
05-06 01:18:37.031  1504  1504 D a2dp_codec: createCodec: codec LDAC
05-06 01:18:37.031  1504  1504 D a2dp_codec: createCodec: codec aptX-TWS
05-06 01:18:37.031  1504  1504 D a2dp_codec: createCodec: codec SBC SINK
05-06 01:18:37.031  1504  1504 D a2dp_codec: createCodec: codec UNKNOWN CODEC INDEX
05-06 01:18:37.031  1504  1504 D a2dp_codec: createCodec: codec UNKNOWN CODEC INDEX
05-06 01:18:37.031  1504  1504 D a2dp_codec: createCodec: codec SBC
05-06 01:18:37.031  1504  1504 D a2dp_sbc: A2dpCodecConfigSbc
05-06 01:18:37.031  1504  1504 D a2dp_codec: createCodec: codec AAC
05-06 01:18:37.031  1504  1504 D a2dp_codec: createCodec: codec aptX
05-06 01:18:37.031  1504  1504 D a2dp_codec: createCodec: codec aptX-HD
05-06 01:18:37.031  1504  1504 D a2dp_codec: createCodec: codec aptX-adaptive
05-06 01:18:37.031  1504  1504 D a2dp_codec: createCodec: codec LDAC
05-06 01:18:37.031  1504  1504 D a2dp_codec: createCodec: codec aptX-TWS
05-06 01:18:37.031  1504  1504 D a2dp_codec: createCodec: codec SBC SINK
05-06 01:18:37.031  1504  1504 D a2dp_codec: createCodec: codec UNKNOWN CODEC INDEX
05-06 01:18:37.031  1504  1504 D a2dp_codec: createCodec: codec UNKNOWN CODEC INDEX
05-06 01:18:37.032  1504  1504 E bt_btif : btif_media_send_reset_vendor_state:
05-06 01:18:37.032  1504  1504 E bt_btif : btif_media_send_reset_vendor_state:
05-06 01:18:37.032  1504  1712 E bt_btif : btif_a2dp_source_startup: A2DP Source media task already running
05-06 01:18:37.033  1504  2191 D a2dp_aac: A2DP_BuildInfoAac: media_type: 0, p_ie->bitRate: 165000
05-06 01:18:37.033  1504  2191 D a2dp_aac: A2DP_BuildInfoAac: media_type: 0, p_ie->bitRate: 165000
05-06 01:18:37.033  1504  2191 D a2dp_aac: A2DP_BuildInfoAac: media_type: 0, p_ie->bitRate: 165000
05-06 01:18:37.034  1504  2191 D a2dp_aac: A2DP_BuildInfoAac: media_type: 0, p_ie->bitRate: 165000
05-06 01:18:37.034  1504  2191 D a2dp_aac: A2DP_BuildInfoAac: media_type: 0, p_ie->bitRate: 165000
05-06 01:18:37.224   686  1954 I /vendor/bin/hw/vendor.qti.hardware.servicetracker@1.0-service: startService() is called for servicecom.android.providers.media/.MediaService
05-06 01:18:37.234  2346  2484 I MediaProvider: Begin Intent { act=android.intent.action.MEDIA_MOUNTED dat=file:///storage/emulated/0 flg=0x5000010 cmp=com.android.providers.media/.MediaService (has extras) }
05-06 01:18:37.256  2346  2484 W ModernMediaScanner: Failed to visit /system/media: java.nio.file.NoSuchFileException: /system/media
05-06 01:18:37.266  2346  2484 W ModernMediaScanner: Failed to visit /oem/media: java.nio.file.NoSuchFileException: /oem/media
05-06 01:18:37.365   918  2028 I ExtendedUtils: printFileName fd(12) -> /product/media/audio/notifications/Pollux.ogg
05-06 01:18:37.406   918  2507 I ExtendedUtils: printFileName fd(12) -> /product/media/audio/notifications/Arcturus.ogg
05-06 01:18:37.443   918  2028 I Codec2Client: Creating a Codec2 client to service "software"
05-06 01:18:37.444   918  2028 I Codec2Client: Client to Codec2 service "software" created
05-06 01:18:37.445   918  2028 I ExtendedNuUtils: printFileName fd(11) -> /product/media/audio/ui/Effect_Tick.ogg
05-06 01:18:37.445  1303  1328 W MediaPlayer: See the documentation of setAudioStreamType() for what to use instead with android.media.AudioAttributes to qualify your playback use case
05-06 01:18:37.450  1504  2374 D Avrcp_ext: AudioManager Player: ID:23 -- type:android.media.SoundPool -- u/pid:10102/1526 -- state:idle -- attr:AudioAttributes: usage=USAGE_ASSISTANCE_SONIFICATION content=CONTENT_TYPE_SONIFICATION flags=0x800 tags= bundle=null
05-06 01:18:37.450  1504  2374 D Avrcp_ext: AudioManager Player: ID:15 -- type:android.media.SoundPool -- u/pid:1000/1303 -- state:idle -- attr:AudioAttributes: usage=USAGE_ASSISTANCE_SONIFICATION content=CONTENT_TYPE_SONIFICATION flags=0x800 tags= bundle=null
05-06 01:18:37.450  1504  2374 D Avrcp_ext: AudioManager Player: ID:31 -- type:android.media.MediaPlayer -- u/pid:1000/1803 -- state:idle -- attr:AudioAttributes: usage=USAGE_MEDIA content=CONTENT_TYPE_MUSIC flags=0x800 tags= bundle=null
05-06 01:18:37.456   918  2028 I ExtendedUtils: printFileName fd(12) -> /product/media/audio/notifications/Vega.ogg
05-06 01:18:37.463  1504  2374 D Avrcp_ext: AudioManager Player: ID:23 -- type:android.media.SoundPool -- u/pid:10102/1526 -- state:idle -- attr:AudioAttributes: usage=USAGE_ASSISTANCE_SONIFICATION content=CONTENT_TYPE_SONIFICATION flags=0x800 tags= bundle=null
05-06 01:18:37.463  1504  2374 D Avrcp_ext: AudioManager Player: ID:15 -- type:android.media.SoundPool -- u/pid:1000/1303 -- state:idle -- attr:AudioAttributes: usage=USAGE_ASSISTANCE_SONIFICATION content=CONTENT_TYPE_SONIFICATION flags=0x800 tags= bundle=null
05-06 01:18:37.463  1504  2374 D Avrcp_ext: AudioManager Player: ID:31 -- type:android.media.MediaPlayer -- u/pid:1000/1803 -- state:started -- attr:AudioAttributes: usage=USAGE_MEDIA content=CONTENT_TYPE_MUSIC flags=0x800 tags= bundle=null
05-06 01:18:37.476   918  2519 I ACodec  : codec does not support config priority (err -2147483648)
05-06 01:18:37.476   918  2519 I ACodec  : codec does not support config priority (err -2147483648)
05-06 01:18:37.477   918  2519 W ExtendedACodec: Failed to get extension for extradata parameter
05-06 01:18:37.477   918  2519 I MediaCodec: MediaCodec will operate in async mode
05-06 01:18:37.575   651  2533 I msm8974_platform: platform_check_codec_backend_cfg:becf: afe: Codec selected backend: 0 updated bit width: 16 and sample rate: 48000
05-06 01:18:37.577   918  2028 I ExtendedUtils: printFileName fd(18) -> /product/media/audio/ringtones/URSAMINOR.ogg
05-06 01:18:37.601   918  2028 I ExtendedUtils: printFileName fd(18) -> /product/media/audio/ringtones/CANISMAJOR.ogg
05-06 01:18:37.612   918  2028 I ExtendedUtils: printFileName fd(18) -> /product/media/audio/ringtones/hydra.ogg
05-06 01:18:37.649   918  2535 I ExtendedUtils: printFileName fd(18) -> /product/media/audio/ringtones/PERSEUS.ogg
05-06 01:18:37.670  1504  2374 D Avrcp_ext: AudioManager Player: ID:23 -- type:android.media.SoundPool -- u/pid:10102/1526 -- state:idle -- attr:AudioAttributes: usage=USAGE_ASSISTANCE_SONIFICATION content=CONTENT_TYPE_SONIFICATION flags=0x800 tags= bundle=null
05-06 01:18:37.671  1504  2374 D Avrcp_ext: AudioManager Player: ID:15 -- type:android.media.SoundPool -- u/pid:1000/1303 -- state:idle -- attr:AudioAttributes: usage=USAGE_ASSISTANCE_SONIFICATION content=CONTENT_TYPE_SONIFICATION flags=0x800 tags= bundle=null
05-06 01:18:37.671  1504  2374 D Avrcp_ext: AudioManager Player: ID:31 -- type:android.media.MediaPlayer -- u/pid:1000/1803 -- state:stopped -- attr:AudioAttributes: usage=USAGE_MEDIA content=CONTENT_TYPE_MUSIC flags=0x800 tags= bundle=null
05-06 01:18:37.673  1504  2374 D Avrcp_ext: AudioManager Player: ID:23 -- type:android.media.SoundPool -- u/pid:10102/1526 -- state:idle -- attr:AudioAttributes: usage=USAGE_ASSISTANCE_SONIFICATION content=CONTENT_TYPE_SONIFICATION flags=0x800 tags= bundle=null
05-06 01:18:37.674  1504  2374 D Avrcp_ext: AudioManager Player: ID:15 -- type:android.media.SoundPool -- u/pid:1000/1303 -- state:idle -- attr:AudioAttributes: usage=USAGE_ASSISTANCE_SONIFICATION content=CONTENT_TYPE_SONIFICATION flags=0x800 tags= bundle=null
05-06 01:18:37.675   918  2535 I ExtendedUtils: printFileName fd(18) -> /product/media/audio/ringtones/Perseus.ogg
05-06 01:18:37.706   918  2535 I ExtendedUtils: printFileName fd(12) -> /product/media/audio/ringtones/ANDROMEDA.ogg
05-06 01:18:37.823  2346  2484 E SQLiteDatabase: Error inserting title_key=H2LN2RN instance_id=null duration=10170 is_ringtone=1 album_artist=null orientation=null format=47362 height=null is_drm=0 bucket_display_name=ringtones is_audiobook=0 parent=90 volume_name=internal title_resource_uri=null date_modified=1616599339 composer=null _display_name=Perseus.ogg datetaken=null mime_type=audio/ogg is_notification=0 year=null _data=/product/media/audio/ringtones/Perseus.ogg _size=236343 is_alarm=0 title=Perseus track=null width=null is_music=0 group_id=-678450419 document_id=null artist_id=2 date_added=1620278317 is_podcast=0 album_id=3 original_document_id=null bucket_id=-129249538 media_type=2 relative_path=null
05-06 01:18:37.823  2346  2484 E SQLiteDatabase: 	at com.android.providers.media.MediaProvider.insertFile(MediaProvider.java:2713)
05-06 01:18:37.823  2346  2484 E SQLiteDatabase: 	at com.android.providers.media.MediaProvider.insertInternal(MediaProvider.java:3076)
05-06 01:18:37.823  2346  2484 E SQLiteDatabase: 	at com.android.providers.media.MediaProvider.insert(MediaProvider.java:2903)
05-06 01:18:37.823  2346  2484 E SQLiteDatabase: 	at com.android.providers.media.MediaProvider.applyBatch(MediaProvider.java:3302)
05-06 01:18:37.823  2346  2484 E SQLiteDatabase: 	at com.android.providers.media.scan.ModernMediaScanner$Scan.applyPending(ModernMediaScanner.java:439)
05-06 01:18:37.823  2346  2484 E SQLiteDatabase: 	at com.android.providers.media.scan.ModernMediaScanner$Scan.walkFileTree(ModernMediaScanner.java:274)
05-06 01:18:37.823  2346  2484 E SQLiteDatabase: 	at com.android.providers.media.scan.ModernMediaScanner$Scan.run(ModernMediaScanner.java:245)
05-06 01:18:37.823  2346  2484 E SQLiteDatabase: 	at com.android.providers.media.scan.ModernMediaScanner.scanDirectory(ModernMediaScanner.java:166)
05-06 01:18:37.823  2346  2484 E SQLiteDatabase: 	at com.android.providers.media.MediaService.onScanVolume(MediaService.java:150)
05-06 01:18:37.823  2346  2484 E SQLiteDatabase: 	at com.android.providers.media.MediaService.onScanVolume(MediaService.java:131)
05-06 01:18:37.823  2346  2484 E SQLiteDatabase: 	at com.android.providers.media.MediaService.onHandleIntent(MediaService.java:86)
05-06 01:18:38.521  2346  2484 I MediaProvider: End Intent { act=android.intent.action.MEDIA_MOUNTED dat=file:///storage/emulated/0 flg=0x5000010 cmp=com.android.providers.media/.MediaService (has extras) }
05-06 01:18:38.523   686   686 I /vendor/bin/hw/vendor.qti.hardware.servicetracker@1.0-service: destroyService is called for service : com.android.providers.media/.MediaService
05-06 01:21:57.569   651  2533 I msm8974_platform: platform_check_codec_backend_cfg:becf: afe: Codec selected backend: 0 updated bit width: 16 and sample rate: 48000
05-06 01:21:57.692  3078  3078 D Wrapper : getField:class android.media.CamcorderProfile field:QUALITY_VGA
05-06 01:21:57.692  3078  3078 D Wrapper : getField:class android.media.CamcorderProfile QUALITY_VGA
05-06 01:21:57.692  3078  3078 D Wrapper : getField:class android.media.CamcorderProfile field:QUALITY_4KDCI
05-06 01:21:57.692  3078  3078 D Wrapper : getField:class android.media.CamcorderProfile QUALITY_4KDCI
05-06 01:21:57.692  3078  3078 D Wrapper : getField:class android.media.CamcorderProfile field:QUALITY_TIME_LAPSE_VGA
05-06 01:21:57.692  3078  3078 D Wrapper : getField:class android.media.CamcorderProfile QUALITY_TIME_LAPSE_VGA
05-06 01:21:57.692  3078  3078 D Wrapper : getField:class android.media.CamcorderProfile field:QUALITY_TIME_LAPSE_4KDCI
05-06 01:21:57.692  3078  3078 D Wrapper : getField:class android.media.CamcorderProfile QUALITY_TIME_LAPSE_4KDCI
05-06 01:21:57.692  3078  3078 D Wrapper : getField:class android.media.CamcorderProfile field:QUALITY_HIGH_SPEED_CIF
05-06 01:21:57.692  3078  3078 D Wrapper : getField:class android.media.CamcorderProfile QUALITY_HIGH_SPEED_CIF
05-06 01:21:57.692  3078  3078 D Wrapper : getField:class android.media.CamcorderProfile field:QUALITY_HIGH_SPEED_VGA
05-06 01:21:57.692  3078  3078 D Wrapper : getField:class android.media.CamcorderProfile QUALITY_HIGH_SPEED_VGA
05-06 01:21:57.692  3078  3078 D Wrapper : getField:class android.media.CamcorderProfile field:QUALITY_HIGH_SPEED_4KDCI
05-06 01:21:57.692  3078  3078 D Wrapper : getField:class android.media.CamcorderProfile QUALITY_HIGH_SPEED_4KDCI
05-06 01:21:57.692  3078  3078 D Wrapper : getField:class android.media.CamcorderProfile field:QUALITY_QHD
05-06 01:21:57.692  3078  3078 D Wrapper : getField:class android.media.CamcorderProfile QUALITY_QHD
05-06 01:21:57.692  3078  3078 D Wrapper : getField:class android.media.CamcorderProfile field:QUALITY_2k
05-06 01:21:57.790  3078  3078 E SnapCam_SettingsManager: Codec = 1, capabilities: mMinFrameWidth = 176 , mMinFrameHeight = 144 , mMaxFrameWidth = 800 , mMaxFrameHeight = 480
05-06 01:21:57.791  3078  3078 E SnapCam_SettingsManager: Codec = 1, capabilities: mMinFrameWidth = 176 , mMinFrameHeight = 144 , mMaxFrameWidth = 800 , mMaxFrameHeight = 480
05-06 01:21:57.794  3078  3078 E SnapCam_SettingsManager: Codec = 1, capabilities: mMinFrameWidth = 176 , mMinFrameHeight = 144 , mMaxFrameWidth = 800 , mMaxFrameHeight = 480
05-06 01:21:57.804  3078  3078 E SnapCam_SettingsManager: Codec = 1, capabilities: mMinFrameWidth = 176 , mMinFrameHeight = 144 , mMaxFrameWidth = 800 , mMaxFrameHeight = 480
05-06 01:21:57.804  3078  3078 E SnapCam_SettingsManager: Codec = 1, capabilities: mMinFrameWidth = 176 , mMinFrameHeight = 144 , mMaxFrameWidth = 800 , mMaxFrameHeight = 480
05-06 01:21:58.031  3078  3078 E SnapCam_SettingsManager: Codec = 1, capabilities: mMinFrameWidth = 176 , mMinFrameHeight = 144 , mMaxFrameWidth = 800 , mMaxFrameHeight = 480
05-06 01:21:58.031  3078  3078 E SnapCam_SettingsManager: Codec = 1, capabilities: mMinFrameWidth = 176 , mMinFrameHeight = 144 , mMaxFrameWidth = 800 , mMaxFrameHeight = 480
05-06 01:21:58.032  3078  3078 E SnapCam_SettingsManager: Codec = 1, capabilities: mMinFrameWidth = 176 , mMinFrameHeight = 144 , mMaxFrameWidth = 800 , mMaxFrameHeight = 480
05-06 01:21:58.038  3078  3078 E SnapCam_SettingsManager: Codec = 1, capabilities: mMinFrameWidth = 176 , mMinFrameHeight = 144 , mMaxFrameWidth = 800 , mMaxFrameHeight = 480
05-06 01:21:58.038  3078  3078 E SnapCam_SettingsManager: Codec = 1, capabilities: mMinFrameWidth = 176 , mMinFrameHeight = 144 , mMaxFrameWidth = 800 , mMaxFrameHeight = 480
05-06 01:21:58.197  3078  3178 W ExtendedACodec: Failed to get extension for extradata parameter
05-06 01:21:58.280  3078  3200 W ExtendedACodec: Failed to get extension for extradata parameter
05-06 01:21:58.372  3078  3206 W ExtendedACodec: Failed to get extension for extradata parameter
05-06 01:21:58.769   918  3214 I ExtendedACodec: setupVideoDecoder()
05-06 01:21:58.774   918  3214 D ACodec  : Setting [OMX.qcom.video.decoder.mpeg4] input port buffer number: 1
05-06 01:21:58.775   918  3214 W ACodec  : Fail to set [OMX.qcom.video.decoder.mpeg4] input port buffer number: 1
05-06 01:21:58.775   918  3214 D ACodec  : Setting [OMX.qcom.video.decoder.mpeg4] output port buffer number: 1
05-06 01:21:58.785   932  3204 I chatty  : uid=1046(mediacodec) HwBinder:932_A identical 2 lines
05-06 01:21:58.785   918  3214 W ACodec  : Fail to set [OMX.qcom.video.decoder.mpeg4] output port buffer number: 1
