07-21 20:37:50.009  1266  1266 I PackageManager: /system/app/OsuLogin changed; collecting certs
07-21 20:37:50.015  1266  1423 W PackageParser: Ignoring duplicate uses-permissions/uses-permissions-sdk-m: android.permission.ACCESS_NETWORK_STATE in package: com.android.bluetooth at: Binary XML file line #80
07-21 20:37:50.015  1266  1423 W PackageParser: Ignoring duplicate uses-permissions/uses-permissions-sdk-m: android.permission.INTERNET in package: com.android.bluetooth at: Binary XML file line #83
07-21 20:37:50.016  1266  1423 W PackageParser: No actions in intent filter at /system/app/Bluetooth/Bluetooth.apk Binary XML file line #274
07-21 20:37:50.021  1266  1266 I PackageManager: /system/app/Traceur changed; collecting certs
07-21 20:37:50.025  1266  1266 I PackageManager: /system/app/Bluetooth changed; collecting certs
07-21 20:37:50.027  1266  1422 W PackageParser: Ignoring duplicate uses-permissions/uses-permissions-sdk-m: android.permission.CHANGE_WIFI_STATE in package: com.android.nfc at: Binary XML file line #53
07-21 20:37:50.028  1266  1422 W PackageParser: Ignoring duplicate uses-permissions/uses-permissions-sdk-m: android.permission.ACCESS_WIFI_STATE in package: com.android.nfc at: Binary XML file line #54
07-21 20:37:50.028  1266  1422 W PackageParser: Ignoring duplicate uses-permissions/uses-permissions-sdk-m: android.permission.NETWORK_SETTINGS in package: com.android.nfc at: Binary XML file line #67
07-21 20:37:50.029  1266  1266 E PackageManager: Adding duplicate shared id: 1002 name=com.android.bluetooth
07-21 20:37:50.029  1266  1266 I pm_critical_info: Adding duplicate shared id: 1002 name=com.android.bluetooth
07-21 20:37:50.030  1266  1266 I PackageManager: /system/app/CompanionDeviceManager changed; collecting certs
07-21 20:37:50.032  1266  1266 I PackageManager: /system/app/EMVCLBinderCallback changed; collecting certs
07-21 20:37:50.033  1266  1266 E PackageManager: Adding duplicate shared id: 1000 name=com.callback.emvcl
07-21 20:37:50.033  1266  1266 I pm_critical_info: Adding duplicate shared id: 1000 name=com.callback.emvcl
07-21 20:37:50.034  1266  1266 I PackageManager: /system/app/NQNfcNci changed; collecting certs
07-21 20:37:50.036  1266  1266 E PackageManager: Adding duplicate shared id: 1027 name=com.android.nfc
07-21 20:37:50.036  1266  1266 I pm_critical_info: Adding duplicate shared id: 1027 name=com.android.nfc
07-21 20:37:50.037  1266  1266 I PackageManager: /system/app/PrintRecommendationService changed; collecting certs
07-21 20:37:50.039  1266  1266 I PackageManager: /system/app/EMList changed; collecting certs
07-21 20:37:50.040  1266  1266 E PackageManager: Adding duplicate shared id: 1000 name=com.oem.engineeringmode.emlist
07-21 20:37:50.040  1266  1266 I pm_critical_info: Adding duplicate shared id: 1000 name=com.oem.engineeringmode.emlist
07-21 20:37:50.040  1266  1423 W PackageParser: Ignoring duplicate uses-permissions/uses-permissions-sdk-m: android.permission.SYSTEM_ALERT_WINDOW in package: com.android.music at: Binary XML file line #39
07-21 20:37:50.041  1266  1423 W PackageParser: No actions in intent filter at /system/app/SnapdragonMusic/SnapdragonMusic.apk Binary XML file line #71
07-21 20:37:50.042  1266  1266 I PackageManager: /system/app/EasterEgg changed; collecting certs
07-21 20:37:50.043  1266  1423 W PackageParser: No actions in intent filter at /system/app/SnapdragonMusic/SnapdragonMusic.apk Binary XML file line #208
07-21 20:37:50.045  1266  1266 I PackageManager: /system/app/SnapdragonMusic changed; collecting certs
07-21 20:37:50.050  1266  1266 I PackageManager: /system/app/SimContact changed; collecting certs
07-21 20:37:50.055  1266  1266 I PackageManager: /system/app/AntHalService changed; collecting certs
07-21 20:37:50.056  1266  1266 E PackageManager: Adding duplicate shared id: 1000 name=com.dsi.ant.server
07-21 20:37:50.056  1266  1266 I pm_critical_info: Adding duplicate shared id: 1000 name=com.dsi.ant.server
07-21 20:37:50.058  1266  1266 I PackageManager: /system/app/LiveWallpapersPicker changed; collecting certs
07-21 20:37:50.060  1266  1266 I PackageManager: /system/app/BasicDreams changed; collecting certs
07-21 20:37:50.062  1266  1266 I PackageManager: /system/app/key_injection changed; collecting certs
07-21 20:37:50.064  1266  1266 E PackageManager: Adding duplicate shared id: 1000 name=com.example.kia.key_injection
07-21 20:37:50.064  1266  1266 I pm_critical_info: Adding duplicate shared id: 1000 name=com.example.kia.key_injection
07-21 20:37:50.070  1266  1266 I PackageManager: /system/app/EMVBinderCallback changed; collecting certs
07-21 20:37:50.071  1266  1266 E PackageManager: Adding duplicate shared id: 1000 name=com.callback.emv
07-21 20:37:50.071  1266  1266 I pm_critical_info: Adding duplicate shared id: 1000 name=com.callback.emv
07-21 20:37:50.073  1266  1266 I PackageManager: /system/app/TouchPanel changed; collecting certs
07-21 20:37:50.075  1266  1266 I PackageManager: /system/app/Key_Bridge changed; collecting certs
07-21 20:37:50.077  1266  1266 E PackageManager: Adding duplicate shared id: 1000 name=com.example.key_bridge
07-21 20:37:50.077  1266  1266 I pm_critical_info: Adding duplicate shared id: 1000 name=com.example.key_bridge
07-21 20:37:50.077  1266  1266 I PackageManager: /system/app/ScannerControl changed; collecting certs
07-21 20:37:50.080  1266  1266 I PackageManager: /system/app/SDPLBinderCallback changed; collecting certs
07-21 20:37:50.082  1266  1266 E PackageManager: Adding duplicate shared id: 1000 name=com.callback.sdpl
07-21 20:37:50.082  1266  1266 I pm_critical_info: Adding duplicate shared id: 1000 name=com.callback.sdpl
07-21 20:37:50.082  1266  1266 I PackageManager: /system/app/ExtShared changed; collecting certs
07-21 20:37:50.086  1266  1266 I PackageManager: /system/app/workloadclassifier changed; collecting certs
07-21 20:37:50.088  1266  1266 E PackageManager: Adding duplicate shared id: 1000 name=com.qualcomm.qti.workloadclassifier
07-21 20:37:50.088  1266  1266 I pm_critical_info: Adding duplicate shared id: 1000 name=com.qualcomm.qti.workloadclassifier
07-21 20:37:50.089  1266  1266 I PackageManager: /system/app/KeyChain changed; collecting certs
07-21 20:37:50.091  1266  1266 E PackageManager: Adding duplicate shared id: 1000 name=com.android.keychain
07-21 20:37:50.091  1266  1266 I pm_critical_info: Adding duplicate shared id: 1000 name=com.android.keychain
07-21 20:37:50.092  1266  1266 I PackageManager: /system/app/SimAppDialog changed; collecting certs
07-21 20:37:50.094  1266  1266 I PackageManager: /system/app/PacProcessor changed; collecting certs
07-21 20:37:50.094  1266  1422 W PackageParser: No actions in intent filter at /system/app/CarrierDefaultApp/CarrierDefaultApp.apk Binary XML file line #43
07-21 20:37:50.096  1266  1266 I PackageManager: /system/app/PrintSpooler changed; collecting certs
07-21 20:37:50.099  1266  1266 I PackageManager: /system/app/CarrierDefaultApp changed; collecting certs
07-21 20:37:50.101  1266  1266 I PackageManager: /system/app/BluetoothMidiService changed; collecting certs
07-21 20:37:50.103  1266  1266 I PackageManager: /system/app/CertInstaller changed; collecting certs
07-21 20:37:50.105  1266  1266 I PackageManager: /system/app/CtsShimPrebuilt changed; collecting certs
07-21 20:37:50.107  1266  1266 I PackageManager: /system/app/WallpaperBackup changed; collecting certs
07-21 20:37:50.109  1266  1266 E PackageManager: Adding duplicate shared id: 1000 name=com.android.wallpaperbackup
07-21 20:37:50.109  1266  1266 I pm_critical_info: Adding duplicate shared id: 1000 name=com.android.wallpaperbackup
07-21 20:37:50.110  1266  1266 I PackageManager: /system/app/QTIDiagServices changed; collecting certs
07-21 20:37:50.111  1266  1266 E PackageManager: Adding duplicate shared id: 1000 name=com.qti.diagservices
07-21 20:37:50.111  1266  1266 I pm_critical_info: Adding duplicate shared id: 1000 name=com.qti.diagservices
07-21 20:37:50.112  1266  1266 I PackageManager: /system/app/Protips changed; collecting certs
07-21 20:37:50.114  1266  1266 I PackageManager: /system/app/BuiltInPrintService changed; collecting certs
07-21 20:37:50.116  1266  1266 I PackageManager: /system/app/PlatformCaptivePortalLogin changed; collecting certs
07-21 20:37:50.118  1266  1266 I PackageManager: /system/app/Stk changed; collecting certs
07-21 20:37:50.120  1266  1266 E PackageManager: Adding duplicate shared id: 1001 name=com.android.stk
07-21 20:37:50.120  1266  1266 I pm_critical_info: Adding duplicate shared id: 1001 name=com.android.stk
07-21 20:37:50.131  1266  1266 I PackageManager: /vendor/app/IWlanService changed; collecting certs
07-21 20:37:50.132  1266  1266 E PackageManager: Adding duplicate shared id: 1001 name=vendor.qti.iwlan
07-21 20:37:50.132  1266  1266 I pm_critical_info: Adding duplicate shared id: 1001 name=vendor.qti.iwlan
07-21 20:37:50.133  1266  1266 I PackageManager: /vendor/app/SSGTelemetryService changed; collecting certs
07-21 20:37:50.140  1266  1266 I PackageManager: /vendor/app/QFingerprintService changed; collecting certs
07-21 20:37:50.142  1266  1266 W PackageManager: Failed to parse /vendor/app/QDMA: Missing base APK in /vendor/app/QDMA
07-21 20:37:50.142  1266  1266 W PackageManager: Failed to parse /vendor/app/QDMA-UI: Missing base APK in /vendor/app/QDMA-UI
07-21 20:37:50.142  1266  1266 I PackageManager: /vendor/app/QSensorTest changed; collecting certs
07-21 20:37:50.144  1266  1266 I PackageManager: /vendor/app/ConnectionSecurityService changed; collecting certs
07-21 20:37:50.156  1266  1266 I PackageManager: /vendor/app/TrustZoneAccessService changed; collecting certs
07-21 20:37:50.161  1266  1266 I PackageManager: /vendor/app/CACertService changed; collecting certs
07-21 20:37:50.162  1266  1266 E PackageManager: Adding duplicate shared id: 1001 name=vendor.qti.hardware.cacert.server
07-21 20:37:50.162  1266  1266 I pm_critical_info: Adding duplicate shared id: 1001 name=vendor.qti.hardware.cacert.server
07-21 20:37:50.163  1266  1266 I PackageManager: /vendor/app/CneApp changed; collecting certs
07-21 20:37:50.164  1266  1266 E PackageManager: Adding duplicate shared id: 1001 name=com.qualcomm.qti.cne
07-21 20:37:50.164  1266  1266 I pm_critical_info: Adding duplicate shared id: 1001 name=com.qualcomm.qti.cne
07-21 20:37:50.165  1266  1266 I PackageManager: /vendor/app/TimeService changed; collecting certs
07-21 20:37:50.181  1266  1266 I PackageManager: /product/priv-app/dpmserviceapp changed; collecting certs
07-21 20:37:50.183  1266  1266 E PackageManager: Adding duplicate shared id: 1001 name=com.qti.dpmserviceapp
07-21 20:37:50.183  1266  1266 I pm_critical_info: Adding duplicate shared id: 1001 name=com.qti.dpmserviceapp
07-21 20:37:50.194  1266  1266 I PackageManager: /product/priv-app/WallpaperCropper changed; collecting certs
07-21 20:37:50.201  1266  1266 I PackageManager: /product/priv-app/StorageManager changed; collecting certs
07-21 20:37:50.203  1266  1266 I PackageManager: /product/priv-app/Provision changed; collecting certs
07-21 20:37:50.210  1266  1433 W PackageParser: No actions in intent filter at /product/priv-app/Contacts/Contacts.apk Binary XML file line #412
07-21 20:37:50.213  1266  1266 I PackageManager: /product/priv-app/Contacts changed; collecting certs
07-21 20:37:50.223  1266  1266 I PackageManager: /product/priv-app/seccamservice changed; collecting certs
07-21 20:37:50.248  1266  1266 I PackageManager: /product/priv-app/EmergencyInfo changed; collecting certs
07-21 20:37:50.251  1266  1266 E PackageManager: Adding duplicate app id: 10099 name=com.android.emergency
07-21 20:37:50.251  1266  1266 I pm_critical_info: Adding duplicate app id: 10099 name=com.android.emergency
07-21 20:37:50.253  1266  1266 I PackageManager: /product/priv-app/SettingsIntelligence changed; collecting certs
07-21 20:37:50.269  1266  1266 I PackageManager: /product/priv-app/OneTimeInitializer changed; collecting certs
07-21 20:37:50.289  1266  1266 I PackageManager: /product/priv-app/Launcher3QuickStep changed; collecting certs
07-21 20:37:50.329  1266  1266 I PackageManager: /product/priv-app/CarrierConfig changed; collecting certs
07-21 20:37:50.393  1266  1434 W PackageParser: Ignoring duplicate uses-permissions/uses-permissions-sdk-m: android.permission.CONFIGURE_WIFI_DISPLAY in package: com.android.systemui at: Binary XML file line #156
07-21 20:37:50.408  1266  1434 I PackageParser: Parse times for '/product/priv-app/SystemUI': parse=203ms, update_cache=2 ms
07-21 20:37:50.408  1266  1266 I PackageManager: /product/priv-app/SystemUI changed; collecting certs
07-21 20:37:50.413  1266  1266 E PackageManager: Adding duplicate app id: 10104 name=com.android.systemui
07-21 20:37:50.413  1266  1266 I pm_critical_info: Adding duplicate app id: 10104 name=com.android.systemui
07-21 20:37:50.466  1266  1432 I PackageParser: Parse times for '/product/priv-app/Settings': parse=289ms, update_cache=8 ms
07-21 20:37:50.466  1266  1266 I PackageManager: /product/priv-app/Settings changed; collecting certs
07-21 20:37:50.470  1266  1266 E PackageManager: Adding duplicate shared id: 1000 name=com.android.settings
07-21 20:37:50.470  1266  1266 I pm_critical_info: Adding duplicate shared id: 1000 name=com.android.settings
07-21 20:37:50.475  1266  1266 W PackageManager: Skipping provider name androidx.lifecycle.process.lifecycle-process (in package com.android.settings): name already used by com.android.systemui
07-21 20:37:50.489  1266  1266 I PackageManager: /product/app/ModuleMetadata changed; collecting certs
07-21 20:37:50.492  1266  1266 I PackageManager: /product/app/com.qualcomm.qti.services.secureui changed; collecting certs
07-21 20:37:50.496  1266  1266 E PackageManager: Adding duplicate shared id: 1000 name=com.qualcomm.qti.services.secureui
07-21 20:37:50.496  1266  1266 I pm_critical_info: Adding duplicate shared id: 1000 name=com.qualcomm.qti.services.secureui
07-21 20:37:50.499  1266  1266 I PackageManager: /product/app/embms changed; collecting certs
07-21 20:37:50.507  1266  1266 I PackageManager: /product/app/uceShimService changed; collecting certs
07-21 20:37:50.510  1266  1266 E PackageManager: Adding duplicate shared id: 1001 name=com.qualcomm.qti.uceShimService
07-21 20:37:50.510  1266  1266 I pm_critical_info: Adding duplicate shared id: 1001 name=com.qualcomm.qti.uceShimService
07-21 20:37:50.511  1266  1266 I PackageManager: /product/app/Camera2 changed; collecting certs
07-21 20:37:50.517  1266  1266 I PackageManager: /product/app/PhotoTable changed; collecting certs
07-21 20:37:50.520  1266  1266 I PackageManager: /product/app/webview changed; collecting certs
07-21 20:37:50.522  1266  1439 W PackageParser: Ignoring duplicate uses-permissions/uses-permissions-sdk-m: android.permission.WRITE_CONTACTS in package: com.android.email at: Binary XML file line #45
07-21 20:37:50.532  1266  1266 I PackageManager: /product/app/PowerOffAlarm changed; collecting certs
07-21 20:37:50.534  1266  1266 E PackageManager: Adding duplicate shared id: 1000 name=com.qualcomm.qti.poweroffalarm
07-21 20:37:50.534  1266  1266 I pm_critical_info: Adding duplicate shared id: 1000 name=com.qualcomm.qti.poweroffalarm
07-21 20:37:50.535  1266  1266 I PackageManager: /product/app/Email changed; collecting certs
07-21 20:37:50.539  1266  1266 I PackageManager: /product/app/uimlpaservice changed; collecting certs
07-21 20:37:50.541  1266  1266 E PackageManager: Adding duplicate shared id: 1001 name=com.qualcomm.qti.lpa
07-21 20:37:50.541  1266  1266 I pm_critical_info: Adding duplicate shared id: 1001 name=com.qualcomm.qti.lpa
07-21 20:37:50.544  1266  1266 I PackageManager: /product/app/Calendar changed; collecting certs
07-21 20:37:50.550  1266  1266 I PackageManager: /product/app/remotesimlockservice changed; collecting certs
07-21 20:37:50.553  1266  1266 E PackageManager: Adding duplicate shared id: 1001 name=com.qualcomm.qti.uim
07-21 20:37:50.553  1266  1266 I pm_critical_info: Adding duplicate shared id: 1001 name=com.qualcomm.qti.uim
07-21 20:37:50.553  1266  1266 I PackageManager: /product/app/DeskClock changed; collecting certs
07-21 20:37:50.557  1266  1266 I PackageManager: /product/app/Browser2 changed; collecting certs
07-21 20:37:50.579  1266  1266 I PackageManager: /product/app/LatinIME changed; collecting certs
07-21 20:37:50.586  1266  1266 I PackageManager: Finished scanning system apps. Time: 1273 ms, packageCount: 171 , timePerPackage: 7 , cached: 0
07-21 20:37:50.586  1266  1266 I boot_progress_pms_data_scan_start: 17778
07-21 20:37:50.586  1266  1266 I PackageManager: Finished scanning non-system apps. Time: 1 ms, packageCount: 0 , timePerPackage: 0 , cached: 0
07-21 20:37:50.588  1266  1266 E PackageManager: updateAllSharedLibrariesLPw failed: Package com.qualcomm.embms requires unavailable shared library com.qualcomm.qcrilhook; failing!
07-21 20:37:50.588  1266  1266 E PackageManager: updateAllSharedLibrariesLPw failed: Package com.qualcomm.qti.uim requires unavailable shared library com.qualcomm.qti.remoteSimlock.uimremotesimlocklibrary; failing!
07-21 20:37:50.588  1266  1266 E PackageManager: updateAllSharedLibrariesLPw failed: Package com.qualcomm.qti.lpa requires unavailable shared library com.qualcomm.qti.lpa.uimlpalibrary; failing!
07-21 20:37:50.595  1266  1266 I boot_progress_pms_scan_end: 17787
07-21 20:37:50.595  1266  1266 I PackageManager: Time to scan packages: 1.282 seconds
07-21 20:37:50.598  1266  1266 I PackageManager: Un-granting permission android.permission.HIDE_NON_SYSTEM_OVERLAY_WINDOWS from package com.android.companiondevicemanager (protectionLevel=258 flags=0x30483e45)
07-21 20:37:50.601  1266  1266 I PackageManager: Un-granting permission android.permission.BIND_WALLPAPER from package com.android.camera2 (protectionLevel=18 flags=0x2058bc45)
07-21 20:37:50.612  1266  1266 I PackageManager: Un-granting permission android.permission.INTERACT_ACROSS_USERS_FULL from package org.codeaurora.snapcam (protectionLevel=258 flags=0x2058bc45)
07-21 20:37:50.612  1266  1266 I PackageManager: Un-granting permission android.permission.SET_ORIENTATION from package org.codeaurora.snapcam (protectionLevel=2 flags=0x2058bc45)
07-21 20:37:50.616  1266  1266 V PackageManager: reconcileAppsData for null u0 0x1 migrateAppData=true
07-21 20:37:50.718  1266  1266 V PackageManager: reconcileAppsData finished 32 packages
07-21 20:37:50.718  1266  1445 D SystemServerInitThreadPool: Started executing prepareAppData
07-21 20:37:50.721  1266  1445 D SystemServerTimingAsync: AppDataFixup took to complete: 3ms
07-21 20:37:51.248     0     0 W healthd : battery none chg=a
07-21 20:37:51.410  1266  1266 I commit_sys_config_file: [package-user-0,39]
07-21 20:37:51.410  1266  1266 I commit_sys_config_file: [package,692]
07-21 20:37:51.410  1266  1266 I boot_progress_pms_ready: 18603
07-21 20:37:51.412  1266  1266 D PackageManager: Ephemeral resolver NOT found; no matching intent filters
07-21 20:37:51.412  1266  1266 D PackageManager: Instant App installer not found with android.intent.action.INSTALL_INSTANT_APP_PACKAGE
07-21 20:37:51.412  1266  1266 D PackageManager: Clear ephemeral installer activity
07-21 20:37:51.421  1266  1412 I dvm_lock_sample: [system_server,0,AsyncTask #1,1949,PermissionSettings.java,88,com.android.server.pm.permission.BasePermission com.android.server.pm.permission.PermissionSettings.getPermission(java.lang.String),PackageManagerService.java,2605,void com.android.server.pm.PackageManagerService.<init>(android.content.Context, com.android.server.pm.Installer, boolean, boolean),100]
07-21 20:37:51.421  1266  1372 I dvm_lock_sample: [system_server,0,android.fg,825,PermissionManagerService.java,476,void com.android.server.pm.permission.PermissionManagerService.doNotifyRuntimePermissionStateChanged(java.lang.String, int),PackageManagerService.java,2605,void com.android.server.pm.PackageManagerService.<init>(android.content.Context, com.android.server.pm.Installer, boolean, boolean),100]
07-21 20:37:51.421  1266  1372 W Looper  : Slow dispatch took 825ms android.fg h=android.os.Handler c=<recycled PooledLambda@ffbf7c5> m=0
07-21 20:37:51.421  1266  1372 W Looper  : Slow delivery took 825ms android.fg h=android.os.Handler c=<recycled PooledLambda@b24b51a> m=0
07-21 20:37:51.421  1266  1412 W ContextImpl: Missing ActivityManager; assuming 1000 holds android.permission.GET_RUNTIME_PERMISSIONS
07-21 20:37:51.422  1266  1445 I dvm_lock_sample: [system_server,0,system-server-init-thread2,700,PackageManagerService.java,3365,void com.android.server.pm.PackageManagerService.lambda$new$0$PackageManagerService(java.util.List, int),-,2605,void com.android.server.pm.PackageManagerService.<init>(android.content.Context, com.android.server.pm.Installer, boolean, boolean),100]
07-21 20:37:51.423  1266  1383 I dvm_lock_sample: [system_server,0,android.bg,604,Settings.java,5211,void com.android.server.pm.Settings$RuntimePermissionPersistence.writePermissionsSync(int),PackageManagerService.java,2605,void com.android.server.pm.PackageManagerService.<init>(android.content.Context, com.android.server.pm.Installer, boolean, boolean),100]
07-21 20:37:51.440  1266  1412 I service_manager_stats: [100,13,18632]
07-21 20:37:51.470  1266  1412 I chatty  : uid=1000(system) AsyncTask #1 identical 355 lines
07-21 20:37:51.471  1266  1266 I chatty  : uid=1000 system_server expire 203 lines
07-21 20:37:51.477  1266  1266 I am_uid_running: 1000
07-21 20:37:51.478  1266  1266 I am_uid_active: 1000
07-21 20:37:51.529  1266  1383 I commit_sys_config_file: [package-perms-0,103]
07-21 20:37:51.943  1266  1383 I commit_sys_config_file: [package-perms-0,331]
07-21 20:37:52.034  1266  1456 I chatty  : uid=1000 system_server expire 3 lines
07-21 20:37:52.041     0     0 I chatty  : uid=0(root) logd identical 1 line
07-21 20:37:52.041  1266  1382 I battery_status: [1,1,0,1,Li-ion]
07-21 20:37:52.042     0     0 W healthd : battery none chg=a
07-21 20:37:52.590  1266  1374 I commit_sys_config_file: [overlays,557]
07-21 20:37:52.729  1266  1465 I chatty  : uid=1000 system_server expire 4 lines
07-21 20:37:52.734  1266  1466 I chatty  : uid=1000 system_server expire 2 lines
07-21 20:37:52.957   639   639 I liblog  : 610
07-21 20:37:52.958   639   639 I liblog  : 162
07-21 20:37:53.036   639   639 D TelephonyManager: No /proc/cmdline exception=java.io.FileNotFoundException: /proc/cmdline: open failed: EACCES (Permission denied)
07-21 20:37:53.036   639   639 D TelephonyManager: /proc/cmdline=
07-21 20:37:53.897     0     0 I icnss   : WLAN FW is ready: 0xd87
07-21 20:37:53.901     0     0 I [kworke][486016636][00:37:53.901679] wlan: [1234:I:HDD] hdd_soc_probe: 393: probing driver
07-21 20:37:53.901     0     0 I [kworke][486017663][00:37:53.901732] wlan: [1234:I:HDD] hdd_context_create: 10546: OEM debug: get module_param band_cfg=0, dfs_cfg=1, ps_cfg=0.
07-21 20:37:53.901     0     0 I [kworke][486017814][00:37:53.901740] wlan: [1234:I:HDD] hdd_parse_config_ini: 8745: OEM debug: get band_cfg 0
07-21 20:37:53.901     0     0 I [kworke][486017931][00:37:53.901746] wlan: [1234:I:HDD] hdd_parse_config_ini: 8761: OEM debug: get dfs_cfg 1
07-21 20:37:53.901     0     0 I [kworke][486018046][00:37:53.901752] wlan: [1234:I:HDD] hdd_parse_config_ini: 8774: OEM debug: get ps_cfg 0
07-21 20:37:53.901     0     0 I [kworke][486019031][00:37:53.901804] wlan: [1234:I:HDD] hdd_parse_config_ini: 8798: OEM debug hdd_parse_config_ini: project is 44
07-21 20:37:53.907     0     0 I ueventd : firmware: loading 'wlan/qca_cld/WCNSS_qcom_cfg.ini' for '/devices/platform/soc/18800000.qcom,icnss/firmware/wlan!qca_cld!WCNSS_qcom_cfg.ini'
07-21 20:37:53.910     0     0 I ueventd : loading /devices/platform/soc/18800000.qcom,icnss/firmware/wlan!qca_cld!WCNSS_qcom_cfg.ini took 3ms
07-21 20:37:53.911     0     0 I [kworke][486195377][00:37:53.910988] wlan: [1234:I:HDD] hdd_parse_config_ini: 8881: OEM debug: gEnableImps overwrite with 0
07-21 20:37:53.911     0     0 I [kworke][486195802][00:37:53.911010] wlan: [1234:I:HDD] hdd_parse_config_ini: 8886: OEM debug: gEnableBmps overwrite with 0
07-21 20:37:53.911     0     0 I [kworke][486207103][00:37:53.911599] wlan: [1234:I:HDD] hdd_parse_config_ini: 8871: OEM debug: BandCapability overwrite with 0
07-21 20:37:53.911     0     0 I [kworke][486210590][00:37:53.911781] wlan: [1234:I:HDD] hdd_parse_config_ini: 8876: OEM debug: gEnableDFSChnlScan overwrite with 1
07-21 20:37:53.916     0     0 I [kworke][486296079][00:37:53.916233] wlan: [1234:I:HDD] hdd_context_create: 10564: OEM debug: default gEnable2x2=1, TxChainmask1x1=1, RxChainmask1x1=1
07-21 20:37:53.916     0     0 I [kworke][486296245][00:37:53.916242] wlan: [1234:I:HDD] hdd_context_create: 10566: OEM debug: current chain_number =
07-21 20:37:53.918     0     0 I [kworke][486341593][00:37:53.918604] wlan: [1234:I:tdls] tdls_psoc_obj_create_notification: 68: TDLS obj attach to psoc successfully
07-21 20:37:53.918     0     0 I [kworke][486342829][00:37:53.918668] wlan: [1234:I:OBJMGR] wlan_objmgr_psoc_obj_create: 187: Created psoc 0
07-21 20:37:53.929     0     0 I [kworke][486543425][00:37:53.929116] wlan: [1234:W:HIF] hif_snoc_enable_bus: device_init_wakeup already done
07-21 20:37:53.929     0     0 I [kworke][486543918][00:37:53.929141] wlan: [1234:E:TXRX] hif_print_hal_shadow_register_cfg: CONFIG_SHADOW_V2 not defined
07-21 20:37:54.994     0     0 I [kworke][507002589][00:37:54.994698] wlan: [1234:I:HIF] hif_snoc_bus_configure: 188: expecting wake from ce 2, irq 95
07-21 20:37:54.994     0     0 I [kworke][507003859][00:37:54.994763] wlan: [1234:E:QDF] cds_get_context: 1341: Module ID 66 context is Null
07-21 20:37:54.997     0     0 I [kworke][507051736][00:37:54.997257] wlan: [1234:E:QDF] cds_get_context: 1341: Module ID 66 context is Null
07-21 20:37:54.997     0     0 I [kworke][507060439][00:37:54.997710] wlan: [1234:F:WMA] WMA --> wmi_unified_attach - success
07-21 20:37:55.003     0     0 I [kworke][507162897][00:37:55.003047] wlan: [1234:E:QDF] Target Ready! TX resource : 2 size:2184, MaxMsgsPerHTCBundle = 1
07-21 20:37:55.003     0     0 I [kworke][507163077][00:37:55.003056] wlan: [1234:E:QDF] SVS Index : 1 TX : 0x100 : alloc:2
07-21 20:37:55.005     0     0 I [kworke][507205911][00:37:55.005287] wlan: [232:I:WMA] wma_rx_service_ready_event: Firmware build version : 335480ff
07-21 20:37:55.005     0     0 I [kworke][507206188][00:37:55.005301] wlan: [232:I:WMA] wma_rx_service_ready_event: Board id: 0, Board version: 20 0 0 0 0
07-21 20:37:55.005     0     0 I [kworke][507208213][00:37:55.005407] wlan: [232:E:QDF] Num chain mask tables: 0
07-21 20:37:55.005     0     0 I [kworke][507218514][00:37:55.005943] wlan: [232:E:WMA] wma_update_supported_bands: wrong supported band
07-21 20:37:55.006     0     0 I [kworke][507221104][00:37:55.006078] wlan: [232:E:QDF] copy_fw_abi_version_tlv: INIT_CMD version: 1, 0, 0x5f414351, 0x4c4d, 0x0, 0x0
07-21 20:37:55.032     0     0 I [kworke][507733293][00:37:55.032755] wlan: [249:E:QDF] ready_extract_init_status_tlv:0
07-21 20:37:55.033     0     0 I [kworke][507739592][00:37:55.033083] wlan: [249:I:dfs] WLAN_DEBUG_DFS_ALWAYS : wlan_dfs_pdev_obj_create_notification: 356: dfs_offload 0
07-21 20:37:55.033     0     0 I [kworke][507745181][00:37:55.033374] wlan: [249:E:dfs] WLAN_DEBUG_DFS_ALWAYS : dfs_init_radar_filters: 249: Unknown dfs domain 0
07-21 20:37:55.033     0     0 W null_get_capability: 1518: SPECTRAL : get_capability not registered
07-21 20:37:55.033     0     0 W target_if_pdev_spectral_init: 1992: HAL_CAP_PHYDIAG : Capable
07-21 20:37:55.033     0     0 W null_get_capability: 1518: SPECTRAL : get_capability not registered
07-21 20:37:55.033     0     0 W target_if_pdev_spectral_init: 1996: HAL_CAP_RADAR   : Capable
07-21 20:37:55.033     0     0 W null_get_capability: 1518: SPECTRAL : get_capability not registered
07-21 20:37:55.033     0     0 W target_if_pdev_spectral_init: 2001: HAL_CAP_SPECTRAL_SCAN : Capable
07-21 20:37:55.033     0     0 W null_get_tsf64: 1506: SPECTRAL : get_tsf64 not registered
07-21 20:37:55.033     0     0 I [kworke][507746919][00:37:55.033464] wlan: [249:I:OBJMGR] wlan_objmgr_pdev_obj_create: 176: Created pdev 0
07-21 20:37:55.033     0     0 I [kworke][507748591][00:37:55.033552] wlan: [249:I:HDD] hdd_update_tgt_cfg: 2273: hw_mac is zero
07-21 20:37:55.033     0     0 I [kworke][507749762][00:37:55.033612] wlan: [249:W:PE] cfg_set_int: 263: Value: 866 out of range: [0,780] cfg id: 121, WNI_CFG_VHT_RX_HIGHEST_SUPPORTED_DATA_RATE
07-21 20:37:55.033     0     0 I [kworke][507749902][00:37:55.033620] wlan: [249:E:HDD] hdd_update_tgt_vht_cap: 1537: Failed to set rx_supp_data_rate
07-21 20:37:55.033     0     0 I [kworke][507750038][00:37:55.033627] wlan: [249:W:PE] cfg_set_int: 263: Value: 866 out of range: [0,780] cfg id: 122, WNI_CFG_VHT_TX_HIGHEST_SUPPORTED_DATA_RATE
07-21 20:37:55.033     0     0 I [kworke][507750158][00:37:55.033633] wlan: [249:E:HDD] hdd_update_tgt_vht_cap: 1544: Failed to set tx_supp_data_rate
07-21 20:37:55.033     0     0 I [kworke][507755501][00:37:55.033911] wlan: [1234:I:WMA] wma_wait_for_ready_event: 7111: FW ready event received
07-21 20:37:55.045     0     0 I [kworke][507973953][00:37:55.045290] wlan: [1234:I:HTT] max pool size 64 pool filled 64
07-21 20:37:55.049     0     0 I [kworke][508058337][00:37:55.049685] wlan: [1234:I:HTT] HTT: full reorder offload enabled
07-21 20:37:55.053     0     0 I [kworke][508140866][00:37:55.053982] wlan: [1234:I:SYS] Creating periodic timer for OLBC UPDATE CACHE TIMEOUT
07-21 20:37:55.060     0     0 E cnss_utils: WLAN MAC address is not set, type 0
07-21 20:37:55.060     0     0 W Debug   : read WLAN MAC address from QOTP 1c:ee:c9:1e:ee:d6
07-21 20:37:55.060     0     0 W Debug   : no_of_mac_addr = 1, get WLAN MAC address from Qotp 1c:ee:c9:1e:ee:d6
07-21 20:37:55.060     0     0 I [kworke][508270850][00:37:55.060753] wlan: [1234:I:HDD] hdd_platform_wlan_mac: 11610: provisioned MAC Addr [0]1c:ee:c9:1e:ee:d6
07-21 20:37:55.060     0     0 I [kworke][508271844][00:37:55.060804] wlan: [1234:I:HDD] hdd_initialize_mac_address: 11697: using MAC address from platform driver
07-21 20:37:55.278  1266  1445 I chatty  : uid=1000 system_server expire 3 lines
07-21 20:37:55.567  1266  1266 I commit_sys_config_file: [settings-1-0,27]
07-21 20:37:55.602  1266  1266 I commit_sys_config_file: [settings-2-0,30]
07-21 20:37:55.635  1266  1266 I commit_sys_config_file: [settings-0-0,26]
07-21 20:37:55.692  1266  1266 I commit_sys_config_file: [settings-0-0,54]
07-21 20:37:55.724  1266  1266 I commit_sys_config_file: [settings-2-0,31]
07-21 20:37:55.755  1266  1266 I commit_sys_config_file: [settings-1-0,31]
07-21 20:37:55.789     0     0 I ptdet_get_ac_status: 1
07-21 20:37:55.789     0     0 I ptdet_get_poe_status: poe staus is 0
07-21 20:37:55.841  1266  1494 I chatty  : uid=1000(system) DataReceiver expire 1 line
07-21 20:37:55.848  1266  1375 I chatty  : uid=1000(system) android.display expire 1 line
07-21 20:37:55.857  1266  1374 I chatty  : uid=1000(system) android.io expire 3 lines
07-21 20:37:55.875  1266  1266 I wm_stack_created: 0
07-21 20:37:55.883  1266  1496 I chatty  : uid=1000 system_server expire 3 lines
07-21 20:37:55.913  1266  1498 I chatty  : uid=1000(system) InputReader expire 15 lines
07-21 20:37:55.918     0     0 I init    : processing action (sys.sysctl.extra_free_kbytes=*) from (/init.rc:828)
07-21 20:37:55.942  1266  1372 I chatty  : uid=1000(system) android.fg expire 1 line
07-21 20:37:55.945  1266  1266 I commit_sys_config_file: [net-watchlist,54]
07-21 20:37:55.945  1266  1500 I chatty  : uid=1000(system) NetworkWatchlis expire 1 line
07-21 20:37:55.973  1266  1266 I configuration_changed: 536894968
07-21 20:37:55.989  1266  1266 I sysui_multi_action: [757,1659,758,4,759,2,1660,0]
07-21 20:37:56.011  1266  1502 I chatty  : uid=1000(system) StorageManagerS expire 4 lines
07-21 20:37:56.016  1266  1469 I commit_sys_config_file: [settings-0-0,58]
07-21 20:37:56.017  1266  1374 I chatty  : uid=1000(system) android.io expire 11 lines
07-21 20:37:56.019  1266  1503 I chatty  : uid=1000 system_server expire 4 lines
07-21 20:37:56.019  1266  1503 I configuration_changed: 512
07-21 20:37:56.021  1266  1266 I chatty  : uid=1000 system_server expire 239 lines
07-21 20:37:56.072  1266  1374 I am_uid_running: 10061
07-21 20:37:56.094  1266  1469 I commit_sys_config_file: [settings-2-0,77]
07-21 20:37:56.141  1266  1469 I commit_sys_config_file: [settings-1-0,48]
07-21 20:37:57.806  1266  1478 I chatty  : uid=1000(system) InnerUsbPortCon expire 2 lines
07-21 20:37:58.008  1266  1500 I chatty  : uid=1000(system) NetworkWatchlis expire 1 line
07-21 20:38:00.445  1266  1266 I sysui_multi_action: [757,804,799,opt_dialog_num_dexopted,801,8,802,1]
07-21 20:38:00.445  1266  1266 I sysui_multi_action: [757,804,799,opt_dialog_num_skipped,801,163,802,1]
07-21 20:38:00.446  1266  1266 I sysui_multi_action: [757,804,799,opt_dialog_num_failed,801,0,802,1]
07-21 20:38:00.446  1266  1266 I sysui_multi_action: [757,804,799,opt_dialog_num_total,801,135,802,1]
07-21 20:38:00.446  1266  1266 I sysui_multi_action: [757,804,799,opt_dialog_time_s,801,4,802,1]
07-21 20:38:00.447  1266  1266 I service_manager_stats: [303,25,9008]
07-21 20:38:00.614  1266  1584 I chatty  : uid=1000 system_server expire 3 lines
07-21 20:38:00.709  1266  1399 I commit_sys_config_file: [package-user-0,52]
07-21 20:38:00.709  1266  1266 E TelephonyManager: IMSI error: Subscriber Info is null
07-21 20:38:00.915  1266  1399 I commit_sys_config_file: [package-user-0,42]
07-21 20:38:00.915  1266  1399 I commit_sys_config_file: [package,205]
07-21 20:38:00.915  1266  1266 I dvm_lock_sample: [system_server,0,main,205,ComponentResolver.java,289,android.content.pm.ProviderInfo com.android.server.pm.ComponentResolver.queryProvider(java.lang.String, int, int),PackageManagerService.java,1635,void com.android.server.pm.PackageManagerService$PackageHandler.doHandleMessage(android.os.Message),41]
07-21 20:38:01.053  1266  1266 I sysui_multi_action: [757,856,758,1,806,android,857,VIRTUAL_KEYBOARD,858,2]
07-21 20:38:01.053  1266  1266 I sysui_multi_action: [757,856,758,1,806,android,857,PHYSICAL_KEYBOARD,858,3]
07-21 20:38:01.054  1266  1266 I sysui_multi_action: [757,856,758,1,806,android,857,SECURITY,858,2]
07-21 20:38:01.054  1266  1266 I sysui_multi_action: [757,856,758,1,806,android,857,CAR_MODE,858,2]
07-21 20:38:01.054  1266  1266 I sysui_multi_action: [757,856,758,1,806,android,857,ACCOUNT,858,2]
07-21 20:38:01.054  1266  1266 I sysui_multi_action: [757,856,758,1,806,android,857,DEVELOPER,858,2]
07-21 20:38:01.054  1266  1266 I sysui_multi_action: [757,856,758,1,806,android,857,UPDATES,858,2]
07-21 20:38:01.054  1266  1266 I sysui_multi_action: [757,856,758,1,806,android,857,NETWORK_STATUS,858,2]
07-21 20:38:01.054  1266  1266 I sysui_multi_action: [757,856,758,1,806,android,857,NETWORK_ALERTS,858,4]
07-21 20:38:01.055  1266  1266 I sysui_multi_action: [757,856,758,1,806,android,857,NETWORK_AVAILABLE,858,2]
07-21 20:38:01.055  1266  1266 I sysui_multi_action: [757,856,758,1,806,android,857,VPN,858,2]
07-21 20:38:01.055  1266  1266 I sysui_multi_action: [757,856,758,1,806,android,857,DEVICE_ADMIN_ALERTS,858,4]
07-21 20:38:01.055  1266  1266 I sysui_multi_action: [757,856,758,1,806,android,857,ALERTS,858,3]
07-21 20:38:01.055  1266  1266 I sysui_multi_action: [757,856,758,1,806,android,857,RETAIL_MODE,858,2]
07-21 20:38:01.055  1266  1266 I sysui_multi_action: [757,856,758,1,806,android,857,USB,858,1]
07-21 20:38:01.055  1266  1266 I sysui_multi_action: [757,856,758,1,806,android,857,FOREGROUND_SERVICE,858,2]
07-21 20:38:01.056  1266  1266 I sysui_multi_action: [757,856,758,1,806,android,857,HEAVY_WEIGHT_APP,858,3]
07-21 20:38:01.056  1266  1266 I sysui_multi_action: [757,856,758,1,806,android,857,SYSTEM_CHANGES,858,2]
07-21 20:38:01.056  1266  1266 I sysui_multi_action: [757,856,758,1,806,android,857,DO_NOT_DISTURB,858,2]
07-21 20:38:01.058  1266  1600 I storage_state: [41217664-9172-527a-b3d5-edabb50a7d69,0,0,14088200192,14697467904]
07-21 20:38:01.083  1266  1266 I stream_devices_changed: [0,0,2]
07-21 20:38:01.083  1266  1266 I stream_devices_changed: [2,0,2]
07-21 20:38:01.083  1266  1266 I stream_devices_changed: [3,0,2]
07-21 20:38:01.083  1266  1266 I stream_devices_changed: [4,0,2]
07-21 20:38:01.084  1266  1266 I stream_devices_changed: [6,0,2]
07-21 20:38:01.105     0     0 I         : acc_open
07-21 20:38:01.105     0     0 I         : acc_release
07-21 20:38:01.106  1266  1374 I commit_sys_config_file: [notification-policy,57]
07-21 20:38:01.108  1266  1382 I chatty  : uid=1000(system) HwBinder:1266_1 expire 1 line
07-21 20:38:01.142  1266  1266 I chatty  : uid=1000 system_server expire 174 lines
07-21 20:38:01.142  1266  1381 I chatty  : uid=1000 system_server expire 2 lines
07-21 20:38:01.171   694   694 I auditd  : type=1400 audit(0.0:10): avc: denied { read } for comm="cec@1.0-service" name="pa" dev="sysfs" ino=32070 scontext=u:r:hal_tv_cec_default:s0 tcontext=u:object_r:sysfs:s0 tclass=file permissive=0
07-21 20:38:01.171  1266  1374 I commit_sys_config_file: [notification-policy,65]
07-21 20:38:01.176  1266  1383 I commit_sys_config_file: [package-perms-0,60]
07-21 20:38:01.187  1266  1612 I chatty  : uid=1000(system) Hdmi Control Io expire 2 lines
07-21 20:38:01.203  1266  1373 I chatty  : uid=1000(system) android.ui expire 1 line
07-21 20:38:01.333  1266  1469 I commit_sys_config_file: [settings-0-0,45]
07-21 20:38:01.413  1266  1469 I commit_sys_config_file: [settings-2-0,79]
07-21 20:38:01.596  1266  1456 I chatty  : uid=1000 system_server expire 2 lines
07-21 20:38:01.677  1266  1593 I chatty  : uid=1000(system) ConnectivitySer expire 1 line
07-21 20:38:01.686  1266  1266 I am_wtf  : [0,1266,system_server,-1,SystemServiceRegistry,No service published for: tv_input]
07-21 20:38:01.729  1266  1391 I chatty  : uid=1000(system) PowerManagerSer expire 6 lines
07-21 20:38:01.732  1266  1388 I chatty  : uid=1000(system) batterystats-wo expire 2 lines
07-21 20:38:01.734  1266  1384 I chatty  : uid=1000(system) ActivityManager expire 4 lines
07-21 20:38:01.743  1266  1266 I sysui_multi_action: [757,1243,758,4,806,com.android.providers.telephony,1241,android.permission.RECEIVE_SMS]
07-21 20:38:01.745  1266  1266 I sysui_multi_action: [757,1243,758,4,806,com.android.providers.telephony,1241,android.permission.WRITE_EXTERNAL_STORAGE]
07-21 20:38:01.746   506   506 I chatty  : uid=0(root) Binder:506_2 expire 118 lines
07-21 20:38:01.759  1266  1266 I sysui_multi_action: [757,1243,758,4,806,com.android.providers.telephony,1241,android.permission.READ_EXTERNAL_STORAGE]
07-21 20:38:01.765  1266  1266 I sysui_multi_action: [757,1243,758,4,806,com.zebra.sdc,1241,android.permission.CAMERA]
07-21 20:38:01.766  1266  1266 I sysui_multi_action: [757,1243,758,4,806,com.zebra.sdc,1241,android.permission.WRITE_EXTERNAL_STORAGE]
07-21 20:38:01.779   506  1623 I chatty  : uid=0(root) Binder:506_5 expire 854 lines
07-21 20:38:01.782  1266  1399 I chatty  : uid=1000(system) PackageManager expire 17 lines
07-21 20:38:01.791  1266  1266 I sysui_multi_action: [757,1243,758,4,806,com.zebra.sdc,1241,android.permission.READ_PHONE_STATE]
07-21 20:38:01.793  1266  1266 I sysui_multi_action: [757,1243,758,4,806,com.zebra.sdc,1241,android.permission.READ_EXTERNAL_STORAGE]
07-21 20:38:01.813  1266  1469 I commit_sys_config_file: [settings-2-0,75]
07-21 20:38:01.869  1266  1266 I sysui_multi_action: [757,1243,758,4,806,com.oem.engineeringmode.emlist,1241,android.permission.CALL_PHONE]
07-21 20:38:01.906  1266  1266 I sysui_multi_action: [757,1243,758,4,806,com.oem.engineeringmode.emlist,1241,android.permission.ACCESS_COARSE_LOCATION]
07-21 20:38:01.909  1266  1266 I sysui_multi_action: [757,1243,758,4,806,com.android.mms.service,1241,android.permission.READ_SMS]
07-21 20:38:01.910  1266  1266 I sysui_multi_action: [757,1243,758,4,806,org.codeaurora.bluetooth,1241,android.permission.WRITE_EXTERNAL_STORAGE]
07-21 20:38:01.926  1266  1266 I sysui_multi_action: [757,1243,758,4,806,org.codeaurora.bluetooth,1241,android.permission.READ_EXTERNAL_STORAGE]
07-21 20:38:01.938  1266  1266 I sysui_multi_action: [757,1243,758,4,806,android,1241,android.permission.GET_ACCOUNTS]
07-21 20:38:01.947  1266  1266 I sysui_multi_action: [757,1243,758,4,806,com.android.nfc,1241,android.permission.READ_CONTACTS]
07-21 20:38:01.948  1266  1266 I sysui_multi_action: [757,1243,758,4,806,com.android.nfc,1241,android.permission.WRITE_EXTERNAL_STORAGE]
07-21 20:38:01.958  1266  1266 I sysui_multi_action: [757,1243,758,4,806,com.android.nfc,1241,android.permission.READ_EXTERNAL_STORAGE]
07-21 20:38:01.974  1266  1266 I sysui_multi_action: [757,1243,758,4,806,com.android.server.telecom,1241,android.permission.READ_CALL_LOG]
07-21 20:38:01.985   506  1623 W vold    : Skipping due to root namespace
07-21 20:38:01.985   506  1623 D vold    : Found matching PID 709
07-21 20:38:01.985   506  1623 W vold    : Skipping due to root namespace
07-21 20:38:01.985   506  1623 D vold    : Found matching PID 710
07-21 20:38:01.985   506  1623 W vold    : Skipping due to root namespace
07-21 20:38:01.985   506  1623 D vold    : Found matching PID 711
07-21 20:38:01.985   506  1623 W vold    : Skipping due to root namespace
07-21 20:38:01.985   506  1623 D vold    : Found matching PID 712
07-21 20:38:01.985   506  1623 W vold    : Skipping due to root namespace
07-21 20:38:01.985   506  1623 D vold    : Found matching PID 717
07-21 20:38:01.985   506  1623 W vold    : Skipping due to root namespace
07-21 20:38:01.985   506  1623 D vold    : Found matching PID 718
07-21 20:38:01.985   506  1623 W vold    : Skipping due to root namespace
07-21 20:38:01.985   506  1623 D vold    : Found matching PID 725
07-21 20:38:01.985   506  1623 W vold    : Skipping due to root namespace
07-21 20:38:01.985   506  1623 D vold    : Found matching PID 727
07-21 20:38:01.985   506  1623 W vold    : Skipping due to root namespace
07-21 20:38:01.986   506  1623 D vold    : Found matching PID 774
07-21 20:38:01.986   506  1623 W vold    : Skipping due to root namespace
07-21 20:38:01.986   506  1623 D vold    : Found matching PID 889
07-21 20:38:01.986   506  1623 W vold    : Skipping due to root namespace
07-21 20:38:01.986   506  1623 D vold    : Found matching PID 890
07-21 20:38:01.986   506  1623 W vold    : Skipping due to root namespace
07-21 20:38:01.986   506  1623 D vold    : Found matching PID 898
07-21 20:38:01.986   506  1623 W vold    : Skipping due to root namespace
07-21 20:38:01.986   506  1623 D vold    : Found matching PID 901
07-21 20:38:01.986   506  1623 W vold    : Skipping due to root namespace
07-21 20:38:01.986   506  1623 D vold    : Found matching PID 904
07-21 20:38:01.986   506  1623 W vold    : Skipping due to root namespace
07-21 20:38:01.986   506  1623 D vold    : Found matching PID 905
07-21 20:38:01.986   506  1623 W vold    : Skipping due to root namespace
07-21 20:38:01.986   506  1623 D vold    : Found matching PID 914
07-21 20:38:01.986   506  1623 W vold    : Skipping due to root namespace
07-21 20:38:01.986   506  1623 D vold    : Found matching PID 943
07-21 20:38:01.987   506  1623 W vold    : Skipping due to root namespace
07-21 20:38:01.987   506  1623 D vold    : Found matching PID 976
07-21 20:38:01.987   506  1623 W vold    : Skipping due to root namespace
07-21 20:38:01.987   506  1623 D vold    : Found matching PID 977
07-21 20:38:01.987   506  1623 W vold    : Skipping due to root namespace
07-21 20:38:01.987   506  1623 D vold    : Found matching PID 980
07-21 20:38:01.987   506  1623 W vold    : Skipping due to root namespace
07-21 20:38:01.987   506  1623 D vold    : Found matching PID 987
07-21 20:38:01.987   506  1623 W vold    : Skipping due to root namespace
07-21 20:38:01.987   506  1623 D vold    : Found matching PID 999
07-21 20:38:01.987   506  1623 W vold    : Skipping due to root namespace
07-21 20:38:01.987   506  1623 D vold    : Found matching PID 1027
07-21 20:38:01.987   506  1623 W vold    : Skipping due to root namespace
07-21 20:38:01.987   506  1623 D vold    : Found matching PID 1266
07-21 20:38:01.992   506  1623 D vold    : Found matching PID 1343
07-21 20:38:01.992   506  1623 W vold    : Skipping due to root namespace
07-21 20:38:01.993  1266  1266 I sysui_multi_action: [757,1243,758,4,806,com.android.server.telecom,1241,android.permission.SEND_SMS]
07-21 20:38:01.994  1266  1266 I sysui_multi_action: [757,1243,758,4,806,com.android.server.telecom,1241,android.permission.WRITE_CALL_LOG]
07-21 20:38:02.000   506  1623 D vold    : Remounting 1000 as mode full
07-21 20:38:02.009   506  1623 D vold    : Found matching PID 496
07-21 20:38:02.010   506  1623 W vold    : Skipping due to root namespace
07-21 20:38:02.010   506  1623 D vold    : Found matching PID 497
07-21 20:38:02.010   506  1623 W vold    : Skipping due to root namespace
07-21 20:38:02.010   506  1623 D vold    : Found matching PID 498
07-21 20:38:02.010   506  1623 W vold    : Skipping due to root namespace
07-21 20:38:02.010   506  1623 D vold    : Found matching PID 499
07-21 20:38:02.010   506  1623 W vold    : Skipping due to root namespace
07-21 20:38:02.010   506  1623 D vold    : Found matching PID 500
07-21 20:38:02.010   506  1623 W vold    : Skipping due to root namespace
07-21 20:38:02.011     0     0 I IPv6    : ADDRCONF(NETDEV_UP): eth0: link is not ready
07-21 20:38:02.011   506  1623 D vold    : Found matching PID 544
07-21 20:38:02.011   506  1623 W vold    : Skipping due to root namespace
07-21 20:38:02.011   506  1623 D vold    : Found matching PID 560
07-21 20:38:02.011   506  1623 W vold    : Skipping due to root namespace
07-21 20:38:02.011   506  1623 D vold    : Found matching PID 562
07-21 20:38:02.011   506  1623 W vold    : Skipping due to root namespace
07-21 20:38:02.011   506  1623 D vold    : Found matching PID 563
07-21 20:38:02.011   506  1623 W vold    : Skipping due to root namespace
07-21 20:38:02.012   506  1623 D vold    : Found matching PID 627
07-21 20:38:02.012   506  1623 W vold    : Skipping due to root namespace
07-21 20:38:02.012   506  1623 D vold    : Found matching PID 630
07-21 20:38:02.012   506  1623 W vold    : Skipping due to root namespace
07-21 20:38:02.012   506  1623 D vold    : Found matching PID 678
07-21 20:38:02.012   506  1623 W vold    : Skipping due to root namespace
07-21 20:38:02.012   506  1623 D vold    : Found matching PID 679
07-21 20:38:02.012   506  1623 W vold    : Skipping due to root namespace
07-21 20:38:02.013   506  1623 D vold    : Found matching PID 683
07-21 20:38:02.013   506  1623 W vold    : Skipping due to root namespace
07-21 20:38:02.013   506  1623 D vold    : Found matching PID 686
07-21 20:38:02.013   506  1623 W vold    : Skipping due to root namespace
07-21 20:38:02.013   506  1623 D vold    : Found matching PID 687
07-21 20:38:02.013   506  1623 W vold    : Skipping due to root namespace
07-21 20:38:02.013   506  1623 D vold    : Found matching PID 688
07-21 20:38:02.013   506  1623 W vold    : Skipping due to root namespace
07-21 20:38:02.013   506  1623 D vold    : Found matching PID 689
07-21 20:38:02.013   506  1623 W vold    : Skipping due to root namespace
07-21 20:38:02.014   506  1623 D vold    : Found matching PID 690
07-21 20:38:02.014   506  1623 W vold    : Skipping due to root namespace
07-21 20:38:02.014   506  1623 D vold    : Found matching PID 691
07-21 20:38:02.014   506  1623 W vold    : Skipping due to root namespace
07-21 20:38:02.014   506  1623 D vold    : Found matching PID 692
07-21 20:38:02.014   506  1623 W vold    : Skipping due to root namespace
07-21 20:38:02.014   506  1623 D vold    : Found matching PID 693
07-21 20:38:02.014   506  1623 W vold    : Skipping due to root namespace
07-21 20:38:02.014   506  1623 D vold    : Found matching PID 694
07-21 20:38:02.014   506  1623 W vold    : Skipping due to root namespace
07-21 20:38:02.014   506  1623 D vold    : Found matching PID 695
07-21 20:38:02.014   506  1623 W vold    : Skipping due to root namespace
07-21 20:38:02.014   506  1623 D vold    : Found matching PID 697
07-21 20:38:02.014   506  1623 W vold    : Skipping due to root namespace
07-21 20:38:02.014   506  1623 D vold    : Found matching PID 698
07-21 20:38:02.014   506  1623 W vold    : Skipping due to root namespace
07-21 20:38:02.014   506  1623 D vold    : Found matching PID 699
07-21 20:38:02.015   506  1623 W vold    : Skipping due to root namespace
07-21 20:38:02.015   506  1623 D vold    : Found matching PID 702
07-21 20:38:02.015   506  1623 W vold    : Skipping due to root namespace
07-21 20:38:02.015   506  1623 D vold    : Found matching PID 704
07-21 20:38:02.015   506  1623 W vold    : Skipping due to root namespace
07-21 20:38:02.015   506  1623 D vold    : Found matching PID 706
07-21 20:38:02.015   506  1623 W vold    : Skipping due to root namespace
07-21 20:38:02.015   506  1623 D vold    : Found matching PID 708
07-21 20:38:02.015   506  1623 W vold    : Skipping due to root namespace
07-21 20:38:02.015   506  1623 D vold    : Found matching PID 709
07-21 20:38:02.015   506  1623 W vold    : Skipping due to root namespace
07-21 20:38:02.015   506  1623 D vold    : Found matching PID 710
07-21 20:38:02.015   506  1623 W vold    : Skipping due to root namespace
07-21 20:38:02.015   506  1623 D vold    : Found matching PID 711
07-21 20:38:02.015   506  1623 W vold    : Skipping due to root namespace
07-21 20:38:02.015   506  1623 D vold    : Found matching PID 712
07-21 20:38:02.015   506  1623 W vold    : Skipping due to root namespace
07-21 20:38:02.015   506  1623 D vold    : Found matching PID 717
07-21 20:38:02.015   506  1623 W vold    : Skipping due to root namespace
07-21 20:38:02.015   506  1623 D vold    : Found matching PID 718
07-21 20:38:02.015   506  1623 W vold    : Skipping due to root namespace
