07-20 22:09:42.160   670  1215 I mm-camera: <MCT   >< INFO> 343: mct_controller_destroy: bus_handler thread closed
07-20 22:09:42.160   670  1215 I mm-camera: <MCT   >< INFO> 5404: mct_pipeline_stop_session: Initiating stop_session on session 3
07-20 22:09:42.160   670  1215 I mm-camera: <MCT   >< INFO> 4288: mct_pipeline_process_set: command=800000b
07-20 22:09:42.160   670  1215 I mm-camera: <MCT   >< INFO> 4533: mct_pipeline_process_set: Issuing DEL_STREAM on stream 0x3000f and stream type=10
07-20 22:09:42.171     0     0 I msm_cci_init: 1440: hw_version = 0x10060000
07-20 22:09:42.171     0     0 I         : @@@ original_sid = 0x10, valid_flag = 0x01, eeprom_version = 0x01, checksum = 0x03
07-20 22:09:42.171     0     0 I         : @@@ rc = 0, camera_sid = 0x10, eeprom_reg_addr = 0x03 , eeprom_reg_value = 0x32
07-20 22:09:42.171     0     0 I         : @@@ rc = 0, camera_sid = 0x10, eeprom_reg_addr = 0x04 , eeprom_reg_value = 0x30
07-20 22:09:42.172     0     0 I         : @@@ rc = 0, camera_sid = 0x10, eeprom_reg_addr = 0x05 , eeprom_reg_value = 0x32
07-20 22:09:42.172     0     0 I         : @@@ rc = 0, camera_sid = 0x10, eeprom_reg_addr = 0x06 , eeprom_reg_value = 0x30
07-20 22:09:42.172     0     0 I         : @@@ rc = 0, camera_sid = 0x10, eeprom_reg_addr = 0x07 , eeprom_reg_value = 0x30
07-20 22:09:42.172     0     0 I         : @@@ rc = 0, camera_sid = 0x10, eeprom_reg_addr = 0x08 , eeprom_reg_value = 0x38
07-20 22:09:42.172     0     0 I         : @@@ rc = 0, camera_sid = 0x10, eeprom_reg_addr = 0x09 , eeprom_reg_value = 0x30
07-20 22:09:42.172     0     0 I         : @@@ rc = 0, camera_sid = 0x10, eeprom_reg_addr = 0x0a , eeprom_reg_value = 0x38
07-20 22:09:42.172     0     0 I         : @@@ rc = 0, camera_sid = 0x10, eeprom_reg_addr = 0x0b , eeprom_reg_value = 0x31
07-20 22:09:42.173     0     0 I         : @@@ rc = 0, camera_sid = 0x10, eeprom_reg_addr = 0x0c , eeprom_reg_value = 0x32
07-20 22:09:42.189   628   628 D TelephonyManager: No /proc/cmdline exception=java.io.FileNotFoundException: /proc/cmdline: open failed: EACCES (Permission denied)
07-20 22:09:42.189   628   628 D TelephonyManager: /proc/cmdline=
07-20 22:09:42.192   628   628 W Zygote  : Class not found for preloading: android.view.-$$Lambda$SurfaceView$Cs7TGTdA1lXf9qW8VOJAfEsMjdk
07-20 22:09:42.199   628   628 W Zygote  : Class not found for preloading: android.view.SurfaceView$3
07-20 22:09:42.201   628   628 W Zygote  : Class not found for preloading: android.view.textclassifier.-$$Lambda$TextClassificationManager$JIaezIJbMig_-kVzN6oArzkTsJE
07-20 22:09:42.212   628   628 W Zygote  : Class not found for preloading: com.android.internal.net.NetworkStatsFactory
07-20 22:09:42.220   628   628 W Zygote  : Class not found for preloading: com.android.internal.telephony.-$$Lambda$PhoneSubInfoController$8HFbCDJDN1mrLJG980qYH5MGqMk
07-20 22:09:42.220   628   628 W Zygote  : Class not found for preloading: com.android.internal.telephony.-$$Lambda$PhoneSubInfoController$U28a_EGx2cvmQhDfRRgonMt5Zrc
07-20 22:09:42.220   628   628 W Zygote  : Class not found for preloading: com.android.internal.telephony.-$$Lambda$SubscriptionInfoUpdater$-zZXM9oMRZ3vZz7dJOG19J00Bmw
07-20 22:09:42.220   628   628 W Zygote  : Class not found for preloading: com.android.internal.telephony.-$$Lambda$SubscriptionInfoUpdater$D5yF1HbS4cvCyoAj3FESkPtA_0g
07-20 22:09:42.220   628   628 W Zygote  : Class not found for preloading: com.android.internal.telephony.-$$Lambda$SubscriptionInfoUpdater$MMx9iQX0JVqqMPLTUZhdBubFSzU
07-20 22:09:42.224   628   628 W Zygote  : Class not found for preloading: com.android.internal.telephony.GsmCdmaPhone$3
07-20 22:09:42.226   628   628 W Zygote  : Class not found for preloading: com.android.internal.telephony.NewNitzStateMachine$1
07-20 22:09:42.226   628   628 W Zygote  : Class not found for preloading: com.android.internal.telephony.NewNitzStateMachine
07-20 22:09:42.226   628   628 W Zygote  : Class not found for preloading: com.android.internal.telephony.NewTimeServiceHelper$1
07-20 22:09:42.226   628   628 W Zygote  : Class not found for preloading: com.android.internal.telephony.NewTimeServiceHelper$Listener
07-20 22:09:42.226   628   628 W Zygote  : Class not found for preloading: com.android.internal.telephony.NewTimeServiceHelper
07-20 22:09:42.226   628   628 W Zygote  : Class not found for preloading: com.android.internal.telephony.PhoneConfigurationModels
07-20 22:09:42.227   628   628 W Zygote  : Class not found for preloading: com.android.internal.telephony.SubscriptionController$ScLocalLog
07-20 22:09:42.230   628   628 W Zygote  : Class not found for preloading: com.android.internal.telephony.UiccSmsController
07-20 22:09:42.231   628   628 W Zygote  : Class not found for preloading: com.android.internal.telephony.dataconnection.DcController$2
07-20 22:09:42.236   628   628 W Zygote  : Class not found for preloading: com.android.internal.telephony.imsphone.-$$Lambda$ImsPhoneCallTracker$QlPVd_3u4_verjHUDnkn6zaSe54
07-20 22:09:42.236   628   628 W Zygote  : Class not found for preloading: com.android.internal.telephony.imsphone.ImsPhone$3
07-20 22:09:42.241   945  1005 I ServiceManager: Waiting for service 'package_native' on '/dev/binder'...
07-20 22:09:42.250   670  1258 E mm-camera: <SENSOR><ERROR> ov8856_gt24p64b_get_calibration_items: 30: is_insensor:0, is_afc:1, is_wbc:1, is_lsc:1, is_dpc:0, is_ois:0, is_dual:0
07-20 22:09:42.250   670  1258 E mm-camera: <SENSOR><ERROR> 247: module_sensor_offload_init_config: func_tbl for submodule 4 is NULL
07-20 22:09:42.250   670  1258 E mm-camera: <SENSOR><ERROR> 249: module_sensor_offload_init_config: failed to get led off frame skip time
07-20 22:09:42.256   670  1215 I mm-camera: <IFACE >< INFO> 700: iface_unreserve_sink_port: stream_id f mode 0 
07-20 22:09:42.256   670  1215 I mm-camera: <ISP   >< INFO> 941: isp_port_check_caps_unreserve: ide 3000f port 0xeb839300
07-20 22:09:42.257   670  1215 I mm-camera: <MCT   >< INFO> 4556: mct_pipeline_process_set: Stream 0x3000f and stream type=10, successfully deleted
07-20 22:09:42.258   670  1283 I mm-camera: <MCT   >< INFO> 5138: mct_pipeline_stop_session_thread: Stop module name: sensor - E
07-20 22:09:42.258   670  1284 I mm-camera: <MCT   >< INFO> 5138: mct_pipeline_stop_session_thread: Stop module name: iface - E
07-20 22:09:42.258   670  1285 I mm-camera: <MCT   >< INFO> 5138: mct_pipeline_stop_session_thread: Stop module name: isp - E
07-20 22:09:42.258   670  1285 I mm-camera: <ISP   >< INFO> 510: isp_module_stop_session: session id 3
07-20 22:09:42.258   670  1284 I mm-camera: <MCT   >< INFO> 5146: mct_pipeline_stop_session_thread: Stop module name: iface - X
07-20 22:09:42.258   670  1286 I mm-camera: <MCT   >< INFO> 5138: mct_pipeline_stop_session_thread: Stop module name: stats - E
07-20 22:09:42.258   670  1283 I mm-camera: <MCT   >< INFO> 5146: mct_pipeline_stop_session_thread: Stop module name: sensor - X
07-20 22:09:42.259   670  1287 I mm-camera: <MCT   >< INFO> 5138: mct_pipeline_stop_session_thread: Stop module name: pproc - E
07-20 22:09:42.259   670  1285 I mm-camera: <MCT   >< INFO> 5146: mct_pipeline_stop_session_thread: Stop module name: isp - X
07-20 22:09:42.259   670  1288 I mm-camera: <MCT   >< INFO> 5138: mct_pipeline_stop_session_thread: Stop module name: imglib - E
07-20 22:09:42.259   670  1215 I mm-camera: <MCT   >< INFO> 5426: mct_pipeline_stop_session: Modules left: 5
07-20 22:09:42.259   670  1215 I mm-camera: <MCT   >< INFO> 5426: mct_pipeline_stop_session: Modules left: 4
07-20 22:09:42.259   670  1215 I mm-camera: <MCT   >< INFO> 5426: mct_pipeline_stop_session: Modules left: 3
07-20 22:09:42.259     0     0 I MSM-CPP cpp_release_hardware: 1216 cpp hw release done
07-20 22:09:42.259   670  1288 I mm-camera: <MCT   >< INFO> 5146: mct_pipeline_stop_session_thread: Stop module name: imglib - X
07-20 22:09:42.260   670  1215 I mm-camera: <MCT   >< INFO> 5426: mct_pipeline_stop_session: Modules left: 2
07-20 22:09:42.260   670  1287 E mm-camera: <IMGLIB><ERROR> 328: AllocateBuffers: Nothing allocated or already freed!
07-20 22:09:42.260   670  1287 I mm-camera: <MCT   >< INFO> 5146: mct_pipeline_stop_session_thread: Stop module name: pproc - X
07-20 22:09:42.260   670  1215 I mm-camera: <MCT   >< INFO> 5426: mct_pipeline_stop_session: Modules left: 1
07-20 22:09:42.263   670  1286 I mm-camera: <MCT   >< INFO> 5146: mct_pipeline_stop_session_thread: Stop module name: stats - X
07-20 22:09:42.263   670  1215 I mm-camera: <MCT   >< INFO> 5426: mct_pipeline_stop_session: Modules left: 0
07-20 22:09:42.263   670  1215 I mm-camera: <MCT   >< INFO> 5436: mct_pipeline_stop_session: Stopped session 3 successfully
07-20 22:09:42.263   670  1215 I mm-camera: <MCT   >< INFO> 5740: mct_pipeline_destroy: E: session:3
07-20 22:09:42.263   670  1215 E mm-camera: <MCT   ><ERROR> 179: stop_sof_check_thread: Returning as SOF timer thread not yet initialized
07-20 22:09:42.263   670  1215 I mm-camera: <MCT   >< INFO> 5818: mct_pipeline_destroy: X: Pipeline destroyed successfully session =3
07-20 22:09:42.263   670  1215 I mm-camera: <MCT   >< INFO> 422: mct_controller_destroy: X Successfully closed mct_controller session 3
07-20 22:09:42.264     0     0 I msm_pm_qos_update_request: update request -1
07-20 22:09:42.264     0     0 I msm_pm_qos_add_request: add request
07-20 22:09:42.265   670  1215 I QCamera : <HAL><INFO> closeCamera: 2409: [KPI Perf]: X PROFILE_CLOSE_CAMERA camera id 0, rc: 0
07-20 22:09:42.265   670  1215 I QCamera : <HAL><INFO> close_camera_device: 1548: [KPI Perf]: X
07-20 22:09:42.265   902   902 I CameraProviderManager: Enumerating new camera device: device@3.4/legacy/0
07-20 22:09:42.265   670  1215 E QCamera2Factory: get_number_of_cameras num of cameras: 1
07-20 22:09:42.266   902   902 E CameraProviderManager: DeviceInfo3: Converted ICameraDevice instance to nullptr
07-20 22:09:42.267   902   902 I CameraProviderManager: Camera provider legacy/0 ready with 2 camera devices
07-20 22:09:42.267   902  1080 W CameraProviderManager: addProviderLocked: Camera provider HAL with name 'external/0' already registered
07-20 22:09:42.267   902   902 I CameraService: onDeviceStatusChanged: Status changed for cameraId=0, newStatus=1
07-20 22:09:42.267   902   902 I CameraService: onDeviceStatusChanged: Unknown camera ID 0, a new camera is added
07-20 22:09:42.268   902  1080 W CameraProviderManager: addProviderLocked: Camera provider HAL with name 'legacy/0' already registered
07-20 22:09:42.268   902   902 V CameraService: updateStatus: Status has changed for camera ID 0 from 0 to 0x1
07-20 22:09:42.268   902   902 I         : Waiting for activity service
07-20 22:09:42.274   628   628 I Zygote  : ...preloaded 7579 classes in 1191ms.
07-20 22:09:42.274   628   628 I zygote64: VMRuntime.preloadDexCaches starting
07-20 22:09:42.305   628   628 I zygote64: VMRuntime.preloadDexCaches strings total=387108 before=10259 after=10259
07-20 22:09:42.305   628   628 I zygote64: VMRuntime.preloadDexCaches types total=36474 before=7397 after=7664
07-20 22:09:42.305   628   628 I zygote64: VMRuntime.preloadDexCaches fields total=163891 before=8042 after=8243
07-20 22:09:42.305   628   628 I zygote64: VMRuntime.preloadDexCaches methods total=286426 before=11216 after=11643
07-20 22:09:42.305   628   628 I zygote64: VMRuntime.preloadDexCaches finished
07-20 22:09:42.305   628   628 D Zygote64Timing: PreloadClasses took to complete: 1222ms
07-20 22:09:42.308   628   628 I zygote64: The ClassLoaderContext is a special shared library.
07-20 22:09:42.310   628   628 D ApplicationLoaders: Created zygote-cached class loader: /system/framework/android.hidl.base-V1.0-java.jar
07-20 22:09:42.314   628   628 I zygote64: The ClassLoaderContext is a special shared library.
07-20 22:09:42.315   628   628 D ApplicationLoaders: Created zygote-cached class loader: /system/framework/android.hidl.manager-V1.0-java.jar
07-20 22:09:42.315   628   628 D Zygote64Timing: CacheNonBootClasspathClassLoaders took to complete: 11ms
07-20 22:09:42.342   945  1005 I ServiceManager: Waiting for service 'package_native' on '/dev/binder'...
07-20 22:09:42.370     0     0 I sn65dsi86_dsi2edp_enable_lately_2nd_part: start
07-20 22:09:42.434   666   773 D audio_hw_utils: audio_extn_utils_open_snd_mixer: retry, retry_num 2
07-20 22:09:42.437   666   773 D audio_hw_utils: audio_extn_utils_open_snd_mixer: snd_card_name: sdm660-snd-card-i40
07-20 22:09:42.437   666   773 W hardware_info: update_hardware_info_bear: Not an SDM device
07-20 22:09:42.437   666   773 D audio_hw_utils: audio_extn_utils_open_snd_mixer: Opened sound card:0
07-20 22:09:42.437   666   773 D msm8974_platform: platform_init: Opened sound card:0
07-20 22:09:42.437   666   773 I audio_hw_extn: audio_extn_set_snd_card_split: snd_card_name(sdm660-snd-card-i40) device(sdm660) snd_card(snd) form_factor(card)
07-20 22:09:42.437   666   773 W hardware_info: update_hardware_info_bear: Not an SDM device
07-20 22:09:42.438   666   773 D msm8974_platform: Opening /sys/class/thermal/thermal_zone0/type
07-20 22:09:42.438   666   773 D msm8974_platform: Opening /sys/class/thermal/thermal_zone1/type
07-20 22:09:42.438   666   773 D msm8974_platform: Opening /sys/class/thermal/thermal_zone2/type
07-20 22:09:42.438   666   773 D msm8974_platform: Opening /sys/class/thermal/thermal_zone3/type
07-20 22:09:42.438   666   773 D msm8974_platform: Opening /sys/class/thermal/thermal_zone4/type
07-20 22:09:42.438   666   773 D msm8974_platform: Opening /sys/class/thermal/thermal_zone5/type
07-20 22:09:42.438   666   773 D msm8974_platform: Opening /sys/class/thermal/thermal_zone6/type
07-20 22:09:42.438   666   773 D msm8974_platform: Opening /sys/class/thermal/thermal_zone7/type
07-20 22:09:42.439   666   773 D msm8974_platform: Opening /sys/class/thermal/thermal_zone8/type
07-20 22:09:42.439   666   773 D msm8974_platform: Opening /sys/class/thermal/thermal_zone9/type
07-20 22:09:42.439   666   773 D msm8974_platform: Opening /sys/class/thermal/thermal_zone10/type
07-20 22:09:42.439   666   773 D msm8974_platform: Opening /sys/class/thermal/thermal_zone11/type
07-20 22:09:42.439   666   773 D msm8974_platform: Opening /sys/class/thermal/thermal_zone12/type
07-20 22:09:42.439   666   773 D msm8974_platform: Opening /sys/class/thermal/thermal_zone13/type
07-20 22:09:42.439   666   773 D msm8974_platform: Opening /sys/class/thermal/thermal_zone14/type
07-20 22:09:42.439   666   773 D msm8974_platform: Opening /sys/class/thermal/thermal_zone15/type
07-20 22:09:42.439   666   773 D msm8974_platform: Opening /sys/class/thermal/thermal_zone16/type
07-20 22:09:42.440   666   773 D msm8974_platform: Opening /sys/class/thermal/thermal_zone17/type
07-20 22:09:42.440   666   773 D msm8974_platform: Opening /sys/class/thermal/thermal_zone18/type
07-20 22:09:42.440   666   773 D msm8974_platform: Opening /sys/class/thermal/thermal_zone19/type
07-20 22:09:42.440   666   773 D msm8974_platform: Opening /sys/class/thermal/thermal_zone20/type
07-20 22:09:42.440   666   773 D msm8974_platform: Opening /sys/class/thermal/thermal_zone21/type
07-20 22:09:42.440   666   773 D msm8974_platform: Opening /sys/class/thermal/thermal_zone22/type
07-20 22:09:42.440   666   773 D msm8974_platform: Opening /sys/class/thermal/thermal_zone23/type
07-20 22:09:42.441   666   773 D msm8974_platform: Opening /sys/class/thermal/thermal_zone24/type
07-20 22:09:42.441   666   773 D msm8974_platform: Opening /sys/class/thermal/thermal_zone25/type
07-20 22:09:42.441   666   773 D msm8974_platform: Opening /sys/class/thermal/thermal_zone26/type
07-20 22:09:42.441   666   773 D msm8974_platform: Opening /sys/class/thermal/thermal_zone27/type
07-20 22:09:42.441   666   773 D msm8974_platform: Opening /sys/class/thermal/thermal_zone28/type
07-20 22:09:42.441   666   773 D msm8974_platform: Opening /sys/class/thermal/thermal_zone29/type
07-20 22:09:42.441   666   773 D msm8974_platform: Opening /sys/class/thermal/thermal_zone30/type
07-20 22:09:42.441   666   773 D msm8974_platform: Opening /sys/class/thermal/thermal_zone31/type
07-20 22:09:42.441   666   773 D msm8974_platform: Opening /sys/class/thermal/thermal_zone32/type
07-20 22:09:42.442   666   773 D msm8974_platform: Opening /sys/class/thermal/thermal_zone33/type
07-20 22:09:42.442   666   773 D msm8974_platform: Opening /sys/class/thermal/thermal_zone34/type
07-20 22:09:42.442   666   773 D msm8974_platform: Opening /sys/class/thermal/thermal_zone35/type
07-20 22:09:42.442   666   773 D msm8974_platform: Opening /sys/class/thermal/thermal_zone36/type
07-20 22:09:42.442   945  1005 I ServiceManager: Waiting for service 'package_native' on '/dev/binder'...
07-20 22:09:42.442   666   773 D msm8974_platform: Opening /sys/class/thermal/thermal_zone37/type
07-20 22:09:42.442   666   773 D msm8974_platform: Opening /sys/class/thermal/thermal_zone37/type
07-20 22:09:42.442   666   773 D msm8974_platform: Opening /sys/class/thermal/thermal_zone38/type
07-20 22:09:42.442   666   773 D msm8974_platform: Opening /sys/class/thermal/thermal_zone39/type
07-20 22:09:42.442   666   773 D msm8974_platform: Opening /sys/class/thermal/thermal_zone40/type
07-20 22:09:42.442   666   773 D msm8974_platform: Opening /sys/class/thermal/thermal_zone41/type
07-20 22:09:42.443   666   773 D msm8974_platform: Opening /sys/class/thermal/thermal_zone42/type
07-20 22:09:42.443   666   773 D msm8974_platform: Opening /sys/class/thermal/thermal_zone43/type
07-20 22:09:42.443   666   773 D msm8974_platform: Opening /sys/class/thermal/thermal_zone44/type
07-20 22:09:42.443   666   773 D msm8974_platform: Opening /sys/class/thermal/thermal_zone45/type
07-20 22:09:42.443   666   773 D msm8974_platform: Opening /sys/class/thermal/thermal_zone46/type
07-20 22:09:42.443   666   773 D msm8974_platform: Opening /sys/class/thermal/thermal_zone47/type
07-20 22:09:42.443   666   773 D msm8974_platform: Opening /sys/class/thermal/thermal_zone48/type
07-20 22:09:42.443   666   773 D msm8974_platform: Opening /sys/class/thermal/thermal_zone49/type
07-20 22:09:42.443   666   773 D msm8974_platform: Opening /sys/class/thermal/thermal_zone50/type
07-20 22:09:42.444   666   773 D msm8974_platform: Opening /sys/class/thermal/thermal_zone51/type
07-20 22:09:42.444   666   773 D msm8974_platform: Opening /sys/class/thermal/thermal_zone52/type
07-20 22:09:42.444   666   773 D msm8974_platform: Found 18 WSA present on the platform
07-20 22:09:42.444   666   773 D audio_hw_extn: audio_extn_can_use_vbat: vbat.enabled property is set to 0
07-20 22:09:42.444   666   773 D audio_hw_extn: audio_extn_can_use_bcl: bcl.enabled property is set to 0
07-20 22:09:42.444   666   773 D audio_hw_extn: audio_extn_is_hifi_audio_supported: hifi audio supported on internal codec
07-20 22:09:42.444   666   773 D msm8974_platform: Alac software decoder is available...removing alac from DSP decoder list
07-20 22:09:42.444   666   773 D msm8974_platform: APE software decoder is available...removing ape from DSP decoder list
07-20 22:09:42.444   666   773 D platform_info: platform_info_init: platform info file name is /vendor/etc/audio_platform_info_i40.xml
07-20 22:09:42.446   666   773 D msm8974_platform: platform_set_audio_device_interface: Enter, device name:AUDIO_DEVICE_IN_BUILTIN_MIC, intf name:SLIMBUS_0
07-20 22:09:42.446   666   773 D msm8974_platform: platform_set_audio_device_interface: Matched device name:AUDIO_DEVICE_IN_BUILTIN_MIC, overwrite intf name with SLIMBUS_0
07-20 22:09:42.446   666   773 D msm8974_platform: platform_set_audio_device_interface: Enter, device name:AUDIO_DEVICE_IN_BACK_MIC, intf name:SLIMBUS_0
07-20 22:09:42.446   666   773 D msm8974_platform: platform_set_audio_device_interface: Matched device name:AUDIO_DEVICE_IN_BACK_MIC, overwrite intf name with SLIMBUS_0
07-20 22:09:42.446   666   773 D msm8974_platform: platform_set_audio_device_interface: Enter, device name:AUDIO_DEVICE_IN_BUILTIN_MIC, intf name:INT3_MI2S
07-20 22:09:42.446   666   773 D msm8974_platform: platform_set_audio_device_interface: Matched device name:AUDIO_DEVICE_IN_BUILTIN_MIC, overwrite intf name with INT3_MI2S
07-20 22:09:42.446   666   773 D msm8974_platform: platform_set_audio_device_interface: Enter, device name:AUDIO_DEVICE_IN_BACK_MIC, intf name:INT3_MI2S
07-20 22:09:42.446   666   773 D msm8974_platform: platform_set_audio_device_interface: Matched device name:AUDIO_DEVICE_IN_BACK_MIC, overwrite intf name with INT3_MI2S
07-20 22:09:42.447   666   773 V msm8974_platform: platform_set_parameters: enter: mono_speaker=right
07-20 22:09:42.447   666   773 D audio_hw_hfp: hfp_set_parameters: enter
07-20 22:09:42.447   666   773 V msm8974_platform: platform_set_parameters: enter: spkr_1_tz_name=wsatz.11
07-20 22:09:42.447   666   773 D audio_hw_hfp: hfp_set_parameters: enter
07-20 22:09:42.447   666   773 V msm8974_platform: platform_set_parameters: enter: spkr_2_tz_name=wsatz.12
07-20 22:09:42.447   666   773 D audio_hw_hfp: hfp_set_parameters: enter
07-20 22:09:42.447   666   773 V msm8974_platform: platform_set_parameters: enter: true_32_bit=true
07-20 22:09:42.447   666   773 D audio_hw_hfp: hfp_set_parameters: enter
07-20 22:09:42.447   666   773 V msm8974_platform: platform_set_parameters: enter: native_audio_mode=true
07-20 22:09:42.447   666   773 D msm8974_platform: native_audio_set_params:napb updating mode (2) from XML
07-20 22:09:42.447   666   773 D msm8974_platform: platform_set_native_support:napb: native audio playback enabled in (True) mode
07-20 22:09:42.447   666   773 D audio_hw_hfp: hfp_set_parameters: enter
07-20 22:09:42.447   666   773 V msm8974_platform: platform_set_parameters: enter: native_audio_mode=true;hfp_pcm_dev_id=39
07-20 22:09:42.447   666   773 D msm8974_platform: native_audio_set_params:napb updating mode (2) from XML
07-20 22:09:42.447   666   773 D msm8974_platform: platform_set_native_support:napb: native audio playback enabled in (True) mode
07-20 22:09:42.447   666   773 D audio_hw_hfp: hfp_set_parameters: enter
07-20 22:09:42.447   666   773 D audio_hw_hfp: Updating HFP_PCM_DEV_ID as 39 from platform XML
07-20 22:09:42.447   666   773 V msm8974_platform: platform_set_parameters: enter: native_audio_mode=true;input_mic_max_count=2
07-20 22:09:42.447   666   773 D msm8974_platform: native_audio_set_params:napb updating mode (2) from XML
07-20 22:09:42.447   666   773 D msm8974_platform: platform_set_native_support:napb: native audio playback enabled in (True) mode
07-20 22:09:42.447   666   773 D audio_hw_hfp: hfp_set_parameters: enter
07-20 22:09:42.447   666   773 D msm8974_platform: platform_set_snd_device_backend: backend_tag_table[headphones]: old = null new = headphones
07-20 22:09:42.447   666   773 D msm8974_platform: platform_set_snd_device_backend: hw_interface_table[9] = INT0_MI2S_RX
07-20 22:09:42.447   666   773 D msm8974_platform: platform_set_snd_device_backend: backend_tag_table[bt-sco-headset-wb]: old = bt-sco-wb new = bt-sco-wb
07-20 22:09:42.447   666   773 D msm8974_platform: platform_set_snd_device_backend: hw_interface_table[34] = SLIMBUS_7_RX
07-20 22:09:42.448   666   773 D msm8974_platform: platform_set_snd_device_backend: backend_tag_table[bt-sco-headset]: old = bt-sco new = bt-sco
07-20 22:09:42.448   666   773 D msm8974_platform: platform_set_snd_device_backend: hw_interface_table[33] = SLIMBUS_7_RX
07-20 22:09:42.448   666   773 D msm8974_platform: platform_set_snd_device_backend: backend_tag_table[bt-a2dp]: old = bt-a2dp new = bt-a2dp
07-20 22:09:42.448   666   773 D msm8974_platform: platform_set_snd_device_backend: hw_interface_table[36] = SLIMBUS_7_RX
07-20 22:09:42.448   666   773 D msm8974_platform: platform_set_snd_device_backend: backend_tag_table[line]: old = null new = headphones
07-20 22:09:42.448   666   773 D msm8974_platform: platform_set_snd_device_backend: hw_interface_table[8] = INT0_MI2S_RX
07-20 22:09:42.448   666   773 D msm8974_platform: platform_set_snd_device_backend: backend_tag_table[anc-headphones]: old = null new = headphones
07-20 22:09:42.448   666   773 D msm8974_platform: platform_set_snd_device_backend: hw_interface_table[69] = INT0_MI2S_RX
07-20 22:09:42.448   666   773 D msm8974_platform: platform_set_snd_device_backend: backend_tag_table[speaker-and-headphones]: old = null new = speaker-and-headphones
07-20 22:09:42.448   666   773 D msm8974_platform: platform_set_snd_device_backend: hw_interface_table[13] = INT4_MI2S_RX-and-INT0_MI2S_RX
07-20 22:09:42.448   666   773 D msm8974_platform: platform_set_snd_device_backend: backend_tag_table[speaker-and-line]: old = null new = speaker-and-headphones
07-20 22:09:42.448   666   773 D msm8974_platform: platform_set_snd_device_backend: hw_interface_table[16] = INT4_MI2S_RX-and-INT0_MI2S_RX
07-20 22:09:42.448   666   773 D msm8974_platform: platform_set_snd_device_backend: backend_tag_table[speaker-and-anc-headphones]: old = null new = speaker-and-headphones
07-20 22:09:42.448   666   773 D msm8974_platform: platform_set_snd_device_backend: hw_interface_table[73] = INT4_MI2S_RX-and-INT0_MI2S_RX
07-20 22:09:42.448   666   773 D msm8974_platform: platform_set_snd_device_backend: backend_tag_table[voice-headphones]: old = null new = headphones
07-20 22:09:42.448   666   773 D msm8974_platform: platform_set_snd_device_backend: hw_interface_table[26] = INT0_MI2S_RX
07-20 22:09:42.448   666   773 D msm8974_platform: platform_set_snd_device_backend: backend_tag_table[voice-anc-headphones]: old = null new = headphones
07-20 22:09:42.448   666   773 D msm8974_platform: platform_set_snd_device_backend: hw_interface_table[71] = INT0_MI2S_RX
07-20 22:09:42.448   666   773 D msm8974_platform: platform_set_snd_device_backend: backend_tag_table[voice-line]: old = null new = headphones
07-20 22:09:42.448   666   773 D msm8974_platform: platform_set_snd_device_backend: hw_interface_table[28] = INT0_MI2S_RX
07-20 22:09:42.448   666   773 D msm8974_platform: platform_set_snd_device_backend: backend_tag_table[voice-tty-full-headphones]: old = null new = headphones
07-20 22:09:42.448   666   773 D msm8974_platform: platform_set_snd_device_backend: hw_interface_table[49] = INT0_MI2S_RX
07-20 22:09:42.448   666   773 D msm8974_platform: platform_set_snd_device_backend: backend_tag_table[voice-tty-vco-headphones]: old = null new = headphones
07-20 22:09:42.448   666   773 D msm8974_platform: platform_set_snd_device_backend: hw_interface_table[51] = INT0_MI2S_RX
07-20 22:09:42.448   666   773 D msm8974_platform: platform_set_snd_device_backend: backend_tag_table[handset]: old = null new = (null)
07-20 22:09:42.448   666   773 D msm8974_platform: platform_set_snd_device_backend: hw_interface_table[1] = INT4_MI2S_RX
07-20 22:09:42.448   666   773 D msm8974_platform: platform_set_snd_device_backend: backend_tag_table[speaker]: old = null new = (null)
07-20 22:09:42.448   666   773 D msm8974_platform: platform_set_snd_device_backend: hw_interface_table[2] = INT4_MI2S_RX
07-20 22:09:42.448   666   773 D msm8974_platform: platform_set_snd_device_backend: backend_tag_table[speaker-ext-1]: old = null new = (null)
07-20 22:09:42.448   666   773 D msm8974_platform: platform_set_snd_device_backend: hw_interface_table[3] = INT4_MI2S_RX
07-20 22:09:42.448   666   773 D msm8974_platform: platform_set_snd_device_backend: backend_tag_table[speaker-ext-2]: old = null new = (null)
07-20 22:09:42.448   666   773 D msm8974_platform: platform_set_snd_device_backend: hw_interface_table[4] = INT4_MI2S_RX
07-20 22:09:42.448   666   773 D msm8974_platform: platform_set_snd_device_backend: backend_tag_table[speaker-reverse]: old = null new = (null)
07-20 22:09:42.448   666   773 D msm8974_platform: platform_set_snd_device_backend: hw_interface_table[5] = INT4_MI2S_RX
07-20 22:09:42.448   666   773 D msm8974_platform: platform_set_snd_device_backend: backend_tag_table[speaker-vbat]: old = null new = (null)
07-20 22:09:42.448   666   773 D msm8974_platform: platform_set_snd_device_backend: hw_interface_table[7] = INT4_MI2S_RX
07-20 22:09:42.448   666   773 D msm8974_platform: platform_set_snd_device_backend: backend_tag_table[speaker-and-headphones-ext-1]: old = null new = (null)
07-20 22:09:42.448   666   773 D msm8974_platform: platform_set_snd_device_backend: hw_interface_table[18] = INT4_MI2S_RX-and-INT0_MI2S_RX
07-20 22:09:42.448   666   773 D msm8974_platform: platform_set_snd_device_backend: backend_tag_table[speaker-and-headphones-ext-2]: old = null new = (null)
07-20 22:09:42.448   666   773 D msm8974_platform: platform_set_snd_device_backend: hw_interface_table[19] = INT4_MI2S_RX-and-INT0_MI2S_RX
07-20 22:09:42.448   666   773 D msm8974_platform: platform_set_snd_device_backend: backend_tag_table[voice-handset]: old = null new = (null)
07-20 22:09:42.448   666   773 D msm8974_platform: platform_set_snd_device_backend: hw_interface_table[20] = INT4_MI2S_RX
07-20 22:09:42.448   666   773 D msm8974_platform: platform_set_snd_device_backend: backend_tag_table[voice-speaker]: old = null new = (null)
07-20 22:09:42.448   666   773 D msm8974_platform: platform_set_snd_device_backend: hw_interface_table[21] = INT4_MI2S_RX
07-20 22:09:42.448   666   773 D msm8974_platform: platform_set_snd_device_backend: backend_tag_table[voice-speaker-vbat]: old = voice-speaker-vbat new = (null)
07-20 22:09:42.448   666   773 D msm8974_platform: platform_set_snd_device_backend: hw_interface_table[23] = INT4_MI2S_RX
07-20 22:09:42.448   666   773 D msm8974_platform: platform_set_snd_device_backend: backend_tag_table[voice-speaker-2]: old = null new = (null)
07-20 22:09:42.448   666   773 D msm8974_platform: platform_set_snd_device_backend: hw_interface_table[24] = INT4_MI2S_RX
07-20 22:09:42.448   666   773 D msm8974_platform: platform_set_snd_device_backend: backend_tag_table[voice-speaker-2-vbat]: old = voice-speaker-2-vbat new = (null)
07-20 22:09:42.448   666   773 D msm8974_platform: platform_set_snd_device_backend: hw_interface_table[25] = INT4_MI2S_RX
07-20 22:09:42.448   666   773 D msm8974_platform: platform_set_snd_device_backend: backend_tag_table[speaker-and-hdmi]: old = speaker-and-hdmi new = (null)
07-20 22:09:42.448   666   773 D msm8974_platform: platform_set_snd_device_backend: hw_interface_table[30] = INT4_MI2S_RX-and-HDMI
07-20 22:09:42.448   666   773 D msm8974_platform: platform_set_snd_device_backend: backend_tag_table[speaker-and-display-port]: old = speaker-and-display-port new = (null)
07-20 22:09:42.448   666   773 D msm8974_platform: platform_set_snd_device_backend: hw_interface_table[32] = INT4_MI2S_RX-and-DISPLAY_PORT
07-20 22:09:42.448   666   773 D msm8974_platform: platform_set_snd_device_backend: backend_tag_table[speaker-and-bt-sco]: old = null new = speaker-and-bt-sco
07-20 22:09:42.448   666   773 D msm8974_platform: platform_set_snd_device_backend: hw_interface_table[40] = SLIMBUS_0_RX-and-SLIMBUS_7_RX
07-20 22:09:42.448   666   773 D msm8974_platform: platform_set_snd_device_backend: backend_tag_table[speaker-and-bt-sco-wb]: old = null new = speaker-and-bt-sco-wb
07-20 22:09:42.448   666   773 D msm8974_platform: platform_set_snd_device_backend: hw_interface_table[42] = SLIMBUS_0_RX-and-SLIMBUS_7_RX
07-20 22:09:42.448   666   773 D msm8974_platform: platform_set_snd_device_backend: backend_tag_table[speaker-and-bt-a2dp]: old = speaker-and-bt-a2dp new = (null)
07-20 22:09:42.448   666   773 D msm8974_platform: platform_set_snd_device_backend: hw_interface_table[37] = INT4_MI2S_RX-and-SLIMBUS_7_RX
07-20 22:09:42.448   666   773 D msm8974_platform: platform_set_snd_device_backend: backend_tag_table[voice-tty-hco-handset]: old = null new = (null)
07-20 22:09:42.448   666   773 D msm8974_platform: platform_set_snd_device_backend: hw_interface_table[53] = INT4_MI2S_RX
07-20 22:09:42.448   666   773 D msm8974_platform: platform_set_snd_device_backend: backend_tag_table[anc-fb-headphones]: old = null new = (null)
07-20 22:09:42.448   666   773 D msm8974_platform: platform_set_snd_device_backend: hw_interface_table[70] = INT0_MI2S_RX
07-20 22:09:42.448   666   773 D msm8974_platform: platform_set_snd_device_backend: backend_tag_table[voice-anc-fb-headphones]: old = null new = (null)
07-20 22:09:42.448   666   773 D msm8974_platform: platform_set_snd_device_backend: hw_interface_table[72] = INT0_MI2S_RX
07-20 22:09:42.449   666   773 D msm8974_platform: platform_set_snd_device_backend: backend_tag_table[anc-handset]: old = null new = (null)
07-20 22:09:42.449   666   773 D msm8974_platform: platform_set_snd_device_backend: hw_interface_table[75] = INT4_MI2S_RX
07-20 22:09:42.449   666   773 D msm8974_platform: platform_set_snd_device_backend: backend_tag_table[speaker-protected]: old = null new = (null)
07-20 22:09:42.449   666   773 D msm8974_platform: platform_set_snd_device_backend: hw_interface_table[76] = INT4_MI2S_RX
07-20 22:09:42.449   666   773 D msm8974_platform: platform_set_snd_device_backend: backend_tag_table[voice-speaker-protected]: old = null new = (null)
07-20 22:09:42.449   666   773 D msm8974_platform: platform_set_snd_device_backend: hw_interface_table[77] = INT4_MI2S_RX
07-20 22:09:42.449   666   773 D msm8974_platform: platform_set_snd_device_backend: backend_tag_table[voice-speaker-2-protected]: old = null new = (null)
07-20 22:09:42.449   666   773 D msm8974_platform: platform_set_snd_device_backend: hw_interface_table[78] = INT4_MI2S_RX
07-20 22:09:42.449   666   773 D msm8974_platform: platform_set_snd_device_backend: backend_tag_table[speaker-protected-vbat]: old = null new = (null)
07-20 22:09:42.449   666   773 D msm8974_platform: platform_set_snd_device_backend: hw_interface_table[80] = INT4_MI2S_RX
07-20 22:09:42.449   666   773 D msm8974_platform: platform_set_snd_device_backend: backend_tag_table[voice-speaker-protected-vbat]: old = null new = (null)
07-20 22:09:42.449   666   773 D msm8974_platform: platform_set_snd_device_backend: hw_interface_table[81] = INT4_MI2S_RX
07-20 22:09:42.449   666   773 D msm8974_platform: platform_set_snd_device_backend: backend_tag_table[voice-speaker-2-protected-vbat]: old = null new = (null)
07-20 22:09:42.449   666   773 D msm8974_platform: platform_set_snd_device_backend: hw_interface_table[82] = INT4_MI2S_RX
07-20 22:09:42.449   666   773 D msm8974_platform: platform_set_snd_device_backend: backend_tag_table[wsa-speaker]: old = null new = (null)
07-20 22:09:42.449   666   773 D msm8974_platform: platform_set_snd_device_backend: hw_interface_table[83] = INT4_MI2S_RX
07-20 22:09:42.449   666   773 D msm8974_platform: platform_set_snd_device_backend: backend_tag_table[wsa-voice-speaker]: old = null new = (null)
07-20 22:09:42.449   666   773 D msm8974_platform: platform_set_snd_device_backend: hw_interface_table[84] = INT4_MI2S_RX
07-20 22:09:42.449   666   773 D msm8974_platform: platform_set_snd_device_backend: backend_tag_table[wsa-voice-speaker-2]: old = null new = (null)
07-20 22:09:42.449   666   773 D msm8974_platform: platform_set_snd_device_backend: hw_interface_table[85] = INT4_MI2S_RX
07-20 22:09:42.449   666   773 D msm8974_platform: platform_set_snd_device_backend: backend_tag_table[handset-mic]: old = null new = (null)
07-20 22:09:42.449   666   773 D msm8974_platform: platform_set_snd_device_backend: hw_interface_table[102] = INT3_MI2S_TX
07-20 22:09:42.449   666   773 D msm8974_platform: platform_set_snd_device_backend: backend_tag_table[handset-mic-ext]: old = null new = (null)
07-20 22:09:42.449   666   773 D msm8974_platform: platform_set_snd_device_backend: hw_interface_table[104] = INT3_MI2S_TX
07-20 22:09:42.449   666   773 D msm8974_platform: platform_set_snd_device_backend: backend_tag_table[handset-mic]: old = null new = (null)
07-20 22:09:42.449   666   773 D msm8974_platform: platform_set_snd_device_backend: hw_interface_table[105] = INT3_MI2S_TX
07-20 22:09:42.449   666   773 D msm8974_platform: platform_set_snd_device_backend: backend_tag_table[handset-mic]: old = null new = (null)
07-20 22:09:42.449   666   773 D msm8974_platform: platform_set_snd_device_backend: hw_interface_table[107] = INT3_MI2S_TX
07-20 22:09:42.449   666   773 D msm8974_platform: platform_set_snd_device_backend: backend_tag_table[handset-mic]: old = null new = (null)
07-20 22:09:42.449   666   773 D msm8974_platform: platform_set_snd_device_backend: hw_interface_table[109] = INT3_MI2S_TX
07-20 22:09:42.449   666   773 D msm8974_platform: platform_set_snd_device_backend: backend_tag_table[dmic-endfire]: old = null new = (null)
07-20 22:09:42.449   666   773 D msm8974_platform: platform_set_snd_device_backend: hw_interface_table[111] = INT3_MI2S_TX
07-20 22:09:42.449   666   773 D msm8974_platform: platform_set_snd_device_backend: backend_tag_table[dmic-endfire]: old = null new = (null)
07-20 22:09:42.449   666   773 D msm8974_platform: platform_set_snd_device_backend: hw_interface_table[112] = INT3_MI2S_TX
07-20 22:09:42.449   666   773 D msm8974_platform: platform_set_snd_device_backend: backend_tag_table[dmic-endfire]: old = null new = (null)
07-20 22:09:42.449   666   773 D msm8974_platform: platform_set_snd_device_backend: hw_interface_table[114] = INT3_MI2S_TX
07-20 22:09:42.449   666   773 D msm8974_platform: platform_set_snd_device_backend: backend_tag_table[dmic-endfire]: old = null new = (null)
07-20 22:09:42.449   666   773 D msm8974_platform: platform_set_snd_device_backend: hw_interface_table[116] = INT3_MI2S_TX
07-20 22:09:42.449   666   773 D msm8974_platform: platform_set_snd_device_backend: backend_tag_table[speaker-mic]: old = null new = (null)
07-20 22:09:42.449   666   773 D msm8974_platform: platform_set_snd_device_backend: hw_interface_table[118] = INT3_MI2S_TX
07-20 22:09:42.449   666   773 D msm8974_platform: platform_set_snd_device_backend: backend_tag_table[speaker-mic]: old = null new = (null)
07-20 22:09:42.449   666   773 D msm8974_platform: platform_set_snd_device_backend: hw_interface_table[120] = INT3_MI2S_TX
07-20 22:09:42.449   666   773 D msm8974_platform: platform_set_snd_device_backend: backend_tag_table[speaker-mic]: old = null new = (null)
07-20 22:09:42.449   666   773 D msm8974_platform: platform_set_snd_device_backend: hw_interface_table[122] = INT3_MI2S_TX
07-20 22:09:42.449   666   773 D msm8974_platform: platform_set_snd_device_backend: backend_tag_table[speaker-mic]: old = null new = (null)
07-20 22:09:42.449   666   773 D msm8974_platform: platform_set_snd_device_backend: hw_interface_table[124] = INT3_MI2S_TX
07-20 22:09:42.449   666   773 D msm8974_platform: platform_set_snd_device_backend: backend_tag_table[speaker-dmic-endfire]: old = null new = (null)
07-20 22:09:42.449   666   773 D msm8974_platform: platform_set_snd_device_backend: hw_interface_table[126] = INT3_MI2S_TX
07-20 22:09:42.449   666   773 D msm8974_platform: platform_set_snd_device_backend: backend_tag_table[speaker-dmic-endfire]: old = null new = (null)
07-20 22:09:42.449   666   773 D msm8974_platform: platform_set_snd_device_backend: hw_interface_table[127] = INT3_MI2S_TX
07-20 22:09:42.449   666   773 D msm8974_platform: platform_set_snd_device_backend: backend_tag_table[speaker-dmic-endfire]: old = null new = (null)
07-20 22:09:42.449   666   773 D msm8974_platform: platform_set_snd_device_backend: hw_interface_table[129] = INT3_MI2S_TX
07-20 22:09:42.449   666   773 D msm8974_platform: platform_set_snd_device_backend: backend_tag_table[speaker-dmic-endfire]: old = null new = (null)
07-20 22:09:42.449   666   773 D msm8974_platform: platform_set_snd_device_backend: hw_interface_table[131] = INT3_MI2S_TX
07-20 22:09:42.449   666   773 D msm8974_platform: platform_set_snd_device_backend: backend_tag_table[headset-mic]: old = null new = (null)
07-20 22:09:42.449   666   773 D msm8974_platform: platform_set_snd_device_backend: hw_interface_table[133] = INT3_MI2S_TX
07-20 22:09:42.450   666   773 D msm8974_platform: platform_set_snd_device_backend: backend_tag_table[headset-mic]: old = null new = (null)
07-20 22:09:42.450   666   773 D msm8974_platform: platform_set_snd_device_backend: hw_interface_table[135] = INT3_MI2S_TX
07-20 22:09:42.450   666   773 D msm8974_platform: platform_set_snd_device_backend: backend_tag_table[voice-speaker-mic]: old = null new = (null)
07-20 22:09:42.450   666   773 D msm8974_platform: platform_set_snd_device_backend: hw_interface_table[136] = INT3_MI2S_TX
07-20 22:09:42.450   666   773 D msm8974_platform: platform_set_snd_device_backend: backend_tag_table[voice-headset-mic]: old = null new = (null)
07-20 22:09:42.450   666   773 D msm8974_platform: platform_set_snd_device_backend: hw_interface_table[139] = INT3_MI2S_TX
07-20 22:09:42.450   666   773 D msm8974_platform: platform_set_snd_device_backend: backend_tag_table[hdmi-in]: old = hdmi-in new = (null)
07-20 22:09:42.450   666   773 D msm8974_platform: platform_set_snd_device_backend: hw_interface_table[141] = HDMI
07-20 22:09:42.450   666   773 D msm8974_platform: platform_set_snd_device_backend: backend_tag_table[bt-sco-mic]: old = bt-sco new = (null)
07-20 22:09:42.450   666   773 D msm8974_platform: platform_set_snd_device_backend: hw_interface_table[143] = SLIMBUS_7_TX
07-20 22:09:42.450   666   773 D msm8974_platform: platform_set_snd_device_backend: backend_tag_table[bt-sco-mic]: old = bt-sco new = (null)
07-20 22:09:42.450   666   773 D msm8974_platform: platform_set_snd_device_backend: hw_interface_table[144] = SLIMBUS_7_TX
07-20 22:09:42.450   666   773 D msm8974_platform: platform_set_snd_device_backend: backend_tag_table[bt-sco-mic-wb]: old = bt-sco-wb new = (null)
07-20 22:09:42.450   666   773 D msm8974_platform: platform_set_snd_device_backend: hw_interface_table[145] = SLIMBUS_7_TX
07-20 22:09:42.450   666   773 D msm8974_platform: platform_set_snd_device_backend: backend_tag_table[bt-sco-mic-wb]: old = bt-sco-wb new = (null)
07-20 22:09:42.450   666   773 D msm8974_platform: platform_set_snd_device_backend: hw_interface_table[146] = SLIMBUS_7_TX
07-20 22:09:42.450   666   773 D msm8974_platform: platform_set_snd_device_backend: backend_tag_table[camcorder-mic]: old = null new = (null)
07-20 22:09:42.450   666   773 D msm8974_platform: platform_set_snd_device_backend: hw_interface_table[150] = INT3_MI2S_TX
07-20 22:09:42.450   666   773 D msm8974_platform: platform_set_snd_device_backend: backend_tag_table[voice-dmic-ef]: old = null new = (null)
07-20 22:09:42.450   666   773 D msm8974_platform: platform_set_snd_device_backend: hw_interface_table[151] = INT3_MI2S_TX
07-20 22:09:42.450   666   773 D msm8974_platform: platform_set_snd_device_backend: backend_tag_table[voice-speaker-dmic-ef]: old = null new = (null)
07-20 22:09:42.450   666   773 D msm8974_platform: platform_set_snd_device_backend: hw_interface_table[154] = INT3_MI2S_TX
07-20 22:09:42.450   666   773 D msm8974_platform: platform_set_snd_device_backend: backend_tag_table[voice-speaker-qmic]: old = null new = (null)
07-20 22:09:42.450   666   773 D msm8974_platform: platform_set_snd_device_backend: hw_interface_table[157] = INT3_MI2S_TX
07-20 22:09:42.450   666   773 D msm8974_platform: platform_set_snd_device_backend: backend_tag_table[voice-tty-full-headset-mic]: old = null new = (null)
07-20 22:09:42.450   666   773 D msm8974_platform: platform_set_snd_device_backend: hw_interface_table[158] = INT3_MI2S_TX
07-20 22:09:42.450   666   773 D msm8974_platform: platform_set_snd_device_backend: backend_tag_table[voice-tty-vco-handset-mic]: old = null new = (null)
07-20 22:09:42.450   666   773 D msm8974_platform: platform_set_snd_device_backend: hw_interface_table[159] = INT3_MI2S_TX
07-20 22:09:42.450   666   773 D msm8974_platform: platform_set_snd_device_backend: backend_tag_table[voice-tty-hco-headset-mic]: old = null new = (null)
07-20 22:09:42.450   666   773 D msm8974_platform: platform_set_snd_device_backend: hw_interface_table[160] = INT3_MI2S_TX
07-20 22:09:42.450   666   773 D msm8974_platform: platform_set_snd_device_backend: backend_tag_table[voice-rec-mic]: old = null new = (null)
07-20 22:09:42.450   666   773 D msm8974_platform: platform_set_snd_device_backend: hw_interface_table[163] = INT3_MI2S_TX
07-20 22:09:42.450   666   773 D msm8974_platform: platform_set_snd_device_backend: backend_tag_table[voice-rec-mic]: old = null new = (null)
07-20 22:09:42.450   666   773 D msm8974_platform: platform_set_snd_device_backend: hw_interface_table[164] = INT3_MI2S_TX
07-20 22:09:42.450   666   773 D msm8974_platform: platform_set_snd_device_backend: backend_tag_table[voice-rec-dmic-ef]: old = null new = (null)
07-20 22:09:42.450   666   773 D msm8974_platform: platform_set_snd_device_backend: hw_interface_table[167] = INT3_MI2S_TX
07-20 22:09:42.450   666   773 D msm8974_platform: platform_set_snd_device_backend: backend_tag_table[voice-rec-dmic-ef-fluence]: old = null new = (null)
07-20 22:09:42.450   666   773 D msm8974_platform: platform_set_snd_device_backend: hw_interface_table[168] = INT3_MI2S_TX
07-20 22:09:42.450   666   773 D msm8974_platform: platform_set_snd_device_backend: backend_tag_table[aanc-handset-mic]: old = null new = (null)
07-20 22:09:42.450   666   773 D msm8974_platform: platform_set_snd_device_backend: hw_interface_table[181] = INT3_MI2S_TX
07-20 22:09:42.450   666   773 D msm8974_platform: platform_set_snd_device_backend: backend_tag_table[quad-mic]: old = null new = (null)
07-20 22:09:42.450   666   773 D msm8974_platform: platform_set_snd_device_backend: hw_interface_table[182] = INT3_MI2S_TX
07-20 22:09:42.450   666   773 E msm8974_platform: find_index: Could not find index for name = SND_DEVICE_IN_HANDSET_STEREO_DMIC
07-20 22:09:42.450   666   773 E platform_info: process_backend_name: Device SND_DEVICE_IN_HANDSET_STEREO_DMIC not found, no ACDB ID set!
07-20 22:09:42.451     0     0 I sn65dsi86_dsi2edp_enable: DP_PLL_LOCK=85(LOCK)
07-20 22:09:42.451   666   773 E msm8974_platform: find_index: Could not find index for name = SND_DEVICE_IN_SPEAKER_STEREO_DMIC
07-20 22:09:42.451   666   773 E platform_info: process_backend_name: Device SND_DEVICE_IN_SPEAKER_STEREO_DMIC not found, no ACDB ID set!
07-20 22:09:42.451   666   773 D msm8974_platform: platform_set_snd_device_backend: backend_tag_table[vi-feedback]: old = null new = (null)
07-20 22:09:42.451   666   773 D msm8974_platform: platform_set_snd_device_backend: hw_interface_table[185] = INT5_MI2S_TX
07-20 22:09:42.451   666   773 D msm8974_platform: platform_set_snd_device_backend: backend_tag_table[vi-feedback-mono-1]: old = null new = (null)
07-20 22:09:42.451   666   773 D msm8974_platform: platform_set_snd_device_backend: hw_interface_table[186] = INT5_MI2S_TX
07-20 22:09:42.451   666   773 D msm8974_platform: platform_set_snd_device_backend: backend_tag_table[vi-feedback-mono-2]: old = null new = (null)
07-20 22:09:42.451   666   773 D msm8974_platform: platform_set_snd_device_backend: hw_interface_table[187] = INT5_MI2S_TX
07-20 22:09:42.451   666   773 D msm8974_platform: platform_set_snd_device_backend: backend_tag_table[voice-speaker-dmic-broadside]: old = null new = (null)
07-20 22:09:42.451   666   773 D msm8974_platform: platform_set_snd_device_backend: hw_interface_table[188] = INT3_MI2S_TX
07-20 22:09:42.451   666   773 D msm8974_platform: platform_set_snd_device_backend: backend_tag_table[speaker-dmic-broadside]: old = null new = (null)
07-20 22:09:42.451   666   773 D msm8974_platform: platform_set_snd_device_backend: hw_interface_table[189] = INT3_MI2S_TX
07-20 22:09:42.451   666   773 D msm8974_platform: platform_set_snd_device_backend: backend_tag_table[speaker-dmic-broadside]: old = null new = (null)
07-20 22:09:42.451   666   773 D msm8974_platform: platform_set_snd_device_backend: hw_interface_table[190] = INT3_MI2S_TX
07-20 22:09:42.451   666   773 D msm8974_platform: platform_set_snd_device_backend: backend_tag_table[speaker-dmic-broadside]: old = null new = (null)
07-20 22:09:42.451   666   773 D msm8974_platform: platform_set_snd_device_backend: hw_interface_table[191] = INT3_MI2S_TX
07-20 22:09:42.451   666   773 D msm8974_platform: platform_set_snd_device_backend: backend_tag_table[speaker-dmic-broadside]: old = null new = (null)
07-20 22:09:42.451   666   773 D msm8974_platform: platform_set_snd_device_backend: hw_interface_table[192] = INT3_MI2S_TX
07-20 22:09:42.451   666   773 D msm8974_platform: platform_set_snd_device_backend: backend_tag_table[aanc-handset-mic]: old = null new = (null)
07-20 22:09:42.451   666   773 D msm8974_platform: platform_set_snd_device_backend: hw_interface_table[193] = INT3_MI2S_TX
07-20 22:09:42.451   666   773 D msm8974_platform: platform_set_snd_device_backend: backend_tag_table[quad-mic]: old = null new = (null)
07-20 22:09:42.451   666   773 D msm8974_platform: platform_set_snd_device_backend: hw_interface_table[194] = INT3_MI2S_TX
07-20 22:09:42.451   666   773 D msm8974_platform: platform_set_snd_device_backend: backend_tag_table[quad-mic]: old = null new = (null)
07-20 22:09:42.451   666   773 D msm8974_platform: platform_set_snd_device_backend: hw_interface_table[196] = INT3_MI2S_TX
07-20 22:09:42.451   666   773 D msm8974_platform: platform_set_snd_device_backend: backend_tag_table[quad-mic]: old = null new = (null)
07-20 22:09:42.451   666   773 D msm8974_platform: platform_set_snd_device_backend: hw_interface_table[197] = INT3_MI2S_TX
07-20 22:09:42.451   666   773 D msm8974_platform: platform_set_snd_device_backend: backend_tag_table[quad-mic]: old = null new = (null)
07-20 22:09:42.451   666   773 D msm8974_platform: platform_set_snd_device_backend: hw_interface_table[198] = INT3_MI2S_TX
07-20 22:09:42.451   666   773 D msm8974_platform: platform_set_snd_device_backend: backend_tag_table[three-mic]: old = null new = (null)
07-20 22:09:42.451   666   773 D msm8974_platform: platform_set_snd_device_backend: hw_interface_table[200] = INT3_MI2S_TX
07-20 22:09:42.451   666   773 D msm8974_platform: platform_set_snd_device_backend: backend_tag_table[three-mic]: old = null new = (null)
