07-20 22:09:39.942     0     0 E msm-audio-ion soc: qcom,msm-audio-apr:qcom,msm-audio-ion: msm_audio_ion_probe: qcom,smmu-sid-mask missing in DT node, using default
07-20 22:09:39.944     0     0 I f_cdev_alloc: port_name:at_usb1 (000000005d080c0b) portno:(1)
07-20 22:09:39.945   676   676 I ServiceManagement: Registered vendor.display.config@1.9::IDisplayConfig/default (start delay of 334ms)
07-20 22:09:39.945   676   676 I SDM     : HWCSession::StartServices: IDisplayConfig service registration completed.
07-20 22:09:39.947   676   761 W SDM     : HWCSession::UEventThread: UEvent dropped. No uevent listener.
07-20 22:09:39.948   676   761 I chatty  : uid=1000(system) HWC_UeventThrea identical 1 line
07-20 22:09:39.950   676   761 W SDM     : HWCSession::UEventThread: UEvent dropped. No uevent listener.
07-20 22:09:39.950   629   629 I AndroidRuntime: Using default boot image
07-20 22:09:39.950   629   629 I AndroidRuntime: Leaving lock profiling enabled
07-20 22:09:39.950   666   666 I ServiceManagement: Registered android.hardware.audio@5.0::IDevicesFactory/default (start delay of 360ms)
07-20 22:09:39.951   666   666 I ServiceManagement: Removing namespace from process name android.hardware.audio@2.0-service to audio@2.0-service.
07-20 22:09:39.951   676   761 W SDM     : HWCSession::UEventThread: UEvent dropped. No uevent listener.
07-20 22:09:39.951   666   666 I audiohalservice: Registration complete for android.hardware.audio@5.0::IDevicesFactory/default.
07-20 22:09:39.951     0     0 I f_cdev_alloc: port_name:at_usb2 (00000000c8d15223) portno:(2)
07-20 22:09:39.951   676   761 W SDM     : HWCSession::UEventThread: UEvent dropped. No uevent listener.
07-20 22:09:39.958   676   761 I chatty  : uid=1000(system) HWC_UeventThrea identical 4 lines
07-20 22:09:39.958   676   761 W SDM     : HWCSession::UEventThread: UEvent dropped. No uevent listener.
07-20 22:09:39.959   676   676 I SDM     : ExtensionInterface::CreateExtensionInterface: 
07-20 22:09:39.959   676   676 I SDM     : SDM-EXTENSION Version: Date: 11/23/20, Commit: 9f32874, Change: I882287a529
07-20 22:09:39.960   676   761 W SDM     : HWCSession::UEventThread: UEvent dropped. No uevent listener.
07-20 22:09:39.960   676   676 I SDM     : HWInfo::GetHWResourceInfo: SDE Version = 5, SDE Revision = 30020000, RGB = 0, VIG = 2, DMA = 3, Cursor = 1
07-20 22:09:39.960   676   761 W SDM     : HWCSession::UEventThread: UEvent dropped. No uevent listener.
07-20 22:09:39.960   676   676 I SDM     : HWInfo::GetHWResourceInfo: Upscale Ratio = 20, Downscale Ratio = 4, Blending Stages = 7
07-20 22:09:39.961   676   676 I SDM     : HWInfo::GetHWResourceInfo: SourceSplit = 1 QSEED3 = 1
07-20 22:09:39.961   676   676 I SDM     : HWInfo::GetHWResourceInfo: BWC = 0, UBWC = 1, Decimation = 1, Tile Format = 0 Concurrent Writeback = 1
07-20 22:09:39.961   676   676 I SDM     : HWInfo::GetHWResourceInfo: MaxLowBw = 6600000 , MaxHighBw = 6600000
07-20 22:09:39.961   676   676 I SDM     : HWInfo::GetHWResourceInfo: MaxPipeBw = 3100000 KBps, MaxSDEClock = 412500000 Hz, ClockFudgeFactor = 1.050000
07-20 22:09:39.961   676   676 I SDM     : HWInfo::GetHWResourceInfo: Prefill factors: Tiled_NV12 = 8, Tiled = 4, Linear = 1, Scale = 1, Fudge_factor = 2
07-20 22:09:39.961   676   676 W SDM     : HWInfo::GetMDSSRotatorInfo: File '/sys/devices/virtual/rotator/mdss_rotator/caps' not found
07-20 22:09:39.961   676   676 I SDM     : HWInfo::GetV4L2RotatorInfo: V4L2 Rotator: Count = 1, Downscale = 1, Min_downscale = 1.500000, Downscale_compression = 1
07-20 22:09:39.961   676   676 I SDM     : HWInfo::GetHWResourceInfo: Has Support for multiple bw limits shown below
07-20 22:09:39.961   676   676 I SDM     : HWInfo::GetHWResourceInfo: Mode-index=0  total_bw_limit=6600000 and pipe_bw_limit=3100000
07-20 22:09:39.961   676   676 I SDM     : HWInfo::GetHWResourceInfo: Mode-index=1  total_bw_limit=4500000 and pipe_bw_limit=3100000
07-20 22:09:39.961   676   676 I SDM     : HWInfo::GetHWResourceInfo: Mode-index=2  total_bw_limit=6600000 and pipe_bw_limit=3100000
07-20 22:09:39.961   676   676 I SDM     : HWInfo::GetHWResourceInfo: Mode-index=3  total_bw_limit=6600000 and pipe_bw_limit=3100000
07-20 22:09:39.962   676   761 W SDM     : HWCSession::UEventThread: UEvent dropped. No uevent listener.
07-20 22:09:39.962   676   676 I SDM     : SessionManager::SessionManager: Allocate buffers synchronously = 0
07-20 22:09:39.965   676   761 W SDM     : HWCSession::UEventThread: UEvent dropped. No uevent listener.
07-20 22:09:39.968   676   676 I SDM     : ScalarConfig::Init: DE sharpness value is 50
07-20 22:09:39.968   676   761 W SDM     : HWCSession::UEventThread: UEvent dropped. No uevent listener.
07-20 22:09:39.969   676   761 I chatty  : uid=1000(system) HWC_UeventThrea identical 1 line
07-20 22:09:39.969   676   761 W SDM     : HWCSession::UEventThread: UEvent dropped. No uevent listener.
07-20 22:09:39.970     0     0 W healthd : Unknown power supply type 'BMS'
07-20 22:09:39.970     0     0 W healthd : Unknown power supply type 'Main'
07-20 22:09:39.972   629   629 I zygote  : option[0]=-Xzygote
07-20 22:09:39.972   629   629 I zygote  : option[1]=exit
07-20 22:09:39.972   629   629 I zygote  : option[2]=vfprintf
07-20 22:09:39.972   629   629 I zygote  : option[3]=sensitiveThread
07-20 22:09:39.972   629   629 I zygote  : option[4]=-verbose:gc
07-20 22:09:39.972   629   629 I zygote  : option[5]=-Xms8m
07-20 22:09:39.972   629   629 I zygote  : option[6]=-Xmx512m
07-20 22:09:39.972   629   629 I zygote  : option[7]=-XX:HeapGrowthLimit=256m
07-20 22:09:39.972   629   629 I zygote  : option[8]=-XX:HeapMinFree=512k
07-20 22:09:39.972   629   629 I zygote  : option[9]=-XX:HeapMaxFree=8m
07-20 22:09:39.972   629   629 I zygote  : option[10]=-XX:HeapTargetUtilization=0.75
07-20 22:09:39.972   629   629 I zygote  : option[11]=-Xusejit:true
07-20 22:09:39.972   629   629 I zygote  : option[12]=-Xjitsaveprofilinginfo
07-20 22:09:39.972   629   629 I zygote  : option[13]=-XjdwpOptions:suspend=n,server=y
07-20 22:09:39.972   629   629 I zygote  : option[14]=-XjdwpProvider:default
07-20 22:09:39.972   629   629 I zygote  : option[15]=-Xlockprofthreshold:500
07-20 22:09:39.972   629   629 I zygote  : option[16]=-Ximage-compiler-option
07-20 22:09:39.972   629   629 I zygote  : option[17]=--runtime-arg
07-20 22:09:39.972   629   629 I zygote  : option[18]=-Ximage-compiler-option
07-20 22:09:39.972   629   629 I zygote  : option[19]=-Xms64m
07-20 22:09:39.972   629   629 I zygote  : option[20]=-Ximage-compiler-option
07-20 22:09:39.972   629   629 I zygote  : option[21]=--runtime-arg
07-20 22:09:39.972   629   629 I zygote  : option[22]=-Ximage-compiler-option
07-20 22:09:39.972   629   629 I zygote  : option[23]=-Xmx64m
07-20 22:09:39.972   629   629 I zygote  : option[24]=-Ximage-compiler-option
07-20 22:09:39.972   629   629 I zygote  : option[25]=--profile-file=/system/etc/boot-image.prof
07-20 22:09:39.972   629   629 I zygote  : option[26]=-Ximage-compiler-option
07-20 22:09:39.972   629   629 I zygote  : option[27]=--compiler-filter=speed-profile
07-20 22:09:39.972   629   629 I zygote  : option[28]=-Xcompiler-option
07-20 22:09:39.972   629   629 I zygote  : option[29]=--runtime-arg
07-20 22:09:39.972   629   629 I zygote  : option[30]=-Xcompiler-option
07-20 22:09:39.972   629   629 I zygote  : option[31]=-Xms64m
07-20 22:09:39.972   629   629 I zygote  : option[32]=-Xcompiler-option
07-20 22:09:39.972   629   629 I zygote  : option[33]=--runtime-arg
07-20 22:09:39.972   629   629 I zygote  : option[34]=-Xcompiler-option
07-20 22:09:39.972   629   629 I zygote  : option[35]=-Xmx512m
07-20 22:09:39.972   629   629 I zygote  : option[36]=-Ximage-compiler-option
07-20 22:09:39.972   629   629 I zygote  : option[37]=--instruction-set-variant=cortex-a73
07-20 22:09:39.972   629   629 I zygote  : option[38]=-Xcompiler-option
07-20 22:09:39.972   629   629 I zygote  : option[39]=--instruction-set-variant=cortex-a73
07-20 22:09:39.972   629   629 I zygote  : option[40]=-Ximage-compiler-option
07-20 22:09:39.972   629   629 I zygote  : option[41]=--instruction-set-features=default
07-20 22:09:39.973   629   629 I zygote  : option[42]=-Xcompiler-option
07-20 22:09:39.973   629   629 I zygote  : option[43]=--instruction-set-features=default
07-20 22:09:39.973   629   629 I zygote  : option[44]=-Duser.locale=en-US
07-20 22:09:39.973   629   629 I zygote  : option[45]=--cpu-abilist=armeabi-v7a,armeabi
07-20 22:09:39.973   629   629 I zygote  : option[46]=-Xcompiler-option
07-20 22:09:39.973   629   629 I zygote  : option[47]=--generate-mini-debug-info
07-20 22:09:39.973   629   629 I zygote  : option[48]=-Xcore-platform-api-policy:just-warn
07-20 22:09:39.973   629   629 I zygote  : option[49]=-Xfingerprint:Elo/15in-I-Series-4_E8MP/15in-I-Series-4:10/QKQ1.201112.002/eng.youkai.20210720.100238:userdebug/debug,release-keys
07-20 22:09:39.974   757   783 I         : OEM debug sns_reg_storage_init: sns_reg_filename = /mnt/vendor/persist/sensors/sns.reg
07-20 22:09:39.975   676   761 W SDM     : HWCSession::UEventThread: UEvent dropped. No uevent listener.
07-20 22:09:39.975   666   666 I ServiceManagement: Registered android.hardware.audio.effect@5.0::IEffectsFactory/default (start delay of 384ms)
07-20 22:09:39.975   666   666 I audiohalservice: Registration complete for android.hardware.audio.effect@5.0::IEffectsFactory/default.
07-20 22:09:39.975   497   497 I hwservicemanager: getTransport: Cannot find entry android.hardware.soundtrigger@2.2::ISoundTriggerHw/default in either framework or device manifest.
07-20 22:09:39.976     0     0 I wsa881x.20170211: wsa881x_swr_probe: bolero node not found
07-20 22:09:39.976   666   666 E audiohalservice: Could not get passthrough implementation for android.hardware.soundtrigger@2.2::ISoundTriggerHw/default.
07-20 22:09:39.976   676   761 W SDM     : HWCSession::UEventThread: UEvent dropped. No uevent listener.
07-20 22:09:39.978   676   761 I chatty  : uid=1000(system) HWC_UeventThrea identical 5 lines
07-20 22:09:39.978   676   761 W SDM     : HWCSession::UEventThread: UEvent dropped. No uevent listener.
07-20 22:09:39.982   629   629 I zygote  : Core platform API reporting enabled, enforcing=false
07-20 22:09:39.983   676   761 W SDM     : HWCSession::UEventThread: UEvent dropped. No uevent listener.
07-20 22:09:39.983   676   761 I chatty  : uid=1000(system) HWC_UeventThrea identical 1 line
07-20 22:09:39.983   676   761 W SDM     : HWCSession::UEventThread: UEvent dropped. No uevent listener.
07-20 22:09:39.983   676   676 I SDM     : CoreInterface::CreateCore: Open interface handle = 0x70ae83c000
07-20 22:09:39.983   676   676 I SDM     : HWCSession::Register: Set uevent listener = 0x70ae826280
07-20 22:09:39.983   676   676 I SDM     : HWInfo::GetFirstDisplayInterfaceType: First display is internal display
07-20 22:09:39.983   676   676 I SDM     : CPUHint::Init: Invalid CPU Hint Pre-enable Window -1
07-20 22:09:39.983     0     0 I wsa881x.20170212: wsa881x_swr_probe: bolero node not found
07-20 22:09:39.983   676   676 I SDM     : HWDevice::GetHWPanelMaxBrightnessFromNode: Max brightness level = 255
07-20 22:09:39.984   676   676 I SDM     : HWDevice::Init: access(/dev/graphics/fb0) successful
07-20 22:09:39.984   676   676 I SDM     : HWDevice::GetHWPanelMaxBrightnessFromNode: Max brightness level = 255
07-20 22:09:39.984   676   676 I SDM     : HWDevice::PopulateHWPanelInfo: Device type = 0, Display Port = 1, Display Mode = 1, Device Node = 0, Is Primary = 1
07-20 22:09:39.984   676   676 I SDM     : HWDevice::PopulateHWPanelInfo: Partial Update = 0, supported roi_count =0, Dynamic FPS = 0
07-20 22:09:39.984   676   676 I SDM     : HWDevice::PopulateHWPanelInfo: Align: left = 0, width = 0, top = 0, height = 0
07-20 22:09:39.984   676   676 I SDM     : HWDevice::PopulateHWPanelInfo: ROI: min_width = 0, min_height = 0, need_merge = 0
07-20 22:09:39.984   676   676 I SDM     : HWDevice::PopulateHWPanelInfo: FPS: min = 60, max =60
07-20 22:09:39.984   676   676 I SDM     : HWDevice::PopulateHWPanelInfo: Ping Pong Split = 0
07-20 22:09:39.984   676   676 I SDM     : HWDevice::PopulateHWPanelInfo: Left Split = 0, Right Split = 0
07-20 22:09:39.984     0     0 I mdss_fb_start_disp_thread: mdss_fb_blank_unblank+0x1ac/0x340: start display thread fb0
07-20 22:09:39.984     0     0 I mdss_fb_do_ioctl: reset MIPI for EDP IC can't catch mipi signal when power up
07-20 22:09:39.984     0     0 I sn65dsi86_dsi2edp_bl_enable: enable, set IO to 1
07-20 22:09:39.992     0     0 E swr-wcd msm_sdw_swr_ctrl: swrm_get_logical_dev_num: device 0x21170213 is not ready
07-20 22:09:39.992     0     0 E swr_get_logical_dev_num: Error -22 to get logical addr for device 21170213
07-20 22:09:39.993     0     0 W wsa881x : probe of wsa881x.21170213 failed with error -22
07-20 22:09:39.998   757   783 I         : OEM debug sns_reg_write_conf_item: get platform_string = I40
07-20 22:09:39.998   757   783 I         : , persist.sys.gsensor.cal = 
07-20 22:09:39.999   757   783 I         : OEM debug sns_reg_match_conf_item: now we found platform_conf=sdm660
07-20 22:09:39.999   757   783 I chatty  : uid=1000(system) /vendor/bin/sensors.qti identical 1 line
07-20 22:09:39.999   757   783 I         : OEM debug sns_reg_match_conf_item: now we found platform_conf=sdm660
07-20 22:09:40.002     0     0 E swr-wcd msm_sdw_swr_ctrl: swrm_get_logical_dev_num: device 0x21170214 is not ready
07-20 22:09:40.002     0     0 E swr_get_logical_dev_num: Error -22 to get logical addr for device 21170214
07-20 22:09:40.002     0     0 W wsa881x : probe of wsa881x.21170214 failed with error -22
07-20 22:09:40.005   670   670 I QCamera : <MCI><INFO> needHAL1Support: 336: HAL1/HAL3 IS SUPPORTED
07-20 22:09:40.010     0     0 I mdss_dsi_panel_bklt_pwm: set led_en(28) to low
07-20 22:09:40.011   666   666 D sound_trigger_hw: stdev_open: Enter
07-20 22:09:40.013   757   783 I libqpart: item :GSENSOR_BIAS, length: 0x20
07-20 22:09:40.013   757   783 I qpart-client: *** qpart_socket_client *** 
07-20 22:09:40.013   757   783 I qpart-client: Packet header to send
07-20 22:09:40.013   757   783 I qpart-client: 136 bytes sent
07-20 22:09:40.013   731   731 I qpart-server: accepted qvart request client = 5
07-20 22:09:40.013   731   731 I qpart-server: qpart_req_handle: enter +++++
07-20 22:09:40.013   731   731 I qpart-server: qotp_cmd_handle: enter +++++
07-20 22:09:40.013   731   731 I qpart-server: qotp_cmd_handle: cmd read-----
07-20 22:09:40.013   731   731 I qotp_implement: item :GSENSOR_BIAS, offset :0x00002400, length: 0x20
07-20 22:09:40.018   731   731 I qotp_implement: crc32_cal:  0x008e53f9 , size: 4
07-20 22:09:40.018   731   731 I qotp_implement: qotp_read_item: read GSENSOR_BIAS: 00013947ffff7eadffffc090GSENSOR1 
07-20 22:09:40.018   731   731 I qpart-server: qotp_cmd_handle: leave ,rc =0-----
07-20 22:09:40.018   731   731 I qpart-server: qpart_req_handle: rc = 0, payload_len =64 -----
07-20 22:09:40.018   731   731 I qpart-server: qpart_req_handle: end +++++
07-20 22:09:40.018   757   783 I qpart-client: payload_len:64
07-20 22:09:40.018   757   783 I qpart-client: Packet header received
07-20 22:09:40.018   757   783 I libqpart: read qotp successed, data len :32
07-20 22:09:40.018   757   783 E Sensors : sns_reg_la.c(301):bias: 00013947
07-20 22:09:40.018   757   783 E Sensors : sns_reg_la.c(301):bias: ffff7ead
07-20 22:09:40.018   757   783 E Sensors : sns_reg_la.c(301):bias: ffffc090
07-20 22:09:40.022   757   783 I         : OEM debug update_gsensor_nv: bias: x: 0x00013947, y: 0xffff7ead, z: 0xffffc090
07-20 22:09:40.023   757   783 I         : OEM debug update_gsensor_nv(nv): bias: x: 0x00013947, y: 0xffff7ead, z: 0xffffc090
07-20 22:09:40.023   757   783 I         : OEM debug sns_reg_storage_init: update_gsensor_nv from OTP succeed
07-20 22:09:40.023   757   783 I libqpart: item :PSENSOR_NV, length: 0x10
07-20 22:09:40.023   757   783 I qpart-client: *** qpart_socket_client *** 
07-20 22:09:40.023   757   783 I qpart-client: Packet header to send
07-20 22:09:40.023   757   783 I qpart-client: 104 bytes sent
07-20 22:09:40.023   731   731 I qpart-server: accepted qvart request client = 5
07-20 22:09:40.023   731   731 I qpart-server: qpart_req_handle: enter +++++
07-20 22:09:40.023   731   731 I qpart-server: qotp_cmd_handle: enter +++++
07-20 22:09:40.023   731   731 I qpart-server: qotp_cmd_handle: cmd read-----
07-20 22:09:40.023   731   731 I qotp_implement: item :PSENSOR_NV, offset :0x00002800, length: 0x10
07-20 22:09:40.026   731   731 I qotp_implement: crc32_cal:  0x00000000 , size: 4
07-20 22:09:40.026   731   731 E qotp_implement: qotp_read_item, ERROR: read data is not valid 
07-20 22:09:40.026   731   731 I qpart-server: qotp_cmd_handle: leave ,rc =-32-----
07-20 22:09:40.026   731   731 I qpart-server: qpart_req_handle: rc = -32, payload_len =32 -----
07-20 22:09:40.026   731   731 I qpart-server: qpart_req_handle: end +++++
07-20 22:09:40.026   757   783 I qpart-client: payload_len:32
07-20 22:09:40.026   757   783 I qpart-client: Packet header received
07-20 22:09:40.026   757   783 E libqpart: read qotp fail :-32
07-20 22:09:40.026   757   783 E Sensors : sns_reg_la.c(357):psensor otp item read fail
07-20 22:09:40.026   757   783 E         : update_psensor_nv: psensor otp item read fail
07-20 22:09:40.026   757   783 E Sensors : sns_reg_la.c(552):update_psensor_nv from OTP failed, error code = -3
07-20 22:09:40.031   757   757 E Sensors : sns_debug_main.c(294):Debug Config File missing in EFS!
07-20 22:09:40.032   757   757 E Sensors : aon_control.c(119):inotify_add_watch::/persist/sensors failed
07-20 22:09:40.032   757   803 E libsensor1: check_sensors_enabled: Sensors enabled = true
07-20 22:09:40.037     0     0 W QSEECOM : qseecom_load_app: App (soter64) does'nt exist, loading apps for first time
07-20 22:09:40.042   757   783 E QMI_FW  : xport_handle_event: QCSI Received Resume_Tx from 00000005:0000003b on FD- 4
07-20 22:09:40.044   757   783 E QMI_FW  : xport_handle_event: QCSI Received Resume_Tx from 00000005:0000003a on FD- 4
07-20 22:09:40.047   757   783 E QMI_FW  : xport_handle_event: QCSI Received Resume_Tx from 00000005:0000003b on FD- 4
07-20 22:09:40.049   757   783 E QMI_FW  : xport_handle_event: QCSI Received Resume_Tx from 00000005:0000003a on FD- 4
07-20 22:09:40.060     0     0 I sn65dsi86_dsi2edp_bl_enable: disable, set IO to 0
07-20 22:09:40.062     0     0 I sdm660-asoc-snd soc: qcom,msm-audio-apr:qcom,q6core-audio:sound: msm_internal_init: default codec configured
07-20 22:09:40.062     0     0 E OF      : /soc/qcom,msm-audio-apr/qcom,q6core-audio/sound: could not get #gpio-cells for /soc/msm_cdc_pinctrl@75
07-20 22:09:40.062     0     0 I sdm660-asoc-snd soc: qcom,msm-audio-apr:qcom,q6core-audio:sound: msm_init_wsa_dev: found 2 wsa881x devices registered with ALSA core
07-20 22:09:40.068     0     0 W QSEECOM : qseecom_load_app: App with id 131074 (soter64) now loaded
07-20 22:09:40.068   703   703 D QSEECOMAPI: Loaded image: APP id = 131074
07-20 22:09:40.072   703   703 D vendor.qti.hardware.soter@1.0-service: soter: svc service starting.
07-20 22:09:40.073   703   703 I ServiceManagement: Registered vendor.qti.hardware.soter@1.0::ISoter/default (start delay of 372ms)
07-20 22:09:40.073   703   703 I ServiceManagement: Removing namespace from process name vendor.qti.hardware.soter@1.0-service to soter@1.0-service.
07-20 22:09:40.073   703   703 E vendor.qti.hardware.soter@1.0-service: Registered SOTER HAL service success
07-20 22:09:40.080     0     0 I sn65dsi86_dsi2edp_disable: start
07-20 22:09:40.089   757   803 E Sensors : aon_control.c(119):inotify_add_watch::/persist/sensors failed
07-20 22:09:40.091   666   666 D sound_trigger_hw: load_audio_hal: ahal is using proprietary API version 0x0101
07-20 22:09:40.091   666   666 I sound_trigger_platform: platform_stdev_init: Enter
07-20 22:09:40.104   666   666 W sound_trigger_platform: load_smlib: generate_sound_trigger_phrase_recognition_event_v3 not found. undefined symbol: generate_sound_trigger_phrase_recognition_event_v3
07-20 22:09:40.253   681   681 W qti_sensors_hal: addSensor : Not supported sensor with handle 67!
07-20 22:09:40.298   681   681 W qti_sensors_hal: addSensor : Not supported sensor with handle 39!
07-20 22:09:40.301   670   670 I mm-camera: < INFO> 421: init: memleak lib init.
07-20 22:09:40.301   670   670 I mm-camera: < INFO> 440: init: memleak tracer not attached
07-20 22:09:40.302     0     0 I msm_pm_qos_add_request: add request
07-20 22:09:40.302   670   670 I mm-camera: <SENSOR>< INFO> 387: eebin_read: failed!
07-20 22:09:40.303   670   670 I mm-camera: <SENSOR>< INFO> 589: sensor_init_probe: opening: /dev/v4l-subdev10
07-20 22:09:40.303   670   670 I mm-camera: <SENSOR>< INFO> 598: sensor_init_probe: failed: to probe eeprom bin sensors (non-fatal)
07-20 22:09:40.309   670   670 I mm-camera: <SENSOR>< INFO> 216: sensor_xml_util_get_node_data: num_pairs = 13
07-20 22:09:40.310   725   725 I SurfaceFlinger: Using HWComposer service: 'default'
07-20 22:09:40.310   670   670 I mm-camera: <SENSOR>< INFO> 255: sensor_xml_util_get_node_data:  i = 1 str = ov8856
07-20 22:09:40.310   670   670 I mm-camera: <SENSOR>< INFO> 255: sensor_xml_util_get_node_data:  i = 2 str = dw9714
07-20 22:09:40.310   670   670 I mm-camera: <SENSOR>< INFO> 255: sensor_xml_util_get_node_data:  i = 3 str = ov8856_gt24p64b
07-20 22:09:40.310   670   670 I mm-camera: <SENSOR>< INFO> 255: sensor_xml_util_get_node_data:  i = 5 str = pmic
07-20 22:09:40.310   670   670 I mm-camera: <SENSOR>< INFO> 255: sensor_xml_util_get_node_data:  i = 6 str = ov8856_chromatix
07-20 22:09:40.310   725   725 I SurfaceFlinger: SurfaceFlinger is starting
07-20 22:09:40.310   670   670 I mm-camera: <SENSOR>< INFO> 184: sensor_sysinfo_read: sysinfo:path /sys/module/msm_sensor_driver/parameters/module_vendor data default size 10
07-20 22:09:40.310   670   670 I mm-camera: <SENSOR>< INFO> 255: sensor_xml_util_get_node_data:  i = 8 str = 0
07-20 22:09:40.310   670   670 I mm-camera: <SENSOR>< INFO> 255: sensor_xml_util_get_node_data:  i = 9 str = 1
07-20 22:09:40.310   670   670 I mm-camera: <SENSOR>< INFO> 255: sensor_xml_util_get_node_data:  i = 10 str = BACK
07-20 22:09:40.310   670   670 I mm-camera: <SENSOR>< INFO> 255: sensor_xml_util_get_node_data:  i = 11 str = 360
07-20 22:09:40.314   681   681 W qti_sensors_hal: addSensor : Not supported sensor with handle 48!
07-20 22:09:40.314   681   681 W qti_sensors_hal: addSensor : Not supported sensor with handle 49!
07-20 22:09:40.317   670   670 I mm-camera: <SENSOR>< INFO> 311: sensor_sdk_util_get_i2c_freq_mode: Invalid i2c_freq_mode = 4
07-20 22:09:40.317     0     0 E failed  : s_ctrl 00000000806ccec9 for camera_id 0
07-20 22:09:40.317     0     0 E MSM-SENSOR-INIT msm_sensor_driver_cmd: 82 msm_sensor_driver_cmd failed (non-fatal) rc -22
07-20 22:09:40.317   670   670 I mm-camera: <SENSOR>< INFO> 246: sensor_probe: [ov8856]CFG_SINIT_PROBE failed
07-20 22:09:40.317     0     0 E MSM-SENSOR-INIT msm_sensor_init_subdev_do_ioctl: 150 msm_sensor_init_subdev_do_ioctl:150 VIDIOC_MSM_SENSOR_INIT_CFG failed (non-fatal)
07-20 22:09:40.318   670   670 I mm-camera: <SENSOR>< INFO> 399: sensor_init_xml_probe: failed: to probe ov8856
07-20 22:09:40.318   670   670 I mm-camera: <SENSOR>< INFO> 216: sensor_xml_util_get_node_data: num_pairs = 13
07-20 22:09:40.318   670   670 I mm-camera: <SENSOR>< INFO> 255: sensor_xml_util_get_node_data:  i = 1 str = se475x
07-20 22:09:40.318   670   670 I mm-camera: <SENSOR>< INFO> 255: sensor_xml_util_get_node_data:  i = 6 str = csidtg_chromatix
07-20 22:09:40.318   670   670 I mm-camera: <SENSOR>< INFO> 255: sensor_xml_util_get_node_data:  i = 8 str = 1
07-20 22:09:40.318   670   670 I mm-camera: <SENSOR>< INFO> 255: sensor_xml_util_get_node_data:  i = 9 str = 1
07-20 22:09:40.318   670   670 I mm-camera: <SENSOR>< INFO> 255: sensor_xml_util_get_node_data:  i = 10 str = FRONT
07-20 22:09:40.318   670   670 I mm-camera: <SENSOR>< INFO> 255: sensor_xml_util_get_node_data:  i = 11 str = 270
07-20 22:09:40.319   681   681 W qti_sensors_hal: addSensor : Not supported sensor with handle 53!
07-20 22:09:40.323   670   670 I mm-camera: <SENSOR>< INFO> 311: sensor_sdk_util_get_i2c_freq_mode: Invalid i2c_freq_mode = 4
07-20 22:09:40.323     0     0 E failed  : s_ctrl 00000000806ccec9 for camera_id 1
07-20 22:09:40.323     0     0 E MSM-SENSOR-INIT msm_sensor_driver_cmd: 82 msm_sensor_driver_cmd failed (non-fatal) rc -22
07-20 22:09:40.323   670   670 I mm-camera: <SENSOR>< INFO> 246: sensor_probe: [se475x]CFG_SINIT_PROBE failed
07-20 22:09:40.323     0     0 E MSM-SENSOR-INIT msm_sensor_init_subdev_do_ioctl: 150 msm_sensor_init_subdev_do_ioctl:150 VIDIOC_MSM_SENSOR_INIT_CFG failed (non-fatal)
07-20 22:09:40.323   670   670 I mm-camera: <SENSOR>< INFO> 399: sensor_init_xml_probe: failed: to probe se475x
07-20 22:09:40.323   670   670 I mm-camera: <SENSOR>< INFO> 216: sensor_xml_util_get_node_data: num_pairs = 13
07-20 22:09:40.323   670   670 I mm-camera: <SENSOR>< INFO> 255: sensor_xml_util_get_node_data:  i = 1 str = ov8856
07-20 22:09:40.323   670   670 I mm-camera: <SENSOR>< INFO> 255: sensor_xml_util_get_node_data:  i = 2 str = dw9714
07-20 22:09:40.323   670   670 I mm-camera: <SENSOR>< INFO> 255: sensor_xml_util_get_node_data:  i = 3 str = ov8856_gt24p64b
07-20 22:09:40.323   670   670 I mm-camera: <SENSOR>< INFO> 255: sensor_xml_util_get_node_data:  i = 5 str = pmic
07-20 22:09:40.323   670   670 I mm-camera: <SENSOR>< INFO> 255: sensor_xml_util_get_node_data:  i = 6 str = ov8856_chromatix
07-20 22:09:40.323   670   670 I mm-camera: <SENSOR>< INFO> 184: sensor_sysinfo_read: sysinfo:path /sys/module/msm_sensor_driver/parameters/module_vendor data default size 10
07-20 22:09:40.323   670   670 I mm-camera: <SENSOR>< INFO> 255: sensor_xml_util_get_node_data:  i = 8 str = 2
07-20 22:09:40.323   670   670 I mm-camera: <SENSOR>< INFO> 255: sensor_xml_util_get_node_data:  i = 9 str = 1
07-20 22:09:40.323   670   670 I mm-camera: <SENSOR>< INFO> 255: sensor_xml_util_get_node_data:  i = 10 str = FRONT
07-20 22:09:40.323   670   670 I mm-camera: <SENSOR>< INFO> 255: sensor_xml_util_get_node_data:  i = 11 str = 360
07-20 22:09:40.324   670   670 I mm-camera: <SENSOR>< INFO> 311: sensor_sdk_util_get_i2c_freq_mode: Invalid i2c_freq_mode = 4
07-20 22:09:40.324     0     0 E msm_sensor_fill_eeprom_subdevid_by_name: 469 Eeprom userspace probe for ov8856_gt24p64b
07-20 22:09:40.330   681   681 W qti_sensors_hal: addSensor : Not supported sensor with handle 68!
07-20 22:09:40.336   681   681 I         : Loaded library from sensors.ssc.so
07-20 22:09:40.337   681   681 E /vendor/bin/hw/android.hardware.sensors@1.0-service: HAL specifies version 1.4, but does not implement set_operation_mode()
07-20 22:09:40.341   681   681 I ServiceManagement: Registered android.hardware.sensors@1.0::ISensors/default (start delay of 710ms)
07-20 22:09:40.341   681   681 I ServiceManagement: Removing namespace from process name android.hardware.sensors@1.0-service to sensors@1.0-service.
07-20 22:09:40.344   681   681 I android.hardware.sensors@1.0-service: Registration complete for android.hardware.sensors@1.0::ISensors/default.
07-20 22:09:40.353     0     0 I msm_cci_init: 1440: hw_version = 0x10060000
07-20 22:09:40.354     0     0 I         : @@@ original_sid = 0x10, valid_flag = 0x01, eeprom_version = 0x01, checksum = 0x03
07-20 22:09:40.354     0     0 I         : @@@ rc = 0, camera_sid = 0x10, eeprom_reg_addr = 0x03 , eeprom_reg_value = 0x32
07-20 22:09:40.354     0     0 I         : @@@ rc = 0, camera_sid = 0x10, eeprom_reg_addr = 0x04 , eeprom_reg_value = 0x30
07-20 22:09:40.354     0     0 I         : @@@ rc = 0, camera_sid = 0x10, eeprom_reg_addr = 0x05 , eeprom_reg_value = 0x32
07-20 22:09:40.354     0     0 I         : @@@ rc = 0, camera_sid = 0x10, eeprom_reg_addr = 0x06 , eeprom_reg_value = 0x30
07-20 22:09:40.355     0     0 I         : @@@ rc = 0, camera_sid = 0x10, eeprom_reg_addr = 0x07 , eeprom_reg_value = 0x30
07-20 22:09:40.355     0     0 I         : @@@ rc = 0, camera_sid = 0x10, eeprom_reg_addr = 0x08 , eeprom_reg_value = 0x38
07-20 22:09:40.355     0     0 I         : @@@ rc = 0, camera_sid = 0x10, eeprom_reg_addr = 0x09 , eeprom_reg_value = 0x30
07-20 22:09:40.355     0     0 I         : @@@ rc = 0, camera_sid = 0x10, eeprom_reg_addr = 0x0a , eeprom_reg_value = 0x38
07-20 22:09:40.355     0     0 I         : @@@ rc = 0, camera_sid = 0x10, eeprom_reg_addr = 0x0b , eeprom_reg_value = 0x31
07-20 22:09:40.356     0     0 I         : @@@ rc = 0, camera_sid = 0x10, eeprom_reg_addr = 0x0c , eeprom_reg_value = 0x32
07-20 22:09:40.356     0     0 E         : ov8856 probe succeeded
07-20 22:09:40.365   670   670 I mm-camera: <SENSOR>< INFO> 216: sensor_xml_util_get_node_data: num_pairs = 9
07-20 22:09:40.365   670   670 I mm-camera: <SENSOR>< INFO> 255: sensor_xml_util_get_node_data:  i = 0 str = 2.94
07-20 22:09:40.365   670   670 I mm-camera: <SENSOR>< INFO> 255: sensor_xml_util_get_node_data:  i = 1 str = 2.4
07-20 22:09:40.365   670   670 I mm-camera: <SENSOR>< INFO> 255: sensor_xml_util_get_node_data:  i = 2 str = 1.98
07-20 22:09:40.365   670   670 I mm-camera: <SENSOR>< INFO> 255: sensor_xml_util_get_node_data:  i = 3 str = 63.2
07-20 22:09:40.365   670   670 I mm-camera: <SENSOR>< INFO> 255: sensor_xml_util_get_node_data:  i = 4 str = 49.7
07-20 22:09:40.365   670   670 I mm-camera: <SENSOR>< INFO> 255: sensor_xml_util_get_node_data:  i = 5 str = 0.1
07-20 22:09:40.365   670   670 I mm-camera: <SENSOR>< INFO> 216: sensor_xml_util_get_node_data: num_pairs = 4
07-20 22:09:40.365   670   670 I mm-camera: <SENSOR>< INFO> 255: sensor_xml_util_get_node_data:  i = 0 str = 0
07-20 22:09:40.365   670   670 I mm-camera: <SENSOR>< INFO> 255: sensor_xml_util_get_node_data:  i = 1 str = 0x1f
07-20 22:09:40.365   670   670 I mm-camera: <SENSOR>< INFO> 255: sensor_xml_util_get_node_data:  i = 2 str = 0x4320
07-20 22:09:40.365   670   670 I mm-camera: <SENSOR>< INFO> 255: sensor_xml_util_get_node_data:  i = 3 str = 0
07-20 22:09:40.368   718   718 I FastMixerState: sMaxFastTracks = 8
07-20 22:09:40.369   670   670 I mm-camera: <SENSOR>< INFO> 216: sensor_xml_util_get_node_data: num_pairs = 15
07-20 22:09:40.369   670   670 I mm-camera: <SENSOR>< INFO> 255: sensor_xml_util_get_node_data:  i = 0 str = 0
07-20 22:09:40.369   670   670 I mm-camera: <SENSOR>< INFO> 255: sensor_xml_util_get_node_data:  i = 3 str = ov8856_snapshot
07-20 22:09:40.369   670   670 I mm-camera: <SENSOR>< INFO> 255: sensor_xml_util_get_node_data:  i = 4 str = ov8856_snapshot
07-20 22:09:40.369   670   670 I mm-camera: <SENSOR>< INFO> 255: sensor_xml_util_get_node_data:  i = 5 str = ov8856_default_video
07-20 22:09:40.369   670   670 I mm-camera: <SENSOR>< INFO> 255: sensor_xml_util_get_node_data:  i = 8 str = ov8856_cpp_video
07-20 22:09:40.369   670   670 I mm-camera: <SENSOR>< INFO> 255: sensor_xml_util_get_node_data:  i = 11 str = ov8856_zsl_preview
07-20 22:09:40.369   670   670 I mm-camera: <SENSOR>< INFO> 255: sensor_xml_util_get_node_data:  i = 12 str = ov8856_zsl_video
07-20 22:09:40.369   670   670 I mm-camera: <SENSOR>< INFO> 216: sensor_xml_util_get_node_data: num_pairs = 15
07-20 22:09:40.369   670   670 I mm-camera: <SENSOR>< INFO> 255: sensor_xml_util_get_node_data:  i = 0 str = 1
07-20 22:09:40.369   718   718 V MediaUtils: physMem: 3812380672
07-20 22:09:40.369   670   670 I mm-camera: <SENSOR>< INFO> 255: sensor_xml_util_get_node_data:  i = 3 str = ov8856_preview
07-20 22:09:40.369   670   670 I mm-camera: <SENSOR>< INFO> 255: sensor_xml_util_get_node_data:  i = 4 str = ov8856_preview
07-20 22:09:40.369   670   670 I mm-camera: <SENSOR>< INFO> 255: sensor_xml_util_get_node_data:  i = 5 str = ov8856_default_video
07-20 22:09:40.369   718   718 V MediaUtils: requested limit: 536870912
07-20 22:09:40.369   670   670 I mm-camera: <SENSOR>< INFO> 255: sensor_xml_util_get_node_data:  i = 8 str = ov8856_cpp_video
07-20 22:09:40.369   670   670 I mm-camera: <SENSOR>< INFO> 255: sensor_xml_util_get_node_data:  i = 11 str = ov8856_a3_default_preview
07-20 22:09:40.369   670   670 I mm-camera: <SENSOR>< INFO> 255: sensor_xml_util_get_node_data:  i = 12 str = ov8856_a3_default_video
07-20 22:09:40.369   670   670 I mm-camera: <SENSOR>< INFO> 216: sensor_xml_util_get_node_data: num_pairs = 15
07-20 22:09:40.369   670   670 I mm-camera: <SENSOR>< INFO> 255: sensor_xml_util_get_node_data:  i = 0 str = 2
07-20 22:09:40.369   670   670 I mm-camera: <SENSOR>< INFO> 255: sensor_xml_util_get_node_data:  i = 3 str = ov8856_preview
07-20 22:09:40.369   670   670 I mm-camera: <SENSOR>< INFO> 255: sensor_xml_util_get_node_data:  i = 4 str = ov8856_preview
07-20 22:09:40.369   670   670 I mm-camera: <SENSOR>< INFO> 255: sensor_xml_util_get_node_data:  i = 5 str = ov8856_default_video
07-20 22:09:40.369   670   670 I mm-camera: <SENSOR>< INFO> 255: sensor_xml_util_get_node_data:  i = 8 str = ov8856_cpp_video
07-20 22:09:40.369   670   670 I mm-camera: <SENSOR>< INFO> 255: sensor_xml_util_get_node_data:  i = 11 str = ov8856_a3_default_preview
07-20 22:09:40.369   670   670 I mm-camera: <SENSOR>< INFO> 255: sensor_xml_util_get_node_data:  i = 12 str = ov8856_a3_default_video
07-20 22:09:40.369   670   670 I mm-camera: <SENSOR>< INFO> 216: sensor_xml_util_get_node_data: num_pairs = 15
07-20 22:09:40.369   670   670 I mm-camera: <SENSOR>< INFO> 255: sensor_xml_util_get_node_data:  i = 0 str = 3
07-20 22:09:40.369   718   718 I libc    : malloc_limit: Allocation limit enabled, max size 536870912 bytes
07-20 22:09:40.369   670   670 I mm-camera: <SENSOR>< INFO> 255: sensor_xml_util_get_node_data:  i = 3 str = ov8856_hfr_60
07-20 22:09:40.369   670   670 I mm-camera: <SENSOR>< INFO> 255: sensor_xml_util_get_node_data:  i = 4 str = ov8856_hfr_60
07-20 22:09:40.369   670   670 I mm-camera: <SENSOR>< INFO> 255: sensor_xml_util_get_node_data:  i = 5 str = ov8856_hfr_60
07-20 22:09:40.369   670   670 I mm-camera: <SENSOR>< INFO> 255: sensor_xml_util_get_node_data:  i = 8 str = ov8856_cpp_hfr_60
07-20 22:09:40.369   670   670 I mm-camera: <SENSOR>< INFO> 255: sensor_xml_util_get_node_data:  i = 11 str = ov8856_a3_hfr_60
07-20 22:09:40.369   670   670 I mm-camera: <SENSOR>< INFO> 255: sensor_xml_util_get_node_data:  i = 12 str = ov8856_a3_hfr_60
07-20 22:09:40.369   670   670 I mm-camera: <SENSOR>< INFO> 216: sensor_xml_util_get_node_data: num_pairs = 15
07-20 22:09:40.369   670   670 I mm-camera: <SENSOR>< INFO> 255: sensor_xml_util_get_node_data:  i = 0 str = 4
07-20 22:09:40.369   670   670 I mm-camera: <SENSOR>< INFO> 255: sensor_xml_util_get_node_data:  i = 3 str = ov8856_hfr_90
07-20 22:09:40.369   670   670 I mm-camera: <SENSOR>< INFO> 255: sensor_xml_util_get_node_data:  i = 4 str = ov8856_hfr_90
07-20 22:09:40.369   670   670 I mm-camera: <SENSOR>< INFO> 255: sensor_xml_util_get_node_data:  i = 5 str = ov8856_hfr_90
07-20 22:09:40.369   670   670 I mm-camera: <SENSOR>< INFO> 255: sensor_xml_util_get_node_data:  i = 8 str = ov8856_cpp_hfr_90
07-20 22:09:40.369   670   670 I mm-camera: <SENSOR>< INFO> 255: sensor_xml_util_get_node_data:  i = 11 str = ov8856_a3_hfr_90
07-20 22:09:40.369   670   670 I mm-camera: <SENSOR>< INFO> 255: sensor_xml_util_get_node_data:  i = 12 str = ov8856_a3_hfr_90
07-20 22:09:40.369   670   670 I mm-camera: <SENSOR>< INFO> 216: sensor_xml_util_get_node_data: num_pairs = 14
07-20 22:09:40.369   670   670 I mm-camera: <SENSOR>< INFO> 255: sensor_xml_util_get_node_data:  i = 1 str = ov8856_common
07-20 22:09:40.369   670   670 I mm-camera: <SENSOR>< INFO> 255: sensor_xml_util_get_node_data:  i = 5 str = ov8856_cpp_preview
07-20 22:09:40.369   670   670 I mm-camera: <SENSOR>< INFO> 255: sensor_xml_util_get_node_data:  i = 6 str = ov8856_cpp_snapshot
07-20 22:09:40.369   670   670 I mm-camera: <SENSOR>< INFO> 255: sensor_xml_util_get_node_data:  i = 8 str = ov8856_cpp_liveshot
07-20 22:09:40.369   670   670 I mm-camera: <SENSOR>< INFO> 255: sensor_xml_util_get_node_data:  i = 9 str = ov8856_postproc
07-20 22:09:40.369   670   670 I mm-camera: <SENSOR>< INFO> 216: sensor_xml_util_get_node_data: num_pairs = 14
07-20 22:09:40.369   670   670 I mm-camera: <SENSOR>< INFO> 255: sensor_xml_util_get_node_data:  i = 0 str = ZOOM_UPSCALE
07-20 22:09:40.369   670   670 I mm-camera: <SENSOR>< INFO> 255: sensor_xml_util_get_node_data:  i = 6 str = ov8856_cpp_us_chromatix
07-20 22:09:40.369   670   670 I mm-camera: <SENSOR>< INFO> 216: sensor_xml_util_get_node_data: num_pairs = 14
07-20 22:09:40.369   670   670 I mm-camera: <SENSOR>< INFO> 255: sensor_xml_util_get_node_data:  i = 0 str = ZOOM_DOWNSCALE
07-20 22:09:40.369   670   670 I mm-camera: <SENSOR>< INFO> 255: sensor_xml_util_get_node_data:  i = 6 str = ov8856_cpp_ds_chromatix
07-20 22:09:40.369   670   670 I mm-camera: <SENSOR>< INFO> 216: sensor_xml_util_get_node_data: num_pairs = 13
07-20 22:09:40.369   670   670 I mm-camera: <SENSOR>< INFO> 255: sensor_xml_util_get_node_data:  i = 1 str = s5k5e9yx04
07-20 22:09:40.369   670   670 I mm-camera: <SENSOR>< INFO> 255: sensor_xml_util_get_node_data:  i = 2 str = dw9714a
07-20 22:09:40.369   670   670 I mm-camera: <SENSOR>< INFO> 255: sensor_xml_util_get_node_data:  i = 3 str = s5k5e9yx04_le24l043cb
07-20 22:09:40.369   670   670 I mm-camera: <SENSOR>< INFO> 255: sensor_xml_util_get_node_data:  i = 5 str = pmic
07-20 22:09:40.369   670   670 I mm-camera: <SENSOR>< INFO> 255: sensor_xml_util_get_node_data:  i = 6 str = s5k5e9yx04_chromatix
07-20 22:09:40.369   670   670 I mm-camera: <SENSOR>< INFO> 255: sensor_xml_util_get_node_data:  i = 8 str = 3
07-20 22:09:40.369   670   670 I mm-camera: <SENSOR>< INFO> 255: sensor_xml_util_get_node_data:  i = 9 str = 1
07-20 22:09:40.369   670   670 I mm-camera: <SENSOR>< INFO> 255: sensor_xml_util_get_node_data:  i = 10 str = FRONT
07-20 22:09:40.369   670   670 I mm-camera: <SENSOR>< INFO> 255: sensor_xml_util_get_node_data:  i = 11 str = 0
07-20 22:09:40.370   718   718 I audioserver: ServiceManager: 0x7949f61340
07-20 22:09:40.370   718   718 W BatteryNotifier: batterystats service unavailable!
07-20 22:09:40.375   497   497 I hwservicemanager: getTransport: Cannot find entry android.hardware.audio@5.0::IDevicesFactory/msd in either framework or device manifest.
07-20 22:09:40.377   718   718 I AudioFlinger: Using default 3000 mSec as standby time.
07-20 22:09:40.378   718   718 E APM::Serializer: deserialize: Could not parse /odm/etc/audio_policy_configuration.xml document.
07-20 22:09:40.379   670   670 I mm-camera: <SENSOR>< INFO> 311: sensor_sdk_util_get_i2c_freq_mode: Invalid i2c_freq_mode = 4
07-20 22:09:40.379     0     0 E failed  : s_ctrl 00000000806ccec9 for camera_id 3
07-20 22:09:40.379     0     0 E MSM-SENSOR-INIT msm_sensor_driver_cmd: 82 msm_sensor_driver_cmd failed (non-fatal) rc -22
07-20 22:09:40.379   670   670 I mm-camera: <SENSOR>< INFO> 246: sensor_probe: [s5k5e9yx04]CFG_SINIT_PROBE failed
07-20 22:09:40.379     0     0 E MSM-SENSOR-INIT msm_sensor_init_subdev_do_ioctl: 150 msm_sensor_init_subdev_do_ioctl:150 VIDIOC_MSM_SENSOR_INIT_CFG failed (non-fatal)
07-20 22:09:40.379   670   670 I mm-camera: <SENSOR>< INFO> 399: sensor_init_xml_probe: failed: to probe s5k5e9yx04
07-20 22:09:40.380     0     0 I msm_csid_init: CSID_VERSION = 0x30050000
07-20 22:09:40.380     0     0 E scm_call failed: func id 0x42001801, ret: -1, syscall returns: 0x0, 0x0, 0x0
07-20 22:09:40.380     0     0 E         : msm_csid_irq CSID0_IRQ_STATUS_ADDR = 0x800
07-20 22:09:40.388   718   718 E APM::AudioPolicyEngine/Config: parse: Could not parse document /vendor/etc/audio_policy_engine_configuration.xml
07-20 22:09:40.388   718   718 W APM::AudioPolicyEngine/Base: loadAudioPolicyEngineConfig: No configuration found, using default matching phone experience.
07-20 22:09:40.388   718   718 E APM::AudioPolicyEngine/Config: parseLegacyVolumeFile: Could not parse document /odm/etc/audio_policy_configuration.xml
07-20 22:09:40.389   670   670 E mm-camera: <SENSOR><ERROR> ov8856_gt24p64b_eeprom_open_lib: 359: ov8856_gt24p64b_eeprom_open_lib Enter
07-20 22:09:40.395   718   718 D APM::AudioPolicyEngine: [Engine] prop ro.vendor.oem.hw.feature = (eth-PoE-GSen-DuSpk-GPIO-AdbMux-eRTC-Key2-dmic-SD-exPD)
07-20 22:09:40.396   666   773 D audio_hw_primary: adev_open: enter
07-20 22:09:40.396   666   773 D audio_log_utils: registered, module hal
07-20 22:09:40.398   666   773 W audio_hw_utils: audio_extn_utils_get_vendor_enhanced_info: vendor_enhanced_info 0x3
07-20 22:09:40.398   666   773 D audio_hw_extn: snd_mon_feature_init: Called with feature Enabled
07-20 22:09:40.401   666   773 D audio_hw_extn: snd_mon_feature_init:: ---- Feature SND_MONITOR is Enabled ----
07-20 22:09:40.401   666   773 W audio_hw_extn: :: compr_cap_feature_init: ---- Feature COMPRESS_CAPTURE is disabled ----
07-20 22:09:40.401   666   773 D audio_hw_extn: dsm_feedback_feature_init: Called with feature NOT Enabled
07-20 22:09:40.401   666   773 W audio_hw_extn: :: dsm_feedback_feature_init: ---- Feature DSM_FEEDBACK is disabled ----
07-20 22:09:40.403   666   773 D audio_hw_extn: ssrec_feature_init:: ---- Feature SSREC is Enabled ----
07-20 22:09:40.403   666   773 D audio_hw_extn: src_trkn_feature_init:: ---- Feature SOURCE_TRACKING is Enabled ----
07-20 22:09:40.403   666   773 D audio_hw_extn: hdmi_edid_feature_init: HDMI_EDID feature Enabled
07-20 22:09:40.406   666   773 D audio_hw_extn: hdmi_edid_feature_init:: ---- Feature HDMI_EDID is Enabled ----
07-20 22:09:40.406   666   773 D audio_hw_extn: :: keep_alive_feature_init: ---- Feature KEEP_ALIVE is  NOT ENABLED ----
07-20 22:09:40.406   666   773 D audio_hw_extn: :: hifi_audio_feature_init: ---- Feature HIFI_AUDIO is ENABLED ----
07-20 22:09:40.406   666   773 D audio_hw_extn: :: ras_feature_init: ---- Feature RAS_FEATURE is ENABLED ----
07-20 22:09:40.406   666   773 D audio_hw_extn: :: kpi_optimize_feature_init: ---- Feature KPI_OPTIMIZE is ENABLED ----
07-20 22:09:40.406   666   773 D audio_hw_extn: usb_offload_feature_init: Called with feature Enabled
07-20 22:09:40.406   666   773 D audio_hw_extn: usb_offload_burst_mode_feature_init: Called with feature NOT Enabled
07-20 22:09:40.407   666   773 D audio_hw_extn: usb_offload_sidetone_volume_feature_init: Called with feature NOT Enabled
07-20 22:09:40.407   666   773 D audio_hw_extn: a2dp_offload_feature_init: Called with feature Enabled
07-20 22:09:40.409   666   773 D audio_hw_extn: a2dp_offload_feature_init:: ---- Feature A2DP_OFFLOAD is Enabled ----
07-20 22:09:40.409   666   773 D audio_hw_extn: :: vbat_feature_init: ---- Feature VBAT is ENABLED ----
07-20 22:09:40.409   666   773 D audio_hw_extn: :: display_port_feature_init: ---- Feature DISPLAY_PORT is ENABLED ----
07-20 22:09:40.409   666   773 D audio_hw_extn: :: fluence_feature_init: ---- Feature FLUENCE is ENABLED ----
07-20 22:09:40.409   666   773 D audio_hw_extn: :: custom_stereo_feature_init: ---- Feature CUSTOM_STEREO is ENABLED ----
07-20 22:09:40.409   666   773 D audio_hw_extn: :: anc_headset_feature_init: ---- Feature ANC_HEADSET is ENABLED----
07-20 22:09:40.409   666   773 D audio_hw_extn: spkr_prot_feature_init: Called with feature Enabled, vendor_enhanced_info 0x3
07-20 22:09:40.412   666   773 D audio_hw_extn: spkr_prot_feature_init:: ---- Feature SPKR_PROT is Enabled ----
07-20 22:09:40.412   666   773 D audio_hw_extn: fm_feature_init: ---- Feature FM_POWER_OPT is ENABLED----
07-20 22:09:40.412   666   773 D audio_hw_extn: external_qdsp_feature_init: Called with feature NOT Enabled
07-20 22:09:40.412   666   773 W audio_hw_extn: :: external_qdsp_feature_init: ---- Feature EXTERNAL_QDSP is disabled ----
07-20 22:09:40.412   666   773 D audio_hw_extn: external_speaker_feature_init: Called with feature NOT Enabled
07-20 22:09:40.412   666   773 W audio_hw_extn: :: external_speaker_feature_init: ---- Feature EXTERNAL_SPKR is disabled ----
07-20 22:09:40.412   666   773 D audio_hw_extn: external_speaker_tfa_feature_init: Called with feature NOT Enabled
07-20 22:09:40.412   666   773 W audio_hw_extn: :: external_speaker_tfa_feature_init: ---- Feature EXTERNAL_SPKR_TFA is disabled ----
07-20 22:09:40.412   666   773 D audio_hw_extn: hwdep_cal_feature_init: Called with feature NOT Enabled
07-20 22:09:40.412   666   773 W audio_hw_extn: :: hwdep_cal_feature_init: ---- Feature HWDEP_CAL is disabled ----
07-20 22:09:40.412   666   773 D audio_hw_extn: hfp_feature_init: Called with feature Enabled
07-20 22:09:40.418     0     0 I msm_cci_init: 1440: hw_version = 0x10060000
07-20 22:09:40.423   666   773 D audio_hw_extn: hfp_feature_init:: ---- Feature HFP is Enabled ----
07-20 22:09:40.423   666   773 D audio_hw_extn: ext_hw_plugin_feature_init: Called with feature NOT Enabled
07-20 22:09:40.423   666   773 W audio_hw_extn: :: ext_hw_plugin_feature_init: ---- Feature EXT_HW_PLUGIN is disabled ----
07-20 22:09:40.423   666   773 D audio_hw_extn: record_play_concurency_feature_init: ---- Feature RECORD_PLAY_CONCURRENCY is NOT ENABLED----
07-20 22:09:40.423   666   773 D audio_hw_extn: hdmi_passthrough_feature_init: Called with feature Enabled
07-20 22:09:40.427   666   773 E audio_hw_extn: hdmi_passthrough_feature_init: dlsym failed
07-20 22:09:40.428   666   773 W audio_hw_extn: :: hdmi_passthrough_feature_init: ---- Feature HDMI_PASSTHROUGH is disabled ----
07-20 22:09:40.428   666   773 D audio_hw_extn: concurrent_capture_feature_init: ---- Feature CONCURRENT_CAPTURE is NOT ENABLED----
07-20 22:09:40.428   666   773 D audio_hw_extn: compress_in_feature_init: ---- Feature COMPRESS_IN is NOT ENABLED----
07-20 22:09:40.428   666   773 W audio_hw_extn: :: battery_listener_feature_init: ---- Feature BATTERY_LISTENER is disabled ----
07-20 22:09:40.428   666   773 D audio_hw_extn: maxx_audio_feature_init: Called with feature NOT Enabled
07-20 22:09:40.428   666   773 W audio_hw_extn: :: maxx_audio_feature_init: ---- Feature MAXX_AUDIO is disabled ----
07-20 22:09:40.428   666   773 D audio_hw_extn: audiozoom_feature_init: Called with feature NOT Enabled
07-20 22:09:40.428   666   773 W audio_hw_extn: :: audiozoom_feature_init: ---- Feature AUDIOZOOM is disabled ----
07-20 22:09:40.428   666   773 D voice_extn: :: dynamic_ecns_feature_init: ---- Feature DYNAMIC_ECNS is NOT ENABLED ----
07-20 22:09:40.434   666   773 E audio_hw_extn: audio_extn_perf_lock_init: Perf lock handles Success 
07-20 22:09:40.552   629   629 D ICU     : Time zone APEX file found: /apex/com.android.tzdata/etc/icu/icu_tzdata.dat
07-20 22:09:40.552   628   628 D ICU     : Time zone APEX file found: /apex/com.android.tzdata/etc/icu/icu_tzdata.dat
07-20 22:09:40.591     0     0 E wlan    : Loading driver v5.2.03.27K; 2021-07-20T12:44:38Z; cld:I59e3b71c2d; cmn:Ibe1096815a; ()
07-20 22:09:40.591     0     0 I qdf_print_ctrl_register: Allocated print control object 0
07-20 22:09:40.593     0     0 I [init][262437963][02:09:40.593143] wlan: [477:I:tdls] ucfg_tdls_init: 40: tdls module dispatcher init
07-20 22:09:40.593     0     0 I [init][262438143][02:09:40.593152] wlan: [477:I:tdls] ucfg_tdls_init: 72: tdls module dispatcher init done
07-20 22:09:40.593     0     0 I [init][262438333][02:09:40.593162] wlan: [477:I:POLICY_MGR] policy_mgr_init: 214: Callbacks registered with obj mgr
07-20 22:09:40.594     0     0 I         : wlan_hdd_state wlan major(497) initialized
07-20 22:09:40.594     0     0 I wlan    : driver loaded
07-20 22:09:40.658   876   876 E PerMgrProxy: Starting pm-proxy service
07-20 22:09:40.659   710   751 D PerMgrSrv: modem state: is off-line, add client PM-PROXY-THREAD
07-20 22:09:40.659   710   751 D PerMgrSrv: PM-PROXY-THREAD registered
07-20 22:09:40.660   876   876 D PerMgrLib: PM-PROXY-THREAD successfully registered for modem
07-20 22:09:40.660   876   876 I PerMgrProxy: Casting proxy vote for modem
07-20 22:09:40.660   876   876 D PerMgrLib: PM-PROXY-THREAD voting for modem
07-20 22:09:40.660   710   751 D PerMgrSrv: PM-PROXY-THREAD voting for modem
07-20 22:09:40.660   710   751 D PerMgrSrv: modem new state: going on-line
07-20 22:09:40.660   710   751 D PerMgrSrv: modem num voters is 1
07-20 22:09:40.660   876   876 I PerMgrProxy: pm-proxy-thread vote successful for modem
07-20 22:09:40.662     0     0 I subsys-restart: __subsystem_get(): Changing subsys fw_name to modem
07-20 22:09:40.688   883   883 E /vendor/bin/adsprpcd: vendor/qcom/proprietary/commonsys-intf/adsprpc/src/adsprpcd.c:29:adsp daemon starting
07-20 22:09:40.690   882   882 E /vendor/bin/adsprpcd: vendor/qcom/proprietary/commonsys-intf/adsprpc/src/adsprpcd.c:29:adsp daemon starting
07-20 22:09:40.698     0     0 I pil-q6v5-mss 4080000.qcom,mss: modem: loading from 0x000000008ac00000 to 0x000000008dc00000
07-20 22:09:40.701   879   879 E QCOMSysDaemon: Can't find/open bootselect node: (No such file or directory)
07-20 22:09:40.701   879   879 I QCOMSysDaemon: Starting qcom system daemon
07-20 22:09:40.702   882   882 V /vendor/bin/adsprpcd: vendor/qcom/proprietary/commonsys-intf/adsprpc/src/fastrpc_apps_user.c:1088: remote_handle_open: Successfully opened handle 0x5c for '":;./\attachguestos on domain 0
07-20 22:09:40.709   888   888 I imsrcsd : Uce Service HAL  is starting up...
07-20 22:09:40.709   882   882 D /vendor/bin/adsprpcd: vendor/qcom/proprietary/commonsys-intf/adsprpc/src/fastrpc_apps_user.c:1030: Error 0xffffffff: remote_handle64_invoke failed for handle 0x4206090, method 4 on domain 0 (sc 0x4010100)
07-20 22:09:40.709   882   882 E /vendor/bin/adsprpcd: vendor/qcom/proprietary/commonsys-intf/adsprpc/src/adspmsgd.c:93:adspmsgd_init failed with error -1
07-20 22:09:40.709   882   882 D /vendor/bin/adsprpcd: vendor/qcom/proprietary/commonsys-intf/adsprpc/src/fastrpc_apps_user.c:1030: Error 0xffffffff: remote_handle64_invoke failed for handle 0x4206090, method 3 on domain 0 (sc 0x3000000)
