01-06 23:22:12.154   626   626 I sysui_multi_action: [757,804,799,boot_zygote_init,801,8233,802,1]
01-06 23:22:12.154   625   625 I sysui_multi_action: [757,804,799,boot_zygote_init,801,8234,802,1]
01-06 23:22:12.162   956  1037 I ServiceManager: Waiting for service 'package_native' on '/dev/binder'...
01-06 23:22:12.165   625   625 I boot_progress_preload_start: 8272
01-06 23:22:12.165   625   625 D Zygote  : begin preload
01-06 23:22:12.176   625   625 I Zygote  : Calling ZygoteHooks.beginPreload()
01-06 23:22:12.183   626   626 I zygote  : Explicit concurrent copying GC freed 307(38KB) AllocSpace objects, 0(0B) LOS objects, 98% free, 25KB/1561KB, paused 49us total 14.156ms
01-06 23:22:12.188   952   952 I mediaserver: ServiceManager: 0xf49232a0
01-06 23:22:12.189   952   952 W BatteryNotifier: batterystats service unavailable!
01-06 23:22:12.190   952   952 W BatteryNotifier: batterystats service unavailable!
01-06 23:22:12.201   626   626 I zygote  : Explicit concurrent copying GC freed 5(32KB) AllocSpace objects, 0(0B) LOS objects, 98% free, 25KB/1561KB, paused 38us total 5.698ms
01-06 23:22:12.201   626   626 D Zygote32Timing: PostZygoteInitGC took to complete: 32ms
01-06 23:22:12.201   626   626 D Zygote32Timing: ZygoteInit took to complete: 33ms
01-06 23:22:12.226   626   626 I Zygote  : Accepting command socket connections
01-06 23:22:12.226   960   960 D RILD    : **RIL Daemon Started**
01-06 23:22:12.226   960   960 D RILD    : **RILd param count=3**
01-06 23:22:12.228   961   961 E QCNEA   : Cne Version 4.9
01-06 23:22:12.228     0     0 E sdm660-asoc-snd soc: qcom,msm-audio-apr:qcom,q6core-audio:sound: ASoC: no source widget found for SPK1 OUT
01-06 23:22:12.228     0     0 E sdm660-asoc-snd soc: qcom,msm-audio-apr:qcom,q6core-audio:sound: ASoC: Failed to add route SPK1 OUT -> direct -> SpkrLeft IN
01-06 23:22:12.229     0     0 E sdm660-asoc-snd soc: qcom,msm-audio-apr:qcom,q6core-audio:sound: ASoC: no source widget found for SPK2 OUT
01-06 23:22:12.229     0     0 E sdm660-asoc-snd soc: qcom,msm-audio-apr:qcom,q6core-audio:sound: ASoC: Failed to add route SPK2 OUT -> direct -> SpkrRight IN
01-06 23:22:12.232   716   716 D libEGL  : loaded /vendor/lib64/egl/libGLESv1_CM_adreno.so
01-06 23:22:12.235   716   716 D libEGL  : loaded /vendor/lib64/egl/libGLESv2_adreno.so
01-06 23:22:12.241     0     0 E SOH-D   : SOH file not exposed, disable SOH
01-06 23:22:12.244   625   625 D Zygote64Timing: BeginPreload took to complete: 78ms
01-06 23:22:12.244   625   625 I Zygote  : Preloading classes...
01-06 23:22:12.246   625   625 W Zygote  : Class not found for preloading: android.app.-$$Lambda$ActivityThread$ZXDWm3IBeFmLnFVblhB-IOZCr9o
01-06 23:22:12.252   716   716 I AdrenoGLES: QUALCOMM build                   : fefc463, I67da44d20d
01-06 23:22:12.252   716   716 I AdrenoGLES: Build Date                       : 11/23/20
01-06 23:22:12.252   716   716 I AdrenoGLES: OpenGL ES Shader Compiler Version: EV031.27.05.10
01-06 23:22:12.252   716   716 I AdrenoGLES: Local Branch                     : mybrancheb2d85f4-9bbf-f15d-8afb-5cb90179c3d8
01-06 23:22:12.252   716   716 I AdrenoGLES: Remote Branch                    : quic/gfx-adreno.lnx.1.0.r104-rel
01-06 23:22:12.252   716   716 I AdrenoGLES: Remote Branch                    : NONE
01-06 23:22:12.252   716   716 I AdrenoGLES: Reconstruct Branch               : NOTHING
01-06 23:22:12.252   716   716 I AdrenoGLES: Build Config                     : S L 8.0.12 AArch64
01-06 23:22:12.253     0     0 E THERM-BALANCE: Bad Parallel.
01-06 23:22:12.256   949   949 V MediaUtils: physMem: 3812413440
01-06 23:22:12.256   949   949 V MediaUtils: requested limit: 762482680
01-06 23:22:12.256   949   949 I libc    : malloc_limit: Allocation limit enabled, max size 762482680 bytes
01-06 23:22:12.262   956  1037 I ServiceManager: Waiting for service 'package_native' on '/dev/binder'...
01-06 23:22:12.264   716   716 I AdrenoGLES: PFP: 0x005ff113, ME: 0x005ff066
01-06 23:22:12.267   665   665 D audio_hw_utils: audio_extn_utils_open_snd_mixer: retry, retry_num 1
01-06 23:22:12.273  1009  1009 I update_engine: [0106/232212.272945:INFO:main.cc(181)] A/B Update Engine starting
01-06 23:22:12.273   960   960 D RILD    : RIL_Init argc = 3 clientId = 0
01-06 23:22:12.273   960   960 D RILC    : Quectel RIL Version: Quectel_Android_RIL_Driver_V3.3.4-0401
01-06 23:22:12.273   960   960 E RIL_READ_CONF: '/system/etc/ql-ril.conf' not exist.
01-06 23:22:12.274     0     0 E CTM     : file connector_health does not exist in /sys/class/power_supply/usb/
01-06 23:22:12.274     0     0 E CTM     : Couldn't read connector_health from /sys/class/power_supply/parallel/
01-06 23:22:12.277   665   665 D audio_hw_utils: audio_extn_utils_open_snd_mixer: snd_card_name: sdm660-snd-card-nonpay
01-06 23:22:12.277   665   665 W hardware_info: update_hardware_info_bear: Not an SDM device
01-06 23:22:12.277   665   665 D audio_hw_utils: audio_extn_utils_open_snd_mixer: Opened sound card:0
01-06 23:22:12.277  1009  1009 I update_engine: [0106/232212.277870:INFO:boot_control_android.cc(76)] Loaded boot control hidl hal.
01-06 23:22:12.278  1009  1009 I update_engine: [0106/232212.278078:INFO:daemon_state_android.cc(43)] Booted in dev mode.
01-06 23:22:12.278     0     0 E CP      : charge_pump missing
01-06 23:22:12.278   949   949 W mediaextractor: libminijail[949]: failed to get path of fd 4: No such file or directory
01-06 23:22:12.278   949   949 W mediaextractor: libminijail[949]: allowing syscall: connect
01-06 23:22:12.278   949   949 W mediaextractor: libminijail[949]: allowing syscall: fcntl
01-06 23:22:12.278   949   949 W mediaextractor: libminijail[949]: allowing syscall: sendto
01-06 23:22:12.278   949   949 W mediaextractor: libminijail[949]: allowing syscall: socket
01-06 23:22:12.278   949   949 W mediaextractor: libminijail[949]: allowing syscall: writev
01-06 23:22:12.280     0     0 E STD-PD  : Registered STD_PD
01-06 23:22:12.280   960   960 D RIL_READ_CONF: original conf line: At_Cmds_For_Customer_Initialize=at+qgpscfg="gpsnmeatype",31;at+qgpscfg="glonassnmeatype",7;at+qgpscfg="beidounmeatype",3;at+qgpscfg="galileonmeatype",1;at+qgpscfg="gnssrawdata",1,0;AT+QNVW=5895,0,"01";AT+QNVW=7145,0,"00"
01-06 23:22:12.281   960   960 D RIL_READ_CONF: original conf line: Query_Available_Networks=1
01-06 23:22:12.281   960   960 D RIL_READ_CONF: Query_Available_Networks = 1
01-06 23:22:12.281   960   960 E RILC    : '/vendor/manifest.xml' not exist.
01-06 23:22:12.281   960   960 D RILC    : t-prop_value is 2
01-06 23:22:12.281   960   960 D RILC    : before_dot is 10
01-06 23:22:12.281   960   960 D RILC    : [ro.build.version.release]: [10.0]
01-06 23:22:12.281   960   960 D RILC    : Android Version: 100, RIL_VERSION: 12 / 12
01-06 23:22:12.281   960   960 D RILC    : [ro.build.description]: [M50C-userdebug 10 QKQ1.201112.002 eng.youkai.20210510.012850 debug,release-keys]
01-06 23:22:12.281   960   960 D RILC    : [ro.hardware]: [qcom]
01-06 23:22:12.281   960   960 D RILC    : selinux maybe set Enforcing mode, use command getenforce to check
01-06 23:22:12.281   960   960 D RILC    : selinux maybe set Enforcing mode, use command "setenforce 0" to disable
01-06 23:22:12.281   960   960 I RILC    : clientID = 0
01-06 23:22:12.281   960  1065 I RILC    : mainLoop Start
01-06 23:22:12.281     0     0 E HVDCP2  : Registered HVDCP2
01-06 23:22:12.282     0     0 E PPS     : Registered PPS
01-06 23:22:12.283     0     0 I input   : sdm660-snd-card-nonpay Headset Jack as /devices/platform/soc/soc:qcom,msm-audio-apr/soc:qcom,msm-audio-apr:qcom,q6core-audio/soc:qcom,msm-audio-apr:qcom,q6core-audio:sound/sound/card0/input4
01-06 23:22:12.283     0     0 I input   : sdm660-snd-card-nonpay Button Jack as /devices/platform/soc/soc:qcom,msm-audio-apr/soc:qcom,msm-audio-apr:qcom,q6core-audio/soc:qcom,msm-audio-apr:qcom,q6core-audio:sound/sound/card0/input5
01-06 23:22:12.283   886   924 I adbd    : UsbFfsConnection constructed
01-06 23:22:12.283   949   949 W mediaextractor: libminijail[949]: logging seccomp filter failures
01-06 23:22:12.284   675   789 I SDM     : HWCDisplay::GetHdrCapabilities: HDR is not supported
01-06 23:22:12.284   960  1065 E RILU    : cannot find ttyname for AT Port
01-06 23:22:12.284   960  1065 D RILC    : try to match pci
01-06 23:22:12.285   960  1065 D RILU    : find_pci_device is 0
01-06 23:22:12.285   960  1065 E RILU    : can not find ttyname for pci AT port
01-06 23:22:12.285   960  1065 D RILC    : PCI can't find at device
01-06 23:22:12.285   675   789 I SDM     : HWCDisplay::GetHdrCapabilities: HDR is not supported
01-06 23:22:12.288   716   716 I RenderEngine: OpenGL ES informations:
01-06 23:22:12.288   716   716 I RenderEngine: vendor    : Qualcomm
01-06 23:22:12.288   716   716 I RenderEngine: renderer  : Adreno (TM) 512
01-06 23:22:12.288   716   716 I RenderEngine: version   : OpenGL ES 3.2 V@415.0 (GIT@fefc463, I67da44d20d, 1606140253) (Date:11/23/20)
01-06 23:22:12.288   716   716 I RenderEngine: extensions: GL_OES_EGL_image GL_OES_EGL_image_external GL_OES_EGL_sync GL_OES_vertex_half_float GL_OES_framebuffer_object GL_OES_rgb8_rgba8 GL_OES_compressed_ETC1_RGB8_texture GL_AMD_compressed_ATC_texture GL_KHR_texture_compression_astc_ldr GL_KHR_texture_compression_astc_hdr GL_OES_texture_compression_astc GL_OES_texture_npot GL_EXT_texture_filter_anisotropic GL_EXT_texture_format_BGRA8888 GL_EXT_read_format_bgra GL_OES_texture_3D GL_EXT_color_buffer_float GL_EXT_color_buffer_half_float GL_QCOM_alpha_test GL_OES_depth24 GL_OES_packed_depth_stencil GL_OES_depth_texture GL_OES_depth_texture_cube_map GL_EXT_sRGB GL_OES_texture_float GL_OES_texture_float_linear GL_OES_texture_half_float GL_OES_texture_half_float_linear GL_EXT_texture_type_2_10_10_10_REV GL_EXT_texture_sRGB_decode GL_EXT_texture_format_sRGB_override GL_OES_element_index_uint GL_EXT_copy_image GL_EXT_geometry_shader GL_EXT_tessellation_shader GL_OES_texture_stencil8 GL_EXT_shader_io_blocks GL_OES_shader_image_atomic GL_OES_sample_variables GL_EX
01-06 23:22:12.288   716   716 I RenderEngine: GL_MAX_TEXTURE_SIZE = 16384
01-06 23:22:12.288   716   716 I RenderEngine: GL_MAX_VIEWPORT_DIMS = 16384
01-06 23:22:12.288   900   900 I imsrcsd : Uce Service HAL  loading imsrcsbaseimpl
01-06 23:22:12.292   624   624 D TetherController: Setting IP forward enable = 0
01-06 23:22:12.294   624   624 D FirewallController: Could not read /proc/self/uid_map, max uid defaulting to 4294967294
01-06 23:22:12.296   497   497 I hwservicemanager: getTransport: Cannot find entry android.hardware.graphics.mapper@3.0::IMapper/default in either framework or device manifest.
01-06 23:22:12.297   497   497 E SELinux : avc:  denied  { find } for interface=vendor.qti.hardware.slmadapter::ISlmAdapter sid=u:r:cnd:s0 pid=961 scontext=u:r:cnd:s0 tcontext=u:object_r:default_android_hwservice:s0 tclass=hwservice_manager permissive=0
01-06 23:22:12.297   497   497 I auditd  : avc:  denied  { find } for interface=vendor.qti.hardware.slmadapter::ISlmAdapter sid=u:r:cnd:s0 pid=961 scontext=u:r:cnd:s0 tcontext=u:object_r:default_android_hwservice:s0 tclass=hwservice_manager permissive=0
01-06 23:22:12.299   675   675 D ComposerHal: failed to get mapper 3.0 service, falling back to mapper 2.0
01-06 23:22:12.304   961   961 I ServiceManagement: Registered vendor.qti.hardware.data.latency@1.0::ILinkLatency/default (start delay of 451ms)
01-06 23:22:12.304   886  1066 I adbd    : USB event: FUNCTIONFS_BIND
01-06 23:22:12.306   961   961 I ServiceManagement: Registered vendor.qti.data.factory@2.1::IFactory/default (start delay of 453ms)
01-06 23:22:12.310     0     0 I android_work: did not send uevent (0 0 0000000000000000)
01-06 23:22:12.314   497   497 I hwservicemanager: getTransport: Cannot find entry vendor.display.config@1.16::IDisplayConfig/default in either framework or device manifest.
01-06 23:22:12.315   675   675 D SDM     : HWCSession::RegisterCallback: Registering callback: Hotplug
01-06 23:22:12.315  1064  1064 W libc    : Unable to set property "qemu.hw.mainkeys" to "0": error code: 0x18
01-06 23:22:12.315   716   716 I HWComposer: Switching to legacy multi-display mode
01-06 23:22:12.317   497   497 I hwservicemanager: getTransport: Cannot find entry vendor.display.config@1.12::IDisplayConfig/default in either framework or device manifest.
01-06 23:22:12.319   675   675 I SDM     : HWCDisplay::GetHdrCapabilities: HDR is not supported
01-06 23:22:12.319   675   675 I SDM     : HWCDisplay::GetHdrCapabilities: HDR is not supported
01-06 23:22:12.319   959   959 I media.codec: mediacodecservice starting
01-06 23:22:12.320   497   497 I hwservicemanager: getTransport: Cannot find entry android.hardware.graphics.mapper@3.0::IMapper/default in either framework or device manifest.
01-06 23:22:12.320   716   716 W Gralloc3: mapper 3.x is not supported
01-06 23:22:12.322     0     0 I msm-dwc3 a800000.ssusb: Avail curr from USB = 100
01-06 23:22:12.326   959   959 W media.codec: libminijail[959]: failed to get path of fd 4: No such file or directory
01-06 23:22:12.326   959   959 W media.codec: libminijail[959]: allowing syscall: clock_gettime
01-06 23:22:12.326   959   959 W media.codec: libminijail[959]: allowing syscall: connect
01-06 23:22:12.326   959   959 W media.codec: libminijail[959]: allowing syscall: fcntl64
01-06 23:22:12.326   959   959 W media.codec: libminijail[959]: allowing syscall: socket
01-06 23:22:12.326   959   959 W media.codec: libminijail[959]: allowing syscall: writev
01-06 23:22:12.328     0     0 I android_work: sent uevent USB_STATE=CONNECTED
01-06 23:22:12.331   959   959 W media.codec: libminijail[959]: logging seccomp filter failures
01-06 23:22:12.332   497   497 I hwservicemanager: getTransport: Cannot find entry android.hardware.graphics.allocator@3.0::IAllocator/default in either framework or device manifest.
01-06 23:22:12.332   716   716 W Gralloc3: allocator 3.x is not supported
01-06 23:22:12.337   674   718 E ion     : ioctl c0044901 failed with code -1: Not a typewriter
01-06 23:22:12.346   675   675 D SDM     : HWCSession::RegisterCallback: Registering callback: Refresh
01-06 23:22:12.346   675   675 D SDM     : HWCSession::RegisterCallback: Registering callback: Vsync
01-06 23:22:12.359   625   625 W Zygote  : Class not found for preloading: android.bluetooth.BluetoothA2dp$2
01-06 23:22:12.364   959   959 I SoftOMXPlugin: createOMXPlugin
01-06 23:22:12.364   959   959 I MediaCodecsXmlParser: getVendorXmlPath (/vendor/etc/media_codecs_vendor.xml)
01-06 23:22:12.364   959   959 D MediaCodecsXmlParser: parsing /vendor/etc/media_codecs_vendor.xml...
01-06 23:22:12.364   956  1037 I ServiceManager: Waiting for service 'package_native' on '/dev/binder'...
01-06 23:22:12.366   959   959 D MediaCodecsXmlParser: parsing /vendor/etc/media_codecs_google_audio.xml...
01-06 23:22:12.368   959   959 I MediaCodecsXmlParser: limit: max-channel-count = 2
01-06 23:22:12.368   959   959 I MediaCodecsXmlParser: limit: sample-rate-ranges = 8000,11025,12000,16000,22050,24000,32000,44100,48000
01-06 23:22:12.368   959   959 I MediaCodecsXmlParser: limit: bitrate-range = 8000-320000
01-06 23:22:12.368   959   959 I MediaCodecsXmlParser: limit: max-channel-count = 1
01-06 23:22:12.368   959   959 I MediaCodecsXmlParser: limit: sample-rate-ranges = 8000
01-06 23:22:12.368   959   959 I MediaCodecsXmlParser: limit: bitrate-range = 4750-12200
01-06 23:22:12.368   959   959 I MediaCodecsXmlParser: limit: max-channel-count = 1
01-06 23:22:12.368   959   959 I MediaCodecsXmlParser: limit: sample-rate-ranges = 16000
01-06 23:22:12.368   959   959 I MediaCodecsXmlParser: limit: bitrate-range = 6600-23850
01-06 23:22:12.368   959   959 I MediaCodecsXmlParser: limit: max-channel-count = 8
01-06 23:22:12.368   959   959 I MediaCodecsXmlParser: limit: sample-rate-ranges = 7350,8000,11025,12000,16000,22050,24000,32000,44100,48000
01-06 23:22:12.368   959   959 I MediaCodecsXmlParser: limit: bitrate-range = 8000-960000
01-06 23:22:12.368   959   959 I MediaCodecsXmlParser: limit: max-channel-count = 1
01-06 23:22:12.368   959   959 I MediaCodecsXmlParser: limit: sample-rate-ranges = 8000-48000
01-06 23:22:12.368   959   959 I MediaCodecsXmlParser: limit: bitrate-range = 64000
01-06 23:22:12.368   959   959 I MediaCodecsXmlParser: limit: max-channel-count = 1
01-06 23:22:12.368   959   959 I MediaCodecsXmlParser: limit: sample-rate-ranges = 8000-48000
01-06 23:22:12.368   959   959 I MediaCodecsXmlParser: limit: bitrate-range = 64000
01-06 23:22:12.368   959   959 I MediaCodecsXmlParser: limit: max-channel-count = 8
01-06 23:22:12.368   959   959 I MediaCodecsXmlParser: limit: sample-rate-ranges = 8000-96000
01-06 23:22:12.368   959   959 I MediaCodecsXmlParser: limit: bitrate-range = 32000-500000
01-06 23:22:12.368   959   959 I MediaCodecsXmlParser: limit: max-channel-count = 8
01-06 23:22:12.369   959   959 I MediaCodecsXmlParser: limit: sample-rate-ranges = 48000
01-06 23:22:12.369   959   959 I MediaCodecsXmlParser: limit: bitrate-range = 6000-510000
01-06 23:22:12.369   959   959 I MediaCodecsXmlParser: limit: max-channel-count = 8
01-06 23:22:12.369   959   959 I MediaCodecsXmlParser: limit: sample-rate-ranges = 8000-192000
01-06 23:22:12.369   959   959 I MediaCodecsXmlParser: limit: bitrate-range = 1-10000000
01-06 23:22:12.369   959   959 I MediaCodecsXmlParser: limit: max-channel-count = 8
01-06 23:22:12.369   959   959 I MediaCodecsXmlParser: limit: sample-rate-ranges = 1-655350
01-06 23:22:12.369   959   959 I MediaCodecsXmlParser: limit: bitrate-range = 1-21000000
01-06 23:22:12.369   959   959 I MediaCodecsXmlParser: limit: max-channel-count = 6
01-06 23:22:12.369   959   959 I MediaCodecsXmlParser: limit: sample-rate-ranges = 8000,11025,12000,16000,22050,24000,32000,44100,48000
01-06 23:22:12.369   959   959 I MediaCodecsXmlParser: limit: bitrate-range = 8000-960000
01-06 23:22:12.369   959   959 I MediaCodecsXmlParser: limit: max-channel-count = 1
01-06 23:22:12.369   959   959 I MediaCodecsXmlParser: limit: sample-rate-ranges = 8000
01-06 23:22:12.369   959   959 I MediaCodecsXmlParser: limit: bitrate-range = 4750-12200
01-06 23:22:12.369   959   959 I MediaCodecsXmlParser: limit: feature-bitrate-modes = CBR
01-06 23:22:12.369   959   959 I MediaCodecsXmlParser: limit: max-channel-count = 1
01-06 23:22:12.369   959   959 I MediaCodecsXmlParser: limit: sample-rate-ranges = 16000
01-06 23:22:12.369   959   959 I MediaCodecsXmlParser: limit: bitrate-range = 6600-23850
01-06 23:22:12.369   959   959 I MediaCodecsXmlParser: limit: feature-bitrate-modes = CBR
01-06 23:22:12.369   959   959 I MediaCodecsXmlParser: limit: max-channel-count = 2
01-06 23:22:12.369   959   959 I MediaCodecsXmlParser: limit: sample-rate-ranges = 1-655350
01-06 23:22:12.369   959   959 I MediaCodecsXmlParser: limit: bitrate-range = 1-21000000
01-06 23:22:12.369   959   959 I MediaCodecsXmlParser: limit: complexity-default = 5
01-06 23:22:12.369   959   959 I MediaCodecsXmlParser: limit: complexity-range = 0-8
01-06 23:22:12.369   959   959 I MediaCodecsXmlParser: limit: feature-bitrate-modes = CQ
01-06 23:22:12.369   959   959 D MediaCodecsXmlParser: parsing /vendor/etc/media_codecs_vendor_audio.xml...
01-06 23:22:12.370   624   624 I netd    : Creating child chains: 62.7ms
01-06 23:22:12.370   625   625 I PackageBackwardCompatibility: Could not find android.content.pm.AndroidTestBaseUpdater, ignoring
01-06 23:22:12.370   624   624 I netd    : Setting up OEM hooks: 0.3ms
01-06 23:22:12.370   624   624 I netd    : Setting up FirewallController hooks: 0.0ms
01-06 23:22:12.370   959   959 I MediaCodecsXmlParser: limit: max-concurrent-instances = 10
01-06 23:22:12.370   959   959 D MediaCodecsXmlParser: parsing /vendor/etc/media_codecs_google_telephony.xml...
01-06 23:22:12.373   624   624 I netd    : Setting up TetherController hooks: 2.5ms
01-06 23:22:12.375   624   624 I netd    : Setting up BandwidthController hooks: 2.6ms
01-06 23:22:12.375   624   624 I netd    : Setting up IdletimerController hooks: 0.2ms
01-06 23:22:12.380   669   669 E mm-camera: <SENSOR><ERROR> ov8856_gt24p64b_get_module_info: 77: EEPROM Version 1
01-06 23:22:12.380   669   669 E mm-camera: <SENSOR><ERROR> ov8856_gt24p64b_get_module_info: 86: EEPROM Manufacture date YYYY/MM/DD 2020/09/24 
01-06 23:22:12.380   669   669 E mm-camera: <SENSOR><ERROR> ov8856_gt24p64b_format_wbdata: 107: Enter
01-06 23:22:12.380   669   669 E mm-camera: <SENSOR><ERROR> ov8856_gt24p64b_format_wbdata: 121: WB : (4000K) r/gr = 0.492188
01-06 23:22:12.380   669   669 E mm-camera: <SENSOR><ERROR> ov8856_gt24p64b_format_wbdata: 122: WB : (4000K) b/gb = 0.728516
01-06 23:22:12.380   669   669 E mm-camera: <SENSOR><ERROR> ov8856_gt24p64b_format_wbdata: 123: WB : (4000K) gr/gb = 0.998051
01-06 23:22:12.380   669   669 E mm-camera: <SENSOR><ERROR> ov8856_gt24p64b_format_wbdata: 128: WB : (5000K) r/gr = 0.675781
01-06 23:22:12.380   669   669 E mm-camera: <SENSOR><ERROR> ov8856_gt24p64b_format_wbdata: 129: WB : (5000K) b/gb = 0.564453
01-06 23:22:12.380   669   669 E mm-camera: <SENSOR><ERROR> ov8856_gt24p64b_format_wbdata: 130: WB : (5000K) gr/gb = 1.000978
01-06 23:22:12.380   669   669 E mm-camera: <SENSOR><ERROR> ov8856_gt24p64b_format_wbdata: 183: Exit
01-06 23:22:12.380   669   669 E mm-camera: <SENSOR><ERROR> ov8856_gt24p64b_format_lensshading: 244: Enter
01-06 23:22:12.380   669   669 E mm-camera: <SENSOR><ERROR> ov8856_gt24p64b_format_lensshading: 300: Exit
01-06 23:22:12.380   669   669 E mm-camera: <SENSOR><ERROR> ov8856_gt24p64b_format_afdata: 202: Enter
01-06 23:22:12.380   669   669 E mm-camera: <SENSOR><ERROR> ov8856_gt24p64b_format_afdata: 223: AF : macro 395 infinity 185 (now starting DAC set to infinity)
01-06 23:22:12.381   669   669 E mm-camera: <SENSOR><ERROR> ov8856_gt24p64b_format_afdata: 224: Exit
01-06 23:22:12.381   669   669 E mm-camera: <SENSOR><ERROR> ov8856_gt24p64b_get_calibration_items: 30: is_insensor:0, is_afc:1, is_wbc:1, is_lsc:1, is_dpc:0, is_ois:0, is_dual:0
01-06 23:22:12.381   669   669 I mm-camera: <SENSOR>< INFO> 97: sensor_sysinfo_read: sysinfo:path /sys/module/msm_sensor_driver/parameters/module_vendor data default size 10
01-06 23:22:12.381   669   669 E mm-camera: <SENSOR><ERROR> 129: eeprom_af_add_margin: AF_infinity_dac:153, macro_dac:531
01-06 23:22:12.381   669   669 E mm-camera: <SENSOR><ERROR> 7675: module_sensor_init_eeprom: Exit subdev_id[SUB_MODULE_EEPROM] == -1
01-06 23:22:12.383   959   959 I MediaCodecsXmlParser: limit: max-channel-count = 1
01-06 23:22:12.383   959   959 I MediaCodecsXmlParser: limit: sample-rate-ranges = 8000
01-06 23:22:12.383   959   959 I MediaCodecsXmlParser: limit: bitrate-range = 13000
01-06 23:22:12.383   959   959 I MediaCodecsXmlParser: limit: size-range = 176x64-3840x2160
01-06 23:22:12.383   959   959 I MediaCodecsXmlParser: limit: alignment = 2x2
01-06 23:22:12.383   959   959 I MediaCodecsXmlParser: limit: block-size = 16x16
01-06 23:22:12.383   959   959 I MediaCodecsXmlParser: limit: blocks-per-second-range = 1-972000
01-06 23:22:12.383   959   959 I MediaCodecsXmlParser: limit: bitrate-range = 1-100000000
01-06 23:22:12.383   959   959 I MediaCodecsXmlParser: limit: max-concurrent-instances = 16
01-06 23:22:12.383   959   959 I MediaCodecsXmlParser: limit: feature-intra-refresh = 0
01-06 23:22:12.383   959   959 I MediaCodecsXmlParser: limit: performance-point-3840x2160-range = 24-24
01-06 23:22:12.383   959   959 I MediaCodecsXmlParser: limit: size-range = 96x96-3840x2160
01-06 23:22:12.383   959   959 I MediaCodecsXmlParser: limit: alignment = 2x2
01-06 23:22:12.383   959   959 I MediaCodecsXmlParser: limit: block-size = 16x16
01-06 23:22:12.383   959   959 I MediaCodecsXmlParser: limit: blocks-per-second-range = 1-972000
01-06 23:22:12.383   959   959 I MediaCodecsXmlParser: limit: bitrate-range = 1-100000000
01-06 23:22:12.383   959   959 I MediaCodecsXmlParser: limit: max-concurrent-instances = 16
01-06 23:22:12.383   959   959 I MediaCodecsXmlParser: limit: feature-intra-refresh = 0
01-06 23:22:12.383   959   959 I MediaCodecsXmlParser: limit: feature-can-swap-width-height = 0
01-06 23:22:12.383   959   959 I MediaCodecsXmlParser: limit: performance-point-3840x2160-range = 24-24
01-06 23:22:12.383   959   959 I MediaCodecsXmlParser: limit: size-range = 96x64-1920x1088
01-06 23:22:12.383   959   959 I MediaCodecsXmlParser: limit: alignment = 2x2
01-06 23:22:12.383   959   959 I MediaCodecsXmlParser: limit: block-size = 16x16
01-06 23:22:12.383   959   959 I MediaCodecsXmlParser: limit: blocks-per-second-range = 1-244800
01-06 23:22:12.383   959   959 I MediaCodecsXmlParser: limit: bitrate-range = 1-40000000
01-06 23:22:12.383   959   959 I MediaCodecsXmlParser: limit: max-concurrent-instances = 16
01-06 23:22:12.383   959   959 I MediaCodecsXmlParser: limit: performance-point-1920x1088-range = 30-30
01-06 23:22:12.383   959   959 I MediaCodecsXmlParser: limit: size-range = 96x64-864x480
01-06 23:22:12.383   959   959 I MediaCodecsXmlParser: limit: alignment = 2x2
01-06 23:22:12.383   959   959 I MediaCodecsXmlParser: limit: block-size = 16x16
01-06 23:22:12.383   959   959 I MediaCodecsXmlParser: limit: blocks-per-second-range = 1-48600
01-06 23:22:12.383   959   959 I MediaCodecsXmlParser: limit: bitrate-range = 1-2000000
01-06 23:22:12.383   959   959 I MediaCodecsXmlParser: limit: max-concurrent-instances = 16
01-06 23:22:12.383   959   959 I MediaCodecsXmlParser: limit: performance-point-720x480-range = 30-30
01-06 23:22:12.384   959   959 I MediaCodecsXmlParser: limit: size-range = 96x64-1920x1088
01-06 23:22:12.384   959   959 I MediaCodecsXmlParser: limit: alignment = 2x2
01-06 23:22:12.384   959   959 I MediaCodecsXmlParser: limit: block-size = 16x16
01-06 23:22:12.384   959   959 I MediaCodecsXmlParser: limit: blocks-per-second-range = 1-244800
01-06 23:22:12.384   959   959 I MediaCodecsXmlParser: limit: bitrate-range = 1-40000000
01-06 23:22:12.384   959   959 I MediaCodecsXmlParser: limit: max-concurrent-instances = 16
01-06 23:22:12.384   959   959 I MediaCodecsXmlParser: limit: feature-intra-refresh = 0
01-06 23:22:12.384   959   959 I MediaCodecsXmlParser: limit: performance-point-1920x1088-range = 30-30
01-06 23:22:12.384   959   959 I MediaCodecsXmlParser: limit: size-range = 64x64-3840x2160
01-06 23:22:12.384   959   959 I MediaCodecsXmlParser: limit: alignment = 2x2
01-06 23:22:12.384   959   959 I MediaCodecsXmlParser: limit: block-size = 16x16
01-06 23:22:12.384   959   959 I MediaCodecsXmlParser: limit: blocks-per-second-range = 1-972000
01-06 23:22:12.384   959   959 I MediaCodecsXmlParser: limit: bitrate-range = 1-100000000
01-06 23:22:12.384   959   959 I MediaCodecsXmlParser: limit: feature-adaptive-playback = 0
01-06 23:22:12.384   959   959 I MediaCodecsXmlParser: limit: max-concurrent-instances = 16
01-06 23:22:12.384   959   959 I MediaCodecsXmlParser: limit: feature-can-swap-width-height = 0
01-06 23:22:12.384   959   959 I MediaCodecsXmlParser: limit: performance-point-3840x2160-range = 30-30
01-06 23:22:12.384   959   959 I MediaCodecsXmlParser: limit: size-range = 64x64-3840x2160
01-06 23:22:12.384   959   959 I MediaCodecsXmlParser: limit: alignment = 2x2
01-06 23:22:12.384   959   959 I MediaCodecsXmlParser: limit: block-size = 16x16
01-06 23:22:12.384   959   959 I MediaCodecsXmlParser: limit: blocks-per-second-range = 1-972000
01-06 23:22:12.384   959   959 I MediaCodecsXmlParser: limit: bitrate-range = 1-35000000
01-06 23:22:12.384   959   959 I MediaCodecsXmlParser: limit: feature-adaptive-playback = 0
01-06 23:22:12.384   959   959 I MediaCodecsXmlParser: limit: feature-secure-playback = 1
01-06 23:22:12.384   959   959 I MediaCodecsXmlParser: limit: max-concurrent-instances = 6
01-06 23:22:12.384   959   959 I MediaCodecsXmlParser: limit: performance-point-3840x2160-range = 30-30
01-06 23:22:12.384   959   959 I MediaCodecsXmlParser: limit: size-range = 64x64-1920x1088
01-06 23:22:12.384   959   959 I MediaCodecsXmlParser: limit: alignment = 2x2
01-06 23:22:12.384   959   959 I MediaCodecsXmlParser: limit: block-size = 16x16
01-06 23:22:12.384   959   959 I MediaCodecsXmlParser: limit: blocks-per-second-range = 1-244800
01-06 23:22:12.384   959   959 I MediaCodecsXmlParser: limit: bitrate-range = 1-40000000
01-06 23:22:12.384   959   959 I MediaCodecsXmlParser: limit: feature-adaptive-playback = 0
01-06 23:22:12.384   959   959 I MediaCodecsXmlParser: limit: max-concurrent-instances = 16
01-06 23:22:12.384   959   959 I MediaCodecsXmlParser: limit: performance-point-1920x1088-range = 30-30
01-06 23:22:12.384   959   959 I MediaCodecsXmlParser: limit: size-range = 64x64-1920x1088
01-06 23:22:12.384   959   959 I MediaCodecsXmlParser: limit: alignment = 2x2
01-06 23:22:12.384   959   959 I MediaCodecsXmlParser: limit: block-size = 16x16
01-06 23:22:12.384   959   959 I MediaCodecsXmlParser: limit: blocks-per-second-range = 1-244800
01-06 23:22:12.384   959   959 I MediaCodecsXmlParser: limit: bitrate-range = 1-20000000
01-06 23:22:12.384   959   959 I MediaCodecsXmlParser: limit: feature-adaptive-playback = 0
01-06 23:22:12.384   959   959 I MediaCodecsXmlParser: limit: feature-secure-playback = 1
01-06 23:22:12.384   959   959 I MediaCodecsXmlParser: limit: max-concurrent-instances = 6
01-06 23:22:12.384   959   959 I MediaCodecsXmlParser: limit: performance-point-1920x1088-range = 30-30
01-06 23:22:12.384   959   959 I MediaCodecsXmlParser: limit: size-range = 64x64-1920x1088
01-06 23:22:12.384   959   959 I MediaCodecsXmlParser: limit: alignment = 2x2
01-06 23:22:12.384   959   959 I MediaCodecsXmlParser: limit: block-size = 16x16
01-06 23:22:12.384   959   959 I MediaCodecsXmlParser: limit: blocks-per-second-range = 1-489600
01-06 23:22:12.384   959   959 I MediaCodecsXmlParser: limit: bitrate-range = 1-60000000
01-06 23:22:12.384   959   959 I MediaCodecsXmlParser: limit: feature-adaptive-playback = 0
01-06 23:22:12.384   959   959 I MediaCodecsXmlParser: limit: max-concurrent-instances = 16
01-06 23:22:12.384   959   959 I MediaCodecsXmlParser: limit: performance-point-1920x1088-range = 60-60
01-06 23:22:12.384   959   959 I MediaCodecsXmlParser: limit: size-range = 64x64-864x480
01-06 23:22:12.384   959   959 I MediaCodecsXmlParser: limit: alignment = 2x2
01-06 23:22:12.384   959   959 I MediaCodecsXmlParser: limit: block-size = 16x16
01-06 23:22:12.384   959   959 I MediaCodecsXmlParser: limit: blocks-per-second-range = 1-48600
01-06 23:22:12.384   959   959 I MediaCodecsXmlParser: limit: bitrate-range = 1-2000000
01-06 23:22:12.384   959   959 I MediaCodecsXmlParser: limit: feature-adaptive-playback = 0
01-06 23:22:12.384   959   959 I MediaCodecsXmlParser: limit: max-concurrent-instances = 16
01-06 23:22:12.384   959   959 I MediaCodecsXmlParser: limit: performance-point-720x480-range = 30-30
01-06 23:22:12.384   959   959 I MediaCodecsXmlParser: limit: size-range = 64x64-1920x1088
01-06 23:22:12.384   959   959 I MediaCodecsXmlParser: limit: alignment = 2x2
01-06 23:22:12.384   959   959 I MediaCodecsXmlParser: limit: block-size = 16x16
01-06 23:22:12.384   959   959 I MediaCodecsXmlParser: limit: blocks-per-second-range = 1-489600
01-06 23:22:12.384   959   959 I MediaCodecsXmlParser: limit: bitrate-range = 1-60000000
01-06 23:22:12.384   959   959 I MediaCodecsXmlParser: limit: feature-adaptive-playback = 0
01-06 23:22:12.384   959   959 I MediaCodecsXmlParser: limit: max-concurrent-instances = 16
01-06 23:22:12.384   959   959 I MediaCodecsXmlParser: limit: performance-point-1920x1088-range = 30-30
01-06 23:22:12.384   959   959 I MediaCodecsXmlParser: limit: size-range = 64x64-1920x1088
01-06 23:22:12.384   959   959 I MediaCodecsXmlParser: limit: alignment = 2x2
01-06 23:22:12.384   959   959 I MediaCodecsXmlParser: limit: block-size = 16x16
01-06 23:22:12.384   959   959 I MediaCodecsXmlParser: limit: blocks-per-second-range = 1-489600
01-06 23:22:12.384   959   959 I MediaCodecsXmlParser: limit: bitrate-range = 1-20000000
01-06 23:22:12.384   959   959 I MediaCodecsXmlParser: limit: feature-adaptive-playback = 0
01-06 23:22:12.384   959   959 I MediaCodecsXmlParser: limit: feature-secure-playback = 1
01-06 23:22:12.384   959   959 I MediaCodecsXmlParser: limit: max-concurrent-instances = 7
01-06 23:22:12.384   959   959 I MediaCodecsXmlParser: limit: performance-point-1920x1088-range = 30-30
01-06 23:22:12.384   959   959 I MediaCodecsXmlParser: limit: size-range = 64x64-1920x1088
01-06 23:22:12.384   959   959 I MediaCodecsXmlParser: limit: alignment = 2x2
01-06 23:22:12.385   959   959 I MediaCodecsXmlParser: limit: block-size = 16x16
01-06 23:22:12.385   959   959 I MediaCodecsXmlParser: limit: blocks-per-second-range = 1-244800
01-06 23:22:12.385   959   959 I MediaCodecsXmlParser: limit: bitrate-range = 1-10000000
01-06 23:22:12.385   959   959 I MediaCodecsXmlParser: limit: feature-adaptive-playback = 0
01-06 23:22:12.385   959   959 I MediaCodecsXmlParser: limit: max-concurrent-instances = 16
01-06 23:22:12.385   959   959 I MediaCodecsXmlParser: limit: performance-point-1920x1088-range = 30-30
01-06 23:22:12.385   959   959 I MediaCodecsXmlParser: limit: size-range = 64x64-720x480
01-06 23:22:12.385   959   959 I MediaCodecsXmlParser: limit: alignment = 2x2
01-06 23:22:12.385   959   959 I MediaCodecsXmlParser: limit: block-size = 16x16
01-06 23:22:12.385   959   959 I MediaCodecsXmlParser: limit: blocks-per-second-range = 1-40500
01-06 23:22:12.385   959   959 I MediaCodecsXmlParser: limit: bitrate-range = 1-2000000
01-06 23:22:12.385   959   959 I MediaCodecsXmlParser: limit: feature-adaptive-playback = 0
01-06 23:22:12.385   959   959 I MediaCodecsXmlParser: limit: max-concurrent-instances = 16
01-06 23:22:12.385   959   959 I MediaCodecsXmlParser: limit: performance-point-720x480-range = 30-30
01-06 23:22:12.385   959   959 I MediaCodecsXmlParser: limit: size-range = 64x64-1920x1088
01-06 23:22:12.385   959   959 I MediaCodecsXmlParser: limit: alignment = 2x2
01-06 23:22:12.385   959   959 I MediaCodecsXmlParser: limit: block-size = 16x16
01-06 23:22:12.385   959   959 I MediaCodecsXmlParser: limit: blocks-per-second-range = 1-244800
01-06 23:22:12.385   959   959 I MediaCodecsXmlParser: limit: bitrate-range = 1-10000000
01-06 23:22:12.385   959   959 I MediaCodecsXmlParser: limit: feature-adaptive-playback = 0
01-06 23:22:12.385   959   959 I MediaCodecsXmlParser: limit: max-concurrent-instances = 16
01-06 23:22:12.385   959   959 I MediaCodecsXmlParser: limit: performance-point-1920x1088-range = 30-30
01-06 23:22:12.385   959   959 I MediaCodecsXmlParser: limit: size-range = 64x64-3840x2160
01-06 23:22:12.385   959   959 I MediaCodecsXmlParser: limit: alignment = 2x2
01-06 23:22:12.385   959   959 I MediaCodecsXmlParser: limit: block-size = 16x16
01-06 23:22:12.385   959   959 I MediaCodecsXmlParser: limit: blocks-per-second-range = 1-972000
01-06 23:22:12.385   959   959 I MediaCodecsXmlParser: limit: bitrate-range = 1-100000000
01-06 23:22:12.385   959   959 I MediaCodecsXmlParser: limit: feature-adaptive-playback = 0
01-06 23:22:12.385   959   959 I MediaCodecsXmlParser: limit: max-concurrent-instances = 16
01-06 23:22:12.385   959   959 I MediaCodecsXmlParser: limit: performance-point-3840x2160-range = 30-30
01-06 23:22:12.385   959   959 I MediaCodecsXmlParser: limit: size-range = 64x64-3840x2160
01-06 23:22:12.385   959   959 I MediaCodecsXmlParser: limit: alignment = 2x2
01-06 23:22:12.385   959   959 I MediaCodecsXmlParser: limit: block-size = 16x16
01-06 23:22:12.385   959   959 I MediaCodecsXmlParser: limit: blocks-per-second-range = 1-972000
01-06 23:22:12.385   959   959 I MediaCodecsXmlParser: limit: bitrate-range = 1-100000000
01-06 23:22:12.385   959   959 I MediaCodecsXmlParser: limit: feature-adaptive-playback = 0
01-06 23:22:12.385   959   959 I MediaCodecsXmlParser: limit: max-concurrent-instances = 16
01-06 23:22:12.385   959   959 I MediaCodecsXmlParser: limit: performance-point-3840x2160-range = 30-30
01-06 23:22:12.385   959   959 I MediaCodecsXmlParser: limit: size-range = 64x64-3840x2160
01-06 23:22:12.385   959   959 I MediaCodecsXmlParser: limit: alignment = 2x2
01-06 23:22:12.385   959   959 I MediaCodecsXmlParser: limit: block-size = 16x16
01-06 23:22:12.385   959   959 I MediaCodecsXmlParser: limit: blocks-per-second-range = 1-979200
01-06 23:22:12.385   959   959 I MediaCodecsXmlParser: limit: bitrate-range = 1-35000000
01-06 23:22:12.385   959   959 I MediaCodecsXmlParser: limit: frame-rate-range = 1-30
01-06 23:22:12.385   959   959 I MediaCodecsXmlParser: limit: feature-adaptive-playback = 0
01-06 23:22:12.385   959   959 I MediaCodecsXmlParser: limit: feature-secure-playback = 1
01-06 23:22:12.385   959   959 I MediaCodecsXmlParser: limit: max-concurrent-instances = 6
01-06 23:22:12.385   959   959 I MediaCodecsXmlParser: limit: performance-point-3840x2160-range = 30-30
01-06 23:22:12.385   959   959 I MediaCodecsXmlParser: limit: size-range = 64x64-3840x2160
01-06 23:22:12.385   959   959 I MediaCodecsXmlParser: limit: alignment = 2x2
01-06 23:22:12.385   959   959 I MediaCodecsXmlParser: limit: block-size = 16x16
01-06 23:22:12.385   959   959 I MediaCodecsXmlParser: limit: blocks-per-second-range = 1-972000
01-06 23:22:12.385   959   959 I MediaCodecsXmlParser: limit: bitrate-range = 1-100000000
01-06 23:22:12.385   959   959 I MediaCodecsXmlParser: limit: feature-adaptive-playback = 0
01-06 23:22:12.385   959   959 I MediaCodecsXmlParser: limit: max-concurrent-instances = 16
01-06 23:22:12.385   959   959 I MediaCodecsXmlParser: limit: performance-point-3840x2160-range = 30-30
01-06 23:22:12.385   959   959 I MediaCodecsXmlParser: limit: size-range = 64x64-3840x2160
01-06 23:22:12.385   959   959 I MediaCodecsXmlParser: limit: alignment = 2x2
01-06 23:22:12.385   959   959 I MediaCodecsXmlParser: limit: block-size = 16x16
01-06 23:22:12.385   959   959 I MediaCodecsXmlParser: limit: blocks-per-second-range = 1-972000
01-06 23:22:12.385   959   959 I MediaCodecsXmlParser: limit: bitrate-range = 1-35000000
01-06 23:22:12.385   959   959 I MediaCodecsXmlParser: limit: feature-adaptive-playback = 0
01-06 23:22:12.385   959   959 I MediaCodecsXmlParser: limit: feature-secure-playback = 1
01-06 23:22:12.385   959   959 I MediaCodecsXmlParser: limit: max-concurrent-instances = 6
01-06 23:22:12.385   959   959 I MediaCodecsXmlParser: limit: performance-point-3840x2160-range = 30-30
01-06 23:22:12.385   959   959 D MediaCodecsXmlParser: parsing /vendor/etc/media_codecs_google_video.xml...
01-06 23:22:12.388   959   959 I MediaCodecsXmlParser: limit: size-range = 2x2-352x288
01-06 23:22:12.388   959   959 I MediaCodecsXmlParser: limit: alignment = 2x2
01-06 23:22:12.388   959   959 I MediaCodecsXmlParser: limit: block-size = 16x16
01-06 23:22:12.388   959   959 I MediaCodecsXmlParser: limit: blocks-per-second-range = 12-11880
01-06 23:22:12.388   959   959 I MediaCodecsXmlParser: limit: bitrate-range = 1-384000
01-06 23:22:12.388   959   959 I MediaCodecsXmlParser: limit: feature-adaptive-playback = 0
01-06 23:22:12.389   959   959 I MediaCodecsXmlParser: limit: size-range = 2x2-352x288
01-06 23:22:12.389   959   959 I MediaCodecsXmlParser: limit: alignment = 2x2
01-06 23:22:12.389   959   959 I MediaCodecsXmlParser: limit: bitrate-range = 1-384000
01-06 23:22:12.389   959   959 I MediaCodecsXmlParser: limit: feature-adaptive-playback = 0
01-06 23:22:12.389   959   959 I MediaCodecsXmlParser: limit: size-range = 2x2-4080x4080
01-06 23:22:12.389   959   959 I MediaCodecsXmlParser: limit: alignment = 2x2
01-06 23:22:12.389   959   959 I MediaCodecsXmlParser: limit: block-size = 16x16
01-06 23:22:12.389   959   959 I MediaCodecsXmlParser: limit: block-count-range = 1-32768
01-06 23:22:12.389   959   959 I MediaCodecsXmlParser: limit: blocks-per-second-range = 1-1966080
01-06 23:22:12.389   959   959 I MediaCodecsXmlParser: limit: bitrate-range = 1-48000000
01-06 23:22:12.389   959   959 I MediaCodecsXmlParser: limit: feature-adaptive-playback = 0
01-06 23:22:12.389   959   959 I MediaCodecsXmlParser: limit: size-range = 2x2-4096x4096
01-06 23:22:12.389   959   959 I MediaCodecsXmlParser: limit: alignment = 2x2
01-06 23:22:12.389   959   959 I MediaCodecsXmlParser: limit: block-size = 8x8
01-06 23:22:12.389   959   959 I MediaCodecsXmlParser: limit: block-count-range = 1-196608
01-06 23:22:12.389   959   959 I MediaCodecsXmlParser: limit: blocks-per-second-range = 1-2000000
01-06 23:22:12.389   959   959 I MediaCodecsXmlParser: limit: bitrate-range = 1-10000000
01-06 23:22:12.389   959   959 I MediaCodecsXmlParser: limit: feature-adaptive-playback = 0
01-06 23:22:12.389   959   959 I MediaCodecsXmlParser: limit: size-range = 2x2-2048x2048
01-06 23:22:12.389   959   959 I MediaCodecsXmlParser: limit: alignment = 2x2
01-06 23:22:12.389   959   959 I MediaCodecsXmlParser: limit: block-size = 16x16
01-06 23:22:12.389   959   959 I MediaCodecsXmlParser: limit: block-count-range = 1-16384
01-06 23:22:12.389   959   959 I MediaCodecsXmlParser: limit: blocks-per-second-range = 1-1000000
01-06 23:22:12.389   959   959 I MediaCodecsXmlParser: limit: bitrate-range = 1-40000000
01-06 23:22:12.389   959   959 I MediaCodecsXmlParser: limit: feature-adaptive-playback = 0
01-06 23:22:12.389   959   959 I MediaCodecsXmlParser: limit: size-range = 2x2-2048x2048
01-06 23:22:12.389   959   959 I MediaCodecsXmlParser: limit: alignment = 2x2
01-06 23:22:12.389   959   959 I MediaCodecsXmlParser: limit: block-size = 16x16
01-06 23:22:12.389   959   959 I MediaCodecsXmlParser: limit: block-count-range = 1-16384
01-06 23:22:12.389   959   959 I MediaCodecsXmlParser: limit: blocks-per-second-range = 1-500000
01-06 23:22:12.389   959   959 I MediaCodecsXmlParser: limit: bitrate-range = 1-40000000
01-06 23:22:12.389   959   959 I MediaCodecsXmlParser: limit: feature-adaptive-playback = 0
01-06 23:22:12.389   959   959 I MediaCodecsXmlParser: limit: size-range = 176x144-176x144
01-06 23:22:12.389   959   959 I MediaCodecsXmlParser: limit: alignment = 16x16
01-06 23:22:12.389   959   959 I MediaCodecsXmlParser: limit: bitrate-range = 1-128000
01-06 23:22:12.389   959   959 I MediaCodecsXmlParser: limit: size-range = 16x16-2048x2048
01-06 23:22:12.389   959   959 I MediaCodecsXmlParser: limit: alignment = 2x2
01-06 23:22:12.389   959   959 I MediaCodecsXmlParser: limit: block-size = 16x16
01-06 23:22:12.389   959   959 I MediaCodecsXmlParser: limit: block-count-range = 1-8192
01-06 23:22:12.389   959   959 I MediaCodecsXmlParser: limit: blocks-per-second-range = 1-245760
01-06 23:22:12.389   959   959 I MediaCodecsXmlParser: limit: bitrate-range = 1-12000000
01-06 23:22:12.389   959   959 I MediaCodecsXmlParser: limit: feature-intra-refresh = 0
01-06 23:22:12.389   959   959 I MediaCodecsXmlParser: limit: size-range = 16x16-176x144
01-06 23:22:12.389   959   959 I MediaCodecsXmlParser: limit: alignment = 16x16
01-06 23:22:12.389   959   959 I MediaCodecsXmlParser: limit: block-size = 16x16
01-06 23:22:12.390   959   959 I MediaCodecsXmlParser: limit: blocks-per-second-range = 12-1485
01-06 23:22:12.390   959   959 I MediaCodecsXmlParser: limit: bitrate-range = 1-64000
01-06 23:22:12.390   959   959 I MediaCodecsXmlParser: limit: size-range = 2x2-2048x2048
01-06 23:22:12.390   959   959 I MediaCodecsXmlParser: limit: alignment = 2x2
01-06 23:22:12.390   959   959 I MediaCodecsXmlParser: limit: block-size = 16x16
01-06 23:22:12.390   959   959 I MediaCodecsXmlParser: limit: block-count-range = 1-16384
01-06 23:22:12.390   959   959 I MediaCodecsXmlParser: limit: bitrate-range = 1-40000000
01-06 23:22:12.390   959   959 I MediaCodecsXmlParser: limit: feature-bitrate-modes = VBR,CBR
01-06 23:22:12.390   959   959 I MediaCodecsXmlParser: limit: size-range = 2x2-2048x2048
01-06 23:22:12.390   959   959 I MediaCodecsXmlParser: limit: alignment = 2x2
01-06 23:22:12.390   959   959 I MediaCodecsXmlParser: limit: block-size = 16x16
01-06 23:22:12.390   959   959 I MediaCodecsXmlParser: limit: block-count-range = 1-3600
01-06 23:22:12.390   959   959 I MediaCodecsXmlParser: limit: bitrate-range = 1-40000000
01-06 23:22:12.390   959   959 I MediaCodecsXmlParser: limit: feature-bitrate-modes = VBR,CBR
01-06 23:22:12.390   959   959 I MediaCodecsXmlParser: getVendorXmlPath (/vendor/etc/media_codecs_performance.xml)
01-06 23:22:12.390   959   959 D MediaCodecsXmlParser: parsing /vendor/etc/media_codecs_performance.xml...
01-06 23:22:12.393     0     0 E hvdcpd  : Registered HVDCP
01-06 23:22:12.394     0     0 I configfs-gadget gadget: super-speed config #1: b
01-06 23:22:12.394     0     0 I diag    : USB channel diag: Received Connect event
01-06 23:22:12.394     0     0 I msm-dwc3 a800000.ssusb: Avail curr from USB = 900
01-06 23:22:12.394     0     0 E PMI     : set_sdp_current: ICL 50000uA isn't supported for SDP
01-06 23:22:12.394     0     0 E PMI     : smblib_set_icl_current: Couldn't set SDP ICL rc=-22
01-06 23:22:12.395     0     0 I android_work: sent uevent USB_STATE=CONFIGURED
01-06 23:22:12.395   886  1066 I adbd    : USB event: FUNCTIONFS_ENABLE
01-06 23:22:12.403   959   959 I MediaCodecsXmlParser: limit: measured-frame-rate-320x240-range = 388-392
01-06 23:22:12.403   959   959 I MediaCodecsXmlParser: limit: measured-frame-rate-720x480-range = 80-90
01-06 23:22:12.403   959   959 I MediaCodecsXmlParser: limit: measured-frame-rate-1280x720-range = 32-37
01-06 23:22:12.403   959   959 I MediaCodecsXmlParser: limit: measured-frame-rate-1920x1080-range = 40-40
01-06 23:22:12.403   959   959 I MediaCodecsXmlParser: limit: measured-frame-rate-320x240-range = 226-226
01-06 23:22:12.403   959   959 I MediaCodecsXmlParser: limit: measured-frame-rate-720x480-range = 121-121
01-06 23:22:12.403   959   959 I MediaCodecsXmlParser: limit: measured-frame-rate-1280x720-range = 49-49
01-06 23:22:12.403   959   959 I MediaCodecsXmlParser: limit: measured-frame-rate-1920x1080-range = 16-45
01-06 23:22:12.403   959   959 I MediaCodecsXmlParser: limit: measured-frame-rate-3840x2160-range = 13-26
01-06 23:22:12.403   959   959 I MediaCodecsXmlParser: limit: measured-frame-rate-176x144-range = 517-521
01-06 23:22:12.403   959   959 I MediaCodecsXmlParser: limit: measured-frame-rate-352x288-range = 261-261
01-06 23:22:12.403   959   959 I MediaCodecsXmlParser: limit: measured-frame-rate-176x144-range = 515-518
01-06 23:22:12.403   959   959 I MediaCodecsXmlParser: limit: measured-frame-rate-352x288-range = 263-263
01-06 23:22:12.403   959   959 I MediaCodecsXmlParser: limit: measured-frame-rate-640x480-range = 144-144
01-06 23:22:12.403   959   959 I MediaCodecsXmlParser: limit: measured-frame-rate-320x180-range = 312-312
01-06 23:22:12.403   959   959 I MediaCodecsXmlParser: limit: measured-frame-rate-640x360-range = 175-174
01-06 23:22:12.403   959   959 I MediaCodecsXmlParser: limit: measured-frame-rate-1280x720-range = 30-40
01-06 23:22:12.403   959   959 I MediaCodecsXmlParser: limit: measured-frame-rate-1920x1080-range = 20-25
01-06 23:22:12.403   959   959 I MediaCodecsXmlParser: limit: measured-frame-rate-320x240-range = 185-185
01-06 23:22:12.403   959   959 I MediaCodecsXmlParser: limit: measured-frame-rate-720x480-range = 87-87
01-06 23:22:12.403   959   959 I MediaCodecsXmlParser: limit: measured-frame-rate-1280x720-range = 45-45
01-06 23:22:12.403   959   959 I MediaCodecsXmlParser: limit: measured-frame-rate-1920x1080-range = 28-28
01-06 23:22:12.403   959   959 D MediaCodecsXmlParser: MediaCodec: cannot update non-existing codec at line 57 of /vendor/etc/media_codecs_performance.xml
01-06 23:22:12.403   959   959 I MediaCodecsXmlParser: limit: measured-frame-rate-176x144-range = 350-365
01-06 23:22:12.403   959   959 D MediaCodecsXmlParser: MediaCodec: cannot update non-existing codec at line 66 of /vendor/etc/media_codecs_performance.xml
01-06 23:22:12.403   959   959 I MediaCodecsXmlParser: limit: measured-frame-rate-176x144-range = 385-385
01-06 23:22:12.403   959   959 D MediaCodecsXmlParser: MediaCodec: cannot update non-existing codec at line 72 of /vendor/etc/media_codecs_performance.xml
01-06 23:22:12.403   959   959 D MediaCodecsXmlParser: MediaCodec: cannot update non-existing codec at line 75 of /vendor/etc/media_codecs_performance.xml
01-06 23:22:12.403   959   959 I MediaCodecsXmlParser: limit: measured-frame-rate-320x180-range = 100-120
01-06 23:22:12.403   959   959 I MediaCodecsXmlParser: limit: measured-frame-rate-640x360-range = 45-50
01-06 23:22:12.403   959   959 I MediaCodecsXmlParser: limit: measured-frame-rate-1280x720-range = 30-35
01-06 23:22:12.403   959   959 I MediaCodecsXmlParser: limit: measured-frame-rate-1920x1080-range = 20-30
01-06 23:22:12.403   959   959 I MediaCodecsXmlParser: limit: measured-frame-rate-320x180-range = 140-180
01-06 23:22:12.403   959   959 I MediaCodecsXmlParser: limit: measured-frame-rate-640x360-range = 45-60
01-06 23:22:12.403   959   959 I MediaCodecsXmlParser: limit: measured-frame-rate-1280x720-range = 12-15
01-06 23:22:12.404   959   959 D MediaCodecsXmlParser: MediaCodec: cannot update non-existing codec at line 90 of /vendor/etc/media_codecs_performance.xml
01-06 23:22:12.404   959   959 I MediaCodecsXmlParser: limit: measured-frame-rate-320x240-range = 555-566
01-06 23:22:12.404   959   959 I MediaCodecsXmlParser: limit: measured-frame-rate-720x480-range = 239-239
01-06 23:22:12.404   959   959 I MediaCodecsXmlParser: limit: measured-frame-rate-1280x720-range = 197-197
01-06 23:22:12.404   959   959 I MediaCodecsXmlParser: limit: measured-frame-rate-1920x1088-range = 198-199
01-06 23:22:12.404   959   959 I MediaCodecsXmlParser: limit: measured-frame-rate-352x288-range = 650-655
01-06 23:22:12.404   959   959 I MediaCodecsXmlParser: limit: measured-frame-rate-640x360-range = 395-398
01-06 23:22:12.404   959   959 I MediaCodecsXmlParser: limit: measured-frame-rate-720x480-range = 300-304
01-06 23:22:12.404   959   959 I MediaCodecsXmlParser: limit: measured-frame-rate-1280x720-range = 241-241
