07-20 22:09:40.710   882   882 V /vendor/bin/adsprpcd: vendor/qcom/proprietary/commonsys-intf/adsprpc/src/fastrpc_perf.c:213: fastrpc_perf_init: enabled RPC traces (kernel 0, dsp 0) with frequency 1000
07-20 22:09:40.710   882   882 V /vendor/bin/adsprpcd: vendor/qcom/proprietary/commonsys-intf/adsprpc/src/fastrpc_apps_user.c:1088: remote_handle_open: Successfully opened handle 0xf0581da0 for adsp_default_listener on domain 0
07-20 22:09:40.710   884   884 E Diag_Lib: qpLogDiagInit <== result : 1
07-20 22:09:40.710   882   882 V /vendor/bin/adsprpcd: vendor/qcom/proprietary/commonsys-intf/adsprpc/src/fastrpc_apps_user.c:1088: remote_handle_open: Successfully opened handle 0x6 for '":;./\geteventfd on domain 0
07-20 22:09:40.710   884   884 E Diag_Lib: QMID : gIsQXDMDisabled 0, gIsADBDisabled 1, gIsDebugDisabled 0, gIsIMSLogsDisabled 0
07-20 22:09:40.710   884   884 E Diag_Lib: [IMS_QMID] |imsqmiserver.c | 541 | QMID#$$#0#QMI DAEMON STARTED
07-20 22:09:40.712   883   883 V /vendor/bin/adsprpcd: vendor/qcom/proprietary/commonsys-intf/adsprpc/src/fastrpc_apps_user.c:1088: remote_handle_open: Successfully opened handle 0x5c for '":;./\createstaticpd:audiopd on domain 0
07-20 22:09:40.716   878   878 I android.hardware.camera.provider@2.4-external-service: External camera provider service is starting.
07-20 22:09:40.718     0     0 E MAIN_MGR: hvdcp_opti Version: 3:0:0
07-20 22:09:40.719   875   875 I /system/bin/adbd: Not payment device, enable adbd
07-20 22:09:40.719   875   875 I /system/bin/adbd: 
07-20 22:09:40.720   875   875 I adbd    : ro.boot.qvar :1.0.0.0.
07-20 22:09:40.720   875   875 I adbd    : 
07-20 22:09:40.720   875   875 I adbd    : [item :]root, [flag :]1
07-20 22:09:40.720   875   875 I adbd    : 
07-20 22:09:40.720   875   875 I adbd    : ro.boot.qvar :1.0.0.0.
07-20 22:09:40.720   875   875 I adbd    : 
07-20 22:09:40.720   875   875 I adbd    : [item :]adb_auth, [flag :]0
07-20 22:09:40.720   875   875 I adbd    : 
07-20 22:09:40.720   875   875 I adbd    : ro.boot.qvar :1.0.0.0.
07-20 22:09:40.720   875   875 I adbd    : 
07-20 22:09:40.720   875   875 I adbd    : [item :]root, [flag :]1
07-20 22:09:40.720   875   875 I adbd    : 
07-20 22:09:40.724   893   893 D ELOPartd: ELOPartd
07-20 22:09:40.724   893   893 D ELOPartd: argc = 1
07-20 22:09:40.725   893   915 D ELOPartd: ~~~~ ELOPart_event_set 6300ebf1e0 ~~~~
07-20 22:09:40.725   893   915 D ELOPartd: ~~~~ +ELOPart_event_add ~~~~
07-20 22:09:40.725   893   915 D ELOPartd: ~~~~ added at 0 ~~~~
07-20 22:09:40.725   893   893 D ELOPartd: ~~~~ ELOPart_event_set 6300ebf198 ~~~~
07-20 22:09:40.725   893   893 D ELOPartd: ~~~~ +ELOPart_event_add ~~~~
07-20 22:09:40.725   893   893 D ELOPartd: ~~~~ added at 1 ~~~~
07-20 22:09:40.729   881   881 I ThermalEngine: Thermal daemon started
07-20 22:09:40.729   881   881 I ThermalEngine: No target config file, falling back to '/vendor/etc/thermal-engine.conf'
07-20 22:09:40.733   875   875 I adbd    : adbd listening on port 5555
07-20 22:09:40.736   875   918 I adbd    : opening control endpoint /dev/usb-ffs/adb/ep0
07-20 22:09:40.737     0     0 I         : read descriptors
07-20 22:09:40.737     0     0 I         : read strings
07-20 22:09:40.740     0     0 E firmware msadp: _request_firmware_load: firmware state wait timeout: rc = -2
07-20 22:09:40.740   878   878 I ExtCamUtils@3.4: loadFromCfg: load external camera config succeed!
07-20 22:09:40.740     0     0 W pil-q6v5-mss 4080000.qcom,mss: Debug policy not present - msadp. Continue.
07-20 22:09:40.740     0     0 I pil-q6v5-mss 4080000.qcom,mss: Loading MBA and DP (if present) from 0x0000000094800000 to 0x0000000094900000
07-20 22:09:40.740   878   878 I ExtCamUtils@3.4: loadFromCfg: device 3 will be ignored by external camera provider
07-20 22:09:40.740   878   878 I ExtCamUtils@3.4: loadFromCfg: depth output is not enabled
07-20 22:09:40.740   878   878 I ExtCamUtils@3.4: loadFromCfg: no minimum stream size specified
07-20 22:09:40.740   878   878 I ExtCamUtils@3.4: loadFromCfg: no sensor orientation specified
07-20 22:09:40.740   878   878 I ExtCamUtils@3.4: loadFromCfg: external camera cfg loaded: maxJpgBufSize 3145728, num video buffers 4, num still buffers 2, orientation 0
07-20 22:09:40.740   878   878 I ExtCamUtils@3.4: loadFromCfg: fpsLimitList: 640x480@30.000000
07-20 22:09:40.740   878   878 I ExtCamUtils@3.4: loadFromCfg: fpsLimitList: 1280x720@30.000000
07-20 22:09:40.740   878   878 I ExtCamUtils@3.4: loadFromCfg: fpsLimitList: 1920x1080@30.000000
07-20 22:09:40.740   878   878 I ExtCamUtils@3.4: loadFromCfg: minStreamSize: 0x0
07-20 22:09:40.744   878   878 I ServiceManagement: Registered android.hardware.camera.provider@2.4::ICameraProvider/external/0 (start delay of 114ms)
07-20 22:09:40.745   878   878 I ServiceManagement: Removing namespace from process name android.hardware.camera.provider@2.4-external-service to provider@2.4-external-service.
07-20 22:09:40.745   878   878 I android.hardware.camera.provider@2.4-external-service: Registration complete for android.hardware.camera.provider@2.4::ICameraProvider/external/0.
07-20 22:09:40.750   881   881 I ThermalEngine: devices_manager_init: Init
07-20 22:09:40.750   881   881 I ThermalEngine: Number of gpus :1
07-20 22:09:40.750   881   881 I ThermalEngine: Number of cpus :8
07-20 22:09:40.750   881   881 I ThermalEngine: update_cpu_topology: Cluster info node not found/sys/module/msm_thermal/cluster_info
07-20 22:09:40.751   881   881 E ThermalEngine: read_int_list_from_file: Read error -2.
07-20 22:09:40.751   881   881 E ThermalEngine: tmd_add_cpufreq_dev_data: Invalid or no boost freqs
07-20 22:09:40.751   885   885 I CLD80211: /system/vendor/bin/cnss_diag: initialized exit socket pair
07-20 22:09:40.751   885   885 I CLD80211: /system/vendor/bin/cnss_diag: nlctrl family id: 16 group: fw_logs mcast_id: 21
07-20 22:09:40.751   885   885 I CLD80211: /system/vendor/bin/cnss_diag: nlctrl family id: 16 group: host_logs mcast_id: 20
07-20 22:09:40.751   885   885 I CLD80211: /system/vendor/bin/cnss_diag: nlctrl family id: 16 group: diag_events mcast_id: 23
07-20 22:09:40.752   881   881 E ThermalEngine: read_int_list_from_file: Read error -2.
07-20 22:09:40.752   881   881 E ThermalEngine: tmd_add_cpufreq_dev_data: Invalid or no boost freqs
07-20 22:09:40.753   881   881 E ThermalEngine: read_int_list_from_file: Read error -2.
07-20 22:09:40.753   881   881 E ThermalEngine: tmd_add_cpufreq_dev_data: Invalid or no boost freqs
07-20 22:09:40.754   881   881 E ThermalEngine: read_int_list_from_file: Read error -2.
07-20 22:09:40.755   881   881 E ThermalEngine: tmd_add_cpufreq_dev_data: Invalid or no boost freqs
07-20 22:09:40.756   881   881 E ThermalEngine: read_int_list_from_file: Read error -2.
07-20 22:09:40.756   881   881 E ThermalEngine: tmd_add_cpufreq_dev_data: Invalid or no boost freqs
07-20 22:09:40.757   885   885 I CNSS    : log_capture_location  = /data/vendor/wifi/wlan_logs/
07-20 22:09:40.757   885   885 I CNSS    : Host_logs_location  = /data/vendor/wifi/wlan_logs/buffered_cnsshost_log.txt
07-20 22:09:40.757   885   885 I CNSS    : firmware_logs_location  = /data/vendor/wifi/wlan_logs/buffered_cnssfw_log.txt
07-20 22:09:40.757   885   885 I CNSS    : enable_flush_log = 0
07-20 22:09:40.757   885   885 I CNSS    : cnss_open_log_file: directory /data/vendor/wifi/wlan_logs/ created
07-20 22:09:40.757   881   881 E ThermalEngine: read_int_list_from_file: Read error -2.
07-20 22:09:40.758   881   881 E ThermalEngine: tmd_add_cpufreq_dev_data: Invalid or no boost freqs
07-20 22:09:40.758   885   885 I CNSS    : failed to open file a+ mode or file size 305472 is less than max_file_size 31457280
07-20 22:09:40.758   885   885 I CNSS    : cnss_open_log_file: directory /data/vendor/wifi/wlan_logs/ created
07-20 22:09:40.758   885   885 I CNSS    : failed to open file a+ mode or file size 24056 is less than max_file_size 31457280
07-20 22:09:40.758   885   885 I CNSS    : cnss_open_log_file: directory /data/vendor/wifi/wlan_logs/ created
07-20 22:09:40.758   885   885 I CNSS    : failed to open file a+ mode or file size 0 is less than max_file_size 31457280
07-20 22:09:40.758   885   885 I CNSS    : initialize_cnsslog_timer: create cnss log timer 
07-20 22:09:40.758   881   881 E ThermalEngine: read_int_list_from_file: Read error -2.
07-20 22:09:40.758   881   881 E ThermalEngine: tmd_add_cpufreq_dev_data: Invalid or no boost freqs
07-20 22:09:40.759   881   881 E ThermalEngine: read_int_list_from_file: Read error -2.
07-20 22:09:40.759   881   881 E ThermalEngine: tmd_add_cpufreq_dev_data: Invalid or no boost freqs
07-20 22:09:40.761     0     0 I init    : starting service 'vendor.perfservice'...
07-20 22:09:40.762   894   894 D LibBpfLoader: Loading ELF object /system/etc/bpf/netd.o with license Apache 2.0
07-20 22:09:40.764   894   894 D LibBpfLoader: Loaded code section 3 (cgroupskb_ingress_stats)
07-20 22:09:40.764   894   894 D LibBpfLoader: Loaded relo section 3 (.relcgroupskb/ingress/stats)
07-20 22:09:40.764   894   894 D LibBpfLoader: Adding section 3 to cs list
07-20 22:09:40.764   894   894 D LibBpfLoader: Loaded code section 5 (cgroupskb_egress_stats)
07-20 22:09:40.764   894   894 D LibBpfLoader: Loaded relo section 5 (.relcgroupskb/egress/stats)
07-20 22:09:40.764   894   894 D LibBpfLoader: Adding section 5 to cs list
07-20 22:09:40.764   894   894 D LibBpfLoader: Loaded code section 7 (skfilter_egress_xtbpf)
07-20 22:09:40.765   894   894 D LibBpfLoader: Loaded relo section 7 (.relskfilter/egress/xtbpf)
07-20 22:09:40.765   894   894 D LibBpfLoader: Adding section 7 to cs list
07-20 22:09:40.765   894   894 D LibBpfLoader: Loaded code section 9 (skfilter_ingress_xtbpf)
07-20 22:09:40.765   894   894 D LibBpfLoader: Loaded relo section 9 (.relskfilter/ingress/xtbpf)
07-20 22:09:40.765   894   894 D LibBpfLoader: Adding section 9 to cs list
07-20 22:09:40.765   894   894 D LibBpfLoader: Loaded code section 11 (skfilter_whitelist_xtbpf)
07-20 22:09:40.765   894   894 D LibBpfLoader: Loaded relo section 11 (.relskfilter/whitelist/xtbpf)
07-20 22:09:40.765   894   894 D LibBpfLoader: Adding section 11 to cs list
07-20 22:09:40.765   894   894 D LibBpfLoader: Loaded code section 13 (skfilter_blacklist_xtbpf)
07-20 22:09:40.765   894   894 D LibBpfLoader: Loaded relo section 13 (.relskfilter/blacklist/xtbpf)
07-20 22:09:40.765   894   894 D LibBpfLoader: Adding section 13 to cs list
07-20 22:09:40.765   894   894 D LibBpfLoader: Loaded code section 15 (cgroupsock_inet_create)
07-20 22:09:40.765   894   894 D LibBpfLoader: Loaded relo section 15 (.relcgroupsock/inet/create)
07-20 22:09:40.765   894   894 D LibBpfLoader: Adding section 15 to cs list
07-20 22:09:40.767   894   894 D LibBpfLoader: bpf_create_map name cookie_tag_map, ret: 6
07-20 22:09:40.768   894   894 D LibBpfLoader: bpf_create_map name uid_counterset_map, ret: 7
07-20 22:09:40.769   881   934 I ThermalEngine: ADSP thermal mitigation available.
07-20 22:09:40.770   881   934 I ThermalEngine: Mitigation:vdd_restriction[ADSP]:0 pending QMI request succeded
07-20 22:09:40.778   877   877 I Dpps    : GetInstance: DppsServer ref count increased to 1
07-20 22:09:40.778   877   877 I Dpps    : WaitForComposer():129 Waiting for composer service init
07-20 22:09:40.779   894   894 D LibBpfLoader: bpf_create_map name app_uid_stats_map, ret: 8
07-20 22:09:40.780   894   894 D LibBpfLoader: bpf_create_map name stats_map_A, ret: 9
07-20 22:09:40.784   881   881 I ThermalEngine: tmd_init_cluster_devs: No clusters found
07-20 22:09:40.784     0     0 I init    : starting service 'statsd'...
07-20 22:09:40.785   881   881 E ThermalEngine: Could not find npu cooling device
07-20 22:09:40.785   881   881 E ThermalEngine: tmd_init_npu_device: Invalid NPU level:-1.
07-20 22:09:40.785   881   881 E ThermalEngine: devices_init: Init NPU TMD failed -12
07-20 22:09:40.787   881   881 I ThermalEngine: vdd_rstr_init: Could not read /sys/module/msm_thermal/vdd_restriction/enabled
07-20 22:09:40.788   894   894 D LibBpfLoader: bpf_create_map name stats_map_B, ret: 10
07-20 22:09:40.788   894   894 D LibBpfLoader: bpf_create_map name iface_stats_map, ret: 11
07-20 22:09:40.788   894   894 D LibBpfLoader: bpf_create_map name configuration_map, ret: 12
07-20 22:09:40.788   894   894 D LibBpfLoader: bpf_create_map name uid_owner_map, ret: 13
07-20 22:09:40.788   894   894 D LibBpfLoader: bpf_create_map name iface_index_name_map, ret: 14
07-20 22:09:40.789   894   894 D LibBpfLoader: bpf_create_map name uid_permission_map, ret: 15
07-20 22:09:40.789   894   894 D LibBpfLoader: map_fd found at 0 is 6 in /system/etc/bpf/netd.o
07-20 22:09:40.789   894   894 D LibBpfLoader: map_fd found at 1 is 7 in /system/etc/bpf/netd.o
07-20 22:09:40.789   894   894 D LibBpfLoader: map_fd found at 2 is 8 in /system/etc/bpf/netd.o
07-20 22:09:40.789   894   894 D LibBpfLoader: map_fd found at 3 is 9 in /system/etc/bpf/netd.o
07-20 22:09:40.789   894   894 D LibBpfLoader: map_fd found at 4 is 10 in /system/etc/bpf/netd.o
07-20 22:09:40.789   894   894 D LibBpfLoader: map_fd found at 5 is 11 in /system/etc/bpf/netd.o
07-20 22:09:40.789   894   894 D LibBpfLoader: map_fd found at 6 is 12 in /system/etc/bpf/netd.o
07-20 22:09:40.789   894   894 D LibBpfLoader: map_fd found at 7 is 13 in /system/etc/bpf/netd.o
07-20 22:09:40.789   894   894 D LibBpfLoader: map_fd found at 8 is 14 in /system/etc/bpf/netd.o
07-20 22:09:40.789   894   894 D LibBpfLoader: map_fd found at 9 is 15 in /system/etc/bpf/netd.o
07-20 22:09:40.790   894   894 D LibBpfLoader: applying relo to instruction at byte offset: 616, 	       insn offset 77 , insn 118
07-20 22:09:40.790   894   894 D LibBpfLoader: applying relo to instruction at byte offset: 688, 	       insn offset 86 , insn 118
07-20 22:09:40.790   894   894 D LibBpfLoader: applying relo to instruction at byte offset: 1040, 	       insn offset 130 , insn 118
07-20 22:09:40.790   894   894 D LibBpfLoader: applying relo to instruction at byte offset: 1184, 	       insn offset 148 , insn 118
07-20 22:09:40.790     0     0 I pil-q6v5-mss 4080000.qcom,mss: MBA boot done
07-20 22:09:40.790   894   894 D LibBpfLoader: applying relo to instruction at byte offset: 1264, 	       insn offset 158 , insn 118
07-20 22:09:40.791   926   926 I installd: installd firing up
07-20 22:09:40.795     0     0 I init    : starting service 'storaged'...
07-20 22:09:40.795   881   881 E ThermalEngine: open/sys/class/power_supply/battery/system_temp_level failed2
07-20 22:09:40.795   881   881 E ThermalEngine: Unable to init battery charging mitigation to 0
07-20 22:09:40.797   881   881 I ThermalEngine: sensors_manager_init: Init
07-20 22:09:40.799   924   924 I KIT     : KIT firing up 1.08
07-20 22:09:40.799   894   894 D LibBpfLoader: applying relo to instruction at byte offset: 1368, 	       insn offset 171 , insn 118
07-20 22:09:40.800   894   894 D LibBpfLoader: applying relo to instruction at byte offset: 1472, 	       insn offset 184 , insn 118
07-20 22:09:40.800   924   924 E KIT     : LogMessageBuffer: Wed Jul 21 02:09:40 2021
07-20 22:09:40.800   924   924 E KIT     :  KIT firing up
07-20 22:09:40.800   924   924 E KIT     : 
07-20 22:09:40.800   894   894 D LibBpfLoader: applying relo to instruction at byte offset: 1512, 	       insn offset 189 , insn 118
07-20 22:09:40.801   894   894 D LibBpfLoader: applying relo to instruction at byte offset: 1632, 	       insn offset 204 , insn 118
07-20 22:09:40.801   894   894 D LibBpfLoader: applying relo to instruction at byte offset: 1736, 	       insn offset 217 , insn 118
07-20 22:09:40.802     0     0 I init    : Created socket '/dev/socket/statsdw', mode 222, user 1066, group 1066
07-20 22:09:40.803   894   894 D LibBpfLoader: applying relo to instruction at byte offset: 1776, 	       insn offset 222 , insn 118
07-20 22:09:40.803   894   894 D LibBpfLoader: applying relo to instruction at byte offset: 2064, 	       insn offset 258 , insn 118
07-20 22:09:40.803   894   894 D LibBpfLoader: applying relo to instruction at byte offset: 2168, 	       insn offset 271 , insn 118
07-20 22:09:40.803   894   894 D LibBpfLoader: applying relo to instruction at byte offset: 2208, 	       insn offset 276 , insn 118
07-20 22:09:40.803   894   894 D LibBpfLoader: applying relo to instruction at byte offset: 2328, 	       insn offset 291 , insn 118
07-20 22:09:40.803   894   894 D LibBpfLoader: applying relo to instruction at byte offset: 2432, 	       insn offset 304 , insn 118
07-20 22:09:40.803   894   894 D LibBpfLoader: applying relo to instruction at byte offset: 2472, 	       insn offset 309 , insn 118
07-20 22:09:40.803   894   894 D LibBpfLoader: applying relo to instruction at byte offset: 2720, 	       insn offset 340 , insn 118
07-20 22:09:40.803   894   894 D LibBpfLoader: applying relo to instruction at byte offset: 2824, 	       insn offset 353 , insn 118
07-20 22:09:40.803   894   894 D LibBpfLoader: applying relo to instruction at byte offset: 2864, 	       insn offset 358 , insn 118
07-20 22:09:40.803   894   894 D LibBpfLoader: applying relo to instruction at byte offset: 608, 	       insn offset 76 , insn 118
07-20 22:09:40.803   894   894 D LibBpfLoader: applying relo to instruction at byte offset: 680, 	       insn offset 85 , insn 118
07-20 22:09:40.804   894   894 D LibBpfLoader: applying relo to instruction at byte offset: 904, 	       insn offset 113 , insn 118
07-20 22:09:40.804   894   894 D LibBpfLoader: applying relo to instruction at byte offset: 1048, 	       insn offset 131 , insn 118
07-20 22:09:40.804   894   894 D LibBpfLoader: applying relo to instruction at byte offset: 1128, 	       insn offset 141 , insn 118
07-20 22:09:40.804   894   894 D LibBpfLoader: applying relo to instruction at byte offset: 1232, 	       insn offset 154 , insn 118
07-20 22:09:40.804   894   894 D LibBpfLoader: applying relo to instruction at byte offset: 1336, 	       insn offset 167 , insn 118
07-20 22:09:40.804   894   894 D LibBpfLoader: applying relo to instruction at byte offset: 1376, 	       insn offset 172 , insn 118
07-20 22:09:40.804   894   894 D LibBpfLoader: applying relo to instruction at byte offset: 1496, 	       insn offset 187 , insn 118
07-20 22:09:40.804   894   894 D LibBpfLoader: applying relo to instruction at byte offset: 1600, 	       insn offset 200 , insn 118
07-20 22:09:40.804   894   894 D LibBpfLoader: applying relo to instruction at byte offset: 1640, 	       insn offset 205 , insn 118
07-20 22:09:40.804   894   894 D LibBpfLoader: applying relo to instruction at byte offset: 1928, 	       insn offset 241 , insn 118
07-20 22:09:40.804   894   894 D LibBpfLoader: applying relo to instruction at byte offset: 2032, 	       insn offset 254 , insn 118
07-20 22:09:40.804   894   894 D LibBpfLoader: applying relo to instruction at byte offset: 2072, 	       insn offset 259 , insn 118
07-20 22:09:40.804   894   894 D LibBpfLoader: applying relo to instruction at byte offset: 2192, 	       insn offset 274 , insn 118
07-20 22:09:40.804   894   894 D LibBpfLoader: applying relo to instruction at byte offset: 2296, 	       insn offset 287 , insn 118
07-20 22:09:40.804   894   894 D LibBpfLoader: applying relo to instruction at byte offset: 2336, 	       insn offset 292 , insn 118
07-20 22:09:40.804   894   894 D LibBpfLoader: applying relo to instruction at byte offset: 2584, 	       insn offset 323 , insn 118
07-20 22:09:40.804   894   894 D LibBpfLoader: applying relo to instruction at byte offset: 2688, 	       insn offset 336 , insn 118
07-20 22:09:40.804   894   894 D LibBpfLoader: applying relo to instruction at byte offset: 2728, 	       insn offset 341 , insn 118
07-20 22:09:40.804   894   894 D LibBpfLoader: applying relo to instruction at byte offset: 40, 	       insn offset 5 , insn 118
07-20 22:09:40.805   894   894 D LibBpfLoader: applying relo to instruction at byte offset: 144, 	       insn offset 18 , insn 118
07-20 22:09:40.805   894   894 D LibBpfLoader: applying relo to instruction at byte offset: 184, 	       insn offset 23 , insn 118
07-20 22:09:40.805   894   894 D LibBpfLoader: applying relo to instruction at byte offset: 40, 	       insn offset 5 , insn 118
07-20 22:09:40.805   894   894 D LibBpfLoader: applying relo to instruction at byte offset: 144, 	       insn offset 18 , insn 118
07-20 22:09:40.805   894   894 D LibBpfLoader: applying relo to instruction at byte offset: 184, 	       insn offset 23 , insn 118
07-20 22:09:40.805   894   894 D LibBpfLoader: applying relo to instruction at byte offset: 136, 	       insn offset 17 , insn 118
07-20 22:09:40.805   894   894 D LibBpfLoader: applying relo to instruction at byte offset: 32, 	       insn offset 4 , insn 118
07-20 22:09:40.805   894   894 D LibBpfLoader: applying relo to instruction at byte offset: 80, 	       insn offset 10 , insn 118
07-20 22:09:40.805     0     0 I init    : starting service 'wificond'...
07-20 22:09:40.810     0     0 I sn65dsi86_dsi2edp_disable: end
07-20 22:09:40.810     0     0 I sn65dsi86_dsi2edp_panel_enable: set to 0
07-20 22:09:40.810   881   943 E ThermalEngine: socket creation success
07-20 22:09:40.816     0     0 I init    : Opened file '/d/mmc0/mmc0:0001/ext_csd', flags 0
07-20 22:09:40.818   939   939 I PerfDaemon: PerfDaemon is starting.
07-20 22:09:40.820   894   894 D LibBpfLoader: New bpf core prog_load for /system/etc/bpf/netd.o (cgroupskb_ingress_stats) returned: 16
07-20 22:09:40.827   894   894 D LibBpfLoader: New bpf core prog_load for /system/etc/bpf/netd.o (cgroupskb_egress_stats) returned: 17
07-20 22:09:40.828   894   894 D LibBpfLoader: New bpf core prog_load for /system/etc/bpf/netd.o (skfilter_egress_xtbpf) returned: 18
07-20 22:09:40.829   894   894 D LibBpfLoader: New bpf core prog_load for /system/etc/bpf/netd.o (skfilter_ingress_xtbpf) returned: 19
07-20 22:09:40.829   894   894 D LibBpfLoader: New bpf core prog_load for /system/etc/bpf/netd.o (skfilter_whitelist_xtbpf) returned: 20
07-20 22:09:40.829   894   894 D LibBpfLoader: New bpf core prog_load for /system/etc/bpf/netd.o (skfilter_blacklist_xtbpf) returned: 21
07-20 22:09:40.829   894   894 D LibBpfLoader: New bpf core prog_load for /system/etc/bpf/netd.o (cgroupsock_inet_create) returned: 22
07-20 22:09:40.829   894   894 I bpfloader: Attempted load object: /system/etc/bpf/netd.o, ret: Success
07-20 22:09:40.831   881   881 E ThermalEngine: pid_init_data: ERROR Uknown device
07-20 22:09:40.832   881   881 E ThermalEngine: thermal_monitor_init_data: read camera_thermal_migitation=125000
07-20 22:09:40.834     0     0 I init    : starting service 'vendor.media.omx'...
07-20 22:09:40.838     0     0 I init    : starting service 'ril-quectel'...
07-20 22:09:40.842   881   881 I ThermalEngine: Loading config file for virtual sensor
07-20 22:09:40.842   881   881 I ThermalEngine: Loading configuration file /vendor/etc/thermal-engine.conf
07-20 22:09:40.842   894   894 D LibBpfLoader: Loading ELF object /system/etc/bpf/clatd.o with license Apache 2.0
07-20 22:09:40.842   894   894 D LibBpfLoader: Loaded code section 3 (schedcls_ingress_clat_ether)
07-20 22:09:40.843   894   894 D LibBpfLoader: Loaded relo section 3 (.relschedcls/ingress/clat_ether)
07-20 22:09:40.843   894   894 D LibBpfLoader: Adding section 3 to cs list
07-20 22:09:40.843   894   894 D LibBpfLoader: Loaded code section 5 (schedcls_ingress_clat_rawip)
07-20 22:09:40.843   894   894 D LibBpfLoader: Loaded relo section 5 (.relschedcls/ingress/clat_rawip)
07-20 22:09:40.843   894   894 D LibBpfLoader: Adding section 5 to cs list
07-20 22:09:40.843   894   894 D LibBpfLoader: bpf_create_map name clat_ingress_map, ret: 23
07-20 22:09:40.843   894   894 D LibBpfLoader: map_fd found at 0 is 23 in /system/etc/bpf/clatd.o
07-20 22:09:40.844   894   894 D LibBpfLoader: applying relo to instruction at byte offset: 400, 	       insn offset 50 , insn 118
07-20 22:09:40.844   894   894 D LibBpfLoader: applying relo to instruction at byte offset: 360, 	       insn offset 45 , insn 118
07-20 22:09:40.844   894   894 D LibBpfLoader: New bpf core prog_load for /system/etc/bpf/clatd.o (schedcls_ingress_clat_ether) returned: 24
07-20 22:09:40.845   894   894 D LibBpfLoader: New bpf core prog_load for /system/etc/bpf/clatd.o (schedcls_ingress_clat_rawip) returned: 25
07-20 22:09:40.845   894   894 I bpfloader: Attempted load object: /system/etc/bpf/clatd.o, ret: Success
07-20 22:09:40.846   881   881 I ThermalEngine: Parsing section global
07-20 22:09:40.846   881   881 E ThermalEngine: virtual_sensors_init: Error getting virtual sensors set
07-20 22:09:40.846   881   881 I ThermalEngine: Loading configuration file /vendor/etc/thermal-engine.conf
07-20 22:09:40.846   881   881 I ThermalEngine: Parsing section global
07-20 22:09:40.847     0     0 I init    : starting service 'vendor.cnd'...
07-20 22:09:40.847   881   881 E ThermalEngine: sensors_manager_reg_clnt: Invalid sensor pop_mem.
07-20 22:09:40.847   881   881 E ThermalEngine: pid_algo_init: Sensor clnt create fail pop_mem
07-20 22:09:40.847   881   881 E ThermalEngine: sensors_manager_reg_clnt: Invalid sensor cpu3.
07-20 22:09:40.847   881   881 E ThermalEngine: pid_algo_init: Sensor clnt create fail cpu3
07-20 22:09:40.847   881   881 E ThermalEngine: sensors_manager_reg_clnt: Invalid sensor cpu2.
07-20 22:09:40.847   881   881 E ThermalEngine: pid_algo_init: Sensor clnt create fail cpu2
07-20 22:09:40.847   881   881 E ThermalEngine: sensors_manager_reg_clnt: Invalid sensor cpu1.
07-20 22:09:40.847   881   881 E ThermalEngine: pid_algo_init: Sensor clnt create fail cpu1
07-20 22:09:40.847   881   881 E ThermalEngine: sensors_manager_reg_clnt: Invalid sensor cpu0.
07-20 22:09:40.847   881   881 E ThermalEngine: pid_algo_init: Sensor clnt create fail cpu0
07-20 22:09:40.847   881   881 I ThermalEngine: pid_algo_init: No PID's to be configured.
07-20 22:09:40.847   881   881 I ThermalEngine: [CAMERA_SKIN_EXIT_MITIGATION]
07-20 22:09:40.847   881   881 I ThermalEngine: #algo_type monitor
07-20 22:09:40.847   881   881 I ThermalEngine: sampling 10000
07-20 22:09:40.847   881   881 I ThermalEngine: sensor quiet-therm-adc
07-20 22:09:40.847   881   881 I ThermalEngine: thresholds 125000
07-20 22:09:40.847   881   881 I ThermalEngine: thresholds_clr 45000
07-20 22:09:40.847   881   881 I ThermalEngine: actions camera+camcorder
07-20 22:09:40.847   881   881 I ThermalEngine: action_info 10+10
07-20 22:09:40.847   881   881 I ThermalEngine: ss_algo_init: No SS's configured.
07-20 22:09:40.847   881   881 E ThermalEngine: No speaker_cal config
07-20 22:09:40.848   930   930 I mediaserver: ServiceManager: 0x7b4921a580
07-20 22:09:40.851   881   975 E ThermalEngine: open/sys/module/msm_thermal/parameters/enabled failed2
07-20 22:09:40.852     0     0 I init    : starting service 'wifidisplayhalservice'...
07-20 22:09:40.895   629   629 W zygote  : JNI RegisterNativeMethods: attempt to register 0 native methods for android.media.AudioAttributes
07-20 22:09:40.909   628   628 W zygote64: JNI RegisterNativeMethods: attempt to register 0 native methods for android.media.AudioAttributes
07-20 22:09:40.916   954   954 I wificond: wificond is starting up...
07-20 22:09:40.926     0     0 I ueventd : loading /devices/platform/soc/4080000.qcom,mss/firmware/modem.b06 took 7ms
07-20 22:09:40.930   939   939 D PerfDaemon: added vendor.perfservice to services and is now running.
07-20 22:09:40.934   886   886 E Diag_Lib: qpLogDiagInit <== result : 1; log_write_mutex is Initialized
07-20 22:09:40.934   886   886 E VIMSVT  : VT-Vendor:: enableImsADB 0, log_priority value 240
07-20 22:09:40.935   886   886 E Diag_Lib: [IMS_AP_RTP]"RTPService callback Registraton"
07-20 22:09:40.937   886   886 I ServiceManagement: Registered vendor.qti.imsrtpservice@2.1::IRTPService/imsrtpservice (start delay of 286ms)
07-20 22:09:40.942     0     0 I ueventd : firmware: loading 'modem.b07' for '/devices/platform/soc/4080000.qcom,mss/firmware/modem.b07'
07-20 22:09:40.948     0     0 I ueventd : loading /devices/platform/soc/4080000.qcom,mss/firmware/modem.b07 took 6ms
07-20 22:09:40.959   991   991 I /system/bin/tombstoned: tombstoned successfully initialized
07-20 22:09:40.969   670   670 E mm-camera: <SENSOR><ERROR> ov8856_gt24p64b_get_module_info: 77: EEPROM Version 1
07-20 22:09:40.969   670   670 E mm-camera: <SENSOR><ERROR> ov8856_gt24p64b_get_module_info: 86: EEPROM Manufacture date YYYY/MM/DD 2020/08/08 
07-20 22:09:40.969   670   670 E mm-camera: <SENSOR><ERROR> ov8856_gt24p64b_format_wbdata: 107: Enter
07-20 22:09:40.969   670   670 E mm-camera: <SENSOR><ERROR> ov8856_gt24p64b_format_wbdata: 121: WB : (4000K) r/gr = 0.509766
07-20 22:09:40.969   670   670 E mm-camera: <SENSOR><ERROR> ov8856_gt24p64b_format_wbdata: 122: WB : (4000K) b/gb = 0.834961
07-20 22:09:40.969   670   670 E mm-camera: <SENSOR><ERROR> ov8856_gt24p64b_format_wbdata: 123: WB : (4000K) gr/gb = 1.002938
07-20 22:09:40.969   670   670 E mm-camera: <SENSOR><ERROR> ov8856_gt24p64b_format_wbdata: 128: WB : (5000K) r/gr = 0.706055
07-20 22:09:40.969   670   670 E mm-camera: <SENSOR><ERROR> ov8856_gt24p64b_format_wbdata: 129: WB : (5000K) b/gb = 0.639648
07-20 22:09:40.969   670   670 E mm-camera: <SENSOR><ERROR> ov8856_gt24p64b_format_wbdata: 130: WB : (5000K) gr/gb = 1.000978
07-20 22:09:40.969   670   670 E mm-camera: <SENSOR><ERROR> ov8856_gt24p64b_format_wbdata: 183: Exit
07-20 22:09:40.969   670   670 E mm-camera: <SENSOR><ERROR> ov8856_gt24p64b_format_lensshading: 244: Enter
07-20 22:09:40.969   670   670 E mm-camera: <SENSOR><ERROR> ov8856_gt24p64b_format_lensshading: 300: Exit
07-20 22:09:40.969   670   670 E mm-camera: <SENSOR><ERROR> ov8856_gt24p64b_format_afdata: 202: Enter
07-20 22:09:40.969   670   670 E mm-camera: <SENSOR><ERROR> ov8856_gt24p64b_format_afdata: 223: AF : macro 410 infinity 250 (now starting DAC set to infinity)
07-20 22:09:40.969   670   670 E mm-camera: <SENSOR><ERROR> ov8856_gt24p64b_format_afdata: 224: Exit
07-20 22:09:40.969   670   670 E mm-camera: <SENSOR><ERROR> ov8856_gt24p64b_get_calibration_items: 30: is_insensor:0, is_afc:1, is_wbc:1, is_lsc:1, is_dpc:0, is_ois:0, is_dual:0
07-20 22:09:40.969   670   670 I mm-camera: <SENSOR>< INFO> 97: sensor_sysinfo_read: sysinfo:path /sys/module/msm_sensor_driver/parameters/module_vendor data default size 10
07-20 22:09:40.969   670   670 E mm-camera: <SENSOR><ERROR> 129: eeprom_af_add_margin: AF_infinity_dac:226, macro_dac:514
07-20 22:09:40.970   942   942 I ServiceManagement: Registered android.frameworks.stats@1.0::IStats/default (start delay of 189ms)
07-20 22:09:40.970   942   942 W statsd  : statscompanion service unavailable!
07-20 22:09:40.972   629   629 I sysui_multi_action: [757,804,799,boot_zygote_init,801,9782,802,1]
07-20 22:09:40.972   628   628 I sysui_multi_action: [757,804,799,boot_zygote_init,801,9767,802,1]
07-20 22:09:40.974   986   986 I ssgqmigd: socket ANDROID_SOCKET_ssgqmig open success
07-20 22:09:40.974   986   986 I ssgqmigd: ssgqmigd uses 42
07-20 22:09:40.977   888   888 I imsrcsd : Uce Service HAL  loading imsrcsbaseimpl
07-20 22:09:40.984     0     0 I ueventd : firmware: loading 'modem.b08' for '/devices/platform/soc/4080000.qcom,mss/firmware/modem.b08'
07-20 22:09:40.987   942   942 I statsd  : Statsd starts to listen to socket.
07-20 22:09:40.991   985   985 I CLD80211: /system/vendor/bin/cnss-daemon: initialized exit socket pair
07-20 22:09:40.991   985   985 I CLD80211: /system/vendor/bin/cnss-daemon: nlctrl family id: 16 group: svc_msgs mcast_id: 19
07-20 22:09:40.991   985   985 E cnss-daemon: interop issues ap: read_iot_ap_file: No such file /data/vendor/wifi/iotap_ps.bin
07-20 22:09:40.992   985   985 E cnss-daemon: interop issues ap: read_iot_ap_ps_from_file, read file error
07-20 22:09:40.992   985   985 I cnss-daemon: interop issues ap init successfully
07-20 22:09:40.992   985   985 I cnss-daemon:  cnss hang event handler init successfully
07-20 22:09:40.992     0     0 I ueventd : loading /devices/platform/soc/4080000.qcom,mss/firmware/modem.b08 took 10ms
07-20 22:09:40.994   979   979 I ServiceManagement: Registered com.qualcomm.qti.dpm.api@1.0::IdpmQmi/dpmQmiService (start delay of 143ms)
07-20 22:09:40.996   628   628 I boot_progress_preload_start: 9845
07-20 22:09:40.996   628   628 D Zygote  : begin preload
07-20 22:09:40.999   985   985 E cnss-daemon: Couldn't resolve family id
07-20 22:09:40.999   985   985 E cnss-daemon: Failed to init genl between daemon and platform, continue
07-20 22:09:41.004   628   628 I Zygote  : Calling ZygoteHooks.beginPreload()
07-20 22:09:41.010   629   629 I zygote  : Explicit concurrent copying GC freed 307(38KB) AllocSpace objects, 0(0B) LOS objects, 98% free, 25KB/1561KB, paused 56us total 13.828ms
07-20 22:09:41.014   629   629 I zygote  : Explicit concurrent copying GC freed 5(32KB) AllocSpace objects, 0(0B) LOS objects, 98% free, 25KB/1561KB, paused 40us total 3.062ms
07-20 22:09:41.014   629   629 D Zygote32Timing: PostZygoteInitGC took to complete: 18ms
07-20 22:09:41.014   629   629 D Zygote32Timing: ZygoteInit took to complete: 22ms
07-20 22:09:41.015   945  1005 W storaged: health: invalid battery status
07-20 22:09:41.025   978   978 E wifidisplayhal-service: Start with vendor binder
07-20 22:09:41.026   978   978 E wifidisplayhal-service: Registering wifidisplayhdcphal service...
07-20 22:09:41.028   978   978 I ServiceManagement: Registered com.qualcomm.qti.wifidisplayhal@1.0::IHDCPSession/wifidisplayhdcphal (start delay of 177ms)
07-20 22:09:41.028   978   978 E wifidisplayhal-service: Registering wifidisplaydshal service...
07-20 22:09:41.029   978   978 I ServiceManagement: Registered com.qualcomm.qti.wifidisplayhal@1.0::IDSManager/wifidisplaydshal (start delay of 178ms)
07-20 22:09:41.029   945  1005 I ServiceManager: Waiting for service 'package_native' on '/dev/binder'...
07-20 22:09:41.030     0     0 I ueventd : firmware: loading 'modem.b09' for '/devices/platform/soc/4080000.qcom,mss/firmware/modem.b09'
07-20 22:09:41.038     0     0 I ueventd : loading /devices/platform/soc/4080000.qcom,mss/firmware/modem.b09 took 8ms
07-20 22:09:41.051     0     0 I ueventd : firmware: loading 'modem.b10' for '/devices/platform/soc/4080000.qcom,mss/firmware/modem.b10'
07-20 22:09:41.054     0     0 I ueventd : loading /devices/platform/soc/4080000.qcom,mss/firmware/modem.b10 took 3ms
07-20 22:09:41.060   629   629 I Zygote  : Accepting command socket connections
07-20 22:09:41.061   497   497 I hwservicemanager: getTransport: Cannot find entry android.hardware.usb.gadget@1.0::IUsbGadget/default in either framework or device manifest.
07-20 22:09:41.063  1001  1001 I usbd    : Usb HAL not found
07-20 22:09:41.064   936   936 I mediaserver: ServiceManager: 0xe8d232a0
07-20 22:09:41.064   936   936 W BatteryNotifier: batterystats service unavailable!
07-20 22:09:41.065   936   936 W BatteryNotifier: batterystats service unavailable!
07-20 22:09:41.072     0     0 I ueventd : firmware: loading 'modem.b11' for '/devices/platform/soc/4080000.qcom,mss/firmware/modem.b11'
07-20 22:09:41.081   989   989 I gatekeeperd: Starting gatekeeperd...
07-20 22:09:41.082   628   628 D Zygote64Timing: BeginPreload took to complete: 87ms
07-20 22:09:41.083   628   628 I Zygote  : Preloading classes...
07-20 22:09:41.093   628   628 W Zygote  : Class not found for preloading: android.app.-$$Lambda$ActivityThread$ZXDWm3IBeFmLnFVblhB-IOZCr9o
07-20 22:09:41.105   666   666 D audio_hw_utils: audio_extn_utils_open_snd_mixer: retry, retry_num 1
07-20 22:09:41.106   929   929 I keystore: found android.hardware.keymaster@4.0::IKeymasterDevice with interface name default and seclevel TRUSTED_ENVIRONMENT
07-20 22:09:41.129   929   929 I ServiceManagement: Registered android.system.wifi.keystore@1.0::IKeystore/default (start delay of 389ms)
07-20 22:09:41.130   945  1005 I ServiceManager: Waiting for service 'package_native' on '/dev/binder'...
07-20 22:09:41.135   883   883 V /vendor/bin/adsprpcd: vendor/qcom/proprietary/commonsys-intf/adsprpc/src/fastrpc_perf.c:213: fastrpc_perf_init: enabled RPC traces (kernel 0, dsp 0) with frequency 1000
07-20 22:09:41.136   883   883 V /vendor/bin/adsprpcd: vendor/qcom/proprietary/commonsys-intf/adsprpc/src/fastrpc_apps_user.c:1088: remote_handle_open: Successfully opened handle 0xb07ae600 for adsp_default_listener on domain 0
07-20 22:09:41.137   883   883 V /vendor/bin/adsprpcd: vendor/qcom/proprietary/commonsys-intf/adsprpc/src/fastrpc_apps_user.c:1088: remote_handle_open: Successfully opened handle 0x6 for '":;./\geteventfd on domain 0
07-20 22:09:41.138   972   972 I media.codec: mediacodecservice starting
07-20 22:09:41.141   881   943 E ThermalEngine: read error 0. buf:[add@/devices/virtual/thermal/thermal_zone36 ACTION=add DEVPATH=/devices/virtual/thermal/thermal_zone36 SUBSYSTEM=thermal SEQNUM=4493 ]
07-20 22:09:41.141     0     0 W         : (NULL device *): hwmon_device_register() is deprecated. Please convert the driver to use hwmon_device_register_with_info().
07-20 22:09:41.149   972   972 W media.codec: libminijail[972]: failed to get path of fd 4: No such file or directory
07-20 22:09:41.149   972   972 W media.codec: libminijail[972]: allowing syscall: clock_gettime
07-20 22:09:41.149   972   972 W media.codec: libminijail[972]: allowing syscall: connect
07-20 22:09:41.149   972   972 W media.codec: libminijail[972]: allowing syscall: fcntl64
07-20 22:09:41.150   972   972 W media.codec: libminijail[972]: allowing syscall: socket
07-20 22:09:41.150   972   972 W media.codec: libminijail[972]: allowing syscall: writev
07-20 22:09:41.153     0     0 W wsa881x_get_temp: Temperature registers[0 0 0 0] are out of range
07-20 22:09:41.153     0     0 W wsa881x_get_temp: T0: 65535 is out of range[5, 45]
07-20 22:09:41.156   972   972 W media.codec: libminijail[972]: logging seccomp filter failures
07-20 22:09:41.167   628   628 W Zygote  : Class not found for preloading: android.bluetooth.BluetoothA2dp$2
07-20 22:09:41.170   883  1028 W /vendor/bin/adsprpcd: vendor/qcom/proprietary/commonsys-intf/adsprpc/src/apps_std_imp.c:749: Warning: fopen returned 0x2 for file oemconfig.so. (No such file or directory)
07-20 22:09:41.171   888   888 I imsrcsd : Starting Service for First Time imsbaseimpl
07-20 22:09:41.171   883  1028 W /vendor/bin/adsprpcd: vendor/qcom/proprietary/commonsys-intf/adsprpc/src/apps_std_imp.c:749: Warning: fopen returned 0x2 for file remote_heap_config.so. (No such file or directory)
07-20 22:09:41.173   888   888 I ServiceManagement: Registered com.qualcomm.qti.uceservice@2.2::IUceService/com.qualcomm.qti.uceservice (start delay of 513ms)
07-20 22:09:41.173   888   888 I imsrcsd : ImsRcsBaseImpl CM_IMSCONNECTIONMANAGER_CREATE_CONNECTION Before Registering Service
07-20 22:09:41.174   888   888 I ServiceManagement: Registered com.qualcomm.qti.imscmservice@2.2::IImsCmService/qti.ims.connectionmanagerservice (start delay of 514ms)
07-20 22:09:41.175   888   888 I imsrcsd : ImsRcsBaseImpl CM_IMSCONNECTIONMANAGER_CREATE_CONNECTION After Registering Service
07-20 22:09:41.175   888   888 E         : [IMS_COM] |ImsCom.cpp | 57 | | 888 |Com Fd: 7
07-20 22:09:41.175   888   888 E         : [IMS_COM] |ImsCom.cpp | 167 | | 888 |ImsCom::addComEventHandler(int 7, ComEventCallback 0x72078dd668, void* 0x0, ComCloseCallback 0x0, events 17) EX
07-20 22:09:41.175   888   888 E         : [IMS_COM] |ImsCom.cpp | 179 | | 888 |ImsCom::addComEventHandler epoll_ctl returns: 0
07-20 22:09:41.175   888   888 E         : [IMS_COM] |ImsCom.cpp | 60 | | 888 |ImsCom is ready. epollFd:6
07-20 22:09:41.175   888   888 E         : [IMS_COM] |ImsQmiSvc.cpp | 38 | | 888 |ImsQmiSvc[ImsQmiPrivate]:  
07-20 22:09:41.175   888   888 E         : [IMS_COM] |ImsQmiSvc.cpp | 41 | | 888 |ImsQmiSvc: qmiimssvcfd : 8 svcObj[x78e5008] 
07-20 22:09:41.175   888   888 E         : [IMS_COM] |ImsCom.cpp | 167 | | 888 |ImsCom::addComEventHandler(int 8, ComEventCallback 0x72078e2548, void* 0x720821c000, ComCloseCallback 0x0, events 1) EX
07-20 22:09:41.175   888   888 E         : [IMS_COM] |ImsCom.cpp | 179 | | 888 |ImsCom::addComEventHandler epoll_ctl returns: 0
07-20 22:09:41.177   888   888 E         : [IMS_COM] |ImsQmiSvc.cpp | 121 | | 888 |ImsQmiSvc[ImsQmiPrivate]: registerForQmiSvcUp 
07-20 22:09:41.177   888   888 E         : [IMS_COM] |ImsQmiPrivate.cpp | 121 | | 888 |ImsQmiPrivate Xtor
07-20 22:09:41.177   888   888 E         : [IMS_COM] |ImsCom.cpp | 167 | | 888 |ImsCom::addComEventHandler(int 12, ComEventCallback 0x72078e06e8, void* 0x720821c000, ComCloseCallback 0x0, events 1) EX
07-20 22:09:41.177   888   888 E         : [IMS_COM] |ImsCom.cpp | 179 | | 888 |ImsCom::addComEventHandler epoll_ctl returns: 0
07-20 22:09:41.177   888   888 I         : ImsCallInfoService: Ctor[820a180]
07-20 22:09:41.177   888   888 E         : [IMS_COM] |ImsQmiPrivate.cpp | 234 | | 888 |QMI IMS Private listener added 0x720820a180
07-20 22:09:41.177   888   888 I         : ImsCallInfoService - <API SVC> registerServiceImpl: Registering for vendor.qti.ims.callinfo 
07-20 22:09:41.178   888   888 I ServiceManagement: Registered vendor.qti.ims.callinfo@1.0::IService/default (start delay of 517ms)
07-20 22:09:41.178   888   888 I imsrcsd : ImsRcsBaseImpl ImsCallInfo After Registering Service
07-20 22:09:41.178   972   972 I SoftOMXPlugin: createOMXPlugin
07-20 22:09:41.179   972   972 I MediaCodecsXmlParser: getVendorXmlPath (/vendor/etc/media_codecs_vendor.xml)
07-20 22:09:41.179   972   972 D MediaCodecsXmlParser: parsing /vendor/etc/media_codecs_vendor.xml...
07-20 22:09:41.179   888   888 I ServiceManagement: Registered vendor.qti.ims.factory@1.0::IImsFactory/default (start delay of 518ms)
07-20 22:09:41.179   888   888 I imsrcsd : ImsRcsBaseImpl : Successfully registered ImsFactory
07-20 22:09:41.179   883  1028 W /vendor/bin/adsprpcd: vendor/qcom/proprietary/commonsys-intf/adsprpc/src/apps_std_imp.c:749: Warning: fopen returned 0x2 for file adsp_avs_config.acdb. (No such file or directory)
07-20 22:09:41.180   992   992 I update_engine: [0720/220941.180378:INFO:main.cc(181)] A/B Update Engine starting
07-20 22:09:41.180   972   972 D MediaCodecsXmlParser: parsing /vendor/etc/media_codecs_google_audio.xml...
07-20 22:09:41.181   972   972 I MediaCodecsXmlParser: limit: max-channel-count = 2
07-20 22:09:41.182   972   972 I MediaCodecsXmlParser: limit: sample-rate-ranges = 8000,11025,12000,16000,22050,24000,32000,44100,48000
07-20 22:09:41.182   972   972 I MediaCodecsXmlParser: limit: bitrate-range = 8000-320000
07-20 22:09:41.182   972   972 I MediaCodecsXmlParser: limit: max-channel-count = 1
07-20 22:09:41.182   972   972 I MediaCodecsXmlParser: limit: sample-rate-ranges = 8000
07-20 22:09:41.182   972   972 I MediaCodecsXmlParser: limit: bitrate-range = 4750-12200
07-20 22:09:41.182   972   972 I MediaCodecsXmlParser: limit: max-channel-count = 1
07-20 22:09:41.182   972   972 I MediaCodecsXmlParser: limit: sample-rate-ranges = 16000
07-20 22:09:41.182   972   972 I MediaCodecsXmlParser: limit: bitrate-range = 6600-23850
07-20 22:09:41.182   972   972 I MediaCodecsXmlParser: limit: max-channel-count = 8
07-20 22:09:41.182   972   972 I MediaCodecsXmlParser: limit: sample-rate-ranges = 7350,8000,11025,12000,16000,22050,24000,32000,44100,48000
07-20 22:09:41.182   972   972 I MediaCodecsXmlParser: limit: bitrate-range = 8000-960000
07-20 22:09:41.182   972   972 I MediaCodecsXmlParser: limit: max-channel-count = 1
07-20 22:09:41.182   972   972 I MediaCodecsXmlParser: limit: sample-rate-ranges = 8000-48000
07-20 22:09:41.182   972   972 I MediaCodecsXmlParser: limit: bitrate-range = 64000
07-20 22:09:41.182   972   972 I MediaCodecsXmlParser: limit: max-channel-count = 1
07-20 22:09:41.182   972   972 I MediaCodecsXmlParser: limit: sample-rate-ranges = 8000-48000
07-20 22:09:41.182   972   972 I MediaCodecsXmlParser: limit: bitrate-range = 64000
07-20 22:09:41.182   972   972 I MediaCodecsXmlParser: limit: max-channel-count = 8
07-20 22:09:41.182   972   972 I MediaCodecsXmlParser: limit: sample-rate-ranges = 8000-96000
07-20 22:09:41.182   972   972 I MediaCodecsXmlParser: limit: bitrate-range = 32000-500000
07-20 22:09:41.182   972   972 I MediaCodecsXmlParser: limit: max-channel-count = 8
07-20 22:09:41.182   972   972 I MediaCodecsXmlParser: limit: sample-rate-ranges = 48000
07-20 22:09:41.182   972   972 I MediaCodecsXmlParser: limit: bitrate-range = 6000-510000
07-20 22:09:41.182   972   972 I MediaCodecsXmlParser: limit: max-channel-count = 8
07-20 22:09:41.182   972   972 I MediaCodecsXmlParser: limit: sample-rate-ranges = 8000-192000
07-20 22:09:41.182   972   972 I MediaCodecsXmlParser: limit: bitrate-range = 1-10000000
07-20 22:09:41.182   972   972 I MediaCodecsXmlParser: limit: max-channel-count = 8
07-20 22:09:41.182   972   972 I MediaCodecsXmlParser: limit: sample-rate-ranges = 1-655350
07-20 22:09:41.182   972   972 I MediaCodecsXmlParser: limit: bitrate-range = 1-21000000
07-20 22:09:41.182   972   972 I MediaCodecsXmlParser: limit: max-channel-count = 6
07-20 22:09:41.182   972   972 I MediaCodecsXmlParser: limit: sample-rate-ranges = 8000,11025,12000,16000,22050,24000,32000,44100,48000
07-20 22:09:41.182   972   972 I MediaCodecsXmlParser: limit: bitrate-range = 8000-960000
07-20 22:09:41.182   972   972 I MediaCodecsXmlParser: limit: max-channel-count = 1
07-20 22:09:41.182   972   972 I MediaCodecsXmlParser: limit: sample-rate-ranges = 8000
07-20 22:09:41.182   972   972 I MediaCodecsXmlParser: limit: bitrate-range = 4750-12200
07-20 22:09:41.182   972   972 I MediaCodecsXmlParser: limit: feature-bitrate-modes = CBR
07-20 22:09:41.183   972   972 I MediaCodecsXmlParser: limit: max-channel-count = 1
07-20 22:09:41.183   972   972 I MediaCodecsXmlParser: limit: sample-rate-ranges = 16000
07-20 22:09:41.183   972   972 I MediaCodecsXmlParser: limit: bitrate-range = 6600-23850
07-20 22:09:41.183   972   972 I MediaCodecsXmlParser: limit: feature-bitrate-modes = CBR
07-20 22:09:41.183   972   972 I MediaCodecsXmlParser: limit: max-channel-count = 2
07-20 22:09:41.183   972   972 I MediaCodecsXmlParser: limit: sample-rate-ranges = 1-655350
07-20 22:09:41.183   972   972 I MediaCodecsXmlParser: limit: bitrate-range = 1-21000000
07-20 22:09:41.183   972   972 I MediaCodecsXmlParser: limit: complexity-default = 5
07-20 22:09:41.183   972   972 I MediaCodecsXmlParser: limit: complexity-range = 0-8
07-20 22:09:41.183   972   972 I MediaCodecsXmlParser: limit: feature-bitrate-modes = CQ
07-20 22:09:41.183   972   972 D MediaCodecsXmlParser: parsing /vendor/etc/media_codecs_vendor_audio.xml...
07-20 22:09:41.185   992   992 I update_engine: [0720/220941.185447:INFO:boot_control_android.cc(76)] Loaded boot control hidl hal.
07-20 22:09:41.185   628   628 I PackageBackwardCompatibility: Could not find android.content.pm.AndroidTestBaseUpdater, ignoring
07-20 22:09:41.185   992   992 I update_engine: [0720/220941.185595:INFO:daemon_state_android.cc(43)] Booted in dev mode.
07-20 22:09:41.186     0     0 W wsa881x_get_temp: Temperature registers[0 0 0 0] are out of range
07-20 22:09:41.186     0     0 W wsa881x_get_temp: T0: 65535 is out of range[5, 45]
07-20 22:09:41.187   972   972 I MediaCodecsXmlParser: limit: max-concurrent-instances = 10
07-20 22:09:41.187   972   972 D MediaCodecsXmlParser: parsing /vendor/etc/media_codecs_google_telephony.xml...
07-20 22:09:41.188   972   972 I MediaCodecsXmlParser: limit: max-channel-count = 1
07-20 22:09:41.188   972   972 I MediaCodecsXmlParser: limit: sample-rate-ranges = 8000
07-20 22:09:41.188   972   972 I MediaCodecsXmlParser: limit: bitrate-range = 13000
07-20 22:09:41.188   972   972 I MediaCodecsXmlParser: limit: size-range = 176x64-3840x2160
07-20 22:09:41.188   972   972 I MediaCodecsXmlParser: limit: alignment = 2x2
07-20 22:09:41.188   972   972 I MediaCodecsXmlParser: limit: block-size = 16x16
07-20 22:09:41.188   972   972 I MediaCodecsXmlParser: limit: blocks-per-second-range = 1-972000
07-20 22:09:41.188   972   972 I MediaCodecsXmlParser: limit: bitrate-range = 1-100000000
07-20 22:09:41.188   972   972 I MediaCodecsXmlParser: limit: max-concurrent-instances = 16
07-20 22:09:41.188   972   972 I MediaCodecsXmlParser: limit: feature-intra-refresh = 0
07-20 22:09:41.188   972   972 I MediaCodecsXmlParser: limit: performance-point-3840x2160-range = 24-24
07-20 22:09:41.188   972   972 I MediaCodecsXmlParser: limit: size-range = 96x96-3840x2160
07-20 22:09:41.188   972   972 I MediaCodecsXmlParser: limit: alignment = 2x2
07-20 22:09:41.188   972   972 I MediaCodecsXmlParser: limit: block-size = 16x16
07-20 22:09:41.188   972   972 I MediaCodecsXmlParser: limit: blocks-per-second-range = 1-972000
07-20 22:09:41.188   972   972 I MediaCodecsXmlParser: limit: bitrate-range = 1-100000000
07-20 22:09:41.188   972   972 I MediaCodecsXmlParser: limit: max-concurrent-instances = 16
07-20 22:09:41.188   972   972 I MediaCodecsXmlParser: limit: feature-intra-refresh = 0
07-20 22:09:41.188   972   972 I MediaCodecsXmlParser: limit: feature-can-swap-width-height = 0
07-20 22:09:41.188   972   972 I MediaCodecsXmlParser: limit: performance-point-3840x2160-range = 24-24
07-20 22:09:41.188   972   972 I MediaCodecsXmlParser: limit: size-range = 96x64-1920x1088
07-20 22:09:41.188   972   972 I MediaCodecsXmlParser: limit: alignment = 2x2
07-20 22:09:41.188   972   972 I MediaCodecsXmlParser: limit: block-size = 16x16
07-20 22:09:41.188   972   972 I MediaCodecsXmlParser: limit: blocks-per-second-range = 1-244800
07-20 22:09:41.188   972   972 I MediaCodecsXmlParser: limit: bitrate-range = 1-40000000
07-20 22:09:41.188   972   972 I MediaCodecsXmlParser: limit: max-concurrent-instances = 16
07-20 22:09:41.188   972   972 I MediaCodecsXmlParser: limit: performance-point-1920x1088-range = 30-30
07-20 22:09:41.188   972   972 I MediaCodecsXmlParser: limit: size-range = 96x64-864x480
07-20 22:09:41.188   972   972 I MediaCodecsXmlParser: limit: alignment = 2x2
