01-06 23:22:10.264   602   602 I apexd   : Found /system/apex/com.android.media.swcodec
01-06 23:22:10.264   602   602 V apexd   : Creating mount point: /apex/com.android.media.swcodec@290000000
01-06 23:22:10.264   602   602 I apexd   : Successfully bind-mounted flattened package /system/apex/com.android.media.swcodec on /apex/com.android.media.swcodec@290000000
01-06 23:22:10.264   602   602 V apexd   : Creating bind-mount for /apex/com.android.media.swcodec for /apex/com.android.media.swcodec@290000000
01-06 23:22:10.264   602   602 V apexd   : Creating mountpoint /apex/com.android.media.swcodec
01-06 23:22:10.264   602   602 V apexd   : Bind-mounting /apex/com.android.media.swcodec@290000000 to /apex/com.android.media.swcodec
01-06 23:22:10.264   602   602 D apexd   : Successfully activated /system/apex/com.android.media.swcodec package_name: com.android.media.swcodec version: 290000000
01-06 23:22:10.264   602   602 I apexd   : Found /system/apex/com.android.runtime.debug
01-06 23:22:10.265   602   602 I apexd   : Skipping activation of /system/apex/com.android.runtime.debug same package with higher version 1 is already active
01-06 23:22:10.265   602   602 I apexd   : Found /system/apex/com.android.tzdata
01-06 23:22:10.265   602   602 I apexd   : Skipping activation of /system/apex/com.android.tzdata same package with higher version 290000000 is already active
01-06 23:22:10.265   602   602 I apexd   : Activated 4 packages. Skipped: 2
01-06 23:22:10.265   602   602 I apexd   : Scanning /product/apex looking for APEX packages.
01-06 23:22:10.265   602   602 E apexd   : Failed to activate packages from /product/apex : Failed to scan /product/apex : Can't open /product/apex for reading : No such file or directory
01-06 23:22:10.265   602   602 I apexd   : Marking APEXd as ready
01-06 23:22:10.313   644   644 I BOOT    : MSM target '', SoC 'QRD', HwID '324', SoC ver '65536'
01-06 23:22:10.329     0     0 W         : init (pid 1) is setting deprecated v1 encryption policy; recommend upgrading to v2.
01-06 23:22:10.335   645   645 W DRM_BOOT: file: '/sys/module/drm/parameters/vblankoffdelay' or perms doesn't exist
01-06 23:22:10.355     0     0 D vdc     : Waited 0ms for vold
01-06 23:22:10.355   507   507 D vold    : fscrypt_init_user0
01-06 23:22:10.355   507   507 D vold    : Preparing: /data/misc/vold/user_keys
01-06 23:22:10.356   507   507 D vold    : Preparing: /data/misc/vold/user_keys/ce
01-06 23:22:10.356   507   507 D vold    : Preparing: /data/misc/vold/user_keys/de
01-06 23:22:10.361   497   497 I hwservicemanager: getTransport: Cannot find entry android.hardware.keymaster@3.0::IKeymasterDevice/default in either framework or device manifest.
01-06 23:22:10.361   507   507 I vold    : List of Keymaster HALs found:
01-06 23:22:10.361   507   507 I vold    : Keymaster HAL #1: Keymaster HAL: 4 from QTI SecurityLevel: TRUSTED_ENVIRONMENT HAL: android.hardware.keymaster@4.0::IKeymasterDevice/default
01-06 23:22:10.361   507   507 I vold    : Using Keymaster HAL: 4 from QTI for encryption.  Security level: TRUSTED_ENVIRONMENT, HAL: android.hardware.keymaster@4.0::IKeymasterDevice/default
01-06 23:22:10.371   507   507 D RefBase : RefBase: Explicit destruction, weak count = 0 (in 0x7bf681e9e8)
01-06 23:22:10.371   507   507 W RefBase : CallStack::getCurrentInternal not linked, returning null
01-06 23:22:10.371   507   507 W RefBase : CallStack::logStackInternal not linked
01-06 23:22:10.371   507   507 E vold    : Inserting using old mechanism  Error 19: No such device
01-06 23:22:10.371   507   507 D vold    : Added key 68397044 (ext4:d888e44e60e071fe) to keyring 407585799 in process 507key size64
01-06 23:22:10.371   507   507 E vold    : Inserting using old mechanism  Error 19: No such device
01-06 23:22:10.371   507   507 D vold    : Added key 553374169 (f2fs:d888e44e60e071fe) to keyring 407585799 in process 507key size64
01-06 23:22:10.371   507   507 E vold    : Inserting using old mechanism  Error 19: No such device
01-06 23:22:10.371   507   507 D vold    : Added key 383810170 (fscrypt:d888e44e60e071fe) to keyring 407585799 in process 507key size64
01-06 23:22:10.371   507   507 D vold    : Installed de key for user 0
01-06 23:22:10.371   507   507 D vold    : Skipping non-de-key .
01-06 23:22:10.371   507   507 D vold    : Skipping non-de-key ..
01-06 23:22:10.371   507   507 D vold    : fscrypt_prepare_user_storage for volume null, user 0, serial 0, flags 1
01-06 23:22:10.371   507   507 D vold    : Preparing: /data/system/users/0
01-06 23:22:10.372   507   507 D vold    : Preparing: /data/misc/profiles/cur/0
01-06 23:22:10.373   507   507 D vold    : Preparing: /data/system_de/0
01-06 23:22:10.373   507   507 D vold    : Preparing: /data/misc_de/0
01-06 23:22:10.373   507   507 D vold    : Preparing: /data/vendor_de/0
01-06 23:22:10.373   507   507 D vold    : Preparing: /data/user_de/0
01-06 23:22:10.374   507   507 I vold    : Found policy d888e44e60e071fe at /data/system_de/0 which matches expected value
01-06 23:22:10.375   507   507 I vold    : Found policy d888e44e60e071fe at /data/misc_de/0 which matches expected value
01-06 23:22:10.375   507   507 I vold    : Found policy d888e44e60e071fe at /data/vendor_de/0 which matches expected value
01-06 23:22:10.377   507   507 I vold    : Found policy d888e44e60e071fe at /data/user_de/0 which matches expected value
01-06 23:22:10.377   507   507 D vold    : /system/bin/vold_prepare_subdirs
01-06 23:22:10.377   507   507 D vold    :     prepare
01-06 23:22:10.377   507   507 D vold    :     
01-06 23:22:10.377   507   507 D vold    :     0
01-06 23:22:10.377   507   507 D vold    :     1
01-06 23:22:10.409   606   606 D vold_prepare_subdirs: Setting up mode 700 uid 0 gid 0 context u:object_r:vold_data_file:s0 on path: /data/misc_de/0/vold
01-06 23:22:10.410   606   606 D vold_prepare_subdirs: Setting up mode 700 uid 0 gid 0 context u:object_r:storaged_data_file:s0 on path: /data/misc_de/0/storaged
01-06 23:22:10.411   606   606 D vold_prepare_subdirs: Setting up mode 700 uid 0 gid 0 context u:object_r:rollback_data_file:s0 on path: /data/misc_de/0/rollback
01-06 23:22:10.412   606   606 D vold_prepare_subdirs: Setting up mode 700 uid 1000 gid 1000 context u:object_r:fingerprint_vendor_data_file:s0 on path: /data/vendor_de/0/fpdata
01-06 23:22:10.413   606   606 D vold_prepare_subdirs: Setting up mode 700 uid 1000 gid 1000 context u:object_r:face_vendor_data_file:s0 on path: /data/vendor_de/0/facedata
01-06 23:22:10.423   619   619 D OEM-HPM : change@/devices/platform/soc/800f000.qcom,spmi/spmi-0/spmi0-00/800f000.qcom,spmi:qcom,pm660@0:qcom,qpnp-smb2/power_supply/usb
01-06 23:22:10.423   619   619 I OEM-HPM : sysfs:path /sys/class/power_supply/usb/online data 0 size 1
01-06 23:22:10.423   619   619 I OEM-HPM : /sys/class/power_supply/usb/online is 0
01-06 23:22:10.423   619   619 I OEM-HPM : sysfs:path /sys/class/power_supply/pc_port/online data 10 size 1
01-06 23:22:10.423   619   619 I OEM-HPM : /sys/class/power_supply/pc_port/online is 1
01-06 23:22:10.423   619   619 E OEM-HPM : open sysfs fail: /sys/class/power_supply/ac/online: error: No such file or directory
01-06 23:22:10.423   619   619 E OEM-HPM : Read /sys/class/power_supply/ac/online failed
01-06 23:22:10.433   608   608 I /system/bin/tzdatacheck: timezone distro dir /data/misc/zoneinfo/current does not exist. No action required.
01-06 23:22:10.504   610   610 I art_apex: === ART pre-boot integrity checks ===
01-06 23:22:10.537   612   612 F art_apex: Device is not fsverity-enabled.
01-06 23:22:10.587     0     0 I usbpd0  : send hard reset
01-06 23:22:10.614     0     0 I logd.daemon: reinit
01-06 23:22:10.616   618   618 I OEM-FWUPDATE: Start
01-06 23:22:10.616   618   618 I OEM-FWUPDATE: param module: ite
01-06 23:22:10.616   618   618 I OEM-FWUPDATE: Start ITE FW upgrade.
01-06 23:22:10.616   618   618 I OEM-FWUPDATE: oem fw upgrade exit
01-06 23:22:10.616   617   617 I OEM-FWUPDATE: Start
01-06 23:22:10.616   617   617 I OEM-FWUPDATE: param module: lt
01-06 23:22:10.616   617   617 I OEM-FWUPDATE: Start LT8711/9711 FW upgrade
01-06 23:22:10.616   617   617 I OEM-FWUPDATE: oem fw upgrade exit
01-06 23:22:10.628   621   621 I /system/bin/flags_health_check: ServerConfigurableFlagsReset reset_mode value: 0
01-06 23:22:10.628   621   621 I /system/bin/flags_health_check: ServerConfigurableFlagsReset attempted boot count is under threshold, skipping reset.
01-06 23:22:10.630   615   615 D QC-time-services: Daemon:genoff_pre_init::Base = 0
01-06 23:22:10.630     0     0 I qcom,qpnp-rtc 800f000.qcom,spmi: qcom,pm660@0:qcom,pm660_rtc: secs = 534130, h:m:s == 4:22:10, d/m/y = 7/0/70
01-06 23:22:10.630   615   615 D QC-time-services: Daemon:ats_rtc_init: Time read from RTC -- year = 70, month = 0,day = 7
01-06 23:22:10.631   615   615 D QC-time-services: Daemon ats_rtc_init: seconds = 534130
01-06 23:22:10.631   615   615 D QC-time-services: Daemon:Value read from RTC seconds = 534130000
01-06 23:22:10.631   615   615 D QC-time-services: Daemon:genoff_init_config: ATS_RTC initialized with rc: 0
01-06 23:22:10.631   615   615 D QC-time-services: Daemon:genoff_pre_init::Base = 1
01-06 23:22:10.631   615   615 D QC-time-services: Daemon: Storage Name: ats_1 
01-06 23:22:10.631   615   615 D QC-time-services: Daemon:Opening File: /mnt/vendor/persist/time/ats_1 /data/vendor/time/ats_1
01-06 23:22:10.631   615   615 D QC-time-services: Daemon:time_persistent_memory_opr:Genoff Read operation 
01-06 23:22:10.636   619   619 I OEM-HPM : /vendor/bin/oem_hotplug_monitor has 1 parameters
01-06 23:22:10.636   615   615 D QC-time-services: Daemon:Open File: /mnt/vendor/persist/time/ats_1
01-06 23:22:10.638   615   615 D QC-time-services: Daemon:genoff_pre_init::Base = 2
01-06 23:22:10.638   615   615 D QC-time-services: Daemon: Storage Name: ats_2 
01-06 23:22:10.638   615   615 D QC-time-services: Daemon:Opening File: /mnt/vendor/persist/time/ats_2 /data/vendor/time/ats_2
01-06 23:22:10.638   615   615 D QC-time-services: Daemon:time_persistent_memory_opr:Genoff Read operation 
01-06 23:22:10.638   615   615 D QC-time-services: Daemon:Open File: /mnt/vendor/persist/time/ats_2
01-06 23:22:10.639   615   615 D QC-time-services: Daemon:genoff_pre_init::Base = 3
01-06 23:22:10.639   615   615 D QC-time-services: Daemon: Storage Name: ats_3 
01-06 23:22:10.639   615   615 D QC-time-services: Daemon:Opening File: /mnt/vendor/persist/time/ats_3 /data/vendor/time/ats_3
01-06 23:22:10.639   615   615 D QC-time-services: Daemon:time_persistent_memory_opr:Genoff Read operation 
01-06 23:22:10.639   615   615 D QC-time-services: Daemon:Open File: /mnt/vendor/persist/time/ats_3
01-06 23:22:10.639   615   615 D QC-time-services: Daemon:Unable to open filefor read
01-06 23:22:10.639   615   615 D QC-time-services: Daemon:genoff_post_init:Error in accessing storage
01-06 23:22:10.639   615   615 D QC-time-services: Daemon:genoff_pre_init::Base = 4
01-06 23:22:10.639   615   615 D QC-time-services: Daemon: Storage Name: ats_4 
01-06 23:22:10.639   615   615 D QC-time-services: Daemon:Opening File: /mnt/vendor/persist/time/ats_4 /data/vendor/time/ats_4
01-06 23:22:10.639   615   615 D QC-time-services: Daemon:time_persistent_memory_opr:Genoff Read operation 
01-06 23:22:10.639   615   615 D QC-time-services: Daemon:Open File: /mnt/vendor/persist/time/ats_4
01-06 23:22:10.639   615   615 D QC-time-services: Daemon:Unable to open filefor read
01-06 23:22:10.639   615   615 D QC-time-services: Daemon:genoff_post_init:Error in accessing storage
01-06 23:22:10.639   615   615 D QC-time-services: Daemon:genoff_pre_init::Base = 5
01-06 23:22:10.639   615   615 D QC-time-services: Daemon: Storage Name: ats_5 
01-06 23:22:10.639   615   615 D QC-time-services: Daemon:Opening File: /mnt/vendor/persist/time/ats_5 /data/vendor/time/ats_5
01-06 23:22:10.639   615   615 D QC-time-services: Daemon:time_persistent_memory_opr:Genoff Read operation 
01-06 23:22:10.639   615   615 D QC-time-services: Daemon:Open File: /mnt/vendor/persist/time/ats_5
01-06 23:22:10.639   615   615 D QC-time-services: Daemon:Unable to open filefor read
01-06 23:22:10.639   615   615 D QC-time-services: Daemon:genoff_post_init:Error in accessing storage
01-06 23:22:10.639   615   615 D QC-time-services: Daemon:genoff_pre_init::Base = 6
01-06 23:22:10.639   615   615 D QC-time-services: Daemon: Storage Name: ats_6 
01-06 23:22:10.639   615   615 D QC-time-services: Daemon:Opening File: /mnt/vendor/persist/time/ats_6 /data/vendor/time/ats_6
01-06 23:22:10.639   615   615 D QC-time-services: Daemon:time_persistent_memory_opr:Genoff Read operation 
01-06 23:22:10.639   615   615 D QC-time-services: Daemon:Open File: /mnt/vendor/persist/time/ats_6
01-06 23:22:10.639   615   615 D QC-time-services: Daemon:Unable to open filefor read
01-06 23:22:10.639   615   615 D QC-time-services: Daemon:genoff_post_init:Error in accessing storage
01-06 23:22:10.639   615   615 D QC-time-services: Daemon:genoff_pre_init::Base = 7
01-06 23:22:10.639   615   615 D QC-time-services: Daemon: Storage Name: ats_7 
01-06 23:22:10.639   615   615 D QC-time-services: Daemon:Opening File: /mnt/vendor/persist/time/ats_7 /data/vendor/time/ats_7
01-06 23:22:10.639   615   615 D QC-time-services: Daemon:time_persistent_memory_opr:Genoff Read operation 
01-06 23:22:10.639   615   615 D QC-time-services: Daemon:Open File: /mnt/vendor/persist/time/ats_7
01-06 23:22:10.639   615   615 D QC-time-services: Daemon:Unable to open filefor read
01-06 23:22:10.639   615   615 D QC-time-services: Daemon:genoff_post_init:Error in accessing storage
01-06 23:22:10.639   615   615 D QC-time-services: Daemon:genoff_pre_init::Base = 8
01-06 23:22:10.639   615   615 D QC-time-services: Daemon: Storage Name: ats_8 
01-06 23:22:10.639   615   615 D QC-time-services: Daemon:Opening File: /mnt/vendor/persist/time/ats_8 /data/vendor/time/ats_8
01-06 23:22:10.639   615   615 D QC-time-services: Daemon:time_persistent_memory_opr:Genoff Read operation 
01-06 23:22:10.639   615   615 D QC-time-services: Daemon:Open File: /mnt/vendor/persist/time/ats_8
01-06 23:22:10.639   615   615 D QC-time-services: Daemon:Unable to open filefor read
01-06 23:22:10.639   615   615 D QC-time-services: Daemon:genoff_post_init:Error in accessing storage
01-06 23:22:10.639   615   615 D QC-time-services: Daemon:genoff_pre_init::Base = 9
01-06 23:22:10.639   615   615 D QC-time-services: Daemon: Storage Name: ats_9 
01-06 23:22:10.639   615   615 D QC-time-services: Daemon:Opening File: /mnt/vendor/persist/time/ats_9 /data/vendor/time/ats_9
01-06 23:22:10.639   615   615 D QC-time-services: Daemon:time_persistent_memory_opr:Genoff Read operation 
01-06 23:22:10.639   615   615 D QC-time-services: Daemon:Open File: /mnt/vendor/persist/time/ats_9
01-06 23:22:10.639   615   615 D QC-time-services: Daemon:Unable to open filefor read
01-06 23:22:10.639   615   615 D QC-time-services: Daemon:genoff_post_init:Error in accessing storage
01-06 23:22:10.639   615   615 D QC-time-services: Daemon:genoff_pre_init::Base = 10
01-06 23:22:10.639   615   615 D QC-time-services: Daemon: Storage Name: ats_10 
01-06 23:22:10.639   615   615 D QC-time-services: Daemon:Opening File: /mnt/vendor/persist/time/ats_10 /data/vendor/time/ats_10
01-06 23:22:10.639   615   615 D QC-time-services: Daemon:time_persistent_memory_opr:Genoff Read operation 
01-06 23:22:10.639   615   615 D QC-time-services: Daemon:Open File: /mnt/vendor/persist/time/ats_10
01-06 23:22:10.639   615   615 D QC-time-services: Daemon:Unable to open filefor read
01-06 23:22:10.639   615   615 D QC-time-services: Daemon:genoff_post_init:Error in accessing storage
01-06 23:22:10.639   615   615 D QC-time-services: Daemon:genoff_pre_init::Base = 11
01-06 23:22:10.639   615   615 D QC-time-services: Daemon: Storage Name: ats_11 
01-06 23:22:10.639   615   615 D QC-time-services: Daemon:Opening File: /mnt/vendor/persist/time/ats_11 /data/vendor/time/ats_11
01-06 23:22:10.639   615   615 D QC-time-services: Daemon:time_persistent_memory_opr:Genoff Read operation 
01-06 23:22:10.639   615   615 D QC-time-services: Daemon:Open File: /mnt/vendor/persist/time/ats_11
01-06 23:22:10.639   615   615 D QC-time-services: Daemon:Unable to open filefor read
01-06 23:22:10.639   615   615 D QC-time-services: Daemon:genoff_post_init:Error in accessing storage
01-06 23:22:10.639   615   615 D QC-time-services: Daemon:genoff_pre_init::Base = 12
01-06 23:22:10.639   615   615 D QC-time-services: Daemon: Storage Name: ats_12 
01-06 23:22:10.640   615   615 D QC-time-services: Daemon:Opening File: /mnt/vendor/persist/time/ats_12 /data/vendor/time/ats_12
01-06 23:22:10.640   615   615 D QC-time-services: Daemon:time_persistent_memory_opr:Genoff Read operation 
01-06 23:22:10.640   615   615 D QC-time-services: Daemon:Open File: /mnt/vendor/persist/time/ats_12
01-06 23:22:10.640   615   615 D QC-time-services: Daemon:Unable to open filefor read
01-06 23:22:10.640   615   615 D QC-time-services: Daemon:genoff_post_init:Error in accessing storage
01-06 23:22:10.640   615   615 D QC-time-services: Daemon:genoff_pre_init::Base = 13
01-06 23:22:10.640   615   615 D QC-time-services: Daemon: Storage Name: ats_13 
01-06 23:22:10.640   615   615 D QC-time-services: Daemon:Opening File: /mnt/vendor/persist/time/ats_13 /data/vendor/time/ats_13
01-06 23:22:10.640   615   615 D QC-time-services: Daemon:time_persistent_memory_opr:Genoff Read operation 
01-06 23:22:10.640   615   615 D QC-time-services: Daemon:Open File: /mnt/vendor/persist/time/ats_13
01-06 23:22:10.640   615   615 D QC-time-services: Daemon:Unable to open filefor read
01-06 23:22:10.640   615   615 D QC-time-services: Daemon:genoff_post_init:Error in accessing storage
01-06 23:22:10.640   615   615 D QC-time-services: Daemon:genoff_pre_init::Base = 14
01-06 23:22:10.640   615   615 D QC-time-services: Daemon: Storage Name: ats_14 
01-06 23:22:10.640   615   615 D QC-time-services: Daemon:Opening File: /mnt/vendor/persist/time/ats_14 /data/vendor/time/ats_14
01-06 23:22:10.640   615   615 D QC-time-services: Daemon:time_persistent_memory_opr:Genoff Read operation 
01-06 23:22:10.640   615   615 D QC-time-services: Daemon:Open File: /mnt/vendor/persist/time/ats_14
01-06 23:22:10.640   615   615 D QC-time-services: Daemon:Unable to open filefor read
01-06 23:22:10.640   615   615 D QC-time-services: Daemon:genoff_post_init:Error in accessing storage
01-06 23:22:10.640   615   615 D QC-time-services: Daemon:genoff_pre_init::Base = 15
01-06 23:22:10.640   615   615 D QC-time-services: Daemon: Storage Name: ats_15 
01-06 23:22:10.640   615   615 D QC-time-services: Daemon:Opening File: /mnt/vendor/persist/time/ats_15 /data/vendor/time/ats_15
01-06 23:22:10.640   615   615 D QC-time-services: Daemon:time_persistent_memory_opr:Genoff Read operation 
01-06 23:22:10.640   615   615 D QC-time-services: Daemon:Open File: /mnt/vendor/persist/time/ats_15
01-06 23:22:10.640   615   615 D QC-time-services: Daemon:Unable to open filefor read
01-06 23:22:10.640   615   615 D QC-time-services: Daemon:genoff_post_init:Error in accessing storage
01-06 23:22:10.640   615   615 D QC-time-services: Daemon:genoff_pre_init::Base = 16
01-06 23:22:10.640   615   615 D QC-time-services: Daemon: Storage Name: ats_16 
01-06 23:22:10.640   615   615 D QC-time-services: Daemon:Opening File: /mnt/vendor/persist/time/ats_16 /data/vendor/time/ats_16
01-06 23:22:10.640   615   615 D QC-time-services: Daemon:time_persistent_memory_opr:Genoff Read operation 
01-06 23:22:10.640   615   615 D QC-time-services: Daemon:Open File: /mnt/vendor/persist/time/ats_16
01-06 23:22:10.640   615   615 D QC-time-services: Daemon:genoff_pre_init::Base = 17
01-06 23:22:10.640   615   615 D QC-time-services: Daemon: Storage Name: ats_17 
01-06 23:22:10.640   615   615 D QC-time-services: Daemon:Opening File: /mnt/vendor/persist/time/ats_17 /data/vendor/time/ats_17
01-06 23:22:10.640   615   615 D QC-time-services: Daemon:time_persistent_memory_opr:Genoff Read operation 
01-06 23:22:10.640   615   615 D QC-time-services: Daemon:Open File: /mnt/vendor/persist/time/ats_17
01-06 23:22:10.640   615   615 D QC-time-services: Daemon:Unable to open filefor read
01-06 23:22:10.640   615   615 D QC-time-services: Daemon:genoff_post_init:Error in accessing storage
01-06 23:22:10.640   615   615 D QC-time-services: Daemon:genoff_pre_init::Base = 18
01-06 23:22:10.640   615   615 D QC-time-services: Daemon: Storage Name: ats_18 
01-06 23:22:10.640   615   615 D QC-time-services: Daemon:Opening File: /mnt/vendor/persist/time/ats_18 /data/vendor/time/ats_18
01-06 23:22:10.640   615   615 D QC-time-services: Daemon:time_persistent_memory_opr:Genoff Read operation 
01-06 23:22:10.640   615   615 D QC-time-services: Daemon:Open File: /mnt/vendor/persist/time/ats_18
01-06 23:22:10.640   615   615 D QC-time-services: Daemon:Unable to open filefor read
01-06 23:22:10.640   615   615 D QC-time-services: Daemon:genoff_post_init:Error in accessing storage
01-06 23:22:10.640   615   615 D QC-time-services: Daemon:genoff_init_config: Other bases initilized, exiting genoff_init
01-06 23:22:10.640     0     0 I qcom,qpnp-rtc 800f000.qcom,spmi: qcom,pm660@0:qcom,pm660_rtc: secs = 534130, h:m:s == 4:22:10, d/m/y = 7/0/70
01-06 23:22:10.640   615   615 D QC-time-services: Daemon:rtc_get: Time read from RTC -- MM/DD/YY HH:MM:SS0/7/70 4:22:10
01-06 23:22:10.640   615   615 D QC-time-services: Daemon rtc_get: seconds = 534130
01-06 23:22:10.640   615   615 D QC-time-services: Daemon:Value read from RTC mseconds = 534130000
01-06 23:22:10.640   615   615 D QC-time-services: Daemon:Value read from QTimer mseconds = 10356
01-06 23:22:10.640   615   615 D QC-time-services: Daemon:genoff_opr: Base = 1, val = 0, operation = 1
01-06 23:22:10.640   615   615 D QC-time-services: Daemon: genoff get for 1
01-06 23:22:10.640   615   615 D QC-time-services: Daemon:Value read from QTimer mseconds = 10356
01-06 23:22:10.641   615   615 D QC-time-services: Daemon:Value read from RTC mseconds on boot = 534130000
01-06 23:22:10.641   615   615 D QC-time-services: Daemon:Value read from QTimer mseconds = 10356
01-06 23:22:10.641   615   615 D QC-time-services: Daemon:Value read from generic offset = 0
01-06 23:22:10.641   615   615 D QC-time-services: Daemon:Delta read on boot mseconds = 534119644
01-06 23:22:10.641   615   615 D QC-time-services: Daemon:Final Time = 534130000
01-06 23:22:10.641   615   615 D QC-time-services: Daemon:genoff_opr: Base = 18, val = 534130000, operation = 1
01-06 23:22:10.641   615   615 D QC-time-services: Daemon: genoff get for 18
01-06 23:22:10.641   615   615 D QC-time-services: Daemon:Value read from QTimer mseconds = 10356
01-06 23:22:10.641   615   615 D QC-time-services: Daemon:Value read from RTC mseconds on boot = 534130000
01-06 23:22:10.641   615   615 D QC-time-services: Daemon:Value read from QTimer mseconds = 10356
01-06 23:22:10.641   615   615 D QC-time-services: Daemon:Value read from generic offset = 0
01-06 23:22:10.641   615   615 D QC-time-services: Daemon:Delta read on boot mseconds = 534119644
01-06 23:22:10.641   615   615 D QC-time-services: Daemon:Final Time = 534130000
01-06 23:22:10.641   615   615 D QC-time-services: Daemon:genoff_boot_tod_init: Updating system time to sec=534130, usec=0
--------- beginning of radio
01-06 23:22:10.649   490   664 D EC25_AT : at_getFWVer()
01-06 23:22:10.649   490   664 E EC25_AT : opening AT interface error = 2, strerr = No such file or directory. retrying...
01-06 23:22:10.682     0     0 I update_verifier: Started with arg 1: nonencrypted
01-06 23:22:10.684     0     0 I update_verifier: Booting slot 0: isSlotMarkedSuccessful=1
01-06 23:22:10.684     0     0 I update_verifier: Leaving update_verifier.
01-06 23:22:10.703     0     0 I subsys-pil-tz 1a300000.qcom,turing: cdsp: loading from 0x0000000094a00000 to 0x0000000095000000
01-06 23:22:10.713   625   625 D AndroidRuntime: >>>>>> START com.android.internal.os.ZygoteInit uid 0 <<<<<<
01-06 23:22:10.714   625   625 I boot_progress_start: 6820
01-06 23:22:10.742   666   666 I ServiceManagement: Registered android.hidl.allocator@1.0::IAllocator/ashmem (start delay of 58ms)
01-06 23:22:10.743   666   666 I ServiceManagement: Removing namespace from process name android.hidl.allocator@1.0-service to allocator@1.0-service.
01-06 23:22:10.753   667   667 I ServiceManagement: Registered android.system.suspend@1.0::ISystemSuspend/default (start delay of 70ms)
01-06 23:22:10.754   667   667 I ServiceManagement: Removing namespace from process name android.system.suspend@1.0-service to suspend@1.0-service.
01-06 23:22:10.799     0     0 I subsys-pil-tz 1a300000.qcom,turing: cdsp: Brought out of reset
01-06 23:22:10.799   668   668 I android.hardware.bluetooth@1.0-service: vendorEnhancedInfo: 3
01-06 23:22:10.799   668   668 I android.hardware.bluetooth@1.0-service: isVendorEnhancedFramework: 1
01-06 23:22:10.799   668   668 I android.hardware.bluetooth@1.0-service: Registering BT Service
01-06 23:22:10.802   676   676 I health@2.0/: health@2.0/default: Hal starting main loop...
01-06 23:22:10.802   676   676 I health@2.0/: health@2.0/default Hal is starting up...
01-06 23:22:10.804   690   690 I OEMPowerUtil: initialize().
01-06 23:22:10.807     0     0 I subsys-pil-tz 1a300000.qcom,turing: cdsp: Power/Clock ready interrupt received
01-06 23:22:10.807     0     0 I subsys-pil-tz 1a300000.qcom,turing: Subsystem error monitoring/handling services are up
01-06 23:22:10.810   676   676 I ServiceManagement: Registered android.hardware.health@2.0::IHealth/default (start delay of 106ms)
01-06 23:22:10.810     0     0 E pmic_analog_codec 800f000.qcom,spmi: qcom,pm660l@3:anlg-cdc@f000: Adsp is not loaded yet 0
01-06 23:22:10.810   676   676 I ServiceManagement: Removing namespace from process name android.hardware.health@2.0-service to health@2.0-service.
01-06 23:22:10.810   676   676 I health@2.0/: health@2.0/default: Hal init done
01-06 23:22:10.815   686   686 I ServiceManagement: Registered vendor.elo.hardware.oemkeys@1.0::IOemKeys/default (start delay of 82ms)
01-06 23:22:10.816   686   686 I ServiceManagement: Removing namespace from process name vendor.elo.hardware.oemkeys@1.0-service to oemkeys@1.0-service.
01-06 23:22:10.817     0     0 I chatty  : uid=0(root) logd identical 1 line
01-06 23:22:10.818     0     0 E pmic_analog_codec 800f000.qcom,spmi: qcom,pm660l@3:anlg-cdc@f000: Adsp is not loaded yet 0
01-06 23:22:10.819     0     0 I adsprpc : fastrpc_rpmsg_probe: opened rpmsg channel for cdsp
01-06 23:22:10.819     0     0 E pmic_analog_codec 800f000.qcom,spmi: qcom,pm660l@3:anlg-cdc@f000: Adsp is not loaded yet 0
01-06 23:22:10.820     0     0 E         : can't get fw name.
01-06 23:22:10.820     0     0 E sensors-ssc soc: qcom,msm-ssc-sensors: slpi_load_fw: SLPI image loading failed
01-06 23:22:10.820   677   677 E light   : light_open lights keyboard failed: -22
01-06 23:22:10.820   677   677 E light   : Light passthrough failed to load legacy HAL.
01-06 23:22:10.821   677   677 E light   : light_open lights buttons failed: -22
01-06 23:22:10.821   677   677 E light   : Light passthrough failed to load legacy HAL.
01-06 23:22:10.835   677   677 E light   : light_open lights bluetooth failed: -22
01-06 23:22:10.835   677   677 E light   : Light passthrough failed to load legacy HAL.
01-06 23:22:10.836   677   677 E light   : light_open lights wifi failed: -22
01-06 23:22:10.836   677   677 E light   : Light passthrough failed to load legacy HAL.
01-06 23:22:10.836   678   678 I ServiceManagement: Registered android.hardware.memtrack@1.0::IMemtrack/default (start delay of 122ms)
01-06 23:22:10.836   687   687 E OEMLIGHT: OemLight Hal start
01-06 23:22:10.836   678   678 I ServiceManagement: Removing namespace from process name android.hardware.memtrack@1.0-service to memtrack@1.0-service.
01-06 23:22:10.837   687   687 E OEMLIGHT: indication LED not support
01-06 23:22:10.837   678   678 I android.hardware.memtrack@1.0-service: Registration complete for android.hardware.memtrack@1.0::IMemtrack/default.
01-06 23:22:10.838   683   683 I ServiceManagement: Registered android.hardware.usb@1.0::IUsb/default (start delay of 115ms)
01-06 23:22:10.839   683   683 I ServiceManagement: Removing namespace from process name android.hardware.usb@1.0-service to usb@1.0-service.
01-06 23:22:10.839   683   683 I android.hardware.usb@1.0-service: USB HAL Ready.
01-06 23:22:10.839   679   679 I QTI PowerHAL: Initing
01-06 23:22:10.839   690   690 I ServiceManagement: Registered vendor.elo.hardware.oempowersave@1.0::IOemPowerSave/default (start delay of 96ms)
01-06 23:22:10.839   690   690 I ServiceManagement: Removing namespace from process name vendor.elo.hardware.oempowersave@1.0-service to oempowersave@1.0-service.
01-06 23:22:10.840   687   687 I ServiceManagement: Registered vendor.elo.hardware.oemlight@1.0::IOemLight/default (start delay of 106ms)
01-06 23:22:10.840   687   687 I ServiceManagement: Removing namespace from process name vendor.elo.hardware.oemlight@1.0-service to oemlight@1.0-service.
01-06 23:22:10.840   626   626 D AndroidRuntime: >>>>>> START com.android.internal.os.ZygoteInit uid 0 <<<<<<
01-06 23:22:10.841   681   681 I ServiceManagement: Registered android.hardware.thermal@1.0::IThermal/default (start delay of 117ms)
01-06 23:22:10.841   681   681 I ServiceManagement: Removing namespace from process name android.hardware.thermal@1.0-service to thermal@1.0-service.
01-06 23:22:10.841   681   681 I android.hardware.thermal@1.0-service: Registration complete for android.hardware.thermal@1.0::IThermal/default.
01-06 23:22:10.846     0     0 W healthd : battery l=89 v=4148 t=28.1 h=2 st=2 c=-517 fc=3992000 cc=22 fcd=4000000 chg=u
01-06 23:22:10.847   679   679 I ServiceManagement: Registered android.hardware.power@1.0::IPower/default (start delay of 133ms)
01-06 23:22:10.847   679   679 I ServiceManagement: Removing namespace from process name android.hardware.power@1.0-service to power@1.0-service.
01-06 23:22:10.847   679   679 I android.hardware.power@1.0-service: Registration complete for android.hardware.power@1.0::IPower/default.
01-06 23:22:10.848   672   672 I ServiceManagement: Registered android.hardware.drm@1.0::IDrmFactory/default (start delay of 155ms)
01-06 23:22:10.848   672   672 I ServiceManagement: Removing namespace from process name android.hardware.drm@1.0-service to drm@1.0-service.
01-06 23:22:10.849   672   672 I         : Registration complete for android.hardware.drm@1.0::IDrmFactory/default.
01-06 23:22:10.853   677   677 I ServiceManagement: Registered android.hardware.light@2.0::ILight/default (start delay of 150ms)
01-06 23:22:10.853   677   677 I ServiceManagement: Removing namespace from process name android.hardware.light@2.0-service to light@2.0-service.
01-06 23:22:10.853   677   677 I         : Registration complete for android.hardware.light@2.0::ILight/default.
01-06 23:22:10.854   668   668 I ServiceManagement: Registered android.hardware.bluetooth@1.0::IBluetoothHci/default (start delay of 171ms)
01-06 23:22:10.855   668   668 I ServiceManagement: Removing namespace from process name android.hardware.bluetooth@1.0-service-qti to bluetooth@1.0-service-qti.
01-06 23:22:10.855   668   668 I         : Registration complete for android.hardware.bluetooth@1.0::IBluetoothHci/default.
01-06 23:22:10.855   668   668 I android.hardware.bluetooth@1.0-service: Registering ANT Service
01-06 23:22:10.864   672   672 I ServiceManagement: Registered android.hardware.drm@1.0::ICryptoFactory/default (start delay of 170ms)
01-06 23:22:10.864   672   672 I ServiceManagement: Removing namespace from process name android.hardware.drm@1.0-service to drm@1.0-service.
01-06 23:22:10.864   672   672 I         : Registration complete for android.hardware.drm@1.0::ICryptoFactory/default.
01-06 23:22:10.868   701   701 D         : tui_comm: svc service starting :)
01-06 23:22:10.870   701   701 I ServiceManagement: Registered vendor.qti.hardware.tui_comm@1.0::ITuiComm/default (start delay of 67ms)
01-06 23:22:10.870   701   701 I ServiceManagement: Removing namespace from process name vendor.qti.hardware.tui_comm@1.0-service-qti to tui_comm@1.0-service-qti.
01-06 23:22:10.870   701   701 E         : Registered ITuiComm HAL service success!
01-06 23:22:10.872   704   704 I irsc_util: Starting irsc tool
01-06 23:22:10.879   674   674 I ServiceManagement: Registered android.hardware.graphics.allocator@2.0::IAllocator/default (start delay of 175ms)
01-06 23:22:10.879   674   674 I ServiceManagement: Removing namespace from process name android.hardware.graphics.allocator@2.0-service to allocator@2.0-service.
01-06 23:22:10.880   674   674 I android.hardware.graphics.allocator@2.0-service: Registration complete for android.hardware.graphics.allocator@2.0::IAllocator/default.
01-06 23:22:10.880   693   693 D vendor.qti.esepowermanager@1.0-service: loading eseservice
01-06 23:22:10.880   693   693 D QSEECOMAPI: QSEECom_get_handle sb_length = 0x400
01-06 23:22:10.881   693   693 D QSEECOMAPI: App is not loaded in QSEE
01-06 23:22:10.883   693   693 E QSEECOMAPI: Error::Cannot open the file /vendor/firmware_mnt/image/eseservice.mdt errno = 2
01-06 23:22:10.884   693   693 E QSEECOMAPI: Error::Loading image failed with ret = -1
01-06 23:22:10.884   693   693 D vendor.qti.esepowermanager@1.0-service: loading eseservice failed
01-06 23:22:10.884   693   693 D vendor.qti.esepowermanager@1.0-service: eSEPowerManager is starting
01-06 23:22:10.890   699   699 D QSEECOMAPI: QSEECom_get_handle sb_length = 0x2800
01-06 23:22:10.891   699   699 D QSEECOMAPI: App is not loaded in QSEE
01-06 23:22:10.891   668   668 I ServiceManagement: Registered com.qualcomm.qti.ant@1.0::IAntHci/default (start delay of 208ms)
01-06 23:22:10.891   668   668 I         : Registration complete for com.qualcomm.qti.ant@1.0::IAntHci/default.
01-06 23:22:10.891   668   668 I android.hardware.bluetooth@1.0-service: Registering SAR service
01-06 23:22:10.894   615   615 E QMI_FW  : xport_lookup: No RX for lookup -1
01-06 23:22:10.894   615   615 D QC-time-services: Daemon:genoff_modem_qmi_init: Initializing QMI 
01-06 23:22:10.894   615   622 E QMI_FW  : ctrl_msg_reader_thread: control thread received ENETRESET 102
01-06 23:22:10.897   692   692 D hal-OemUsbConfig: OemUsbConfig hal start
01-06 23:22:10.901   696   696 I ServiceManagement: Registered vendor.qti.hardware.qteeconnector@1.0::IAppConnector/default (start delay of 137ms)
01-06 23:22:10.902   696   696 I ServiceManagement: Removing namespace from process name vendor.qti.hardware.qteeconnector@1.0-service to qteeconnector@1.0-service.
01-06 23:22:10.902   682   682 E qdhdmi_cec: write_node: Failed to access path: /sys/devices/virtual/graphics/fb2/cec/logical_addr error: No such file or directory
01-06 23:22:10.902   682   682 E qdhdmi_cec: write_node: Failed to access path: /sys/devices/virtual/graphics/fb2/cec/enable error: No such file or directory
01-06 23:22:10.902   682   682 E qdhdmi_cec: cec_enable: Failed to toggle CEC: enable: 1
01-06 23:22:10.902   682   682 D qdhdmi_cec: cec_init_context: CEC enabled
01-06 23:22:10.902   682   682 E qdhdmi_cec: Node open failed for display 2 event cec/rd_msg error No such file or directory
01-06 23:22:10.902   682   682 E qdhdmi_cec: Failed to set poll event parameters
01-06 23:22:10.902   682   682 E qdhdmi_cec: Failed to populate poll parameters for monitoring HDMI CEC events. Exiting.
01-06 23:22:10.902   682   682 E qdhdmi_cec: write_node: Failed to access path: /sys/devices/virtual/graphics/fb2/cec/enable error: No such file or directory
01-06 23:22:10.902   682   682 E qdhdmi_cec: cec_enable: Failed to toggle CEC: enable: 0
01-06 23:22:10.902   699   699 D QSEECOMAPI: app_arch = 2, total_files = 9
01-06 23:22:10.902     0     0 E diag    : In diag_send_feature_mask_update, control channel is not open, p: 5, 00000000b5d182e6
01-06 23:22:10.903   699   699 E ion     : ioctl c0044901 failed with code -1: Not a typewriter
01-06 23:22:10.903     0     0 E diag    : In diag_send_peripheral_buffering_mode, buffering flag not set for 5
01-06 23:22:10.904   625   625 I AndroidRuntime: Using default boot image
01-06 23:22:10.904   625   625 I AndroidRuntime: Leaving lock profiling enabled
01-06 23:22:10.904   697   697 I ServiceManagement: Registered vendor.qti.hardware.servicetracker@1.0::IServicetracker/default (start delay of 140ms)
01-06 23:22:10.904   697   697 I ServiceManagement: Removing namespace from process name vendor.qti.hardware.servicetracker@1.0-service to servicetracker@1.0-service.
01-06 23:22:10.905   697   697 I         : Registration complete for vendor.qti.hardware.servicetracker@1.0::IServicetracker/default.
01-06 23:22:10.905   691   691 I ServiceManagement: Registered vendor.elo.hardware.oemuinput@1.0::IOemUinput/default (start delay of 161ms)
01-06 23:22:10.905   691   691 I ServiceManagement: Removing namespace from process name vendor.elo.hardware.oemuinput@1.0-service to oemuinput@1.0-service.
01-06 23:22:10.905   615   730 D QC-time-services: Daemon: Time-services: All initializations done
01-06 23:22:10.905   615   730 E QC-time-services: Daemon: Time-services: Waiting to acceptconnection
01-06 23:22:10.908   682   682 I ServiceManagement: Registered android.hardware.tv.cec@1.0::IHdmiCec/default (start delay of 185ms)
01-06 23:22:10.908   682   682 I ServiceManagement: Removing namespace from process name android.hardware.tv.cec@1.0-service to cec@1.0-service.
01-06 23:22:10.908   682   682 I android.hardware.tv.cec@1.0-service: Registration complete for android.hardware.tv.cec@1.0::IHdmiCec/default.
01-06 23:22:10.911   680   680 E libsensor1: check_sensors_enabled: Sensors enabled = true
01-06 23:22:10.913   707   707 I pd-mapper-svc: Starting pd-mapper service
01-06 23:22:10.913   696   696 I ServiceManagement: Registered vendor.qti.hardware.qteeconnector@1.0::IGPAppConnector/default (start delay of 150ms)
01-06 23:22:10.914   696   696 I ServiceManagement: Removing namespace from process name vendor.qti.hardware.qteeconnector@1.0-service to qteeconnector@1.0-service.
01-06 23:22:10.915   688   688 I vendor.elo.hardware.oemmisc@1.0-service: OemMisc Service start!
01-06 23:22:10.916   704   704 I irsc_util: Num of entries:299
01-06 23:22:10.916   704   704 E irsc_util: irsc_feed_config: Security config ioctl failed
01-06 23:22:10.916   704   704 I irsc_util: Ending irsc tool
01-06 23:22:10.917   692   692 I ServiceManagement: Registered vendor.elo.hardware.oemusbconfig@1.0::IOemUsbConfig/default (start delay of 164ms)
01-06 23:22:10.917   692   692 I ServiceManagement: Removing namespace from process name vendor.elo.hardware.oemusbconfig@1.0-service to oemusbconfig@1.0-service.
01-06 23:22:10.918   688   688 I ServiceManagement: Registered vendor.elo.hardware.oemmisc@1.0::IOemMisc/default (start delay of 174ms)
01-06 23:22:10.918   688   688 I ServiceManagement: Removing namespace from process name vendor.elo.hardware.oemmisc@1.0-service to oemmisc@1.0-service.
01-06 23:22:10.918   717   717 W logd2   : Should set uid/gid from root to system
01-06 23:22:10.918   717   717 W logd2   : waiting client connection
01-06 23:22:10.920   695   695 D         : QdutilsDisp: svc service starting :)
01-06 23:22:10.920   706   706 I PerMgrSrv: Adding entry for modem : offTimeout : 500 ackTimeout : 200
01-06 23:22:10.924   719   719 I qpart-server: *** Starting Qpart Server *** 
01-06 23:22:10.924   719   719 I qpart-server: sizeof(T_Socket_Packet):40
01-06 23:22:10.924   719   719 I qpart-server: SOCKET_PKT_HEADER_LEN:40
01-06 23:22:10.924   719   719 I qpart-server: init all signals
01-06 23:22:10.925   719   719 I qpart-server: waiting client connection
01-06 23:22:10.926   707   707 I pd-mapper-svc: Parsing file :/vendor/firmware_mnt/image/adspr.jsn:
01-06 23:22:10.926   670   670 I ServiceManagement: Registered android.hardware.cas@1.1::IMediaCasService/default (start delay of 233ms)
01-06 23:22:10.926   670   670 I ServiceManagement: Removing namespace from process name android.hardware.cas@1.1-service to cas@1.1-service.
01-06 23:22:10.928   695   695 I ServiceManagement: Registered vendor.qti.hardware.qdutils_disp@1.0::IQdutilsDisp/default (start delay of 165ms)
01-06 23:22:10.929   695   695 I ServiceManagement: Removing namespace from process name vendor.qti.hardware.qdutils_disp@1.0-service-qti to qdutils_disp@1.0-service-qti.
01-06 23:22:10.929   695   695 E         : Registered IQdutilsDisp HAL service success!
01-06 23:22:10.932     0     0 E rmt_storage: INFO:check_support_using_libmdm: Modem subsystem found on target!
01-06 23:22:10.932   668   668 E vendor.qti.hardware.bluetooth_sar@1.0-BluetoothSar: HIDL_FETCH_IBluetoothSar
01-06 23:22:10.934    73    73 E ec25-driver soc: ec25_module: ec25_gpio_value_get: index {5], gpio = [73:status_ind], value is [0]
01-06 23:22:10.934     0     0 E ec25-driver soc: ec25_module: [110:wakeup_in 1 -> 1]
01-06 23:22:10.934     0     0 E ec25-driver soc: ec25_module: ec25_status_work_fn: status value is [0], set ec25 power to [EC25_POWER_ON].
01-06 23:22:10.935   668   668 I ServiceManagement: Registered vendor.qti.hardware.bluetooth_sar@1.0::IBluetoothSar/default (start delay of 252ms)
01-06 23:22:10.935   668   668 I         : Registration complete for vendor.qti.hardware.bluetooth_sar@1.0::IBluetoothSar/default.
01-06 23:22:10.935   668   668 I android.hardware.bluetooth@1.0-service: Registering BT Config store Service
01-06 23:22:10.937   685   685 I ServiceManagement: Registered vendor.display.color@1.0::IDisplayColor/default (start delay of 203ms)
01-06 23:22:10.937   685   685 I ServiceManagement: Removing namespace from process name vendor.display.color@1.0-service to color@1.0-service.
01-06 23:22:10.937   706   706 I PerMgrSrv: Peripheral Mananager service start
01-06 23:22:10.937   706   706 I PerMgrSrv: power-off timeout 500,ms; event-ack timeout 200,ms; debug-mode false
01-06 23:22:10.937   706   706 I PerMgrSrv: Statistics for : modem
01-06 23:22:10.937   706   706 I PerMgrSrv: modem: Current State : is off-line
01-06 23:22:10.937   706   706 I PerMgrSrv: modem: Voter/Listener count : 0/0
01-06 23:22:10.937   706   706 I PerMgrSrv: modem: Power on count : 0
01-06 23:22:10.937   706   706 I PerMgrSrv: modem: Power off count: 0
01-06 23:22:10.937   706   706 I PerMgrSrv: modem: Client list:
01-06 23:22:10.938   685   685 I ServiceManagement: Registered vendor.display.postproc@1.0::IDisplayPostproc/default (start delay of 204ms)
01-06 23:22:10.938   720   720 I vendor.rmt_storage: Modem subsystem found on target!
01-06 23:22:10.939   720   720 I vendor.rmt_storage: Shared memory initialised successfully.
01-06 23:22:10.939   720   720 I vendor.rmt_storage: Registering modemst1: 0x4a /boot/modem_fs1
01-06 23:22:10.939   720   720 I vendor.rmt_storage: Registering modemst2: 0x4b /boot/modem_fs2
01-06 23:22:10.939   720   720 I vendor.rmt_storage: Registering fsc: 0xff /boot/modem_fsc
01-06 23:22:10.939   720   720 I vendor.rmt_storage: Registering fsg: 0x58 /boot/modem_fsg
01-06 23:22:10.939   720   720 I vendor.rmt_storage: 4 GPT partitions found
01-06 23:22:10.939   720   720 I vendor.rmt_storage: Capset success!
01-06 23:22:10.939     0     0 E rmt_storage: INFO:main: Done with init now waiting for messages!
01-06 23:22:10.942   707   707 I pd-mapper-svc: Parsing file :/vendor/firmware_mnt/image/adsps.jsn:
01-06 23:22:10.943   693   693 I ServiceManagement: Registered vendor.qti.esepowermanager@1.0::IEsePowerManager/default (start delay of 190ms)
01-06 23:22:10.943   693   693 I ServiceManagement: Removing namespace from process name vendor.qti.esepowermanager@1.0-service to esepowermanager@1.0-service.
01-06 23:22:10.943   693   693 I vendor.qti.esepowermanager@1.0-service: Registration complete for vendor.qti.esepowermanager@1.0::IEsePowerManager/default.
01-06 23:22:10.944   706   738 I PerMgrSrv: QMI service start
01-06 23:22:10.945   725   725 I tftp_server: Initializing tftp_server RING buffer
01-06 23:22:10.945   725   725 I tftp_server: Starting...
01-06 23:22:10.947   707   707 I pd-mapper-svc: Parsing file :/vendor/firmware_mnt/image/adspua.jsn:
01-06 23:22:10.947   625   625 I zygote64: option[0]=-Xzygote
01-06 23:22:10.947   625   625 I zygote64: option[1]=exit
01-06 23:22:10.947   625   625 I zygote64: option[2]=vfprintf
01-06 23:22:10.947   625   625 I zygote64: option[3]=sensitiveThread
01-06 23:22:10.947   625   625 I zygote64: option[4]=-verbose:gc
01-06 23:22:10.947   625   625 I zygote64: option[5]=-Xms8m
01-06 23:22:10.947   625   625 I zygote64: option[6]=-Xmx512m
01-06 23:22:10.947   625   625 I zygote64: option[7]=-XX:HeapGrowthLimit=256m
01-06 23:22:10.947   625   625 I zygote64: option[8]=-XX:HeapMinFree=512k
01-06 23:22:10.947   625   625 I zygote64: option[9]=-XX:HeapMaxFree=8m
01-06 23:22:10.947   625   625 I zygote64: option[10]=-XX:HeapTargetUtilization=0.75
01-06 23:22:10.947   625   625 I zygote64: option[11]=-Xusejit:true
01-06 23:22:10.947   625   625 I zygote64: option[12]=-Xjitsaveprofilinginfo
01-06 23:22:10.947   625   625 I zygote64: option[13]=-XjdwpOptions:suspend=n,server=y
01-06 23:22:10.947   625   625 I zygote64: option[14]=-XjdwpProvider:default
01-06 23:22:10.947   625   625 I zygote64: option[15]=-Xlockprofthreshold:500
01-06 23:22:10.947   625   625 I zygote64: option[16]=-Ximage-compiler-option
01-06 23:22:10.947   625   625 I zygote64: option[17]=--runtime-arg
01-06 23:22:10.947   625   625 I zygote64: option[18]=-Ximage-compiler-option
01-06 23:22:10.947   625   625 I zygote64: option[19]=-Xms64m
01-06 23:22:10.948   625   625 I zygote64: option[20]=-Ximage-compiler-option
01-06 23:22:10.948   625   625 I zygote64: option[21]=--runtime-arg
01-06 23:22:10.948   625   625 I zygote64: option[22]=-Ximage-compiler-option
01-06 23:22:10.948   625   625 I zygote64: option[23]=-Xmx64m
01-06 23:22:10.948   625   625 I zygote64: option[24]=-Ximage-compiler-option
01-06 23:22:10.948   625   625 I zygote64: option[25]=--profile-file=/system/etc/boot-image.prof
01-06 23:22:10.948   625   625 I zygote64: option[26]=-Ximage-compiler-option
01-06 23:22:10.948   625   625 I zygote64: option[27]=--compiler-filter=speed-profile
01-06 23:22:10.948   625   625 I zygote64: option[28]=-Xcompiler-option
01-06 23:22:10.948   625   625 I zygote64: option[29]=--runtime-arg
01-06 23:22:10.948   625   625 I zygote64: option[30]=-Xcompiler-option
01-06 23:22:10.948   625   625 I zygote64: option[31]=-Xms64m
01-06 23:22:10.948   625   625 I zygote64: option[32]=-Xcompiler-option
01-06 23:22:10.948   625   625 I zygote64: option[33]=--runtime-arg
01-06 23:22:10.948   625   625 I zygote64: option[34]=-Xcompiler-option
01-06 23:22:10.948   625   625 I zygote64: option[35]=-Xmx512m
01-06 23:22:10.948   625   625 I zygote64: option[36]=-Ximage-compiler-option
01-06 23:22:10.948   625   625 I zygote64: option[37]=--instruction-set-variant=generic
01-06 23:22:10.948   625   625 I zygote64: option[38]=-Xcompiler-option
01-06 23:22:10.948   625   625 I zygote64: option[39]=--instruction-set-variant=generic
01-06 23:22:10.948   625   625 I zygote64: option[40]=-Ximage-compiler-option
01-06 23:22:10.948   625   625 I zygote64: option[41]=--instruction-set-features=default
01-06 23:22:10.948   625   625 I zygote64: option[42]=-Xcompiler-option
01-06 23:22:10.948   625   625 I zygote64: option[43]=--instruction-set-features=default
01-06 23:22:10.948   625   625 I zygote64: option[44]=-Duser.locale=en-US
01-06 23:22:10.948   625   625 I zygote64: option[45]=--cpu-abilist=arm64-v8a
01-06 23:22:10.948   625   625 I zygote64: option[46]=-Xcompiler-option
01-06 23:22:10.948   625   625 I zygote64: option[47]=--generate-mini-debug-info
01-06 23:22:10.948   625   625 I zygote64: option[48]=-Xcore-platform-api-policy:just-warn
01-06 23:22:10.948   625   625 I zygote64: option[49]=-Xfingerprint:Elo/M50C/M50C:10/QKQ1.201112.002/eng.youkai.20210510.012850:userdebug/debug,release-keys
01-06 23:22:10.948   707   707 I pd-mapper-svc: Parsing file :/vendor/firmware_mnt/image/cdspr.jsn:
01-06 23:22:10.949   671   671 W /vendor/bin/hw/android.hardware.configstore@1.1-service: libminijail[671]: allowing syscall: connect
01-06 23:22:10.949   671   671 W /vendor/bin/hw/android.hardware.configstore@1.1-service: libminijail[671]: allowing syscall: fcntl
01-06 23:22:10.949   668   668 I ServiceManagement: Registered vendor.qti.hardware.btconfigstore@1.0::IBTConfigStore/default (start delay of 266ms)
01-06 23:22:10.950   671   671 W /vendor/bin/hw/android.hardware.configstore@1.1-service: libminijail[671]: allowing syscall: sendto
01-06 23:22:10.950   671   671 W /vendor/bin/hw/android.hardware.configstore@1.1-service: libminijail[671]: allowing syscall: socket
01-06 23:22:10.950   671   671 W /vendor/bin/hw/android.hardware.configstore@1.1-service: libminijail[671]: allowing syscall: writev
01-06 23:22:10.950   668   668 I         : Registration complete for vendor.qti.hardware.btconfigstore@1.0::IBTConfigStore/default.
01-06 23:22:10.950     0     0 I sysmon-qmi: ssctl_new_server: Connection established between QMI handle and adsp's SSCTL service
01-06 23:22:10.956   707   707 I pd-mapper-svc: Parsing file :/vendor/firmware_mnt/image/modemr.jsn:
01-06 23:22:10.958   671   671 W /vendor/bin/hw/android.hardware.configstore@1.1-service: libminijail[671]: logging seccomp filter failures
01-06 23:22:10.960   671   671 I ServiceManagement: Registered android.hardware.configstore@1.1::ISurfaceFlingerConfigs/default (start delay of 267ms)
01-06 23:22:10.960   671   671 I ServiceManagement: Removing namespace from process name android.hardware.configstore@1.1-service to configstore@1.1-service.
01-06 23:22:10.964     0     0 E diag    : In diag_send_peripheral_buffering_mode, buffering flag not set for 1
01-06 23:22:10.966   707   707 I pd-mapper-svc: Parsing file :/vendor/firmware_mnt/image/modemuw.jsn:
