06-22 00:00:12.545  1298  1298 V HdmiControlService: onStandbyCompleted
06-22 00:00:12.545  1298  1298 D HDMI    : setOption: [flag:3, enabled:false]
06-22 00:00:12.545  1298  1495 D HDMI    : [S]:<InActive Source> 40:9D:FF:FF
06-22 00:00:12.546  1298  1495 W HdmiCecController: Failed to send <InActive Source> 40:9D:FF:FF with errorCode=3
06-22 00:00:12.564  1298  1298 I power_screen_broadcast_done: [0,27,1]
06-22 00:00:36.016  1298  1359 I UsageStatsService: User[0] Flushing usage stats to disk
06-22 00:10:15.424  1298  1364 E KernelCpuSpeedReader: Failed to read cpu-freq: /sys/devices/system/cpu/cpu4/cpufreq/stats/time_in_state: open failed: ENOENT (No such file or directory)
06-22 00:10:15.424  1298  1364 E KernelCpuSpeedReader: Failed to read cpu-freq: /sys/devices/system/cpu/cpu0/cpufreq/stats/time_in_state: open failed: ENOENT (No such file or directory)
06-22 00:10:15.427  1298  1364 W BatteryExternalStatsWorker: modem info is invalid: ModemActivityInfo{ mTimestamp=0 mSleepTimeMs=0 mIdleTimeMs=0 mTxTimeMs[]=[0, 0, 0, 0, 0] mRxTimeMs=0 mEnergyUsed=0}
06-22 00:10:15.477  1298  1359 I commit_sys_config_file: [batterystats,45]
06-22 00:10:15.488  1298  1359 I commit_sys_config_file: [batterystats,11]
06-22 00:30:00.192  1298  1554 I commit_sys_config_file: [appops,47]
06-22 00:31:30.017  1298  1468 I netstats_mobile_sample: [0,0,0,0,0,0,0,0,0,0,0,0,1624336290017]
06-22 00:31:30.017  1298  1468 I netstats_wifi_sample: [0,0,0,0,0,0,0,0,0,0,0,0,1624336290017]
06-22 00:31:30.033  1298  1359 I am_pss  : [1830,10098,com.android.launcher3,57094144,47665152,0,178540544,0,6,8]
06-22 00:31:30.078  1298  1359 I commit_sys_config_file: [procstats,47]
06-22 00:40:15.424  1298  1364 E KernelCpuSpeedReader: Failed to read cpu-freq: /sys/devices/system/cpu/cpu4/cpufreq/stats/time_in_state: open failed: ENOENT (No such file or directory)
06-22 00:40:15.424  1298  1364 E KernelCpuSpeedReader: Failed to read cpu-freq: /sys/devices/system/cpu/cpu0/cpufreq/stats/time_in_state: open failed: ENOENT (No such file or directory)
06-22 00:40:15.427  1298  1364 W BatteryExternalStatsWorker: modem info is invalid: ModemActivityInfo{ mTimestamp=0 mSleepTimeMs=0 mIdleTimeMs=0 mTxTimeMs[]=[0, 0, 0, 0, 0] mRxTimeMs=0 mEnergyUsed=0}
06-22 00:40:15.478  1298  1359 I commit_sys_config_file: [batterystats,46]
06-22 00:40:15.488  1298  1359 I commit_sys_config_file: [batterystats,10]
06-22 00:40:29.588  1298  1352 W EntropyMixer: Failed to add HW RNG output to entropy pool
06-22 00:40:29.588  1298  1352 W EntropyMixer: java.io.FileNotFoundException: /dev/hw_random: open failed: EACCES (Permission denied)
06-22 00:40:29.588  1298  1352 W EntropyMixer: 	at libcore.io.IoBridge.open(IoBridge.java:496)
06-22 00:40:29.588  1298  1352 W EntropyMixer: 	at java.io.FileInputStream.<init>(FileInputStream.java:159)
06-22 00:40:29.588  1298  1352 W EntropyMixer: 	at java.io.FileInputStream.<init>(FileInputStream.java:115)
06-22 00:40:29.588  1298  1352 W EntropyMixer: 	at com.android.server.RandomBlock.fromFile(RandomBlock.java:45)
06-22 00:40:29.588  1298  1352 W EntropyMixer: 	at com.android.server.EntropyMixer.addHwRandomEntropy(EntropyMixer.java:205)
06-22 00:40:29.588  1298  1352 W EntropyMixer: 	at com.android.server.EntropyMixer.access$000(EntropyMixer.java:59)
06-22 00:40:29.588  1298  1352 W EntropyMixer: 	at com.android.server.EntropyMixer$1.handleMessage(EntropyMixer.java:83)
06-22 00:40:29.588  1298  1352 W EntropyMixer: 	at android.os.Handler.dispatchMessage(Handler.java:107)
06-22 00:40:29.588  1298  1352 W EntropyMixer: 	at android.os.Looper.loop(Looper.java:214)
06-22 00:40:29.588  1298  1352 W EntropyMixer: 	at android.os.HandlerThread.run(HandlerThread.java:67)
06-22 00:40:29.588  1298  1352 W EntropyMixer: 	at com.android.server.ServiceThread.run(ServiceThread.java:44)
06-22 00:40:29.588  1298  1352 W EntropyMixer: Caused by: android.system.ErrnoException: open failed: EACCES (Permission denied)
06-22 00:40:29.588  1298  1352 W EntropyMixer: 	at libcore.io.Linux.open(Native Method)
06-22 00:40:29.588  1298  1352 W EntropyMixer: 	at libcore.io.ForwardingOs.open(ForwardingOs.java:167)
06-22 00:40:29.588  1298  1352 W EntropyMixer: 	at libcore.io.BlockGuardOs.open(BlockGuardOs.java:252)
06-22 00:40:29.588  1298  1352 W EntropyMixer: 	at libcore.io.IoBridge.open(IoBridge.java:482)
06-22 00:40:29.588  1298  1352 W EntropyMixer: 	... 10 more
06-22 00:40:29.589  1298  1352 I EntropyMixer: Writing entropy...
06-22 00:51:30.109  1298  1359 I UsageStatsService: User[0] Flushing usage stats to disk
06-22 01:01:30.061  1298  1554 I commit_sys_config_file: [appops,47]
06-22 01:10:15.418  1298  1364 E KernelCpuSpeedReader: Failed to read cpu-freq: /sys/devices/system/cpu/cpu4/cpufreq/stats/time_in_state: open failed: ENOENT (No such file or directory)
06-22 01:10:15.418  1298  1364 E KernelCpuSpeedReader: Failed to read cpu-freq: /sys/devices/system/cpu/cpu0/cpufreq/stats/time_in_state: open failed: ENOENT (No such file or directory)
06-22 01:10:15.421  1298  1364 W BatteryExternalStatsWorker: modem info is invalid: ModemActivityInfo{ mTimestamp=0 mSleepTimeMs=0 mIdleTimeMs=0 mTxTimeMs[]=[0, 0, 0, 0, 0] mRxTimeMs=0 mEnergyUsed=0}
06-22 01:10:15.471  1298  1359 I commit_sys_config_file: [batterystats,46]
06-22 01:10:15.480  1298  1359 I commit_sys_config_file: [batterystats,9]
06-22 01:11:12.567  1298  1468 I netstats_mobile_sample: [0,0,0,0,0,0,0,0,0,0,0,0,1624338672567]
06-22 01:11:12.567  1298  1468 I netstats_wifi_sample: [0,0,0,0,0,0,0,0,0,0,0,0,1624338672567]
06-22 01:11:12.575  1298  1352 I DropBoxManagerService: add tag=system_server_strictmode isTagEnabled=true flags=0x2
06-22 01:11:12.576  1298  1359 I am_pss  : [1298,1000,system,135768064,113217536,0,300146688,0,0,21]
06-22 01:11:12.586  1298  1359 I am_pss  : [2436,1000,com.android.keychain,5939200,3330048,0,95334400,2,20,6]
06-22 01:11:12.590  1298  1468 I netstats_mobile_sample: [0,0,0,0,0,0,0,0,0,0,0,0,1624338672590]
06-22 01:11:12.590  1298  1468 I netstats_wifi_sample: [0,0,0,0,0,0,0,0,0,0,0,0,1624338672590]
06-22 01:11:12.595  1298  1359 I am_pss  : [1889,10058,android.ext.services,7934976,4018176,0,100311040,2,6,6]
06-22 01:11:12.604  1298  1359 I am_pss  : [2788,10057,com.android.providers.calendar,7623680,4562944,0,97632256,2,20,6]
06-22 01:11:12.613  1298  1359 I am_pss  : [2368,10069,com.android.printspooler,6716416,3985408,0,97284096,2,20,6]
06-22 01:11:12.622  1298  1359 I am_pss  : [2659,10114,com.android.email,14002176,10465280,0,112160768,2,20,7]
06-22 01:11:12.631  1298  1359 I am_pss  : [2472,10042,android.process.media,14281728,9691136,0,116686848,2,20,7]
06-22 01:11:12.636  1298  1461 I WatchlistLoggingHandler: Start aggregating watchlist records.
06-22 01:11:12.638  1298  1359 I am_pss  : [2974,10092,com.qualcomm.timeservice,5025792,2723840,0,85893120,2,20,6]
06-22 01:11:12.648  1298  1298 V SettingsProvider: Notifying for 0: content://settings/global/network_watchlist_last_report_time
06-22 01:11:12.649  1298  1359 I am_pss  : [2950,10093,com.qualcomm.qti.qms.service.telemetry,14919680,2875392,0,84135936,2,20,6]
06-22 01:11:12.660  1298  1359 I am_pss  : [2927,1000,com.android.localtransport,5810176,3162112,0,96018432,2,20,7]
06-22 01:11:12.666  1298  1359 I am_pss  : [2908,10090,com.qualcomm.qti.qms.service.connectionsecurity,15889408,3837952,0,85086208,2,20,5]
06-22 01:11:12.673  1298  1359 I am_pss  : [2886,1001,com.qualcomm.qti.lpa,5407744,3174400,0,86446080,2,20,5]
06-22 01:11:12.680  1298  1359 I am_pss  : [2863,10089,com.qualcomm.qti.biometrics.fingerprint.service,5372928,3092480,0,86532096,2,20,5]
06-22 01:11:12.682  2472  2813 D DownloadManager: Removed 0 stale downloads
06-22 01:11:12.688  1298  1359 I am_pss  : [2838,1000,com.oem.engineeringmode.emlist,5853184,3338240,0,94355456,2,20,5]
06-22 01:11:12.698  1298  1359 I am_pss  : [2815,10066,com.android.traceur,9067520,6430720,0,95105024,2,20,7]
06-22 01:11:12.704  1298  1359 I am_pss  : [2765,10053,com.android.permissioncontroller,9954304,7323648,0,94670848,2,20,5]
06-22 01:11:12.708  2472  2813 D DownloadManager: Found 0 files in database
06-22 01:11:12.708  2472  2813 D DownloadManager: Found 0 files on disk
06-22 01:11:12.710  1298  1461 I WatchlistLoggingHandler: Milliseconds spent on tryAggregateRecords(): 74
06-22 01:11:12.711  1298  1352 I DropBoxManagerService: add tag=system_server_strictmode isTagEnabled=true flags=0x2
06-22 01:11:12.711  1298  1359 I am_pss  : [2743,10044,com.android.packageinstaller,6513664,4255744,0,87855104,2,20,5]
06-22 01:11:12.720  1298  1359 I am_pss  : [2719,10100,com.android.onetimeinitializer,5343232,3059712,0,87375872,2,20,7]
06-22 01:11:12.728  1298  1359 I am_pss  : [1929,10110,com.android.inputmethod.latin,15097856,10801152,0,118030336,2,8,7]
06-22 01:11:12.735  1298  1359 I am_pss  : [2512,1000,com.qti.diagservices,6279168,3436544,0,98394112,2,11,6]
06-22 01:11:12.743  1298  1359 I am_pss  : [2354,1000,com.oem.location,5979136,3239936,0,96702464,2,9,7]
06-22 01:11:12.752  1298  1352 I chatty  : uid=1000(system) android.io identical 8 lines
06-22 01:11:12.752  1298  1359 I am_pss  : [1507,1002,com.android.bluetooth,23907328,18849792,0,127832064,2,0,8]
06-22 01:11:12.756  1298  1352 I DropBoxManagerService: add tag=system_server_strictmode isTagEnabled=true flags=0x2
06-22 01:11:12.762  1298  1359 I am_pss  : [1830,10098,com.android.launcher3,57094144,47665152,0,178540544,2,6,9]
06-22 01:11:12.770  1298  1359 I am_pss  : [2306,1000,com.qualcomm.qti.services.secureui:sui_service,6610944,3690496,0,99004416,2,0,7]
06-22 01:11:12.779  1298  1359 I am_pss  : [2280,1000,com.callback.emvcl,5885952,3276800,0,95793152,2,0,8]
06-22 01:11:12.787  1298  1359 I am_pss  : [2245,1000,com.callback.sdpl,5809152,3215360,0,95358976,2,0,7]
06-22 01:11:12.795  1298  1359 I am_pss  : [2220,1000,com.qualcomm.qti.workloadclassifier,8298496,5505024,0,99917824,2,0,7]
06-22 01:11:12.802  1298  1359 I am_pss  : [2196,1068,com.android.se,5686272,3330048,0,88047616,2,0,6]
06-22 01:11:12.810  1298  1359 I am_pss  : [2169,1000,com.callback.kms,5776384,3182592,0,95477760,2,0,6]
06-22 01:11:12.819  1298  1359 I am_pss  : [2142,1000,com.callback.emv,5925888,3313664,0,95879168,2,0,8]
06-22 01:11:12.827  1298  1359 I am_pss  : [1726,1001,com.android.phone,18824192,14364672,0,113876992,2,0,7]
06-22 01:11:12.835  1298  1359 I am_pss  : [1680,1000,com.elo.EloCoreApp,6175744,3387392,0,97828864,2,0,6]
06-22 01:11:12.844  1298  1359 I am_pss  : [1669,1001,.qtidataservices,8138752,5189632,0,101670912,2,0,7]
06-22 01:11:12.854  1298  1359 I am_pss  : [1607,1001,.dataservices,7843840,4857856,0,100532224,2,0,8]
06-22 01:11:12.864  1298  1431 I commit_sys_config_file: [settings-0-0,12]
06-22 01:11:12.867  1298  1359 I am_pss  : [1531,10104,com.android.systemui,125332480,113971200,0,273498112,2,0,12]
06-22 01:11:12.912  1298  1359 W ProcessCpuTracker: Failed to stat(/proc/3914): android.system.ErrnoException: stat failed: ENOENT (No such file or directory)
06-22 01:11:12.913  1298  1359 W ProcessCpuTracker: Skipping unknown process pid 3914
06-22 01:11:13.087  1298  1359 I am_meminfo: [672047104,1685708800,12288,241782784,514019328]
06-22 01:11:13.094  1298  1359 I commit_sys_config_file: [procstats,9]
06-22 01:11:13.094  1298  1359 I ProcessStatsService: Pruning old procstats: /data/system/procstats/state-2021-06-19-08-53-15.bin
06-22 01:11:14.606  1298  1352 I commit_sys_config_file: [jobs,6]
06-22 01:11:44.652  1298  1352 I commit_sys_config_file: [jobs,16]
06-22 01:40:15.426  1298  1364 E KernelCpuSpeedReader: Failed to read cpu-freq: /sys/devices/system/cpu/cpu4/cpufreq/stats/time_in_state: open failed: ENOENT (No such file or directory)
06-22 01:40:15.426  1298  1364 E KernelCpuSpeedReader: Failed to read cpu-freq: /sys/devices/system/cpu/cpu0/cpufreq/stats/time_in_state: open failed: ENOENT (No such file or directory)
06-22 01:40:15.429  1298  1364 W BatteryExternalStatsWorker: modem info is invalid: ModemActivityInfo{ mTimestamp=0 mSleepTimeMs=0 mIdleTimeMs=0 mTxTimeMs[]=[0, 0, 0, 0, 0] mRxTimeMs=0 mEnergyUsed=0}
06-22 01:40:15.479  1298  1359 I commit_sys_config_file: [batterystats,45]
06-22 01:40:15.491  1298  1359 I commit_sys_config_file: [batterystats,11]
06-22 01:40:30.297  1298  1298 I sysui_multi_action: [757,803,799,note_enqueued,802,2]
06-22 01:40:30.298  1298  1298 I sysui_multi_action: [757,803,799,note_post,802,2]
06-22 01:40:30.298  1298  1298 I sysui_multi_action: [757,803,799,note_ongoing,802,2]
06-22 01:40:30.299  1298  1298 I sysui_multi_action: [757,803,799,note_title,802,2]
06-22 01:40:30.299  1298  1298 I sysui_multi_action: [757,803,799,note_text,802,2]
06-22 01:40:30.299  1298  1298 I sysui_multi_action: [757,803,799,note_imp_noisy_default,802,2]
06-22 01:40:30.299  1298  1298 I sysui_multi_action: [757,803,799,note_importance_min,802,1]
06-22 01:40:30.299  1298  1298 I sysui_multi_action: [757,803,799,note_importance_low,802,1]
06-22 01:40:30.891  1298  1468 I netstats_mobile_sample: [0,0,0,0,0,0,0,0,0,0,0,0,1624340430891]
06-22 01:40:30.891  1298  1468 I netstats_wifi_sample: [0,0,0,0,0,0,0,0,0,0,0,0,1624340430891]
06-22 01:40:30.899  1298  1359 I am_pss  : [1759,1000,com.android.settings,27813888,16658432,0,145457152,0,11,7]
06-22 01:40:30.910  1298  1359 I am_pss  : [1830,10098,com.android.launcher3,57060352,47665152,0,178540544,0,6,7]
06-22 01:41:12.639  1298  1554 I commit_sys_config_file: [appops,50]
06-22 02:10:15.422  1298  1364 E KernelCpuSpeedReader: Failed to read cpu-freq: /sys/devices/system/cpu/cpu4/cpufreq/stats/time_in_state: open failed: ENOENT (No such file or directory)
06-22 02:10:15.422  1298  1364 E KernelCpuSpeedReader: Failed to read cpu-freq: /sys/devices/system/cpu/cpu0/cpufreq/stats/time_in_state: open failed: ENOENT (No such file or directory)
06-22 02:10:15.425  1298  1364 W BatteryExternalStatsWorker: modem info is invalid: ModemActivityInfo{ mTimestamp=0 mSleepTimeMs=0 mIdleTimeMs=0 mTxTimeMs[]=[0, 0, 0, 0, 0] mRxTimeMs=0 mEnergyUsed=0}
06-22 02:10:15.475  1298  1359 I commit_sys_config_file: [batterystats,45]
06-22 02:10:15.486  1298  1359 I commit_sys_config_file: [batterystats,10]
06-22 02:40:15.425  1298  1364 E KernelCpuSpeedReader: Failed to read cpu-freq: /sys/devices/system/cpu/cpu4/cpufreq/stats/time_in_state: open failed: ENOENT (No such file or directory)
06-22 02:40:15.425  1298  1364 E KernelCpuSpeedReader: Failed to read cpu-freq: /sys/devices/system/cpu/cpu0/cpufreq/stats/time_in_state: open failed: ENOENT (No such file or directory)
06-22 02:40:15.427  1298  1364 W BatteryExternalStatsWorker: modem info is invalid: ModemActivityInfo{ mTimestamp=0 mSleepTimeMs=0 mIdleTimeMs=0 mTxTimeMs[]=[0, 0, 0, 0, 0] mRxTimeMs=0 mEnergyUsed=0}
06-22 02:40:15.477  1298  1359 I commit_sys_config_file: [batterystats,46]
06-22 02:40:15.488  1298  1359 I commit_sys_config_file: [batterystats,10]
06-22 03:10:15.423  1298  1364 E KernelCpuSpeedReader: Failed to read cpu-freq: /sys/devices/system/cpu/cpu4/cpufreq/stats/time_in_state: open failed: ENOENT (No such file or directory)
06-22 03:10:15.423  1298  1364 E KernelCpuSpeedReader: Failed to read cpu-freq: /sys/devices/system/cpu/cpu0/cpufreq/stats/time_in_state: open failed: ENOENT (No such file or directory)
06-22 03:10:15.426  1298  1364 W BatteryExternalStatsWorker: modem info is invalid: ModemActivityInfo{ mTimestamp=0 mSleepTimeMs=0 mIdleTimeMs=0 mTxTimeMs[]=[0, 0, 0, 0, 0] mRxTimeMs=0 mEnergyUsed=0}
06-22 03:10:15.476  1298  1359 I commit_sys_config_file: [batterystats,45]
06-22 03:10:15.486  1298  1359 I commit_sys_config_file: [batterystats,11]
06-22 03:10:30.885  1298  1468 I service_manager_stats: [100,44,19740485]
06-22 03:10:30.887  1298  1468 I netstats_mobile_sample: [0,0,0,0,0,0,0,0,0,0,0,0,1624345830887]
06-22 03:10:30.887  1298  1468 I netstats_wifi_sample: [0,0,0,0,0,0,0,0,0,0,0,0,1624345830887]
06-22 03:10:30.893  1298  1359 I am_pss  : [1298,1000,system,135405568,112906240,0,299868160,0,0,12]
06-22 03:10:30.896  1298  1468 I netstats_mobile_sample: [0,0,0,0,0,0,0,0,0,0,0,0,1624345830896]
06-22 03:10:30.896  1298  1468 I netstats_wifi_sample: [0,0,0,0,0,0,0,0,0,0,0,0,1624345830896]
06-22 03:10:30.901  1298  1359 I am_pss  : [1759,1000,com.android.settings,27842560,16687104,0,145485824,0,11,7]
06-22 03:10:30.906  1298  1468 I netstats_mobile_sample: [0,0,0,0,0,0,0,0,0,0,0,0,1624345830906]
06-22 03:10:30.906  1298  1468 I netstats_wifi_sample: [0,0,0,0,0,0,0,0,0,0,0,0,1624345830906]
06-22 03:10:30.909  1298  1359 I am_pss  : [2472,10042,android.process.media,13662208,8994816,0,116416512,0,20,6]
06-22 03:10:30.917  1298  1359 I am_pss  : [2436,1000,com.android.keychain,5939200,3330048,0,95334400,0,20,6]
06-22 03:10:30.925  1298  1359 I am_pss  : [1889,10058,android.ext.services,7930880,4018176,0,100311040,0,6,6]
06-22 03:10:30.935  1298  1359 I am_pss  : [2788,10057,com.android.providers.calendar,7600128,4562944,0,97632256,0,20,8]
06-22 03:10:30.944  1298  1359 I am_pss  : [2368,10069,com.android.printspooler,6716416,3985408,0,97284096,0,20,8]
06-22 03:10:30.954  1298  1359 I am_pss  : [2659,10114,com.android.email,13976576,10465280,0,112160768,0,20,8]
06-22 03:10:30.962  1298  1359 I am_pss  : [2974,10092,com.qualcomm.timeservice,5026816,2723840,0,85893120,0,20,6]
06-22 03:10:30.970  1298  1359 I am_pss  : [2950,10093,com.qualcomm.qti.qms.service.telemetry,14919680,2875392,0,84135936,0,20,7]
06-22 03:10:30.979  1298  1359 I am_pss  : [2927,1000,com.android.localtransport,5810176,3162112,0,96018432,0,20,8]
06-22 03:10:30.987  1298  1359 I am_pss  : [2908,10090,com.qualcomm.qti.qms.service.connectionsecurity,15906816,3837952,0,85086208,0,20,6]
06-22 03:10:30.997  1298  1359 I am_pss  : [2886,1001,com.qualcomm.qti.lpa,5407744,3174400,0,86446080,0,20,8]
06-22 03:10:31.006  1298  1359 I am_pss  : [2863,10089,com.qualcomm.qti.biometrics.fingerprint.service,5372928,3092480,0,86532096,0,20,8]
06-22 03:10:31.015  1298  1359 I am_pss  : [2838,1000,com.oem.engineeringmode.emlist,5854208,3338240,0,94355456,0,20,7]
06-22 03:10:31.023  1298  1359 I am_pss  : [2815,10066,com.android.traceur,9067520,6430720,0,95105024,0,20,7]
06-22 03:10:31.032  1298  1359 I am_pss  : [2765,10053,com.android.permissioncontroller,9954304,7323648,0,94670848,0,20,7]
06-22 03:10:31.040  1298  1359 I am_pss  : [2743,10044,com.android.packageinstaller,6513664,4255744,0,87855104,0,20,6]
06-22 03:10:31.049  1298  1359 I am_pss  : [2719,10100,com.android.onetimeinitializer,5343232,3059712,0,87375872,0,20,7]
06-22 03:10:31.057  1298  1359 I am_pss  : [1929,10110,com.android.inputmethod.latin,15072256,10801152,0,118030336,0,8,7]
06-22 03:10:31.066  1298  1359 I am_pss  : [2512,1000,com.qti.diagservices,6279168,3436544,0,98394112,0,11,7]
06-22 03:10:31.074  1298  1359 I am_pss  : [2354,1000,com.oem.location,5979136,3239936,0,96702464,0,9,6]
06-22 03:10:31.083  1298  1359 I am_pss  : [1507,1002,com.android.bluetooth,23902208,18870272,0,127852544,0,0,7]
06-22 03:10:31.093  1298  1359 I am_pss  : [1830,10098,com.android.launcher3,57060352,47665152,0,178540544,0,6,8]
06-22 03:10:31.101  1298  1359 I am_pss  : [2306,1000,com.qualcomm.qti.services.secureui:sui_service,6610944,3690496,0,99004416,0,0,6]
06-22 03:10:31.109  1298  1359 I am_pss  : [2280,1000,com.callback.emvcl,5885952,3276800,0,95793152,0,0,6]
06-22 03:10:31.117  1298  1359 I am_pss  : [2245,1000,com.callback.sdpl,5809152,3215360,0,95358976,0,0,6]
06-22 03:10:31.126  1298  1359 I am_pss  : [2220,1000,com.qualcomm.qti.workloadclassifier,8298496,5505024,0,99917824,0,0,8]
06-22 03:10:31.135  1298  1359 I am_pss  : [2196,1068,com.android.se,5686272,3330048,0,88047616,0,0,7]
06-22 03:10:31.142  1298  1359 I am_pss  : [2169,1000,com.callback.kms,5776384,3182592,0,95477760,0,0,6]
06-22 03:10:31.150  1298  1359 I am_pss  : [2142,1000,com.callback.emv,5925888,3313664,0,95879168,0,0,6]
06-22 03:10:31.158  1298  1359 I am_pss  : [1726,1001,com.android.phone,18808832,14372864,0,113881088,0,0,7]
06-22 03:10:31.167  1298  1359 I am_pss  : [1680,1000,com.elo.EloCoreApp,6175744,3387392,0,97828864,0,0,6]
06-22 03:10:31.176  1298  1359 I am_pss  : [1669,1001,.qtidataservices,8138752,5189632,0,101670912,0,0,8]
06-22 03:10:31.186  1298  1359 I am_pss  : [1607,1001,.dataservices,7843840,4857856,0,100532224,0,0,7]
06-22 03:10:31.199  1298  1359 I am_pss  : [1531,10104,com.android.systemui,126273536,114921472,0,274448384,0,0,11]
06-22 03:10:31.244  1298  1359 I commit_sys_config_file: [procstats,44]
06-22 03:30:31.301  1298  1359 I UsageStatsService: User[0] Flushing usage stats to disk
06-22 03:40:15.434  1298  1364 E KernelCpuSpeedReader: Failed to read cpu-freq: /sys/devices/system/cpu/cpu4/cpufreq/stats/time_in_state: open failed: ENOENT (No such file or directory)
06-22 03:40:15.434  1298  1364 E KernelCpuSpeedReader: Failed to read cpu-freq: /sys/devices/system/cpu/cpu0/cpufreq/stats/time_in_state: open failed: ENOENT (No such file or directory)
06-22 03:40:15.437  1298  1364 W BatteryExternalStatsWorker: modem info is invalid: ModemActivityInfo{ mTimestamp=0 mSleepTimeMs=0 mIdleTimeMs=0 mTxTimeMs[]=[0, 0, 0, 0, 0] mRxTimeMs=0 mEnergyUsed=0}
06-22 03:40:15.485  1298  1359 I commit_sys_config_file: [batterystats,44]
06-22 03:40:15.495  1298  1359 I commit_sys_config_file: [batterystats,9]
06-22 03:40:29.611  1298  1352 W EntropyMixer: Failed to add HW RNG output to entropy pool
06-22 03:40:29.611  1298  1352 W EntropyMixer: java.io.FileNotFoundException: /dev/hw_random: open failed: EACCES (Permission denied)
06-22 03:40:29.611  1298  1352 W EntropyMixer: 	at libcore.io.IoBridge.open(IoBridge.java:496)
06-22 03:40:29.611  1298  1352 W EntropyMixer: 	at java.io.FileInputStream.<init>(FileInputStream.java:159)
06-22 03:40:29.611  1298  1352 W EntropyMixer: 	at java.io.FileInputStream.<init>(FileInputStream.java:115)
06-22 03:40:29.611  1298  1352 W EntropyMixer: 	at com.android.server.RandomBlock.fromFile(RandomBlock.java:45)
06-22 03:40:29.611  1298  1352 W EntropyMixer: 	at com.android.server.EntropyMixer.addHwRandomEntropy(EntropyMixer.java:205)
06-22 03:40:29.611  1298  1352 W EntropyMixer: 	at com.android.server.EntropyMixer.access$000(EntropyMixer.java:59)
06-22 03:40:29.611  1298  1352 W EntropyMixer: 	at com.android.server.EntropyMixer$1.handleMessage(EntropyMixer.java:83)
06-22 03:40:29.611  1298  1352 W EntropyMixer: 	at android.os.Handler.dispatchMessage(Handler.java:107)
06-22 03:40:29.611  1298  1352 W EntropyMixer: 	at android.os.Looper.loop(Looper.java:214)
06-22 03:40:29.611  1298  1352 W EntropyMixer: 	at android.os.HandlerThread.run(HandlerThread.java:67)
06-22 03:40:29.611  1298  1352 W EntropyMixer: 	at com.android.server.ServiceThread.run(ServiceThread.java:44)
06-22 03:40:29.611  1298  1352 W EntropyMixer: Caused by: android.system.ErrnoException: open failed: EACCES (Permission denied)
06-22 03:40:29.611  1298  1352 W EntropyMixer: 	at libcore.io.Linux.open(Native Method)
06-22 03:40:29.611  1298  1352 W EntropyMixer: 	at libcore.io.ForwardingOs.open(ForwardingOs.java:167)
06-22 03:40:29.611  1298  1352 W EntropyMixer: 	at libcore.io.BlockGuardOs.open(BlockGuardOs.java:252)
06-22 03:40:29.611  1298  1352 W EntropyMixer: 	at libcore.io.IoBridge.open(IoBridge.java:482)
06-22 03:40:29.611  1298  1352 W EntropyMixer: 	... 10 more
06-22 03:40:29.611  1298  1352 I EntropyMixer: Writing entropy...
06-22 03:40:30.885   507   507 I auditd  : type=1400 audit(0.0:20): avc: denied { read } for comm="Binder:507_2" name="/" dev="mmcblk0p37" ino=2 scontext=u:r:vold:s0 tcontext=u:object_r:mnt_vendor_file:s0 tclass=dir permissive=0
06-22 03:40:30.891  1298  1468 I netstats_mobile_sample: [0,0,0,0,0,0,0,0,0,0,0,0,1624347630891]
06-22 03:40:30.891  1298  1554 I commit_sys_config_file: [appops,10]
06-22 03:40:30.891  1298  1468 I netstats_wifi_sample: [0,0,0,0,0,0,0,0,0,0,0,0,1624347630891]
06-22 03:40:30.896  1298  1298 I ActivityManager: Idle maintenance over +6h0m2s329ms low RAM for +5s227ms
06-22 03:40:30.897   507  4066 D vold    : idle maintenance started
06-22 03:40:30.898   507  4066 I vold    : [libfs_mgr]dt_fstab: Skip disabled entry for partition vendor
06-22 03:40:30.898   507  4066 I vold    : [libfs_mgr]dt_fstab: Skip disabled entry for partition vendor
06-22 03:40:30.898   507  4066 D vold    : Starting trim of /metadata
06-22 03:40:30.899   507  4066 I vold    : Trimmed 0 bytes on /metadata in 0ms
06-22 03:40:30.899   507  4066 D vold    : Starting trim of /data
06-22 03:40:30.899   507  4066 I vold    : Trimmed 0 bytes on /data in 0ms
06-22 03:40:30.899   507  4066 D vold    : Starting trim of /mnt/vendor/persist
06-22 03:40:30.899   507  4066 W vold    : Failed to open /mnt/vendor/persist: Permission denied
06-22 03:40:30.901   507  4066 I vold    : [libfs_mgr]dt_fstab: Skip disabled entry for partition vendor
06-22 03:40:30.901   507  4066 D vold    : idle maintenance completed
06-22 03:40:30.903  1298  1359 I am_pss  : [1830,10098,com.android.launcher3,57060352,47665152,0,178540544,0,6,7]
06-22 03:40:30.910  1298  1359 I commit_sys_config_file: [procstats,8]
06-22 03:40:30.911  1298  1359 I MountServiceIdler: Got mount service completion callback
06-22 03:40:40.925   507   507 I auditd  : type=1400 audit(0.0:21): avc: denied { read } for comm="Binder:507_2" name="/" dev="mmcblk0p37" ino=2 scontext=u:r:vold:s0 tcontext=u:object_r:mnt_vendor_file:s0 tclass=dir permissive=0
06-22 03:40:40.926  1298  1298 I ActivityManager: Idle maintenance over +10s31ms low RAM for 0
06-22 03:40:40.928   507  4069 D vold    : idle maintenance started
06-22 03:40:40.929   507  4069 I vold    : [libfs_mgr]dt_fstab: Skip disabled entry for partition vendor
06-22 03:40:40.930   507  4069 I vold    : [libfs_mgr]dt_fstab: Skip disabled entry for partition vendor
06-22 03:40:40.930   507  4069 D vold    : Starting trim of /metadata
06-22 03:40:40.930   507  4069 I vold    : Trimmed 0 bytes on /metadata in 0ms
06-22 03:40:40.930   507  4069 D vold    : Starting trim of /data
06-22 03:40:40.931   507  4069 I vold    : Trimmed 0 bytes on /data in 0ms
06-22 03:40:40.931   507  4069 D vold    : Starting trim of /mnt/vendor/persist
06-22 03:40:40.931   507  4069 W vold    : Failed to open /mnt/vendor/persist: Permission denied
06-22 03:40:40.932   507  4069 I vold    : [libfs_mgr]dt_fstab: Skip disabled entry for partition vendor
06-22 03:40:40.933   507  4069 D vold    : idle maintenance completed
06-22 03:40:40.934  1298  1359 I MountServiceIdler: Got mount service completion callback
06-22 03:40:50.946  1298  1298 I ActivityManager: Idle maintenance over +10s19ms low RAM for 0
06-22 03:40:50.947   507  4070 D vold    : idle maintenance started
06-22 03:40:50.947   507  4070 I vold    : [libfs_mgr]dt_fstab: Skip disabled entry for partition vendor
06-22 03:40:50.948   507  4070 I vold    : [libfs_mgr]dt_fstab: Skip disabled entry for partition vendor
06-22 03:40:50.948   507  4070 D vold    : Starting trim of /metadata
06-22 03:40:50.949   507  4070 I vold    : Trimmed 0 bytes on /metadata in 0ms
06-22 03:40:50.949   507  4070 D vold    : Starting trim of /data
06-22 03:40:50.949   507  4070 I vold    : Trimmed 0 bytes on /data in 0ms
06-22 03:40:50.949   507  4070 D vold    : Starting trim of /mnt/vendor/persist
06-22 03:40:50.949   507  4070 W vold    : Failed to open /mnt/vendor/persist: Permission denied
06-22 03:40:50.951   507  4070 I vold    : [libfs_mgr]dt_fstab: Skip disabled entry for partition vendor
06-22 03:40:50.951   507  4070 D vold    : idle maintenance completed
06-22 03:40:50.952  1298  1359 I MountServiceIdler: Got mount service completion callback
06-22 03:41:00.966  1298  1298 I ActivityManager: Idle maintenance over +10s21ms low RAM for 0
06-22 03:41:00.968   507  4071 D vold    : idle maintenance started
06-22 03:41:00.969   507  4071 I vold    : [libfs_mgr]dt_fstab: Skip disabled entry for partition vendor
06-22 03:41:00.969   507  4071 I vold    : [libfs_mgr]dt_fstab: Skip disabled entry for partition vendor
06-22 03:41:00.970   507  4071 D vold    : Starting trim of /metadata
06-22 03:41:00.970   507  4071 I vold    : Trimmed 0 bytes on /metadata in 0ms
06-22 03:41:00.970   507  4071 D vold    : Starting trim of /data
06-22 03:41:00.970   507  4071 I vold    : Trimmed 0 bytes on /data in 0ms
06-22 03:41:00.970   507  4071 D vold    : Starting trim of /mnt/vendor/persist
06-22 03:41:00.970   507  4071 W vold    : Failed to open /mnt/vendor/persist: Permission denied
06-22 03:41:00.971   507  4071 I vold    : [libfs_mgr]dt_fstab: Skip disabled entry for partition vendor
06-22 03:41:00.972   507  4071 D vold    : idle maintenance completed
06-22 03:40:50.935   507   507 I chatty  : uid=0(root) Binder:507_2 identical 1 line
06-22 03:41:00.965   507   507 I auditd  : type=1400 audit(0.0:23): avc: denied { read } for comm="Binder:507_2" name="/" dev="mmcblk0p37" ino=2 scontext=u:r:vold:s0 tcontext=u:object_r:mnt_vendor_file:s0 tclass=dir permissive=0
06-22 03:41:00.977  1298  1359 I am_pss  : [1759,1000,com.android.settings,27842560,16687104,0,145485824,0,11,8]
06-22 03:41:00.984  1298  1359 I am_pss  : [1889,10058,android.ext.services,7930880,4018176,0,100311040,0,6,6]
06-22 03:41:00.993  1298  1359 I am_pss  : [1929,10110,com.android.inputmethod.latin,15072256,10801152,0,118030336,0,8,7]
06-22 03:41:01.002  1298  1359 I am_pss  : [2512,1000,com.qti.diagservices,6279168,3436544,0,98394112,0,11,7]
06-22 03:41:01.009  1298  1359 I am_pss  : [2354,1000,com.oem.location,5979136,3239936,0,96702464,0,9,6]
06-22 03:41:01.019  1298  1359 I am_pss  : [1830,10098,com.android.launcher3,57060352,47665152,0,178540544,0,6,8]
06-22 03:41:01.020  1298  1359 I MountServiceIdler: Got mount service completion callback
06-22 03:41:11.025   507   507 I auditd  : type=1400 audit(0.0:24): avc: denied { read } for comm="Binder:507_2" name="/" dev="mmcblk0p37" ino=2 scontext=u:r:vold:s0 tcontext=u:object_r:mnt_vendor_file:s0 tclass=dir permissive=0
06-22 03:41:11.034  1298  1298 I ActivityManager: Idle maintenance over +10s67ms low RAM for 0
06-22 03:41:11.035   507  4072 D vold    : idle maintenance started
06-22 03:41:11.036   507  4072 I vold    : [libfs_mgr]dt_fstab: Skip disabled entry for partition vendor
06-22 03:41:11.037   507  4072 I vold    : [libfs_mgr]dt_fstab: Skip disabled entry for partition vendor
06-22 03:41:11.037   507  4072 D vold    : Starting trim of /metadata
06-22 03:41:11.037   507  4072 I vold    : Trimmed 0 bytes on /metadata in 0ms
06-22 03:41:11.037   507  4072 D vold    : Starting trim of /data
06-22 03:41:11.037   507  4072 I vold    : Trimmed 0 bytes on /data in 0ms
06-22 03:41:11.037   507  4072 D vold    : Starting trim of /mnt/vendor/persist
06-22 03:41:11.038   507  4072 W vold    : Failed to open /mnt/vendor/persist: Permission denied
06-22 03:41:11.039   507  4072 I vold    : [libfs_mgr]dt_fstab: Skip disabled entry for partition vendor
06-22 03:41:11.039   507  4072 D vold    : idle maintenance completed
06-22 03:41:11.040  1298  1359 I MountServiceIdler: Got mount service completion callback
06-22 03:41:21.057  1298  1298 I ActivityManager: Idle maintenance over +10s23ms low RAM for 0
06-22 03:41:21.059   507  4073 D vold    : idle maintenance started
06-22 03:41:21.060   507  4073 I vold    : [libfs_mgr]dt_fstab: Skip disabled entry for partition vendor
06-22 03:41:21.061   507  4073 I vold    : [libfs_mgr]dt_fstab: Skip disabled entry for partition vendor
06-22 03:41:21.061   507  4073 D vold    : Starting trim of /metadata
06-22 03:41:21.061   507  4073 I vold    : Trimmed 0 bytes on /metadata in 0ms
06-22 03:41:21.061   507  4073 D vold    : Starting trim of /data
06-22 03:41:21.061   507  4073 I vold    : Trimmed 0 bytes on /data in 0ms
06-22 03:41:21.061   507  4073 D vold    : Starting trim of /mnt/vendor/persist
06-22 03:41:21.061   507  4073 W vold    : Failed to open /mnt/vendor/persist: Permission denied
06-22 03:41:21.062   507  4073 I vold    : [libfs_mgr]dt_fstab: Skip disabled entry for partition vendor
06-22 03:41:21.063   507  4073 D vold    : idle maintenance completed
06-22 03:41:21.063  1298  1359 I MountServiceIdler: Got mount service completion callback
06-22 03:41:31.076  1298  1298 I ActivityManager: Idle maintenance over +10s20ms low RAM for 0
06-22 03:41:31.077   507  4074 D vold    : idle maintenance started
06-22 03:41:31.078   507  4074 I vold    : [libfs_mgr]dt_fstab: Skip disabled entry for partition vendor
06-22 03:41:31.079   507  4074 I vold    : [libfs_mgr]dt_fstab: Skip disabled entry for partition vendor
06-22 03:41:31.080   507  4074 D vold    : Starting trim of /metadata
06-22 03:41:31.080   507  4074 I vold    : Trimmed 0 bytes on /metadata in 0ms
06-22 03:41:31.080   507  4074 D vold    : Starting trim of /data
06-22 03:41:31.080   507  4074 I vold    : Trimmed 0 bytes on /data in 0ms
06-22 03:41:31.080   507  4074 D vold    : Starting trim of /mnt/vendor/persist
06-22 03:41:31.081   507  4074 W vold    : Failed to open /mnt/vendor/persist: Permission denied
06-22 03:41:31.082   507  4074 I vold    : [libfs_mgr]dt_fstab: Skip disabled entry for partition vendor
06-22 03:41:21.055   507   507 I chatty  : uid=0(root) Binder:507_2 identical 1 line
06-22 03:41:31.075   507   507 I auditd  : type=1400 audit(0.0:26): avc: denied { read } for comm="Binder:507_2" name="/" dev="mmcblk0p37" ino=2 scontext=u:r:vold:s0 tcontext=u:object_r:mnt_vendor_file:s0 tclass=dir permissive=0
06-22 03:41:31.082  1298  1359 I am_pss  : [2788,10057,com.android.providers.calendar,7677952,4640768,0,97710080,0,20,6]
06-22 03:41:31.082   507  4074 D vold    : idle maintenance completed
06-22 03:41:31.091  1298  1359 I am_pss  : [1507,1002,com.android.bluetooth,23906304,18874368,0,127856640,0,0,8]
06-22 03:41:31.099  1298  1359 I am_pss  : [2306,1000,com.qualcomm.qti.services.secureui:sui_service,6610944,3690496,0,99004416,0,0,7]
06-22 03:41:31.107  1298  1359 I am_pss  : [2280,1000,com.callback.emvcl,5885952,3276800,0,95793152,0,0,6]
06-22 03:41:31.115  1298  1359 I am_pss  : [2245,1000,com.callback.sdpl,5809152,3215360,0,95358976,0,0,6]
06-22 03:41:31.123  1298  1359 I am_pss  : [2220,1000,com.qualcomm.qti.workloadclassifier,8298496,5505024,0,99917824,0,0,6]
06-22 03:41:31.130  1298  1359 I am_pss  : [2196,1068,com.android.se,5686272,3330048,0,88047616,0,0,6]
06-22 03:41:31.138  1298  1359 I am_pss  : [2169,1000,com.callback.kms,5776384,3182592,0,95477760,0,0,7]
06-22 03:41:31.146  1298  1359 I am_pss  : [2142,1000,com.callback.emv,5925888,3313664,0,95879168,0,0,7]
06-22 03:41:31.154  1298  1359 I am_pss  : [1726,1001,com.android.phone,18812928,14376960,0,113885184,0,0,7]
06-22 03:41:31.162  1298  1359 I am_pss  : [1680,1000,com.elo.EloCoreApp,6175744,3387392,0,97828864,0,0,6]
06-22 03:41:31.170  1298  1359 I am_pss  : [1669,1001,.qtidataservices,8138752,5189632,0,101670912,0,0,7]
06-22 03:41:31.178  1298  1359 I am_pss  : [1607,1001,.dataservices,7843840,4857856,0,100532224,0,0,6]
06-22 03:41:31.192  1298  1359 I am_pss  : [1531,10104,com.android.systemui,126531584,115179520,0,274706432,0,0,11]
06-22 03:41:31.211  1298  1359 I am_pss  : [1298,1000,system,136531968,114032640,0,300994560,0,0,17]
06-22 03:41:31.212  1298  1359 I MountServiceIdler: Got mount service completion callback
06-22 03:41:41.225   507   507 I auditd  : type=1400 audit(0.0:27): avc: denied { read } for comm="Binder:507_2" name="/" dev="mmcblk0p37" ino=2 scontext=u:r:vold:s0 tcontext=u:object_r:mnt_vendor_file:s0 tclass=dir permissive=0
06-22 03:41:41.228  1298  1298 I ActivityManager: Idle maintenance over +10s151ms low RAM for 0
06-22 03:41:41.229   507  4075 D vold    : idle maintenance started
06-22 03:41:41.230   507  4075 I vold    : [libfs_mgr]dt_fstab: Skip disabled entry for partition vendor
06-22 03:41:41.231   507  4075 I vold    : [libfs_mgr]dt_fstab: Skip disabled entry for partition vendor
06-22 03:41:41.231   507  4075 D vold    : Starting trim of /metadata
06-22 03:41:41.231   507  4075 I vold    : Trimmed 0 bytes on /metadata in 0ms
06-22 03:41:41.232   507  4075 D vold    : Starting trim of /data
06-22 03:41:41.232   507  4075 I vold    : Trimmed 0 bytes on /data in 0ms
06-22 03:41:41.232   507  4075 D vold    : Starting trim of /mnt/vendor/persist
06-22 03:41:41.232   507  4075 W vold    : Failed to open /mnt/vendor/persist: Permission denied
06-22 03:41:41.233   507  4075 I vold    : [libfs_mgr]dt_fstab: Skip disabled entry for partition vendor
06-22 03:41:41.233   507  4075 D vold    : idle maintenance completed
06-22 03:41:41.234  1298  1359 I MountServiceIdler: Got mount service completion callback
06-22 03:41:51.246  1298  1298 I ActivityManager: Idle maintenance over +10s18ms low RAM for 0
06-22 03:41:51.247   507  4076 D vold    : idle maintenance started
06-22 03:41:51.248   507  4076 I vold    : [libfs_mgr]dt_fstab: Skip disabled entry for partition vendor
06-22 03:41:51.248   507  4076 I vold    : [libfs_mgr]dt_fstab: Skip disabled entry for partition vendor
06-22 03:41:51.249   507  4076 D vold    : Starting trim of /metadata
06-22 03:41:51.249   507  4076 I vold    : Trimmed 0 bytes on /metadata in 0ms
06-22 03:41:51.249   507  4076 D vold    : Starting trim of /data
06-22 03:41:51.249   507  4076 I vold    : Trimmed 0 bytes on /data in 0ms
06-22 03:41:51.249   507  4076 D vold    : Starting trim of /mnt/vendor/persist
06-22 03:41:51.250   507  4076 W vold    : Failed to open /mnt/vendor/persist: Permission denied
06-22 03:41:51.251   507  4076 I vold    : [libfs_mgr]dt_fstab: Skip disabled entry for partition vendor
06-22 03:41:51.251   507  4076 D vold    : idle maintenance completed
06-22 03:41:51.251  1298  1359 I MountServiceIdler: Got mount service completion callback
06-22 03:42:01.268  1298  1298 I ActivityManager: Idle maintenance over +10s22ms low RAM for 0
06-22 03:42:01.269   507  4077 D vold    : idle maintenance started
06-22 03:42:01.270   507  4077 I vold    : [libfs_mgr]dt_fstab: Skip disabled entry for partition vendor
06-22 03:42:01.271   507  4077 I vold    : [libfs_mgr]dt_fstab: Skip disabled entry for partition vendor
06-22 03:42:01.271   507  4077 D vold    : Starting trim of /metadata
06-22 03:42:01.271   507  4077 I vold    : Trimmed 0 bytes on /metadata in 0ms
06-22 03:42:01.271   507  4077 D vold    : Starting trim of /data
06-22 03:42:01.271   507  4077 I vold    : Trimmed 0 bytes on /data in 0ms
06-22 03:42:01.271   507  4077 D vold    : Starting trim of /mnt/vendor/persist
06-22 03:42:01.271   507  4077 W vold    : Failed to open /mnt/vendor/persist: Permission denied
06-22 03:42:01.273   507  4077 I vold    : [libfs_mgr]dt_fstab: Skip disabled entry for partition vendor
06-22 03:42:01.273   507  4077 D vold    : idle maintenance completed
06-22 03:42:01.273  1298  1359 I MountServiceIdler: Got mount service completion callback
06-22 03:42:11.288  1298  1298 I ActivityManager: Idle maintenance over +10s20ms low RAM for 0
06-22 03:42:11.290   507  4078 D vold    : idle maintenance started
06-22 03:42:11.291   507  4078 I vold    : [libfs_mgr]dt_fstab: Skip disabled entry for partition vendor
06-22 03:42:11.292   507  4078 I vold    : [libfs_mgr]dt_fstab: Skip disabled entry for partition vendor
06-22 03:42:11.292   507  4078 D vold    : Starting trim of /metadata
06-22 03:42:11.292   507  4078 I vold    : Trimmed 0 bytes on /metadata in 0ms
06-22 03:42:11.292   507  4078 D vold    : Starting trim of /data
06-22 03:42:11.292   507  4078 I vold    : Trimmed 0 bytes on /data in 0ms
06-22 03:42:11.292   507  4078 D vold    : Starting trim of /mnt/vendor/persist
06-22 03:42:11.292   507  4078 W vold    : Failed to open /mnt/vendor/persist: Permission denied
06-22 03:42:11.293   507  4078 I vold    : [libfs_mgr]dt_fstab: Skip disabled entry for partition vendor
06-22 03:42:11.294   507  4078 D vold    : idle maintenance completed
06-22 03:42:11.294  1298  1359 I MountServiceIdler: Got mount service completion callback
06-22 03:42:21.305  1298  1298 I ActivityManager: Idle maintenance over +10s17ms low RAM for 0
06-22 03:42:21.306   507  4079 D vold    : idle maintenance started
06-22 03:42:21.307   507  4079 I vold    : [libfs_mgr]dt_fstab: Skip disabled entry for partition vendor
06-22 03:42:21.307   507  4079 I vold    : [libfs_mgr]dt_fstab: Skip disabled entry for partition vendor
06-22 03:42:21.308   507  4079 D vold    : Starting trim of /metadata
06-22 03:42:21.308   507  4079 I vold    : Trimmed 0 bytes on /metadata in 0ms
06-22 03:42:21.308   507  4079 D vold    : Starting trim of /data
06-22 03:42:21.308   507  4079 I vold    : Trimmed 0 bytes on /data in 0ms
06-22 03:42:21.308   507  4079 D vold    : Starting trim of /mnt/vendor/persist
06-22 03:42:21.308   507  4079 W vold    : Failed to open /mnt/vendor/persist: Permission denied
06-22 03:42:21.309   507  4079 I vold    : [libfs_mgr]dt_fstab: Skip disabled entry for partition vendor
06-22 03:42:21.310   507  4079 D vold    : idle maintenance completed
06-22 03:42:21.311  1298  1359 I MountServiceIdler: Got mount service completion callback
06-22 03:42:31.326  1298  1298 I ActivityManager: Idle maintenance over +10s21ms low RAM for 0
06-22 03:42:31.327   507  4080 D vold    : idle maintenance started
06-22 03:42:31.328   507  4080 I vold    : [libfs_mgr]dt_fstab: Skip disabled entry for partition vendor
06-22 03:42:31.329   507  4080 I vold    : [libfs_mgr]dt_fstab: Skip disabled entry for partition vendor
06-22 03:42:31.329   507  4080 D vold    : Starting trim of /metadata
06-22 03:42:31.329   507  4080 I vold    : Trimmed 0 bytes on /metadata in 0ms
06-22 03:42:31.329   507  4080 D vold    : Starting trim of /data
06-22 03:42:31.330   507  4080 I vold    : Trimmed 0 bytes on /data in 0ms
06-22 03:42:31.330   507  4080 D vold    : Starting trim of /mnt/vendor/persist
06-22 03:42:31.330   507  4080 W vold    : Failed to open /mnt/vendor/persist: Permission denied
06-22 03:42:31.331   507  4080 I vold    : [libfs_mgr]dt_fstab: Skip disabled entry for partition vendor
06-22 03:42:31.332   507  4080 D vold    : idle maintenance completed
06-22 03:42:31.332  1298  1359 I MountServiceIdler: Got mount service completion callback
06-22 03:42:41.346  1298  1298 I ActivityManager: Idle maintenance over +10s20ms low RAM for 0
06-22 03:42:41.347   507  4081 D vold    : idle maintenance started
06-22 03:42:41.347   507  4081 I vold    : [libfs_mgr]dt_fstab: Skip disabled entry for partition vendor
06-22 03:42:41.348   507  4081 I vold    : [libfs_mgr]dt_fstab: Skip disabled entry for partition vendor
06-22 03:42:41.348   507  4081 D vold    : Starting trim of /metadata
06-22 03:42:41.349   507  4081 I vold    : Trimmed 0 bytes on /metadata in 0ms
06-22 03:42:41.349   507  4081 D vold    : Starting trim of /data
06-22 03:42:41.349   507  4081 I vold    : Trimmed 0 bytes on /data in 0ms
06-22 03:42:41.349   507  4081 D vold    : Starting trim of /mnt/vendor/persist
06-22 03:42:41.349   507  4081 W vold    : Failed to open /mnt/vendor/persist: Permission denied
06-22 03:42:41.350   507  4081 I vold    : [libfs_mgr]dt_fstab: Skip disabled entry for partition vendor
06-22 03:42:41.351   507  4081 D vold    : idle maintenance completed
06-22 03:42:41.351  1298  1359 I MountServiceIdler: Got mount service completion callback
06-22 03:42:51.366  1298  1298 I ActivityManager: Idle maintenance over +10s20ms low RAM for 0
06-22 03:42:51.367   507  4082 D vold    : idle maintenance started
06-22 03:42:51.368   507  4082 I vold    : [libfs_mgr]dt_fstab: Skip disabled entry for partition vendor
06-22 03:42:51.369   507  4082 I vold    : [libfs_mgr]dt_fstab: Skip disabled entry for partition vendor
06-22 03:42:51.369   507  4082 D vold    : Starting trim of /metadata
06-22 03:42:51.369   507  4082 I vold    : Trimmed 0 bytes on /metadata in 0ms
06-22 03:42:51.369   507  4082 D vold    : Starting trim of /data
06-22 03:42:51.370   507  4082 I vold    : Trimmed 0 bytes on /data in 0ms
06-22 03:42:51.370   507  4082 D vold    : Starting trim of /mnt/vendor/persist
06-22 03:42:51.370   507  4082 W vold    : Failed to open /mnt/vendor/persist: Permission denied
06-22 03:42:51.371   507  4082 I vold    : [libfs_mgr]dt_fstab: Skip disabled entry for partition vendor
06-22 03:42:51.372   507  4082 D vold    : idle maintenance completed
06-22 03:42:51.373  1298  1359 I MountServiceIdler: Got mount service completion callback
06-22 03:43:01.386  1298  1298 I ActivityManager: Idle maintenance over +10s20ms low RAM for 0
06-22 03:43:01.387   507  4083 D vold    : idle maintenance started
06-22 03:43:01.388   507  4083 I vold    : [libfs_mgr]dt_fstab: Skip disabled entry for partition vendor
06-22 03:43:01.388   507  4083 I vold    : [libfs_mgr]dt_fstab: Skip disabled entry for partition vendor
06-22 03:43:01.389   507  4083 D vold    : Starting trim of /metadata
06-22 03:43:01.389   507  4083 I vold    : Trimmed 0 bytes on /metadata in 0ms
06-22 03:43:01.389   507  4083 D vold    : Starting trim of /data
06-22 03:43:01.389   507  4083 I vold    : Trimmed 0 bytes on /data in 0ms
06-22 03:43:01.389   507  4083 D vold    : Starting trim of /mnt/vendor/persist
06-22 03:43:01.390   507  4083 W vold    : Failed to open /mnt/vendor/persist: Permission denied
06-22 03:43:01.391   507  4083 I vold    : [libfs_mgr]dt_fstab: Skip disabled entry for partition vendor
06-22 03:43:01.392   507  4083 D vold    : idle maintenance completed
06-22 03:43:01.393  1298  1359 I MountServiceIdler: Got mount service completion callback
06-22 03:43:11.412  1298  1298 I ActivityManager: Idle maintenance over +10s26ms low RAM for 0
06-22 03:43:11.413   507  4084 D vold    : idle maintenance started
06-22 03:43:11.414   507  4084 I vold    : [libfs_mgr]dt_fstab: Skip disabled entry for partition vendor
06-22 03:43:11.415   507  4084 I vold    : [libfs_mgr]dt_fstab: Skip disabled entry for partition vendor
06-22 03:43:11.415   507  4084 D vold    : Starting trim of /metadata
06-22 03:43:11.415   507  4084 I vold    : Trimmed 0 bytes on /metadata in 0ms
06-22 03:43:11.415   507  4084 D vold    : Starting trim of /data
06-22 03:43:11.415   507  4084 I vold    : Trimmed 0 bytes on /data in 0ms
06-22 03:43:11.415   507  4084 D vold    : Starting trim of /mnt/vendor/persist
06-22 03:43:11.416   507  4084 W vold    : Failed to open /mnt/vendor/persist: Permission denied
06-22 03:43:11.416   507  4084 I vold    : [libfs_mgr]dt_fstab: Skip disabled entry for partition vendor
06-22 03:43:11.417   507  4084 D vold    : idle maintenance completed
06-22 03:43:11.418  1298  1359 I MountServiceIdler: Got mount service completion callback
06-22 03:43:21.434  1298  1298 I ActivityManager: Idle maintenance over +10s22ms low RAM for 0
06-22 03:43:21.435   507  4085 D vold    : idle maintenance started
06-22 03:43:21.436   507  4085 I vold    : [libfs_mgr]dt_fstab: Skip disabled entry for partition vendor
06-22 03:43:21.437   507  4085 I vold    : [libfs_mgr]dt_fstab: Skip disabled entry for partition vendor
06-22 03:43:21.437   507  4085 D vold    : Starting trim of /metadata
06-22 03:43:21.437   507  4085 I vold    : Trimmed 0 bytes on /metadata in 0ms
06-22 03:43:21.437   507  4085 D vold    : Starting trim of /data
06-22 03:43:21.437   507  4085 I vold    : Trimmed 0 bytes on /data in 0ms
06-22 03:43:21.437   507  4085 D vold    : Starting trim of /mnt/vendor/persist
06-22 03:43:21.437   507  4085 W vold    : Failed to open /mnt/vendor/persist: Permission denied
06-22 03:43:21.438   507  4085 I vold    : [libfs_mgr]dt_fstab: Skip disabled entry for partition vendor
06-22 03:43:21.439   507  4085 D vold    : idle maintenance completed
06-22 03:43:21.439  1298  1359 I MountServiceIdler: Got mount service completion callback
06-22 03:43:31.456  1298  1298 I ActivityManager: Idle maintenance over +10s22ms low RAM for 0
06-22 03:43:31.457   507  4086 D vold    : idle maintenance started
06-22 03:43:31.458   507  4086 I vold    : [libfs_mgr]dt_fstab: Skip disabled entry for partition vendor
06-22 03:43:31.459   507  4086 I vold    : [libfs_mgr]dt_fstab: Skip disabled entry for partition vendor
06-22 03:43:31.459   507  4086 D vold    : Starting trim of /metadata
06-22 03:43:31.459   507  4086 I vold    : Trimmed 0 bytes on /metadata in 0ms
06-22 03:43:31.459   507  4086 D vold    : Starting trim of /data
06-22 03:43:31.459   507  4086 I vold    : Trimmed 0 bytes on /data in 0ms
06-22 03:43:31.459   507  4086 D vold    : Starting trim of /mnt/vendor/persist
06-22 03:43:31.460   507  4086 W vold    : Failed to open /mnt/vendor/persist: Permission denied
06-22 03:43:31.461   507  4086 I vold    : [libfs_mgr]dt_fstab: Skip disabled entry for partition vendor
06-22 03:43:31.462   507  4086 D vold    : idle maintenance completed
06-22 03:43:31.462  1298  1359 I MountServiceIdler: Got mount service completion callback
06-22 03:43:41.477  1298  1298 I ActivityManager: Idle maintenance over +10s21ms low RAM for 0
06-22 03:43:41.478   507  4087 D vold    : idle maintenance started
06-22 03:43:41.479   507  4087 I vold    : [libfs_mgr]dt_fstab: Skip disabled entry for partition vendor
06-22 03:43:41.480   507  4087 I vold    : [libfs_mgr]dt_fstab: Skip disabled entry for partition vendor
06-22 03:43:41.480   507  4087 D vold    : Starting trim of /metadata
06-22 03:43:41.480   507  4087 I vold    : Trimmed 0 bytes on /metadata in 0ms
06-22 03:43:41.480   507  4087 D vold    : Starting trim of /data
06-22 03:43:41.480   507  4087 I vold    : Trimmed 0 bytes on /data in 0ms
06-22 03:43:41.480   507  4087 D vold    : Starting trim of /mnt/vendor/persist
06-22 03:43:41.480   507  4087 W vold    : Failed to open /mnt/vendor/persist: Permission denied
06-22 03:43:41.482   507  4087 I vold    : [libfs_mgr]dt_fstab: Skip disabled entry for partition vendor
06-22 03:43:41.482   507  4087 D vold    : idle maintenance completed
06-22 03:43:41.482  1298  1359 I MountServiceIdler: Got mount service completion callback
06-22 03:43:51.495  1298  1298 I ActivityManager: Idle maintenance over +10s18ms low RAM for 0
06-22 03:43:51.496   507  4088 D vold    : idle maintenance started
06-22 03:43:51.497   507  4088 I vold    : [libfs_mgr]dt_fstab: Skip disabled entry for partition vendor
