06-22 05:07:58.772  4400  4422 I dvm_lock_sample: [com.android.documentsui,0,AsyncTask #1,68,ActivityThread.java,6601,android.content.IContentProvider android.app.ActivityThread.acquireProvider(android.content.Context, java.lang.String, int, boolean),BinderProxy.java,-2,boolean android.os.BinderProxy.transactNative(int, android.os.Parcel, android.os.Parcel, int),13]
06-22 05:07:58.797  4400  4400 I am_on_start_called: [0,com.android.documentsui.files.FilesActivity,handleStartActivity]
06-22 05:07:58.815  4400  4400 I am_on_resume_called: [0,com.android.documentsui.files.FilesActivity,RESUME_ACTIVITY]
06-22 05:07:58.821  1298  1551 E WindowManager: App trying to use insecure INPUT_FEATURE_NO_INPUT_CHANNEL flag. Ignoring
06-22 05:07:58.824  4400  4400 I am_on_top_resumed_gained_called: [0,com.android.documentsui.files.FilesActivity,topStateChangedWhenResumed]
06-22 05:07:58.960  1298  1359 I sysui_multi_action: [319,205,321,202,322,493,325,26863,757,761,758,7,759,1,806,com.android.documentsui,871,com.android.documentsui.files.FilesActivity,904,com.android.documentsui,905,0,945,62,1320,8,1321,5]
06-22 05:07:58.961  1298  1359 I am_activity_launch_time: [0,27184988,com.android.documentsui/.files.FilesActivity,493]
06-22 05:07:59.065  1298  1330 I am_destroy_activity: [0,27506738,9,com.android.documentsui/.LauncherActivity,finish-imm:activityIdleInternalLocked]
06-22 05:07:59.067  4400  4400 I am_on_destroy_called: [0,com.android.documentsui.LauncherActivity,performDestroy]
06-22 05:07:59.069  1298  1330 I wm_task_removed: [9,removeAppToken: last token]
06-22 05:07:59.069  1298  1330 I am_remove_task: [9,3]
06-22 05:07:59.070  1298  1330 I wm_task_removed: [9,removeTask]
06-22 05:07:59.072  1298  1330 I wm_stack_removed: 3
06-22 05:07:59.144  1298  1353 I am_stop_activity: [0,246740490,com.android.launcher3/.Launcher]
06-22 05:07:59.194  1830  1830 I am_on_stop_called: [0,com.android.launcher3.Launcher,STOP_ACTIVITY_ITEM]
06-22 05:07:59.278  1298  1495 D HDMI    : [S]:<Give Device Power Status> 40:8F
06-22 05:07:59.279  1298  1495 W HdmiCecController: Failed to send <Give Device Power Status> 40:8F with errorCode=3
06-22 05:08:00.319  1298  1330 E WindowManager: App trying to use insecure INPUT_FEATURE_NO_INPUT_CHANNEL flag. Ignoring
06-22 05:08:01.066  4400  4400 I menu_item_selected: [0,Show internal storage]
06-22 05:08:01.280  1298  1495 D HDMI    : [S]:<Give Device Power Status> 40:8F
06-22 05:08:01.281  1298  1495 W HdmiCecController: Failed to send <Give Device Power Status> 40:8F with errorCode=3
06-22 05:08:02.597  1298  2131 E TaskPersister: File error accessing recents directory (directory doesn't exist?).
06-22 05:08:03.281  1298  1495 D HDMI    : [S]:<Give Device Power Status> 40:8F
06-22 05:08:03.283  1298  1495 W HdmiCecController: Failed to send <Give Device Power Status> 40:8F with errorCode=3
06-22 05:08:03.743  1298  1352 I DropBoxManagerService: add tag=system_app_strictmode isTagEnabled=true flags=0x2
06-22 05:08:03.752  1298  1352 I chatty  : uid=1000(system) android.io identical 2 lines
06-22 05:08:03.757  1298  1352 I DropBoxManagerService: add tag=system_app_strictmode isTagEnabled=true flags=0x2
06-22 05:08:04.127  1298  1359 I sysui_multi_action: [757,1717,758,1,759,0]
06-22 05:08:04.128  1298  1359 I sysui_multi_action: [757,1717,758,2,759,0]
06-22 05:08:04.128  1298  1359 I sysui_multi_action: [757,1717,758,3,759,0]
06-22 05:08:05.740  1298  1359 I am_pss  : [4230,10067,com.android.music,15237120,9068544,0,134623232,0,17,12]
06-22 05:08:07.375  1298  1647 E WindowManager: App trying to use insecure INPUT_FEATURE_NO_INPUT_CHANNEL flag. Ignoring
06-22 05:08:08.315  1298  1330 I ActivityTaskManager: START u0 {dat=content://com.android.externalstorage.documents/document/primary:nchsoftware/wavepad/Untitled_1.wav cmp=com.android.documentsui/.inspector.InspectorActivity (has extras)} from uid 10045
06-22 05:08:08.317  1298  1330 I am_create_activity: [0,91318545,10,com.android.documentsui/.inspector.InspectorActivity,NULL,NULL,content://com.android.externalstorage.documents/document/primary:nchsoftware/wavepad/Untitled_1.wav,0]
06-22 05:08:08.321  1298  1330 I am_pause_activity: [0,27184988,com.android.documentsui/.files.FilesActivity,userLeaving=true]
06-22 05:08:08.350  4400  4400 I am_on_top_resumed_lost_called: [0,com.android.documentsui.files.FilesActivity,topStateChangedWhenResumed]
06-22 05:08:08.351  4400  4400 I am_on_paused_called: [0,com.android.documentsui.files.FilesActivity,performPause]
06-22 05:08:08.352  1298  1551 I ActivityTaskManager: The Process com.android.documentsui Already Exists in BG. So sending its PID: 4400
06-22 05:08:08.354  1298  1551 I am_add_to_stopping: [0,27184988,com.android.documentsui/.files.FilesActivity,makeInvisible]
06-22 05:08:08.354  1298  1551 D WindowManager: req=-1
06-22 05:08:08.355  1298  1551 I am_restart_activity: [0,91318545,10,com.android.documentsui/.inspector.InspectorActivity]
06-22 05:08:08.355  1298  1551 I am_set_resumed_activity: [0,com.android.documentsui/.inspector.InspectorActivity,minimalResumeActivityLocked]
06-22 05:08:08.361  1298  1353 I sysui_multi_action: [757,803,799,window_time_0,802,9]
06-22 05:08:08.385  4400  4400 D TextClassifierService: No configured system TextClassifierService
06-22 05:08:08.387  4400  4400 I chatty  : uid=10045(com.android.documentsui) identical 1 line
06-22 05:08:08.395  4400  4400 D TextClassifierService: No configured system TextClassifierService
06-22 05:08:08.397  4400  4400 I am_on_create_called: [0,com.android.documentsui.inspector.InspectorActivity,performCreate]
06-22 05:08:08.399  4400  4400 I am_on_start_called: [0,com.android.documentsui.inspector.InspectorActivity,handleStartActivity]
06-22 05:08:08.400  4400  4400 I am_on_resume_called: [0,com.android.documentsui.inspector.InspectorActivity,RESUME_ACTIVITY]
06-22 05:08:08.404  1298  1551 E WindowManager: App trying to use insecure INPUT_FEATURE_NO_INPUT_CHANNEL flag. Ignoring
06-22 05:08:08.406  4400  4400 I am_on_top_resumed_gained_called: [0,com.android.documentsui.inspector.InspectorActivity,topStateChangedWhenResumed]
06-22 05:08:08.447  1298  1359 I sysui_multi_action: [319,131,322,130,325,26872,757,761,758,8,759,2,806,com.android.documentsui,871,com.android.documentsui.inspector.InspectorActivity,904,com.android.documentsui,905,0,1320,8,1321,5]
06-22 05:08:08.449  1298  1359 I am_activity_launch_time: [0,91318545,com.android.documentsui/.inspector.InspectorActivity,130]
06-22 05:08:08.840  1298  1353 I am_stop_activity: [0,27184988,com.android.documentsui/.files.FilesActivity]
06-22 05:08:08.851  4400  4400 I am_on_stop_called: [0,com.android.documentsui.files.FilesActivity,STOP_ACTIVITY_ITEM]
06-22 05:08:08.853  1298  1359 I am_pss  : [4400,10045,com.android.documentsui,99306496,90030080,0,234823680,0,2,10]
06-22 05:08:11.907  1298  2131 E TaskPersister: File error accessing recents directory (directory doesn't exist?).
06-22 05:08:17.562  1531  1531 I sysui_multi_action: [757,931,758,4,759,4,932,0,933,0]
06-22 05:08:17.564  1298  1330 D ELOPeripheralService: mCatchAllEvents: false
06-22 05:08:17.565  1298  1330 I sysui_multi_action: [757,803,799,key_back_down,802,1]
06-22 05:08:17.660  1531  1531 I sysui_multi_action: [757,931,758,4,759,4,932,0,933,1]
06-22 05:08:17.661  1298  1330 D ELOPeripheralService: mCatchAllEvents: false
06-22 05:08:17.662  1298  1330 I sysui_multi_action: [757,803,799,key_back_up,802,1]
06-22 05:08:17.662  1298  1351 D AutofillManagerService: onBackKeyPressed()
06-22 05:08:17.662  1298  1351 D AutofillManagerServiceImpl: Reset component for user 0:
06-22 05:08:17.662  1298  1351 D AutofillUI: destroySaveUiUiThread(): already destroyed
06-22 05:08:17.665  1298  1551 I am_finish_activity: [0,91318545,10,com.android.documentsui/.inspector.InspectorActivity,app-request]
06-22 05:08:17.677  1298  1551 I am_pause_activity: [0,91318545,com.android.documentsui/.inspector.InspectorActivity,userLeaving=false]
06-22 05:08:17.681  4400  4400 I am_on_top_resumed_lost_called: [0,com.android.documentsui.inspector.InspectorActivity,topStateChangedWhenResumed]
06-22 05:08:17.683  4400  4400 I am_on_paused_called: [0,com.android.documentsui.inspector.InspectorActivity,performPause]
06-22 05:08:17.684  1298  1330 I am_add_to_stopping: [0,91318545,com.android.documentsui/.inspector.InspectorActivity,finishCurrentActivityLocked]
06-22 05:08:17.688  1298  1330 I am_set_resumed_activity: [0,com.android.documentsui/.files.FilesActivity,resumeTopActivityInnerLocked]
06-22 05:08:17.688  1298  1330 D WindowManager: req=-1
06-22 05:08:17.689  1298  1330 I am_resume_activity: [0,27184988,10,com.android.documentsui/.files.FilesActivity]
06-22 05:08:17.696  1298  1353 I sysui_multi_action: [757,803,799,window_time_0,802,10]
06-22 05:08:17.699  4400  4400 I am_on_restart_called: [0,com.android.documentsui.files.FilesActivity,performRestartActivity]
06-22 05:08:17.711  4400  4400 I am_on_start_called: [0,com.android.documentsui.files.FilesActivity,handleStartActivity]
06-22 05:08:17.717  4400  4400 I am_on_resume_called: [0,com.android.documentsui.files.FilesActivity,RESUME_ACTIVITY]
06-22 05:08:17.719  1298  1359 I am_pss  : [1830,10098,com.android.launcher3,37269504,27889664,0,172490752,0,6,9]
06-22 05:08:17.719  4400  4400 I am_on_top_resumed_gained_called: [0,com.android.documentsui.files.FilesActivity,topWhenResuming]
06-22 05:08:17.733  1298  1359 I am_pss  : [4277,10115,com.nchsoftware.pocketwavepad_free,85941248,77361152,0,219209728,0,16,10]
06-22 05:08:17.740  1298  1359 I am_pss  : [4327,99000,com.android.webview:sandboxed_process0:org.chromium.content.app.SandboxedProcessService0,10924032,2318336,0,83140608,0,16,5]
06-22 05:08:17.748  1298  1359 I am_pss  : [4314,10109,com.android.webview:webview_service,11725824,2990080,0,85901312,0,20,6]
06-22 05:08:18.213  1298  1353 I am_destroy_activity: [0,91318545,10,com.android.documentsui/.inspector.InspectorActivity,finish-imm:activityIdleInternalLocked]
06-22 05:08:18.241  4400  4400 I am_on_stop_called: [0,com.android.documentsui.inspector.InspectorActivity,LIFECYCLER_STOP_ACTIVITY]
06-22 05:08:18.242  4400  4400 I am_on_destroy_called: [0,com.android.documentsui.inspector.InspectorActivity,performDestroy]
06-22 05:08:19.262  1298  1359 I am_pss  : [4400,10045,com.android.documentsui,79846400,70488064,0,215691264,0,2,12]
06-22 05:08:20.836  1298  1359 I sysui_multi_action: [757,1717,758,1,759,0]
06-22 05:08:20.837  1298  1359 I sysui_multi_action: [757,1717,758,2,759,0]
06-22 05:08:20.837  1298  1359 I sysui_multi_action: [757,1717,758,3,759,0]
06-22 05:08:21.295  1298  2131 E TaskPersister: File error accessing recents directory (directory doesn't exist?).
06-22 05:08:43.761  1298  1360 I am_uid_idle: 10067
06-22 05:08:43.762  1298  1360 I am_uid_idle: 10053
06-22 05:08:50.069  1298  1360 I am_uid_idle: 10109
06-22 05:08:56.330  1298  1360 I am_uid_idle: 99000
06-22 05:08:56.330  1298  1360 I am_uid_idle: 10115
06-22 05:08:59.844  1298  1360 I am_uid_idle: 10042
06-22 05:09:06.125  1298  1647 I ActivityTaskManager: START u0 {act=android.intent.action.VIEW dat=content://com.android.externalstorage.documents/document/primary:nchsoftware/wavepad/Untitled_1.wav typ=audio/x-wav flg=0x3 cmp=com.android.music/.AudioPreview} from uid 10045
06-22 05:09:06.135  1298  1647 I wm_stack_created: 5
06-22 05:09:06.137  1298  1647 I wm_task_created: [11,5]
06-22 05:09:06.138  1298  1647 I wm_task_moved: [11,0,2147483647]
06-22 05:09:06.138  1298  1647 I am_focused_stack: [0,0,5,4,reuseOrNewTask]
06-22 05:09:06.139  1298  1647 I am_create_task: [0,11]
06-22 05:09:06.139  1298  1647 I am_create_activity: [0,63958900,11,com.android.music/.AudioPreview,android.intent.action.VIEW,audio/x-wav,content://com.android.externalstorage.documents/document/primary:nchsoftware/wavepad/Untitled_1.wav,276824067]
06-22 05:09:06.140  1298  1647 I wm_task_moved: [11,0,2147483647]
06-22 05:09:06.141  1298  1647 I am_pause_activity: [0,27184988,com.android.documentsui/.files.FilesActivity,userLeaving=true]
06-22 05:09:06.144  1298  1354 I dvm_lock_sample: [system_server,1,android.anim,7,InputMonitor.java,117,void com.android.server.wm.InputMonitor$1.run(),ActivityStarter.java,1238,int com.android.server.wm.ActivityStarter.startActivityMayWait(android.app.IApplicationThread, int, java.lang.String, int, int, android.content.Intent, java.lang.String, android.service.voice.IVoiceInteractionSession, com.android.internal.app.IVoiceInteractor, android.os.IBinder, java.lang.String, int, int, android.app.ProfilerInfo, android.app.WaitResult, android.content.res.Configuration, com.android.server.wm.SafeActivityOptions, boolean, int, com.android.server.wm.TaskRecord, java.lang.String, boolean, com.android.server.am.PendingIntentRecord, boolean),1]
06-22 05:09:06.144  4400  4400 I am_on_top_resumed_lost_called: [0,com.android.documentsui.files.FilesActivity,topStateChangedWhenResumed]
06-22 05:09:06.145  4400  4400 I am_on_paused_called: [0,com.android.documentsui.files.FilesActivity,performPause]
06-22 05:09:06.146  1298  1647 I ActivityTaskManager: The Process com.android.music Already Exists in BG. So sending its PID: 4230
06-22 05:09:06.146  1298  1647 D WindowManager: req=-1
06-22 05:09:06.147  1298  1647 I am_restart_activity: [0,63958900,11,com.android.music/.AudioPreview]
06-22 05:09:06.148  1298  1647 I am_set_resumed_activity: [0,com.android.music/.AudioPreview,minimalResumeActivityLocked]
06-22 05:09:06.151  1298  1353 I ActivityManager: Killing 2743:com.android.packageinstaller/u0a44 (adj 985): empty for 26910s
06-22 05:09:06.151  1298  1353 I am_kill : [0,2743,com.android.packageinstaller,985,empty for 26910s]
06-22 05:09:06.152  1298  1353 I ActivityManager: Killing 2719:com.android.onetimeinitializer/u0a100 (adj 995): empty for 26910s
06-22 05:09:06.153  1298  1353 I am_kill : [0,2719,com.android.onetimeinitializer,995,empty for 26910s]
06-22 05:09:06.154  1298  1353 I am_uid_active: 10067
06-22 05:09:06.155  1298  1353 I sysui_multi_action: [757,803,799,window_time_0,802,48]
06-22 05:09:06.166  1298  1359 I am_pss  : [4277,10115,com.nchsoftware.pocketwavepad_free,86139904,77537280,0,219430912,0,16,8]
06-22 05:09:06.173  1298  1359 I am_pss  : [4327,99000,com.android.webview:sandboxed_process0:org.chromium.content.app.SandboxedProcessService0,10939392,2318336,0,83140608,0,16,5]
06-22 05:09:06.178  4230  4230 I am_on_create_called: [0,com.android.music.AudioPreview,performCreate]
06-22 05:09:06.179  1298  1647 I am_proc_died: [0,2743,com.android.packageinstaller,985,20]
06-22 05:09:06.180  1298  1647 I am_uid_stopped: 10044
06-22 05:09:06.181  1298  1359 I am_pss  : [4314,10109,com.android.webview:webview_service,11740160,2977792,0,85889024,0,20,5]
06-22 05:09:06.182  4230  4230 I am_on_start_called: [0,com.android.music.AudioPreview,handleStartActivity]
06-22 05:09:06.182  4230  4230 I am_on_resume_called: [0,com.android.music.AudioPreview,RESUME_ACTIVITY]
06-22 05:09:06.184  1298  1330 E WindowManager: App trying to use insecure INPUT_FEATURE_NO_INPUT_CHANNEL flag. Ignoring
06-22 05:09:06.185  4230  4230 I am_on_top_resumed_gained_called: [0,com.android.music.AudioPreview,topStateChangedWhenResumed]
06-22 05:09:06.189  1298  1330 I am_proc_died: [0,2719,com.android.onetimeinitializer,995,20]
06-22 05:09:06.189  1298  1330 I am_uid_stopped: 10100
06-22 05:09:06.244  1298  1359 I sysui_multi_action: [319,118,322,117,325,26930,757,761,758,8,759,2,806,com.android.music,871,com.android.music.AudioPreview,904,com.android.documentsui,905,0,1320,8,1321,5]
06-22 05:09:06.245  1298  1359 I am_activity_launch_time: [0,63958900,com.android.music/.AudioPreview,117]
06-22 05:09:08.350  1298  1647 I am_finish_activity: [0,63958900,11,com.android.music/.AudioPreview,app-request]
06-22 05:09:08.350  1298  1647 I am_focused_stack: [0,0,4,5,finishActivity adjustFocus adjustFocusToNextFocusableStack]
06-22 05:09:08.352  1298  1647 I am_set_resumed_activity: [0,com.android.documentsui/.files.FilesActivity,finishActivity]
06-22 05:09:08.364  1298  1647 I am_pause_activity: [0,63958900,com.android.music/.AudioPreview,userLeaving=false]
06-22 05:09:08.368  4230  4230 I am_on_top_resumed_lost_called: [0,com.android.music.AudioPreview,topStateChangedWhenResumed]
06-22 05:09:08.369  4230  4230 I am_on_paused_called: [0,com.android.music.AudioPreview,performPause]
06-22 05:09:08.370  1298  1330 I am_destroy_activity: [0,63958900,11,com.android.music/.AudioPreview,finish-imm:completePausedLocked]
06-22 05:09:08.371  1298  1330 D WindowManager: req=-1
06-22 05:09:08.374  1298  1330 I am_set_resumed_activity: [0,com.android.documentsui/.files.FilesActivity,resumeTopActivityInnerLocked]
06-22 05:09:08.375  1298  1330 D WindowManager: req=-1
06-22 05:09:08.375  1298  1330 I am_resume_activity: [0,27184988,10,com.android.documentsui/.files.FilesActivity]
06-22 05:09:08.393  1298  1647 I dvm_lock_sample: [system_server,1,Binder:1298_6,20,WindowManagerService.java,7537,int com.android.server.wm.WindowManagerService$LocalService.getDisplayIdForWindow(android.os.IBinder),ActivityTaskManagerService.java,1711,void com.android.server.wm.ActivityTaskManagerService.activityPaused(android.os.IBinder),4]
06-22 05:09:08.404  4230  4230 I am_on_stop_called: [0,com.android.music.AudioPreview,LIFECYCLER_STOP_ACTIVITY]
06-22 05:09:08.406  4400  4400 I am_on_resume_called: [0,com.android.documentsui.files.FilesActivity,RESUME_ACTIVITY]
06-22 05:09:08.406  1298  1353 I sysui_multi_action: [757,803,799,window_time_0,802,3]
06-22 05:09:08.408  4400  4400 I am_on_top_resumed_gained_called: [0,com.android.documentsui.files.FilesActivity,topWhenResuming]
06-22 05:09:08.432  4230  4230 I am_on_destroy_called: [0,com.android.music.AudioPreview,performDestroy]
06-22 05:09:08.441  1298  1550 I am_remove_task: [11,5]
06-22 05:09:08.651  1298  1354 I wm_task_removed: [11,removeTask]
06-22 05:09:08.653  1298  1354 I wm_task_removed: [11,removeAppToken: last token]
06-22 05:09:08.653  1298  1354 I wm_stack_removed: 5
06-22 05:09:08.741  1531  1531 I sysui_multi_action: [757,931,758,4,759,4,932,0,933,0]
06-22 05:09:08.743  1298  1550 D ELOPeripheralService: mCatchAllEvents: false
06-22 05:09:08.743  1298  1550 I sysui_multi_action: [757,803,799,key_back_down,802,1]
06-22 05:09:08.795  1298  1352 I DropBoxManagerService: add tag=system_app_strictmode isTagEnabled=true flags=0x2
06-22 05:09:08.807  1298  1352 I chatty  : uid=1000(system) android.io identical 2 lines
06-22 05:09:08.811  1298  1352 I DropBoxManagerService: add tag=system_app_strictmode isTagEnabled=true flags=0x2
06-22 05:09:08.849  1531  1531 I sysui_multi_action: [757,931,758,4,759,4,932,0,933,1]
06-22 05:09:08.850  1298  1551 D ELOPeripheralService: mCatchAllEvents: false
06-22 05:09:08.850  1298  1551 I sysui_multi_action: [757,803,799,key_back_up,802,1]
06-22 05:09:08.851  1298  1351 D AutofillManagerService: onBackKeyPressed()
06-22 05:09:09.941  1298  1350 D AutofillManagerService: Close system dialogs
06-22 05:09:09.949  1298  1551 I ActivityTaskManager: START u0 {act=android.intent.action.MAIN cat=[android.intent.category.HOME] flg=0x10000000 pkg=com.android.launcher3 cmp=com.android.launcher3/.Launcher (has extras)} from uid 10098
06-22 05:09:09.951  1298  1551 I am_new_intent: [0,246740490,6,com.android.launcher3/.Launcher,android.intent.action.MAIN,NULL,NULL,268435712]
06-22 05:09:09.951  1298  1551 I wm_task_moved: [6,0,2147483647]
06-22 05:09:09.952  1298  1551 I am_focused_stack: [0,0,0,4,bringingFoundTaskToFront]
06-22 05:09:09.952  1298  1551 I wm_task_moved: [6,0,2147483647]
06-22 05:09:09.953  4400  4400 I am_on_top_resumed_lost_called: [0,com.android.documentsui.files.FilesActivity,topStateChangedWhenResumed]
06-22 05:09:09.953  1298  1551 I am_set_resumed_activity: [0,com.android.launcher3/.Launcher,bringingFoundTaskToFront]
06-22 05:09:09.954  1298  1551 I am_pause_activity: [0,27184988,com.android.documentsui/.files.FilesActivity,userLeaving=true]
06-22 05:09:09.956  1298  1551 I am_set_resumed_activity: [0,com.android.launcher3/.Launcher,resumeTopActivityInnerLocked]
06-22 05:09:09.956  1298  1551 I am_add_to_stopping: [0,27184988,com.android.documentsui/.files.FilesActivity,makeInvisible]
06-22 05:09:09.957  1298  1551 D WindowManager: req=-1
06-22 05:09:09.957  1298  1551 I am_resume_activity: [0,246740490,6,com.android.launcher3/.Launcher]
06-22 05:09:09.958  1298  1551 I am_task_to_front: [0,6]
06-22 05:09:09.963  4400  4400 I am_on_paused_called: [0,com.android.documentsui.files.FilesActivity,performPause]
06-22 05:09:09.974  1298  1353 I sysui_multi_action: [757,803,799,window_time_0,802,1]
06-22 05:09:09.979  1830  1830 I am_on_restart_called: [0,com.android.launcher3.Launcher,performRestartActivity]
06-22 05:09:09.980  1830  1830 I am_on_start_called: [0,com.android.launcher3.Launcher,handleStartActivity]
06-22 05:09:09.981  1830  1830 I am_on_resume_called: [0,com.android.launcher3.Launcher,RESUME_ACTIVITY]
06-22 05:09:09.982  1830  1830 I am_on_top_resumed_gained_called: [0,com.android.launcher3.Launcher,topStateChangedWhenResumed]
06-22 05:09:10.028  1298  1359 I sysui_multi_action: [319,72,322,63,325,26934,757,761,758,9,759,2,806,com.android.launcher3,871,com.android.launcher3.Launcher,905,0,1320,8,1321,5]
06-22 05:09:10.068  1298  1352 I DropBoxManagerService: add tag=system_app_strictmode isTagEnabled=true flags=0x2
06-22 05:09:10.079  1298  1352 I DropBoxManagerService: add tag=system_app_strictmode isTagEnabled=true flags=0x2
06-22 05:09:10.309  1298  1353 I am_stop_activity: [0,27184988,com.android.documentsui/.files.FilesActivity]
06-22 05:09:10.326  4400  4400 I am_on_stop_called: [0,com.android.documentsui.files.FilesActivity,STOP_ACTIVITY_ITEM]
06-22 05:09:11.485  1298  1359 I sysui_multi_action: [757,1717,758,1,759,0]
06-22 05:09:11.486  1298  1359 I sysui_multi_action: [757,1717,758,2,759,0]
06-22 05:09:11.486  1298  1359 I sysui_multi_action: [757,1717,758,3,759,0]
06-22 05:09:11.979  1298  2131 E TaskPersister: File error accessing recents directory (directory doesn't exist?).
06-22 05:10:07.193  1298  1360 I am_uid_idle: 10059
06-22 05:10:08.404  1298  1360 I am_uid_idle: 10067
06-22 05:10:10.312  1298  1360 I am_uid_idle: 10045
06-22 05:10:15.437  1298  1364 E KernelCpuSpeedReader: Failed to read cpu-freq: /sys/devices/system/cpu/cpu4/cpufreq/stats/time_in_state: open failed: ENOENT (No such file or directory)
06-22 05:10:15.437  1298  1364 E KernelCpuSpeedReader: Failed to read cpu-freq: /sys/devices/system/cpu/cpu0/cpufreq/stats/time_in_state: open failed: ENOENT (No such file or directory)
06-22 05:10:15.440  1298  1364 W BatteryExternalStatsWorker: modem info is invalid: ModemActivityInfo{ mTimestamp=0 mSleepTimeMs=0 mIdleTimeMs=0 mTxTimeMs[]=[0, 0, 0, 0, 0] mRxTimeMs=0 mEnergyUsed=0}
06-22 05:10:15.489  1298  1359 I commit_sys_config_file: [batterystats,45]
06-22 05:10:15.500  1298  1359 I commit_sys_config_file: [batterystats,11]
06-22 05:10:30.883  1298  1468 I netstats_mobile_sample: [0,0,0,0,0,0,0,0,0,0,0,0,1624353030882]
06-22 05:10:30.883  1298  1468 I netstats_wifi_sample: [0,0,0,0,0,0,0,0,0,0,0,0,1624353030882]
06-22 05:10:30.898  1298  1359 I am_pss  : [4400,10045,com.android.documentsui,46315520,36900864,0,182132736,0,16,8]
06-22 05:10:30.904  1298  1359 I am_pss  : [4458,10042,com.android.mtp,6064128,3588096,0,93528064,0,20,5]
06-22 05:27:41.168  1298  1359 I UsageStatsService: User[0] Flushing usage stats to disk
06-22 05:37:41.131  1298  1554 I commit_sys_config_file: [appops,46]
06-22 05:40:15.431  1298  1364 E KernelCpuSpeedReader: Failed to read cpu-freq: /sys/devices/system/cpu/cpu4/cpufreq/stats/time_in_state: open failed: ENOENT (No such file or directory)
06-22 05:40:15.431  1298  1364 E KernelCpuSpeedReader: Failed to read cpu-freq: /sys/devices/system/cpu/cpu0/cpufreq/stats/time_in_state: open failed: ENOENT (No such file or directory)
06-22 05:40:15.434  1298  1364 W BatteryExternalStatsWorker: modem info is invalid: ModemActivityInfo{ mTimestamp=0 mSleepTimeMs=0 mIdleTimeMs=0 mTxTimeMs[]=[0, 0, 0, 0, 0] mRxTimeMs=0 mEnergyUsed=0}
06-22 05:40:15.483  1298  1359 I commit_sys_config_file: [batterystats,45]
06-22 05:40:15.493  1298  1359 I commit_sys_config_file: [batterystats,10]
06-22 05:40:30.882  1298  1468 I netstats_mobile_sample: [0,0,0,0,0,0,0,0,0,0,0,0,1624354830882]
06-22 05:40:30.882  1298  1468 I netstats_wifi_sample: [0,0,0,0,0,0,0,0,0,0,0,0,1624354830882]
06-22 05:40:30.895  1298  1359 I am_pss  : [1830,10098,com.android.launcher3,74028032,64497664,0,209782784,0,2,8]
06-22 05:40:30.905  1298  1359 I am_pss  : [4400,10045,com.android.documentsui,46315520,36900864,0,182132736,0,16,9]
06-22 05:40:30.915  1298  1359 I am_pss  : [4230,10067,com.android.music,17657856,10788864,0,140800000,0,17,8]
06-22 05:40:30.927  1298  1359 I am_pss  : [4277,10115,com.nchsoftware.pocketwavepad_free,86160384,77541376,0,219435008,0,17,10]
06-22 05:40:30.934  1298  1359 I am_pss  : [4327,99000,com.android.webview:sandboxed_process0:org.chromium.content.app.SandboxedProcessService0,10963968,2326528,0,83148800,0,18,6]
06-22 05:40:30.942  1298  1359 I am_pss  : [4425,10059,com.android.externalstorage,7103488,4579328,0,95662080,0,20,7]
06-22 05:40:30.950  1298  1359 I am_pss  : [4458,10042,com.android.mtp,6065152,3588096,0,93593600,0,20,6]
06-22 05:40:30.957  1298  1359 I am_pss  : [4314,10109,com.android.webview:webview_service,11746304,2977792,0,85889024,0,20,5]
06-22 05:40:31.002  1298  1359 I commit_sys_config_file: [procstats,46]
06-22 06:00:00.018  1298  1359 I am_pss  : [1830,10098,com.android.launcher3,74028032,64497664,0,209782784,0,2,9]
06-22 06:00:00.030  1298  1359 I am_pss  : [4400,10045,com.android.documentsui,46315520,36900864,0,182132736,0,16,10]
06-22 06:00:00.040  1298  1359 I am_pss  : [4230,10067,com.android.music,17657856,10788864,0,140800000,0,17,8]
06-22 06:00:00.052  1298  1359 I am_pss  : [4277,10115,com.nchsoftware.pocketwavepad_free,86180864,77561856,0,219455488,0,17,10]
06-22 06:00:00.058  1298  1359 I am_pss  : [4327,99000,com.android.webview:sandboxed_process0:org.chromium.content.app.SandboxedProcessService0,10963968,2326528,0,83148800,0,18,5]
06-22 06:00:00.067  1298  1359 I am_pss  : [4425,10059,com.android.externalstorage,7105536,4579328,0,95727616,0,20,7]
06-22 06:00:00.075  1298  1359 I am_pss  : [4458,10042,com.android.mtp,6065152,3588096,0,93593600,0,20,7]
06-22 06:00:00.082  1298  1359 I am_pss  : [4314,10109,com.android.webview:webview_service,11746304,2977792,0,85889024,0,20,6]
06-22 06:00:31.058  1298  1359 I UsageStatsService: User[0] Flushing usage stats to disk
06-22 06:10:15.430  1298  1364 E KernelCpuSpeedReader: Failed to read cpu-freq: /sys/devices/system/cpu/cpu4/cpufreq/stats/time_in_state: open failed: ENOENT (No such file or directory)
06-22 06:10:15.431  1298  1364 E KernelCpuSpeedReader: Failed to read cpu-freq: /sys/devices/system/cpu/cpu0/cpufreq/stats/time_in_state: open failed: ENOENT (No such file or directory)
06-22 06:10:15.434  1298  1364 W BatteryExternalStatsWorker: modem info is invalid: ModemActivityInfo{ mTimestamp=0 mSleepTimeMs=0 mIdleTimeMs=0 mTxTimeMs[]=[0, 0, 0, 0, 0] mRxTimeMs=0 mEnergyUsed=0}
06-22 06:10:15.483  1298  1359 I commit_sys_config_file: [batterystats,45]
06-22 06:10:15.493  1298  1359 I commit_sys_config_file: [batterystats,9]
06-22 06:10:30.885  1298  1468 I netstats_mobile_sample: [0,0,0,0,0,0,0,0,0,0,0,0,1624356630884]
06-22 06:10:30.885  1298  1468 I netstats_wifi_sample: [0,0,0,0,0,0,0,0,0,0,0,0,1624356630884]
06-22 06:10:30.891  1298  1359 I am_pss  : [1298,1000,system,154659840,140302336,0,324036608,0,0,16]
06-22 06:10:30.900  1298  1359 I am_pss  : [2765,10053,com.android.permissioncontroller,17249280,11399168,0,155471872,0,17,7]
06-22 06:10:30.908  1298  1359 I am_pss  : [4425,10059,com.android.externalstorage,7105536,4579328,0,95727616,0,20,6]
06-22 06:10:30.917  1298  1359 I am_pss  : [2472,10042,android.process.media,12676096,8372224,0,116891648,0,20,7]
06-22 06:10:30.924  1298  1554 I commit_sys_config_file: [appops,50]
06-22 06:10:30.925  1298  1359 I am_pss  : [2788,10057,com.android.providers.calendar,7290880,4640768,0,97710080,0,20,6]
06-22 06:10:30.935  1298  1359 I am_pss  : [1759,1000,com.android.settings,30097408,25178112,0,145498112,0,11,8]
06-22 06:10:30.942  1298  1359 I am_pss  : [2436,1000,com.android.keychain,5672960,3330048,0,95334400,0,20,6]
06-22 06:10:30.950  1298  1359 I am_pss  : [1889,10058,android.ext.services,7340032,4014080,0,100311040,0,6,7]
06-22 06:10:30.958  1298  1359 I am_pss  : [2368,10069,com.android.printspooler,6429696,3985408,0,97284096,0,20,6]
06-22 06:10:30.966  1298  1359 I am_pss  : [2659,10114,com.android.email,13501440,10465280,0,112160768,0,20,7]
06-22 06:10:30.974  1298  1359 I am_pss  : [2974,10092,com.qualcomm.timeservice,4825088,2748416,0,85893120,0,20,6]
06-22 06:10:30.981  1298  1359 I am_pss  : [2950,10093,com.qualcomm.qti.qms.service.telemetry,11272192,2891776,0,84135936,0,20,6]
06-22 06:10:30.989  1298  1359 I am_pss  : [2927,1000,com.android.localtransport,5499904,3096576,0,96018432,0,20,7]
06-22 06:10:30.997  1298  1359 I am_pss  : [2908,10090,com.qualcomm.qti.qms.service.connectionsecurity,12239872,3837952,0,85086208,0,20,6]
06-22 06:10:31.004  1298  1359 I am_pss  : [2886,1001,com.qualcomm.qti.lpa,5201920,3174400,0,86446080,0,20,6]
06-22 06:10:31.012  1298  1359 I am_pss  : [2863,10089,com.qualcomm.qti.biometrics.fingerprint.service,5164032,3092480,0,86532096,0,20,7]
06-22 06:10:31.020  1298  1359 I am_pss  : [2838,1000,com.oem.engineeringmode.emlist,5608448,3338240,0,94355456,0,20,7]
06-22 06:10:31.027  1298  1359 I am_pss  : [2815,10066,com.android.traceur,8784896,6430720,0,95105024,0,20,6]
06-22 06:10:31.036  1298  1359 I am_pss  : [1929,10110,com.android.inputmethod.latin,14505984,10907648,0,118763520,0,8,7]
06-22 06:10:31.044  1298  1359 I am_pss  : [2512,1000,com.qti.diagservices,5979136,3436544,0,98394112,0,11,7]
06-22 06:10:31.052  1298  1359 I am_pss  : [2354,1000,com.oem.location,5680128,3239936,0,96702464,0,9,6]
06-22 06:10:31.061  1298  1359 I am_pss  : [1507,1002,com.android.bluetooth,23479296,18989056,0,128163840,0,0,8]
06-22 06:10:31.068  1298  1359 I am_pss  : [2306,1000,com.qualcomm.qti.services.secureui:sui_service,6299648,3690496,0,99004416,0,0,6]
06-22 06:10:31.076  1298  1359 I am_pss  : [2280,1000,com.callback.emvcl,5668864,3317760,0,95834112,0,0,6]
06-22 06:10:31.085  1298  1359 I am_pss  : [2245,1000,com.callback.sdpl,5552128,3215360,0,95358976,0,0,7]
06-22 06:10:31.094  1298  1359 I am_pss  : [2220,1000,com.qualcomm.qti.workloadclassifier,8005632,5505024,0,99917824,0,0,7]
06-22 06:10:31.101  1298  1359 I am_pss  : [2196,1068,com.android.se,5458944,3330048,0,88047616,0,0,6]
06-22 06:10:31.109  1298  1359 I am_pss  : [2169,1000,com.callback.kms,5520384,3182592,0,95477760,0,0,6]
06-22 06:10:31.117  1298  1359 I am_pss  : [2142,1000,com.callback.emv,5666816,3313664,0,95879168,0,0,7]
06-22 06:10:31.127  1298  1359 I am_pss  : [1726,1001,com.android.phone,18162688,14209024,0,113905664,0,0,9]
06-22 06:10:31.136  1298  1359 I am_pss  : [1680,1000,com.elo.EloCoreApp,5875712,3387392,0,97828864,0,0,6]
06-22 06:10:31.145  1298  1359 I am_pss  : [1669,1001,.qtidataservices,7812096,5189632,0,101670912,0,0,8]
06-22 06:10:31.155  1298  1359 I am_pss  : [1607,1001,.dataservices,7507968,4861952,0,100536320,0,0,7]
06-22 06:10:31.167  1298  1359 I am_pss  : [1531,10104,com.android.systemui,56506368,47804416,0,208257024,0,0,10]
06-22 06:40:15.431  1298  1364 E KernelCpuSpeedReader: Failed to read cpu-freq: /sys/devices/system/cpu/cpu4/cpufreq/stats/time_in_state: open failed: ENOENT (No such file or directory)
06-22 06:40:15.432  1298  1364 E KernelCpuSpeedReader: Failed to read cpu-freq: /sys/devices/system/cpu/cpu0/cpufreq/stats/time_in_state: open failed: ENOENT (No such file or directory)
06-22 06:40:15.434  1298  1364 W BatteryExternalStatsWorker: modem info is invalid: ModemActivityInfo{ mTimestamp=0 mSleepTimeMs=0 mIdleTimeMs=0 mTxTimeMs[]=[0, 0, 0, 0, 0] mRxTimeMs=0 mEnergyUsed=0}
06-22 06:40:15.484  1298  1359 I commit_sys_config_file: [batterystats,45]
06-22 06:40:15.494  1298  1359 I commit_sys_config_file: [batterystats,10]
06-22 06:40:29.651  1298  1352 W EntropyMixer: Failed to add HW RNG output to entropy pool
06-22 06:40:29.651  1298  1352 W EntropyMixer: java.io.FileNotFoundException: /dev/hw_random: open failed: EACCES (Permission denied)
06-22 06:40:29.651  1298  1352 W EntropyMixer: 	at libcore.io.IoBridge.open(IoBridge.java:496)
06-22 06:40:29.651  1298  1352 W EntropyMixer: 	at java.io.FileInputStream.<init>(FileInputStream.java:159)
06-22 06:40:29.651  1298  1352 W EntropyMixer: 	at java.io.FileInputStream.<init>(FileInputStream.java:115)
06-22 06:40:29.651  1298  1352 W EntropyMixer: 	at com.android.server.RandomBlock.fromFile(RandomBlock.java:45)
06-22 06:40:29.651  1298  1352 W EntropyMixer: 	at com.android.server.EntropyMixer.addHwRandomEntropy(EntropyMixer.java:205)
06-22 06:40:29.651  1298  1352 W EntropyMixer: 	at com.android.server.EntropyMixer.access$000(EntropyMixer.java:59)
06-22 06:40:29.651  1298  1352 W EntropyMixer: 	at com.android.server.EntropyMixer$1.handleMessage(EntropyMixer.java:83)
06-22 06:40:29.651  1298  1352 W EntropyMixer: 	at android.os.Handler.dispatchMessage(Handler.java:107)
06-22 06:40:29.651  1298  1352 W EntropyMixer: 	at android.os.Looper.loop(Looper.java:214)
06-22 06:40:29.651  1298  1352 W EntropyMixer: 	at android.os.HandlerThread.run(HandlerThread.java:67)
06-22 06:40:29.651  1298  1352 W EntropyMixer: 	at com.android.server.ServiceThread.run(ServiceThread.java:44)
06-22 06:40:29.651  1298  1352 W EntropyMixer: Caused by: android.system.ErrnoException: open failed: EACCES (Permission denied)
06-22 06:40:29.651  1298  1352 W EntropyMixer: 	at libcore.io.Linux.open(Native Method)
06-22 06:40:29.651  1298  1352 W EntropyMixer: 	at libcore.io.ForwardingOs.open(ForwardingOs.java:167)
06-22 06:40:29.651  1298  1352 W EntropyMixer: 	at libcore.io.BlockGuardOs.open(BlockGuardOs.java:252)
06-22 06:40:29.651  1298  1352 W EntropyMixer: 	at libcore.io.IoBridge.open(IoBridge.java:482)
06-22 06:40:29.651  1298  1352 W EntropyMixer: 	... 10 more
06-22 06:40:29.651  1298  1352 I EntropyMixer: Writing entropy...
06-22 06:40:30.881  1298  1468 I netstats_mobile_sample: [0,0,0,0,0,0,0,0,0,0,0,0,1624358430881]
06-22 06:40:30.881  1298  1468 I netstats_wifi_sample: [0,0,0,0,0,0,0,0,0,0,0,0,1624358430881]
06-22 06:40:30.895  1298  1554 I commit_sys_config_file: [appops,7]
06-22 06:40:30.897  1298  1359 I am_pss  : [1830,10098,com.android.launcher3,74028032,64497664,0,209782784,0,2,8]
06-22 06:40:30.908  1298  1359 I am_pss  : [4400,10045,com.android.documentsui,46315520,36900864,0,182132736,0,16,10]
06-22 06:40:30.918  1298  1359 I am_pss  : [4230,10067,com.android.music,17657856,10788864,0,140800000,0,17,8]
06-22 06:40:30.930  1298  1359 I am_pss  : [4277,10115,com.nchsoftware.pocketwavepad_free,86184960,77565952,0,219459584,0,17,10]
06-22 06:40:30.937  1298  1359 I am_pss  : [4327,99000,com.android.webview:sandboxed_process0:org.chromium.content.app.SandboxedProcessService0,10963968,2326528,0,83148800,0,18,6]
06-22 06:40:30.945  1298  1359 I am_pss  : [4425,10059,com.android.externalstorage,7105536,4579328,0,95727616,0,20,6]
06-22 06:40:30.953  1298  1359 I am_pss  : [4458,10042,com.android.mtp,6065152,3588096,0,93593600,0,20,6]
06-22 06:40:30.960  1298  1359 I am_pss  : [4314,10109,com.android.webview:webview_service,11746304,2977792,0,85889024,0,20,5]
06-22 06:40:30.967  1298  1359 I commit_sys_config_file: [procstats,7]
06-22 07:00:00.004  1298  1298 D ConditionProviders.SCP: onReceive ScheduleConditionProvider.EVALUATE
06-22 07:00:00.005  1298  1298 D ConditionProviders.SCP: evaluateSubscriptionLocked cal=ScheduleCalendar[mDays={1, 2, 3, 4, 5, 6, 7}, mSchedule=ScheduleInfo{days=[1, 2, 3, 4, 5, 6, 7], startHour=22, startMinute=0, endHour=7, endMinute=0, exitAtAlarm=true, nextAlarm=Wed Dec 31 19:00:00 EST 1969 (0)}], now=Tue Jun 22 07:00:00 EDT 2021 (1624359600004), nextUserAlarmTime=Wed Dec 31 19:00:00 EST 1969 (0)
06-22 07:00:00.005  1298  1298 D ConditionProviders.SCP: notifyCondition condition://android/schedule?days=1.2.3.4.5.6.7&start=22.0&end=7.0&exitAtAlarm=true STATE_FALSE reason=!meetsSchedule
06-22 07:00:00.006  1298  1298 D ConditionProviders.SCP: Scheduling evaluate for Tue Jun 22 22:00:00 EDT 2021 (1624413600000), in +14h59m59s996ms, now=Tue Jun 22 07:00:00 EDT 2021 (1624359600004)
06-22 07:00:00.010  1298  1298 I sysui_multi_action: [757,803,799,dnd_mode_0,802,10799979]
06-22 07:00:00.011  1298  1298 I sysui_multi_action: [757,803,799,dnd_rule_count,802,0]
06-22 07:00:00.011  1298  1298 I sysui_multi_action: [757,803,799,dnd_type_0,802,10799978]
06-22 07:00:00.016  1298  1298 V SettingsProvider: Notifying for 0: content://settings/global/zen_mode_config_etag
06-22 07:00:00.060  1298  1352 I commit_sys_config_file: [notification-policy,48]
06-22 07:00:00.261  1298  1431 I commit_sys_config_file: [settings-0-0,11]
06-22 07:10:15.434  1298  1364 E KernelCpuSpeedReader: Failed to read cpu-freq: /sys/devices/system/cpu/cpu4/cpufreq/stats/time_in_state: open failed: ENOENT (No such file or directory)
06-22 07:10:15.434  1298  1364 E KernelCpuSpeedReader: Failed to read cpu-freq: /sys/devices/system/cpu/cpu0/cpufreq/stats/time_in_state: open failed: ENOENT (No such file or directory)
06-22 07:10:15.437  1298  1364 W BatteryExternalStatsWorker: modem info is invalid: ModemActivityInfo{ mTimestamp=0 mSleepTimeMs=0 mIdleTimeMs=0 mTxTimeMs[]=[0, 0, 0, 0, 0] mRxTimeMs=0 mEnergyUsed=0}
06-22 07:10:15.485  1298  1359 I commit_sys_config_file: [batterystats,44]
06-22 07:10:15.495  1298  1359 I commit_sys_config_file: [batterystats,9]
06-22 07:10:30.881  1298  1468 I netstats_mobile_sample: [0,0,0,0,0,0,0,0,0,0,0,0,1624360230881]
06-22 07:10:30.881  1298  1468 I netstats_wifi_sample: [0,0,0,0,0,0,0,0,0,0,0,0,1624360230881]
06-22 07:10:30.895  1298  1359 I am_pss  : [4400,10045,com.android.documentsui,46315520,36900864,0,182132736,0,16,8]
06-22 07:10:30.903  1298  1359 I am_pss  : [4230,10067,com.android.music,17657856,10788864,0,140800000,0,17,7]
06-22 07:10:30.912  1298  1359 I am_pss  : [4425,10059,com.android.externalstorage,7105536,4579328,0,95727616,0,20,6]
06-22 07:10:30.919  1298  1359 I am_pss  : [4458,10042,com.android.mtp,6065152,3588096,0,93593600,0,20,6]
06-22 07:40:15.436  1298  1364 E KernelCpuSpeedReader: Failed to read cpu-freq: /sys/devices/system/cpu/cpu4/cpufreq/stats/time_in_state: open failed: ENOENT (No such file or directory)
06-22 07:40:15.436  1298  1364 E KernelCpuSpeedReader: Failed to read cpu-freq: /sys/devices/system/cpu/cpu0/cpufreq/stats/time_in_state: open failed: ENOENT (No such file or directory)
06-22 07:40:15.439  1298  1364 W BatteryExternalStatsWorker: modem info is invalid: ModemActivityInfo{ mTimestamp=0 mSleepTimeMs=0 mIdleTimeMs=0 mTxTimeMs[]=[0, 0, 0, 0, 0] mRxTimeMs=0 mEnergyUsed=0}
06-22 07:40:15.487  1298  1359 I commit_sys_config_file: [batterystats,44]
06-22 07:40:15.497  1298  1359 I commit_sys_config_file: [batterystats,9]
06-22 07:40:30.887  1298  1468 I netstats_mobile_sample: [0,0,0,0,0,0,0,0,0,0,0,0,1624362030887]
06-22 07:40:30.887  1298  1468 I netstats_wifi_sample: [0,0,0,0,0,0,0,0,0,0,0,0,1624362030887]
06-22 07:40:30.894  1298  1359 I am_pss  : [1298,1000,system,156834816,142477312,0,326207488,0,0,15]
06-22 07:40:30.904  1298  1359 I am_pss  : [1830,10098,com.android.launcher3,74028032,64497664,0,209782784,0,2,8]
06-22 07:40:30.918  1298  1359 I am_pss  : [4277,10115,com.nchsoftware.pocketwavepad_free,86205440,77586432,0,219480064,0,17,12]
06-22 07:40:30.926  1298  1554 I commit_sys_config_file: [appops,52]
06-22 07:40:30.926  1298  1359 I am_pss  : [4327,99000,com.android.webview:sandboxed_process0:org.chromium.content.app.SandboxedProcessService0,10963968,2326528,0,83148800,0,18,6]
06-22 07:40:30.936  1298  1359 I am_pss  : [2765,10053,com.android.permissioncontroller,17249280,11399168,0,155471872,0,17,9]
06-22 07:40:30.946  1298  1359 I am_pss  : [2472,10042,android.process.media,12676096,8372224,0,116891648,0,20,9]
06-22 07:40:30.954  1298  1359 I am_pss  : [4314,10109,com.android.webview:webview_service,11746304,2977792,0,85889024,0,20,6]
06-22 07:40:30.963  1298  1359 I am_pss  : [2788,10057,com.android.providers.calendar,7290880,4640768,0,97710080,0,20,6]
06-22 07:40:30.972  1298  1359 I am_pss  : [1759,1000,com.android.settings,30097408,25178112,0,145498112,0,11,8]
06-22 07:40:30.979  1298  1359 I am_pss  : [2436,1000,com.android.keychain,5672960,3330048,0,95334400,0,20,7]
06-22 07:40:30.987  1298  1359 I am_pss  : [1889,10058,android.ext.services,7340032,4014080,0,100311040,0,6,6]
06-22 07:40:30.995  1298  1359 I am_pss  : [2368,10069,com.android.printspooler,6429696,3985408,0,97284096,0,20,6]
06-22 07:40:31.003  1298  1359 I am_pss  : [2659,10114,com.android.email,13501440,10465280,0,112160768,0,20,7]
06-22 07:40:31.011  1298  1359 I am_pss  : [2974,10092,com.qualcomm.timeservice,4825088,2748416,0,85893120,0,20,7]
06-22 07:40:31.019  1298  1359 I am_pss  : [2950,10093,com.qualcomm.qti.qms.service.telemetry,11272192,2891776,0,84135936,0,20,6]
06-22 07:40:31.027  1298  1359 I am_pss  : [2927,1000,com.android.localtransport,5499904,3096576,0,96018432,0,20,7]
06-22 07:40:31.036  1298  1359 I am_pss  : [2908,10090,com.qualcomm.qti.qms.service.connectionsecurity,12239872,3837952,0,85086208,0,20,7]
06-22 07:40:31.045  1298  1359 I am_pss  : [2886,1001,com.qualcomm.qti.lpa,5201920,3174400,0,86446080,0,20,7]
06-22 07:40:31.052  1298  1359 I am_pss  : [2863,10089,com.qualcomm.qti.biometrics.fingerprint.service,5164032,3092480,0,86532096,0,20,7]
06-22 07:40:31.060  1298  1359 I am_pss  : [2838,1000,com.oem.engineeringmode.emlist,5608448,3338240,0,94355456,0,20,7]
06-22 07:40:31.068  1298  1359 I am_pss  : [2815,10066,com.android.traceur,8784896,6430720,0,95105024,0,20,7]
06-22 07:40:31.077  1298  1359 I am_pss  : [1929,10110,com.android.inputmethod.latin,14505984,10907648,0,118763520,0,8,6]
06-22 07:40:31.085  1298  1359 I am_pss  : [2512,1000,com.qti.diagservices,5979136,3436544,0,98394112,0,11,7]
06-22 07:40:31.093  1298  1359 I am_pss  : [2354,1000,com.oem.location,5680128,3239936,0,96702464,0,9,6]
06-22 07:40:31.102  1298  1359 I am_pss  : [1507,1002,com.android.bluetooth,23491584,19001344,0,128176128,0,0,7]
06-22 07:40:31.109  1298  1359 I am_pss  : [2306,1000,com.qualcomm.qti.services.secureui:sui_service,6299648,3690496,0,99004416,0,0,6]
06-22 07:40:31.117  1298  1359 I am_pss  : [2280,1000,com.callback.emvcl,5668864,3317760,0,95834112,0,0,6]
06-22 07:40:31.125  1298  1359 I am_pss  : [2245,1000,com.callback.sdpl,5552128,3215360,0,95358976,0,0,6]
06-22 07:40:31.133  1298  1359 I am_pss  : [2220,1000,com.qualcomm.qti.workloadclassifier,8005632,5505024,0,99917824,0,0,6]
06-22 07:40:31.140  1298  1359 I am_pss  : [2196,1068,com.android.se,5458944,3330048,0,88047616,0,0,6]
06-22 07:40:31.148  1298  1359 I am_pss  : [2169,1000,com.callback.kms,5520384,3182592,0,95477760,0,0,6]
06-22 07:40:31.155  1298  1359 I am_pss  : [2142,1000,com.callback.emv,5666816,3313664,0,95879168,0,0,6]
06-22 07:40:31.164  1298  1359 I am_pss  : [1726,1001,com.android.phone,18166784,14213120,0,113909760,0,0,7]
06-22 07:40:31.171  1298  1359 I am_pss  : [1680,1000,com.elo.EloCoreApp,5875712,3387392,0,97828864,0,0,6]
06-22 07:40:31.179  1298  1359 I am_pss  : [1669,1001,.qtidataservices,7812096,5189632,0,101670912,0,0,6]
06-22 07:40:31.187  1298  1359 I am_pss  : [1607,1001,.dataservices,7507968,4861952,0,100536320,0,0,6]
06-22 07:40:31.199  1298  1359 I am_pss  : [1531,10104,com.android.systemui,57288704,48586752,0,209039360,0,0,10]
06-22 07:40:31.209  1298  1359 I commit_sys_config_file: [procstats,10]
06-22 08:00:31.300  1298  1359 I UsageStatsService: User[0] Flushing usage stats to disk
06-22 08:10:15.437  1298  1364 E KernelCpuSpeedReader: Failed to read cpu-freq: /sys/devices/system/cpu/cpu4/cpufreq/stats/time_in_state: open failed: ENOENT (No such file or directory)
06-22 08:10:15.438  1298  1364 E KernelCpuSpeedReader: Failed to read cpu-freq: /sys/devices/system/cpu/cpu0/cpufreq/stats/time_in_state: open failed: ENOENT (No such file or directory)
06-22 08:10:15.441  1298  1364 W BatteryExternalStatsWorker: modem info is invalid: ModemActivityInfo{ mTimestamp=0 mSleepTimeMs=0 mIdleTimeMs=0 mTxTimeMs[]=[0, 0, 0, 0, 0] mRxTimeMs=0 mEnergyUsed=0}
06-22 08:10:15.488  1298  1359 I commit_sys_config_file: [batterystats,43]
06-22 08:10:15.499  1298  1359 I commit_sys_config_file: [batterystats,11]
06-22 08:10:30.882  1298  1468 I netstats_mobile_sample: [0,0,0,0,0,0,0,0,0,0,0,0,1624363830882]
06-22 08:10:30.882  1298  1468 I netstats_wifi_sample: [0,0,0,0,0,0,0,0,0,0,0,0,1624363830882]
06-22 08:10:30.896  1298  1359 I am_pss  : [4400,10045,com.android.documentsui,46315520,36900864,0,182132736,0,16,8]
06-22 08:10:30.905  1298  1359 I am_pss  : [4230,10067,com.android.music,17657856,10788864,0,140800000,0,17,7]
06-22 08:10:30.913  1298  1359 I am_pss  : [4425,10059,com.android.externalstorage,7105536,4579328,0,95727616,0,20,7]
06-22 08:10:30.921  1298  1359 I am_pss  : [4458,10042,com.android.mtp,6065152,3588096,0,93593600,0,20,7]
06-22 08:10:30.932  1298  1554 I commit_sys_config_file: [appops,44]
06-22 08:40:15.423  1298  1364 I service_manager_stats: [100,29,19784538]
06-22 08:40:15.440  1298  1364 E KernelCpuSpeedReader: Failed to read cpu-freq: /sys/devices/system/cpu/cpu4/cpufreq/stats/time_in_state: open failed: ENOENT (No such file or directory)
06-22 08:40:15.440  1298  1364 E KernelCpuSpeedReader: Failed to read cpu-freq: /sys/devices/system/cpu/cpu0/cpufreq/stats/time_in_state: open failed: ENOENT (No such file or directory)
06-22 08:40:15.443  1298  1364 W BatteryExternalStatsWorker: modem info is invalid: ModemActivityInfo{ mTimestamp=0 mSleepTimeMs=0 mIdleTimeMs=0 mTxTimeMs[]=[0, 0, 0, 0, 0] mRxTimeMs=0 mEnergyUsed=0}
06-22 08:40:15.491  1298  1359 I commit_sys_config_file: [batterystats,45]
06-22 08:40:15.501  1298  1359 I commit_sys_config_file: [batterystats,10]
06-22 08:40:30.882  1298  1468 I netstats_mobile_sample: [0,0,0,0,0,0,0,0,0,0,0,0,1624365630882]
06-22 08:40:30.882  1298  1468 I netstats_wifi_sample: [0,0,0,0,0,0,0,0,0,0,0,0,1624365630882]
06-22 08:40:30.889  1298  1352 I DropBoxManagerService: add tag=system_server_strictmode isTagEnabled=true flags=0x2
06-22 08:40:30.897  1298  1359 I am_pss  : [1830,10098,com.android.launcher3,74028032,64497664,0,209782784,2,2,8]
06-22 08:40:30.909  1298  1359 I am_pss  : [4400,10045,com.android.documentsui,46315520,36900864,0,182132736,2,16,10]
06-22 08:40:30.918  1298  1359 I am_pss  : [4230,10067,com.android.music,17657856,10788864,0,140800000,2,17,8]
06-22 08:40:30.931  1298  1359 I am_pss  : [4277,10115,com.nchsoftware.pocketwavepad_free,86242304,77623296,0,219516928,2,17,11]
06-22 08:40:30.938  1298  1359 I am_pss  : [4327,99000,com.android.webview:sandboxed_process0:org.chromium.content.app.SandboxedProcessService0,10963968,2326528,0,83148800,2,18,5]
06-22 08:40:30.948  1298  1359 I am_pss  : [2765,10053,com.android.permissioncontroller,17249280,11399168,0,155471872,2,17,8]
06-22 08:40:30.957  1298  1359 I am_pss  : [4425,10059,com.android.externalstorage,7105536,4579328,0,95727616,2,20,7]
06-22 08:40:30.967  1298  1359 I am_pss  : [2472,10042,android.process.media,12676096,8372224,0,116891648,2,20,8]
06-22 08:40:30.976  1298  1359 I am_pss  : [4458,10042,com.android.mtp,6065152,3588096,0,93593600,2,20,7]
06-22 08:40:30.983  1298  1359 I am_pss  : [4314,10109,com.android.webview:webview_service,11746304,2977792,0,85889024,2,20,5]
06-22 08:40:30.991  1298  1359 I am_pss  : [2788,10057,com.android.providers.calendar,7290880,4640768,0,97710080,2,20,7]
06-22 08:40:31.000  1298  1359 I am_pss  : [1759,1000,com.android.settings,30097408,25178112,0,145498112,2,11,8]
06-22 08:40:31.008  1298  1359 I am_pss  : [2436,1000,com.android.keychain,5672960,3330048,0,95334400,2,20,6]
06-22 08:40:31.016  1298  1359 I am_pss  : [1889,10058,android.ext.services,7340032,4014080,0,100311040,2,6,6]
06-22 08:40:31.023  1298  1359 I am_pss  : [2368,10069,com.android.printspooler,6429696,3985408,0,97284096,2,20,6]
06-22 08:40:31.032  1298  1359 I am_pss  : [2659,10114,com.android.email,13501440,10465280,0,112160768,2,20,7]
06-22 08:40:31.040  1298  1359 I am_pss  : [2974,10092,com.qualcomm.timeservice,4825088,2748416,0,85893120,2,20,6]
06-22 08:40:31.047  1298  1359 I am_pss  : [2950,10093,com.qualcomm.qti.qms.service.telemetry,11272192,2891776,0,84135936,2,20,6]
06-22 08:40:31.055  1298  1359 I am_pss  : [2927,1000,com.android.localtransport,5499904,3096576,0,96018432,2,20,7]
06-22 08:40:31.063  1298  1359 I am_pss  : [2908,10090,com.qualcomm.qti.qms.service.connectionsecurity,12239872,3837952,0,85086208,2,20,6]
06-22 08:40:31.070  1298  1359 I am_pss  : [2886,1001,com.qualcomm.qti.lpa,5201920,3174400,0,86446080,2,20,6]
06-22 08:40:31.078  1298  1359 I am_pss  : [2863,10089,com.qualcomm.qti.biometrics.fingerprint.service,5164032,3092480,0,86532096,2,20,6]
06-22 08:40:31.086  1298  1359 I am_pss  : [2838,1000,com.oem.engineeringmode.emlist,5608448,3338240,0,94355456,2,20,6]
06-22 08:40:31.094  1298  1359 I am_pss  : [2815,10066,com.android.traceur,8784896,6430720,0,95105024,2,20,6]
06-22 08:40:31.102  1298  1359 I am_pss  : [1929,10110,com.android.inputmethod.latin,14505984,10907648,0,118763520,2,8,7]
06-22 08:40:31.111  1298  1359 I am_pss  : [2512,1000,com.qti.diagservices,5979136,3436544,0,98394112,2,11,6]
06-22 08:40:31.118  1298  1359 I am_pss  : [2354,1000,com.oem.location,5680128,3239936,0,96702464,2,9,6]
06-22 08:40:31.127  1298  1359 I am_pss  : [1507,1002,com.android.bluetooth,23512064,19021824,0,128196608,2,0,8]
06-22 08:40:31.135  1298  1359 I am_pss  : [2306,1000,com.qualcomm.qti.services.secureui:sui_service,6299648,3690496,0,99004416,2,0,6]
06-22 08:40:31.143  1298  1359 I am_pss  : [2280,1000,com.callback.emvcl,5668864,3317760,0,95834112,2,0,6]
