--------- beginning of events
06-21 21:40:22.532   497   497 I auditd  : SELinux: Loaded service_contexts from:
06-21 21:40:22.536   497   497 I auditd  :     /system/etc/selinux/plat_service_contexts
06-21 21:40:16.017   496   496 I auditd  : type=2000 audit(0.0:1): state=initialized audit_enabled=0 res=1
06-21 21:40:19.889   496   496 I auditd  : type=1403 audit(0.0:2): policy loaded auid=4294967295 ses=4294967295
06-21 21:40:19.889   496   496 I auditd  : type=1404 audit(0.0:3): enforcing=1 old_enforcing=0 auid=4294967295 ses=4294967295
06-21 21:40:22.629   511   511 I auditd  : type=1400 audit(0.0:4): avc: denied { read } for comm="e2fsck" name="mmcblk0p37" dev="tmpfs" ino=17053 scontext=u:r:fsck:s0 tcontext=u:object_r:block_device:s0 tclass=blk_file permissive=0
06-21 21:40:22.629   511   511 I auditd  : type=1400 audit(0.0:5): avc: denied { read write } for comm="e2fsck" name="mmcblk0p37" dev="tmpfs" ino=17053 scontext=u:r:fsck:s0 tcontext=u:object_r:block_device:s0 tclass=blk_file permissive=0
--------- beginning of system
06-21 21:40:22.672   507   507 I vold    : Vold 3.0 (the awakening) firing up
06-21 21:40:22.672   507   507 D vold    : Detected support for: ext4 f2fs vfat
06-21 21:40:22.676   507   507 D vold    : Found unmanaged dm device named system_a
06-21 21:40:22.676   507   507 D vold    : Found unmanaged dm device named vendor-verity
06-21 21:40:22.676   507   507 D vold    : Found unmanaged dm device named vendor_a
06-21 21:40:22.676   507   507 D vold    : Found unmanaged dm device named product-verity
06-21 21:40:22.676   507   507 D vold    : Found unmanaged dm device named system-verity
06-21 21:40:22.676   507   507 D vold    : Found unmanaged dm device named product_a
06-21 21:40:22.677   507   507 W vold    : Failed to LOOP_GET_STATUS64 /dev/block/loop12: No such device or address
06-21 21:40:22.677   507   507 W vold    : Failed to LOOP_GET_STATUS64 /dev/block/loop9: No such device or address
06-21 21:40:22.677   507   507 W vold    : Failed to LOOP_GET_STATUS64 /dev/block/loop11: No such device or address
06-21 21:40:22.677   507   507 W vold    : Failed to LOOP_GET_STATUS64 /dev/block/loop6: No such device or address
06-21 21:40:22.677   507   507 W vold    : Failed to LOOP_GET_STATUS64 /dev/block/loop7: No such device or address
06-21 21:40:22.677   507   507 W vold    : Failed to LOOP_GET_STATUS64 /dev/block/loop2: No such device or address
06-21 21:40:22.677   507   507 W vold    : Failed to LOOP_GET_STATUS64 /dev/block/loop10: No such device or address
06-21 21:40:22.677   507   507 W vold    : Failed to LOOP_GET_STATUS64 /dev/block/loop1: No such device or address
06-21 21:40:22.677   507   507 W vold    : Failed to LOOP_GET_STATUS64 /dev/block/loop15: No such device or address
06-21 21:40:22.677   507   507 W vold    : Failed to LOOP_GET_STATUS64 /dev/block/loop5: No such device or address
06-21 21:40:22.677   507   507 W vold    : Failed to LOOP_GET_STATUS64 /dev/block/loop3: No such device or address
06-21 21:40:22.677   507   507 W vold    : Failed to LOOP_GET_STATUS64 /dev/block/loop14: No such device or address
06-21 21:40:22.677   507   507 W vold    : Failed to LOOP_GET_STATUS64 /dev/block/loop4: No such device or address
06-21 21:40:22.677   507   507 W vold    : Failed to LOOP_GET_STATUS64 /dev/block/loop0: No such device or address
06-21 21:40:22.677   507   507 W vold    : Failed to LOOP_GET_STATUS64 /dev/block/loop13: No such device or address
06-21 21:40:22.677   507   507 W vold    : Failed to LOOP_GET_STATUS64 /dev/block/loop8: No such device or address
06-21 21:40:22.677   507   507 I vold    : [libfs_mgr]dt_fstab: Skip disabled entry for partition vendor
06-21 21:40:22.679   507   507 D vold    : VoldNativeService::start() completed OK
06-21 21:40:22.908   545   558 I QISL    : QSEE Interrupt Service Listener Thread is started
06-21 21:40:22.909   545   558 I QISL    : QSEE Interrupt Service Listener was activated successfully
06-21 21:40:22.994   507   507 I Checkpoint: Validating checkpoint on /dev/block/bootdevice/by-name/userdata
06-21 21:40:22.995   507   507 E Checkpoint: No magic
06-21 21:40:23.558   507   507 I Checkpoint: cp_prepareCheckpoint called
06-21 21:40:23.581   507   507 I vold    : fscrypt_initialize_systemwide_keys
06-21 21:40:23.582   507   507 D vold    : Key exists, using: /data/unencrypted/key
06-21 21:40:23.586   507   507 I vold    : List of Keymaster HALs found:
06-21 21:40:23.586   507   507 I vold    : Keymaster HAL #1: Keymaster HAL: 4 from QTI SecurityLevel: TRUSTED_ENVIRONMENT HAL: android.hardware.keymaster@4.0::IKeymasterDevice/default
06-21 21:40:23.588   507   507 D vold    : Computing HMAC with params { (seed: c681aec822fd95a70be8b18d8912fbd85f97a0a351ad87e1a465e6f5c7bbb3, nonce: fc6063f2a19b86cda5d376f0f719f3ef6abdf884e73f7d6782589b7ec56) }
06-21 21:40:23.588   507   507 D vold    : Computing HMAC for Keymaster HAL: 4 from QTI SecurityLevel: TRUSTED_ENVIRONMENT HAL: android.hardware.keymaster@4.0::IKeymasterDevice/default
06-21 21:40:23.592   507   507 I vold    : Using Keymaster HAL: 4 from QTI for encryption.  Security level: TRUSTED_ENVIRONMENT, HAL: android.hardware.keymaster@4.0::IKeymasterDevice/default
06-21 21:40:23.602   507   507 E vold    : Inserting using old mechanism  Error 19: No such device
06-21 21:40:23.602   507   507 D vold    : Added key 604089365 (ext4:4c1c17c647a5b3d2) to keyring 709511802 in process 507key size64
06-21 21:40:23.602   507   507 E vold    : Inserting using old mechanism  Error 19: No such device
06-21 21:40:23.602   507   507 D vold    : Added key 104223592 (f2fs:4c1c17c647a5b3d2) to keyring 709511802 in process 507key size64
06-21 21:40:23.602   507   507 E vold    : Inserting using old mechanism  Error 19: No such device
06-21 21:40:23.602   507   507 D vold    : Added key 518275175 (fscrypt:4c1c17c647a5b3d2) to keyring 709511802 in process 507key size64
06-21 21:40:23.607   507   507 I vold    : Wrote system DE key reference to:/data/unencrypted/ref
06-21 21:40:23.607   507   507 E vold    : Inserting using old mechanism  Error 19: No such device
06-21 21:40:23.607   507   507 D vold    : Added key 368658454 (ext4:3d0b5d19a25b3617) to keyring 709511802 in process 507key size64
06-21 21:40:23.608   507   507 E vold    : Inserting using old mechanism  Error 19: No such device
06-21 21:40:23.608   507   507 D vold    : Added key 237782364 (f2fs:3d0b5d19a25b3617) to keyring 709511802 in process 507key size64
06-21 21:40:23.608   507   507 E vold    : Inserting using old mechanism  Error 19: No such device
06-21 21:40:23.608   507   507 D vold    : Added key 769230634 (fscrypt:3d0b5d19a25b3617) to keyring 709511802 in process 507key size64
06-21 21:40:23.610   507   507 I vold    : Wrote per boot key reference to:/data/unencrypted/per_boot_ref
06-21 21:40:23.811   507   507 D vold    : fscrypt_init_user0
06-21 21:40:23.811   507   507 D vold    : Preparing: /data/misc/vold/user_keys
06-21 21:40:23.812   507   507 D vold    : Preparing: /data/misc/vold/user_keys/ce
06-21 21:40:23.812   507   507 D vold    : Preparing: /data/misc/vold/user_keys/de
06-21 21:40:23.812   507   507 D vold    : Skipping non-de-key ..
06-21 21:40:23.812   507   507 D vold    : Skipping non-de-key .
06-21 21:40:23.816   507   507 I vold    : List of Keymaster HALs found:
06-21 21:40:23.816   507   507 I vold    : Keymaster HAL #1: Keymaster HAL: 4 from QTI SecurityLevel: TRUSTED_ENVIRONMENT HAL: android.hardware.keymaster@4.0::IKeymasterDevice/default
06-21 21:40:23.816   507   507 I vold    : Using Keymaster HAL: 4 from QTI for encryption.  Security level: TRUSTED_ENVIRONMENT, HAL: android.hardware.keymaster@4.0::IKeymasterDevice/default
06-21 21:40:23.827   507   507 E vold    : Inserting using old mechanism  Error 19: No such device
06-21 21:40:23.827   507   507 D vold    : Added key 674397337 (ext4:53baa2ae4cd26a5e) to keyring 709511802 in process 507key size64
06-21 21:40:23.827   507   507 E vold    : Inserting using old mechanism  Error 19: No such device
06-21 21:40:23.827   507   507 D vold    : Added key 989342019 (f2fs:53baa2ae4cd26a5e) to keyring 709511802 in process 507key size64
06-21 21:40:23.827   507   507 E vold    : Inserting using old mechanism  Error 19: No such device
06-21 21:40:23.827   507   507 D vold    : Added key 730140103 (fscrypt:53baa2ae4cd26a5e) to keyring 709511802 in process 507key size64
06-21 21:40:23.827   507   507 D vold    : Installed de key for user 0
06-21 21:40:23.827   507   507 D vold    : fscrypt_prepare_user_storage for volume null, user 0, serial 0, flags 1
06-21 21:40:23.827   507   507 D vold    : Preparing: /data/system/users/0
06-21 21:40:23.828   507   507 D vold    : Preparing: /data/misc/profiles/cur/0
06-21 21:40:23.828   507   507 D vold    : Preparing: /data/system_de/0
06-21 21:40:23.828   507   507 D vold    : Preparing: /data/misc_de/0
06-21 21:40:23.829   507   507 D vold    : Preparing: /data/vendor_de/0
06-21 21:40:23.829   507   507 D vold    : Preparing: /data/user_de/0
06-21 21:40:23.830   507   507 I vold    : Found policy 53baa2ae4cd26a5e at /data/system_de/0 which matches expected value
06-21 21:40:23.830   507   507 I vold    : Found policy 53baa2ae4cd26a5e at /data/misc_de/0 which matches expected value
06-21 21:40:23.830   507   507 I vold    : Found policy 53baa2ae4cd26a5e at /data/vendor_de/0 which matches expected value
06-21 21:40:23.831   507   507 I vold    : Found policy 53baa2ae4cd26a5e at /data/user_de/0 which matches expected value
06-21 21:40:23.831   507   507 D vold    : /system/bin/vold_prepare_subdirs
06-21 21:40:23.831   507   507 D vold    :     prepare
06-21 21:40:23.831   507   507 D vold    :     
06-21 21:40:23.831   507   507 D vold    :     0
06-21 21:40:23.831   507   507 D vold    :     1
06-21 21:40:24.655   627   627 I boot_progress_start: 9285
06-21 21:40:24.796   704   704 I irsc_util: Starting irsc tool
06-21 21:40:24.806   704   704 I irsc_util: Num of entries:299
06-21 21:40:24.806   704   704 I irsc_util: Ending irsc tool
06-21 21:40:24.885   683   683 I auditd  : type=1400 audit(0.0:6): avc: denied { read } for comm="android.hardwar" name="pa" dev="sysfs" ino=32090 scontext=u:r:hal_tv_cec_default:s0 tcontext=u:object_r:sysfs:s0 tclass=file permissive=0
06-21 21:40:25.006   685   685 I android.hardware.wifi@1.0-service: Wifi Hal is booting up...
06-21 21:40:25.011   685   685 I ServiceManagement: Registered android.hardware.wifi@1.3::IWifi/default (start delay of 311ms)
06-21 21:40:25.708   881   881 I imsrcsd : Uce Service HAL  is starting up...
06-21 21:40:25.821   903   903 I installd: installd firing up
06-21 21:40:25.878   937   937 I wificond: wificond is starting up...
06-21 21:40:26.046   627   627 I sysui_multi_action: [757,804,799,boot_zygote_init,801,10651,802,1]
06-21 21:40:26.047   628   628 I sysui_multi_action: [757,804,799,boot_zygote_init,801,10662,802,1]
06-21 21:40:26.074   627   627 I boot_progress_preload_start: 10704
06-21 21:40:26.097   628   628 D Zygote32Timing: PostZygoteInitGC took to complete: 16ms
06-21 21:40:26.097   628   628 D Zygote32Timing: ZygoteInit took to complete: 17ms
06-21 21:40:26.125   881   881 I imsrcsd : Uce Service HAL  loading imsrcsbaseimpl
06-21 21:40:26.139   934  1008 W storaged: health: invalid battery status
--------- beginning of radio
06-21 21:40:26.141   955   955 D RILD    : **RIL Daemon Started**
06-21 21:40:26.141   955   955 D RILD    : **RILd param count=3**
06-21 21:40:26.162   627   627 D Zygote64Timing: BeginPreload took to complete: 88ms
06-21 21:40:26.244   498   498 I auditd  : avc:  denied  { find } for interface=vendor.qti.hardware.slmadapter::ISlmAdapter sid=u:r:cnd:s0 pid=956 scontext=u:r:cnd:s0 tcontext=u:object_r:default_android_hwservice:s0 tclass=hwservice_manager permissive=0
06-21 21:40:26.271   881   881 I imsrcsd : Starting Service for First Time imsbaseimpl
06-21 21:40:26.279   881   881 I ServiceManagement: Registered com.qualcomm.qti.uceservice@2.2::IUceService/com.qualcomm.qti.uceservice (start delay of 619ms)
06-21 21:40:26.279   881   881 I imsrcsd : ImsRcsBaseImpl CM_IMSCONNECTIONMANAGER_CREATE_CONNECTION Before Registering Service
06-21 21:40:26.280   881   881 I ServiceManagement: Registered com.qualcomm.qti.imscmservice@2.2::IImsCmService/qti.ims.connectionmanagerservice (start delay of 620ms)
06-21 21:40:26.281   881   881 I imsrcsd : ImsRcsBaseImpl CM_IMSCONNECTIONMANAGER_CREATE_CONNECTION After Registering Service
06-21 21:40:26.292   881   881 I ServiceManagement: Registered vendor.qti.ims.callinfo@1.0::IService/default (start delay of 633ms)
06-21 21:40:26.293   881   881 I imsrcsd : ImsRcsBaseImpl ImsCallInfo After Registering Service
06-21 21:40:26.294   881   881 I ServiceManagement: Registered vendor.qti.ims.factory@1.0::IImsFactory/default (start delay of 635ms)
06-21 21:40:26.295   881   881 I imsrcsd : ImsRcsBaseImpl : Successfully registered ImsFactory
06-21 21:40:27.243   627   627 D TelephonyManager: No /proc/cmdline exception=java.io.FileNotFoundException: /proc/cmdline: open failed: EACCES (Permission denied)
06-21 21:40:27.243   627   627 D TelephonyManager: /proc/cmdline=
06-21 21:40:27.364   627   627 D Zygote64Timing: PreloadClasses took to complete: 1202ms
06-21 21:40:27.375   627   627 D Zygote64Timing: CacheNonBootClasspathClassLoaders took to complete: 11ms
06-21 21:40:27.742   627   627 D Zygote64Timing: PreloadResources took to complete: 367ms
06-21 21:40:27.933   627   627 I boot_progress_preload_end: 12563
06-21 21:40:27.933   627   627 D Zygote64Timing: ZygotePreload took to complete: 1859ms
06-21 21:40:27.976   627   627 D Zygote64Timing: PostZygoteInitGC took to complete: 43ms
06-21 21:40:27.976   627   627 D Zygote64Timing: ZygoteInit took to complete: 1902ms
06-21 21:40:28.205   666   666 I auditd  : type=1400 audit(0.0:7): avc: denied { read } for comm="HwBinder:666_2" name="u:object_r:default_prop:s0" dev="tmpfs" ino=12035 scontext=u:r:hal_audio_default:s0 tcontext=u:object_r:default_prop:s0 tclass=file permissive=0
06-21 21:40:28.226  1298  1298 I chatty  : uid=1000 system_server expire 228 lines
06-21 21:40:28.229  1298  1298 I system_server_start: [1,12854,12854]
06-21 21:40:28.231  1298  1298 I boot_progress_system_run: 12861
06-21 21:40:28.231  1298  1298 I sysui_multi_action: [757,804,799,boot_system_server_init,801,12861,802,1]
06-21 21:40:28.505  1298  1357 I chatty  : uid=1000 system_server expire 5 lines
06-21 21:40:28.597  1298  1364 I chatty  : uid=1000(system) batterystats-wo expire 4 lines
06-21 21:40:28.625  1298  1359 I commit_sys_config_file: [batterystats,5]
06-21 21:40:28.631  1298  1359 I commit_sys_config_file: [batterystats,6]
06-21 21:40:28.737  1298  1353 I chatty  : uid=1000(system) android.display expire 3 lines
06-21 21:40:28.741  1298  1298 I sysui_multi_action: [757,804,799,boot_package_manager_init_start,801,13371,802,1]
06-21 21:40:28.756  1298  1298 I boot_progress_pms_start: 13386
06-21 21:40:28.889  1366  1375 D BootAnimation: BootAnimationShownTiming start time: 13519ms
06-21 21:40:28.945  1298  1298 I boot_progress_pms_system_scan_start: 13575
06-21 21:40:29.099  1298  1298 I boot_progress_pms_data_scan_start: 13729
06-21 21:40:29.108  1298  1298 I boot_progress_pms_scan_end: 13738
06-21 21:40:29.220  1298  1413 I chatty  : uid=1000 system_server expire 2 lines
06-21 21:40:29.288  1298  1298 I commit_sys_config_file: [package-user-0,5]
06-21 21:40:29.288  1298  1298 I commit_sys_config_file: [package,75]
06-21 21:40:29.288  1298  1298 I boot_progress_pms_ready: 13918
06-21 21:40:29.338  1298  1298 I sysui_multi_action: [757,804,799,boot_package_manager_init_ready,801,13969,802,1]
06-21 21:40:29.341  1298  1298 I am_uid_running: 1000
06-21 21:40:29.343  1298  1298 I am_uid_active: 1000
06-21 21:40:29.368   934  1008 I storaged: storaged: Start
06-21 21:40:29.497  1298  1359 I commit_sys_config_file: [package-perms-0,7]
06-21 21:40:29.512  1298  1420 I chatty  : uid=1000 system_server expire 3 lines
06-21 21:40:29.516  1298  1352 I commit_sys_config_file: [overlays,5]
06-21 21:40:29.522  1298  1358 I battery_status: [1,1,0,1,Li-ion]
06-21 21:40:29.555  1298  1428 I chatty  : uid=1000 system_server expire 2 lines
06-21 21:40:29.557  1298  1429 I chatty  : uid=1000 system_server expire 2 lines
06-21 21:40:29.570   628   628 D ZygoteInitTiming_lazy: BeginPreload took to complete: 12ms
06-21 21:40:29.713  1298  1453 I chatty  : uid=1000(system) DataReceiver expire 1 line
06-21 21:40:29.733  1298  1352 I chatty  : uid=1000(system) android.io expire 1 line
06-21 21:40:29.757  1298  1298 I wm_stack_created: 0
06-21 21:40:29.767  1298  1457 I chatty  : uid=1000 system_server expire 3 lines
06-21 21:40:29.781  1298  1461 I chatty  : uid=1000(system) NetworkWatchlis expire 1 line
06-21 21:40:29.784  1298  1298 I chatty  : uid=1000 system_server expire 219 lines
06-21 21:40:29.787  1298  1413 I chatty  : uid=1000 system_server expire 3 lines
06-21 21:40:29.802  1298  1352 I chatty  : uid=1000(system) android.io expire 3 lines
06-21 21:40:29.806  1298  1459 I chatty  : uid=1000(system) InputReader expire 15 lines
06-21 21:40:29.818  1298  1298 I configuration_changed: 536894968
06-21 21:40:29.822  1298  1359 I chatty  : uid=1000(system) android.bg expire 3 lines
06-21 21:40:29.833  1298  1298 I sysui_multi_action: [757,1659,758,4,759,2,1660,0]
06-21 21:40:29.843  1298  1463 I chatty  : uid=1000(system) StorageManagerS expire 3 lines
06-21 21:40:29.847  1298  1464 I chatty  : uid=1000 system_server expire 4 lines
06-21 21:40:29.848  1298  1464 I configuration_changed: 512
06-21 21:40:29.860   507  1465 I vold    : [libfs_mgr]dt_fstab: Skip disabled entry for partition vendor
06-21 21:40:29.861  1298  1466 I chatty  : uid=1000 system_server expire 3 lines
06-21 21:40:29.861   507  1465 D vold    : Starting trim of /metadata
06-21 21:40:29.866   507  1465 I vold    : Trimmed 28217344 bytes on /metadata in 4ms
06-21 21:40:29.866   507  1465 D vold    : Starting trim of /data
06-21 21:40:29.866  1298  1439 I chatty  : uid=1000(system) Binder:1298_3 expire 1 line
06-21 21:40:29.897   628   628 D TelephonyManager: No /proc/cmdline exception=java.io.FileNotFoundException: /proc/cmdline: open failed: EACCES (Permission denied)
06-21 21:40:29.897   628   628 D TelephonyManager: /proc/cmdline=
06-21 21:40:29.991   628   628 D ZygoteInitTiming_lazy: PreloadClasses took to complete: 422ms
06-21 21:40:30.024   628   628 D ZygoteInitTiming_lazy: CacheNonBootClasspathClassLoaders took to complete: 32ms
06-21 21:40:30.029  1298  1298 E TelephonyManager: IMSI error: Subscriber Info is null
06-21 21:40:30.036  1298  1431 I commit_sys_config_file: [settings-0-0,16]
06-21 21:40:30.124   628   628 D ZygoteInitTiming_lazy: PreloadResources took to complete: 101ms
06-21 21:40:30.263  1298  1483 I storage_state: [41217664-9172-527a-b3d5-edabb50a7d69,0,0,14031200256,14697467904]
06-21 21:40:30.288  1298  1352 I commit_sys_config_file: [notification-policy,35]
06-21 21:40:30.294  1298  1298 I stream_devices_changed: [0,0,2]
06-21 21:40:30.294  1298  1298 I stream_devices_changed: [2,0,2]
06-21 21:40:30.294  1298  1298 I stream_devices_changed: [3,0,2]
06-21 21:40:30.295  1298  1298 I stream_devices_changed: [4,0,2]
06-21 21:40:30.295  1298  1298 I stream_devices_changed: [6,0,2]
06-21 21:40:30.324  1298  1352 I commit_sys_config_file: [notification-policy,34]
06-21 21:40:30.326  1298  1358 I chatty  : uid=1000(system) HwBinder:1298_1 expire 1 line
06-21 21:40:30.328  1298  1298 D SystemServerTiming: StartUsbService took to complete: 16ms
06-21 21:40:30.329  1298  1298 I SystemServer: StartSerialService
06-21 21:40:30.329  1298  1298 D SystemServerTiming: StartSerialService took to complete: 0ms
06-21 21:40:30.330  1298  1298 I SystemServer: StartHardwarePropertiesManagerService
06-21 21:40:30.332  1298  1298 D SystemServerTiming: StartHardwarePropertiesManagerService took to complete: 2ms
06-21 21:40:30.332  1298  1298 I SystemServer: StartTwilightService
06-21 21:40:30.332  1298  1298 I SystemServiceManager: Starting com.android.server.twilight.TwilightService
06-21 21:40:30.332  1298  1298 D SystemServerTiming: StartTwilightService took to complete: 0ms
06-21 21:40:30.332  1298  1298 I SystemServer: StartColorDisplay
06-21 21:40:30.332  1298  1298 I SystemServiceManager: Starting com.android.server.display.color.ColorDisplayService
06-21 21:40:30.333  1298  1298 D SystemServerTiming: StartColorDisplay took to complete: 1ms
06-21 21:40:30.333  1298  1298 I SystemServer: StartJobScheduler
06-21 21:40:30.333  1298  1298 I SystemServiceManager: Starting com.android.server.job.JobSchedulerService
06-21 21:40:30.347  1298  1298 D JobStore: Start tag: job-info
06-21 21:40:30.353  1298  1298 I JobStore: Read 2 jobs
06-21 21:40:30.356  1298  1298 D SystemServerTiming: StartJobScheduler took to complete: 23ms
06-21 21:40:30.356  1298  1298 I SystemServer: StartSoundTrigger
06-21 21:40:30.356  1298  1298 I SystemServiceManager: Starting com.android.server.soundtrigger.SoundTriggerService
06-21 21:40:30.357  1298  1298 D SystemServerTiming: StartSoundTrigger took to complete: 1ms
06-21 21:40:30.357  1298  1298 I SystemServer: StartTrustManager
06-21 21:40:30.357  1298  1298 I SystemServiceManager: Starting com.android.server.trust.TrustManagerService
06-21 21:40:30.358  1298  1298 D SystemServerTiming: StartTrustManager took to complete: 1ms
06-21 21:40:30.358  1298  1298 I SystemServer: StartBackupManager
06-21 21:40:30.358  1298  1298 I SystemServiceManager: Starting com.android.server.backup.BackupManagerService$Lifecycle
06-21 21:40:30.363  1298  1298 D SystemServerTiming: StartBackupManager took to complete: 5ms
06-21 21:40:30.363  1298  1298 I SystemServer: StartAppWidgetService
06-21 21:40:30.363  1298  1298 I SystemServiceManager: Starting com.android.server.appwidget.AppWidgetService
06-21 21:40:30.364  1298  1298 D SystemServerTiming: StartAppWidgetService took to complete: 1ms
06-21 21:40:30.364  1298  1298 I SystemServer: StartRoleManagerService
06-21 21:40:30.365  1298  1298 D SystemServerTiming: StartRoleManagerService took to complete: 2ms
06-21 21:40:30.365  1298  1298 I SystemServer: StartVoiceRecognitionManager
06-21 21:40:30.365  1298  1298 I SystemServiceManager: Starting com.android.server.voiceinteraction.VoiceInteractionManagerService
06-21 21:40:30.370  1298  1298 I RoleUserState: Read roles.xml successfully
06-21 21:40:30.371  1298  1298 D SystemServerTiming: StartVoiceRecognitionManager took to complete: 5ms
06-21 21:40:30.371  1298  1298 I SystemServer: StartGestureLauncher
06-21 21:40:30.371  1298  1298 I SystemServiceManager: Starting com.android.server.GestureLauncherService
06-21 21:40:30.371  1298  1298 D SystemServerTiming: StartGestureLauncher took to complete: 0ms
06-21 21:40:30.371  1298  1298 I SystemServer: StartSensorNotification
06-21 21:40:30.371  1298  1298 I SystemServiceManager: Starting com.android.server.SensorNotificationService
06-21 21:40:30.371  1298  1298 D SystemServerTiming: StartSensorNotification took to complete: 0ms
06-21 21:40:30.371  1298  1298 I SystemServer: StartContextHubSystemService
06-21 21:40:30.371  1298  1298 I SystemServiceManager: Starting com.android.server.ContextHubSystemService
06-21 21:40:30.371  1298  1298 D SystemServerTiming: StartContextHubSystemService took to complete: 0ms
06-21 21:40:30.371  1298  1298 I SystemServer: StartDiskStatsService
06-21 21:40:30.371  1298  1357 D SystemServerInitThreadPool: Started executing Init ContextHubSystemService
06-21 21:40:30.372  1298  1298 D SystemServerTiming: StartDiskStatsService took to complete: 1ms
06-21 21:40:30.372  1298  1298 I SystemServer: RuntimeService
06-21 21:40:30.372  1298  1357 D SystemServerInitThreadPool: Finished executing Init ContextHubSystemService
06-21 21:40:30.372  1298  1298 D SystemServerTiming: RuntimeService took to complete: 1ms
06-21 21:40:30.372  1298  1298 I SystemServer: StartNetworkTimeUpdateService
06-21 21:40:30.373  1298  1298 D SystemServer: Using networkTimeUpdater class=class com.android.server.NewNetworkTimeUpdateService
06-21 21:40:30.373  1298  1298 D SystemServerTiming: StartNetworkTimeUpdateService took to complete: 0ms
06-21 21:40:30.373  1298  1298 I SystemServer: CertBlacklister
06-21 21:40:30.373  1298  1298 D SystemServerTiming: CertBlacklister took to complete: 1ms
06-21 21:40:30.373  1298  1298 I SystemServer: StartEmergencyAffordanceService
06-21 21:40:30.374  1298  1298 I SystemServiceManager: Starting com.android.server.emergency.EmergencyAffordanceService
06-21 21:40:30.374  1298  1298 D SystemServerTiming: StartEmergencyAffordanceService took to complete: 0ms
06-21 21:40:30.374  1298  1298 I SystemServer: StartDreamManager
06-21 21:40:30.374  1298  1298 I SystemServiceManager: Starting com.android.server.dreams.DreamManagerService
06-21 21:40:30.374  1298  1298 D SystemServerTiming: StartDreamManager took to complete: 0ms
06-21 21:40:30.374  1298  1298 I SystemServer: AddGraphicsStatsService
06-21 21:40:30.375   683   683 I auditd  : type=1400 audit(0.0:8): avc: denied { read } for comm="cec@1.0-service" name="pa" dev="sysfs" ino=32090 scontext=u:r:hal_tv_cec_default:s0 tcontext=u:object_r:sysfs:s0 tclass=file permissive=0
06-21 21:40:30.375  1298  1298 D SystemServerTiming: AddGraphicsStatsService took to complete: 1ms
06-21 21:40:30.375  1298  1298 I SystemServer: StartPrintManager
06-21 21:40:30.375  1298  1298 I SystemServiceManager: Starting com.android.server.print.PrintManagerService
06-21 21:40:30.376  1298  1298 D SystemServerTiming: StartPrintManager took to complete: 1ms
06-21 21:40:30.376  1298  1298 I SystemServer: StartCompanionDeviceManager
06-21 21:40:30.376  1298  1298 I SystemServiceManager: Starting com.android.server.companion.CompanionDeviceManagerService
06-21 21:40:30.377  1298  1298 D SystemServerTiming: StartCompanionDeviceManager took to complete: 1ms
06-21 21:40:30.377  1298  1298 I SystemServer: StartRestrictionManager
06-21 21:40:30.377  1298  1298 I SystemServiceManager: Starting com.android.server.restrictions.RestrictionsManagerService
06-21 21:40:30.377  1298  1298 I service_manager_stats: [100,20,15007]
06-21 21:40:30.377  1298  1298 D SystemServerTiming: StartRestrictionManager took to complete: 0ms
06-21 21:40:30.377  1298  1298 I SystemServer: StartMediaSessionService
06-21 21:40:30.377  1298  1298 I SystemServiceManager: Starting com.android.server.media.MediaSessionService
06-21 21:40:30.383  1298  1298 D SystemServerTiming: StartMediaSessionService took to complete: 7ms
06-21 21:40:30.384  1298  1298 I SystemServer: StartHdmiControlService
06-21 21:40:30.384  1298  1298 I SystemServiceManager: Starting com.android.server.hdmi.HdmiControlService
06-21 21:40:30.386  1298  1298 D HDMI    : setOption: [flag:3, enabled:true]
06-21 21:40:30.388  1298  1298 I HdmiControlService: Device does not support MHL-control.
06-21 21:40:30.389  1298  1495 W HDMI    : [1]:Failed to send a polling message(4->4) with return code 3
06-21 21:40:30.389  1298  1495 D HDMI    : New logical address for device [4]: [preferred:4, assigned:4]
06-21 21:40:30.391  1298  1298 D SystemServerTiming: StartHdmiControlService took to complete: 7ms
06-21 21:40:30.391  1298  1298 I SystemServer: StartMediaResourceMonitor
06-21 21:40:30.391  1298  1298 I SystemServiceManager: Starting com.android.server.media.MediaResourceMonitorService
06-21 21:40:30.391  1298  1298 D SystemServerTiming: StartMediaResourceMonitor took to complete: 0ms
06-21 21:40:30.391  1298  1298 I SystemServer: StartMediaRouterService
06-21 21:40:30.392  1298  1298 D SystemServerTiming: StartMediaRouterService took to complete: 1ms
06-21 21:40:30.392  1298  1298 I SystemServer: StartBackgroundDexOptService
06-21 21:40:30.392  1298  1298 D SystemServerTiming: StartBackgroundDexOptService took to complete: 0ms
06-21 21:40:30.392  1298  1298 I SystemServer: StartDynamicCodeLoggingService
06-21 21:40:30.393  1298  1298 D SystemServerTiming: StartDynamicCodeLoggingService took to complete: 1ms
06-21 21:40:30.393  1298  1298 I SystemServer: StartPruneInstantAppsJobService
06-21 21:40:30.393  1298  1298 D SystemServerTiming: StartPruneInstantAppsJobService took to complete: 0ms
06-21 21:40:30.393  1298  1298 I SystemServer: StartShortcutServiceLifecycle
06-21 21:40:30.393  1298  1298 I SystemServiceManager: Starting com.android.server.pm.ShortcutService$Lifecycle
06-21 21:40:30.394  1298  1298 D SystemServerTiming: StartShortcutServiceLifecycle took to complete: 1ms
06-21 21:40:30.394  1298  1298 I SystemServer: StartLauncherAppsService
06-21 21:40:30.394  1298  1298 I SystemServiceManager: Starting com.android.server.pm.LauncherAppsService
06-21 21:40:30.394  1298  1298 D SystemServerTiming: StartLauncherAppsService took to complete: 1ms
06-21 21:40:30.394  1298  1298 I SystemServer: StartCrossProfileAppsService
06-21 21:40:30.395  1298  1298 I SystemServiceManager: Starting com.android.server.pm.CrossProfileAppsService
06-21 21:40:30.395  1298  1298 D SystemServerTiming: StartCrossProfileAppsService took to complete: 0ms
06-21 21:40:30.395  1298  1298 I SystemServer: StartMediaProjectionManager
06-21 21:40:30.395  1298  1298 I SystemServiceManager: Starting com.android.server.media.projection.MediaProjectionManagerService
06-21 21:40:30.396  1298  1298 D SystemServerTiming: StartMediaProjectionManager took to complete: 1ms
06-21 21:40:30.396  1298  1298 I SystemServer: StartSliceManagerService
06-21 21:40:30.396  1298  1298 I SystemServiceManager: Starting com.android.server.slice.SliceManagerService$Lifecycle
06-21 21:40:30.397  1298  1298 D SystemServerTiming: StartSliceManagerService took to complete: 1ms
06-21 21:40:30.397  1298  1298 I SystemServer: StartCameraServiceProxy
06-21 21:40:30.397  1298  1298 I SystemServiceManager: Starting com.android.server.camera.CameraServiceProxy
06-21 21:40:30.399  1298  1298 D SystemServerTiming: StartCameraServiceProxy took to complete: 2ms
06-21 21:40:30.399  1298  1298 I SystemServer: StartStatsCompanionService
06-21 21:40:30.399  1298  1298 I SystemServiceManager: Starting com.android.server.stats.StatsCompanionService$Lifecycle
06-21 21:40:30.407  1298  1298 I StatsCompanionService: register thermal listener successfully
06-21 21:40:30.409  1298  1298 D SystemServerTiming: StartStatsCompanionService took to complete: 10ms
06-21 21:40:30.409  1298  1298 I SystemServer: StartIncidentCompanionService
06-21 21:40:30.409  1298  1298 I SystemServiceManager: Starting com.android.server.incident.IncidentCompanionService
06-21 21:40:30.409  1298  1298 D SystemServerTiming: StartIncidentCompanionService took to complete: 0ms
06-21 21:40:30.409  1298  1298 I SystemServer: StartMmsService
06-21 21:40:30.409  1298  1298 I SystemServiceManager: Starting com.android.server.MmsServiceBroker
06-21 21:40:30.409  1298  1298 D SystemServerTiming: StartMmsService took to complete: 1ms
06-21 21:40:30.409  1298  1298 I SystemServer: StartAutoFillService
06-21 21:40:30.410  1298  1298 I SystemServiceManager: Starting com.android.server.autofill.AutofillManagerService
06-21 21:40:30.411  1298  1298 D AutofillManagerService: setLogLevelFromSettings(): level=2, debug=true, verbose=false
06-21 21:40:30.416  1298  1298 D AutofillManagerService: setMaxPartitionsFromSettings(): 10
06-21 21:40:30.416  1298  1298 D AutofillManagerService: setMaxVisibleDatasetsFromSettings(): 0
06-21 21:40:30.417  1298  1298 D AutofillManagerServiceImpl: Reset component for user 0:
06-21 21:40:30.417  1298  1351 D AutofillUI: destroySaveUiUiThread(): already destroyed
06-21 21:40:30.418  1298  1298 D SystemServerTiming: StartAutoFillService took to complete: 8ms
06-21 21:40:30.418  1298  1298 I SystemServer: StartClipboardService
06-21 21:40:30.418  1298  1298 I SystemServiceManager: Starting com.android.server.clipboard.ClipboardService
06-21 21:40:30.418  1298  1298 D SystemServerTiming: StartClipboardService took to complete: 0ms
06-21 21:40:30.418  1298  1298 I SystemServer: AppServiceManager
06-21 21:40:30.418  1298  1298 I SystemServiceManager: Starting com.android.server.appbinding.AppBindingService$Lifecycle
06-21 21:40:30.419  1298  1298 D SystemServerTiming: AppServiceManager took to complete: 1ms
06-21 21:40:30.419  1298  1298 I SystemServer: MakeVibratorServiceReady
06-21 21:40:30.420  1298  1298 D SystemServerTiming: MakeVibratorServiceReady took to complete: 1ms
06-21 21:40:30.420  1298  1298 I SystemServer: MakeLockSettingsServiceReady
06-21 21:40:30.438  1298  1298 I SyntheticPasswordManager: Device does not support weaver
06-21 21:40:30.439  1298  1298 I LockSettingsService: Device doesn't implement AuthSecret HAL
06-21 21:40:30.440  1298  1298 E LockSettingsStorage: Cannot read file java.io.FileNotFoundException: /data/system/gatekeeper.password.key: open failed: ENOENT (No such file or directory)
06-21 21:40:30.440  1298  1298 E LockSettingsStorage: Cannot read file java.io.FileNotFoundException: /data/system/password.key: open failed: ENOENT (No such file or directory)
06-21 21:40:30.440  1298  1298 E LockSettingsStorage: Cannot read file java.io.FileNotFoundException: /data/system/gatekeeper.pattern.key: open failed: ENOENT (No such file or directory)
06-21 21:40:30.441  1298  1298 E LockSettingsStorage: Cannot read file java.io.FileNotFoundException: /data/system/gatekeeper.gesture.key: open failed: ENOENT (No such file or directory)
06-21 21:40:30.441  1298  1298 E LockSettingsStorage: Cannot read file java.io.FileNotFoundException: /data/system/gesture.key: open failed: ENOENT (No such file or directory)
06-21 21:40:30.441  1298  1298 D SystemServerTiming: MakeLockSettingsServiceReady took to complete: 21ms
06-21 21:40:30.441  1298  1298 I SystemServer: StartBootPhaseLockSettingsReady
06-21 21:40:30.441  1298  1298 I SystemServiceManager: Starting phase 480
06-21 21:40:30.441  1298  1298 I DdcciManagerService: onBootPhase:480
06-21 21:40:30.450  1298  1298 I DevicePolicyManager: Set ro.device_owner property to false
06-21 21:40:30.451  1298  1420 D SystemServerInitThreadPool: Started executing DevicePolicyManager
06-21 21:40:30.451  1298  1420 D SystemServerInitThreadPool: Finished executing DevicePolicyManager
06-21 21:40:30.454  1298  1298 D SystemServerTiming: StartBootPhaseLockSettingsReady took to complete: 13ms
06-21 21:40:30.454  1298  1298 I SystemServer: StartBootPhaseSystemServicesReady
06-21 21:40:30.454  1298  1298 I SystemServiceManager: Starting phase 500
06-21 21:40:30.455  1298  1298 D AppStandbyController: Setting app idle enabled state
06-21 21:40:30.459  1298  1298 I DdcciManagerService: onBootPhase:500
06-21 21:40:30.460  1298  1298 D TestHarnessModeService: Setting up test harness mode
06-21 21:40:30.460  1298  1298 D TestHarnessModeService: Getting PersistentDataBlockManagerInternal from LocalServices
06-21 21:40:30.487  1298  1298 I WifiService: WifiService starting up with Wi-Fi disabled
06-21 21:40:30.502  1298  1476 D ConnectivityService: Got NetworkFactory Messenger for Ethernet
06-21 21:40:30.520  1298  1298 I am_wtf  : [0,1298,system_server,-1,SystemServiceRegistry,No service published for: tv_input]
06-21 21:40:30.521  1298  1298 I DropBoxManagerService: add tag=system_server_wtf isTagEnabled=true flags=0x2
06-21 21:40:30.536  1298  1298 D SystemServerTiming: StartBootPhaseSystemServicesReady took to complete: 82ms
06-21 21:40:30.536  1298  1298 I SystemServer: MakeWindowManagerServiceReady
06-21 21:40:30.543  1298  1298 D SystemServerTiming: MakeWindowManagerServiceReady took to complete: 7ms
06-21 21:40:30.544  1298  1298 I SystemServer: MakePowerManagerServiceReady
06-21 21:40:30.549  1298  1298 E DisplayPowerController: failed to set up display white-balance: java.lang.IllegalStateException: cannot find light sensor
06-21 21:40:30.555  1298  1428 D SystemServerTimingAsync: SecondaryZygotePreload took to complete: 1000ms
06-21 21:40:30.555  1298  1428 D SystemServerInitThreadPool: Finished executing SecondaryZygotePreload
06-21 21:40:30.555  1298  1369 W KeyguardServiceDelegate: onScreenTurningOn(): no keyguard service!
06-21 21:40:30.555  1298  1369 D DisplayPowerController: DisplayPowerController autoBrightnessEnabled: false
06-21 21:40:30.558  1298  1364 E KernelCpuSpeedReader: Failed to read cpu-freq: /sys/devices/system/cpu/cpu4/cpufreq/stats/time_in_state: open failed: ENOENT (No such file or directory)
06-21 21:40:30.558  1298  1298 D SystemServerTiming: MakePowerManagerServiceReady took to complete: 14ms
06-21 21:40:30.558  1298  1298 I SystemServer: StartPermissionPolicyService
06-21 21:40:30.558  1298  1364 E KernelCpuSpeedReader: Failed to read cpu-freq: /sys/devices/system/cpu/cpu0/cpufreq/stats/time_in_state: open failed: ENOENT (No such file or directory)
06-21 21:40:30.558  1298  1298 I SystemServiceManager: Starting com.android.server.policy.PermissionPolicyService
06-21 21:40:30.560  1298  1298 D SystemServerTiming: StartPermissionPolicyService took to complete: 2ms
06-21 21:40:30.560  1298  1298 I SystemServer: MakePackageManagerServiceReady
06-21 21:40:30.561  1298  1369 V DisplayPowerController: Brightness [102] reason changing to: 'override', previous reason: '0'.
06-21 21:40:30.561  1298  1369 D DisplayPowerController: DisplayPowerController autoBrightnessEnabled: false
06-21 21:40:30.561  1298  1369 I chatty  : uid=1000(system) PowerManagerSer identical 1 line
06-21 21:40:30.562  1298  1369 D DisplayPowerController: DisplayPowerController autoBrightnessEnabled: false
06-21 21:40:30.564  1298  1298 I PackageManager: Un-granting permission android.permission.HIDE_NON_SYSTEM_OVERLAY_WINDOWS from package com.android.companiondevicemanager (protectionLevel=258 flags=0x30c83e45)
06-21 21:40:30.567  1298  1298 I PackageManager: Un-granting permission android.permission.BIND_WALLPAPER from package com.android.camera2 (protectionLevel=18 flags=0x2058bc45)
06-21 21:40:30.575   507   507 I auditd  : type=1400 audit(0.0:9): avc: denied { read } for comm="Binder:507_2" name="/" dev="mmcblk0p37" ino=2 scontext=u:r:vold:s0 tcontext=u:object_r:mnt_vendor_file:s0 tclass=dir permissive=0
06-21 21:40:30.578  1298  1298 I PackageManager: Un-granting permission android.permission.INTERACT_ACROSS_USERS_FULL from package org.codeaurora.snapcam (protectionLevel=258 flags=0x20d8bc45)
06-21 21:40:30.579  1298  1298 I PackageManager: Un-granting permission android.permission.SET_ORIENTATION from package org.codeaurora.snapcam (protectionLevel=2 flags=0x20d8bc45)
06-21 21:40:30.581   507  1465 I vold    : Trimmed 14095630336 bytes on /data in 714ms
06-21 21:40:30.581   507  1465 D vold    : Starting trim of /mnt/vendor/persist
06-21 21:40:30.581   507  1465 W vold    : Failed to open /mnt/vendor/persist: Permission denied
06-21 21:40:30.582  1298  1439 I DropBoxManagerService: add tag=storage_trim isTagEnabled=true flags=0x2
06-21 21:40:30.595  1298  1298 I commit_sys_config_file: [package-session,10]
06-21 21:40:30.597  1298  1298 V UserDataPreparer: Found /data/user_de/0 with serial number 0
06-21 21:40:30.597  1298  1298 V UserDataPreparer: Found /data/user/0 with serial number 0
06-21 21:40:30.597  1298  1298 V UserDataPreparer: Found /data/system_de/0 with serial number 0
06-21 21:40:30.597  1298  1298 V UserDataPreparer: Found /data/system_ce/0 with serial number 0
06-21 21:40:30.598  1298  1298 V UserDataPreparer: Found /data/misc_ce/0 with serial number 0
06-21 21:40:30.602  1298  1298 D SystemServerTiming: MakePackageManagerServiceReady took to complete: 42ms
06-21 21:40:30.602  1298  1298 I SystemServer: MakeDisplayManagerServiceReady
06-21 21:40:30.603  1298  1353 E DisplayModeDirector: Asked about unknown display, returning empty allowed set! (id=0)
06-21 21:40:30.603  1298  1353 E DisplayModeDirector: Asked about unknown display, returning empty allowed set! (id=0)
06-21 21:40:30.604  1298  1298 D SystemServerTiming: MakeDisplayManagerServiceReady took to complete: 2ms
06-21 21:40:30.604  1298  1298 I SystemServer: StartDeviceSpecificServices
06-21 21:40:30.605  1298  1298 D SystemServerTiming: StartDeviceSpecificServices took to complete: 0ms
06-21 21:40:30.605  1298  1298 I SystemServer: StartBootPhaseDeviceSpecificServicesReady
06-21 21:40:30.605  1298  1298 I SystemServiceManager: Starting phase 520
06-21 21:40:30.605  1298  1298 I DdcciManagerService: onBootPhase:520
06-21 21:40:30.605  1298  1298 D SystemServerTiming: StartBootPhaseDeviceSpecificServicesReady took to complete: 0ms
06-21 21:40:30.608  1298  1298 W UsageStatsService: Event reported without a package name, eventType:15
06-21 21:40:30.609  1298  1298 I AppOps  : Pruning old package system/com.android.server.appop.AppOpsService$UidState@4cc4e09: new uid=-1
06-21 21:40:30.610  1298  1298 I ActivityManager: System now ready
06-21 21:40:30.610  1298  1298 I boot_progress_ams_ready: 15240
06-21 21:40:30.636  1298  1298 I SystemServer: Making services ready
06-21 21:40:30.636  1298  1298 I SystemServer: StartActivityManagerReadyPhase
06-21 21:40:30.636  1298  1298 I SystemServiceManager: Starting phase 550
06-21 21:40:30.639  1298  1298 E ThermalHalWrapper: Thermal HAL 2.0 service not connected.
06-21 21:40:30.641  1298  1298 E ThermalHalWrapper: Thermal HAL 1.1 service not connected.
06-21 21:40:30.643  1298  1298 I ThermalHalWrapper: Thermal HAL 1.0 service connected, no thermal call back will be called due to legacy API.
06-21 21:40:30.684  1298  1298 W ActivityManager: Too early to start/bind service in system_server: Phase=550 ComponentInfo{com.android.server.telecom/com.android.server.telecom.components.TelecomService}
06-21 21:40:30.685  1298  1298 W ActivityManager: Too early to start/bind service in system_server: Phase=550 ComponentInfo{com.android.server.telecom/com.android.server.telecom.components.TelecomService}
06-21 21:40:30.688  1298  1298 I SyncManager: No initial accounts
06-21 21:40:30.689  1298  1298 I SyncManager: No initial status
06-21 21:40:30.690  1298  1298 I SyncManager: No initial statistics
06-21 21:40:30.693  1298  1298 D BluetoothManagerService: Bluetooth boot completed
06-21 21:40:30.693  1298  1298 D BluetoothManagerService: Auto-enabling Bluetooth.
06-21 21:40:30.694  1298  1352 D BluetoothManagerService: MESSAGE_ENABLE(0): mBluetooth = null
06-21 21:40:30.695  1298  1352 I am_uid_running: 1002
06-21 21:40:30.699  1298  1298 I DdcciManagerService: onBootPhase:550
06-21 21:40:30.711  1298  1361 I am_proc_start: [0,1507,1002,com.android.bluetooth,service,{com.android.bluetooth/com.android.bluetooth.btservice.AdapterService}]
06-21 21:40:30.711  1298  1361 I ActivityManager: Start proc 1507:com.android.bluetooth/1002 for service {com.android.bluetooth/com.android.bluetooth.btservice.AdapterService}
06-21 21:40:30.732  1298  1439 I am_proc_bound: [0,1507,com.android.bluetooth]
06-21 21:40:30.739  1298  1439 I am_uid_active: 1002
06-21 21:40:30.796  1298  1298 W SystemServiceManager: Service com.android.server.inputmethod.InputMethodManagerService$Lifecycle took 92 ms in onBootPhase
06-21 21:40:30.798  1298  1463 D StorageManagerService: Isolated storage local flag 0 and remote flag 0 resolved to true
06-21 21:40:30.799  1298  1298 I WallpaperManagerService: No static wallpaper imagery; defaults will be shown
06-21 21:40:30.799  1298  1298 V WallpaperManagerService: bindWallpaperComponentLocked: componentName=ComponentInfo{com.android.systemui/com.android.systemui.ImageWallpaper}
06-21 21:40:30.800  1298  1298 I am_uid_running: 10104
06-21 21:40:30.809  1298  1298 W WallpaperManagerService: Invalid wallpaper data
06-21 21:40:30.809  1298  1298 E WallpaperManagerService: Unable to apply new wallpaper
06-21 21:40:30.814  1298  1298 I AppBindingService: Updating constants with: null
06-21 21:40:30.815  1298  1484 W BluetoothManagerService: bindBluetoothProfileService:Trying to bind to profile: 1, while Bluetooth is disabled
06-21 21:40:30.815  1298  1352 D BluetoothManagerService: MESSAGE_REGISTER_ADAPTER
06-21 21:40:30.820  1298  1431 I commit_sys_config_file: [settings-0-0,23]
06-21 21:40:30.837  1298  1361 I am_proc_start: [0,1531,10104,com.android.systemui,service,{com.android.systemui/com.android.systemui.ImageWallpaper}]
06-21 21:40:30.837  1298  1361 I ActivityManager: Start proc 1531:com.android.systemui/u0a104 for service {com.android.systemui/com.android.systemui.ImageWallpaper}
06-21 21:40:30.840  1298  1330 I am_proc_bound: [0,1531,com.android.systemui]
06-21 21:40:30.840  1298  1298 I PackageManager: Un-granting permission android.permission.HIDE_NON_SYSTEM_OVERLAY_WINDOWS from package com.android.companiondevicemanager (protectionLevel=258 flags=0x30c83e45)
06-21 21:40:30.842  1298  1298 I PackageManager: Un-granting permission android.permission.BIND_WALLPAPER from package com.android.camera2 (protectionLevel=18 flags=0x2058bc45)
06-21 21:40:30.847  1298  1298 I PackageManager: Un-granting permission android.permission.INTERACT_ACROSS_USERS_FULL from package org.codeaurora.snapcam (protectionLevel=258 flags=0x20d8bc45)
06-21 21:40:30.847  1298  1298 I PackageManager: Un-granting permission android.permission.SET_ORIENTATION from package org.codeaurora.snapcam (protectionLevel=2 flags=0x20d8bc45)
06-21 21:40:30.848  1298  1529 D UsbHostManager: device class is black listed
06-21 21:40:30.850  1298  1298 D SystemServerTiming: StartActivityManagerReadyPhase took to complete: 214ms
06-21 21:40:30.850  1298  1298 I SystemServer: StartObservingNativeCrashes
06-21 21:40:30.850  1298  1298 D SystemServerTiming: StartObservingNativeCrashes took to complete: 0ms
06-21 21:40:30.850  1298  1298 I SystemServer: StartSystemUI
06-21 21:40:30.850  1298  1429 D SystemServerInitThreadPool: Started executing WebViewFactoryPreparation
06-21 21:40:30.850  1298  1429 I SystemServer: WebViewFactoryPreparation
06-21 21:40:30.853  1298  1330 I am_uid_active: 10104
06-21 21:40:30.857  1298  1429 I am_uid_running: 1037
06-21 21:40:30.858  1298  1429 D SystemServerTimingAsync: WebViewFactoryPreparation took to complete: 9ms
06-21 21:40:30.858  1298  1429 D SystemServerInitThreadPool: Finished executing WebViewFactoryPreparation
06-21 21:40:30.859  1298  1298 D SystemServerTiming: StartSystemUI took to complete: 9ms
06-21 21:40:30.859  1298  1298 I SystemServer: MakeNetworkManagementServiceReady
06-21 21:40:30.861  1298  1298 D SystemServerTiming: MakeNetworkManagementServiceReady took to complete: 2ms
06-21 21:40:30.861  1298  1298 I SystemServer: MakeIpSecServiceReady
06-21 21:40:30.862  1298  1298 D IpSecService: IpSecService is ready
06-21 21:40:30.862  1298  1298 D SystemServerTiming: MakeIpSecServiceReady took to complete: 1ms
06-21 21:40:30.862  1298  1298 I SystemServer: MakeNetworkStatsServiceReady
06-21 21:40:30.863  1298  1364 E BatteryExternalStatsWorker: no controller energy info supplied for telephony
06-21 21:40:30.872  1298  1298 D SystemServerTiming: MakeNetworkStatsServiceReady took to complete: 10ms
06-21 21:40:30.872  1298  1298 I SystemServer: MakeConnectivityServiceReady
06-21 21:40:30.873  1298  1298 D ConnectivityService: requestNetwork for uid/pid:1000/1298 NetworkRequest [ REQUEST id=6, [ Capabilities: INTERNET&NOT_RESTRICTED&TRUSTED&NOT_VPN] ]
06-21 21:40:30.876  1298  1469 I commit_sys_config_file: [net-policy,12]
06-21 21:40:30.876  1298  1469 W NetworkPolicy: setRestrictBackgroundUL: already false
06-21 21:40:30.880  1298  1298 D SystemServerTiming: MakeConnectivityServiceReady took to complete: 8ms
06-21 21:40:30.880  1298  1298 I SystemServer: MakeNetworkPolicyServiceReady
06-21 21:40:30.881  1298  1476 V NetPluginDelegate: registerHandler
06-21 21:40:30.897  1298  1469 D TelephonyRegistry: listen oscl: mHasNotifySubscriptionInfoChangedOccurred==false no callback
06-21 21:40:30.897  1298  1298 D SystemServerTiming: MakeNetworkPolicyServiceReady took to complete: 18ms
06-21 21:40:30.898  1298  1298 I SystemServer: PhaseThirdPartyAppsCanStart
06-21 21:40:30.898  1298  1298 I SystemServiceManager: Starting phase 600
06-21 21:40:30.900  1298  1298 I ExplicitHealthCheckController: Explicit health checks enabled.
06-21 21:40:30.900  1298  1298 I PackageWatchdog: Syncing state, reason: health check state enabled
06-21 21:40:30.900  1298  1298 I PackageWatchdog: Not pruning observers, elapsed time: 0ms
06-21 21:40:30.901  1298  1359 I PackageWatchdog: Saving observer state to file
06-21 21:40:30.901  1298  1298 I PackageWatchdog: Cancelling state sync, nothing to sync
06-21 21:40:30.902  1298  1298 I DdcciManagerService: onBootPhase:600
06-21 21:40:30.905  1298  1298 V WallpaperManagerService: bindWallpaperComponentLocked: componentName=ComponentInfo{com.android.systemui/com.android.systemui.ImageWallpaper}
06-21 21:40:30.912  1298  1298 D VoiceInteractionManagerService: switchImplementation(0) took to complete: 1ms
06-21 21:40:30.915  1298  1298 I StatsCompanionService: Told statsd that StatsCompanionService is alive.
06-21 21:40:30.917  1298  1298 D SystemServerTiming: PhaseThirdPartyAppsCanStart took to complete: 19ms
06-21 21:40:30.917  1298  1298 I SystemServer: StartNetworkStack
06-21 21:40:30.921  1298  1298 D SystemServerTiming: StartNetworkStack took to complete: 4ms
06-21 21:40:30.921  1298  1298 I SystemServer: MakeLocationServiceReady
06-21 21:40:30.929  1298  1361 W ActivityManager: Slow operation: 72ms so far, now at startProcess: returned from zygote!
06-21 21:40:30.929  1298  1298 E LocationManagerService: no geocoder provider found
06-21 21:40:30.929  1298  1361 W ActivityManager: Slow operation: 72ms so far, now at startProcess: done updating battery stats
06-21 21:40:30.929  1298  1361 I am_proc_start: [0,1563,1037,WebViewLoader-armeabi-v7a,NULL,]
06-21 21:40:30.929  1298  1361 W ActivityManager: Slow operation: 72ms so far, now at startProcess: building log message
06-21 21:40:30.929  1298  1298 D LocationManagerService: Unable to bind FLP Geofence proxy.
06-21 21:40:30.929  1298  1361 I ActivityManager: Start proc 1563:WebViewLoader-armeabi-v7a/1037 [android.webkit.WebViewLibraryLoader$RelroFileCreator] for null
