01-06 23:22:12.404   959   959 I MediaCodecsXmlParser: limit: measured-frame-rate-1920x1088-range = 224-226
01-06 23:22:12.404   959   959 I MediaCodecsXmlParser: limit: measured-frame-rate-3840x2160-range = 30-40
01-06 23:22:12.404   959   959 I MediaCodecsXmlParser: limit: measured-frame-rate-176x144-range = 890-898
01-06 23:22:12.404   959   959 I MediaCodecsXmlParser: limit: measured-frame-rate-352x288-range = 840-850
01-06 23:22:12.404   959   959 I MediaCodecsXmlParser: limit: measured-frame-rate-176x144-range = 850-875
01-06 23:22:12.404   959   959 I MediaCodecsXmlParser: limit: measured-frame-rate-480x360-range = 766-794
01-06 23:22:12.404   959   959 I MediaCodecsXmlParser: limit: measured-frame-rate-320x180-range = 680-696
01-06 23:22:12.404   959   959 I MediaCodecsXmlParser: limit: measured-frame-rate-640x360-range = 400-415
01-06 23:22:12.404   959   959 I MediaCodecsXmlParser: limit: measured-frame-rate-1280x720-range = 350-358
01-06 23:22:12.404   959   959 I MediaCodecsXmlParser: limit: measured-frame-rate-1920x1080-range = 199-199
01-06 23:22:12.404   959   959 I MediaCodecsXmlParser: limit: measured-frame-rate-320x180-range = 500-524
01-06 23:22:12.404   959   959 I MediaCodecsXmlParser: limit: measured-frame-rate-640x360-range = 360-366
01-06 23:22:12.404   959   959 I MediaCodecsXmlParser: limit: measured-frame-rate-1280x720-range = 190-210
01-06 23:22:12.404   959   959 I MediaCodecsXmlParser: limit: measured-frame-rate-1920x1080-range = 170-190
01-06 23:22:12.404   959   959 I MediaCodecsXmlParser: limit: measured-frame-rate-3840x2160-range = 48-48
01-06 23:22:12.404   959   959 I MediaCodecsXmlParser: limit: measured-frame-rate-320x240-range = 320-350
01-06 23:22:12.404   959   959 I MediaCodecsXmlParser: limit: measured-frame-rate-720x480-range = 100-130
01-06 23:22:12.404   959   959 I MediaCodecsXmlParser: limit: measured-frame-rate-1280x720-range = 50-58
01-06 23:22:12.404   959   959 I MediaCodecsXmlParser: limit: measured-frame-rate-1920x1080-range = 20-30
01-06 23:22:12.404   959   959 D MediaCodecsXmlParser: MediaCodec: cannot update non-existing codec at line 139 of /vendor/etc/media_codecs_performance.xml
01-06 23:22:12.404   959   959 I MediaCodecsXmlParser: limit: measured-frame-rate-352x288-range = 458-458
01-06 23:22:12.404   959   959 I MediaCodecsXmlParser: limit: measured-frame-rate-640x360-range = 210-215
01-06 23:22:12.404   959   959 I MediaCodecsXmlParser: limit: measured-frame-rate-720x480-range = 120-125
01-06 23:22:12.404   959   959 I MediaCodecsXmlParser: limit: measured-frame-rate-1280x720-range = 70-85
01-06 23:22:12.404   959   959 I MediaCodecsXmlParser: limit: measured-frame-rate-1920x1080-range = 45-48
01-06 23:22:12.404   959   959 D MediaCodecsXmlParser: MediaCodec: cannot update non-existing codec at line 152 of /vendor/etc/media_codecs_performance.xml
01-06 23:22:12.404   959   959 I MediaCodecsXmlParser: limit: measured-frame-rate-176x144-range = 190-210
01-06 23:22:12.404   959   959 I MediaCodecsXmlParser: limit: measured-frame-rate-352x288-range = 170-182
01-06 23:22:12.404   959   959 D MediaCodecsXmlParser: MediaCodec: cannot update non-existing codec at line 163 of /vendor/etc/media_codecs_performance.xml
01-06 23:22:12.404   959   959 I MediaCodecsXmlParser: limit: measured-frame-rate-320x240-range = 575-580
01-06 23:22:12.404   959   959 I MediaCodecsXmlParser: limit: measured-frame-rate-640x360-range = 200-220
01-06 23:22:12.404   959   959 I MediaCodecsXmlParser: limit: measured-frame-rate-1280x720-range = 45-55
01-06 23:22:12.404   959   959 I MediaCodecsXmlParser: limit: measured-frame-rate-1920x1080-range = 18-22
01-06 23:22:12.404   959   959 D MediaCodecsXmlParser: MediaCodec: cannot update non-existing codec at line 173 of /vendor/etc/media_codecs_performance.xml
01-06 23:22:12.404   959   959 I MediaCodecsXmlParser: limit: measured-frame-rate-320x240-range = 580-604
01-06 23:22:12.404   959   959 I MediaCodecsXmlParser: limit: measured-frame-rate-640x360-range = 180-185
01-06 23:22:12.404   959   959 I MediaCodecsXmlParser: limit: measured-frame-rate-1280x720-range = 88-92
01-06 23:22:12.404   959   959 I MediaCodecsXmlParser: limit: measured-frame-rate-1920x1080-range = 47-52
01-06 23:22:12.404   959   959 D MediaCodecsXmlParser: MediaCodec: cannot update non-existing codec at line 185 of /vendor/etc/media_codecs_performance.xml
01-06 23:22:12.404   959   959 I MediaCodecsXmlParser: limit: measured-frame-rate-176x144-range = 380-400
01-06 23:22:12.404   959   959 D MediaCodecsXmlParser: MediaCodec: cannot update non-existing codec at line 197 of /vendor/etc/media_codecs_performance.xml
01-06 23:22:12.404   959   959 D MediaCodecsXmlParser: Cannot find /data/misc/media/media_codecs_profiling_results.xml
01-06 23:22:12.406   959   959 I ServiceManagement: Registered android.hardware.media.omx@1.0::IOmx/default (start delay of 553ms)
01-06 23:22:12.406   959   959 I ServiceManagement: Removing namespace from process name android.hardware.media.omx@1.0-service to omx@1.0-service.
01-06 23:22:12.406   959   959 I media.codec: IOmx HAL service created.
01-06 23:22:12.407   959   959 I MediaCodecsXmlParser: getVendorXmlPath (/vendor/etc/media_codecs_vendor.xml)
01-06 23:22:12.407   959   959 D MediaCodecsXmlParser: parsing /vendor/etc/media_codecs_vendor.xml...
01-06 23:22:12.407   959   959 D MediaCodecsXmlParser: parsing /vendor/etc/media_codecs_google_audio.xml...
01-06 23:22:12.407   959   959 I MediaCodecsXmlParser: limit: max-channel-count = 2
01-06 23:22:12.407   959   959 I MediaCodecsXmlParser: limit: sample-rate-ranges = 8000,11025,12000,16000,22050,24000,32000,44100,48000
01-06 23:22:12.407   959   959 I MediaCodecsXmlParser: limit: bitrate-range = 8000-320000
01-06 23:22:12.407   959   959 I MediaCodecsXmlParser: limit: max-channel-count = 1
01-06 23:22:12.407   959   959 I MediaCodecsXmlParser: limit: sample-rate-ranges = 8000
01-06 23:22:12.407   959   959 I MediaCodecsXmlParser: limit: bitrate-range = 4750-12200
01-06 23:22:12.407   959   959 I MediaCodecsXmlParser: limit: max-channel-count = 1
01-06 23:22:12.407   959   959 I MediaCodecsXmlParser: limit: sample-rate-ranges = 16000
01-06 23:22:12.407   959   959 I MediaCodecsXmlParser: limit: bitrate-range = 6600-23850
01-06 23:22:12.407   959   959 I MediaCodecsXmlParser: limit: max-channel-count = 8
01-06 23:22:12.407   959   959 I MediaCodecsXmlParser: limit: sample-rate-ranges = 7350,8000,11025,12000,16000,22050,24000,32000,44100,48000
01-06 23:22:12.407   959   959 I MediaCodecsXmlParser: limit: bitrate-range = 8000-960000
01-06 23:22:12.407   959   959 I MediaCodecsXmlParser: limit: max-channel-count = 1
01-06 23:22:12.407   959   959 I MediaCodecsXmlParser: limit: sample-rate-ranges = 8000-48000
01-06 23:22:12.407   959   959 I MediaCodecsXmlParser: limit: bitrate-range = 64000
01-06 23:22:12.407   959   959 I MediaCodecsXmlParser: limit: max-channel-count = 1
01-06 23:22:12.408   959   959 I MediaCodecsXmlParser: limit: sample-rate-ranges = 8000-48000
01-06 23:22:12.408   959   959 I MediaCodecsXmlParser: limit: bitrate-range = 64000
01-06 23:22:12.408   959   959 I MediaCodecsXmlParser: limit: max-channel-count = 8
01-06 23:22:12.408   959   959 I MediaCodecsXmlParser: limit: sample-rate-ranges = 8000-96000
01-06 23:22:12.408   959   959 I MediaCodecsXmlParser: limit: bitrate-range = 32000-500000
01-06 23:22:12.408     0     0 I capability: warning: `msm_irqbalance' uses 32-bit capabilities (legacy support in use)
01-06 23:22:12.408   959   959 I MediaCodecsXmlParser: limit: max-channel-count = 8
01-06 23:22:12.408   959   959 I MediaCodecsXmlParser: limit: sample-rate-ranges = 48000
01-06 23:22:12.408   959   959 I MediaCodecsXmlParser: limit: bitrate-range = 6000-510000
01-06 23:22:12.408   959   959 I MediaCodecsXmlParser: limit: max-channel-count = 8
01-06 23:22:12.408   959   959 I MediaCodecsXmlParser: limit: sample-rate-ranges = 8000-192000
01-06 23:22:12.408   959   959 I MediaCodecsXmlParser: limit: bitrate-range = 1-10000000
01-06 23:22:12.408   959   959 I MediaCodecsXmlParser: limit: max-channel-count = 8
01-06 23:22:12.408   959   959 I MediaCodecsXmlParser: limit: sample-rate-ranges = 1-655350
01-06 23:22:12.408   959   959 I MediaCodecsXmlParser: limit: bitrate-range = 1-21000000
01-06 23:22:12.408   959   959 I MediaCodecsXmlParser: limit: max-channel-count = 6
01-06 23:22:12.408   959   959 I MediaCodecsXmlParser: limit: sample-rate-ranges = 8000,11025,12000,16000,22050,24000,32000,44100,48000
01-06 23:22:12.408   959   959 I MediaCodecsXmlParser: limit: bitrate-range = 8000-960000
01-06 23:22:12.408   959   959 I MediaCodecsXmlParser: limit: max-channel-count = 1
01-06 23:22:12.408   959   959 I MediaCodecsXmlParser: limit: sample-rate-ranges = 8000
01-06 23:22:12.408   959   959 I MediaCodecsXmlParser: limit: bitrate-range = 4750-12200
01-06 23:22:12.408   959   959 I MediaCodecsXmlParser: limit: feature-bitrate-modes = CBR
01-06 23:22:12.408   959   959 I MediaCodecsXmlParser: limit: max-channel-count = 1
01-06 23:22:12.408   959   959 I MediaCodecsXmlParser: limit: sample-rate-ranges = 16000
01-06 23:22:12.408   959   959 I MediaCodecsXmlParser: limit: bitrate-range = 6600-23850
01-06 23:22:12.408   959   959 I MediaCodecsXmlParser: limit: feature-bitrate-modes = CBR
01-06 23:22:12.408   959   959 I MediaCodecsXmlParser: limit: max-channel-count = 2
01-06 23:22:12.408   959   959 I MediaCodecsXmlParser: limit: sample-rate-ranges = 1-655350
01-06 23:22:12.408   959   959 I MediaCodecsXmlParser: limit: bitrate-range = 1-21000000
01-06 23:22:12.408   959   959 I MediaCodecsXmlParser: limit: complexity-default = 5
01-06 23:22:12.408   959   959 I MediaCodecsXmlParser: limit: complexity-range = 0-8
01-06 23:22:12.408   959   959 I MediaCodecsXmlParser: limit: feature-bitrate-modes = CQ
01-06 23:22:12.408   959   959 D MediaCodecsXmlParser: parsing /vendor/etc/media_codecs_vendor_audio.xml...
01-06 23:22:12.408   959   959 I MediaCodecsXmlParser: limit: max-concurrent-instances = 10
01-06 23:22:12.408   959   959 D MediaCodecsXmlParser: parsing /vendor/etc/media_codecs_google_telephony.xml...
01-06 23:22:12.408   959   959 I MediaCodecsXmlParser: limit: max-channel-count = 1
01-06 23:22:12.408   959   959 I MediaCodecsXmlParser: limit: sample-rate-ranges = 8000
01-06 23:22:12.408   959   959 I MediaCodecsXmlParser: limit: bitrate-range = 13000
01-06 23:22:12.408   959   959 I MediaCodecsXmlParser: limit: size-range = 176x64-3840x2160
01-06 23:22:12.408   959   959 I MediaCodecsXmlParser: limit: alignment = 2x2
01-06 23:22:12.408   959   959 I MediaCodecsXmlParser: limit: block-size = 16x16
01-06 23:22:12.408   959   959 I MediaCodecsXmlParser: limit: blocks-per-second-range = 1-972000
01-06 23:22:12.408   959   959 I MediaCodecsXmlParser: limit: bitrate-range = 1-100000000
01-06 23:22:12.408   959   959 I MediaCodecsXmlParser: limit: max-concurrent-instances = 16
01-06 23:22:12.408   959   959 I MediaCodecsXmlParser: limit: feature-intra-refresh = 0
01-06 23:22:12.408   959   959 I MediaCodecsXmlParser: limit: performance-point-3840x2160-range = 24-24
01-06 23:22:12.408   959   959 I MediaCodecsXmlParser: limit: size-range = 96x96-3840x2160
01-06 23:22:12.408   959   959 I MediaCodecsXmlParser: limit: alignment = 2x2
01-06 23:22:12.408   959   959 I MediaCodecsXmlParser: limit: block-size = 16x16
01-06 23:22:12.408   959   959 I MediaCodecsXmlParser: limit: blocks-per-second-range = 1-972000
01-06 23:22:12.408   959   959 I MediaCodecsXmlParser: limit: bitrate-range = 1-100000000
01-06 23:22:12.408   959   959 I MediaCodecsXmlParser: limit: max-concurrent-instances = 16
01-06 23:22:12.408   959   959 I MediaCodecsXmlParser: limit: feature-intra-refresh = 0
01-06 23:22:12.408   959   959 I MediaCodecsXmlParser: limit: feature-can-swap-width-height = 0
01-06 23:22:12.408   959   959 I MediaCodecsXmlParser: limit: performance-point-3840x2160-range = 24-24
01-06 23:22:12.408   959   959 I MediaCodecsXmlParser: limit: size-range = 96x64-1920x1088
01-06 23:22:12.408   959   959 I MediaCodecsXmlParser: limit: alignment = 2x2
01-06 23:22:12.408   959   959 I MediaCodecsXmlParser: limit: block-size = 16x16
01-06 23:22:12.408   959   959 I MediaCodecsXmlParser: limit: blocks-per-second-range = 1-244800
01-06 23:22:12.408   959   959 I MediaCodecsXmlParser: limit: bitrate-range = 1-40000000
01-06 23:22:12.409   959   959 I MediaCodecsXmlParser: limit: max-concurrent-instances = 16
01-06 23:22:12.409   959   959 I MediaCodecsXmlParser: limit: performance-point-1920x1088-range = 30-30
01-06 23:22:12.409   959   959 I MediaCodecsXmlParser: limit: size-range = 96x64-864x480
01-06 23:22:12.409   959   959 I MediaCodecsXmlParser: limit: alignment = 2x2
01-06 23:22:12.409   959   959 I MediaCodecsXmlParser: limit: block-size = 16x16
01-06 23:22:12.409   959   959 I MediaCodecsXmlParser: limit: blocks-per-second-range = 1-48600
01-06 23:22:12.409   959   959 I MediaCodecsXmlParser: limit: bitrate-range = 1-2000000
01-06 23:22:12.409   959   959 I MediaCodecsXmlParser: limit: max-concurrent-instances = 16
01-06 23:22:12.409   959   959 I MediaCodecsXmlParser: limit: performance-point-720x480-range = 30-30
01-06 23:22:12.409   959   959 I MediaCodecsXmlParser: limit: size-range = 96x64-1920x1088
01-06 23:22:12.409   959   959 I MediaCodecsXmlParser: limit: alignment = 2x2
01-06 23:22:12.409   959   959 I MediaCodecsXmlParser: limit: block-size = 16x16
01-06 23:22:12.409   959   959 I MediaCodecsXmlParser: limit: blocks-per-second-range = 1-244800
01-06 23:22:12.409   959   959 I MediaCodecsXmlParser: limit: bitrate-range = 1-40000000
01-06 23:22:12.409   959   959 I MediaCodecsXmlParser: limit: max-concurrent-instances = 16
01-06 23:22:12.409   959   959 I MediaCodecsXmlParser: limit: feature-intra-refresh = 0
01-06 23:22:12.409   959   959 I MediaCodecsXmlParser: limit: performance-point-1920x1088-range = 30-30
01-06 23:22:12.409   959   959 I MediaCodecsXmlParser: limit: size-range = 64x64-3840x2160
01-06 23:22:12.409   959   959 I MediaCodecsXmlParser: limit: alignment = 2x2
01-06 23:22:12.409   959   959 I MediaCodecsXmlParser: limit: block-size = 16x16
01-06 23:22:12.409   959   959 I MediaCodecsXmlParser: limit: blocks-per-second-range = 1-972000
01-06 23:22:12.409   959   959 I MediaCodecsXmlParser: limit: bitrate-range = 1-100000000
01-06 23:22:12.409   959   959 I MediaCodecsXmlParser: limit: feature-adaptive-playback = 0
01-06 23:22:12.409   959   959 I MediaCodecsXmlParser: limit: max-concurrent-instances = 16
01-06 23:22:12.409   959   959 I MediaCodecsXmlParser: limit: feature-can-swap-width-height = 0
01-06 23:22:12.409   959   959 I MediaCodecsXmlParser: limit: performance-point-3840x2160-range = 30-30
01-06 23:22:12.409   959   959 I MediaCodecsXmlParser: limit: size-range = 64x64-3840x2160
01-06 23:22:12.409   959   959 I MediaCodecsXmlParser: limit: alignment = 2x2
01-06 23:22:12.409   959   959 I MediaCodecsXmlParser: limit: block-size = 16x16
01-06 23:22:12.409   959   959 I MediaCodecsXmlParser: limit: blocks-per-second-range = 1-972000
01-06 23:22:12.409   959   959 I MediaCodecsXmlParser: limit: bitrate-range = 1-35000000
01-06 23:22:12.409   959   959 I MediaCodecsXmlParser: limit: feature-adaptive-playback = 0
01-06 23:22:12.409   959   959 I MediaCodecsXmlParser: limit: feature-secure-playback = 1
01-06 23:22:12.409   959   959 I MediaCodecsXmlParser: limit: max-concurrent-instances = 6
01-06 23:22:12.409   959   959 I MediaCodecsXmlParser: limit: performance-point-3840x2160-range = 30-30
01-06 23:22:12.409   959   959 I MediaCodecsXmlParser: limit: size-range = 64x64-1920x1088
01-06 23:22:12.409   959   959 I MediaCodecsXmlParser: limit: alignment = 2x2
01-06 23:22:12.409   959   959 I MediaCodecsXmlParser: limit: block-size = 16x16
01-06 23:22:12.409   959   959 I MediaCodecsXmlParser: limit: blocks-per-second-range = 1-244800
01-06 23:22:12.409   959   959 I MediaCodecsXmlParser: limit: bitrate-range = 1-40000000
01-06 23:22:12.409   959   959 I MediaCodecsXmlParser: limit: feature-adaptive-playback = 0
01-06 23:22:12.409   959   959 I MediaCodecsXmlParser: limit: max-concurrent-instances = 16
01-06 23:22:12.409   959   959 I MediaCodecsXmlParser: limit: performance-point-1920x1088-range = 30-30
01-06 23:22:12.409   959   959 I MediaCodecsXmlParser: limit: size-range = 64x64-1920x1088
01-06 23:22:12.409   959   959 I MediaCodecsXmlParser: limit: alignment = 2x2
01-06 23:22:12.409   959   959 I MediaCodecsXmlParser: limit: block-size = 16x16
01-06 23:22:12.409   959   959 I MediaCodecsXmlParser: limit: blocks-per-second-range = 1-244800
01-06 23:22:12.409   959   959 I MediaCodecsXmlParser: limit: bitrate-range = 1-20000000
01-06 23:22:12.409   959   959 I MediaCodecsXmlParser: limit: feature-adaptive-playback = 0
01-06 23:22:12.409   959   959 I MediaCodecsXmlParser: limit: feature-secure-playback = 1
01-06 23:22:12.409   959   959 I MediaCodecsXmlParser: limit: max-concurrent-instances = 6
01-06 23:22:12.409   959   959 I MediaCodecsXmlParser: limit: performance-point-1920x1088-range = 30-30
01-06 23:22:12.409   959   959 I MediaCodecsXmlParser: limit: size-range = 64x64-1920x1088
01-06 23:22:12.409   959   959 I MediaCodecsXmlParser: limit: alignment = 2x2
01-06 23:22:12.409   959   959 I MediaCodecsXmlParser: limit: block-size = 16x16
01-06 23:22:12.409   959   959 I MediaCodecsXmlParser: limit: blocks-per-second-range = 1-489600
01-06 23:22:12.409   959   959 I MediaCodecsXmlParser: limit: bitrate-range = 1-60000000
01-06 23:22:12.409   959   959 I MediaCodecsXmlParser: limit: feature-adaptive-playback = 0
01-06 23:22:12.409   959   959 I MediaCodecsXmlParser: limit: max-concurrent-instances = 16
01-06 23:22:12.409   959   959 I MediaCodecsXmlParser: limit: performance-point-1920x1088-range = 60-60
01-06 23:22:12.409   959   959 I MediaCodecsXmlParser: limit: size-range = 64x64-864x480
01-06 23:22:12.409   959   959 I MediaCodecsXmlParser: limit: alignment = 2x2
01-06 23:22:12.409   959   959 I MediaCodecsXmlParser: limit: block-size = 16x16
01-06 23:22:12.409   959   959 I MediaCodecsXmlParser: limit: blocks-per-second-range = 1-48600
01-06 23:22:12.409   959   959 I MediaCodecsXmlParser: limit: bitrate-range = 1-2000000
01-06 23:22:12.409   959   959 I MediaCodecsXmlParser: limit: feature-adaptive-playback = 0
01-06 23:22:12.409   959   959 I MediaCodecsXmlParser: limit: max-concurrent-instances = 16
01-06 23:22:12.409   959   959 I MediaCodecsXmlParser: limit: performance-point-720x480-range = 30-30
01-06 23:22:12.409   959   959 I MediaCodecsXmlParser: limit: size-range = 64x64-1920x1088
01-06 23:22:12.409   959   959 I MediaCodecsXmlParser: limit: alignment = 2x2
01-06 23:22:12.409   959   959 I MediaCodecsXmlParser: limit: block-size = 16x16
01-06 23:22:12.409   959   959 I MediaCodecsXmlParser: limit: blocks-per-second-range = 1-489600
01-06 23:22:12.409   959   959 I MediaCodecsXmlParser: limit: bitrate-range = 1-60000000
01-06 23:22:12.409   959   959 I MediaCodecsXmlParser: limit: feature-adaptive-playback = 0
01-06 23:22:12.409   959   959 I MediaCodecsXmlParser: limit: max-concurrent-instances = 16
01-06 23:22:12.409   959   959 I MediaCodecsXmlParser: limit: performance-point-1920x1088-range = 30-30
01-06 23:22:12.409   959   959 I MediaCodecsXmlParser: limit: size-range = 64x64-1920x1088
01-06 23:22:12.409   959   959 I MediaCodecsXmlParser: limit: alignment = 2x2
01-06 23:22:12.409   959   959 I MediaCodecsXmlParser: limit: block-size = 16x16
01-06 23:22:12.409   959   959 I MediaCodecsXmlParser: limit: blocks-per-second-range = 1-489600
01-06 23:22:12.410   959   959 I MediaCodecsXmlParser: limit: bitrate-range = 1-20000000
01-06 23:22:12.410   959   959 I MediaCodecsXmlParser: limit: feature-adaptive-playback = 0
01-06 23:22:12.410   959   959 I MediaCodecsXmlParser: limit: feature-secure-playback = 1
01-06 23:22:12.410   959   959 I MediaCodecsXmlParser: limit: max-concurrent-instances = 7
01-06 23:22:12.410   959   959 I MediaCodecsXmlParser: limit: performance-point-1920x1088-range = 30-30
01-06 23:22:12.410   959   959 I MediaCodecsXmlParser: limit: size-range = 64x64-1920x1088
01-06 23:22:12.410   959   959 I MediaCodecsXmlParser: limit: alignment = 2x2
01-06 23:22:12.410   959   959 I MediaCodecsXmlParser: limit: block-size = 16x16
01-06 23:22:12.410   959   959 I MediaCodecsXmlParser: limit: blocks-per-second-range = 1-244800
01-06 23:22:12.410   959   959 I MediaCodecsXmlParser: limit: bitrate-range = 1-10000000
01-06 23:22:12.410   959   959 I MediaCodecsXmlParser: limit: feature-adaptive-playback = 0
01-06 23:22:12.410   959   959 I MediaCodecsXmlParser: limit: max-concurrent-instances = 16
01-06 23:22:12.410   959   959 I MediaCodecsXmlParser: limit: performance-point-1920x1088-range = 30-30
01-06 23:22:12.410   959   959 I MediaCodecsXmlParser: limit: size-range = 64x64-720x480
01-06 23:22:12.410   959   959 I MediaCodecsXmlParser: limit: alignment = 2x2
01-06 23:22:12.410   959   959 I MediaCodecsXmlParser: limit: block-size = 16x16
01-06 23:22:12.410   959   959 I MediaCodecsXmlParser: limit: blocks-per-second-range = 1-40500
01-06 23:22:12.410   959   959 I MediaCodecsXmlParser: limit: bitrate-range = 1-2000000
01-06 23:22:12.410   959   959 I MediaCodecsXmlParser: limit: feature-adaptive-playback = 0
01-06 23:22:12.410   959   959 I MediaCodecsXmlParser: limit: max-concurrent-instances = 16
01-06 23:22:12.410   959   959 I MediaCodecsXmlParser: limit: performance-point-720x480-range = 30-30
01-06 23:22:12.410   959   959 I MediaCodecsXmlParser: limit: size-range = 64x64-1920x1088
01-06 23:22:12.410   959   959 I MediaCodecsXmlParser: limit: alignment = 2x2
01-06 23:22:12.410   959   959 I MediaCodecsXmlParser: limit: block-size = 16x16
01-06 23:22:12.410   959   959 I MediaCodecsXmlParser: limit: blocks-per-second-range = 1-244800
01-06 23:22:12.410   959   959 I MediaCodecsXmlParser: limit: bitrate-range = 1-10000000
01-06 23:22:12.410   959   959 I MediaCodecsXmlParser: limit: feature-adaptive-playback = 0
01-06 23:22:12.410   959   959 I MediaCodecsXmlParser: limit: max-concurrent-instances = 16
01-06 23:22:12.410   959   959 I MediaCodecsXmlParser: limit: performance-point-1920x1088-range = 30-30
01-06 23:22:12.410   959   959 I MediaCodecsXmlParser: limit: size-range = 64x64-3840x2160
01-06 23:22:12.410   959   959 I MediaCodecsXmlParser: limit: alignment = 2x2
01-06 23:22:12.410   959   959 I MediaCodecsXmlParser: limit: block-size = 16x16
01-06 23:22:12.410   959   959 I MediaCodecsXmlParser: limit: blocks-per-second-range = 1-972000
01-06 23:22:12.410   959   959 I MediaCodecsXmlParser: limit: bitrate-range = 1-100000000
01-06 23:22:12.410   959   959 I MediaCodecsXmlParser: limit: feature-adaptive-playback = 0
01-06 23:22:12.410   959   959 I MediaCodecsXmlParser: limit: max-concurrent-instances = 16
01-06 23:22:12.410   959   959 I MediaCodecsXmlParser: limit: performance-point-3840x2160-range = 30-30
01-06 23:22:12.410   959   959 I MediaCodecsXmlParser: limit: size-range = 64x64-3840x2160
01-06 23:22:12.410   959   959 I MediaCodecsXmlParser: limit: alignment = 2x2
01-06 23:22:12.410   959   959 I MediaCodecsXmlParser: limit: block-size = 16x16
01-06 23:22:12.410   959   959 I MediaCodecsXmlParser: limit: blocks-per-second-range = 1-972000
01-06 23:22:12.410   959   959 I MediaCodecsXmlParser: limit: bitrate-range = 1-100000000
01-06 23:22:12.410   959   959 I MediaCodecsXmlParser: limit: feature-adaptive-playback = 0
01-06 23:22:12.410   959   959 I MediaCodecsXmlParser: limit: max-concurrent-instances = 16
01-06 23:22:12.410   959   959 I MediaCodecsXmlParser: limit: performance-point-3840x2160-range = 30-30
01-06 23:22:12.412   624   624 I netd    : Setting up StrictController hooks: 37.2ms
01-06 23:22:12.413   624   624 I ClatdController: 4.9+ kernel and device shipped with Q+ - clat ebpf should work.
01-06 23:22:12.413   624   624 I netd    : Initializing ClatdController: 0.3ms
01-06 23:22:12.414   624   624 I netd    : Initializing traffic control: 1.5ms
01-06 23:22:12.421  1087  1087 E MSM-irqbalance: WARNING: Cannot find matching virq for hwirq(446).
01-06 23:22:12.423   959   959 I liblog  : 155
01-06 23:22:12.423   959   959 I MediaCodecsXmlParser: limit: measured-frame-rate-720x480-range = 100-130
01-06 23:22:12.423   959   959 I MediaCodecsXmlParser: limit: measured-frame-rate-1280x720-range = 50-58
01-06 23:22:12.423   959   959 I MediaCodecsXmlParser: limit: measured-frame-rate-1920x1080-range = 20-30
01-06 23:22:12.423   959   959 D MediaCodecsXmlParser: MediaCodec: cannot update non-existing codec at line 139 of /vendor/etc/media_codecs_performance.xml
01-06 23:22:12.423   959   959 I MediaCodecsXmlParser: limit: measured-frame-rate-352x288-range = 458-458
01-06 23:22:12.423   959   959 I MediaCodecsXmlParser: limit: measured-frame-rate-640x360-range = 210-215
01-06 23:22:12.423   959   959 I MediaCodecsXmlParser: limit: measured-frame-rate-720x480-range = 120-125
01-06 23:22:12.423   959   959 I MediaCodecsXmlParser: limit: measured-frame-rate-1280x720-range = 70-85
01-06 23:22:12.423   959   959 I MediaCodecsXmlParser: limit: measured-frame-rate-1920x1080-range = 45-48
01-06 23:22:12.423   959   959 D MediaCodecsXmlParser: MediaCodec: cannot update non-existing codec at line 152 of /vendor/etc/media_codecs_performance.xml
01-06 23:22:12.423   959   959 I MediaCodecsXmlParser: limit: measured-frame-rate-176x144-range = 190-210
01-06 23:22:12.423   959   959 I MediaCodecsXmlParser: limit: measured-frame-rate-352x288-range = 170-182
01-06 23:22:12.423   959   959 D MediaCodecsXmlParser: MediaCodec: cannot update non-existing codec at line 163 of /vendor/etc/media_codecs_performance.xml
01-06 23:22:12.423   959   959 I MediaCodecsXmlParser: limit: measured-frame-rate-320x240-range = 575-580
01-06 23:22:12.423   959   959 I MediaCodecsXmlParser: limit: measured-frame-rate-640x360-range = 200-220
01-06 23:22:12.423   959   959 I MediaCodecsXmlParser: limit: measured-frame-rate-1280x720-range = 45-55
01-06 23:22:12.423   959   959 I MediaCodecsXmlParser: limit: measured-frame-rate-1920x1080-range = 18-22
01-06 23:22:12.423   959   959 D MediaCodecsXmlParser: MediaCodec: cannot update non-existing codec at line 173 of /vendor/etc/media_codecs_performance.xml
01-06 23:22:12.423   959   959 I MediaCodecsXmlParser: limit: measured-frame-rate-320x240-range = 580-604
01-06 23:22:12.423   959   959 I MediaCodecsXmlParser: limit: measured-frame-rate-640x360-range = 180-185
01-06 23:22:12.423   959   959 I MediaCodecsXmlParser: limit: measured-frame-rate-1280x720-range = 88-92
01-06 23:22:12.423   959   959 I MediaCodecsXmlParser: limit: measured-frame-rate-1920x1080-range = 47-52
01-06 23:22:12.423   959   959 D MediaCodecsXmlParser: MediaCodec: cannot update non-existing codec at line 185 of /vendor/etc/media_codecs_performance.xml
01-06 23:22:12.423   959   959 I MediaCodecsXmlParser: limit: measured-frame-rate-176x144-range = 380-400
01-06 23:22:12.423   959   959 D MediaCodecsXmlParser: MediaCodec: cannot update non-existing codec at line 197 of /vendor/etc/media_codecs_performance.xml
01-06 23:22:12.423   959   959 D MediaCodecsXmlParser: Cannot find /data/misc/media/media_codecs_profiling_results.xml
01-06 23:22:12.424  1087  1087 E MSM-irqbalance: WARNING: Cannot find matching virq for hwirq(455).
01-06 23:22:12.424   959   959 I OmxStore: node [OMX.qcom.video.decoder.mpeg2.secure] not found in IOmx
01-06 23:22:12.427  1087  1087 E MSM-irqbalance: WARNING: Cannot find matching virq for hwirq(456).
01-06 23:22:12.427   959   959 I ServiceManagement: Registered android.hardware.media.omx@1.0::IOmxStore/default (start delay of 574ms)
01-06 23:22:12.427   959   959 I ServiceManagement: Removing namespace from process name android.hardware.media.omx@1.0-service to omx@1.0-service.
01-06 23:22:12.427  1087  1087 I MSM-irqbalance: msm-irq_balance (1.3) initialized
01-06 23:22:12.427  1087  1087 I MSM-irqbalance: Configuration
01-06 23:22:12.427   624   624 I netd    : Enabling bandwidth control: 12.9ms
01-06 23:22:12.427  1087  1087 I MSM-irqbalance: Rate: 0.2 Hz
01-06 23:22:12.427  1087  1087 I MSM-irqbalance: Decay Factor: 75.0
01-06 23:22:12.427  1087  1087 I MSM-irqbalance: Balancing Factor: 0.1
01-06 23:22:12.427  1087  1087 I MSM-irqbalance: Debug Log: OFF
01-06 23:22:12.427  1087  1087 I MSM-irqbalance: Cfg file: /system/vendor/etc/msm_irqbalance.conf
01-06 23:22:12.427  1087  1087 I MSM-irqbalance: CPU PRIO: CPU0: 1 CPU1: 1 CPU2: 0 CPU3: 0 CPU4: 0 CPU5: 0 CPU6: 0 CPU7: 0 
01-06 23:22:12.427  1087  1087 I MSM-irqbalance: Ignored IRQs: 5 117 7 97 2 
01-06 23:22:12.437   624   624 I netd    : Initializing RouteController: 9.9ms
01-06 23:22:12.438   624   624 D XfrmController: XfrmController::ipSecAddXfrmInterface, line=1379
01-06 23:22:12.439   624   624 D XfrmController: XfrmController::ipSecRemoveTunnelInterface, line=1592
01-06 23:22:12.439   624   624 D XfrmController: deviceName=ipsec_test
01-06 23:22:12.443   915   915 I cameraserver: ServiceManager: 0xf6f232a0
01-06 23:22:12.443   915   915 I CameraService: CameraService started (pid=915)
01-06 23:22:12.443   915   915 I CameraService: CameraService process starting
01-06 23:22:12.443   915   915 W BatteryNotifier: batterystats service unavailable!
01-06 23:22:12.444   915   915 W BatteryNotifier: batterystats service unavailable!
01-06 23:22:12.450     0     0 E [RMNET:HI] rmnet_config_notify_cb(): Kernel is trying to unregister ipsec_test
01-06 23:22:12.454   915   915 I ServiceManagement: getService: Trying again for android.hardware.camera.provider@2.4::ICameraProvider/legacy/0...
01-06 23:22:12.455   900   900 I imsrcsd : Starting Service for First Time imsbaseimpl
01-06 23:22:12.458   900   900 I ServiceManagement: Registered com.qualcomm.qti.uceservice@2.2::IUceService/com.qualcomm.qti.uceservice (start delay of 725ms)
01-06 23:22:12.458   900   900 I imsrcsd : ImsRcsBaseImpl CM_IMSCONNECTIONMANAGER_CREATE_CONNECTION Before Registering Service
01-06 23:22:12.460   900   900 I ServiceManagement: Registered com.qualcomm.qti.imscmservice@2.2::IImsCmService/qti.ims.connectionmanagerservice (start delay of 727ms)
01-06 23:22:12.460   900   900 I imsrcsd : ImsRcsBaseImpl CM_IMSCONNECTIONMANAGER_CREATE_CONNECTION After Registering Service
01-06 23:22:12.460   900   900 E         : [IMS_COM] |ImsCom.cpp | 57 | | 900 |Com Fd: 7
01-06 23:22:12.460   900   900 E         : [IMS_COM] |ImsCom.cpp | 167 | | 900 |ImsCom::addComEventHandler(int 7, ComEventCallback 0x7d432ec668, void* 0x0, ComCloseCallback 0x0, events 17) EX
01-06 23:22:12.460   900   900 E         : [IMS_COM] |ImsCom.cpp | 179 | | 900 |ImsCom::addComEventHandler epoll_ctl returns: 0
01-06 23:22:12.460   900   900 E         : [IMS_COM] |ImsCom.cpp | 60 | | 900 |ImsCom is ready. epollFd:6
01-06 23:22:12.460   900   900 E         : [IMS_COM] |ImsQmiSvc.cpp | 38 | | 900 |ImsQmiSvc[ImsQmiPrivate]:  
01-06 23:22:12.460   900   900 E         : [IMS_COM] |ImsQmiSvc.cpp | 41 | | 900 |ImsQmiSvc: qmiimssvcfd : 8 svcObj[x432f4008] 
01-06 23:22:12.460   900   900 E         : [IMS_COM] |ImsCom.cpp | 167 | | 900 |ImsCom::addComEventHandler(int 8, ComEventCallback 0x7d432f1548, void* 0x7d43e1c000, ComCloseCallback 0x0, events 1) EX
01-06 23:22:12.461   900   900 E         : [IMS_COM] |ImsCom.cpp | 179 | | 900 |ImsCom::addComEventHandler epoll_ctl returns: 0
01-06 23:22:12.461   900   900 E         : [IMS_COM] |ImsQmiSvc.cpp | 121 | | 900 |ImsQmiSvc[ImsQmiPrivate]: registerForQmiSvcUp 
01-06 23:22:12.461   900   900 E         : [IMS_COM] |ImsQmiPrivate.cpp | 121 | | 900 |ImsQmiPrivate Xtor
01-06 23:22:12.461   900   900 E         : [IMS_COM] |ImsCom.cpp | 167 | | 900 |ImsCom::addComEventHandler(int 12, ComEventCallback 0x7d432ef6e8, void* 0x7d43e1c000, ComCloseCallback 0x0, events 1) EX
01-06 23:22:12.461   900   900 E         : [IMS_COM] |ImsCom.cpp | 179 | | 900 |ImsCom::addComEventHandler epoll_ctl returns: 0
01-06 23:22:12.461   900   900 I         : ImsCallInfoService: Ctor[43e0a180]
01-06 23:22:12.461   900   900 E         : [IMS_COM] |ImsQmiPrivate.cpp | 234 | | 900 |QMI IMS Private listener added 0x7d43e0a180
01-06 23:22:12.461   900   900 I         : ImsCallInfoService - <API SVC> registerServiceImpl: Registering for vendor.qti.ims.callinfo 
01-06 23:22:12.463   900   900 I ServiceManagement: Registered vendor.qti.ims.callinfo@1.0::IService/default (start delay of 730ms)
01-06 23:22:12.463   900   900 I imsrcsd : ImsRcsBaseImpl ImsCallInfo After Registering Service
01-06 23:22:12.464   900   900 I ServiceManagement: Registered vendor.qti.ims.factory@1.0::IImsFactory/default (start delay of 731ms)
01-06 23:22:12.465   900   900 I imsrcsd : ImsRcsBaseImpl : Successfully registered ImsFactory
01-06 23:22:12.473  1079  1079 E Diag_Lib: qpLogDiagInit <== result : 1
01-06 23:22:12.474  1079  1079 E Diag_Lib: DATAD : gIsQXDMDisabled 0, gIsADBDisabled 1, gIsDebugDisabled 0, gIsIMSLogsDisabled 0
01-06 23:22:12.474  1079  1079 E Diag_Lib: [IMS_DataD] imsdatad.c | 6232 | | 1079 |DATAD#$$#0#DATAD STARTED
01-06 23:22:12.474   956  1037 I ServiceManager: Waiting for service 'package_native' on '/dev/binder'...
01-06 23:22:12.486   886   886 I adbd    : UsbFfs: already offline
01-06 23:22:12.523     0     0 E [RMNET:HI] rmnet_config_notify_cb(): Kernel is trying to unregister ipsec_test
01-06 23:22:12.523   624   624 D XfrmController: Sending Netlink XFRM Message: XFRM_MSG_FLUSHSA
01-06 23:22:12.523   624   624 D XfrmController: Sending Netlink XFRM Message: XFRM_MSG_FLUSHPOLICY
01-06 23:22:12.523   624   624 I netd    : Initializing XfrmController: 86.0ms
01-06 23:22:12.525   624   624 I libnetd_resolv: resolv_init: Initializing resolver
01-06 23:22:12.527   624   624 D MDnsDS  : MDnsSdListener::Hander starting up
01-06 23:22:12.528   624  1113 D MDnsDS  : MDnsSdListener starting to monitor
01-06 23:22:12.528   624  1113 D MDnsDS  : Going to poll with pollCount 1
01-06 23:22:12.528   624   624 I netd    : Registering NetdNativeService: 0.7ms
01-06 23:22:12.531   624   624 I ServiceManagement: Registered android.system.net.netd@1.1::INetd/default (start delay of 2488ms)
01-06 23:22:12.531   624   624 I netd    : Registering NetdHwService: 3.0ms
01-06 23:22:12.531   624   624 I netd    : Netd started in 2331ms
01-06 23:22:12.534   971   971 I /apex/com.android.media.swcodec/bin/mediaswcodec: media swcodec service starting
01-06 23:22:12.537   971   971 W /apex/com.android.media.swcodec/bin/mediaswcodec: Could not read additional policy file '/vendor/etc/seccomp_policy/mediaswcodec.policy'
01-06 23:22:12.537   971   971 W /apex/com.android.media.swcodec/bin/mediaswcodec: libminijail[971]: failed to get path of fd 4: No such file or directory
01-06 23:22:12.537   971   971 W /apex/com.android.media.swcodec/bin/mediaswcodec: libminijail[971]: allowing syscall: connect
01-06 23:22:12.537   971   971 W /apex/com.android.media.swcodec/bin/mediaswcodec: libminijail[971]: allowing syscall: fcntl
01-06 23:22:12.537   971   971 W /apex/com.android.media.swcodec/bin/mediaswcodec: libminijail[971]: allowing syscall: sendto
01-06 23:22:12.537   971   971 W /apex/com.android.media.swcodec/bin/mediaswcodec: libminijail[971]: allowing syscall: socket
01-06 23:22:12.537   971   971 W /apex/com.android.media.swcodec/bin/mediaswcodec: libminijail[971]: allowing syscall: writev
01-06 23:22:12.538   971   971 W /apex/com.android.media.swcodec/bin/mediaswcodec: libminijail[971]: logging seccomp filter failures
01-06 23:22:12.538   971   971 I CodecServiceRegistrant: Creating software Codec2 service...
01-06 23:22:12.540   971   971 I ServiceManagement: Registered android.hardware.media.c2@1.0::IComponentStore/software (start delay of 637ms)
01-06 23:22:12.540   971   971 I CodecServiceRegistrant: Software Codec2 service created.
01-06 23:22:12.548   669   669 E mm-camera: <IFACE ><ERROR> 318: iface_discover_subdev_nodes: iface_discover_subdev_nodes:318 entity name video1 type 10001 group id 0
01-06 23:22:12.548   669   669 E mm-camera: <IFACE ><ERROR> 318: iface_discover_subdev_nodes: iface_discover_subdev_nodes:318 entity name v4l-subdev0 type 10f0a group id 0
01-06 23:22:12.548   669   669 E mm-camera: <IFACE ><ERROR> 318: iface_discover_subdev_nodes: iface_discover_subdev_nodes:318 entity name v4l-subdev1 type 10f00 group id 0
01-06 23:22:12.548   669   669 E mm-camera: <IFACE ><ERROR> 318: iface_discover_subdev_nodes: iface_discover_subdev_nodes:318 entity name v4l-subdev2 type 10f00 group id 0
01-06 23:22:12.548   669   669 E mm-camera: <IFACE ><ERROR> 318: iface_discover_subdev_nodes: iface_discover_subdev_nodes:318 entity name v4l-subdev3 type 10f00 group id 0
01-06 23:22:12.548   669   669 E mm-camera: <IFACE ><ERROR> 318: iface_discover_subdev_nodes: iface_discover_subdev_nodes:318 entity name v4l-subdev4 type 10f0d group id 0
01-06 23:22:12.548   669   669 E mm-camera: <IFACE ><ERROR> 318: iface_discover_subdev_nodes: iface_discover_subdev_nodes:318 entity name v4l-subdev5 type 10f0d group id 0
01-06 23:22:12.548   669   669 E mm-camera: <IFACE ><ERROR> 318: iface_discover_subdev_nodes: iface_discover_subdev_nodes:318 entity name v4l-subdev6 type 10f0d group id 0
01-06 23:22:12.548   669   669 E mm-camera: <IFACE ><ERROR> 318: iface_discover_subdev_nodes: iface_discover_subdev_nodes:318 entity name v4l-subdev7 type 10f0d group id 0
01-06 23:22:12.548   669   669 E mm-camera: <IFACE ><ERROR> 318: iface_discover_subdev_nodes: iface_discover_subdev_nodes:318 entity name v4l-subdev8 type 10f07 group id 0
01-06 23:22:12.548   669   669 E mm-camera: <IFACE ><ERROR> 318: iface_discover_subdev_nodes: iface_discover_subdev_nodes:318 entity name v4l-subdev9 type 10f08 group id 0
01-06 23:22:12.548   669   669 E mm-camera: <IFACE ><ERROR> 318: iface_discover_subdev_nodes: iface_discover_subdev_nodes:318 entity name v4l-subdev10 type 10f10 group id 0
01-06 23:22:12.548   669   669 E mm-camera: <IFACE ><ERROR> 318: iface_discover_subdev_nodes: iface_discover_subdev_nodes:318 entity name v4l-subdev11 type 10f0e group id 0
01-06 23:22:12.548   669   669 E mm-camera: <IFACE ><ERROR> 318: iface_discover_subdev_nodes: iface_discover_subdev_nodes:318 entity name v4l-subdev12 type 10f09 group id 0
01-06 23:22:12.548   669   669 E mm-camera: <IFACE ><ERROR> 318: iface_discover_subdev_nodes: iface_discover_subdev_nodes:318 entity name v4l-subdev13 type 10f03 group id 0
01-06 23:22:12.548   669   669 E mm-camera: <IFACE ><ERROR> 318: iface_discover_subdev_nodes: iface_discover_subdev_nodes:318 entity name v4l-subdev14 type 10f03 group id 0
01-06 23:22:12.548   669   669 E mm-camera: <IFACE ><ERROR> 318: iface_discover_subdev_nodes: iface_discover_subdev_nodes:318 entity name v4l-subdev15 type 10f02 group id 0
01-06 23:22:12.548   669   669 E mm-camera: <IFACE ><ERROR> 318: iface_discover_subdev_nodes: iface_discover_subdev_nodes:318 entity name v4l-subdev16 type 10f01 group id 0
01-06 23:22:12.548   669   669 E mm-camera: <IFACE ><ERROR> 318: iface_discover_subdev_nodes: iface_discover_subdev_nodes:318 entity name v4l-subdev17 type 10f06 group id 0
01-06 23:22:12.548   669   669 E mm-camera: <IFACE ><ERROR> 318: iface_discover_subdev_nodes: iface_discover_subdev_nodes:318 entity name v4l-subdev18 type 10f06 group id 0
01-06 23:22:12.555   669   669 I mm-camera: <ISP   >< INFO> 4088: isp_resource_get_isp_hw_limit: isp hw limit 0
01-06 23:22:12.575   956  1037 I ServiceManager: Waiting for service 'package_native' on '/dev/binder'...
01-06 23:22:12.582   665   814 D audio_hw_utils: audio_extn_utils_open_snd_mixer: retry, retry_num 1
01-06 23:22:12.585   665   814 D audio_hw_utils: audio_extn_utils_open_snd_mixer: snd_card_name: sdm660-snd-card-nonpay
01-06 23:22:12.585   665   814 W hardware_info: update_hardware_info_bear: Not an SDM device
01-06 23:22:12.585   665   814 D audio_hw_utils: audio_extn_utils_open_snd_mixer: Opened sound card:0
01-06 23:22:12.585   665   814 D msm8974_platform: platform_init: Opened sound card:0
01-06 23:22:12.585   665   814 I audio_hw_extn: audio_extn_set_snd_card_split: snd_card_name(sdm660-snd-card-nonpay) device(sdm660) snd_card(snd) form_factor(card)
01-06 23:22:12.585   665   814 W hardware_info: update_hardware_info_bear: Not an SDM device
01-06 23:22:12.585   665   814 D msm8974_platform: Opening /sys/class/thermal/thermal_zone0/type
01-06 23:22:12.586   665   814 D msm8974_platform: Opening /sys/class/thermal/thermal_zone1/type
01-06 23:22:12.586   665   814 D msm8974_platform: Opening /sys/class/thermal/thermal_zone2/type
01-06 23:22:12.586   665   814 D msm8974_platform: Opening /sys/class/thermal/thermal_zone3/type
01-06 23:22:12.586   665   814 D msm8974_platform: Opening /sys/class/thermal/thermal_zone4/type
01-06 23:22:12.586   665   814 D msm8974_platform: Opening /sys/class/thermal/thermal_zone5/type
01-06 23:22:12.586   665   814 D msm8974_platform: Opening /sys/class/thermal/thermal_zone6/type
01-06 23:22:12.586   665   814 D msm8974_platform: Opening /sys/class/thermal/thermal_zone7/type
01-06 23:22:12.587   665   814 D msm8974_platform: Opening /sys/class/thermal/thermal_zone8/type
01-06 23:22:12.587   665   814 D msm8974_platform: Opening /sys/class/thermal/thermal_zone9/type
01-06 23:22:12.587   665   814 D msm8974_platform: Opening /sys/class/thermal/thermal_zone10/type
01-06 23:22:12.587   665   814 D msm8974_platform: Opening /sys/class/thermal/thermal_zone11/type
01-06 23:22:12.587   665   814 D msm8974_platform: Opening /sys/class/thermal/thermal_zone12/type
01-06 23:22:12.588   665   814 D msm8974_platform: Opening /sys/class/thermal/thermal_zone13/type
01-06 23:22:12.588   665   814 D msm8974_platform: Opening /sys/class/thermal/thermal_zone14/type
01-06 23:22:12.588   665   814 D msm8974_platform: Opening /sys/class/thermal/thermal_zone15/type
01-06 23:22:12.588   665   814 D msm8974_platform: Opening /sys/class/thermal/thermal_zone16/type
01-06 23:22:12.588   665   814 D msm8974_platform: Opening /sys/class/thermal/thermal_zone17/type
01-06 23:22:12.588   665   814 D msm8974_platform: Opening /sys/class/thermal/thermal_zone18/type
01-06 23:22:12.588   665   814 D msm8974_platform: Opening /sys/class/thermal/thermal_zone19/type
01-06 23:22:12.588   665   814 D msm8974_platform: Opening /sys/class/thermal/thermal_zone20/type
01-06 23:22:12.588   665   814 D msm8974_platform: Opening /sys/class/thermal/thermal_zone21/type
01-06 23:22:12.589   665   814 D msm8974_platform: Opening /sys/class/thermal/thermal_zone22/type
01-06 23:22:12.589   665   814 D msm8974_platform: Opening /sys/class/thermal/thermal_zone23/type
01-06 23:22:12.589   665   814 D msm8974_platform: Opening /sys/class/thermal/thermal_zone24/type
01-06 23:22:12.589   665   814 D msm8974_platform: Opening /sys/class/thermal/thermal_zone25/type
01-06 23:22:12.589   665   814 D msm8974_platform: Opening /sys/class/thermal/thermal_zone26/type
01-06 23:22:12.589   665   814 D msm8974_platform: Opening /sys/class/thermal/thermal_zone27/type
01-06 23:22:12.589   665   814 D msm8974_platform: Opening /sys/class/thermal/thermal_zone28/type
01-06 23:22:12.589   665   814 D msm8974_platform: Opening /sys/class/thermal/thermal_zone29/type
01-06 23:22:12.589   665   814 D msm8974_platform: Opening /sys/class/thermal/thermal_zone30/type
01-06 23:22:12.590   665   814 D msm8974_platform: Opening /sys/class/thermal/thermal_zone31/type
01-06 23:22:12.590   665   814 D msm8974_platform: Opening /sys/class/thermal/thermal_zone32/type
01-06 23:22:12.590   665   814 D msm8974_platform: Opening /sys/class/thermal/thermal_zone33/type
01-06 23:22:12.590   665   814 D msm8974_platform: Opening /sys/class/thermal/thermal_zone34/type
01-06 23:22:12.590   665   814 D msm8974_platform: Opening /sys/class/thermal/thermal_zone35/type
01-06 23:22:12.590   665   814 D msm8974_platform: Opening /sys/class/thermal/thermal_zone36/type
01-06 23:22:12.590   665   814 D msm8974_platform: Opening /sys/class/thermal/thermal_zone37/type
01-06 23:22:12.590   665   814 D msm8974_platform: Opening /sys/class/thermal/thermal_zone38/type
01-06 23:22:12.590   665   814 D msm8974_platform: Opening /sys/class/thermal/thermal_zone39/type
01-06 23:22:12.590   665   814 D msm8974_platform: Opening /sys/class/thermal/thermal_zone40/type
01-06 23:22:12.591   665   814 D msm8974_platform: Opening /sys/class/thermal/thermal_zone41/type
01-06 23:22:12.591   665   814 D msm8974_platform: Opening /sys/class/thermal/thermal_zone42/type
01-06 23:22:12.591   665   814 D msm8974_platform: Opening /sys/class/thermal/thermal_zone43/type
01-06 23:22:12.591   665   814 D msm8974_platform: Opening /sys/class/thermal/thermal_zone44/type
01-06 23:22:12.591   665   814 D msm8974_platform: Opening /sys/class/thermal/thermal_zone45/type
01-06 23:22:12.591   665   814 D msm8974_platform: Opening /sys/class/thermal/thermal_zone46/type
01-06 23:22:12.591   665   814 D msm8974_platform: Opening /sys/class/thermal/thermal_zone47/type
01-06 23:22:12.591   665   814 D msm8974_platform: Opening /sys/class/thermal/thermal_zone48/type
01-06 23:22:12.591   665   814 D audio_hw_extn: audio_extn_can_use_vbat: vbat.enabled property is set to 0
01-06 23:22:12.591   665   814 D audio_hw_extn: audio_extn_can_use_bcl: bcl.enabled property is set to 0
01-06 23:22:12.591   665   814 D audio_hw_extn: audio_extn_is_hifi_audio_supported: hifi audio supported on internal codec
01-06 23:22:12.591   665   814 D msm8974_platform: Alac software decoder is available...removing alac from DSP decoder list
01-06 23:22:12.591   665   814 D msm8974_platform: APE software decoder is available...removing ape from DSP decoder list
01-06 23:22:12.591   665   814 D platform_info: platform_info_init: platform info file name is /vendor/etc/audio_platform_info_nonpay.xml
01-06 23:22:12.592   665   814 D msm8974_platform: platform_set_audio_device_interface: Enter, device name:AUDIO_DEVICE_IN_BUILTIN_MIC, intf name:SLIMBUS_0
01-06 23:22:12.592   665   814 D msm8974_platform: platform_set_audio_device_interface: Matched device name:AUDIO_DEVICE_IN_BUILTIN_MIC, overwrite intf name with SLIMBUS_0
01-06 23:22:12.592   665   814 D msm8974_platform: platform_set_audio_device_interface: Enter, device name:AUDIO_DEVICE_IN_BACK_MIC, intf name:SLIMBUS_0
01-06 23:22:12.592   665   814 D msm8974_platform: platform_set_audio_device_interface: Matched device name:AUDIO_DEVICE_IN_BACK_MIC, overwrite intf name with SLIMBUS_0
01-06 23:22:12.592   665   814 D msm8974_platform: platform_set_audio_device_interface: Enter, device name:AUDIO_DEVICE_IN_BUILTIN_MIC, intf name:INT3_MI2S
01-06 23:22:12.592   665   814 D msm8974_platform: platform_set_audio_device_interface: Matched device name:AUDIO_DEVICE_IN_BUILTIN_MIC, overwrite intf name with INT3_MI2S
01-06 23:22:12.593   665   814 D msm8974_platform: platform_set_audio_device_interface: Enter, device name:AUDIO_DEVICE_IN_BACK_MIC, intf name:INT3_MI2S
01-06 23:22:12.593   665   814 D msm8974_platform: platform_set_audio_device_interface: Matched device name:AUDIO_DEVICE_IN_BACK_MIC, overwrite intf name with INT3_MI2S
01-06 23:22:12.593   665   814 V msm8974_platform: platform_set_parameters: enter: mono_speaker=left
01-06 23:22:12.593   665   814 D audio_hw_hfp: hfp_set_parameters: enter
01-06 23:22:12.593   665   814 V msm8974_platform: platform_set_parameters: enter: spkr_1_tz_name=wsatz.11
01-06 23:22:12.593   665   814 D audio_hw_hfp: hfp_set_parameters: enter
01-06 23:22:12.593   665   814 V msm8974_platform: platform_set_parameters: enter: spkr_2_tz_name=wsatz.12
01-06 23:22:12.593   665   814 D audio_hw_hfp: hfp_set_parameters: enter
01-06 23:22:12.593   665   814 V msm8974_platform: platform_set_parameters: enter: true_32_bit=true
01-06 23:22:12.593   665   814 D audio_hw_hfp: hfp_set_parameters: enter
01-06 23:22:12.593   665   814 V msm8974_platform: platform_set_parameters: enter: native_audio_mode=true
01-06 23:22:12.593   665   814 D msm8974_platform: native_audio_set_params:napb updating mode (2) from XML
01-06 23:22:12.593   665   814 D msm8974_platform: platform_set_native_support:napb: native audio playback enabled in (True) mode
01-06 23:22:12.593   665   814 D audio_hw_hfp: hfp_set_parameters: enter
01-06 23:22:12.593   665   814 V msm8974_platform: platform_set_parameters: enter: native_audio_mode=true;hfp_pcm_dev_id=39
01-06 23:22:12.593   665   814 D msm8974_platform: native_audio_set_params:napb updating mode (2) from XML
01-06 23:22:12.593   665   814 D msm8974_platform: platform_set_native_support:napb: native audio playback enabled in (True) mode
01-06 23:22:12.593   665   814 D audio_hw_hfp: hfp_set_parameters: enter
01-06 23:22:12.593   665   814 D audio_hw_hfp: Updating HFP_PCM_DEV_ID as 39 from platform XML
01-06 23:22:12.593   665   814 V msm8974_platform: platform_set_parameters: enter: native_audio_mode=true;input_mic_max_count=1
01-06 23:22:12.593   665   814 D msm8974_platform: native_audio_set_params:napb updating mode (2) from XML
01-06 23:22:12.593   665   814 D msm8974_platform: platform_set_native_support:napb: native audio playback enabled in (True) mode
01-06 23:22:12.593   665   814 D audio_hw_hfp: hfp_set_parameters: enter
01-06 23:22:12.594   665   814 D msm8974_platform: platform_set_snd_device_backend: backend_tag_table[headphones]: old = null new = headphones
01-06 23:22:12.594   665   814 D msm8974_platform: platform_set_snd_device_backend: hw_interface_table[9] = INT0_MI2S_RX
01-06 23:22:12.594   665   814 D msm8974_platform: platform_set_snd_device_backend: backend_tag_table[bt-sco-headset-wb]: old = bt-sco-wb new = bt-sco-wb
01-06 23:22:12.594   665   814 D msm8974_platform: platform_set_snd_device_backend: hw_interface_table[34] = SLIMBUS_7_RX
01-06 23:22:12.594   665   814 D msm8974_platform: platform_set_snd_device_backend: backend_tag_table[bt-sco-headset]: old = bt-sco new = bt-sco
01-06 23:22:12.594   665   814 D msm8974_platform: platform_set_snd_device_backend: hw_interface_table[33] = SLIMBUS_7_RX
