07-21 20:37:36.358     0     0 I [usb_mux]: registered handler(-351627180) for usb mode switch
07-21 20:37:36.359     0     0 I usb_oem_probe: enter
07-21 20:37:36.359     0     0 I         : usbPortPathInit 596 read path succeed: typec-u2-path 1-1.4
07-21 20:37:36.359     0     0 I usb_oem_probe: usbPortsSpeedCfg[0].portU2Path=1-1.4
07-21 20:37:36.359     0     0 I         : usbPortPathInit 596 read path succeed: typec-u3-path 2-1.4
07-21 20:37:36.359     0     0 I usb_oem_probe: usbPortsSpeedCfg[0].portU3Path=2-1.4
07-21 20:37:36.359     0     0 I         : usbPortPathInit 596 read path succeed: typea-u2-path 1-1.2
07-21 20:37:36.359     0     0 I usb_oem_probe: usbPortsSpeedCfg[1].portU2Path=1-1.2
07-21 20:37:36.359     0     0 I         : usbPortPathInit 596 read path succeed: typea-u3-path 2-1.2
07-21 20:37:36.359     0     0 I usb_oem_probe: usbPortsSpeedCfg[1].portU3Path=2-1.2
07-21 20:37:36.359     0     0 E         : usbPortPathInit 593 read path failed: typea-ex3-u2-path
07-21 20:37:36.359     0     0 I usb_oem_probe: usbPortsSpeedCfg[2].portU2Path=
07-21 20:37:36.359     0     0 E         : usbPortPathInit 593 read path failed: typea-ex3-u3-path
07-21 20:37:36.359     0     0 I usb_oem_probe: usbPortsSpeedCfg[2].portU3Path=
07-21 20:37:36.359     0     0 E         : usbPortPathInit 593 read path failed: typea-ex4-u2-path
07-21 20:37:36.359     0     0 I usb_oem_probe: usbPortsSpeedCfg[3].portU2Path=
07-21 20:37:36.359     0     0 E         : usbPortPathInit 593 read path failed: typea-ex4-u3-path
07-21 20:37:36.359     0     0 I usb_oem_probe: usbPortsSpeedCfg[3].portU3Path=
07-21 20:37:36.359     0     0 E         : usbPortPathInit 593 read path failed: typea-ex5-u2-path
07-21 20:37:36.359     0     0 I usb_oem_probe: usbPortsSpeedCfg[4].portU2Path=
07-21 20:37:36.359     0     0 E         : usbPortPathInit 593 read path failed: typea-ex5-u3-path
07-21 20:37:36.359     0     0 I usb_oem_probe: usbPortsSpeedCfg[4].portU3Path=
07-21 20:37:36.359     0     0 I         : usbPortPathInit 596 read path succeed: micro-usb1-path 1-1.3.1
07-21 20:37:36.359     0     0 I usb_oem_probe: usbPortsSpeedCfg[5].portU2Path=1-1.3.1
07-21 20:37:36.359     0     0 I usb_oem_probe: usbPortsSpeedCfg[5].portU3Path=
07-21 20:37:36.359     0     0 I         : usbPortPathInit 596 read path succeed: micro-usb2-path 1-1.3.2
07-21 20:37:36.359     0     0 I usb_oem_probe: usbPortsSpeedCfg[6].portU2Path=1-1.3.2
07-21 20:37:36.359     0     0 I usb_oem_probe: usbPortsSpeedCfg[6].portU3Path=
07-21 20:37:36.359     0     0 I         : usbPortPathInit 596 read path succeed: micro-usb3-path 1-1.3.3
07-21 20:37:36.359     0     0 I usb_oem_probe: usbPortsSpeedCfg[7].portU2Path=1-1.3.3
07-21 20:37:36.359     0     0 I usb_oem_probe: usbPortsSpeedCfg[7].portU3Path=
07-21 20:37:36.359     0     0 I         : usbPortPathInit 596 read path succeed: micro-usb4-path 1-1.3.4
07-21 20:37:36.359     0     0 I usb_oem_probe: usbPortsSpeedCfg[8].portU2Path=1-1.3.4
07-21 20:37:36.359     0     0 I usb_oem_probe: usbPortsSpeedCfg[8].portU3Path=
07-21 20:37:36.359     0     0 I usb_ports_pwr_reset(): enter
07-21 20:37:36.359     0     0 I GL3523_portpwr_get: enter, 0
07-21 20:37:36.359     0     0 I usb_ports_pwr_reset(): HUB3_PWR_CFG currentValue=0
07-21 20:37:36.359     0     0 I usb_ports_pwr_reset(): HUB3_PWR_CFG pwrDisableValue=30
07-21 20:37:36.359     0     0 I GL3523_portpwr_set: enter val = 30
07-21 20:37:36.359     0     0 I GL3523_portpwr_set: typeC pwr enable
07-21 20:37:36.359     0     0 I it8855 6-0040: vbus_ctl set val=0
07-21 20:37:36.359     0     0 I it8855 6-0040: usb_c vbus is already: VBUS-Enabled
07-21 20:37:36.359     0     0 I GL3523_portpwr_set: typeA pwr disable
07-21 20:37:36.359     0     0 I gl3523_typeA_pwr_set: enter = 1
07-21 20:37:36.359     0     0 I gl3523_typeA_pwr_set: it is in device mode, ignore the typa pwr set from FS, only store the config
07-21 20:37:36.359     0     0 I         : [it8855] set_typec_power = 0
07-21 20:37:36.359     0     0 I it8855 6-0040: vbus_ctl set val=1
07-21 20:37:36.359     0     0 I it8855 6-0040: Will set to : VBUS-Disabled, vbus_ctl val=1
07-21 20:37:36.359     0     0 E i2c-msm-v2 c1b6000.i2c: msm_bus_scale_register_client(mstr-id:84):0x1e (ok)
07-21 20:37:36.708     0     0 I usb 1-1.1: new high-speed USB device number 4 using xhci-hcd
07-21 20:37:36.718     0     0 E of_batterydata_get_best_profile: No battery data found
07-21 20:37:36.718     0     0 E FG      : fg_get_batt_profile: couldn't find profile handle
07-21 20:37:36.718     0     0 W FG      : profile_load_work: profile for batt_id=99KOhms not found..using OTP, rc:-61
07-21 20:37:36.834     0     0 I         : Disable AX88179 lpm.
07-21 20:37:36.834     0     0 I usb 1-1.1: New USB device found, idVendor=0b95, idProduct=1790
07-21 20:37:36.834     0     0 I usb 1-1.1: New USB device strings: Mfr=1, Product=2, SerialNumber=3
07-21 20:37:36.834     0     0 I usb 1-1.1: Product: AX88179
07-21 20:37:36.834     0     0 I usb 1-1.1: Manufacturer: ASIX Elec. Corp.
07-21 20:37:36.834     0     0 I usb 1-1.1: SerialNumber: 00000000000003
07-21 20:37:36.840     0     0 W OEM debug: ax88179 usb device number = 4, dev path = 1.1, dev serial = 00000000000003.
07-21 20:37:36.842     0     0 W         : OEM debug oem_set_eth_nameflag: devpath 1.1 get name_flag 88179.
07-21 20:37:36.842     0     0 W         : OEM debug dev_alloc_name_ns: after alloc eth dev name = eth0.
07-21 20:37:36.842     0     0 W OEM debug: general mode disable autosuspend.
07-21 20:37:36.868     0     0 I         : [it8855] set_typec_power = 1
07-21 20:37:36.868     0     0 I it8855 6-0040: vbus_ctl set val=0
07-21 20:37:36.868     0     0 I it8855 6-0040: Will set to : VBUS-Enabled, vbus_ctl val=0
07-21 20:37:36.868     0     0 I it8855 6-0040: Reset it8855 when enable vbus!
07-21 20:37:36.936     0     0 I it8855 6-0040: irq comming!
07-21 20:37:36.936     0     0 I it8855 6-0040: irq_work_func!
07-21 20:37:36.948     0     0 I it8855 6-0040: status is: detach, no contract, CC1, dfp, source, exit mode
07-21 20:37:36.948     0     0 I it8855 6-0040: Exit Alternate mode!
07-21 20:37:36.968     0     0 I it8855 6-0040: reset irq gpio to high
07-21 20:37:36.988     0     0 I it8855 6-0040: irq_work_func!
07-21 20:37:36.988     0     0 I GL3523_portpwr_set: enter val = 0
07-21 20:37:36.988     0     0 I GL3523_portpwr_set: typeC pwr enable
07-21 20:37:36.988     0     0 I it8855 6-0040: vbus_ctl set val=0
07-21 20:37:36.988     0     0 I it8855 6-0040: usb_c vbus is already: VBUS-Enabled
07-21 20:37:36.988     0     0 I GL3523_portpwr_set: typeA pwr enable
07-21 20:37:36.988     0     0 I gl3523_typeA_pwr_set: enter = 0
07-21 20:37:36.988     0     0 I gl3523_typeA_pwr_set: it is in device mode, ignore the typa pwr set from FS, only store the config
07-21 20:37:36.988     0     0 I gl852_portpwr_get: enter
07-21 20:37:36.988     0     0 I usb_ports_pwr_reset(): HUB2_PWR_CFG currentValue=0
07-21 20:37:36.988     0     0 I gl852_portpwr_set: enter val = 15
07-21 20:37:36.988     0     0 I gl852_portpwr_set: 83 0
07-21 20:37:36.988     0     0 I gl852_portpwr_set: 84 0
07-21 20:37:36.988     0     0 I gl852_portpwr_set: 85 0
07-21 20:37:36.988     0     0 I gl852_portpwr_set: 86 0
07-21 20:37:37.008     0     0 I it8855 6-0040: status is: detach, no contract, CC1, dfp, source, exit mode
07-21 20:37:37.008     0     0 I it8855 6-0040: Exit Alternate mode!
07-21 20:37:37.498     0     0 I gl852_portpwr_set: enter val = 0
07-21 20:37:37.498     0     0 I gl852_portpwr_set: 83 1
07-21 20:37:37.498     0     0 I gl852_portpwr_set: 84 1
07-21 20:37:37.498     0     0 I gl852_portpwr_set: 85 1
07-21 20:37:37.498     0     0 I gl852_portpwr_set: 86 1
07-21 20:37:37.498     0     0 E         : read oem,hub-protocol-cfg= 0x60
07-21 20:37:37.498     0     0 I usb_oem_probe: succeed exit!
07-21 20:37:37.499     0     0 I input   : soc:gpio_keys as /devices/platform/soc/soc:gpio_keys/input/input3
07-21 20:37:37.499     0     0 I rtc-max31343 1-0068: read date/time raw! 0x21-07-22 00:37:37 W05
07-21 20:37:37.500     0     0 I rtc-max31343 1-0068: read date/time! 2021-07-22 00:37:37
07-21 20:37:37.500     0     0 I rtc-max31343 1-0068: setting system clock to 2021-07-22 00:37:37 UTC (1626914257)
07-21 20:37:37.502     0     0 E lpm_levels: register_cluster_lpm_stats()
07-21 20:37:37.502     0     0 E lpm_levels: register_cluster_lpm_stats()
07-21 20:37:37.507     0     0 I gfx_mem_acc_corner: disabling
07-21 20:37:37.507     0     0 I gdsc_ufs: disabling
07-21 20:37:37.507     0     0 I cam_vadd_gpio_regulator: disabling
07-21 20:37:37.507     0     0 I cam_vaf_gpio_regulator: disabling
07-21 20:37:37.507     0     0 I cam_rear_dvdd_gpio_regulator: disabling
07-21 20:37:37.507     0     0 I apc0_pwrcl_corner: disabling
07-21 20:37:37.507     0     0 I apc1_perfcl_corner: disabling
07-21 20:37:37.507     0     0 I regulator_proxy_consumer_remove_all: removing regulator proxy consumer requests
07-21 20:37:37.507     0     0 I         : ALSA device list:
07-21 20:37:37.507     0     0 I         : No soundcards found.
07-21 20:37:37.509     0     0 I         : Freeing unused kernel memory: 6144K
07-21 20:37:37.513     0     0 I init    : init first stage started!
07-21 20:37:37.513     0     0 I init    : [libfs_mgr]dt_fstab: Skip disabled entry for partition vendor
07-21 20:37:37.513     0     0 I init    : [libfs_mgr]ReadFstabFromDt(): failed to read fstab from dt
07-21 20:37:37.513     0     0 I init    : [libfs_mgr]dt_fstab: Skip disabled entry for partition vendor
07-21 20:37:37.514     0     0 I init    : Using Android DT directory /proc/device-tree/firmware/android/
07-21 20:37:37.542     0     0 I init    : [libfs_mgr]Created logical partition system_a on device /dev/block/dm-0
07-21 20:37:37.542     0     0 I init    : [libfs_mgr]Skipping zero-length logical partition: system_b
07-21 20:37:37.543     0     0 I init    : [libfs_mgr]Created logical partition product_a on device /dev/block/dm-1
07-21 20:37:37.543     0     0 I init    : [libfs_mgr]Skipping zero-length logical partition: product_b
07-21 20:37:37.543     0     0 I init    : [libfs_mgr]Created logical partition vendor_a on device /dev/block/dm-2
07-21 20:37:37.546     0     0 I EXT4-fs (mmcblk0p52): mounted filesystem with ordered data mode. Opts: discard
07-21 20:37:37.554     0     0 I device-mapper: verity: sha1 using implementation "sha1-ce"
07-21 20:37:37.562     0     0 W EXT4-fs (dm-3): mounting with "discard" option, but the device does not support discard
07-21 20:37:37.562     0     0 I EXT4-fs (dm-3): mounted filesystem without journal. Opts: barrier=1,discard
07-21 20:37:37.576     0     0 I device-mapper: verity: sha1 using implementation "sha1-ce"
07-21 20:37:37.583     0     0 W EXT4-fs (dm-4): mounting with "discard" option, but the device does not support discard
07-21 20:37:37.583     0     0 I EXT4-fs (dm-4): mounted filesystem without journal. Opts: barrier=1,discard
07-21 20:37:37.585     0     0 I device-mapper: verity: sha1 using implementation "sha1-ce"
07-21 20:37:37.605     0     0 W EXT4-fs (dm-5): mounting with "discard" option, but the device does not support discard
07-21 20:37:37.605     0     0 I EXT4-fs (dm-5): mounted filesystem without journal. Opts: barrier=1,discard
07-21 20:37:37.618     0     0 W init    : 20 output lines suppressed due to ratelimiting
07-21 20:37:37.744     0     0 I init    : Loading SELinux policy
07-21 20:37:37.764     0     0 D SELinux : 16384 avtab hash slots, 50285 rules.
07-21 20:37:37.789     0     0 D SELinux : 16384 avtab hash slots, 50285 rules.
07-21 20:37:37.789     0     0 D SELinux : 1 users, 4 roles, 2240 types, 0 bools, 1 sens, 1024 cats
07-21 20:37:37.789     0     0 D SELinux : 97 classes, 50285 rules
07-21 20:37:37.791     0     0 I SELinux : Permission nlmsg_readpriv in class netlink_route_socket not defined in policy.
07-21 20:37:37.791     0     0 I SELinux : the above unknown classes and permissions will be denied
07-21 20:37:37.791     0     0 I SELinux : policy capability network_peer_controls=1
07-21 20:37:37.791     0     0 I SELinux : policy capability open_perms=1
07-21 20:37:37.791     0     0 I SELinux : policy capability extended_socket_class=1
07-21 20:37:37.791     0     0 I SELinux : policy capability always_check_network=0
07-21 20:37:37.791     0     0 I SELinux : policy capability cgroup_seclabel=0
07-21 20:37:37.791     0     0 I SELinux : policy capability nnp_nosuid_transition=1
07-21 20:37:37.791     0     0 D SELinux : Completing initialization.
07-21 20:37:37.791     0     0 D SELinux : Setting up existing superblocks.
07-21 20:37:37.839   495   495 I auditd  : type=1403 audit(0.0:2): policy loaded auid=4294967295 ses=4294967295
07-21 20:37:37.839   495   495 I auditd  : type=1404 audit(0.0:3): enforcing=1 old_enforcing=0 auid=4294967295 ses=4294967295
07-21 20:37:37.854     0     0 I selinux : SELinux: Loaded policy from /vendor/etc/selinux/precompiled_sepolicy
07-21 20:37:37.859     0     0 I selinux : SELinux: Loaded file_contexts
07-21 20:37:37.878     0     0 I init    : init second stage started!
07-21 20:37:37.895     0     0 I init    : Using Android DT directory /proc/device-tree/firmware/android/
07-21 20:37:37.899     0     0 I selinux : SELinux: Loaded file_contexts
07-21 20:37:37.899     0     0 I init    : Running restorecon...
07-21 20:37:37.918     0     0 E selinux : avc:  denied  { set } for  scontext=u:r:vendor_init:s0 tcontext=u:object_r:default_prop:s0 tclass=property_service permissive=0
07-21 20:37:37.918     0     0 E init    : Do not have permissions to set 'ro.product.vendor.otadevice' to 'ota.sdm660_64' in property file '/vendor/build.prop': SELinux permission check failed
07-21 20:37:37.918     0     0 E selinux : avc:  denied  { set } for  scontext=u:r:vendor_init:s0 tcontext=u:object_r:default_prop:s0 tclass=property_service permissive=0
07-21 20:37:37.918     0     0 E init    : Do not have permissions to set 'ro.product.vendor.otamodel' to 'ota.sdm660_64' in property file '/vendor/build.prop': SELinux permission check failed
07-21 20:37:37.919     0     0 E selinux : avc:  denied  { set } for  scontext=u:r:vendor_init:s0 tcontext=u:object_r:default_prop:s0 tclass=property_service permissive=0
07-21 20:37:37.919     0     0 E init    : Do not have permissions to set 'ro.product.vendor.otaname' to 'ota.sdm660_64' in property file '/vendor/build.prop': SELinux permission check failed
07-21 20:37:38.091     0     0 I ueventd : ueventd started!
07-21 20:37:38.094     0     0 I selinux : SELinux: Loaded file_contexts
07-21 20:37:38.094     0     0 I ueventd : Parsing file /ueventd.rc...
07-21 20:37:38.096     0     0 I ueventd : Parsing file /vendor/ueventd.rc...
07-21 20:37:38.097     0     0 E ueventd : /vendor/ueventd.rc: 194: /sys/ lines must have 5 entries
07-21 20:37:38.097     0     0 I ueventd : Parsing file /odm/ueventd.rc...
07-21 20:37:38.098     0     0 I ueventd : Unable to read config file '/odm/ueventd.rc': open() failed: No such file or directory
07-21 20:37:38.098     0     0 I ueventd : Parsing file /ueventd.qcom.rc...
07-21 20:37:38.098     0     0 I ueventd : Unable to read config file '/ueventd.qcom.rc': open() failed: No such file or directory
07-21 20:37:38.105     0     0 I apexd   : Bootstrap subcommand detected
07-21 20:37:38.111     0     0 I apexd   : Scanning /system/apex for embedded keys
07-21 20:37:38.112     0     0 I apexd   : Scanning /product/apex for embedded keys
07-21 20:37:38.112     0     0 I apexd   : ... does not exist. Skipping
07-21 20:37:38.112     0     0 I apexd   : Scanning /system/apex looking for APEX packages.
07-21 20:37:38.112     0     0 I apexd   : Found /system/apex/com.android.runtime.debug
07-21 20:37:38.113     0     0 I apexd   : Successfully bind-mounted flattened package /system/apex/com.android.runtime.debug on /apex/com.android.runtime@1
07-21 20:37:38.113     0     0 I apexd   : Found /system/apex/com.android.media
07-21 20:37:38.113     0     0 I apexd   : Skipped when bootstrapping
07-21 20:37:38.113     0     0 I apexd   : Found /system/apex/com.android.conscrypt
07-21 20:37:38.116     0     0 W apexd   : 9 output lines suppressed due to ratelimiting
07-21 20:37:38.116     0     0 I         : apexd (480) used greatest stack depth: 11664 bytes left
07-21 20:37:38.222     0     0 W q6_pdr_dlkm: loading out-of-tree module taints kernel.
07-21 20:37:38.240     0     0 W adsp_loader_dlkm: no symbol version for apr_set_modem_state
07-21 20:37:38.499     0     0 E pmic_analog_codec 800f000.qcom,spmi: qcom,pm660l@3:anlg-cdc@f000: Adsp is not loaded yet 0
07-21 20:37:38.509     0     0 E msm_sdw_codec 152c1000.msm-sdw-codec: Adsp is not loaded yet 0
07-21 20:37:38.527     0     0 E pmic_analog_codec 800f000.qcom,spmi: qcom,pm660l@3:anlg-cdc@f000: Adsp is not loaded yet 0
07-21 20:37:38.527     0     0 E msm_sdw_codec 152c1000.msm-sdw-codec: Adsp is not loaded yet 0
07-21 20:37:38.528     0     0 E pmic_analog_codec 800f000.qcom,spmi: qcom,pm660l@3:anlg-cdc@f000: Adsp is not loaded yet 0
07-21 20:37:38.528     0     0 E msm_sdw_codec 152c1000.msm-sdw-codec: Adsp is not loaded yet 0
07-21 20:37:38.611     0     0 I oem-init: /vendor/bin/oem_init start with 1 parameters
07-21 20:37:38.611     0     0 I oem-init: sysfs:path sys/devices/soc0/project_id data 44 size 4
07-21 20:37:38.611     0     0 I oem-init: Project id: 44
07-21 20:37:38.611     0     0 I oem-init: model id: 15in-I-Series-4
07-21 20:37:38.612     0     0 I oem-init: product 15in-I-Series-4
07-21 20:37:38.612     0     0 I oem-init: product device: 15in-I-Series-4
07-21 20:37:38.612     0     0 I oem-init: product name: 15in-I-Series-4_E8MP
07-21 20:37:38.613     0     0 I oem-init: oemmodel id: i4_in15_std
07-21 20:37:38.613     0     0 I oem-init: common features: BT-WIFI-PwrLED-UartMux-TypeC
07-21 20:37:38.613     0     0 I oem-init: sku features: eth-PoE-GSen-DuSpk-GPIO-AdbMux-eRTC-Key2-dmic-SD-exPD
07-21 20:37:38.804     0     0 E FG      : fg_get_time_to_full_locked: battery profile is not loaded
07-21 20:37:40.534     0     0 I ueventd : Coldboot took 2.435 seconds
07-21 20:37:40.576     0     0 I         : Registered swp emulation handler
07-21 20:37:40.636     0     0 I logd.auditd: start
07-21 20:37:40.664     0     0 I init    : wait for '/dev/block/platform/soc/c0c4000.sdhci' took 0ms
07-21 20:37:40.729     0     0 I EXT4-fs (mmcblk0p48): mounted filesystem with ordered data mode. Opts: barrier=1
07-21 20:37:40.749     0     0 I EXT4-fs (mmcblk0p37): mounted filesystem with ordered data mode. Opts: barrier=1
07-21 20:37:40.768     0     0 I subsys-pil-tz 15700000.qcom,lpass: adsp: loading from 0x0000000092a00000 to 0x0000000094800000
07-21 20:37:40.769     0     0 I EXT4-fs (mmcblk0p39): mounted filesystem with ordered data mode. Opts: barrier=1
07-21 20:37:40.793     0     0 D vdc     : Waited 0ms for vold
--------- beginning of system
07-21 20:37:40.976   544   553 I QISL    : QSEE Interrupt Service Listener Thread is started
07-21 20:37:40.977   544   553 I QISL    : QSEE Interrupt Service Listener was activated successfully
07-21 20:37:41.042     0     0 I         : init.qti.qseeco (545) used greatest stack depth: 11520 bytes left
07-21 20:37:41.043     0     0 I init    : wait for '/dev/block/bootdevice/by-name/eloconf' took 0ms
07-21 20:37:41.046     0     0 I EXT4-fs (mmcblk0p38): mounted filesystem with ordered data mode. Opts: barrier=1
07-21 20:37:41.096   506   506 I chatty  : uid=0(root) Binder:506_2 expire 75 lines
07-21 20:37:41.121   506   515 I chatty  : uid=0(root) Binder:506_2 expire 1 line
07-21 20:37:41.418     0     0 I tune2fs : tune2fs 1.44.4 (18-Aug-2018)
07-21 20:37:41.419     0     0 W EXT4-fs (dm-6): Ignoring removed nomblk_io_submit option
07-21 20:37:41.423     0     0 I EXT4-fs (dm-6): mounted filesystem with ordered data mode. Opts: errors=remount-ro,nomblk_io_submit
07-21 20:37:41.429     0     0 I subsys-pil-tz 15700000.qcom,lpass: adsp: Brought out of reset
07-21 20:37:41.447     0     0 I subsys-pil-tz 15700000.qcom,lpass: adsp: Power/Clock ready interrupt received
07-21 20:37:41.447     0     0 I subsys-pil-tz 15700000.qcom,lpass: Subsystem error monitoring/handling services are up
07-21 20:37:41.449     0     0 E pmic_analog_codec 800f000.qcom,spmi: qcom,pm660l@3:anlg-cdc@f000: Adsp is not loaded yet 0
07-21 20:37:41.449     0     0 E msm_sdw_codec 152c1000.msm-sdw-codec: Adsp is not loaded yet 0
07-21 20:37:41.449     0     0 E pmic_analog_codec 800f000.qcom,spmi: qcom,pm660l@3:anlg-cdc@f000: Adsp is not loaded yet 0
07-21 20:37:41.450     0     0 E msm_sdw_codec 152c1000.msm-sdw-codec: Adsp is not loaded yet 0
07-21 20:37:41.454     0     0 I apr_tal_rpmsg qcom,glink: adsp.apr_audio_svc.-1.-1: apr_tal_rpmsg_probe: Channel[apr_audio_svc] state[Up]
07-21 20:37:41.455     0     0 E pmic_analog_codec 800f000.qcom,spmi: qcom,pm660l@3:anlg-cdc@f000: Adsp is not loaded yet 0
07-21 20:37:41.455     0     0 E msm_sdw_codec 152c1000.msm-sdw-codec: Adsp is not loaded yet 0
07-21 20:37:41.462     0     0 E pmic_analog_codec 800f000.qcom,spmi: qcom,pm660l@3:anlg-cdc@f000: Adsp is not loaded yet 0
07-21 20:37:41.462     0     0 E msm_sdw_codec 152c1000.msm-sdw-codec: Adsp is not loaded yet 0
07-21 20:37:41.466     0     0 I adsprpc : fastrpc_rpmsg_probe: opened rpmsg channel for adsp
07-21 20:37:41.467     0     0 E pmic_analog_codec 800f000.qcom,spmi: qcom,pm660l@3:anlg-cdc@f000: Adsp is not loaded yet 0
07-21 20:37:41.468     0     0 E msm_sdw_codec 152c1000.msm-sdw-codec: Adsp is not loaded yet 0
07-21 20:37:41.569     0     0 I e2fsck  : e2fsck 1.44.4 (18-Aug-2018)
07-21 20:37:41.569     0     0 I e2fsck  : Pass 1: Checking inodes, blocks, and sizes
07-21 20:37:41.569     0     0 I e2fsck  : Pass 2: Checking directory structure
07-21 20:37:41.569     0     0 I e2fsck  : Pass 3: Checking directory connectivity
07-21 20:37:41.569     0     0 I e2fsck  : Pass 4: Checking reference counts
07-21 20:37:41.569     0     0 I e2fsck  : Pass 5: Checking group summary information
07-21 20:37:41.569     0     0 I e2fsck  : data: 451/915712 files (0.7% non-contiguous), 181809/3662109 blocks
07-21 20:37:41.596     0     0 I tune2fs : tune2fs 1.44.4 (18-Aug-2018)
07-21 20:37:41.596     0     0 I tune2fs : Setting reserved blocks gid to 1065
07-21 20:37:41.624     0     0 I EXT4-fs (dm-6): mounted filesystem with ordered data mode. Opts: barrier=1,noauto_da_alloc,discard,lazytime
07-21 20:37:41.631     0     0 W init    : 2 output lines suppressed due to ratelimiting
07-21 20:37:41.652     0     0 D vdc     : Waited 0ms for vold
07-21 20:37:41.661     0     0 I device-mapper: bow: Switching to state Checkpoint
07-21 20:37:41.687     0     0 D vdc     : Waited 0ms for vold
07-21 20:37:41.893     0     0 W         : init (pid 1) is setting deprecated v1 encryption policy; recommend upgrading to v2.
07-21 20:37:41.894     0     0 I fscrypt : AES-256-CTS-CBC using implementation "cts(cbc-aes-ce)"
07-21 20:37:41.995     0     0 I apexd   : Marking APEXd as starting
07-21 20:37:41.998     0     0 I apexd   : Scanning /system/apex for embedded keys
07-21 20:37:41.999     0     0 I apexd   : Scanning /product/apex for embedded keys
07-21 20:37:41.999     0     0 I apexd   : ... does not exist. Skipping
07-21 20:37:41.999     0     0 I apexd   : Populating APEX database from mounts...
07-21 20:37:41.999     0     0 E apexd   : Failed to walk /product/apex : Can't open /product/apex for reading : No such file or directory
07-21 20:37:41.999     0     0 I apexd   : Found "/apex/com.android.runtime@1"
07-21 20:37:41.999     0     0 I apexd   : Found "/apex/com.android.tzdata@290000000"
07-21 20:37:41.999     0     0 I apexd   : 2 packages restored.
07-21 20:37:41.999     0     0 I apexd   : Scanning /data/apex/sessions looking for sessions to be activated.
07-21 20:37:42.032     0     0 D vdc     : Waited 0ms for vold
07-21 20:37:42.996     0     0 I init    : Service 'exec 9 (/system/bin/vdc --wait cryptfs init_user0)' (pid 617) exited with status 0 waiting took 0.981000 seconds
07-21 20:37:43.029     1     1 I auditd  : type=1400 audit(0.0:4): avc: denied { read } for comm="init" name="nativetest64" dev="dm-6" ino=119 scontext=u:r:init:s0 tcontext=u:object_r:nativetest_data_file:s0 tclass=dir permissive=0 b/77873135
07-21 20:37:43.039     0     0 E selinux : SELinux:  Could not read /data/nativetest64: Permission denied.
07-21 20:37:43.049     1     1 I auditd  : type=1400 audit(0.0:5): avc: denied { read } for comm="init" name="nativetest" dev="dm-6" ino=116 scontext=u:r:init:s0 tcontext=u:object_r:nativetest_data_file:s0 tclass=dir permissive=0 b/77873135
07-21 20:37:43.060     0     0 E selinux : SELinux:  Could not read /data/nativetest: Permission denied.
07-21 20:37:43.289     1     1 I auditd  : type=1400 audit(0.0:6): avc: denied { setattr } for comm="init" name="nativetest64" dev="dm-6" ino=119 scontext=u:r:init:s0 tcontext=u:object_r:nativetest_data_file:s0 tclass=dir permissive=0 b/77873135
07-21 20:37:43.289     1     1 I auditd  : type=1400 audit(0.0:7): avc: denied { setattr } for comm="init" name="nativetest" dev="dm-6" ino=116 scontext=u:r:init:s0 tcontext=u:object_r:nativetest_data_file:s0 tclass=dir permissive=0 b/77873135
07-21 20:37:43.304     0     0 E selinux : SELinux:  setxattr failed: /data/nativetest64:  Permission denied
07-21 20:37:43.304     0     0 E selinux : SELinux:  setxattr failed: /data/nativetest:  Permission denied
07-21 20:37:43.308     0     0 I init    : Command 'restorecon --recursive --skip-ce /data' action=post-fs-data (/init.rc:617) took 311ms and succeeded
07-21 20:37:43.308     0     0 I init    : starting service 'exec 10 (/system/bin/tzdatacheck /apex/com.android.runtime/etc/tz /data/misc/zoneinfo)'...
07-21 20:37:43.310     0     0 I init    : SVC_EXEC service 'exec 10 (/system/bin/tzdatacheck /apex/com.android.runtime/etc/tz /data/misc/zoneinfo)' pid 620 (uid 1000 gid 1000+0 context default) started; waiting...
07-21 20:37:43.323     0     0 I init    : Service 'exec 10 (/system/bin/tzdatacheck /apex/com.android.runtime/etc/tz /data/misc/zoneinfo)' (pid 620) exited with status 0 waiting took 0.012000 seconds
07-21 20:37:43.323     0     0 I init    : processing action (post-fs-data) from (/init.usb.rc:6)
07-21 20:37:43.486     0     0 I rtc-max31343 1-0068: read date/time raw! 0x21-07-22 00:37:43 W05
07-21 20:37:43.486     0     0 I rtc-max31343 1-0068: read date/time! 2021-07-22 00:37:43
07-21 20:37:43.492     0     0 I rtc-max31343 1-0068: read date/time raw! 0x21-07-22 00:37:43 W05
07-21 20:37:43.492     0     0 I rtc-max31343 1-0068: read date/time! 2021-07-22 00:37:43
07-21 20:37:44.366     0     0 I logd.daemon: reinit
07-21 20:37:44.454     0     0 I ptdet_get_poe_status: poe staus is 0
07-21 20:37:44.484     0     0 I update_verifier: Started with arg 1: nonencrypted
07-21 20:37:44.487     0     0 I update_verifier: Booting slot 0: isSlotMarkedSuccessful=0
07-21 20:37:44.487     0     0 E update_verifier: /data/ota_package/care_map.pb doesn't exist
07-21 20:37:44.487     0     0 W update_verifier: Failed to parse the care map file, skipping verification
07-21 20:37:44.487     0     0 I update_verifier: Deferred marking slot 0 as booted successfully.
07-21 20:37:44.487     0     0 I update_verifier: Leaving update_verifier.
07-21 20:37:44.505     0     0 I ueventd : firmware: loading 'cdsp.mdt' for '/devices/platform/soc/1a300000.qcom,turing/firmware/cdsp.mdt'
07-21 20:37:44.508     0     0 I ueventd : loading /devices/platform/soc/1a300000.qcom,turing/firmware/cdsp.mdt took 2ms
07-21 20:37:44.508     0     0 I subsys-pil-tz 1a300000.qcom,turing: cdsp: loading from 0x0000000094a00000 to 0x0000000095000000
07-21 20:37:44.529     0     0 I ueventd : firmware: loading 'cdsp.b04' for '/devices/platform/soc/1a300000.qcom,turing/firmware/cdsp.b04'
07-21 20:37:44.532     0     0 I ueventd : firmware: loading 'cdsp.b02' for '/devices/platform/soc/1a300000.qcom,turing/firmware/cdsp.b02'
07-21 20:37:44.535     0     0 I ueventd : loading /devices/platform/soc/1a300000.qcom,turing/firmware/cdsp.b02 took 2ms
07-21 20:37:44.535     0     0 I ueventd : firmware: loading 'cdsp.b03' for '/devices/platform/soc/1a300000.qcom,turing/firmware/cdsp.b03'
07-21 20:37:44.538     0     0 I ueventd : firmware: loading 'cdsp.b05' for '/devices/platform/soc/1a300000.qcom,turing/firmware/cdsp.b05'
07-21 20:37:44.538     0     0 I ueventd : loading /devices/platform/soc/1a300000.qcom,turing/firmware/cdsp.b03 took 3ms
07-21 20:37:44.540     0     0 I ueventd : loading /devices/platform/soc/1a300000.qcom,turing/firmware/cdsp.b04 took 11ms
07-21 20:37:44.540     0     0 I ueventd : firmware: loading 'cdsp.b06' for '/devices/platform/soc/1a300000.qcom,turing/firmware/cdsp.b06'
07-21 20:37:44.545     0     0 I oem-init: ro.persistent_properties.ready: true
07-21 20:37:44.545     0     0 I oem-init: sysfs:path sys/devices/soc0/project_id data 44 size 4
07-21 20:37:44.545     0     0 I oem-init: set_customba_prop project_id: 44
07-21 20:37:44.545     0     0 I oem-init: project_id: 44
07-21 20:37:44.545     0     0 I oem-init: feature is: eth-PoE-GSen-DuSpk-GPIO-AdbMux-eRTC-Key2-dmic-SD-exPD
07-21 20:37:44.545     0     0 I oem-init: [item :]precast, [flag :]0
07-21 20:37:44.545     0     0 I oem-init: precast_flag: 0
07-21 20:37:44.567   638   638 I boot_progress_start: 11759
07-21 20:37:44.579     0     0 I subsys-pil-tz 1a300000.qcom,turing: cdsp: Brought out of reset
07-21 20:37:44.588     0     0 I subsys-pil-tz 1a300000.qcom,turing: Subsystem error monitoring/handling services are up
07-21 20:37:44.588     0     0 I subsys-pil-tz 1a300000.qcom,turing: cdsp: Power/Clock ready interrupt received
07-21 20:37:44.590     0     0 E pmic_analog_codec 800f000.qcom,spmi: qcom,pm660l@3:anlg-cdc@f000: Adsp is not loaded yet 0
07-21 20:37:44.590     0     0 E msm_sdw_codec 152c1000.msm-sdw-codec: Adsp is not loaded yet 0
07-21 20:37:44.594     0     0 I adsprpc : fastrpc_rpmsg_probe: opened rpmsg channel for cdsp
07-21 20:37:44.596     0     0 E pmic_analog_codec 800f000.qcom,spmi: qcom,pm660l@3:anlg-cdc@f000: Adsp is not loaded yet 0
07-21 20:37:44.597     0     0 E msm_sdw_codec 152c1000.msm-sdw-codec: Adsp is not loaded yet 0
07-21 20:37:44.685     0     0 I oem-init: precast prop set to 0
07-21 20:37:44.685     0     0 I oem-init: [item :]ctsmode, [flag :]0
07-21 20:37:44.685     0     0 I oem-init: cts_flag: 0
07-21 20:37:44.685     0     0 E         : can't get fw name.
07-21 20:37:44.685     0     0 E sensors-ssc soc: qcom,msm-ssc-sensors: slpi_load_fw: SLPI image loading failed
07-21 20:37:45.004   715   715 I chatty  : uid=0(root) /vendor/bin/irsc_util expire 3 lines
07-21 20:37:45.011     0     0 W oem_init: 32 output lines suppressed due to ratelimiting
07-21 20:37:45.091   694   694 I auditd  : type=1400 audit(0.0:8): avc: denied { read } for comm="android.hardwar" name="pa" dev="sysfs" ino=32070 scontext=u:r:hal_tv_cec_default:s0 tcontext=u:object_r:sysfs:s0 tclass=file permissive=0
07-21 20:37:45.091     0     0 W healthd : battery none chg=a
07-21 20:37:45.104     0     0 E rmt_storage: INFO:check_support_using_libmdm: Modem subsystem found on target!
07-21 20:37:45.106     0     0 E rmt_storage: INFO:main: Done with init now waiting for messages!
07-21 20:37:45.133     0     0 I         : Mass Storage Function, version: 2009/09/11
07-21 20:37:45.133     0     0 I LUN     : removable file: (no medium)
07-21 20:37:45.136     0     0 E diag    : In diag_send_feature_mask_update, control channel is not open, p: 1, 000000005314eea7
07-21 20:37:45.137     0     0 I servloc : service_locator_new_server: Connection established with the Service locator
07-21 20:37:45.137     0     0 I servloc : init_service_locator: Service locator initialized
07-21 20:37:45.138     0     0 E diag    : In diag_send_peripheral_buffering_mode, buffering flag not set for 1
07-21 20:37:45.141     0     0 I ADSPRPC : audio_pdr_adsprpc is uninitialzed
07-21 20:37:45.141     0     0 I audio_notifer_reg_service: service PDR_ADSP is in use
07-21 20:37:45.141     0     0 I service-notifier: service_notifier_new_server: Connection established between QMI handle and 74 service
07-21 20:37:45.143     0     0 I ADSPRPC : sensors_pdr_adsprpc is uninitialzed
07-21 20:37:45.143     0     0 I service-notifier: service_notifier_new_server: Connection established between QMI handle and 74 service
07-21 20:37:45.146     0     0 I sps     : BAM 0x0000000015204000 (va:0x000000003756bc1e) enabled: ver:0x19, number of pipes:13
07-21 20:37:45.146     0     0 I sps     : BAM 0x0000000015204000 is registered.
07-21 20:37:45.149     0     0 I apr_adsp_up: Q6 is Up
07-21 20:37:45.150     0     0 I iommu   : Adding device soc:qcom,msm-audio-apr:qcom,msm-audio-ion to group 28
07-21 20:37:45.150     0     0 E msm-audio-ion soc: qcom,msm-audio-apr:qcom,msm-audio-ion: msm_audio_ion_probe: qcom,smmu-sid-mask missing in DT node, using default
07-21 20:37:45.155     0     0 I         : file system registered
07-21 20:37:45.174     0     0 I f_cdev_alloc: port_name:at_usb0 (0000000048ed19d9) portno:(0)
07-21 20:37:45.175     0     0 I wsa881x.20170211: wsa881x_swr_probe: bolero node not found
07-21 20:37:45.180     0     0 I f_cdev_alloc: port_name:at_usb1 (00000000ff515d2c) portno:(1)
07-21 20:37:45.183     0     0 I wsa881x.20170212: wsa881x_swr_probe: bolero node not found
07-21 20:37:45.190   696   696 I android.hardware.wifi@1.0-service: Wifi Hal is booting up...
07-21 20:37:45.191     0     0 E swr-wcd msm_sdw_swr_ctrl: swrm_get_logical_dev_num: device 0x21170213 is not ready
07-21 20:37:45.191     0     0 E swr_get_logical_dev_num: Error -22 to get logical addr for device 21170213
07-21 20:37:45.191     0     0 W wsa881x : probe of wsa881x.21170213 failed with error -22
07-21 20:37:45.192     0     0 I f_cdev_alloc: port_name:at_usb2 (000000004100d679) portno:(2)
07-21 20:37:45.192   696   696 I ServiceManagement: Registered android.hardware.wifi@1.3::IWifi/default (start delay of 285ms)
07-21 20:37:45.202     0     0 E swr-wcd msm_sdw_swr_ctrl: swrm_get_logical_dev_num: device 0x21170214 is not ready
07-21 20:37:45.202     0     0 E swr_get_logical_dev_num: Error -22 to get logical addr for device 21170214
07-21 20:37:45.202     0     0 W wsa881x : probe of wsa881x.21170214 failed with error -22
07-21 20:37:45.269     0     0 I sdm660-asoc-snd soc: qcom,msm-audio-apr:qcom,q6core-audio:sound: msm_internal_init: default codec configured
07-21 20:37:45.269     0     0 E OF      : /soc/qcom,msm-audio-apr/qcom,q6core-audio/sound: could not get #gpio-cells for /soc/msm_cdc_pinctrl@75
07-21 20:37:45.270     0     0 I sdm660-asoc-snd soc: qcom,msm-audio-apr:qcom,q6core-audio:sound: msm_init_wsa_dev: found 2 wsa881x devices registered with ALSA core
07-21 20:37:45.341     0     0 I mdss_fb_start_disp_thread: mdss_fb_blank_unblank+0x1ac/0x340: start display thread fb0
07-21 20:37:45.341     0     0 I mdss_fb_do_ioctl: reset MIPI for EDP IC can't catch mipi signal when power up
07-21 20:37:45.341     0     0 I sn65dsi86_dsi2edp_bl_enable: enable, set IO to 1
07-21 20:37:45.367     0     0 I mdss_dsi_panel_bklt_pwm: set led_en(28) to low
07-21 20:37:45.417     0     0 I sn65dsi86_dsi2edp_bl_enable: disable, set IO to 0
07-21 20:37:45.437     0     0 I sn65dsi86_dsi2edp_disable: start
07-21 20:37:45.611     0     0 I sysmon-qmi: ssctl_new_server: Connection established between QMI handle and adsp's SSCTL service
07-21 20:37:45.617     0     0 I msm_pm_qos_add_request: add request
07-21 20:37:45.619     0     0 E diag    : In diag_send_feature_mask_update, control channel is not open, p: 5, 000000007abeea9b
07-21 20:37:45.620     0     0 W healthd : Unknown power supply type 'BMS'
07-21 20:37:45.621     0     0 W healthd : Unknown power supply type 'Main'
07-21 20:37:45.626     0     0 E diag    : In diag_send_peripheral_buffering_mode, buffering flag not set for 5
07-21 20:37:45.626     0     0 E failed  : s_ctrl 0000000093a6e86d for camera_id 0
07-21 20:37:45.626     0     0 E MSM-SENSOR-INIT msm_sensor_driver_cmd: 82 msm_sensor_driver_cmd failed (non-fatal) rc -22
07-21 20:37:45.626     0     0 E MSM-SENSOR-INIT msm_sensor_init_subdev_do_ioctl: 150 msm_sensor_init_subdev_do_ioctl:150 VIDIOC_MSM_SENSOR_INIT_CFG failed (non-fatal)
07-21 20:37:45.637     0     0 E failed  : s_ctrl 0000000093a6e86d for camera_id 1
07-21 20:37:45.637     0     0 E MSM-SENSOR-INIT msm_sensor_driver_cmd: 82 msm_sensor_driver_cmd failed (non-fatal) rc -22
07-21 20:37:45.637     0     0 E MSM-SENSOR-INIT msm_sensor_init_subdev_do_ioctl: 150 msm_sensor_init_subdev_do_ioctl:150 VIDIOC_MSM_SENSOR_INIT_CFG failed (non-fatal)
07-21 20:37:45.638     0     0 E msm_sensor_fill_eeprom_subdevid_by_name: 469 Eeprom userspace probe for ov8856_gt24p64b
07-21 20:37:45.668     0     0 I msm_cci_init: 1440: hw_version = 0x10060000
07-21 20:37:45.668     0     0 I         : @@@ original_sid = 0x10, valid_flag = 0x01, eeprom_version = 0x01, checksum = 0x03
07-21 20:37:45.668     0     0 I         : @@@ rc = 0, camera_sid = 0x10, eeprom_reg_addr = 0x03 , eeprom_reg_value = 0x32
07-21 20:37:45.668     0     0 I         : @@@ rc = 0, camera_sid = 0x10, eeprom_reg_addr = 0x04 , eeprom_reg_value = 0x30
07-21 20:37:45.669     0     0 I         : @@@ rc = 0, camera_sid = 0x10, eeprom_reg_addr = 0x05 , eeprom_reg_value = 0x32
07-21 20:37:45.669     0     0 I         : @@@ rc = 0, camera_sid = 0x10, eeprom_reg_addr = 0x06 , eeprom_reg_value = 0x30
07-21 20:37:45.669     0     0 I         : @@@ rc = 0, camera_sid = 0x10, eeprom_reg_addr = 0x07 , eeprom_reg_value = 0x30
07-21 20:37:45.669     0     0 I         : @@@ rc = 0, camera_sid = 0x10, eeprom_reg_addr = 0x08 , eeprom_reg_value = 0x38
07-21 20:37:45.669     0     0 I         : @@@ rc = 0, camera_sid = 0x10, eeprom_reg_addr = 0x09 , eeprom_reg_value = 0x30
07-21 20:37:45.669     0     0 I         : @@@ rc = 0, camera_sid = 0x10, eeprom_reg_addr = 0x0a , eeprom_reg_value = 0x38
07-21 20:37:45.670     0     0 I         : @@@ rc = 0, camera_sid = 0x10, eeprom_reg_addr = 0x0b , eeprom_reg_value = 0x31
07-21 20:37:45.670     0     0 I         : @@@ rc = 0, camera_sid = 0x10, eeprom_reg_addr = 0x0c , eeprom_reg_value = 0x32
07-21 20:37:45.670     0     0 E         : ov8856 probe succeeded
07-21 20:37:45.695     0     0 E failed  : s_ctrl 0000000093a6e86d for camera_id 3
07-21 20:37:45.695     0     0 E MSM-SENSOR-INIT msm_sensor_driver_cmd: 82 msm_sensor_driver_cmd failed (non-fatal) rc -22
07-21 20:37:45.695     0     0 E MSM-SENSOR-INIT msm_sensor_init_subdev_do_ioctl: 150 msm_sensor_init_subdev_do_ioctl:150 VIDIOC_MSM_SENSOR_INIT_CFG failed (non-fatal)
07-21 20:37:45.696     0     0 I msm_csid_init: CSID_VERSION = 0x30050000
07-21 20:37:45.696     0     0 E scm_call failed: func id 0x42001801, ret: -1, syscall returns: 0x0, 0x0, 0x0
07-21 20:37:45.696     0     0 E         : msm_csid_irq CSID0_IRQ_STATUS_ADDR = 0x800
07-21 20:37:45.725   639   639 I sysui_multi_action: [757,804,799,boot_zygote_init,801,12910,802,1]
07-21 20:37:45.726   638   638 I sysui_multi_action: [757,804,799,boot_zygote_init,801,12910,802,1]
07-21 20:37:45.736   638   638 I boot_progress_preload_start: 12929
07-21 20:37:45.739     0     0 I msm_cci_init: 1440: hw_version = 0x10060000
07-21 20:37:45.760   639   639 I chatty  : uid=0(root) main expire 6 lines
07-21 20:37:45.784     0     0 E wlan    : Loading driver v5.2.03.27K; 2021-07-21T08:35:09Z; cld:I59e3b71c2d; cmn:Ibe1096815a; ()
07-21 20:37:45.784     0     0 I qdf_print_ctrl_register: Allocated print control object 0
07-21 20:37:45.788     0     0 I [init][330238928][00:37:45.788257] wlan: [476:I:tdls] ucfg_tdls_init: 40: tdls module dispatcher init
07-21 20:37:45.788     0     0 I [init][330239032][00:37:45.788262] wlan: [476:I:tdls] ucfg_tdls_init: 72: tdls module dispatcher init done
07-21 20:37:45.788     0     0 I [init][330239220][00:37:45.788272] wlan: [476:I:POLICY_MGR] policy_mgr_init: 214: Callbacks registered with obj mgr
07-21 20:37:45.790     0     0 I         : wlan_hdd_state wlan major(497) initialized
07-21 20:37:45.790     0     0 I wlan    : driver loaded
07-21 20:37:45.791   638   638 I chatty  : uid=0(root) main expire 7 lines
07-21 20:37:45.854     0     0 I subsys-restart: __subsystem_get(): Changing subsys fw_name to modem
07-21 20:37:45.871     0     0 I pil-q6v5-mss 4080000.qcom,mss: modem: loading from 0x000000008ac00000 to 0x000000008dc00000
07-21 20:37:45.922     0     0 E firmware msadp: _request_firmware_load: firmware state wait timeout: rc = -2
07-21 20:37:45.922     0     0 W pil-q6v5-mss 4080000.qcom,mss: Debug policy not present - msadp. Continue.
07-21 20:37:45.923     0     0 I pil-q6v5-mss 4080000.qcom,mss: Loading MBA and DP (if present) from 0x0000000094800000 to 0x0000000094900000
07-21 20:37:45.924     0     0 E MAIN_MGR: hvdcp_opti Version: 3:0:0
07-21 20:37:45.929     0     0 I         : read descriptors
07-21 20:37:45.929     0     0 I         : read strings
07-21 20:37:45.960   905   905 I imsrcsd : Uce Service HAL  is starting up...
07-21 20:37:45.972     0     0 I pil-q6v5-mss 4080000.qcom,mss: MBA boot done
07-21 20:37:45.988   920   920 I chatty  : uid=0(root) Binder:920_2 expire 3 lines
07-21 20:37:46.102   955   955 I wificond: wificond is starting up...
07-21 20:37:46.167     0     0 I sn65dsi86_dsi2edp_disable: end
07-21 20:37:46.167     0     0 I sn65dsi86_dsi2edp_panel_enable: set to 0
07-21 20:37:46.227   952  1011 I chatty  : uid=0(root) storaged expire 3 lines
--------- beginning of radio
07-21 20:37:46.306   968   968 D RILD    : **RIL Daemon Started**
07-21 20:37:46.306   968   968 D RILD    : **RILd param count=3**
07-21 20:37:46.369     0     0 W QSEECOM : qseecom_load_app: App (soter64) does'nt exist, loading apps for first time
07-21 20:37:46.379     0     0 W         : (NULL device *): hwmon_device_register() is deprecated. Please convert the driver to use hwmon_device_register_with_info().
07-21 20:37:46.391     0     0 W wsa881x_get_temp: Temperature registers[0 0 0 0] are out of range
07-21 20:37:46.391     0     0 W wsa881x_get_temp: T0: 65535 is out of range[5, 45]
07-21 20:37:46.397   968   968 D RILD    : RIL_Init argc = 3 clientId = 0
07-21 20:37:46.397   968   968 D RILC    : Quectel RIL Version: Quectel_Android_RIL_Driver_V3.3.4-0712
07-21 20:37:46.397   968   968 E RIL_READ_CONF: '/system/etc/ql-ril.conf' not exist.
07-21 20:37:46.398   968   968 D RIL_READ_CONF: original conf line: At_Cmds_For_Customer_Initialize=at+qgpscfg="gpsnmeatype",31;at+qgpscfg="glonassnmeatype",7;at+qgpscfg="beidounmeatype",3;at+qgpscfg="galileonmeatype",1;at+qgpscfg="gnssrawdata",1,0;AT+QNVW=5895,0,"01";AT+QNVW=7145,0,"00"
07-21 20:37:46.399   968   968 D RIL_READ_CONF: original conf line: Query_Available_Networks=1
07-21 20:37:46.399   968   968 D RIL_READ_CONF: Query_Available_Networks = 1
07-21 20:37:46.399   968   968 E RILC    : '/vendor/manifest.xml' not exist.
07-21 20:37:46.399   968   968 D RILC    : t-prop_value is 2
07-21 20:37:46.399   968   968 D RILC    : before_dot is 10
07-21 20:37:46.399   968   968 D RILC    : [ro.build.version.release]: [10.0]
07-21 20:37:46.399   968   968 D RILC    : Android Version: 100, RIL_VERSION: 12 / 12
07-21 20:37:46.399   968   968 D RILC    : [ro.build.description]: [Must use __system_property_read_callback() to read]
07-21 20:37:46.399   968   968 D RILC    : [ro.hardware]: [qcom]
07-21 20:37:46.399   968   968 D RILC    : selinux maybe set Enforcing mode, use command getenforce to check
07-21 20:37:46.399   968   968 D RILC    : selinux maybe set Enforcing mode, use command "setenforce 0" to disable
07-21 20:37:46.399   968   968 I RILC    : clientID = 0
07-21 20:37:46.400   968  1056 I RILC    : mainLoop Start
07-21 20:37:46.403   968  1056 E RILU    : cannot find ttyname for AT Port
07-21 20:37:46.403   968  1056 D RILC    : try to match pci
07-21 20:37:46.406   968  1056 D RILU    : find_pci_device is 0
07-21 20:37:46.407   968  1056 E RILU    : can not find ttyname for pci AT port
07-21 20:37:46.407   968  1056 D RILC    : PCI can't find at device
07-21 20:37:46.411     0     0 W QSEECOM : qseecom_load_app: App with id 131074 (soter64) now loaded
07-21 20:37:46.462     0     0 I pil-q6v5-mss 4080000.qcom,mss: modem: Brought out of reset
07-21 20:37:46.467     0     0 W wsa881x_get_temp: Temperature registers[0 0 0 0] are out of range
07-21 20:37:46.467     0     0 W wsa881x_get_temp: T0: 65535 is out of range[5, 45]
07-21 20:37:46.471     0     0 I pil-q6v5-mss 4080000.qcom,mss: Subsystem error monitoring/handling services are up
07-21 20:37:46.471     0     0 I pil-q6v5-mss 4080000.qcom,mss: modem: Power/Clock ready interrupt received
07-21 20:37:46.479     0     0 E qrtr    : Modem QMI Readiness RX cmd:0x2 node[0x0]
07-21 20:37:46.480     0     0 I service-notifier: service_notifier_new_server: Connection established between QMI handle and 180 service
07-21 20:37:46.481     0     0 E rmt_storage: INFO:rmt_storage_open_cb: Processing: Open Request (req_h 0x1) for /boot/modem_fs1!
07-21 20:37:46.482     0     0 I sysmon-qmi: ssctl_new_server: Connection established between QMI handle and modem's SSCTL service
07-21 20:37:46.483     0     0 E rmt_storage: INFO:rmt_storage_open_cb: Processing: Open Request (req_h 0x2) for /boot/modem_fs2!
07-21 20:37:46.484     0     0 E rmt_storage: INFO:rmt_storage_open_cb: Processing: Open Request (req_h 0x3) for /boot/modem_fsg!
07-21 20:37:46.484     0     0 E rmt_storage: INFO:rmt_storage_open_cb: Processing: Open Request (req_h 0x4) for /boot/modem_fsc!
07-21 20:37:46.487     0     0 E rmt_storage: INFO:rmt_storage_alloc_buff_cb: Received req_size: 2097152! avail: 2097152
07-21 20:37:46.488     0     0 E rmt_storage: INFO:rmt_storage_rw_iovec_cb: Read iovec request (req_h 0x8 wr_count 0) received for /boot/modem_fs1
07-21 20:37:46.490     0     0 E rmt_storage: INFO:rmt_storage_client_thread: Calling Read [offset=512, size=512, req_h 0x8, wr_count 0] for /boot/modem_fs1!
07-21 20:37:46.490     0     0 E rmt_storage: INFO:rmt_storage_client_thread: Done Read (bytes = 512, req_h 0x8, wr_count 0) for /boot/modem_fs1!
07-21 20:37:46.503     0     0 W wsa881x_get_temp: Temperature registers[0 0 0 0] are out of range
07-21 20:37:46.503     0     0 W wsa881x_get_temp: T0: 65535 is out of range[5, 45]
07-21 20:37:46.533     0     0 W wsa881x_get_temp: Temperature registers[0 0 0 0] are out of range
07-21 20:37:46.533     0     0 W wsa881x_get_temp: T0: 65535 is out of range[5, 45]
07-21 20:37:46.549     0     0 I memshare_child soc: qcom,memshare:qcom,client_3: memshare_query: client_id : 1, query_resp.size :0, query_resp.resp.result :0
07-21 20:37:46.550     0     0 W         : (NULL device *): hwmon_device_register() is deprecated. Please convert the driver to use hwmon_device_register_with_info().
07-21 20:37:46.554     0     0 I MSM-CPP cpp_init_hardware: 1135 CPP HW Version: 0x60010002
07-21 20:37:46.554     0     0 E MSM-CPP cpp_init_hardware: 1153 stream_cnt:0
07-21 20:37:46.555     0     0 E diag    : In diag_send_peripheral_buffering_mode, buffering flag not set for 0
07-21 20:37:46.571     0     0 W wsa881x_get_temp: Temperature registers[0 0 0 0] are out of range
07-21 20:37:46.571     0     0 W wsa881x_get_temp: T0: 65535 is out of range[5, 45]
07-21 20:37:46.592     0     0 I MSM-CPP cpp_release_hardware: 1216 cpp hw release done
07-21 20:37:46.603     0     0 W wsa881x_get_temp: Temperature registers[0 0 0 0] are out of range
07-21 20:37:46.603     0     0 W wsa881x_get_temp: T0: 65535 is out of range[5, 45]
07-21 20:37:46.634     0     0 W wsa881x_get_temp: Temperature registers[0 0 0 0] are out of range
07-21 20:37:46.634     0     0 W wsa881x_get_temp: T0: 65535 is out of range[5, 45]
07-21 20:37:46.646     0     0 I subsys-pil-tz soc: qcom,kgsl-hyp: a512_zap: loading from 0x00000000fbc00000 to 0x00000000fbc02000
07-21 20:37:46.666     0     0 W wsa881x_get_temp: Temperature registers[0 0 0 0] are out of range
07-21 20:37:46.666     0     0 W wsa881x_get_temp: T0: 65535 is out of range[5, 45]
07-21 20:37:46.673     0     0 I subsys-pil-tz soc: qcom,kgsl-hyp: a512_zap: Brought out of reset
07-21 20:37:46.849     0     0 I msm_pm_qos_update_request: update request 100
07-21 20:37:46.849     0     0 I msm_pm_qos_add_request: add request
07-21 20:37:46.851     0     0 I msm_csid_init: CSID_VERSION = 0x30050000
07-21 20:37:46.852     0     0 E         : msm_csid_irq CSID0_IRQ_STATUS_ADDR = 0x800
07-21 20:37:46.861     0     0 I MSM-CPP cpp_init_hardware: 1135 CPP HW Version: 0x60010002
07-21 20:37:46.861     0     0 E MSM-CPP cpp_init_hardware: 1153 stream_cnt:0
07-21 20:37:46.890     0     0 I msm_cci_init: 1440: hw_version = 0x10060000
07-21 20:37:46.890     0     0 I         : @@@ original_sid = 0x10, valid_flag = 0x01, eeprom_version = 0x01, checksum = 0x03
07-21 20:37:46.890     0     0 I         : @@@ rc = 0, camera_sid = 0x10, eeprom_reg_addr = 0x03 , eeprom_reg_value = 0x32
07-21 20:37:46.891     0     0 I         : @@@ rc = 0, camera_sid = 0x10, eeprom_reg_addr = 0x04 , eeprom_reg_value = 0x30
07-21 20:37:46.891     0     0 I         : @@@ rc = 0, camera_sid = 0x10, eeprom_reg_addr = 0x05 , eeprom_reg_value = 0x32
07-21 20:37:46.891     0     0 I         : @@@ rc = 0, camera_sid = 0x10, eeprom_reg_addr = 0x06 , eeprom_reg_value = 0x30
07-21 20:37:46.891     0     0 I         : @@@ rc = 0, camera_sid = 0x10, eeprom_reg_addr = 0x07 , eeprom_reg_value = 0x30
07-21 20:37:46.891     0     0 I         : @@@ rc = 0, camera_sid = 0x10, eeprom_reg_addr = 0x08 , eeprom_reg_value = 0x38
07-21 20:37:46.891     0     0 I         : @@@ rc = 0, camera_sid = 0x10, eeprom_reg_addr = 0x09 , eeprom_reg_value = 0x30
07-21 20:37:46.892     0     0 I         : @@@ rc = 0, camera_sid = 0x10, eeprom_reg_addr = 0x0a , eeprom_reg_value = 0x38
