07-20 22:09:38.883   506   506 D vold    :     0
07-20 22:09:38.883   506   506 D vold    :     1
07-20 22:09:38.915   609   609 D vold_prepare_subdirs: Setting up mode 700 uid 0 gid 0 context u:object_r:vold_data_file:s0 on path: /data/misc_de/0/vold
07-20 22:09:38.917   609   609 D vold_prepare_subdirs: Setting up mode 700 uid 0 gid 0 context u:object_r:storaged_data_file:s0 on path: /data/misc_de/0/storaged
07-20 22:09:38.918   609   609 D vold_prepare_subdirs: Setting up mode 700 uid 0 gid 0 context u:object_r:rollback_data_file:s0 on path: /data/misc_de/0/rollback
07-20 22:09:38.918   609   609 D vold_prepare_subdirs: Setting up mode 700 uid 1000 gid 1000 context u:object_r:fingerprint_vendor_data_file:s0 on path: /data/vendor_de/0/fpdata
07-20 22:09:38.919   609   609 D vold_prepare_subdirs: Setting up mode 700 uid 1000 gid 1000 context u:object_r:face_vendor_data_file:s0 on path: /data/vendor_de/0/facedata
07-20 22:09:38.940   611   611 I /system/bin/tzdatacheck: timezone distro dir /data/misc/zoneinfo/current does not exist. No action required.
07-20 22:09:38.955   621   621 I OEM-HPM : sysfs:path /sys/devices/platform/soc/soc:oem-ptdet/poe_status data absent
07-20 22:09:38.955   621   621 I OEM-HPM :  size 16
07-20 22:09:38.955   621   621 I OEM-HPM : handle_poe_status_change, poe_status is absent
07-20 22:09:38.955   621   621 I OEM-HPM : 
07-20 22:09:38.955   621   621 I OEM-HPM : handle_poe_status_change, power type is not POE
07-20 22:09:38.955   621   621 D OEM-HPM : 
07-20 22:09:38.955   621   621 I OEM-HPM : sysfs:path /sys/class/power_supply/usb/online data 0 size 1
07-20 22:09:38.955   621   621 I OEM-HPM : /sys/class/power_supply/usb/online is 0
07-20 22:09:38.955   621   621 I OEM-HPM : sysfs:path /sys/class/power_supply/pc_port/online data 0 size 1
07-20 22:09:38.955   621   621 I OEM-HPM : /sys/class/power_supply/pc_port/online is 0
07-20 22:09:38.956   621   621 I OEM-HPM : sysfs:path /sys/class/power_supply/ac/online data 1t
07-20 22:09:38.956   621   621 I OEM-HPM :  size 1
07-20 22:09:38.956   621   621 I OEM-HPM : /sys/class/power_supply/ac/online is 1
07-20 22:09:38.956   621   621 I OEM-HPM : USB power supply become online
07-20 22:09:38.956   621   621 E OEM-HPM : open sysfs fail: /sys/devices/platform/pos_stand/cfd_present: error: No such file or directory
07-20 22:09:38.956   621   621 E OEM-HPM : Read /sys/devices/platform/pos_stand/cfd_present failed
07-20 22:09:38.956   621   621 E OEM-HPM : open sysfs fail: /sys/devices/platform/pos_stand/present: error: No such file or directory
07-20 22:09:38.956   621   621 E OEM-HPM : Read /sys/devices/platform/pos_stand/present failed
07-20 22:09:38.956   621   621 E OEM-HPM : open sysfs fail: /sys/devices/platform/io_hub/present: error: No such file or directory
07-20 22:09:38.956   621   621 E OEM-HPM : Read /sys/devices/platform/io_hub/present failed
07-20 22:09:38.956   621   621 E OEM-HPM : open sysfs fail: /sys/devices/platform/pos_stand/flip_present: error: No such file or directory
07-20 22:09:38.956   621   621 E OEM-HPM : Read /sys/devices/platform/pos_stand/flip_present failed
07-20 22:09:38.971   620   620 E OEM-FWUPDATE: [ite_fw_upgrade] failure.
07-20 22:09:38.971   620   620 I OEM-FWUPDATE: oem fw upgrade exit
07-20 22:09:39.009   613   613 I art_apex: === ART pre-boot integrity checks ===
07-20 22:09:39.026   630   630 I bootstat: Service started: /system/bin/bootstat --set_system_boot_reason 
07-20 22:09:39.027   630   630 I bootstat: Canonical boot reason: bootloader
07-20 22:09:39.027   630   630 I bootstat: Canonical boot reason: bootloader
07-20 22:09:39.042   615   615 F art_apex: Device is not fsverity-enabled.
07-20 22:09:39.098   627   627 I netdClient: Skipping libnetd_client init since *we* are netd
07-20 22:09:39.100   627   627 I netd    : netd 1.0 starting
07-20 22:09:39.118   619   619 I OEM-FWUPDATE: Start
07-20 22:09:39.118   619   619 I OEM-FWUPDATE: param module: lt
07-20 22:09:39.118   619   619 I OEM-FWUPDATE: Start LT8711/9711 FW upgrade
07-20 22:09:39.118   619   619 I OEM-FWUPDATE: oem fw upgrade exit
07-20 22:09:39.119   627   627 I Netd    : Loaded resolver library from /apex/com.android.resolv/lib64/libnetd_resolv.so
07-20 22:09:39.120   620   620 I OEM-FWUPDATE: Start
07-20 22:09:39.121   620   620 I OEM-FWUPDATE: param module: ite
07-20 22:09:39.121   620   620 I OEM-FWUPDATE: Start ITE FW upgrade.
07-20 22:09:39.121   620   620 I OEM-FWUPDATE: [ite_fw_upgrade] start.
07-20 22:09:39.125     0     0 I logd.daemon: reinit
07-20 22:09:39.129   623   623 I /system/bin/flags_health_check: ServerConfigurableFlagsReset reset_mode value: 0
07-20 22:09:39.129   623   623 I /system/bin/flags_health_check: ServerConfigurableFlagsReset attempted boot count is under threshold, skipping reset.
07-20 22:09:39.133   621   621 I OEM-HPM : /vendor/bin/oem_hotplug_monitor has 1 parameters
07-20 22:09:39.135   618   618 D QC-time-services: Daemon:genoff_pre_init::Base = 0
07-20 22:09:39.136     0     0 I rtc-max31343 1-0068: read date/time raw! 0x21-07-21 02:09:39 W04
07-20 22:09:39.136   618   618 D QC-time-services: Daemon:ats_rtc_init: Time read from RTC -- year = 121, month = 6,day = 21
07-20 22:09:39.136     0     0 I rtc-max31343 1-0068: read date/time! 2021-07-21 02:09:39
07-20 22:09:39.136   618   618 D QC-time-services: Daemon ats_rtc_init: seconds = 1626833379
07-20 22:09:39.136   618   618 D QC-time-services: Daemon:Value read from RTC seconds = 1626833379000
07-20 22:09:39.136   618   618 D QC-time-services: Daemon:genoff_init_config: ATS_RTC initialized with rc: 0
07-20 22:09:39.136   618   618 D QC-time-services: Daemon:genoff_pre_init::Base = 1
07-20 22:09:39.136   618   618 D QC-time-services: Daemon: Storage Name: ats_1 
07-20 22:09:39.136   618   618 D QC-time-services: Daemon:Opening File: /mnt/vendor/persist/time/ats_1 /data/vendor/time/ats_1
07-20 22:09:39.136   618   618 D QC-time-services: Daemon:time_persistent_memory_opr:Genoff Read operation 
07-20 22:09:39.138   618   618 D QC-time-services: Daemon:Open File: /mnt/vendor/persist/time/ats_1
07-20 22:09:39.138   618   618 D QC-time-services: Daemon:genoff_pre_init::Base = 2
07-20 22:09:39.138   618   618 D QC-time-services: Daemon: Storage Name: ats_2 
07-20 22:09:39.138   618   618 D QC-time-services: Daemon:Opening File: /mnt/vendor/persist/time/ats_2 /data/vendor/time/ats_2
07-20 22:09:39.138   618   618 D QC-time-services: Daemon:time_persistent_memory_opr:Genoff Read operation 
07-20 22:09:39.138   618   618 D QC-time-services: Daemon:Open File: /mnt/vendor/persist/time/ats_2
07-20 22:09:39.139   618   618 D QC-time-services: Daemon:genoff_pre_init::Base = 3
07-20 22:09:39.139   618   618 D QC-time-services: Daemon: Storage Name: ats_3 
07-20 22:09:39.139   618   618 D QC-time-services: Daemon:Opening File: /mnt/vendor/persist/time/ats_3 /data/vendor/time/ats_3
07-20 22:09:39.139   618   618 D QC-time-services: Daemon:time_persistent_memory_opr:Genoff Read operation 
07-20 22:09:39.139   618   618 D QC-time-services: Daemon:Open File: /mnt/vendor/persist/time/ats_3
07-20 22:09:39.139   618   618 D QC-time-services: Daemon:Unable to open filefor read
07-20 22:09:39.139   618   618 D QC-time-services: Daemon:genoff_post_init:Error in accessing storage
07-20 22:09:39.139   618   618 D QC-time-services: Daemon:genoff_pre_init::Base = 4
07-20 22:09:39.139   618   618 D QC-time-services: Daemon: Storage Name: ats_4 
07-20 22:09:39.139   618   618 D QC-time-services: Daemon:Opening File: /mnt/vendor/persist/time/ats_4 /data/vendor/time/ats_4
07-20 22:09:39.139   618   618 D QC-time-services: Daemon:time_persistent_memory_opr:Genoff Read operation 
07-20 22:09:39.139   618   618 D QC-time-services: Daemon:Open File: /mnt/vendor/persist/time/ats_4
07-20 22:09:39.139   618   618 D QC-time-services: Daemon:Unable to open filefor read
07-20 22:09:39.139   618   618 D QC-time-services: Daemon:genoff_post_init:Error in accessing storage
07-20 22:09:39.139   618   618 D QC-time-services: Daemon:genoff_pre_init::Base = 5
07-20 22:09:39.139   618   618 D QC-time-services: Daemon: Storage Name: ats_5 
07-20 22:09:39.139   618   618 D QC-time-services: Daemon:Opening File: /mnt/vendor/persist/time/ats_5 /data/vendor/time/ats_5
07-20 22:09:39.139   618   618 D QC-time-services: Daemon:time_persistent_memory_opr:Genoff Read operation 
07-20 22:09:39.139   618   618 D QC-time-services: Daemon:Open File: /mnt/vendor/persist/time/ats_5
07-20 22:09:39.139   618   618 D QC-time-services: Daemon:Unable to open filefor read
07-20 22:09:39.139   618   618 D QC-time-services: Daemon:genoff_post_init:Error in accessing storage
07-20 22:09:39.139   618   618 D QC-time-services: Daemon:genoff_pre_init::Base = 6
07-20 22:09:39.139   618   618 D QC-time-services: Daemon: Storage Name: ats_6 
07-20 22:09:39.139   618   618 D QC-time-services: Daemon:Opening File: /mnt/vendor/persist/time/ats_6 /data/vendor/time/ats_6
07-20 22:09:39.139   618   618 D QC-time-services: Daemon:time_persistent_memory_opr:Genoff Read operation 
07-20 22:09:39.139   618   618 D QC-time-services: Daemon:Open File: /mnt/vendor/persist/time/ats_6
07-20 22:09:39.139   618   618 D QC-time-services: Daemon:Unable to open filefor read
07-20 22:09:39.139   618   618 D QC-time-services: Daemon:genoff_post_init:Error in accessing storage
07-20 22:09:39.139   618   618 D QC-time-services: Daemon:genoff_pre_init::Base = 7
07-20 22:09:39.139   618   618 D QC-time-services: Daemon: Storage Name: ats_7 
07-20 22:09:39.139   618   618 D QC-time-services: Daemon:Opening File: /mnt/vendor/persist/time/ats_7 /data/vendor/time/ats_7
07-20 22:09:39.139   618   618 D QC-time-services: Daemon:time_persistent_memory_opr:Genoff Read operation 
07-20 22:09:39.139   618   618 D QC-time-services: Daemon:Open File: /mnt/vendor/persist/time/ats_7
07-20 22:09:39.139   618   618 D QC-time-services: Daemon:Unable to open filefor read
07-20 22:09:39.139   618   618 D QC-time-services: Daemon:genoff_post_init:Error in accessing storage
07-20 22:09:39.139   618   618 D QC-time-services: Daemon:genoff_pre_init::Base = 8
07-20 22:09:39.139   618   618 D QC-time-services: Daemon: Storage Name: ats_8 
07-20 22:09:39.139   618   618 D QC-time-services: Daemon:Opening File: /mnt/vendor/persist/time/ats_8 /data/vendor/time/ats_8
07-20 22:09:39.139   618   618 D QC-time-services: Daemon:time_persistent_memory_opr:Genoff Read operation 
07-20 22:09:39.139   618   618 D QC-time-services: Daemon:Open File: /mnt/vendor/persist/time/ats_8
07-20 22:09:39.139   618   618 D QC-time-services: Daemon:Unable to open filefor read
07-20 22:09:39.139   618   618 D QC-time-services: Daemon:genoff_post_init:Error in accessing storage
07-20 22:09:39.139   618   618 D QC-time-services: Daemon:genoff_pre_init::Base = 9
07-20 22:09:39.139   618   618 D QC-time-services: Daemon: Storage Name: ats_9 
07-20 22:09:39.139   618   618 D QC-time-services: Daemon:Opening File: /mnt/vendor/persist/time/ats_9 /data/vendor/time/ats_9
07-20 22:09:39.139   618   618 D QC-time-services: Daemon:time_persistent_memory_opr:Genoff Read operation 
07-20 22:09:39.139   618   618 D QC-time-services: Daemon:Open File: /mnt/vendor/persist/time/ats_9
07-20 22:09:39.139   618   618 D QC-time-services: Daemon:Unable to open filefor read
07-20 22:09:39.139   618   618 D QC-time-services: Daemon:genoff_post_init:Error in accessing storage
07-20 22:09:39.139   618   618 D QC-time-services: Daemon:genoff_pre_init::Base = 10
07-20 22:09:39.139   618   618 D QC-time-services: Daemon: Storage Name: ats_10 
07-20 22:09:39.139   618   618 D QC-time-services: Daemon:Opening File: /mnt/vendor/persist/time/ats_10 /data/vendor/time/ats_10
07-20 22:09:39.139   618   618 D QC-time-services: Daemon:time_persistent_memory_opr:Genoff Read operation 
07-20 22:09:39.139   618   618 D QC-time-services: Daemon:Open File: /mnt/vendor/persist/time/ats_10
07-20 22:09:39.139   618   618 D QC-time-services: Daemon:Unable to open filefor read
07-20 22:09:39.139   618   618 D QC-time-services: Daemon:genoff_post_init:Error in accessing storage
07-20 22:09:39.139   618   618 D QC-time-services: Daemon:genoff_pre_init::Base = 11
07-20 22:09:39.139   618   618 D QC-time-services: Daemon: Storage Name: ats_11 
07-20 22:09:39.139   618   618 D QC-time-services: Daemon:Opening File: /mnt/vendor/persist/time/ats_11 /data/vendor/time/ats_11
07-20 22:09:39.139   618   618 D QC-time-services: Daemon:time_persistent_memory_opr:Genoff Read operation 
07-20 22:09:39.139   618   618 D QC-time-services: Daemon:Open File: /mnt/vendor/persist/time/ats_11
07-20 22:09:39.139   618   618 D QC-time-services: Daemon:Unable to open filefor read
07-20 22:09:39.139   618   618 D QC-time-services: Daemon:genoff_post_init:Error in accessing storage
07-20 22:09:39.139   618   618 D QC-time-services: Daemon:genoff_pre_init::Base = 12
07-20 22:09:39.139   618   618 D QC-time-services: Daemon: Storage Name: ats_12 
07-20 22:09:39.139   618   618 D QC-time-services: Daemon:Opening File: /mnt/vendor/persist/time/ats_12 /data/vendor/time/ats_12
07-20 22:09:39.139   618   618 D QC-time-services: Daemon:time_persistent_memory_opr:Genoff Read operation 
07-20 22:09:39.139   618   618 D QC-time-services: Daemon:Open File: /mnt/vendor/persist/time/ats_12
07-20 22:09:39.139   618   618 D QC-time-services: Daemon:Unable to open filefor read
07-20 22:09:39.139   618   618 D QC-time-services: Daemon:genoff_post_init:Error in accessing storage
07-20 22:09:39.139   618   618 D QC-time-services: Daemon:genoff_pre_init::Base = 13
07-20 22:09:39.139   618   618 D QC-time-services: Daemon: Storage Name: ats_13 
07-20 22:09:39.139   618   618 D QC-time-services: Daemon:Opening File: /mnt/vendor/persist/time/ats_13 /data/vendor/time/ats_13
07-20 22:09:39.139   618   618 D QC-time-services: Daemon:time_persistent_memory_opr:Genoff Read operation 
07-20 22:09:39.139   618   618 D QC-time-services: Daemon:Open File: /mnt/vendor/persist/time/ats_13
07-20 22:09:39.139   618   618 D QC-time-services: Daemon:Unable to open filefor read
07-20 22:09:39.139   618   618 D QC-time-services: Daemon:genoff_post_init:Error in accessing storage
07-20 22:09:39.139   618   618 D QC-time-services: Daemon:genoff_pre_init::Base = 14
07-20 22:09:39.139   618   618 D QC-time-services: Daemon: Storage Name: ats_14 
07-20 22:09:39.139   618   618 D QC-time-services: Daemon:Opening File: /mnt/vendor/persist/time/ats_14 /data/vendor/time/ats_14
07-20 22:09:39.139   618   618 D QC-time-services: Daemon:time_persistent_memory_opr:Genoff Read operation 
07-20 22:09:39.139   618   618 D QC-time-services: Daemon:Open File: /mnt/vendor/persist/time/ats_14
07-20 22:09:39.139   618   618 D QC-time-services: Daemon:Unable to open filefor read
07-20 22:09:39.139   618   618 D QC-time-services: Daemon:genoff_post_init:Error in accessing storage
07-20 22:09:39.139   618   618 D QC-time-services: Daemon:genoff_pre_init::Base = 15
07-20 22:09:39.139   618   618 D QC-time-services: Daemon: Storage Name: ats_15 
07-20 22:09:39.139   618   618 D QC-time-services: Daemon:Opening File: /mnt/vendor/persist/time/ats_15 /data/vendor/time/ats_15
07-20 22:09:39.139   618   618 D QC-time-services: Daemon:time_persistent_memory_opr:Genoff Read operation 
07-20 22:09:39.139   618   618 D QC-time-services: Daemon:Open File: /mnt/vendor/persist/time/ats_15
07-20 22:09:39.139   618   618 D QC-time-services: Daemon:Unable to open filefor read
07-20 22:09:39.139   618   618 D QC-time-services: Daemon:genoff_post_init:Error in accessing storage
07-20 22:09:39.139   618   618 D QC-time-services: Daemon:genoff_pre_init::Base = 16
07-20 22:09:39.139   618   618 D QC-time-services: Daemon: Storage Name: ats_16 
07-20 22:09:39.139   618   618 D QC-time-services: Daemon:Opening File: /mnt/vendor/persist/time/ats_16 /data/vendor/time/ats_16
07-20 22:09:39.139   618   618 D QC-time-services: Daemon:time_persistent_memory_opr:Genoff Read operation 
07-20 22:09:39.139   618   618 D QC-time-services: Daemon:Open File: /mnt/vendor/persist/time/ats_16
07-20 22:09:39.139   618   618 D QC-time-services: Daemon:genoff_pre_init::Base = 17
07-20 22:09:39.139   618   618 D QC-time-services: Daemon: Storage Name: ats_17 
07-20 22:09:39.139   618   618 D QC-time-services: Daemon:Opening File: /mnt/vendor/persist/time/ats_17 /data/vendor/time/ats_17
07-20 22:09:39.139   618   618 D QC-time-services: Daemon:time_persistent_memory_opr:Genoff Read operation 
07-20 22:09:39.139   618   618 D QC-time-services: Daemon:Open File: /mnt/vendor/persist/time/ats_17
07-20 22:09:39.139   618   618 D QC-time-services: Daemon:Unable to open filefor read
07-20 22:09:39.139   618   618 D QC-time-services: Daemon:genoff_post_init:Error in accessing storage
07-20 22:09:39.139   618   618 D QC-time-services: Daemon:genoff_pre_init::Base = 18
07-20 22:09:39.139   618   618 D QC-time-services: Daemon: Storage Name: ats_18 
07-20 22:09:39.139   618   618 D QC-time-services: Daemon:Opening File: /mnt/vendor/persist/time/ats_18 /data/vendor/time/ats_18
07-20 22:09:39.139   618   618 D QC-time-services: Daemon:time_persistent_memory_opr:Genoff Read operation 
07-20 22:09:39.139   618   618 D QC-time-services: Daemon:Open File: /mnt/vendor/persist/time/ats_18
07-20 22:09:39.139   618   618 D QC-time-services: Daemon:Unable to open filefor read
07-20 22:09:39.139   618   618 D QC-time-services: Daemon:genoff_post_init:Error in accessing storage
07-20 22:09:39.139   618   618 D QC-time-services: Daemon:genoff_init_config: Other bases initilized, exiting genoff_init
07-20 22:09:39.140     0     0 I rtc-max31343 1-0068: read date/time raw! 0x21-07-21 02:09:39 W04
07-20 22:09:39.140   618   618 D QC-time-services: Daemon:rtc_get: Time read from RTC -- MM/DD/YY HH:MM:SS6/21/121 2:9:39
07-20 22:09:39.140     0     0 I rtc-max31343 1-0068: read date/time! 2021-07-21 02:09:39
07-20 22:09:39.140   618   618 D QC-time-services: Daemon rtc_get: seconds = 1626833379
07-20 22:09:39.140   618   618 D QC-time-services: Daemon:Value read from RTC mseconds = 1626833379000
07-20 22:09:39.140   618   618 D QC-time-services: Daemon:Value read from QTimer mseconds = 12028
07-20 22:09:39.140   618   618 D QC-time-services: Daemon:genoff_opr: Base = 1, val = 0, operation = 1
07-20 22:09:39.140   618   618 D QC-time-services: Daemon: genoff get for 1
07-20 22:09:39.140   618   618 D QC-time-services: Daemon:Value read from QTimer mseconds = 12028
07-20 22:09:39.140   618   618 D QC-time-services: Daemon:Value read from RTC mseconds on boot = 1626833379000
07-20 22:09:39.140   618   618 D QC-time-services: Daemon:Value read from QTimer mseconds = 12028
07-20 22:09:39.140   618   618 D QC-time-services: Daemon:Value read from generic offset = -47
07-20 22:09:39.140   618   618 D QC-time-services: Daemon:Delta read on boot mseconds = 1626833366972
07-20 22:09:39.140   618   618 D QC-time-services: Daemon:Final Time = 1626833378953
07-20 22:09:39.140   618   618 D QC-time-services: Daemon:genoff_boot_tod_init: Updating system time to sec=1626833378, usec=953000
07-20 22:09:39.143     0     0 I ptdet_get_poe_status: poe staus is 0
07-20 22:09:39.173     0     0 I update_verifier: Started with arg 1: nonencrypted
07-20 22:09:39.175     0     0 I update_verifier: Booting slot 0: isSlotMarkedSuccessful=1
07-20 22:09:39.175     0     0 I update_verifier: Leaving update_verifier.
07-20 22:09:39.197     0     0 I subsys-pil-tz 1a300000.qcom,turing: cdsp: loading from 0x0000000094a00000 to 0x0000000095000000
07-20 22:09:39.223   646   646 I BOOT    : MSM target '', SoC 'QRD', HwID '324', SoC ver '65536'
07-20 22:09:39.242   647   647 W DRM_BOOT: file: '/sys/module/drm/parameters/vblankoffdelay' or perms doesn't exist
07-20 22:09:39.264     0     0 I subsys-pil-tz 1a300000.qcom,turing: cdsp: Brought out of reset
07-20 22:09:39.272     0     0 I subsys-pil-tz 1a300000.qcom,turing: cdsp: Power/Clock ready interrupt received
07-20 22:09:39.273     0     0 I subsys-pil-tz 1a300000.qcom,turing: Subsystem error monitoring/handling services are up
07-20 22:09:39.275     0     0 E pmic_analog_codec 800f000.qcom,spmi: qcom,pm660l@3:anlg-cdc@f000: Adsp is not loaded yet 0
07-20 22:09:39.275     0     0 E msm_sdw_codec 152c1000.msm-sdw-codec: Adsp is not loaded yet 0
07-20 22:09:39.276     0     0 E pmic_analog_codec 800f000.qcom,spmi: qcom,pm660l@3:anlg-cdc@f000: Adsp is not loaded yet 0
07-20 22:09:39.277     0     0 E msm_sdw_codec 152c1000.msm-sdw-codec: Adsp is not loaded yet 0
07-20 22:09:39.278     0     0 I adsprpc : fastrpc_rpmsg_probe: opened rpmsg channel for cdsp
07-20 22:09:39.279     0     0 E pmic_analog_codec 800f000.qcom,spmi: qcom,pm660l@3:anlg-cdc@f000: Adsp is not loaded yet 0
07-20 22:09:39.280     0     0 E msm_sdw_codec 152c1000.msm-sdw-codec: Adsp is not loaded yet 0
07-20 22:09:39.283     0     0 E         : can't get fw name.
07-20 22:09:39.283     0     0 E sensors-ssc soc: qcom,msm-ssc-sensors: slpi_load_fw: SLPI image loading failed
07-20 22:09:39.602   628   628 D AndroidRuntime: >>>>>> START com.android.internal.os.ZygoteInit uid 0 <<<<<<
07-20 22:09:39.602   628   628 I boot_progress_start: 8451
07-20 22:09:39.644   667   667 I ServiceManagement: Registered android.hidl.allocator@1.0::IAllocator/ashmem (start delay of 52ms)
07-20 22:09:39.644   667   667 I ServiceManagement: Removing namespace from process name android.hidl.allocator@1.0-service to allocator@1.0-service.
07-20 22:09:39.668   668   668 I ServiceManagement: Registered android.system.suspend@1.0::ISystemSuspend/default (start delay of 75ms)
07-20 22:09:39.668   668   668 I ServiceManagement: Removing namespace from process name android.system.suspend@1.0-service to suspend@1.0-service.
07-20 22:09:39.702   673   673 I ServiceManagement: Registered android.hardware.drm@1.0::IDrmFactory/default (start delay of 91ms)
07-20 22:09:39.702   673   673 I ServiceManagement: Removing namespace from process name android.hardware.drm@1.0-service to drm@1.0-service.
07-20 22:09:39.702   673   673 I         : Registration complete for android.hardware.drm@1.0::IDrmFactory/default.
07-20 22:09:39.714   679   679 I ServiceManagement: Registered android.hardware.memtrack@1.0::IMemtrack/default (start delay of 93ms)
07-20 22:09:39.714   679   679 I ServiceManagement: Removing namespace from process name android.hardware.memtrack@1.0-service to memtrack@1.0-service.
07-20 22:09:39.715   679   679 I android.hardware.memtrack@1.0-service: Registration complete for android.hardware.memtrack@1.0::IMemtrack/default.
07-20 22:09:39.716   673   673 I ServiceManagement: Registered android.hardware.drm@1.0::ICryptoFactory/default (start delay of 105ms)
07-20 22:09:39.716   673   673 I ServiceManagement: Removing namespace from process name android.hardware.drm@1.0-service to drm@1.0-service.
07-20 22:09:39.716   673   673 I         : Registration complete for android.hardware.drm@1.0::ICryptoFactory/default.
07-20 22:09:39.723   678   678 E light   : light_open lights keyboard failed: -22
07-20 22:09:39.723   678   678 E light   : Light passthrough failed to load legacy HAL.
07-20 22:09:39.724   678   678 E light   : light_open lights buttons failed: -22
07-20 22:09:39.724   678   678 E light   : Light passthrough failed to load legacy HAL.
07-20 22:09:39.726   678   678 E light   : light_open lights bluetooth failed: -22
07-20 22:09:39.726   678   678 E light   : Light passthrough failed to load legacy HAL.
07-20 22:09:39.727   678   678 E light   : light_open lights wifi failed: -22
07-20 22:09:39.727   678   678 E light   : Light passthrough failed to load legacy HAL.
07-20 22:09:39.736   669   669 I android.hardware.bluetooth@1.0-service: vendorEnhancedInfo: 3
07-20 22:09:39.737   669   669 I android.hardware.bluetooth@1.0-service: isVendorEnhancedFramework: 1
07-20 22:09:39.737   669   669 I android.hardware.bluetooth@1.0-service: Registering BT Service
07-20 22:09:39.740   682   682 I ServiceManagement: Registered android.hardware.thermal@1.0::IThermal/default (start delay of 109ms)
07-20 22:09:39.740   682   682 I ServiceManagement: Removing namespace from process name android.hardware.thermal@1.0-service to thermal@1.0-service.
07-20 22:09:39.741   678   678 I ServiceManagement: Registered android.hardware.light@2.0::ILight/default (start delay of 120ms)
07-20 22:09:39.741   682   682 I android.hardware.thermal@1.0-service: Registration complete for android.hardware.thermal@1.0::IThermal/default.
07-20 22:09:39.741   678   678 I ServiceManagement: Removing namespace from process name android.hardware.light@2.0-service to light@2.0-service.
07-20 22:09:39.741   678   678 I         : Registration complete for android.hardware.light@2.0::ILight/default.
07-20 22:09:39.745   687   687 I ServiceManagement: Registered vendor.elo.hardware.oemkeys@1.0::IOemKeys/default (start delay of 102ms)
07-20 22:09:39.745   687   687 I ServiceManagement: Removing namespace from process name vendor.elo.hardware.oemkeys@1.0-service to oemkeys@1.0-service.
07-20 22:09:39.756   704   704 D         : tui_comm: svc service starting :)
07-20 22:09:39.758   704   704 I ServiceManagement: Registered vendor.qti.hardware.tui_comm@1.0::ITuiComm/default (start delay of 57ms)
07-20 22:09:39.758   704   704 I ServiceManagement: Removing namespace from process name vendor.qti.hardware.tui_comm@1.0-service-qti to tui_comm@1.0-service-qti.
07-20 22:09:39.758   704   704 E         : Registered ITuiComm HAL service success!
07-20 22:09:39.760   693   693 I ServiceManagement: Registered vendor.elo.hardware.oemuinput@1.0::IOemUinput/default (start delay of 88ms)
07-20 22:09:39.760   693   693 I ServiceManagement: Removing namespace from process name vendor.elo.hardware.oemuinput@1.0-service to oemuinput@1.0-service.
07-20 22:09:39.760   675   675 I ServiceManagement: Registered android.hardware.graphics.allocator@2.0::IAllocator/default (start delay of 149ms)
07-20 22:09:39.761   675   675 I ServiceManagement: Removing namespace from process name android.hardware.graphics.allocator@2.0-service to allocator@2.0-service.
07-20 22:09:39.761   675   675 I android.hardware.graphics.allocator@2.0-service: Registration complete for android.hardware.graphics.allocator@2.0::IAllocator/default.
07-20 22:09:39.764   628   628 I AndroidRuntime: Using default boot image
07-20 22:09:39.764   628   628 I AndroidRuntime: Leaving lock profiling enabled
07-20 22:09:39.765   680   680 I QTI PowerHAL: Initing
07-20 22:09:39.770   688   688 E OEMLIGHT: OemLight Hal start
07-20 22:09:39.771   688   688 E OEMLIGHT: power LED not support
07-20 22:09:39.771   688   688 E OEMLIGHT: function LED not support
07-20 22:09:39.775   628   628 I zygote64: option[0]=-Xzygote
07-20 22:09:39.775   628   628 I zygote64: option[1]=exit
07-20 22:09:39.776   628   628 I zygote64: option[2]=vfprintf
07-20 22:09:39.776   628   628 I zygote64: option[3]=sensitiveThread
07-20 22:09:39.776   628   628 I zygote64: option[4]=-verbose:gc
07-20 22:09:39.776   628   628 I zygote64: option[5]=-Xms8m
07-20 22:09:39.776   628   628 I zygote64: option[6]=-Xmx512m
07-20 22:09:39.776   628   628 I zygote64: option[7]=-XX:HeapGrowthLimit=256m
07-20 22:09:39.776   628   628 I zygote64: option[8]=-XX:HeapMinFree=512k
07-20 22:09:39.776   628   628 I zygote64: option[9]=-XX:HeapMaxFree=8m
07-20 22:09:39.776   628   628 I zygote64: option[10]=-XX:HeapTargetUtilization=0.75
07-20 22:09:39.776   628   628 I zygote64: option[11]=-Xusejit:true
07-20 22:09:39.776   628   628 I zygote64: option[12]=-Xjitsaveprofilinginfo
07-20 22:09:39.776   628   628 I zygote64: option[13]=-XjdwpOptions:suspend=n,server=y
07-20 22:09:39.776   628   628 I zygote64: option[14]=-XjdwpProvider:default
07-20 22:09:39.776   628   628 I zygote64: option[15]=-Xlockprofthreshold:500
07-20 22:09:39.776   628   628 I zygote64: option[16]=-Ximage-compiler-option
07-20 22:09:39.776   628   628 I zygote64: option[17]=--runtime-arg
07-20 22:09:39.776   628   628 I zygote64: option[18]=-Ximage-compiler-option
07-20 22:09:39.776   628   628 I zygote64: option[19]=-Xms64m
07-20 22:09:39.776   628   628 I zygote64: option[20]=-Ximage-compiler-option
07-20 22:09:39.776   628   628 I zygote64: option[21]=--runtime-arg
07-20 22:09:39.776   628   628 I zygote64: option[22]=-Ximage-compiler-option
07-20 22:09:39.776   628   628 I zygote64: option[23]=-Xmx64m
07-20 22:09:39.776   628   628 I zygote64: option[24]=-Ximage-compiler-option
07-20 22:09:39.776   628   628 I zygote64: option[25]=--profile-file=/system/etc/boot-image.prof
07-20 22:09:39.776   628   628 I zygote64: option[26]=-Ximage-compiler-option
07-20 22:09:39.776   628   628 I zygote64: option[27]=--compiler-filter=speed-profile
07-20 22:09:39.776   628   628 I zygote64: option[28]=-Xcompiler-option
07-20 22:09:39.776   628   628 I zygote64: option[29]=--runtime-arg
07-20 22:09:39.776   628   628 I zygote64: option[30]=-Xcompiler-option
07-20 22:09:39.776   628   628 I zygote64: option[31]=-Xms64m
07-20 22:09:39.776   628   628 I zygote64: option[32]=-Xcompiler-option
07-20 22:09:39.776   628   628 I zygote64: option[33]=--runtime-arg
07-20 22:09:39.776   628   628 I zygote64: option[34]=-Xcompiler-option
07-20 22:09:39.776   628   628 I zygote64: option[35]=-Xmx512m
07-20 22:09:39.776   628   628 I zygote64: option[36]=-Ximage-compiler-option
07-20 22:09:39.776   628   628 I zygote64: option[37]=--instruction-set-variant=generic
07-20 22:09:39.776   628   628 I zygote64: option[38]=-Xcompiler-option
07-20 22:09:39.776   628   628 I zygote64: option[39]=--instruction-set-variant=generic
07-20 22:09:39.776   628   628 I zygote64: option[40]=-Ximage-compiler-option
07-20 22:09:39.776   628   628 I zygote64: option[41]=--instruction-set-features=default
07-20 22:09:39.776   628   628 I zygote64: option[42]=-Xcompiler-option
07-20 22:09:39.776   628   628 I zygote64: option[43]=--instruction-set-features=default
07-20 22:09:39.776   628   628 I zygote64: option[44]=-Duser.locale=en-US
07-20 22:09:39.776   628   628 I zygote64: option[45]=--cpu-abilist=arm64-v8a
07-20 22:09:39.776   628   628 I zygote64: option[46]=-Xcompiler-option
07-20 22:09:39.776   628   628 I zygote64: option[47]=--generate-mini-debug-info
07-20 22:09:39.776   628   628 I zygote64: option[48]=-Xcore-platform-api-policy:just-warn
07-20 22:09:39.776   628   628 I zygote64: option[49]=-Xfingerprint:Elo/15in-I-Series-4_E8MP/15in-I-Series-4:10/QKQ1.201112.002/eng.youkai.20210720.100238:userdebug/debug,release-keys
07-20 22:09:39.781   677   677 I health@2.0/: health@2.0/default: Hal starting main loop...
07-20 22:09:39.781   677   677 I health@2.0/: health@2.0/default Hal is starting up...
07-20 22:09:39.781   694   694 D hal-OemUsbConfig: OemUsbConfig hal start
07-20 22:09:39.786   681   681 E libsensor1: check_sensors_enabled: Sensors enabled = true
07-20 22:09:39.787   684   684 I ServiceManagement: Registered android.hardware.usb@1.0::IUsb/default (start delay of 146ms)
07-20 22:09:39.787   684   684 I ServiceManagement: Removing namespace from process name android.hardware.usb@1.0-service to usb@1.0-service.
07-20 22:09:39.787   684   684 I android.hardware.usb@1.0-service: USB HAL Ready.
07-20 22:09:39.791   677   677 I ServiceManagement: Registered android.hardware.health@2.0::IHealth/default (start delay of 171ms)
07-20 22:09:39.791   677   677 I ServiceManagement: Removing namespace from process name android.hardware.health@2.0-service to health@2.0-service.
07-20 22:09:39.791   677   677 I health@2.0/: health@2.0/default: Hal init done
07-20 22:09:39.792   683   683 I auditd  : type=1400 audit(0.0:4): avc: denied { read } for comm="android.hardwar" name="pa" dev="sysfs" ino=32070 scontext=u:r:hal_tv_cec_default:s0 tcontext=u:object_r:sysfs:s0 tclass=file permissive=0
07-20 22:09:39.792   683   683 W android.hardwar: type=1400 audit(0.0:4): avc: denied { read } for name="pa" dev="sysfs" ino=32070 scontext=u:r:hal_tv_cec_default:s0 tcontext=u:object_r:sysfs:s0 tclass=file permissive=0
07-20 22:09:39.792     0     0 W healthd : battery none chg=a
07-20 22:09:39.793   680   680 I ServiceManagement: Registered android.hardware.power@1.0::IPower/default (start delay of 173ms)
07-20 22:09:39.794   680   680 I ServiceManagement: Removing namespace from process name android.hardware.power@1.0-service to power@1.0-service.
07-20 22:09:39.794   680   680 I android.hardware.power@1.0-service: Registration complete for android.hardware.power@1.0::IPower/default.
07-20 22:09:39.797   701   701 I ServiceManagement: Registered vendor.qti.hardware.servicetracker@1.0::IServicetracker/default (start delay of 106ms)
07-20 22:09:39.797   701   701 I ServiceManagement: Removing namespace from process name vendor.qti.hardware.servicetracker@1.0-service to servicetracker@1.0-service.
07-20 22:09:39.797   701   701 I         : Registration complete for vendor.qti.hardware.servicetracker@1.0::IServicetracker/default.
07-20 22:09:39.798   670   670 I android.hardware.camera.provider@2.4-service: CameraProvider@2.4 legacy service is starting.
07-20 22:09:39.799   699   699 I ServiceManagement: Registered vendor.qti.hardware.qteeconnector@1.0::IAppConnector/default (start delay of 108ms)
07-20 22:09:39.799   708   708 I irsc_util: Starting irsc tool
07-20 22:09:39.799   699   699 I ServiceManagement: Removing namespace from process name vendor.qti.hardware.qteeconnector@1.0-service to qteeconnector@1.0-service.
07-20 22:09:39.802   690   690 I vendor.elo.hardware.oemmisc@1.0-service: OemMisc Service start!
07-20 22:09:39.804   683   683 E qdhdmi_cec: write_node: Failed to access path: /sys/devices/virtual/graphics/fb1/cec/logical_addr error: No such file or directory
07-20 22:09:39.804   683   683 E qdhdmi_cec: write_node: Failed to access path: /sys/devices/virtual/graphics/fb1/cec/enable error: No such file or directory
07-20 22:09:39.804   683   683 E qdhdmi_cec: cec_enable: Failed to toggle CEC: enable: 1
07-20 22:09:39.804   683   683 D qdhdmi_cec: cec_init_context: CEC enabled
07-20 22:09:39.804   683   683 E qdhdmi_cec: Node open failed for display 1 event cec/rd_msg error No such file or directory
07-20 22:09:39.804   683   683 E qdhdmi_cec: Failed to set poll event parameters
07-20 22:09:39.804   683   683 E qdhdmi_cec: Failed to populate poll parameters for monitoring HDMI CEC events. Exiting.
07-20 22:09:39.804   683   683 E qdhdmi_cec: write_node: Failed to access path: /sys/devices/virtual/graphics/fb1/cec/enable error: No such file or directory
07-20 22:09:39.804   683   683 E qdhdmi_cec: cec_enable: Failed to toggle CEC: enable: 0
07-20 22:09:39.805   688   688 I ServiceManagement: Registered vendor.elo.hardware.oemlight@1.0::IOemLight/default (start delay of 144ms)
07-20 22:09:39.805   688   688 I ServiceManagement: Removing namespace from process name vendor.elo.hardware.oemlight@1.0-service to oemlight@1.0-service.
07-20 22:09:39.805   628   628 I zygote64: Core platform API reporting enabled, enforcing=false
07-20 22:09:39.809   708   708 I irsc_util: Num of entries:299
07-20 22:09:39.809   708   708 E irsc_util: irsc_feed_config: Security config ioctl failed
07-20 22:09:39.809   708   708 I irsc_util: Ending irsc tool
07-20 22:09:39.814   692   692 I OEMPowerUtil: initialize().
07-20 22:09:39.817   686   686 I ServiceManagement: Registered vendor.display.color@1.0::IDisplayColor/default (start delay of 176ms)
07-20 22:09:39.817   686   686 I ServiceManagement: Removing namespace from process name vendor.display.color@1.0-service to color@1.0-service.
07-20 22:09:39.827   686   686 I ServiceManagement: Registered vendor.display.postproc@1.0::IDisplayPostproc/default (start delay of 186ms)
07-20 22:09:39.828   713   713 I pd-mapper-svc: Starting pd-mapper service
07-20 22:09:39.829   713   713 I pd-mapper-svc: Parsing file :/vendor/firmware_mnt/image/adspr.jsn:
07-20 22:09:39.832   618   618 E QMI_FW  : xport_lookup: No RX for lookup -1
07-20 22:09:39.832   681   681 E QMI_FW  : xport_lookup: No RX for lookup -1
07-20 22:09:39.833   681   728 E QMI_FW  : ctrl_msg_reader_thread: control thread received ENETRESET 102
07-20 22:09:39.833   618   618 D QC-time-services: Daemon:genoff_modem_qmi_init: Initializing QMI 
07-20 22:09:39.833   618   625 E QMI_FW  : ctrl_msg_reader_thread: control thread received ENETRESET 102
07-20 22:09:39.835   695   695 D vendor.qti.esepowermanager@1.0-service: loading eseservice
07-20 22:09:39.835   695   695 D QSEECOMAPI: QSEECom_get_handle sb_length = 0x400
07-20 22:09:39.836   695   695 D QSEECOMAPI: App is not loaded in QSEE
07-20 22:09:39.836   695   695 E QSEECOMAPI: Error::Cannot open the file /vendor/firmware_mnt/image/eseservice.mdt errno = 2
07-20 22:09:39.836   695   695 E QSEECOMAPI: Error::Loading image failed with ret = -1
07-20 22:09:39.836   695   695 D vendor.qti.esepowermanager@1.0-service: loading eseservice failed
07-20 22:09:39.836   695   695 D vendor.qti.esepowermanager@1.0-service: eSEPowerManager is starting
07-20 22:09:39.836   710   710 I PerMgrSrv: Adding entry for modem : offTimeout : 500 ackTimeout : 200
07-20 22:09:39.836   699   699 I ServiceManagement: Registered vendor.qti.hardware.qteeconnector@1.0::IGPAppConnector/default (start delay of 146ms)
07-20 22:09:39.836   699   699 I ServiceManagement: Removing namespace from process name vendor.qti.hardware.qteeconnector@1.0-service to qteeconnector@1.0-service.
07-20 22:09:39.837   690   690 I ServiceManagement: Registered vendor.elo.hardware.oemmisc@1.0::IOemMisc/default (start delay of 176ms)
07-20 22:09:39.837   690   690 I ServiceManagement: Removing namespace from process name vendor.elo.hardware.oemmisc@1.0-service to oemmisc@1.0-service.
07-20 22:09:39.837   694   694 I ServiceManagement: Registered vendor.elo.hardware.oemusbconfig@1.0::IOemUsbConfig/default (start delay of 166ms)
07-20 22:09:39.837   694   694 I ServiceManagement: Removing namespace from process name vendor.elo.hardware.oemusbconfig@1.0-service to oemusbconfig@1.0-service.
07-20 22:09:39.837   713   713 I pd-mapper-svc: Parsing file :/vendor/firmware_mnt/image/adsps.jsn:
07-20 22:09:39.838   683   683 I ServiceManagement: Registered android.hardware.tv.cec@1.0::IHdmiCec/default (start delay of 207ms)
07-20 22:09:39.838   683   683 I ServiceManagement: Removing namespace from process name android.hardware.tv.cec@1.0-service to cec@1.0-service.
07-20 22:09:39.838   683   683 I android.hardware.tv.cec@1.0-service: Registration complete for android.hardware.tv.cec@1.0::IHdmiCec/default.
07-20 22:09:39.839   618   737 D QC-time-services: Daemon: Time-services: All initializations done
07-20 22:09:39.839   618   737 E QC-time-services: Daemon: Time-services: Waiting to acceptconnection
07-20 22:09:39.839   669   669 I ServiceManagement: Registered android.hardware.bluetooth@1.0::IBluetoothHci/default (start delay of 239ms)
07-20 22:09:39.839   669   669 I ServiceManagement: Removing namespace from process name android.hardware.bluetooth@1.0-service-qti to bluetooth@1.0-service-qti.
07-20 22:09:39.839   669   669 I         : Registration complete for android.hardware.bluetooth@1.0::IBluetoothHci/default.
07-20 22:09:39.839   669   669 I android.hardware.bluetooth@1.0-service: Registering ANT Service
07-20 22:09:39.841     0     0 E diag    : In diag_send_feature_mask_update, control channel is not open, p: 5, 000000002c7b3751
07-20 22:09:39.841   713   713 I pd-mapper-svc: Parsing file :/vendor/firmware_mnt/image/adspua.jsn:
07-20 22:09:39.842   692   692 I ServiceManagement: Registered vendor.elo.hardware.oempowersave@1.0::IOemPowerSave/default (start delay of 171ms)
07-20 22:09:39.842   692   692 I ServiceManagement: Removing namespace from process name vendor.elo.hardware.oempowersave@1.0-service to oempowersave@1.0-service.
07-20 22:09:39.842   671   671 I ServiceManagement: Registered android.hardware.cas@1.1::IMediaCasService/default (start delay of 241ms)
07-20 22:09:39.842   671   671 I ServiceManagement: Removing namespace from process name android.hardware.cas@1.1-service to cas@1.1-service.
07-20 22:09:39.844   697   697 D         : QdutilsDisp: svc service starting :)
07-20 22:09:39.844   713   713 I pd-mapper-svc: Parsing file :/vendor/firmware_mnt/image/cdspr.jsn:
07-20 22:09:39.846   697   697 I ServiceManagement: Registered vendor.qti.hardware.qdutils_disp@1.0::IQdutilsDisp/default (start delay of 166ms)
07-20 22:09:39.847   697   697 I ServiceManagement: Removing namespace from process name vendor.qti.hardware.qdutils_disp@1.0-service-qti to qdutils_disp@1.0-service-qti.
07-20 22:09:39.847   697   697 E         : Registered IQdutilsDisp HAL service success!
07-20 22:09:39.847     0     0 E diag    : In diag_send_peripheral_buffering_mode, buffering flag not set for 5
07-20 22:09:39.848   713   713 I pd-mapper-svc: Parsing file :/vendor/firmware_mnt/image/modemr.jsn:
07-20 22:09:39.850   669   669 I ServiceManagement: Registered com.qualcomm.qti.ant@1.0::IAntHci/default (start delay of 249ms)
07-20 22:09:39.850   669   669 I         : Registration complete for com.qualcomm.qti.ant@1.0::IAntHci/default.
07-20 22:09:39.850   669   669 I android.hardware.bluetooth@1.0-service: Registering SAR service
07-20 22:09:39.851   713   713 I pd-mapper-svc: Parsing file :/vendor/firmware_mnt/image/modemuw.jsn:
07-20 22:09:39.852   703   703 D QSEECOMAPI: QSEECom_get_handle sb_length = 0x2800
07-20 22:09:39.853   703   703 D QSEECOMAPI: App is not loaded in QSEE
07-20 22:09:39.854   695   695 I ServiceManagement: Registered vendor.qti.esepowermanager@1.0::IEsePowerManager/default (start delay of 173ms)
07-20 22:09:39.854   695   695 I ServiceManagement: Removing namespace from process name vendor.qti.esepowermanager@1.0-service to esepowermanager@1.0-service.
07-20 22:09:39.854   695   695 I vendor.qti.esepowermanager@1.0-service: Registration complete for vendor.qti.esepowermanager@1.0::IEsePowerManager/default.
07-20 22:09:39.854   497   497 I hwservicemanager: getTransport: Cannot find entry android.hardware.gnss@2.0::IGnss/default in either framework or device manifest.
07-20 22:09:39.855     0     0 I servloc : service_locator_new_server: Connection established with the Service locator
07-20 22:09:39.855     0     0 I servloc : init_service_locator: Service locator initialized
07-20 22:09:39.857   713   740 I pd-mapper-svc: Starting servloc server
07-20 22:09:39.858   703   703 D QSEECOMAPI: app_arch = 2, total_files = 9
07-20 22:09:39.859   629   629 D AndroidRuntime: >>>>>> START com.android.internal.os.ZygoteInit uid 0 <<<<<<
07-20 22:09:39.859   703   703 E ion     : ioctl c0044901 failed with code -1: Not a typewriter
07-20 22:09:39.860   669   669 E vendor.qti.hardware.bluetooth_sar@1.0-BluetoothSar: HIDL_FETCH_IBluetoothSar
07-20 22:09:39.860   685   685 I android.hardware.wifi@1.0-service: Wifi Hal is booting up...
07-20 22:09:39.861   672   672 W /vendor/bin/hw/android.hardware.configstore@1.1-service: libminijail[672]: allowing syscall: connect
07-20 22:09:39.861   672   672 W /vendor/bin/hw/android.hardware.configstore@1.1-service: libminijail[672]: allowing syscall: fcntl
07-20 22:09:39.861   672   672 W /vendor/bin/hw/android.hardware.configstore@1.1-service: libminijail[672]: allowing syscall: sendto
07-20 22:09:39.861   672   672 W /vendor/bin/hw/android.hardware.configstore@1.1-service: libminijail[672]: allowing syscall: socket
07-20 22:09:39.861   672   672 W /vendor/bin/hw/android.hardware.configstore@1.1-service: libminijail[672]: allowing syscall: writev
07-20 22:09:39.863   672   672 W /vendor/bin/hw/android.hardware.configstore@1.1-service: libminijail[672]: logging seccomp filter failures
07-20 22:09:39.864   669   669 I ServiceManagement: Registered vendor.qti.hardware.bluetooth_sar@1.0::IBluetoothSar/default (start delay of 263ms)
07-20 22:09:39.864   669   669 I         : Registration complete for vendor.qti.hardware.bluetooth_sar@1.0::IBluetoothSar/default.
07-20 22:09:39.864   669   669 I android.hardware.bluetooth@1.0-service: Registering BT Config store Service
07-20 22:09:39.864   685   685 I ServiceManagement: Registered android.hardware.wifi@1.3::IWifi/default (start delay of 224ms)
07-20 22:09:39.865   685   685 I ServiceManagement: Removing namespace from process name android.hardware.wifi@1.0-service to wifi@1.0-service.
07-20 22:09:39.865   731   731 I qpart-server: *** Starting Qpart Server *** 
07-20 22:09:39.865   731   731 I qpart-server: sizeof(T_Socket_Packet):40
07-20 22:09:39.865   731   731 I qpart-server: SOCKET_PKT_HEADER_LEN:40
07-20 22:09:39.865   731   731 I qpart-server: init all signals
07-20 22:09:39.865   731   731 I qpart-server: waiting client connection
07-20 22:09:39.866   672   672 I ServiceManagement: Registered android.hardware.configstore@1.1::ISurfaceFlingerConfigs/default (start delay of 265ms)
07-20 22:09:39.866   672   672 I ServiceManagement: Removing namespace from process name android.hardware.configstore@1.1-service to configstore@1.1-service.
07-20 22:09:39.870   696   696 I ServiceManagement: Registered vendor.qti.hardware.perf@2.1::IPerf/default (start delay of 189ms)
07-20 22:09:39.870   696   696 I ServiceManagement: Removing namespace from process name vendor.qti.hardware.perf@2.1-service to perf@2.1-service.
07-20 22:09:39.870   696   696 E vendor.qti.hardware.perf@2.1-service: Registered IPerf HAL service success!
07-20 22:09:39.875   674   674 D gps_ql  : get android version:29
07-20 22:09:39.875   669   669 I ServiceManagement: Registered vendor.qti.hardware.btconfigstore@1.0::IBTConfigStore/default (start delay of 275ms)
07-20 22:09:39.875   669   669 I         : Registration complete for vendor.qti.hardware.btconfigstore@1.0::IBTConfigStore/default.
07-20 22:09:39.876   674   674 I ServiceManagement: Registered android.hardware.gnss@2.0::IGnss/default (start delay of 266ms)
07-20 22:09:39.877   674   674 I ServiceManagement: Removing namespace from process name android.hardware.gnss@2.0-service.quectel to gnss@2.0-service.quectel.
07-20 22:09:39.877   674   674 I android.hardware.gnss@2.0-service: Registration complete for android.hardware.gnss@2.0::IGnss/default.
07-20 22:09:39.878   739   739 I tftp_server: Initializing tftp_server RING buffer
07-20 22:09:39.878   739   739 I tftp_server: Starting...
07-20 22:09:39.883   710   710 I PerMgrSrv: Peripheral Mananager service start
07-20 22:09:39.883   710   710 I PerMgrSrv: power-off timeout 500,ms; event-ack timeout 200,ms; debug-mode false
07-20 22:09:39.883   710   710 I PerMgrSrv: Statistics for : modem
07-20 22:09:39.883   710   710 I PerMgrSrv: modem: Current State : is off-line
07-20 22:09:39.883   710   710 I PerMgrSrv: modem: Voter/Listener count : 0/0
07-20 22:09:39.883   710   710 I PerMgrSrv: modem: Power on count : 0
07-20 22:09:39.883   710   710 I PerMgrSrv: modem: Power off count: 0
07-20 22:09:39.883   710   710 I PerMgrSrv: modem: Client list:
07-20 22:09:39.885   710   748 I PerMgrSrv: QMI service start
07-20 22:09:39.888   729   729 W logd2   : Should set uid/gid from root to system
07-20 22:09:39.888   729   729 W logd2   : waiting client connection
07-20 22:09:39.891     0     0 E rmt_storage: INFO:check_support_using_libmdm: Modem subsystem found on target!
07-20 22:09:39.891   738   738 I vendor.rmt_storage: Modem subsystem found on target!
07-20 22:09:39.892   738   738 I vendor.rmt_storage: Shared memory initialised successfully.
07-20 22:09:39.892   738   738 I vendor.rmt_storage: Registering modemst1: 0x4a /boot/modem_fs1
07-20 22:09:39.892   738   738 I vendor.rmt_storage: Registering modemst2: 0x4b /boot/modem_fs2
07-20 22:09:39.892   738   738 I vendor.rmt_storage: Registering fsc: 0xff /boot/modem_fsc
07-20 22:09:39.892   738   738 I vendor.rmt_storage: Registering fsg: 0x58 /boot/modem_fsg
07-20 22:09:39.892   738   738 I vendor.rmt_storage: 4 GPT partitions found
07-20 22:09:39.892   738   738 I vendor.rmt_storage: Capset success!
07-20 22:09:39.893     0     0 E rmt_storage: INFO:main: Done with init now waiting for messages!
07-20 22:09:39.896     0     0 I sysmon-qmi: ssctl_new_server: Connection established between QMI handle and adsp's SSCTL service
07-20 22:09:39.898     0     0 W oem_init: 38 output lines suppressed due to ratelimiting
07-20 22:09:39.914     0     0 E diag    : In diag_send_feature_mask_update, control channel is not open, p: 1, 00000000d4f308eb
07-20 22:09:39.914     0     0 I sps     : BAM 0x0000000015204000 (va:0x0000000050b8d08a) enabled: ver:0x19, number of pipes:13
07-20 22:09:39.914     0     0 I sps     : BAM 0x0000000015204000 is registered.
07-20 22:09:39.915     0     0 E diag    : In diag_send_peripheral_buffering_mode, buffering flag not set for 1
07-20 22:09:39.919   723   723 I lowmemorykiller: PSI window size is changed to 500ms
07-20 22:09:39.919   723   723 I lowmemorykiller: PSI poll period for super critical event is changed to 100ms
07-20 22:09:39.919   723   723 I lowmemorykiller: Using in-kernel low memory killer interface
07-20 22:09:39.928     0     0 I         : Mass Storage Function, version: 2009/09/11
07-20 22:09:39.928     0     0 I LUN     : removable file: (no medium)
07-20 22:09:39.937     0     0 I         : file system registered
07-20 22:09:39.937     0     0 I audio_notifer_reg_service: service PDR_ADSP is in use
07-20 22:09:39.937     0     0 I ADSPRPC : audio_pdr_adsprpc is uninitialzed
07-20 22:09:39.937     0     0 I service-notifier: service_notifier_new_server: Connection established between QMI handle and 74 service
07-20 22:09:39.938     0     0 I ADSPRPC : sensors_pdr_adsprpc is uninitialzed
07-20 22:09:39.938     0     0 I service-notifier: service_notifier_new_server: Connection established between QMI handle and 74 service
07-20 22:09:39.941     0     0 I apr_adsp_up: Q6 is Up
07-20 22:09:39.942     0     0 I f_cdev_alloc: port_name:at_usb0 (0000000094ba808c) portno:(0)
07-20 22:09:39.942     0     0 I iommu   : Adding device soc:qcom,msm-audio-apr:qcom,msm-audio-ion to group 28
