01-06 23:22:06.450     0     0 I         : Loading compiled-in X.509 certificates
01-06 23:22:06.451     0     0 I kworker/u16: 7 (402) used greatest stack depth: 13520 bytes left
01-06 23:22:06.453     0     0 I         : Loaded X.509 cert 'Build time autogenerated kernel key: 6f399f4e484799cefd34649bb07bfff58eabd7c5'
01-06 23:22:06.454     0     0 I         : Loaded X.509 cert 'Android: 7e4333f9bba00adfe0ede979e28ed1920492b40f'
01-06 23:22:06.454     0     0 I         : page_owner is disabled
01-06 23:22:06.454     0     0 I         : Key type ._fscrypt registered
01-06 23:22:06.454     0     0 I         : Key type .fscrypt registered
01-06 23:22:06.454     0     0 I         : Key type fscrypt-provisioning registered
01-06 23:22:06.464     0     0 E FG      : fg_psy_get_property: unsupported property 4
01-06 23:22:06.471     0     0 I spss_utils [spss_init]: spss-utils driver Ver 3.0 18-Feb-2018.
01-06 23:22:06.485     0     0 I ADSPRPC : Secure VMID = 33
01-06 23:22:06.485     0     0 I iommu   : Adding device soc:qcom,msm_fastrpc:qcom,msm_fastrpc_compute_cb1 to group 15
01-06 23:22:06.486     0     0 I iommu   : Adding device soc:qcom,msm_fastrpc:qcom,msm_fastrpc_compute_cb2 to group 16
01-06 23:22:06.487     0     0 W         : Error: swapper/0: fastrpc_cb_probe: failed to create debugfs global file
01-06 23:22:06.487     0     0 I iommu   : Adding device soc:qcom,msm_fastrpc:qcom,msm_fastrpc_compute_cb3 to group 17
01-06 23:22:06.487     0     0 W         : Error: swapper/0: fastrpc_cb_probe: failed to create debugfs global file
01-06 23:22:06.487     0     0 I iommu   : Adding device soc:qcom,msm_fastrpc:qcom,msm_fastrpc_compute_cb4 to group 18
01-06 23:22:06.488     0     0 W         : Error: swapper/0: fastrpc_cb_probe: failed to create debugfs global file
01-06 23:22:06.488     0     0 I iommu   : Adding device soc:qcom,msm_fastrpc:qcom,msm_fastrpc_compute_cb5 to group 19
01-06 23:22:06.489     0     0 W         : Error: swapper/0: fastrpc_cb_probe: failed to create debugfs global file
01-06 23:22:06.489     0     0 I iommu   : Adding device soc:qcom,msm_fastrpc:qcom,msm_fastrpc_compute_cb6 to group 20
01-06 23:22:06.490     0     0 W         : Error: swapper/0: fastrpc_cb_probe: failed to create debugfs global file
01-06 23:22:06.490     0     0 I iommu   : Adding device soc:qcom,msm_fastrpc:qcom,msm_fastrpc_compute_cb7 to group 21
01-06 23:22:06.490     0     0 W         : Error: swapper/0: fastrpc_cb_probe: failed to create debugfs global file
01-06 23:22:06.490     0     0 I iommu   : Adding device soc:qcom,msm_fastrpc:qcom,msm_fastrpc_compute_cb8 to group 22
01-06 23:22:06.491     0     0 W         : Error: swapper/0: fastrpc_cb_probe: failed to create debugfs global file
01-06 23:22:06.491     0     0 I iommu   : Adding device soc:qcom,msm_fastrpc:qcom,msm_fastrpc_compute_cb9 to group 23
01-06 23:22:06.492     0     0 W         : Error: swapper/0: fastrpc_cb_probe: failed to create debugfs global file
01-06 23:22:06.492     0     0 I iommu   : Adding device soc:qcom,msm_fastrpc:qcom,msm_fastrpc_compute_cb10 to group 24
01-06 23:22:06.492     0     0 W         : Error: swapper/0: fastrpc_cb_probe: failed to create debugfs global file
01-06 23:22:06.493     0     0 I iommu   : Adding device soc:qcom,msm_fastrpc:qcom,msm_fastrpc_compute_cb11 to group 25
01-06 23:22:06.493     0     0 W         : Error: swapper/0: fastrpc_cb_probe: failed to create debugfs global file
01-06 23:22:06.493     0     0 I iommu   : Adding device soc:qcom,msm_fastrpc:qcom,msm_fastrpc_compute_cb12 to group 26
01-06 23:22:06.494     0     0 W         : Error: swapper/0: fastrpc_cb_probe: failed to create debugfs global file
01-06 23:22:06.494     0     0 I iommu   : Adding device soc:qcom,msm_fastrpc:qcom,msm_fastrpc_compute_cb13 to group 27
01-06 23:22:06.495     0     0 W         : Error: swapper/0: fastrpc_cb_probe: failed to create debugfs global file
01-06 23:22:06.496     0     0 I         : pos_hub_probe
01-06 23:22:06.496     0     0 I         : find_svid_handler 0xff00
01-06 23:22:06.496     0     0 I         : pos_hub_probe success
01-06 23:22:06.498     0     0 W         : OEM Debug, usb_gigabit ethernet init begin
01-06 23:22:06.499     0     0 I usb_oem_probe: enter
01-06 23:22:06.499     0     0 I         : usbPortPathInit 545 read path succeed: typec-u2-path 3-1
01-06 23:22:06.499     0     0 I usb_oem_probe: usbPortsSpeedCfg[0].portU2Path=3-1
01-06 23:22:06.499     0     0 I         : usbPortPathInit 545 read path succeed: typec-u3-path 4-1
01-06 23:22:06.499     0     0 I usb_oem_probe: usbPortsSpeedCfg[0].portU3Path=4-1
01-06 23:22:06.499     0     0 E         : usbPortPathInit 542 read path failed: typea-u2-path
01-06 23:22:06.499     0     0 I usb_oem_probe: usbPortsSpeedCfg[1].portU2Path=
01-06 23:22:06.499     0     0 E         : usbPortPathInit 542 read path failed: typea-u3-path
01-06 23:22:06.499     0     0 I usb_oem_probe: usbPortsSpeedCfg[1].portU3Path=
01-06 23:22:06.499     0     0 E         : usbPortPathInit 542 read path failed: typea-ex3-u2-path
01-06 23:22:06.499     0     0 I usb_oem_probe: usbPortsSpeedCfg[2].portU2Path=
01-06 23:22:06.499     0     0 E         : usbPortPathInit 542 read path failed: typea-ex3-u3-path
01-06 23:22:06.499     0     0 I usb_oem_probe: usbPortsSpeedCfg[2].portU3Path=
01-06 23:22:06.499     0     0 E         : usbPortPathInit 542 read path failed: typea-ex4-u2-path
01-06 23:22:06.499     0     0 I usb_oem_probe: usbPortsSpeedCfg[3].portU2Path=
01-06 23:22:06.499     0     0 E         : usbPortPathInit 542 read path failed: typea-ex4-u3-path
01-06 23:22:06.499     0     0 I usb_oem_probe: usbPortsSpeedCfg[3].portU3Path=
01-06 23:22:06.499     0     0 E         : usbPortPathInit 542 read path failed: typea-ex5-u2-path
01-06 23:22:06.499     0     0 I usb_oem_probe: usbPortsSpeedCfg[4].portU2Path=
01-06 23:22:06.499     0     0 E         : usbPortPathInit 542 read path failed: typea-ex5-u3-path
01-06 23:22:06.499     0     0 I usb_oem_probe: usbPortsSpeedCfg[4].portU3Path=
01-06 23:22:06.499     0     0 E         : usbPortPathInit 542 read path failed: micro-usb1-path
01-06 23:22:06.499     0     0 I usb_oem_probe: usbPortsSpeedCfg[5].portU2Path=
01-06 23:22:06.499     0     0 I usb_oem_probe: usbPortsSpeedCfg[5].portU3Path=
01-06 23:22:06.499     0     0 E         : usbPortPathInit 542 read path failed: micro-usb2-path
01-06 23:22:06.499     0     0 I usb_oem_probe: usbPortsSpeedCfg[6].portU2Path=
01-06 23:22:06.499     0     0 I usb_oem_probe: usbPortsSpeedCfg[6].portU3Path=
01-06 23:22:06.499     0     0 E         : usbPortPathInit 542 read path failed: micro-usb3-path
01-06 23:22:06.499     0     0 I usb_oem_probe: usbPortsSpeedCfg[7].portU2Path=
01-06 23:22:06.499     0     0 I usb_oem_probe: usbPortsSpeedCfg[7].portU3Path=
01-06 23:22:06.499     0     0 E         : usbPortPathInit 542 read path failed: micro-usb4-path
01-06 23:22:06.499     0     0 I usb_oem_probe: usbPortsSpeedCfg[8].portU2Path=
01-06 23:22:06.499     0     0 I usb_oem_probe: usbPortsSpeedCfg[8].portU3Path=
01-06 23:22:06.499     0     0 I usb_ports_pwr_reset(): enter
01-06 23:22:06.499     0     0 E usb_ports_pwr_reset: usbPortConf_func[HUB3_PWR_CFG].pSet is NULL, please check it.
01-06 23:22:06.499     0     0 E usb_ports_pwr_reset: usbPortConf_func[HUB2_PWR_CFG].pSet is NULL, please check it.
01-06 23:22:06.499     0     0 I usb_oem_probe: succeed exit!
01-06 23:22:06.499     0     0 I input   : soc:gpio_keys as /devices/platform/soc/soc:gpio_keys/input/input3
01-06 23:22:06.500     0     0 I qcom,qpnp-rtc 800f000.qcom,spmi: qcom,pm660@0:qcom,pm660_rtc: secs = 534126, h:m:s == 4:22:6, d/m/y = 7/0/70
01-06 23:22:06.500     0     0 I qcom,qpnp-rtc 800f000.qcom,spmi: qcom,pm660@0:qcom,pm660_rtc: setting system clock to 1970-01-07 04:22:06 UTC (534126)
01-06 23:22:06.501     0     0 E lpm_levels: register_cluster_lpm_stats()
01-06 23:22:06.501     0     0 E lpm_levels: register_cluster_lpm_stats()
01-06 23:22:06.507     0     0 I gfx_mem_acc_corner: disabling
01-06 23:22:06.507     0     0 I gdsc_ufs: disabling
01-06 23:22:06.507     0     0 I cam_vadd_gpio_regulator: disabling
01-06 23:22:06.507     0     0 I cam_vaf_gpio_regulator: disabling
01-06 23:22:06.507     0     0 I cam_rear_dvdd_gpio_regulator: disabling
01-06 23:22:06.507     0     0 I apc0_pwrcl_corner: disabling
01-06 23:22:06.507     0     0 I apc1_perfcl_corner: disabling
01-06 23:22:06.507     0     0 I regulator_proxy_consumer_remove_all: removing regulator proxy consumer requests
01-06 23:22:06.507     0     0 I         : ALSA device list:
01-06 23:22:06.507     0     0 I         : No soundcards found.
01-06 23:22:06.599     0     0 I         : Freeing unused kernel memory: 6144K
01-06 23:22:06.603     0     0 I init    : init first stage started!
01-06 23:22:06.603     0     0 I init    : [libfs_mgr]dt_fstab: Skip disabled entry for partition vendor
01-06 23:22:06.603     0     0 I init    : [libfs_mgr]ReadFstabFromDt(): failed to read fstab from dt
01-06 23:22:06.604     0     0 I init    : [libfs_mgr]dt_fstab: Skip disabled entry for partition vendor
01-06 23:22:06.605     0     0 I init    : Using Android DT directory /proc/device-tree/firmware/android/
01-06 23:22:06.639     0     0 I init    : [libfs_mgr]Created logical partition system_a on device /dev/block/dm-0
01-06 23:22:06.639     0     0 I init    : [libfs_mgr]Skipping zero-length logical partition: system_b
01-06 23:22:06.640     0     0 I init    : [libfs_mgr]Created logical partition product_a on device /dev/block/dm-1
01-06 23:22:06.640     0     0 I init    : [libfs_mgr]Skipping zero-length logical partition: product_b
01-06 23:22:06.641     0     0 I init    : [libfs_mgr]Created logical partition vendor_a on device /dev/block/dm-2
01-06 23:22:06.644     0     0 I EXT4-fs (mmcblk0p52): mounted filesystem with ordered data mode. Opts: discard
01-06 23:22:06.655     0     0 I device-mapper: verity: sha1 using implementation "sha1-ce"
01-06 23:22:06.663     0     0 W EXT4-fs (dm-3): mounting with "discard" option, but the device does not support discard
01-06 23:22:06.663     0     0 I EXT4-fs (dm-3): mounted filesystem without journal. Opts: barrier=1,discard
01-06 23:22:06.688     0     0 I device-mapper: verity: sha1 using implementation "sha1-ce"
01-06 23:22:06.696     0     0 W EXT4-fs (dm-4): mounting with "discard" option, but the device does not support discard
01-06 23:22:06.696     0     0 I EXT4-fs (dm-4): mounted filesystem without journal. Opts: barrier=1,discard
01-06 23:22:06.698     0     0 I device-mapper: verity: sha1 using implementation "sha1-ce"
01-06 23:22:06.719     0     0 W EXT4-fs (dm-5): mounting with "discard" option, but the device does not support discard
01-06 23:22:06.719     0     0 I EXT4-fs (dm-5): mounted filesystem without journal. Opts: barrier=1,discard
01-06 23:22:06.754     0     0 W init    : 20 output lines suppressed due to ratelimiting
01-06 23:22:06.875     0     0 I init    : Loading SELinux policy
01-06 23:22:06.885     0     0 I of_batterydata_get_best_profile: 4645770_nonpayment_e864455_4100mah_averaged_masterslave_sept21st2020 found
01-06 23:22:06.885     0     0 E FG      : fg_get_batt_profile: battery fastchg current unavailable, rc:-22
01-06 23:22:06.895     0     0 D SELinux : 16384 avtab hash slots, 50214 rules.
01-06 23:22:06.908     0     0 D SELinux : 16384 avtab hash slots, 50214 rules.
01-06 23:22:06.908     0     0 D SELinux : 1 users, 4 roles, 2237 types, 0 bools, 1 sens, 1024 cats
01-06 23:22:06.908     0     0 D SELinux : 97 classes, 50214 rules
01-06 23:22:06.910     0     0 I SELinux : Permission nlmsg_readpriv in class netlink_route_socket not defined in policy.
01-06 23:22:06.910     0     0 I SELinux : the above unknown classes and permissions will be denied
01-06 23:22:06.910     0     0 I SELinux : policy capability network_peer_controls=1
01-06 23:22:06.910     0     0 I SELinux : policy capability open_perms=1
01-06 23:22:06.910     0     0 I SELinux : policy capability extended_socket_class=1
01-06 23:22:06.910     0     0 I SELinux : policy capability always_check_network=0
01-06 23:22:06.910     0     0 I SELinux : policy capability cgroup_seclabel=0
01-06 23:22:06.910     0     0 I SELinux : policy capability nnp_nosuid_transition=1
01-06 23:22:06.910     0     0 D SELinux : Completing initialization.
01-06 23:22:06.910     0     0 D SELinux : Setting up existing superblocks.
01-06 23:22:06.959   495   495 I auditd  : type=1403 audit(0.0:2): policy loaded auid=4294967295 ses=4294967295
01-06 23:22:06.959   495   495 I auditd  : type=1403 audit(0.0:2): policy loaded auid=4294967295 ses=4294967295
01-06 23:22:06.959   495   495 I auditd  : type=1404 audit(0.0:3): enforcing=1 old_enforcing=0 auid=4294967295 ses=4294967295
01-06 23:22:06.959   495   495 W auditd  : type=1404 audit(0.0:3): enforcing=1 old_enforcing=0 auid=4294967295 ses=4294967295
01-06 23:22:06.972     0     0 I selinux : SELinux: Loaded policy from /vendor/etc/selinux/precompiled_sepolicy
01-06 23:22:06.977     0     0 I selinux : SELinux: Loaded file_contexts
01-06 23:22:06.996     0     0 I init    : init second stage started!
01-06 23:22:07.014     0     0 I init    : Using Android DT directory /proc/device-tree/firmware/android/
01-06 23:22:07.018     0     0 I selinux : SELinux: Loaded file_contexts
01-06 23:22:07.018     0     0 I init    : Running restorecon...
01-06 23:22:07.035     0     0 E selinux : avc:  denied  { set } for  scontext=u:r:vendor_init:s0 tcontext=u:object_r:default_prop:s0 tclass=property_service permissive=0
01-06 23:22:07.035     0     0 E init    : Do not have permissions to set 'ro.product.vendor.otadevice' to 'ota.sdm660_64' in property file '/vendor/build.prop': SELinux permission check failed
01-06 23:22:07.035     0     0 E selinux : avc:  denied  { set } for  scontext=u:r:vendor_init:s0 tcontext=u:object_r:default_prop:s0 tclass=property_service permissive=0
01-06 23:22:07.035     0     0 E init    : Do not have permissions to set 'ro.product.vendor.otamodel' to 'ota.sdm660_64' in property file '/vendor/build.prop': SELinux permission check failed
01-06 23:22:07.035     0     0 E selinux : avc:  denied  { set } for  scontext=u:r:vendor_init:s0 tcontext=u:object_r:default_prop:s0 tclass=property_service permissive=0
01-06 23:22:07.035     0     0 E init    : Do not have permissions to set 'ro.product.vendor.otaname' to 'ota.sdm660_64' in property file '/vendor/build.prop': SELinux permission check failed
01-06 23:22:07.160     0     0 I ueventd : ueventd started!
01-06 23:22:07.163     0     0 I selinux : SELinux: Loaded file_contexts
01-06 23:22:07.163     0     0 I ueventd : Parsing file /ueventd.rc...
01-06 23:22:07.165     0     0 I ueventd : Parsing file /vendor/ueventd.rc...
01-06 23:22:07.167     0     0 E ueventd : /vendor/ueventd.rc: 191: /sys/ lines must have 5 entries
01-06 23:22:07.167     0     0 I ueventd : Parsing file /odm/ueventd.rc...
01-06 23:22:07.167     0     0 I ueventd : Unable to read config file '/odm/ueventd.rc': open() failed: No such file or directory
01-06 23:22:07.167     0     0 I ueventd : Parsing file /ueventd.qcom.rc...
01-06 23:22:07.167     0     0 I ueventd : Unable to read config file '/ueventd.qcom.rc': open() failed: No such file or directory
01-06 23:22:07.173     0     0 I apexd   : Bootstrap subcommand detected
01-06 23:22:07.178     0     0 I apexd   : Scanning /system/apex for embedded keys
01-06 23:22:07.179     0     0 I apexd   : Scanning /product/apex for embedded keys
01-06 23:22:07.179     0     0 I apexd   : ... does not exist. Skipping
01-06 23:22:07.179     0     0 I apexd   : Scanning /system/apex looking for APEX packages.
01-06 23:22:07.179     0     0 I apexd   : Found /system/apex/com.android.media
01-06 23:22:07.180     0     0 I apexd   : Skipped when bootstrapping
01-06 23:22:07.180     0     0 I apexd   : Found /system/apex/com.android.resolv
01-06 23:22:07.180     0     0 I apexd   : Skipped when bootstrapping
01-06 23:22:07.180     0     0 I apexd   : Found /system/apex/com.android.conscrypt
01-06 23:22:07.183     0     0 W apexd   : 9 output lines suppressed due to ratelimiting
01-06 23:22:07.183     0     0 I         : apexd (477) used greatest stack depth: 11664 bytes left
01-06 23:22:07.283     0     0 W q6_pdr_dlkm: loading out-of-tree module taints kernel.
01-06 23:22:07.301     0     0 W adsp_loader_dlkm: no symbol version for apr_set_modem_state
01-06 23:22:07.552     0     0 E pmic_analog_codec 800f000.qcom,spmi: qcom,pm660l@3:anlg-cdc@f000: Adsp is not loaded yet 0
01-06 23:22:07.581     0     0 I chatty  : uid=0(root) logd identical 1 line
01-06 23:22:07.582     0     0 E pmic_analog_codec 800f000.qcom,spmi: qcom,pm660l@3:anlg-cdc@f000: Adsp is not loaded yet 0
01-06 23:22:07.585     0     0 I msm-dwc3 c200000.hsusb: DWC3 in low power mode
01-06 23:22:07.598     0     0 E PMI     : set_sdp_current: ICL 50000uA isn't supported for SDP
01-06 23:22:07.598     0     0 E PMI     : smblib_set_icl_current: Couldn't set SDP ICL rc=-22
01-06 23:22:07.714     0     0 I usbpd0  : Type-C Source (default) connected
01-06 23:22:07.714     0     0 I usbpd0  : start_usb_peripheral
01-06 23:22:07.717     0     0 E msm-usb-ssphy-qmp c010000.ssphy: USB QMP PHY: Update TYPEC CTRL(2)
01-06 23:22:07.719     0     0 I msm-dwc3 a800000.ssusb: DWC3 exited from low power mode
01-06 23:22:07.719     0     0 I oem-init: /vendor/bin/oem_init start with 1 parameters
01-06 23:22:07.719     0     0 I oem-init: sysfs:path sys/devices/soc0/project_id data 50 size 4
01-06 23:22:07.719     0     0 I oem-init: Project id: 50
01-06 23:22:07.719     0     0 I oem-init: model id: M50C
01-06 23:22:07.720     0     0 I oem-init: product name: M50C
01-06 23:22:07.720     0     0 I oem-init: oemmodel id: m50_nonpayment_cell
01-06 23:22:07.720     0     0 I oem-init: common features: BT-WIFI-PwrLED-UartMux-TypeC
01-06 23:22:07.721     0     0 I oem-init: sku features: cell-nqnfc-vib-ZBcr-GSen-LPSen-cuLED-Batt-MoSpk-DRP-Key3-amic-SD
01-06 23:22:07.723     0     0 I oem-init: sku accessorylist: PosHub
01-06 23:22:07.723     0     0 I oem-init: sku lcd_density: 240
01-06 23:22:07.909    73    73 E ec25-driver soc: ec25_module: ec25_gpio_value_get: index {5], gpio = [73:status_ind], value is [0]
01-06 23:22:07.909     0     0 I ec25-driver soc: ec25_module: ec25_irq_handler: irq 268, io_73 level 0
01-06 23:22:07.909    73    73 E ec25-driver soc: ec25_module: ec25_gpio_value_get: index {5], gpio = [73:status_ind], value is [0]
01-06 23:22:07.909     0     0 E ec25-driver soc: ec25_module: [110:wakeup_in 0 -> 1]
01-06 23:22:07.909     0     0 E ec25-driver soc: ec25_module: ec25_status_work_fn: status value is [0], set ec25 power to [EC25_POWER_ON].
01-06 23:22:08.215     0     0 I usbpd0  : send hard reset
01-06 23:22:08.294     0     0 I QCOM-STEPCHG: get_step_chg_jeita_setting_from_profile: ignore getting sw-jeita/step charging settings from profile
01-06 23:22:08.294     0     0 I QCOM-STEPCHG: get_step_chg_jeita_setting_from_profile: getting sw-jeita/step charging settings from pm660_charger
01-06 23:22:08.294     0     0 I QCOM-STEPCHG: get_config_work: jeita-fcc-cfg: 0decidegree ~ 100decidegre, 800000uA
01-06 23:22:08.294     0     0 I QCOM-STEPCHG: get_config_work: jeita-fcc-cfg: 100decidegree ~ 200decidegre, 2000000uA
01-06 23:22:08.294     0     0 I QCOM-STEPCHG: get_config_work: jeita-fcc-cfg: 200decidegree ~ 380decidegre, 3000000uA
01-06 23:22:08.294     0     0 I QCOM-STEPCHG: get_config_work: jeita-fcc-cfg: 380decidegree ~ 430decidegre, 2000000uA
01-06 23:22:08.294     0     0 I QCOM-STEPCHG: get_config_work: jeita-fcc-cfg: 430decidegree ~ 600decidegre, 1uA
01-06 23:22:08.294     0     0 I QCOM-STEPCHG: get_config_work: jeita-fcc-cfg: 0decidegree ~ 0decidegre, 0uA
01-06 23:22:08.294     0     0 I chatty  : uid=0(root) logd identical 1 line
01-06 23:22:08.294     0     0 I QCOM-STEPCHG: get_config_work: jeita-fcc-cfg: 0decidegree ~ 0decidegre, 0uA
01-06 23:22:08.294     0     0 I QCOM-STEPCHG: get_config_work: jeita-fv-cfg: 0decidegree ~ 450decidegre, 4350000uV
01-06 23:22:08.294     0     0 I QCOM-STEPCHG: get_config_work: jeita-fv-cfg: 450decidegree ~ 600decidegre, 4000000uV
01-06 23:22:08.294     0     0 I QCOM-STEPCHG: get_config_work: jeita-fv-cfg: 0decidegree ~ 0decidegre, 0uV
01-06 23:22:08.294     0     0 I chatty  : uid=0(root) logd identical 4 lines
01-06 23:22:08.294     0     0 I QCOM-STEPCHG: get_config_work: jeita-fv-cfg: 0decidegree ~ 0decidegre, 0uV
01-06 23:22:08.900     0     0 I usbpd0  : start_usb_peripheral
01-06 23:22:09.267     0     0 I ueventd : Coldboot took 2.099 seconds
01-06 23:22:09.301     0     0 I         : Registered swp emulation handler
01-06 23:22:09.336   496   496 I SELinux : SELinux: Loaded service_contexts from:
01-06 23:22:09.336   496   496 I auditd  : SELinux: Loaded service_contexts from:
01-06 23:22:09.348   498   498 I SELinux : SELinux: Loaded service_contexts from:
01-06 23:22:09.348   498   498 I SELinux :     /vendor/etc/selinux/vndservice_contexts
01-06 23:22:09.351   496   496 I SELinux :     /system/etc/selinux/plat_service_contexts
01-06 23:22:09.351   496   496 I auditd  :     /system/etc/selinux/plat_service_contexts
01-06 23:22:09.365     0     0 I logd.auditd: start
01-06 23:22:09.399     0     0 I init    : wait for '/dev/block/platform/soc/c0c4000.sdhci' took 0ms
01-06 23:22:09.401     0     0 I usbpd0  : send hard reset
01-06 23:22:09.454     0     0 I EXT4-fs (mmcblk0p48): mounted filesystem with ordered data mode. Opts: barrier=1
01-06 23:22:09.461     0     0 I EXT4-fs (mmcblk0p37): mounted filesystem with ordered data mode. Opts: barrier=1
01-06 23:22:09.474   497   497 I hwservicemanager: hwservicemanager is ready now.
01-06 23:22:09.474   500   500 E cutils-trace: Error opening trace file: Permission denied (13)
01-06 23:22:09.475   497   497 E cutils-trace: Error opening trace file: Permission denied (13)
01-06 23:22:09.487     0     0 I subsys-pil-tz 15700000.qcom,lpass: adsp: loading from 0x0000000092a00000 to 0x0000000094800000
01-06 23:22:09.490     0     0 I EXT4-fs (mmcblk0p39): mounted filesystem with ordered data mode. Opts: barrier=1
--------- beginning of system
01-06 23:22:09.507   507   507 I vold    : Vold 3.0 (the awakening) firing up
01-06 23:22:09.508   507   507 D vold    : Detected support for: ext4 f2fs vfat
01-06 23:22:09.512   507   507 D vold    : Found unmanaged dm device named system_a
01-06 23:22:09.513   507   507 D vold    : Found unmanaged dm device named vendor-verity
01-06 23:22:09.513   507   507 D vold    : Found unmanaged dm device named vendor_a
01-06 23:22:09.513   507   507 D vold    : Found unmanaged dm device named product-verity
01-06 23:22:09.513   507   507 D vold    : Found unmanaged dm device named system-verity
01-06 23:22:09.513   507   507 D vold    : Found unmanaged dm device named product_a
01-06 23:22:09.513   507   507 W vold    : Failed to LOOP_GET_STATUS64 /dev/block/loop7: No such device or address
01-06 23:22:09.513   507   507 W vold    : Failed to LOOP_GET_STATUS64 /dev/block/loop2: No such device or address
01-06 23:22:09.513   507   507 W vold    : Failed to LOOP_GET_STATUS64 /dev/block/loop1: No such device or address
01-06 23:22:09.513   507   507 W vold    : Failed to LOOP_GET_STATUS64 /dev/block/loop5: No such device or address
01-06 23:22:09.513   507   507 W vold    : Failed to LOOP_GET_STATUS64 /dev/block/loop12: No such device or address
01-06 23:22:09.513   507   507 W vold    : Failed to LOOP_GET_STATUS64 /dev/block/loop14: No such device or address
01-06 23:22:09.513   507   507 W vold    : Failed to LOOP_GET_STATUS64 /dev/block/loop4: No such device or address
01-06 23:22:09.513   507   507 W vold    : Failed to LOOP_GET_STATUS64 /dev/block/loop0: No such device or address
01-06 23:22:09.513   507   507 W vold    : Failed to LOOP_GET_STATUS64 /dev/block/loop8: No such device or address
01-06 23:22:09.513   507   507 W vold    : Failed to LOOP_GET_STATUS64 /dev/block/loop10: No such device or address
01-06 23:22:09.513   507   507 W vold    : Failed to LOOP_GET_STATUS64 /dev/block/loop3: No such device or address
01-06 23:22:09.513   507   507 W vold    : Failed to LOOP_GET_STATUS64 /dev/block/loop15: No such device or address
01-06 23:22:09.513   507   507 W vold    : Failed to LOOP_GET_STATUS64 /dev/block/loop13: No such device or address
01-06 23:22:09.513   507   507 W vold    : Failed to LOOP_GET_STATUS64 /dev/block/loop9: No such device or address
01-06 23:22:09.513   507   507 W vold    : Failed to LOOP_GET_STATUS64 /dev/block/loop11: No such device or address
01-06 23:22:09.513   507   507 W vold    : Failed to LOOP_GET_STATUS64 /dev/block/loop6: No such device or address
01-06 23:22:09.514   507   507 I vold    : [libfs_mgr]dt_fstab: Skip disabled entry for partition vendor
01-06 23:22:09.516   507   507 D vold    : VoldNativeService::start() completed OK
01-06 23:22:09.519     0     0 D vdc     : Waited 0ms for vold
01-06 23:22:09.529   500   500 I ServiceManagement: Registered vendor.qti.hardware.qseecom@1.0::IQSEECom/default (start delay of 194ms)
01-06 23:22:09.529   500   500 I ServiceManagement: Removing namespace from process name vendor.qti.hardware.qseecom@1.0-service to qseecom@1.0-service.
01-06 23:22:09.529   500   500 I QSEECOM_SERVICE: IQSEECom registerAsService is successful
01-06 23:22:09.634     0     0 I QCOM-STEPCHG: handle_jeita: JEITA float voltage is same as max-vfloat, skip any further VBAT specific checks
01-06 23:22:09.634     0     0 I QCOM-STEPCHG: handle_jeita: batt_temp =282 FCC = 3000000uA FV = 4350000uV
01-06 23:22:09.660   557   557 D QSEECOMD: : qseecom listener services process entry PPID = 1
01-06 23:22:09.660   557   557 E QSEECOMD: : Listener: index = 0, hierarchy = 0
01-06 23:22:09.662   557   557 D QSEECOMD: : Init dlopen(librpmb.so, RTLD_NOW) succeeds
01-06 23:22:09.662   557   557 D QSEECOMD: : Init::Init dlsym(g_FSHandle rpmb_init_service) succeeds
01-06 23:22:09.662   557   557 I rpmb_emmc: RPMB Mult (512-bytes sector) = 32768, Rel_sec_cnt = 32
01-06 23:22:09.662   557   557 E DrmLibRpmb: rpmb_init succeeded! with ret = 0
01-06 23:22:09.662   557   557 D QSEECOMD: : Init rpmb_init_service ret = 0
01-06 23:22:09.662   557   557 D QSEECOMD: : RPMB system services: init (Listener ID = 8192)
01-06 23:22:09.662   557   557 E QSEECOMD: : Listener: index = 1, hierarchy = 0
01-06 23:22:09.663   557   557 D QSEECOMD: : Init dlopen(libssd.so, RTLD_NOW) succeeds
01-06 23:22:09.663   557   557 D QSEECOMD: : Init::Init dlsym(g_FSHandle ssd_init_service) succeeds
01-06 23:22:09.663   557   557 E SSD     : ssd_init_service succeeded!
01-06 23:22:09.663   557   557 D QSEECOMD: : Init ssd_init_service ret = 0
01-06 23:22:09.663   557   557 D QSEECOMD: : SSD system services: init (Listener ID = 12288)
01-06 23:22:09.663   557   557 E QSEECOMD: : Listener: index = 2, hierarchy = 0
01-06 23:22:09.681   557   557 D QSEECOMD: : Init dlopen(libsecureui.so, RTLD_NOW) succeeds
01-06 23:22:09.681   557   557 D QSEECOMD: : Init::Init dlsym(g_FSHandle secure_ui_init) succeeds
01-06 23:22:09.681   557   557 D QSEECOMD: : Init secure_ui_init ret = 0
01-06 23:22:09.681   557   557 D QSEECOMD: : secure UI services: init (Listener ID = 16384)
01-06 23:22:09.681   557   557 D QSEECOMD: : qseecom listener service threads starting!!! 
01-06 23:22:09.681   557   557 D QSEECOMD: : Total listener services to start = 10
01-06 23:22:09.681   557   557 E QSEECOMD: : Listener: index = 0, hierarchy = 1
01-06 23:22:09.682   557   557 D QSEECOMD: : Init dlopen(librpmb.so, RTLD_NOW) succeeds
01-06 23:22:09.682   557   557 D QSEECOMD: : Init::Init dlsym(g_FSHandle rpmb_start) succeeds
01-06 23:22:09.682   557   557 D QSEECOMAPI: QSEECom_register_listener 8192 sb_length = 0x6400
01-06 23:22:09.682   557   557 E ion     : ioctl c0044901 failed with code -1: Not a typewriter
01-06 23:22:09.684   557   557 D QSEECOMD: : Init rpmb_start ret = 0
01-06 23:22:09.684   557   557 D QSEECOMD: : RPMB system services: Started (Listener ID = 8192)
01-06 23:22:09.684   557   557 E QSEECOMD: : Listener: index = 1, hierarchy = 1
01-06 23:22:09.684   557   557 D QSEECOMD: : Init dlopen(libssd.so, RTLD_NOW) succeeds
01-06 23:22:09.684   557   557 D QSEECOMD: : Init::Init dlsym(g_FSHandle ssd_start) succeeds
01-06 23:22:09.684   557   557 D QSEECOMAPI: QSEECom_register_listener 12288 sb_length = 0x5000
01-06 23:22:09.685   557   557 D QSEECOMD: : Init ssd_start ret = 0
01-06 23:22:09.685   557   557 D QSEECOMD: : SSD system services: Started (Listener ID = 12288)
01-06 23:22:09.685   557   557 E QSEECOMD: : Listener: index = 2, hierarchy = 1
01-06 23:22:09.685   557   557 D QSEECOMD: : Init dlopen(libsecureui.so, RTLD_NOW) succeeds
01-06 23:22:09.685   557   557 D QSEECOMD: : Init::Init dlsym(g_FSHandle secure_ui_start) succeeds
01-06 23:22:09.686   557   557 D QSEECOMAPI: QSEECom_register_listener 16384 sb_length = 0x10a8
01-06 23:22:09.686   557   557 D QSEECOMD: : Init secure_ui_start ret = 0
01-06 23:22:09.686   557   557 D QSEECOMD: : secure UI services: Started (Listener ID = 16384)
01-06 23:22:09.686   557   557 E QSEECOMD: : Listener: index = 3, hierarchy = 1
01-06 23:22:09.688   557   557 D QSEECOMD: : Init dlopen(libdrmtime.so, RTLD_NOW) succeeds
01-06 23:22:09.688   557   557 D QSEECOMD: : Init::Init dlsym(g_FSHandle atime_start) succeeds
01-06 23:22:09.688   557   557 D DrmLibTime: QSEE Time Listener: atime_start
01-06 23:22:09.688   557   557 D QSEECOMAPI: QSEECom_register_listener 11 sb_length = 0x5000
01-06 23:22:09.815   557   557 D DrmLibTime: registering fs service to QSEECom is done!
01-06 23:22:09.815   557   557 D DrmLibTime: begin to create a thread!
01-06 23:22:09.815   557   557 D DrmLibTime: Creating a pthread in atime_start is done! return 0
01-06 23:22:09.815   557   557 D QSEECOMD: : Init atime_start ret = 0
01-06 23:22:09.815   557   557 D QSEECOMD: : time services: Started (Listener ID = 11)
01-06 23:22:09.815   557   557 E QSEECOMD: : Listener: index = 4, hierarchy = 1
01-06 23:22:09.815   557   566 D DrmLibTime: QSEE Time Listener: dispatch
01-06 23:22:09.815   557   566 D DrmLibTime: before calling ioctl to read the next time_cmd
01-06 23:22:09.815   557   557 D QSEECOMD: : Init dlopen(libdrmfs.so, RTLD_NOW) succeeds
01-06 23:22:09.815   557   557 D QSEECOMD: : Init::Init dlsym(g_FSHandle fs_start) succeeds
01-06 23:22:09.815   557   557 D QSEECOMAPI: QSEECom_register_listener 10 sb_length = 0x5000
01-06 23:22:09.816     0     0 I subsys-pil-tz 15700000.qcom,lpass: adsp: Brought out of reset
01-06 23:22:09.816   557   557 D QSEECOMD: : Init fs_start ret = 0
01-06 23:22:09.816   557   557 D QSEECOMD: : file system services: Started (Listener ID = 10)
01-06 23:22:09.816   557   557 E QSEECOMD: : Listener: index = 5, hierarchy = 1
01-06 23:22:09.816   557   557 D QSEECOMD: : Init dlopen(libdrmfs.so, RTLD_NOW) succeeds
01-06 23:22:09.816   557   557 D QSEECOMD: : Init::Init dlsym(g_FSHandle gpfs_start) succeeds
01-06 23:22:09.818   557   557 D QSEECOMAPI: QSEECom_register_listener 28672 sb_length = 0x7e000
01-06 23:22:09.819   557   557 D QSEECOMD: : Init gpfs_start ret = 0
01-06 23:22:09.819   557   557 D QSEECOMD: : gpfile system services: Started (Listener ID = 28672)
01-06 23:22:09.819   557   557 E QSEECOMD: : Listener: index = 6, hierarchy = 1
01-06 23:22:09.820   557   557 D QSEECOMD: : Init dlopen(libqisl.so, RTLD_NOW) succeeds
01-06 23:22:09.820   557   557 D QSEECOMD: : Init::Init dlsym(g_FSHandle qisl_start) succeeds
01-06 23:22:09.820   557   569 I QISL    : QSEE Interrupt Service Listener Thread is started
01-06 23:22:09.821   557   569 D QSEECOMAPI: QSEECom_register_listener 36864 sb_length = 0x1f4
01-06 23:22:09.821   557   569 I QISL    : QSEE Interrupt Service Listener was activated successfully
01-06 23:22:09.821   557   557 D QSEECOMD: : Init qisl_start ret = 0
01-06 23:22:09.821   557   557 D QSEECOMD: : interrupt services: Started (Listener ID = 36864)
01-06 23:22:09.821   557   557 E QSEECOMD: : Listener: index = 7, hierarchy = 1
01-06 23:22:09.822   557   557 E QSEECOMD: : Init dlopen(libspl.so, RLTD_NOW) is failed.... dlopen failed: library "libspl.so" not found
01-06 23:22:09.822   557   557 E QSEECOMD: : Listener: index = 8, hierarchy = 1
01-06 23:22:09.824   557   557 D QSEECOMD: : Init dlopen(libGPreqcancel.so, RTLD_NOW) succeeds
01-06 23:22:09.824   557   557 D QSEECOMD: : Init::Init dlsym(g_FSHandle gp_reqcancel_start) succeeds
01-06 23:22:09.824   557   557 D QSEECOMAPI: QSEECom_register_listener 4352 sb_length = 0x5000
01-06 23:22:09.824   557   557 D QSEECOMD: : Init gp_reqcancel_start ret = 0
01-06 23:22:09.824   557   557 D QSEECOMD: : gp request cancellation services: Started (Listener ID = 4352)
01-06 23:22:09.824   557   557 E QSEECOMD: : Listener: index = 9, hierarchy = 1
01-06 23:22:09.825   557   557 E QSEECOMD: : Init dlopen(libops.so, RLTD_NOW) is failed.... dlopen failed: library "libops.so" not found
01-06 23:22:09.825   557   557 D QSEECOMD: : QSEECOM DAEMON RUNNING 
01-06 23:22:09.834     0     0 I subsys-pil-tz 15700000.qcom,lpass: adsp: Power/Clock ready interrupt received
01-06 23:22:09.834     0     0 I subsys-pil-tz 15700000.qcom,lpass: Subsystem error monitoring/handling services are up
01-06 23:22:09.835     0     0 E pmic_analog_codec 800f000.qcom,spmi: qcom,pm660l@3:anlg-cdc@f000: Adsp is not loaded yet 0
01-06 23:22:09.841     0     0 I apr_tal_rpmsg qcom,glink: adsp.apr_audio_svc.-1.-1: apr_tal_rpmsg_probe: Channel[apr_audio_svc] state[Up]
01-06 23:22:09.842     0     0 E pmic_analog_codec 800f000.qcom,spmi: qcom,pm660l@3:anlg-cdc@f000: Adsp is not loaded yet 0
01-06 23:22:09.848     0     0 E pmic_analog_codec 800f000.qcom,spmi: qcom,pm660l@3:anlg-cdc@f000: Adsp is not loaded yet 0
01-06 23:22:09.853     0     0 I adsprpc : fastrpc_rpmsg_probe: opened rpmsg channel for adsp
01-06 23:22:09.854     0     0 E pmic_analog_codec 800f000.qcom,spmi: qcom,pm660l@3:anlg-cdc@f000: Adsp is not loaded yet 0
01-06 23:22:09.867   499   499 D QSEECOMAPI: QSEECom_get_handle sb_length = 0xa000
01-06 23:22:09.867   499   499 D QSEECOMAPI: App is already loaded QSEE and app id = 65537
01-06 23:22:09.867   499   499 E ion     : ioctl c0044901 failed with code -1: Not a typewriter
01-06 23:22:09.874   499   499 E KeymasterUtils: TA API Major Version: 4
01-06 23:22:09.874   499   499 E KeymasterUtils: TA API Minor Version: 0
01-06 23:22:09.874   499   499 E KeymasterUtils: TA Major Version: 4
01-06 23:22:09.874   499   499 E KeymasterUtils: TA Minor Version: 164
01-06 23:22:09.884   499   499 I ServiceManagement: Registered android.hardware.keymaster@4.0::IKeymasterDevice/default (start delay of 549ms)
01-06 23:22:09.884   499   499 I ServiceManagement: Removing namespace from process name android.hardware.keymaster@4.0-service-qti to keymaster@4.0-service-qti.
01-06 23:22:09.912     0     0 I         : init.qti.qseeco (558) used greatest stack depth: 11512 bytes left
01-06 23:22:09.913     0     0 I init    : wait for '/dev/block/bootdevice/by-name/eloconf' took 0ms
01-06 23:22:09.916     0     0 I EXT4-fs (mmcblk0p38): mounted filesystem with ordered data mode. Opts: barrier=1
01-06 23:22:09.963   581   581 D         : cryptfshw: svc service starting.
01-06 23:22:09.964   581   581 I ServiceManagement: Registered vendor.qti.hardware.cryptfshw@1.0::ICryptfsHw/default (start delay of 29ms)
01-06 23:22:09.964   581   581 I ServiceManagement: Removing namespace from process name vendor.qti.hardware.cryptfshw@1.0-service-qti to cryptfshw@1.0-service-qti.
01-06 23:22:09.964   581   581 E         : Registered CryptfsHw HAL service success
01-06 23:22:09.966   578   578 I ServiceManagement: Registered android.hardware.atrace@1.0::IAtraceDevice/default (start delay of 42ms)
01-06 23:22:09.966   578   578 I ServiceManagement: Removing namespace from process name android.hardware.atrace@1.0-service to atrace@1.0-service.
01-06 23:22:09.968   580   580 D QSEECOMAPI: QSEECom_get_handle sb_length = 0xa000
01-06 23:22:09.969   580   580 D QSEECOMAPI: App is already loaded QSEE and app id = 65537
01-06 23:22:09.969   580   580 E ion     : ioctl c0044901 failed with code -1: Not a typewriter
01-06 23:22:09.971   579   579 I ServiceManagement: Registered android.hardware.boot@1.0::IBootControl/default (start delay of 46ms)
01-06 23:22:09.971   579   579 I ServiceManagement: Removing namespace from process name android.hardware.boot@1.0-service to boot@1.0-service.
01-06 23:22:09.971   579   579 I android.hardware.boot@1.0-service: Registration complete for android.hardware.boot@1.0::IBootControl/default.
01-06 23:22:09.973   507   507 I Checkpoint: Validating checkpoint on /dev/block/bootdevice/by-name/userdata
01-06 23:22:09.974   507   507 E Checkpoint: No magic
01-06 23:22:09.976   580   580 E KeymasterUtils: TA API Major Version: 4
01-06 23:22:09.976   580   580 E KeymasterUtils: TA API Minor Version: 0
01-06 23:22:09.976   580   580 E KeymasterUtils: TA Major Version: 4
01-06 23:22:09.976   580   580 E KeymasterUtils: TA Minor Version: 164
01-06 23:22:09.977   582   582 I vdc     : vdc V 01-06 23:22:09   583   583 vdc.cpp:50] Waited 0ms for vold
01-06 23:22:09.977   582   582 I vdc     : vdc E 01-06 23:22:09   583   583 vdc.cpp:60] Failed: Status(22, 22): 'No magic'
01-06 23:22:09.977   582   582 I vdc     : vdc terminated by exit(25)
01-06 23:22:09.985   580   580 I ServiceManagement: Registered android.hardware.gatekeeper@1.0::IGatekeeper/default (start delay of 60ms)
01-06 23:22:09.985   580   580 I ServiceManagement: Removing namespace from process name android.hardware.gatekeeper@1.0-service-qti to gatekeeper@1.0-service-qti.
01-06 23:22:09.985   580   580 I android.hardware.gatekeeper@1.0-service: Registration complete for android.hardware.gatekeeper@1.0::IGatekeeper/default.
01-06 23:22:09.998   582   582 I vdc     : vdc V 01-06 23:22:09   584   584 vdc.cpp:50] Waited 0ms for vold
01-06 23:22:10.005     0     0 W EXT4-fs (mmcblk0p75): Ignoring removed nomblk_io_submit option
01-06 23:22:10.008   619   619 E OEM-HPM : open sysfs fail: /sys/devices/platform/soc/soc:oem-ptdet/poe_status: error: No such file or directory
01-06 23:22:10.009   619   619 E OEM-HPM : handle_poe_status_change, read fail: /sys/devices/platform/soc/soc:oem-ptdet/poe_status 
01-06 23:22:10.009   619   619 D OEM-HPM : 
01-06 23:22:10.009   619   619 I OEM-HPM : sysfs:path /sys/class/power_supply/usb/online data 0 size 1
01-06 23:22:10.009   619   619 I OEM-HPM : /sys/class/power_supply/usb/online is 0
01-06 23:22:10.009   619   619 I OEM-HPM : sysfs:path /sys/class/power_supply/pc_port/online data 1 size 1
01-06 23:22:10.009   619   619 I OEM-HPM : /sys/class/power_supply/pc_port/online is 1
01-06 23:22:10.009   619   619 E OEM-HPM : open sysfs fail: /sys/class/power_supply/ac/online: error: No such file or directory
01-06 23:22:10.009   619   619 E OEM-HPM : Read /sys/class/power_supply/ac/online failed
01-06 23:22:10.009   619   619 I OEM-HPM : USB power supply become online
01-06 23:22:10.009   619   619 E OEM-HPM : open sysfs fail: /sys/devices/platform/pos_stand/cfd_present: error: No such file or directory
01-06 23:22:10.009   619   619 E OEM-HPM : Read /sys/devices/platform/pos_stand/cfd_present failed
01-06 23:22:10.009   619   619 E OEM-HPM : open sysfs fail: /sys/devices/platform/pos_stand/present: error: No such file or directory
01-06 23:22:10.009   619   619 E OEM-HPM : Read /sys/devices/platform/pos_stand/present failed
01-06 23:22:10.009   619   619 E OEM-HPM : open sysfs fail: /sys/devices/platform/io_hub/present: error: No such file or directory
01-06 23:22:10.009   619   619 E OEM-HPM : Read /sys/devices/platform/io_hub/present failed
01-06 23:22:10.009   619   619 E OEM-HPM : open sysfs fail: /sys/devices/platform/pos_stand/flip_present: error: No such file or directory
01-06 23:22:10.009   619   619 E OEM-HPM : Read /sys/devices/platform/pos_stand/flip_present failed
01-06 23:22:10.011     0     0 I EXT4-fs (mmcblk0p75): mounted filesystem with ordered data mode. Opts: errors=remount-ro,nomblk_io_submit
01-06 23:22:10.059     0     0 I e2fsck  : e2fsck 1.44.4 (18-Aug-2018)
01-06 23:22:10.059     0     0 I e2fsck  : data: clean, 3307/915712 files, 190065/3662109 blocks
01-06 23:22:10.065     0     0 I EXT4-fs (mmcblk0p75): mounted filesystem with ordered data mode. Opts: barrier=1,noauto_da_alloc,discard,lazytime
01-06 23:22:10.086     0     0 I usbpd0  : start_usb_peripheral
01-06 23:22:10.094     0     0 D vdc     : Waited 0ms for vold
01-06 23:22:10.094   507   507 I Checkpoint: cp_prepareCheckpoint called
01-06 23:22:10.118     0     0 D vdc     : Waited 0ms for vold
01-06 23:22:10.118   507   507 I vold    : fscrypt_initialize_systemwide_keys
01-06 23:22:10.119   507   507 D vold    : Key exists, using: /data/unencrypted/key
01-06 23:22:10.123   497   497 I hwservicemanager: getTransport: Cannot find entry android.hardware.keymaster@3.0::IKeymasterDevice/default in either framework or device manifest.
01-06 23:22:10.123   507   507 I vold    : List of Keymaster HALs found:
01-06 23:22:10.123   507   507 I vold    : Keymaster HAL #1: Keymaster HAL: 4 from QTI SecurityLevel: TRUSTED_ENVIRONMENT HAL: android.hardware.keymaster@4.0::IKeymasterDevice/default
01-06 23:22:10.126   507   507 D vold    : Computing HMAC with params { (seed: 67c3396d1b56c71a5592add5b86b0cd1eb7593bff62b2d2ed1882717c793f, nonce: d8529f81e14be7f9188b5fd5e372ebbdb18494f670ab9a1556323762fd41167e) }
01-06 23:22:10.126   507   507 D vold    : Computing HMAC for Keymaster HAL: 4 from QTI SecurityLevel: TRUSTED_ENVIRONMENT HAL: android.hardware.keymaster@4.0::IKeymasterDevice/default
01-06 23:22:10.127   627   627 I bootstat: Service started: /system/bin/bootstat --set_system_boot_reason 
01-06 23:22:10.128   627   627 I bootstat: Canonical boot reason: reboot,userrequested
01-06 23:22:10.128   627   627 I bootstat: Canonical boot reason: reboot,userrequested
01-06 23:22:10.129   507   507 I vold    : Using Keymaster HAL: 4 from QTI for encryption.  Security level: TRUSTED_ENVIRONMENT, HAL: android.hardware.keymaster@4.0::IKeymasterDevice/default
01-06 23:22:10.139   507   507 D RefBase : RefBase: Explicit destruction, weak count = 0 (in 0x7bf681ec68)
01-06 23:22:10.139   507   507 W RefBase : CallStack::getCurrentInternal not linked, returning null
01-06 23:22:10.139   507   507 W RefBase : CallStack::logStackInternal not linked
01-06 23:22:10.139   507   507 E vold    : Inserting using old mechanism  Error 19: No such device
01-06 23:22:10.139   507   507 D vold    : Added key 428286673 (ext4:5ca848849f7d793b) to keyring 407585799 in process 507key size64
01-06 23:22:10.139   507   507 E vold    : Inserting using old mechanism  Error 19: No such device
01-06 23:22:10.139   507   507 D vold    : Added key 168263905 (f2fs:5ca848849f7d793b) to keyring 407585799 in process 507key size64
01-06 23:22:10.139   507   507 E vold    : Inserting using old mechanism  Error 19: No such device
01-06 23:22:10.139   507   507 D vold    : Added key 174984850 (fscrypt:5ca848849f7d793b) to keyring 407585799 in process 507key size64
01-06 23:22:10.145   507   507 I vold    : Wrote system DE key reference to:/data/unencrypted/ref
01-06 23:22:10.146   507   507 E vold    : Inserting using old mechanism  Error 19: No such device
01-06 23:22:10.146   507   507 D vold    : Added key 1038232251 (ext4:a83ce3d352486361) to keyring 407585799 in process 507key size64
01-06 23:22:10.146   507   507 E vold    : Inserting using old mechanism  Error 19: No such device
01-06 23:22:10.146   507   507 D vold    : Added key 728053946 (f2fs:a83ce3d352486361) to keyring 407585799 in process 507key size64
01-06 23:22:10.146   507   507 E vold    : Inserting using old mechanism  Error 19: No such device
01-06 23:22:10.146   507   507 D vold    : Added key 883501621 (fscrypt:a83ce3d352486361) to keyring 407585799 in process 507key size64
01-06 23:22:10.148   507   507 I vold    : Wrote per boot key reference to:/data/unencrypted/per_boot_ref
01-06 23:22:10.152     0     0 I fscrypt : AES-256-CTS-CBC using implementation "cts(cbc-aes-ce)"
01-06 23:22:10.183   619   619 D OEM-HPM : change@/devices/platform/soc/800f000.qcom,spmi/spmi-0/spmi0-00/800f000.qcom,spmi:qcom,pm660@0:qcom,qpnp-smb2/power_supply/usb
01-06 23:22:10.183   619   619 I OEM-HPM : sysfs:path /sys/class/power_supply/usb/online data 0 size 1
01-06 23:22:10.183   619   619 I OEM-HPM : /sys/class/power_supply/usb/online is 0
01-06 23:22:10.183   619   619 I OEM-HPM : sysfs:path /sys/class/power_supply/pc_port/online data 10 size 1
01-06 23:22:10.184   619   619 I OEM-HPM : /sys/class/power_supply/pc_port/online is 1
01-06 23:22:10.184   619   619 E OEM-HPM : open sysfs fail: /sys/class/power_supply/ac/online: error: No such file or directory
01-06 23:22:10.184   619   619 E OEM-HPM : Read /sys/class/power_supply/ac/online failed
01-06 23:22:10.195   599   599 E fsverity_init: Failed to load /product/etc/security/fsverity/*.der
01-06 23:22:10.198   624   624 I netdClient: Skipping libnetd_client init since *we* are netd
01-06 23:22:10.200   624   624 I netd    : netd 1.0 starting
01-06 23:22:10.208   600   600 E /system/bin/mini-keyctl: Cannot find keyring id
01-06 23:22:10.216   624   624 I Netd    : Loaded resolver library from /apex/com.android.resolv/lib64/libnetd_resolv.so
01-06 23:22:10.224   601   601 E fsverity_init: Failed to restrict .fs-verity keyring
01-06 23:22:10.260   602   602 I apexd   : Marking APEXd as starting
01-06 23:22:10.261     0     0 I apexd   : Marking APEXd as starting
01-06 23:22:10.261   602   602 I apexd   : Scanning /system/apex for embedded keys
01-06 23:22:10.261     0     0 I apexd   : Scanning /system/apex for embedded keys
01-06 23:22:10.262   602   602 I apexd   : Scanning /product/apex for embedded keys
01-06 23:22:10.262     0     0 I apexd   : Scanning /product/apex for embedded keys
01-06 23:22:10.262   602   602 I apexd   : ... does not exist. Skipping
01-06 23:22:10.262   602   602 I apexd   : Populating APEX database from mounts...
01-06 23:22:10.262     0     0 I apexd   : ... does not exist. Skipping
01-06 23:22:10.262     0     0 I apexd   : Populating APEX database from mounts...
01-06 23:22:10.262   602   602 E apexd   : Failed to walk /product/apex : Can't open /product/apex for reading : No such file or directory
01-06 23:22:10.262     0     0 E apexd   : Failed to walk /product/apex : Can't open /product/apex for reading : No such file or directory
01-06 23:22:10.262   602   602 I apexd   : Found "/apex/com.android.runtime@1"
01-06 23:22:10.262     0     0 I apexd   : Found "/apex/com.android.runtime@1"
01-06 23:22:10.262   602   602 I apexd   : Found "/apex/com.android.tzdata@290000000"
01-06 23:22:10.262     0     0 I apexd   : Found "/apex/com.android.tzdata@290000000"
01-06 23:22:10.263   602   602 I apexd   : 2 packages restored.
01-06 23:22:10.263     0     0 I apexd   : 2 packages restored.
01-06 23:22:10.263   602   602 I apexd   : Scanning /data/apex/sessions looking for sessions to be activated.
01-06 23:22:10.263     0     0 I apexd   : Scanning /data/apex/sessions looking for sessions to be activated.
01-06 23:22:10.263   602   602 I apexd   : Scanning /data/apex/active looking for APEX packages.
01-06 23:22:10.263   602   602 I apexd   : Activated 0 packages. Skipped: 0
01-06 23:22:10.263   602   602 I apexd   : Scanning /system/apex looking for APEX packages.
01-06 23:22:10.264   602   602 I apexd   : Found /system/apex/com.android.media
01-06 23:22:10.264   602   602 V apexd   : Creating mount point: /apex/com.android.media@290000000
01-06 23:22:10.264   602   602 I apexd   : Successfully bind-mounted flattened package /system/apex/com.android.media on /apex/com.android.media@290000000
01-06 23:22:10.264   602   602 V apexd   : Creating bind-mount for /apex/com.android.media for /apex/com.android.media@290000000
01-06 23:22:10.264   602   602 V apexd   : Creating mountpoint /apex/com.android.media
01-06 23:22:10.264   602   602 V apexd   : Bind-mounting /apex/com.android.media@290000000 to /apex/com.android.media
01-06 23:22:10.264   602   602 D apexd   : Successfully activated /system/apex/com.android.media package_name: com.android.media version: 290000000
01-06 23:22:10.264   602   602 I apexd   : Found /system/apex/com.android.resolv
01-06 23:22:10.264   602   602 V apexd   : Creating mount point: /apex/com.android.resolv@290000000
01-06 23:22:10.264   602   602 I apexd   : Successfully bind-mounted flattened package /system/apex/com.android.resolv on /apex/com.android.resolv@290000000
01-06 23:22:10.264   602   602 V apexd   : Creating bind-mount for /apex/com.android.resolv for /apex/com.android.resolv@290000000
01-06 23:22:10.264   602   602 V apexd   : Creating mountpoint /apex/com.android.resolv
01-06 23:22:10.264   602   602 V apexd   : Bind-mounting /apex/com.android.resolv@290000000 to /apex/com.android.resolv
01-06 23:22:10.264   602   602 D apexd   : Successfully activated /system/apex/com.android.resolv package_name: com.android.resolv version: 290000000
01-06 23:22:10.264   602   602 I apexd   : Found /system/apex/com.android.conscrypt
01-06 23:22:10.264   602   602 V apexd   : Creating mount point: /apex/com.android.conscrypt@290000000
01-06 23:22:10.264   602   602 I apexd   : Successfully bind-mounted flattened package /system/apex/com.android.conscrypt on /apex/com.android.conscrypt@290000000
01-06 23:22:10.264   602   602 V apexd   : Creating bind-mount for /apex/com.android.conscrypt for /apex/com.android.conscrypt@290000000
01-06 23:22:10.264   602   602 V apexd   : Creating mountpoint /apex/com.android.conscrypt
01-06 23:22:10.264   602   602 V apexd   : Bind-mounting /apex/com.android.conscrypt@290000000 to /apex/com.android.conscrypt
01-06 23:22:10.264   602   602 D apexd   : Successfully activated /system/apex/com.android.conscrypt package_name: com.android.conscrypt version: 290000000
