06-21 21:40:31.942  1298  1298 W Looper  : Drained
06-21 21:40:31.942  1298  1298 D PackageWatchdog: Getting all observed packages pending health checks
06-21 21:40:31.942  1298  1298 I PackageWatchdog: Syncing health check requests for packages: {}
06-21 21:40:31.942  1298  1298 D ExplicitHealthCheckController: Getting health check supported packages
06-21 21:40:31.944  1298  1647 I ExplicitHealthCheckController: Explicit health check supported packages []
06-21 21:40:31.944  1298  1647 D PackageWatchdog: Received supported packages []
06-21 21:40:31.944  1298  1647 D ExplicitHealthCheckController: Getting health check requested packages
06-21 21:40:31.945  1298  1647 I ExplicitHealthCheckController: Explicit health check requested packages []
06-21 21:40:31.946  1298  1647 I ExplicitHealthCheckController: No more health check requests, unbinding...
06-21 21:40:31.946  1298  1298 V SettingsProvider: Notifying for 0: content://settings/global/zen_mode_config_etag
06-21 21:40:31.947  1298  1647 I ExplicitHealthCheckController: Explicit health check service is unbound
06-21 21:40:31.976  1298  1352 I commit_sys_config_file: [notification-policy,30]
06-21 21:40:31.977  1298  1352 I DropBoxManagerService: add tag=system_app_strictmode isTagEnabled=true flags=0x2
06-21 21:40:31.984  1298  1647 I commit_sys_config_file: [input-subtypes,4]
06-21 21:40:31.985  1298  1352 I DropBoxManagerService: add tag=system_app_strictmode isTagEnabled=true flags=0x2
06-21 21:40:32.024  1298  1647 E WindowManager: App trying to use insecure INPUT_FEATURE_NO_INPUT_CHANNEL flag. Ignoring
06-21 21:40:32.031  1929  2000 E ActivityThread: Failed to find provider info for user_dictionary
06-21 21:40:32.040  1298  1298 I sysui_multi_action: [757,1501,758,1,793,141,794,0,795,141,796,32,806,android,857,USB,858,1,947,0,1500,0]
06-21 21:40:32.040  1298  1298 I sysui_multi_action: [757,804,799,note_interruptive,801,0,802,1]
06-21 21:40:32.044  1298  1330 E WindowManager: App trying to use insecure INPUT_FEATURE_NO_INPUT_CHANNEL flag. Ignoring
06-21 21:40:32.054  1298  1352 D BluetoothManagerService: MESSAGE_REGISTER_ADAPTER
06-21 21:40:32.076  1531  1531 D SystemUIBootTiming: StartServicescom.android.systemui.SystemBars took to complete: 399ms
06-21 21:40:32.078  1531  1810 E ActivityThread: Failed to find provider info for com.android.contacts
06-21 21:40:32.079  1531  1531 D SystemUIBootTiming: StartServicescom.android.systemui.usb.StorageNotification took to complete: 3ms
06-21 21:40:32.085  1531  1531 D SystemUIBootTiming: StartServicescom.android.systemui.power.PowerUI took to complete: 6ms
06-21 21:40:32.086  1531  1531 D SystemUIBootTiming: StartServicescom.android.systemui.media.RingtonePlayer took to complete: 1ms
06-21 21:40:32.086  1531  1531 D SystemUIBootTiming: StartServicescom.android.systemui.keyboard.KeyboardUI took to complete: 0ms
06-21 21:40:32.092  1531  1531 D SystemUIBootTiming: StartServicescom.android.systemui.pip.PipUI took to complete: 6ms
06-21 21:40:32.093  1531  1531 D SystemUIBootTiming: StartServicescom.android.systemui.shortcut.ShortcutKeyDispatcher took to complete: 1ms
06-21 21:40:32.093  1531  1531 D SystemUIBootTiming: StartServicescom.android.systemui.VendorServices took to complete: 0ms
06-21 21:40:32.093  1531  1531 D SystemUIBootTiming: StartServicescom.android.systemui.util.leak.GarbageMonitor$Service took to complete: 1ms
06-21 21:40:32.094  1531  1531 D SystemUIBootTiming: StartServicescom.android.systemui.LatencyTester took to complete: 0ms
06-21 21:40:32.095  1531  1531 D SystemUIBootTiming: StartServicescom.android.systemui.globalactions.GlobalActionsComponent took to complete: 1ms
06-21 21:40:32.096  1531  1531 D SystemUIBootTiming: StartServicescom.android.systemui.ScreenDecorations took to complete: 1ms
06-21 21:40:32.096  1531  1531 D SystemUIBootTiming: StartServicescom.android.systemui.biometrics.BiometricDialogImpl took to complete: 0ms
06-21 21:40:32.097  1531  1531 D SystemUIBootTiming: StartServicescom.android.systemui.SliceBroadcastRelayHandler took to complete: 1ms
06-21 21:40:32.097  1531  1531 D SystemUIBootTiming: StartServicescom.android.systemui.SizeCompatModeActivityController took to complete: 0ms
06-21 21:40:32.098  1531  1531 D SystemUIBootTiming: StartServicescom.android.systemui.statusbar.notification.InstantAppNotifier took to complete: 1ms
06-21 21:40:32.100  1531  1531 D SystemUIBootTiming: StartServicescom.android.systemui.theme.ThemeOverlayController took to complete: 2ms
06-21 21:40:32.104  1531  1531 D SystemUIBootTiming: StartServices took to complete: 621ms
06-21 21:40:32.191  1298  1431 I commit_sys_config_file: [settings-0-0,9]
06-21 21:40:32.201  1531  1923 E ActivityThread: Failed to find provider info for com.android.contacts
06-21 21:40:32.211  1531  1923 E ActivityThread: Failed to find provider info for com.android.contacts
06-21 21:40:32.372  1298  1330 E WindowManager: App trying to use insecure INPUT_FEATURE_NO_INPUT_CHANNEL flag. Ignoring
06-21 21:40:32.380  1298  1330 W WindowManager: Error positioning surface of Window{57f65c0 u0 com.android.systemui.ImageWallpaper} pos=(0,-313)
06-21 21:40:32.380  1298  1330 W WindowManager: java.lang.NullPointerException: Attempt to invoke virtual method 'void com.android.server.wm.WindowSurfaceController.setPositionInTransaction(float, float, boolean)' on a null object reference
06-21 21:40:32.380  1298  1330 W WindowManager: 	at com.android.server.wm.WindowStateAnimator.setWallpaperOffset(WindowStateAnimator.java:1209)
06-21 21:40:32.380  1298  1330 W WindowManager: 	at com.android.server.wm.WallpaperController.updateWallpaperOffset(WallpaperController.java:322)
06-21 21:40:32.380  1298  1330 W WindowManager: 	at com.android.server.wm.WindowState.computeFrameLw(WindowState.java:1121)
06-21 21:40:32.380  1298  1330 W WindowManager: 	at com.android.server.wm.DisplayPolicy.layoutWindowLw(DisplayPolicy.java:2479)
06-21 21:40:32.380  1298  1330 W WindowManager: 	at com.android.server.wm.DisplayContent.lambda$new$4$DisplayContent(DisplayContent.java:727)
06-21 21:40:32.380  1298  1330 W WindowManager: 	at com.android.server.wm.-$$Lambda$DisplayContent$qT01Aq6xt_ZOs86A1yDQe-qmPFQ.accept(Unknown Source:4)
06-21 21:40:32.380  1298  1330 W WindowManager: 	at com.android.server.wm.WindowContainer$ForAllWindowsConsumerWrapper.apply(WindowContainer.java:1172)
06-21 21:40:32.380  1298  1330 W WindowManager: 	at com.android.server.wm.WindowContainer$ForAllWindowsConsumerWrapper.apply(WindowContainer.java:1162)
06-21 21:40:32.380  1298  1330 W WindowManager: 	at com.android.server.wm.WindowState.applyInOrderWithImeWindows(WindowState.java:4269)
06-21 21:40:32.380  1298  1330 W WindowManager: 	at com.android.server.wm.WindowState.forAllWindows(WindowState.java:4168)
06-21 21:40:32.380  1298  1330 W WindowManager: 	at com.android.server.wm.WindowContainer.forAllWindows(WindowContainer.java:871)
06-21 21:40:32.380  1298  1330 W WindowManager: 	at com.android.server.wm.WindowContainer.forAllWindows(WindowContainer.java:871)
06-21 21:40:32.380  1298  1330 W WindowManager: 	at com.android.server.wm.DisplayContent.forAllWindows(DisplayContent.java:2258)
06-21 21:40:32.380  1298  1330 W WindowManager: 	at com.android.server.wm.WindowContainer.forAllWindows(WindowContainer.java:888)
06-21 21:40:32.380  1298  1330 W WindowManager: 	at com.android.server.wm.DisplayContent.performLayoutNoTrace(DisplayContent.java:3984)
06-21 21:40:32.380  1298  1330 W WindowManager: 	at com.android.server.wm.DisplayContent.performLayout(DisplayContent.java:3947)
06-21 21:40:32.380  1298  1330 W WindowManager: 	at com.android.server.wm.DisplayContent.applySurfaceChangesTransaction(DisplayContent.java:3843)
06-21 21:40:32.380  1298  1330 W WindowManager: 	at com.android.server.wm.RootWindowContainer.applySurfaceChangesTransaction(RootWindowContainer.java:833)
06-21 21:40:32.380  1298  1330 W WindowManager: 	at com.android.server.wm.RootWindowContainer.performSurfacePlacementNoTrace(RootWindowContainer.java:610)
06-21 21:40:32.380  1298  1330 W WindowManager: 	at com.android.server.wm.RootWindowContainer.performSurfacePlacement(RootWindowContainer.java:567)
06-21 21:40:32.380  1298  1330 W WindowManager: 	at com.android.server.wm.WindowSurfacePlacer.performSurfacePlacementLoop(WindowSurfacePlacer.java:159)
06-21 21:40:32.380  1298  1330 W WindowManager: 	at com.android.server.wm.WindowSurfacePlacer.performSurfacePlacement(WindowSurfacePlacer.java:105)
06-21 21:40:32.380  1298  1330 W WindowManager: 	at com.android.server.wm.WindowManagerService.relayoutWindow(WindowManagerService.java:2177)
06-21 21:40:32.380  1298  1330 W WindowManager: 	at com.android.server.wm.Session.relayout(Session.java:194)
06-21 21:40:32.380  1298  1330 W WindowManager: 	at android.view.IWindowSession$Stub.onTransact(IWindowSession.java:684)
06-21 21:40:32.380  1298  1330 W WindowManager: 	at com.android.server.wm.Session.onTransact(Session.java:134)
06-21 21:40:32.380  1298  1330 W WindowManager: 	at android.os.Binder.execTransactInternal(Binder.java:1021)
06-21 21:40:32.380  1298  1330 W WindowManager: 	at android.os.Binder.execTransact(Binder.java:994)
06-21 21:40:32.783  1298  1461 I WatchlistLoggingHandler: Milliseconds spent on tryAggregateRecords(): 3002
06-21 21:40:32.783  1298  1352 I DropBoxManagerService: add tag=system_server_strictmode isTagEnabled=true flags=0x2
06-21 21:40:32.805  1298  1352 I chatty  : uid=1000(system) android.io identical 8 lines
06-21 21:40:32.811  1298  1352 I DropBoxManagerService: add tag=system_server_strictmode isTagEnabled=true flags=0x2
06-21 21:40:32.908  1298  1353 I WindowManager: ******* TELLING SURFACE FLINGER WE ARE BOOTED!
06-21 21:40:32.909   714   848 I sf_stop_bootanim: 17540
06-21 21:40:32.911  1298  1353 I wm_boot_animation_done: 17541
06-21 21:40:32.912  1298  1353 I ActivityManager: About to commit checkpoint
06-21 21:40:32.912  1298  1353 I SystemServiceManager: Starting phase 1000
06-21 21:40:32.913  1298  1353 D PowerManagerService: Light white led
06-21 21:40:32.913  1298  1369 D DisplayPowerController: DisplayPowerController autoBrightnessEnabled: false
06-21 21:40:32.913  1298  1369 D DisplayPowerController: Adjust auto-brightness: -1
06-21 21:40:32.914  1298  1369 V DisplayPowerController: Brightness [206] reason changing to: 'manual', previous reason: 'override'.
06-21 21:40:32.915  1298  1353 I DdcciManagerService: onBootPhase:1000
06-21 21:40:32.915  1298  1353 D TestHarnessModeService: Completing Test Harness Mode setup.
06-21 21:40:32.915  1298  1463 D StorageManagerService: Thinking about init, mBootCompleted=true, mDaemonConnected=true
06-21 21:40:32.915  1298  1463 D StorageManagerService: Thinking about reset, mBootCompleted=true, mDaemonConnected=true
06-21 21:40:32.915  1298  1360 I ActivityManager: Force stopping com.android.providers.media appid=10042 user=-1: vold reset
06-21 21:40:32.916  1298  1330 V StorageManagerService: Found primary storage at VolumeInfo{emulated}:
06-21 21:40:32.916  1298  1330 V StorageManagerService:     type=EMULATED diskId=null partGuid= mountFlags=0 mountUserId=-10000 
06-21 21:40:32.916  1298  1330 V StorageManagerService:     state=UNMOUNTED 
06-21 21:40:32.916  1298  1330 V StorageManagerService:     fsType=null fsUuid=null fsLabel=null 
06-21 21:40:32.916  1298  1330 V StorageManagerService:     path=null internalPath=null 
06-21 21:40:32.920   507   507 D vold    : Waiting for FUSE to spin up...
06-21 21:40:32.938  1298  1353 D ActivityManager: Finishing user boot 0
06-21 21:40:32.938  1298  1353 I ActivityManager: User 0 state changed from BOOTING to RUNNING_LOCKED
06-21 21:40:32.938  1298  1353 I am_user_state_changed: [0,1]
06-21 21:40:32.938  1298  1353 I sysui_multi_action: [757,804,799,framework_locked_boot_completed,801,17,802,1]
06-21 21:40:32.940  1298  1353 D StorageManagerService: unlockUserKey: 0
06-21 21:40:32.940  1298  1503 D DdcciManagerService-cfd: noteScreenBrightness, state:ON, brightness:104
06-21 21:40:32.940   507  2057 D vold    : fscrypt_unlock_user_key 0 serial=0 token_present=0
06-21 21:40:32.942   507  2057 D vold    : Skipping non-key ..
06-21 21:40:32.942   507  2057 D vold    : Skipping non-key .
06-21 21:40:32.942   507  2057 D vold    : Trying user CE key /data/misc/vold/user_keys/ce/0/current
06-21 21:40:32.943  2056  2056 W sdcard  : Device explicitly enabled sdcardfs
06-21 21:40:32.952   507  2057 I vold    : List of Keymaster HALs found:
06-21 21:40:32.952   507  2057 I vold    : Keymaster HAL #1: Keymaster HAL: 4 from QTI SecurityLevel: TRUSTED_ENVIRONMENT HAL: android.hardware.keymaster@4.0::IKeymasterDevice/default
06-21 21:40:32.952   507  2057 I vold    : Using Keymaster HAL: 4 from QTI for encryption.  Security level: TRUSTED_ENVIRONMENT, HAL: android.hardware.keymaster@4.0::IKeymasterDevice/default
06-21 21:40:32.960  1298  1503 D DdcciManagerService-cfd: noteScreenBrightness, state:ON, brightness:107
06-21 21:40:32.967   507  2057 D vold    : Successfully retrieved key
06-21 21:40:32.970   507  2057 E vold    : Inserting using old mechanism  Error 19: No such device
06-21 21:40:32.971   507  2057 D vold    : Added key 322020554 (ext4:b671d9e997a88f44) to keyring 709511802 in process 507key size64
06-21 21:40:32.971   507  2057 E vold    : Inserting using old mechanism  Error 19: No such device
06-21 21:40:32.971   507  2057 D vold    : Added key 10834828 (f2fs:b671d9e997a88f44) to keyring 709511802 in process 507key size64
06-21 21:40:32.971   507  2057 E vold    : Inserting using old mechanism  Error 19: No such device
06-21 21:40:32.971   507  2057 D vold    : Added key 506867289 (fscrypt:b671d9e997a88f44) to keyring 709511802 in process 507key size64
06-21 21:40:32.971   507  2057 D vold    : Installed ce key for user 0
06-21 21:40:32.971  1298  1353 D ActivityManager: UserController event: finishUserUnlocking(0)
06-21 21:40:32.971  1298  1353 D ActivityManager: Started unlocking user 0
06-21 21:40:32.971  1298  1353 D ActivityManager: Unlocking user 0 progress 0
06-21 21:40:32.971  1298  1353 D ActivityManager: Unlocking user 0 progress 5
06-21 21:40:32.972   507   507 D vold    : fscrypt_prepare_user_storage for volume null, user 0, serial 0, flags 2
06-21 21:40:32.972  1298  1298 I notification_enqueue: [1000,1298,android,26,NULL,-1,Notification(channel=DEVELOPER pri=0 contentView=null vibrate=null sound=null tick defaults=0x0 flags=0x2 color=0xff607d8b vis=PUBLIC),0]
06-21 21:40:32.972  1298  1353 D WindowManager: req=5
06-21 21:40:32.972   507   507 D vold    : Preparing: /data/system_ce/0
06-21 21:40:32.972   507   507 D vold    : Preparing: /data/misc_ce/0
06-21 21:40:32.972   507   507 D vold    : Preparing: /data/vendor_ce/0
06-21 21:40:32.972  1298  1476 D ConnectivityService: Got NetworkFactory Messenger for WifiNetworkFactory
06-21 21:40:32.972  1298  1476 D ConnectivityService: Got NetworkFactory Messenger for UntrustedWifiNetworkFactory
06-21 21:40:32.973  1298  1353 D WindowManager: req=5
06-21 21:40:32.974   507   507 D vold    : Preparing: /data/media/0
06-21 21:40:32.974   507   507 D vold    : Preparing: /data/data
06-21 21:40:32.976  1298  1352 I DropBoxManagerService: add tag=system_server_strictmode isTagEnabled=true flags=0x2
06-21 21:40:32.980  1298  1352 I DropBoxManagerService: add tag=system_server_strictmode isTagEnabled=true flags=0x2
06-21 21:40:32.980  1298  1353 D ColorDisplayService: setUp: currentUser=0
06-21 21:40:32.981  1298  1503 D DdcciManagerService-cfd: noteScreenBrightness, state:ON, brightness:110
06-21 21:40:32.982   507   507 I vold    : Found policy b671d9e997a88f44 at /data/system_ce/0 which matches expected value
06-21 21:40:32.983   507   507 I vold    : Found policy b671d9e997a88f44 at /data/misc_ce/0 which matches expected value
06-21 21:40:32.984   507   507 I vold    : Found policy b671d9e997a88f44 at /data/vendor_ce/0 which matches expected value
06-21 21:40:32.985   507   507 I vold    : Found policy b671d9e997a88f44 at /data/media/0 which matches expected value
06-21 21:40:32.985   507   507 I vold    : Found policy b671d9e997a88f44 at /data/data which matches expected value
06-21 21:40:32.985   507   507 D vold    : Starting restorecon of /data/system_ce/0
06-21 21:40:32.985  1298  1352 I DropBoxManagerService: add tag=system_server_strictmode isTagEnabled=true flags=0x2
06-21 21:40:32.992  1298  1330 I am_uid_running: 10108
06-21 21:40:33.001  1298  1503 D DdcciManagerService-cfd: noteScreenBrightness, state:ON, brightness:113
06-21 21:40:33.003  2061  2061 I sysui_multi_action: [757,1098,758,4,1099,<EMPTY>]
06-21 21:40:33.004  1298  1352 I DropBoxManagerService: add tag=system_server_strictmode isTagEnabled=true flags=0x2
06-21 21:40:33.010  1298  1352 I DropBoxManagerService: add tag=system_server_strictmode isTagEnabled=true flags=0x2
06-21 21:40:33.015  2059  2059 I auditd  : type=1400 audit(0.0:14): avc: denied { dac_override } for comm="init.qcom.post_" capability=1 scontext=u:r:qti_init_shell:s0 tcontext=u:r:qti_init_shell:s0 tclass=capability permissive=0
06-21 21:40:33.018  1298  1361 I am_proc_start: [0,2065,10108,com.android.deskclock,broadcast,{com.android.deskclock/com.android.deskclock.AlarmInitReceiver}]
06-21 21:40:33.018  1298  1361 I ActivityManager: Start proc 2065:com.android.deskclock/u0a108 for broadcast {com.android.deskclock/com.android.deskclock.AlarmInitReceiver}
06-21 21:40:33.020  1298  1503 D DdcciManagerService-cfd: noteScreenBrightness, state:ON, brightness:116
06-21 21:40:33.024  1298  1352 I DropBoxManagerService: add tag=system_server_strictmode isTagEnabled=true flags=0x2
06-21 21:40:33.035  1298  1352 I chatty  : uid=1000(system) android.io identical 3 lines
06-21 21:40:33.037  1298  1352 I DropBoxManagerService: add tag=system_server_strictmode isTagEnabled=true flags=0x2
06-21 21:40:33.040  1298  1503 D DdcciManagerService-cfd: noteScreenBrightness, state:ON, brightness:120
06-21 21:40:33.057  2061  2061 I sysui_multi_action: [757,804,799,factory_reset_current_time,801,1624326033,802,1]
06-21 21:40:33.057  2061  2061 I sysui_multi_action: [757,804,799,factory_reset_record_value,801,1623984101,802,1]
06-21 21:40:33.058  2061  2061 I sysui_multi_action: [757,804,799,last_boot_time_utc,801,1624326033,802,1]
06-21 21:40:33.058  2061  2061 I sysui_multi_action: [757,804,799,time_since_last_boot,801,142141,802,1]
06-21 21:40:33.058  2061  2061 I sysui_multi_action: [757,804,799,factory_reset_current_time,801,1624326033,802,1]
06-21 21:40:33.058  2061  2061 I sysui_multi_action: [757,804,799,system_boot_reason,801,4,802,1]
06-21 21:40:33.058  2061  2061 I sysui_multi_action: [757,804,799,absolute_boot_time,801,17,802,1]
06-21 21:40:33.058  2061  2061 I sysui_multi_action: [757,804,799,boot_complete,801,17,802,1]
06-21 21:40:33.058  2061  2061 I sysui_multi_action: [757,804,799,boot_complete_no_encryption,801,17,802,1]
06-21 21:40:33.058  2061  2061 I sysui_multi_action: [757,804,799,ro.boottime.init.cold_boot_wait,801,1846,802,1]
06-21 21:40:33.058  2061  2061 I sysui_multi_action: [757,804,799,factory_reset_boot_complete_no_encryption,801,32,802,1]
06-21 21:40:33.058  2061  2061 I sysui_multi_action: [757,804,799,boottime.bootloader.total,801,0,802,1]
06-21 21:40:33.058  2061  2061 I sysui_multi_action: [757,804,799,ro.boottime.init.selinux,801,100,802,1]
06-21 21:40:33.058  2061  2061 I sysui_multi_action: [757,804,799,factory_reset_boot_complete,801,32,802,1]
06-21 21:40:33.058  2061  2061 I sysui_multi_action: [757,804,799,ro.boottime.init,801,4042,802,1]
06-21 21:40:33.058  2061  2061 I sysui_multi_action: [757,804,799,factory_reset_record_value,801,1623984101,802,1]
06-21 21:40:33.058  2061  2061 I sysui_multi_action: [757,804,799,time_since_factory_reset,801,341932,802,1]
06-21 21:40:33.058  2061  2061 I sysui_multi_action: [757,804,799,boot_reason,801,0,802,1]
06-21 21:40:33.058  2061  2061 I sysui_multi_action: [757,804,799,factory_reset,801,1623984101,802,1]
06-21 21:40:33.058  2061  2061 I sysui_multi_action: [757,804,799,build_date,801,1623980860,802,1]
06-21 21:40:33.060  1298  1353 D ColorDisplayService: onNightDisplayAutoModeChanged: autoMode=0
06-21 21:40:33.060  1298  1353 I ColorDisplayService: Turning off night display
06-21 21:40:33.067   507   507 D vold    : Finished restorecon of /data/system_ce/0
06-21 21:40:33.067   507   507 D vold    : Starting restorecon of /data/vendor_ce/0
06-21 21:40:33.072  1298  1503 D DdcciManagerService-cfd: noteScreenBrightness, state:ON, brightness:123
06-21 21:40:33.073  1298  1298 I sysui_multi_action: [757,1501,758,1,793,139,794,0,795,139,796,26,806,android,857,DEVELOPER,858,2,947,0,1500,0]
06-21 21:40:33.073   507   507 D vold    : Finished restorecon of /data/vendor_ce/0
06-21 21:40:33.073   507   507 D vold    : Starting restorecon of /data/misc_ce/0
06-21 21:40:33.073  1298  1298 I sysui_multi_action: [757,804,799,note_interruptive,801,0,802,1]
06-21 21:40:33.086   507   507 D vold    : Finished restorecon of /data/misc_ce/0
06-21 21:40:33.086   507   507 D vold    : /system/bin/vold_prepare_subdirs
06-21 21:40:33.086   507   507 D vold    :     prepare
06-21 21:40:33.086   507   507 D vold    :     
06-21 21:40:33.086   507   507 D vold    :     0
06-21 21:40:33.086   507   507 D vold    :     2
06-21 21:40:33.091  1298  1503 D DdcciManagerService-cfd: noteScreenBrightness, state:ON, brightness:129
06-21 21:40:33.105  1298  1925 I am_proc_bound: [0,2065,com.android.deskclock]
06-21 21:40:33.110  1298  1503 D DdcciManagerService-cfd: noteScreenBrightness, state:ON, brightness:132
06-21 21:40:33.116  1298  1350 V UserDataPreparer: Found /data/user/0 with serial number 0
06-21 21:40:33.116  1298  1350 V UserDataPreparer: Found /data/system_ce/0 with serial number 0
06-21 21:40:33.117  1298  1350 D UserDataPreparer: Setting property: sys.user.0.ce_available=true
06-21 21:40:33.118  1298  1350 V PackageManager: reconcileAppsData for null u0 0x2 migrateAppData=false
06-21 21:40:33.132  1298  1503 D DdcciManagerService-cfd: noteScreenBrightness, state:ON, brightness:135
06-21 21:40:33.150  1298  1503 D DdcciManagerService-cfd: noteScreenBrightness, state:ON, brightness:141
06-21 21:40:33.170  1298  1503 D DdcciManagerService-cfd: noteScreenBrightness, state:ON, brightness:144
06-21 21:40:33.190  1298  1503 D DdcciManagerService-cfd: noteScreenBrightness, state:ON, brightness:147
06-21 21:40:33.210  1298  1503 D DdcciManagerService-cfd: noteScreenBrightness, state:ON, brightness:150
06-21 21:40:33.230  1298  1503 D DdcciManagerService-cfd: noteScreenBrightness, state:ON, brightness:153
06-21 21:40:33.235  1726  1726 D ONSNetworkScanCtlr: init called
06-21 21:40:33.238  1298  1925 D TelephonyRegistry: listen ooscl: hasNotifyOpptSubInfoChangedOccurred==false no callback
06-21 21:40:33.238  1726  1726 D ONSProfileSelector: ONSProfileSelector init complete
06-21 21:40:33.241  1726  1726 D ONS     : service is enable state true
06-21 21:40:33.250  1298  1503 D DdcciManagerService-cfd: noteScreenBrightness, state:ON, brightness:159
06-21 21:40:33.265  1298  1925 D ConnectivityService: requestNetwork for uid/pid:1001/1669 NetworkRequest [ TRACK_DEFAULT id=13, [ Capabilities: INTERNET&NOT_RESTRICTED&TRUSTED Uid: 1001] ]
06-21 21:40:33.268  1726  2001 D SubscriptionController: [getPhoneId] asked for default subId=-1
06-21 21:40:33.270  1298  1503 D DdcciManagerService-cfd: noteScreenBrightness, state:ON, brightness:162
06-21 21:40:33.271  1298  1330 D TelephonyRegistry: listen oscl: mHasNotifySubscriptionInfoChangedOccurred==false no callback
06-21 21:40:33.273  1298  1330 D TelephonyRegistry: listen oscl: mHasNotifySubscriptionInfoChangedOccurred==false no callback
06-21 21:40:33.281  1298  1351 D WindowManager: req=5
06-21 21:40:33.290  1298  1503 D DdcciManagerService-cfd: noteScreenBrightness, state:ON, brightness:165
06-21 21:40:33.310  1298  1503 D DdcciManagerService-cfd: noteScreenBrightness, state:ON, brightness:168
06-21 21:40:33.330  1298  1503 D DdcciManagerService-cfd: noteScreenBrightness, state:ON, brightness:171
06-21 21:40:33.350  1298  1503 D DdcciManagerService-cfd: noteScreenBrightness, state:ON, brightness:177
06-21 21:40:33.358  1298  1350 V PackageManager: reconcileAppsData finished 169 packages
06-21 21:40:33.358  1298  1350 I ActivityManager: User 0 state changed from RUNNING_LOCKED to RUNNING_UNLOCKING
06-21 21:40:33.358  1298  1350 I am_user_state_changed: [0,2]
06-21 21:40:33.358  1298  1350 D ActivityManager: Unlocking user 0 progress 20
06-21 21:40:33.358  1298  1350 W Looper  : Slow dispatch took 386ms android.fg h=android.os.Handler c=com.android.server.am.-$$Lambda$UserController$stQk1028ON105v_u-VMykVjcxLk@c6f6afd m=0
06-21 21:40:33.358  1298  1350 W Looper  : Slow delivery took 386ms android.fg h=android.os.Handler c=com.android.server.am.-$$Lambda$UserController$G0WJmqt4X_QG30fRlvXobn18mrE@ab7d3f2 m=0
06-21 21:40:33.358  1298  1360 I SystemServiceManager: Calling onUnlockUser u0
06-21 21:40:33.358  1298  1360 D SystemServiceManager: onUnlockUser-0 com.android.server.pm.Installer took to complete: 0ms
06-21 21:40:33.358  1298  1360 D SystemServiceManager: onUnlockUser-0 com.android.server.os.DeviceIdentifiersPolicyService took to complete: 0ms
06-21 21:40:33.358  1298  1360 D SystemServiceManager: onUnlockUser-0 com.android.server.uri.UriGrantsManagerService$Lifecycle took to complete: 0ms
06-21 21:40:33.367  1298  1360 D SystemServiceManager: onUnlockUser-0 com.android.server.wm.ActivityTaskManagerService$Lifecycle took to complete: 8ms
06-21 21:40:33.367  1298  1360 D SystemServiceManager: onUnlockUser-0 com.android.server.am.ActivityManagerService$Lifecycle took to complete: 0ms
06-21 21:40:33.367  1298  1360 D SystemServiceManager: onUnlockUser-0 com.android.server.power.PowerManagerService took to complete: 0ms
06-21 21:40:33.367  1298  1360 D SystemServiceManager: onUnlockUser-0 com.android.server.power.ThermalManagerService took to complete: 0ms
06-21 21:40:33.367  1298  1360 D SystemServiceManager: onUnlockUser-0 com.android.server.RecoverySystemService took to complete: 0ms
06-21 21:40:33.367  1298  1360 D SystemServiceManager: onUnlockUser-0 com.android.server.lights.LightsService took to complete: 0ms
06-21 21:40:33.367  1298  1360 D SystemServiceManager: onUnlockUser-0 com.android.server.display.DisplayManagerService took to complete: 0ms
06-21 21:40:33.367  1298  1360 D SystemServiceManager: onUnlockUser-0 com.android.server.pm.UserManagerService$LifeCycle took to complete: 0ms
06-21 21:40:33.367  1298  1360 D SystemServiceManager: onUnlockUser-0 com.android.server.om.OverlayManagerService took to complete: 0ms
06-21 21:40:33.367  1298  1360 D SystemServiceManager: onUnlockUser-0 com.android.server.SensorPrivacyService took to complete: 0ms
06-21 21:40:33.367  1298  1360 D SystemServiceManager: onUnlockUser-0 com.android.server.BatteryService took to complete: 0ms
06-21 21:40:33.367  1298  1360 D SystemServiceManager: onUnlockUser-0 com.android.server.usage.UsageStatsService took to complete: 0ms
06-21 21:40:33.367  1298  1360 D SystemServiceManager: onUnlockUser-0 com.android.server.webkit.WebViewUpdateService took to complete: 0ms
06-21 21:40:33.367  1298  1360 D SystemServiceManager: onUnlockUser-0 com.android.server.CachedDeviceStateService took to complete: 0ms
06-21 21:40:33.367  1298  1360 D SystemServiceManager: onUnlockUser-0 com.android.server.BinderCallsStatsService$LifeCycle took to complete: 0ms
06-21 21:40:33.367  1298  1360 D SystemServiceManager: onUnlockUser-0 com.android.server.LooperStatsService$Lifecycle took to complete: 0ms
06-21 21:40:33.367  1298  1360 D SystemServiceManager: onUnlockUser-0 com.android.server.rollback.RollbackManagerService took to complete: 0ms
06-21 21:40:33.367  1298  1360 D SystemServiceManager: onUnlockUser-0 com.android.server.os.BugreportManagerService took to complete: 0ms
06-21 21:40:33.367  1298  1360 D SystemServiceManager: onUnlockUser-0 com.android.server.gpu.GpuService took to complete: 0ms
06-21 21:40:33.367  1298  1360 D SystemServiceManager: onUnlockUser-0 com.android.server.security.KeyChainSystemService took to complete: 0ms
06-21 21:40:33.367  1298  1360 D SystemServiceManager: onUnlockUser-0 com.android.server.telecom.TelecomLoaderService took to complete: 0ms
06-21 21:40:33.367  1298  1360 D SystemServiceManager: onUnlockUser-0 com.android.server.accounts.AccountManagerService$Lifecycle took to complete: 0ms
06-21 21:40:33.367  1298  1360 D SystemServiceManager: onUnlockUser-0 com.android.server.content.ContentService$Lifecycle took to complete: 1ms
06-21 21:40:33.367  1298  1360 D SystemServiceManager: onUnlockUser-0 com.android.server.DropBoxManagerService took to complete: 0ms
06-21 21:40:33.368  1298  1360 D SystemServiceManager: onUnlockUser-0 com.android.server.AlarmManagerService took to complete: 0ms
06-21 21:40:33.368  1298  1360 D BluetoothManagerService: User 0 unlocked
06-21 21:40:33.368  1298  1360 D SystemServiceManager: onUnlockUser-0 com.android.server.BluetoothService took to complete: 0ms
06-21 21:40:33.368  1298  1360 D SystemServiceManager: onUnlockUser-0 com.android.server.connectivity.IpConnectivityMetrics took to complete: 0ms
06-21 21:40:33.368  1298  1360 D SystemServiceManager: onUnlockUser-0 com.android.server.net.watchlist.NetworkWatchlistService$Lifecycle took to complete: 0ms
06-21 21:40:33.368  1298  1352 D BluetoothManagerService: MESSAGE_USER_UNLOCKED
06-21 21:40:33.368  1298  1360 D SystemServiceManager: onUnlockUser-0 com.android.server.PinnerService took to complete: 0ms
06-21 21:40:33.368  1298  1360 D SystemServiceManager: onUnlockUser-0 com.android.server.ActivityTriggerService took to complete: 0ms
06-21 21:40:33.368  1298  1360 D SystemServiceManager: onUnlockUser-0 com.android.server.ddcci.DdcciManagerService took to complete: 0ms
06-21 21:40:33.368  1298  1360 D SystemServiceManager: onUnlockUser-0 com.android.server.inputmethod.InputMethodManagerService$Lifecycle took to complete: 0ms
06-21 21:40:33.368  1298  1360 D SystemServiceManager: onUnlockUser-0 com.android.server.accessibility.AccessibilityManagerService$Lifecycle took to complete: 0ms
06-21 21:40:33.368  1298  1360 D StorageManagerService: onUnlockUser 0
06-21 21:40:33.369   507   507 D vold    : Linking /storage/emulated/0 to /mnt/user/0/primary
06-21 21:40:33.371  1298  1503 D DdcciManagerService-cfd: noteScreenBrightness, state:ON, brightness:180
06-21 21:40:33.379  1298  1360 D SystemServiceManager: onUnlockUser-0 com.android.server.StorageManagerService$Lifecycle took to complete: 11ms
06-21 21:40:33.379  1298  1360 D SystemServiceManager: onUnlockUser-0 com.android.server.usage.StorageStatsService$Lifecycle took to complete: 0ms
06-21 21:40:33.379  1298  1360 D SystemServiceManager: onUnlockUser-0 com.android.server.UiModeManagerService took to complete: 0ms
06-21 21:40:33.379  1298  1360 D SystemServiceManager: onUnlockUser-0 com.android.server.locksettings.LockSettingsService$Lifecycle took to complete: 0ms
06-21 21:40:33.379  1298  1360 D SystemServiceManager: onUnlockUser-0 com.android.server.PersistentDataBlockService took to complete: 0ms
06-21 21:40:33.379  1298  1360 D SystemServiceManager: onUnlockUser-0 com.android.server.testharness.TestHarnessModeService took to complete: 0ms
06-21 21:40:33.379  1298  1360 D SystemServiceManager: onUnlockUser-0 com.android.server.oemlock.OemLockService took to complete: 0ms
06-21 21:40:33.379  1298  1360 D SystemServiceManager: onUnlockUser-0 com.android.server.DeviceIdleController took to complete: 0ms
06-21 21:40:33.379  1298  1360 D SystemServiceManager: onUnlockUser-0 com.android.server.devicepolicy.DevicePolicyManagerService$Lifecycle took to complete: 0ms
06-21 21:40:33.382  1298  1360 D SystemServiceManager: onUnlockUser-0 com.android.server.textservices.TextServicesManagerService$Lifecycle took to complete: 3ms
06-21 21:40:33.382  1298  1360 D SystemServiceManager: onUnlockUser-0 com.android.server.textclassifier.TextClassificationManagerService$Lifecycle took to complete: 0ms
06-21 21:40:33.382  1298  1360 D SystemServiceManager: onUnlockUser-0 com.android.server.NetworkScoreService$Lifecycle took to complete: 0ms
06-21 21:40:33.382  1298  1360 D SystemServiceManager: onUnlockUser-0 com.android.server.wifi.WifiService took to complete: 0ms
06-21 21:40:33.382  1298  1360 D SystemServiceManager: onUnlockUser-0 com.android.server.wifi.scanner.WifiScanningService took to complete: 0ms
06-21 21:40:33.382  1298  1360 D SystemServiceManager: onUnlockUser-0 com.android.server.wifi.p2p.WifiP2pService took to complete: 0ms
06-21 21:40:33.382  1298  1360 D SystemServiceManager: onUnlockUser-0 com.android.server.ethernet.EthernetService took to complete: 0ms
06-21 21:40:33.382  1298  1360 D SystemServiceManager: onUnlockUser-0 com.android.server.notification.NotificationManagerService took to complete: 0ms
06-21 21:40:33.382  1298  1360 D SystemServiceManager: onUnlockUser-0 com.android.server.storage.DeviceStorageMonitorService took to complete: 0ms
06-21 21:40:33.382  1298  1360 D SystemServiceManager: onUnlockUser-0 com.android.server.timedetector.TimeDetectorService$Lifecycle took to complete: 0ms
06-21 21:40:33.382  1298  1360 D SystemServiceManager: onUnlockUser-0 com.android.server.search.SearchManagerService$Lifecycle took to complete: 1ms
06-21 21:40:33.383  1298  1360 D SystemServiceManager: onUnlockUser-0 com.android.server.wallpaper.WallpaperManagerService$Lifecycle took to complete: 0ms
06-21 21:40:33.383  1298  1360 D SystemServiceManager: onUnlockUser-0 com.android.server.audio.AudioService$Lifecycle took to complete: 0ms
06-21 21:40:33.383  1298  1360 D SystemServiceManager: onUnlockUser-0 com.android.server.DockObserver took to complete: 0ms
06-21 21:40:33.383  1298  1360 D SystemServiceManager: onUnlockUser-0 com.android.server.midi.MidiService$Lifecycle took to complete: 0ms
06-21 21:40:33.383  1298  1360 D SystemServiceManager: onUnlockUser-0 com.android.server.adb.AdbService$Lifecycle took to complete: 0ms
06-21 21:40:33.384  1298  1360 D SystemServiceManager: onUnlockUser-0 com.android.server.usb.UsbService$Lifecycle took to complete: 1ms
06-21 21:40:33.384  1298  1360 D SystemServiceManager: onUnlockUser-0 com.android.server.twilight.TwilightService took to complete: 0ms
06-21 21:40:33.384  1298  1360 D SystemServiceManager: onUnlockUser-0 com.android.server.display.color.ColorDisplayService took to complete: 0ms
06-21 21:40:33.384  1298  1360 D SystemServiceManager: onUnlockUser-0 com.android.server.job.JobSchedulerService took to complete: 0ms
06-21 21:40:33.384  1298  1360 D SystemServiceManager: onUnlockUser-0 com.android.server.soundtrigger.SoundTriggerService took to complete: 0ms
06-21 21:40:33.384  1298  1360 D SystemServiceManager: onUnlockUser-0 com.android.server.trust.TrustManagerService took to complete: 0ms
06-21 21:40:33.384  1298  1360 D SystemServiceManager: onUnlockUser-0 com.android.server.backup.BackupManagerService$Lifecycle took to complete: 0ms
06-21 21:40:33.384  1298  1350 W Looper  : Drained
06-21 21:40:33.384  1298  1360 D SystemServiceManager: onUnlockUser-0 com.android.server.appwidget.AppWidgetService took to complete: 0ms
06-21 21:40:33.384  1298  1360 D SystemServiceManager: onUnlockUser-0 com.android.server.role.RoleManagerService took to complete: 0ms
06-21 21:40:33.385  1298  1360 W VoiceInteractionManagerService: no available voice interaction services found for user 0
06-21 21:40:33.385  1298  1360 W VoiceInteractionManagerService: no available voice recognition services found for user 0
06-21 21:40:33.385  1298  1360 D VoiceInteractionManagerService: initForUser(0) took to complete: 1ms
06-21 21:40:33.385  1298  1360 D VoiceInteractionManagerService: switchImplementation(0) took to complete: 0ms
06-21 21:40:33.385  1298  1360 D SystemServiceManager: onUnlockUser-0 com.android.server.voiceinteraction.VoiceInteractionManagerService took to complete: 1ms
06-21 21:40:33.385  1298  1360 D SystemServiceManager: onUnlockUser-0 com.android.server.GestureLauncherService took to complete: 0ms
06-21 21:40:33.385  1298  1360 D SystemServiceManager: onUnlockUser-0 com.android.server.SensorNotificationService took to complete: 0ms
06-21 21:40:33.385  1298  1360 D SystemServiceManager: onUnlockUser-0 com.android.server.ContextHubSystemService took to complete: 0ms
06-21 21:40:33.385  1298  1360 D SystemServiceManager: onUnlockUser-0 com.android.server.emergency.EmergencyAffordanceService took to complete: 0ms
06-21 21:40:33.385  1298  1360 D SystemServiceManager: onUnlockUser-0 com.android.server.dreams.DreamManagerService took to complete: 0ms
06-21 21:40:33.386  1298  1360 D SystemServiceManager: onUnlockUser-0 com.android.server.print.PrintManagerService took to complete: 1ms
06-21 21:40:33.386  1298  1360 D SystemServiceManager: onUnlockUser-0 com.android.server.companion.CompanionDeviceManagerService took to complete: 0ms
06-21 21:40:33.386  1298  1360 D SystemServiceManager: onUnlockUser-0 com.android.server.restrictions.RestrictionsManagerService took to complete: 0ms
06-21 21:40:33.386  1298  1493 I BackupManagerService: Starting service for user: 0
06-21 21:40:33.386  1298  1360 D SystemServiceManager: onUnlockUser-0 com.android.server.media.MediaSessionService took to complete: 0ms
06-21 21:40:33.386  1298  1360 D SystemServiceManager: onUnlockUser-0 com.android.server.hdmi.HdmiControlService took to complete: 0ms
06-21 21:40:33.386  1298  1360 D SystemServiceManager: onUnlockUser-0 com.android.server.media.MediaResourceMonitorService took to complete: 0ms
06-21 21:40:33.388  1298  1360 D SystemServiceManager: onUnlockUser-0 com.android.server.pm.ShortcutService$Lifecycle took to complete: 2ms
06-21 21:40:33.389  1298  1360 D SystemServiceManager: onUnlockUser-0 com.android.server.pm.LauncherAppsService took to complete: 0ms
06-21 21:40:33.389  1298  1360 D SystemServiceManager: onUnlockUser-0 com.android.server.pm.CrossProfileAppsService took to complete: 0ms
06-21 21:40:33.389  1298  1360 D SystemServiceManager: onUnlockUser-0 com.android.server.media.projection.MediaProjectionManagerService took to complete: 0ms
06-21 21:40:33.389  1298  1360 D SystemServiceManager: onUnlockUser-0 com.android.server.slice.SliceManagerService$Lifecycle took to complete: 0ms
06-21 21:40:33.389  1298  1360 D SystemServiceManager: onUnlockUser-0 com.android.server.camera.CameraServiceProxy took to complete: 0ms
06-21 21:40:33.389  1298  1360 D SystemServiceManager: onUnlockUser-0 com.android.server.stats.StatsCompanionService$Lifecycle took to complete: 0ms
06-21 21:40:33.389  1298  1360 D SystemServiceManager: onUnlockUser-0 com.android.server.incident.IncidentCompanionService took to complete: 0ms
06-21 21:40:33.389  1298  1360 D SystemServiceManager: onUnlockUser-0 com.android.server.MmsServiceBroker took to complete: 0ms
06-21 21:40:33.389  1298  1351 D AutofillUI: destroySaveUiUiThread(): already destroyed
06-21 21:40:33.389  1298  1360 D AutofillManagerServiceImpl: Reset component for user 0:
06-21 21:40:33.390  1298  1503 D DdcciManagerService-cfd: noteScreenBrightness, state:ON, brightness:183
06-21 21:40:33.390  1298  1360 D FieldClassificationStrategy: reset(): service is not bound. Do nothing.
06-21 21:40:33.390  1298  1360 D SystemServiceManager: onUnlockUser-0 com.android.server.autofill.AutofillManagerService took to complete: 1ms
06-21 21:40:33.390  1298  1360 D SystemServiceManager: onUnlockUser-0 com.android.server.clipboard.ClipboardService took to complete: 0ms
06-21 21:40:33.390  1298  1360 W AppBindingService: [Default SMS app] u0 Target package not found
06-21 21:40:33.390  1298  1360 D SystemServiceManager: onUnlockUser-0 com.android.server.appbinding.AppBindingService$Lifecycle took to complete: 0ms
06-21 21:40:33.390  1298  1360 D SystemServiceManager: onUnlockUser-0 com.android.server.policy.PermissionPolicyService took to complete: 0ms
06-21 21:40:33.390  1298  1360 D SystemServiceManager: ssm.unlockUser-0 took to complete: 32ms
06-21 21:40:33.390  1298  1360 D ActivityManager: UserController event: finishUserUnlocked(0)
06-21 21:40:33.390  1298  1360 I ActivityManager: User 0 state changed from RUNNING_UNLOCKING to RUNNING_UNLOCKED
06-21 21:40:33.391  1298  1360 I am_user_state_changed: [0,3]
06-21 21:40:33.391  1298  1360 D SystemServerTiming: SystemUserUnlock took to complete: 420ms
06-21 21:40:33.391  1298  1350 I ActivityTaskManager: Loading recents for user 0 into memory.
06-21 21:40:33.393  1298  1493 V BackupManagerService: Starting with transport com.android.localtransport/.LocalTransport
06-21 21:40:33.397  1298  1360 I am_uid_running: 1068
06-21 21:40:33.405  1298  1360 D ActivityManager: UserController event: finishUserUnlockedCompleted(0)
06-21 21:40:33.406  1298  1360 I ActivityManager: Posting BOOT_COMPLETED user #0
06-21 21:40:33.406  1298  1360 I sysui_multi_action: [757,804,799,framework_boot_completed,801,18,802,1]
06-21 21:40:33.407  1298  1352 I DropBoxManagerService: add tag=system_server_strictmode isTagEnabled=true flags=0x2
06-21 21:40:33.411  1298  1503 D DdcciManagerService-cfd: noteScreenBrightness, state:ON, brightness:186
06-21 21:40:33.417  1298  1298 V NotificationAssistants: disabling notification assistant for user 0: ComponentInfo{android.ext.services/android.ext.services.notification.Assistant}
06-21 21:40:33.417  1298  1298 D NotificationListeners: Removing active service ComponentInfo{android.ext.services/android.ext.services.notification.Assistant}
06-21 21:40:33.417  1298  1352 I DropBoxManagerService: add tag=system_server_strictmode isTagEnabled=true flags=0x2
06-21 21:40:33.425  1298  1352 I DropBoxManagerService: add tag=system_server_strictmode isTagEnabled=true flags=0x2
06-21 21:40:33.426  1298  1493 D BackupManagerService: Started thread backup-0 for user 0
06-21 21:40:33.430  1298  1503 D DdcciManagerService-cfd: noteScreenBrightness, state:ON, brightness:189
06-21 21:40:33.432  1298  1352 I DropBoxManagerService: add tag=system_server_strictmode isTagEnabled=true flags=0x2
06-21 21:40:33.435  1298  1298 V NotificationAssistants: enabling notification assistant for 0: ComponentInfo{android.ext.services/android.ext.services.notification.Assistant}
06-21 21:40:33.435  1298  1298 V NotificationAssistants: binding: Intent { act=android.service.notification.NotificationAssistantService cmp=android.ext.services/.notification.Assistant (has extras) }
06-21 21:40:33.438  1298  1298 V NotificationListeners: enabling notification listener for 0: ComponentInfo{com.android.launcher3/com.android.launcher3.notification.NotificationListener}
06-21 21:40:33.438  1298  1298 V NotificationListeners: binding: Intent { act=android.service.notification.NotificationListenerService cmp=com.android.launcher3/.notification.NotificationListener (has extras) }
06-21 21:40:33.439  1298  1352 I DropBoxManagerService: add tag=system_server_strictmode isTagEnabled=true flags=0x2
06-21 21:40:33.440  1298  1493 I service_manager_slow: [13,mount]
06-21 21:40:33.440  1298  1925 I am_finish_activity: [0,63138465,1,com.android.settings/.FallbackHome,app-request]
06-21 21:40:33.442  1298  1925 I am_pause_activity: [0,63138465,com.android.settings/.FallbackHome,userLeaving=false]
06-21 21:40:33.445  1759  1759 I am_on_top_resumed_lost_called: [0,com.android.settings.FallbackHome,topStateChangedWhenResumed]
06-21 21:40:33.446  1759  1759 I am_on_paused_called: [0,com.android.settings.FallbackHome,performPause]
06-21 21:40:33.447  1298  1925 I ActivityTaskManager: START u0 {act=android.intent.action.MAIN cat=[android.intent.category.HOME] flg=0x10000100 cmp=com.android.launcher3/.Launcher} from uid 0
06-21 21:40:33.448  1298  1352 I DropBoxManagerService: add tag=system_server_strictmode isTagEnabled=true flags=0x2
06-21 21:40:33.454  1298  1352 I chatty  : uid=1000(system) android.io identical 2 lines
06-21 21:40:33.455  1298  1925 I wm_task_created: [6,0]
06-21 21:40:33.457  1298  1925 I wm_task_moved: [6,0,2147483647]
06-21 21:40:33.457  1298  1352 I DropBoxManagerService: add tag=system_server_strictmode isTagEnabled=true flags=0x2
06-21 21:40:33.457  1298  1925 I am_create_task: [0,6]
06-21 21:40:33.457  1298  1925 I am_create_activity: [0,246740490,6,com.android.launcher3/.Launcher,android.intent.action.MAIN,NULL,NULL,268435712]
06-21 21:40:33.458  1298  1925 I wm_task_moved: [6,0,2147483647]
06-21 21:40:33.461  1298  1503 D DdcciManagerService-cfd: noteScreenBrightness, state:ON, brightness:195
06-21 21:40:33.463  1298  1352 I DropBoxManagerService: add tag=system_server_strictmode isTagEnabled=true flags=0x2
06-21 21:40:33.463  1298  1925 I ActivityTaskManager: The Process com.android.launcher3 Already Exists in BG. So sending its PID: 1830
06-21 21:40:33.463  1298  1925 D WindowManager: req=-1
06-21 21:40:33.464  1298  1925 D WindowManager: req=-1
06-21 21:40:33.465  1298  1925 I am_restart_activity: [0,246740490,6,com.android.launcher3/.Launcher]
06-21 21:40:33.466  1298  1925 I am_set_resumed_activity: [0,com.android.launcher3/.Launcher,minimalResumeActivityLocked]
06-21 21:40:33.480  1298  1353 I dvm_lock_sample: [system_server,1,android.display,35,ActivityManagerService.java,18173,void com.android.server.am.ActivityManagerService$LocalService.updateCpuStats(),-,14201,void com.android.server.am.ActivityManagerService.serviceDoneExecuting(android.os.IBinder, int, int, int),7]
06-21 21:40:33.481  1298  1361 W ActivityManager: Slow operation: 85ms so far, now at startProcess: done updating battery stats
06-21 21:40:33.481  1298  1361 I am_proc_start: [0,2142,1000,com.callback.emv,added application,com.callback.emv]
06-21 21:40:33.481  1298  1361 W ActivityManager: Slow operation: 85ms so far, now at startProcess: building log message
06-21 21:40:33.481  1298  1361 I ActivityManager: Start proc 2142:com.callback.emv/1000 for added application com.callback.emv
06-21 21:40:33.481  1298  1361 W ActivityManager: Slow operation: 85ms so far, now at startProcess: starting to update pids map
06-21 21:40:33.481  1298  1361 W ActivityManager: Slow operation: 86ms so far, now at startProcess: done updating pids map
06-21 21:40:33.482  1298  1361 W ActivityManager: Slow operation: 86ms so far, now at startProcess: asking zygote to start proc
06-21 21:40:33.484  1298  1359 I dvm_lock_sample: [system_server,0,android.bg,27,ActivityManagerService.java,1962,void com.android.server.am.ActivityManagerService$5.handleMessage(android.os.Message),-,14157,int com.android.server.am.ActivityManagerService.bindIsolatedService(android.app.IApplicationThread, android.os.IBinder, android.content.Intent, java.lang.String, android.app.IServiceConnection, int, java.lang.String, java.lang.String, int),5]
06-21 21:40:33.484  1298  1359 I am_meminfo: [633339904,1906081792,0,184967168,480735232]
06-21 21:40:33.489  1298  1350 I AppWidgetServiceImpl: Processing of handleUserUnlocked u0 took 83 ms
06-21 21:40:33.498  1298  1503 D DdcciManagerService-cfd: noteScreenBrightness, state:ON, brightness:198
06-21 21:40:33.498  1298  1369 D DisplayPowerController: DisplayPowerController autoBrightnessEnabled: false
06-21 21:40:33.498  1298  1369 D DisplayPowerController: Adjust auto-brightness: -1
06-21 21:40:33.504  1298  1359 I am_pss  : [1889,10058,android.ext.services,10721280,3727360,0,95150080,2,6,9]
06-21 21:40:33.508  1298  1353 I sysui_multi_action: [757,803,799,window_time_0,802,5]
06-21 21:40:33.520  1298  1503 D DdcciManagerService-cfd: noteScreenBrightness, state:ON, brightness:204
06-21 21:40:33.520  1298  1361 W ActivityManager: Slow operation: 124ms so far, now at startProcess: returned from zygote!
06-21 21:40:33.520  1298  1361 W ActivityManager: Slow operation: 124ms so far, now at startProcess: done updating battery stats
06-21 21:40:33.520  1298  1361 I am_proc_start: [0,2169,1000,com.callback.kms,added application,com.callback.kms]
06-21 21:40:33.520  1298  1361 W ActivityManager: Slow operation: 125ms so far, now at startProcess: building log message
06-21 21:40:33.520  1298  1361 I ActivityManager: Start proc 2169:com.callback.kms/1000 for added application com.callback.kms
06-21 21:40:33.520  1298  1361 W ActivityManager: Slow operation: 125ms so far, now at startProcess: starting to update pids map
06-21 21:40:33.521  1298  1361 W ActivityManager: Slow operation: 125ms so far, now at startProcess: done updating pids map
06-21 21:40:33.521  1298  1361 W ActivityManager: Slow operation: 124ms so far, now at startProcess: asking zygote to start proc
06-21 21:40:33.521  1298  1359 I am_pss  : [1507,1002,com.android.bluetooth,23831552,15634432,0,119390208,2,0,7]
06-21 21:40:33.534  1298  1925 I am_proc_bound: [0,2142,com.callback.emv]
06-21 21:40:33.534  1298  1493 E BackupPasswordManager: Unable to read backup pw version
06-21 21:40:33.535  1298  1493 E BackupPasswordManager: Unable to read saved backup pw hash
06-21 21:40:33.546  1298  1503 D DdcciManagerService-cfd: noteScreenBrightness, state:ON, brightness:206
06-21 21:40:33.551  1298  1359 I am_pss  : [1929,10110,com.android.inputmethod.latin,18109440,8220672,0,118255616,2,8,7]
06-21 21:40:33.557  1298  1361 W ActivityManager: Slow operation: 160ms so far, now at startProcess: returned from zygote!
06-21 21:40:33.557  1298  1361 W ActivityManager: Slow operation: 160ms so far, now at startProcess: done updating battery stats
06-21 21:40:33.557  1298  1361 I am_proc_start: [0,2196,1068,com.android.se,added application,com.android.se]
06-21 21:40:33.557  1298  1361 W ActivityManager: Slow operation: 160ms so far, now at startProcess: building log message
06-21 21:40:33.557  1298  1361 I ActivityManager: Start proc 2196:com.android.se/1068 for added application com.android.se
06-21 21:40:33.557  1298  1361 W ActivityManager: Slow operation: 160ms so far, now at startProcess: starting to update pids map
06-21 21:40:33.557  1298  1361 W ActivityManager: Slow operation: 161ms so far, now at startProcess: done updating pids map
