07-21 20:37:46.892     0     0 I         : @@@ rc = 0, camera_sid = 0x10, eeprom_reg_addr = 0x0b , eeprom_reg_value = 0x31
07-21 20:37:46.892     0     0 I         : @@@ rc = 0, camera_sid = 0x10, eeprom_reg_addr = 0x0c , eeprom_reg_value = 0x32
07-21 20:37:46.895   638   638 I liblog  : 788
07-21 20:37:46.971     0     0 E mdss_mdp_cxipeak_vote: cxipeak api fail ret:-22 set_vote :0 new_rate:150000000 prev_rate:412500000
07-21 20:37:46.971     0     0 I mdss_dsi_on-:  
07-21 20:37:46.988     0     0 I input   : sdm660-snd-card-i40 Headset Jack as /devices/platform/soc/soc:qcom,msm-audio-apr/soc:qcom,msm-audio-apr:qcom,q6core-audio/soc:qcom,msm-audio-apr:qcom,q6core-audio:sound/sound/card0/input4
07-21 20:37:46.989     0     0 I input   : sdm660-snd-card-i40 Button Jack as /devices/platform/soc/soc:qcom,msm-audio-apr/soc:qcom,msm-audio-apr:qcom,q6core-audio/soc:qcom,msm-audio-apr:qcom,q6core-audio:sound/sound/card0/input5
07-21 20:37:46.989     0     0 I MSM-CPP cpp_release_hardware: 1216 cpp hw release done
07-21 20:37:46.995   638   638 D TelephonyManager: No /proc/cmdline exception=java.io.FileNotFoundException: /proc/cmdline: open failed: EACCES (Permission denied)
07-21 20:37:46.995   638   638 D TelephonyManager: /proc/cmdline=
07-21 20:37:46.998     0     0 I msm_pm_qos_update_request: update request -1
07-21 20:37:46.998     0     0 I msm_pm_qos_add_request: add request
07-21 20:37:47.010     0     0 I msm_pm_qos_update_request: update request 100
07-21 20:37:47.010     0     0 I msm_pm_qos_add_request: add request
07-21 20:37:47.017     0     0 I MSM-CPP cpp_init_hardware: 1135 CPP HW Version: 0x60010002
07-21 20:37:47.017     0     0 E MSM-CPP cpp_init_hardware: 1153 stream_cnt:0
07-21 20:37:47.064     0     0 I msm_csid_init: CSID_VERSION = 0x30050000
07-21 20:37:47.065     0     0 E         : msm_csid_irq CSID0_IRQ_STATUS_ADDR = 0x800
07-21 20:37:47.105     0     0 I msm_cci_init: 1440: hw_version = 0x10060000
07-21 20:37:47.105     0     0 I         : @@@ original_sid = 0x10, valid_flag = 0x01, eeprom_version = 0x01, checksum = 0x03
07-21 20:37:47.105     0     0 I         : @@@ rc = 0, camera_sid = 0x10, eeprom_reg_addr = 0x03 , eeprom_reg_value = 0x32
07-21 20:37:47.106     0     0 I         : @@@ rc = 0, camera_sid = 0x10, eeprom_reg_addr = 0x04 , eeprom_reg_value = 0x30
07-21 20:37:47.106     0     0 I         : @@@ rc = 0, camera_sid = 0x10, eeprom_reg_addr = 0x05 , eeprom_reg_value = 0x32
07-21 20:37:47.106     0     0 I         : @@@ rc = 0, camera_sid = 0x10, eeprom_reg_addr = 0x06 , eeprom_reg_value = 0x30
07-21 20:37:47.106     0     0 I         : @@@ rc = 0, camera_sid = 0x10, eeprom_reg_addr = 0x07 , eeprom_reg_value = 0x30
07-21 20:37:47.106     0     0 I         : @@@ rc = 0, camera_sid = 0x10, eeprom_reg_addr = 0x08 , eeprom_reg_value = 0x38
07-21 20:37:47.106     0     0 I         : @@@ rc = 0, camera_sid = 0x10, eeprom_reg_addr = 0x09 , eeprom_reg_value = 0x30
07-21 20:37:47.107     0     0 I         : @@@ rc = 0, camera_sid = 0x10, eeprom_reg_addr = 0x0a , eeprom_reg_value = 0x38
07-21 20:37:47.107     0     0 I         : @@@ rc = 0, camera_sid = 0x10, eeprom_reg_addr = 0x0b , eeprom_reg_value = 0x31
07-21 20:37:47.107     0     0 I         : @@@ rc = 0, camera_sid = 0x10, eeprom_reg_addr = 0x0c , eeprom_reg_value = 0x32
07-21 20:37:47.200     0     0 I MSM-CPP cpp_release_hardware: 1216 cpp hw release done
07-21 20:37:47.209     0     0 I msm_pm_qos_update_request: update request -1
07-21 20:37:47.209     0     0 I msm_pm_qos_add_request: add request
07-21 20:37:47.218     0     0 I msm_pm_qos_update_request: update request 100
07-21 20:37:47.218     0     0 I msm_pm_qos_add_request: add request
07-21 20:37:47.224     0     0 I MSM-CPP cpp_init_hardware: 1135 CPP HW Version: 0x60010002
07-21 20:37:47.224     0     0 E MSM-CPP cpp_init_hardware: 1153 stream_cnt:0
07-21 20:37:47.227     0     0 I mdss_fb_start_disp_thread: mdss_fb_blank_unblank+0x1ac/0x340: start display thread fb0
07-21 20:37:47.228     0     0 I sn65dsi86_dsi2edp_enable_early: start
07-21 20:37:47.228     0     0 I sn65dsi86_dsi2edp_panel_enable: set to 1
07-21 20:37:47.283     0     0 I msm_csid_init: CSID_VERSION = 0x30050000
07-21 20:37:47.283     0     0 E         : msm_csid_irq CSID0_IRQ_STATUS_ADDR = 0x800
07-21 20:37:47.323     0     0 I msm_cci_init: 1440: hw_version = 0x10060000
07-21 20:37:47.324     0     0 I         : @@@ original_sid = 0x10, valid_flag = 0x01, eeprom_version = 0x01, checksum = 0x03
07-21 20:37:47.324     0     0 I         : @@@ rc = 0, camera_sid = 0x10, eeprom_reg_addr = 0x03 , eeprom_reg_value = 0x32
07-21 20:37:47.324     0     0 I         : @@@ rc = 0, camera_sid = 0x10, eeprom_reg_addr = 0x04 , eeprom_reg_value = 0x30
07-21 20:37:47.324     0     0 I         : @@@ rc = 0, camera_sid = 0x10, eeprom_reg_addr = 0x05 , eeprom_reg_value = 0x32
07-21 20:37:47.324     0     0 I         : @@@ rc = 0, camera_sid = 0x10, eeprom_reg_addr = 0x06 , eeprom_reg_value = 0x30
07-21 20:37:47.324     0     0 I         : @@@ rc = 0, camera_sid = 0x10, eeprom_reg_addr = 0x07 , eeprom_reg_value = 0x30
07-21 20:37:47.325     0     0 I         : @@@ rc = 0, camera_sid = 0x10, eeprom_reg_addr = 0x08 , eeprom_reg_value = 0x38
07-21 20:37:47.325     0     0 I         : @@@ rc = 0, camera_sid = 0x10, eeprom_reg_addr = 0x09 , eeprom_reg_value = 0x30
07-21 20:37:47.325     0     0 I         : @@@ rc = 0, camera_sid = 0x10, eeprom_reg_addr = 0x0a , eeprom_reg_value = 0x38
07-21 20:37:47.325     0     0 I         : @@@ rc = 0, camera_sid = 0x10, eeprom_reg_addr = 0x0b , eeprom_reg_value = 0x31
07-21 20:37:47.325     0     0 I         : @@@ rc = 0, camera_sid = 0x10, eeprom_reg_addr = 0x0c , eeprom_reg_value = 0x32
07-21 20:37:47.367     0     0 I sn65dsi86_dsi2edp_enable_early: done
07-21 20:37:47.367     0     0 I sn65dsi86_dsi2edp_enable_lately: start for first time
07-21 20:37:47.367     0     0 I sn65dsi86_dsi2edp_enable_lately: start
07-21 20:37:47.418     0     0 I MSM-CPP cpp_release_hardware: 1216 cpp hw release done
07-21 20:37:47.426     0     0 I msm_pm_qos_update_request: update request -1
07-21 20:37:47.426     0     0 I msm_pm_qos_add_request: add request
07-21 20:37:47.696     0     0 E         : msm_qti_pp_get_rms_value_control, back not active to query rms be_idx:3
07-21 20:37:47.710     0     0 I core_get_license_status: cmdrsp_license_result.result = 0x15 for module 0x131ff
07-21 20:37:47.711     0     0 E msm-ext-disp-audio-codec-rx soc: qcom,msm-ext-disp:qcom,msm-ext-disp-audio-codec-rx: msm_ext_disp_audio_type_get: Display cable disconnected
07-21 20:37:47.711     0     0 E msm-ext-disp-audio-codec-rx soc: qcom,msm-ext-disp:qcom,msm-ext-disp-audio-codec-rx: msm_ext_disp_audio_type_get: Display cable disconnected
07-21 20:37:47.732     0     0 E         : msm_pcm_path_latency_ctl_get substream runtime not found
07-21 20:37:47.743     0     0 I chatty  : uid=0(root) logd identical 4 lines
07-21 20:37:47.748     0     0 E         : msm_pcm_path_latency_ctl_get substream runtime not found
07-21 20:37:47.797     0     0 I sn65dsi86_dsi2edp_enable_lately_2nd_part: start
07-21 20:37:47.877     0     0 I sn65dsi86_dsi2edp_enable: DP_PLL_LOCK=85(LOCK)
07-21 20:37:48.007     0     0 I sn65dsi86_dsi2edp_enable_lately_2nd_part: DisplayPort Link Semi-Auto train Success!!
07-21 20:37:48.065     0     0 E         : msm_qti_pp_get_rms_value_control, back not active to query rms be_idx:3
07-21 20:37:48.084     0     0 I service-notifier: root_service_service_ind_cb: Indication received from msm/modem/wlan_pd, state: 0x1fffffff, trans-id: 1
07-21 20:37:48.085     0     0 I service-notifier: send_ind_ack: Indication ACKed for transid 1, service msm/modem/wlan_pd, instance 180!
07-21 20:37:48.085     0     0 I core_get_license_status: cmdrsp_license_result.result = 0x15 for module 0x131ff
07-21 20:37:48.086     0     0 I icnss_qmi: QMI Server Connected: state: 0x980
07-21 20:37:48.087     0     0 E msm-ext-disp-audio-codec-rx soc: qcom,msm-ext-disp:qcom,msm-ext-disp-audio-codec-rx: msm_ext_disp_audio_type_get: Display cable disconnected
07-21 20:37:48.087     0     0 E msm-ext-disp-audio-codec-rx soc: qcom,msm-ext-disp:qcom,msm-ext-disp-audio-codec-rx: msm_ext_disp_audio_type_get: Display cable disconnected
07-21 20:37:48.110     0     0 E         : msm_pcm_path_latency_ctl_get substream runtime not found
07-21 20:37:48.121     0     0 I chatty  : uid=0(root) logd identical 4 lines
07-21 20:37:48.127     0     0 E         : msm_pcm_path_latency_ctl_get substream runtime not found
07-21 20:37:48.147   638   638 I boot_progress_preload_end: 15340
07-21 20:37:48.161     0     0 I init    : processing action (init.svc.mediadrm=running) from (/vendor/etc/init/android.hardware.drm@1.2-service-lazy.widevine.rc:1)
07-21 20:37:48.191     0     0 I init    : Service 'vendor.port-bridge' (pid 981) exited with status 1
07-21 20:37:48.192     0     0 I init    : Service 'nqnfcinfo' (pid 986) exited with status 1
07-21 20:37:48.192     0     0 I init    : Service 'usbd' (pid 1007) exited with status 0
07-21 20:37:48.323     0     0 E HVDCP2  : Not valid charger for hvdcp2.
07-21 20:37:48.323     0     0 E hvdcpd  : Not valid charger for hvdcp3.
07-21 20:37:48.324     0     0 E THERM-BALANCE: Parallel PSY entry not found.
07-21 20:37:48.325     0     0 E CTM     : file connector_health does not exist in /sys/class/power_supply/usb/
07-21 20:37:48.325     0     0 E CTM     : Couldn't read connector_health from /sys/class/power_supply/parallel/
07-21 20:37:48.325     0     0 E CP      : charge_pump missing
07-21 20:37:48.325     0     0 E SOH-D   : SOH file not exposed, disable SOH
07-21 20:37:48.326     0     0 E PPS     : Registered PPS
07-21 20:37:48.326     0     0 E STD-PD  : Registered STD_PD
07-21 20:37:48.347     0     0 I sn65dsi86_dsi2edp_print_status:  
07-21 20:37:48.347     0     0 I sn65dsi86: f0:       0
07-21 20:37:48.348     0     0 I sn65dsi86: f1:       0
07-21 20:37:48.350     0     0 I sn65dsi86: f2:       0
07-21 20:37:48.351     0     0 I sn65dsi86: f3:       0
07-21 20:37:48.352     0     0 I sn65dsi86: f4:       1
07-21 20:37:48.353     0     0 I sn65dsi86: f5:       0
07-21 20:37:48.354     0     0 I sn65dsi86: f6:       0
07-21 20:37:48.355     0     0 I init    : processing action (sys.usb.config=diag,adb && sys.usb.configfs=1 && sys.usb.ffs.ready=1) from (/vendor/etc/init/hw/init.msm.usb.configfs.rc:82)
07-21 20:37:48.355     0     0 I sn65dsi86: f7:       0
07-21 20:37:48.356     0     0 I init    : Received control message 'start' for 'mdnsd' from pid: 888 (/system/bin/adbd --root_seclabel=u:r:su:s0)
07-21 20:37:48.356     0     0 I init    : starting service 'mdnsd'...
07-21 20:37:48.357     0     0 I sn65dsi86: f8:       1
07-21 20:37:48.358     0     0 I sn65dsi86_dsi2edp_enable_lately_2nd_part: end
07-21 20:37:48.358     0     0 I sn65dsi86_dsi2edp_enable_lately: end
07-21 20:37:48.358     0     0 I mdss_dsi_on-:  
07-21 20:37:48.359     0     0 I mdss_dp_wta_hpd: hpd=0 cable_connected=false
07-21 20:37:48.359     0     0 E mdss_dp_notify_clients: Invalid request NOTIFY_UNKNOWN --> NOTIFY_DISCONNECT
07-21 20:37:48.359   905   905 I imsrcsd : Uce Service HAL  loading imsrcsbaseimpl
07-21 20:37:48.359     0     0 I init    : Created socket '/dev/socket/mdnsd', mode 660, user 1020, group 3003
07-21 20:37:48.360     0     0 I mdss_dp_wta_hpd: hpd=1 cable_connected=false
07-21 20:37:48.362     0     0 I init    : Service 'bpfloader' (pid 908) exited with status 0
07-21 20:37:48.363     0     0 I init    : Received control message 'interface_start' for 'android.hardware.camera.provider@2.4::ICameraProvider/legacy/0' from pid: 497 (/system/bin/hwservicemanager)
07-21 20:37:48.413     0     0 E [RMNET:HI] rmnet_config_notify_cb(): Kernel is trying to unregister ipsec_test
07-21 20:37:48.415     0     0 E wcdcal_hwdep_ioctl_shared: codec didn't set this 0!!
07-21 20:37:48.415     0     0 E wcdcal_hwdep_ioctl_shared: codec didn't set this 3!!
07-21 20:37:48.442   905   905 I imsrcsd : Starting Service for First Time imsbaseimpl
07-21 20:37:48.444   905   905 I ServiceManagement: Registered com.qualcomm.qti.uceservice@2.2::IUceService/com.qualcomm.qti.uceservice (start delay of 2586ms)
07-21 20:37:48.444   905   905 I imsrcsd : ImsRcsBaseImpl CM_IMSCONNECTIONMANAGER_CREATE_CONNECTION Before Registering Service
07-21 20:37:48.445   905   905 I ServiceManagement: Registered com.qualcomm.qti.imscmservice@2.2::IImsCmService/qti.ims.connectionmanagerservice (start delay of 2587ms)
07-21 20:37:48.445   905   905 I imsrcsd : ImsRcsBaseImpl CM_IMSCONNECTIONMANAGER_CREATE_CONNECTION After Registering Service
07-21 20:37:48.447   905   905 I ServiceManagement: Registered vendor.qti.ims.callinfo@1.0::IService/default (start delay of 2590ms)
07-21 20:37:48.447   905   905 I imsrcsd : ImsRcsBaseImpl ImsCallInfo After Registering Service
07-21 20:37:48.448   905   905 I ServiceManagement: Registered vendor.qti.ims.factory@1.0::IImsFactory/default (start delay of 2591ms)
07-21 20:37:48.448   905   905 I imsrcsd : ImsRcsBaseImpl : Successfully registered ImsFactory
07-21 20:37:48.457     0     0 E [RMNET:HI] rmnet_config_notify_cb(): Kernel is trying to unregister ipsec_test
07-21 20:37:48.461   677   677 I auditd  : type=1400 audit(0.0:9): avc: denied { read } for comm="HwBinder:677_2" name="u:object_r:default_prop:s0" dev="tmpfs" ino=17102 scontext=u:r:hal_audio_default:s0 tcontext=u:object_r:default_prop:s0 tclass=file permissive=0
07-21 20:37:48.496     0     0 I android_work: did not send uevent (0 0 0000000000000000)
07-21 20:37:48.506  1266  1266 I SystemServer: InitBeforeStartServices
07-21 20:37:48.518     0     0 I capability: warning: `msm_irqbalance' uses 32-bit capabilities (legacy support in use)
07-21 20:37:48.523  1266  1266 I system_server_start: [1,15610,15610]
07-21 20:37:48.524  1266  1266 I SystemServer: Entered the Android system server!
07-21 20:37:48.524  1266  1266 I boot_progress_system_run: 15717
07-21 20:37:48.524  1266  1266 I sysui_multi_action: [757,804,799,boot_system_server_init,801,15717,802,1]
07-21 20:37:48.597     0     0 I msm-dwc3 c200000.hsusb: Avail curr from USB = 100
07-21 20:37:48.685     0     0 I android_work: sent uevent USB_STATE=CONNECTED
07-21 20:37:48.753     0     0 I configfs-gadget gadget: high-speed config #1: b
07-21 20:37:48.753     0     0 I diag    : USB channel diag: Received Connect event
07-21 20:37:48.753     0     0 I msm-dwc3 c200000.hsusb: Avail curr from USB = 500
07-21 20:37:48.753     0     0 I android_work: sent uevent USB_STATE=CONFIGURED
07-21 20:37:48.916  1266  1266 D SystemServerTiming: InitBeforeStartServices took to complete: 410ms
07-21 20:37:48.916  1266  1266 I SystemServer: StartServices
07-21 20:37:48.916  1266  1266 I SystemServer: StartWatchdog
07-21 20:37:48.917   497   497 I auditd  : avc:  denied  { find } for interface=vendor.qti.hardware.slmadapter::ISlmAdapter sid=u:r:cnd:s0 pid=976 scontext=u:r:cnd:s0 tcontext=u:object_r:default_android_hwservice:s0 tclass=hwservice_manager permissive=0
07-21 20:37:48.940  1266  1266 D SystemServerTiming: StartWatchdog took to complete: 24ms
07-21 20:37:48.940  1266  1266 I SystemServer: Reading configuration...
07-21 20:37:48.940  1266  1266 I SystemServer: ReadingSystemConfig
07-21 20:37:48.941  1266  1266 D SystemServerTiming: ReadingSystemConfig took to complete: 0ms
07-21 20:37:48.941  1266  1266 I SystemServer: StartInstaller
07-21 20:37:48.941  1266  1266 I SystemServiceManager: Starting com.android.server.pm.Installer
07-21 20:37:48.941  1266  1381 D SystemServerInitThreadPool: Started executing ReadingSystemConfig
07-21 20:37:48.956  1266  1266 D SystemServerTiming: StartInstaller took to complete: 16ms
07-21 20:37:48.956  1266  1266 I SystemServer: DeviceIdentifiersPolicyService
07-21 20:37:48.956  1266  1266 I SystemServiceManager: Starting com.android.server.os.DeviceIdentifiersPolicyService
07-21 20:37:48.957  1266  1266 D SystemServerTiming: DeviceIdentifiersPolicyService took to complete: 1ms
07-21 20:37:48.957  1266  1266 I SystemServer: UriGrantsManagerService
07-21 20:37:48.957  1266  1266 I SystemServiceManager: Starting com.android.server.uri.UriGrantsManagerService$Lifecycle
07-21 20:37:48.968  1266  1266 D SystemServerTiming: UriGrantsManagerService took to complete: 11ms
07-21 20:37:48.968  1266  1266 I SystemServer: StartActivityManager
07-21 20:37:48.968  1266  1266 I SystemServiceManager: Starting com.android.server.wm.ActivityTaskManagerService$Lifecycle
07-21 20:37:48.985  1266  1266 I SystemServiceManager: Starting com.android.server.am.ActivityManagerService$Lifecycle
07-21 20:37:49.010  1266  1266 I ActivityManager: dalvik.vm.heapgrowthlimit=256m
07-21 20:37:49.010  1266  1266 I ActivityManager: dalvik.vm.heapsize=512m
07-21 20:37:49.010  1266  1266 I ActivityManager: persist.vendor.dalvik.vm.heapglimit=
07-21 20:37:49.010  1266  1266 I ActivityManager: persist.vendor.dalvik.vm.heapsize=
07-21 20:37:49.010  1266  1266 I ActivityManager: Memory class: 256
07-21 20:37:49.021  1266  1381 W SystemConfig: No directory /product/etc/sysconfig, skipping
07-21 20:37:49.024  1266  1266 D BatteryStatsImpl: Reading daily items from /data/system/batterystats-daily.xml
07-21 20:37:49.027  1266  1266 E BatteryStatsImpl: Error reading battery statistics
07-21 20:37:49.027  1266  1266 E BatteryStatsImpl: java.io.FileNotFoundException: /data/system/batterystats.bin: open failed: ENOENT (No such file or directory)
07-21 20:37:49.027  1266  1266 E BatteryStatsImpl: 	at libcore.io.IoBridge.open(IoBridge.java:496)
07-21 20:37:49.027  1266  1266 E BatteryStatsImpl: 	at java.io.FileInputStream.<init>(FileInputStream.java:159)
07-21 20:37:49.027  1266  1266 E BatteryStatsImpl: 	at com.android.internal.os.AtomicFile.openRead(AtomicFile.java:157)
07-21 20:37:49.027  1266  1266 E BatteryStatsImpl: 	at com.android.internal.os.AtomicFile.readFully(AtomicFile.java:162)
07-21 20:37:49.027  1266  1266 E BatteryStatsImpl: 	at com.android.internal.os.BatteryStatsImpl.readLocked(BatteryStatsImpl.java:13338)
07-21 20:37:49.027  1266  1266 E BatteryStatsImpl: 	at com.android.server.am.ActivityManagerService.<init>(ActivityManagerService.java:2538)
07-21 20:37:49.027  1266  1266 E BatteryStatsImpl: 	at com.android.server.am.ActivityManagerService$Lifecycle.<init>(ActivityManagerService.java:2238)
07-21 20:37:49.027  1266  1266 E BatteryStatsImpl: 	at java.lang.reflect.Constructor.newInstance0(Native Method)
07-21 20:37:49.027  1266  1266 E BatteryStatsImpl: 	at java.lang.reflect.Constructor.newInstance(Constructor.java:343)
07-21 20:37:49.027  1266  1266 E BatteryStatsImpl: 	at com.android.server.SystemServiceManager.startService(SystemServiceManager.java:102)
07-21 20:37:49.027  1266  1266 E BatteryStatsImpl: 	at com.android.server.am.ActivityManagerService$Lifecycle.startService(ActivityManagerService.java:2244)
07-21 20:37:49.027  1266  1266 E BatteryStatsImpl: 	at com.android.server.SystemServer.startBootstrapServices(SystemServer.java:671)
07-21 20:37:49.027  1266  1266 E BatteryStatsImpl: 	at com.android.server.SystemServer.run(SystemServer.java:521)
07-21 20:37:49.027  1266  1266 E BatteryStatsImpl: 	at com.android.server.SystemServer.main(SystemServer.java:357)
07-21 20:37:49.027  1266  1266 E BatteryStatsImpl: 	at java.lang.reflect.Method.invoke(Native Method)
07-21 20:37:49.027  1266  1266 E BatteryStatsImpl: 	at com.android.internal.os.RuntimeInit$MethodAndArgsCaller.run(RuntimeInit.java:492)
07-21 20:37:49.027  1266  1266 E BatteryStatsImpl: 	at com.android.internal.os.ZygoteInit.main(ZygoteInit.java:913)
07-21 20:37:49.027  1266  1266 E BatteryStatsImpl: Caused by: android.system.ErrnoException: open failed: ENOENT (No such file or directory)
07-21 20:37:49.027  1266  1266 E BatteryStatsImpl: 	at libcore.io.Linux.open(Native Method)
07-21 20:37:49.027  1266  1266 E BatteryStatsImpl: 	at libcore.io.ForwardingOs.open(ForwardingOs.java:167)
07-21 20:37:49.027  1266  1266 E BatteryStatsImpl: 	at libcore.io.BlockGuardOs.open(BlockGuardOs.java:252)
07-21 20:37:49.027  1266  1266 E BatteryStatsImpl: 	at libcore.io.IoBridge.open(IoBridge.java:482)
07-21 20:37:49.027  1266  1266 E BatteryStatsImpl: 	... 16 more
07-21 20:37:49.028  1266  1266 E BatteryStatsImpl: Error reading battery history
07-21 20:37:49.028  1266  1266 E BatteryStatsImpl: java.io.FileNotFoundException: /data/system/battery-history/0.bin: open failed: ENOENT (No such file or directory)
07-21 20:37:49.028  1266  1266 E BatteryStatsImpl: 	at libcore.io.IoBridge.open(IoBridge.java:496)
07-21 20:37:49.028  1266  1266 E BatteryStatsImpl: 	at java.io.FileInputStream.<init>(FileInputStream.java:159)
07-21 20:37:49.028  1266  1266 E BatteryStatsImpl: 	at com.android.internal.os.AtomicFile.openRead(AtomicFile.java:157)
07-21 20:37:49.028  1266  1266 E BatteryStatsImpl: 	at com.android.internal.os.AtomicFile.readFully(AtomicFile.java:162)
07-21 20:37:49.028  1266  1266 E BatteryStatsImpl: 	at com.android.internal.os.BatteryStatsImpl.readLocked(BatteryStatsImpl.java:13357)
07-21 20:37:49.028  1266  1266 E BatteryStatsImpl: 	at com.android.server.am.ActivityManagerService.<init>(ActivityManagerService.java:2538)
07-21 20:37:49.028  1266  1266 E BatteryStatsImpl: 	at com.android.server.am.ActivityManagerService$Lifecycle.<init>(ActivityManagerService.java:2238)
07-21 20:37:49.028  1266  1266 E BatteryStatsImpl: 	at java.lang.reflect.Constructor.newInstance0(Native Method)
07-21 20:37:49.028  1266  1266 E BatteryStatsImpl: 	at java.lang.reflect.Constructor.newInstance(Constructor.java:343)
07-21 20:37:49.028  1266  1266 E BatteryStatsImpl: 	at com.android.server.SystemServiceManager.startService(SystemServiceManager.java:102)
07-21 20:37:49.028  1266  1266 E BatteryStatsImpl: 	at com.android.server.am.ActivityManagerService$Lifecycle.startService(ActivityManagerService.java:2244)
07-21 20:37:49.028  1266  1266 E BatteryStatsImpl: 	at com.android.server.SystemServer.startBootstrapServices(SystemServer.java:671)
07-21 20:37:49.028  1266  1266 E BatteryStatsImpl: 	at com.android.server.SystemServer.run(SystemServer.java:521)
07-21 20:37:49.028  1266  1266 E BatteryStatsImpl: 	at com.android.server.SystemServer.main(SystemServer.java:357)
07-21 20:37:49.028  1266  1266 E BatteryStatsImpl: 	at java.lang.reflect.Method.invoke(Native Method)
07-21 20:37:49.028  1266  1266 E BatteryStatsImpl: 	at com.android.internal.os.RuntimeInit$MethodAndArgsCaller.run(RuntimeInit.java:492)
07-21 20:37:49.028  1266  1266 E BatteryStatsImpl: 	at com.android.internal.os.ZygoteInit.main(ZygoteInit.java:913)
07-21 20:37:49.028  1266  1266 E BatteryStatsImpl: Caused by: android.system.ErrnoException: open failed: ENOENT (No such file or directory)
07-21 20:37:49.028  1266  1266 E BatteryStatsImpl: 	at libcore.io.Linux.open(Native Method)
07-21 20:37:49.028  1266  1266 E BatteryStatsImpl: 	at libcore.io.ForwardingOs.open(ForwardingOs.java:167)
07-21 20:37:49.028  1266  1266 E BatteryStatsImpl: 	at libcore.io.BlockGuardOs.open(BlockGuardOs.java:252)
07-21 20:37:49.028  1266  1266 E BatteryStatsImpl: 	at libcore.io.IoBridge.open(IoBridge.java:482)
07-21 20:37:49.028  1266  1266 E BatteryStatsImpl: 	... 16 more
07-21 20:37:49.033  1266  1388 E BatteryExternalStatsWorker: no controller energy info supplied for telephony
07-21 20:37:49.036  1266  1388 I KernelCpuUidFreqTimeReader: mPerClusterTimesAvailable=true
07-21 20:37:49.039  1266  1388 E KernelCpuSpeedReader: Failed to read cpu-freq: /sys/devices/system/cpu/cpu4/cpufreq/stats/time_in_state: open failed: ENOENT (No such file or directory)
07-21 20:37:49.039  1266  1388 E KernelCpuSpeedReader: Failed to read cpu-freq: /sys/devices/system/cpu/cpu0/cpufreq/stats/time_in_state: open failed: ENOENT (No such file or directory)
07-21 20:37:49.042  1266  1381 W SystemConfig: No directory /product_services/etc/sysconfig, skipping
07-21 20:37:49.042  1266  1381 W SystemConfig: No directory /product_services/etc/permissions, skipping
07-21 20:37:49.042  1266  1381 D SystemServerInitThreadPool: Finished executing ReadingSystemConfig
07-21 20:37:49.088  1266  1383 I commit_sys_config_file: [batterystats,45]
07-21 20:37:49.102  1266  1266 I AppOps  : No existing app ops /data/system/appops.xml; starting empty
07-21 20:37:49.116  1266  1266 I IntentFirewall: Read new rules (A:0 B:0 S:0)
07-21 20:37:49.124  1266  1383 I commit_sys_config_file: [batterystats,35]
07-21 20:37:49.134  1266  1266 D AppOps  : AppOpsService published
07-21 20:37:49.139  1266  1266 D SystemServerTiming: StartActivityManager took to complete: 171ms
07-21 20:37:49.139  1266  1266 I SystemServer: StartPowerManager
07-21 20:37:49.139  1266  1266 I SystemServiceManager: Starting com.android.server.power.PowerManagerService
07-21 20:37:49.153  1266  1266 D SystemServerTiming: StartPowerManager took to complete: 14ms
07-21 20:37:49.153  1266  1266 I SystemServer: StartThermalManager
07-21 20:37:49.154  1266  1266 I SystemServiceManager: Starting com.android.server.power.ThermalManagerService
07-21 20:37:49.154  1266  1266 D SystemServerTiming: StartThermalManager took to complete: 1ms
07-21 20:37:49.154  1266  1266 I SystemServer: InitPowerManagement
07-21 20:37:49.155  1266  1266 D SystemServerTiming: InitPowerManagement took to complete: 0ms
07-21 20:37:49.155  1266  1266 I SystemServer: StartRecoverySystemService
07-21 20:37:49.155  1266  1266 I SystemServiceManager: Starting com.android.server.RecoverySystemService
07-21 20:37:49.156  1266  1266 D SystemServerTiming: StartRecoverySystemService took to complete: 1ms
07-21 20:37:49.156  1266  1266 V RescueParty: Disabled because of active USB connection
07-21 20:37:49.156  1266  1266 I SystemServer: StartLightsService
07-21 20:37:49.156  1266  1266 I SystemServiceManager: Starting com.android.server.lights.LightsService
07-21 20:37:49.162  1266  1266 D SystemServerTiming: StartLightsService took to complete: 6ms
07-21 20:37:49.162  1266  1266 I SystemServer: StartSidekickService
07-21 20:37:49.162  1266  1266 D SystemServerTiming: StartSidekickService took to complete: 0ms
07-21 20:37:49.162  1266  1266 I SystemServer: StartDisplayManager
07-21 20:37:49.162  1266  1266 I SystemServiceManager: Starting com.android.server.display.DisplayManagerService
07-21 20:37:49.168  1266  1266 D SystemServerTiming: StartDisplayManager took to complete: 6ms
07-21 20:37:49.169  1266  1266 I SystemServer: WaitForDisplay
07-21 20:37:49.169  1266  1266 I SystemServiceManager: Starting phase 100
07-21 20:37:49.178  1266  1375 I DisplayManagerService: Display device added: DisplayDeviceInfo{"Built-in Screen": uniqueId="local:0", 1920 x 1080, modeId 1, defaultModeId 1, supportedModes [{id=1, width=1920, height=1080, fps=60.000004}], colorMode 0, supportedColorModes [0], HdrCapabilities android.view.Display$HdrCapabilities@40f16308, density 240, 141.767 x 142.134 dpi, appVsyncOff 1000000, presDeadline 16666666, touch INTERNAL, rotation 0, type BUILT_IN, address {port=0}, state UNKNOWN, FLAG_DEFAULT_DISPLAY, FLAG_ROTATES_WITH_CONTENT, FLAG_SECURE, FLAG_SUPPORTS_PROTECTED_BUFFERS}
07-21 20:37:49.200  1378  1395 D BootAnimation: BootAnimationShownTiming start time: 16393ms
07-21 20:37:49.221  1266  1375 I commit_sys_config_file: [display-state,39]
07-21 20:37:49.224  1266  1266 W SystemServiceManager: Service com.android.server.display.DisplayManagerService took 54 ms in onBootPhase
07-21 20:37:49.224  1266  1266 D SystemServerTiming: WaitForDisplay took to complete: 56ms
07-21 20:37:49.224  1266  1266 I sysui_multi_action: [757,804,799,boot_package_manager_init_start,801,16417,802,1]
07-21 20:37:49.224  1266  1266 I SystemServer: StartPackageManagerService
07-21 20:37:49.225  1266  1266 I Watchdog: Pausing HandlerChecker: main thread for reason: packagemanagermain. Pause count: 1
07-21 20:37:49.225  1266  1375 I DisplayManagerService: Display device changed state: "Built-in Screen", ON
07-21 20:37:49.241  1266  1266 I boot_progress_pms_start: 16434
07-21 20:37:49.244     0     0 I sn65dsi86_dsi2edp_bl_enable: enable, set IO to 1
07-21 20:37:49.287     0     0 I mdss_dsi_panel_bklt_pwm: set led_en(28) to high
07-21 20:37:49.298  1266  1266 W FileUtils: Failed to chmod(/data/system/packages.list): android.system.ErrnoException: chmod failed: ENOENT (No such file or directory)
07-21 20:37:49.303  1266  1266 D SELinuxMMAC: Using policy file /system/etc/selinux/plat_mac_permissions.xml
07-21 20:37:49.305  1266  1266 D SELinuxMMAC: Using policy file /vendor/etc/selinux/vendor_mac_permissions.xml
07-21 20:37:49.311  1266  1266 I PackageManager: No settings file; creating initial state
07-21 20:37:49.311  1266  1266 I pm_critical_info: No settings file; creating initial state
07-21 20:37:49.312  1266  1266 I boot_progress_pms_system_scan_start: 16505
07-21 20:37:49.315  1266  1266 W PackageManager: Wiping cache directory because the system partition changed.
07-21 20:37:49.325  1266  1266 I PackageManager: /vendor/overlay/FrameworksResCommon.apk changed; collecting certs
07-21 20:37:49.338     0     0 E apexd   : Can't open /product/apex for reading : No such file or directory
07-21 20:37:49.341  1266  1266 I PackageManager: /vendor/overlay/CarrierConfigResCommon.apk changed; collecting certs
07-21 20:37:49.343  1266  1266 I PackageManager: /vendor/overlay/TelephonyResCommon.apk changed; collecting certs
07-21 20:37:49.346  1266  1266 I PackageManager: /vendor/overlay/CellBroadcastReceiverResCommon.apk changed; collecting certs
07-21 20:37:49.348  1266  1266 I PackageManager: /vendor/overlay/SystemUIResCommon.apk changed; collecting certs
07-21 20:37:49.349  1266  1266 I PackageManager: /vendor/overlay/FrameworksResTarget.apk changed; collecting certs
07-21 20:37:49.351  1266  1266 I PackageManager: /vendor/overlay/TelecommResCommon.apk changed; collecting certs
07-21 20:37:49.359  1266  1266 I PackageManager: /product/overlay/AccentColorSpace changed; collecting certs
07-21 20:37:49.361  1266  1266 I PackageManager: /product/overlay/IconPackCircularSettings changed; collecting certs
07-21 20:37:49.362  1266  1266 I PackageManager: /product/overlay/AccentColorPurple changed; collecting certs
07-21 20:37:49.364  1266  1266 I PackageManager: /product/overlay/NavigationBarModeGesturalExtraWideBack changed; collecting certs
07-21 20:37:49.365  1266  1266 I PackageManager: /product/overlay/IconPackCircularThemePicker changed; collecting certs
07-21 20:37:49.367  1266  1266 I PackageManager: /product/overlay/AccentColorOcean changed; collecting certs
07-21 20:37:49.368  1266  1266 I PackageManager: /product/overlay/IconPackFilledSettings changed; collecting certs
07-21 20:37:49.370  1266  1266 I PackageManager: /product/overlay/IconPackCircularLauncher changed; collecting certs
07-21 20:37:49.371  1266  1266 I PackageManager: /product/overlay/FrameworksResCommonQva.apk changed; collecting certs
07-21 20:37:49.373  1266  1266 I PackageManager: /product/overlay/IconPackRoundedSettings changed; collecting certs
07-21 20:37:49.374  1266  1266 I PackageManager: /product/overlay/IconPackRoundedLauncher changed; collecting certs
07-21 20:37:49.376  1266  1266 I PackageManager: /product/overlay/IconPackFilledSystemUI changed; collecting certs
07-21 20:37:49.378  1266  1266 I PackageManager: /product/overlay/IconPackRoundedSystemUI changed; collecting certs
07-21 20:37:49.379  1266  1266 I PackageManager: /product/overlay/IconPackFilledThemePicker changed; collecting certs
07-21 20:37:49.381  1266  1266 I PackageManager: /product/overlay/AccentColorBlack changed; collecting certs
07-21 20:37:49.382  1266  1266 I PackageManager: /product/overlay/IconShapeSquircle changed; collecting certs
07-21 20:37:49.384  1266  1266 I PackageManager: /product/overlay/AccentColorCinnamon changed; collecting certs
07-21 20:37:49.385  1266  1266 I PackageManager: /product/overlay/IconPackFilledAndroid changed; collecting certs
07-21 20:37:49.387  1266  1266 I PackageManager: /product/overlay/DisplayCutoutEmulationDouble changed; collecting certs
07-21 20:37:49.389  1266  1266 I PackageManager: /product/overlay/NavigationBarModeGesturalWideBack changed; collecting certs
07-21 20:37:49.391  1266  1266 I PackageManager: /product/overlay/NavigationBarModeGestural changed; collecting certs
07-21 20:37:49.393  1266  1266 I PackageManager: /product/overlay/DisplayCutoutEmulationTall changed; collecting certs
07-21 20:37:49.395  1266  1266 I PackageManager: /product/overlay/BluetoothResCommon.apk changed; collecting certs
07-21 20:37:49.397  1266  1266 I PackageManager: /product/overlay/IconPackRoundedAndroid changed; collecting certs
07-21 20:37:49.400  1266  1266 I PackageManager: /product/overlay/IconShapeRoundedRect changed; collecting certs
07-21 20:37:49.401  1266  1266 I PackageManager: /product/overlay/IconPackFilledLauncher changed; collecting certs
07-21 20:37:49.403  1266  1266 I PackageManager: /product/overlay/NavigationBarModeGesturalNarrowBack changed; collecting certs
07-21 20:37:49.404  1266  1266 I PackageManager: /product/overlay/FontNotoSerifSource changed; collecting certs
07-21 20:37:49.406  1266  1266 I PackageManager: /product/overlay/AccentColorGreen changed; collecting certs
07-21 20:37:49.407  1266  1266 I PackageManager: /product/overlay/IconPackCircularSystemUI changed; collecting certs
07-21 20:37:49.409  1266  1266 I PackageManager: /product/overlay/DisplayCutoutEmulationCorner changed; collecting certs
07-21 20:37:49.410  1266  1266 I PackageManager: /product/overlay/IconPackCircularAndroid changed; collecting certs
07-21 20:37:49.412  1266  1266 I PackageManager: /product/overlay/NavigationBarMode3Button changed; collecting certs
07-21 20:37:49.413  1266  1266 I PackageManager: /product/overlay/IconShapeTeardrop changed; collecting certs
07-21 20:37:49.414  1266  1266 I PackageManager: /product/overlay/AccentColorOrchid changed; collecting certs
07-21 20:37:49.418  1266  1266 W PackageManager: Failed to parse /system/framework/oat: Missing base APK in /system/framework/oat
07-21 20:37:49.419  1266  1266 W PackageManager: Failed to parse /system/framework/arm: Missing base APK in /system/framework/arm
07-21 20:37:49.419  1266  1266 W PackageManager: Failed to parse /system/framework/arm64: Missing base APK in /system/framework/arm64
07-21 20:37:49.463  1266  1266 I PackageManager: /system/framework/framework-res.apk changed; collecting certs
07-21 20:37:49.468  1266  1266 E PackageManager: Adding duplicate shared id: 1000 name=android
07-21 20:37:49.468  1266  1266 I pm_critical_info: Adding duplicate shared id: 1000 name=android
07-21 20:37:49.486  1266  1266 I PackageManager: /system/priv-app/PlatformNetworkPermissionConfig changed; collecting certs
07-21 20:37:49.488  1266  1266 E PackageManager: Adding duplicate shared id: 1073 name=com.android.networkstack.permissionconfig
07-21 20:37:49.488  1266  1266 I pm_critical_info: Adding duplicate shared id: 1073 name=com.android.networkstack.permissionconfig
07-21 20:37:49.495  1266  1266 I PackageManager: /system/priv-app/SettingsProvider changed; collecting certs
07-21 20:37:49.497  1266  1266 E PackageManager: Adding duplicate shared id: 1000 name=com.android.providers.settings
07-21 20:37:49.497  1266  1266 I pm_critical_info: Adding duplicate shared id: 1000 name=com.android.providers.settings
07-21 20:37:49.501  1266  1266 I PackageManager: /system/priv-app/ONS changed; collecting certs
07-21 20:37:49.502  1266  1266 E PackageManager: Adding duplicate shared id: 1001 name=com.android.ons
07-21 20:37:49.502  1266  1266 I pm_critical_info: Adding duplicate shared id: 1001 name=com.android.ons
07-21 20:37:49.540  1266  1266 I PackageManager: /system/priv-app/DownloadProvider changed; collecting certs
07-21 20:37:49.541  1266  1266 E PackageManager: Adding duplicate app id: 10042 name=com.android.providers.downloads
07-21 20:37:49.542  1266  1266 I pm_critical_info: Adding duplicate app id: 10042 name=com.android.providers.downloads
07-21 20:37:49.554  1266  1266 I PackageManager: /system/priv-app/SnapdragonGallery changed; collecting certs
07-21 20:37:49.579  1266  1266 I PackageManager: /system/priv-app/PackageInstaller changed; collecting certs
07-21 20:37:49.581  1266  1266 I PackageManager: /system/priv-app/VpnDialogs changed; collecting certs
07-21 20:37:49.598  1266  1266 I PackageManager: /system/priv-app/DownloadProviderUi changed; collecting certs
07-21 20:37:49.601  1266  1266 E PackageManager: Adding duplicate app id: 10042 name=com.android.providers.downloads.ui
07-21 20:37:49.601  1266  1266 I pm_critical_info: Adding duplicate app id: 10042 name=com.android.providers.downloads.ui
07-21 20:37:49.601  1266  1266 I PackageManager: /system/priv-app/MediaProvider changed; collecting certs
07-21 20:37:49.604  1266  1266 E PackageManager: Adding duplicate app id: 10042 name=com.android.providers.media
07-21 20:37:49.604  1266  1266 I pm_critical_info: Adding duplicate app id: 10042 name=com.android.providers.media
07-21 20:37:49.606  1266  1416 I PackageParser: Parse times for '/system/priv-app/ManagedProvisioning': parse=103ms, update_cache=1 ms
07-21 20:37:49.606  1266  1266 I PackageManager: /system/priv-app/ManagedProvisioning changed; collecting certs
07-21 20:37:49.679  1266  1266 I PackageManager: /system/priv-app/Tag changed; collecting certs
07-21 20:37:49.682  1266  1266 I PackageManager: /system/priv-app/QtiSoundRecorder changed; collecting certs
07-21 20:37:49.684  1266  1413 I PackageParser: Parse times for '/system/priv-app/CellBroadcastReceiver': parse=143ms, update_cache=1 ms
07-21 20:37:49.685  1266  1266 I PackageManager: /system/priv-app/SnapdragonCamera changed; collecting certs
07-21 20:37:49.689  1266  1266 I PackageManager: /system/priv-app/CellBroadcastReceiver changed; collecting certs
07-21 20:37:49.693  1266  1266 I PackageManager: /system/priv-app/SDLGui changed; collecting certs
07-21 20:37:49.696  1266  1266 E PackageManager: Adding duplicate shared id: 1000 name=com.zebra.sdl
07-21 20:37:49.696  1266  1266 I pm_critical_info: Adding duplicate shared id: 1000 name=com.zebra.sdl
07-21 20:37:49.697  1266  1266 I PackageManager: /system/priv-app/MmsService changed; collecting certs
07-21 20:37:49.701  1266  1266 E PackageManager: Adding duplicate shared id: 1001 name=com.android.mms.service
07-21 20:37:49.701  1266  1266 I pm_critical_info: Adding duplicate shared id: 1001 name=com.android.mms.service
07-21 20:37:49.702  1266  1266 I PackageManager: /system/priv-app/WfdService changed; collecting certs
07-21 20:37:49.704  1266  1266 E PackageManager: Adding duplicate shared id: 1000 name=com.qualcomm.wfd.service
07-21 20:37:49.704  1266  1266 I pm_critical_info: Adding duplicate shared id: 1000 name=com.qualcomm.wfd.service
07-21 20:37:49.705  1266  1266 I PackageManager: /system/priv-app/FusedLocation changed; collecting certs
07-21 20:37:49.708  1266  1266 E PackageManager: Adding duplicate shared id: 1000 name=com.android.location.fused
07-21 20:37:49.708  1266  1266 I pm_critical_info: Adding duplicate shared id: 1000 name=com.android.location.fused
07-21 20:37:49.708  1266  1266 I PackageManager: /system/priv-app/DynamicSystemInstallationService changed; collecting certs
07-21 20:37:49.710  1266  1266 E PackageManager: Adding duplicate shared id: 1000 name=com.android.dynsystem
07-21 20:37:49.710  1266  1266 I pm_critical_info: Adding duplicate shared id: 1000 name=com.android.dynsystem
07-21 20:37:49.712  1266  1266 I PackageManager: /system/priv-app/DocumentsUI changed; collecting certs
07-21 20:37:49.714  1266  1266 I PackageManager: /system/priv-app/BlockedNumberProvider changed; collecting certs
07-21 20:37:49.715  1266  1266 E PackageManager: Adding duplicate app id: 10052 name=com.android.providers.blockednumber
07-21 20:37:49.715  1266  1266 I pm_critical_info: Adding duplicate app id: 10052 name=com.android.providers.blockednumber
07-21 20:37:49.718  1266  1266 I PackageManager: /system/priv-app/SdcDemo changed; collecting certs
07-21 20:37:49.720  1266  1266 E PackageManager: Adding duplicate shared id: 1000 name=com.zebra.sdc
07-21 20:37:49.720  1266  1266 I pm_critical_info: Adding duplicate shared id: 1000 name=com.zebra.sdc
07-21 20:37:49.720  1266  1266 I PackageManager: /system/priv-app/CallLogBackup changed; collecting certs
07-21 20:37:49.722  1266  1266 E PackageManager: Adding duplicate app id: 10052 name=com.android.calllogbackup
07-21 20:37:49.722  1266  1266 I pm_critical_info: Adding duplicate app id: 10052 name=com.android.calllogbackup
07-21 20:37:49.723  1266  1266 I PackageManager: /system/priv-app/EloCoreApp changed; collecting certs
07-21 20:37:49.727  1266  1266 E PackageManager: Adding duplicate shared id: 1000 name=com.elo.EloCoreApp
07-21 20:37:49.727  1266  1266 I pm_critical_info: Adding duplicate shared id: 1000 name=com.elo.EloCoreApp
07-21 20:37:49.731  1266  1266 I PackageManager: /system/priv-app/BackupRestoreConfirmation changed; collecting certs
07-21 20:37:49.735  1266  1266 I PackageManager: /system/priv-app/InProcessNetworkStack changed; collecting certs
07-21 20:37:49.737  1266  1266 E PackageManager: Adding duplicate shared id: 1000 name=com.android.networkstack.inprocess
07-21 20:37:49.738  1266  1266 I pm_critical_info: Adding duplicate shared id: 1000 name=com.android.networkstack.inprocess
07-21 20:37:49.738  1266  1266 I PackageManager: /system/priv-app/CtsShimPrivPrebuilt changed; collecting certs
07-21 20:37:49.744  1266  1266 I PackageManager: /system/priv-app/UserDictionaryProvider changed; collecting certs
07-21 20:37:49.746  1266  1266 E PackageManager: Adding duplicate app id: 10052 name=com.android.providers.userdictionary
07-21 20:37:49.746  1266  1266 I pm_critical_info: Adding duplicate app id: 10052 name=com.android.providers.userdictionary
07-21 20:37:49.799  1266  1266 I PackageManager: /system/priv-app/MusicFX changed; collecting certs
07-21 20:37:49.800  1266  1266 I PackageManager: /system/priv-app/TelephonyProvider changed; collecting certs
07-21 20:37:49.802  1266  1266 E PackageManager: Adding duplicate shared id: 1001 name=com.android.providers.telephony
07-21 20:37:49.802  1266  1266 I pm_critical_info: Adding duplicate shared id: 1001 name=com.android.providers.telephony
07-21 20:37:49.802  1266  1266 I PackageManager: /system/priv-app/CalendarProvider changed; collecting certs
07-21 20:37:49.804  1266  1266 E PackageManager: Adding duplicate app id: 10056 name=com.android.providers.calendar
07-21 20:37:49.804  1266  1266 I pm_critical_info: Adding duplicate app id: 10056 name=com.android.providers.calendar
07-21 20:37:49.805  1266  1266 I PackageManager: /system/priv-app/Telecom changed; collecting certs
07-21 20:37:49.807  1266  1266 E PackageManager: Adding duplicate shared id: 1000 name=com.android.server.telecom
07-21 20:37:49.807  1266  1266 I pm_critical_info: Adding duplicate shared id: 1000 name=com.android.server.telecom
07-21 20:37:49.809  1266  1266 I PackageManager: /system/priv-app/FakeLocationApp changed; collecting certs
07-21 20:37:49.811  1266  1266 E PackageManager: Adding duplicate shared id: 1000 name=com.oem.location
07-21 20:37:49.811  1266  1266 I pm_critical_info: Adding duplicate shared id: 1000 name=com.oem.location
07-21 20:37:49.811  1266  1414 W PackageParser: Ignoring duplicate uses-permissions/uses-permissions-sdk-m: android.permission.INSTALL_GRANT_RUNTIME_PERMISSIONS in package: com.android.shell at: Binary XML file line #127
07-21 20:37:49.812  1266  1266 I PackageManager: /system/priv-app/MtpDocumentsProvider changed; collecting certs
07-21 20:37:49.814  1266  1266 E PackageManager: Adding duplicate app id: 10042 name=com.android.mtp
07-21 20:37:49.814  1266  1266 I pm_critical_info: Adding duplicate app id: 10042 name=com.android.mtp
07-21 20:37:49.815  1266  1266 I PackageManager: /system/priv-app/Shell changed; collecting certs
07-21 20:37:49.817  1266  1266 E PackageManager: Adding duplicate shared id: 2000 name=com.android.shell
07-21 20:37:49.817  1266  1266 I pm_critical_info: Adding duplicate shared id: 2000 name=com.android.shell
07-21 20:37:49.818  1266  1266 I PackageManager: /system/priv-app/StatementService changed; collecting certs
07-21 20:37:49.821  1266  1266 I PackageManager: /system/priv-app/SharedStorageBackup changed; collecting certs
07-21 20:37:49.825  1266  1266 I PackageManager: /system/priv-app/ExternalStorageProvider changed; collecting certs
07-21 20:37:49.831  1266  1266 I PackageManager: /system/priv-app/InputDevices changed; collecting certs
07-21 20:37:49.832  1266  1266 E PackageManager: Adding duplicate shared id: 1000 name=com.android.inputdevices
07-21 20:37:49.832  1266  1266 I pm_critical_info: Adding duplicate shared id: 1000 name=com.android.inputdevices
07-21 20:37:49.833  1266  1266 I PackageManager: /system/priv-app/PaymentCoreApp changed; collecting certs
07-21 20:37:49.835  1266  1266 E PackageManager: Adding duplicate shared id: 1000 name=com.oem.paymentcore
07-21 20:37:49.835  1266  1266 I pm_critical_info: Adding duplicate shared id: 1000 name=com.oem.paymentcore
07-21 20:37:49.835  1266  1266 I PackageManager: /system/priv-app/ProxyHandler changed; collecting certs
07-21 20:37:49.838  1266  1266 I PackageManager: /system/priv-app/LocalTransport changed; collecting certs
07-21 20:37:49.840  1266  1266 E PackageManager: Adding duplicate shared id: 1000 name=com.android.localtransport
07-21 20:37:49.840  1266  1266 I pm_critical_info: Adding duplicate shared id: 1000 name=com.android.localtransport
07-21 20:37:49.844  1266  1266 I PackageManager: /system/priv-app/ContactsProvider changed; collecting certs
07-21 20:37:49.846  1266  1266 E PackageManager: Adding duplicate app id: 10052 name=com.android.providers.contacts
07-21 20:37:49.846  1266  1266 I pm_critical_info: Adding duplicate app id: 10052 name=com.android.providers.contacts
07-21 20:37:49.850  1266  1266 I PackageManager: /system/priv-app/ExtServices changed; collecting certs
07-21 20:37:49.918  1266  1266 I PackageManager: /system/priv-app/PermissionController changed; collecting certs
07-21 20:37:49.927  1266  1416 I PackageParser: Parse times for '/system/priv-app/TeleService': parse=116ms, update_cache=2 ms
07-21 20:37:49.927  1266  1266 I PackageManager: /system/priv-app/TeleService changed; collecting certs
07-21 20:37:49.930  1266  1266 E PackageManager: Adding duplicate shared id: 1001 name=com.android.phone
07-21 20:37:49.930  1266  1266 I pm_critical_info: Adding duplicate shared id: 1001 name=com.android.phone
07-21 20:37:49.942  1266  1266 I PackageManager: /system/app/WAPPushManager changed; collecting certs
07-21 20:37:49.944  1266  1266 I PackageManager: /system/app/HTMLViewer changed; collecting certs
07-21 20:37:49.944  1266  1422 W PackageParser: Ignoring duplicate uses-permissions/uses-permissions-sdk-m: android.permission.WAKE_LOCK in package: com.qualcomm.qti.qmmi at: Binary XML file line #25
07-21 20:37:49.945  1266  1422 W PackageParser: Ignoring duplicate uses-permissions/uses-permissions-sdk-m: android.permission.READ_PHONE_STATE in package: com.qualcomm.qti.qmmi at: Binary XML file line #38
07-21 20:37:49.945  1266  1422 W PackageParser: Ignoring duplicate uses-permissions/uses-permissions-sdk-m: android.permission.DISABLE_KEYGUARD in package: com.qualcomm.qti.qmmi at: Binary XML file line #44
07-21 20:37:49.946  1266  1266 I PackageManager: /system/app/KMSBinderCallback changed; collecting certs
07-21 20:37:49.949  1266  1266 E PackageManager: Adding duplicate shared id: 1000 name=com.callback.kms
07-21 20:37:49.949  1266  1266 I pm_critical_info: Adding duplicate shared id: 1000 name=com.callback.kms
07-21 20:37:49.950  1266  1266 I PackageManager: /system/app/Qmmi changed; collecting certs
07-21 20:37:49.953  1266  1266 E PackageManager: Adding duplicate shared id: 1000 name=com.qualcomm.qti.qmmi
07-21 20:37:49.953  1266  1266 I pm_critical_info: Adding duplicate shared id: 1000 name=com.qualcomm.qti.qmmi
07-21 20:37:49.954  1266  1266 I PackageManager: /system/app/SecureElement changed; collecting certs
07-21 20:37:49.955  1266  1424 W PackageParser: No actions in intent filter at /system/app/BluetoothExt/BluetoothExt.apk Binary XML file line #48
07-21 20:37:49.957  1266  1266 E PackageManager: Adding duplicate shared id: 1068 name=com.android.se
07-21 20:37:49.957  1266  1266 I pm_critical_info: Adding duplicate shared id: 1068 name=com.android.se
07-21 20:37:49.958  1266  1266 I PackageManager: /system/app/TouchFirmwareUpgrade changed; collecting certs
07-21 20:37:49.961  1266  1266 E PackageManager: Adding duplicate shared id: 1000 name=com.oem.touchfirmwareupgrade
07-21 20:37:49.961  1266  1266 I pm_critical_info: Adding duplicate shared id: 1000 name=com.oem.touchfirmwareupgrade
07-21 20:37:49.962  1266  1266 I PackageManager: /system/app/BluetoothExt changed; collecting certs
07-21 20:37:49.966  1266  1266 E PackageManager: Adding duplicate shared id: 1002 name=org.codeaurora.bluetooth
07-21 20:37:49.966  1266  1266 I pm_critical_info: Adding duplicate shared id: 1002 name=org.codeaurora.bluetooth
07-21 20:37:49.967  1266  1266 I PackageManager: /system/app/SerialPort changed; collecting certs
07-21 20:37:49.973  1266  1266 E PackageManager: Adding duplicate shared id: 1000 name=android_serialport_api.sample
07-21 20:37:49.973  1266  1266 I pm_critical_info: Adding duplicate shared id: 1000 name=android_serialport_api.sample
07-21 20:37:50.005  1266  1422 I dvm_lock_sample: [system_server,0,package-parsing-thread1,35,PackageManagerService.java,-1,java.lang.String[] com.android.server.pm.PackageManagerService$ParallelPackageParserCallback.getStaticOverlayPaths(java.lang.String, java.lang.String),-,-1,java.lang.String[] com.android.server.pm.PackageManagerService$ParallelPackageParserCallback.getStaticOverlayPaths(java.lang.String, java.lang.String),7]
07-21 20:37:50.006  1266  1266 I PackageManager: /system/app/BookmarkProvider changed; collecting certs
