07-21 20:37:49.028  1266  1266 E BatteryStatsImpl: 	at java.lang.reflect.Constructor.newInstance(Constructor.java:343)
07-21 20:37:49.028  1266  1266 E BatteryStatsImpl: 	at com.android.server.SystemServiceManager.startService(SystemServiceManager.java:102)
07-21 20:37:49.028  1266  1266 E BatteryStatsImpl: 	at com.android.server.am.ActivityManagerService$Lifecycle.startService(ActivityManagerService.java:2244)
07-21 20:37:49.028  1266  1266 E BatteryStatsImpl: 	at com.android.server.SystemServer.startBootstrapServices(SystemServer.java:671)
07-21 20:37:49.028  1266  1266 E BatteryStatsImpl: 	at com.android.server.SystemServer.run(SystemServer.java:521)
07-21 20:37:49.028  1266  1266 E BatteryStatsImpl: 	at com.android.server.SystemServer.main(SystemServer.java:357)
07-21 20:37:49.028  1266  1266 E BatteryStatsImpl: 	at java.lang.reflect.Method.invoke(Native Method)
07-21 20:37:49.028  1266  1266 E BatteryStatsImpl: 	at com.android.internal.os.RuntimeInit$MethodAndArgsCaller.run(RuntimeInit.java:492)
07-21 20:37:49.028  1266  1266 E BatteryStatsImpl: 	at com.android.internal.os.ZygoteInit.main(ZygoteInit.java:913)
07-21 20:37:49.028  1266  1266 E BatteryStatsImpl: Caused by: android.system.ErrnoException: open failed: ENOENT (No such file or directory)
07-21 20:37:49.028  1266  1266 E BatteryStatsImpl: 	at libcore.io.Linux.open(Native Method)
07-21 20:37:49.028  1266  1266 E BatteryStatsImpl: 	at libcore.io.ForwardingOs.open(ForwardingOs.java:167)
07-21 20:37:49.028  1266  1266 E BatteryStatsImpl: 	at libcore.io.BlockGuardOs.open(BlockGuardOs.java:252)
07-21 20:37:49.028  1266  1266 E BatteryStatsImpl: 	at libcore.io.IoBridge.open(IoBridge.java:482)
07-21 20:37:49.028  1266  1266 E BatteryStatsImpl: 	... 16 more
07-21 20:37:49.030   497   497 I hwservicemanager: getTransport: Cannot find entry android.hardware.power.stats@1.0::IPowerStats/default in either framework or device manifest.
07-21 20:37:49.032  1266  1388 I BatteryStatsService: Using power HAL
07-21 20:37:49.032  1266  1388 E BatteryStatsService: Unable to load Power.Stats.HAL. Setting rail availability to false
07-21 20:37:49.032  1266  1388 E BluetoothAdapter: Bluetooth binder is null
07-21 20:37:49.033  1266  1388 E BatteryExternalStatsWorker: no controller energy info supplied for telephony
07-21 20:37:49.036  1266  1388 I KernelCpuUidFreqTimeReader: mPerClusterTimesAvailable=true
07-21 20:37:49.039  1266  1388 E KernelCpuSpeedReader: Failed to read cpu-freq: /sys/devices/system/cpu/cpu4/cpufreq/stats/time_in_state: open failed: ENOENT (No such file or directory)
07-21 20:37:49.039  1266  1388 E KernelCpuSpeedReader: Failed to read cpu-freq: /sys/devices/system/cpu/cpu0/cpufreq/stats/time_in_state: open failed: ENOENT (No such file or directory)
07-21 20:37:49.040   952  1011 I ServiceManager: Waiting for service 'package_native' on '/dev/binder'...
07-21 20:37:49.042  1266  1381 W SystemConfig: No directory /product_services/etc/sysconfig, skipping
07-21 20:37:49.042  1266  1381 W SystemConfig: No directory /product_services/etc/permissions, skipping
07-21 20:37:49.042  1266  1381 D SystemServerInitThreadPool: Finished executing ReadingSystemConfig
07-21 20:37:49.042  1266  1388 I PowerManagerService-JNI: Loaded power HAL 1.0 service
07-21 20:37:49.088  1266  1383 I commit_sys_config_file: [batterystats,45]
07-21 20:37:49.102  1266  1266 I AppOps  : No existing app ops /data/system/appops.xml; starting empty
07-21 20:37:49.116  1266  1266 I IntentFirewall: Read new rules (A:0 B:0 S:0)
07-21 20:37:49.124  1266  1383 I commit_sys_config_file: [batterystats,35]
07-21 20:37:49.133  1266  1266 E libprocessgroup: Failed to open /dev/memcg/apps: No such file or directory
07-21 20:37:49.134  1266  1266 D AppOps  : AppOpsService published
07-21 20:37:49.139  1266  1266 D SystemServerTiming: StartActivityManager took to complete: 171ms
07-21 20:37:49.139  1266  1266 I SystemServer: StartPowerManager
07-21 20:37:49.139  1266  1266 I SystemServiceManager: Starting com.android.server.power.PowerManagerService
07-21 20:37:49.140   952  1011 I ServiceManager: Waiting for service 'package_native' on '/dev/binder'...
07-21 20:37:49.153   691   691 E QTI PowerHAL: Failed to acquire lock for hint_id: 1041.
07-21 20:37:49.153   691   691 I QTI PowerHAL: Got set_interactive hint
07-21 20:37:49.153  1266  1266 D SystemServerTiming: StartPowerManager took to complete: 14ms
07-21 20:37:49.153  1266  1266 I SystemServer: StartThermalManager
07-21 20:37:49.154  1266  1266 I SystemServiceManager: Starting com.android.server.power.ThermalManagerService
07-21 20:37:49.154  1266  1266 D SystemServerTiming: StartThermalManager took to complete: 1ms
07-21 20:37:49.154  1266  1266 I SystemServer: InitPowerManagement
07-21 20:37:49.155  1266  1266 D SystemServerTiming: InitPowerManagement took to complete: 0ms
07-21 20:37:49.155  1266  1266 I SystemServer: StartRecoverySystemService
07-21 20:37:49.155  1266  1266 I SystemServiceManager: Starting com.android.server.RecoverySystemService
07-21 20:37:49.156  1266  1266 D SystemServerTiming: StartRecoverySystemService took to complete: 1ms
07-21 20:37:49.156  1266  1266 V RescueParty: Disabled because of active USB connection
07-21 20:37:49.156  1266  1266 I SystemServer: StartLightsService
07-21 20:37:49.156  1266  1266 I SystemServiceManager: Starting com.android.server.lights.LightsService
07-21 20:37:49.156  1378  1378 D BootAnimation: BootAnimationStartTiming start time: 16349ms
07-21 20:37:49.156  1378  1378 D BootAnimation: BootAnimationPreloadTiming start time: 16349ms
07-21 20:37:49.156  1378  1378 D BootAnimation: Animation customzation path: 
07-21 20:37:49.157  1378  1378 D BootAnimation: BootAnimationPreloadStopTiming start time: 16350ms
07-21 20:37:49.161  1266  1266 I android_os_HwBinder: HwBinder: Starting thread pool for getting: vendor.elo.hardware.oemlight@1.0::IOemLight/default
07-21 20:37:49.162   699   699 E OEMLIGHT: [=============getSupportedTypes =============]
07-21 20:37:49.162  1266  1266 D SystemServerTiming: StartLightsService took to complete: 6ms
07-21 20:37:49.162  1266  1266 I SystemServer: StartSidekickService
07-21 20:37:49.162  1266  1266 D SystemServerTiming: StartSidekickService took to complete: 0ms
07-21 20:37:49.162  1266  1266 I SystemServer: StartDisplayManager
07-21 20:37:49.162  1266  1266 I SystemServiceManager: Starting com.android.server.display.DisplayManagerService
07-21 20:37:49.163  1378  1395 D libEGL  : loaded /vendor/lib64/egl/libEGL_adreno.so
07-21 20:37:49.168  1378  1395 D libEGL  : loaded /vendor/lib64/egl/libGLESv1_CM_adreno.so
07-21 20:37:49.168  1266  1266 D SystemServerTiming: StartDisplayManager took to complete: 6ms
07-21 20:37:49.169  1266  1266 I SystemServer: WaitForDisplay
07-21 20:37:49.169  1266  1266 I SystemServiceManager: Starting phase 100
07-21 20:37:49.172  1378  1395 D libEGL  : loaded /vendor/lib64/egl/libGLESv2_adreno.so
07-21 20:37:49.173   687   868 I SDM     : HWCDisplay::GetColorModeCount: Supported color mode count = 1
07-21 20:37:49.173   687   868 I SDM     : HWCDisplay::GetColorModes: Supports color mode[0] = 0
07-21 20:37:49.178  1266  1375 I DisplayManagerService: Display device added: DisplayDeviceInfo{"Built-in Screen": uniqueId="local:0", 1920 x 1080, modeId 1, defaultModeId 1, supportedModes [{id=1, width=1920, height=1080, fps=60.000004}], colorMode 0, supportedColorModes [0], HdrCapabilities android.view.Display$HdrCapabilities@40f16308, density 240, 141.767 x 142.134 dpi, appVsyncOff 1000000, presDeadline 16666666, touch INTERNAL, rotation 0, type BUILT_IN, address {port=0}, state UNKNOWN, FLAG_DEFAULT_DISPLAY, FLAG_ROTATES_WITH_CONTENT, FLAG_SECURE, FLAG_SUPPORTS_PROTECTED_BUFFERS}
07-21 20:37:49.186  1378  1395 I AdrenoGLES: QUALCOMM build                   : fefc463, I67da44d20d
07-21 20:37:49.186  1378  1395 I AdrenoGLES: Build Date                       : 11/23/20
07-21 20:37:49.186  1378  1395 I AdrenoGLES: OpenGL ES Shader Compiler Version: EV031.27.05.10
07-21 20:37:49.186  1378  1395 I AdrenoGLES: Local Branch                     : mybrancheb2d85f4-9bbf-f15d-8afb-5cb90179c3d8
07-21 20:37:49.186  1378  1395 I AdrenoGLES: Remote Branch                    : quic/gfx-adreno.lnx.1.0.r104-rel
07-21 20:37:49.186  1378  1395 I AdrenoGLES: Remote Branch                    : NONE
07-21 20:37:49.186  1378  1395 I AdrenoGLES: Reconstruct Branch               : NOTHING
07-21 20:37:49.186  1378  1395 I AdrenoGLES: Build Config                     : S L 8.0.12 AArch64
07-21 20:37:49.192  1378  1395 I AdrenoGLES: PFP: 0x005ff113, ME: 0x005ff066
07-21 20:37:49.196   687   868 I SDM     : HWCDisplay::GetHdrCapabilities: HDR is not supported
07-21 20:37:49.197   687   868 I SDM     : HWCDisplay::GetHdrCapabilities: HDR is not supported
07-21 20:37:49.200  1378  1395 D BootAnimation: BootAnimationShownTiming start time: 16393ms
07-21 20:37:49.216   497   497 I hwservicemanager: getTransport: Cannot find entry android.hardware.graphics.mapper@3.0::IMapper/default in either framework or device manifest.
07-21 20:37:49.216  1378  1395 W Gralloc3: mapper 3.x is not supported
07-21 20:37:49.221  1266  1375 I commit_sys_config_file: [display-state,39]
07-21 20:37:49.222   725   725 D SurfaceFlinger: Setting power mode 2 on display 0
07-21 20:37:49.224  1266  1266 W SystemServiceManager: Service com.android.server.display.DisplayManagerService took 54 ms in onBootPhase
07-21 20:37:49.224  1266  1266 D SystemServerTiming: WaitForDisplay took to complete: 56ms
07-21 20:37:49.224  1266  1375 W StrictMode: No activity manager; failed to Dropbox violation.
07-21 20:37:49.224  1266  1266 I sysui_multi_action: [757,804,799,boot_package_manager_init_start,801,16417,802,1]
07-21 20:37:49.224  1266  1266 I SystemServer: StartPackageManagerService
07-21 20:37:49.224  1266  1375 I chatty  : uid=1000(system) android.display identical 4 lines
07-21 20:37:49.225  1266  1266 I Watchdog: Pausing HandlerChecker: main thread for reason: packagemanagermain. Pause count: 1
07-21 20:37:49.225  1266  1375 W StrictMode: No activity manager; failed to Dropbox violation.
07-21 20:37:49.225  1266  1375 I DisplayManagerService: Display device changed state: "Built-in Screen", ON
07-21 20:37:49.229   725   725 I SurfaceFlinger: Enter boot animation
07-21 20:37:49.235   687   868 D qdutils : DEBUG_CALC_FPS: 0
07-21 20:37:49.235   687   868 D qdutils : period: 10
07-21 20:37:49.235   687   868 D qdutils : ignorethresh_us: 500000
07-21 20:37:49.240   952  1011 I ServiceManager: Waiting for service 'package_native' on '/dev/binder'...
07-21 20:37:49.241  1266  1266 I boot_progress_pms_start: 16434
07-21 20:37:49.244     0     0 I sn65dsi86_dsi2edp_bl_enable: enable, set IO to 1
07-21 20:37:49.252   888   888 I adbd    : UsbFfs: already offline
07-21 20:37:49.287     0     0 I mdss_dsi_panel_bklt_pwm: set led_en(28) to high
07-21 20:37:49.298  1266  1266 W FileUtils: Failed to chmod(/data/system/packages.list): android.system.ErrnoException: chmod failed: ENOENT (No such file or directory)
07-21 20:37:49.303  1266  1266 D SELinuxMMAC: Using policy file /system/etc/selinux/plat_mac_permissions.xml
07-21 20:37:49.305  1266  1266 D SELinuxMMAC: Using policy file /vendor/etc/selinux/vendor_mac_permissions.xml
07-21 20:37:49.310  1266  1266 D FallbackCategoryProvider: Found 1 fallback categories
07-21 20:37:49.311  1266  1266 I PackageManager: No settings file; creating initial state
07-21 20:37:49.311  1266  1266 I pm_critical_info: No settings file; creating initial state
07-21 20:37:49.312  1266  1266 I boot_progress_pms_system_scan_start: 16505
07-21 20:37:49.315  1266  1266 W PackageManager: Wiping cache directory because the system partition changed.
07-21 20:37:49.325  1266  1266 I PackageManager: /vendor/overlay/FrameworksResCommon.apk changed; collecting certs
07-21 20:37:49.338   614   616 E apexd   : Can't open /product/apex for reading : No such file or directory
07-21 20:37:49.338     0     0 E apexd   : Can't open /product/apex for reading : No such file or directory
07-21 20:37:49.341   952  1011 I ServiceManager: Waiting for service 'package_native' on '/dev/binder'...
07-21 20:37:49.341  1266  1266 I PackageManager: /vendor/overlay/CarrierConfigResCommon.apk changed; collecting certs
07-21 20:37:49.343  1266  1266 I PackageManager: /vendor/overlay/TelephonyResCommon.apk changed; collecting certs
07-21 20:37:49.346  1266  1266 I PackageManager: /vendor/overlay/CellBroadcastReceiverResCommon.apk changed; collecting certs
07-21 20:37:49.348  1266  1266 I PackageManager: /vendor/overlay/SystemUIResCommon.apk changed; collecting certs
07-21 20:37:49.349  1266  1266 I PackageManager: /vendor/overlay/FrameworksResTarget.apk changed; collecting certs
07-21 20:37:49.351  1266  1266 I PackageManager: /vendor/overlay/TelecommResCommon.apk changed; collecting certs
07-21 20:37:49.359  1266  1266 I PackageManager: /product/overlay/AccentColorSpace changed; collecting certs
07-21 20:37:49.361  1266  1266 I PackageManager: /product/overlay/IconPackCircularSettings changed; collecting certs
07-21 20:37:49.362  1266  1266 I PackageManager: /product/overlay/AccentColorPurple changed; collecting certs
07-21 20:37:49.364  1266  1266 I PackageManager: /product/overlay/NavigationBarModeGesturalExtraWideBack changed; collecting certs
07-21 20:37:49.365  1266  1266 I PackageManager: /product/overlay/IconPackCircularThemePicker changed; collecting certs
07-21 20:37:49.367  1266  1266 I PackageManager: /product/overlay/AccentColorOcean changed; collecting certs
07-21 20:37:49.368  1266  1266 I PackageManager: /product/overlay/IconPackFilledSettings changed; collecting certs
07-21 20:37:49.370  1266  1266 I PackageManager: /product/overlay/IconPackCircularLauncher changed; collecting certs
07-21 20:37:49.371  1266  1266 I PackageManager: /product/overlay/FrameworksResCommonQva.apk changed; collecting certs
07-21 20:37:49.373  1266  1266 I PackageManager: /product/overlay/IconPackRoundedSettings changed; collecting certs
07-21 20:37:49.374  1266  1266 I PackageManager: /product/overlay/IconPackRoundedLauncher changed; collecting certs
07-21 20:37:49.376  1266  1266 I PackageManager: /product/overlay/IconPackFilledSystemUI changed; collecting certs
07-21 20:37:49.378  1266  1266 I PackageManager: /product/overlay/IconPackRoundedSystemUI changed; collecting certs
07-21 20:37:49.379  1266  1266 I PackageManager: /product/overlay/IconPackFilledThemePicker changed; collecting certs
07-21 20:37:49.381  1266  1266 I PackageManager: /product/overlay/AccentColorBlack changed; collecting certs
07-21 20:37:49.382  1266  1266 I PackageManager: /product/overlay/IconShapeSquircle changed; collecting certs
07-21 20:37:49.384  1266  1266 I PackageManager: /product/overlay/AccentColorCinnamon changed; collecting certs
07-21 20:37:49.385  1266  1266 I PackageManager: /product/overlay/IconPackFilledAndroid changed; collecting certs
07-21 20:37:49.387  1266  1266 I PackageManager: /product/overlay/DisplayCutoutEmulationDouble changed; collecting certs
07-21 20:37:49.389  1266  1266 I PackageManager: /product/overlay/NavigationBarModeGesturalWideBack changed; collecting certs
07-21 20:37:49.391  1266  1266 I PackageManager: /product/overlay/NavigationBarModeGestural changed; collecting certs
07-21 20:37:49.393  1266  1266 I PackageManager: /product/overlay/DisplayCutoutEmulationTall changed; collecting certs
07-21 20:37:49.395  1266  1266 I PackageManager: /product/overlay/BluetoothResCommon.apk changed; collecting certs
07-21 20:37:49.397  1266  1266 I PackageManager: /product/overlay/IconPackRoundedAndroid changed; collecting certs
07-21 20:37:49.400  1266  1266 I PackageManager: /product/overlay/IconShapeRoundedRect changed; collecting certs
07-21 20:37:49.401  1266  1266 I PackageManager: /product/overlay/IconPackFilledLauncher changed; collecting certs
07-21 20:37:49.403  1266  1266 I PackageManager: /product/overlay/NavigationBarModeGesturalNarrowBack changed; collecting certs
07-21 20:37:49.404  1266  1266 I PackageManager: /product/overlay/FontNotoSerifSource changed; collecting certs
07-21 20:37:49.406  1266  1266 I PackageManager: /product/overlay/AccentColorGreen changed; collecting certs
07-21 20:37:49.407  1266  1266 I PackageManager: /product/overlay/IconPackCircularSystemUI changed; collecting certs
07-21 20:37:49.409  1266  1266 I PackageManager: /product/overlay/DisplayCutoutEmulationCorner changed; collecting certs
07-21 20:37:49.410  1266  1266 I PackageManager: /product/overlay/IconPackCircularAndroid changed; collecting certs
07-21 20:37:49.412  1266  1266 I PackageManager: /product/overlay/NavigationBarMode3Button changed; collecting certs
07-21 20:37:49.413  1266  1266 I PackageManager: /product/overlay/IconShapeTeardrop changed; collecting certs
07-21 20:37:49.414  1266  1266 I PackageManager: /product/overlay/AccentColorOrchid changed; collecting certs
07-21 20:37:49.416  1266  1266 D PackageManager: No files in app dir /product_services/overlay
07-21 20:37:49.416  1266  1266 D PackageManager: No files in app dir /odm/overlay
07-21 20:37:49.416  1266  1266 D PackageManager: No files in app dir /oem/overlay
07-21 20:37:49.418  1266  1266 W PackageManager: Failed to parse /system/framework/oat: Missing base APK in /system/framework/oat
07-21 20:37:49.419  1266  1266 W PackageManager: Failed to parse /system/framework/arm: Missing base APK in /system/framework/arm
07-21 20:37:49.419  1266  1266 W PackageManager: Failed to parse /system/framework/arm64: Missing base APK in /system/framework/arm64
07-21 20:37:49.441   952  1011 I ServiceManager: Waiting for service 'package_native' on '/dev/binder'...
07-21 20:37:49.463  1266  1266 I PackageManager: /system/framework/framework-res.apk changed; collecting certs
07-21 20:37:49.468  1266  1266 E PackageManager: Adding duplicate shared id: 1000 name=android
07-21 20:37:49.468  1266  1266 I pm_critical_info: Adding duplicate shared id: 1000 name=android
07-21 20:37:49.486  1266  1266 I PackageManager: /system/priv-app/PlatformNetworkPermissionConfig changed; collecting certs
07-21 20:37:49.488  1266  1266 E PackageManager: Adding duplicate shared id: 1073 name=com.android.networkstack.permissionconfig
07-21 20:37:49.488  1266  1266 I pm_critical_info: Adding duplicate shared id: 1073 name=com.android.networkstack.permissionconfig
07-21 20:37:49.495  1266  1266 I PackageManager: /system/priv-app/SettingsProvider changed; collecting certs
07-21 20:37:49.497  1266  1266 E PackageManager: Adding duplicate shared id: 1000 name=com.android.providers.settings
07-21 20:37:49.497  1266  1266 I pm_critical_info: Adding duplicate shared id: 1000 name=com.android.providers.settings
07-21 20:37:49.501  1266  1266 I PackageManager: /system/priv-app/ONS changed; collecting certs
07-21 20:37:49.502  1266  1266 E PackageManager: Adding duplicate shared id: 1001 name=com.android.ons
07-21 20:37:49.502  1266  1266 I pm_critical_info: Adding duplicate shared id: 1001 name=com.android.ons
07-21 20:37:49.540  1266  1266 I PackageManager: New shared user android.media: id=10042
07-21 20:37:49.540  1266  1266 I PackageManager: /system/priv-app/DownloadProvider changed; collecting certs
07-21 20:37:49.541   952  1011 I ServiceManager: Waiting for service 'package_native' on '/dev/binder'...
07-21 20:37:49.541  1266  1266 E PackageManager: Adding duplicate app id: 10042 name=com.android.providers.downloads
07-21 20:37:49.542  1266  1266 I pm_critical_info: Adding duplicate app id: 10042 name=com.android.providers.downloads
07-21 20:37:49.554  1266  1266 I PackageManager: /system/priv-app/SnapdragonGallery changed; collecting certs
07-21 20:37:49.579  1266  1266 I PackageManager: /system/priv-app/PackageInstaller changed; collecting certs
07-21 20:37:49.581  1266  1266 I PackageManager: /system/priv-app/VpnDialogs changed; collecting certs
07-21 20:37:49.598  1266  1266 I PackageManager: /system/priv-app/DownloadProviderUi changed; collecting certs
07-21 20:37:49.601  1266  1266 E PackageManager: Adding duplicate app id: 10042 name=com.android.providers.downloads.ui
07-21 20:37:49.601  1266  1266 I pm_critical_info: Adding duplicate app id: 10042 name=com.android.providers.downloads.ui
07-21 20:37:49.601  1266  1266 I PackageManager: /system/priv-app/MediaProvider changed; collecting certs
07-21 20:37:49.604  1266  1266 E PackageManager: Adding duplicate app id: 10042 name=com.android.providers.media
07-21 20:37:49.604  1266  1266 I pm_critical_info: Adding duplicate app id: 10042 name=com.android.providers.media
07-21 20:37:49.606  1266  1416 I PackageParser: Parse times for '/system/priv-app/ManagedProvisioning': parse=103ms, update_cache=1 ms
07-21 20:37:49.606  1266  1266 I PackageManager: /system/priv-app/ManagedProvisioning changed; collecting certs
07-21 20:37:49.642   952  1011 I ServiceManager: Waiting for service 'package_native' on '/dev/binder'...
07-21 20:37:49.674  1417  1417 W ResourceType: CREATING STRING CACHE OF 24 bytes
07-21 20:37:49.679  1266  1266 I PackageManager: /system/priv-app/Tag changed; collecting certs
07-21 20:37:49.682  1266  1266 I PackageManager: /system/priv-app/QtiSoundRecorder changed; collecting certs
07-21 20:37:49.684  1266  1413 I PackageParser: Parse times for '/system/priv-app/CellBroadcastReceiver': parse=143ms, update_cache=1 ms
07-21 20:37:49.685  1266  1266 I PackageManager: /system/priv-app/SnapdragonCamera changed; collecting certs
07-21 20:37:49.689  1266  1266 I PackageManager: /system/priv-app/CellBroadcastReceiver changed; collecting certs
07-21 20:37:49.693  1266  1266 I PackageManager: /system/priv-app/SDLGui changed; collecting certs
07-21 20:37:49.696  1266  1266 E PackageManager: Adding duplicate shared id: 1000 name=com.zebra.sdl
07-21 20:37:49.696  1266  1266 I pm_critical_info: Adding duplicate shared id: 1000 name=com.zebra.sdl
07-21 20:37:49.697  1266  1266 I PackageManager: /system/priv-app/MmsService changed; collecting certs
07-21 20:37:49.701  1266  1266 E PackageManager: Adding duplicate shared id: 1001 name=com.android.mms.service
07-21 20:37:49.701  1266  1266 I pm_critical_info: Adding duplicate shared id: 1001 name=com.android.mms.service
07-21 20:37:49.702  1266  1266 I PackageManager: /system/priv-app/WfdService changed; collecting certs
07-21 20:37:49.704  1266  1266 E PackageManager: Adding duplicate shared id: 1000 name=com.qualcomm.wfd.service
07-21 20:37:49.704  1266  1266 I pm_critical_info: Adding duplicate shared id: 1000 name=com.qualcomm.wfd.service
07-21 20:37:49.705  1266  1266 I PackageManager: /system/priv-app/FusedLocation changed; collecting certs
07-21 20:37:49.708  1266  1266 E PackageManager: Adding duplicate shared id: 1000 name=com.android.location.fused
07-21 20:37:49.708  1266  1266 I pm_critical_info: Adding duplicate shared id: 1000 name=com.android.location.fused
07-21 20:37:49.708  1266  1266 I PackageManager: /system/priv-app/DynamicSystemInstallationService changed; collecting certs
07-21 20:37:49.710  1266  1266 E PackageManager: Adding duplicate shared id: 1000 name=com.android.dynsystem
07-21 20:37:49.710  1266  1266 I pm_critical_info: Adding duplicate shared id: 1000 name=com.android.dynsystem
07-21 20:37:49.712  1266  1266 I PackageManager: /system/priv-app/DocumentsUI changed; collecting certs
07-21 20:37:49.714  1266  1266 I PackageManager: New shared user android.uid.shared: id=10052
07-21 20:37:49.714  1266  1266 I PackageManager: /system/priv-app/BlockedNumberProvider changed; collecting certs
07-21 20:37:49.715  1266  1266 E PackageManager: Adding duplicate app id: 10052 name=com.android.providers.blockednumber
07-21 20:37:49.715  1266  1266 I pm_critical_info: Adding duplicate app id: 10052 name=com.android.providers.blockednumber
07-21 20:37:49.718  1266  1266 I PackageManager: /system/priv-app/SdcDemo changed; collecting certs
07-21 20:37:49.720  1266  1266 E PackageManager: Adding duplicate shared id: 1000 name=com.zebra.sdc
07-21 20:37:49.720  1266  1266 I pm_critical_info: Adding duplicate shared id: 1000 name=com.zebra.sdc
07-21 20:37:49.720  1266  1266 I PackageManager: /system/priv-app/CallLogBackup changed; collecting certs
07-21 20:37:49.722  1266  1266 E PackageManager: Adding duplicate app id: 10052 name=com.android.calllogbackup
07-21 20:37:49.722  1266  1266 I pm_critical_info: Adding duplicate app id: 10052 name=com.android.calllogbackup
07-21 20:37:49.723  1266  1266 I PackageManager: /system/priv-app/EloCoreApp changed; collecting certs
07-21 20:37:49.727  1266  1266 E PackageManager: Adding duplicate shared id: 1000 name=com.elo.EloCoreApp
07-21 20:37:49.727  1266  1266 I pm_critical_info: Adding duplicate shared id: 1000 name=com.elo.EloCoreApp
07-21 20:37:49.731  1266  1266 I PackageManager: /system/priv-app/BackupRestoreConfirmation changed; collecting certs
07-21 20:37:49.735  1266  1266 I PackageManager: /system/priv-app/InProcessNetworkStack changed; collecting certs
07-21 20:37:49.737  1266  1266 E PackageManager: Adding duplicate shared id: 1000 name=com.android.networkstack.inprocess
07-21 20:37:49.738  1266  1266 I pm_critical_info: Adding duplicate shared id: 1000 name=com.android.networkstack.inprocess
07-21 20:37:49.738  1266  1266 I PackageManager: /system/priv-app/CtsShimPrivPrebuilt changed; collecting certs
07-21 20:37:49.742   952  1011 I ServiceManager: Waiting for service 'package_native' on '/dev/binder'...
07-21 20:37:49.744  1266  1266 I PackageManager: /system/priv-app/UserDictionaryProvider changed; collecting certs
07-21 20:37:49.746  1266  1266 E PackageManager: Adding duplicate app id: 10052 name=com.android.providers.userdictionary
07-21 20:37:49.746  1266  1266 I pm_critical_info: Adding duplicate app id: 10052 name=com.android.providers.userdictionary
07-21 20:37:49.794  1419  1419 W ResourceType: CREATING STRING CACHE OF 24 bytes
07-21 20:37:49.799  1266  1266 I PackageManager: /system/priv-app/MusicFX changed; collecting certs
07-21 20:37:49.800  1266  1266 I PackageManager: /system/priv-app/TelephonyProvider changed; collecting certs
07-21 20:37:49.802  1266  1266 E PackageManager: Adding duplicate shared id: 1001 name=com.android.providers.telephony
07-21 20:37:49.802  1266  1266 I pm_critical_info: Adding duplicate shared id: 1001 name=com.android.providers.telephony
07-21 20:37:49.802  1266  1266 I PackageManager: New shared user android.uid.calendar: id=10056
07-21 20:37:49.802  1266  1266 I PackageManager: /system/priv-app/CalendarProvider changed; collecting certs
07-21 20:37:49.804  1266  1266 E PackageManager: Adding duplicate app id: 10056 name=com.android.providers.calendar
07-21 20:37:49.804  1266  1266 I pm_critical_info: Adding duplicate app id: 10056 name=com.android.providers.calendar
07-21 20:37:49.805  1266  1266 I PackageManager: /system/priv-app/Telecom changed; collecting certs
07-21 20:37:49.807  1266  1266 E PackageManager: Adding duplicate shared id: 1000 name=com.android.server.telecom
07-21 20:37:49.807  1266  1266 I pm_critical_info: Adding duplicate shared id: 1000 name=com.android.server.telecom
07-21 20:37:49.809  1266  1266 I PackageManager: /system/priv-app/FakeLocationApp changed; collecting certs
07-21 20:37:49.811  1266  1266 E PackageManager: Adding duplicate shared id: 1000 name=com.oem.location
07-21 20:37:49.811  1266  1266 I pm_critical_info: Adding duplicate shared id: 1000 name=com.oem.location
07-21 20:37:49.811  1266  1414 W PackageParser: Ignoring duplicate uses-permissions/uses-permissions-sdk-m: android.permission.INSTALL_GRANT_RUNTIME_PERMISSIONS in package: com.android.shell at: Binary XML file line #127
07-21 20:37:49.812  1266  1266 I PackageManager: /system/priv-app/MtpDocumentsProvider changed; collecting certs
07-21 20:37:49.814  1266  1266 E PackageManager: Adding duplicate app id: 10042 name=com.android.mtp
07-21 20:37:49.814  1266  1266 I pm_critical_info: Adding duplicate app id: 10042 name=com.android.mtp
07-21 20:37:49.815  1266  1266 I PackageManager: /system/priv-app/Shell changed; collecting certs
07-21 20:37:49.817  1266  1266 E PackageManager: Adding duplicate shared id: 2000 name=com.android.shell
07-21 20:37:49.817  1266  1266 I pm_critical_info: Adding duplicate shared id: 2000 name=com.android.shell
07-21 20:37:49.818  1266  1266 I PackageManager: /system/priv-app/StatementService changed; collecting certs
07-21 20:37:49.821  1266  1266 I PackageManager: /system/priv-app/SharedStorageBackup changed; collecting certs
07-21 20:37:49.825  1266  1266 I PackageManager: /system/priv-app/ExternalStorageProvider changed; collecting certs
07-21 20:37:49.831  1266  1266 I PackageManager: /system/priv-app/InputDevices changed; collecting certs
07-21 20:37:49.832  1266  1266 E PackageManager: Adding duplicate shared id: 1000 name=com.android.inputdevices
07-21 20:37:49.832  1266  1266 I pm_critical_info: Adding duplicate shared id: 1000 name=com.android.inputdevices
07-21 20:37:49.833  1266  1266 I PackageManager: /system/priv-app/PaymentCoreApp changed; collecting certs
07-21 20:37:49.835  1266  1266 E PackageManager: Adding duplicate shared id: 1000 name=com.oem.paymentcore
07-21 20:37:49.835  1266  1266 I pm_critical_info: Adding duplicate shared id: 1000 name=com.oem.paymentcore
07-21 20:37:49.835  1266  1266 I PackageManager: /system/priv-app/ProxyHandler changed; collecting certs
07-21 20:37:49.838  1266  1266 I PackageManager: /system/priv-app/LocalTransport changed; collecting certs
07-21 20:37:49.840  1266  1266 E PackageManager: Adding duplicate shared id: 1000 name=com.android.localtransport
07-21 20:37:49.840  1266  1266 I pm_critical_info: Adding duplicate shared id: 1000 name=com.android.localtransport
07-21 20:37:49.842   952  1011 I ServiceManager: Waiting for service 'package_native' on '/dev/binder'...
07-21 20:37:49.844  1266  1266 I PackageManager: /system/priv-app/ContactsProvider changed; collecting certs
07-21 20:37:49.846  1266  1266 E PackageManager: Adding duplicate app id: 10052 name=com.android.providers.contacts
07-21 20:37:49.846  1266  1266 I pm_critical_info: Adding duplicate app id: 10052 name=com.android.providers.contacts
07-21 20:37:49.850  1266  1266 I PackageManager: /system/priv-app/ExtServices changed; collecting certs
07-21 20:37:49.908  1421  1421 W ResourceType: CREATING STRING CACHE OF 72 bytes
07-21 20:37:49.918  1266  1266 I PackageManager: /system/priv-app/PermissionController changed; collecting certs
07-21 20:37:49.927  1266  1416 I PackageParser: Parse times for '/system/priv-app/TeleService': parse=116ms, update_cache=2 ms
07-21 20:37:49.927  1266  1266 I PackageManager: /system/priv-app/TeleService changed; collecting certs
07-21 20:37:49.930  1266  1266 E PackageManager: Adding duplicate shared id: 1001 name=com.android.phone
07-21 20:37:49.930  1266  1266 I pm_critical_info: Adding duplicate shared id: 1001 name=com.android.phone
07-21 20:37:49.942  1266  1266 I PackageManager: /system/app/WAPPushManager changed; collecting certs
07-21 20:37:49.943   952  1011 I ServiceManager: Waiting for service 'package_native' on '/dev/binder'...
07-21 20:37:49.944  1266  1266 I PackageManager: /system/app/HTMLViewer changed; collecting certs
07-21 20:37:49.944  1266  1422 W PackageParser: Ignoring duplicate uses-permissions/uses-permissions-sdk-m: android.permission.WAKE_LOCK in package: com.qualcomm.qti.qmmi at: Binary XML file line #25
07-21 20:37:49.945  1266  1422 W PackageParser: Ignoring duplicate uses-permissions/uses-permissions-sdk-m: android.permission.READ_PHONE_STATE in package: com.qualcomm.qti.qmmi at: Binary XML file line #38
07-21 20:37:49.945  1266  1422 W PackageParser: Ignoring duplicate uses-permissions/uses-permissions-sdk-m: android.permission.DISABLE_KEYGUARD in package: com.qualcomm.qti.qmmi at: Binary XML file line #44
07-21 20:37:49.946  1266  1266 I PackageManager: /system/app/KMSBinderCallback changed; collecting certs
07-21 20:37:49.949  1266  1266 E PackageManager: Adding duplicate shared id: 1000 name=com.callback.kms
07-21 20:37:49.949  1266  1266 I pm_critical_info: Adding duplicate shared id: 1000 name=com.callback.kms
07-21 20:37:49.950  1266  1266 I PackageManager: /system/app/Qmmi changed; collecting certs
07-21 20:37:49.953  1266  1266 E PackageManager: Adding duplicate shared id: 1000 name=com.qualcomm.qti.qmmi
07-21 20:37:49.953  1266  1266 I pm_critical_info: Adding duplicate shared id: 1000 name=com.qualcomm.qti.qmmi
07-21 20:37:49.954  1266  1266 I PackageManager: /system/app/SecureElement changed; collecting certs
07-21 20:37:49.955  1266  1424 W PackageParser: No actions in intent filter at /system/app/BluetoothExt/BluetoothExt.apk Binary XML file line #48
07-21 20:37:49.957  1266  1266 E PackageManager: Adding duplicate shared id: 1068 name=com.android.se
07-21 20:37:49.957  1266  1266 I pm_critical_info: Adding duplicate shared id: 1068 name=com.android.se
07-21 20:37:49.958  1266  1266 I PackageManager: /system/app/TouchFirmwareUpgrade changed; collecting certs
07-21 20:37:49.961  1266  1266 E PackageManager: Adding duplicate shared id: 1000 name=com.oem.touchfirmwareupgrade
07-21 20:37:49.961  1266  1266 I pm_critical_info: Adding duplicate shared id: 1000 name=com.oem.touchfirmwareupgrade
07-21 20:37:49.962  1266  1266 I PackageManager: /system/app/BluetoothExt changed; collecting certs
07-21 20:37:49.966  1266  1266 E PackageManager: Adding duplicate shared id: 1002 name=org.codeaurora.bluetooth
07-21 20:37:49.966  1266  1266 I pm_critical_info: Adding duplicate shared id: 1002 name=org.codeaurora.bluetooth
07-21 20:37:49.967  1266  1266 I PackageManager: /system/app/SerialPort changed; collecting certs
07-21 20:37:49.973  1266  1266 E PackageManager: Adding duplicate shared id: 1000 name=android_serialport_api.sample
07-21 20:37:49.973  1266  1266 I pm_critical_info: Adding duplicate shared id: 1000 name=android_serialport_api.sample
07-21 20:37:50.003  1426  1426 W ResourceType: CREATING STRING CACHE OF 56 bytes
07-21 20:37:50.005  1266  1422 I dvm_lock_sample: [system_server,0,package-parsing-thread1,35,PackageManagerService.java,-1,java.lang.String[] com.android.server.pm.PackageManagerService$ParallelPackageParserCallback.getStaticOverlayPaths(java.lang.String, java.lang.String),-,-1,java.lang.String[] com.android.server.pm.PackageManagerService$ParallelPackageParserCallback.getStaticOverlayPaths(java.lang.String, java.lang.String),7]
07-21 20:37:50.006  1266  1266 I PackageManager: /system/app/BookmarkProvider changed; collecting certs
07-21 20:37:50.009  1266  1266 I PackageManager: /system/app/OsuLogin changed; collecting certs
07-21 20:37:50.015  1266  1423 W PackageParser: Ignoring duplicate uses-permissions/uses-permissions-sdk-m: android.permission.ACCESS_NETWORK_STATE in package: com.android.bluetooth at: Binary XML file line #80
07-21 20:37:50.015  1266  1423 W PackageParser: Ignoring duplicate uses-permissions/uses-permissions-sdk-m: android.permission.INTERNET in package: com.android.bluetooth at: Binary XML file line #83
07-21 20:37:50.016  1266  1423 W PackageParser: No actions in intent filter at /system/app/Bluetooth/Bluetooth.apk Binary XML file line #274
07-21 20:37:50.021  1266  1266 I PackageManager: /system/app/Traceur changed; collecting certs
07-21 20:37:50.025  1266  1266 I PackageManager: /system/app/Bluetooth changed; collecting certs
07-21 20:37:50.027  1266  1422 W PackageParser: Ignoring duplicate uses-permissions/uses-permissions-sdk-m: android.permission.CHANGE_WIFI_STATE in package: com.android.nfc at: Binary XML file line #53
07-21 20:37:50.028  1266  1422 W PackageParser: Ignoring duplicate uses-permissions/uses-permissions-sdk-m: android.permission.ACCESS_WIFI_STATE in package: com.android.nfc at: Binary XML file line #54
07-21 20:37:50.028  1266  1422 W PackageParser: Ignoring duplicate uses-permissions/uses-permissions-sdk-m: android.permission.NETWORK_SETTINGS in package: com.android.nfc at: Binary XML file line #67
07-21 20:37:50.029  1266  1266 E PackageManager: Adding duplicate shared id: 1002 name=com.android.bluetooth
07-21 20:37:50.029  1266  1266 I pm_critical_info: Adding duplicate shared id: 1002 name=com.android.bluetooth
07-21 20:37:50.030  1266  1266 I PackageManager: /system/app/CompanionDeviceManager changed; collecting certs
07-21 20:37:50.032  1266  1266 I PackageManager: /system/app/EMVCLBinderCallback changed; collecting certs
07-21 20:37:50.033  1266  1266 E PackageManager: Adding duplicate shared id: 1000 name=com.callback.emvcl
07-21 20:37:50.033  1266  1266 I pm_critical_info: Adding duplicate shared id: 1000 name=com.callback.emvcl
07-21 20:37:50.034  1266  1266 I PackageManager: /system/app/NQNfcNci changed; collecting certs
07-21 20:37:50.036  1266  1266 E PackageManager: Adding duplicate shared id: 1027 name=com.android.nfc
07-21 20:37:50.036  1266  1266 I pm_critical_info: Adding duplicate shared id: 1027 name=com.android.nfc
07-21 20:37:50.037  1266  1266 I PackageManager: /system/app/PrintRecommendationService changed; collecting certs
07-21 20:37:50.039  1266  1266 I PackageManager: /system/app/EMList changed; collecting certs
07-21 20:37:50.040  1266  1266 E PackageManager: Adding duplicate shared id: 1000 name=com.oem.engineeringmode.emlist
07-21 20:37:50.040  1266  1266 I pm_critical_info: Adding duplicate shared id: 1000 name=com.oem.engineeringmode.emlist
07-21 20:37:50.040  1266  1423 W PackageParser: Ignoring duplicate uses-permissions/uses-permissions-sdk-m: android.permission.SYSTEM_ALERT_WINDOW in package: com.android.music at: Binary XML file line #39
07-21 20:37:50.041  1266  1423 W PackageParser: No actions in intent filter at /system/app/SnapdragonMusic/SnapdragonMusic.apk Binary XML file line #71
07-21 20:37:50.042  1266  1266 I PackageManager: /system/app/EasterEgg changed; collecting certs
07-21 20:37:50.043  1266  1423 W PackageParser: No actions in intent filter at /system/app/SnapdragonMusic/SnapdragonMusic.apk Binary XML file line #208
07-21 20:37:50.043   952  1011 I ServiceManager: Waiting for service 'package_native' on '/dev/binder'...
07-21 20:37:50.045  1266  1266 I PackageManager: /system/app/SnapdragonMusic changed; collecting certs
07-21 20:37:50.050  1266  1266 I PackageManager: /system/app/SimContact changed; collecting certs
07-21 20:37:50.055  1266  1266 I PackageManager: /system/app/AntHalService changed; collecting certs
07-21 20:37:50.056  1266  1266 E PackageManager: Adding duplicate shared id: 1000 name=com.dsi.ant.server
07-21 20:37:50.056  1266  1266 I pm_critical_info: Adding duplicate shared id: 1000 name=com.dsi.ant.server
07-21 20:37:50.058  1266  1266 I PackageManager: /system/app/LiveWallpapersPicker changed; collecting certs
07-21 20:37:50.060  1266  1266 I PackageManager: /system/app/BasicDreams changed; collecting certs
07-21 20:37:50.062  1266  1266 I PackageManager: /system/app/key_injection changed; collecting certs
07-21 20:37:50.064  1266  1266 E PackageManager: Adding duplicate shared id: 1000 name=com.example.kia.key_injection
07-21 20:37:50.064  1266  1266 I pm_critical_info: Adding duplicate shared id: 1000 name=com.example.kia.key_injection
07-21 20:37:50.070  1266  1266 I PackageManager: /system/app/EMVBinderCallback changed; collecting certs
07-21 20:37:50.071  1266  1266 E PackageManager: Adding duplicate shared id: 1000 name=com.callback.emv
07-21 20:37:50.071  1266  1266 I pm_critical_info: Adding duplicate shared id: 1000 name=com.callback.emv
07-21 20:37:50.073  1266  1266 I PackageManager: /system/app/TouchPanel changed; collecting certs
07-21 20:37:50.075  1266  1266 I PackageManager: /system/app/Key_Bridge changed; collecting certs
07-21 20:37:50.077  1266  1266 E PackageManager: Adding duplicate shared id: 1000 name=com.example.key_bridge
07-21 20:37:50.077  1266  1266 I pm_critical_info: Adding duplicate shared id: 1000 name=com.example.key_bridge
07-21 20:37:50.077  1266  1266 I PackageManager: /system/app/ScannerControl changed; collecting certs
07-21 20:37:50.080  1266  1266 I PackageManager: /system/app/SDPLBinderCallback changed; collecting certs
07-21 20:37:50.082  1266  1266 E PackageManager: Adding duplicate shared id: 1000 name=com.callback.sdpl
07-21 20:37:50.082  1266  1266 I pm_critical_info: Adding duplicate shared id: 1000 name=com.callback.sdpl
07-21 20:37:50.082  1266  1266 I PackageManager: /system/app/ExtShared changed; collecting certs
07-21 20:37:50.086  1266  1266 I PackageManager: /system/app/workloadclassifier changed; collecting certs
07-21 20:37:50.088  1266  1266 E PackageManager: Adding duplicate shared id: 1000 name=com.qualcomm.qti.workloadclassifier
07-21 20:37:50.088  1266  1266 I pm_critical_info: Adding duplicate shared id: 1000 name=com.qualcomm.qti.workloadclassifier
07-21 20:37:50.089  1266  1266 I PackageManager: /system/app/KeyChain changed; collecting certs
07-21 20:37:50.091  1266  1266 E PackageManager: Adding duplicate shared id: 1000 name=com.android.keychain
07-21 20:37:50.091  1266  1266 I pm_critical_info: Adding duplicate shared id: 1000 name=com.android.keychain
07-21 20:37:50.092  1266  1266 I PackageManager: /system/app/SimAppDialog changed; collecting certs
07-21 20:37:50.094  1266  1266 I PackageManager: /system/app/PacProcessor changed; collecting certs
07-21 20:37:50.094  1266  1422 W PackageParser: No actions in intent filter at /system/app/CarrierDefaultApp/CarrierDefaultApp.apk Binary XML file line #43
07-21 20:37:50.096  1266  1266 I PackageManager: /system/app/PrintSpooler changed; collecting certs
07-21 20:37:50.099  1266  1266 I PackageManager: /system/app/CarrierDefaultApp changed; collecting certs
07-21 20:37:50.101  1266  1266 I PackageManager: /system/app/BluetoothMidiService changed; collecting certs
07-21 20:37:50.103  1266  1266 I PackageManager: /system/app/CertInstaller changed; collecting certs
07-21 20:37:50.105  1266  1266 I PackageManager: /system/app/CtsShimPrebuilt changed; collecting certs
07-21 20:37:50.107  1266  1266 I PackageManager: /system/app/WallpaperBackup changed; collecting certs
07-21 20:37:50.109  1266  1266 E PackageManager: Adding duplicate shared id: 1000 name=com.android.wallpaperbackup
07-21 20:37:50.109  1266  1266 I pm_critical_info: Adding duplicate shared id: 1000 name=com.android.wallpaperbackup
07-21 20:37:50.110  1266  1266 I PackageManager: /system/app/QTIDiagServices changed; collecting certs
07-21 20:37:50.111  1266  1266 E PackageManager: Adding duplicate shared id: 1000 name=com.qti.diagservices
07-21 20:37:50.111  1266  1266 I pm_critical_info: Adding duplicate shared id: 1000 name=com.qti.diagservices
07-21 20:37:50.112  1266  1266 I PackageManager: /system/app/Protips changed; collecting certs
07-21 20:37:50.114  1266  1266 I PackageManager: /system/app/BuiltInPrintService changed; collecting certs
07-21 20:37:50.116  1266  1266 I PackageManager: /system/app/PlatformCaptivePortalLogin changed; collecting certs
07-21 20:37:50.118  1266  1266 I PackageManager: /system/app/Stk changed; collecting certs
07-21 20:37:50.120  1266  1266 E PackageManager: Adding duplicate shared id: 1001 name=com.android.stk
07-21 20:37:50.120  1266  1266 I pm_critical_info: Adding duplicate shared id: 1001 name=com.android.stk
07-21 20:37:50.120  1266  1266 D PackageManager: No files in app dir /vendor/priv-app
07-21 20:37:50.131  1266  1266 I PackageManager: /vendor/app/IWlanService changed; collecting certs
07-21 20:37:50.132  1266  1266 E PackageManager: Adding duplicate shared id: 1001 name=vendor.qti.iwlan
07-21 20:37:50.132  1266  1266 I pm_critical_info: Adding duplicate shared id: 1001 name=vendor.qti.iwlan
07-21 20:37:50.133  1266  1266 I PackageManager: /vendor/app/SSGTelemetryService changed; collecting certs
07-21 20:37:50.140  1266  1266 I PackageManager: /vendor/app/QFingerprintService changed; collecting certs
07-21 20:37:50.142  1266  1266 W PackageManager: Failed to parse /vendor/app/QDMA: Missing base APK in /vendor/app/QDMA
07-21 20:37:50.142  1266  1266 W PackageManager: Failed to parse /vendor/app/QDMA-UI: Missing base APK in /vendor/app/QDMA-UI
07-21 20:37:50.142  1266  1266 I PackageManager: /vendor/app/QSensorTest changed; collecting certs
07-21 20:37:50.143   952  1011 I ServiceManager: Waiting for service 'package_native' on '/dev/binder'...
07-21 20:37:50.144  1266  1266 I PackageManager: /vendor/app/ConnectionSecurityService changed; collecting certs
07-21 20:37:50.156  1266  1266 I PackageManager: /vendor/app/TrustZoneAccessService changed; collecting certs
07-21 20:37:50.161  1266  1266 I PackageManager: /vendor/app/CACertService changed; collecting certs
07-21 20:37:50.162  1266  1266 E PackageManager: Adding duplicate shared id: 1001 name=vendor.qti.hardware.cacert.server
07-21 20:37:50.162  1266  1266 I pm_critical_info: Adding duplicate shared id: 1001 name=vendor.qti.hardware.cacert.server
07-21 20:37:50.163  1266  1266 I PackageManager: /vendor/app/CneApp changed; collecting certs
07-21 20:37:50.164  1266  1266 E PackageManager: Adding duplicate shared id: 1001 name=com.qualcomm.qti.cne
07-21 20:37:50.164  1266  1266 I pm_critical_info: Adding duplicate shared id: 1001 name=com.qualcomm.qti.cne
07-21 20:37:50.165  1266  1266 I PackageManager: /vendor/app/TimeService changed; collecting certs
07-21 20:37:50.167  1266  1266 D PackageManager: No files in app dir /odm/priv-app
07-21 20:37:50.167  1266  1266 D PackageManager: No files in app dir /odm/app
07-21 20:37:50.167  1266  1266 D PackageManager: No files in app dir /oem/app
07-21 20:37:50.181  1266  1266 I PackageManager: /product/priv-app/dpmserviceapp changed; collecting certs
07-21 20:37:50.183  1266  1266 E PackageManager: Adding duplicate shared id: 1001 name=com.qti.dpmserviceapp
07-21 20:37:50.183  1266  1266 I pm_critical_info: Adding duplicate shared id: 1001 name=com.qti.dpmserviceapp
07-21 20:37:50.194  1266  1266 I PackageManager: /product/priv-app/WallpaperCropper changed; collecting certs
07-21 20:37:50.201  1266  1266 I PackageManager: /product/priv-app/StorageManager changed; collecting certs
07-21 20:37:50.203  1266  1266 I PackageManager: /product/priv-app/Provision changed; collecting certs
07-21 20:37:50.210  1266  1433 W PackageParser: No actions in intent filter at /product/priv-app/Contacts/Contacts.apk Binary XML file line #412
07-21 20:37:50.213  1266  1266 I PackageManager: /product/priv-app/Contacts changed; collecting certs
07-21 20:37:50.223  1266  1266 I PackageManager: /product/priv-app/seccamservice changed; collecting certs
07-21 20:37:50.244   952  1011 I ServiceManager: Waiting for service 'package_native' on '/dev/binder'...
07-21 20:37:50.248  1266  1266 I PackageManager: New shared user com.android.emergency.uid: id=10099
07-21 20:37:50.248  1266  1266 I PackageManager: /product/priv-app/EmergencyInfo changed; collecting certs
07-21 20:37:50.251  1266  1266 E PackageManager: Adding duplicate app id: 10099 name=com.android.emergency
07-21 20:37:50.251  1266  1266 I pm_critical_info: Adding duplicate app id: 10099 name=com.android.emergency
07-21 20:37:50.253  1266  1266 I PackageManager: /product/priv-app/SettingsIntelligence changed; collecting certs
07-21 20:37:50.269  1266  1266 I PackageManager: /product/priv-app/OneTimeInitializer changed; collecting certs
07-21 20:37:50.289  1266  1266 I PackageManager: /product/priv-app/Launcher3QuickStep changed; collecting certs
07-21 20:37:50.324  1435  1435 W ResourceType: CREATING STRING CACHE OF 8 bytes
07-21 20:37:50.329  1266  1266 I PackageManager: /product/priv-app/CarrierConfig changed; collecting certs
07-21 20:37:50.344   952  1011 I ServiceManager: Waiting for service 'package_native' on '/dev/binder'...
07-21 20:37:50.387  1436  1436 W ResourceType: CREATING STRING CACHE OF 8 bytes
07-21 20:37:50.393  1266  1434 W PackageParser: Ignoring duplicate uses-permissions/uses-permissions-sdk-m: android.permission.CONFIGURE_WIFI_DISPLAY in package: com.android.systemui at: Binary XML file line #156
07-21 20:37:50.408  1266  1434 I PackageParser: Parse times for '/product/priv-app/SystemUI': parse=203ms, update_cache=2 ms
07-21 20:37:50.408  1266  1266 I PackageManager: New shared user android.uid.systemui: id=10104
07-21 20:37:50.408  1266  1266 I PackageManager: /product/priv-app/SystemUI changed; collecting certs
07-21 20:37:50.413  1266  1266 E PackageManager: Adding duplicate app id: 10104 name=com.android.systemui
07-21 20:37:50.413  1266  1266 I pm_critical_info: Adding duplicate app id: 10104 name=com.android.systemui
07-21 20:37:50.444   952  1011 I ServiceManager: Waiting for service 'package_native' on '/dev/binder'...
07-21 20:37:50.466  1266  1432 I PackageParser: Parse times for '/product/priv-app/Settings': parse=289ms, update_cache=8 ms
07-21 20:37:50.466  1266  1266 I PackageManager: /product/priv-app/Settings changed; collecting certs
07-21 20:37:50.470  1266  1266 E PackageManager: Adding duplicate shared id: 1000 name=com.android.settings
07-21 20:37:50.470  1266  1266 I pm_critical_info: Adding duplicate shared id: 1000 name=com.android.settings
07-21 20:37:50.475  1266  1266 W PackageManager: Skipping provider name androidx.lifecycle.process.lifecycle-process (in package com.android.settings): name already used by com.android.systemui
07-21 20:37:50.489  1266  1266 I PackageManager: /product/app/ModuleMetadata changed; collecting certs
07-21 20:37:50.492  1266  1266 I PackageManager: /product/app/com.qualcomm.qti.services.secureui changed; collecting certs
07-21 20:37:50.496  1266  1266 E PackageManager: Adding duplicate shared id: 1000 name=com.qualcomm.qti.services.secureui
07-21 20:37:50.496  1266  1266 I pm_critical_info: Adding duplicate shared id: 1000 name=com.qualcomm.qti.services.secureui
07-21 20:37:50.499  1266  1266 I PackageManager: /product/app/embms changed; collecting certs
07-21 20:37:50.507  1266  1266 I PackageManager: /product/app/uceShimService changed; collecting certs
07-21 20:37:50.510  1266  1266 E PackageManager: Adding duplicate shared id: 1001 name=com.qualcomm.qti.uceShimService
