04-26 02:49:33.942  1445  2213 D Avrcp_ext: AudioManager Player: ID:47 -- type:android.media.MediaPlayer -- u/pid:1000/1789 -- state:idle -- attr:AudioAttributes: usage=USAGE_NOTIFICATION_RINGTONE content=CONTENT_TYPE_SONIFICATION flags=0x800 tags= bundle=null
04-26 02:49:33.942  1445  2213 D Avrcp_ext: AudioManager Player: ID:63 -- type:android.media.MediaPlayer -- u/pid:1000/1789 -- state:idle -- attr:AudioAttributes: usage=USAGE_UNKNOWN content=CONTENT_TYPE_UNKNOWN flags=0x800 tags= bundle=null
04-26 02:49:33.942  1445  2213 D Avrcp_ext: AudioManager Player: ID:23 -- type:android.media.SoundPool -- u/pid:10104/1465 -- state:idle -- attr:AudioAttributes: usage=USAGE_ASSISTANCE_SONIFICATION content=CONTENT_TYPE_SONIFICATION flags=0x800 tags= bundle=null
04-26 02:49:33.942  1445  2213 D Avrcp_ext: AudioManager Player: ID:55 -- type:android.media.MediaPlayer -- u/pid:1000/1789 -- state:idle -- attr:AudioAttributes: usage=USAGE_NOTIFICATION_RINGTONE content=CONTENT_TYPE_SONIFICATION flags=0x800 tags= bundle=null
04-26 02:49:33.942  1445  2213 D Avrcp_ext: AudioManager Player: ID:15 -- type:android.media.SoundPool -- u/pid:1000/1238 -- state:idle -- attr:AudioAttributes: usage=USAGE_ASSISTANCE_SONIFICATION content=CONTENT_TYPE_SONIFICATION flags=0x800 tags= bundle=null
04-26 02:49:33.942  1445  2213 D Avrcp_ext: AudioManager Player: ID:47 -- type:android.media.MediaPlayer -- u/pid:1000/1789 -- state:idle -- attr:AudioAttributes: usage=USAGE_NOTIFICATION_RINGTONE content=CONTENT_TYPE_SONIFICATION flags=0x800 tags= bundle=null
04-26 02:49:33.942  1445  2213 D Avrcp_ext: AudioManager Player: ID:63 -- type:android.media.MediaPlayer -- u/pid:1000/1789 -- state:idle -- attr:AudioAttributes: usage=USAGE_MEDIA content=CONTENT_TYPE_MUSIC flags=0x800 tags= bundle=null
04-26 02:49:33.944   922  4487 D GenericSource: FileSource remote
04-26 02:49:33.944   922  4488 D GenericSource: FileSource remote
04-26 02:49:33.945   920  2927 I MMParserExtractor: Created(0x27e9e0e470)
04-26 02:49:33.946   920  1388 I MMParserExtractor: Created(0x27e9e1b210)
04-26 02:49:33.948  1789  4477 W Ringtone: See the documentation of setStreamType() for what to use instead with android.media.AudioAttributes to qualify your playback use case
04-26 02:49:33.948   922  2924 D NuPlayerDriver: reset(0xf135cd20) at state 4
04-26 02:49:33.948   920  2927 D MediaBufferGroup: creating MemoryDealer
04-26 02:49:33.952   922  4480 D NuPlayerDriver: notifyResetComplete(0xf135cd20)
04-26 02:49:33.952   920  1388 D MediaBufferGroup: creating MemoryDealer
04-26 02:49:33.952   922  2924 D NuPlayerDriver: reset(0xf135cd20) at state 0
04-26 02:49:33.954  1445  2213 D Avrcp_ext: AudioManager Player: ID:23 -- type:android.media.SoundPool -- u/pid:10104/1465 -- state:idle -- attr:AudioAttributes: usage=USAGE_ASSISTANCE_SONIFICATION content=CONTENT_TYPE_SONIFICATION flags=0x800 tags= bundle=null
04-26 02:49:33.954  1445  2213 D Avrcp_ext: AudioManager Player: ID:55 -- type:android.media.MediaPlayer -- u/pid:1000/1789 -- state:idle -- attr:AudioAttributes: usage=USAGE_NOTIFICATION_RINGTONE content=CONTENT_TYPE_SONIFICATION flags=0x800 tags= bundle=null
04-26 02:49:33.954  1445  2213 D Avrcp_ext: AudioManager Player: ID:15 -- type:android.media.SoundPool -- u/pid:1000/1238 -- state:idle -- attr:AudioAttributes: usage=USAGE_ASSISTANCE_SONIFICATION content=CONTENT_TYPE_SONIFICATION flags=0x800 tags= bundle=null
04-26 02:49:33.954  1445  2213 D Avrcp_ext: AudioManager Player: ID:63 -- type:android.media.MediaPlayer -- u/pid:1000/1789 -- state:idle -- attr:AudioAttributes: usage=USAGE_MEDIA content=CONTENT_TYPE_MUSIC flags=0x800 tags= bundle=null
04-26 02:49:33.956  1789  4481 W Ringtone: See the documentation of setStreamType() for what to use instead with android.media.AudioAttributes to qualify your playback use case
04-26 02:49:33.956   922  2933 D NuPlayerDriver: reset(0xecc40be0) at state 4
04-26 02:49:33.957   922  2924 D NuPlayerDriver: NuPlayerDriver(0xf135cd20) created, clientPid(1789)
04-26 02:49:33.957   922  4484 D NuPlayerDriver: notifyResetComplete(0xecc40be0)
04-26 02:49:33.957   922  2933 D NuPlayerDriver: reset(0xecc40be0) at state 0
04-26 02:49:33.958   922  2924 I Codec2Client: Creating a Codec2 client to service "software"
04-26 02:49:33.960  1445  2213 D Avrcp_ext: AudioManager Player: ID:23 -- type:android.media.SoundPool -- u/pid:10104/1465 -- state:idle -- attr:AudioAttributes: usage=USAGE_ASSISTANCE_SONIFICATION content=CONTENT_TYPE_SONIFICATION flags=0x800 tags= bundle=null
04-26 02:49:33.960   922  2924 I Codec2Client: Client to Codec2 service "software" created
04-26 02:49:33.960  1445  2213 D Avrcp_ext: AudioManager Player: ID:71 -- type:android.media.MediaPlayer -- u/pid:1000/1789 -- state:idle -- attr:AudioAttributes: usage=USAGE_UNKNOWN content=CONTENT_TYPE_UNKNOWN flags=0x800 tags= bundle=null
04-26 02:49:33.961  1445  2213 D Avrcp_ext: AudioManager Player: ID:15 -- type:android.media.SoundPool -- u/pid:1000/1238 -- state:idle -- attr:AudioAttributes: usage=USAGE_ASSISTANCE_SONIFICATION content=CONTENT_TYPE_SONIFICATION flags=0x800 tags= bundle=null
04-26 02:49:33.961  1445  2213 D Avrcp_ext: AudioManager Player: ID:63 -- type:android.media.MediaPlayer -- u/pid:1000/1789 -- state:idle -- attr:AudioAttributes: usage=USAGE_MEDIA content=CONTENT_TYPE_MUSIC flags=0x800 tags= bundle=null
04-26 02:49:33.961   922  2924 I ExtendedNuUtils: printFileName fd(11) -> /data/system_de/0/ringtones/alarm_alert_cache
04-26 02:49:33.962  1445  2213 D Avrcp_ext: AudioManager Player: ID:23 -- type:android.media.SoundPool -- u/pid:10104/1465 -- state:idle -- attr:AudioAttributes: usage=USAGE_ASSISTANCE_SONIFICATION content=CONTENT_TYPE_SONIFICATION flags=0x800 tags= bundle=null
04-26 02:49:33.962  1445  2213 D Avrcp_ext: AudioManager Player: ID:71 -- type:android.media.MediaPlayer -- u/pid:1000/1789 -- state:idle -- attr:AudioAttributes: usage=USAGE_VOICE_COMMUNICATION content=CONTENT_TYPE_SPEECH flags=0x800 tags= bundle=null
04-26 02:49:33.962  1445  2213 D Avrcp_ext: AudioManager Player: ID:87 -- type:android.media.MediaPlayer -- u/pid:1000/1789 -- state:idle -- attr:AudioAttributes: usage=USAGE_UNKNOWN content=CONTENT_TYPE_UNKNOWN flags=0x800 tags= bundle=null
04-26 02:49:33.962  1445  2213 D Avrcp_ext: AudioManager Player: ID:15 -- type:android.media.SoundPool -- u/pid:1000/1238 -- state:idle -- attr:AudioAttributes: usage=USAGE_ASSISTANCE_SONIFICATION content=CONTENT_TYPE_SONIFICATION flags=0x800 tags= bundle=null
04-26 02:49:33.962  1445  2213 D Avrcp_ext: AudioManager Player: ID:63 -- type:android.media.MediaPlayer -- u/pid:1000/1789 -- state:idle -- attr:AudioAttributes: usage=USAGE_MEDIA content=CONTENT_TYPE_MUSIC flags=0x800 tags= bundle=null
04-26 02:49:33.963  1445  2213 D Avrcp_ext: AudioManager Player: ID:79 -- type:android.media.MediaPlayer -- u/pid:1000/1789 -- state:idle -- attr:AudioAttributes: usage=USAGE_UNKNOWN content=CONTENT_TYPE_UNKNOWN flags=0x800 tags= bundle=null
04-26 02:49:33.964   922  2924 D NuPlayerDriver: NuPlayerDriver(0xecc40c80) created, clientPid(1789)
04-26 02:49:33.964   922  2933 D NuPlayerDriver: NuPlayerDriver(0xf135cdc0) created, clientPid(1789)
04-26 02:49:33.964   922  4496 D GenericSource: FileSource remote
04-26 02:49:33.965   922  2924 I Codec2Client: Creating a Codec2 client to service "software"
04-26 02:49:33.966   922  2933 I Codec2Client: Creating a Codec2 client to service "software"
04-26 02:49:33.966   920  2927 I MMParserExtractor: Created(0x27e9e15ef0)
04-26 02:49:33.967   922  2924 I Codec2Client: Client to Codec2 service "software" created
04-26 02:49:33.967   922  2933 I Codec2Client: Client to Codec2 service "software" created
04-26 02:49:33.968   922  2924 I ExtendedNuUtils: printFileName fd(11) -> /data/system_de/0/ringtones/notification_sound_cache
04-26 02:49:33.969   920  2927 D MediaBufferGroup: creating MemoryDealer
04-26 02:49:33.970   922  2933 I ExtendedNuUtils: printFileName fd(13) -> /data/system_de/0/ringtones/alarm_alert_cache
04-26 02:49:33.971  1445  2213 D Avrcp_ext: AudioManager Player: ID:23 -- type:android.media.SoundPool -- u/pid:10104/1465 -- state:idle -- attr:AudioAttributes: usage=USAGE_ASSISTANCE_SONIFICATION content=CONTENT_TYPE_SONIFICATION flags=0x800 tags= bundle=null
04-26 02:49:33.971  1445  2213 D Avrcp_ext: AudioManager Player: ID:71 -- type:android.media.MediaPlayer -- u/pid:1000/1789 -- state:idle -- attr:AudioAttributes: usage=USAGE_VOICE_COMMUNICATION content=CONTENT_TYPE_SPEECH flags=0x800 tags= bundle=null
04-26 02:49:33.972  1445  2213 D Avrcp_ext: AudioManager Player: ID:87 -- type:android.media.MediaPlayer -- u/pid:1000/1789 -- state:idle -- attr:AudioAttributes: usage=USAGE_UNKNOWN content=CONTENT_TYPE_UNKNOWN flags=0x800 tags= bundle=null
04-26 02:49:33.972  1445  2213 D Avrcp_ext: AudioManager Player: ID:15 -- type:android.media.SoundPool -- u/pid:1000/1238 -- state:idle -- attr:AudioAttributes: usage=USAGE_ASSISTANCE_SONIFICATION content=CONTENT_TYPE_SONIFICATION flags=0x800 tags= bundle=null
04-26 02:49:33.972  1445  2213 D Avrcp_ext: AudioManager Player: ID:63 -- type:android.media.MediaPlayer -- u/pid:1000/1789 -- state:idle -- attr:AudioAttributes: usage=USAGE_MEDIA content=CONTENT_TYPE_MUSIC flags=0x800 tags= bundle=null
04-26 02:49:33.972  1445  2213 D Avrcp_ext: AudioManager Player: ID:79 -- type:android.media.MediaPlayer -- u/pid:1000/1789 -- state:idle -- attr:AudioAttributes: usage=USAGE_NOTIFICATION_RINGTONE content=CONTENT_TYPE_SONIFICATION flags=0x800 tags= bundle=null
04-26 02:49:33.972  1445  2213 D Avrcp_ext: AudioManager Player: ID:23 -- type:android.media.SoundPool -- u/pid:10104/1465 -- state:idle -- attr:AudioAttributes: usage=USAGE_ASSISTANCE_SONIFICATION content=CONTENT_TYPE_SONIFICATION flags=0x800 tags= bundle=null
04-26 02:49:33.972  1445  2213 D Avrcp_ext: AudioManager Player: ID:71 -- type:android.media.MediaPlayer -- u/pid:1000/1789 -- state:idle -- attr:AudioAttributes: usage=USAGE_VOICE_COMMUNICATION content=CONTENT_TYPE_SPEECH flags=0x800 tags= bundle=null
04-26 02:49:33.972  1445  2213 D Avrcp_ext: AudioManager Player: ID:87 -- type:android.media.MediaPlayer -- u/pid:1000/1789 -- state:idle -- attr:AudioAttributes: usage=USAGE_ALARM content=CONTENT_TYPE_SONIFICATION flags=0x800 tags= bundle=null
04-26 02:49:33.972  1445  2213 D Avrcp_ext: AudioManager Player: ID:15 -- type:android.media.SoundPool -- u/pid:1000/1238 -- state:idle -- attr:AudioAttributes: usage=USAGE_ASSISTANCE_SONIFICATION content=CONTENT_TYPE_SONIFICATION flags=0x800 tags= bundle=null
04-26 02:49:33.972  1445  2213 D Avrcp_ext: AudioManager Player: ID:63 -- type:android.media.MediaPlayer -- u/pid:1000/1789 -- state:idle -- attr:AudioAttributes: usage=USAGE_MEDIA content=CONTENT_TYPE_MUSIC flags=0x800 tags= bundle=null
04-26 02:49:33.972  1445  2213 D Avrcp_ext: AudioManager Player: ID:79 -- type:android.media.MediaPlayer -- u/pid:1000/1789 -- state:idle -- attr:AudioAttributes: usage=USAGE_NOTIFICATION_RINGTONE content=CONTENT_TYPE_SONIFICATION flags=0x800 tags= bundle=null
04-26 02:49:33.974   922  4502 D GenericSource: FileSource remote
04-26 02:49:33.974   922  4501 D GenericSource: FileSource remote
04-26 02:49:33.977   920  1388 I MMParserExtractor: Created(0x27e9e0ea90)
04-26 02:49:33.978   920  2400 I MMParserExtractor: Created(0x27e9e113b0)
04-26 02:49:33.980   920  1388 D MediaBufferGroup: creating MemoryDealer
04-26 02:49:33.986   920  1388 D MediaBufferGroup: creating MemoryDealer
04-26 02:49:33.991  1789  4490 W Ringtone: See the documentation of setStreamType() for what to use instead with android.media.AudioAttributes to qualify your playback use case
04-26 02:49:33.993   922  2924 D NuPlayerDriver: reset(0xecc40c80) at state 4
04-26 02:49:33.995   922  4497 D NuPlayerDriver: notifyResetComplete(0xecc40c80)
04-26 02:49:33.996   922  2924 D NuPlayerDriver: reset(0xecc40c80) at state 0
04-26 02:49:33.999  1445  2213 D Avrcp_ext: AudioManager Player: ID:23 -- type:android.media.SoundPool -- u/pid:10104/1465 -- state:idle -- attr:AudioAttributes: usage=USAGE_ASSISTANCE_SONIFICATION content=CONTENT_TYPE_SONIFICATION flags=0x800 tags= bundle=null
04-26 02:49:33.999  1445  2213 D Avrcp_ext: AudioManager Player: ID:71 -- type:android.media.MediaPlayer -- u/pid:1000/1789 -- state:idle -- attr:AudioAttributes: usage=USAGE_VOICE_COMMUNICATION content=CONTENT_TYPE_SPEECH flags=0x800 tags= bundle=null
04-26 02:49:33.999  1445  2213 D Avrcp_ext: AudioManager Player: ID:87 -- type:android.media.MediaPlayer -- u/pid:1000/1789 -- state:idle -- attr:AudioAttributes: usage=USAGE_ALARM content=CONTENT_TYPE_SONIFICATION flags=0x800 tags= bundle=null
04-26 02:49:33.999  1445  2213 D Avrcp_ext: AudioManager Player: ID:15 -- type:android.media.SoundPool -- u/pid:1000/1238 -- state:idle -- attr:AudioAttributes: usage=USAGE_ASSISTANCE_SONIFICATION content=CONTENT_TYPE_SONIFICATION flags=0x800 tags= bundle=null
04-26 02:49:33.999  1445  2213 D Avrcp_ext: AudioManager Player: ID:63 -- type:android.media.MediaPlayer -- u/pid:1000/1789 -- state:idle -- attr:AudioAttributes: usage=USAGE_MEDIA content=CONTENT_TYPE_MUSIC flags=0x800 tags= bundle=null
04-26 02:49:34.002   922  2924 D NuPlayerDriver: NuPlayerDriver(0xecc40c80) created, clientPid(1789)
04-26 02:49:34.004   922  2924 I Codec2Client: Creating a Codec2 client to service "software"
04-26 02:49:34.006   922  2924 I Codec2Client: Client to Codec2 service "software" created
04-26 02:49:34.007   922  2924 I ExtendedNuUtils: printFileName fd(11) -> /data/system_de/0/ringtones/notification_sound_cache
04-26 02:49:34.009  1445  2213 D Avrcp_ext: AudioManager Player: ID:23 -- type:android.media.SoundPool -- u/pid:10104/1465 -- state:idle -- attr:AudioAttributes: usage=USAGE_ASSISTANCE_SONIFICATION content=CONTENT_TYPE_SONIFICATION flags=0x800 tags= bundle=null
04-26 02:49:34.009  1445  2213 D Avrcp_ext: AudioManager Player: ID:71 -- type:android.media.MediaPlayer -- u/pid:1000/1789 -- state:idle -- attr:AudioAttributes: usage=USAGE_VOICE_COMMUNICATION content=CONTENT_TYPE_SPEECH flags=0x800 tags= bundle=null
04-26 02:49:34.009  1445  2213 D Avrcp_ext: AudioManager Player: ID:87 -- type:android.media.MediaPlayer -- u/pid:1000/1789 -- state:idle -- attr:AudioAttributes: usage=USAGE_ALARM content=CONTENT_TYPE_SONIFICATION flags=0x800 tags= bundle=null
04-26 02:49:34.009  1445  2213 D Avrcp_ext: AudioManager Player: ID:15 -- type:android.media.SoundPool -- u/pid:1000/1238 -- state:idle -- attr:AudioAttributes: usage=USAGE_ASSISTANCE_SONIFICATION content=CONTENT_TYPE_SONIFICATION flags=0x800 tags= bundle=null
04-26 02:49:34.010  1445  2213 D Avrcp_ext: AudioManager Player: ID:63 -- type:android.media.MediaPlayer -- u/pid:1000/1789 -- state:idle -- attr:AudioAttributes: usage=USAGE_MEDIA content=CONTENT_TYPE_MUSIC flags=0x800 tags= bundle=null
04-26 02:49:34.010  1445  2213 D Avrcp_ext: AudioManager Player: ID:95 -- type:android.media.MediaPlayer -- u/pid:1000/1789 -- state:idle -- attr:AudioAttributes: usage=USAGE_NOTIFICATION content=CONTENT_TYPE_SONIFICATION flags=0x800 tags= bundle=null
04-26 02:49:34.010   922  4509 D GenericSource: FileSource remote
04-26 02:49:34.018   920  1388 I MMParserExtractor: Created(0x27e9e1a250)
04-26 02:49:34.020   920  2400 D MediaBufferGroup: creating MemoryDealer
04-26 02:49:37.555  1445  2213 D Avrcp_ext: AudioManager Player: ID:23 -- type:android.media.SoundPool -- u/pid:10104/1465 -- state:idle -- attr:AudioAttributes: usage=USAGE_ASSISTANCE_SONIFICATION content=CONTENT_TYPE_SONIFICATION flags=0x800 tags= bundle=null
04-26 02:49:37.555  1445  2213 D Avrcp_ext: AudioManager Player: ID:71 -- type:android.media.MediaPlayer -- u/pid:1000/1789 -- state:idle -- attr:AudioAttributes: usage=USAGE_VOICE_COMMUNICATION content=CONTENT_TYPE_SPEECH flags=0x800 tags= bundle=null
04-26 02:49:37.555  1445  2213 D Avrcp_ext: AudioManager Player: ID:87 -- type:android.media.MediaPlayer -- u/pid:1000/1789 -- state:idle -- attr:AudioAttributes: usage=USAGE_ALARM content=CONTENT_TYPE_SONIFICATION flags=0x800 tags= bundle=null
04-26 02:49:37.555  1445  2213 D Avrcp_ext: AudioManager Player: ID:63 -- type:android.media.MediaPlayer -- u/pid:1000/1789 -- state:idle -- attr:AudioAttributes: usage=USAGE_MEDIA content=CONTENT_TYPE_MUSIC flags=0x800 tags= bundle=null
04-26 02:49:37.555  1445  2213 D Avrcp_ext: AudioManager Player: ID:95 -- type:android.media.MediaPlayer -- u/pid:1000/1789 -- state:idle -- attr:AudioAttributes: usage=USAGE_NOTIFICATION content=CONTENT_TYPE_SONIFICATION flags=0x800 tags= bundle=null
04-26 02:49:51.372   922  2924 D NuPlayerDriver: reset(0xf135cd20) at state 4
04-26 02:49:51.374   922  4494 D NuPlayerDriver: notifyResetComplete(0xf135cd20)
04-26 02:49:51.375   922  2924 D NuPlayerDriver: reset(0xf135cd20) at state 0
04-26 02:49:51.377   922  2933 D NuPlayerDriver: reset(0xecc40c80) at state 4
04-26 02:49:51.378  1445  2213 D Avrcp_ext: AudioManager Player: ID:23 -- type:android.media.SoundPool -- u/pid:10104/1465 -- state:idle -- attr:AudioAttributes: usage=USAGE_ASSISTANCE_SONIFICATION content=CONTENT_TYPE_SONIFICATION flags=0x800 tags= bundle=null
04-26 02:49:51.378  1445  2213 D Avrcp_ext: AudioManager Player: ID:87 -- type:android.media.MediaPlayer -- u/pid:1000/1789 -- state:idle -- attr:AudioAttributes: usage=USAGE_ALARM content=CONTENT_TYPE_SONIFICATION flags=0x800 tags= bundle=null
04-26 02:49:51.378  1445  2213 D Avrcp_ext: AudioManager Player: ID:63 -- type:android.media.MediaPlayer -- u/pid:1000/1789 -- state:idle -- attr:AudioAttributes: usage=USAGE_MEDIA content=CONTENT_TYPE_MUSIC flags=0x800 tags= bundle=null
04-26 02:49:51.378  1445  2213 D Avrcp_ext: AudioManager Player: ID:95 -- type:android.media.MediaPlayer -- u/pid:1000/1789 -- state:idle -- attr:AudioAttributes: usage=USAGE_NOTIFICATION content=CONTENT_TYPE_SONIFICATION flags=0x800 tags= bundle=null
04-26 02:49:51.382   922  4508 D NuPlayerDriver: notifyResetComplete(0xecc40c80)
04-26 02:49:51.383   922  2933 D NuPlayerDriver: reset(0xecc40c80) at state 0
04-26 02:49:51.383   922  2923 D NuPlayerDriver: reset(0xf135cdc0) at state 4
04-26 02:49:51.385   922  4499 D NuPlayerDriver: notifyResetComplete(0xf135cdc0)
04-26 02:49:51.385   922  2923 D NuPlayerDriver: reset(0xf135cdc0) at state 0
04-26 02:49:51.385  1445  2213 D Avrcp_ext: AudioManager Player: ID:23 -- type:android.media.SoundPool -- u/pid:10104/1465 -- state:idle -- attr:AudioAttributes: usage=USAGE_ASSISTANCE_SONIFICATION content=CONTENT_TYPE_SONIFICATION flags=0x800 tags= bundle=null
04-26 02:49:51.385  1445  2213 D Avrcp_ext: AudioManager Player: ID:87 -- type:android.media.MediaPlayer -- u/pid:1000/1789 -- state:idle -- attr:AudioAttributes: usage=USAGE_ALARM content=CONTENT_TYPE_SONIFICATION flags=0x800 tags= bundle=null
04-26 02:49:51.385  1445  2213 D Avrcp_ext: AudioManager Player: ID:63 -- type:android.media.MediaPlayer -- u/pid:1000/1789 -- state:idle -- attr:AudioAttributes: usage=USAGE_MEDIA content=CONTENT_TYPE_MUSIC flags=0x800 tags= bundle=null
04-26 02:49:51.388  1445  2213 D Avrcp_ext: AudioManager Player: ID:23 -- type:android.media.SoundPool -- u/pid:10104/1465 -- state:idle -- attr:AudioAttributes: usage=USAGE_ASSISTANCE_SONIFICATION content=CONTENT_TYPE_SONIFICATION flags=0x800 tags= bundle=null
04-26 02:49:51.388  1445  2213 D Avrcp_ext: AudioManager Player: ID:63 -- type:android.media.MediaPlayer -- u/pid:1000/1789 -- state:idle -- attr:AudioAttributes: usage=USAGE_MEDIA content=CONTENT_TYPE_MUSIC flags=0x800 tags= bundle=null
04-26 02:49:51.394   922  2924 D NuPlayerDriver: reset(0xf135cc80) at state 4
04-26 02:49:51.397   922  4486 D NuPlayerDriver: notifyResetComplete(0xf135cc80)
04-26 02:49:51.398   922  2924 D NuPlayerDriver: reset(0xf135cc80) at state 0
04-26 02:49:51.400  1445  2213 D Avrcp_ext: AudioManager Player: ID:23 -- type:android.media.SoundPool -- u/pid:10104/1465 -- state:idle -- attr:AudioAttributes: usage=USAGE_ASSISTANCE_SONIFICATION content=CONTENT_TYPE_SONIFICATION flags=0x800 tags= bundle=null
04-26 02:51:15.533  4555  4555 D Wrapper : getField:class android.media.CamcorderProfile field:QUALITY_VGA
04-26 02:51:15.534  4555  4555 D Wrapper : getField:class android.media.CamcorderProfile QUALITY_VGA
04-26 02:51:15.534  4555  4555 D Wrapper : getField:class android.media.CamcorderProfile field:QUALITY_4KDCI
04-26 02:51:15.534  4555  4555 D Wrapper : getField:class android.media.CamcorderProfile QUALITY_4KDCI
04-26 02:51:15.534  4555  4555 D Wrapper : getField:class android.media.CamcorderProfile field:QUALITY_TIME_LAPSE_VGA
04-26 02:51:15.534  4555  4555 D Wrapper : getField:class android.media.CamcorderProfile QUALITY_TIME_LAPSE_VGA
04-26 02:51:15.534  4555  4555 D Wrapper : getField:class android.media.CamcorderProfile field:QUALITY_TIME_LAPSE_4KDCI
04-26 02:51:15.534  4555  4555 D Wrapper : getField:class android.media.CamcorderProfile QUALITY_TIME_LAPSE_4KDCI
04-26 02:51:15.534  4555  4555 D Wrapper : getField:class android.media.CamcorderProfile field:QUALITY_HIGH_SPEED_CIF
04-26 02:51:15.534  4555  4555 D Wrapper : getField:class android.media.CamcorderProfile QUALITY_HIGH_SPEED_CIF
04-26 02:51:15.534  4555  4555 D Wrapper : getField:class android.media.CamcorderProfile field:QUALITY_HIGH_SPEED_VGA
04-26 02:51:15.534  4555  4555 D Wrapper : getField:class android.media.CamcorderProfile QUALITY_HIGH_SPEED_VGA
04-26 02:51:15.534  4555  4555 D Wrapper : getField:class android.media.CamcorderProfile field:QUALITY_HIGH_SPEED_4KDCI
04-26 02:51:15.534  4555  4555 D Wrapper : getField:class android.media.CamcorderProfile QUALITY_HIGH_SPEED_4KDCI
04-26 02:51:15.534  4555  4555 D Wrapper : getField:class android.media.CamcorderProfile field:QUALITY_QHD
04-26 02:51:15.534  4555  4555 D Wrapper : getField:class android.media.CamcorderProfile QUALITY_QHD
04-26 02:51:15.534  4555  4555 D Wrapper : getField:class android.media.CamcorderProfile field:QUALITY_2k
04-26 02:51:17.026  4555  4555 E SnapCam_SettingsManager: Codec = 1, capabilities: mMinFrameWidth = 176 , mMinFrameHeight = 144 , mMaxFrameWidth = 800 , mMaxFrameHeight = 480
04-26 02:51:17.026  4555  4555 E SnapCam_SettingsManager: Codec = 1, capabilities: mMinFrameWidth = 176 , mMinFrameHeight = 144 , mMaxFrameWidth = 800 , mMaxFrameHeight = 480
04-26 02:51:17.031  4555  4555 E SnapCam_SettingsManager: Codec = 1, capabilities: mMinFrameWidth = 176 , mMinFrameHeight = 144 , mMaxFrameWidth = 800 , mMaxFrameHeight = 480
04-26 02:51:17.046  4555  4555 E SnapCam_SettingsManager: Codec = 1, capabilities: mMinFrameWidth = 176 , mMinFrameHeight = 144 , mMaxFrameWidth = 800 , mMaxFrameHeight = 480
04-26 02:51:17.046  4555  4555 E SnapCam_SettingsManager: Codec = 1, capabilities: mMinFrameWidth = 176 , mMinFrameHeight = 144 , mMaxFrameWidth = 800 , mMaxFrameHeight = 480
04-26 02:51:17.506  4555  4555 E SnapCam_SettingsManager: Codec = 1, capabilities: mMinFrameWidth = 176 , mMinFrameHeight = 144 , mMaxFrameWidth = 800 , mMaxFrameHeight = 480
04-26 02:51:17.506  4555  4555 E SnapCam_SettingsManager: Codec = 1, capabilities: mMinFrameWidth = 176 , mMinFrameHeight = 144 , mMaxFrameWidth = 800 , mMaxFrameHeight = 480
04-26 02:51:17.509  4555  4555 E SnapCam_SettingsManager: Codec = 1, capabilities: mMinFrameWidth = 176 , mMinFrameHeight = 144 , mMaxFrameWidth = 800 , mMaxFrameHeight = 480
04-26 02:51:17.519  4555  4555 E SnapCam_SettingsManager: Codec = 1, capabilities: mMinFrameWidth = 176 , mMinFrameHeight = 144 , mMaxFrameWidth = 800 , mMaxFrameHeight = 480
04-26 02:51:17.519  4555  4555 E SnapCam_SettingsManager: Codec = 1, capabilities: mMinFrameWidth = 176 , mMinFrameHeight = 144 , mMaxFrameWidth = 800 , mMaxFrameHeight = 480
04-26 02:51:17.542   920  2927 I MMParserExtractor: Created(0x27e9e15b70)
04-26 02:51:17.552  4555  4625 I OMXClient: IOmx service obtained
04-26 02:51:17.552   928  1996 I OMXMaster: makeComponentInstance(OMX.google.vorbis.decoder) in android.hardwar process
04-26 02:51:17.564   928  1996 E OMXNodeInstance: getConfig(0xecb1ffc0:google.vorbis.decoder, ConfigAndroidVendorExtension(0x6f100004)) ERROR: Undefined(0x80001001)
04-26 02:51:17.565  4555  4625 W ExtendedACodec: Failed to get extension for extradata parameter
04-26 02:51:17.581   920  2927 D MediaBufferGroup: creating MemoryDealer
04-26 02:51:17.708   920  2927 I MMParserExtractor: Created(0x27e9e1b210)
04-26 02:51:17.712  4555  4670 I OMXClient: IOmx service obtained
04-26 02:51:17.712   928  1996 I OMXMaster: makeComponentInstance(OMX.google.vorbis.decoder) in android.hardwar process
04-26 02:51:17.714   928  1996 E OMXNodeInstance: getConfig(0xecb1ffc0:google.vorbis.decoder, ConfigAndroidVendorExtension(0x6f100004)) ERROR: Undefined(0x80001001)
04-26 02:51:17.715  4555  4670 W ExtendedACodec: Failed to get extension for extradata parameter
04-26 02:51:17.723   920  2927 D MediaBufferGroup: creating MemoryDealer
04-26 02:51:17.754   920  2927 I MMParserExtractor: Created(0x27e9e1a330)
04-26 02:51:17.757  4555  4684 I OMXClient: IOmx service obtained
04-26 02:51:17.758   928  1996 I OMXMaster: makeComponentInstance(OMX.google.vorbis.decoder) in android.hardwar process
04-26 02:51:17.759   928  1996 E OMXNodeInstance: getConfig(0xecb1ffc0:google.vorbis.decoder, ConfigAndroidVendorExtension(0x6f100004)) ERROR: Undefined(0x80001001)
04-26 02:51:17.760  4555  4684 W ExtendedACodec: Failed to get extension for extradata parameter
04-26 02:51:17.766   920  2927 D MediaBufferGroup: creating MemoryDealer
04-26 02:51:17.787   920  1388 I MMParserExtractor: Created(0x27e9e1b670)
04-26 02:51:17.790  4555  4696 I OMXClient: IOmx service obtained
04-26 02:51:17.790   928  1996 I OMXMaster: makeComponentInstance(OMX.google.vorbis.decoder) in android.hardwar process
04-26 02:51:17.791   928  1996 E OMXNodeInstance: getConfig(0xecb1ffc0:google.vorbis.decoder, ConfigAndroidVendorExtension(0x6f100004)) ERROR: Undefined(0x80001001)
04-26 02:51:17.792  4555  4696 W ExtendedACodec: Failed to get extension for extradata parameter
04-26 02:51:17.796   920  1388 D MediaBufferGroup: creating MemoryDealer
04-26 02:51:50.681  1445  2213 D Avrcp_ext: AudioManager Player: ID:23 -- type:android.media.SoundPool -- u/pid:10104/1465 -- state:idle -- attr:AudioAttributes: usage=USAGE_ASSISTANCE_SONIFICATION content=CONTENT_TYPE_SONIFICATION flags=0x800 tags= bundle=null
04-26 02:51:50.743  1238  1273 I am_pss  : [2402,10044,android.process.media,13573120,9117696,0,118493184,0,4,10]
04-26 02:51:54.896  4555  4555 E SnapCam_SettingsManager: Codec = 1, capabilities: mMinFrameWidth = 176 , mMinFrameHeight = 144 , mMaxFrameWidth = 800 , mMaxFrameHeight = 480
04-26 02:51:54.896  4555  4555 E SnapCam_SettingsManager: Codec = 1, capabilities: mMinFrameWidth = 176 , mMinFrameHeight = 144 , mMaxFrameWidth = 800 , mMaxFrameHeight = 480
04-26 02:51:54.898  4555  4555 E SnapCam_SettingsManager: Codec = 1, capabilities: mMinFrameWidth = 176 , mMinFrameHeight = 144 , mMaxFrameWidth = 800 , mMaxFrameHeight = 480
04-26 02:51:54.902  4555  4555 E SnapCam_SettingsManager: Codec = 1, capabilities: mMinFrameWidth = 176 , mMinFrameHeight = 144 , mMaxFrameWidth = 800 , mMaxFrameHeight = 480
04-26 02:51:54.903  4555  4555 E SnapCam_SettingsManager: Codec = 1, capabilities: mMinFrameWidth = 176 , mMinFrameHeight = 144 , mMaxFrameWidth = 800 , mMaxFrameHeight = 480
04-26 02:51:54.924   920  1388 I MMParserExtractor: Created(0x27e9e0e470)
04-26 02:51:54.936  4555  4745 I OMXClient: IOmx service obtained
04-26 02:51:54.936   928  1996 I OMXMaster: makeComponentInstance(OMX.google.vorbis.decoder) in android.hardwar process
04-26 02:51:54.939   928  1996 E OMXNodeInstance: getConfig(0xecb1ffc0:google.vorbis.decoder, ConfigAndroidVendorExtension(0x6f100004)) ERROR: Undefined(0x80001001)
04-26 02:51:54.939  4555  4745 W ExtendedACodec: Failed to get extension for extradata parameter
04-26 02:51:54.947   920  1388 D MediaBufferGroup: creating MemoryDealer
04-26 02:51:55.004   920  2927 I MMParserExtractor: Created(0x27e9e113b0)
04-26 02:51:55.007  4555  4750 I OMXClient: IOmx service obtained
04-26 02:51:55.007   928  1996 I OMXMaster: makeComponentInstance(OMX.google.vorbis.decoder) in android.hardwar process
04-26 02:51:55.009   928  1996 E OMXNodeInstance: getConfig(0xecb1ffc0:google.vorbis.decoder, ConfigAndroidVendorExtension(0x6f100004)) ERROR: Undefined(0x80001001)
04-26 02:51:55.009  4555  4750 W ExtendedACodec: Failed to get extension for extradata parameter
04-26 02:51:55.013   920  2927 D MediaBufferGroup: creating MemoryDealer
04-26 02:51:55.036   920  2927 I MMParserExtractor: Created(0x27e9e17af0)
04-26 02:51:55.040  4555  4753 I OMXClient: IOmx service obtained
04-26 02:51:55.040   928  1996 I OMXMaster: makeComponentInstance(OMX.google.vorbis.decoder) in android.hardwar process
04-26 02:51:55.041   928  1996 E OMXNodeInstance: getConfig(0xecb1ffc0:google.vorbis.decoder, ConfigAndroidVendorExtension(0x6f100004)) ERROR: Undefined(0x80001001)
04-26 02:51:55.041  4555  4753 W ExtendedACodec: Failed to get extension for extradata parameter
04-26 02:51:55.045   920  2927 D MediaBufferGroup: creating MemoryDealer
04-26 02:51:55.090   920  2400 I MMParserExtractor: Created(0x27e9e166d0)
04-26 02:51:55.094  4555  4792 I OMXClient: IOmx service obtained
04-26 02:51:55.094   928  1987 I OMXMaster: makeComponentInstance(OMX.google.vorbis.decoder) in android.hardwar process
04-26 02:51:55.095   928  1987 E OMXNodeInstance: getConfig(0xeac48060:google.vorbis.decoder, ConfigAndroidVendorExtension(0x6f100004)) ERROR: Undefined(0x80001001)
04-26 02:51:55.096  4555  4792 W ExtendedACodec: Failed to get extension for extradata parameter
04-26 02:51:55.103   920  2400 D MediaBufferGroup: creating MemoryDealer
04-26 02:52:03.584   660  2457 I msm8974_platform: platform_check_codec_backend_cfg:becf: afe: Codec selected backend: 0 updated bit width: 16 and sample rate: 48000
04-26 02:52:03.592   922  2924 I Codec2Client: Creating a Codec2 client to service "software"
04-26 02:52:03.593   922  2924 I Codec2Client: Client to Codec2 service "software" created
04-26 02:52:03.602   922  4821 I OMXClient: IOmx service obtained
04-26 02:52:03.603   928  1987 I OMXMaster: makeComponentInstance(OMX.qcom.video.encoder.avc) in android.hardwar process
04-26 02:52:03.610   928  1987 I OMX-VENC: Video encode perflock acquired,handle=74
04-26 02:52:03.610     0     0 I msm_vidc: info: Opening video instance: 0000000000000000, 0
04-26 02:52:03.627   928  1987 I OMX-VENC: Component_init : OMX.qcom.video.encoder.avc : return = 0x0
04-26 02:52:03.629   922  4820 I MediaCodec: MediaCodec will operate in async mode
04-26 02:52:03.630   928   928 E OMXNodeInstance: setParameter(0xea362d84:qcom.encoder.avc, OMX.google.android.index.allocateNativeHandle(0x7f00005d): Input:0 en=0) ERROR: UnsupportedSetting(0x80001019)
04-26 02:52:03.630   928  1050 E OMXNodeInstance: setParameter(0xea362d84:qcom.encoder.avc, OMX.google.android.index.allocateNativeHandle(0x7f00005d): Output:1 en=0) ERROR: UnsupportedSetting(0x80001019)
04-26 02:52:03.630   928  1050 W OMXNodeInstance: [0xea362d84:qcom.encoder.avc] component does not support metadata mode; using fallback
04-26 02:52:03.630   922  4821 I ExtendedACodec: setupVideoEncoder()
04-26 02:52:03.630   922  4821 W OMXUtils: do not know color format 0x7fa30c04 = 2141391876
04-26 02:52:03.631   922  4821 W OMXUtils: do not know color format 0x7f000789 = 2130708361
04-26 02:52:03.644   922  4821 I ACodec  : setupAVCEncoderParameters with [profile: High] [level: Level4]
04-26 02:52:03.647   922  4821 I ACodec  : [OMX.qcom.video.encoder.avc] cannot encode HDR static metadata. Ignoring.
04-26 02:52:03.647   922  4821 I ACodec  : setupVideoEncoder succeeded
04-26 02:52:03.648   922  4821 I ExtendedACodec: [OMX.qcom.video.encoder.avc] configure, AMessage : AMessage(what = 'conf', target = 39) = {
04-26 02:52:03.648   922  4821 I ExtendedACodec:   string mime = "video/avc"
04-26 02:52:03.648   922  4821 I ExtendedACodec:   int32_t width = 1920
04-26 02:52:03.648   922  4821 I ExtendedACodec:   int32_t height = 1080
04-26 02:52:03.648   922  4821 I ExtendedACodec:   int32_t stride = 1920
04-26 02:52:03.648   922  4821 I ExtendedACodec:   int32_t slice-height = 1080
04-26 02:52:03.648   922  4821 I ExtendedACodec:   int32_t color-format = 2130708361
04-26 02:52:03.648   922  4821 I ExtendedACodec:   int32_t bitrate = 20000000
04-26 02:52:03.648   922  4821 I ExtendedACodec:   int32_t frame-rate = 30
04-26 02:52:03.648   922  4821 I ExtendedACodec:   int32_t i-frame-interval = 1
04-26 02:52:03.648   922  4821 I ExtendedACodec:   int32_t priority = 0
04-26 02:52:03.648   922  4821 I ExtendedACodec:   int32_t feature-nal-length-bitstream = 1
04-26 02:52:03.648   922  4821 I ExtendedACodec:   int32_t nal-length-in-bytes = 4
04-26 02:52:03.648   922  4821 I ExtendedACodec:   int32_t isNativeRecorder = 1
04-26 02:52:03.648   922  4821 I ExtendedACodec:   int32_t create-input-buffers-suspended = 1
04-26 02:52:03.648   922  4821 I ExtendedACodec:   int32_t encoder = 1
04-26 02:52:03.648   922  4821 I ExtendedACodec: }
04-26 02:52:03.656   922  4821 W OMXUtils: do not know color format 0x7f000789 = 2130708361
04-26 02:52:03.656   928  1987 E OMXNodeInstance: getConfig(0xea362d84:qcom.encoder.avc, ConfigLatency(0x6f800005)) ERROR: UnsupportedIndex(0x8000101a)
04-26 02:52:03.666   928  1996 E OMXNodeInstance: setConfig(0xea362d84:qcom.encoder.avc, ??(0x600001a)) ERROR: UnsupportedIndex(0x8000101a)
04-26 02:52:03.666   922  4821 W ExtendedACodec: Failed to get extension for extradata parameter
04-26 02:52:03.668   928   928 E OMXNodeInstance: getConfig(0xea362d84:qcom.encoder.avc, ??(0x7f000062)) ERROR: UnsupportedSetting(0x80001019)
04-26 02:52:03.669   928  1985 E OMXNodeInstance: getParameter(0xea362d84:qcom.encoder.avc, ParamConsumerUsageBits(0x6f800004)) ERROR: UnsupportedIndex(0x8000101a)
04-26 02:52:03.671   928  1985 D GraphicBufferSource: setting dataspace: 0x104, acquired=0
04-26 02:52:03.671   928  1050 E OMXNodeInstance: getParameter(0xea362d84:qcom.encoder.avc, ParamConsumerUsageBits(0x6f800004)) ERROR: UnsupportedIndex(0x8000101a)
04-26 02:52:03.671   928   928 D GraphicBufferSource: requesting color aspects (R:2(Limited), P:1(BT709_5), M:1(BT709_5), T:3(SMPTE170M))

04-26 02:52:03.783   922  4830 I OMXClient: IOmx service obtained
04-26 02:52:03.785   928  1985 I OMXMaster: makeComponentInstance(OMX.qcom.audio.encoder.aac) in android.hardwar process
04-26 02:52:03.805   928  1985 E         :  component init: role = OMX.qcom.audio.encoder.aac
04-26 02:52:03.822   928  1985 W media.codec: Failed to obtain quirks for omx component 'OMX.qcom.audio.encoder.aac' from XML files
04-26 02:52:03.822   922  4830 I MediaCodec: MediaCodec will operate in async mode
04-26 02:52:03.823   928  1050 E OMXNodeInstance: setConfig(0xe7e3d004:qcom.encoder.aac, ConfigPriority(0x6f800002)) ERROR: UnsupportedIndex(0x8000101a)
04-26 02:52:03.823   922  4830 I ACodec  : codec does not support config priority (err -1010)
04-26 02:52:03.824   928  1050 E OMXNodeInstance: getExtensionIndex(0xe7e3d004:qcom.encoder.aac, OMX.google.android.index.storeMetaDataInBuffers) ERROR: BadParameter(0x80001005)
04-26 02:52:03.825   928  1050 E OMXNodeInstance: setConfig(0xe7e3d004:qcom.encoder.aac, ConfigPriority(0x6f800002)) ERROR: UnsupportedIndex(0x8000101a)
04-26 02:52:03.825   922  4830 I ACodec  : codec does not support config priority (err -1010)
04-26 02:52:03.825   928  1050 E OMXNodeInstance: getConfig(0xe7e3d004:qcom.encoder.aac, ConfigAndroidVendorExtension(0x6f100004)) ERROR: UnsupportedIndex(0x8000101a)
04-26 02:52:03.826   922  4830 W ExtendedACodec: Failed to get extension for extradata parameter
04-26 02:52:04.034  4555  4555 W AudioManager: See the documentation of requestAudioFocus() for what to use instead with android.media.AudioAttributes to qualify your playback use case
04-26 02:52:04.041  1238  1258 I MediaFocusControl: requestAudioFocus() from uid/pid 10047/4555 clientId=android.media.AudioManager@ffce745 callingPack=org.codeaurora.snapcam req=2 flags=0x0 sdk=29
04-26 02:52:04.045   922  4819 I MediaCodecSource: MediaCodecSource (video) starting
04-26 02:52:04.045   922  4819 I MediaCodecSource: MediaCodecSource (video) started
04-26 02:52:04.045   922  4819 I MediaCodecSource: MediaCodecSource (audio) starting
04-26 02:52:04.060   660  4847 I msm8974_platform: platform_check_capture_codec_backend_cfg:txbecf: afe: Codec selected backend: 7 current bit width: 16 and sample rate: 48000, channels 2 format 1
04-26 02:52:04.060   660  4847 I msm8974_platform: platform_check_capture_codec_backend_cfg:txbecf: afe: Codec backend needs to be updated. new bit width: 16 new sample rate: 48000 new channel: 2 new format: 1
04-26 02:52:04.061   922  4819 I MediaCodecSource: MediaCodecSource (audio) started
04-26 02:52:04.270   928  1996 D GraphicBufferSource: got buffer with new dataSpace #104
04-26 02:52:04.270   928  4824 D OMXNodeInstance: Codec resolved it to (R:2(??), P:1(??), M:1(??), T:3(??)) err=0(NO_ERROR)
04-26 02:52:04.270   922  4821 D ACodec  : dataspace changed to 0x10c10000 (R:2(Limited), P:1(BT709_5), M:1(BT709_5), T:3(SMPTE170M)) (R:2(Limited), S:1(BT709), T:3(SMPTE_170M))
04-26 02:52:04.401   922  4819 I MediaCodecSource: encoder (audio) stopping
04-26 02:52:04.424   928  1050 E         : OMX AAC component destroyed
04-26 02:52:04.429   922  4819 I MediaCodecSource: encoder (audio) stopped
04-26 02:52:04.533   922  4819 I MediaCodecSource: encoder (video) stopping
04-26 02:52:04.533   928  1996 E GraphicBufferSource: EOS was already signaled
04-26 02:52:04.533   922  4819 I MediaCodecSource: encoder (audio) stopping
04-26 02:52:04.533   922  4819 I MediaCodecSource: encoder (audio) already stopped
04-26 02:52:04.534   922  4819 I MediaCodecSource: encoder (video) stopping
04-26 02:52:04.568   928  1996 W GraphicBufferSource: onFrameAvailable: EOS is sent, ignoring frame
04-26 02:52:04.600   928  4826 E BufferQueueProducer: [GraphicBufferSource] queueBuffer: BufferQueue has been abandoned
04-26 02:52:04.601     0     0 I msm_vidc: info: Closed video instance: 0000000000000000
04-26 02:52:04.601   928  4825 I OMX-VENC: Component Deinit
04-26 02:52:04.602   928  4825 I OMX-VENC: Video encode perflock released
04-26 02:52:04.608   922  4819 I MediaCodecSource: encoder (video) stopped
04-26 02:52:04.639   928  1987 E BufferQueueProducer: [GraphicBufferSource] queueBuffer: BufferQueue has been abandoned
04-26 02:52:04.645   920  2400 I MMParserExtractor: Created(0x27e9e1cef0)
04-26 02:52:04.660  4555  4555 V SnapCam_CaptureModule: Releasing media recorder.
04-26 02:52:04.669  1238  4734 I MediaFocusControl: abandonAudioFocus() from uid/pid 10047/4555 clientId=android.media.AudioManager@ffce745
04-26 02:52:04.706  4555  4610 V CAM_MediaSaveService: Current video URI: content://media/external/video/media/15
04-26 02:52:04.737  4555  4555 I SnapCam_CaptureModule: onMediaSaved:content://media/external/video/media/15
04-26 02:52:04.754   920  2400 I MMParserExtractor: Created(0x27e9e1b830)
04-26 02:52:04.784   920  2400 I MMParserExtractor: Created(0x27e9e1b670)
04-26 02:52:04.812   922  4889 I OMXClient: IOmx service obtained
04-26 02:52:04.812   928  1987 I OMXMaster: makeComponentInstance(OMX.qcom.video.decoder.avc) in android.hardwar process
04-26 02:52:04.830   928  1987 I OMX-VDEC-1080P: Video slvp perflock acquired
04-26 02:52:04.830   928  1987 I OMX-VDEC-1080P: component_init: OMX.qcom.video.decoder.avc : fd=7
04-26 02:52:04.830     0     0 I msm_vidc: info: Opening video instance: 0000000000000000, 1
04-26 02:52:04.838   928  1987 I OMX-VDEC-1080P: omx_vdec::component_init() success : fd=7
04-26 02:52:04.842   928  1987 E OMX-VDEC-1080P: get_parameter: unknown param 7f000046
04-26 02:52:04.842   928  1987 E OMXNodeInstance: getParameter(0xea38a284:qcom.decoder.avc, ??(0x7f000046)) ERROR: UnsupportedIndex(0x8000101a)
04-26 02:52:04.843   922  4889 I ExtendedACodec: setupVideoDecoder()
04-26 02:52:04.844   928  4825 E OMXNodeInstance: getParameter(0xea38a284:qcom.decoder.avc, ??(0x7f000044)) ERROR: UnsupportedSetting(0x80001019)
04-26 02:52:04.844   928  1987 E OMXNodeInstance: getParameter(0xea38a284:qcom.decoder.avc, ??(0x7f000044)) ERROR: UnsupportedSetting(0x80001019)
04-26 02:52:04.845   928  4825 E OMXNodeInstance: getParameter(0xea38a284:qcom.decoder.avc, ??(0x7f000044)) ERROR: UnsupportedSetting(0x80001019)
04-26 02:52:04.846   928  1987 E OMXNodeInstance: getParameter(0xea38a284:qcom.decoder.avc, ??(0x7f000044)) ERROR: UnsupportedSetting(0x80001019)
04-26 02:52:04.852   922  4889 D ACodec  : Setting [OMX.qcom.video.decoder.avc] input port buffer number: 1
04-26 02:52:04.853   928  1987 E OMX-VDEC-1080P: ERROR: IP Requirements(#4: 7077888) Requested(#1: 7077888)
04-26 02:52:04.853   928  1987 E OMX-VDEC-1080P: set_parameter: Error: 0x80001005, setting param 0x2000001
04-26 02:52:04.853   928  1987 E OMXNodeInstance: setParameter(0xea38a284:qcom.decoder.avc, ParamPortDefinition(0x2000001)) ERROR: BadParameter(0x80001005)
04-26 02:52:04.853   922  4889 W ACodec  : Fail to set [OMX.qcom.video.decoder.avc] input port buffer number: 1
04-26 02:52:04.853   922  4889 D ACodec  : Setting [OMX.qcom.video.decoder.avc] output port buffer number: 1
04-26 02:52:04.879   928  1987 E OMX-VDEC-1080P: OP Requirements: Client count(1) insufficient v/s requested(18)
04-26 02:52:04.879   928  1987 E OMX-VDEC-1080P: ERROR: OP Requirements(#18: 118784) Requested(#1: 118784)
04-26 02:52:04.879   928  1987 E OMX-VDEC-1080P: set_parameter: Error: 0x80001005, setting param 0x2000001
04-26 02:52:04.879   928  1987 E OMXNodeInstance: setParameter(0xea38a284:qcom.decoder.avc, ParamPortDefinition(0x2000001)) ERROR: BadParameter(0x80001005)
04-26 02:52:04.879   922  4889 W ACodec  : Fail to set [OMX.qcom.video.decoder.avc] output port buffer number: 1
04-26 02:52:04.891   922  4889 I ExtendedACodec: Decoder will be in frame by frame mode
04-26 02:52:04.894   922  4889 I ExtendedACodec: Thumbnail mode enabled.
04-26 02:52:04.895   928  1987 E OMXNodeInstance: getParameter(0xea38a284:qcom.decoder.avc, ??(0x7f000044)) ERROR: UnsupportedSetting(0x80001019)
04-26 02:52:04.905   920  1388 D MediaBufferGroup: creating MemoryDealer
04-26 02:52:04.939   928  1996 E OMX-VDEC-1080P: Cannot change C2D buffer requirements with 1 active allocations
04-26 02:52:04.939   928  1996 E OMX-VDEC-1080P: client_buffers.update_buffer_req Failed
04-26 02:52:04.939   928  1996 E OMXNodeInstance: getParameter(0xea38a284:qcom.decoder.avc, ParamPortDefinition(0x2000001)) ERROR: Hardware(0x80001009)
04-26 02:52:04.939   922  4889 E ACodec  : [OMX.qcom.video.decoder.avc] Failed to get port format to send format change
04-26 02:52:05.014   928  1987 E OMXNodeInstance: getParameter(0xea38a284:qcom.decoder.avc, ??(0x7f000044)) ERROR: UnsupportedSetting(0x80001019)
04-26 02:52:05.015   928  1987 E OMXNodeInstance: getParameter(0xea38a284:qcom.decoder.avc, ??(0x7f000044)) ERROR: UnsupportedSetting(0x80001019)
04-26 02:52:05.079   928  1996 I OMX-VDEC-1080P: omx_vdec::component_deinit() complete
04-26 02:52:05.084     0     0 I msm_vidc: info: Closed video instance: 0000000000000000
04-26 02:52:05.088   928  1996 I OMX-VDEC-1080P: Exit OMX vdec Destructor: fd=7
04-26 02:52:05.088   928  1996 I OMX-VDEC-1080P: Video slvp perflock released
04-26 02:52:07.429   922  2933 I Codec2Client: Creating a Codec2 client to service "software"
04-26 02:52:07.435   922  2933 I Codec2Client: Client to Codec2 service "software" created
04-26 02:52:07.450   922  4910 I OMXClient: IOmx service obtained
04-26 02:52:07.451   928  4826 I OMXMaster: makeComponentInstance(OMX.qcom.video.encoder.avc) in android.hardwar process
04-26 02:52:07.460   928  4826 I OMX-VENC: Video encode perflock acquired,handle=80
04-26 02:52:07.460     0     0 I msm_vidc: info: Opening video instance: 0000000000000000, 0
04-26 02:52:07.481   928  4826 I OMX-VENC: Component_init : OMX.qcom.video.encoder.avc : return = 0x0
04-26 02:52:07.486   922  4909 I MediaCodec: MediaCodec will operate in async mode
04-26 02:52:07.488   928  1996 E OMXNodeInstance: setParameter(0xea551004:qcom.encoder.avc, OMX.google.android.index.allocateNativeHandle(0x7f00005d): Input:0 en=0) ERROR: UnsupportedSetting(0x80001019)
04-26 02:52:07.488   928  1987 E OMXNodeInstance: setParameter(0xea551004:qcom.encoder.avc, OMX.google.android.index.allocateNativeHandle(0x7f00005d): Output:1 en=0) ERROR: UnsupportedSetting(0x80001019)
04-26 02:52:07.489   928  1987 W OMXNodeInstance: [0xea551004:qcom.encoder.avc] component does not support metadata mode; using fallback
04-26 02:52:07.489   922  4910 I ExtendedACodec: setupVideoEncoder()
04-26 02:52:07.489   922  4910 W OMXUtils: do not know color format 0x7fa30c04 = 2141391876
04-26 02:52:07.489   922  4910 W OMXUtils: do not know color format 0x7f000789 = 2130708361
04-26 02:52:07.512   922  4910 I ACodec  : setupAVCEncoderParameters with [profile: High] [level: Level4]
04-26 02:52:07.516   922  4910 I ACodec  : [OMX.qcom.video.encoder.avc] cannot encode HDR static metadata. Ignoring.
04-26 02:52:07.517   922  4910 I ACodec  : setupVideoEncoder succeeded
04-26 02:52:07.517   922  4910 I ExtendedACodec: [OMX.qcom.video.encoder.avc] configure, AMessage : AMessage(what = 'conf', target = 48) = {
04-26 02:52:07.517   922  4910 I ExtendedACodec:   string mime = "video/avc"
04-26 02:52:07.517   922  4910 I ExtendedACodec:   int32_t width = 1920
04-26 02:52:07.517   922  4910 I ExtendedACodec:   int32_t height = 1080
04-26 02:52:07.517   922  4910 I ExtendedACodec:   int32_t stride = 1920
04-26 02:52:07.517   922  4910 I ExtendedACodec:   int32_t slice-height = 1080
04-26 02:52:07.517   922  4910 I ExtendedACodec:   int32_t color-format = 2130708361
04-26 02:52:07.517   922  4910 I ExtendedACodec:   int32_t bitrate = 20000000
04-26 02:52:07.517   922  4910 I ExtendedACodec:   int32_t frame-rate = 30
04-26 02:52:07.517   922  4910 I ExtendedACodec:   int32_t i-frame-interval = 1
04-26 02:52:07.517   922  4910 I ExtendedACodec:   int32_t priority = 0
04-26 02:52:07.517   922  4910 I ExtendedACodec:   int32_t feature-nal-length-bitstream = 1
04-26 02:52:07.517   922  4910 I ExtendedACodec:   int32_t nal-length-in-bytes = 4
04-26 02:52:07.517   922  4910 I ExtendedACodec:   int32_t isNativeRecorder = 1
04-26 02:52:07.517   922  4910 I ExtendedACodec:   int32_t create-input-buffers-suspended = 1
04-26 02:52:07.517   922  4910 I ExtendedACodec:   int32_t encoder = 1
04-26 02:52:07.517   922  4910 I ExtendedACodec: }
04-26 02:52:07.522   922  4910 W OMXUtils: do not know color format 0x7f000789 = 2130708361
04-26 02:52:07.522   928  1996 E OMXNodeInstance: getConfig(0xea551004:qcom.encoder.avc, ConfigLatency(0x6f800005)) ERROR: UnsupportedIndex(0x8000101a)
04-26 02:52:07.545   928  4825 E OMXNodeInstance: setConfig(0xea551004:qcom.encoder.avc, ??(0x600001a)) ERROR: UnsupportedIndex(0x8000101a)
04-26 02:52:07.545   922  4910 W ExtendedACodec: Failed to get extension for extradata parameter
04-26 02:52:07.546   928  4914 E OMXNodeInstance: getConfig(0xea551004:qcom.encoder.avc, ??(0x7f000062)) ERROR: UnsupportedSetting(0x80001019)
04-26 02:52:07.549   928  1988 E OMXNodeInstance: getParameter(0xea551004:qcom.encoder.avc, ParamConsumerUsageBits(0x6f800004)) ERROR: UnsupportedIndex(0x8000101a)
04-26 02:52:07.551   928  1988 D GraphicBufferSource: setting dataspace: 0x104, acquired=0
04-26 02:52:07.552   928  4914 E OMXNodeInstance: getParameter(0xea551004:qcom.encoder.avc, ParamConsumerUsageBits(0x6f800004)) ERROR: UnsupportedIndex(0x8000101a)
04-26 02:52:07.552   928  4915 D GraphicBufferSource: requesting color aspects (R:2(Limited), P:1(BT709_5), M:1(BT709_5), T:3(SMPTE170M))

04-26 02:52:07.611   922  4918 I OMXClient: IOmx service obtained
04-26 02:52:07.611   928  4915 I OMXMaster: makeComponentInstance(OMX.qcom.audio.encoder.aac) in android.hardwar process
04-26 02:52:07.615   928  4915 E         :  component init: role = OMX.qcom.audio.encoder.aac
04-26 02:52:07.626   928  4915 W media.codec: Failed to obtain quirks for omx component 'OMX.qcom.audio.encoder.aac' from XML files
04-26 02:52:07.627   922  4918 I MediaCodec: MediaCodec will operate in async mode
04-26 02:52:07.627   928  4915 E OMXNodeInstance: setConfig(0xea568004:qcom.encoder.aac, ConfigPriority(0x6f800002)) ERROR: UnsupportedIndex(0x8000101a)
04-26 02:52:07.627   922  4918 I ACodec  : codec does not support config priority (err -1010)
04-26 02:52:07.628   928  4915 E OMXNodeInstance: getExtensionIndex(0xea568004:qcom.encoder.aac, OMX.google.android.index.storeMetaDataInBuffers) ERROR: BadParameter(0x80001005)
04-26 02:52:07.629   928  4915 E OMXNodeInstance: setConfig(0xea568004:qcom.encoder.aac, ConfigPriority(0x6f800002)) ERROR: UnsupportedIndex(0x8000101a)
04-26 02:52:07.630   922  4918 I ACodec  : codec does not support config priority (err -1010)
04-26 02:52:07.630   928  4915 E OMXNodeInstance: getConfig(0xea568004:qcom.encoder.aac, ConfigAndroidVendorExtension(0x6f100004)) ERROR: UnsupportedIndex(0x8000101a)
04-26 02:52:07.630   922  4918 W ExtendedACodec: Failed to get extension for extradata parameter
04-26 02:52:08.055  4555  4555 W AudioManager: See the documentation of requestAudioFocus() for what to use instead with android.media.AudioAttributes to qualify your playback use case
04-26 02:52:08.056  1238  1258 I MediaFocusControl: requestAudioFocus() from uid/pid 10047/4555 clientId=android.media.AudioManager@ffce745 callingPack=org.codeaurora.snapcam req=2 flags=0x0 sdk=29
04-26 02:52:08.059   922  4907 I MediaCodecSource: MediaCodecSource (video) starting
04-26 02:52:08.059   922  4907 I MediaCodecSource: MediaCodecSource (video) started
04-26 02:52:08.059   922  4907 I MediaCodecSource: MediaCodecSource (audio) starting
04-26 02:52:08.073   922  4907 I MediaCodecSource: MediaCodecSource (audio) started
04-26 02:52:08.074   660  4949 I msm8974_platform: platform_check_capture_codec_backend_cfg:txbecf: afe: Codec selected backend: 7 current bit width: 16 and sample rate: 48000, channels 2 format 1
