07-21 20:37:46.880   638   638 D MediaProfiles: sample rate: 8000
07-21 20:37:46.880   638   638 D MediaProfiles: number of channels: 1
07-21 20:37:46.880   638   638 D MediaProfiles: video codec:
07-21 20:37:46.880   638   638 D MediaProfiles: codec = 2
07-21 20:37:46.880   638   638 D MediaProfiles: bit rate: 20000000
07-21 20:37:46.880   638   638 D MediaProfiles: frame width: 1920
07-21 20:37:46.880   638   638 D MediaProfiles: frame height: 1080
07-21 20:37:46.880   638   638 D MediaProfiles: frame rate: 30
07-21 20:37:46.880   638   638 D MediaProfiles: audio codec:
07-21 20:37:46.880   638   638 D MediaProfiles: codec = 3
07-21 20:37:46.880   638   638 D MediaProfiles: bit rate: 156000
07-21 20:37:46.880   638   638 D MediaProfiles: sample rate: 48000
07-21 20:37:46.880   638   638 D MediaProfiles: number of channels: 2
07-21 20:37:46.880   638   638 D MediaProfiles: video codec:
07-21 20:37:46.880   638   638 D MediaProfiles: codec = 2
07-21 20:37:46.880   638   638 D MediaProfiles: bit rate: 512000
07-21 20:37:46.880   638   638 D MediaProfiles: frame width: 320
07-21 20:37:46.880   638   638 D MediaProfiles: frame height: 240
07-21 20:37:46.880   638   638 D MediaProfiles: frame rate: 30
07-21 20:37:46.880   638   638 D MediaProfiles: audio codec:
07-21 20:37:46.880   638   638 D MediaProfiles: codec = 3
07-21 20:37:46.880   638   638 D MediaProfiles: bit rate: 156000
07-21 20:37:46.880   638   638 D MediaProfiles: sample rate: 48000
07-21 20:37:46.880   638   638 D MediaProfiles: number of channels: 2
07-21 20:37:46.880   638   638 D MediaProfiles: video codec:
07-21 20:37:46.880   638   638 D MediaProfiles: codec = 2
07-21 20:37:46.880   638   638 D MediaProfiles: bit rate: 720000
07-21 20:37:46.880   638   638 D MediaProfiles: frame width: 352
07-21 20:37:46.880   638   638 D MediaProfiles: frame height: 288
07-21 20:37:46.880   638   638 D MediaProfiles: frame rate: 30
07-21 20:37:46.880   638   638 D MediaProfiles: audio codec:
07-21 20:37:46.880   638   638 D MediaProfiles: codec = 1
07-21 20:37:46.880   638   638 D MediaProfiles: bit rate: 12200
07-21 20:37:46.880   638   638 D MediaProfiles: sample rate: 8000
07-21 20:37:46.880   638   638 D MediaProfiles: number of channels: 1
07-21 20:37:46.880   638   638 D MediaProfiles: video codec:
07-21 20:37:46.880   638   638 D MediaProfiles: codec = 2
07-21 20:37:46.880   638   638 D MediaProfiles: bit rate: 2000000
07-21 20:37:46.880   638   638 D MediaProfiles: frame width: 720
07-21 20:37:46.880   638   638 D MediaProfiles: frame height: 480
07-21 20:37:46.880   638   638 D MediaProfiles: frame rate: 30
07-21 20:37:46.880   638   638 D MediaProfiles: audio codec:
07-21 20:37:46.880   638   638 D MediaProfiles: codec = 3
07-21 20:37:46.880   638   638 D MediaProfiles: bit rate: 156000
07-21 20:37:46.880   638   638 D MediaProfiles: sample rate: 48000
07-21 20:37:46.880   638   638 D MediaProfiles: number of channels: 2
07-21 20:37:46.880   638   638 D MediaProfiles: video codec:
07-21 20:37:46.880   638   638 D MediaProfiles: codec = 2
07-21 20:37:46.880   638   638 D MediaProfiles: bit rate: 14000000
07-21 20:37:46.880   638   638 D MediaProfiles: frame width: 1280
07-21 20:37:46.880   638   638 D MediaProfiles: frame height: 720
07-21 20:37:46.880   638   638 D MediaProfiles: frame rate: 30
07-21 20:37:46.880   638   638 D MediaProfiles: audio codec:
07-21 20:37:46.880   638   638 D MediaProfiles: codec = 3
07-21 20:37:46.880   638   638 D MediaProfiles: bit rate: 156000
07-21 20:37:46.880   638   638 D MediaProfiles: sample rate: 48000
07-21 20:37:46.880   638   638 D MediaProfiles: number of channels: 2
07-21 20:37:46.880   638   638 D MediaProfiles: video codec:
07-21 20:37:46.880   638   638 D MediaProfiles: codec = 2
07-21 20:37:46.880   638   638 D MediaProfiles: bit rate: 20000000
07-21 20:37:46.880   638   638 D MediaProfiles: frame width: 1920
07-21 20:37:46.880   638   638 D MediaProfiles: frame height: 1080
07-21 20:37:46.880   638   638 D MediaProfiles: frame rate: 30
07-21 20:37:46.880   638   638 D MediaProfiles: audio codec:
07-21 20:37:46.880   638   638 D MediaProfiles: codec = 3
07-21 20:37:46.880   638   638 D MediaProfiles: bit rate: 156000
07-21 20:37:46.880   638   638 D MediaProfiles: sample rate: 48000
07-21 20:37:46.880   638   638 D MediaProfiles: number of channels: 2
07-21 20:37:46.880   638   638 D MediaProfiles: video codec:
07-21 20:37:46.880   638   638 D MediaProfiles: codec = 2
07-21 20:37:46.880   638   638 D MediaProfiles: bit rate: 42000000
07-21 20:37:46.880   638   638 D MediaProfiles: frame width: 2560
07-21 20:37:46.880   638   638 D MediaProfiles: frame height: 1440
07-21 20:37:46.880   638   638 D MediaProfiles: frame rate: 30
07-21 20:37:46.880   638   638 D MediaProfiles: audio codec:
07-21 20:37:46.880   638   638 D MediaProfiles: codec = 3
07-21 20:37:46.880   638   638 D MediaProfiles: bit rate: 156000
07-21 20:37:46.880   638   638 D MediaProfiles: sample rate: 48000
07-21 20:37:46.880   638   638 D MediaProfiles: number of channels: 2
07-21 20:37:46.880   638   638 D MediaProfiles: video codec:
07-21 20:37:46.880   638   638 D MediaProfiles: codec = 2
07-21 20:37:46.880   638   638 D MediaProfiles: bit rate: 20000000
07-21 20:37:46.880   638   638 D MediaProfiles: frame width: 2048
07-21 20:37:46.880   638   638 D MediaProfiles: frame height: 1080
07-21 20:37:46.880   638   638 D MediaProfiles: frame rate: 30
07-21 20:37:46.880   638   638 D MediaProfiles: audio codec:
07-21 20:37:46.880   638   638 D MediaProfiles: codec = 3
07-21 20:37:46.880   638   638 D MediaProfiles: bit rate: 156000
07-21 20:37:46.880   638   638 D MediaProfiles: sample rate: 48000
07-21 20:37:46.880   638   638 D MediaProfiles: number of channels: 2
07-21 20:37:46.880   638   638 D MediaProfiles: video codec:
07-21 20:37:46.880   638   638 D MediaProfiles: codec = 2
07-21 20:37:46.880   638   638 D MediaProfiles: bit rate: 192000
07-21 20:37:46.880   638   638 D MediaProfiles: frame width: 176
07-21 20:37:46.880   638   638 D MediaProfiles: frame height: 144
07-21 20:37:46.880   638   638 D MediaProfiles: frame rate: 30
07-21 20:37:46.880   638   638 D MediaProfiles: audio codec:
07-21 20:37:46.880   638   638 D MediaProfiles: codec = 1
07-21 20:37:46.880   638   638 D MediaProfiles: bit rate: 12200
07-21 20:37:46.880   638   638 D MediaProfiles: sample rate: 8000
07-21 20:37:46.880   638   638 D MediaProfiles: number of channels: 1
07-21 20:37:46.880   638   638 D MediaProfiles: video codec:
07-21 20:37:46.880   638   638 D MediaProfiles: codec = 2
07-21 20:37:46.880   638   638 D MediaProfiles: bit rate: 2000000
07-21 20:37:46.880   638   638 D MediaProfiles: frame width: 640
07-21 20:37:46.880   638   638 D MediaProfiles: frame height: 480
07-21 20:37:46.880   638   638 D MediaProfiles: frame rate: 30
07-21 20:37:46.880   638   638 D MediaProfiles: audio codec:
07-21 20:37:46.880   638   638 D MediaProfiles: codec = 3
07-21 20:37:46.880   638   638 D MediaProfiles: bit rate: 156000
07-21 20:37:46.880   638   638 D MediaProfiles: sample rate: 48000
07-21 20:37:46.880   638   638 D MediaProfiles: number of channels: 2
07-21 20:37:46.880   638   638 D MediaProfiles: video codec:
07-21 20:37:46.880   638   638 D MediaProfiles: codec = 2
07-21 20:37:46.880   638   638 D MediaProfiles: bit rate: 192000
07-21 20:37:46.880   638   638 D MediaProfiles: frame width: 176
07-21 20:37:46.880   638   638 D MediaProfiles: frame height: 144
07-21 20:37:46.880   638   638 D MediaProfiles: frame rate: 30
07-21 20:37:46.880   638   638 D MediaProfiles: audio codec:
07-21 20:37:46.880   638   638 D MediaProfiles: codec = 1
07-21 20:37:46.880   638   638 D MediaProfiles: bit rate: 12200
07-21 20:37:46.880   638   638 D MediaProfiles: sample rate: 8000
07-21 20:37:46.880   638   638 D MediaProfiles: number of channels: 1
07-21 20:37:46.880   638   638 D MediaProfiles: video codec:
07-21 20:37:46.880   638   638 D MediaProfiles: codec = 2
07-21 20:37:46.880   638   638 D MediaProfiles: bit rate: 20000000
07-21 20:37:46.880   638   638 D MediaProfiles: frame width: 1920
07-21 20:37:46.880   638   638 D MediaProfiles: frame height: 1080
07-21 20:37:46.880   638   638 D MediaProfiles: frame rate: 30
07-21 20:37:46.880   638   638 D MediaProfiles: audio codec:
07-21 20:37:46.880   638   638 D MediaProfiles: codec = 3
07-21 20:37:46.880   638   638 D MediaProfiles: bit rate: 156000
07-21 20:37:46.880   638   638 D MediaProfiles: sample rate: 48000
07-21 20:37:46.880   638   638 D MediaProfiles: number of channels: 2
07-21 20:37:46.880   638   638 D MediaProfiles: video codec:
07-21 20:37:46.880   638   638 D MediaProfiles: codec = 2
07-21 20:37:46.880   638   638 D MediaProfiles: bit rate: 192000
07-21 20:37:46.880   638   638 D MediaProfiles: frame width: 176
07-21 20:37:46.880   638   638 D MediaProfiles: frame height: 144
07-21 20:37:46.880   638   638 D MediaProfiles: frame rate: 30
07-21 20:37:46.880   638   638 D MediaProfiles: audio codec:
07-21 20:37:46.880   638   638 D MediaProfiles: codec = 1
07-21 20:37:46.880   638   638 D MediaProfiles: bit rate: 12200
07-21 20:37:46.880   638   638 D MediaProfiles: sample rate: 8000
07-21 20:37:46.880   638   638 D MediaProfiles: number of channels: 1
07-21 20:37:46.880   638   638 D MediaProfiles: video codec:
07-21 20:37:46.880   638   638 D MediaProfiles: codec = 2
07-21 20:37:46.880   638   638 D MediaProfiles: bit rate: 720000
07-21 20:37:46.880   638   638 D MediaProfiles: frame width: 352
07-21 20:37:46.880   638   638 D MediaProfiles: frame height: 288
07-21 20:37:46.880   638   638 D MediaProfiles: frame rate: 30
07-21 20:37:46.880   638   638 D MediaProfiles: audio codec:
07-21 20:37:46.880   638   638 D MediaProfiles: codec = 1
07-21 20:37:46.880   638   638 D MediaProfiles: bit rate: 12200
07-21 20:37:46.880   638   638 D MediaProfiles: sample rate: 8000
07-21 20:37:46.880   638   638 D MediaProfiles: number of channels: 1
07-21 20:37:46.880   638   638 D MediaProfiles: video codec:
07-21 20:37:46.880   638   638 D MediaProfiles: codec = 2
07-21 20:37:46.880   638   638 D MediaProfiles: bit rate: 512000
07-21 20:37:46.880   638   638 D MediaProfiles: frame width: 320
07-21 20:37:46.880   638   638 D MediaProfiles: frame height: 240
07-21 20:37:46.880   638   638 D MediaProfiles: frame rate: 30
07-21 20:37:46.880   638   638 D MediaProfiles: audio codec:
07-21 20:37:46.880   638   638 D MediaProfiles: codec = 1
07-21 20:37:46.880   638   638 D MediaProfiles: bit rate: 12200
07-21 20:37:46.881   638   638 D MediaProfiles: sample rate: 8000
07-21 20:37:46.881   638   638 D MediaProfiles: number of channels: 1
07-21 20:37:46.881   638   638 D MediaProfiles: video codec:
07-21 20:37:46.881   638   638 D MediaProfiles: codec = 2
07-21 20:37:46.881   638   638 D MediaProfiles: bit rate: 2000000
07-21 20:37:46.881   638   638 D MediaProfiles: frame width: 640
07-21 20:37:46.881   638   638 D MediaProfiles: frame height: 480
07-21 20:37:46.881   638   638 D MediaProfiles: frame rate: 30
07-21 20:37:46.881   638   638 D MediaProfiles: audio codec:
07-21 20:37:46.881   638   638 D MediaProfiles: codec = 1
07-21 20:37:46.881   638   638 D MediaProfiles: bit rate: 12200
07-21 20:37:46.881   638   638 D MediaProfiles: sample rate: 8000
07-21 20:37:46.881   638   638 D MediaProfiles: number of channels: 1
07-21 20:37:46.881   638   638 D MediaProfiles: video codec:
07-21 20:37:46.881   638   638 D MediaProfiles: codec = 2
07-21 20:37:46.881   638   638 D MediaProfiles: bit rate: 2000000
07-21 20:37:46.881   638   638 D MediaProfiles: frame width: 640
07-21 20:37:46.881   638   638 D MediaProfiles: frame height: 480
07-21 20:37:46.881   638   638 D MediaProfiles: frame rate: 30
07-21 20:37:46.881   638   638 D MediaProfiles: audio codec:
07-21 20:37:46.881   638   638 D MediaProfiles: codec = 3
07-21 20:37:46.881   638   638 D MediaProfiles: bit rate: 156000
07-21 20:37:46.881   638   638 D MediaProfiles: sample rate: 48000
07-21 20:37:46.881   638   638 D MediaProfiles: number of channels: 2
07-21 20:37:46.881   638   638 D MediaProfiles: video codec:
07-21 20:37:46.881   638   638 D MediaProfiles: codec = 2
07-21 20:37:46.881   638   638 D MediaProfiles: bit rate: 14000000
07-21 20:37:46.881   638   638 D MediaProfiles: frame width: 1280
07-21 20:37:46.881   638   638 D MediaProfiles: frame height: 720
07-21 20:37:46.881   638   638 D MediaProfiles: frame rate: 30
07-21 20:37:46.881   638   638 D MediaProfiles: audio codec:
07-21 20:37:46.881   638   638 D MediaProfiles: codec = 3
07-21 20:37:46.881   638   638 D MediaProfiles: bit rate: 156000
07-21 20:37:46.881   638   638 D MediaProfiles: sample rate: 48000
07-21 20:37:46.881   638   638 D MediaProfiles: number of channels: 2
07-21 20:37:46.881   638   638 D MediaProfiles: video codec:
07-21 20:37:46.881   638   638 D MediaProfiles: codec = 2
07-21 20:37:46.881   638   638 D MediaProfiles: bit rate: 20000000
07-21 20:37:46.881   638   638 D MediaProfiles: frame width: 1920
07-21 20:37:46.881   638   638 D MediaProfiles: frame height: 1080
07-21 20:37:46.881   638   638 D MediaProfiles: frame rate: 30
07-21 20:37:46.881   638   638 D MediaProfiles: audio codec:
07-21 20:37:46.881   638   638 D MediaProfiles: codec = 3
07-21 20:37:46.881   638   638 D MediaProfiles: bit rate: 156000
07-21 20:37:46.881   638   638 D MediaProfiles: sample rate: 48000
07-21 20:37:46.881   638   638 D MediaProfiles: number of channels: 2
07-21 20:37:46.881   638   638 D MediaProfiles: video codec:
07-21 20:37:46.881   638   638 D MediaProfiles: codec = 2
07-21 20:37:46.881   638   638 D MediaProfiles: bit rate: 42000000
07-21 20:37:46.881   638   638 D MediaProfiles: frame width: 2560
07-21 20:37:46.881   638   638 D MediaProfiles: frame height: 1440
07-21 20:37:46.881   638   638 D MediaProfiles: frame rate: 30
07-21 20:37:46.881   638   638 D MediaProfiles: audio codec:
07-21 20:37:46.881   638   638 D MediaProfiles: codec = 3
07-21 20:37:46.881   638   638 D MediaProfiles: bit rate: 156000
07-21 20:37:46.881   638   638 D MediaProfiles: sample rate: 48000
07-21 20:37:46.881   638   638 D MediaProfiles: number of channels: 2
07-21 20:37:46.881   638   638 D MediaProfiles: video codec:
07-21 20:37:46.881   638   638 D MediaProfiles: codec = 2
07-21 20:37:46.881   638   638 D MediaProfiles: bit rate: 20000000
07-21 20:37:46.881   638   638 D MediaProfiles: frame width: 2048
07-21 20:37:46.881   638   638 D MediaProfiles: frame height: 1080
07-21 20:37:46.881   638   638 D MediaProfiles: frame rate: 30
07-21 20:37:46.881   638   638 D MediaProfiles: audio codec:
07-21 20:37:46.881   638   638 D MediaProfiles: codec = 3
07-21 20:37:46.881   638   638 D MediaProfiles: bit rate: 156000
07-21 20:37:46.881   638   638 D MediaProfiles: sample rate: 48000
07-21 20:37:46.881   638   638 D MediaProfiles: number of channels: 2
07-21 20:37:46.881   638   638 V MediaProfiles: addImageEncodingQualityLevel: cameraId=0, quality=95
07-21 20:37:46.881   638   638 V MediaProfiles: addImageEncodingQualityLevel: cameraId=0, quality=80
07-21 20:37:46.881   638   638 V MediaProfiles: addImageEncodingQualityLevel: cameraId=0, quality=70
07-21 20:37:46.881   638   638 V MediaProfiles: addStartTimeOffset: cameraId=1, offset=1000 ms
07-21 20:37:46.881   638   638 D MediaProfiles: video codec:
07-21 20:37:46.881   638   638 D MediaProfiles: codec = 2
07-21 20:37:46.881   638   638 D MediaProfiles: bit rate: 192000
07-21 20:37:46.881   638   638 D MediaProfiles: frame width: 176
07-21 20:37:46.881   638   638 D MediaProfiles: frame height: 144
07-21 20:37:46.881   638   638 D MediaProfiles: frame rate: 30
07-21 20:37:46.881   638   638 D MediaProfiles: audio codec:
07-21 20:37:46.881   638   638 D MediaProfiles: codec = 1
07-21 20:37:46.881   638   638 D MediaProfiles: bit rate: 12200
07-21 20:37:46.881   638   638 D MediaProfiles: sample rate: 8000
07-21 20:37:46.881   638   638 D MediaProfiles: number of channels: 1
07-21 20:37:46.881   638   638 D MediaProfiles: video codec:
07-21 20:37:46.881   638   638 D MediaProfiles: codec = 2
07-21 20:37:46.881   638   638 D MediaProfiles: bit rate: 20000000
07-21 20:37:46.881   638   638 D MediaProfiles: frame width: 1920
07-21 20:37:46.881   638   638 D MediaProfiles: frame height: 1080
07-21 20:37:46.881   638   638 D MediaProfiles: frame rate: 30
07-21 20:37:46.881   638   638 D MediaProfiles: audio codec:
07-21 20:37:46.881   638   638 D MediaProfiles: codec = 3
07-21 20:37:46.881   638   638 D MediaProfiles: bit rate: 156000
07-21 20:37:46.881   638   638 D MediaProfiles: sample rate: 48000
07-21 20:37:46.881   638   638 D MediaProfiles: number of channels: 2
07-21 20:37:46.881   638   638 D MediaProfiles: video codec:
07-21 20:37:46.881   638   638 D MediaProfiles: codec = 2
07-21 20:37:46.881   638   638 D MediaProfiles: bit rate: 512000
07-21 20:37:46.881   638   638 D MediaProfiles: frame width: 320
07-21 20:37:46.881   638   638 D MediaProfiles: frame height: 240
07-21 20:37:46.881   638   638 D MediaProfiles: frame rate: 30
07-21 20:37:46.881   638   638 D MediaProfiles: audio codec:
07-21 20:37:46.881   638   638 D MediaProfiles: codec = 3
07-21 20:37:46.881   638   638 D MediaProfiles: bit rate: 156000
07-21 20:37:46.881   638   638 D MediaProfiles: sample rate: 48000
07-21 20:37:46.881   638   638 D MediaProfiles: number of channels: 2
07-21 20:37:46.881   638   638 D MediaProfiles: video codec:
07-21 20:37:46.881   638   638 D MediaProfiles: codec = 2
07-21 20:37:46.881   638   638 D MediaProfiles: bit rate: 720000
07-21 20:37:46.881   638   638 D MediaProfiles: frame width: 352
07-21 20:37:46.881   638   638 D MediaProfiles: frame height: 288
07-21 20:37:46.881   638   638 D MediaProfiles: frame rate: 30
07-21 20:37:46.881   638   638 D MediaProfiles: audio codec:
07-21 20:37:46.881   638   638 D MediaProfiles: codec = 1
07-21 20:37:46.881   638   638 D MediaProfiles: bit rate: 12200
07-21 20:37:46.881   638   638 D MediaProfiles: sample rate: 8000
07-21 20:37:46.881   638   638 D MediaProfiles: number of channels: 1
07-21 20:37:46.881   638   638 D MediaProfiles: video codec:
07-21 20:37:46.881   638   638 D MediaProfiles: codec = 2
07-21 20:37:46.881   638   638 D MediaProfiles: bit rate: 2000000
07-21 20:37:46.881   638   638 D MediaProfiles: frame width: 720
07-21 20:37:46.881   638   638 D MediaProfiles: frame height: 480
07-21 20:37:46.881   638   638 D MediaProfiles: frame rate: 30
07-21 20:37:46.881   638   638 D MediaProfiles: audio codec:
07-21 20:37:46.881   638   638 D MediaProfiles: codec = 3
07-21 20:37:46.890     0     0 I msm_cci_init: 1440: hw_version = 0x10060000
07-21 20:37:46.890     0     0 I         : @@@ original_sid = 0x10, valid_flag = 0x01, eeprom_version = 0x01, checksum = 0x03
07-21 20:37:46.890     0     0 I         : @@@ rc = 0, camera_sid = 0x10, eeprom_reg_addr = 0x03 , eeprom_reg_value = 0x32
07-21 20:37:46.891     0     0 I         : @@@ rc = 0, camera_sid = 0x10, eeprom_reg_addr = 0x04 , eeprom_reg_value = 0x30
07-21 20:37:46.891     0     0 I         : @@@ rc = 0, camera_sid = 0x10, eeprom_reg_addr = 0x05 , eeprom_reg_value = 0x32
07-21 20:37:46.891     0     0 I         : @@@ rc = 0, camera_sid = 0x10, eeprom_reg_addr = 0x06 , eeprom_reg_value = 0x30
07-21 20:37:46.891     0     0 I         : @@@ rc = 0, camera_sid = 0x10, eeprom_reg_addr = 0x07 , eeprom_reg_value = 0x30
07-21 20:37:46.891     0     0 I         : @@@ rc = 0, camera_sid = 0x10, eeprom_reg_addr = 0x08 , eeprom_reg_value = 0x38
07-21 20:37:46.891     0     0 I         : @@@ rc = 0, camera_sid = 0x10, eeprom_reg_addr = 0x09 , eeprom_reg_value = 0x30
07-21 20:37:46.892     0     0 I         : @@@ rc = 0, camera_sid = 0x10, eeprom_reg_addr = 0x0a , eeprom_reg_value = 0x38
07-21 20:37:46.892     0     0 I         : @@@ rc = 0, camera_sid = 0x10, eeprom_reg_addr = 0x0b , eeprom_reg_value = 0x31
07-21 20:37:46.892     0     0 I         : @@@ rc = 0, camera_sid = 0x10, eeprom_reg_addr = 0x0c , eeprom_reg_value = 0x32
07-21 20:37:46.895   638   638 I liblog  : 788
07-21 20:37:46.895   638   638 W Zygote  : Class not found for preloading: android.media.audiopolicy.AudioProductStrategies
07-21 20:37:46.895   638   638 W Zygote  : Class not found for preloading: android.media.audiopolicy.AudioVolumeGroups
07-21 20:37:46.933   952  1011 I ServiceManager: Waiting for service 'package_native' on '/dev/binder'...
07-21 20:37:46.967   681  1141 I chatty  : uid=1047(cameraserver) provider@2.4-se expire 3 lines
07-21 20:37:46.971     0     0 E mdss_mdp_cxipeak_vote: cxipeak api fail ret:-22 set_vote :0 new_rate:150000000 prev_rate:412500000
07-21 20:37:46.971     0     0 I mdss_dsi_on-:  
07-21 20:37:46.977   681  1137 I chatty  : uid=1047(cameraserver) provider@2.4-se expire 12 lines
07-21 20:37:46.981   681  1168 I chatty  : uid=1047(cameraserver) provider@2.4-se expire 2 lines
07-21 20:37:46.981   681  1169 I chatty  : uid=1047(cameraserver) provider@2.4-se expire 2 lines
07-21 20:37:46.981   681  1170 I chatty  : uid=1047(cameraserver) provider@2.4-se expire 3 lines
07-21 20:37:46.982   681  1171 I chatty  : uid=1047(cameraserver) provider@2.4-se expire 2 lines
07-21 20:37:46.988   681  1172 I chatty  : uid=1047(cameraserver) provider@2.4-se expire 3 lines
07-21 20:37:46.988   681  1174 I chatty  : uid=1047(cameraserver) provider@2.4-se expire 2 lines
07-21 20:37:46.988     0     0 I input   : sdm660-snd-card-i40 Headset Jack as /devices/platform/soc/soc:qcom,msm-audio-apr/soc:qcom,msm-audio-apr:qcom,q6core-audio/soc:qcom,msm-audio-apr:qcom,q6core-audio:sound/sound/card0/input4
07-21 20:37:46.989     0     0 I input   : sdm660-snd-card-i40 Button Jack as /devices/platform/soc/soc:qcom,msm-audio-apr/soc:qcom,msm-audio-apr:qcom,q6core-audio/soc:qcom,msm-audio-apr:qcom,q6core-audio:sound/sound/card0/input5
07-21 20:37:46.989     0     0 I MSM-CPP cpp_release_hardware: 1216 cpp hw release done
07-21 20:37:46.995   638   638 D TelephonyManager: No /proc/cmdline exception=java.io.FileNotFoundException: /proc/cmdline: open failed: EACCES (Permission denied)
07-21 20:37:46.995   638   638 D TelephonyManager: /proc/cmdline=
07-21 20:37:46.998     0     0 I msm_pm_qos_update_request: update request -1
07-21 20:37:46.998     0     0 I msm_pm_qos_add_request: add request
07-21 20:37:46.999   638   638 W Zygote  : Class not found for preloading: android.view.-$$Lambda$SurfaceView$Cs7TGTdA1lXf9qW8VOJAfEsMjdk
07-21 20:37:47.007   638   638 W Zygote  : Class not found for preloading: android.view.SurfaceView$3
07-21 20:37:47.010     0     0 I msm_pm_qos_update_request: update request 100
07-21 20:37:47.010     0     0 I msm_pm_qos_add_request: add request
07-21 20:37:47.010   638   638 W Zygote  : Class not found for preloading: android.view.textclassifier.-$$Lambda$TextClassificationManager$JIaezIJbMig_-kVzN6oArzkTsJE
07-21 20:37:47.012   681  1181 I chatty  : uid=1047(cameraserver) provider@2.4-se expire 5 lines
07-21 20:37:47.012   681  1182 I chatty  : uid=1047(cameraserver) provider@2.4-se expire 5 lines
07-21 20:37:47.013   681  1184 I chatty  : uid=1047(cameraserver) provider@2.4-se expire 6 lines
07-21 20:37:47.013   681  1186 I chatty  : uid=1047(cameraserver) provider@2.4-se expire 5 lines
07-21 20:37:47.013   681  1188 I chatty  : uid=1047(cameraserver) provider@2.4-se expire 5 lines
07-21 20:37:47.013   681  1189 I chatty  : uid=1047(cameraserver) provider@2.4-se expire 5 lines
07-21 20:37:47.017     0     0 I MSM-CPP cpp_init_hardware: 1135 CPP HW Version: 0x60010002
07-21 20:37:47.017     0     0 E MSM-CPP cpp_init_hardware: 1153 stream_cnt:0
07-21 20:37:47.021   638   638 W Zygote  : Class not found for preloading: com.android.internal.net.NetworkStatsFactory
07-21 20:37:47.028   638   638 W Zygote  : Class not found for preloading: com.android.internal.telephony.-$$Lambda$PhoneSubInfoController$8HFbCDJDN1mrLJG980qYH5MGqMk
07-21 20:37:47.028   638   638 W Zygote  : Class not found for preloading: com.android.internal.telephony.-$$Lambda$PhoneSubInfoController$U28a_EGx2cvmQhDfRRgonMt5Zrc
07-21 20:37:47.029   638   638 W Zygote  : Class not found for preloading: com.android.internal.telephony.-$$Lambda$SubscriptionInfoUpdater$-zZXM9oMRZ3vZz7dJOG19J00Bmw
07-21 20:37:47.029   638   638 W Zygote  : Class not found for preloading: com.android.internal.telephony.-$$Lambda$SubscriptionInfoUpdater$D5yF1HbS4cvCyoAj3FESkPtA_0g
07-21 20:37:47.029   638   638 W Zygote  : Class not found for preloading: com.android.internal.telephony.-$$Lambda$SubscriptionInfoUpdater$MMx9iQX0JVqqMPLTUZhdBubFSzU
07-21 20:37:47.033   638   638 W Zygote  : Class not found for preloading: com.android.internal.telephony.GsmCdmaPhone$3
07-21 20:37:47.033   952  1011 I ServiceManager: Waiting for service 'package_native' on '/dev/binder'...
07-21 20:37:47.034   638   638 W Zygote  : Class not found for preloading: com.android.internal.telephony.NewNitzStateMachine$1
07-21 20:37:47.034   638   638 W Zygote  : Class not found for preloading: com.android.internal.telephony.NewNitzStateMachine
07-21 20:37:47.034   638   638 W Zygote  : Class not found for preloading: com.android.internal.telephony.NewTimeServiceHelper$1
07-21 20:37:47.034   638   638 W Zygote  : Class not found for preloading: com.android.internal.telephony.NewTimeServiceHelper$Listener
07-21 20:37:47.035   638   638 W Zygote  : Class not found for preloading: com.android.internal.telephony.NewTimeServiceHelper
07-21 20:37:47.035   638   638 W Zygote  : Class not found for preloading: com.android.internal.telephony.PhoneConfigurationModels
07-21 20:37:47.036   638   638 W Zygote  : Class not found for preloading: com.android.internal.telephony.SubscriptionController$ScLocalLog
07-21 20:37:47.037   638   638 W Zygote  : Class not found for preloading: com.android.internal.telephony.UiccSmsController
07-21 20:37:47.038   638   638 W Zygote  : Class not found for preloading: com.android.internal.telephony.dataconnection.DcController$2
07-21 20:37:47.041   638   638 W Zygote  : Class not found for preloading: com.android.internal.telephony.imsphone.-$$Lambda$ImsPhoneCallTracker$QlPVd_3u4_verjHUDnkn6zaSe54
07-21 20:37:47.041   638   638 W Zygote  : Class not found for preloading: com.android.internal.telephony.imsphone.ImsPhone$3
07-21 20:37:47.064     0     0 I msm_csid_init: CSID_VERSION = 0x30050000
07-21 20:37:47.065     0     0 E         : msm_csid_irq CSID0_IRQ_STATUS_ADDR = 0x800
07-21 20:37:47.079   638   638 I Zygote  : ...preloaded 7579 classes in 1288ms.
07-21 20:37:47.079   638   638 I zygote64: VMRuntime.preloadDexCaches starting
07-21 20:37:47.085   681  1179 I chatty  : uid=1047(cameraserver) provider@2.4-se expire 23 lines
07-21 20:37:47.091   895   973 I ThermalEngine: Thermal-Server: Adding thermal event listener on fd 36
07-21 20:37:47.092   681  1206 I chatty  : uid=1047(cameraserver) provider@2.4-se expire 2 lines
07-21 20:37:47.094   681  1108 I chatty  : uid=1047(cameraserver) CAM_imgTh expire 3 lines
07-21 20:37:47.095   895   973 I ThermalEngine: Thermal-Server: removing client on fd 36
07-21 20:37:47.105     0     0 I msm_cci_init: 1440: hw_version = 0x10060000
07-21 20:37:47.105     0     0 I         : @@@ original_sid = 0x10, valid_flag = 0x01, eeprom_version = 0x01, checksum = 0x03
07-21 20:37:47.105     0     0 I         : @@@ rc = 0, camera_sid = 0x10, eeprom_reg_addr = 0x03 , eeprom_reg_value = 0x32
07-21 20:37:47.106     0     0 I         : @@@ rc = 0, camera_sid = 0x10, eeprom_reg_addr = 0x04 , eeprom_reg_value = 0x30
07-21 20:37:47.106     0     0 I         : @@@ rc = 0, camera_sid = 0x10, eeprom_reg_addr = 0x05 , eeprom_reg_value = 0x32
07-21 20:37:47.106     0     0 I         : @@@ rc = 0, camera_sid = 0x10, eeprom_reg_addr = 0x06 , eeprom_reg_value = 0x30
07-21 20:37:47.106     0     0 I         : @@@ rc = 0, camera_sid = 0x10, eeprom_reg_addr = 0x07 , eeprom_reg_value = 0x30
07-21 20:37:47.106     0     0 I         : @@@ rc = 0, camera_sid = 0x10, eeprom_reg_addr = 0x08 , eeprom_reg_value = 0x38
07-21 20:37:47.106     0     0 I         : @@@ rc = 0, camera_sid = 0x10, eeprom_reg_addr = 0x09 , eeprom_reg_value = 0x30
07-21 20:37:47.107     0     0 I         : @@@ rc = 0, camera_sid = 0x10, eeprom_reg_addr = 0x0a , eeprom_reg_value = 0x38
07-21 20:37:47.107     0     0 I         : @@@ rc = 0, camera_sid = 0x10, eeprom_reg_addr = 0x0b , eeprom_reg_value = 0x31
07-21 20:37:47.107     0     0 I         : @@@ rc = 0, camera_sid = 0x10, eeprom_reg_addr = 0x0c , eeprom_reg_value = 0x32
07-21 20:37:47.116   638   638 I zygote64: VMRuntime.preloadDexCaches strings total=387108 before=10259 after=10259
07-21 20:37:47.116   638   638 I zygote64: VMRuntime.preloadDexCaches types total=36474 before=7397 after=7664
07-21 20:37:47.116   638   638 I zygote64: VMRuntime.preloadDexCaches fields total=163891 before=8042 after=8243
07-21 20:37:47.116   638   638 I zygote64: VMRuntime.preloadDexCaches methods total=286426 before=11216 after=11643
07-21 20:37:47.116   638   638 I zygote64: VMRuntime.preloadDexCaches finished
07-21 20:37:47.119   638   638 I zygote64: The ClassLoaderContext is a special shared library.
07-21 20:37:47.121   638   638 D ApplicationLoaders: Created zygote-cached class loader: /system/framework/android.hidl.base-V1.0-java.jar
07-21 20:37:47.124   638   638 I zygote64: The ClassLoaderContext is a special shared library.
07-21 20:37:47.126   638   638 D ApplicationLoaders: Created zygote-cached class loader: /system/framework/android.hidl.manager-V1.0-java.jar
07-21 20:37:47.133   952  1011 I ServiceManager: Waiting for service 'package_native' on '/dev/binder'...
07-21 20:37:47.187   681  1183 I chatty  : uid=1047(cameraserver) provider@2.4-se expire 3 lines
07-21 20:37:47.196   681  1208 I chatty  : uid=1047(cameraserver) provider@2.4-se expire 2 lines
07-21 20:37:47.196   681  1209 I chatty  : uid=1047(cameraserver) provider@2.4-se expire 2 lines
07-21 20:37:47.197   681  1210 I chatty  : uid=1047(cameraserver) provider@2.4-se expire 3 lines
07-21 20:37:47.197   681  1211 I chatty  : uid=1047(cameraserver) provider@2.4-se expire 2 lines
07-21 20:37:47.198   681  1212 I chatty  : uid=1047(cameraserver) provider@2.4-se expire 3 lines
07-21 20:37:47.200     0     0 I MSM-CPP cpp_release_hardware: 1216 cpp hw release done
07-21 20:37:47.200   681  1213 I chatty  : uid=1047(cameraserver) provider@2.4-se expire 2 lines
07-21 20:37:47.209     0     0 I msm_pm_qos_update_request: update request -1
07-21 20:37:47.209     0     0 I msm_pm_qos_add_request: add request
07-21 20:37:47.211   910   910 I chatty  : uid=1047(cameraserver) expire 2 lines
07-21 20:37:47.212   681  1178 I chatty  : uid=1047(cameraserver) HwBinder:681_2 expire 8 lines
07-21 20:37:47.218     0     0 I msm_pm_qos_update_request: update request 100
07-21 20:37:47.218     0     0 I msm_pm_qos_add_request: add request
07-21 20:37:47.219   681  1218 I chatty  : uid=1047(cameraserver) provider@2.4-se expire 2 lines
07-21 20:37:47.219   681  1219 I chatty  : uid=1047(cameraserver) provider@2.4-se expire 5 lines
07-21 20:37:47.219   681  1221 I chatty  : uid=1047(cameraserver) provider@2.4-se expire 3 lines
07-21 20:37:47.219   681  1223 I chatty  : uid=1047(cameraserver) provider@2.4-se expire 2 lines
07-21 20:37:47.220   681  1224 I chatty  : uid=1047(cameraserver) provider@2.4-se expire 2 lines
07-21 20:37:47.220   681  1226 I chatty  : uid=1047(cameraserver) provider@2.4-se expire 5 lines
07-21 20:37:47.221   681  1221 I chatty  : uid=1047(cameraserver) provider@2.4-se expire 3 lines
07-21 20:37:47.223   681  1223 I chatty  : uid=1047(cameraserver) provider@2.4-se expire 3 lines
07-21 20:37:47.224     0     0 I MSM-CPP cpp_init_hardware: 1135 CPP HW Version: 0x60010002
07-21 20:37:47.224     0     0 E MSM-CPP cpp_init_hardware: 1153 stream_cnt:0
07-21 20:37:47.227     0     0 I mdss_fb_start_disp_thread: mdss_fb_blank_unblank+0x1ac/0x340: start display thread fb0
07-21 20:37:47.228     0     0 I sn65dsi86_dsi2edp_enable_early: start
07-21 20:37:47.228     0     0 I sn65dsi86_dsi2edp_panel_enable: set to 1
07-21 20:37:47.233   681  1224 I chatty  : uid=1047(cameraserver) provider@2.4-se expire 3 lines
07-21 20:37:47.234   952  1011 I ServiceManager: Waiting for service 'package_native' on '/dev/binder'...
07-21 20:37:47.283     0     0 I msm_csid_init: CSID_VERSION = 0x30050000
07-21 20:37:47.283     0     0 E         : msm_csid_irq CSID0_IRQ_STATUS_ADDR = 0x800
07-21 20:37:47.292   681  1218 I chatty  : uid=1047(cameraserver) provider@2.4-se expire 3 lines
07-21 20:37:47.300   681  1178 I chatty  : uid=1047(cameraserver) HwBinder:681_2 expire 26 lines
07-21 20:37:47.309   895   973 I ThermalEngine: Thermal-Server: Adding thermal event listener on fd 36
07-21 20:37:47.309   681  1248 I chatty  : uid=1047(cameraserver) provider@2.4-se expire 2 lines
07-21 20:37:47.310   681  1216 I chatty  : uid=1047(cameraserver) provider@2.4-se expire 23 lines
07-21 20:37:47.313   681   681 I chatty  : uid=1047(cameraserver) provider@2.4-se expire 31 lines
07-21 20:37:47.317   681  1108 I chatty  : uid=1047(cameraserver) CAM_imgTh expire 6 lines
07-21 20:37:47.318   895   973 I ThermalEngine: Thermal-Server: removing client on fd 36
07-21 20:37:47.323     0     0 I msm_cci_init: 1440: hw_version = 0x10060000
07-21 20:37:47.324     0     0 I         : @@@ original_sid = 0x10, valid_flag = 0x01, eeprom_version = 0x01, checksum = 0x03
07-21 20:37:47.324     0     0 I         : @@@ rc = 0, camera_sid = 0x10, eeprom_reg_addr = 0x03 , eeprom_reg_value = 0x32
07-21 20:37:47.324     0     0 I         : @@@ rc = 0, camera_sid = 0x10, eeprom_reg_addr = 0x04 , eeprom_reg_value = 0x30
07-21 20:37:47.324     0     0 I         : @@@ rc = 0, camera_sid = 0x10, eeprom_reg_addr = 0x05 , eeprom_reg_value = 0x32
07-21 20:37:47.324     0     0 I         : @@@ rc = 0, camera_sid = 0x10, eeprom_reg_addr = 0x06 , eeprom_reg_value = 0x30
07-21 20:37:47.324     0     0 I         : @@@ rc = 0, camera_sid = 0x10, eeprom_reg_addr = 0x07 , eeprom_reg_value = 0x30
07-21 20:37:47.325     0     0 I         : @@@ rc = 0, camera_sid = 0x10, eeprom_reg_addr = 0x08 , eeprom_reg_value = 0x38
07-21 20:37:47.325     0     0 I         : @@@ rc = 0, camera_sid = 0x10, eeprom_reg_addr = 0x09 , eeprom_reg_value = 0x30
07-21 20:37:47.325     0     0 I         : @@@ rc = 0, camera_sid = 0x10, eeprom_reg_addr = 0x0a , eeprom_reg_value = 0x38
07-21 20:37:47.325     0     0 I         : @@@ rc = 0, camera_sid = 0x10, eeprom_reg_addr = 0x0b , eeprom_reg_value = 0x31
07-21 20:37:47.325     0     0 I         : @@@ rc = 0, camera_sid = 0x10, eeprom_reg_addr = 0x0c , eeprom_reg_value = 0x32
07-21 20:37:47.334   952  1011 I ServiceManager: Waiting for service 'package_native' on '/dev/binder'...
07-21 20:37:47.367     0     0 I sn65dsi86_dsi2edp_enable_early: done
07-21 20:37:47.367     0     0 I sn65dsi86_dsi2edp_enable_lately: start for first time
07-21 20:37:47.367     0     0 I sn65dsi86_dsi2edp_enable_lately: start
07-21 20:37:47.394   677   677 W hardware_info: update_hardware_info_bear: Not an SDM device
07-21 20:37:47.397   681  1220 I chatty  : uid=1047(cameraserver) provider@2.4-se expire 3 lines
07-21 20:37:47.408   681  1252 I chatty  : uid=1047(cameraserver) provider@2.4-se expire 2 lines
07-21 20:37:47.416   681  1253 I chatty  : uid=1047(cameraserver) provider@2.4-se expire 2 lines
07-21 20:37:47.416   681  1254 I chatty  : uid=1047(cameraserver) provider@2.4-se expire 3 lines
07-21 20:37:47.417   681  1256 I chatty  : uid=1047(cameraserver) provider@2.4-se expire 3 lines
07-21 20:37:47.417   681  1257 I chatty  : uid=1047(cameraserver) provider@2.4-se expire 2 lines
07-21 20:37:47.417   681  1255 I chatty  : uid=1047(cameraserver) provider@2.4-se expire 2 lines
07-21 20:37:47.418     0     0 I MSM-CPP cpp_release_hardware: 1216 cpp hw release done
07-21 20:37:47.426     0     0 I msm_pm_qos_update_request: update request -1
07-21 20:37:47.426     0     0 I msm_pm_qos_add_request: add request
07-21 20:37:47.426   910   910 I chatty  : uid=1047(cameraserver) expire 12 lines
07-21 20:37:47.427   910  1061 I chatty  : uid=1047(cameraserver) HwBinder:910_1 expire 4 lines
07-21 20:37:47.428   910  1067 I chatty  : uid=1047(cameraserver) HwBinder:910_3 expire 1 line
07-21 20:37:47.435   952  1011 I ServiceManager: Waiting for service 'package_native' on '/dev/binder'...
07-21 20:37:47.535   952  1011 I ServiceManager: Waiting for service 'package_native' on '/dev/binder'...
07-21 20:37:47.616   731  1077 I tftp_server: pid=731 tid=1077 tftp-server : INF :[tftp_server.c, 1499] WRQ stats : total-blocks = 1 : total-bytes = 5 : 5 timedout-pkts = 0, wrong-pkts = 0
07-21 20:37:47.616   731  1077 I tftp_server: pid=731 tid=1077 tftp-server : INF :[tftp_server.c, 1507] WRQ file stats [port: 29]: Total : [fwrite, fflush] = [9, 3025] max: 9 min: 0
07-21 20:37:47.616   731  1077 I tftp_server: pid=731 tid=1077 tftp-server : INF :[tftp_server.c, 1511] WRQ time stats : Total : [TX, RX] = [46, 1051515]
07-21 20:37:47.616   731  1077 I tftp_server: pid=731 tid=1077 tftp-server : INF :[tftp_server.c, 1515] WRQ time stats : Tx [Min, Max] = [20, 26]
07-21 20:37:47.616   731  1077 I tftp_server: pid=731 tid=1077 tftp-server : INF :[tftp_server.c, 1520] WRQ time stats [port : 29]: Rx [Min, Max] = [416, 1051099]
07-21 20:37:47.616   731  1077 I tftp_server: pid=731 tid=1077 tftp-server : INF :[tftp_server.c, 1807] WRQ Total API = 1057728
07-21 20:37:47.635   952  1011 I ServiceManager: Waiting for service 'package_native' on '/dev/binder'...
07-21 20:37:47.696     0     0 E         : msm_qti_pp_get_rms_value_control, back not active to query rms be_idx:3
07-21 20:37:47.710     0     0 I core_get_license_status: cmdrsp_license_result.result = 0x15 for module 0x131ff
07-21 20:37:47.711     0     0 E msm-ext-disp-audio-codec-rx soc: qcom,msm-ext-disp:qcom,msm-ext-disp-audio-codec-rx: msm_ext_disp_audio_type_get: Display cable disconnected
07-21 20:37:47.711     0     0 E msm-ext-disp-audio-codec-rx soc: qcom,msm-ext-disp:qcom,msm-ext-disp-audio-codec-rx: msm_ext_disp_audio_type_get: Display cable disconnected
07-21 20:37:47.723   677   798 W hardware_info: update_hardware_info_bear: Not an SDM device
07-21 20:37:47.724   677   798 W hardware_info: update_hardware_info_bear: Not an SDM device
07-21 20:37:47.732     0     0 E         : msm_pcm_path_latency_ctl_get substream runtime not found
07-21 20:37:47.733   677   798 D platform_info: platform_info_init: platform info file name is /vendor/etc/audio_platform_info_i40.xml
07-21 20:37:47.735   952  1011 I ServiceManager: Waiting for service 'package_native' on '/dev/binder'...
07-21 20:37:47.739   677   798 E platform_info: process_backend_name: Device SND_DEVICE_IN_HANDSET_STEREO_DMIC not found, no ACDB ID set!
07-21 20:37:47.739   677   798 E platform_info: process_backend_name: Device SND_DEVICE_IN_SPEAKER_STEREO_DMIC not found, no ACDB ID set!
07-21 20:37:47.740   677   798 E platform_info: process_backend_name: Device SND_DEVICE_OUT_VOICE_SPEAKER_AND_VOICE_HEADPHONES not found, no ACDB ID set!
07-21 20:37:47.740   677   798 E platform_info: process_backend_name: Device SND_DEVICE_OUT_VOICE_SPEAKER_AND_VOICE_ANC_HEADSET not found, no ACDB ID set!
07-21 20:37:47.742   677   798 E platform_info: process_snd_dev: Sound device not valid
07-21 20:37:47.742   677   798 E platform_info: start_tag: Error in previous tags, do not process mic info
07-21 20:37:47.742   677   798 E platform_info: start_tag: Error in previous tags, do not process mic info
07-21 20:37:47.742   677   798 E platform_info: process_snd_dev: Sound device not valid
07-21 20:37:47.742   677   798 E platform_info: start_tag: Error in previous tags, do not process mic info
07-21 20:37:47.742   677   798 E platform_info: start_tag: Error in previous tags, do not process mic info
07-21 20:37:47.743     0     0 I chatty  : uid=0(root) logd identical 4 lines
07-21 20:37:47.748     0     0 E         : msm_pcm_path_latency_ctl_get substream runtime not found
07-21 20:37:47.797     0     0 I sn65dsi86_dsi2edp_enable_lately_2nd_part: start
07-21 20:37:47.836   952  1011 I ServiceManager: Waiting for service 'package_native' on '/dev/binder'...
07-21 20:37:47.872   731  1080 I tftp_server: pid=731 tid=1080 tftp-server : INF :[tftp_server.c, 1318] RRQ stats [port: 3689408]: sent_size = 40 total-blocks = 481 total-bytes = 3689408 timedout-pkts = 
07-21 20:37:47.872   731  1080 I tftp_server: pid=731 tid=1080 tftp-server : INF :[tftp_server.c, 1325] RRQ file stats [port: 40]: fread [Total, Max, Min] = [12510, 636, 0]
07-21 20:37:47.872   731  1080 I tftp_server: pid=731 tid=1080 tftp-server : INF :[tftp_server.c, 1329] RRQ time stats : Total : [TX, RX] = [1042677, 239462]
07-21 20:37:47.872   731  1080 I tftp_server: pid=731 tid=1080 tftp-server : INF :[tftp_server.c, 1336] RRQ time stats [port: 40]: Tx/Rx [Min, Max] = [16, 7676, 252, 7472]
07-21 20:37:47.872   731  1080 I tftp_server: pid=731 tid=1080 tftp-server : INF :[tftp_server.c, 1352] RRQ was successfully processed.
07-21 20:37:47.872   731  1080 I tftp_server: pid=731 tid=1080 tftp-server : INF :[tftp_server.c, 1807] RRQ Total API = 1305028
07-21 20:37:47.877     0     0 I sn65dsi86_dsi2edp_enable: DP_PLL_LOCK=85(LOCK)
07-21 20:37:47.913   677   677 W sound_trigger_platform: load_acdb: acdb_loader_send_listen_device_cal_v1 not found. undefined symbol: acdb_loader_send_listen_device_cal_v1
07-21 20:37:47.913   677   677 W sound_trigger_platform: load_acdb: acdb_loader_send_listen_lsm_cal_v1 not found. undefined symbol: acdb_loader_send_listen_lsm_cal_v1
07-21 20:37:47.913   677   677 D platform_info: platform_info_init: platform info file name is audio_platform_info.xml
07-21 20:37:47.913   677   677 D platform_info: platform_info_init: Failed to open audio_platform_info.xml, using defaults.
07-21 20:37:47.916   677   677 D         : [ACDB Command]->SW Minor/Major/Revision version info for /vendor/etc/acdbdata/QRD/sdm660-snd-card-i40/QRD_I40_Bluetooth_cal.acdb
07-21 20:37:47.916   677   677 D         : [ACDB Command]->ACDB Sw Major = 9, ACDB Sw Minor = 0, ACDB Sw Revision = 4, ACDB Sw Cpl Number = 0
07-21 20:37:47.916   677   677 D         : [ACDB Command]->ACDB File Major = 9, ACDB File Minor = 0, ACDB File Revision = 11, ACDB File Cpl Number = 0
07-21 20:37:47.916   638   638 I Zygote  : Preloading resources...
07-21 20:37:47.934   638   638 W Resources: Preloaded drawable resource #0x108027d (android:drawable/dialog_background_material) that varies with configuration!!
07-21 20:37:47.936   952  1011 I ServiceManager: Waiting for service 'package_native' on '/dev/binder'...
07-21 20:37:47.952   638   638 I Zygote  : ...preloaded 64 resources in 36ms.
07-21 20:37:47.956   638   638 I Zygote  : ...preloaded 41 resources in 4ms.
07-21 20:37:47.983   638   638 D libEGL  : loaded /vendor/lib64/egl/libEGL_adreno.so
07-21 20:37:48.007     0     0 I sn65dsi86_dsi2edp_enable_lately_2nd_part: DisplayPort Link Semi-Auto train Success!!
07-21 20:37:48.036   952  1011 I ServiceManager: Waiting for service 'package_native' on '/dev/binder'...
07-21 20:37:48.049   677   677 D         : [ACDB Command]->SW Minor/Major/Revision version info for /vendor/etc/acdbdata/QRD/sdm660-snd-card-i40/QRD_I40_Handset_cal.acdb
07-21 20:37:48.049   677   677 D         : [ACDB Command]->ACDB Sw Major = 9, ACDB Sw Minor = 0, ACDB Sw Revision = 4, ACDB Sw Cpl Number = 0
07-21 20:37:48.049   677   677 D         : [ACDB Command]->ACDB File Major = 9, ACDB File Minor = 0, ACDB File Revision = 11, ACDB File Cpl Number = 0
07-21 20:37:48.051   677   677 D         : [ACDB Command]->SW Minor/Major/Revision version info for /vendor/etc/acdbdata/QRD/sdm660-snd-card-i40/QRD_I40_Headset_cal.acdb
07-21 20:37:48.051   677   677 D         : [ACDB Command]->ACDB Sw Major = 9, ACDB Sw Minor = 0, ACDB Sw Revision = 4, ACDB Sw Cpl Number = 0
07-21 20:37:48.051   677   677 D         : [ACDB Command]->ACDB File Major = 9, ACDB File Minor = 0, ACDB File Revision = 11, ACDB File Cpl Number = 0
07-21 20:37:48.053   677   677 D         : [ACDB Command]->SW Minor/Major/Revision version info for /vendor/etc/acdbdata/QRD/sdm660-snd-card-i40/QRD_I40_General_cal.acdb
07-21 20:37:48.053   677   677 D         : [ACDB Command]->ACDB Sw Major = 9, ACDB Sw Minor = 0, ACDB Sw Revision = 4, ACDB Sw Cpl Number = 0
07-21 20:37:48.053   677   677 D         : [ACDB Command]->ACDB File Major = 9, ACDB File Minor = 0, ACDB File Revision = 11, ACDB File Cpl Number = 0
07-21 20:37:48.054   677   677 D         : [ACDB Command]->SW Minor/Major/Revision version info for /vendor/etc/acdbdata/QRD/sdm660-snd-card-i40/QRD_I40_workspaceFile.qwsp
07-21 20:37:48.054   677   677 D         : [ACDB Command]->ACDB Sw Major = 9, ACDB Sw Minor = 0, ACDB Sw Revision = 4, ACDB Sw Cpl Number = 0
07-21 20:37:48.054   677   677 D         : [ACDB Command]->ACDB File Major = 9, ACDB File Minor = 0, ACDB File Revision = 11
07-21 20:37:48.055   677   677 D         : [ACDB Command]->SW Minor/Major/Revision version info for /vendor/etc/acdbdata/QRD/sdm660-snd-card-i40/QRD_I40_Global_cal.acdb
07-21 20:37:48.055   677   677 D         : [ACDB Command]->ACDB Sw Major = 9, ACDB Sw Minor = 0, ACDB Sw Revision = 4, ACDB Sw Cpl Number = 0
07-21 20:37:48.055   677   677 D         : [ACDB Command]->ACDB File Major = 9, ACDB File Minor = 0, ACDB File Revision = 11, ACDB File Cpl Number = 0
07-21 20:37:48.056   677   677 D         : [ACDB Command]->SW Minor/Major/Revision version info for /vendor/etc/acdbdata/QRD/sdm660-snd-card-i40/QRD_I40_Hdmi_cal.acdb
07-21 20:37:48.056   677   677 D         : [ACDB Command]->ACDB Sw Major = 9, ACDB Sw Minor = 0, ACDB Sw Revision = 4, ACDB Sw Cpl Number = 0
07-21 20:37:48.056   677   677 D         : [ACDB Command]->ACDB File Major = 9, ACDB File Minor = 0, ACDB File Revision = 11, ACDB File Cpl Number = 0
07-21 20:37:48.059   677   677 D         : [ACDB Command]->SW Minor/Major/Revision version info for /vendor/etc/acdbdata/QRD/sdm660-snd-card-i40/QRD_I40_Speaker_cal.acdb
07-21 20:37:48.059   677   677 D         : [ACDB Command]->ACDB Sw Major = 9, ACDB Sw Minor = 0, ACDB Sw Revision = 4, ACDB Sw Cpl Number = 0
07-21 20:37:48.059   677   677 D         : [ACDB Command]->ACDB File Major = 9, ACDB File Minor = 0, ACDB File Revision = 11, ACDB File Cpl Number = 0
07-21 20:37:48.059   677   677 D         : [ACPH]->Online service registered with ACPH
07-21 20:37:48.061   677   677 D         : [ACPH]->ACPH init success
07-21 20:37:48.061   677   677 D         : [ACPH]->DSP RTC service registered with ACPH
07-21 20:37:48.061   677   677 D         : [ACPH]->MCS RTC service registered with ACPH
07-21 20:37:48.061   677   677 D         : [ACPH]->FTS RTC service registered with ACPH
07-21 20:37:48.061   677   677 D         : [ACPH]->ADIE RTC service registered with ACPH
07-21 20:37:48.062   677   677 E ion     : ioctl c0044901 failed with code -1: Not a typewriter
07-21 20:37:48.065     0     0 E         : msm_qti_pp_get_rms_value_control, back not active to query rms be_idx:3
07-21 20:37:48.073   677   677 D sound_trigger_platform: platform_stdev_init Opening device /dev/snd/hwC0D1002 for vad hwdep config
07-21 20:37:48.073   677   677 D sound_trigger_platform: platform_stdev_init: cannot open device '/dev/snd/hwC0D1002', error:No such file or directory
07-21 20:37:48.073   677   677 D sound_trigger_platform: get_codec_version: codec version 
07-21 20:37:48.074   677   677 I SoundTriggerHalImpl: onFirstRef() mModuleName primary mHwDevice 0xf661b000
07-21 20:37:48.082   677   677 I BTAudioProviderA2dpSoftware: A2dpSoftwareAudioProvider - size of audio buffer 7168 byte(s)
07-21 20:37:48.083   677   677 I BTAudioProviderHearingAid: HearingAidAudioProvider - size of audio buffer 3584 byte(s)
07-21 20:37:48.084   677   677 I ServiceManagement: Registered android.hardware.bluetooth.audio@2.0::IBluetoothAudioProvidersFactory/default (start delay of 3226ms)
07-21 20:37:48.084   677   677 I audiohalservice: Registration complete for android.hardware.bluetooth.audio@2.0::IBluetoothAudioProvidersFactory/default.
07-21 20:37:48.084   497   497 I hwservicemanager: getTransport: Cannot find entry android.hardware.bluetooth.a2dp@1.0::IBluetoothAudioOffload/default in either framework or device manifest.
07-21 20:37:48.084   677   677 E audiohalservice: Could not get passthrough implementation for android.hardware.bluetooth.a2dp@1.0::IBluetoothAudioOffload/default.
07-21 20:37:48.084   677   677 W audiohalservice: Could not register Bluetooth audio offload 1.0
07-21 20:37:48.084     0     0 I service-notifier: root_service_service_ind_cb: Indication received from msm/modem/wlan_pd, state: 0x1fffffff, trans-id: 1
07-21 20:37:48.085     0     0 I service-notifier: send_ind_ack: Indication ACKed for transid 1, service msm/modem/wlan_pd, instance 180!
07-21 20:37:48.085     0     0 I core_get_license_status: cmdrsp_license_result.result = 0x15 for module 0x131ff
07-21 20:37:48.086     0     0 I icnss_qmi: QMI Server Connected: state: 0x980
07-21 20:37:48.087     0     0 E msm-ext-disp-audio-codec-rx soc: qcom,msm-ext-disp:qcom,msm-ext-disp-audio-codec-rx: msm_ext_disp_audio_type_get: Display cable disconnected
07-21 20:37:48.087     0     0 E msm-ext-disp-audio-codec-rx soc: qcom,msm-ext-disp:qcom,msm-ext-disp-audio-codec-rx: msm_ext_disp_audio_type_get: Display cable disconnected
07-21 20:37:48.092   638   638 D libEGL  : loaded /vendor/lib64/egl/libGLESv1_CM_adreno.so
07-21 20:37:48.099   638   638 D libEGL  : loaded /vendor/lib64/egl/libGLESv2_adreno.so
07-21 20:37:48.110     0     0 E         : msm_pcm_path_latency_ctl_get substream runtime not found
07-21 20:37:48.121     0     0 I chatty  : uid=0(root) logd identical 4 lines
07-21 20:37:48.127     0     0 E         : msm_pcm_path_latency_ctl_get substream runtime not found
07-21 20:37:48.131   638   638 I Zygote  : Preloading shared libraries...
07-21 20:37:48.137   952  1011 I ServiceManager: Waiting for service 'package_native' on '/dev/binder'...
