07-21 20:37:45.138   685   685 I ServiceManagement: Removing namespace from process name android.hardware.gnss@2.0-service.quectel to gnss@2.0-service.quectel.
07-21 20:37:45.138   685   685 I android.hardware.gnss@2.0-service: Registration complete for android.hardware.gnss@2.0::IGnss/default.
07-21 20:37:45.141     0     0 I ADSPRPC : audio_pdr_adsprpc is uninitialzed
07-21 20:37:45.141     0     0 I audio_notifer_reg_service: service PDR_ADSP is in use
07-21 20:37:45.141     0     0 I service-notifier: service_notifier_new_server: Connection established between QMI handle and 74 service
07-21 20:37:45.143     0     0 I ADSPRPC : sensors_pdr_adsprpc is uninitialzed
07-21 20:37:45.143     0     0 I service-notifier: service_notifier_new_server: Connection established between QMI handle and 74 service
07-21 20:37:45.144   709   709 I ServiceManagement: Registered vendor.qti.hardware.qteeconnector@1.0::IGPAppConnector/default (start delay of 197ms)
07-21 20:37:45.144   709   709 I ServiceManagement: Removing namespace from process name vendor.qti.hardware.qteeconnector@1.0-service to qteeconnector@1.0-service.
07-21 20:37:45.146     0     0 I sps     : BAM 0x0000000015204000 (va:0x000000003756bc1e) enabled: ver:0x19, number of pipes:13
07-21 20:37:45.146     0     0 I sps     : BAM 0x0000000015204000 is registered.
07-21 20:37:45.147   722   722 I ServiceManagement: getService: Trying again for vendor.qti.hardware.perf@2.0::IPerf/default...
07-21 20:37:45.149     0     0 I apr_adsp_up: Q6 is Up
07-21 20:37:45.150     0     0 I iommu   : Adding device soc:qcom,msm-audio-apr:qcom,msm-audio-ion to group 28
07-21 20:37:45.150     0     0 E msm-audio-ion soc: qcom,msm-audio-apr:qcom,msm-audio-ion: msm_audio_ion_probe: qcom,smmu-sid-mask missing in DT node, using default
07-21 20:37:45.151   680   680 I ServiceManagement: Registered com.qualcomm.qti.ant@1.0::IAntHci/default (start delay of 283ms)
07-21 20:37:45.151   680   680 I         : Registration complete for com.qualcomm.qti.ant@1.0::IAntHci/default.
07-21 20:37:45.151   680   680 I android.hardware.bluetooth@1.0-service: Registering SAR service
07-21 20:37:45.152   697   697 I ServiceManagement: Registered vendor.display.color@1.0::IDisplayColor/default (start delay of 245ms)
07-21 20:37:45.152   697   697 I ServiceManagement: Removing namespace from process name vendor.display.color@1.0-service to color@1.0-service.
07-21 20:37:45.154   697   697 I ServiceManagement: Registered vendor.display.postproc@1.0::IDisplayPostproc/default (start delay of 247ms)
07-21 20:37:45.155     0     0 I         : file system registered
07-21 20:37:45.157   700   700 I vendor.elo.hardware.oemmisc@1.0-service: OemMisc Service start!
07-21 20:37:45.158   708   708 D         : QdutilsDisp: svc service starting :)
07-21 20:37:45.159   708   708 I ServiceManagement: Registered vendor.qti.hardware.qdutils_disp@1.0::IQdutilsDisp/default (start delay of 222ms)
07-21 20:37:45.159   708   708 I ServiceManagement: Removing namespace from process name vendor.qti.hardware.qdutils_disp@1.0-service-qti to qdutils_disp@1.0-service-qti.
07-21 20:37:45.159   708   708 E         : Registered IQdutilsDisp HAL service success!
07-21 20:37:45.160   700   700 I ServiceManagement: Registered vendor.elo.hardware.oemmisc@1.0::IOemMisc/default (start delay of 242ms)
07-21 20:37:45.160   700   700 I ServiceManagement: Removing namespace from process name vendor.elo.hardware.oemmisc@1.0-service to oemmisc@1.0-service.
07-21 20:37:45.160   682   682 I ServiceManagement: Registered android.hardware.cas@1.1::IMediaCasService/default (start delay of 293ms)
07-21 20:37:45.160   682   682 I ServiceManagement: Removing namespace from process name android.hardware.cas@1.1-service to cas@1.1-service.
07-21 20:37:45.164   680   680 E vendor.qti.hardware.bluetooth_sar@1.0-BluetoothSar: HIDL_FETCH_IBluetoothSar
07-21 20:37:45.165   680   680 I ServiceManagement: Registered vendor.qti.hardware.bluetooth_sar@1.0::IBluetoothSar/default (start delay of 298ms)
07-21 20:37:45.166   680   680 I         : Registration complete for vendor.qti.hardware.bluetooth_sar@1.0::IBluetoothSar/default.
07-21 20:37:45.166   680   680 I android.hardware.bluetooth@1.0-service: Registering BT Config store Service
07-21 20:37:45.166   681   681 I chatty  : uid=1047(cameraserver) provider@2.4-se expire 219 lines
07-21 20:37:45.172   683   683 W /vendor/bin/hw/android.hardware.configstore@1.1-service: libminijail[683]: allowing syscall: connect
07-21 20:37:45.172   683   683 W /vendor/bin/hw/android.hardware.configstore@1.1-service: libminijail[683]: allowing syscall: fcntl
07-21 20:37:45.172   683   683 W /vendor/bin/hw/android.hardware.configstore@1.1-service: libminijail[683]: allowing syscall: sendto
07-21 20:37:45.172   683   683 W /vendor/bin/hw/android.hardware.configstore@1.1-service: libminijail[683]: allowing syscall: socket
07-21 20:37:45.172   683   683 W /vendor/bin/hw/android.hardware.configstore@1.1-service: libminijail[683]: allowing syscall: writev
07-21 20:37:45.173   680   680 I ServiceManagement: Registered vendor.qti.hardware.btconfigstore@1.0::IBTConfigStore/default (start delay of 306ms)
07-21 20:37:45.173   680   680 I         : Registration complete for vendor.qti.hardware.btconfigstore@1.0::IBTConfigStore/default.
07-21 20:37:45.174     0     0 I f_cdev_alloc: port_name:at_usb0 (0000000048ed19d9) portno:(0)
07-21 20:37:45.175     0     0 I wsa881x.20170211: wsa881x_swr_probe: bolero node not found
07-21 20:37:45.176   683   683 W /vendor/bin/hw/android.hardware.configstore@1.1-service: libminijail[683]: logging seccomp filter failures
07-21 20:37:45.179   683   683 I ServiceManagement: Registered android.hardware.configstore@1.1::ISurfaceFlingerConfigs/default (start delay of 311ms)
07-21 20:37:45.179   683   683 I ServiceManagement: Removing namespace from process name android.hardware.configstore@1.1-service to configstore@1.1-service.
07-21 20:37:45.180     0     0 I f_cdev_alloc: port_name:at_usb1 (00000000ff515d2c) portno:(1)
07-21 20:37:45.183     0     0 I wsa881x.20170212: wsa881x_swr_probe: bolero node not found
07-21 20:37:45.190   696   696 I android.hardware.wifi@1.0-service: Wifi Hal is booting up...
07-21 20:37:45.191     0     0 E swr-wcd msm_sdw_swr_ctrl: swrm_get_logical_dev_num: device 0x21170213 is not ready
07-21 20:37:45.191     0     0 E swr_get_logical_dev_num: Error -22 to get logical addr for device 21170213
07-21 20:37:45.191     0     0 W wsa881x : probe of wsa881x.21170213 failed with error -22
07-21 20:37:45.192     0     0 I f_cdev_alloc: port_name:at_usb2 (000000004100d679) portno:(2)
07-21 20:37:45.192   696   696 I ServiceManagement: Registered android.hardware.wifi@1.3::IWifi/default (start delay of 285ms)
07-21 20:37:45.193   696   696 I ServiceManagement: Removing namespace from process name android.hardware.wifi@1.0-service to wifi@1.0-service.
07-21 20:37:45.202     0     0 E swr-wcd msm_sdw_swr_ctrl: swrm_get_logical_dev_num: device 0x21170214 is not ready
07-21 20:37:45.202     0     0 E swr_get_logical_dev_num: Error -22 to get logical addr for device 21170214
07-21 20:37:45.202     0     0 W wsa881x : probe of wsa881x.21170214 failed with error -22
07-21 20:37:45.216   707   707 I ServiceManagement: Registered vendor.qti.hardware.perf@2.1::IPerf/default (start delay of 278ms)
07-21 20:37:45.217   707   707 I ServiceManagement: Removing namespace from process name vendor.qti.hardware.perf@2.1-service to perf@2.1-service.
07-21 20:37:45.217   707   707 E vendor.qti.hardware.perf@2.1-service: Registered IPerf HAL service success!
07-21 20:37:45.241   722   722 I lowmemorykiller: PSI window size is changed to 500ms
07-21 20:37:45.242   722   722 I lowmemorykiller: PSI poll period for super critical event is changed to 100ms
07-21 20:37:45.242   722   722 I lowmemorykiller: Using in-kernel low memory killer interface
07-21 20:37:45.244   774   794 I         : OEM debug sns_reg_storage_init: sns_reg_filename = /mnt/vendor/persist/sensors/sns.reg
07-21 20:37:45.265   677   677 I ServiceManagement: Registered android.hardware.audio@5.0::IDevicesFactory/default (start delay of 407ms)
07-21 20:37:45.265   677   677 I ServiceManagement: Removing namespace from process name android.hardware.audio@2.0-service to audio@2.0-service.
07-21 20:37:45.265   677   677 I audiohalservice: Registration complete for android.hardware.audio@5.0::IDevicesFactory/default.
07-21 20:37:45.269     0     0 I sdm660-asoc-snd soc: qcom,msm-audio-apr:qcom,q6core-audio:sound: msm_internal_init: default codec configured
07-21 20:37:45.269     0     0 E OF      : /soc/qcom,msm-audio-apr/qcom,q6core-audio/sound: could not get #gpio-cells for /soc/msm_cdc_pinctrl@75
07-21 20:37:45.270     0     0 I sdm660-asoc-snd soc: qcom,msm-audio-apr:qcom,q6core-audio:sound: msm_init_wsa_dev: found 2 wsa881x devices registered with ALSA core
07-21 20:37:45.278   677   677 I ServiceManagement: Registered android.hardware.audio.effect@5.0::IEffectsFactory/default (start delay of 421ms)
07-21 20:37:45.279   677   677 I audiohalservice: Registration complete for android.hardware.audio.effect@5.0::IEffectsFactory/default.
07-21 20:37:45.292   687   687 I ServiceManagement: Registered vendor.display.config@1.9::IDisplayConfig/default (start delay of 415ms)
07-21 20:37:45.292   687   687 I SDM     : HWCSession::StartServices: IDisplayConfig service registration completed.
07-21 20:37:45.303   687   808 W SDM     : HWCSession::UEventThread: UEvent dropped. No uevent listener.
07-21 20:37:45.303   687   808 W SDM     : HWCSession::UEventThread: UEvent dropped. No uevent listener.
07-21 20:37:45.306   687   687 I SDM     : ExtensionInterface::CreateExtensionInterface: 
07-21 20:37:45.306   687   687 I SDM     : SDM-EXTENSION Version: Date: 11/23/20, Commit: 9f32874, Change: I882287a529
07-21 20:37:45.307   687   687 I SDM     : HWInfo::GetHWResourceInfo: SDE Version = 5, SDE Revision = 30020000, RGB = 0, VIG = 2, DMA = 3, Cursor = 1
07-21 20:37:45.307   687   687 I SDM     : HWInfo::GetHWResourceInfo: Upscale Ratio = 20, Downscale Ratio = 4, Blending Stages = 7
07-21 20:37:45.307   687   687 I SDM     : HWInfo::GetHWResourceInfo: SourceSplit = 1 QSEED3 = 1
07-21 20:37:45.307   687   687 I SDM     : HWInfo::GetHWResourceInfo: BWC = 0, UBWC = 1, Decimation = 1, Tile Format = 0 Concurrent Writeback = 1
07-21 20:37:45.307   687   687 I SDM     : HWInfo::GetHWResourceInfo: MaxLowBw = 6600000 , MaxHighBw = 6600000
07-21 20:37:45.307   687   687 I SDM     : HWInfo::GetHWResourceInfo: MaxPipeBw = 3100000 KBps, MaxSDEClock = 412500000 Hz, ClockFudgeFactor = 1.050000
07-21 20:37:45.307   687   687 I SDM     : HWInfo::GetHWResourceInfo: Prefill factors: Tiled_NV12 = 8, Tiled = 4, Linear = 1, Scale = 1, Fudge_factor = 2
07-21 20:37:45.307   687   687 W SDM     : HWInfo::GetMDSSRotatorInfo: File '/sys/devices/virtual/rotator/mdss_rotator/caps' not found
07-21 20:37:45.307   687   687 I SDM     : HWInfo::GetV4L2RotatorInfo: V4L2 Rotator: Count = 1, Downscale = 1, Min_downscale = 1.500000, Downscale_compression = 1
07-21 20:37:45.307   687   687 I SDM     : HWInfo::GetHWResourceInfo: Has Support for multiple bw limits shown below
07-21 20:37:45.307   687   687 I SDM     : HWInfo::GetHWResourceInfo: Mode-index=0  total_bw_limit=6600000 and pipe_bw_limit=3100000
07-21 20:37:45.307   687   687 I SDM     : HWInfo::GetHWResourceInfo: Mode-index=1  total_bw_limit=4500000 and pipe_bw_limit=3100000
07-21 20:37:45.307   687   687 I SDM     : HWInfo::GetHWResourceInfo: Mode-index=2  total_bw_limit=6600000 and pipe_bw_limit=3100000
07-21 20:37:45.307   687   687 I SDM     : HWInfo::GetHWResourceInfo: Mode-index=3  total_bw_limit=6600000 and pipe_bw_limit=3100000
07-21 20:37:45.308   687   687 I SDM     : SessionManager::SessionManager: Allocate buffers synchronously = 0
07-21 20:37:45.316   687   808 W SDM     : HWCSession::UEventThread: UEvent dropped. No uevent listener.
07-21 20:37:45.317   687   687 I SDM     : ScalarConfig::Init: DE sharpness value is 50
07-21 20:37:45.318   774   794 I         : OEM debug sns_reg_write_conf_item: get platform_string = I40
07-21 20:37:45.318   774   794 I         : , persist.sys.gsensor.cal = 
07-21 20:37:45.318   774   794 I         : OEM debug sns_reg_match_conf_item: now we found platform_conf=sdm660
07-21 20:37:45.318   774   794 I chatty  : uid=1000(system) /vendor/bin/sensors.qti identical 1 line
07-21 20:37:45.318   774   794 I         : OEM debug sns_reg_match_conf_item: now we found platform_conf=sdm660
07-21 20:37:45.323   677   677 D sound_trigger_hw: stdev_open: Enter
07-21 20:37:45.327   774   794 I libqpart: item :GSENSOR_BIAS, length: 0x20
07-21 20:37:45.328   774   794 I qpart-client: *** qpart_socket_client *** 
07-21 20:37:45.328   774   794 I qpart-client: Packet header to send
07-21 20:37:45.328   774   794 I qpart-client: 136 bytes sent
07-21 20:37:45.328   729   729 I qpart-server: accepted qvart request client = 5
07-21 20:37:45.328   729   729 I qpart-server: qpart_req_handle: enter +++++
07-21 20:37:45.328   729   729 I qpart-server: qotp_cmd_handle: enter +++++
07-21 20:37:45.328   729   729 I qpart-server: qotp_cmd_handle: cmd read-----
07-21 20:37:45.328   729   729 I qotp_implement: item :GSENSOR_BIAS, offset :0x00002400, length: 0x20
07-21 20:37:45.336   729   729 I qotp_implement: crc32_cal:  0x008e53f9 , size: 4
07-21 20:37:45.336   729   729 I qotp_implement: qotp_read_item: read GSENSOR_BIAS: 00013947ffff7eadffffc090GSENSOR1 
07-21 20:37:45.336   729   729 I qpart-server: qotp_cmd_handle: leave ,rc =0-----
07-21 20:37:45.336   729   729 I qpart-server: qpart_req_handle: rc = 0, payload_len =64 -----
07-21 20:37:45.336   729   729 I qpart-server: qpart_req_handle: end +++++
07-21 20:37:45.336   774   794 I qpart-client: payload_len:64
07-21 20:37:45.336   774   794 I qpart-client: Packet header received
07-21 20:37:45.336   774   794 I libqpart: read qotp successed, data len :32
07-21 20:37:45.336   774   794 E Sensors : sns_reg_la.c(301):bias: 00013947
07-21 20:37:45.336   774   794 E Sensors : sns_reg_la.c(301):bias: ffff7ead
07-21 20:37:45.336   774   794 E Sensors : sns_reg_la.c(301):bias: ffffc090
07-21 20:37:45.340   687   687 I SDM     : CoreInterface::CreateCore: Open interface handle = 0x7b8603c000
07-21 20:37:45.340   687   687 I SDM     : HWCSession::Register: Set uevent listener = 0x7b86026280
07-21 20:37:45.340   687   687 I SDM     : HWInfo::GetFirstDisplayInterfaceType: First display is internal display
07-21 20:37:45.340   687   687 I SDM     : CPUHint::Init: Invalid CPU Hint Pre-enable Window -1
07-21 20:37:45.340   687   687 I SDM     : HWDevice::GetHWPanelMaxBrightnessFromNode: Max brightness level = 255
07-21 20:37:45.340   687   687 I SDM     : HWDevice::Init: access(/dev/graphics/fb0) successful
07-21 20:37:45.341   687   687 I SDM     : HWDevice::GetHWPanelMaxBrightnessFromNode: Max brightness level = 255
07-21 20:37:45.341   687   687 I SDM     : HWDevice::PopulateHWPanelInfo: Device type = 0, Display Port = 1, Display Mode = 1, Device Node = 0, Is Primary = 1
07-21 20:37:45.341   687   687 I SDM     : HWDevice::PopulateHWPanelInfo: Partial Update = 0, supported roi_count =0, Dynamic FPS = 0
07-21 20:37:45.341   687   687 I SDM     : HWDevice::PopulateHWPanelInfo: Align: left = 0, width = 0, top = 0, height = 0
07-21 20:37:45.341   687   687 I SDM     : HWDevice::PopulateHWPanelInfo: ROI: min_width = 0, min_height = 0, need_merge = 0
07-21 20:37:45.341   687   687 I SDM     : HWDevice::PopulateHWPanelInfo: FPS: min = 60, max =60
07-21 20:37:45.341   687   687 I SDM     : HWDevice::PopulateHWPanelInfo: Ping Pong Split = 0
07-21 20:37:45.341   687   687 I SDM     : HWDevice::PopulateHWPanelInfo: Left Split = 0, Right Split = 0
07-21 20:37:45.341     0     0 I mdss_fb_start_disp_thread: mdss_fb_blank_unblank+0x1ac/0x340: start display thread fb0
07-21 20:37:45.341   774   794 I         : OEM debug update_gsensor_nv: bias: x: 0x00013947, y: 0xffff7ead, z: 0xffffc090
07-21 20:37:45.341   774   794 I         : OEM debug update_gsensor_nv(nv): bias: x: 0x00013947, y: 0xffff7ead, z: 0xffffc090
07-21 20:37:45.341   774   794 I         : OEM debug sns_reg_storage_init: update_gsensor_nv from OTP succeed
07-21 20:37:45.341   774   794 I libqpart: item :PSENSOR_NV, length: 0x10
07-21 20:37:45.341   774   794 I qpart-client: *** qpart_socket_client *** 
07-21 20:37:45.341   774   794 I qpart-client: Packet header to send
07-21 20:37:45.341   774   794 I qpart-client: 104 bytes sent
07-21 20:37:45.341   729   729 I qpart-server: accepted qvart request client = 5
07-21 20:37:45.341   729   729 I qpart-server: qpart_req_handle: enter +++++
07-21 20:37:45.341   729   729 I qpart-server: qotp_cmd_handle: enter +++++
07-21 20:37:45.341   729   729 I qpart-server: qotp_cmd_handle: cmd read-----
07-21 20:37:45.341   729   729 I qotp_implement: item :PSENSOR_NV, offset :0x00002800, length: 0x10
07-21 20:37:45.341     0     0 I mdss_fb_do_ioctl: reset MIPI for EDP IC can't catch mipi signal when power up
07-21 20:37:45.341     0     0 I sn65dsi86_dsi2edp_bl_enable: enable, set IO to 1
07-21 20:37:45.342   729   729 I qotp_implement: crc32_cal:  0x00000000 , size: 4
07-21 20:37:45.342   729   729 E qotp_implement: qotp_read_item, ERROR: read data is not valid 
07-21 20:37:45.342   729   729 I qpart-server: qotp_cmd_handle: leave ,rc =-32-----
07-21 20:37:45.342   729   729 I qpart-server: qpart_req_handle: rc = -32, payload_len =32 -----
07-21 20:37:45.342   729   729 I qpart-server: qpart_req_handle: end +++++
07-21 20:37:45.342   774   794 I qpart-client: payload_len:32
07-21 20:37:45.342   774   794 I qpart-client: Packet header received
07-21 20:37:45.342   774   794 E libqpart: read qotp fail :-32
07-21 20:37:45.342   774   794 E Sensors : sns_reg_la.c(357):psensor otp item read fail
07-21 20:37:45.342   774   794 E         : update_psensor_nv: psensor otp item read fail
07-21 20:37:45.342   774   794 E Sensors : sns_reg_la.c(552):update_psensor_nv from OTP failed, error code = -3
07-21 20:37:45.344   774   774 E Sensors : sns_debug_main.c(294):Debug Config File missing in EFS!
07-21 20:37:45.344   774   774 E Sensors : aon_control.c(119):inotify_add_watch::/persist/sensors failed
07-21 20:37:45.348   774   820 E libsensor1: check_sensors_enabled: Sensors enabled = true
07-21 20:37:45.352   774   794 E QMI_FW  : xport_handle_event: QCSI Received Resume_Tx from 00000005:0000003a on FD- 4
07-21 20:37:45.355   774   794 E QMI_FW  : xport_handle_event: QCSI Received Resume_Tx from 00000005:0000003b on FD- 4
07-21 20:37:45.356   774   794 E QMI_FW  : xport_handle_event: QCSI Received Resume_Tx from 00000005:0000003a on FD- 4
07-21 20:37:45.360   774   794 E QMI_FW  : xport_handle_event: QCSI Received Resume_Tx from 00000005:0000003b on FD- 4
07-21 20:37:45.362   774   794 E QMI_FW  : xport_handle_event: QCSI Received Resume_Tx from 00000005:0000003a on FD- 4
07-21 20:37:45.367     0     0 I mdss_dsi_panel_bklt_pwm: set led_en(28) to low
07-21 20:37:45.373   677   677 D sound_trigger_hw: load_audio_hal: ahal is using proprietary API version 0x0101
07-21 20:37:45.373   677   677 I sound_trigger_platform: platform_stdev_init: Enter
07-21 20:37:45.390   677   677 W sound_trigger_platform: load_smlib: generate_sound_trigger_phrase_recognition_event_v3 not found. undefined symbol: generate_sound_trigger_phrase_recognition_event_v3
07-21 20:37:45.403   774   820 E Sensors : aon_control.c(119):inotify_add_watch::/persist/sensors failed
07-21 20:37:45.406   639   639 D ICU     : Time zone APEX file found: /apex/com.android.tzdata/etc/icu/icu_tzdata.dat
07-21 20:37:45.407   638   638 D ICU     : Time zone APEX file found: /apex/com.android.tzdata/etc/icu/icu_tzdata.dat
07-21 20:37:45.417     0     0 I sn65dsi86_dsi2edp_bl_enable: disable, set IO to 0
07-21 20:37:45.437     0     0 I sn65dsi86_dsi2edp_disable: start
07-21 20:37:45.549   692   692 W qti_sensors_hal: addSensor : Not supported sensor with handle 67!
07-21 20:37:45.577   692   692 W qti_sensors_hal: addSensor : Not supported sensor with handle 39!
07-21 20:37:45.590   692   692 W qti_sensors_hal: addSensor : Not supported sensor with handle 48!
07-21 20:37:45.590   692   692 W qti_sensors_hal: addSensor : Not supported sensor with handle 49!
07-21 20:37:45.590   725   725 I SurfaceFlinger: Using HWComposer service: 'default'
07-21 20:37:45.590   725   725 I SurfaceFlinger: SurfaceFlinger is starting
07-21 20:37:45.595   692   692 W qti_sensors_hal: addSensor : Not supported sensor with handle 53!
07-21 20:37:45.599   692   692 W qti_sensors_hal: addSensor : Not supported sensor with handle 68!
07-21 20:37:45.607   692   692 I         : Loaded library from sensors.ssc.so
07-21 20:37:45.607   692   692 E /vendor/bin/hw/android.hardware.sensors@1.0-service: HAL specifies version 1.4, but does not implement set_operation_mode()
07-21 20:37:45.611     0     0 I sysmon-qmi: ssctl_new_server: Connection established between QMI handle and adsp's SSCTL service
07-21 20:37:45.611   692   692 I ServiceManagement: Registered android.hardware.sensors@1.0::ISensors/default (start delay of 714ms)
07-21 20:37:45.611   692   692 I ServiceManagement: Removing namespace from process name android.hardware.sensors@1.0-service to sensors@1.0-service.
07-21 20:37:45.613   692   692 I android.hardware.sensors@1.0-service: Registration complete for android.hardware.sensors@1.0::ISensors/default.
07-21 20:37:45.617     0     0 I msm_pm_qos_add_request: add request
07-21 20:37:45.619     0     0 E diag    : In diag_send_feature_mask_update, control channel is not open, p: 5, 000000007abeea9b
07-21 20:37:45.620     0     0 W healthd : Unknown power supply type 'BMS'
07-21 20:37:45.621     0     0 W healthd : Unknown power supply type 'Main'
07-21 20:37:45.626     0     0 E diag    : In diag_send_peripheral_buffering_mode, buffering flag not set for 5
07-21 20:37:45.626     0     0 E failed  : s_ctrl 0000000093a6e86d for camera_id 0
07-21 20:37:45.626     0     0 E MSM-SENSOR-INIT msm_sensor_driver_cmd: 82 msm_sensor_driver_cmd failed (non-fatal) rc -22
07-21 20:37:45.626     0     0 E MSM-SENSOR-INIT msm_sensor_init_subdev_do_ioctl: 150 msm_sensor_init_subdev_do_ioctl:150 VIDIOC_MSM_SENSOR_INIT_CFG failed (non-fatal)
07-21 20:37:45.637     0     0 E failed  : s_ctrl 0000000093a6e86d for camera_id 1
07-21 20:37:45.637     0     0 E MSM-SENSOR-INIT msm_sensor_driver_cmd: 82 msm_sensor_driver_cmd failed (non-fatal) rc -22
07-21 20:37:45.637     0     0 E MSM-SENSOR-INIT msm_sensor_init_subdev_do_ioctl: 150 msm_sensor_init_subdev_do_ioctl:150 VIDIOC_MSM_SENSOR_INIT_CFG failed (non-fatal)
07-21 20:37:45.638     0     0 E msm_sensor_fill_eeprom_subdevid_by_name: 469 Eeprom userspace probe for ov8856_gt24p64b
07-21 20:37:45.638   720   720 I FastMixerState: sMaxFastTracks = 8
07-21 20:37:45.639   720   720 V MediaUtils: physMem: 3812380672
07-21 20:37:45.639   720   720 V MediaUtils: requested limit: 536870912
07-21 20:37:45.639   720   720 I libc    : malloc_limit: Allocation limit enabled, max size 536870912 bytes
07-21 20:37:45.640   720   720 I audioserver: ServiceManager: 0x763af28340
07-21 20:37:45.640   720   720 W BatteryNotifier: batterystats service unavailable!
07-21 20:37:45.642   497   497 I hwservicemanager: getTransport: Cannot find entry android.hardware.audio@5.0::IDevicesFactory/msd in either framework or device manifest.
07-21 20:37:45.644   720   720 I AudioFlinger: Using default 3000 mSec as standby time.
07-21 20:37:45.646   720   720 E APM::Serializer: deserialize: Could not parse /odm/etc/audio_policy_configuration.xml document.
07-21 20:37:45.655   720   720 E APM::AudioPolicyEngine/Config: parse: Could not parse document /vendor/etc/audio_policy_engine_configuration.xml
07-21 20:37:45.655   720   720 W APM::AudioPolicyEngine/Base: loadAudioPolicyEngineConfig: No configuration found, using default matching phone experience.
07-21 20:37:45.655   720   720 E APM::AudioPolicyEngine/Config: parseLegacyVolumeFile: Could not parse document /odm/etc/audio_policy_configuration.xml
07-21 20:37:45.660   720   720 D APM::AudioPolicyEngine: [Engine] prop ro.vendor.oem.hw.feature = (eth-PoE-GSen-DuSpk-GPIO-AdbMux-eRTC-Key2-dmic-SD-exPD)
07-21 20:37:45.662   677   798 D audio_log_utils: registered, module hal
07-21 20:37:45.668     0     0 I msm_cci_init: 1440: hw_version = 0x10060000
07-21 20:37:45.668     0     0 I         : @@@ original_sid = 0x10, valid_flag = 0x01, eeprom_version = 0x01, checksum = 0x03
07-21 20:37:45.668     0     0 I         : @@@ rc = 0, camera_sid = 0x10, eeprom_reg_addr = 0x03 , eeprom_reg_value = 0x32
07-21 20:37:45.668     0     0 I         : @@@ rc = 0, camera_sid = 0x10, eeprom_reg_addr = 0x04 , eeprom_reg_value = 0x30
07-21 20:37:45.669     0     0 I         : @@@ rc = 0, camera_sid = 0x10, eeprom_reg_addr = 0x05 , eeprom_reg_value = 0x32
07-21 20:37:45.669     0     0 I         : @@@ rc = 0, camera_sid = 0x10, eeprom_reg_addr = 0x06 , eeprom_reg_value = 0x30
07-21 20:37:45.669     0     0 I         : @@@ rc = 0, camera_sid = 0x10, eeprom_reg_addr = 0x07 , eeprom_reg_value = 0x30
07-21 20:37:45.669     0     0 I         : @@@ rc = 0, camera_sid = 0x10, eeprom_reg_addr = 0x08 , eeprom_reg_value = 0x38
07-21 20:37:45.669     0     0 I         : @@@ rc = 0, camera_sid = 0x10, eeprom_reg_addr = 0x09 , eeprom_reg_value = 0x30
07-21 20:37:45.669     0     0 I         : @@@ rc = 0, camera_sid = 0x10, eeprom_reg_addr = 0x0a , eeprom_reg_value = 0x38
07-21 20:37:45.670     0     0 I         : @@@ rc = 0, camera_sid = 0x10, eeprom_reg_addr = 0x0b , eeprom_reg_value = 0x31
07-21 20:37:45.670     0     0 I         : @@@ rc = 0, camera_sid = 0x10, eeprom_reg_addr = 0x0c , eeprom_reg_value = 0x32
07-21 20:37:45.670     0     0 E         : ov8856 probe succeeded
07-21 20:37:45.695     0     0 E failed  : s_ctrl 0000000093a6e86d for camera_id 3
07-21 20:37:45.695     0     0 E MSM-SENSOR-INIT msm_sensor_driver_cmd: 82 msm_sensor_driver_cmd failed (non-fatal) rc -22
07-21 20:37:45.695     0     0 E MSM-SENSOR-INIT msm_sensor_init_subdev_do_ioctl: 150 msm_sensor_init_subdev_do_ioctl:150 VIDIOC_MSM_SENSOR_INIT_CFG failed (non-fatal)
07-21 20:37:45.696     0     0 I msm_csid_init: CSID_VERSION = 0x30050000
07-21 20:37:45.696     0     0 E scm_call failed: func id 0x42001801, ret: -1, syscall returns: 0x0, 0x0, 0x0
07-21 20:37:45.696     0     0 E         : msm_csid_irq CSID0_IRQ_STATUS_ADDR = 0x800
07-21 20:37:45.709   639   639 W zygote  : JNI RegisterNativeMethods: attempt to register 0 native methods for android.media.AudioAttributes
07-21 20:37:45.712   638   638 W zygote64: JNI RegisterNativeMethods: attempt to register 0 native methods for android.media.AudioAttributes
07-21 20:37:45.713   677   798 D voice_extn: :: dynamic_ecns_feature_init: ---- Feature DYNAMIC_ECNS is NOT ENABLED ----
07-21 20:37:45.725   639   639 I sysui_multi_action: [757,804,799,boot_zygote_init,801,12910,802,1]
07-21 20:37:45.726   638   638 I sysui_multi_action: [757,804,799,boot_zygote_init,801,12910,802,1]
07-21 20:37:45.736   638   638 I boot_progress_preload_start: 12929
07-21 20:37:45.736   638   638 D Zygote  : begin preload
07-21 20:37:45.739     0     0 I msm_cci_init: 1440: hw_version = 0x10060000
07-21 20:37:45.740   638   638 I Zygote  : Calling ZygoteHooks.beginPreload()
07-21 20:37:45.748   639   639 I zygote  : Explicit concurrent copying GC freed 307(38KB) AllocSpace objects, 0(0B) LOS objects, 98% free, 25KB/1561KB, paused 67us total 9.865ms
07-21 20:37:45.760   639   639 I zygote  : Explicit concurrent copying GC freed 5(32KB) AllocSpace objects, 0(0B) LOS objects, 98% free, 25KB/1561KB, paused 44us total 11.212ms
07-21 20:37:45.760   639   639 I chatty  : uid=0(root) main expire 6 lines
07-21 20:37:45.771   639   639 I Zygote  : Accepting command socket connections
07-21 20:37:45.784     0     0 E wlan    : Loading driver v5.2.03.27K; 2021-07-21T08:35:09Z; cld:I59e3b71c2d; cmn:Ibe1096815a; ()
07-21 20:37:45.784     0     0 I qdf_print_ctrl_register: Allocated print control object 0
07-21 20:37:45.788     0     0 I [init][330238928][00:37:45.788257] wlan: [476:I:tdls] ucfg_tdls_init: 40: tdls module dispatcher init
07-21 20:37:45.788     0     0 I [init][330239032][00:37:45.788262] wlan: [476:I:tdls] ucfg_tdls_init: 72: tdls module dispatcher init done
07-21 20:37:45.788     0     0 I [init][330239220][00:37:45.788272] wlan: [476:I:POLICY_MGR] policy_mgr_init: 214: Callbacks registered with obj mgr
07-21 20:37:45.790     0     0 I         : wlan_hdd_state wlan major(497) initialized
07-21 20:37:45.790     0     0 I wlan    : driver loaded
07-21 20:37:45.791   638   638 I chatty  : uid=0(root) main expire 7 lines
07-21 20:37:45.791   638   638 I Zygote  : Preloading classes...
07-21 20:37:45.794   638   638 W Zygote  : Class not found for preloading: android.app.-$$Lambda$ActivityThread$ZXDWm3IBeFmLnFVblhB-IOZCr9o
07-21 20:37:45.851   889   889 E PerMgrProxy: Starting pm-proxy service
07-21 20:37:45.852   717   745 D PerMgrSrv: modem state: is off-line, add client PM-PROXY-THREAD
07-21 20:37:45.852   717   745 D PerMgrSrv: PM-PROXY-THREAD registered
07-21 20:37:45.852   889   889 D PerMgrLib: PM-PROXY-THREAD successfully registered for modem
07-21 20:37:45.852   889   889 I PerMgrProxy: Casting proxy vote for modem
07-21 20:37:45.852   889   889 D PerMgrLib: PM-PROXY-THREAD voting for modem
07-21 20:37:45.853   717   745 D PerMgrSrv: PM-PROXY-THREAD voting for modem
07-21 20:37:45.853   717   745 D PerMgrSrv: modem new state: going on-line
07-21 20:37:45.853   717   745 D PerMgrSrv: modem num voters is 1
07-21 20:37:45.853   889   889 I PerMgrProxy: pm-proxy-thread vote successful for modem
07-21 20:37:45.854     0     0 I subsys-restart: __subsystem_get(): Changing subsys fw_name to modem
07-21 20:37:45.859   638   638 W Zygote  : Class not found for preloading: android.bluetooth.BluetoothA2dp$2
07-21 20:37:45.871     0     0 I pil-q6v5-mss 4080000.qcom,mss: modem: loading from 0x000000008ac00000 to 0x000000008dc00000
07-21 20:37:45.872   896   896 E /vendor/bin/adsprpcd: vendor/qcom/proprietary/commonsys-intf/adsprpc/src/adsprpcd.c:29:adsp daemon starting
07-21 20:37:45.873   638   638 I PackageBackwardCompatibility: Could not find android.content.pm.AndroidTestBaseUpdater, ignoring
07-21 20:37:45.881   897   897 E /vendor/bin/adsprpcd: vendor/qcom/proprietary/commonsys-intf/adsprpc/src/adsprpcd.c:29:adsp daemon starting
07-21 20:37:45.884   896   896 V /vendor/bin/adsprpcd: vendor/qcom/proprietary/commonsys-intf/adsprpc/src/fastrpc_apps_user.c:1088: remote_handle_open: Successfully opened handle 0x60 for '":;./\attachguestos on domain 0
07-21 20:37:45.885   897   897 V /vendor/bin/adsprpcd: vendor/qcom/proprietary/commonsys-intf/adsprpc/src/fastrpc_apps_user.c:1088: remote_handle_open: Successfully opened handle 0x61 for '":;./\createstaticpd:audiopd on domain 0
07-21 20:37:45.889   896   896 D /vendor/bin/adsprpcd: vendor/qcom/proprietary/commonsys-intf/adsprpc/src/fastrpc_apps_user.c:1030: Error 0xffffffff: remote_handle64_invoke failed for handle 0x54e06090, method 4 on domain 0 (sc 0x4010100)
07-21 20:37:45.889   896   896 E /vendor/bin/adsprpcd: vendor/qcom/proprietary/commonsys-intf/adsprpc/src/adspmsgd.c:93:adspmsgd_init failed with error -1
07-21 20:37:45.889   896   896 D /vendor/bin/adsprpcd: vendor/qcom/proprietary/commonsys-intf/adsprpc/src/fastrpc_apps_user.c:1030: Error 0xffffffff: remote_handle64_invoke failed for handle 0x54e06090, method 3 on domain 0 (sc 0x3000000)
07-21 20:37:45.889   896   896 V /vendor/bin/adsprpcd: vendor/qcom/proprietary/commonsys-intf/adsprpc/src/fastrpc_perf.c:213: fastrpc_perf_init: enabled RPC traces (kernel 0, dsp 0) with frequency 1000
07-21 20:37:45.890   896   896 V /vendor/bin/adsprpcd: vendor/qcom/proprietary/commonsys-intf/adsprpc/src/fastrpc_apps_user.c:1088: remote_handle_open: Successfully opened handle 0xf057d740 for adsp_default_listener on domain 0
07-21 20:37:45.891   896   896 V /vendor/bin/adsprpcd: vendor/qcom/proprietary/commonsys-intf/adsprpc/src/fastrpc_apps_user.c:1088: remote_handle_open: Successfully opened handle 0x6 for '":;./\geteventfd on domain 0
07-21 20:37:45.898   892   892 I chatty  : uid=1047(cameraserver) provider@2.4-ex expire 14 lines
07-21 20:37:45.901   895   895 I ThermalEngine: Thermal daemon started
07-21 20:37:45.905   893   893 E QCOMSysDaemon: Can't find/open bootselect node: (No such file or directory)
07-21 20:37:45.905   893   893 I QCOMSysDaemon: Starting qcom system daemon
07-21 20:37:45.913   888   888 I /system/bin/adbd: Not payment device, enable adbd
07-21 20:37:45.913   888   888 I /system/bin/adbd: 
07-21 20:37:45.913   888   888 I adbd    : ro.boot.qvar :1.16.0.0.
07-21 20:37:45.913   888   888 I adbd    : 
07-21 20:37:45.913   888   888 I adbd    : [item :]root, [flag :]1
07-21 20:37:45.913   888   888 I adbd    : 
07-21 20:37:45.913   888   888 I adbd    : ro.boot.qvar :1.16.0.0.
07-21 20:37:45.913   888   888 I adbd    : 
07-21 20:37:45.913   888   888 I adbd    : [item :]adb_auth, [flag :]0
07-21 20:37:45.913   888   888 I adbd    : 
07-21 20:37:45.914   888   888 I adbd    : ro.boot.qvar :1.16.0.0.
07-21 20:37:45.914   888   888 I adbd    : 
07-21 20:37:45.914   888   888 I adbd    : [item :]root, [flag :]1
07-21 20:37:45.914   888   888 I adbd    : 
07-21 20:37:45.917   888   888 I adbd    : adbd listening on port 5555
07-21 20:37:45.922     0     0 E firmware msadp: _request_firmware_load: firmware state wait timeout: rc = -2
07-21 20:37:45.922     0     0 W pil-q6v5-mss 4080000.qcom,mss: Debug policy not present - msadp. Continue.
07-21 20:37:45.923     0     0 I pil-q6v5-mss 4080000.qcom,mss: Loading MBA and DP (if present) from 0x0000000094800000 to 0x0000000094900000
07-21 20:37:45.924     0     0 E MAIN_MGR: hvdcp_opti Version: 3:0:0
07-21 20:37:45.927   895   895 I ThermalEngine: No target config file, falling back to '/vendor/etc/thermal-engine.conf'
07-21 20:37:45.929   888   921 I adbd    : opening control endpoint /dev/usb-ffs/adb/ep0
07-21 20:37:45.929     0     0 I         : read descriptors
07-21 20:37:45.929     0     0 I         : read strings
07-21 20:37:45.929   898   898 E Diag_Lib: qpLogDiagInit <== result : 1
07-21 20:37:45.929   898   898 E Diag_Lib: QMID : gIsQXDMDisabled 0, gIsADBDisabled 1, gIsDebugDisabled 0, gIsIMSLogsDisabled 0
07-21 20:37:45.929   898   898 E Diag_Lib: [IMS_QMID] |imsqmiserver.c | 541 | QMID#$$#0#QMI DAEMON STARTED
07-21 20:37:45.931   896   912 W /vendor/bin/adsprpcd: vendor/qcom/proprietary/commonsys-intf/adsprpc/src/apps_std_imp.c:749: Warning: fopen returned 0x2 for file .//lowi//lowi_lp.conf. (No such file or directory)
07-21 20:37:45.932   908   908 D LibBpfLoader: Loading ELF object /system/etc/bpf/clatd.o with license Apache 2.0
07-21 20:37:45.933   908   908 D LibBpfLoader: Loaded code section 3 (schedcls_ingress_clat_ether)
07-21 20:37:45.933   908   908 D LibBpfLoader: Loaded relo section 3 (.relschedcls/ingress/clat_ether)
07-21 20:37:45.933   908   908 D LibBpfLoader: Adding section 3 to cs list
07-21 20:37:45.933   908   908 D LibBpfLoader: Loaded code section 5 (schedcls_ingress_clat_rawip)
07-21 20:37:45.933   908   908 D LibBpfLoader: Loaded relo section 5 (.relschedcls/ingress/clat_rawip)
07-21 20:37:45.933   908   908 D LibBpfLoader: Adding section 5 to cs list
07-21 20:37:45.933   908   908 D LibBpfLoader: bpf_create_map name clat_ingress_map, ret: 6
07-21 20:37:45.933   908   908 D LibBpfLoader: map_fd found at 0 is 6 in /system/etc/bpf/clatd.o
07-21 20:37:45.933   908   908 D LibBpfLoader: applying relo to instruction at byte offset: 400, 	       insn offset 50 , insn 118
07-21 20:37:45.933   908   908 D LibBpfLoader: applying relo to instruction at byte offset: 360, 	       insn offset 45 , insn 118
07-21 20:37:45.934   908   908 D LibBpfLoader: New bpf core prog_load for /system/etc/bpf/clatd.o (schedcls_ingress_clat_ether) returned: 7
07-21 20:37:45.934   908   908 D LibBpfLoader: New bpf core prog_load for /system/etc/bpf/clatd.o (schedcls_ingress_clat_rawip) returned: 8
07-21 20:37:45.934   908   908 I bpfloader: Attempted load object: /system/etc/bpf/clatd.o, ret: Success
07-21 20:37:45.937   890   890 I Dpps    : GetInstance: DppsServer ref count increased to 1
07-21 20:37:45.938   890   890 I Dpps    : WaitForComposer():129 Waiting for composer service init
07-21 20:37:45.938   908   908 D LibBpfLoader: Loading ELF object /system/etc/bpf/netd.o with license Apache 2.0
07-21 20:37:45.938   908   908 D LibBpfLoader: Loaded code section 3 (cgroupskb_ingress_stats)
07-21 20:37:45.938   908   908 D LibBpfLoader: Loaded relo section 3 (.relcgroupskb/ingress/stats)
07-21 20:37:45.938   908   908 D LibBpfLoader: Adding section 3 to cs list
07-21 20:37:45.938   908   908 D LibBpfLoader: Loaded code section 5 (cgroupskb_egress_stats)
07-21 20:37:45.938   908   908 D LibBpfLoader: Loaded relo section 5 (.relcgroupskb/egress/stats)
07-21 20:37:45.938   908   908 D LibBpfLoader: Adding section 5 to cs list
07-21 20:37:45.938   908   908 D LibBpfLoader: Loaded code section 7 (skfilter_egress_xtbpf)
07-21 20:37:45.938   908   908 D LibBpfLoader: Loaded relo section 7 (.relskfilter/egress/xtbpf)
07-21 20:37:45.938   908   908 D LibBpfLoader: Adding section 7 to cs list
07-21 20:37:45.938   908   908 D LibBpfLoader: Loaded code section 9 (skfilter_ingress_xtbpf)
07-21 20:37:45.938   908   908 D LibBpfLoader: Loaded relo section 9 (.relskfilter/ingress/xtbpf)
07-21 20:37:45.938   908   908 D LibBpfLoader: Adding section 9 to cs list
07-21 20:37:45.938   908   908 D LibBpfLoader: Loaded code section 11 (skfilter_whitelist_xtbpf)
07-21 20:37:45.938   908   908 D LibBpfLoader: Loaded relo section 11 (.relskfilter/whitelist/xtbpf)
07-21 20:37:45.938   908   908 D LibBpfLoader: Adding section 11 to cs list
07-21 20:37:45.938   908   908 D LibBpfLoader: Loaded code section 13 (skfilter_blacklist_xtbpf)
07-21 20:37:45.938   908   908 D LibBpfLoader: Loaded relo section 13 (.relskfilter/blacklist/xtbpf)
07-21 20:37:45.938   908   908 D LibBpfLoader: Adding section 13 to cs list
07-21 20:37:45.938   908   908 D LibBpfLoader: Loaded code section 15 (cgroupsock_inet_create)
07-21 20:37:45.938   908   908 D LibBpfLoader: Loaded relo section 15 (.relcgroupsock/inet/create)
07-21 20:37:45.938   908   908 D LibBpfLoader: Adding section 15 to cs list
07-21 20:37:45.939   895   895 I ThermalEngine: devices_manager_init: Init
07-21 20:37:45.939   895   895 I ThermalEngine: Number of gpus :1
07-21 20:37:45.939   895   895 I ThermalEngine: Number of cpus :8
07-21 20:37:45.939   895   895 I ThermalEngine: update_cpu_topology: Cluster info node not found/sys/module/msm_thermal/cluster_info
07-21 20:37:45.940   908   908 D LibBpfLoader: bpf_create_map name cookie_tag_map, ret: 9
07-21 20:37:45.941   908   908 D LibBpfLoader: bpf_create_map name uid_counterset_map, ret: 10
07-21 20:37:45.941   895   895 E ThermalEngine: read_int_list_from_file: Read error -2.
07-21 20:37:45.941   895   895 E ThermalEngine: tmd_add_cpufreq_dev_data: Invalid or no boost freqs
07-21 20:37:45.942   908   908 D LibBpfLoader: bpf_create_map name app_uid_stats_map, ret: 11
07-21 20:37:45.942   908   908 D LibBpfLoader: bpf_create_map name stats_map_A, ret: 12
07-21 20:37:45.943   908   908 D LibBpfLoader: bpf_create_map name stats_map_B, ret: 13
07-21 20:37:45.943   895   895 E ThermalEngine: read_int_list_from_file: Read error -2.
07-21 20:37:45.943   895   895 E ThermalEngine: tmd_add_cpufreq_dev_data: Invalid or no boost freqs
07-21 20:37:45.943   908   908 D LibBpfLoader: bpf_create_map name iface_stats_map, ret: 14
07-21 20:37:45.943   908   908 D LibBpfLoader: bpf_create_map name configuration_map, ret: 15
07-21 20:37:45.944   908   908 D LibBpfLoader: bpf_create_map name uid_owner_map, ret: 16
07-21 20:37:45.944   908   908 D LibBpfLoader: bpf_create_map name iface_index_name_map, ret: 17
07-21 20:37:45.944   908   908 D LibBpfLoader: bpf_create_map name uid_permission_map, ret: 18
07-21 20:37:45.944   908   908 D LibBpfLoader: map_fd found at 0 is 9 in /system/etc/bpf/netd.o
07-21 20:37:45.944   908   908 D LibBpfLoader: map_fd found at 1 is 10 in /system/etc/bpf/netd.o
07-21 20:37:45.944   908   908 D LibBpfLoader: map_fd found at 2 is 11 in /system/etc/bpf/netd.o
07-21 20:37:45.944   908   908 D LibBpfLoader: map_fd found at 3 is 12 in /system/etc/bpf/netd.o
07-21 20:37:45.944   908   908 D LibBpfLoader: map_fd found at 4 is 13 in /system/etc/bpf/netd.o
07-21 20:37:45.944   908   908 D LibBpfLoader: map_fd found at 5 is 14 in /system/etc/bpf/netd.o
07-21 20:37:45.944   908   908 D LibBpfLoader: map_fd found at 6 is 15 in /system/etc/bpf/netd.o
07-21 20:37:45.944   908   908 D LibBpfLoader: map_fd found at 7 is 16 in /system/etc/bpf/netd.o
07-21 20:37:45.944   908   908 D LibBpfLoader: map_fd found at 8 is 17 in /system/etc/bpf/netd.o
07-21 20:37:45.944   908   908 D LibBpfLoader: map_fd found at 9 is 18 in /system/etc/bpf/netd.o
07-21 20:37:45.944   895   895 E ThermalEngine: read_int_list_from_file: Read error -2.
07-21 20:37:45.944   895   895 E ThermalEngine: tmd_add_cpufreq_dev_data: Invalid or no boost freqs
07-21 20:37:45.944   908   908 D LibBpfLoader: applying relo to instruction at byte offset: 616, 	       insn offset 77 , insn 118
07-21 20:37:45.944   908   908 D LibBpfLoader: applying relo to instruction at byte offset: 688, 	       insn offset 86 , insn 118
07-21 20:37:45.944   908   908 D LibBpfLoader: applying relo to instruction at byte offset: 1040, 	       insn offset 130 , insn 118
07-21 20:37:45.944   908   908 D LibBpfLoader: applying relo to instruction at byte offset: 1184, 	       insn offset 148 , insn 118
07-21 20:37:45.945   908   908 D LibBpfLoader: applying relo to instruction at byte offset: 1264, 	       insn offset 158 , insn 118
07-21 20:37:45.945   908   908 D LibBpfLoader: applying relo to instruction at byte offset: 1368, 	       insn offset 171 , insn 118
07-21 20:37:45.945   908   908 D LibBpfLoader: applying relo to instruction at byte offset: 1472, 	       insn offset 184 , insn 118
07-21 20:37:45.945   908   908 D LibBpfLoader: applying relo to instruction at byte offset: 1512, 	       insn offset 189 , insn 118
07-21 20:37:45.945   908   908 D LibBpfLoader: applying relo to instruction at byte offset: 1632, 	       insn offset 204 , insn 118
07-21 20:37:45.945   908   908 D LibBpfLoader: applying relo to instruction at byte offset: 1736, 	       insn offset 217 , insn 118
07-21 20:37:45.945   908   908 D LibBpfLoader: applying relo to instruction at byte offset: 1776, 	       insn offset 222 , insn 118
07-21 20:37:45.945   908   908 D LibBpfLoader: applying relo to instruction at byte offset: 2064, 	       insn offset 258 , insn 118
07-21 20:37:45.945   908   908 D LibBpfLoader: applying relo to instruction at byte offset: 2168, 	       insn offset 271 , insn 118
07-21 20:37:45.945   908   908 D LibBpfLoader: applying relo to instruction at byte offset: 2208, 	       insn offset 276 , insn 118
07-21 20:37:45.945   908   908 D LibBpfLoader: applying relo to instruction at byte offset: 2328, 	       insn offset 291 , insn 118
07-21 20:37:45.945   908   908 D LibBpfLoader: applying relo to instruction at byte offset: 2432, 	       insn offset 304 , insn 118
07-21 20:37:45.945   908   908 D LibBpfLoader: applying relo to instruction at byte offset: 2472, 	       insn offset 309 , insn 118
07-21 20:37:45.945   908   908 D LibBpfLoader: applying relo to instruction at byte offset: 2720, 	       insn offset 340 , insn 118
07-21 20:37:45.945   908   908 D LibBpfLoader: applying relo to instruction at byte offset: 2824, 	       insn offset 353 , insn 118
07-21 20:37:45.945   908   908 D LibBpfLoader: applying relo to instruction at byte offset: 2864, 	       insn offset 358 , insn 118
07-21 20:37:45.945   908   908 D LibBpfLoader: applying relo to instruction at byte offset: 608, 	       insn offset 76 , insn 118
07-21 20:37:45.945   908   908 D LibBpfLoader: applying relo to instruction at byte offset: 680, 	       insn offset 85 , insn 118
07-21 20:37:45.945   908   908 D LibBpfLoader: applying relo to instruction at byte offset: 904, 	       insn offset 113 , insn 118
07-21 20:37:45.945   908   908 D LibBpfLoader: applying relo to instruction at byte offset: 1048, 	       insn offset 131 , insn 118
07-21 20:37:45.945   908   908 D LibBpfLoader: applying relo to instruction at byte offset: 1128, 	       insn offset 141 , insn 118
07-21 20:37:45.945   895   895 E ThermalEngine: read_int_list_from_file: Read error -2.
07-21 20:37:45.945   908   908 D LibBpfLoader: applying relo to instruction at byte offset: 1232, 	       insn offset 154 , insn 118
07-21 20:37:45.945   895   895 E ThermalEngine: tmd_add_cpufreq_dev_data: Invalid or no boost freqs
07-21 20:37:45.945   908   908 D LibBpfLoader: applying relo to instruction at byte offset: 1336, 	       insn offset 167 , insn 118
07-21 20:37:45.945   908   908 D LibBpfLoader: applying relo to instruction at byte offset: 1376, 	       insn offset 172 , insn 118
07-21 20:37:45.945   908   908 D LibBpfLoader: applying relo to instruction at byte offset: 1496, 	       insn offset 187 , insn 118
07-21 20:37:45.945   908   908 D LibBpfLoader: applying relo to instruction at byte offset: 1600, 	       insn offset 200 , insn 118
07-21 20:37:45.945   908   908 D LibBpfLoader: applying relo to instruction at byte offset: 1640, 	       insn offset 205 , insn 118
07-21 20:37:45.945   908   908 D LibBpfLoader: applying relo to instruction at byte offset: 1928, 	       insn offset 241 , insn 118
07-21 20:37:45.945   908   908 D LibBpfLoader: applying relo to instruction at byte offset: 2032, 	       insn offset 254 , insn 118
07-21 20:37:45.945   908   908 D LibBpfLoader: applying relo to instruction at byte offset: 2072, 	       insn offset 259 , insn 118
07-21 20:37:45.945   908   908 D LibBpfLoader: applying relo to instruction at byte offset: 2192, 	       insn offset 274 , insn 118
07-21 20:37:45.945   908   908 D LibBpfLoader: applying relo to instruction at byte offset: 2296, 	       insn offset 287 , insn 118
07-21 20:37:45.945   908   908 D LibBpfLoader: applying relo to instruction at byte offset: 2336, 	       insn offset 292 , insn 118
07-21 20:37:45.945   908   908 D LibBpfLoader: applying relo to instruction at byte offset: 2584, 	       insn offset 323 , insn 118
07-21 20:37:45.945   908   908 D LibBpfLoader: applying relo to instruction at byte offset: 2688, 	       insn offset 336 , insn 118
07-21 20:37:45.945   908   908 D LibBpfLoader: applying relo to instruction at byte offset: 2728, 	       insn offset 341 , insn 118
07-21 20:37:45.946   908   908 D LibBpfLoader: applying relo to instruction at byte offset: 40, 	       insn offset 5 , insn 118
07-21 20:37:45.946   908   908 D LibBpfLoader: applying relo to instruction at byte offset: 144, 	       insn offset 18 , insn 118
07-21 20:37:45.946   908   908 D LibBpfLoader: applying relo to instruction at byte offset: 184, 	       insn offset 23 , insn 118
07-21 20:37:45.946   908   908 D LibBpfLoader: applying relo to instruction at byte offset: 40, 	       insn offset 5 , insn 118
07-21 20:37:45.946   908   908 D LibBpfLoader: applying relo to instruction at byte offset: 144, 	       insn offset 18 , insn 118
07-21 20:37:45.946   908   908 D LibBpfLoader: applying relo to instruction at byte offset: 184, 	       insn offset 23 , insn 118
07-21 20:37:45.946   908   908 D LibBpfLoader: applying relo to instruction at byte offset: 136, 	       insn offset 17 , insn 118
07-21 20:37:45.946   908   908 D LibBpfLoader: applying relo to instruction at byte offset: 32, 	       insn offset 4 , insn 118
07-21 20:37:45.946   908   908 D LibBpfLoader: applying relo to instruction at byte offset: 80, 	       insn offset 10 , insn 118
07-21 20:37:45.946   895   895 E ThermalEngine: read_int_list_from_file: Read error -2.
07-21 20:37:45.946   895   895 E ThermalEngine: tmd_add_cpufreq_dev_data: Invalid or no boost freqs
07-21 20:37:45.948   895   895 E ThermalEngine: read_int_list_from_file: Read error -2.
07-21 20:37:45.948   895   895 E ThermalEngine: tmd_add_cpufreq_dev_data: Invalid or no boost freqs
07-21 20:37:45.949   895   895 E ThermalEngine: read_int_list_from_file: Read error -2.
07-21 20:37:45.950   895   895 E ThermalEngine: tmd_add_cpufreq_dev_data: Invalid or no boost freqs
07-21 20:37:45.951   895   895 E ThermalEngine: read_int_list_from_file: Read error -2.
07-21 20:37:45.951   895   895 E ThermalEngine: tmd_add_cpufreq_dev_data: Invalid or no boost freqs
07-21 20:37:45.954   907   907 D ELOPartd: ELOPartd
07-21 20:37:45.954   907   907 D ELOPartd: argc = 1
07-21 20:37:45.954   907   907 D ELOPartd: ~~~~ ELOPart_event_set 63a04be198 ~~~~
07-21 20:37:45.954   907   907 D ELOPartd: ~~~~ +ELOPart_event_add ~~~~
07-21 20:37:45.954   907   907 D ELOPartd: ~~~~ added at 0 ~~~~
07-21 20:37:45.955   907   936 D ELOPartd: ~~~~ ELOPart_event_set 63a04be1e0 ~~~~
07-21 20:37:45.955   907   936 D ELOPartd: ~~~~ +ELOPart_event_add ~~~~
07-21 20:37:45.955   907   936 D ELOPartd: ~~~~ added at 1 ~~~~
07-21 20:37:45.960   905   905 I imsrcsd : Uce Service HAL  is starting up...
07-21 20:37:45.962   895   895 I ThermalEngine: tmd_init_cluster_devs: No clusters found
07-21 20:37:45.962   908   908 D LibBpfLoader: New bpf core prog_load for /system/etc/bpf/netd.o (cgroupskb_ingress_stats) returned: 19
07-21 20:37:45.963   901   901 I CLD80211: /system/vendor/bin/cnss_diag: initialized exit socket pair
07-21 20:37:45.963   901   901 I CLD80211: /system/vendor/bin/cnss_diag: nlctrl family id: 16 group: fw_logs mcast_id: 21
07-21 20:37:45.963   895   895 E ThermalEngine: Could not find npu cooling device
07-21 20:37:45.963   895   895 E ThermalEngine: tmd_init_npu_device: Invalid NPU level:-1.
07-21 20:37:45.963   901   901 I CLD80211: /system/vendor/bin/cnss_diag: nlctrl family id: 16 group: host_logs mcast_id: 20
