07-21 20:37:45.963   895   895 E ThermalEngine: devices_init: Init NPU TMD failed -12
07-21 20:37:45.963   901   901 I CLD80211: /system/vendor/bin/cnss_diag: nlctrl family id: 16 group: diag_events mcast_id: 23
07-21 20:37:45.964   901   901 I CNSS    : cnss_open_log_file: create directory /data/vendor/wifi/wlan_logs/ ret = 0 errno= 2
07-21 20:37:45.964   908   908 D LibBpfLoader: New bpf core prog_load for /system/etc/bpf/netd.o (cgroupskb_egress_stats) returned: 20
07-21 20:37:45.964   901   901 I CNSS    : failed to open file a+ mode or file size 0 is less than max_file_size 31457280
07-21 20:37:45.964   901   901 I CNSS    : cnss_open_log_file: directory /data/vendor/wifi/wlan_logs/ created
07-21 20:37:45.965   901   901 I CNSS    : failed to open file a+ mode or file size 0 is less than max_file_size 31457280
07-21 20:37:45.965   901   901 I CNSS    : cnss_open_log_file: directory /data/vendor/wifi/wlan_logs/ created
07-21 20:37:45.965   901   901 I CNSS    : failed to open file a+ mode or file size 0 is less than max_file_size 31457280
07-21 20:37:45.965   901   901 I CNSS    : initialize_cnsslog_timer: create cnss log timer 
07-21 20:37:45.965   908   908 D LibBpfLoader: New bpf core prog_load for /system/etc/bpf/netd.o (skfilter_egress_xtbpf) returned: 21
07-21 20:37:45.967   895   931 I ThermalEngine: ADSP thermal mitigation available.
07-21 20:37:45.967   908   908 D LibBpfLoader: New bpf core prog_load for /system/etc/bpf/netd.o (skfilter_ingress_xtbpf) returned: 22
07-21 20:37:45.967   908   908 D LibBpfLoader: New bpf core prog_load for /system/etc/bpf/netd.o (skfilter_whitelist_xtbpf) returned: 23
07-21 20:37:45.968   908   908 D LibBpfLoader: New bpf core prog_load for /system/etc/bpf/netd.o (skfilter_blacklist_xtbpf) returned: 24
07-21 20:37:45.968   908   908 D LibBpfLoader: New bpf core prog_load for /system/etc/bpf/netd.o (cgroupsock_inet_create) returned: 25
07-21 20:37:45.968   908   908 I bpfloader: Attempted load object: /system/etc/bpf/netd.o, ret: Success
07-21 20:37:45.968   895   895 I ThermalEngine: vdd_rstr_init: Could not read /sys/module/msm_thermal/vdd_restriction/enabled
07-21 20:37:45.972     0     0 I pil-q6v5-mss 4080000.qcom,mss: MBA boot done
07-21 20:37:45.977   895   931 I ThermalEngine: Mitigation:vdd_restriction[ADSP]:0 pending QMI request succeded
07-21 20:37:45.980   895   895 E ThermalEngine: open/sys/class/power_supply/battery/system_temp_level failed2
07-21 20:37:45.981   895   895 E ThermalEngine: Unable to init battery charging mitigation to 0
07-21 20:37:45.981   895   895 I ThermalEngine: sensors_manager_init: Init
07-21 20:37:45.982   895   944 E ThermalEngine: socket creation success
07-21 20:37:45.988   920   920 I chatty  : uid=0(root) Binder:920_2 expire 3 lines
07-21 20:37:45.988   920   920 E cutils  : Failed to read /data/.layout_version: No such file or directory
07-21 20:37:46.021   895   895 E ThermalEngine: pid_init_data: ERROR Uknown device
07-21 20:37:46.021   895   895 E ThermalEngine: thermal_monitor_init_data: read camera_thermal_migitation=125000
07-21 20:37:46.024   895   895 I ThermalEngine: Loading config file for virtual sensor
07-21 20:37:46.025   895   895 I ThermalEngine: Loading configuration file /vendor/etc/thermal-engine.conf
07-21 20:37:46.025   895   895 I ThermalEngine: Parsing section global
07-21 20:37:46.025   895   895 E ThermalEngine: virtual_sensors_init: Error getting virtual sensors set
07-21 20:37:46.025   895   895 I ThermalEngine: Loading configuration file /vendor/etc/thermal-engine.conf
07-21 20:37:46.025   895   895 I ThermalEngine: Parsing section global
07-21 20:37:46.026   895   895 E ThermalEngine: sensors_manager_reg_clnt: Invalid sensor pop_mem.
07-21 20:37:46.026   895   895 E ThermalEngine: pid_algo_init: Sensor clnt create fail pop_mem
07-21 20:37:46.026   895   895 E ThermalEngine: sensors_manager_reg_clnt: Invalid sensor cpu3.
07-21 20:37:46.026   895   895 E ThermalEngine: pid_algo_init: Sensor clnt create fail cpu3
07-21 20:37:46.026   895   895 E ThermalEngine: sensors_manager_reg_clnt: Invalid sensor cpu2.
07-21 20:37:46.026   895   895 E ThermalEngine: pid_algo_init: Sensor clnt create fail cpu2
07-21 20:37:46.026   895   895 E ThermalEngine: sensors_manager_reg_clnt: Invalid sensor cpu1.
07-21 20:37:46.026   895   895 E ThermalEngine: pid_algo_init: Sensor clnt create fail cpu1
07-21 20:37:46.026   895   895 E ThermalEngine: sensors_manager_reg_clnt: Invalid sensor cpu0.
07-21 20:37:46.026   895   895 E ThermalEngine: pid_algo_init: Sensor clnt create fail cpu0
07-21 20:37:46.026   895   895 I ThermalEngine: pid_algo_init: No PID's to be configured.
07-21 20:37:46.026   895   895 I ThermalEngine: [CAMERA_SKIN_EXIT_MITIGATION]
07-21 20:37:46.026   895   895 I ThermalEngine: #algo_type monitor
07-21 20:37:46.026   895   895 I ThermalEngine: sampling 10000
07-21 20:37:46.026   895   895 I ThermalEngine: sensor quiet-therm-adc
07-21 20:37:46.026   895   895 I ThermalEngine: thresholds 125000
07-21 20:37:46.026   895   895 I ThermalEngine: thresholds_clr 45000
07-21 20:37:46.026   895   895 I ThermalEngine: actions camera+camcorder
07-21 20:37:46.026   895   895 I ThermalEngine: action_info 10+10
07-21 20:37:46.026   895   895 I ThermalEngine: ss_algo_init: No SS's configured.
07-21 20:37:46.026   895   895 E ThermalEngine: No speaker_cal config
07-21 20:37:46.030   895   974 E ThermalEngine: open/sys/module/msm_thermal/parameters/enabled failed2
07-21 20:37:46.036   919   919 I KIT     : KIT firing up 1.08
07-21 20:37:46.077   919   919 E KIT     : LogMessageBuffer: Thu Jul 22 00:37:46 2021
07-21 20:37:46.077   919   919 E KIT     :  KIT firing up
07-21 20:37:46.077   919   919 E KIT     : 
07-21 20:37:46.079   943   943 I PerfDaemon: PerfDaemon is starting.
07-21 20:37:46.095   922   922 I keystore: found android.hardware.keymaster@4.0::IKeymasterDevice with interface name default and seclevel TRUSTED_ENVIRONMENT
07-21 20:37:46.102   955   955 I wificond: wificond is starting up...
07-21 20:37:46.128   904   904 E Diag_Lib: qpLogDiagInit <== result : 1; log_write_mutex is Initialized
07-21 20:37:46.128   904   904 E VIMSVT  : VT-Vendor:: enableImsADB 0, log_priority value 240
07-21 20:37:46.128   904   904 E Diag_Lib: [IMS_AP_RTP]"RTPService callback Registraton"
07-21 20:37:46.145   934   934 I mediaserver: ServiceManager: 0x79bc41a580
07-21 20:37:46.148   904   904 I ServiceManagement: Registered vendor.qti.imsrtpservice@2.1::IRTPService/imsrtpservice (start delay of 290ms)
07-21 20:37:46.157   946   946 I ServiceManagement: Registered android.frameworks.stats@1.0::IStats/default (start delay of 180ms)
07-21 20:37:46.158   946   946 W statsd  : statscompanion service unavailable!
07-21 20:37:46.158   946   946 I statsd  : Statsd starts to listen to socket.
07-21 20:37:46.167     0     0 I sn65dsi86_dsi2edp_disable: end
07-21 20:37:46.167     0     0 I sn65dsi86_dsi2edp_panel_enable: set to 0
07-21 20:37:46.169   943   943 D PerfDaemon: added vendor.perfservice to services and is now running.
07-21 20:37:46.170   990   990 I ssgqmigd: socket ANDROID_SOCKET_ssgqmig open success
07-21 20:37:46.170   990   990 I ssgqmigd: ssgqmigd uses 42
07-21 20:37:46.180   987   987 I CLD80211: /system/vendor/bin/cnss-daemon: initialized exit socket pair
07-21 20:37:46.180   987   987 I CLD80211: /system/vendor/bin/cnss-daemon: nlctrl family id: 16 group: svc_msgs mcast_id: 19
07-21 20:37:46.181   987   987 E cnss-daemon: interop issues ap: read_iot_ap_file: No such file /data/vendor/wifi/iotap_ps.bin
07-21 20:37:46.181   987   987 E cnss-daemon: interop issues ap: read_iot_ap_ps_from_file, read file error
07-21 20:37:46.181   987   987 I cnss-daemon: interop issues ap init successfully
07-21 20:37:46.181   987   987 I cnss-daemon:  cnss hang event handler init successfully
07-21 20:37:46.181   980   980 I ServiceManagement: Registered com.qualcomm.qti.dpm.api@1.0::IdpmQmi/dpmQmiService (start delay of 133ms)
07-21 20:37:46.185   987   987 E cnss-daemon: Couldn't resolve family id
07-21 20:37:46.185   987   987 E cnss-daemon: Failed to init genl between daemon and platform, continue
07-21 20:37:46.196  1001  1001 I /system/bin/tombstoned: tombstoned successfully initialized
07-21 20:37:46.212   497   497 I hwservicemanager: getTransport: Cannot find entry android.hardware.usb.gadget@1.0::IUsbGadget/default in either framework or device manifest.
07-21 20:37:46.213  1007  1007 I usbd    : Usb HAL not found
07-21 20:37:46.222   977   977 E wifidisplayhal-service: Start with vendor binder
07-21 20:37:46.223   977   977 E wifidisplayhal-service: Registering wifidisplayhdcphal service...
07-21 20:37:46.227   952  1011 I chatty  : uid=0(root) storaged expire 3 lines
07-21 20:37:46.229   952  1011 I ServiceManager: Waiting for service 'package_native' on '/dev/binder'...
07-21 20:37:46.230   935   935 V MediaUtils: physMem: 3812380672
07-21 20:37:46.230   935   935 V MediaUtils: requested limit: 762476120
07-21 20:37:46.231   935   935 I libc    : malloc_limit: Allocation limit enabled, max size 762476120 bytes
07-21 20:37:46.237   977   977 I ServiceManagement: Registered com.qualcomm.qti.wifidisplayhal@1.0::IHDCPSession/wifidisplayhdcphal (start delay of 209ms)
07-21 20:37:46.237   977   977 E wifidisplayhal-service: Registering wifidisplaydshal service...
07-21 20:37:46.238   977   977 I ServiceManagement: Registered com.qualcomm.qti.wifidisplayhal@1.0::IDSManager/wifidisplaydshal (start delay of 210ms)
07-21 20:37:46.249   935   935 W mediaextractor: libminijail[935]: failed to get path of fd 4: No such file or directory
07-21 20:37:46.249   935   935 W mediaextractor: libminijail[935]: allowing syscall: connect
07-21 20:37:46.249   935   935 W mediaextractor: libminijail[935]: allowing syscall: fcntl
07-21 20:37:46.249   935   935 W mediaextractor: libminijail[935]: allowing syscall: sendto
07-21 20:37:46.249   935   935 W mediaextractor: libminijail[935]: allowing syscall: socket
07-21 20:37:46.249   935   935 W mediaextractor: libminijail[935]: allowing syscall: writev
07-21 20:37:46.251   897   897 V /vendor/bin/adsprpcd: vendor/qcom/proprietary/commonsys-intf/adsprpc/src/fastrpc_perf.c:213: fastrpc_perf_init: enabled RPC traces (kernel 0, dsp 0) with frequency 1000
07-21 20:37:46.252   897   897 V /vendor/bin/adsprpcd: vendor/qcom/proprietary/commonsys-intf/adsprpc/src/fastrpc_apps_user.c:1088: remote_handle_open: Successfully opened handle 0xb07ae600 for adsp_default_listener on domain 0
07-21 20:37:46.254   897   897 V /vendor/bin/adsprpcd: vendor/qcom/proprietary/commonsys-intf/adsprpc/src/fastrpc_apps_user.c:1088: remote_handle_open: Successfully opened handle 0x6 for '":;./\geteventfd on domain 0
07-21 20:37:46.255   935   935 W mediaextractor: libminijail[935]: logging seccomp filter failures
07-21 20:37:46.269   958   958 I chatty  : uid=1046(mediacodec) omx@1.0-service expire 160 lines
07-21 20:37:46.280   999   999 I gatekeeperd: Starting gatekeeperd...
07-21 20:37:46.294   897  1025 W /vendor/bin/adsprpcd: vendor/qcom/proprietary/commonsys-intf/adsprpc/src/apps_std_imp.c:749: Warning: fopen returned 0x2 for file oemconfig.so. (No such file or directory)
07-21 20:37:46.296   897  1025 W /vendor/bin/adsprpcd: vendor/qcom/proprietary/commonsys-intf/adsprpc/src/apps_std_imp.c:749: Warning: fopen returned 0x2 for file remote_heap_config.so. (No such file or directory)
07-21 20:37:46.299   976   976 E QCNEA   : Cne Version 4.9
07-21 20:37:46.299   897  1025 W /vendor/bin/adsprpcd: vendor/qcom/proprietary/commonsys-intf/adsprpc/src/apps_std_imp.c:749: Warning: fopen returned 0x2 for file adsp_avs_config.acdb. (No such file or directory)
--------- beginning of radio
07-21 20:37:46.306   968   968 D RILD    : **RIL Daemon Started**
07-21 20:37:46.306   968   968 D RILD    : **RILd param count=3**
07-21 20:37:46.330   952  1011 I ServiceManager: Waiting for service 'package_native' on '/dev/binder'...
07-21 20:37:46.338   958   958 I MediaCodecsXmlParser: limit: feature-adaptive-playback = 0
07-21 20:37:46.338   958   958 I MediaCodecsXmlParser: limit: max-concurrent-instances = 16
07-21 20:37:46.338   958   958 I MediaCodecsXmlParser: limit: performance-point-1920x1088-range = 30-30
07-21 20:37:46.338   958   958 I MediaCodecsXmlParser: limit: size-range = 64x64-1920x1088
07-21 20:37:46.338   958   958 I MediaCodecsXmlParser: limit: alignment = 2x2
07-21 20:37:46.338   958   958 I MediaCodecsXmlParser: limit: block-size = 16x16
07-21 20:37:46.338   958   958 I MediaCodecsXmlParser: limit: blocks-per-second-range = 1-489600
07-21 20:37:46.338   958   958 I MediaCodecsXmlParser: limit: bitrate-range = 1-20000000
07-21 20:37:46.338   958   958 I MediaCodecsXmlParser: limit: feature-adaptive-playback = 0
07-21 20:37:46.338   958   958 I MediaCodecsXmlParser: limit: feature-secure-playback = 1
07-21 20:37:46.338   958   958 I MediaCodecsXmlParser: limit: max-concurrent-instances = 7
07-21 20:37:46.338   958   958 I MediaCodecsXmlParser: limit: performance-point-1920x1088-range = 30-30
07-21 20:37:46.338   958   958 I MediaCodecsXmlParser: limit: size-range = 64x64-1920x1088
07-21 20:37:46.338   958   958 I MediaCodecsXmlParser: limit: alignment = 2x2
07-21 20:37:46.338   958   958 I MediaCodecsXmlParser: limit: block-size = 16x16
07-21 20:37:46.338   958   958 I MediaCodecsXmlParser: limit: blocks-per-second-range = 1-244800
07-21 20:37:46.338   958   958 I MediaCodecsXmlParser: limit: bitrate-range = 1-10000000
07-21 20:37:46.338   958   958 I MediaCodecsXmlParser: limit: feature-adaptive-playback = 0
07-21 20:37:46.338   958   958 I MediaCodecsXmlParser: limit: max-concurrent-instances = 16
07-21 20:37:46.338   958   958 I MediaCodecsXmlParser: limit: performance-point-1920x1088-range = 30-30
07-21 20:37:46.338   958   958 I MediaCodecsXmlParser: limit: size-range = 64x64-720x480
07-21 20:37:46.338   958   958 I MediaCodecsXmlParser: limit: alignment = 2x2
07-21 20:37:46.338   958   958 I MediaCodecsXmlParser: limit: block-size = 16x16
07-21 20:37:46.338   958   958 I MediaCodecsXmlParser: limit: blocks-per-second-range = 1-40500
07-21 20:37:46.338   958   958 I MediaCodecsXmlParser: limit: bitrate-range = 1-2000000
07-21 20:37:46.338   958   958 I MediaCodecsXmlParser: limit: feature-adaptive-playback = 0
07-21 20:37:46.338   958   958 I MediaCodecsXmlParser: limit: max-concurrent-instances = 16
07-21 20:37:46.338   958   958 I MediaCodecsXmlParser: limit: performance-point-720x480-range = 30-30
07-21 20:37:46.338   958   958 I MediaCodecsXmlParser: limit: size-range = 64x64-1920x1088
07-21 20:37:46.338   958   958 I MediaCodecsXmlParser: limit: alignment = 2x2
07-21 20:37:46.338   958   958 I MediaCodecsXmlParser: limit: block-size = 16x16
07-21 20:37:46.338   958   958 I MediaCodecsXmlParser: limit: blocks-per-second-range = 1-244800
07-21 20:37:46.338   958   958 I MediaCodecsXmlParser: limit: bitrate-range = 1-10000000
07-21 20:37:46.338   958   958 I MediaCodecsXmlParser: limit: feature-adaptive-playback = 0
07-21 20:37:46.338   958   958 I MediaCodecsXmlParser: limit: max-concurrent-instances = 16
07-21 20:37:46.338   958   958 I MediaCodecsXmlParser: limit: performance-point-1920x1088-range = 30-30
07-21 20:37:46.338   958   958 I MediaCodecsXmlParser: limit: size-range = 64x64-3840x2160
07-21 20:37:46.339   958   958 I MediaCodecsXmlParser: limit: alignment = 2x2
07-21 20:37:46.339   958   958 I MediaCodecsXmlParser: limit: block-size = 16x16
07-21 20:37:46.339   958   958 I MediaCodecsXmlParser: limit: blocks-per-second-range = 1-972000
07-21 20:37:46.339   958   958 I MediaCodecsXmlParser: limit: bitrate-range = 1-100000000
07-21 20:37:46.339   958   958 I MediaCodecsXmlParser: limit: feature-adaptive-playback = 0
07-21 20:37:46.339   958   958 I MediaCodecsXmlParser: limit: max-concurrent-instances = 16
07-21 20:37:46.339   958   958 I MediaCodecsXmlParser: limit: performance-point-3840x2160-range = 30-30
07-21 20:37:46.339   958   958 I MediaCodecsXmlParser: limit: size-range = 64x64-3840x2160
07-21 20:37:46.339   958   958 I MediaCodecsXmlParser: limit: alignment = 2x2
07-21 20:37:46.339   958   958 I MediaCodecsXmlParser: limit: block-size = 16x16
07-21 20:37:46.339   958   958 I MediaCodecsXmlParser: limit: blocks-per-second-range = 1-972000
07-21 20:37:46.339   958   958 I MediaCodecsXmlParser: limit: bitrate-range = 1-100000000
07-21 20:37:46.339   958   958 I MediaCodecsXmlParser: limit: feature-adaptive-playback = 0
07-21 20:37:46.339   958   958 I MediaCodecsXmlParser: limit: max-concurrent-instances = 16
07-21 20:37:46.339   958   958 I MediaCodecsXmlParser: limit: performance-point-3840x2160-range = 30-30
07-21 20:37:46.339   958   958 I MediaCodecsXmlParser: limit: size-range = 64x64-3840x2160
07-21 20:37:46.339   958   958 I MediaCodecsXmlParser: limit: alignment = 2x2
07-21 20:37:46.339   958   958 I MediaCodecsXmlParser: limit: block-size = 16x16
07-21 20:37:46.339   958   958 I MediaCodecsXmlParser: limit: blocks-per-second-range = 1-979200
07-21 20:37:46.339   958   958 I MediaCodecsXmlParser: limit: bitrate-range = 1-35000000
07-21 20:37:46.339   958   958 I MediaCodecsXmlParser: limit: frame-rate-range = 1-30
07-21 20:37:46.339   958   958 I MediaCodecsXmlParser: limit: feature-adaptive-playback = 0
07-21 20:37:46.339   958   958 I MediaCodecsXmlParser: limit: feature-secure-playback = 1
07-21 20:37:46.339   958   958 I MediaCodecsXmlParser: limit: max-concurrent-instances = 6
07-21 20:37:46.339   958   958 I MediaCodecsXmlParser: limit: performance-point-3840x2160-range = 30-30
07-21 20:37:46.339   958   958 I MediaCodecsXmlParser: limit: size-range = 64x64-3840x2160
07-21 20:37:46.339   958   958 I MediaCodecsXmlParser: limit: alignment = 2x2
07-21 20:37:46.339   958   958 I MediaCodecsXmlParser: limit: block-size = 16x16
07-21 20:37:46.339   958   958 I MediaCodecsXmlParser: limit: blocks-per-second-range = 1-972000
07-21 20:37:46.339   958   958 I MediaCodecsXmlParser: limit: bitrate-range = 1-100000000
07-21 20:37:46.339   958   958 I MediaCodecsXmlParser: limit: feature-adaptive-playback = 0
07-21 20:37:46.339   958   958 I MediaCodecsXmlParser: limit: max-concurrent-instances = 16
07-21 20:37:46.339   958   958 I MediaCodecsXmlParser: limit: performance-point-3840x2160-range = 30-30
07-21 20:37:46.339  1006  1006 I update_engine: [0721/203746.339358:INFO:main.cc(181)] A/B Update Engine starting
07-21 20:37:46.340   958   958 I MediaCodecsXmlParser: limit: size-range = 64x64-3840x2160
07-21 20:37:46.340   958   958 I MediaCodecsXmlParser: limit: alignment = 2x2
07-21 20:37:46.340   958   958 I MediaCodecsXmlParser: limit: block-size = 16x16
07-21 20:37:46.340   958   958 I MediaCodecsXmlParser: limit: blocks-per-second-range = 1-972000
07-21 20:37:46.340   958   958 I MediaCodecsXmlParser: limit: bitrate-range = 1-35000000
07-21 20:37:46.340   958   958 I MediaCodecsXmlParser: limit: feature-adaptive-playback = 0
07-21 20:37:46.340   958   958 I MediaCodecsXmlParser: limit: feature-secure-playback = 1
07-21 20:37:46.340   958   958 I MediaCodecsXmlParser: limit: max-concurrent-instances = 6
07-21 20:37:46.340   958   958 I MediaCodecsXmlParser: limit: performance-point-3840x2160-range = 30-30
07-21 20:37:46.340   958   958 D MediaCodecsXmlParser: parsing /vendor/etc/media_codecs_google_video.xml...
07-21 20:37:46.340   897  1025 W /vendor/bin/adsprpcd: vendor/qcom/proprietary/commonsys-intf/adsprpc/src/apps_std_imp.c:749: Warning: fopen returned 0x2 for file custom_sm_ecns_1.so.1. (No such file or directory)
07-21 20:37:46.340   897  1025 W /vendor/bin/adsprpcd: vendor/qcom/proprietary/commonsys-intf/adsprpc/src/apps_std_imp.c:749: Warning: fopen returned 0x2 for file custom_sm_ecns_2.so.1. (No such file or directory)
07-21 20:37:46.341   897  1025 W /vendor/bin/adsprpcd: vendor/qcom/proprietary/commonsys-intf/adsprpc/src/apps_std_imp.c:749: Warning: fopen returned 0x2 for file custom_dm_ecns_1.so.1. (No such file or directory)
07-21 20:37:46.341   897  1025 W /vendor/bin/adsprpcd: vendor/qcom/proprietary/commonsys-intf/adsprpc/src/apps_std_imp.c:749: Warning: fopen returned 0x2 for file custom_dm_ecns_2.so.1. (No such file or directory)
07-21 20:37:46.341   897  1025 W /vendor/bin/adsprpcd: vendor/qcom/proprietary/commonsys-intf/adsprpc/src/apps_std_imp.c:749: Warning: fopen returned 0x2 for file custom_qm_ecns_1.so.1. (No such file or directory)
07-21 20:37:46.341   897  1025 W /vendor/bin/adsprpcd: vendor/qcom/proprietary/commonsys-intf/adsprpc/src/apps_std_imp.c:749: Warning: fopen returned 0x2 for file custom_qm_ecns_2.so.1. (No such file or directory)
07-21 20:37:46.345   958   958 I MediaCodecsXmlParser: limit: size-range = 2x2-352x288
07-21 20:37:46.345   958   958 I MediaCodecsXmlParser: limit: alignment = 2x2
07-21 20:37:46.345   958   958 I MediaCodecsXmlParser: limit: block-size = 16x16
07-21 20:37:46.345   958   958 I MediaCodecsXmlParser: limit: blocks-per-second-range = 12-11880
07-21 20:37:46.345   958   958 I MediaCodecsXmlParser: limit: bitrate-range = 1-384000
07-21 20:37:46.345   958   958 I MediaCodecsXmlParser: limit: feature-adaptive-playback = 0
07-21 20:37:46.345   958   958 I MediaCodecsXmlParser: limit: size-range = 2x2-352x288
07-21 20:37:46.345   958   958 I MediaCodecsXmlParser: limit: alignment = 2x2
07-21 20:37:46.345   958   958 I MediaCodecsXmlParser: limit: bitrate-range = 1-384000
07-21 20:37:46.345   958   958 I MediaCodecsXmlParser: limit: feature-adaptive-playback = 0
07-21 20:37:46.345   958   958 I MediaCodecsXmlParser: limit: size-range = 2x2-4080x4080
07-21 20:37:46.345   958   958 I MediaCodecsXmlParser: limit: alignment = 2x2
07-21 20:37:46.345   958   958 I MediaCodecsXmlParser: limit: block-size = 16x16
07-21 20:37:46.345   958   958 I MediaCodecsXmlParser: limit: block-count-range = 1-32768
07-21 20:37:46.345   958   958 I MediaCodecsXmlParser: limit: blocks-per-second-range = 1-1966080
07-21 20:37:46.345   958   958 I MediaCodecsXmlParser: limit: bitrate-range = 1-48000000
07-21 20:37:46.345   958   958 I MediaCodecsXmlParser: limit: feature-adaptive-playback = 0
07-21 20:37:46.345   958   958 I MediaCodecsXmlParser: limit: size-range = 2x2-4096x4096
07-21 20:37:46.345   958   958 I MediaCodecsXmlParser: limit: alignment = 2x2
07-21 20:37:46.345   958   958 I MediaCodecsXmlParser: limit: block-size = 8x8
07-21 20:37:46.345   958   958 I MediaCodecsXmlParser: limit: block-count-range = 1-196608
07-21 20:37:46.345   958   958 I MediaCodecsXmlParser: limit: blocks-per-second-range = 1-2000000
07-21 20:37:46.345   958   958 I MediaCodecsXmlParser: limit: bitrate-range = 1-10000000
07-21 20:37:46.345   958   958 I MediaCodecsXmlParser: limit: feature-adaptive-playback = 0
07-21 20:37:46.345   958   958 I MediaCodecsXmlParser: limit: size-range = 2x2-2048x2048
07-21 20:37:46.345   958   958 I MediaCodecsXmlParser: limit: alignment = 2x2
07-21 20:37:46.345   958   958 I MediaCodecsXmlParser: limit: block-size = 16x16
07-21 20:37:46.345   958   958 I MediaCodecsXmlParser: limit: block-count-range = 1-16384
07-21 20:37:46.345   958   958 I MediaCodecsXmlParser: limit: blocks-per-second-range = 1-1000000
07-21 20:37:46.345   958   958 I MediaCodecsXmlParser: limit: bitrate-range = 1-40000000
07-21 20:37:46.345   958   958 I MediaCodecsXmlParser: limit: feature-adaptive-playback = 0
07-21 20:37:46.345   958   958 I MediaCodecsXmlParser: limit: size-range = 2x2-2048x2048
07-21 20:37:46.345   958   958 I MediaCodecsXmlParser: limit: alignment = 2x2
07-21 20:37:46.345   958   958 I MediaCodecsXmlParser: limit: block-size = 16x16
07-21 20:37:46.345   958   958 I MediaCodecsXmlParser: limit: block-count-range = 1-16384
07-21 20:37:46.345   958   958 I MediaCodecsXmlParser: limit: blocks-per-second-range = 1-500000
07-21 20:37:46.345   958   958 I MediaCodecsXmlParser: limit: bitrate-range = 1-40000000
07-21 20:37:46.345   958   958 I MediaCodecsXmlParser: limit: feature-adaptive-playback = 0
07-21 20:37:46.345   958   958 I MediaCodecsXmlParser: limit: size-range = 176x144-176x144
07-21 20:37:46.345   958   958 I MediaCodecsXmlParser: limit: alignment = 16x16
07-21 20:37:46.345   958   958 I MediaCodecsXmlParser: limit: bitrate-range = 1-128000
07-21 20:37:46.345   958   958 I MediaCodecsXmlParser: limit: size-range = 16x16-2048x2048
07-21 20:37:46.345   958   958 I MediaCodecsXmlParser: limit: alignment = 2x2
07-21 20:37:46.345   958   958 I MediaCodecsXmlParser: limit: block-size = 16x16
07-21 20:37:46.345   958   958 I MediaCodecsXmlParser: limit: block-count-range = 1-8192
07-21 20:37:46.345   958   958 I MediaCodecsXmlParser: limit: blocks-per-second-range = 1-245760
07-21 20:37:46.345   958   958 I MediaCodecsXmlParser: limit: bitrate-range = 1-12000000
07-21 20:37:46.345   958   958 I MediaCodecsXmlParser: limit: feature-intra-refresh = 0
07-21 20:37:46.345   958   958 I MediaCodecsXmlParser: limit: size-range = 16x16-176x144
07-21 20:37:46.345   958   958 I MediaCodecsXmlParser: limit: alignment = 16x16
07-21 20:37:46.345   958   958 I MediaCodecsXmlParser: limit: block-size = 16x16
07-21 20:37:46.345   958   958 I MediaCodecsXmlParser: limit: blocks-per-second-range = 12-1485
07-21 20:37:46.345   958   958 I MediaCodecsXmlParser: limit: bitrate-range = 1-64000
07-21 20:37:46.345   958   958 I MediaCodecsXmlParser: limit: size-range = 2x2-2048x2048
07-21 20:37:46.345   958   958 I MediaCodecsXmlParser: limit: alignment = 2x2
07-21 20:37:46.345   958   958 I MediaCodecsXmlParser: limit: block-size = 16x16
07-21 20:37:46.345   958   958 I MediaCodecsXmlParser: limit: block-count-range = 1-16384
07-21 20:37:46.345   958   958 I MediaCodecsXmlParser: limit: bitrate-range = 1-40000000
07-21 20:37:46.345   958   958 I MediaCodecsXmlParser: limit: feature-bitrate-modes = VBR,CBR
07-21 20:37:46.345   958   958 I MediaCodecsXmlParser: limit: size-range = 2x2-2048x2048
07-21 20:37:46.345   958   958 I MediaCodecsXmlParser: limit: alignment = 2x2
07-21 20:37:46.345   958   958 I MediaCodecsXmlParser: limit: block-size = 16x16
07-21 20:37:46.345   958   958 I MediaCodecsXmlParser: limit: block-count-range = 1-3600
07-21 20:37:46.346   958   958 I MediaCodecsXmlParser: limit: bitrate-range = 1-40000000
07-21 20:37:46.346   958   958 I MediaCodecsXmlParser: limit: feature-bitrate-modes = VBR,CBR
07-21 20:37:46.346   958   958 I MediaCodecsXmlParser: getVendorXmlPath (/vendor/etc/media_codecs_performance.xml)
07-21 20:37:46.346   958   958 D MediaCodecsXmlParser: parsing /vendor/etc/media_codecs_performance.xml...
07-21 20:37:46.347   958   958 I MediaCodecsXmlParser: limit: measured-frame-rate-320x240-range = 388-392
07-21 20:37:46.347   958   958 I MediaCodecsXmlParser: limit: measured-frame-rate-720x480-range = 80-90
07-21 20:37:46.347   958   958 I MediaCodecsXmlParser: limit: measured-frame-rate-1280x720-range = 32-37
07-21 20:37:46.347   958   958 I MediaCodecsXmlParser: limit: measured-frame-rate-1920x1080-range = 40-40
07-21 20:37:46.347   958   958 I MediaCodecsXmlParser: limit: measured-frame-rate-320x240-range = 226-226
07-21 20:37:46.347   958   958 I MediaCodecsXmlParser: limit: measured-frame-rate-720x480-range = 121-121
07-21 20:37:46.347   958   958 I MediaCodecsXmlParser: limit: measured-frame-rate-1280x720-range = 49-49
07-21 20:37:46.347   958   958 I MediaCodecsXmlParser: limit: measured-frame-rate-1920x1080-range = 16-45
07-21 20:37:46.347   958   958 I MediaCodecsXmlParser: limit: measured-frame-rate-3840x2160-range = 13-26
07-21 20:37:46.347   958   958 I MediaCodecsXmlParser: limit: measured-frame-rate-176x144-range = 517-521
07-21 20:37:46.347   958   958 I MediaCodecsXmlParser: limit: measured-frame-rate-352x288-range = 261-261
07-21 20:37:46.347   958   958 I MediaCodecsXmlParser: limit: measured-frame-rate-176x144-range = 515-518
07-21 20:37:46.347   958   958 I MediaCodecsXmlParser: limit: measured-frame-rate-352x288-range = 263-263
07-21 20:37:46.347   958   958 I MediaCodecsXmlParser: limit: measured-frame-rate-640x480-range = 144-144
07-21 20:37:46.347   958   958 I MediaCodecsXmlParser: limit: measured-frame-rate-320x180-range = 312-312
07-21 20:37:46.347   958   958 I MediaCodecsXmlParser: limit: measured-frame-rate-640x360-range = 175-174
07-21 20:37:46.347   958   958 I MediaCodecsXmlParser: limit: measured-frame-rate-1280x720-range = 30-40
07-21 20:37:46.347   958   958 I MediaCodecsXmlParser: limit: measured-frame-rate-1920x1080-range = 20-25
07-21 20:37:46.347   958   958 I MediaCodecsXmlParser: limit: measured-frame-rate-320x240-range = 185-185
07-21 20:37:46.347   958   958 I MediaCodecsXmlParser: limit: measured-frame-rate-720x480-range = 87-87
07-21 20:37:46.347   958   958 I MediaCodecsXmlParser: limit: measured-frame-rate-1280x720-range = 45-45
07-21 20:37:46.347   958   958 I MediaCodecsXmlParser: limit: measured-frame-rate-1920x1080-range = 28-28
07-21 20:37:46.348   958   958 D MediaCodecsXmlParser: MediaCodec: cannot update non-existing codec at line 57 of /vendor/etc/media_codecs_performance.xml
07-21 20:37:46.348   958   958 I MediaCodecsXmlParser: limit: measured-frame-rate-176x144-range = 350-365
07-21 20:37:46.348   958   958 D MediaCodecsXmlParser: MediaCodec: cannot update non-existing codec at line 66 of /vendor/etc/media_codecs_performance.xml
07-21 20:37:46.348   958   958 I MediaCodecsXmlParser: limit: measured-frame-rate-176x144-range = 385-385
07-21 20:37:46.348   958   958 D MediaCodecsXmlParser: MediaCodec: cannot update non-existing codec at line 72 of /vendor/etc/media_codecs_performance.xml
07-21 20:37:46.348   958   958 D MediaCodecsXmlParser: MediaCodec: cannot update non-existing codec at line 75 of /vendor/etc/media_codecs_performance.xml
07-21 20:37:46.348   958   958 I MediaCodecsXmlParser: limit: measured-frame-rate-320x180-range = 100-120
07-21 20:37:46.348   958   958 I MediaCodecsXmlParser: limit: measured-frame-rate-640x360-range = 45-50
07-21 20:37:46.348   958   958 I MediaCodecsXmlParser: limit: measured-frame-rate-1280x720-range = 30-35
07-21 20:37:46.348   958   958 I MediaCodecsXmlParser: limit: measured-frame-rate-1920x1080-range = 20-30
07-21 20:37:46.348   958   958 I MediaCodecsXmlParser: limit: measured-frame-rate-320x180-range = 140-180
07-21 20:37:46.348   958   958 I MediaCodecsXmlParser: limit: measured-frame-rate-640x360-range = 45-60
07-21 20:37:46.348   958   958 I MediaCodecsXmlParser: limit: measured-frame-rate-1280x720-range = 12-15
07-21 20:37:46.348   958   958 D MediaCodecsXmlParser: MediaCodec: cannot update non-existing codec at line 90 of /vendor/etc/media_codecs_performance.xml
07-21 20:37:46.348   958   958 I MediaCodecsXmlParser: limit: measured-frame-rate-320x240-range = 555-566
07-21 20:37:46.348   958   958 I MediaCodecsXmlParser: limit: measured-frame-rate-720x480-range = 239-239
07-21 20:37:46.348   958   958 I MediaCodecsXmlParser: limit: measured-frame-rate-1280x720-range = 197-197
07-21 20:37:46.348   958   958 I MediaCodecsXmlParser: limit: measured-frame-rate-1920x1088-range = 198-199
07-21 20:37:46.348   958   958 I MediaCodecsXmlParser: limit: measured-frame-rate-352x288-range = 650-655
07-21 20:37:46.348   958   958 I MediaCodecsXmlParser: limit: measured-frame-rate-640x360-range = 395-398
07-21 20:37:46.348   958   958 I MediaCodecsXmlParser: limit: measured-frame-rate-720x480-range = 300-304
07-21 20:37:46.348   958   958 I MediaCodecsXmlParser: limit: measured-frame-rate-1280x720-range = 241-241
07-21 20:37:46.348   958   958 I MediaCodecsXmlParser: limit: measured-frame-rate-1920x1088-range = 224-226
07-21 20:37:46.348   958   958 I MediaCodecsXmlParser: limit: measured-frame-rate-3840x2160-range = 30-40
07-21 20:37:46.348   958   958 I MediaCodecsXmlParser: limit: measured-frame-rate-176x144-range = 890-898
07-21 20:37:46.348   958   958 I MediaCodecsXmlParser: limit: measured-frame-rate-352x288-range = 840-850
07-21 20:37:46.348   958   958 I MediaCodecsXmlParser: limit: measured-frame-rate-176x144-range = 850-875
07-21 20:37:46.348   958   958 I MediaCodecsXmlParser: limit: measured-frame-rate-480x360-range = 766-794
07-21 20:37:46.348   958   958 I MediaCodecsXmlParser: limit: measured-frame-rate-320x180-range = 680-696
07-21 20:37:46.348   958   958 I MediaCodecsXmlParser: limit: measured-frame-rate-640x360-range = 400-415
07-21 20:37:46.348   958   958 I MediaCodecsXmlParser: limit: measured-frame-rate-1280x720-range = 350-358
07-21 20:37:46.348   958   958 I MediaCodecsXmlParser: limit: measured-frame-rate-1920x1080-range = 199-199
07-21 20:37:46.348   958   958 I MediaCodecsXmlParser: limit: measured-frame-rate-320x180-range = 500-524
07-21 20:37:46.348   958   958 I MediaCodecsXmlParser: limit: measured-frame-rate-640x360-range = 360-366
07-21 20:37:46.349   958   958 I MediaCodecsXmlParser: limit: measured-frame-rate-1280x720-range = 190-210
07-21 20:37:46.349   958   958 I MediaCodecsXmlParser: limit: measured-frame-rate-1920x1080-range = 170-190
07-21 20:37:46.349   958   958 I MediaCodecsXmlParser: limit: measured-frame-rate-3840x2160-range = 48-48
07-21 20:37:46.349   958   958 I MediaCodecsXmlParser: limit: measured-frame-rate-320x240-range = 320-350
07-21 20:37:46.349   958   958 I MediaCodecsXmlParser: limit: measured-frame-rate-720x480-range = 100-130
07-21 20:37:46.349   958   958 I MediaCodecsXmlParser: limit: measured-frame-rate-1280x720-range = 50-58
07-21 20:37:46.349   958   958 I MediaCodecsXmlParser: limit: measured-frame-rate-1920x1080-range = 20-30
07-21 20:37:46.349   958   958 D MediaCodecsXmlParser: MediaCodec: cannot update non-existing codec at line 139 of /vendor/etc/media_codecs_performance.xml
07-21 20:37:46.349   958   958 I MediaCodecsXmlParser: limit: measured-frame-rate-352x288-range = 458-458
07-21 20:37:46.349   958   958 I MediaCodecsXmlParser: limit: measured-frame-rate-640x360-range = 210-215
07-21 20:37:46.349   958   958 I MediaCodecsXmlParser: limit: measured-frame-rate-720x480-range = 120-125
07-21 20:37:46.349   958   958 I MediaCodecsXmlParser: limit: measured-frame-rate-1280x720-range = 70-85
07-21 20:37:46.349   958   958 I MediaCodecsXmlParser: limit: measured-frame-rate-1920x1080-range = 45-48
07-21 20:37:46.349   958   958 D MediaCodecsXmlParser: MediaCodec: cannot update non-existing codec at line 152 of /vendor/etc/media_codecs_performance.xml
07-21 20:37:46.350  1006  1006 I update_engine: [0721/203746.350109:INFO:boot_control_android.cc(76)] Loaded boot control hidl hal.
07-21 20:37:46.350  1006  1006 I update_engine: [0721/203746.350271:INFO:daemon_state_android.cc(43)] Booted in dev mode.
07-21 20:37:46.351   958   958 I MediaCodecsXmlParser: limit: measured-frame-rate-176x144-range = 190-210
07-21 20:37:46.351   958   958 I MediaCodecsXmlParser: limit: measured-frame-rate-352x288-range = 170-182
07-21 20:37:46.351   958   958 D MediaCodecsXmlParser: MediaCodec: cannot update non-existing codec at line 163 of /vendor/etc/media_codecs_performance.xml
07-21 20:37:46.351   958   958 I MediaCodecsXmlParser: limit: measured-frame-rate-320x240-range = 575-580
07-21 20:37:46.351   958   958 I MediaCodecsXmlParser: limit: measured-frame-rate-640x360-range = 200-220
07-21 20:37:46.351   958   958 I MediaCodecsXmlParser: limit: measured-frame-rate-1280x720-range = 45-55
07-21 20:37:46.351   958   958 I MediaCodecsXmlParser: limit: measured-frame-rate-1920x1080-range = 18-22
07-21 20:37:46.351   958   958 D MediaCodecsXmlParser: MediaCodec: cannot update non-existing codec at line 173 of /vendor/etc/media_codecs_performance.xml
07-21 20:37:46.351   958   958 I MediaCodecsXmlParser: limit: measured-frame-rate-320x240-range = 580-604
07-21 20:37:46.351   958   958 I MediaCodecsXmlParser: limit: measured-frame-rate-640x360-range = 180-185
07-21 20:37:46.351   958   958 I MediaCodecsXmlParser: limit: measured-frame-rate-1280x720-range = 88-92
07-21 20:37:46.351   958   958 I MediaCodecsXmlParser: limit: measured-frame-rate-1920x1080-range = 47-52
07-21 20:37:46.351   958   958 D MediaCodecsXmlParser: MediaCodec: cannot update non-existing codec at line 185 of /vendor/etc/media_codecs_performance.xml
07-21 20:37:46.351   958   958 I MediaCodecsXmlParser: limit: measured-frame-rate-176x144-range = 380-400
07-21 20:37:46.351   958   958 D MediaCodecsXmlParser: MediaCodec: cannot update non-existing codec at line 197 of /vendor/etc/media_codecs_performance.xml
07-21 20:37:46.351   958   958 D MediaCodecsXmlParser: Cannot find /data/misc/media/media_codecs_profiling_results.xml
07-21 20:37:46.353   958   958 I ServiceManagement: Registered android.hardware.media.omx@1.0::IOmx/default (start delay of 356ms)
07-21 20:37:46.353   958   958 I ServiceManagement: Removing namespace from process name android.hardware.media.omx@1.0-service to omx@1.0-service.
07-21 20:37:46.354   958   958 I media.codec: IOmx HAL service created.
07-21 20:37:46.355   958   958 I MediaCodecsXmlParser: getVendorXmlPath (/vendor/etc/media_codecs_vendor.xml)
07-21 20:37:46.355   958   958 D MediaCodecsXmlParser: parsing /vendor/etc/media_codecs_vendor.xml...
07-21 20:37:46.355   958   958 D MediaCodecsXmlParser: parsing /vendor/etc/media_codecs_google_audio.xml...
07-21 20:37:46.360   958   958 I MediaCodecsXmlParser: limit: max-channel-count = 2
07-21 20:37:46.360   958   958 I MediaCodecsXmlParser: limit: sample-rate-ranges = 8000,11025,12000,16000,22050,24000,32000,44100,48000
07-21 20:37:46.360   958   958 I MediaCodecsXmlParser: limit: bitrate-range = 8000-320000
07-21 20:37:46.360   958   958 I MediaCodecsXmlParser: limit: max-channel-count = 1
07-21 20:37:46.360   958   958 I MediaCodecsXmlParser: limit: sample-rate-ranges = 8000
07-21 20:37:46.360   958   958 I MediaCodecsXmlParser: limit: bitrate-range = 4750-12200
07-21 20:37:46.360   958   958 I MediaCodecsXmlParser: limit: max-channel-count = 1
07-21 20:37:46.360   958   958 I MediaCodecsXmlParser: limit: sample-rate-ranges = 16000
07-21 20:37:46.360   958   958 I MediaCodecsXmlParser: limit: bitrate-range = 6600-23850
07-21 20:37:46.360   958   958 I MediaCodecsXmlParser: limit: max-channel-count = 8
07-21 20:37:46.360   958   958 I MediaCodecsXmlParser: limit: sample-rate-ranges = 7350,8000,11025,12000,16000,22050,24000,32000,44100,48000
07-21 20:37:46.362   958   958 I MediaCodecsXmlParser: limit: bitrate-range = 8000-960000
07-21 20:37:46.362   958   958 I MediaCodecsXmlParser: limit: max-channel-count = 1
07-21 20:37:46.362   958   958 I MediaCodecsXmlParser: limit: sample-rate-ranges = 8000-48000
07-21 20:37:46.362   958   958 I MediaCodecsXmlParser: limit: bitrate-range = 64000
07-21 20:37:46.362   958   958 I MediaCodecsXmlParser: limit: max-channel-count = 1
07-21 20:37:46.362   958   958 I MediaCodecsXmlParser: limit: sample-rate-ranges = 8000-48000
07-21 20:37:46.362   958   958 I MediaCodecsXmlParser: limit: bitrate-range = 64000
07-21 20:37:46.362   958   958 I MediaCodecsXmlParser: limit: max-channel-count = 8
07-21 20:37:46.362   958   958 I MediaCodecsXmlParser: limit: sample-rate-ranges = 8000-96000
07-21 20:37:46.362   958   958 I MediaCodecsXmlParser: limit: bitrate-range = 32000-500000
07-21 20:37:46.362   958   958 I MediaCodecsXmlParser: limit: max-channel-count = 8
07-21 20:37:46.362   958   958 I MediaCodecsXmlParser: limit: sample-rate-ranges = 48000
07-21 20:37:46.362   958   958 I MediaCodecsXmlParser: limit: bitrate-range = 6000-510000
07-21 20:37:46.362   958   958 I MediaCodecsXmlParser: limit: max-channel-count = 8
07-21 20:37:46.362   958   958 I MediaCodecsXmlParser: limit: sample-rate-ranges = 8000-192000
07-21 20:37:46.362   958   958 I MediaCodecsXmlParser: limit: bitrate-range = 1-10000000
07-21 20:37:46.362   958   958 I MediaCodecsXmlParser: limit: max-channel-count = 8
07-21 20:37:46.362   958   958 I MediaCodecsXmlParser: limit: sample-rate-ranges = 1-655350
07-21 20:37:46.363   958   958 I MediaCodecsXmlParser: limit: bitrate-range = 1-21000000
07-21 20:37:46.363   958   958 I MediaCodecsXmlParser: limit: max-channel-count = 6
07-21 20:37:46.363   958   958 I MediaCodecsXmlParser: limit: sample-rate-ranges = 8000,11025,12000,16000,22050,24000,32000,44100,48000
07-21 20:37:46.363   958   958 I MediaCodecsXmlParser: limit: bitrate-range = 8000-960000
07-21 20:37:46.363   958   958 I MediaCodecsXmlParser: limit: max-channel-count = 1
07-21 20:37:46.363   958   958 I MediaCodecsXmlParser: limit: sample-rate-ranges = 8000
07-21 20:37:46.363   958   958 I MediaCodecsXmlParser: limit: bitrate-range = 4750-12200
07-21 20:37:46.363   958   958 I MediaCodecsXmlParser: limit: feature-bitrate-modes = CBR
07-21 20:37:46.363   958   958 I MediaCodecsXmlParser: limit: max-channel-count = 1
07-21 20:37:46.363   958   958 I MediaCodecsXmlParser: limit: sample-rate-ranges = 16000
07-21 20:37:46.363   958   958 I MediaCodecsXmlParser: limit: bitrate-range = 6600-23850
07-21 20:37:46.363   958   958 I MediaCodecsXmlParser: limit: feature-bitrate-modes = CBR
07-21 20:37:46.363   958   958 I MediaCodecsXmlParser: limit: max-channel-count = 2
07-21 20:37:46.363   958   958 I MediaCodecsXmlParser: limit: sample-rate-ranges = 1-655350
07-21 20:37:46.363   958   958 I MediaCodecsXmlParser: limit: bitrate-range = 1-21000000
07-21 20:37:46.363   958   958 I MediaCodecsXmlParser: limit: complexity-default = 5
07-21 20:37:46.363   958   958 I MediaCodecsXmlParser: limit: complexity-range = 0-8
07-21 20:37:46.363   958   958 I MediaCodecsXmlParser: limit: feature-bitrate-modes = CQ
07-21 20:37:46.363   958   958 D MediaCodecsXmlParser: parsing /vendor/etc/media_codecs_vendor_audio.xml...
07-21 20:37:46.363   958   958 I MediaCodecsXmlParser: limit: max-concurrent-instances = 10
07-21 20:37:46.363   958   958 D MediaCodecsXmlParser: parsing /vendor/etc/media_codecs_google_telephony.xml...
07-21 20:37:46.363   958   958 I MediaCodecsXmlParser: limit: max-channel-count = 1
07-21 20:37:46.363   958   958 I MediaCodecsXmlParser: limit: sample-rate-ranges = 8000
07-21 20:37:46.363   958   958 I MediaCodecsXmlParser: limit: bitrate-range = 13000
07-21 20:37:46.363   958   958 I MediaCodecsXmlParser: limit: size-range = 176x64-3840x2160
07-21 20:37:46.363   958   958 I MediaCodecsXmlParser: limit: alignment = 2x2
07-21 20:37:46.363   958   958 I MediaCodecsXmlParser: limit: block-size = 16x16
07-21 20:37:46.363   958   958 I MediaCodecsXmlParser: limit: blocks-per-second-range = 1-972000
07-21 20:37:46.363   958   958 I MediaCodecsXmlParser: limit: bitrate-range = 1-100000000
07-21 20:37:46.363   958   958 I MediaCodecsXmlParser: limit: max-concurrent-instances = 16
07-21 20:37:46.363   958   958 I MediaCodecsXmlParser: limit: feature-intra-refresh = 0
07-21 20:37:46.363   958   958 I MediaCodecsXmlParser: limit: performance-point-3840x2160-range = 24-24
07-21 20:37:46.363   958   958 I MediaCodecsXmlParser: limit: size-range = 96x96-3840x2160
07-21 20:37:46.363   958   958 I MediaCodecsXmlParser: limit: alignment = 2x2
07-21 20:37:46.363   958   958 I MediaCodecsXmlParser: limit: block-size = 16x16
07-21 20:37:46.363   958   958 I MediaCodecsXmlParser: limit: blocks-per-second-range = 1-972000
07-21 20:37:46.363   958   958 I MediaCodecsXmlParser: limit: bitrate-range = 1-100000000
07-21 20:37:46.363   958   958 I MediaCodecsXmlParser: limit: max-concurrent-instances = 16
07-21 20:37:46.363   958   958 I MediaCodecsXmlParser: limit: feature-intra-refresh = 0
07-21 20:37:46.363   958   958 I MediaCodecsXmlParser: limit: feature-can-swap-width-height = 0
07-21 20:37:46.363   958   958 I MediaCodecsXmlParser: limit: performance-point-3840x2160-range = 24-24
07-21 20:37:46.364   958   958 I MediaCodecsXmlParser: limit: size-range = 96x64-1920x1088
07-21 20:37:46.364   958   958 I MediaCodecsXmlParser: limit: alignment = 2x2
07-21 20:37:46.364   958   958 I MediaCodecsXmlParser: limit: block-size = 16x16
07-21 20:37:46.364   958   958 I MediaCodecsXmlParser: limit: blocks-per-second-range = 1-244800
07-21 20:37:46.364   958   958 I MediaCodecsXmlParser: limit: bitrate-range = 1-40000000
07-21 20:37:46.364   958   958 I MediaCodecsXmlParser: limit: max-concurrent-instances = 16
07-21 20:37:46.364   958   958 I MediaCodecsXmlParser: limit: performance-point-1920x1088-range = 30-30
07-21 20:37:46.364   958   958 I MediaCodecsXmlParser: limit: size-range = 96x64-864x480
07-21 20:37:46.364   958   958 I MediaCodecsXmlParser: limit: alignment = 2x2
07-21 20:37:46.364   958   958 I MediaCodecsXmlParser: limit: block-size = 16x16
07-21 20:37:46.364   958   958 I MediaCodecsXmlParser: limit: blocks-per-second-range = 1-48600
07-21 20:37:46.364   958   958 I MediaCodecsXmlParser: limit: bitrate-range = 1-2000000
07-21 20:37:46.364   958   958 I MediaCodecsXmlParser: limit: max-concurrent-instances = 16
07-21 20:37:46.364   958   958 I MediaCodecsXmlParser: limit: performance-point-720x480-range = 30-30
07-21 20:37:46.364   958   958 I MediaCodecsXmlParser: limit: size-range = 96x64-1920x1088
07-21 20:37:46.364   958   958 I MediaCodecsXmlParser: limit: alignment = 2x2
07-21 20:37:46.364   958   958 I MediaCodecsXmlParser: limit: block-size = 16x16
07-21 20:37:46.364   958   958 I MediaCodecsXmlParser: limit: blocks-per-second-range = 1-244800
07-21 20:37:46.364   958   958 I MediaCodecsXmlParser: limit: bitrate-range = 1-40000000
07-21 20:37:46.364   958   958 I MediaCodecsXmlParser: limit: max-concurrent-instances = 16
07-21 20:37:46.364   958   958 I MediaCodecsXmlParser: limit: feature-intra-refresh = 0
07-21 20:37:46.364   958   958 I MediaCodecsXmlParser: limit: performance-point-1920x1088-range = 30-30
07-21 20:37:46.364   958   958 I MediaCodecsXmlParser: limit: size-range = 64x64-3840x2160
07-21 20:37:46.364   958   958 I MediaCodecsXmlParser: limit: alignment = 2x2
07-21 20:37:46.364   958   958 I MediaCodecsXmlParser: limit: block-size = 16x16
07-21 20:37:46.364   958   958 I MediaCodecsXmlParser: limit: blocks-per-second-range = 1-972000
07-21 20:37:46.364   958   958 I MediaCodecsXmlParser: limit: bitrate-range = 1-100000000
07-21 20:37:46.364   958   958 I MediaCodecsXmlParser: limit: feature-adaptive-playback = 0
07-21 20:37:46.364   958   958 I MediaCodecsXmlParser: limit: max-concurrent-instances = 16
07-21 20:37:46.364   958   958 I MediaCodecsXmlParser: limit: feature-can-swap-width-height = 0
07-21 20:37:46.364   958   958 I MediaCodecsXmlParser: limit: performance-point-3840x2160-range = 30-30
07-21 20:37:46.364   958   958 I MediaCodecsXmlParser: limit: size-range = 64x64-3840x2160
07-21 20:37:46.364   958   958 I MediaCodecsXmlParser: limit: alignment = 2x2
07-21 20:37:46.364   958   958 I MediaCodecsXmlParser: limit: block-size = 16x16
07-21 20:37:46.364   958   958 I MediaCodecsXmlParser: limit: blocks-per-second-range = 1-972000
07-21 20:37:46.364   958   958 I MediaCodecsXmlParser: limit: bitrate-range = 1-35000000
07-21 20:37:46.364   958   958 I MediaCodecsXmlParser: limit: feature-adaptive-playback = 0
07-21 20:37:46.364   958   958 I MediaCodecsXmlParser: limit: feature-secure-playback = 1
07-21 20:37:46.364   958   958 I MediaCodecsXmlParser: limit: max-concurrent-instances = 6
07-21 20:37:46.365   958   958 I MediaCodecsXmlParser: limit: performance-point-3840x2160-range = 30-30
07-21 20:37:46.365   958   958 I MediaCodecsXmlParser: limit: size-range = 64x64-1920x1088
07-21 20:37:46.365   958   958 I MediaCodecsXmlParser: limit: alignment = 2x2
07-21 20:37:46.365   958   958 I MediaCodecsXmlParser: limit: block-size = 16x16
07-21 20:37:46.365   958   958 I MediaCodecsXmlParser: limit: blocks-per-second-range = 1-244800
07-21 20:37:46.365   958   958 I MediaCodecsXmlParser: limit: bitrate-range = 1-40000000
07-21 20:37:46.365   958   958 I MediaCodecsXmlParser: limit: feature-adaptive-playback = 0
07-21 20:37:46.365   958   958 I MediaCodecsXmlParser: limit: max-concurrent-instances = 16
07-21 20:37:46.365   958   958 I MediaCodecsXmlParser: limit: performance-point-1920x1088-range = 30-30
07-21 20:37:46.365   958   958 I MediaCodecsXmlParser: limit: size-range = 64x64-1920x1088
07-21 20:37:46.365   958   958 I MediaCodecsXmlParser: limit: alignment = 2x2
07-21 20:37:46.365   958   958 I MediaCodecsXmlParser: limit: block-size = 16x16
07-21 20:37:46.365   958   958 I MediaCodecsXmlParser: limit: blocks-per-second-range = 1-244800
07-21 20:37:46.365   958   958 I MediaCodecsXmlParser: limit: bitrate-range = 1-20000000
07-21 20:37:46.365   958   958 I MediaCodecsXmlParser: limit: feature-adaptive-playback = 0
07-21 20:37:46.365   958   958 I MediaCodecsXmlParser: limit: feature-secure-playback = 1
07-21 20:37:46.365   958   958 I MediaCodecsXmlParser: limit: max-concurrent-instances = 6
07-21 20:37:46.365   958   958 I MediaCodecsXmlParser: limit: performance-point-1920x1088-range = 30-30
07-21 20:37:46.365   958   958 I MediaCodecsXmlParser: limit: size-range = 64x64-1920x1088
07-21 20:37:46.365   958   958 I MediaCodecsXmlParser: limit: alignment = 2x2
07-21 20:37:46.365   958   958 I MediaCodecsXmlParser: limit: block-size = 16x16
07-21 20:37:46.365   958   958 I MediaCodecsXmlParser: limit: blocks-per-second-range = 1-489600
07-21 20:37:46.365   958   958 I MediaCodecsXmlParser: limit: bitrate-range = 1-60000000
07-21 20:37:46.365   958   958 I MediaCodecsXmlParser: limit: feature-adaptive-playback = 0
07-21 20:37:46.365   958   958 I MediaCodecsXmlParser: limit: max-concurrent-instances = 16
07-21 20:37:46.365   958   958 I MediaCodecsXmlParser: limit: performance-point-1920x1088-range = 60-60
07-21 20:37:46.365   958   958 I MediaCodecsXmlParser: limit: size-range = 64x64-864x480
07-21 20:37:46.365   958   958 I MediaCodecsXmlParser: limit: alignment = 2x2
07-21 20:37:46.365   958   958 I MediaCodecsXmlParser: limit: block-size = 16x16
07-21 20:37:46.365   958   958 I MediaCodecsXmlParser: limit: blocks-per-second-range = 1-48600
07-21 20:37:46.365   958   958 I MediaCodecsXmlParser: limit: bitrate-range = 1-2000000
07-21 20:37:46.365   958   958 I MediaCodecsXmlParser: limit: feature-adaptive-playback = 0
07-21 20:37:46.365   958   958 I MediaCodecsXmlParser: limit: max-concurrent-instances = 16
