06-10 06:43:25.648   669   669 E mm-camera: <IMGLIB><ERROR> 3592: module_imgbase_init: imglib_trueportrait] Error rc -7
06-10 06:43:25.648   669   669 W mm-camera: <IMGLIB>< WARN> 748: module_imglib_create_topology: Can not init the module imglib_trueportrait
06-10 06:43:25.681   669   669 E mm-camera: <IMGLIB><ERROR> 111: module_mfproc_postcpp_init:  module_mfproc_postcpp_init(),  E 
06-10 06:43:25.682   669   669 E mm-camera: <IMGLIB><ERROR> 3592: module_imgbase_init: imglib_mfproc_postcpp] Error rc -7
06-10 06:43:25.682   669   669 W mm-camera: <IMGLIB>< WARN> 748: module_imglib_create_topology: Can not init the module imglib_mfproc_postcpp
06-10 06:43:25.682   669   669 W mm-camera: <IMGLIB>< WARN> 748: module_imglib_create_topology: Can not init the module imglib_oem1
06-10 06:43:25.683   669   669 I CamPrvdr@2.4-legacy: initialize, cts mode off, mNumberOfLegacyCameras = 2
06-10 06:43:25.708     0     0 I msm_csid_init: CSID_VERSION = 0x30050000
06-10 06:43:25.714     0     0 I MSM-CPP cpp_init_hardware: 1135 CPP HW Version: 0x60010002
06-10 06:43:25.714     0     0 E MSM-CPP cpp_init_hardware: 1153 stream_cnt:0
06-10 06:43:25.730   669  1220 E Diag_Lib:  Diag_LSM_Init: Failed to open handle to diag driver, error = 13
06-10 06:43:25.745     0     0 I msm_cci_init: 1440: hw_version = 0x10060000
06-10 06:43:25.779   627   627 E ActivityRecognitionHardware: activity_recognition HAL is deprecated. class_init is effectively a no-op
06-10 06:43:25.835   669   669 I mm-camera: <MCT   >< INFO> 310: mct_controller_destroy: Initiating destroy sequence for session = 3
06-10 06:43:25.836   669   669 I mm-camera: <MCT   >< INFO> 5404: mct_pipeline_stop_session: Initiating stop_session on session 3
06-10 06:43:25.845   669   669 E mm-camera: <MCT   ><ERROR> 179: stop_sof_check_thread: Returning as SOF timer thread not yet initialized
06-10 06:43:25.862     0     0 I MSM-CPP cpp_init_hardware: 1135 CPP HW Version: 0x60010002
06-10 06:43:25.862     0     0 E MSM-CPP cpp_init_hardware: 1153 stream_cnt:0
06-10 06:43:25.924     0     0 I msm_csid_init: CSID_VERSION = 0x30050000
06-10 06:43:25.953   669   669 I mm-camera: <MCT   >< INFO> 310: mct_controller_destroy: Initiating destroy sequence for session = 3
06-10 06:43:25.953   669   669 I mm-camera: <MCT   >< INFO> 5404: mct_pipeline_stop_session: Initiating stop_session on session 3
06-10 06:43:25.964     0     0 I msm_cci_init: 1440: hw_version = 0x10060000
06-10 06:43:26.059   669   669 E mm-camera: <MCT   ><ERROR> 179: stop_sof_check_thread: Returning as SOF timer thread not yet initialized
06-10 06:43:26.063     0     0 I msm_csid_init: CSID_VERSION = 0x30050000
06-10 06:43:26.067     0     0 I MSM-CPP cpp_init_hardware: 1135 CPP HW Version: 0x60010002
06-10 06:43:26.067     0     0 E MSM-CPP cpp_init_hardware: 1153 stream_cnt:0
06-10 06:43:26.150   669  1277 E mm-camera: <SENSOR><ERROR> 247: module_sensor_offload_init_config: func_tbl for submodule 4 is NULL
06-10 06:43:26.150   669  1277 E mm-camera: <SENSOR><ERROR> 249: module_sensor_offload_init_config: failed to get led off frame skip time
06-10 06:43:26.151   669   669 I mm-camera: <MCT   >< INFO> 310: mct_controller_destroy: Initiating destroy sequence for session = 4
06-10 06:43:26.151   669   669 I mm-camera: <MCT   >< INFO> 5404: mct_pipeline_stop_session: Initiating stop_session on session 4
06-10 06:43:26.163   669   669 E mm-camera: <MCT   ><ERROR> 179: stop_sof_check_thread: Returning as SOF timer thread not yet initialized
06-10 06:43:26.175     0     0 I MSM-CPP cpp_init_hardware: 1135 CPP HW Version: 0x60010002
06-10 06:43:26.175     0     0 E MSM-CPP cpp_init_hardware: 1153 stream_cnt:0
06-10 06:43:26.225     0     0 I msm_csid_init: CSID_VERSION = 0x30050000
06-10 06:43:26.245   665   797 D msm8974_platform: platform_init: Opened sound card:0
06-10 06:43:26.252   665   797 D platform_info: platform_info_init: platform info file name is /vendor/etc/audio_platform_info_nonpay.xml
06-10 06:43:26.258   669  1310 E QCamera : <HAL><ERROR> initDefaultParameters: 5895: se475x initDefaultParameters() ======start==== CameraId=1
06-10 06:43:26.259   669  1310 E QCamera : <HAL><ERROR> initDefaultParameters: 6692: se475x barcode_CameraId=1, config m_bRdiMode to true
06-10 06:43:26.261   669  1310 E QCamera : <HAL><ERROR> initDefaultParameters: 6841: se475x store m_bNoDisplayModeAux=0 to tmp_bNoDisplayMode
06-10 06:43:26.263   669   669 E QCamera : <HAL><ERROR> deinit: 7099: se475x deinit 
06-10 06:43:26.268   669   669 I mm-camera: <MCT   >< INFO> 310: mct_controller_destroy: Initiating destroy sequence for session = 4
06-10 06:43:26.269   669   669 I mm-camera: <MCT   >< INFO> 5404: mct_pipeline_stop_session: Initiating stop_session on session 4
06-10 06:43:26.278   665   797 D msm8974_platform: platform_init: Loading mixer file: /vendor/etc/mixer_paths_nonpay.xml
06-10 06:43:26.320   669  1315 E mm-camera: <SENSOR><ERROR> 247: module_sensor_offload_init_config: func_tbl for submodule 4 is NULL
06-10 06:43:26.320   669  1315 E mm-camera: <SENSOR><ERROR> 249: module_sensor_offload_init_config: failed to get led off frame skip time
06-10 06:43:26.355   669   669 E mm-camera: <MCT   ><ERROR> 179: stop_sof_check_thread: Returning as SOF timer thread not yet initialized
06-10 06:43:26.368     0     0 I msm_csid_init: CSID_VERSION = 0x30050000
06-10 06:43:26.372     0     0 I MSM-CPP cpp_init_hardware: 1135 CPP HW Version: 0x60010002
06-10 06:43:26.372     0     0 E MSM-CPP cpp_init_hardware: 1153 stream_cnt:0
06-10 06:43:26.395   669  1237 I mm-camera: <MCT   >< INFO> 310: mct_controller_destroy: Initiating destroy sequence for session = 3
06-10 06:43:26.395   669  1237 I mm-camera: <MCT   >< INFO> 5404: mct_pipeline_stop_session: Initiating stop_session on session 3
06-10 06:43:26.407     0     0 I msm_cci_init: 1440: hw_version = 0x10060000
06-10 06:43:26.500   669  1237 E mm-camera: <MCT   ><ERROR> 179: stop_sof_check_thread: Returning as SOF timer thread not yet initialized
06-10 06:43:26.510     0     0 I msm_csid_init: CSID_VERSION = 0x30050000
06-10 06:43:26.515     0     0 I MSM-CPP cpp_init_hardware: 1135 CPP HW Version: 0x60010002
06-10 06:43:26.515     0     0 E MSM-CPP cpp_init_hardware: 1153 stream_cnt:0
06-10 06:43:26.530   669  1389 E QCamera : <HAL><ERROR> initDefaultParameters: 5895: se475x initDefaultParameters() ======start==== CameraId=1
06-10 06:43:26.531   669  1389 E QCamera : <HAL><ERROR> initDefaultParameters: 6692: se475x barcode_CameraId=1, config m_bRdiMode to true
06-10 06:43:26.533   669  1389 E QCamera : <HAL><ERROR> initDefaultParameters: 6841: se475x store m_bNoDisplayModeAux=0 to tmp_bNoDisplayMode
06-10 06:43:26.541   669   669 E QCamera : <HAL><ERROR> deinit: 7099: se475x deinit 
06-10 06:43:26.542   669   669 I mm-camera: <MCT   >< INFO> 310: mct_controller_destroy: Initiating destroy sequence for session = 4
06-10 06:43:26.543   669   669 I mm-camera: <MCT   >< INFO> 5404: mct_pipeline_stop_session: Initiating stop_session on session 4
06-10 06:43:26.548   890   890 I Dpps    : InitPrimaryContextFeatures():324 Dpps feature enable properties are false, skipping primary feature context init
06-10 06:43:26.550   665   665 D platform_info: platform_info_init: platform info file name is audio_platform_info.xml
06-10 06:43:26.550   665   665 D platform_info: platform_info_init: Failed to open audio_platform_info.xml, using defaults.
06-10 06:43:26.550   665   665 E audio_hw_acdb: acdb_init_v2: dlsym error undefined symbol: acdb_loader_init_v4 for acdb_loader_init_v4
06-10 06:43:26.570   665   665 D         : [ACPH]->ACPH init success
06-10 06:43:26.594   627   627 D Zygote64Timing: PostZygoteInitGC took to complete: 42ms
06-10 06:43:26.594   627   627 D Zygote64Timing: ZygoteInit took to complete: 1673ms
06-10 06:43:26.600   669  1394 E mm-camera: <SENSOR><ERROR> 247: module_sensor_offload_init_config: func_tbl for submodule 4 is NULL
06-10 06:43:26.600   669  1394 E mm-camera: <SENSOR><ERROR> 249: module_sensor_offload_init_config: failed to get led off frame skip time
06-10 06:43:26.611   669   669 E mm-camera: <MCT   ><ERROR> 179: stop_sof_check_thread: Returning as SOF timer thread not yet initialized
06-10 06:43:26.612   665   665 D ACDB-LOADER: ACDB -> init done!
06-10 06:43:26.612   665   665 D audio_hw_acdb: acdb_init_v2: ACDB Instance ID support after ACDB init:0
06-10 06:43:26.613   665   665 D sound_trigger_platform: platform_stdev_init Opening device /dev/snd/hwC0D1002 for vad hwdep config
06-10 06:43:26.613   665   665 D sound_trigger_platform: platform_stdev_init: cannot open device '/dev/snd/hwC0D1002', error:No such file or directory
06-10 06:43:26.798  1429  1429 I SystemServer: InitBeforeStartServices
06-10 06:43:26.803  1429  1429 I sysui_multi_action: [757,804,799,boot_system_server_init,801,9127,802,1]
06-10 06:43:26.865   665   797 E msm8974_platform: platform_init: soundcard: sdm660-snd-card-nonpay supports only default sample rate
06-10 06:43:26.865   665   797 E msm8974_platform: platform_init: Could not find the symbol acdb_send_audio_cal_v4 from libacdbloader.so
06-10 06:43:26.865   665   797 E msm8974_platform: platform_init: dlsym error undefined symbol: acdb_loader_init_v4 for acdb_loader_init_v4
06-10 06:43:26.866   665   797 D platform_info: platform_info_init: platform info file name is audio_platform_info.xml
06-10 06:43:26.866   665   797 D platform_info: platform_info_init: Failed to open audio_platform_info.xml, using defaults.
06-10 06:43:26.866   665   797 E audio_hw_acdb: acdb_init_v2: dlsym error undefined symbol: acdb_loader_init_v4 for acdb_loader_init_v4
06-10 06:43:26.866   665   797 D ACDB-LOADER: ACDB -> already initialized, exit
06-10 06:43:26.866   665   797 D audio_hw_acdb: acdb_init_v2: ACDB Instance ID support after ACDB init:0
06-10 06:43:26.866   665   797 D msm8974_platform: ACDB initialized
06-10 06:43:26.868   665   797 W msm8974_platform: init_be_dai_name_table: sound device  has no hw interface set
06-10 06:43:26.868   665   797 W msm8974_platform: init_be_dai_name_table: sound device headphones-hifi-filter has no hw interface set
06-10 06:43:26.868   665   797 D msm8974_platform: init_be_dai_name_table: sound device speaker-and-headphones does not have a valid hw interface set (disregard for combo devices) INT0_MI2S_RX-and-INT0_MI2S_RX
06-10 06:43:26.868   665   797 W msm8974_platform: init_be_dai_name_table: sound device speaker-and-headphones-hifi-filter has no hw interface set
06-10 06:43:26.868   665   797 D msm8974_platform: init_be_dai_name_table: sound device speaker-safe-and-headphones does not have a valid hw interface set (disregard for combo devices) SLIMBUS_0_RX-and-SLIMBUS_6_RX
06-10 06:43:26.868   665   797 D msm8974_platform: init_be_dai_name_table: sound device speaker-and-line does not have a valid hw interface set (disregard for combo devices) INT0_MI2S_RX-and-INT0_MI2S_RX
06-10 06:43:26.868   665   797 D msm8974_platform: init_be_dai_name_table: sound device speaker-safe-and-line does not have a valid hw interface set (disregard for combo devices) SLIMBUS_0_RX-and-SLIMBUS_6_RX
06-10 06:43:26.868   665   797 D msm8974_platform: init_be_dai_name_table: sound device speaker-and-headphones-ext-1 does not have a valid hw interface set (disregard for combo devices) INT0_MI2S_RX-and-INT0_MI2S_RX
06-10 06:43:26.868   665   797 D msm8974_platform: init_be_dai_name_table: sound device speaker-and-headphones-ext-2 does not have a valid hw interface set (disregard for combo devices) INT0_MI2S_RX-and-INT0_MI2S_RX
06-10 06:43:26.868   665   797 D msm8974_platform: init_be_dai_name_table: sound device speaker-and-hdmi does not have a valid hw interface set (disregard for combo devices) INT0_MI2S_RX-and-HDMI
06-10 06:43:26.868   665   797 D msm8974_platform: init_be_dai_name_table: sound device speaker-and-display-port does not have a valid hw interface set (disregard for combo devices) INT0_MI2S_RX-and-DISPLAY_PORT
06-10 06:43:26.868   665   797 D msm8974_platform: init_be_dai_name_table: sound device speaker-and-bt-a2dp does not have a valid hw interface set (disregard for combo devices) INT0_MI2S_RX-and-SLIMBUS_7_RX
06-10 06:43:26.868   665   797 D msm8974_platform: init_be_dai_name_table: sound device speaker-safe-and-bt-a2dp does not have a valid hw interface set (disregard for combo devices) SLIMBUS_0_RX-and-SLIMBUS_7_RX
06-10 06:43:26.868   665   797 D msm8974_platform: init_be_dai_name_table: sound device speaker-and-bt-sco does not have a valid hw interface set (disregard for combo devices) SLIMBUS_0_RX-and-SLIMBUS_7_RX
06-10 06:43:26.868   665   797 D msm8974_platform: init_be_dai_name_table: sound device speaker-safe-and-bt-sco does not have a valid hw interface set (disregard for combo devices) QUAT_TDM_RX_0-and-SLIMBUS_7_RX
06-10 06:43:26.868   665   797 D msm8974_platform: init_be_dai_name_table: sound device speaker-and-bt-sco-wb does not have a valid hw interface set (disregard for combo devices) SLIMBUS_0_RX-and-SLIMBUS_7_RX
06-10 06:43:26.868   665   797 D msm8974_platform: init_be_dai_name_table: sound device speaker-safe-and-bt-sco-wb does not have a valid hw interface set (disregard for combo devices) QUAT_TDM_RX_0-and-SLIMBUS_7_RX
06-10 06:43:26.868   665   797 D msm8974_platform: init_be_dai_name_table: sound device speaker-and-bt-sco-swb does not have a valid hw interface set (disregard for combo devices) SLIMBUS_0_RX-and-SEC_AUX_PCM_RX
06-10 06:43:26.868   665   797 D msm8974_platform: init_be_dai_name_table: sound device speaker-safe-and-bt-sco-swb does not have a valid hw interface set (disregard for combo devices) QUAT_TDM_RX_0-and-SLIMBUS_7_RX
06-10 06:43:26.868   665   797 W msm8974_platform: init_be_dai_name_table: sound device wsa-speaker-and-bt-sco has no hw interface set
06-10 06:43:26.868   665   797 W msm8974_platform: init_be_dai_name_table: sound device wsa-speaker-and-bt-sco-wb has no hw interface set
06-10 06:43:26.868   665   797 W msm8974_platform: init_be_dai_name_table: sound device wsa-speaker-and-bt-sco-wb has no hw interface set
06-10 06:43:26.868   665   797 D msm8974_platform: init_be_dai_name_table: sound device speaker-and-usb-headphones does not have a valid hw interface set (disregard for combo devices) SLIMBUS_0_RX-and-USB_AUDIO_RX
06-10 06:43:26.868   665   797 D msm8974_platform: init_be_dai_name_table: sound device speaker-safe-and-usb-headphones does not have a valid hw interface set (disregard for combo devices) SLIMBUS_0_RX-and-USB_AUDIO_RX
06-10 06:43:26.868   665   797 D msm8974_platform: init_be_dai_name_table: sound device speaker-and-anc-headphones does not have a valid hw interface set (disregard for combo devices) INT0_MI2S_RX-and-INT0_MI2S_RX
06-10 06:43:26.868   665   797 D msm8974_platform: init_be_dai_name_table: sound device speaker-and-anc-fb-headphones does not have a valid hw interface set (disregard for combo devices) SLIMBUS_0_RX-and-SLIMBUS_6_RX
06-10 06:43:26.868   665   797 W msm8974_platform: init_be_dai_name_table: sound device speaker-protected has no hw interface set
06-10 06:43:26.868   665   797 W msm8974_platform: init_be_dai_name_table: sound device speaker-protected-vbat has no hw interface set
06-10 06:43:26.868   665   797 D msm8974_platform: init_be_dai_name_table: sound device voice-speaker-and-voice-headphones does not have a valid hw interface set (disregard for combo devices) SLIMBUS_0_RX-and-SLIMBUS_6_RX
06-10 06:43:26.868   665   797 D msm8974_platform: init_be_dai_name_table: sound device voice-speaker-and-voice-anc-headphones does not have a valid hw interface set (disregard for combo devices) SLIMBUS_0_RX-and-SLIMBUS_6_RX
06-10 06:43:26.868   665   797 D msm8974_platform: init_be_dai_name_table: sound device voice-speaker-and-voice-anc-fb-headphones does not have a valid hw interface set (disregard for combo devices) SLIMBUS_0_RX-and-SLIMBUS_6_RX
06-10 06:43:26.868   665   797 D msm8974_platform: init_be_dai_name_table: sound device voice-speaker-stereo-and-voice-headphones does not have a valid hw interface set (disregard for combo devices) SLIMBUS_0_RX-and-SLIMBUS_6_RX
06-10 06:43:26.868   665   797 D msm8974_platform: init_be_dai_name_table: sound device voice-speaker-stereo-and-voice-anc-headphones does not have a valid hw interface set (disregard for combo devices) SLIMBUS_0_RX-and-SLIMBUS_6_RX
06-10 06:43:26.868   665   797 D msm8974_platform: init_be_dai_name_table: sound device voice-speaker-stereo-and-voice-anc-fb-headphones does not have a valid hw interface set (disregard for combo devices) SLIMBUS_0_RX-and-SLIMBUS_6_RX
06-10 06:43:26.868   665   797 D msm8974_platform: init_be_dai_name_table: sound device hearing-aid does not have a valid hw interface set (disregard for combo devices) BT_RX
06-10 06:43:26.869   665   797 W msm8974_platform: init_be_dai_name_table: sound device usb-headset-mic has no hw interface set
06-10 06:43:26.869   665   797 W msm8974_platform: init_be_dai_name_table: sound device usb-headset-mic has no hw interface set
06-10 06:43:26.869   665   797 W msm8974_platform: init_be_dai_name_table: sound device handset-6mic has no hw interface set
06-10 06:43:26.869   665   797 W msm8974_platform: init_be_dai_name_table: sound device handset-8mic has no hw interface set
06-10 06:43:26.869   665   797 W msm8974_platform: init_be_dai_name_table: sound device (null) has no hw interface set
06-10 06:43:26.869   665   797 W msm8974_platform: init_be_dai_name_table: sound device (null) has no hw interface set
06-10 06:43:26.869   665   797 W msm8974_platform: init_be_dai_name_table: sound device incall-rec-rx-tx has no hw interface set
06-10 06:43:26.869   665   797 W msm8974_platform: init_be_dai_name_table: sound device ec-ref-loopback has no hw interface set
06-10 06:43:26.869   665   797 W msm8974_platform: init_be_dai_name_table: sound device handset-dmic-and-ec-ref-loopback has no hw interface set
06-10 06:43:26.869   665   797 W msm8974_platform: init_be_dai_name_table: sound device handset-qmic-and-ec-ref-loopback has no hw interface set
06-10 06:43:26.869   665   797 W msm8974_platform: init_be_dai_name_table: sound device handset-6mic-and-ec-ref-loopback has no hw interface set
06-10 06:43:26.869   665   797 W msm8974_platform: init_be_dai_name_table: sound device handset-8mic-and-ec-ref-loopback has no hw interface set
06-10 06:43:26.869   665   797 D msm8974_platform: platform_init: Fluence_Type(0) max_mic_count(1) mic_type(0x1) fluence_in_voice_call(0) fluence_in_voice_rec(0) fluence_in_spkr_mode(0) fluence_in_hfp_call(0)fluence_sb_enabled(0)
06-10 06:43:26.869   665   797 D a2dp_offload: a2dp_source_init START
06-10 06:43:26.875   665   797 D a2dp_offload: calling BT module preinit
06-10 06:43:26.880   665   797 I btaudio_offload_qti: bt_audio_pre_init_qti: IBluetoothAudioProvidersFactory registration succeded
06-10 06:43:26.883   665   797 D audio_hw_spkr_prot: spkr_prot_init: Initialize speaker protection module
06-10 06:43:26.883   665   797 D audio_hw_spkr_prot: spkr_prot_init: Speaker protection disabled
06-10 06:43:26.905   665   797 I soundtrigger: audio_extn_sound_trigger_init: Enter
06-10 06:43:26.906   665   797 I soundtrigger: audio_extn_sound_trigger_init: DLOPEN successful for /vendor/lib/hw/sound_trigger.primary.sdm660.so
06-10 06:43:26.906   665   797 D soundtrigger: audio_extn_sound_trigger_init: sthal is using proprietary API version 0x0101
06-10 06:43:26.926   665   665 D volume_listener: init_once Called 
06-10 06:43:26.927   665   665 D volume_listener: init_once: using default volume table







06-10 06:43:27.028   710   710 E APM_AudioPolicyManager: initialize: Input device list is empty!
06-10 06:43:27.028   710   710 E APM_AudioPolicyManager: initialize: Input device list is empty!
06-10 06:43:27.035   710   710 E APM_AudioPolicyManager: initialize: Input device list is empty!
06-10 06:43:27.042  1429  1429 D SystemServerTiming: InitBeforeStartServices took to complete: 244ms
06-10 06:43:27.042   665   797 I r_submix: adev_init_check()
06-10 06:43:27.061  1429  1472 D SystemServerInitThreadPool: Started executing ReadingSystemConfig
06-10 06:43:27.167  1429  1472 D SystemServerInitThreadPool: Finished executing ReadingSystemConfig
06-10 06:43:27.259  1429  1429 I SystemServer: InitPowerManagement
06-10 06:43:27.260  1429  1429 D SystemServerTiming: InitPowerManagement took to complete: 0ms
06-10 06:43:27.284  1429  1429 I sysui_multi_action: [757,804,799,boot_package_manager_init_start,801,9609,802,1]
06-10 06:43:27.704  1429  1520 D SystemServerInitThreadPool: Started executing prepareAppData
06-10 06:43:27.831  1429  1429 I sysui_multi_action: [757,804,799,boot_package_manager_init_ready,801,10156,802,1]
06-10 06:43:27.832  1429  1429 I SystemServer: InitAttributerCache
06-10 06:43:27.832  1429  1429 D SystemServerTiming: InitAttributerCache took to complete: 0ms
06-10 06:43:27.837  1429  1429 I SystemServer: InitWatchdog
06-10 06:43:27.838  1429  1429 D SystemServerTiming: InitWatchdog took to complete: 1ms
06-10 06:43:27.989  1429  1528 D SystemServerInitThreadPool: Started executing StartSensorService
06-10 06:43:28.006  1429  1528 D SystemServerInitThreadPool: Finished executing StartSensorService
06-10 06:43:28.036  1429  1536 D SystemServerInitThreadPool: Started executing SecondaryZygotePreload
06-10 06:43:28.036  1429  1537 D SystemServerInitThreadPool: Started executing SchedulingPolicyService.<init>
06-10 06:43:28.040  1429  1429 W EntropyMixer: 	at java.io.FileInputStream.<init>(FileInputStream.java:159)
06-10 06:43:28.040  1429  1429 W EntropyMixer: 	at java.io.FileInputStream.<init>(FileInputStream.java:115)
06-10 06:43:28.040  1429  1429 W EntropyMixer: 	at com.android.server.EntropyMixer.<init>(EntropyMixer.java:115)
06-10 06:43:28.040  1429  1429 W EntropyMixer: 	at com.android.server.EntropyMixer.<init>(EntropyMixer.java:97)
06-10 06:43:28.040  1429  1429 W EntropyMixer: 	at com.android.internal.os.RuntimeInit$MethodAndArgsCaller.run(RuntimeInit.java:492)
06-10 06:43:28.040  1429  1429 W EntropyMixer: 	at com.android.internal.os.ZygoteInit.main(ZygoteInit.java:913)
06-10 06:43:28.050  1429  1537 D SystemServerInitThreadPool: Finished executing SchedulingPolicyService.<init>
06-10 06:43:28.095  1429  1429 I SettingsState: 	at com.android.providers.settings.SettingsState.<init>(SettingsState.java:277)
06-10 06:43:28.095  1429  1429 I SettingsState: 	at com.android.providers.settings.SettingsProvider$SettingsRegistry.<init>(SettingsProvider.java:2412)
06-10 06:43:28.095  1429  1429 I SettingsState: 	at com.android.internal.os.RuntimeInit$MethodAndArgsCaller.run(RuntimeInit.java:492)
06-10 06:43:28.095  1429  1429 I SettingsState: 	at com.android.internal.os.ZygoteInit.main(ZygoteInit.java:913)
06-10 06:43:28.100   628   628 D ZygoteInitTiming_lazy: BeginPreload took to complete: 12ms
06-10 06:43:28.103  1429  1429 I SettingsState: 	at com.android.providers.settings.SettingsState.<init>(SettingsState.java:277)
06-10 06:43:28.103  1429  1429 I SettingsState: 	at com.android.providers.settings.SettingsProvider$SettingsRegistry.<init>(SettingsProvider.java:2412)
06-10 06:43:28.103  1429  1429 I SettingsState: 	at com.android.internal.os.RuntimeInit$MethodAndArgsCaller.run(RuntimeInit.java:492)
06-10 06:43:28.103  1429  1429 I SettingsState: 	at com.android.internal.os.ZygoteInit.main(ZygoteInit.java:913)
06-10 06:43:28.138  1429  1429 D UsbMiscManager: initOnBoot
06-10 06:43:28.140  1429  1429 D UsbPortHandler-main: initOnBoot
06-10 06:43:28.140  1429  1429 D UsbPortHandler-main: initOnBoot,roleFlag:3
06-10 06:43:28.140  1429  1429 D UsbPortHandler-PosHub: initOnBoot, mHubAttached:false
06-10 06:43:28.183  1429  1429 I InputManager: Initializing input manager, mUseDevInputEventForAudioJack=true
06-10 06:43:28.228  1429  1429 I SystemServer: WindowManagerServiceOnInitReady
06-10 06:43:28.238  1429  1429 D SystemServerTiming: WindowManagerServiceOnInitReady took to complete: 10ms
06-10 06:43:28.239  1429  1561 D SystemServerInitThreadPool: Started executing StartHidlServices
06-10 06:43:28.243  1429  1561 D SystemServerInitThreadPool: Finished executing StartHidlServices
06-10 06:43:28.267   628   628 E ActivityRecognitionHardware: activity_recognition HAL is deprecated. class_init is effectively a no-op
06-10 06:43:28.313  1429  1568 D StorageManagerService: Thinking about init, mBootCompleted=false, mDaemonConnected=true
06-10 06:43:28.322  1429  1569 D SystemServerInitThreadPool: Started executing UiModeManager.onStart
06-10 06:43:28.337  1429  1570 D SystemServerInitThreadPool: Started executing PersistentDataBlockService.onStart
06-10 06:43:28.338  1429  1570 E PersistentDataBlockService: 	at com.android.server.SystemServerInitThreadPool.lambda$submit$0$SystemServerInitThreadPool(SystemServerInitThreadPool.java:72)
06-10 06:43:28.338  1429  1570 E PersistentDataBlockService: 	at com.android.server.-$$Lambda$SystemServerInitThreadPool$jLyL3DFmbjsFesU5SGktD3NoWSc.run(Unknown Source:6)
06-10 06:43:28.346  1429  1429 I SystemServer: InitNetworkStackClient
06-10 06:43:28.347  1429  1569 D SystemServerInitThreadPool: Finished executing UiModeManager.onStart
06-10 06:43:28.349  1429  1429 D SystemServerTiming: InitNetworkStackClient took to complete: 3ms
06-10 06:43:28.356  1429  1570 D SystemServerInitThreadPool: Finished executing PersistentDataBlockService.onStart
06-10 06:43:28.381  1429  1520 D SystemServerInitThreadPool: Finished executing prepareAppData
06-10 06:43:28.484   628   628 D ZygoteInitTiming_lazy: PreloadClasses took to complete: 384ms
06-10 06:43:28.486  1429  1429 I ELOPeripheralManager: Init ELOPeripheralManager, service: com.android.server.ELOPeripheralService@d182a3a, SDK API CORE layer version: 1.3.15
06-10 06:43:28.494   628   628 D ZygoteInitTiming_lazy: CacheNonBootClasspathClassLoaders took to complete: 10ms
06-10 06:43:28.598   628   628 D ZygoteInitTiming_lazy: PreloadResources took to complete: 104ms
06-10 06:43:28.621  1429  1429 I UsbDeviceManager: 	at com.android.server.usb.UsbDeviceManager.<init>(UsbDeviceManager.java:265)
06-10 06:43:28.621  1429  1429 I UsbDeviceManager: 	at com.android.server.usb.UsbService.<init>(UsbService.java:150)
06-10 06:43:28.621  1429  1429 I UsbDeviceManager: 	at com.android.internal.os.RuntimeInit$MethodAndArgsCaller.run(RuntimeInit.java:492)
06-10 06:43:28.621  1429  1429 I UsbDeviceManager: 	at com.android.internal.os.ZygoteInit.main(ZygoteInit.java:913)
06-10 06:43:28.656  1429  1472 D SystemServerInitThreadPool: Started executing Init ContextHubSystemService
06-10 06:43:28.659  1429  1472 D SystemServerInitThreadPool: Finished executing Init ContextHubSystemService
06-10 06:43:28.725  1429  1528 D SystemServerInitThreadPool: Started executing DevicePolicyManager
06-10 06:43:28.725  1429  1528 D SystemServerInitThreadPool: Finished executing DevicePolicyManager
06-10 06:43:28.747  1429  1536 D SystemServerInitThreadPool: Finished executing SecondaryZygotePreload
06-10 06:43:28.764  1429  1429 E SystemServiceRegistry: 	at com.android.internal.os.RuntimeInit$MethodAndArgsCaller.run(RuntimeInit.java:492)
06-10 06:43:28.764  1429  1429 E SystemServiceRegistry: 	at com.android.internal.os.ZygoteInit.main(ZygoteInit.java:913)
06-10 06:43:28.837   681   681 E ThermalHAL-TARGET: thermal sensor initialization is failed
06-10 06:43:28.850   681   681 E ThermalHAL-TARGET: thermal sensor initialization is failed
06-10 06:43:28.857  1429  1429 I SyncManager: No initial accounts
06-10 06:43:28.979  1429  1537 D SystemServerInitThreadPool: Started executing WebViewFactoryPreparation
06-10 06:43:28.982  1429  1537 D SystemServerInitThreadPool: Finished executing WebViewFactoryPreparation
06-10 06:43:29.072  1429  1429 D VoiceInteractionManagerService: initForUser(0) took to complete: 1ms
06-10 06:43:29.288  1429  1429 D SystemServerInitThreadPool: Shutdown successful
06-10 06:43:29.292  1610  1610 I BluetoothBATServiceJni: classInitNative: Enter 
06-10 06:43:29.292  1610  1610 I BluetoothBATServiceJni: classInitNative: succeeds
06-10 06:43:29.302   978  1732 I OMX-VDEC-1080P: component_init: OMX.qcom.video.decoder.avc : fd=7
06-10 06:43:29.321   978  1732 I OMX-VDEC-1080P: omx_vdec::component_init() success : fd=7
06-10 06:43:29.325   978  1067 I OMX-VDEC-1080P: omx_vdec::component_deinit() complete
06-10 06:43:29.366   978  1067 I OMX-VDEC-1080P: component_init: OMX.qcom.video.decoder.avc : fd=7
06-10 06:43:29.377   978  1067 I OMX-VDEC-1080P: omx_vdec::component_init() success : fd=7
06-10 06:43:29.385   978  1067 I OMX-VDEC-1080P: omx_vdec::component_deinit() complete
06-10 06:43:29.438   978  1067 I OMX-VDEC-1080P: component_init: OMX.qcom.video.decoder.divx : fd=7
06-10 06:43:29.444   978  1067 I OMX-VDEC-1080P: omx_vdec::component_init() success : fd=7
06-10 06:43:29.448   978  1067 I OMX-VDEC-1080P: omx_vdec::component_deinit() complete
06-10 06:43:29.456  1610  1610 I BluetoothVendorJni: classInitNative: succeeds
06-10 06:43:29.463  1610  1610 I BluetoothVendorSocketJni: classInitNative: succeeds
06-10 06:43:29.463  1610  1610 I bt_btif : QTI OMR1 stack: init: start restricted = 0 : niap = 0
06-10 06:43:29.464  1610  1610 D bt_osi_allocation_tracker: canary initialized
06-10 06:43:29.464  1610  1846 I bt_stack_manager: event_init_stack is initializing the stack
06-10 06:43:29.475   978  1067 I OMX-VDEC-1080P: component_init: OMX.qcom.video.decoder.divx311 : fd=7
06-10 06:43:29.476  1610  1846 I bt_btif_core: btif_init_bluetooth entered
06-10 06:43:29.478   978  1067 I OMX-VDEC-1080P: omx_vdec::component_init() success : fd=7
06-10 06:43:29.482   978  1732 I OMX-VDEC-1080P: omx_vdec::component_deinit() complete
06-10 06:43:29.501   978  1732 I OMX-VDEC-1080P: component_init: OMX.qcom.video.decoder.divx4 : fd=7
06-10 06:43:29.514  1786  1786 E ContextImpl: 	at com.android.internal.os.RuntimeInit$MethodAndArgsCaller.run(RuntimeInit.java:492)
06-10 06:43:29.514  1786  1786 E ContextImpl: 	at com.android.internal.os.ZygoteInit.main(ZygoteInit.java:935)
06-10 06:43:29.514   978  1732 I OMX-VDEC-1080P: omx_vdec::component_init() success : fd=7
06-10 06:43:29.516   978  1067 I OMX-VDEC-1080P: omx_vdec::component_deinit() complete
06-10 06:43:29.520  1610  1846 W bt_device_profile: profile_config_init load config file succesful : /data/misc/bluedroid/bt_profile.conf
06-10 06:43:29.521  1610  1846 I bt_stack_config: init attempt to load stack conf from /etc/bluetooth/bt_stack.conf
06-10 06:43:29.525  1610  1846 I bt_btif_core: btif_init_bluetooth finished
06-10 06:43:29.525  1610  1846 I bt_stack_manager: event_init_stack finished
06-10 06:43:29.535   978  1732 I OMX-VDEC-1080P: component_init: OMX.qcom.video.decoder.h263 : fd=7
06-10 06:43:29.539   978  1732 I OMX-VDEC-1080P: omx_vdec::component_init() success : fd=7
06-10 06:43:29.546   978  1732 I OMX-VDEC-1080P: omx_vdec::component_deinit() complete
06-10 06:43:29.555  1880  1880 I WebViewZygoteInit: Starting WebViewZygoteInit
06-10 06:43:29.581   978  1732 I OMX-VDEC-1080P: component_init: OMX.qcom.video.decoder.hevc : fd=7
06-10 06:43:29.587   978  1732 I OMX-VDEC-1080P: omx_vdec::component_init() success : fd=7
06-10 06:43:29.589   978  1067 I OMX-VDEC-1080P: omx_vdec::component_deinit() complete
06-10 06:43:29.594  1429  1429 I Telecom : SystemStateHelper: Registering car mode receiver: android.content.IntentFilter@a3c949a: TS.init@AAA
06-10 06:43:29.605  1610  1610 I BluetoothVendorJni: initNative:: soc_name = cherokee
06-10 06:43:29.605  1610  1610 I BluetoothVendorJni: initNative:: a2dp_offload_Cap = sbc-aac
06-10 06:43:29.605  1610  1610 I bt_btif_vendor: init
06-10 06:43:29.605  1610  1610 I bt_btif_vendor: init done
06-10 06:43:29.612  1610  1610 I AdapterProperties: init(), maxConnectedAudioDevices, default=5, propertyOverlayed=5, finalValue=5
06-10 06:43:29.618   978  1067 I OMX-VDEC-1080P: component_init: OMX.qcom.video.decoder.hevc : fd=7
06-10 06:43:29.624   978  1067 I OMX-VDEC-1080P: omx_vdec::component_init() success : fd=7
06-10 06:43:29.626  1880  1880 I WebViewZygoteInit: Beginning application preload for com.android.webview
06-10 06:43:29.627   978  1067 I OMX-VDEC-1080P: omx_vdec::component_deinit() complete
06-10 06:43:29.645  1429  1948 I Telecom : CallAudioModeStateMachine: Message received: null.: TS.init->CAMSM.pM_1@AAA
06-10 06:43:29.647  1429  1429 I Telecom : MissedCallNotifierImpl: reloadFromDatabase: Boot not yet complete -- call log db may not be available. Deferring loading until boot complete for user 0: TS.init@AAA
06-10 06:43:29.653  1429  1429 W ContextImpl: Calling a method in the system process without a qualified user: android.app.ContextImpl.startService:1570 android.content.ContextWrapper.startService:669 com.android.server.telecom.components.TelecomService.initializeTelecomSystem:196 com.android.server.telecom.components.TelecomService.onBind:71 android.app.ActivityThread.handleBindService:3981 
06-10 06:43:29.676   978  1067 I OMX-VDEC-1080P: component_init: OMX.qcom.video.decoder.mpeg2 : fd=7
06-10 06:43:29.680   978  1067 I OMX-VDEC-1080P: omx_vdec::component_init() success : fd=7
06-10 06:43:29.682   978  1732 I OMX-VDEC-1080P: omx_vdec::component_deinit() complete
06-10 06:43:29.697  1880  1880 I WebViewZygoteInit: Application preload done
06-10 06:43:29.699   978  1067 I OMX-VDEC-1080P: component_init: OMX.qcom.video.decoder.mpeg4 : fd=7
06-10 06:43:29.702   978  1067 I OMX-VDEC-1080P: omx_vdec::component_init() success : fd=7
06-10 06:43:29.705  1429  1429 V WiredAccessoryManager: init()
06-10 06:43:29.705   978  1067 I OMX-VDEC-1080P: omx_vdec::component_deinit() complete
06-10 06:43:29.725   978  1732 I OMX-VDEC-1080P: component_init: OMX.qcom.video.decoder.vc1 : fd=7
06-10 06:43:29.733  1804  1804 I TelephonyComponentFactory: initSubscriptionController
06-10 06:43:29.733   978  1732 I OMX-VDEC-1080P: omx_vdec::component_init() success : fd=7
06-10 06:43:29.737   978  1732 I OMX-VDEC-1080P: omx_vdec::component_deinit() complete
06-10 06:43:29.740  1804  1804 D SubscriptionController: [SubscriptionController] init by Context
06-10 06:43:29.744  1804  1804 I TelephonyComponentFactory:  initMultiSimSettingController 
06-10 06:43:29.759   978  1067 I OMX-VDEC-1080P: component_init: OMX.qcom.video.decoder.vc1 : fd=7
06-10 06:43:29.762   978  1067 I OMX-VDEC-1080P: omx_vdec::component_init() success : fd=7
06-10 06:43:29.765   978  1067 I OMX-VDEC-1080P: omx_vdec::component_deinit() complete
06-10 06:43:29.788   978  1067 I OMX-VDEC-1080P: component_init: OMX.qcom.video.decoder.vp8 : fd=7
06-10 06:43:29.791   978  1067 I OMX-VDEC-1080P: omx_vdec::component_init() success : fd=7
06-10 06:43:29.794   978  1067 I OMX-VDEC-1080P: omx_vdec::component_deinit() complete
06-10 06:43:29.840  1429  1429 I ExplicitHealthCheckController: Service initialized, syncing requests
06-10 06:43:29.849   978  1067 I OMX-VDEC-1080P: component_init: OMX.qcom.video.decoder.vp9 : fd=7
06-10 06:43:29.852  1610  1610 D BtGatt.GattService: classInitNative called
06-10 06:43:29.852   978  1067 I OMX-VDEC-1080P: omx_vdec::component_init() success : fd=7
06-10 06:43:29.852  1610  1610 I BtGatt.JNI: classInitNative(L1024): classInitNative: Success!
06-10 06:43:29.857   978  1732 I OMX-VDEC-1080P: omx_vdec::component_deinit() complete
06-10 06:43:29.869  1610  1846 E bt_vnd_log: init_vnd_Logger, Logger Not enabled from config file
06-10 06:43:29.877  1610  1846 D bt_osi_wakelock: wakelock_initialize_native opening wake locks
06-10 06:43:29.879  1610  2060 I bt_hci  : hci_initialize
06-10 06:43:29.882  1610  2060 I bt_hci  : hci_initialize: IBluetoothHci::getService() returned 0x7d620c5f40 (remote)
06-10 06:43:29.882   668   668 W vendor.qti.bluetooth@1.0-bluetooth_hci: BluetoothHci::initialize()
06-10 06:43:29.883   668   668 W vendor.qti.bluetooth@1.0-data_handler: DataHandler:: Init()
06-10 06:43:29.883   668   668 I vendor.qti.bluetooth@1.0-data_handler: Open init_status 0 
06-10 06:43:29.883   668   668 D vendor.qti.bluetooth@1.0-wake_lock: Init wakelock is initiated 
06-10 06:43:29.883   668   668 I vendor.qti.bluetooth@1.0-bluetooth_hci: initialize: linking to deathRecipient
06-10 06:43:29.885   978  1732 I OMX-VDEC-1080P: component_init: OMX.qcom.video.decoder.vp9 : fd=7
06-10 06:43:29.888   978  1732 I OMX-VDEC-1080P: omx_vdec::component_init() success : fd=7
06-10 06:43:29.889   668  2065 D vendor.qti.bluetooth@1.0-uart_transport: Init:> soc_type: 3, need_reload: 1
06-10 06:43:29.890   978  1067 I OMX-VDEC-1080P: omx_vdec::component_deinit() complete
06-10 06:43:29.899   668  2065 I vendor.qti.bluetooth@1.0-uart_transport: InitTransport: opening /dev/ttyHS0
06-10 06:43:29.902   668  2065 I vendor.qti.bluetooth@1.0-uart_transport: InitTransport: device fd = 8 open @2400 bps
06-10 06:43:29.916   978  1732 I OMX-VENC: Component_init : OMX.qcom.video.encoder.avc : return = 0x0
06-10 06:43:29.919   978  1067 I OMX-VENC: Component Deinit
06-10 06:43:29.938  1632  1632 I ELOPeripheralManager: Init ELOPeripheralManager, service: android.elo.peripheral.IELOPeripheralService$Stub$Proxy@c21059d, SDK API CORE layer version: 1.3.15
06-10 06:43:29.941   978  1732 I OMX-VENC: Component_init : OMX.qcom.video.encoder.h263 : return = 0x0
06-10 06:43:29.943   978  1067 I OMX-VENC: Component Deinit
06-10 06:43:29.946   668  2065 I vendor.qti.bluetooth@1.0-uart_transport: DeInitTransport: Transport is being closed!
06-10 06:43:29.964   978  1734 I OMX-VENC: Component_init : OMX.qcom.video.encoder.hevc : return = 0x0
06-10 06:43:29.967   978  1067 I OMX-VENC: Component Deinit
06-10 06:43:29.983   978  1734 I OMX-VENC: Component_init : OMX.qcom.video.encoder.mpeg4 : return = 0x0
06-10 06:43:29.986   978  1067 I OMX-VENC: Component Deinit
06-10 06:43:30.016   978  1734 I OMX-VENC: Component_init : OMX.qcom.video.encoder.vp8 : return = 0x0
06-10 06:43:30.019   978  1067 I OMX-VENC: Component Deinit
06-10 06:43:30.034   995  1551 V C2Store : in init
06-10 06:43:30.046   668  2065 I vendor.qti.bluetooth@1.0-uart_transport: InitTransport: opening /dev/ttyHS0
06-10 06:43:30.047   668  2065 I vendor.qti.bluetooth@1.0-uart_transport: InitTransport: device fd = 8 open @115200 bps
06-10 06:43:30.050   995  1551 V C2Store : in init
06-10 06:43:30.057   995  1551 V C2Store : in init
06-10 06:43:30.064   995  1551 V C2Store : in init
06-10 06:43:30.069   995  1551 V C2Store : in init
06-10 06:43:30.074   995  1551 V C2Store : in init
06-10 06:43:30.075   668  2065 I vendor.qti.bluetooth@1.0-uart_transport: Init:send out poweron signal
06-10 06:43:30.075   668  2065 I vendor.qti.bluetooth@1.0-uart_transport: DeInitTransport: Transport is being closed!
06-10 06:43:30.075   668  2065 I vendor.qti.bluetooth@1.0-uart_transport: InitTransport: opening /dev/ttyHS0
06-10 06:43:30.076   668  2065 I vendor.qti.bluetooth@1.0-uart_transport: InitTransport: HW flow control enabled
06-10 06:43:30.076   668  2065 I vendor.qti.bluetooth@1.0-uart_transport: InitTransport: device fd = 8 open @115200 bps
06-10 06:43:30.081   995  1551 V C2Store : in init
06-10 06:43:30.090   995  1551 V C2Store : in init
06-10 06:43:30.098   995  1551 V C2Store : in init
06-10 06:43:30.103   995  1551 V C2Store : in init
06-10 06:43:30.109   995  1551 V C2Store : in init
06-10 06:43:30.113   995  1551 V C2Store : in init
06-10 06:43:30.118   995  1551 V C2Store : in init
06-10 06:43:30.122   995  1551 V C2Store : in init
06-10 06:43:30.126   995  1551 V C2Store : in init
06-10 06:43:30.131   995  1551 V C2Store : in init
06-10 06:43:30.136   995  1551 V C2Store : in init
06-10 06:43:30.142  1429  1543 D UsbPortHandler-main: doHubInit
06-10 06:43:30.143   995  1551 V C2Store : in init
06-10 06:43:30.168   995  1551 V C2Store : in init
06-10 06:43:30.173   995  1551 V C2Store : in init
06-10 06:43:30.177   668  2065 D vendor.qti.bluetooth@1.0-ibs_handler: InitInt: tty_fd = 8
06-10 06:43:30.179     0     0 E init    : Unable to set property 'wc_transport.stack_bdaddr' to '1C:EE:C9:1A:51:8A' from uid:1002 gid:1002 pid:668: SELinux permission check failed
06-10 06:43:30.180   668  2065 I vendor.qti.bluetooth@1.0-patch_dl_manager:  SocInit 
06-10 06:43:30.182   995  1551 V C2Store : in init
06-10 06:43:30.188   668  2065 I vendor.qti.bluetooth@1.0-patch_dl_manager: SocInit: Chipset Version (0x40010214000a0201)
06-10 06:43:30.188   995  1551 V C2Store : in init
06-10 06:43:30.194   995  1551 V C2Store : in init
06-10 06:43:30.203   995  1551 V C2Store : in init
06-10 06:43:30.207   995  1551 V C2Store : in init
06-10 06:43:30.210   668  2065 I vendor.qti.bluetooth@1.0-patch_dl_manager: SocInit: Baud rate changed successfully 
06-10 06:43:30.210   995  1551 V C2Store : in init
06-10 06:43:30.218   995  1551 V C2Store : in init
06-10 06:43:30.225   995  1551 V C2Store : in init
06-10 06:43:30.229   995  1551 V C2Store : in init
06-10 06:43:30.233   995  1551 V C2Store : in init
06-10 06:43:30.254   995  1551 V C2Store : in init
06-10 06:43:30.259   995   995 V C2Store : in init
06-10 06:43:30.263   995  1551 V C2Store : in init
06-10 06:43:30.266   995  2115 V C2Store : in init
06-10 06:43:30.268   995  1104 V C2Store : in init
06-10 06:43:30.270   995  1104 V C2Store : in init
06-10 06:43:30.273   995   995 V C2Store : in init
06-10 06:43:30.276   995  1104 V C2Store : in init
06-10 06:43:30.280   995  2116 V C2Store : in init
06-10 06:43:30.284   995   995 V C2Store : in init
06-10 06:43:30.286   995  2115 V C2Store : in init
06-10 06:43:30.289   995  1104 V C2Store : in init
06-10 06:43:30.292   995  1104 V C2Store : in init
06-10 06:43:30.295   995  2114 V C2Store : in init
06-10 06:43:30.297   995  2115 V C2Store : in init
06-10 06:43:30.300   995  2117 V C2Store : in init
06-10 06:43:30.304   995  1551 V C2Store : in init
06-10 06:43:30.310   995  2116 V C2Store : in init
06-10 06:43:30.313   995  2115 V C2Store : in init
06-10 06:43:30.316   995  1104 V C2Store : in init
06-10 06:43:30.319   995  2116 V C2Store : in init
06-10 06:43:30.321   995  2117 V C2Store : in init
06-10 06:43:30.324   995  2115 V C2Store : in init
06-10 06:43:30.326   995  1104 V C2Store : in init
06-10 06:43:30.329   995  2117 V C2Store : in init
06-10 06:43:30.332   995  2115 V C2Store : in init
06-10 06:43:30.335   995  1104 V C2Store : in init
06-10 06:43:30.338   995  2117 V C2Store : in init
06-10 06:43:30.341   995  2117 V C2Store : in init
06-10 06:43:30.345   995  2114 V C2Store : in init
06-10 06:43:30.773     0     0 I init    : Service 'bootanim' (pid 1298) exited with status 0
06-10 06:43:30.926  1429  1568 D StorageManagerService: Thinking about init, mBootCompleted=true, mDaemonConnected=true
06-10 06:43:30.953     0     0 I init    : processing action (sys.boot_completed=1) from (/init.rc:819)
06-10 06:43:30.954     0     0 I init    : starting service 'exec 17 (/bin/rm -rf /data/per_boot)'...
06-10 06:43:30.958     0     0 I init    : SVC_EXEC service 'exec 17 (/bin/rm -rf /data/per_boot)' pid 2160 (uid 1000 gid 1000+0 context default) started; waiting...
06-10 06:43:30.978     0     0 I init    : Service 'exec 17 (/bin/rm -rf /data/per_boot)' (pid 2160) exited with status 0 waiting took 0.020000 seconds
06-10 06:43:30.979     0     0 I init    : Setting per_boot key on /data/per_boot
06-10 06:43:30.979     0     0 I init    : Setting policy on /data/per_boot
06-10 06:43:30.979     0     0 I init    : Policy for /data/per_boot set to d321120e0139f743 modes 127/4
06-10 06:43:30.980     0     0 W         : Boot completed
06-10 06:43:31.041  1429  1476 I am_proc_start: [0,2168,10114,com.android.deskclock,broadcast,{com.android.deskclock/com.android.deskclock.AlarmInitReceiver}]
06-10 06:43:31.041  1429  1476 I ActivityManager: Start proc 2168:com.android.deskclock/u0a114 for broadcast {com.android.deskclock/com.android.deskclock.AlarmInitReceiver}
06-10 06:43:31.053  2161  2161 I auditd  : type=1400 audit(0.0:5): avc: denied { dac_override } for comm="init.qcom.post_" capability=1 scontext=u:r:qti_init_shell:s0 tcontext=u:r:qti_init_shell:s0 tclass=capability permissive=0
06-10 06:43:31.053  2161  2161 W init.qcom.post_: type=1400 audit(0.0:5): avc: denied { dac_override } for capability=1 scontext=u:r:qti_init_shell:s0 tcontext=u:r:qti_init_shell:s0 tclass=capability permissive=0
06-10 06:43:31.087  2163  2163 I sysui_multi_action: [757,804,799,ro.boottime.init.cold_boot_wait,801,1462,802,1]
06-10 06:43:31.087  2163  2163 I sysui_multi_action: [757,804,799,ro.boottime.init,801,1287,802,1]
06-10 06:43:31.087  2163  2163 I sysui_multi_action: [757,804,799,ro.boottime.init.selinux,801,118,802,1]
06-10 06:43:31.159   668  2065 I vendor.qti.bluetooth@1.0-patch_dl_manager: SocInit: Download TLV file successfully 
06-10 06:43:31.297  2168  2168 I AlarmClock: AlarmInitReceiver android.intent.action.LOCKED_BOOT_COMPLETED
06-10 06:43:31.329  2168  2210 V AlarmClock: AlarmInitReceiver finished
06-10 06:43:31.360  1804  1804 D ONSNetworkScanCtlr: init called
06-10 06:43:31.363  1804  1804 D ONSProfileSelector: ONSProfileSelector init complete
06-10 06:43:31.488   668  2065 I vendor.qti.bluetooth@1.0-diag_interface: Init: Init diag completed
06-10 06:43:31.489   668  2065 D vendor.qti.bluetooth@1.0-logger: Init: Registered Diag callbacks
06-10 06:43:31.489   668  2065 D vendor.qti.bluetooth@1.0-uart_controller: Init succeded
06-10 06:43:31.534   668   668 D vendor.qti.bluetooth@1.0-data_handler: isProtocolInitialized:
06-10 06:43:31.535   668   668 I vendor.qti.bluetooth@1.0-data_handler: isProtocolInitialized: status:1
06-10 06:43:31.544  1610  2256 V bt_stack: [VERBOSE1:ble_advertiser_hci_interface.cc(770)] Initialize
06-10 06:43:31.557  1610  2256 I bt_stack: [INFO:btm_ble_bgconn.cc(420)] Already connection initiated (or) No Pending connections(or) Resources of lcb are exhausted
06-10 06:43:31.563  2161  2161 I auditd  : type=1400 audit(0.0:6): avc: denied { kill } for comm="init.qcom.post_" capability=5 scontext=u:r:qti_init_shell:s0 tcontext=u:r:qti_init_shell:s0 tclass=capability permissive=0
06-10 06:43:31.563  2161  2161 W init.qcom.post_: type=1400 audit(0.0:6): avc: denied { kill } for capability=5 scontext=u:r:qti_init_shell:s0 tcontext=u:r:qti_init_shell:s0 tclass=capability permissive=0
06-10 06:43:31.564  1429  1475 D VoiceInteractionManagerService: initForUser(0) took to complete: 0ms
06-10 06:43:31.618  1610  1610 D BluetoothOppFileProvider: Initialized
06-10 06:43:31.781  1610  1610 I BluetoothA2dpServiceJni: classInitNative: succeeds
06-10 06:43:31.783  1610  1610 I BluetoothAvrcpServiceJni: classInitNative: succeeds
06-10 06:43:31.817  1610  1610 V Avrcp_ext: initMediaPlayerInfoList: 0 controllers
06-10 06:43:31.822  2334  2334 E /vendor/bin/cdsprpcd: vendor/qcom/proprietary/commonsys-intf/adsprpc/src/adspmsgd.c:93:adspmsgd_init failed with error -1
06-10 06:43:31.823  1610  1610 D Avrcp_ext: User already unlocked, initializing player lists
06-10 06:43:31.823  2334  2334 V /vendor/bin/cdsprpcd: vendor/qcom/proprietary/commonsys-intf/adsprpc/src/fastrpc_perf.c:213: fastrpc_perf_init: enabled RPC traces (kernel 0, dsp 0) with frequency 1000
06-10 06:43:31.842  1925  1925 V Launcher: LauncherAppState initiated
06-10 06:43:31.848  1610  1610 D a2dp_codec: init
06-10 06:43:31.848  1610  1610 D a2dp_sbc: init: SBC enabled in HW mode
06-10 06:43:31.848  1610  1610 I a2dp_codec: init: updated SBC codec priority to 1001
06-10 06:43:31.848  1610  1610 D a2dp_aac: init: AAC enabled in HW mode
06-10 06:43:31.848  1610  1610 I a2dp_codec: init: updated AAC codec priority to 2001
06-10 06:43:31.848  1610  1610 D a2dp_vendor_aptx: init: APTX enabled in HW mode
06-10 06:43:31.848  1610  1610 I a2dp_codec: init: updated aptX codec priority to -1
06-10 06:43:31.848  1610  1610 D a2dp_vendor_aptx_hd: init: APTX-HD enabled in HW mode
06-10 06:43:31.848  1610  1610 I a2dp_codec: init: updated aptX-HD codec priority to -1
06-10 06:43:31.848  1610  1610 D a2dp_vendor_aptx_adaptive: init: APTX-Adaptive enabled in HW mode
06-10 06:43:31.848  1610  1610 I a2dp_codec: init: updated aptX-adaptive codec priority to -1
06-10 06:43:31.848  1610  1610 D a2dp_vendor_ldac: init: LDAC enabled in HW mode
06-10 06:43:31.848  1610  1610 I a2dp_codec: init: updated LDAC codec priority to -1
06-10 06:43:31.848  1610  1610 I a2dp_codec: init: updated aptX-TWS codec priority to -1
06-10 06:43:31.848  1610  1610 I a2dp_codec: init: initialized Source codec AAC
06-10 06:43:31.848  1610  1610 I a2dp_codec: init: initialized Source codec SBC
06-10 06:43:31.848  1610  1610 I a2dp_codec: init: initialized Sink codec SBC(Sink)
06-10 06:43:31.848  1610  1610 D a2dp_codec: init
06-10 06:43:31.848  1610  1610 D a2dp_sbc: init: SBC enabled in HW mode
06-10 06:43:31.848  1610  1610 I a2dp_codec: init: updated SBC codec priority to 1001
06-10 06:43:31.848  1610  1610 D a2dp_aac: init: AAC enabled in HW mode
06-10 06:43:31.848  1610  1610 I a2dp_codec: init: updated AAC codec priority to 2001
06-10 06:43:31.848  1610  1610 D a2dp_vendor_aptx: init: APTX enabled in HW mode
06-10 06:43:31.848  1610  1610 I a2dp_codec: init: updated aptX codec priority to -1
06-10 06:43:31.848  1610  1610 D a2dp_vendor_aptx_hd: init: APTX-HD enabled in HW mode
06-10 06:43:31.848  1610  1610 I a2dp_codec: init: updated aptX-HD codec priority to -1
06-10 06:43:31.848  1610  1610 D a2dp_vendor_aptx_adaptive: init: APTX-Adaptive enabled in HW mode
06-10 06:43:31.848  1610  1610 I a2dp_codec: init: updated aptX-adaptive codec priority to -1
06-10 06:43:31.848  1610  1610 D a2dp_vendor_ldac: init: LDAC enabled in HW mode
06-10 06:43:31.848  1610  1610 I a2dp_codec: init: updated LDAC codec priority to -1
06-10 06:43:31.848  1610  1610 I a2dp_codec: init: updated aptX-TWS codec priority to -1
06-10 06:43:31.848  1610  1610 I a2dp_codec: init: initialized Source codec AAC
06-10 06:43:31.848  1610  1610 I a2dp_codec: init: initialized Source codec SBC
06-10 06:43:31.848  1610  1610 I a2dp_codec: init: initialized Sink codec SBC(Sink)
06-10 06:43:31.848  1610  1610 D a2dp_codec: init
06-10 06:43:31.849  1610  1610 D a2dp_sbc: init: SBC enabled in HW mode
