04-26 02:53:50.579   928  5418 E OMXNodeInstance: getParameter(0xe8765544:qcom.decoder.avc, ??(0x7f000046)) ERROR: UnsupportedIndex(0x8000101a)
04-26 02:53:50.580   922  5896 I ExtendedACodec: setupVideoDecoder()
04-26 02:53:50.580   928  1985 E OMXNodeInstance: getParameter(0xe8765544:qcom.decoder.avc, ??(0x7f000044)) ERROR: UnsupportedSetting(0x80001019)
04-26 02:53:50.581   928  1985 I chatty  : uid=1046(mediacodec) HwBinder:928_5 identical 2 lines
04-26 02:53:50.582   928  1985 E OMXNodeInstance: getParameter(0xe8765544:qcom.decoder.avc, ??(0x7f000044)) ERROR: UnsupportedSetting(0x80001019)
04-26 02:53:50.586   922  5896 D ACodec  : Setting [OMX.qcom.video.decoder.avc] input port buffer number: 1
04-26 02:53:50.587   928  1985 E OMX-VDEC-1080P: ERROR: IP Requirements(#4: 7077888) Requested(#1: 7077888)
04-26 02:53:50.587   928  1985 E OMX-VDEC-1080P: set_parameter: Error: 0x80001005, setting param 0x2000001
04-26 02:53:50.587   928  1985 E OMXNodeInstance: setParameter(0xe8765544:qcom.decoder.avc, ParamPortDefinition(0x2000001)) ERROR: BadParameter(0x80001005)
04-26 02:53:50.587   922  5896 W ACodec  : Fail to set [OMX.qcom.video.decoder.avc] input port buffer number: 1
04-26 02:53:50.587   922  5896 D ACodec  : Setting [OMX.qcom.video.decoder.avc] output port buffer number: 1
04-26 02:53:50.594   928  1985 I chatty  : uid=1046(mediacodec) HwBinder:928_5 identical 1 line
04-26 02:53:50.595   928  1985 E OMX-VDEC-1080P: OP Requirements: Client count(1) insufficient v/s requested(18)
04-26 02:53:50.595   928  1985 E OMX-VDEC-1080P: ERROR: OP Requirements(#18: 118784) Requested(#1: 118784)
04-26 02:53:50.595   928  1985 E OMX-VDEC-1080P: set_parameter: Error: 0x80001005, setting param 0x2000001
04-26 02:53:50.595   928  1985 E OMXNodeInstance: setParameter(0xe8765544:qcom.decoder.avc, ParamPortDefinition(0x2000001)) ERROR: BadParameter(0x80001005)
04-26 02:53:50.595   922  5896 W ACodec  : Fail to set [OMX.qcom.video.decoder.avc] output port buffer number: 1
04-26 02:53:50.606   922  5896 I ExtendedACodec: Decoder will be in frame by frame mode
04-26 02:53:50.607   922  5896 I ExtendedACodec: Thumbnail mode enabled.
04-26 02:53:50.609   928  1996 E OMXNodeInstance: getParameter(0xe8765544:qcom.decoder.avc, ??(0x7f000044)) ERROR: UnsupportedSetting(0x80001019)
04-26 02:53:50.618   920  2927 D MediaBufferGroup: creating MemoryDealer
04-26 02:53:50.632   928  1996 E OMX-VDEC-1080P: Cannot change C2D buffer requirements with 1 active allocations
04-26 02:53:50.632   928  1996 E OMX-VDEC-1080P: client_buffers.update_buffer_req Failed
04-26 02:53:50.632   928  1996 E OMXNodeInstance: getParameter(0xe8765544:qcom.decoder.avc, ParamPortDefinition(0x2000001)) ERROR: Hardware(0x80001009)
04-26 02:53:50.632   922  5896 E ACodec  : [OMX.qcom.video.decoder.avc] Failed to get port format to send format change
04-26 02:53:50.704   928  5418 E OMXNodeInstance: getParameter(0xe8765544:qcom.decoder.avc, ??(0x7f000044)) ERROR: UnsupportedSetting(0x80001019)
04-26 02:53:50.712   928  1996 E OMXNodeInstance: getParameter(0xe8765544:qcom.decoder.avc, ??(0x7f000044)) ERROR: UnsupportedSetting(0x80001019)
04-26 02:53:50.777   928  1996 I OMX-VDEC-1080P: omx_vdec::component_deinit() complete
04-26 02:53:50.780   928  1996 I OMX-VDEC-1080P: Exit OMX vdec Destructor: fd=7
04-26 02:53:50.780     0     0 I msm_vidc: info: Closed video instance: 0000000000000000
04-26 02:53:50.782   928  1996 I OMX-VDEC-1080P: Video slvp perflock released
