04-25 22:24:27.245   928   928 I MediaCodecsXmlParser: limit: feature-adaptive-playback = 0
04-25 22:24:27.245   928   928 I MediaCodecsXmlParser: limit: max-concurrent-instances = 16
04-25 22:24:27.245   928   928 I MediaCodecsXmlParser: limit: feature-can-swap-width-height = 0
04-25 22:24:27.245   928   928 I MediaCodecsXmlParser: limit: performance-point-3840x2160-range = 30-30
04-25 22:24:27.245   928   928 I MediaCodecsXmlParser: limit: size-range = 64x64-3840x2160
04-25 22:24:27.245   928   928 I MediaCodecsXmlParser: limit: alignment = 2x2
04-25 22:24:27.245   928   928 I MediaCodecsXmlParser: limit: block-size = 16x16
04-25 22:24:27.245   928   928 I MediaCodecsXmlParser: limit: blocks-per-second-range = 1-972000
04-25 22:24:27.245   928   928 I MediaCodecsXmlParser: limit: bitrate-range = 1-35000000
04-25 22:24:27.245   928   928 I MediaCodecsXmlParser: limit: feature-adaptive-playback = 0
04-25 22:24:27.245   928   928 I MediaCodecsXmlParser: limit: feature-secure-playback = 1
04-25 22:24:27.245   928   928 I MediaCodecsXmlParser: limit: max-concurrent-instances = 6
04-25 22:24:27.245   928   928 I MediaCodecsXmlParser: limit: performance-point-3840x2160-range = 30-30
04-25 22:24:27.245   928   928 I MediaCodecsXmlParser: limit: size-range = 64x64-1920x1088
04-25 22:24:27.245   928   928 I MediaCodecsXmlParser: limit: alignment = 2x2
04-25 22:24:27.245   928   928 I MediaCodecsXmlParser: limit: block-size = 16x16
04-25 22:24:27.245   928   928 I MediaCodecsXmlParser: limit: blocks-per-second-range = 1-244800
04-25 22:24:27.245   928   928 I MediaCodecsXmlParser: limit: bitrate-range = 1-40000000
04-25 22:24:27.245   928   928 I MediaCodecsXmlParser: limit: feature-adaptive-playback = 0
04-25 22:24:27.245   928   928 I MediaCodecsXmlParser: limit: max-concurrent-instances = 16
04-25 22:24:27.245   928   928 I MediaCodecsXmlParser: limit: performance-point-1920x1088-range = 30-30
04-25 22:24:27.245   928   928 I MediaCodecsXmlParser: limit: size-range = 64x64-1920x1088
04-25 22:24:27.245   928   928 I MediaCodecsXmlParser: limit: alignment = 2x2
04-25 22:24:27.245   928   928 I MediaCodecsXmlParser: limit: block-size = 16x16
04-25 22:24:27.245   928   928 I MediaCodecsXmlParser: limit: blocks-per-second-range = 1-244800
04-25 22:24:27.245   928   928 I MediaCodecsXmlParser: limit: bitrate-range = 1-20000000
04-25 22:24:27.245   928   928 I MediaCodecsXmlParser: limit: feature-adaptive-playback = 0
04-25 22:24:27.245   928   928 I MediaCodecsXmlParser: limit: feature-secure-playback = 1
04-25 22:24:27.245   928   928 I MediaCodecsXmlParser: limit: max-concurrent-instances = 6
04-25 22:24:27.245   928   928 I MediaCodecsXmlParser: limit: performance-point-1920x1088-range = 30-30
04-25 22:24:27.245   928   928 I MediaCodecsXmlParser: limit: size-range = 64x64-1920x1088
04-25 22:24:27.245   928   928 I MediaCodecsXmlParser: limit: alignment = 2x2
04-25 22:24:27.245   928   928 I MediaCodecsXmlParser: limit: block-size = 16x16
04-25 22:24:27.245   928   928 I MediaCodecsXmlParser: limit: blocks-per-second-range = 1-489600
04-25 22:24:27.245   928   928 I MediaCodecsXmlParser: limit: bitrate-range = 1-60000000
04-25 22:24:27.245   928   928 I MediaCodecsXmlParser: limit: feature-adaptive-playback = 0
04-25 22:24:27.299   921   921 I mediametrics: ServiceManager: 0x7d88e14800
04-25 22:24:27.315   978   978 I /apex/com.android.media.swcodec/bin/mediaswcodec: media swcodec service starting
04-25 22:24:27.317   978   978 W /apex/com.android.media.swcodec/bin/mediaswcodec: Could not read additional policy file '/vendor/etc/seccomp_policy/mediaswcodec.policy'
04-25 22:24:27.317   978   978 W /apex/com.android.media.swcodec/bin/mediaswcodec: libminijail[978]: failed to get path of fd 4: No such file or directory
04-25 22:24:27.317   978   978 W /apex/com.android.media.swcodec/bin/mediaswcodec: libminijail[978]: allowing syscall: connect
04-25 22:24:27.317   978   978 W /apex/com.android.media.swcodec/bin/mediaswcodec: libminijail[978]: allowing syscall: fcntl
04-25 22:24:27.317   978   978 W /apex/com.android.media.swcodec/bin/mediaswcodec: libminijail[978]: allowing syscall: sendto
04-25 22:24:27.317   978   978 W /apex/com.android.media.swcodec/bin/mediaswcodec: libminijail[978]: allowing syscall: socket
04-25 22:24:27.317   978   978 W /apex/com.android.media.swcodec/bin/mediaswcodec: libminijail[978]: allowing syscall: writev
04-25 22:24:27.317   978   978 W /apex/com.android.media.swcodec/bin/mediaswcodec: libminijail[978]: logging seccomp filter failures
04-25 22:24:27.318   978   978 I CodecServiceRegistrant: Creating software Codec2 service...
04-25 22:24:27.323   978   978 I ServiceManagement: Registered android.hardware.media.c2@1.0::IComponentStore/software (start delay of 408ms)
04-25 22:24:27.323   978   978 I CodecServiceRegistrant: Software Codec2 service created.
04-25 22:24:28.053   622   622 I zygote64: Thread[1,tid=622,Native,Thread*=0x76acb0dc00,peer=0x12c022c0,"main"] recursive attempt to load library "libmedia_jni.so"
04-25 22:24:28.053   622   622 I zygote64: Thread[1,tid=622,Native,Thread*=0x76acb0dc00,peer=0x12c022c0,"main"] recursive attempt to load library "libmedia_jni.so"
04-25 22:24:28.053   622   622 I zygote64: Thread[1,tid=622,Native,Thread*=0x76acb0dc00,peer=0x12c022c0,"main"] recursive attempt to load library "libmedia_jni.so"
04-25 22:24:28.069   622   622 W Zygote  : Class not found for preloading: android.media.audiopolicy.AudioProductStrategies
04-25 22:24:28.069   622   622 W Zygote  : Class not found for preloading: android.media.audiopolicy.AudioVolumeGroups







04-25 22:24:31.890   922  1049 D NuPlayerDriver: NuPlayerDriver(0xecc40000) created, clientPid(1238)
04-25 22:24:31.893   922  1049 I Codec2Client: Available Codec2 services: "software"
04-25 22:24:31.893   922  1049 I Codec2Client: Creating a Codec2 client to service "software"
04-25 22:24:31.893   922  1049 I Codec2Client: Client to Codec2 service "software" created
04-25 22:24:31.900   920  1095 I MMParserExtractor: Created(0x27e9e0e550)
04-25 22:24:31.904   920   920 D MediaBufferGroup: creating MemoryDealer
04-25 22:24:31.908   922  1049 D NuPlayerDriver: NuPlayerDriver(0xecc400a0) created, clientPid(1238)
04-25 22:24:31.909   922  1049 I Codec2Client: Creating a Codec2 client to service "software"
04-25 22:24:31.910   922  1049 I Codec2Client: Client to Codec2 service "software" created
04-25 22:24:31.916   920   920 I MMParserExtractor: Created(0x27e9e159b0)
04-25 22:24:31.919   920  1388 D MediaBufferGroup: creating MemoryDealer
04-25 22:24:31.924   623   623 I zygote  : Thread[1,tid=623,Native,Thread*=0xf355ce00,peer=0x12c400f0,"main"] recursive attempt to load library "libmedia_jni.so"
04-25 22:24:31.924   623   623 I zygote  : Thread[1,tid=623,Native,Thread*=0xf355ce00,peer=0x12c400f0,"main"] recursive attempt to load library "libmedia_jni.so"
04-25 22:24:31.924   623   623 I zygote  : Thread[1,tid=623,Native,Thread*=0xf355ce00,peer=0x12c400f0,"main"] recursive attempt to load library "libmedia_jni.so"
04-25 22:24:31.934   623   623 W Zygote  : Class not found for preloading: android.media.audiopolicy.AudioProductStrategies
04-25 22:24:31.934   623   623 W Zygote  : Class not found for preloading: android.media.audiopolicy.AudioVolumeGroups
04-25 22:24:32.311  1238  1238 E AudioSystem-JNI: Command failed for android_media_AudioSystem_muteMicrophone: -38
04-25 22:24:32.381  1238  1238 I SystemServer: AddGraphicsStatsService
04-25 22:24:32.382  1238  1238 D SystemServerTiming: AddGraphicsStatsService took to complete: 1ms
04-25 22:24:32.385  1238  1238 I SystemServiceManager: Starting com.android.server.media.MediaSessionService
04-25 22:24:32.399  1238  1238 I SystemServer: StartMediaResourceMonitor
04-25 22:24:32.399  1238  1238 I SystemServiceManager: Starting com.android.server.media.MediaResourceMonitorService
04-25 22:24:32.400  1238  1238 D SystemServerTiming: StartMediaResourceMonitor took to complete: 1ms
04-25 22:24:32.400  1238  1238 I SystemServer: StartMediaRouterService
04-25 22:24:32.400  1238  1238 D SystemServerTiming: StartMediaRouterService took to complete: 0ms
04-25 22:24:32.404  1238  1238 I SystemServiceManager: Starting com.android.server.media.projection.MediaProjectionManagerService
04-25 22:24:32.405  1238  1238 V MediaRouter: Selecting route: RouteInfo{ name=Phone, description=null, status=null, category=RouteCategory{ name=System types=ROUTE_TYPE_LIVE_AUDIO ROUTE_TYPE_LIVE_VIDEO  groupable=false }, supportedTypes=ROUTE_TYPE_LIVE_AUDIO ROUTE_TYPE_LIVE_VIDEO , presentationDisplay=null }
04-25 22:24:32.658   920  1388 I MMParserExtractor: Created(0x27e9e0f6d0)
04-25 22:24:32.699   922  1049 D MediaCodecList: Allowing all OMX codecs
04-25 22:24:32.704   922  1049 I OMXClient: IOmx service obtained
04-25 22:24:32.704   928  1052 I OMXMaster: makeComponentInstance(OMX.google.aac.decoder) in android.hardwar process
04-25 22:24:32.734   922  1049 I OMXClient: IOmx service obtained
04-25 22:24:32.735   928  1052 I OMXMaster: makeComponentInstance(OMX.google.amrnb.decoder) in android.hardwar process
04-25 22:24:32.749   922  1049 I OMXClient: IOmx service obtained
04-25 22:24:32.749   928  1052 I OMXMaster: makeComponentInstance(OMX.google.amrwb.decoder) in android.hardwar process
04-25 22:24:32.753   922  1049 I OMXClient: IOmx service obtained
04-25 22:24:32.753   928  1052 I OMXMaster: makeComponentInstance(OMX.google.flac.decoder) in android.hardwar process
04-25 22:24:32.765   922  1049 I OMXClient: IOmx service obtained
04-25 22:24:32.766   928  1052 I OMXMaster: makeComponentInstance(OMX.qti.audio.decoder.flac) in android.hardwar process
04-25 22:24:32.772   922  1049 I OMXClient: IOmx service obtained
04-25 22:24:32.772   928   928 I OMXMaster: makeComponentInstance(OMX.google.g711.alaw.decoder) in android.hardwar process
04-25 22:24:32.781   922  1049 I OMXClient: IOmx service obtained
04-25 22:24:32.782   928  1052 I OMXMaster: makeComponentInstance(OMX.google.g711.mlaw.decoder) in android.hardwar process
04-25 22:24:32.786   922  1049 I OMXClient: IOmx service obtained
04-25 22:24:32.787   928  1052 I OMXMaster: makeComponentInstance(OMX.google.gsm.decoder) in android.hardwar process
04-25 22:24:32.792   922  1049 I OMXClient: IOmx service obtained
04-25 22:24:32.792   928   928 I OMXMaster: makeComponentInstance(OMX.google.mp3.decoder) in android.hardwar process
04-25 22:24:32.799   922  1049 I OMXClient: IOmx service obtained
04-25 22:24:32.800   928   928 I OMXMaster: makeComponentInstance(OMX.google.opus.decoder) in android.hardwar process
04-25 22:24:32.813   922  1049 I OMXClient: IOmx service obtained
04-25 22:24:32.813   928  1050 I OMXMaster: makeComponentInstance(OMX.google.raw.decoder) in android.hardwar process
04-25 22:24:32.825   922  1049 I OMXClient: IOmx service obtained
04-25 22:24:32.825   928  1050 I OMXMaster: makeComponentInstance(OMX.google.vorbis.decoder) in android.hardwar process
04-25 22:24:32.837   922  1049 I OMXClient: IOmx service obtained
04-25 22:24:32.837   928  1050 I OMXMaster: makeComponentInstance(OMX.google.aac.encoder) in android.hardwar process
04-25 22:24:32.853  1238  1238 I SystemServer: MakeMediaRouterServiceReady
04-25 22:24:32.853  1238  1238 D SystemServerTiming: MakeMediaRouterServiceReady took to complete: 0ms
04-25 22:24:32.865   922  1049 I OMXClient: IOmx service obtained
04-25 22:24:32.865   928   928 I OMXMaster: makeComponentInstance(OMX.google.amrnb.encoder) in android.hardwar process
04-25 22:24:32.886   922  1049 I OMXClient: IOmx service obtained
04-25 22:24:32.887   928  1050 I OMXMaster: makeComponentInstance(OMX.google.amrwb.encoder) in android.hardwar process
04-25 22:24:32.900   922  1049 I OMXClient: IOmx service obtained
04-25 22:24:32.900   928  1563 I OMXMaster: makeComponentInstance(OMX.google.flac.encoder) in android.hardwar process
04-25 22:24:32.912   922  1049 I OMXClient: IOmx service obtained
04-25 22:24:32.912   928  1050 I OMXMaster: makeComponentInstance(OMX.qcom.video.decoder.avc) in android.hardwar process
04-25 22:24:32.948   928  1050 I OMX-VDEC-1080P: Video slvp perflock acquired
04-25 22:24:32.955  1445  1600 W bt_device_interop:  feature:: 15, key :: Car Multimedia, value :: Name_Based
04-25 22:24:32.949     0     0 I msm_vidc: info: Opening video instance: 0000000000000000, 1
04-25 22:24:32.983  1465  1465 V MediaRouter: Selecting route: RouteInfo{ name=Phone, description=null, status=null, category=RouteCategory{ name=System types=ROUTE_TYPE_LIVE_AUDIO ROUTE_TYPE_LIVE_VIDEO  groupable=false }, supportedTypes=ROUTE_TYPE_LIVE_AUDIO ROUTE_TYPE_LIVE_VIDEO , presentationDisplay=null }
04-25 22:24:33.018   920  1388 I MMParserExtractor: Created(0x27e9e13410)
04-25 22:24:33.061   928  1050 I OMX-VDEC-1080P: component_init: OMX.qcom.video.decoder.avc : fd=7
04-25 22:24:33.067   928  1050 I OMX-VDEC-1080P: omx_vdec::component_init() success : fd=7
04-25 22:24:33.074     0     0 I msm_vidc: info: Closed video instance: 0000000000000000
04-25 22:24:33.069   928  1563 E OMXNodeInstance: getParameter(0xea5f7ac4:qcom.decoder.avc, ??(0x7f000044)) ERROR: UnsupportedSetting(0x80001019)
04-25 22:24:33.070   928  1563 E OMXNodeInstance: getParameter(0xea5f7ac4:qcom.decoder.avc, ??(0x7f000044)) ERROR: UnsupportedSetting(0x80001019)
04-25 22:24:33.071   928  1563 E OMXNodeInstance: getExtensionIndex(0xea5f7ac4:qcom.decoder.avc, OMX.google.android.index.configureVideoTunnelMode) ERROR: NotImplemented(0x80001006)
04-25 22:24:33.071   922  1049 D MediaCodecInfo: detail feature-tunneled-playback wasn't present to remove
04-25 22:24:33.071   928  1563 E OMX-VDEC-1080P: Enable/Disable allocate-native-handle allowed only on input port!
04-25 22:24:33.071   928  1563 E OMX-VDEC-1080P: set_parameter: Error: 0x80001019, setting param 0x7f00005d
04-25 22:24:33.071   928  1563 E OMXNodeInstance: setParameter(0xea5f7ac4:qcom.decoder.avc, OMX.google.android.index.allocateNativeHandle(0x7f00005d): Output:1 en=0) ERROR: UnsupportedSetting(0x80001019)
04-25 22:24:33.072   928  1563 I OMX-VDEC-1080P: omx_vdec::component_deinit() complete
04-25 22:24:33.074   928  1563 I OMX-VDEC-1080P: Exit OMX vdec Destructor: fd=7
04-25 22:24:33.075   928  1563 I OMX-VDEC-1080P: Video slvp perflock released
04-25 22:24:33.079   922  1049 I OMXClient: IOmx service obtained
04-25 22:24:33.079   928  1563 I OMXMaster: makeComponentInstance(OMX.qcom.video.decoder.avc.secure) in android.hardwar process
04-25 22:24:33.097   928  1563 I OMX-VDEC-1080P: Video slvp perflock acquired
04-25 22:24:33.098   928  1563 I OMX-VDEC-1080P: component_init: OMX.qcom.video.decoder.avc : fd=7
04-25 22:24:33.098     0     0 I msm_vidc: info: Opening video instance: 0000000000000000, 1
04-25 22:24:33.103  1238  1238 D SystemServiceManager: onStartUser-0 com.android.server.media.MediaSessionService took to complete: 1ms
04-25 22:24:33.103  1238  1238 D SystemServiceManager: onStartUser-0 com.android.server.media.MediaResourceMonitorService took to complete: 0ms
04-25 22:24:33.103  1238  1238 D SystemServiceManager: onStartUser-0 com.android.server.media.projection.MediaProjectionManagerService took to complete: 0ms
04-25 22:24:33.104   928  1563 I OMX-VDEC-1080P: omx_vdec::component_init() success : fd=7
04-25 22:24:33.107   928  1050 E OMXNodeInstance: getParameter(0xea5f7ac4:qcom.decoder.avc.secure, ??(0x7f000044)) ERROR: UnsupportedSetting(0x80001019)
04-25 22:24:33.107   928  1050 E OMXNodeInstance: getParameter(0xea5f7ac4:qcom.decoder.avc.secure, ??(0x7f000044)) ERROR: UnsupportedSetting(0x80001019)
04-25 22:24:33.108   928  1050 E OMXNodeInstance: getExtensionIndex(0xea5f7ac4:qcom.decoder.avc.secure, OMX.google.android.index.configureVideoTunnelMode) ERROR: NotImplemented(0x80001006)
04-25 22:24:33.108   922  1049 D MediaCodecInfo: detail feature-tunneled-playback wasn't present to remove
04-25 22:24:33.108   928  1050 E OMX-VDEC-1080P: Enable/Disable allocate-native-handle allowed only on input port!
04-25 22:24:33.108   928  1050 E OMX-VDEC-1080P: set_parameter: Error: 0x80001019, setting param 0x7f00005d
04-25 22:24:33.108   928  1050 E OMXNodeInstance: setParameter(0xea5f7ac4:qcom.decoder.avc.secure, OMX.google.android.index.allocateNativeHandle(0x7f00005d): Output:1 en=0) ERROR: UnsupportedSetting(0x80001019)
04-25 22:24:33.108   928  1050 I OMX-VDEC-1080P: omx_vdec::component_deinit() complete
04-25 22:24:33.108   928  1050 E OMX-VDEC-1080P: Custom drain ioctl failed rc : -1, errno : 25
04-25 22:24:33.110   928  1050 I OMX-VDEC-1080P: Exit OMX vdec Destructor: fd=7
04-25 22:24:33.110   928  1050 I OMX-VDEC-1080P: Video slvp perflock released
04-25 22:24:33.110     0     0 I msm_vidc: info: Closed video instance: 0000000000000000
04-25 22:24:33.115   922  1049 I OMXClient: IOmx service obtained
04-25 22:24:33.116   928  1050 I OMXMaster: makeComponentInstance(OMX.google.h264.decoder) in android.hardwar process
04-25 22:24:33.126   928   928 E OMXNodeInstance: getExtensionIndex(0xeac480c0:google.h264.decoder, OMX.google.android.index.configureVideoTunnelMode) ERROR: UnsupportedIndex(0x8000101a)
04-25 22:24:33.126   922  1049 D MediaCodecInfo: detail feature-tunneled-playback wasn't present to remove
04-25 22:24:33.126   928   928 E OMXNodeInstance: getExtensionIndex(0xeac480c0:google.h264.decoder, OMX.google.android.index.enableAndroidNativeBuffers) ERROR: UnsupportedIndex(0x8000101a)
04-25 22:24:33.137   922  1049 I OMXClient: IOmx service obtained
04-25 22:24:33.137   928   928 I OMXMaster: makeComponentInstance(OMX.qcom.video.decoder.divx) in android.hardwar process
04-25 22:24:33.155   928   928 I OMX-VDEC-1080P: Video slvp perflock acquired
04-25 22:24:33.156   928   928 I OMX-VDEC-1080P: component_init: OMX.qcom.video.decoder.divx : fd=7
04-25 22:24:33.156   928   928 E OMX-VDEC-1080P: DIVX 5/6 Decoder selected
04-25 22:24:33.156     0     0 I msm_vidc: info: Opening video instance: 0000000000000000, 1
04-25 22:24:33.159   928   928 I OMX-VDEC-1080P: omx_vdec::component_init() success : fd=7
04-25 22:24:33.159   928   928 E OMX-VDEC-1080P: get_parameter: OMX_IndexParamVideoProfileLevelQuerySupported ret NoMore for codec: OMX.qcom.video.decoder.divx
04-25 22:24:33.161   928   928 E OMXNodeInstance: getParameter(0xea625684:qcom.decoder.divx, ??(0x7f000044)) ERROR: UnsupportedSetting(0x80001019)
04-25 22:24:33.161   928   928 E OMXNodeInstance: getParameter(0xea625684:qcom.decoder.divx, ??(0x7f000044)) ERROR: UnsupportedSetting(0x80001019)
04-25 22:24:33.162   928  1050 E OMXNodeInstance: getExtensionIndex(0xea625684:qcom.decoder.divx, OMX.google.android.index.configureVideoTunnelMode) ERROR: NotImplemented(0x80001006)
04-25 22:24:33.162   922  1049 D MediaCodecInfo: detail feature-tunneled-playback wasn't present to remove
04-25 22:24:33.162   928  1050 E OMX-VDEC-1080P: Enable/Disable allocate-native-handle allowed only on input port!
04-25 22:24:33.162   928  1050 E OMX-VDEC-1080P: set_parameter: Error: 0x80001019, setting param 0x7f00005d
04-25 22:24:33.162   928  1050 E OMXNodeInstance: setParameter(0xea625684:qcom.decoder.divx, OMX.google.android.index.allocateNativeHandle(0x7f00005d): Output:1 en=0) ERROR: UnsupportedSetting(0x80001019)
04-25 22:24:33.162   928  1050 I OMX-VDEC-1080P: omx_vdec::component_deinit() complete
04-25 22:24:33.164   928  1050 I OMX-VDEC-1080P: Exit OMX vdec Destructor: fd=7
04-25 22:24:33.164     0     0 I msm_vidc: info: Closed video instance: 0000000000000000
04-25 22:24:33.164   928  1050 I OMX-VDEC-1080P: Video slvp perflock released
04-25 22:24:33.167   922  1049 I OMXClient: IOmx service obtained
04-25 22:24:33.168   928  1050 I OMXMaster: makeComponentInstance(OMX.qcom.video.decoder.divx311) in android.hardwar process
04-25 22:24:33.178   928  1050 I OMX-VDEC-1080P: Video slvp perflock acquired
04-25 22:24:33.178   928  1050 I OMX-VDEC-1080P: component_init: OMX.qcom.video.decoder.divx311 : fd=7
04-25 22:24:33.178     0     0 I msm_vidc: info: Opening video instance: 0000000000000000, 1
04-25 22:24:33.188   928  1050 I OMX-VDEC-1080P: omx_vdec::component_init() success : fd=7
04-25 22:24:33.191   928   928 E OMX-VDEC-1080P: get_parameter: OMX_IndexParamVideoProfileLevelQuerySupported ret NoMore for codec: OMX.qcom.video.decoder.divx311
04-25 22:24:33.192   928   928 E OMXNodeInstance: getParameter(0xea625684:qcom.decoder.divx311, ??(0x7f000044)) ERROR: UnsupportedSetting(0x80001019)
04-25 22:24:33.192   928   928 E OMXNodeInstance: getParameter(0xea625684:qcom.decoder.divx311, ??(0x7f000044)) ERROR: UnsupportedSetting(0x80001019)
04-25 22:24:33.193   928   928 E OMXNodeInstance: getExtensionIndex(0xea625684:qcom.decoder.divx311, OMX.google.android.index.configureVideoTunnelMode) ERROR: NotImplemented(0x80001006)
04-25 22:24:33.193   922  1049 D MediaCodecInfo: detail feature-tunneled-playback wasn't present to remove
04-25 22:24:33.193   928   928 E OMX-VDEC-1080P: Enable/Disable allocate-native-handle allowed only on input port!
04-25 22:24:33.193   928   928 E OMX-VDEC-1080P: set_parameter: Error: 0x80001019, setting param 0x7f00005d
04-25 22:24:33.193   928   928 E OMXNodeInstance: setParameter(0xea625684:qcom.decoder.divx311, OMX.google.android.index.allocateNativeHandle(0x7f00005d): Output:1 en=0) ERROR: UnsupportedSetting(0x80001019)
04-25 22:24:33.193   928   928 I OMX-VDEC-1080P: omx_vdec::component_deinit() complete
04-25 22:24:33.195   928   928 I OMX-VDEC-1080P: Exit OMX vdec Destructor: fd=7
04-25 22:24:33.195     0     0 I msm_vidc: info: Closed video instance: 0000000000000000
04-25 22:24:33.196   928   928 I OMX-VDEC-1080P: Video slvp perflock released
04-25 22:24:33.202   922  1049 I OMXClient: IOmx service obtained
04-25 22:24:33.202   928   928 I OMXMaster: makeComponentInstance(OMX.qcom.video.decoder.divx4) in android.hardwar process
04-25 22:24:33.209   928   928 I OMX-VDEC-1080P: Video slvp perflock acquired
04-25 22:24:33.216   928   928 I OMX-VDEC-1080P: component_init: OMX.qcom.video.decoder.divx4 : fd=7
04-25 22:24:33.216   928   928 E OMX-VDEC-1080P: DIVX 4 Decoder selected
04-25 22:24:33.219   928   928 I OMX-VDEC-1080P: omx_vdec::component_init() success : fd=7
04-25 22:24:33.219   928   928 E OMX-VDEC-1080P: get_parameter: OMX_IndexParamVideoProfileLevelQuerySupported ret NoMore for codec: OMX.qcom.video.decoder.divx4
04-25 22:24:33.220   928   928 E OMXNodeInstance: getParameter(0xea625684:qcom.decoder.divx4, ??(0x7f000044)) ERROR: UnsupportedSetting(0x80001019)
04-25 22:24:33.220   928   928 E OMXNodeInstance: getParameter(0xea625684:qcom.decoder.divx4, ??(0x7f000044)) ERROR: UnsupportedSetting(0x80001019)
04-25 22:24:33.220   928   928 E OMXNodeInstance: getExtensionIndex(0xea625684:qcom.decoder.divx4, OMX.google.android.index.configureVideoTunnelMode) ERROR: NotImplemented(0x80001006)
04-25 22:24:33.221   922  1049 D MediaCodecInfo: detail feature-tunneled-playback wasn't present to remove
04-25 22:24:33.221   928   928 E OMX-VDEC-1080P: Enable/Disable allocate-native-handle allowed only on input port!
04-25 22:24:33.221   928   928 E OMX-VDEC-1080P: set_parameter: Error: 0x80001019, setting param 0x7f00005d
04-25 22:24:33.221   928   928 E OMXNodeInstance: setParameter(0xea625684:qcom.decoder.divx4, OMX.google.android.index.allocateNativeHandle(0x7f00005d): Output:1 en=0) ERROR: UnsupportedSetting(0x80001019)
04-25 22:24:33.221   928   928 I OMX-VDEC-1080P: omx_vdec::component_deinit() complete
04-25 22:24:33.222   928   928 I OMX-VDEC-1080P: Exit OMX vdec Destructor: fd=7
04-25 22:24:33.223   928   928 I OMX-VDEC-1080P: Video slvp perflock released
04-25 22:24:33.216     0     0 I msm_vidc: info: Opening video instance: 0000000000000000, 1
04-25 22:24:33.222     0     0 I msm_vidc: info: Closed video instance: 0000000000000000
04-25 22:24:33.226   922  1049 I OMXClient: IOmx service obtained
04-25 22:24:33.226   928   928 I OMXMaster: makeComponentInstance(OMX.qcom.video.decoder.h263) in android.hardwar process
04-25 22:24:33.234   928   928 I OMX-VDEC-1080P: Video slvp perflock acquired
04-25 22:24:33.234   928   928 I OMX-VDEC-1080P: component_init: OMX.qcom.video.decoder.h263 : fd=7
04-25 22:24:33.234     0     0 I msm_vidc: info: Opening video instance: 0000000000000000, 1
04-25 22:24:33.243   928   928 I OMX-VDEC-1080P: omx_vdec::component_init() success : fd=7
04-25 22:24:33.244   928   928 E OMXNodeInstance: getParameter(0xea625684:qcom.decoder.h263, ??(0x7f000044)) ERROR: UnsupportedSetting(0x80001019)
04-25 22:24:33.244   928   928 E OMXNodeInstance: getParameter(0xea625684:qcom.decoder.h263, ??(0x7f000044)) ERROR: UnsupportedSetting(0x80001019)
04-25 22:24:33.245   928   928 E OMXNodeInstance: getExtensionIndex(0xea625684:qcom.decoder.h263, OMX.google.android.index.configureVideoTunnelMode) ERROR: NotImplemented(0x80001006)
04-25 22:24:33.245   922  1049 D MediaCodecInfo: detail feature-tunneled-playback wasn't present to remove
04-25 22:24:33.245   928   928 E OMX-VDEC-1080P: Enable/Disable allocate-native-handle allowed only on input port!
04-25 22:24:33.245   928   928 E OMX-VDEC-1080P: set_parameter: Error: 0x80001019, setting param 0x7f00005d
04-25 22:24:33.245   928   928 E OMXNodeInstance: setParameter(0xea625684:qcom.decoder.h263, OMX.google.android.index.allocateNativeHandle(0x7f00005d): Output:1 en=0) ERROR: UnsupportedSetting(0x80001019)
04-25 22:24:33.245   928   928 I OMX-VDEC-1080P: omx_vdec::component_deinit() complete
04-25 22:24:33.254   928   928 I OMX-VDEC-1080P: Exit OMX vdec Destructor: fd=7
04-25 22:24:33.254     0     0 I msm_vidc: info: Closed video instance: 0000000000000000
04-25 22:24:33.255   928   928 I OMX-VDEC-1080P: Video slvp perflock released
04-25 22:24:33.260   922  1049 I OMXClient: IOmx service obtained
04-25 22:24:33.260   928  1050 I OMXMaster: makeComponentInstance(OMX.google.h263.decoder) in android.hardwar process
04-25 22:24:33.268   928  1050 E OMXNodeInstance: getExtensionIndex(0xeac48540:google.h263.decoder, OMX.google.android.index.configureVideoTunnelMode) ERROR: UnsupportedIndex(0x8000101a)
04-25 22:24:33.268   922  1049 D MediaCodecInfo: detail feature-tunneled-playback wasn't present to remove
04-25 22:24:33.268   928  1050 E OMXNodeInstance: getExtensionIndex(0xeac48540:google.h263.decoder, OMX.google.android.index.enableAndroidNativeBuffers) ERROR: UnsupportedIndex(0x8000101a)
04-25 22:24:33.281   922  1049 I OMXClient: IOmx service obtained
04-25 22:24:33.282   928  1050 I OMXMaster: makeComponentInstance(OMX.qcom.video.decoder.hevc) in android.hardwar process
04-25 22:24:33.298   928  1050 I OMX-VDEC-1080P: Video slvp perflock acquired
04-25 22:24:33.298   928  1050 I OMX-VDEC-1080P: component_init: OMX.qcom.video.decoder.hevc : fd=7
04-25 22:24:33.298     0     0 I msm_vidc: info: Opening video instance: 0000000000000000, 1
04-25 22:24:33.318   928  1050 I OMX-VDEC-1080P: omx_vdec::component_init() success : fd=7
04-25 22:24:33.320   928  1050 E OMXNodeInstance: getParameter(0xea5f7ac4:qcom.decoder.hevc, ??(0x7f000044)) ERROR: UnsupportedSetting(0x80001019)
04-25 22:24:33.320   928  1050 E OMXNodeInstance: getParameter(0xea5f7ac4:qcom.decoder.hevc, ??(0x7f000044)) ERROR: UnsupportedSetting(0x80001019)
04-25 22:24:33.321   928  1050 E OMXNodeInstance: getExtensionIndex(0xea5f7ac4:qcom.decoder.hevc, OMX.google.android.index.configureVideoTunnelMode) ERROR: NotImplemented(0x80001006)
04-25 22:24:33.321   922  1049 D MediaCodecInfo: detail feature-tunneled-playback wasn't present to remove
04-25 22:24:33.321   928  1050 E OMX-VDEC-1080P: Enable/Disable allocate-native-handle allowed only on input port!
04-25 22:24:33.321   928  1050 E OMX-VDEC-1080P: set_parameter: Error: 0x80001019, setting param 0x7f00005d
04-25 22:24:33.321   928  1050 E OMXNodeInstance: setParameter(0xea5f7ac4:qcom.decoder.hevc, OMX.google.android.index.allocateNativeHandle(0x7f00005d): Output:1 en=0) ERROR: UnsupportedSetting(0x80001019)
04-25 22:24:33.322   928  1050 I OMX-VDEC-1080P: omx_vdec::component_deinit() complete
04-25 22:24:33.324   928  1050 I OMX-VDEC-1080P: Exit OMX vdec Destructor: fd=7
04-25 22:24:33.324   928  1050 I OMX-VDEC-1080P: Video slvp perflock released
04-25 22:24:33.329   922  1049 I OMXClient: IOmx service obtained
04-25 22:24:33.329   928  1050 I OMXMaster: makeComponentInstance(OMX.qcom.video.decoder.hevc.secure) in android.hardwar process
04-25 22:24:33.324     0     0 I msm_vidc: info: Closed video instance: 0000000000000000
04-25 22:24:33.340   928  1050 I OMX-VDEC-1080P: Video slvp perflock acquired
04-25 22:24:33.341   928  1050 I OMX-VDEC-1080P: component_init: OMX.qcom.video.decoder.hevc : fd=7
04-25 22:24:33.341     0     0 I msm_vidc: info: Opening video instance: 0000000000000000, 1
04-25 22:24:33.348   928  1050 I OMX-VDEC-1080P: omx_vdec::component_init() success : fd=7
04-25 22:24:33.349   928  1050 E OMXNodeInstance: getParameter(0xea5f7ac4:qcom.decoder.hevc.secure, ??(0x7f000044)) ERROR: UnsupportedSetting(0x80001019)
04-25 22:24:33.350   928  1050 E OMXNodeInstance: getParameter(0xea5f7ac4:qcom.decoder.hevc.secure, ??(0x7f000044)) ERROR: UnsupportedSetting(0x80001019)
04-25 22:24:33.350   928  1050 E OMXNodeInstance: getExtensionIndex(0xea5f7ac4:qcom.decoder.hevc.secure, OMX.google.android.index.configureVideoTunnelMode) ERROR: NotImplemented(0x80001006)
04-25 22:24:33.350   922  1049 D MediaCodecInfo: detail feature-tunneled-playback wasn't present to remove
04-25 22:24:33.351   928  1050 E OMX-VDEC-1080P: Enable/Disable allocate-native-handle allowed only on input port!
04-25 22:24:33.351   928  1050 E OMX-VDEC-1080P: set_parameter: Error: 0x80001019, setting param 0x7f00005d
04-25 22:24:33.351   928  1050 E OMXNodeInstance: setParameter(0xea5f7ac4:qcom.decoder.hevc.secure, OMX.google.android.index.allocateNativeHandle(0x7f00005d): Output:1 en=0) ERROR: UnsupportedSetting(0x80001019)
04-25 22:24:33.351   928   928 I OMX-VDEC-1080P: omx_vdec::component_deinit() complete
04-25 22:24:33.352   928   928 E OMX-VDEC-1080P: Custom drain ioctl failed rc : -1, errno : 25
04-25 22:24:33.353     0     0 I msm_vidc: info: Closed video instance: 0000000000000000
04-25 22:24:33.353   928   928 I OMX-VDEC-1080P: Exit OMX vdec Destructor: fd=7
04-25 22:24:33.354   928   928 I OMX-VDEC-1080P: Video slvp perflock released
04-25 22:24:33.361   922  1049 I OMXClient: IOmx service obtained
04-25 22:24:33.361   928   928 I OMXMaster: makeComponentInstance(OMX.google.hevc.decoder) in android.hardwar process
04-25 22:24:33.366  1740  1740 E ContextImpl: 	at android.app.ActivityThread.setupGraphicsSupport(ActivityThread.java:6032)
04-25 22:24:33.372   928  1050 E OMXNodeInstance: getExtensionIndex(0xeac48540:google.hevc.decoder, OMX.google.android.index.configureVideoTunnelMode) ERROR: UnsupportedIndex(0x8000101a)
04-25 22:24:33.372   922  1049 D MediaCodecInfo: detail feature-tunneled-playback wasn't present to remove
04-25 22:24:33.372   928  1050 E OMXNodeInstance: getExtensionIndex(0xeac48540:google.hevc.decoder, OMX.google.android.index.enableAndroidNativeBuffers) ERROR: UnsupportedIndex(0x8000101a)
04-25 22:24:33.378   922  1049 I OMXClient: IOmx service obtained
04-25 22:24:33.379   928  1050 I OMXMaster: makeComponentInstance(OMX.qcom.video.decoder.mpeg2) in android.hardwar process
04-25 22:24:33.390   928  1050 I OMX-VDEC-1080P: Video slvp perflock acquired
04-25 22:24:33.390   928  1050 I OMX-VDEC-1080P: component_init: OMX.qcom.video.decoder.mpeg2 : fd=7
04-25 22:24:33.390     0     0 I msm_vidc: info: Opening video instance: 0000000000000000, 1
04-25 22:24:33.395   928  1050 I OMX-VDEC-1080P: omx_vdec::component_init() success : fd=7
04-25 22:24:33.401   928   928 E OMXNodeInstance: getParameter(0xea64f544:qcom.decoder.mpeg2, ??(0x7f000044)) ERROR: UnsupportedSetting(0x80001019)
04-25 22:24:33.401   928   928 E OMXNodeInstance: getParameter(0xea64f544:qcom.decoder.mpeg2, ??(0x7f000044)) ERROR: UnsupportedSetting(0x80001019)
04-25 22:24:33.402   928   928 E OMXNodeInstance: getExtensionIndex(0xea64f544:qcom.decoder.mpeg2, OMX.google.android.index.configureVideoTunnelMode) ERROR: NotImplemented(0x80001006)
04-25 22:24:33.402   922  1049 D MediaCodecInfo: detail feature-tunneled-playback wasn't present to remove
04-25 22:24:33.402   928   928 E OMX-VDEC-1080P: Enable/Disable allocate-native-handle allowed only on input port!
04-25 22:24:33.402   928   928 E OMX-VDEC-1080P: set_parameter: Error: 0x80001019, setting param 0x7f00005d
04-25 22:24:33.402   928   928 E OMXNodeInstance: setParameter(0xea64f544:qcom.decoder.mpeg2, OMX.google.android.index.allocateNativeHandle(0x7f00005d): Output:1 en=0) ERROR: UnsupportedSetting(0x80001019)
04-25 22:24:33.402   928   928 I OMX-VDEC-1080P: omx_vdec::component_deinit() complete
04-25 22:24:33.404   928   928 I OMX-VDEC-1080P: Exit OMX vdec Destructor: fd=7
04-25 22:24:33.404     0     0 I msm_vidc: info: Closed video instance: 0000000000000000
04-25 22:24:33.404   928   928 I OMX-VDEC-1080P: Video slvp perflock released
04-25 22:24:33.408   922  1049 I OMXClient: IOmx service obtained
04-25 22:24:33.409   928  1050 I OMXMaster: makeComponentInstance(OMX.qcom.video.decoder.mpeg4) in android.hardwar process
04-25 22:24:33.417   928  1050 I OMX-VDEC-1080P: Video slvp perflock acquired
04-25 22:24:33.418   928  1050 I OMX-VDEC-1080P: component_init: OMX.qcom.video.decoder.mpeg4 : fd=7
04-25 22:24:33.421   928  1050 I OMX-VDEC-1080P: omx_vdec::component_init() success : fd=7
04-25 22:24:33.422   928  1050 E OMXNodeInstance: getParameter(0xea65ee44:qcom.decoder.mpeg4, ??(0x7f000044)) ERROR: UnsupportedSetting(0x80001019)
04-25 22:24:33.418     0     0 I msm_vidc: info: Opening video instance: 0000000000000000, 1
04-25 22:24:33.423   928  1050 E OMXNodeInstance: getParameter(0xea65ee44:qcom.decoder.mpeg4, ??(0x7f000044)) ERROR: UnsupportedSetting(0x80001019)
04-25 22:24:33.423   928  1050 E OMXNodeInstance: getExtensionIndex(0xea65ee44:qcom.decoder.mpeg4, OMX.google.android.index.configureVideoTunnelMode) ERROR: NotImplemented(0x80001006)
04-25 22:24:33.423   922  1049 D MediaCodecInfo: detail feature-tunneled-playback wasn't present to remove
04-25 22:24:33.423   928  1050 E OMX-VDEC-1080P: Enable/Disable allocate-native-handle allowed only on input port!
04-25 22:24:33.423   928  1050 E OMX-VDEC-1080P: set_parameter: Error: 0x80001019, setting param 0x7f00005d
04-25 22:24:33.423   928  1050 E OMXNodeInstance: setParameter(0xea65ee44:qcom.decoder.mpeg4, OMX.google.android.index.allocateNativeHandle(0x7f00005d): Output:1 en=0) ERROR: UnsupportedSetting(0x80001019)
04-25 22:24:33.424   928  1050 I OMX-VDEC-1080P: omx_vdec::component_deinit() complete
04-25 22:24:33.425   928  1050 I OMX-VDEC-1080P: Exit OMX vdec Destructor: fd=7
04-25 22:24:33.426   928  1050 I OMX-VDEC-1080P: Video slvp perflock released
04-25 22:24:33.428   922  1049 I OMXClient: IOmx service obtained
04-25 22:24:33.429   928  1563 I OMXMaster: makeComponentInstance(OMX.google.mpeg4.decoder) in android.hardwar process
04-25 22:24:33.430   928  1563 E OMXNodeInstance: getExtensionIndex(0xeac48180:google.mpeg4.decoder, OMX.google.android.index.configureVideoTunnelMode) ERROR: UnsupportedIndex(0x8000101a)
04-25 22:24:33.425     0     0 I msm_vidc: info: Closed video instance: 0000000000000000
04-25 22:24:33.430   922  1049 D MediaCodecInfo: detail feature-tunneled-playback wasn't present to remove
04-25 22:24:33.431   928  1563 E OMXNodeInstance: getExtensionIndex(0xeac48180:google.mpeg4.decoder, OMX.google.android.index.enableAndroidNativeBuffers) ERROR: UnsupportedIndex(0x8000101a)
04-25 22:24:33.433   922  1049 I OMXClient: IOmx service obtained
04-25 22:24:33.433   928  1563 I OMXMaster: makeComponentInstance(OMX.qcom.video.decoder.vc1) in android.hardwar process
04-25 22:24:33.442   928  1563 I OMX-VDEC-1080P: Video slvp perflock acquired
04-25 22:24:33.442     0     0 I msm_vidc: info: Opening video instance: 0000000000000000, 1
04-25 22:24:33.442   928  1563 I OMX-VDEC-1080P: component_init: OMX.qcom.video.decoder.vc1 : fd=7
04-25 22:24:33.446   928  1563 I OMX-VDEC-1080P: omx_vdec::component_init() success : fd=7
04-25 22:24:33.446   928  1050 E OMX-VDEC-1080P: get_parameter: OMX_IndexParamVideoProfileLevelQuerySupported ret NoMore for codec: OMX.qcom.video.decoder.vc1
04-25 22:24:33.448   928   928 E OMXNodeInstance: getParameter(0xea66d504:qcom.decoder.vc1, ??(0x7f000044)) ERROR: UnsupportedSetting(0x80001019)
04-25 22:24:33.448   928   928 E OMXNodeInstance: getParameter(0xea66d504:qcom.decoder.vc1, ??(0x7f000044)) ERROR: UnsupportedSetting(0x80001019)
04-25 22:24:33.449   928   928 E OMXNodeInstance: getExtensionIndex(0xea66d504:qcom.decoder.vc1, OMX.google.android.index.configureVideoTunnelMode) ERROR: NotImplemented(0x80001006)
04-25 22:24:33.449   922  1049 D MediaCodecInfo: detail feature-tunneled-playback wasn't present to remove
04-25 22:24:33.449   928   928 E OMX-VDEC-1080P: Enable/Disable allocate-native-handle allowed only on input port!
04-25 22:24:33.449   928   928 E OMX-VDEC-1080P: set_parameter: Error: 0x80001019, setting param 0x7f00005d
04-25 22:24:33.449   928   928 E OMXNodeInstance: setParameter(0xea66d504:qcom.decoder.vc1, OMX.google.android.index.allocateNativeHandle(0x7f00005d): Output:1 en=0) ERROR: UnsupportedSetting(0x80001019)
04-25 22:24:33.450   928   928 I OMX-VDEC-1080P: omx_vdec::component_deinit() complete
04-25 22:24:33.453     0     0 I msm_vidc: info: Closed video instance: 0000000000000000
04-25 22:24:33.453   928   928 I OMX-VDEC-1080P: Exit OMX vdec Destructor: fd=7
04-25 22:24:33.456   928   928 I OMX-VDEC-1080P: Video slvp perflock released
04-25 22:24:33.462   922  1049 I OMXClient: IOmx service obtained
04-25 22:24:33.463   928  1563 I OMXMaster: makeComponentInstance(OMX.qcom.video.decoder.vc1.secure) in android.hardwar process
04-25 22:24:33.472   928  1563 I OMX-VDEC-1080P: Video slvp perflock acquired
04-25 22:24:33.473   928  1563 I OMX-VDEC-1080P: component_init: OMX.qcom.video.decoder.vc1 : fd=7
04-25 22:24:33.473     0     0 I msm_vidc: info: Opening video instance: 0000000000000000, 1
04-25 22:24:33.476   928  1563 I OMX-VDEC-1080P: omx_vdec::component_init() success : fd=7
04-25 22:24:33.477   928   928 E OMX-VDEC-1080P: get_parameter: OMX_IndexParamVideoProfileLevelQuerySupported ret NoMore for codec: OMX.qcom.video.decoder.vc1
04-25 22:24:33.478   928   928 E OMXNodeInstance: getParameter(0xea67cf44:qcom.decoder.vc1.secure, ??(0x7f000044)) ERROR: UnsupportedSetting(0x80001019)
04-25 22:24:33.478   928   928 E OMXNodeInstance: getParameter(0xea67cf44:qcom.decoder.vc1.secure, ??(0x7f000044)) ERROR: UnsupportedSetting(0x80001019)
04-25 22:24:33.478   928   928 E OMXNodeInstance: getExtensionIndex(0xea67cf44:qcom.decoder.vc1.secure, OMX.google.android.index.configureVideoTunnelMode) ERROR: NotImplemented(0x80001006)
04-25 22:24:33.478   922  1049 D MediaCodecInfo: detail feature-tunneled-playback wasn't present to remove
04-25 22:24:33.479   928   928 E OMX-VDEC-1080P: Enable/Disable allocate-native-handle allowed only on input port!
04-25 22:24:33.479   928   928 E OMX-VDEC-1080P: set_parameter: Error: 0x80001019, setting param 0x7f00005d
04-25 22:24:33.479   928   928 E OMXNodeInstance: setParameter(0xea67cf44:qcom.decoder.vc1.secure, OMX.google.android.index.allocateNativeHandle(0x7f00005d): Output:1 en=0) ERROR: UnsupportedSetting(0x80001019)
04-25 22:24:33.479   928   928 I OMX-VDEC-1080P: omx_vdec::component_deinit() complete
04-25 22:24:33.479   928   928 E OMX-VDEC-1080P: Custom drain ioctl failed rc : -1, errno : 25
04-25 22:24:33.481   928   928 I OMX-VDEC-1080P: Exit OMX vdec Destructor: fd=7
04-25 22:24:33.482   928   928 I OMX-VDEC-1080P: Video slvp perflock released
04-25 22:24:33.481     0     0 I msm_vidc: info: Closed video instance: 0000000000000000
04-25 22:24:33.486   922  1049 I OMXClient: IOmx service obtained
04-25 22:24:33.486   928  1050 I OMXMaster: makeComponentInstance(OMX.qcom.video.decoder.vp8) in android.hardwar process
04-25 22:24:33.496   928  1050 I OMX-VDEC-1080P: Video slvp perflock acquired
04-25 22:24:33.496   928  1050 I OMX-VDEC-1080P: component_init: OMX.qcom.video.decoder.vp8 : fd=7
04-25 22:24:33.496     0     0 I msm_vidc: info: Opening video instance: 0000000000000000, 1
04-25 22:24:33.503   928  1050 I OMX-VDEC-1080P: omx_vdec::component_init() success : fd=7
04-25 22:24:33.505   928   928 E OMXNodeInstance: getParameter(0xea65ee44:qcom.decoder.vp8, ??(0x7f000044)) ERROR: UnsupportedSetting(0x80001019)
04-25 22:24:33.505   928   928 E OMXNodeInstance: getParameter(0xea65ee44:qcom.decoder.vp8, ??(0x7f000044)) ERROR: UnsupportedSetting(0x80001019)
04-25 22:24:33.506   928   928 E OMXNodeInstance: getExtensionIndex(0xea65ee44:qcom.decoder.vp8, OMX.google.android.index.configureVideoTunnelMode) ERROR: NotImplemented(0x80001006)
04-25 22:24:33.506   922  1049 D MediaCodecInfo: detail feature-tunneled-playback wasn't present to remove
04-25 22:24:33.506   928   928 E OMX-VDEC-1080P: Enable/Disable allocate-native-handle allowed only on input port!
04-25 22:24:33.506   928   928 E OMX-VDEC-1080P: set_parameter: Error: 0x80001019, setting param 0x7f00005d
04-25 22:24:33.506   928   928 E OMXNodeInstance: setParameter(0xea65ee44:qcom.decoder.vp8, OMX.google.android.index.allocateNativeHandle(0x7f00005d): Output:1 en=0) ERROR: UnsupportedSetting(0x80001019)
04-25 22:24:33.506   928   928 I OMX-VDEC-1080P: omx_vdec::component_deinit() complete
04-25 22:24:33.508     0     0 I msm_vidc: info: Closed video instance: 0000000000000000
04-25 22:24:33.508   928   928 I OMX-VDEC-1080P: Exit OMX vdec Destructor: fd=7
04-25 22:24:33.508   928   928 I OMX-VDEC-1080P: Video slvp perflock released
04-25 22:24:33.512   922  1049 I OMXClient: IOmx service obtained
04-25 22:24:33.512   928  1050 I OMXMaster: makeComponentInstance(OMX.google.vp8.decoder) in android.hardwar process
04-25 22:24:33.531   928  1050 E OMXNodeInstance: getExtensionIndex(0xeac48000:google.vp8.decoder, OMX.google.android.index.configureVideoTunnelMode) ERROR: UnsupportedIndex(0x8000101a)
04-25 22:24:33.531   922  1049 D MediaCodecInfo: detail feature-tunneled-playback wasn't present to remove
04-25 22:24:33.531   928  1050 E OMXNodeInstance: getExtensionIndex(0xeac48000:google.vp8.decoder, OMX.google.android.index.enableAndroidNativeBuffers) ERROR: UnsupportedIndex(0x8000101a)
04-25 22:24:33.531  1238  1238 E AudioSystem-JNI: Command failed for android_media_AudioSystem_muteMicrophone: -38
04-25 22:24:33.534   922  1049 I OMXClient: IOmx service obtained
04-25 22:24:33.534   928   928 I OMXMaster: makeComponentInstance(OMX.qcom.video.decoder.vp9) in android.hardwar process
04-25 22:24:33.548   928   928 I OMX-VDEC-1080P: Video slvp perflock acquired
04-25 22:24:33.549   928   928 I OMX-VDEC-1080P: component_init: OMX.qcom.video.decoder.vp9 : fd=7
04-25 22:24:33.549     0     0 I msm_vidc: info: Opening video instance: 0000000000000000, 1
04-25 22:24:33.552   928   928 I OMX-VDEC-1080P: omx_vdec::component_init() success : fd=7
04-25 22:24:33.553   928   928 E OMXNodeInstance: getParameter(0xea65ee44:qcom.decoder.vp9, ??(0x7f000044)) ERROR: UnsupportedSetting(0x80001019)
04-25 22:24:33.553   928   928 E OMXNodeInstance: getParameter(0xea65ee44:qcom.decoder.vp9, ??(0x7f000044)) ERROR: UnsupportedSetting(0x80001019)
04-25 22:24:33.554   928   928 E OMXNodeInstance: getExtensionIndex(0xea65ee44:qcom.decoder.vp9, OMX.google.android.index.configureVideoTunnelMode) ERROR: NotImplemented(0x80001006)
04-25 22:24:33.554   922  1049 D MediaCodecInfo: detail feature-tunneled-playback wasn't present to remove
04-25 22:24:33.554   928   928 E OMX-VDEC-1080P: Enable/Disable allocate-native-handle allowed only on input port!
04-25 22:24:33.554   928   928 E OMX-VDEC-1080P: set_parameter: Error: 0x80001019, setting param 0x7f00005d
04-25 22:24:33.554   928   928 E OMXNodeInstance: setParameter(0xea65ee44:qcom.decoder.vp9, OMX.google.android.index.allocateNativeHandle(0x7f00005d): Output:1 en=0) ERROR: UnsupportedSetting(0x80001019)
04-25 22:24:33.554   928   928 I OMX-VDEC-1080P: omx_vdec::component_deinit() complete
04-25 22:24:33.556   928   928 I OMX-VDEC-1080P: Exit OMX vdec Destructor: fd=7
04-25 22:24:33.557   928   928 I OMX-VDEC-1080P: Video slvp perflock released
04-25 22:24:33.556     0     0 I msm_vidc: info: Closed video instance: 0000000000000000
04-25 22:24:33.561   922  1049 I OMXClient: IOmx service obtained
04-25 22:24:33.561   928  1050 I OMXMaster: makeComponentInstance(OMX.qcom.video.decoder.vp9.secure) in android.hardwar process
04-25 22:24:33.570   928  1050 I OMX-VDEC-1080P: Video slvp perflock acquired
04-25 22:24:33.571   928  1050 I OMX-VDEC-1080P: component_init: OMX.qcom.video.decoder.vp9 : fd=7
04-25 22:24:33.571     0     0 I msm_vidc: info: Opening video instance: 0000000000000000, 1
04-25 22:24:33.575   928  1050 I OMX-VDEC-1080P: omx_vdec::component_init() success : fd=7
04-25 22:24:33.577   928  1050 E OMXNodeInstance: getParameter(0xea310784:qcom.decoder.vp9.secure, ??(0x7f000044)) ERROR: UnsupportedSetting(0x80001019)
04-25 22:24:33.577   928  1050 E OMXNodeInstance: getParameter(0xea310784:qcom.decoder.vp9.secure, ??(0x7f000044)) ERROR: UnsupportedSetting(0x80001019)
04-25 22:24:33.578   928  1050 E OMXNodeInstance: getExtensionIndex(0xea310784:qcom.decoder.vp9.secure, OMX.google.android.index.configureVideoTunnelMode) ERROR: NotImplemented(0x80001006)
04-25 22:24:33.578   922  1049 D MediaCodecInfo: detail feature-tunneled-playback wasn't present to remove
04-25 22:24:33.578   928  1050 E OMX-VDEC-1080P: Enable/Disable allocate-native-handle allowed only on input port!
04-25 22:24:33.578   928  1050 E OMX-VDEC-1080P: set_parameter: Error: 0x80001019, setting param 0x7f00005d
04-25 22:24:33.578   928  1050 E OMXNodeInstance: setParameter(0xea310784:qcom.decoder.vp9.secure, OMX.google.android.index.allocateNativeHandle(0x7f00005d): Output:1 en=0) ERROR: UnsupportedSetting(0x80001019)
04-25 22:24:33.578   928  1050 I OMX-VDEC-1080P: omx_vdec::component_deinit() complete
04-25 22:24:33.578   928  1050 E OMX-VDEC-1080P: Custom drain ioctl failed rc : -1, errno : 25
04-25 22:24:33.581   928  1050 I OMX-VDEC-1080P: Exit OMX vdec Destructor: fd=7
04-25 22:24:33.582   928  1050 I OMX-VDEC-1080P: Video slvp perflock released
04-25 22:24:33.581     0     0 I msm_vidc: info: Closed video instance: 0000000000000000
04-25 22:24:33.585   922  1049 I OMXClient: IOmx service obtained
04-25 22:24:33.586   928   928 I OMXMaster: makeComponentInstance(OMX.google.vp9.decoder) in android.hardwar process
04-25 22:24:33.587   928   928 E OMXNodeInstance: getExtensionIndex(0xeac48300:google.vp9.decoder, OMX.google.android.index.configureVideoTunnelMode) ERROR: UnsupportedIndex(0x8000101a)
04-25 22:24:33.588   922  1049 D MediaCodecInfo: detail feature-tunneled-playback wasn't present to remove
04-25 22:24:33.588   928   928 E OMXNodeInstance: getExtensionIndex(0xeac48300:google.vp9.decoder, OMX.google.android.index.enableAndroidNativeBuffers) ERROR: UnsupportedIndex(0x8000101a)
04-25 22:24:33.589   922  1049 I OMXClient: IOmx service obtained
04-25 22:24:33.589   928   928 I OMXMaster: makeComponentInstance(OMX.qcom.video.encoder.avc) in android.hardwar process
04-25 22:24:33.602   928   928 I OMX-VENC: Video encode perflock acquired,handle=-1
04-25 22:24:33.602     0     0 I msm_vidc: info: Opening video instance: 0000000000000000, 0
04-25 22:24:33.610   928   928 I OMX-VENC: Component_init : OMX.qcom.video.encoder.avc : return = 0x0
04-25 22:24:33.612   922  1049 W OMXUtils: do not know color format 0x7fa30c04 = 2141391876
04-25 22:24:33.612   922  1049 W OMXUtils: do not know color format 0x7f000789 = 2130708361
04-25 22:24:33.616   928   928 I OMX-VENC: Component Deinit
04-25 22:24:33.616   928   928 I OMX-VENC: Video encode perflock released
04-25 22:24:33.616     0     0 I msm_vidc: info: Closed video instance: 0000000000000000
04-25 22:24:33.621   922  1049 I OMXClient: IOmx service obtained
04-25 22:24:33.621   928   928 I OMXMaster: makeComponentInstance(OMX.google.h264.encoder) in android.hardwar process
04-25 22:24:33.628   922  1049 W OMXUtils: do not know color format 0x7f000789 = 2130708361
04-25 22:24:33.631   922  1049 I OMXClient: IOmx service obtained
04-25 22:24:33.631   928   928 I OMXMaster: makeComponentInstance(OMX.qcom.video.encoder.h263) in android.hardwar process
04-25 22:24:33.639   928   928 I OMX-VENC: Video encode perflock acquired,handle=-1
04-25 22:24:33.639     0     0 I msm_vidc: info: Opening video instance: 0000000000000000, 0
04-25 22:24:33.650   928   928 I OMX-VENC: Component_init : OMX.qcom.video.encoder.h263 : return = 0x0
04-25 22:24:33.652   922  1049 W OMXUtils: do not know color format 0x7fa30c04 = 2141391876
04-25 22:24:33.652   922  1049 W OMXUtils: do not know color format 0x7f000789 = 2130708361
04-25 22:24:33.658   928  1050 I OMX-VENC: Component Deinit
04-25 22:24:33.658   928  1050 I OMX-VENC: Video encode perflock released
04-25 22:24:33.658     0     0 I msm_vidc: info: Closed video instance: 0000000000000000
04-25 22:24:33.661   922  1049 I OMXClient: IOmx service obtained
04-25 22:24:33.661   928  1050 I OMXMaster: makeComponentInstance(OMX.google.h263.encoder) in android.hardwar process
04-25 22:24:33.667   922  1049 W OMXUtils: do not know color format 0x7f000789 = 2130708361
04-25 22:24:33.668   928   928 E OMXNodeInstance: getConfig(0xeac48000:google.h263.encoder, ConfigAndroidIntraRefresh(0x6f60000a)) ERROR: Undefined(0x80001001)
04-25 22:24:33.668   928   928 E OMXNodeInstance: getParameter(0xeac48000:google.h263.encoder, ParamVideoIntraRefresh(0x6000006)) ERROR: UnsupportedIndex(0x8000101a)
04-25 22:24:33.668   922  1049 D MediaCodecInfo: detail feature-frame-parsing wasn't present to remove
04-25 22:24:33.671   922  1049 I OMXClient: IOmx service obtained
04-25 22:24:33.671   928   928 I OMXMaster: makeComponentInstance(OMX.qcom.video.encoder.hevc) in android.hardwar process
04-25 22:24:33.678   928   928 I OMX-VENC: Video encode perflock acquired,handle=-1
