04-25 22:24:34.001   922  1049 I MediaCodecsXmlParser: limit: measured-frame-rate-320x240-range = 295-310
04-25 22:24:34.001   922  1049 I MediaCodecsXmlParser: limit: measured-frame-rate-720x480-range = 25-50
04-25 22:24:34.001   922  1049 I MediaCodecsXmlParser: limit: measured-frame-rate-1280x720-range = 22-44
04-25 22:24:34.001   922  1049 I MediaCodecsXmlParser: limit: measured-frame-rate-1920x1080-range = 16-30
04-25 22:24:34.001   922  1049 I MediaCodecsXmlParser: limit: measured-frame-rate-176x144-range = 350-365
04-25 22:24:34.001   922  1049 I MediaCodecsXmlParser: limit: measured-frame-rate-176x144-range = 190-290
04-25 22:24:34.001   922  1049 I MediaCodecsXmlParser: limit: measured-frame-rate-176x144-range = 385-385
04-25 22:24:34.001   922  1049 I MediaCodecsXmlParser: limit: measured-frame-rate-176x144-range = 350-360
04-25 22:24:34.001   922  1049 I MediaCodecsXmlParser: limit: measured-frame-rate-320x240-range = 13-21
04-25 22:24:34.001   922  1049 I MediaCodecsXmlParser: limit: measured-frame-rate-720x480-range = 13-21
04-25 22:24:34.001   922  1049 I MediaCodecsXmlParser: limit: measured-frame-rate-320x180-range = 100-120
04-25 22:24:34.001   922  1049 I MediaCodecsXmlParser: limit: measured-frame-rate-640x360-range = 45-50
04-25 22:24:34.001   922  1049 I MediaCodecsXmlParser: limit: measured-frame-rate-1280x720-range = 30-35
04-25 22:24:34.001   922  1049 I MediaCodecsXmlParser: limit: measured-frame-rate-1920x1080-range = 20-30
04-25 22:24:34.001   922  1049 I MediaCodecsXmlParser: limit: measured-frame-rate-320x180-range = 140-180
04-25 22:24:34.001   922  1049 I MediaCodecsXmlParser: limit: measured-frame-rate-640x360-range = 45-60
04-25 22:24:34.001   922  1049 I MediaCodecsXmlParser: limit: measured-frame-rate-1280x720-range = 12-15
04-25 22:24:34.001   922  1049 I MediaCodecsXmlParser: limit: measured-frame-rate-320x180-range = 87-175
04-25 22:24:34.001   922  1049 I MediaCodecsXmlParser: limit: measured-frame-rate-640x360-range = 49-98
04-25 22:24:34.001   922  1049 I MediaCodecsXmlParser: limit: measured-frame-rate-1280x720-range = 17-34
04-25 22:24:34.001   922  1049 I MediaCodecsXmlParser: limit: measured-frame-rate-1920x1080-range = 7-15
04-25 22:24:34.001   922  1049 I MediaCodecsXmlParser: limit: measured-frame-rate-320x240-range = 555-566
04-25 22:24:34.001   922  1049 I MediaCodecsXmlParser: limit: measured-frame-rate-720x480-range = 239-239
04-25 22:24:34.001   922  1049 I MediaCodecsXmlParser: limit: measured-frame-rate-1280x720-range = 197-197
04-25 22:24:34.001   922  1049 I MediaCodecsXmlParser: limit: measured-frame-rate-1920x1088-range = 198-199
04-25 22:24:34.001   922  1049 I MediaCodecsXmlParser: limit: measured-frame-rate-352x288-range = 650-655
04-25 22:24:34.001   922  1049 I MediaCodecsXmlParser: limit: measured-frame-rate-640x360-range = 395-398
04-25 22:24:34.001   922  1049 I MediaCodecsXmlParser: limit: measured-frame-rate-720x480-range = 300-304
04-25 22:24:34.001   922  1049 I MediaCodecsXmlParser: limit: measured-frame-rate-1280x720-range = 241-241
04-25 22:24:34.001   922  1049 I MediaCodecsXmlParser: limit: measured-frame-rate-1920x1088-range = 224-226
04-25 22:24:34.001   922  1049 I MediaCodecsXmlParser: limit: measured-frame-rate-3840x2160-range = 30-40
04-25 22:24:34.001   922  1049 I MediaCodecsXmlParser: limit: measured-frame-rate-176x144-range = 890-898
04-25 22:24:34.001   922  1049 I MediaCodecsXmlParser: limit: measured-frame-rate-352x288-range = 840-850
04-25 22:24:34.001   922  1049 I MediaCodecsXmlParser: limit: measured-frame-rate-176x144-range = 850-875
04-25 22:24:34.001   922  1049 I MediaCodecsXmlParser: limit: measured-frame-rate-480x360-range = 766-794
04-25 22:24:34.001   922  1049 I MediaCodecsXmlParser: limit: measured-frame-rate-320x180-range = 680-696
04-25 22:24:34.001   922  1049 I MediaCodecsXmlParser: limit: measured-frame-rate-640x360-range = 400-415
04-25 22:24:34.001   922  1049 I MediaCodecsXmlParser: limit: measured-frame-rate-1280x720-range = 350-358
04-25 22:24:34.001   922  1049 I MediaCodecsXmlParser: limit: measured-frame-rate-1920x1080-range = 199-199
04-25 22:24:34.001   922  1049 I MediaCodecsXmlParser: limit: measured-frame-rate-320x180-range = 500-524
04-25 22:24:34.001   922  1049 I MediaCodecsXmlParser: limit: measured-frame-rate-640x360-range = 360-366
04-25 22:24:34.001   922  1049 I MediaCodecsXmlParser: limit: measured-frame-rate-1280x720-range = 190-210
04-25 22:24:34.001   922  1049 I MediaCodecsXmlParser: limit: measured-frame-rate-1920x1080-range = 170-190
04-25 22:24:34.002   922  1049 I MediaCodecsXmlParser: limit: measured-frame-rate-3840x2160-range = 48-48
04-25 22:24:34.002   922  1049 I MediaCodecsXmlParser: limit: measured-frame-rate-320x240-range = 320-350
04-25 22:24:34.002   922  1049 I MediaCodecsXmlParser: limit: measured-frame-rate-720x480-range = 100-130
04-25 22:24:34.002   922  1049 I MediaCodecsXmlParser: limit: measured-frame-rate-1280x720-range = 50-58
04-25 22:24:34.002   922  1049 I MediaCodecsXmlParser: limit: measured-frame-rate-1920x1080-range = 20-30
04-25 22:24:34.002   922  1049 I MediaCodecsXmlParser: limit: measured-frame-rate-320x240-range = 233-236
04-25 22:24:34.002   922  1049 I MediaCodecsXmlParser: limit: measured-frame-rate-720x480-range = 24-48
04-25 22:24:34.002   922  1049 I MediaCodecsXmlParser: limit: measured-frame-rate-1280x720-range = 13-19
04-25 22:24:34.002   922  1049 I MediaCodecsXmlParser: limit: measured-frame-rate-1920x1080-range = 5-10
04-25 22:24:34.002   922  1049 I MediaCodecsXmlParser: limit: measured-frame-rate-352x288-range = 458-458
04-25 22:24:34.002   922  1049 I MediaCodecsXmlParser: limit: measured-frame-rate-640x360-range = 210-215
04-25 22:24:34.002   922  1049 I MediaCodecsXmlParser: limit: measured-frame-rate-720x480-range = 120-125
04-25 22:24:34.002   922  1049 I MediaCodecsXmlParser: limit: measured-frame-rate-1280x720-range = 70-85
04-25 22:24:34.002   922  1049 I MediaCodecsXmlParser: limit: measured-frame-rate-1920x1080-range = 45-48
04-25 22:24:34.002   922  1049 I MediaCodecsXmlParser: limit: measured-frame-rate-352x288-range = 250-258
04-25 22:24:34.002   922  1049 I MediaCodecsXmlParser: limit: measured-frame-rate-640x360-range = 110-114
04-25 22:24:34.002   922  1049 I MediaCodecsXmlParser: limit: measured-frame-rate-720x480-range = 126-128
04-25 22:24:34.002   922  1049 I MediaCodecsXmlParser: limit: measured-frame-rate-1280x720-range = 50-55
04-25 22:24:34.002   922  1049 I MediaCodecsXmlParser: limit: measured-frame-rate-1920x1080-range = 35-36
04-25 22:24:34.002   922  1049 I MediaCodecsXmlParser: limit: measured-frame-rate-176x144-range = 190-210
04-25 22:24:34.002   922  1049 I MediaCodecsXmlParser: limit: measured-frame-rate-352x288-range = 170-182
04-25 22:24:34.002   922  1049 I MediaCodecsXmlParser: limit: measured-frame-rate-176x144-range = 650-710
04-25 22:24:34.002   922  1049 I MediaCodecsXmlParser: limit: measured-frame-rate-352x288-range = 370-481
04-25 22:24:34.002   922  1049 I MediaCodecsXmlParser: limit: measured-frame-rate-320x240-range = 575-580
04-25 22:24:34.002   922  1049 I MediaCodecsXmlParser: limit: measured-frame-rate-640x360-range = 200-220
04-25 22:24:34.002   922  1049 I MediaCodecsXmlParser: limit: measured-frame-rate-1280x720-range = 45-55
04-25 22:24:34.002   922  1049 I MediaCodecsXmlParser: limit: measured-frame-rate-1920x1080-range = 18-22
04-25 22:24:34.002   922  1049 I MediaCodecsXmlParser: limit: measured-frame-rate-320x180-range = 480-490
04-25 22:24:34.002   922  1049 I MediaCodecsXmlParser: limit: measured-frame-rate-640x360-range = 199-201
04-25 22:24:34.002   922  1049 I MediaCodecsXmlParser: limit: measured-frame-rate-1280x720-range = 22-45
04-25 22:24:34.002   922  1049 I MediaCodecsXmlParser: limit: measured-frame-rate-1920x1080-range = 11-22
04-25 22:24:34.002   922  1049 I MediaCodecsXmlParser: limit: measured-frame-rate-320x240-range = 580-604
04-25 22:24:34.002   922  1049 I MediaCodecsXmlParser: limit: measured-frame-rate-640x360-range = 180-185
04-25 22:24:34.002   922  1049 I MediaCodecsXmlParser: limit: measured-frame-rate-1280x720-range = 88-92
04-25 22:24:34.002   922  1049 I MediaCodecsXmlParser: limit: measured-frame-rate-1920x1080-range = 47-52
04-25 22:24:34.002   922  1049 I MediaCodecsXmlParser: limit: measured-frame-rate-320x180-range = 290-294
04-25 22:24:34.002   922  1049 I MediaCodecsXmlParser: limit: measured-frame-rate-320x240-range = 48-96
04-25 22:24:34.002   922  1049 I MediaCodecsXmlParser: limit: measured-frame-rate-640x360-range = 130-134
04-25 22:24:34.002   922  1049 I MediaCodecsXmlParser: limit: measured-frame-rate-1280x720-range = 65-70
04-25 22:24:34.002   922  1049 I MediaCodecsXmlParser: limit: measured-frame-rate-1920x1080-range = 40-45
04-25 22:24:34.002   922  1049 I MediaCodecsXmlParser: limit: measured-frame-rate-176x144-range = 380-400
04-25 22:24:34.002   922  1049 I MediaCodecsXmlParser: limit: measured-frame-rate-176x144-range = 700-715
04-25 22:24:34.008   922  1049 I Codec2InfoBuilder: adding type 'audio/mp4a-latm'
04-25 22:24:34.012   922  1049 I Codec2InfoBuilder: adding type 'audio/mp4a-latm'
04-25 22:24:34.016   922  1049 I Codec2InfoBuilder: adding type 'audio/3gpp'
04-25 22:24:34.020   922  1049 I Codec2InfoBuilder: adding type 'audio/3gpp'
04-25 22:24:34.023   922  1049 I Codec2InfoBuilder: adding type 'audio/amr-wb'
04-25 22:24:34.025   922  1049 I Codec2InfoBuilder: adding type 'audio/amr-wb'
04-25 22:24:34.031  1465  1465 D KeyguardUpdateMonitor: received broadcast android.media.RINGER_MODE_CHANGED
04-25 22:24:34.034   922  1049 I Codec2InfoBuilder: adding type 'video/av01'
04-25 22:24:34.038   922  1049 I Codec2InfoBuilder: adding type 'video/avc'
04-25 22:24:34.047   978  1979 I /apex/com.android.media.swcodec/bin/mediaswcodec: missing struct descriptor #Param::CoreIndex(--004) for field values of struct #Param::CoreIndex(F-12004)
04-25 22:24:34.048   978  1979 I /apex/com.android.media.swcodec/bin/mediaswcodec: missing struct descriptor #Param::CoreIndex(--004) for field values of struct #Param::CoreIndex(F-12004)
04-25 22:24:34.049   922  1049 I Codec2InfoBuilder: adding type 'video/avc'
04-25 22:24:34.054   922  1049 I Codec2InfoBuilder: adding type 'audio/flac'
04-25 22:24:34.059   922  1049 I Codec2InfoBuilder: adding type 'audio/flac'
04-25 22:24:34.063   922  1049 I Codec2InfoBuilder: adding type 'audio/g711-alaw'
04-25 22:24:34.067   922  1049 I Codec2InfoBuilder: adding type 'audio/g711-mlaw'
04-25 22:24:34.071   922  1049 D Codec2InfoBuilder: codec entry for 'c2.android.gsm.decoder' is disabled
04-25 22:24:34.076   922  1049 I Codec2InfoBuilder: adding type 'video/3gpp'
04-25 22:24:34.081   922  1049 I Codec2InfoBuilder: adding type 'video/3gpp'
04-25 22:24:34.086   922  1049 I Codec2InfoBuilder: adding type 'video/hevc'
04-25 22:24:34.091   922  1049 I Codec2InfoBuilder: adding type 'video/hevc'
04-25 22:24:34.096   922  1049 I Codec2InfoBuilder: adding type 'audio/mpeg'
04-25 22:24:34.100   922  1049 D Codec2InfoBuilder: codec entry for 'c2.android.mpeg2.decoder' is disabled
04-25 22:24:34.104   922  1049 I Codec2InfoBuilder: adding type 'video/mp4v-es'
04-25 22:24:34.109   922  1049 I Codec2InfoBuilder: adding type 'video/mp4v-es'
04-25 22:24:34.114   922  1049 I Codec2InfoBuilder: adding type 'audio/opus'
04-25 22:24:34.118   922  1049 I Codec2InfoBuilder: adding type 'audio/opus'
04-25 22:24:34.122   922  1049 I Codec2InfoBuilder: adding type 'audio/raw'
04-25 22:24:34.126   922  1049 I Codec2InfoBuilder: adding type 'audio/vorbis'
04-25 22:24:34.130   922  1049 I Codec2InfoBuilder: adding type 'video/x-vnd.on2.vp8'
04-25 22:24:34.134   922  1049 I Codec2InfoBuilder: adding type 'video/x-vnd.on2.vp8'
04-25 22:24:34.139   922  1049 I Codec2InfoBuilder: adding type 'video/x-vnd.on2.vp9'
04-25 22:24:34.145   922  1049 I Codec2InfoBuilder: adding type 'video/x-vnd.on2.vp9'
04-25 22:24:34.150  1465  1641 I OMXClient: IOmx service obtained
04-25 22:24:34.150   928   928 I OMXMaster: makeComponentInstance(OMX.google.vorbis.decoder) in android.hardwar process
04-25 22:24:34.150  1238  1491 I OMXClient: IOmx service obtained
04-25 22:24:34.152   928  1050 I OMXMaster: makeComponentInstance(OMX.google.vorbis.decoder) in android.hardwar process
04-25 22:24:34.153   928  1563 E OMXNodeInstance: getConfig(0xeac48300:google.vorbis.decoder, ConfigAndroidVendorExtension(0x6f100004)) ERROR: Undefined(0x80001001)
04-25 22:24:34.154   928  1052 E OMXNodeInstance: getConfig(0xeac48180:google.vorbis.decoder, ConfigAndroidVendorExtension(0x6f100004)) ERROR: Undefined(0x80001001)
04-25 22:24:34.154  1465  1641 W ExtendedACodec: Failed to get extension for extradata parameter
04-25 22:24:34.154  1238  1491 W ExtendedACodec: Failed to get extension for extradata parameter
04-25 22:24:34.179   920  1388 D MediaBufferGroup: creating MemoryDealer
04-25 22:24:34.181   920  1388 D MediaBufferGroup: creating MemoryDealer
04-25 22:24:34.214   920  1388 I MMParserExtractor: Created(0x27e9e14c90)
04-25 22:24:34.216   920   920 I MMParserExtractor: Created(0x27e9e15b70)
04-25 22:24:34.219  1238  1990 I OMXClient: IOmx service obtained
04-25 22:24:34.220   928  1986 I OMXMaster: makeComponentInstance(OMX.google.vorbis.decoder) in android.hardwar process
04-25 22:24:34.222  1465  1991 I OMXClient: IOmx service obtained
04-25 22:24:34.222   928  1988 I OMXMaster: makeComponentInstance(OMX.google.vorbis.decoder) in android.hardwar process
04-25 22:24:34.223   928  1986 E OMXNodeInstance: getConfig(0xeac48180:google.vorbis.decoder, ConfigAndroidVendorExtension(0x6f100004)) ERROR: Undefined(0x80001001)
04-25 22:24:34.223  1238  1990 W ExtendedACodec: Failed to get extension for extradata parameter
04-25 22:24:34.225   928  1988 E OMXNodeInstance: getConfig(0xeac48300:google.vorbis.decoder, ConfigAndroidVendorExtension(0x6f100004)) ERROR: Undefined(0x80001001)
04-25 22:24:34.225  1465  1991 W ExtendedACodec: Failed to get extension for extradata parameter
04-25 22:24:34.232   920   920 D MediaBufferGroup: creating MemoryDealer
04-25 22:24:34.239   920   920 D MediaBufferGroup: creating MemoryDealer
04-25 22:24:34.259   920   920 I MMParserExtractor: Created(0x27e9e16a50)
04-25 22:24:34.264  1238  1997 I OMXClient: IOmx service obtained
04-25 22:24:34.265   928   928 I OMXMaster: makeComponentInstance(OMX.google.vorbis.decoder) in android.hardwar process
04-25 22:24:34.267   928   928 E OMXNodeInstance: getConfig(0xeac48180:google.vorbis.decoder, ConfigAndroidVendorExtension(0x6f100004)) ERROR: Undefined(0x80001001)
04-25 22:24:34.268  1238  1997 W ExtendedACodec: Failed to get extension for extradata parameter
04-25 22:24:34.274   920  1388 I MMParserExtractor: Created(0x27e9e10bd0)
04-25 22:24:34.277   920   920 D MediaBufferGroup: creating MemoryDealer
04-25 22:24:34.279  1465  2001 I OMXClient: IOmx service obtained
04-25 22:24:34.280   928   928 I OMXMaster: makeComponentInstance(OMX.google.vorbis.decoder) in android.hardwar process
04-25 22:24:34.282   928   928 E OMXNodeInstance: getConfig(0xeac482a0:google.vorbis.decoder, ConfigAndroidVendorExtension(0x6f100004)) ERROR: Undefined(0x80001001)
04-25 22:24:34.283  1465  2001 W ExtendedACodec: Failed to get extension for extradata parameter
04-25 22:24:34.294   920  1388 D MediaBufferGroup: creating MemoryDealer
04-25 22:24:34.314   920  1388 I MMParserExtractor: Created(0x27e9e1ddd0)
04-25 22:24:34.318  1238  2004 I OMXClient: IOmx service obtained
04-25 22:24:34.319   928  1988 I OMXMaster: makeComponentInstance(OMX.google.vorbis.decoder) in android.hardwar process
04-25 22:24:34.321   928  1988 E OMXNodeInstance: getConfig(0xeac48060:google.vorbis.decoder, ConfigAndroidVendorExtension(0x6f100004)) ERROR: Undefined(0x80001001)
04-25 22:24:34.321  1238  2004 W ExtendedACodec: Failed to get extension for extradata parameter
04-25 22:24:34.328   920  1388 D MediaBufferGroup: creating MemoryDealer
04-25 22:24:34.342   920   920 I MMParserExtractor: Created(0x27e9e15550)
04-25 22:24:34.347  1238  2007 I OMXClient: IOmx service obtained
04-25 22:24:34.348   928  1988 I OMXMaster: makeComponentInstance(OMX.google.vorbis.decoder) in android.hardwar process
04-25 22:24:34.350   928  1988 E OMXNodeInstance: getConfig(0xeac48060:google.vorbis.decoder, ConfigAndroidVendorExtension(0x6f100004)) ERROR: Undefined(0x80001001)
04-25 22:24:34.351  1238  2007 W ExtendedACodec: Failed to get extension for extradata parameter
04-25 22:24:34.358   920   920 D MediaBufferGroup: creating MemoryDealer
04-25 22:24:34.379   920  1388 I MMParserExtractor: Created(0x27e9e1c390)
04-25 22:24:34.387  1238  2011 I OMXClient: IOmx service obtained
04-25 22:24:34.388   928  1988 I OMXMaster: makeComponentInstance(OMX.google.vorbis.decoder) in android.hardwar process
04-25 22:24:34.391   928  1988 E OMXNodeInstance: getConfig(0xeac48060:google.vorbis.decoder, ConfigAndroidVendorExtension(0x6f100004)) ERROR: Undefined(0x80001001)
04-25 22:24:34.392  1238  2011 W ExtendedACodec: Failed to get extension for extradata parameter
04-25 22:24:34.399   920  1388 D MediaBufferGroup: creating MemoryDealer
04-25 22:24:34.697  1238  1274 I ActivityManager: Force stopping com.android.providers.media appid=10044 user=-1: vold reset
04-25 22:24:34.719     0     0 I sdcardfs: dev_name -> /data/media
04-25 22:24:34.719     0     0 I sdcardfs: mounted on top of /data/media type ext4
04-25 22:24:34.759   502   604 D vold    : Preparing: /data/media/0
04-25 22:24:34.760   908  1363 D installd: Found storage mount /data/media at /mnt/runtime/default/emulated
04-25 22:24:34.771   502   604 I vold    : Found policy 708be15730c3f630 at /data/media/0 which matches expected value
04-25 22:24:35.294  1238  1274 D SystemServiceManager: onUnlockUser-0 com.android.server.media.MediaSessionService took to complete: 0ms
04-25 22:24:35.294  1238  1274 D SystemServiceManager: onUnlockUser-0 com.android.server.media.MediaResourceMonitorService took to complete: 0ms
04-25 22:24:35.294  1238  1274 D SystemServiceManager: onUnlockUser-0 com.android.server.media.projection.MediaProjectionManagerService took to complete: 0ms
04-25 22:24:35.528  1238  1353 D MediaSessionService: The callback android.media.session.ICallback$Stub$Proxy@9619dc4 is set by org.codeaurora.bluetooth
04-25 22:24:35.592  1445  1445 W A2dpCodecConfig: Disable Aptx Adaptive. Entry not present in offload property
04-25 22:24:35.593  1445  1445 I A2dpCodecConfig: Aptx Adaptive priority: -1
04-25 22:24:35.613  1445  2276 I bt_osi_thread: run_thread: thread id 2276, thread name media_worker started
04-25 22:24:35.615  1445  1445 D a2dp_codec: createCodec: codec SBC
04-25 22:24:35.615  1445  1445 D a2dp_sbc: A2dpCodecConfigSbc
04-25 22:24:35.615  1445  1445 D a2dp_codec: createCodec: codec AAC
04-25 22:24:35.615  1445  1445 D a2dp_codec: createCodec: codec aptX
04-25 22:24:35.615  1445  1445 D a2dp_codec: createCodec: codec aptX-HD
04-25 22:24:35.615  1445  1445 D a2dp_codec: createCodec: codec aptX-adaptive
04-25 22:24:35.615  1445  1445 D a2dp_codec: createCodec: codec LDAC
04-25 22:24:35.615  1445  1445 D a2dp_codec: createCodec: codec aptX-TWS
04-25 22:24:35.615  1445  1445 D a2dp_codec: createCodec: codec SBC SINK
04-25 22:24:35.615  1445  1445 D a2dp_codec: createCodec: codec UNKNOWN CODEC INDEX
04-25 22:24:35.615  1445  1445 D a2dp_codec: createCodec: codec UNKNOWN CODEC INDEX
04-25 22:24:35.615  1445  1445 D a2dp_codec: createCodec: codec SBC
04-25 22:24:35.615  1445  1445 D a2dp_sbc: A2dpCodecConfigSbc
04-25 22:24:35.615  1445  1445 D a2dp_codec: createCodec: codec AAC
04-25 22:24:35.615  1445  1445 D a2dp_codec: createCodec: codec aptX
04-25 22:24:35.615  1445  1445 D a2dp_codec: createCodec: codec aptX-HD
04-25 22:24:35.615  1445  1445 D a2dp_codec: createCodec: codec aptX-adaptive
04-25 22:24:35.615  1445  1445 D a2dp_codec: createCodec: codec LDAC
04-25 22:24:35.615  1445  1445 D a2dp_codec: createCodec: codec aptX-TWS
04-25 22:24:35.615  1445  1445 D a2dp_codec: createCodec: codec SBC SINK
04-25 22:24:35.615  1445  1445 D a2dp_codec: createCodec: codec UNKNOWN CODEC INDEX
04-25 22:24:35.615  1445  1445 D a2dp_codec: createCodec: codec UNKNOWN CODEC INDEX
04-25 22:24:35.615  1445  1445 D a2dp_codec: createCodec: codec SBC
04-25 22:24:35.615  1445  1445 D a2dp_sbc: A2dpCodecConfigSbc
04-25 22:24:35.615  1445  1445 D a2dp_codec: createCodec: codec AAC
04-25 22:24:35.615  1445  1445 D a2dp_codec: createCodec: codec aptX
04-25 22:24:35.615  1445  1445 D a2dp_codec: createCodec: codec aptX-HD
04-25 22:24:35.615  1445  1445 D a2dp_codec: createCodec: codec aptX-adaptive
04-25 22:24:35.615  1445  1445 D a2dp_codec: createCodec: codec LDAC
04-25 22:24:35.615  1445  1445 D a2dp_codec: createCodec: codec aptX-TWS
04-25 22:24:35.615  1445  1445 D a2dp_codec: createCodec: codec SBC SINK
04-25 22:24:35.615  1445  1445 D a2dp_codec: createCodec: codec UNKNOWN CODEC INDEX
04-25 22:24:35.615  1445  1445 D a2dp_codec: createCodec: codec UNKNOWN CODEC INDEX
04-25 22:24:35.615  1445  1445 D a2dp_codec: createCodec: codec SBC
04-25 22:24:35.615  1445  1445 D a2dp_sbc: A2dpCodecConfigSbc
04-25 22:24:35.615  1445  1445 D a2dp_codec: createCodec: codec AAC
04-25 22:24:35.615  1445  1445 D a2dp_codec: createCodec: codec aptX
04-25 22:24:35.615  1445  1445 D a2dp_codec: createCodec: codec aptX-HD
04-25 22:24:35.615  1445  1445 D a2dp_codec: createCodec: codec aptX-adaptive
04-25 22:24:35.615  1445  1445 D a2dp_codec: createCodec: codec LDAC
04-25 22:24:35.615  1445  1445 D a2dp_codec: createCodec: codec aptX-TWS
04-25 22:24:35.615  1445  1445 D a2dp_codec: createCodec: codec SBC SINK
04-25 22:24:35.615  1445  1445 D a2dp_codec: createCodec: codec UNKNOWN CODEC INDEX
04-25 22:24:35.615  1445  1445 D a2dp_codec: createCodec: codec UNKNOWN CODEC INDEX
04-25 22:24:35.615  1445  1445 D a2dp_codec: createCodec: codec SBC
04-25 22:24:35.615  1445  1445 D a2dp_sbc: A2dpCodecConfigSbc
04-25 22:24:35.615  1445  1445 D a2dp_codec: createCodec: codec AAC
04-25 22:24:35.616  1445  1445 D a2dp_codec: createCodec: codec aptX
04-25 22:24:35.616  1445  1445 D a2dp_codec: createCodec: codec aptX-HD
04-25 22:24:35.616  1445  1445 D a2dp_codec: createCodec: codec aptX-adaptive
04-25 22:24:35.616  1445  1445 D a2dp_codec: createCodec: codec LDAC
04-25 22:24:35.616  1445  1445 D a2dp_codec: createCodec: codec aptX-TWS
04-25 22:24:35.616  1445  1445 D a2dp_codec: createCodec: codec SBC SINK
04-25 22:24:35.616  1445  1445 D a2dp_codec: createCodec: codec UNKNOWN CODEC INDEX
04-25 22:24:35.616  1445  1445 D a2dp_codec: createCodec: codec UNKNOWN CODEC INDEX
04-25 22:24:35.616  1445  1445 E bt_btif : btif_media_send_reset_vendor_state:
04-25 22:24:35.616  1445  1445 E bt_btif : btif_media_send_reset_vendor_state:
04-25 22:24:35.616  1445  1445 D a2dp_codec: createCodec: codec SBC
04-25 22:24:35.616  1445  1445 D a2dp_sbc: A2dpCodecConfigSbc
04-25 22:24:35.616  1445  1445 D a2dp_codec: createCodec: codec AAC
04-25 22:24:35.616  1445  1445 D a2dp_codec: createCodec: codec aptX
04-25 22:24:35.616  1445  1445 D a2dp_codec: createCodec: codec aptX-HD
04-25 22:24:35.616  1445  1445 D a2dp_codec: createCodec: codec aptX-adaptive
04-25 22:24:35.616  1445  1445 D a2dp_codec: createCodec: codec LDAC
04-25 22:24:35.616  1445  1445 D a2dp_codec: createCodec: codec aptX-TWS
04-25 22:24:35.616  1445  1445 D a2dp_codec: createCodec: codec SBC SINK
04-25 22:24:35.616  1445  1445 D a2dp_codec: createCodec: codec UNKNOWN CODEC INDEX
04-25 22:24:35.616  1445  1445 D a2dp_codec: createCodec: codec UNKNOWN CODEC INDEX
04-25 22:24:35.616  1445  1445 D a2dp_codec: createCodec: codec SBC
04-25 22:24:35.616  1445  1445 D a2dp_sbc: A2dpCodecConfigSbc
04-25 22:24:35.616  1445  1445 D a2dp_codec: createCodec: codec AAC
04-25 22:24:35.616  1445  1445 D a2dp_codec: createCodec: codec aptX
04-25 22:24:35.616  1445  1445 D a2dp_codec: createCodec: codec aptX-HD
04-25 22:24:35.616  1445  1445 D a2dp_codec: createCodec: codec aptX-adaptive
04-25 22:24:35.616  1445  1445 D a2dp_codec: createCodec: codec LDAC
04-25 22:24:35.617  1445  1445 D a2dp_codec: createCodec: codec aptX-TWS
04-25 22:24:35.617  1445  1445 D a2dp_codec: createCodec: codec SBC SINK
04-25 22:24:35.617  1445  1445 D a2dp_codec: createCodec: codec UNKNOWN CODEC INDEX
04-25 22:24:35.617  1445  1445 D a2dp_codec: createCodec: codec UNKNOWN CODEC INDEX
04-25 22:24:35.617  1445  1445 D a2dp_codec: createCodec: codec SBC
04-25 22:24:35.617  1445  1445 D a2dp_sbc: A2dpCodecConfigSbc
04-25 22:24:35.617  1445  1445 D a2dp_codec: createCodec: codec AAC
04-25 22:24:35.617  1445  1445 D a2dp_codec: createCodec: codec aptX
04-25 22:24:35.617  1445  1445 D a2dp_codec: createCodec: codec aptX-HD
04-25 22:24:35.617  1445  1445 D a2dp_codec: createCodec: codec aptX-adaptive
04-25 22:24:35.617  1445  1445 D a2dp_codec: createCodec: codec LDAC
04-25 22:24:35.617  1445  1445 D a2dp_codec: createCodec: codec aptX-TWS
04-25 22:24:35.617  1445  1445 D a2dp_codec: createCodec: codec SBC SINK
04-25 22:24:35.617  1445  1445 D a2dp_codec: createCodec: codec UNKNOWN CODEC INDEX
04-25 22:24:35.617  1445  1445 D a2dp_codec: createCodec: codec UNKNOWN CODEC INDEX
04-25 22:24:35.617  1445  1445 D a2dp_codec: createCodec: codec SBC
04-25 22:24:35.617  1445  1445 D a2dp_sbc: A2dpCodecConfigSbc
04-25 22:24:35.617  1445  1445 D a2dp_codec: createCodec: codec AAC
04-25 22:24:35.617  1445  1445 D a2dp_codec: createCodec: codec aptX
04-25 22:24:35.617  1445  1445 D a2dp_codec: createCodec: codec aptX-HD
04-25 22:24:35.617  1445  1445 D a2dp_codec: createCodec: codec aptX-adaptive
04-25 22:24:35.617  1445  1445 D a2dp_codec: createCodec: codec LDAC
04-25 22:24:35.617  1445  1445 D a2dp_codec: createCodec: codec aptX-TWS
04-25 22:24:35.617  1445  1445 D a2dp_codec: createCodec: codec SBC SINK
04-25 22:24:35.617  1445  1445 D a2dp_codec: createCodec: codec UNKNOWN CODEC INDEX
04-25 22:24:35.617  1445  1445 D a2dp_codec: createCodec: codec UNKNOWN CODEC INDEX
04-25 22:24:35.617  1445  1445 D a2dp_codec: createCodec: codec SBC
04-25 22:24:35.617  1445  1445 D a2dp_sbc: A2dpCodecConfigSbc
04-25 22:24:35.617  1445  1445 D a2dp_codec: createCodec: codec AAC
04-25 22:24:35.617  1445  1445 D a2dp_codec: createCodec: codec aptX
04-25 22:24:35.617  1445  1445 D a2dp_codec: createCodec: codec aptX-HD
04-25 22:24:35.617  1445  1445 D a2dp_codec: createCodec: codec aptX-adaptive
04-25 22:24:35.617  1445  1445 D a2dp_codec: createCodec: codec LDAC
04-25 22:24:35.617  1445  1445 D a2dp_codec: createCodec: codec aptX-TWS
04-25 22:24:35.617  1445  1445 D a2dp_codec: createCodec: codec SBC SINK
04-25 22:24:35.617  1445  1445 D a2dp_codec: createCodec: codec UNKNOWN CODEC INDEX
04-25 22:24:35.617  1445  1445 D a2dp_codec: createCodec: codec UNKNOWN CODEC INDEX
04-25 22:24:35.617  1445  1445 E bt_btif : btif_media_send_reset_vendor_state:
04-25 22:24:35.618  1445  1445 E bt_btif : btif_media_send_reset_vendor_state:
04-25 22:24:35.618  1445  1445 D a2dp_codec: createCodec: codec SBC
04-25 22:24:35.618  1445  1445 D a2dp_sbc: A2dpCodecConfigSbc
04-25 22:24:35.618  1445  1445 D a2dp_codec: createCodec: codec AAC
04-25 22:24:35.618  1445  1445 D a2dp_codec: createCodec: codec aptX
04-25 22:24:35.618  1445  1445 D a2dp_codec: createCodec: codec aptX-HD
04-25 22:24:35.618  1445  1445 D a2dp_codec: createCodec: codec aptX-adaptive
04-25 22:24:35.618  1445  1445 D a2dp_codec: createCodec: codec LDAC
04-25 22:24:35.618  1445  1445 D a2dp_codec: createCodec: codec aptX-TWS
04-25 22:24:35.618  1445  1445 D a2dp_codec: createCodec: codec SBC SINK
04-25 22:24:35.618  1445  1445 D a2dp_codec: createCodec: codec UNKNOWN CODEC INDEX
04-25 22:24:35.618  1445  1445 D a2dp_codec: createCodec: codec UNKNOWN CODEC INDEX
04-25 22:24:35.618  1445  1445 D a2dp_codec: createCodec: codec SBC
04-25 22:24:35.618  1445  1445 D a2dp_sbc: A2dpCodecConfigSbc
04-25 22:24:35.618  1445  1445 D a2dp_codec: createCodec: codec AAC
04-25 22:24:35.834   922   922 D NuPlayerDriver: NuPlayerDriver(0xf135c460) created, clientPid(1238)
04-25 22:24:35.837   922   922 I Codec2Client: Creating a Codec2 client to service "software"
04-25 22:24:35.838   922   922 I Codec2Client: Client to Codec2 service "software" created
04-25 22:24:35.839   922   922 I ExtendedNuUtils: printFileName fd(11) -> /product/media/audio/ui/Effect_Tick.ogg
04-25 22:24:35.839  1238  1481 W MediaPlayer: See the documentation of setAudioStreamType() for what to use instead with android.media.AudioAttributes to qualify your playback use case
04-25 22:24:35.842  1445  2213 D Avrcp_ext: AudioManager Player: ID:23 -- type:android.media.SoundPool -- u/pid:10104/1465 -- state:idle -- attr:AudioAttributes: usage=USAGE_ASSISTANCE_SONIFICATION content=CONTENT_TYPE_SONIFICATION flags=0x800 tags= bundle=null
04-25 22:24:35.842   922  2396 D GenericSource: FileSource remote
04-25 22:24:35.842  1445  2213 D Avrcp_ext: AudioManager Player: ID:15 -- type:android.media.SoundPool -- u/pid:1000/1238 -- state:idle -- attr:AudioAttributes: usage=USAGE_ASSISTANCE_SONIFICATION content=CONTENT_TYPE_SONIFICATION flags=0x800 tags= bundle=null
04-25 22:24:35.842  1445  2213 D Avrcp_ext: AudioManager Player: ID:31 -- type:android.media.MediaPlayer -- u/pid:1000/1789 -- state:idle -- attr:AudioAttributes: usage=USAGE_MEDIA content=CONTENT_TYPE_MUSIC flags=0x800 tags= bundle=null
04-25 22:24:35.845   920  1388 I MMParserExtractor: Created(0x27e9e166d0)
04-25 22:24:35.849   920   920 D MediaBufferGroup: creating MemoryDealer
04-25 22:24:35.863  1445  2213 D Avrcp_ext: AudioManager Player: ID:23 -- type:android.media.SoundPool -- u/pid:10104/1465 -- state:idle -- attr:AudioAttributes: usage=USAGE_ASSISTANCE_SONIFICATION content=CONTENT_TYPE_SONIFICATION flags=0x800 tags= bundle=null
04-25 22:24:35.863  1445  2213 D Avrcp_ext: AudioManager Player: ID:15 -- type:android.media.SoundPool -- u/pid:1000/1238 -- state:idle -- attr:AudioAttributes: usage=USAGE_ASSISTANCE_SONIFICATION content=CONTENT_TYPE_SONIFICATION flags=0x800 tags= bundle=null
04-25 22:24:35.863  1238  1238 V MediaRouter: Selecting route: RouteInfo{ name=Phone, description=null, status=null, category=RouteCategory{ name=System types=ROUTE_TYPE_LIVE_AUDIO ROUTE_TYPE_LIVE_VIDEO  groupable=false }, supportedTypes=ROUTE_TYPE_LIVE_AUDIO ROUTE_TYPE_LIVE_VIDEO , presentationDisplay=null }
04-25 22:24:35.863  1445  2213 D Avrcp_ext: AudioManager Player: ID:31 -- type:android.media.MediaPlayer -- u/pid:1000/1789 -- state:started -- attr:AudioAttributes: usage=USAGE_MEDIA content=CONTENT_TYPE_MUSIC flags=0x800 tags= bundle=null
04-25 22:24:35.863   922  2395 I GenericSource: start
04-25 22:24:35.868  1238  1275 I am_proc_start: [0,2402,10044,android.process.media,content provider,{com.android.providers.downloads/com.android.providers.downloads.DownloadProvider}]
04-25 22:24:35.868  1238  1275 I ActivityManager: Start proc 2402:android.process.media/u0a44 for content provider {com.android.providers.downloads/com.android.providers.downloads.DownloadProvider}
04-25 22:24:35.894   922  2410 I OMXClient: IOmx service obtained
04-25 22:24:35.894   928  1988 I OMXMaster: makeComponentInstance(OMX.google.vorbis.decoder) in android.hardwar process
04-25 22:24:35.900   928  1988 E OMXNodeInstance: setConfig(0xeac48060:google.vorbis.decoder, ConfigPriority(0x6f800002)) ERROR: Undefined(0x80001001)
04-25 22:24:35.901   922  2410 I ACodec  : codec does not support config priority (err -2147483648)
04-25 22:24:35.902   928  1988 E OMXNodeInstance: setConfig(0xeac48060:google.vorbis.decoder, ConfigPriority(0x6f800002)) ERROR: Undefined(0x80001001)
04-25 22:24:35.902   922  2410 I ACodec  : codec does not support config priority (err -2147483648)
04-25 22:24:35.902   928  1987 E OMXNodeInstance: getConfig(0xeac48060:google.vorbis.decoder, ConfigAndroidVendorExtension(0x6f100004)) ERROR: Undefined(0x80001001)
04-25 22:24:35.902   922  2410 W ExtendedACodec: Failed to get extension for extradata parameter
04-25 22:24:35.904   922  2410 I MediaCodec: MediaCodec will operate in async mode
04-25 22:24:35.934  1238  1634 I am_proc_bound: [0,2402,android.process.media]
04-25 22:24:35.954   922  2409 I ExtendedNuUtils: Both src and dst missing for bit-width
04-25 22:24:35.954   922  2409 I ExtendedNuUtils: Overriding durationUs: with 64 bit src value 94000
04-25 22:24:35.954   922  2409 I ExtendedNuUtils: Both src and dst missing for channel-mask
04-25 22:24:36.006   660  2457 I msm8974_platform: platform_check_codec_backend_cfg:becf: afe: Codec selected backend: 0 updated bit width: 16 and sample rate: 48000
04-25 22:24:36.092  1445  2213 D Avrcp_ext: AudioManager Player: ID:23 -- type:android.media.SoundPool -- u/pid:10104/1465 -- state:idle -- attr:AudioAttributes: usage=USAGE_ASSISTANCE_SONIFICATION content=CONTENT_TYPE_SONIFICATION flags=0x800 tags= bundle=null
04-25 22:24:36.093  1445  2213 D Avrcp_ext: AudioManager Player: ID:15 -- type:android.media.SoundPool -- u/pid:1000/1238 -- state:idle -- attr:AudioAttributes: usage=USAGE_ASSISTANCE_SONIFICATION content=CONTENT_TYPE_SONIFICATION flags=0x800 tags= bundle=null
04-25 22:24:36.093  1445  2213 D Avrcp_ext: AudioManager Player: ID:31 -- type:android.media.MediaPlayer -- u/pid:1000/1789 -- state:stopped -- attr:AudioAttributes: usage=USAGE_MEDIA content=CONTENT_TYPE_MUSIC flags=0x800 tags= bundle=null
04-25 22:24:36.094   922  1644 D NuPlayerDriver: reset(0xf135c460) at state 6
04-25 22:24:36.098  1445  2213 D Avrcp_ext: AudioManager Player: ID:23 -- type:android.media.SoundPool -- u/pid:10104/1465 -- state:idle -- attr:AudioAttributes: usage=USAGE_ASSISTANCE_SONIFICATION content=CONTENT_TYPE_SONIFICATION flags=0x800 tags= bundle=null
04-25 22:24:36.098  1445  2213 D Avrcp_ext: AudioManager Player: ID:15 -- type:android.media.SoundPool -- u/pid:1000/1238 -- state:idle -- attr:AudioAttributes: usage=USAGE_ASSISTANCE_SONIFICATION content=CONTENT_TYPE_SONIFICATION flags=0x800 tags= bundle=null
04-25 22:24:36.191   922  2395 D NuPlayerDriver: notifyResetComplete(0xf135c460)
04-25 22:24:36.193  1238  1238 W Looper  : Slow dispatch took 102ms main h=android.media.MediaPlayer$EventHandler c=null m=2
04-25 22:24:38.771   697   697 I /vendor/bin/hw/vendor.qti.hardware.servicetracker@1.0-service: startService() is called for servicecom.android.providers.media/.MediaService
04-25 22:24:38.785  2402  2918 I MediaProvider: Begin Intent { act=android.intent.action.MEDIA_MOUNTED dat=file:///storage/emulated/0 flg=0x5000010 cmp=com.android.providers.media/.MediaService (has extras) }
04-25 22:24:38.805  2402  2918 W ModernMediaScanner: Failed to visit /system/media: java.nio.file.NoSuchFileException: /system/media
04-25 22:24:38.822  2402  2918 W ModernMediaScanner: Failed to visit /oem/media: java.nio.file.NoSuchFileException: /oem/media
04-25 22:24:38.907   922  1644 I ExtendedUtils: printFileName fd(12) -> /product/media/audio/ringtones/DonMessWivIt.ogg
04-25 22:24:38.916   920  1095 I MMParserExtractor: Created(0x27e9e14c90)
04-25 22:24:38.933   922  1644 I ExtendedUtils: printFileName fd(12) -> /product/media/audio/ringtones/Testudo.ogg
04-25 22:24:38.943   920  1095 I MMParserExtractor: Created(0x27e9e16a50)
04-25 22:24:38.955   922  1644 I ExtendedUtils: printFileName fd(12) -> /product/media/audio/ringtones/Vespa.ogg
04-25 22:24:38.961   920  1095 I MMParserExtractor: Created(0x27e9e13410)
04-25 22:24:38.973   922  1644 I ExtendedUtils: printFileName fd(12) -> /product/media/audio/ringtones/BussaMove.ogg
04-25 22:24:38.988   920  1095 I MMParserExtractor: Created(0x27e9e1d0b0)
04-25 22:24:38.999   922  1644 I ExtendedUtils: printFileName fd(12) -> /product/media/audio/ringtones/Rasalas.ogg
04-25 22:24:39.012   920  1095 I MMParserExtractor: Created(0x27e9e1a330)
04-25 22:24:39.026   922  1644 I ExtendedUtils: printFileName fd(12) -> /product/media/audio/ringtones/FriendlyGhost.ogg
04-25 22:24:39.035   920  1095 I MMParserExtractor: Created(0x27e9e12530)
04-25 22:24:39.049   922   922 I ExtendedUtils: printFileName fd(12) -> /product/media/audio/ringtones/Cairo.ogg
04-25 22:24:39.056   920  1095 I MMParserExtractor: Created(0x27e9e1ddd0)
04-25 22:24:39.067   922   922 I ExtendedUtils: printFileName fd(12) -> /product/media/audio/ringtones/Thunderfoot.ogg
04-25 22:24:39.074   920  1095 I MMParserExtractor: Created(0x27e9e15710)
04-25 22:24:39.084   922  1644 I ExtendedUtils: printFileName fd(12) -> /product/media/audio/ringtones/Pyxis.ogg
04-25 22:24:39.090   920  1095 I MMParserExtractor: Created(0x27e9e166d0)
04-25 22:24:39.100   922  2922 I ExtendedUtils: printFileName fd(12) -> /product/media/audio/ringtones/PERSEUS.ogg
04-25 22:24:39.113   920  1095 I MMParserExtractor: Created(0x27e9e1bbb0)
04-25 22:24:39.126   922  2923 I ExtendedUtils: printFileName fd(12) -> /product/media/audio/ringtones/Nairobi.ogg
04-25 22:24:39.134   920  1095 I MMParserExtractor: Created(0x27e9e13410)
04-25 22:24:39.148   922  2923 I ExtendedUtils: printFileName fd(12) -> /product/media/audio/ringtones/Playa.ogg
04-25 22:24:39.157   920  1095 I MMParserExtractor: Created(0x27e9e16a50)
04-25 22:24:39.169   922  1643 I ExtendedUtils: printFileName fd(12) -> /product/media/audio/ringtones/Terminated.ogg
04-25 22:24:39.176   920  1095 I MMParserExtractor: Created(0x27e9e14c90)
04-25 22:24:39.187   922  1643 I ExtendedUtils: printFileName fd(12) -> /product/media/audio/ringtones/GameOverGuitar.ogg
04-25 22:24:39.195   920  1095 I MMParserExtractor: Created(0x27e9e1a330)
04-25 22:24:39.208   922  2923 I ExtendedUtils: printFileName fd(12) -> /product/media/audio/ringtones/Ring_Digital_02.ogg
04-25 22:24:39.214   920  1095 I MMParserExtractor: Created(0x27e9e1d0b0)
04-25 22:24:39.225   922  1049 I ExtendedUtils: printFileName fd(12) -> /product/media/audio/ringtones/EtherShake.ogg
04-25 22:24:39.231   920  1095 I MMParserExtractor: Created(0x27e9e15470)
04-25 22:24:39.240   922   922 I ExtendedUtils: printFileName fd(12) -> /product/media/audio/ringtones/Savannah.ogg
04-25 22:24:39.247   920  1095 I MMParserExtractor: Created(0x27e9e1a090)
04-25 22:24:39.257   922  2922 I ExtendedUtils: printFileName fd(12) -> /product/media/audio/ringtones/Nassau.ogg
04-25 22:24:39.264   920  1095 I MMParserExtractor: Created(0x27e9e0e1d0)
04-25 22:24:39.275   922  2922 I ExtendedUtils: printFileName fd(12) -> /product/media/audio/ringtones/Perseus.ogg
04-25 22:24:39.287   920  1095 I MMParserExtractor: Created(0x27e9e166d0)
04-25 22:24:39.304   922  2922 I ExtendedUtils: printFileName fd(12) -> /product/media/audio/ringtones/NewPlayer.ogg
04-25 22:24:39.318   920  1095 I MMParserExtractor: Created(0x27e9e15710)
04-25 22:24:39.327   922  1643 I ExtendedUtils: printFileName fd(12) -> /product/media/audio/ringtones/CrazyDream.ogg
04-25 22:24:39.340   920  1095 I MMParserExtractor: Created(0x27e9e19450)
04-25 22:24:39.355   922  2922 I ExtendedUtils: printFileName fd(12) -> /product/media/audio/ringtones/Centaurus.ogg
04-25 22:24:39.369   920  1095 I MMParserExtractor: Created(0x27e9e1bbb0)
04-25 22:24:39.382   922  2922 I ExtendedUtils: printFileName fd(12) -> /product/media/audio/ringtones/CaribbeanIce.ogg
04-25 22:24:39.388   920  1095 I MMParserExtractor: Created(0x27e9e143d0)
04-25 22:24:39.399   922  1049 I ExtendedUtils: printFileName fd(12) -> /product/media/audio/ringtones/Ding.ogg
04-25 22:24:39.403   920  1095 I MMParserExtractor: Created(0x27e9e1a330)
04-25 22:24:39.415   922  2922 I ExtendedUtils: printFileName fd(12) -> /product/media/audio/ringtones/CrayonRock.ogg
04-25 22:24:39.421   920  1095 I MMParserExtractor: Created(0x27e9e14c90)
04-25 22:24:39.436   922  2922 I ExtendedUtils: printFileName fd(12) -> /product/media/audio/ringtones/Ring_Classic_02.ogg
04-25 22:24:39.449   920  1095 I MMParserExtractor: Created(0x27e9e12530)
04-25 22:24:39.461   922  2922 I ExtendedUtils: printFileName fd(12) -> /product/media/audio/ringtones/LoveFlute.ogg
04-25 22:24:39.469   920  1095 I MMParserExtractor: Created(0x27e9e113b0)
04-25 22:24:39.481   922  2922 I ExtendedUtils: printFileName fd(12) -> /product/media/audio/ringtones/Themos.ogg
04-25 22:24:39.494   920  1095 I MMParserExtractor: Created(0x27e9e1ddd0)
04-25 22:24:39.509   922  1049 I ExtendedUtils: printFileName fd(12) -> /product/media/audio/ringtones/DancinFool.ogg
04-25 22:24:39.523   920  1095 I MMParserExtractor: Created(0x27e9e15fd0)
04-25 22:24:39.534   922  1049 I ExtendedUtils: printFileName fd(12) -> /product/media/audio/ringtones/Glacial_Groove.ogg
04-25 22:24:39.543   920  1095 I MMParserExtractor: Created(0x27e9e15470)
04-25 22:24:39.553   922  1049 I ExtendedUtils: printFileName fd(12) -> /product/media/audio/ringtones/Shes_All_That.ogg
04-25 22:24:39.563   920  1095 I MMParserExtractor: Created(0x27e9e1bbb0)
04-25 22:24:39.574   922  2924 I ExtendedUtils: printFileName fd(12) -> /product/media/audio/ringtones/DreamTheme.ogg
04-25 22:24:39.593   920  1095 I MMParserExtractor: Created(0x27e9e19450)
04-25 22:24:39.766  2402  2918 E SQLiteDatabase: Error inserting title_key=H2LN2RN instance_id=null duration=10170 is_ringtone=1 album_artist=null orientation=null format=47362 height=null is_drm=0 bucket_display_name=ringtones is_audiobook=0 parent=17 volume_name=internal title_resource_uri=null date_modified=1607562263 composer=null _display_name=Perseus.ogg datetaken=null mime_type=audio/ogg is_notification=0 year=null _data=/product/media/audio/ringtones/Perseus.ogg _size=236343 is_alarm=0 title=Perseus track=null width=null is_music=0 group_id=-678450419 document_id=null artist_id=3 date_added=1619403879 is_podcast=0 album_id=1 original_document_id=null bucket_id=-129249538 media_type=2 relative_path=null
04-25 22:24:39.766  2402  2918 E SQLiteDatabase: 	at com.android.providers.media.MediaProvider.insertFile(MediaProvider.java:2713)
04-25 22:24:39.766  2402  2918 E SQLiteDatabase: 	at com.android.providers.media.MediaProvider.insertInternal(MediaProvider.java:3076)
04-25 22:24:39.766  2402  2918 E SQLiteDatabase: 	at com.android.providers.media.MediaProvider.insert(MediaProvider.java:2903)
04-25 22:24:39.766  2402  2918 E SQLiteDatabase: 	at com.android.providers.media.MediaProvider.applyBatch(MediaProvider.java:3302)
04-25 22:24:39.766  2402  2918 E SQLiteDatabase: 	at com.android.providers.media.scan.ModernMediaScanner$Scan.applyPending(ModernMediaScanner.java:439)
04-25 22:24:39.766  2402  2918 E SQLiteDatabase: 	at com.android.providers.media.scan.ModernMediaScanner$Scan.maybeApplyPending(ModernMediaScanner.java:432)
04-25 22:24:39.766  2402  2918 E SQLiteDatabase: 	at com.android.providers.media.scan.ModernMediaScanner$Scan.visitFile(ModernMediaScanner.java:412)
04-25 22:24:39.766  2402  2918 E SQLiteDatabase: 	at com.android.providers.media.scan.ModernMediaScanner$Scan.visitFile(ModernMediaScanner.java:207)
04-25 22:24:39.766  2402  2918 E SQLiteDatabase: 	at com.android.providers.media.scan.ModernMediaScanner$Scan.walkFileTree(ModernMediaScanner.java:267)
04-25 22:24:39.766  2402  2918 E SQLiteDatabase: 	at com.android.providers.media.scan.ModernMediaScanner$Scan.run(ModernMediaScanner.java:245)
04-25 22:24:39.766  2402  2918 E SQLiteDatabase: 	at com.android.providers.media.scan.ModernMediaScanner.scanDirectory(ModernMediaScanner.java:166)
04-25 22:24:39.766  2402  2918 E SQLiteDatabase: 	at com.android.providers.media.MediaService.onScanVolume(MediaService.java:150)
04-25 22:24:39.766  2402  2918 E SQLiteDatabase: 	at com.android.providers.media.MediaService.onScanVolume(MediaService.java:131)
04-25 22:24:39.766  2402  2918 E SQLiteDatabase: 	at com.android.providers.media.MediaService.onHandleIntent(MediaService.java:86)
04-25 22:24:39.863   922  1049 I ExtendedUtils: printFileName fd(12) -> /product/media/audio/ringtones/Scarabaeus.ogg
04-25 22:24:39.884   920  1095 I MMParserExtractor: Created(0x27e9e12c30)
04-25 22:24:39.914   922  1643 I ExtendedUtils: printFileName fd(12) -> /product/media/audio/ringtones/BentleyDubs.ogg
04-25 22:24:39.922   920  1095 I MMParserExtractor: Created(0x27e9e1a330)
04-25 22:24:39.937   922  1643 I ExtendedUtils: printFileName fd(12) -> /product/media/audio/ringtones/Hydra.ogg
04-25 22:24:39.947   920  1095 I MMParserExtractor: Created(0x27e9e143d0)
04-25 22:24:39.960   922  1643 I ExtendedUtils: printFileName fd(12) -> /product/media/audio/ringtones/Paradise_Island.ogg
04-25 22:24:39.968   920  1095 I MMParserExtractor: Created(0x27e9e113b0)
04-25 22:24:39.986   922  1644 I ExtendedUtils: printFileName fd(12) -> /product/media/audio/ringtones/Aquila.ogg
04-25 22:24:40.002   920  1095 I MMParserExtractor: Created(0x27e9e16a50)
04-25 22:24:40.014   922  1049 I ExtendedUtils: printFileName fd(12) -> /product/media/audio/ringtones/Machina.ogg
04-25 22:24:40.023   920  1095 I MMParserExtractor: Created(0x27e9e0e1d0)
04-25 22:24:40.040   922  1643 I ExtendedUtils: printFileName fd(12) -> /product/media/audio/ringtones/Noises2.ogg
04-25 22:24:40.047   920  1095 I MMParserExtractor: Created(0x27e9e1a250)
04-25 22:24:40.060   922  1643 I ExtendedUtils: printFileName fd(12) -> /product/media/audio/ringtones/Solarium.ogg
04-25 22:24:40.071   920  1388 I MMParserExtractor: Created(0x27e9e1d0b0)
04-25 22:24:40.083   922  1643 I ExtendedUtils: printFileName fd(12) -> /product/media/audio/ringtones/Eridani.ogg
04-25 22:24:40.089   920  1388 I MMParserExtractor: Created(0x27e9e19450)
04-25 22:24:40.100   922  1049 I ExtendedUtils: printFileName fd(12) -> /product/media/audio/ringtones/Big_Easy.ogg
04-25 22:24:40.108   920  1388 I MMParserExtractor: Created(0x27e9e1bbb0)
04-25 22:24:40.118   922  1049 I ExtendedUtils: printFileName fd(12) -> /product/media/audio/ringtones/LoopyLounge.ogg
04-25 22:24:40.124   920  1388 I MMParserExtractor: Created(0x27e9e15b70)
04-25 22:24:40.138   922  1049 I ExtendedUtils: printFileName fd(12) -> /product/media/audio/ringtones/Backroad.ogg
04-25 22:24:40.144   920  1388 I MMParserExtractor: Created(0x27e9e11490)
04-25 22:24:40.154   922  2923 I ExtendedUtils: printFileName fd(12) -> /product/media/audio/ringtones/Growl.ogg
04-25 22:24:40.161   920  1388 I MMParserExtractor: Created(0x27e9e14c90)
04-25 22:24:40.172   922  2923 I ExtendedUtils: printFileName fd(12) -> /product/media/audio/ringtones/Cygnus.ogg
04-25 22:24:40.179   920  1388 I MMParserExtractor: Created(0x27e9e16a50)
04-25 22:24:40.188   922  1644 I ExtendedUtils: printFileName fd(12) -> /product/media/audio/ringtones/Funk_Yall.ogg
04-25 22:24:40.195   920  1388 I MMParserExtractor: Created(0x27e9e113b0)
04-25 22:24:40.206   922  1644 I ExtendedUtils: printFileName fd(12) -> /product/media/audio/ringtones/Champagne_Edition.ogg
04-25 22:24:40.212   920  1388 I MMParserExtractor: Created(0x27e9e15470)
04-25 22:24:40.222   922  1644 I ExtendedUtils: printFileName fd(12) -> /product/media/audio/ringtones/Steppin_Out.ogg
04-25 22:24:40.229   920  1388 I MMParserExtractor: Created(0x27e9e1a250)
04-25 22:24:40.239   922  1049 I ExtendedUtils: printFileName fd(12) -> /product/media/audio/ringtones/HalfwayHome.ogg
04-25 22:24:40.248   920  1388 I MMParserExtractor: Created(0x27e9e0e1d0)
04-25 22:24:40.259   922  1049 I ExtendedUtils: printFileName fd(12) -> /product/media/audio/ringtones/ArgoNavis.ogg
04-25 22:24:40.272   920  1388 I MMParserExtractor: Created(0x27e9e1bbb0)
04-25 22:24:40.284   922  1643 I ExtendedUtils: printFileName fd(12) -> /product/media/audio/ringtones/BeatPlucker.ogg
04-25 22:24:40.290   920  1095 I MMParserExtractor: Created(0x27e9e0fdd0)
04-25 22:24:40.301   922  1643 I ExtendedUtils: printFileName fd(12) -> /product/media/audio/ringtones/BirdLoop.ogg
04-25 22:24:40.308   920  1095 I MMParserExtractor: Created(0x27e9e15710)
04-25 22:24:40.318   922  1643 I ExtendedUtils: printFileName fd(12) -> /product/media/audio/ringtones/VeryAlarmed.ogg
04-25 22:24:40.323   920  1095 I MMParserExtractor: Created(0x27e9e11490)
04-25 22:24:40.334   922  1643 I ExtendedUtils: printFileName fd(14) -> /product/media/audio/ringtones/Orion.ogg
04-25 22:24:40.342   920  1388 I MMParserExtractor: Created(0x27e9e1a330)
04-25 22:24:40.353   922  2924 I ExtendedUtils: printFileName fd(12) -> /product/media/audio/ringtones/Road_Trip.ogg
04-25 22:24:40.361   920  1388 I MMParserExtractor: Created(0x27e9e143d0)
04-25 22:24:40.371   922  2924 I ExtendedUtils: printFileName fd(12) -> /product/media/audio/ringtones/InsertCoin.ogg
04-25 22:24:40.377   920  1388 I MMParserExtractor: Created(0x27e9e14c90)
04-25 22:24:40.385   922  2924 I ExtendedUtils: printFileName fd(12) -> /product/media/audio/ringtones/Enter_the_Nexus.ogg
04-25 22:24:40.395   920  1388 I MMParserExtractor: Created(0x27e9e1b670)
04-25 22:24:40.408   922  2924 I ExtendedUtils: printFileName fd(12) -> /product/media/audio/ringtones/CanisMajor.ogg
04-25 22:24:40.413   920  1388 I MMParserExtractor: Created(0x27e9e1a250)
04-25 22:24:40.422   922  2924 I ExtendedUtils: printFileName fd(12) -> /product/media/audio/ringtones/Noises3.ogg
04-25 22:24:40.428   920  1388 I MMParserExtractor: Created(0x27e9e15470)
04-25 22:24:40.437   922  2924 I ExtendedUtils: printFileName fd(12) -> /product/media/audio/ringtones/Girtab.ogg
04-25 22:24:40.444   920  1388 I MMParserExtractor: Created(0x27e9e1a090)
04-25 22:24:40.457   922  1643 I ExtendedUtils: printFileName fd(12) -> /product/media/audio/ringtones/CANISMAJOR.ogg
04-25 22:24:40.464   920  1388 I MMParserExtractor: Created(0x27e9e0fdd0)
04-25 22:24:40.474   922  2922 I ExtendedUtils: printFileName fd(12) -> /product/media/audio/ringtones/SilkyWay.ogg
04-25 22:24:40.483   920  2927 I MMParserExtractor: Created(0x27e9e13410)
04-25 22:24:40.495   922  2924 I ExtendedUtils: printFileName fd(12) -> /product/media/audio/ringtones/Safari.ogg
04-25 22:24:40.502   920  2927 I MMParserExtractor: Created(0x27e9e15710)
04-25 22:24:40.513   922  2922 I ExtendedUtils: printFileName fd(12) -> /product/media/audio/ringtones/Carina.ogg
04-25 22:24:40.518   920  1388 I MMParserExtractor: Created(0x27e9e1a330)
04-25 22:24:40.689   922  2923 I ExtendedUtils: printFileName fd(12) -> /product/media/audio/ringtones/FreeFlight.ogg
