01-14 09:45:42.308     0     0 I OF      : reserved mem: initialized node qseecom_region, compatible id shared-dma-pool
01-14 09:45:42.308     0     0 I OF      : reserved mem: initialized node adsp_region, compatible id shared-dma-pool
01-14 09:45:42.308     0     0 I OF      : reserved mem: initialized node venus_fw_region, compatible id shared-dma-pool
01-14 09:45:42.308     0     0 I OF      : reserved mem: initialized node linux,cma, compatible id shared-dma-pool
01-14 09:45:42.308     0     0 I OF      : reserved mem: initialized node video_region, compatible id shared-dma-pool
01-14 09:45:42.308     0     0 I OF      : reserved mem: initialized node secure_region, compatible id shared-dma-pool
01-14 09:45:42.308     0     0 I OF      : reserved mem: initialized node wlan_msa_guard@85600000, compatible id removed-dma-pool
01-14 09:45:42.308     0     0 I OF      : reserved mem: initialized node wlan_msa_mem@85700000, compatible id removed-dma-pool
01-14 09:45:42.308     0     0 I OF      : reserved mem: initialized node removed_regions@85800000, compatible id removed-dma-pool
01-14 09:45:42.308     0     0 I OF      : reserved mem: initialized node smem-mem@86000000, compatible id removed-dma-pool
01-14 09:45:42.308     0     0 I OF      : reserved mem: initialized node removed_regions@86200000, compatible id removed-dma-pool
01-14 09:45:42.308     0     0 I OF      : reserved mem: initialized node modem_fw_region@8ac00000, compatible id removed-dma-pool
01-14 09:45:42.308     0     0 I OF      : reserved mem: initialized node adsp_fw_region@92a00000, compatible id removed-dma-pool
01-14 09:45:42.308     0     0 I OF      : reserved mem: initialized node pil_mba_region@94800000, compatible id removed-dma-pool
01-14 09:45:42.308     0     0 I OF      : reserved mem: initialized node cdsp_fw_region@94a00000, compatible id removed-dma-pool
01-14 09:45:42.308     0     0 I random  : get_random_bytes called from start_kernel+0x94/0x50c with crng_init=0
01-14 09:45:42.308     0     0 I mem auto-init: stack:off, heap alloc:off, heap free:off
01-14 09:45:42.308     0     0 I Memory  : 2423212K/2896896K available (15870K kernel code, 3366K rwdata, 6308K rodata, 6144K init, 11910K bss, 141908K reserved, 331776K cma-reserved)
01-14 09:45:42.309     0     0 I         : Security Framework initialized
01-14 09:45:42.309     0     0 I SELinux : Initializing.
01-14 09:45:42.321     0     0 I         : ASID allocator initialised with 32768 entries
01-14 09:45:42.513     0     0 I pinctrl core: initialized pinctrl subsystem
01-14 09:45:42.537     0     0 I msm_watchdog 17817000.qcom,wdt: MSM Watchdog Initialized
01-14 09:45:42.544     0     0 I qcom_smd_rpm_probe: RPM-SMD running version 0
01-14 09:45:42.608     0     0 W reg-fixed-voltage: probe of soc:p5v_usb failed with error -22
01-14 09:45:42.612     0     0 I qcom,qpnp-misc 800f000.qcom,spmi: qcom,pm660@0:qcom,misc@900: probe successful
01-14 09:45:42.612     0     0 I         : SCSI subsystem initialized
01-14 09:45:42.615     0     0 E i2c-msm-v2 c176000.i2c: error probe() failed with err:-517
01-14 09:45:42.616     0     0 E i2c-msm-v2 c177000.i2c: error probe() failed with err:-517
01-14 09:45:42.616     0     0 E i2c-msm-v2 c178000.i2c: error probe() failed with err:-517
01-14 09:45:42.616     0     0 E i2c-msm-v2 c1b6000.i2c: error probe() failed with err:-517
01-14 09:45:42.616     0     0 E i2c-msm-v2 c1b7000.i2c: error probe() failed with err:-517
01-14 09:45:42.616     0     0 E i2c-msm-v2 c1b8000.i2c: error probe() failed with err:-517
01-14 09:45:42.629     0     0 I         : Advanced Linux Sound Architecture Driver Initialized.
01-14 09:45:42.630     0     0 I Bluetooth: HCI device and connection manager initialized
01-14 09:45:42.630     0     0 I Bluetooth: HCI socket layer initialized
01-14 09:45:42.630     0     0 I Bluetooth: L2CAP socket layer initialized
01-14 09:45:42.630     0     0 I Bluetooth: SCO socket layer initialized
01-14 09:45:42.630     0     0 I NetLabel: Initializing
01-14 09:45:42.630     0     0 F pcie    : pcie_init.
01-14 09:45:42.642     0     0 W rpm_vreg_device_probe: pm660_l6_pin_ctrl: regulator type=0 does not support device tree property: qcom,init-pin-ctrl-mode
01-14 09:45:42.644     0     0 W rpm_vreg_device_probe: pm660_l9_pin_ctrl: regulator type=0 does not support device tree property: qcom,init-pin-ctrl-mode
01-14 09:45:42.649     0     0 W rpm_vreg_device_probe: pm660_l19_pin_ctrl: regulator type=0 does not support device tree property: qcom,init-pin-ctrl-mode
01-14 09:45:42.661     0     0 I cpr3_regulator_init_ctrl: gfx: Default CPR mode = open-loop
01-14 09:45:42.668     0     0 E i2c-msm-v2 c176000.i2c: error probe() failed with err:-517
01-14 09:45:42.669     0     0 E i2c-msm-v2 c177000.i2c: error probe() failed with err:-517
01-14 09:45:42.669     0     0 E i2c-msm-v2 c178000.i2c: error probe() failed with err:-517
01-14 09:45:42.669     0     0 E i2c-msm-v2 c1b6000.i2c: error probe() failed with err:-517
01-14 09:45:42.670     0     0 E i2c-msm-v2 c1b7000.i2c: error probe() failed with err:-517
01-14 09:45:42.670     0     0 E i2c-msm-v2 c1b8000.i2c: error probe() failed with err:-517
01-14 09:45:42.747     0     0 I cpr3_regulator_init_ctrl: apc0: Default CPR mode = full HW closed-loop
01-14 09:45:42.750     0     0 I cpr3_regulator_init_ctrl: apc1: Default CPR mode = full HW closed-loop
01-14 09:45:42.777     0     0 I clk_cpu_osm_driver_probe: OSM driver initialize
01-14 09:45:42.804     0     0 I mdss_pll_probe: MDSS pll label = MDSS DSI 0 PLL
01-14 09:45:42.804     0     0 I mdss_pll_probe: mdss_pll_probe: label=MDSS DSI 0 PLL PLL SSC enabled
01-14 09:45:42.804     0     0 I mdss_pll_probe: MDSS pll label = MDSS DSI 1 PLL
01-14 09:45:42.804     0     0 I mdss_pll_probe: mdss_pll_probe: label=MDSS DSI 1 PLL PLL SSC enabled
01-14 09:45:42.805     0     0 I mdss_pll_probe: MDSS pll label = MDSS DP PLL
01-14 09:45:42.805     0     0 E         : msm_bus_fabric_init_driver
01-14 09:45:42.809     0     0 E msm_bus_dev_init_qos: Skipping QOS init for 1
01-14 09:45:42.809     0     0 E msm_bus_dev_init_qos: Skipping QOS init for 727
01-14 09:45:42.809     0     0 E msm_bus_dev_init_qos: Skipping QOS init for 728
01-14 09:45:42.809     0     0 I msm_bus_device 1620000.ad-hoc-bus: Bus scaling driver probe successful
01-14 09:45:42.810     0     0 I         : Trying to unpack rootfs image as initramfs...
01-14 09:45:42.823     0     0 I         : Freeing initrd memory: 808K
01-14 09:45:42.827   499   499 I auditd  : type=2000 audit(0.0:1): state=initialized audit_enabled=0 res=1
01-14 09:45:42.827   499   499 W auditd  : type=2000 audit(0.0:1): state=initialized audit_enabled=0 res=1
01-14 09:45:42.829     0     0 I audit   : initializing netlink subsys (disabled)
01-14 09:45:42.829     0     0 I         : Initialise system trusted keyrings
01-14 09:45:42.831     0     0 I         : fuse init (API version 7.26)
01-14 09:45:42.831     0     0 I pfk_ext4 [pfk_ext4_init]: PFK EXT4 inited successfully
01-14 09:45:42.831     0     0 I pfk_f2fs [pfk_f2fs_init]: PFK F2FS inited successfully
01-14 09:45:42.831     0     0 I pfk [pfk_init]: Driver initialized successfully
01-14 09:45:42.838     0     0 E mdss_mdp_probe+0x2c8/0x18fc->msm_dss_ioremap_byname: 'vbif_nrt_phys' msm_mdss_get_res_byname failed
01-14 09:45:42.840     0     0 I mdss_mdp_probe: mdss version = 0x30020000, bootloader display is on, num 1, intf_sel=0x00000100
01-14 09:45:42.842     0     0 I mdss_smmu_probe: iommu v2 domain[0] mapping and clk register successful!
01-14 09:45:42.842     0     0 I mdss_smmu_probe: iommu v2 domain[2] mapping and clk register successful!
01-14 09:45:42.843     0     0 I mdss_dsi_ctrl_probe: DSI Ctrl name = MDSS DSI CTRL->0
01-14 09:45:42.843     0     0 I mdss_dsi_panel_init: Panel Name = hx8394f_720p_video_mode_dsi_panel
01-14 09:45:42.844     0     0 I mdss_dsi_ctrl_probe: Dsi Ctrl->0 initialized, DSI rev:0x20010000, PHY rev:0x2
01-14 09:45:42.844     0     0 I mdss_dsi_ctrl_probe: DSI Ctrl name = MDSS DSI CTRL->1
01-14 09:45:42.844     0     0 E mdss_dsi_pinctrl_init: failed to get pinctrl
01-14 09:45:42.844     0     0 W mdss_dsi_ctrl_probe: failed to get pin resources
01-14 09:45:42.844     0     0 E mdss_dsi_ctrl_probe: panel configuration failed
01-14 09:45:42.844     0     0 W mdss_dsi_ctrl: probe of c996000.qcom,mdss_dsi_ctrl1 failed with error -22
01-14 09:45:42.844     0     0 I mdss_dsi_status_init: DSI status check interval:5000
01-14 09:45:42.845     0     0 E mdss_dp_probe: Error usbpd setup!
01-14 09:45:42.846     0     0 I mdss_fb_probe: fb0: split_mode:0 left:0 right:0
01-14 09:45:42.846     0     0 I mdss_fb_probe: fb1: split_mode:0 left:0 right:0
01-14 09:45:42.846     0     0 I         : extdisp_init start.
01-14 09:45:42.849     0     0 I icnss   : Platform driver probed successfully
01-14 09:45:42.858     0     0 I spcom   : spcom_init: spcom driver version 2.1 23-April-2018.
01-14 09:45:42.862     0     0 I msm_serial: driver initialized
01-14 09:45:42.867     0     0 I random  : fast init done
01-14 09:45:42.867     0     0 I random  : crng init done
01-14 09:45:42.895     0     0 I QSEECOM : qseecom_probe: qseecom.qsee_version = 0x1001000
01-14 09:45:42.895     0     0 I QSEECOM : qseecom_probe: no-clock-support=0x1
01-14 09:45:42.895     0     0 W QSEECOM : qseecom_probe: qseecom.qsee_reentrancy_support = 2
01-14 09:45:42.895     0     0 W QSEECOM : qseecom_probe: qseecom.whitelist_support = 1
01-14 09:45:42.896     0     0 I         : /home/youkai/1_project/new_sda660q_full/android/kernel/msm-4.14/drivers/misc/payment-io.c dev_init done.
01-14 09:45:42.896     0     0 I         : /home/youkai/1_project/new_sda660q_full/android/kernel/msm-4.14/drivers/misc/payment-tst.c dev_init done.
01-14 09:45:42.896     0     0 I         : /home/youkai/1_project/new_sda660q_full/android/kernel/msm-4.14/drivers/misc/uart_switch.c uart_switch_init start.
01-14 09:45:42.897     0     0 I         : /home/youkai/1_project/new_sda660q_full/android/kernel/msm-4.14/drivers/misc/uart_switch.c uart_switch_probe success!
01-14 09:45:42.898     0     0 I         : /home/youkai/1_project/new_sda660q_full/android/kernel/msm-4.14/drivers/misc/stand_cmd.c dev_init done.
01-14 09:45:42.898     0     0 I         : /home/youkai/1_project/new_sda660q_full/android/kernel/msm-4.14/drivers/misc/stand_cmd_tst.c dev_init done.
01-14 09:45:42.898     0     0 D nq-nci 6-0028: nqx_probe: enter
01-14 09:45:42.898     0     0 D nq-nci 6-0028: nqx_probe, inside nfc-nci flags = 0
01-14 09:45:42.900     0     0 I QCE50   : qce_sps_init:  QTI MSM CE-BAM at 0x0000000001dc4000 irq 118
01-14 09:45:42.915     0     0 I QCE50   : qce_sps_init:  QTI MSM CE-BAM at 0x0000000001dc4000 irq 118
01-14 09:45:42.934     0     0 I libphy  : Fixed MDIO Bus: probed
01-14 09:45:42.934     0     0 I CLD80211: Initializing
01-14 09:45:42.939     0     0 I msm_sharedmem: msm_sharedmem_probe: Device created for client 'rmtfs'
01-14 09:45:42.942     0     0 E nq-nci 6-0028: nqx_probe: probing NFCC NQxxx exited successfully
01-14 09:45:42.952     0     0 W         : *** touch_driver_probe ***
01-14 09:45:43.203     0     0 I         : sis_ts_init ver. 3.01.03
01-14 09:45:43.203     0     0 I ILITEK  : (ilitek_plat_dev_init, 718): ILITEK TP driver init for QCOM
01-14 09:45:43.203     0     0 I ILITEK  : (ilitek_tddi_dev_init, 995): TP Interface: I2C
01-14 09:45:43.203     0     0 W [FTS_TS]fts_ts_init: Enter
01-14 09:45:43.203     0     0 W [FTS_TS]fts_ts_init: Exit(1930)
01-14 09:45:43.203     0     0 I ILITEK  : (ilitek_plat_dev_init, 862): ILITEK TP driver init for QCOM
01-14 09:45:43.203     0     0 I ILITEK  : (ili_dev_init, 1157): TP Interface: I2C
01-14 09:45:43.206     0     0 I         : IR NEC protocol handler initialized
01-14 09:45:43.206     0     0 I         : IR RC5(x/sz) protocol handler initialized
01-14 09:45:43.206     0     0 I         : IR RC6 protocol handler initialized
01-14 09:45:43.206     0     0 I         : IR JVC protocol handler initialized
01-14 09:45:43.206     0     0 I         : IR Sony protocol handler initialized
01-14 09:45:43.206     0     0 I         : IR SANYO protocol handler initialized
01-14 09:45:43.206     0     0 I         : IR Sharp protocol handler initialized
01-14 09:45:43.206     0     0 I         : IR MCE Keyboard/mouse protocol handler initialized
01-14 09:45:43.206     0     0 I         : IR XMP protocol handler initialized
01-14 09:45:43.210     0     0 I sde_rotator c900000.qcom,mdss_rotator: <SDEROT_INFO> SDE v4l2 rotator probe success
01-14 09:45:43.234     0     0 I msm_actuator_init_module: 2219 Enter
01-14 09:45:43.234     0     0 E msm_actuator_platform_probe: 2121 msm_actuator_platform_probe: No/Error Actuator GPIOs
01-14 09:45:43.234     0     0 E         : msm_eeprom_platform_probe failed 1787
01-14 09:45:43.240     0     0 I MSM-CPP cpp_init_hardware: 1135 CPP HW Version: 0x60010002
01-14 09:45:43.240     0     0 E MSM-CPP cpp_init_hardware: 1153 stream_cnt:0
01-14 09:45:43.242     0     0 E vfe_hw_probe: fail get dual_sync
01-14 09:45:43.244     0     0 E __msm_jpeg_init: 1595] Jpeg Device id 0
01-14 09:45:43.254     0     0 I smb1351_parallel_charger_probe: smb1351 parallel successfully probed.
01-14 09:45:43.266     0     0 I         : QPNP SMB2 probed successfully usb:present=1 type=0 batt:present = 1 health = 1 charge = 1
01-14 09:45:43.276     0     0 I device-mapper: ioctl: 4.37.0-ioctl (2017-09-20) initialised: dm-devel@redhat.com
01-14 09:45:43.356     0     0 I sdhci_msm_pm_qos_cpu_init (): voted for group #0 (mask=0xf) latency=-1
01-14 09:45:43.356     0     0 I sdhci_msm_pm_qos_cpu_init (): voted for group #1 (mask=0xf0) latency=-1
01-14 09:45:43.363     0     0 W sdhci_msm c084000.sdhci: sdhci_msm_probe: ICE device is not enabled
01-14 09:45:43.407     0     0 I qpnp_tri_led_probe: tri led probe start
01-14 09:45:43.409     0     0 I ashmem  : initialized
01-14 09:45:43.411     0     0 E seemp   : seemp_logk_init: SCM call failed with ret val = -5 0 0
01-14 09:45:43.426     0     0 I         : Initializing XFRM netlink socket
01-14 09:45:43.429     0     0 E mdss_dp_probe: Error usbpd setup!
01-14 09:45:43.449     0     0 I FG      : fg_gen3_probe: battery SOC:50 voltage: 4267811uV temp: 240
01-14 09:45:43.456     0     0 I mdss_dp_device_register: dp initialized
01-14 09:45:43.456     0     0 I mdss_dp_probe: init successful
01-14 09:45:43.463     0     0 I mdss_fb_probe: fb2: split_mode:0 left:0 right:0
01-14 09:45:43.464     0     0 I core_ctl: Init CPU0 state
01-14 09:45:43.464     0     0 I core_ctl: Init CPU1 state
01-14 09:45:43.464     0     0 I core_ctl: Init CPU2 state
01-14 09:45:43.464     0     0 I core_ctl: Init CPU3 state
01-14 09:45:43.464     0     0 I core_ctl: Init CPU4 state
01-14 09:45:43.464     0     0 I core_ctl: Init CPU5 state
01-14 09:45:43.464     0     0 I core_ctl: Init CPU6 state
01-14 09:45:43.464     0     0 I core_ctl: Init CPU7 state
01-14 09:45:43.485     0     0 I spss_utils [spss_init]: spss-utils driver Ver 3.0 18-Feb-2018.
01-14 09:45:43.489     0     0 W         : Error: swapper/0: fastrpc_cb_probe: failed to create debugfs global file
01-14 09:45:43.490     0     0 W         : Error: swapper/0: fastrpc_cb_probe: failed to create debugfs global file
01-14 09:45:43.490     0     0 W         : Error: swapper/0: fastrpc_cb_probe: failed to create debugfs global file
01-14 09:45:43.491     0     0 W         : Error: swapper/0: fastrpc_cb_probe: failed to create debugfs global file
01-14 09:45:43.492     0     0 W         : Error: swapper/0: fastrpc_cb_probe: failed to create debugfs global file
01-14 09:45:43.492     0     0 W         : Error: swapper/0: fastrpc_cb_probe: failed to create debugfs global file
01-14 09:45:43.493     0     0 W         : Error: swapper/0: fastrpc_cb_probe: failed to create debugfs global file
01-14 09:45:43.494     0     0 W         : Error: swapper/0: fastrpc_cb_probe: failed to create debugfs global file
01-14 09:45:43.494     0     0 W         : Error: swapper/0: fastrpc_cb_probe: failed to create debugfs global file
01-14 09:45:43.495     0     0 W         : Error: swapper/0: fastrpc_cb_probe: failed to create debugfs global file
01-14 09:45:43.495     0     0 W         : Error: swapper/0: fastrpc_cb_probe: failed to create debugfs global file
01-14 09:45:43.496     0     0 W         : Error: swapper/0: fastrpc_cb_probe: failed to create debugfs global file
01-14 09:45:43.497     0     0 I         : pos_hub_probe
01-14 09:45:43.497     0     0 I         : pos_hub_probe success
01-14 09:45:43.498     0     0 W         : OEM Debug, usb_gigabit ethernet init begin
01-14 09:45:43.499     0     0 I usb_oem_probe: enter
01-14 09:45:43.499     0     0 I         : usbPortPathInit 545 read path succeed: typec-u2-path 1-1
01-14 09:45:43.499     0     0 I usb_oem_probe: usbPortsSpeedCfg[0].portU2Path=1-1
01-14 09:45:43.499     0     0 I         : usbPortPathInit 545 read path succeed: typec-u3-path 2-1
01-14 09:45:43.499     0     0 I usb_oem_probe: usbPortsSpeedCfg[0].portU3Path=2-1
01-14 09:45:43.499     0     0 E         : usbPortPathInit 542 read path failed: typea-u2-path
01-14 09:45:43.499     0     0 I usb_oem_probe: usbPortsSpeedCfg[1].portU2Path=
01-14 09:45:43.499     0     0 E         : usbPortPathInit 542 read path failed: typea-u3-path
01-14 09:45:43.499     0     0 I usb_oem_probe: usbPortsSpeedCfg[1].portU3Path=
01-14 09:45:43.499     0     0 E         : usbPortPathInit 542 read path failed: typea-ex3-u2-path
01-14 09:45:43.499     0     0 I usb_oem_probe: usbPortsSpeedCfg[2].portU2Path=
01-14 09:45:43.499     0     0 E         : usbPortPathInit 542 read path failed: typea-ex3-u3-path
01-14 09:45:43.499     0     0 I usb_oem_probe: usbPortsSpeedCfg[2].portU3Path=
01-14 09:45:43.499     0     0 E         : usbPortPathInit 542 read path failed: typea-ex4-u2-path
01-14 09:45:43.499     0     0 I usb_oem_probe: usbPortsSpeedCfg[3].portU2Path=
01-14 09:45:43.499     0     0 E         : usbPortPathInit 542 read path failed: typea-ex4-u3-path
01-14 09:45:43.499     0     0 I usb_oem_probe: usbPortsSpeedCfg[3].portU3Path=
01-14 09:45:43.499     0     0 E         : usbPortPathInit 542 read path failed: typea-ex5-u2-path
01-14 09:45:43.499     0     0 I usb_oem_probe: usbPortsSpeedCfg[4].portU2Path=
01-14 09:45:43.499     0     0 E         : usbPortPathInit 542 read path failed: typea-ex5-u3-path
01-14 09:45:43.499     0     0 I usb_oem_probe: usbPortsSpeedCfg[4].portU3Path=
01-14 09:45:43.499     0     0 E         : usbPortPathInit 542 read path failed: micro-usb1-path
01-14 09:45:43.499     0     0 I usb_oem_probe: usbPortsSpeedCfg[5].portU2Path=
01-14 09:45:43.499     0     0 I usb_oem_probe: usbPortsSpeedCfg[5].portU3Path=
01-14 09:45:43.499     0     0 E         : usbPortPathInit 542 read path failed: micro-usb2-path
01-14 09:45:43.499     0     0 I usb_oem_probe: usbPortsSpeedCfg[6].portU2Path=
01-14 09:45:43.499     0     0 I usb_oem_probe: usbPortsSpeedCfg[6].portU3Path=
01-14 09:45:43.499     0     0 E         : usbPortPathInit 542 read path failed: micro-usb3-path
01-14 09:45:43.499     0     0 I usb_oem_probe: usbPortsSpeedCfg[7].portU2Path=
01-14 09:45:43.499     0     0 I usb_oem_probe: usbPortsSpeedCfg[7].portU3Path=
01-14 09:45:43.499     0     0 E         : usbPortPathInit 542 read path failed: micro-usb4-path
01-14 09:45:43.499     0     0 I usb_oem_probe: usbPortsSpeedCfg[8].portU2Path=
01-14 09:45:43.499     0     0 I usb_oem_probe: usbPortsSpeedCfg[8].portU3Path=
01-14 09:45:43.499     0     0 I usb_oem_probe: succeed exit!
01-14 09:45:43.597     0     0 I init    : init first stage started!
01-14 09:45:43.598     0     0 I init    : [libfs_mgr]dt_fstab: Skip disabled entry for partition vendor
01-14 09:45:43.598     0     0 I init    : [libfs_mgr]ReadFstabFromDt(): failed to read fstab from dt
01-14 09:45:43.598     0     0 I init    : [libfs_mgr]dt_fstab: Skip disabled entry for partition vendor
01-14 09:45:43.598     0     0 I init    : Using Android DT directory /proc/device-tree/firmware/android/
01-14 09:45:43.620     0     0 I init    : [libfs_mgr]Created logical partition system_a on device /dev/block/dm-0
01-14 09:45:43.620     0     0 I init    : [libfs_mgr]Skipping zero-length logical partition: system_b
01-14 09:45:43.621     0     0 I init    : [libfs_mgr]Created logical partition product_a on device /dev/block/dm-1
01-14 09:45:43.621     0     0 I init    : [libfs_mgr]Skipping zero-length logical partition: product_b
01-14 09:45:43.621     0     0 I init    : [libfs_mgr]Created logical partition vendor_a on device /dev/block/dm-2
01-14 09:45:43.719     0     0 W init    : 21 output lines suppressed due to ratelimiting
01-14 09:45:43.872     0     0 I init    : Loading SELinux policy
01-14 09:45:43.928     0     0 D SELinux : Completing initialization.
01-14 09:45:44.014     0     0 I init    : init second stage started!
01-14 09:45:44.032     0     0 I init    : Using Android DT directory /proc/device-tree/firmware/android/
01-14 09:45:44.035     0     0 I init    : Running restorecon...
01-14 09:45:44.052     0     0 E selinux : avc:  denied  { set } for  scontext=u:r:vendor_init:s0 tcontext=u:object_r:default_prop:s0 tclass=property_service permissive=0
01-14 09:45:44.052     0     0 E init    : Do not have permissions to set 'ro.product.vendor.otadevice' to 'ota.sdm660_64' in property file '/vendor/build.prop': SELinux permission check failed
01-14 09:45:44.052     0     0 E selinux : avc:  denied  { set } for  scontext=u:r:vendor_init:s0 tcontext=u:object_r:default_prop:s0 tclass=property_service permissive=0
01-14 09:45:44.052     0     0 E init    : Do not have permissions to set 'ro.product.vendor.otamodel' to 'ota.sdm660_64' in property file '/vendor/build.prop': SELinux permission check failed
01-14 09:45:44.052     0     0 E selinux : avc:  denied  { set } for  scontext=u:r:vendor_init:s0 tcontext=u:object_r:default_prop:s0 tclass=property_service permissive=0
01-14 09:45:44.052     0     0 E init    : Do not have permissions to set 'ro.product.vendor.otaname' to 'ota.sdm660_64' in property file '/vendor/build.prop': SELinux permission check failed
01-14 09:45:44.725     0     0 I oem-init: /vendor/bin/oem_init start with 1 parameters
01-14 09:45:44.725     0     0 I oem-init: sysfs:path sys/devices/soc0/project_id data 48 size 4
01-14 09:45:44.725     0     0 I oem-init: Project id: 48
01-14 09:45:44.725     0     0 I oem-init: model id: M50
01-14 09:45:44.726     0     0 I oem-init: product name: M50
01-14 09:45:44.726     0     0 I oem-init: oemmodel id: m50_nonpayment_wifi
01-14 09:45:44.726     0     0 I oem-init: common features: BT-WIFI-PwrLED-UartMux-TypeC
01-14 09:45:44.726     0     0 I oem-init: sku features: nqnfc-vib-ZBcr-GSen-LPSen-cuLED-Batt-MoSpk-DRP-Key3-amic-SD
01-14 09:45:44.728     0     0 I oem-init: sku accessorylist: PosHub
01-14 09:45:44.728     0     0 I oem-init: sku lcd_density: 240
01-14 09:45:46.317     0     0 I init    : wait for '/dev/block/platform/soc/c0c4000.sdhci' took 0ms
01-14 09:45:46.589   564   564 D QSEECOMD: : Init dlopen(librpmb.so, RTLD_NOW) succeeds
01-14 09:45:46.589   564   564 D QSEECOMD: : Init::Init dlsym(g_FSHandle rpmb_init_service) succeeds
01-14 09:45:46.589   564   564 E DrmLibRpmb: rpmb_init succeeded! with ret = 0
01-14 09:45:46.589   564   564 D QSEECOMD: : Init rpmb_init_service ret = 0
01-14 09:45:46.589   564   564 D QSEECOMD: : RPMB system services: init (Listener ID = 8192)
01-14 09:45:46.590   564   564 D QSEECOMD: : Init dlopen(libssd.so, RTLD_NOW) succeeds
01-14 09:45:46.590   564   564 D QSEECOMD: : Init::Init dlsym(g_FSHandle ssd_init_service) succeeds
01-14 09:45:46.590   564   564 E SSD     : ssd_init_service succeeded!
01-14 09:45:46.590   564   564 D QSEECOMD: : Init ssd_init_service ret = 0
01-14 09:45:46.590   564   564 D QSEECOMD: : SSD system services: init (Listener ID = 12288)
01-14 09:45:46.608   564   564 D QSEECOMD: : Init dlopen(libsecureui.so, RTLD_NOW) succeeds
01-14 09:45:46.608   564   564 D QSEECOMD: : Init::Init dlsym(g_FSHandle secure_ui_init) succeeds
01-14 09:45:46.608   564   564 D QSEECOMD: : Init secure_ui_init ret = 0
01-14 09:45:46.609   564   564 D QSEECOMD: : secure UI services: init (Listener ID = 16384)
01-14 09:45:46.609   564   564 D QSEECOMD: : Init dlopen(librpmb.so, RTLD_NOW) succeeds
01-14 09:45:46.609   564   564 D QSEECOMD: : Init::Init dlsym(g_FSHandle rpmb_start) succeeds
01-14 09:45:46.613   564   564 D QSEECOMD: : Init rpmb_start ret = 0
01-14 09:45:46.613   564   564 D QSEECOMD: : Init dlopen(libssd.so, RTLD_NOW) succeeds
01-14 09:45:46.613   564   564 D QSEECOMD: : Init::Init dlsym(g_FSHandle ssd_start) succeeds
01-14 09:45:46.614   564   564 D QSEECOMD: : Init ssd_start ret = 0
01-14 09:45:46.614   564   564 D QSEECOMD: : Init dlopen(libsecureui.so, RTLD_NOW) succeeds
01-14 09:45:46.614   564   564 D QSEECOMD: : Init::Init dlsym(g_FSHandle secure_ui_start) succeeds
01-14 09:45:46.614   564   564 D QSEECOMD: : Init secure_ui_start ret = 0
01-14 09:45:46.617   564   564 D QSEECOMD: : Init dlopen(libdrmtime.so, RTLD_NOW) succeeds
01-14 09:45:46.617   564   564 D QSEECOMD: : Init::Init dlsym(g_FSHandle atime_start) succeeds
01-14 09:45:46.617   564   564 D QSEECOMD: : Init atime_start ret = 0
01-14 09:45:46.618   564   564 D QSEECOMD: : Init dlopen(libdrmfs.so, RTLD_NOW) succeeds
01-14 09:45:46.618   564   564 D QSEECOMD: : Init::Init dlsym(g_FSHandle fs_start) succeeds
01-14 09:45:46.618   564   564 D QSEECOMD: : Init fs_start ret = 0
01-14 09:45:46.619   564   564 D QSEECOMD: : Init dlopen(libdrmfs.so, RTLD_NOW) succeeds
01-14 09:45:46.619   564   564 D QSEECOMD: : Init::Init dlsym(g_FSHandle gpfs_start) succeeds
01-14 09:45:46.621   564   564 D QSEECOMD: : Init gpfs_start ret = 0
01-14 09:45:46.622   564   564 D QSEECOMD: : Init dlopen(libqisl.so, RTLD_NOW) succeeds
01-14 09:45:46.622   564   564 D QSEECOMD: : Init::Init dlsym(g_FSHandle qisl_start) succeeds
01-14 09:45:46.623   564   564 D QSEECOMD: : Init qisl_start ret = 0
01-14 09:45:46.624   564   564 E QSEECOMD: : Init dlopen(libspl.so, RLTD_NOW) is failed.... dlopen failed: library "libspl.so" not found
01-14 09:45:46.626   564   564 D QSEECOMD: : Init dlopen(libGPreqcancel.so, RTLD_NOW) succeeds
01-14 09:45:46.626   564   564 D QSEECOMD: : Init::Init dlsym(g_FSHandle gp_reqcancel_start) succeeds
01-14 09:45:46.627   564   564 D QSEECOMD: : Init gp_reqcancel_start ret = 0
01-14 09:45:46.627   564   564 E QSEECOMD: : Init dlopen(libops.so, RLTD_NOW) is failed.... dlopen failed: library "libops.so" not found
01-14 09:45:46.638     0     0 I apr_tal_rpmsg qcom,glink: adsp.apr_audio_svc.-1.-1: apr_tal_rpmsg_probe: Channel[apr_audio_svc] state[Up]
01-14 09:45:46.650     0     0 I adsprpc : fastrpc_rpmsg_probe: opened rpmsg channel for adsp
01-14 09:45:46.709     0     0 I         : init.qti.qseeco (565) used greatest stack depth: 11520 bytes left
01-14 09:45:46.709     0     0 I init    : wait for '/dev/block/bootdevice/by-name/eloconf' took 0ms
01-14 09:45:46.874   510   510 I vold    : fscrypt_initialize_systemwide_keys
01-14 09:45:46.945   602   602 E fsverity_init: Failed to load /product/etc/security/fsverity/*.der
01-14 09:45:46.974   604   604 E fsverity_init: Failed to restrict .fs-verity keyring
01-14 09:45:47.073     0     0 W         : init (pid 1) is setting deprecated v1 encryption policy; recommend upgrading to v2.
01-14 09:45:47.099   510   510 D vold    : fscrypt_init_user0
01-14 09:45:47.350     0     0 I logd.daemon: reinit
01-14 09:45:47.362   618   618 D QC-time-services: Daemon:genoff_pre_init::Base = 0
01-14 09:45:47.362   618   618 D QC-time-services: Daemon:ats_rtc_init: Time read from RTC -- year = 70, month = 0,day = 14
01-14 09:45:47.363   618   618 D QC-time-services: Daemon ats_rtc_init: seconds = 1176346
01-14 09:45:47.363   618   618 D QC-time-services: Daemon:genoff_init_config: ATS_RTC initialized with rc: 0
01-14 09:45:47.363   618   618 D QC-time-services: Daemon:genoff_pre_init::Base = 1
01-14 09:45:47.364   618   618 D QC-time-services: Daemon:genoff_pre_init::Base = 2
01-14 09:45:47.364   618   618 D QC-time-services: Daemon:genoff_pre_init::Base = 3
01-14 09:45:47.365   618   618 D QC-time-services: Daemon:genoff_post_init:Error in accessing storage
01-14 09:45:47.365   618   618 D QC-time-services: Daemon:genoff_pre_init::Base = 4
01-14 09:45:47.365   618   618 D QC-time-services: Daemon:genoff_post_init:Error in accessing storage
01-14 09:45:47.365   618   618 D QC-time-services: Daemon:genoff_pre_init::Base = 5
01-14 09:45:47.365   618   618 D QC-time-services: Daemon:genoff_post_init:Error in accessing storage
01-14 09:45:47.365   618   618 D QC-time-services: Daemon:genoff_pre_init::Base = 6
01-14 09:45:47.365   618   618 D QC-time-services: Daemon:genoff_post_init:Error in accessing storage
01-14 09:45:47.365   618   618 D QC-time-services: Daemon:genoff_pre_init::Base = 7
01-14 09:45:47.365   618   618 D QC-time-services: Daemon:genoff_post_init:Error in accessing storage
01-14 09:45:47.365   618   618 D QC-time-services: Daemon:genoff_pre_init::Base = 8
01-14 09:45:47.365   618   618 D QC-time-services: Daemon:genoff_post_init:Error in accessing storage
01-14 09:45:47.365   618   618 D QC-time-services: Daemon:genoff_pre_init::Base = 9
01-14 09:45:47.365   618   618 D QC-time-services: Daemon:genoff_post_init:Error in accessing storage
01-14 09:45:47.365   618   618 D QC-time-services: Daemon:genoff_pre_init::Base = 10
01-14 09:45:47.365   618   618 D QC-time-services: Daemon:genoff_post_init:Error in accessing storage
01-14 09:45:47.365   618   618 D QC-time-services: Daemon:genoff_pre_init::Base = 11
01-14 09:45:47.365   618   618 D QC-time-services: Daemon:genoff_post_init:Error in accessing storage
01-14 09:45:47.365   618   618 D QC-time-services: Daemon:genoff_pre_init::Base = 12
01-14 09:45:47.365   618   618 D QC-time-services: Daemon:genoff_post_init:Error in accessing storage
01-14 09:45:47.365   618   618 D QC-time-services: Daemon:genoff_pre_init::Base = 13
01-14 09:45:47.365   618   618 D QC-time-services: Daemon:genoff_post_init:Error in accessing storage
01-14 09:45:47.365   618   618 D QC-time-services: Daemon:genoff_pre_init::Base = 14
01-14 09:45:47.365   618   618 D QC-time-services: Daemon:genoff_post_init:Error in accessing storage
01-14 09:45:47.365   618   618 D QC-time-services: Daemon:genoff_pre_init::Base = 15
01-14 09:45:47.365   618   618 D QC-time-services: Daemon:genoff_post_init:Error in accessing storage
01-14 09:45:47.365   618   618 D QC-time-services: Daemon:genoff_pre_init::Base = 16
01-14 09:45:47.366   618   618 D QC-time-services: Daemon:genoff_pre_init::Base = 17
01-14 09:45:47.366   618   618 D QC-time-services: Daemon:genoff_post_init:Error in accessing storage
01-14 09:45:47.366   618   618 D QC-time-services: Daemon:genoff_pre_init::Base = 18
01-14 09:45:47.366   618   618 D QC-time-services: Daemon:genoff_post_init:Error in accessing storage
01-14 09:45:47.366   618   618 D QC-time-services: Daemon:genoff_init_config: Other bases initilized, exiting genoff_init
01-14 09:45:47.366   618   618 D QC-time-services: Daemon:genoff_boot_tod_init: Updating system time to sec=1623321802, usec=734000
01-14 09:45:47.516     0     0 I adsprpc : fastrpc_rpmsg_probe: opened rpmsg channel for cdsp
06-10 06:43:22.899   626   626 I netdClient: Skipping libnetd_client init since *we* are netd
06-10 06:43:23.519   627   627 D AndroidRuntime: >>>>>> START com.android.internal.os.ZygoteInit uid 0 <<<<<<
06-10 06:43:23.578   679   679 I QTI PowerHAL: Initing
06-10 06:43:23.583   689   689 I OEMPowerUtil: initialize().
06-10 06:43:23.603   676   676 I health@2.0/: health@2.0/default: Hal init done
06-10 06:43:23.612   618   618 D QC-time-services: Daemon:genoff_modem_qmi_init: Initializing QMI 
06-10 06:43:23.623   682   682 D qdhdmi_cec: cec_init_context: CEC enabled
06-10 06:43:23.633   618   732 D QC-time-services: Daemon: Time-services: All initializations done
06-10 06:43:23.639   720   720 I vendor.rmt_storage: Shared memory initialised successfully.
06-10 06:43:23.639   718   718 I qpart-server: init all signals
06-10 06:43:23.641   721   721 I tftp_server: Initializing tftp_server RING buffer
06-10 06:43:23.641     0     0 E rmt_storage: INFO:main: Done with init now waiting for messages!
06-10 06:43:23.681     0     0 W oem_init: 37 output lines suppressed due to ratelimiting
06-10 06:43:23.706     0     0 I servloc : init_service_locator: Service locator initialized
06-10 06:43:23.719     0     0 I ADSPRPC : audio_pdr_adsprpc is uninitialzed
06-10 06:43:23.722     0     0 I ADSPRPC : sensors_pdr_adsprpc is uninitialzed
06-10 06:43:23.725     0     0 E msm-audio-ion soc: qcom,msm-audio-apr:qcom,msm-audio-ion: msm_audio_ion_probe: qcom,smmu-sid-mask missing in DT node, using default
06-10 06:43:23.736   747   768 I         : OEM debug sns_reg_storage_init: sns_reg_filename = /mnt/vendor/persist/sensors/sns.reg
06-10 06:43:23.774   747   768 I         : OEM debug sns_reg_storage_init: update_gsensor_nv from OTP succeed
06-10 06:43:23.801   628   628 D AndroidRuntime: >>>>>> START com.android.internal.os.ZygoteInit uid 0 <<<<<<
06-10 06:43:23.837     0     0 I sdm660-asoc-snd soc: qcom,msm-audio-apr:qcom,q6core-audio:sound: msm_internal_init: default codec configured
06-10 06:43:23.867   675   675 I SDM     : ScalarConfig::Init: DE sharpness value is 50
06-10 06:43:23.894   675   675 I SDM     : CPUHint::Init: Invalid CPU Hint Pre-enable Window -1
06-10 06:43:23.894   675   675 I SDM     : HWDevice::Init: access(/dev/graphics/fb0) successful
06-10 06:43:23.915   675   675 W SDM     : DisplayBase::Init: InitColorModes failed for display = 0
06-10 06:43:23.916   675   675 I SDM     : HWCDisplay::Init: Display created with id: 0
06-10 06:43:23.956   665   665 I sound_trigger_platform: platform_stdev_init: Enter
06-10 06:43:24.114   669   669 I mm-camera: < INFO> 421: init: memleak lib init.
06-10 06:43:24.114   669   669 I mm-camera: < INFO> 440: init: memleak tracer not attached
06-10 06:43:24.116   669   669 I mm-camera: <SENSOR>< INFO> 589: sensor_init_probe: opening: /dev/v4l-subdev11
06-10 06:43:24.116   669   669 I mm-camera: <SENSOR>< INFO> 598: sensor_init_probe: failed: to probe eeprom bin sensors (non-fatal)
06-10 06:43:24.131     0     0 E msm_sensor_fill_eeprom_subdevid_by_name: 469 Eeprom userspace probe for ov8856_gt24p64b
06-10 06:43:24.160     0     0 I msm_cci_init: 1440: hw_version = 0x10060000
06-10 06:43:24.163     0     0 E         : ov8856 probe succeeded
06-10 06:43:24.198   665   797 D audio_hw_extn: snd_mon_feature_init: Called with feature Enabled
06-10 06:43:24.201   665   797 D audio_hw_extn: snd_mon_feature_init:: ---- Feature SND_MONITOR is Enabled ----
06-10 06:43:24.201   665   797 W audio_hw_extn: :: compr_cap_feature_init: ---- Feature COMPRESS_CAPTURE is disabled ----
06-10 06:43:24.201   665   797 D audio_hw_extn: dsm_feedback_feature_init: Called with feature NOT Enabled
06-10 06:43:24.201   665   797 W audio_hw_extn: :: dsm_feedback_feature_init: ---- Feature DSM_FEEDBACK is disabled ----
06-10 06:43:24.208   665   797 D audio_hw_extn: ssrec_feature_init:: ---- Feature SSREC is Enabled ----
06-10 06:43:24.208   665   797 D audio_hw_extn: src_trkn_feature_init:: ---- Feature SOURCE_TRACKING is Enabled ----
06-10 06:43:24.208   665   797 D audio_hw_extn: hdmi_edid_feature_init: HDMI_EDID feature Enabled
06-10 06:43:24.212   665   797 D audio_hw_extn: hdmi_edid_feature_init:: ---- Feature HDMI_EDID is Enabled ----
06-10 06:43:24.212   665   797 D audio_hw_extn: :: keep_alive_feature_init: ---- Feature KEEP_ALIVE is  NOT ENABLED ----
06-10 06:43:24.212   665   797 D audio_hw_extn: :: hifi_audio_feature_init: ---- Feature HIFI_AUDIO is ENABLED ----
06-10 06:43:24.212   665   797 D audio_hw_extn: :: ras_feature_init: ---- Feature RAS_FEATURE is ENABLED ----
06-10 06:43:24.213   665   797 D audio_hw_extn: :: kpi_optimize_feature_init: ---- Feature KPI_OPTIMIZE is ENABLED ----
06-10 06:43:24.213   665   797 D audio_hw_extn: usb_offload_feature_init: Called with feature Enabled
06-10 06:43:24.213   665   797 D audio_hw_extn: usb_offload_burst_mode_feature_init: Called with feature NOT Enabled
06-10 06:43:24.213   665   797 D audio_hw_extn: usb_offload_sidetone_volume_feature_init: Called with feature NOT Enabled
06-10 06:43:24.213   665   797 D audio_hw_extn: a2dp_offload_feature_init: Called with feature Enabled
06-10 06:43:24.218   665   797 D audio_hw_extn: a2dp_offload_feature_init:: ---- Feature A2DP_OFFLOAD is Enabled ----
06-10 06:43:24.218   665   797 D audio_hw_extn: :: vbat_feature_init: ---- Feature VBAT is ENABLED ----
06-10 06:43:24.218   665   797 D audio_hw_extn: :: display_port_feature_init: ---- Feature DISPLAY_PORT is ENABLED ----
06-10 06:43:24.218   665   797 D audio_hw_extn: :: fluence_feature_init: ---- Feature FLUENCE is ENABLED ----
06-10 06:43:24.218   665   797 D audio_hw_extn: :: custom_stereo_feature_init: ---- Feature CUSTOM_STEREO is ENABLED ----
06-10 06:43:24.218   665   797 D audio_hw_extn: :: anc_headset_feature_init: ---- Feature ANC_HEADSET is ENABLED----
06-10 06:43:24.218   665   797 D audio_hw_extn: spkr_prot_feature_init: Called with feature Enabled, vendor_enhanced_info 0x3
06-10 06:43:24.221   665   797 D audio_hw_extn: spkr_prot_feature_init:: ---- Feature SPKR_PROT is Enabled ----
06-10 06:43:24.221   665   797 D audio_hw_extn: fm_feature_init: ---- Feature FM_POWER_OPT is ENABLED----
06-10 06:43:24.221   665   797 D audio_hw_extn: external_qdsp_feature_init: Called with feature NOT Enabled
06-10 06:43:24.221   665   797 W audio_hw_extn: :: external_qdsp_feature_init: ---- Feature EXTERNAL_QDSP is disabled ----
06-10 06:43:24.221   665   797 D audio_hw_extn: external_speaker_feature_init: Called with feature NOT Enabled
06-10 06:43:24.221   665   797 W audio_hw_extn: :: external_speaker_feature_init: ---- Feature EXTERNAL_SPKR is disabled ----
06-10 06:43:24.221   665   797 D audio_hw_extn: external_speaker_tfa_feature_init: Called with feature NOT Enabled
06-10 06:43:24.221   665   797 W audio_hw_extn: :: external_speaker_tfa_feature_init: ---- Feature EXTERNAL_SPKR_TFA is disabled ----
06-10 06:43:24.221   665   797 D audio_hw_extn: hwdep_cal_feature_init: Called with feature NOT Enabled
06-10 06:43:24.221   665   797 W audio_hw_extn: :: hwdep_cal_feature_init: ---- Feature HWDEP_CAL is disabled ----
06-10 06:43:24.221   665   797 D audio_hw_extn: hfp_feature_init: Called with feature Enabled
06-10 06:43:24.227   665   797 D audio_hw_extn: hfp_feature_init:: ---- Feature HFP is Enabled ----
06-10 06:43:24.227   665   797 D audio_hw_extn: ext_hw_plugin_feature_init: Called with feature NOT Enabled
06-10 06:43:24.227   665   797 W audio_hw_extn: :: ext_hw_plugin_feature_init: ---- Feature EXT_HW_PLUGIN is disabled ----
06-10 06:43:24.227   665   797 D audio_hw_extn: record_play_concurency_feature_init: ---- Feature RECORD_PLAY_CONCURRENCY is NOT ENABLED----
06-10 06:43:24.227   665   797 D audio_hw_extn: hdmi_passthrough_feature_init: Called with feature Enabled
06-10 06:43:24.232   665   797 E audio_hw_extn: hdmi_passthrough_feature_init: dlsym failed
06-10 06:43:24.232   665   797 W audio_hw_extn: :: hdmi_passthrough_feature_init: ---- Feature HDMI_PASSTHROUGH is disabled ----
06-10 06:43:24.232   665   797 D audio_hw_extn: concurrent_capture_feature_init: ---- Feature CONCURRENT_CAPTURE is NOT ENABLED----
06-10 06:43:24.232   665   797 D audio_hw_extn: compress_in_feature_init: ---- Feature COMPRESS_IN is NOT ENABLED----
06-10 06:43:24.232   665   797 W audio_hw_extn: :: battery_listener_feature_init: ---- Feature BATTERY_LISTENER is disabled ----
06-10 06:43:24.232   665   797 D audio_hw_extn: maxx_audio_feature_init: Called with feature NOT Enabled
06-10 06:43:24.232   665   797 W audio_hw_extn: :: maxx_audio_feature_init: ---- Feature MAXX_AUDIO is disabled ----
06-10 06:43:24.232   665   797 D audio_hw_extn: audiozoom_feature_init: Called with feature NOT Enabled
06-10 06:43:24.232   665   797 W audio_hw_extn: :: audiozoom_feature_init: ---- Feature AUDIOZOOM is disabled ----
06-10 06:43:24.232   665   797 D voice_extn: :: dynamic_ecns_feature_init: ---- Feature DYNAMIC_ECNS is NOT ENABLED ----
06-10 06:43:24.242   665   797 E audio_hw_extn: audio_extn_perf_lock_init: Perf lock handles Success 
06-10 06:43:24.296     0     0 E         : se475x probe succeeded
06-10 06:43:24.382     0     0 E MSM-SENSOR-INIT msm_sensor_init_subdev_do_ioctl: 150 msm_sensor_init_subdev_do_ioctl:150 VIDIOC_MSM_SENSOR_INIT_CFG failed (non-fatal)
06-10 06:43:24.382   669   669 I mm-camera: <SENSOR>< INFO> 246: sensor_probe: [ov8856]CFG_SINIT_PROBE failed
06-10 06:43:24.382   669   669 I mm-camera: <SENSOR>< INFO> 399: sensor_init_xml_probe: failed: to probe ov8856
06-10 06:43:24.389     0     0 E MSM-SENSOR-INIT msm_sensor_init_subdev_do_ioctl: 150 msm_sensor_init_subdev_do_ioctl:150 VIDIOC_MSM_SENSOR_INIT_CFG failed (non-fatal)
06-10 06:43:24.389   669   669 I mm-camera: <SENSOR>< INFO> 246: sensor_probe: [s5k5e9yx04]CFG_SINIT_PROBE failed
06-10 06:43:24.389   669   669 I mm-camera: <SENSOR>< INFO> 399: sensor_init_xml_probe: failed: to probe s5k5e9yx04
06-10 06:43:24.390     0     0 I msm_csid_init: CSID_VERSION = 0x30050000
06-10 06:43:24.394     0     0 I msm_csid_init: CSID_VERSION = 0x30050000
06-10 06:43:24.401     0     0 I [init][200035133][10:43:24.401863] wlan: [480:I:tdls] ucfg_tdls_init: 40: tdls module dispatcher init
06-10 06:43:24.401     0     0 I [init][200035278][10:43:24.401870] wlan: [480:I:tdls] ucfg_tdls_init: 72: tdls module dispatcher init done
06-10 06:43:24.401     0     0 I [init][200035472][10:43:24.401880] wlan: [480:I:POLICY_MGR] policy_mgr_init: 214: Callbacks registered with obj mgr
06-10 06:43:24.404     0     0 I         : wlan_hdd_state wlan major(498) initialized
06-10 06:43:24.404     0     0 I init    : Command 'insmod /vendor/lib/modules/qca_cld3_wlan.ko band_cfg=${persist.vendor.wifi.band.conf} dfs_cfg=${persist.vendor.wifi.dfs.conf} ps_cfg=${vendor.setting.wifi.ps_ena}' action=boot (/vendor/etc/init/hw/init.target.rc:109) took 593ms and succeeded
06-10 06:43:24.407     0     0 I init    : processing action (boot) from (/system/etc/init/bootstat.rc:63)
06-10 06:43:24.407     0     0 I init    : processing action (boot) from (/system/etc/init/dumpstate.rc:1)
06-10 06:43:24.407     0     0 I init    : processing action (boot) from (/system/etc/init/elabel.rc:1)
06-10 06:43:24.415     0     0 I init    : processing action (boot) from (/system/etc/init/gsid.rc:14)
06-10 06:43:24.416     0     0 I init    : starting service 'exec 16 (/system/bin/gsid run-startup-tasks)'...
06-10 06:43:24.418     0     0 I init    : processing action (boot) from (/system/etc/init/init.castles.rc:29)
06-10 06:43:24.418     0     0 E init    : property 'persist.serialno' doesn't exist while expanding '${persist.serialno}'
06-10 06:43:24.418     0     0 I init    : Command 'setprop ro.serialno ${persist.serialno}' action=boot (/system/etc/init/init.castles.rc:30) took 0ms and failed: cannot expand '${persist.serialno}'
06-10 06:43:24.418     0     0 E init    : property 'persist.serialno' doesn't exist while expanding '${persist.serialno}'
06-10 06:43:24.434     0     0 I msm_cci_init: 1440: hw_version = 0x10060000
06-10 06:43:24.510   896   896 E /vendor/bin/adsprpcd: vendor/qcom/proprietary/commonsys-intf/adsprpc/src/adspmsgd.c:93:adspmsgd_init failed with error -1
06-10 06:43:24.510   896   896 V /vendor/bin/adsprpcd: vendor/qcom/proprietary/commonsys-intf/adsprpc/src/fastrpc_perf.c:213: fastrpc_perf_init: enabled RPC traces (kernel 0, dsp 0) with frequency 1000
06-10 06:43:24.525   898   898 E Diag_Lib: qpLogDiagInit <== result : 1
06-10 06:43:24.538   890   890 I Dpps    : WaitForComposer():129 Waiting for composer service init
06-10 06:43:24.543   895   895 I ThermalEngine: devices_manager_init: Init
06-10 06:43:24.546   901   901 I CLD80211: /system/vendor/bin/cnss_diag: initialized exit socket pair
06-10 06:43:24.557   901   901 I CNSS    : initialize_cnsslog_timer: create cnss log timer 
06-10 06:43:24.565   895   895 I ThermalEngine: tmd_init_cluster_devs: No clusters found
06-10 06:43:24.567   895   895 E ThermalEngine: tmd_init_npu_device: Invalid NPU level:-1.
06-10 06:43:24.567   895   895 E ThermalEngine: devices_init: Init NPU TMD failed -12
06-10 06:43:24.569   895   895 I ThermalEngine: vdd_rstr_init: Could not read /sys/module/msm_thermal/vdd_restriction/enabled
06-10 06:43:24.572   895   895 E ThermalEngine: Unable to init battery charging mitigation to 0
06-10 06:43:24.573   895   895 I ThermalEngine: sensors_manager_init: Init
06-10 06:43:24.608   895   895 E ThermalEngine: pid_init_data: ERROR Uknown device
06-10 06:43:24.612   895   895 E ThermalEngine: virtual_sensors_init: Error getting virtual sensors set
06-10 06:43:24.613   895   895 E ThermalEngine: pid_algo_init: Sensor clnt create fail pop_mem
06-10 06:43:24.613   895   895 E ThermalEngine: pid_algo_init: Sensor clnt create fail cpu3
06-10 06:43:24.613   895   895 E ThermalEngine: pid_algo_init: Sensor clnt create fail cpu2
06-10 06:43:24.613   895   895 E ThermalEngine: pid_algo_init: Sensor clnt create fail cpu1
06-10 06:43:24.613   895   895 E ThermalEngine: pid_algo_init: Sensor clnt create fail cpu0
06-10 06:43:24.613   895   895 I ThermalEngine: pid_algo_init: No PID's to be configured.
06-10 06:43:24.613   895   895 I ThermalEngine: ss_algo_init: No SS's configured.
06-10 06:43:24.656   897   897 V /vendor/bin/adsprpcd: vendor/qcom/proprietary/commonsys-intf/adsprpc/src/fastrpc_perf.c:213: fastrpc_perf_init: enabled RPC traces (kernel 0, dsp 0) with frequency 1000
06-10 06:43:24.667   903   903 E Diag_Lib: qpLogDiagInit <== result : 1; log_write_mutex is Initialized
06-10 06:43:24.718   999   999 I CLD80211: /system/vendor/bin/cnss-daemon: initialized exit socket pair
06-10 06:43:24.718   999   999 I cnss-daemon: interop issues ap init successfully
06-10 06:43:24.718   999   999 I cnss-daemon:  cnss hang event handler init successfully
06-10 06:43:24.722   999   999 E cnss-daemon: Failed to init genl between daemon and platform, continue
06-10 06:43:24.796  1012  1012 I /system/bin/tombstoned: tombstoned successfully initialized
06-10 06:43:24.897   628   628 I sysui_multi_action: [757,804,799,boot_zygote_init,801,7203,802,1]
06-10 06:43:24.897   627   627 I sysui_multi_action: [757,804,799,boot_zygote_init,801,7193,802,1]
06-10 06:43:24.952   628   628 D Zygote32Timing: PostZygoteInitGC took to complete: 28ms
06-10 06:43:24.954   628   628 D Zygote32Timing: ZygoteInit took to complete: 29ms
06-10 06:43:25.050   626   626 I netd    : Initializing ClatdController: 0.7ms
06-10 06:43:25.054   626   626 I netd    : Initializing traffic control: 4.4ms
06-10 06:43:25.062   626   626 I netd    : Initializing RouteController: 1.6ms
06-10 06:43:25.064   669   669 E mm-camera: <SENSOR><ERROR> ov8856_gt24p64b_format_afdata: 223: AF : macro 400 infinity 280 (now starting DAC set to infinity)
06-10 06:43:25.064   669   669 E mm-camera: <SENSOR><ERROR> 129: eeprom_af_add_margin: AF_infinity_dac:262, macro_dac:478
06-10 06:43:25.064   669   669 E mm-camera: <SENSOR><ERROR> 7675: module_sensor_init_eeprom: Exit subdev_id[SUB_MODULE_EEPROM] == -1
06-10 06:43:25.124  1069  1069 E Diag_Lib: qpLogDiagInit <== result : 1
06-10 06:43:25.144   626   626 I netd    : Initializing XfrmController: 82.1ms
06-10 06:43:25.147   626   626 I libnetd_resolv: resolv_init: Initializing resolver
06-10 06:43:25.199  1112  1112 I MSM-irqbalance: msm-irq_balance (1.3) initialized
06-10 06:43:25.325   618   728 D QC-time-services: Daemon:genoff_modem_qmi_service_handle_cb: Initial transaction successful
06-10 06:43:25.370   669   669 I mm-camera: <ISP   >< INFO> 926: module_isp_init: module 0xeb914780
06-10 06:43:25.371   675   675 I SDM     : HWCColorManager::CreateColorManager: Successfully loaded libsdm-disp-vndapis.so and libsdm-diag.so and diag_init'ed
06-10 06:43:25.373     0     0 I MSM-CPP cpp_init_hardware: 1135 CPP HW Version: 0x60010002
06-10 06:43:25.373     0     0 E MSM-CPP cpp_init_hardware: 1153 stream_cnt:0
06-10 06:43:25.376   714   714 I SurfaceFlinger: SurfaceFlinger's main thread ready to run. Initializing graphics H/W...
06-10 06:43:25.492   669   669 I mm-camera: <CPP   >< INFO> 191: cpp_module_init: info: CPP module_init successful
06-10 06:43:25.594   669   669 E mm-camera: <IMGLIB><ERROR> 3592: module_imgbase_init: ppeiscore] Error rc -7
06-10 06:43:25.606   669   669 E mm-camera: <IMGLIB><ERROR> 3592: module_imgbase_init: llvd] Error rc -7
06-10 06:43:25.612   669   669 E mm-camera: <IMGLIB><ERROR> 4510: module_qdc_common_init:  Algo Capabilities Crop caps 1,core type 2, access mode 1, exec mode 1
06-10 06:43:25.622   669   669 E mm-camera: <IMGLIB><ERROR> 3592: module_imgbase_init: mfproc_precpp] Error rc -7
06-10 06:43:25.644   669   669 E mm-camera: <IMGLIB><ERROR> 3592: module_imgbase_init: imglib_chroma_flash] Error rc -7
06-10 06:43:25.644   669   669 W mm-camera: <IMGLIB>< WARN> 748: module_imglib_create_topology: Can not init the module imglib_chroma_flash
06-10 06:43:25.646   669   669 E mm-camera: <IMGLIB><ERROR> 3592: module_imgbase_init: imglib_optizoom] Error rc -7
06-10 06:43:25.646   669   669 W mm-camera: <IMGLIB>< WARN> 748: module_imglib_create_topology: Can not init the module imglib_optizoom
06-10 06:43:25.647   669   669 E mm-camera: <IMGLIB><ERROR> 3592: module_imgbase_init: imglib_ubifocus] Error rc -7
06-10 06:43:25.647   669   669 W mm-camera: <IMGLIB>< WARN> 748: module_imglib_create_topology: Can not init the module imglib_ubifocus
06-10 06:43:25.647   669   669 E mm-camera: <IMGLIB><ERROR> 3592: module_imgbase_init: imglib_refocus] Error rc -7
06-10 06:43:25.648   669   669 W mm-camera: <IMGLIB>< WARN> 748: module_imglib_create_topology: Can not init the module imglib_refocus
