06-10 06:43:31.849  1610  1610 I a2dp_codec: init: updated SBC codec priority to 1001
06-10 06:43:31.849  1610  1610 D a2dp_aac: init: AAC enabled in HW mode
06-10 06:43:31.849  1610  1610 I a2dp_codec: init: updated AAC codec priority to 2001
06-10 06:43:31.849  1610  1610 D a2dp_vendor_aptx: init: APTX enabled in HW mode
06-10 06:43:31.849  1610  1610 I a2dp_codec: init: updated aptX codec priority to -1
06-10 06:43:31.849  1610  1610 D a2dp_vendor_aptx_hd: init: APTX-HD enabled in HW mode
06-10 06:43:31.849  1610  1610 I a2dp_codec: init: updated aptX-HD codec priority to -1
06-10 06:43:31.849  1610  1610 D a2dp_vendor_aptx_adaptive: init: APTX-Adaptive enabled in HW mode
06-10 06:43:31.849  1610  1610 I a2dp_codec: init: updated aptX-adaptive codec priority to -1
06-10 06:43:31.849  1610  1610 D a2dp_vendor_ldac: init: LDAC enabled in HW mode
06-10 06:43:31.849  1610  1610 I a2dp_codec: init: updated LDAC codec priority to -1
06-10 06:43:31.849  1610  1610 I a2dp_codec: init: updated aptX-TWS codec priority to -1
06-10 06:43:31.849  1610  1610 I a2dp_codec: init: initialized Source codec AAC
06-10 06:43:31.849  1610  1610 I a2dp_codec: init: initialized Source codec SBC
06-10 06:43:31.849  1610  1610 I a2dp_codec: init: initialized Sink codec SBC(Sink)
06-10 06:43:31.849  1610  1610 D a2dp_codec: init
06-10 06:43:31.849  1610  1610 D a2dp_sbc: init: SBC enabled in HW mode
06-10 06:43:31.849  1610  1610 I a2dp_codec: init: updated SBC codec priority to 1001
06-10 06:43:31.849  1610  1610 D a2dp_aac: init: AAC enabled in HW mode
06-10 06:43:31.849  1610  1610 I a2dp_codec: init: updated AAC codec priority to 2001
06-10 06:43:31.849  1610  1610 D a2dp_vendor_aptx: init: APTX enabled in HW mode
06-10 06:43:31.849  1610  1610 I a2dp_codec: init: updated aptX codec priority to -1
06-10 06:43:31.849  1610  1610 D a2dp_vendor_aptx_hd: init: APTX-HD enabled in HW mode
06-10 06:43:31.849  1610  1610 I a2dp_codec: init: updated aptX-HD codec priority to -1
06-10 06:43:31.849  1610  1610 D a2dp_vendor_aptx_adaptive: init: APTX-Adaptive enabled in HW mode
06-10 06:43:31.849  1610  1610 I a2dp_codec: init: updated aptX-adaptive codec priority to -1
06-10 06:43:31.849  1610  1610 D a2dp_vendor_ldac: init: LDAC enabled in HW mode
06-10 06:43:31.849  1610  1610 I a2dp_codec: init: updated LDAC codec priority to -1
06-10 06:43:31.849  1610  1610 I a2dp_codec: init: updated aptX-TWS codec priority to -1
06-10 06:43:31.849  1610  1610 I a2dp_codec: init: initialized Source codec AAC
06-10 06:43:31.849  1610  1610 I a2dp_codec: init: initialized Source codec SBC
06-10 06:43:31.849  1610  1610 I a2dp_codec: init: initialized Sink codec SBC(Sink)
06-10 06:43:31.849  1610  1610 D a2dp_codec: init
06-10 06:43:31.849  1610  1610 D a2dp_sbc: init: SBC enabled in HW mode
06-10 06:43:31.849  1610  1610 I a2dp_codec: init: updated SBC codec priority to 1001
06-10 06:43:31.849  1610  1610 D a2dp_aac: init: AAC enabled in HW mode
06-10 06:43:31.849  1610  1610 I a2dp_codec: init: updated AAC codec priority to 2001
06-10 06:43:31.849  1610  1610 D a2dp_vendor_aptx: init: APTX enabled in HW mode
06-10 06:43:31.849  1610  1610 I a2dp_codec: init: updated aptX codec priority to -1
06-10 06:43:31.849  1610  1610 D a2dp_vendor_aptx_hd: init: APTX-HD enabled in HW mode
06-10 06:43:31.849  1610  1610 I a2dp_codec: init: updated aptX-HD codec priority to -1
06-10 06:43:31.849  1610  1610 D a2dp_vendor_aptx_adaptive: init: APTX-Adaptive enabled in HW mode
06-10 06:43:31.849  1610  1610 I a2dp_codec: init: updated aptX-adaptive codec priority to -1
06-10 06:43:31.849  1610  1610 D a2dp_vendor_ldac: init: LDAC enabled in HW mode
06-10 06:43:31.849  1610  1610 I a2dp_codec: init: updated LDAC codec priority to -1
06-10 06:43:31.849  1610  1610 I a2dp_codec: init: updated aptX-TWS codec priority to -1
06-10 06:43:31.849  1610  1610 I a2dp_codec: init: initialized Source codec AAC
06-10 06:43:31.849  1610  1610 I a2dp_codec: init: initialized Source codec SBC
06-10 06:43:31.849  1610  1610 I a2dp_codec: init: initialized Sink codec SBC(Sink)
06-10 06:43:31.849  1610  1610 D a2dp_codec: init
06-10 06:43:31.849  1610  1610 D a2dp_sbc: init: SBC enabled in HW mode
06-10 06:43:31.849  1610  1610 I a2dp_codec: init: updated SBC codec priority to 1001
06-10 06:43:31.849  1610  1610 D a2dp_aac: init: AAC enabled in HW mode
06-10 06:43:31.849  1610  1610 I a2dp_codec: init: updated AAC codec priority to 2001
06-10 06:43:31.849  1610  1610 D a2dp_vendor_aptx: init: APTX enabled in HW mode
06-10 06:43:31.849  1610  1610 I a2dp_codec: init: updated aptX codec priority to -1
06-10 06:43:31.850  1610  1610 D a2dp_vendor_aptx_hd: init: APTX-HD enabled in HW mode
06-10 06:43:31.850  1610  1610 I a2dp_codec: init: updated aptX-HD codec priority to -1
06-10 06:43:31.850  1610  1610 D a2dp_vendor_aptx_adaptive: init: APTX-Adaptive enabled in HW mode
06-10 06:43:31.850  1610  1610 I a2dp_codec: init: updated aptX-adaptive codec priority to -1
06-10 06:43:31.850  1610  1610 D a2dp_vendor_ldac: init: LDAC enabled in HW mode
06-10 06:43:31.850  1610  1610 I a2dp_codec: init: updated LDAC codec priority to -1
06-10 06:43:31.850  1610  1610 I a2dp_codec: init: updated aptX-TWS codec priority to -1
06-10 06:43:31.850  1610  1610 I a2dp_codec: init: initialized Source codec AAC
06-10 06:43:31.850  1610  1610 I a2dp_codec: init: initialized Source codec SBC
06-10 06:43:31.850  1610  1610 I a2dp_codec: init: initialized Sink codec SBC(Sink)
06-10 06:43:31.850  1610  1610 D a2dp_codec: init
06-10 06:43:31.850  1610  1610 D a2dp_sbc: init: SBC enabled in HW mode
06-10 06:43:31.850  1610  1610 I a2dp_codec: init: updated SBC codec priority to 1001
06-10 06:43:31.850  1610  1610 D a2dp_aac: init: AAC enabled in HW mode
06-10 06:43:31.850  1610  1610 I a2dp_codec: init: updated AAC codec priority to 2001
06-10 06:43:31.850  1610  1610 D a2dp_vendor_aptx: init: APTX enabled in HW mode
06-10 06:43:31.850  1610  1610 I a2dp_codec: init: updated aptX codec priority to -1
06-10 06:43:31.850  1610  1610 D a2dp_vendor_aptx_hd: init: APTX-HD enabled in HW mode
06-10 06:43:31.850  1610  1610 I a2dp_codec: init: updated aptX-HD codec priority to -1
06-10 06:43:31.850  1610  1610 D a2dp_vendor_aptx_adaptive: init: APTX-Adaptive enabled in HW mode
06-10 06:43:31.850  1610  1610 I a2dp_codec: init: updated aptX-adaptive codec priority to -1
06-10 06:43:31.850  1610  1610 D a2dp_vendor_ldac: init: LDAC enabled in HW mode
06-10 06:43:31.850  1610  1610 I a2dp_codec: init: updated LDAC codec priority to -1
06-10 06:43:31.850  1610  1610 I a2dp_codec: init: updated aptX-TWS codec priority to -1
06-10 06:43:31.850  1610  1610 I a2dp_codec: init: initialized Source codec AAC
06-10 06:43:31.850  1610  1610 I a2dp_codec: init: initialized Source codec SBC
06-10 06:43:31.850  1610  1610 I a2dp_codec: init: initialized Sink codec SBC(Sink)
06-10 06:43:31.850  1610  1610 D a2dp_codec: init
06-10 06:43:31.850  1610  1610 D a2dp_sbc: init: SBC enabled in HW mode
06-10 06:43:31.850  1610  1610 I a2dp_codec: init: updated SBC codec priority to 1001
06-10 06:43:31.850  1610  1610 D a2dp_aac: init: AAC enabled in HW mode
06-10 06:43:31.850  1610  1610 I a2dp_codec: init: updated AAC codec priority to 2001
06-10 06:43:31.850  1610  1610 D a2dp_vendor_aptx: init: APTX enabled in HW mode
06-10 06:43:31.850  1610  1610 I a2dp_codec: init: updated aptX codec priority to -1
06-10 06:43:31.850  1610  1610 D a2dp_vendor_aptx_hd: init: APTX-HD enabled in HW mode
06-10 06:43:31.850  1610  1610 I a2dp_codec: init: updated aptX-HD codec priority to -1
06-10 06:43:31.850  1610  1610 D a2dp_vendor_aptx_adaptive: init: APTX-Adaptive enabled in HW mode
06-10 06:43:31.850  1610  1610 I a2dp_codec: init: updated aptX-adaptive codec priority to -1
06-10 06:43:31.850  1610  1610 D a2dp_vendor_ldac: init: LDAC enabled in HW mode
06-10 06:43:31.850  1610  1610 I a2dp_codec: init: updated LDAC codec priority to -1
06-10 06:43:31.850  1610  1610 I a2dp_codec: init: updated aptX-TWS codec priority to -1
06-10 06:43:31.850  1610  1610 I a2dp_codec: init: initialized Source codec AAC
06-10 06:43:31.850  1610  1610 I a2dp_codec: init: initialized Source codec SBC
06-10 06:43:31.850  1610  1610 I a2dp_codec: init: initialized Sink codec SBC(Sink)
06-10 06:43:31.850  1610  1610 D a2dp_codec: init
06-10 06:43:31.850  1610  1610 D a2dp_sbc: init: SBC enabled in HW mode
06-10 06:43:31.850  1610  1610 I a2dp_codec: init: updated SBC codec priority to 1001
06-10 06:43:31.850  1610  1610 D a2dp_aac: init: AAC enabled in HW mode
06-10 06:43:31.850  1610  1610 I a2dp_codec: init: updated AAC codec priority to 2001
06-10 06:43:31.850  1610  1610 D a2dp_vendor_aptx: init: APTX enabled in HW mode
06-10 06:43:31.850  1610  1610 I a2dp_codec: init: updated aptX codec priority to -1
06-10 06:43:31.850  1610  1610 D a2dp_vendor_aptx_hd: init: APTX-HD enabled in HW mode
06-10 06:43:31.850  1610  1610 I a2dp_codec: init: updated aptX-HD codec priority to -1
06-10 06:43:31.850  1610  1610 D a2dp_vendor_aptx_adaptive: init: APTX-Adaptive enabled in HW mode
06-10 06:43:31.850  1610  1610 I a2dp_codec: init: updated aptX-adaptive codec priority to -1
06-10 06:43:31.850  1610  1610 D a2dp_vendor_ldac: init: LDAC enabled in HW mode
06-10 06:43:31.850  1610  1610 I a2dp_codec: init: updated LDAC codec priority to -1
06-10 06:43:31.850  1610  1610 I a2dp_codec: init: updated aptX-TWS codec priority to -1
06-10 06:43:31.850  1610  1610 I a2dp_codec: init: initialized Source codec AAC
06-10 06:43:31.850  1610  1610 I a2dp_codec: init: initialized Source codec SBC
06-10 06:43:31.850  1610  1610 I a2dp_codec: init: initialized Sink codec SBC(Sink)
06-10 06:43:31.850  1610  1610 D a2dp_codec: init
06-10 06:43:31.850  1610  1610 D a2dp_sbc: init: SBC enabled in HW mode
06-10 06:43:31.850  1610  1610 I a2dp_codec: init: updated SBC codec priority to 1001
06-10 06:43:31.850  1610  1610 D a2dp_aac: init: AAC enabled in HW mode
06-10 06:43:31.850  1610  1610 I a2dp_codec: init: updated AAC codec priority to 2001
06-10 06:43:31.850  1610  1610 D a2dp_vendor_aptx: init: APTX enabled in HW mode
06-10 06:43:31.850  1610  1610 I a2dp_codec: init: updated aptX codec priority to -1
06-10 06:43:31.850  1610  1610 D a2dp_vendor_aptx_hd: init: APTX-HD enabled in HW mode
06-10 06:43:31.850  1610  1610 I a2dp_codec: init: updated aptX-HD codec priority to -1
06-10 06:43:31.850  1610  1610 D a2dp_vendor_aptx_adaptive: init: APTX-Adaptive enabled in HW mode
06-10 06:43:31.850  1610  1610 I a2dp_codec: init: updated aptX-adaptive codec priority to -1
06-10 06:43:31.850  1610  1610 D a2dp_vendor_ldac: init: LDAC enabled in HW mode
06-10 06:43:31.850  1610  1610 I a2dp_codec: init: updated LDAC codec priority to -1
06-10 06:43:31.850  1610  1610 I a2dp_codec: init: updated aptX-TWS codec priority to -1
06-10 06:43:31.850  1610  1610 I a2dp_codec: init: initialized Source codec AAC
06-10 06:43:31.850  1610  1610 I a2dp_codec: init: initialized Source codec SBC
06-10 06:43:31.850  1610  1610 I a2dp_codec: init: initialized Sink codec SBC(Sink)
06-10 06:43:31.851  1610  1610 D a2dp_codec: init
06-10 06:43:31.851  1610  1610 D a2dp_sbc: init: SBC enabled in HW mode
06-10 06:43:31.851  1610  1610 I a2dp_codec: init: updated SBC codec priority to 1001
06-10 06:43:31.851  1610  1610 D a2dp_aac: init: AAC enabled in HW mode
06-10 06:43:31.851  1610  1610 I a2dp_codec: init: updated AAC codec priority to 2001
06-10 06:43:31.851  1610  1610 D a2dp_vendor_aptx: init: APTX enabled in HW mode
06-10 06:43:31.851  1610  1610 I a2dp_codec: init: updated aptX codec priority to -1
06-10 06:43:31.851  1610  1610 D a2dp_vendor_aptx_hd: init: APTX-HD enabled in HW mode
06-10 06:43:31.851  1610  1610 I a2dp_codec: init: updated aptX-HD codec priority to -1
06-10 06:43:31.851  1610  1610 D a2dp_vendor_aptx_adaptive: init: APTX-Adaptive enabled in HW mode
06-10 06:43:31.851  1610  1610 I a2dp_codec: init: updated aptX-adaptive codec priority to -1
06-10 06:43:31.851  1610  1610 D a2dp_vendor_ldac: init: LDAC enabled in HW mode
06-10 06:43:31.851  1610  1610 I a2dp_codec: init: updated LDAC codec priority to -1
06-10 06:43:31.851  1610  1610 I a2dp_codec: init: updated aptX-TWS codec priority to -1
06-10 06:43:31.851  1610  1610 I a2dp_codec: init: initialized Source codec AAC
06-10 06:43:31.851  1610  1610 I a2dp_codec: init: initialized Source codec SBC
06-10 06:43:31.851  1610  1610 I a2dp_codec: init: initialized Sink codec SBC(Sink)
06-10 06:43:31.851  1610  1610 D a2dp_codec: init
06-10 06:43:31.851  1610  1610 D a2dp_sbc: init: SBC enabled in HW mode
06-10 06:43:31.851  1610  1610 I a2dp_codec: init: updated SBC codec priority to 1001
06-10 06:43:31.851  1610  1610 D a2dp_aac: init: AAC enabled in HW mode
06-10 06:43:31.851  1610  1610 I a2dp_codec: init: updated AAC codec priority to 2001
06-10 06:43:31.851  1610  1610 D a2dp_vendor_aptx: init: APTX enabled in HW mode
06-10 06:43:31.851  1610  1610 I a2dp_codec: init: updated aptX codec priority to -1
06-10 06:43:31.851  1610  1610 D a2dp_vendor_aptx_hd: init: APTX-HD enabled in HW mode
06-10 06:43:31.851  1610  1610 I a2dp_codec: init: updated aptX-HD codec priority to -1
06-10 06:43:31.851  1610  1610 D a2dp_vendor_aptx_adaptive: init: APTX-Adaptive enabled in HW mode
06-10 06:43:31.851  1610  1610 I a2dp_codec: init: updated aptX-adaptive codec priority to -1
06-10 06:43:31.851  1610  1610 D a2dp_vendor_ldac: init: LDAC enabled in HW mode
06-10 06:43:31.851  1610  1610 I a2dp_codec: init: updated LDAC codec priority to -1
06-10 06:43:31.851  1610  1610 I a2dp_codec: init: updated aptX-TWS codec priority to -1
06-10 06:43:31.851  1610  1610 I a2dp_codec: init: initialized Source codec AAC
06-10 06:43:31.851  1610  1610 I a2dp_codec: init: initialized Source codec SBC
06-10 06:43:31.851  1610  1610 I a2dp_codec: init: initialized Sink codec SBC(Sink)
06-10 06:43:31.851  1610  1610 D a2dp_codec: init
06-10 06:43:31.851  1610  1610 D a2dp_sbc: init: SBC enabled in HW mode
06-10 06:43:31.851  1610  1610 I a2dp_codec: init: updated SBC codec priority to 1001
06-10 06:43:31.851  1610  1610 D a2dp_aac: init: AAC enabled in HW mode
06-10 06:43:31.851  1610  1610 I a2dp_codec: init: updated AAC codec priority to 2001
06-10 06:43:31.851  1610  1610 D a2dp_vendor_aptx: init: APTX enabled in HW mode
06-10 06:43:31.851  1610  1610 I a2dp_codec: init: updated aptX codec priority to -1
06-10 06:43:31.851  1610  1610 D a2dp_vendor_aptx_hd: init: APTX-HD enabled in HW mode
06-10 06:43:31.851  1610  1610 I a2dp_codec: init: updated aptX-HD codec priority to -1
06-10 06:43:31.851  1610  1610 D a2dp_vendor_aptx_adaptive: init: APTX-Adaptive enabled in HW mode
06-10 06:43:31.851  1610  1610 I a2dp_codec: init: updated aptX-adaptive codec priority to -1
06-10 06:43:31.851  1610  1610 D a2dp_vendor_ldac: init: LDAC enabled in HW mode
06-10 06:43:31.851  1610  1610 I a2dp_codec: init: updated LDAC codec priority to -1
06-10 06:43:31.851  1610  1610 I a2dp_codec: init: updated aptX-TWS codec priority to -1
06-10 06:43:31.851  1610  1610 I a2dp_codec: init: initialized Source codec AAC
06-10 06:43:31.851  1610  1610 I a2dp_codec: init: initialized Source codec SBC
06-10 06:43:31.851  1610  1610 I a2dp_codec: init: initialized Sink codec SBC(Sink)
06-10 06:43:31.851  1610  1610 D a2dp_codec: init
06-10 06:43:31.851  1610  1610 D a2dp_sbc: init: SBC enabled in HW mode
06-10 06:43:31.851  1610  1610 I a2dp_codec: init: updated SBC codec priority to 1001
06-10 06:43:31.851  1610  1610 D a2dp_aac: init: AAC enabled in HW mode
06-10 06:43:31.851  1610  1610 I a2dp_codec: init: updated AAC codec priority to 2001
06-10 06:43:31.851  1610  1610 D a2dp_vendor_aptx: init: APTX enabled in HW mode
06-10 06:43:31.851  1610  1610 I a2dp_codec: init: updated aptX codec priority to -1
06-10 06:43:31.851  1610  1610 D a2dp_vendor_aptx_hd: init: APTX-HD enabled in HW mode
06-10 06:43:31.851  1610  1610 I a2dp_codec: init: updated aptX-HD codec priority to -1
06-10 06:43:31.851  1610  1610 D a2dp_vendor_aptx_adaptive: init: APTX-Adaptive enabled in HW mode
06-10 06:43:31.852  1610  1610 I a2dp_codec: init: updated aptX-adaptive codec priority to -1
06-10 06:43:31.852  1610  1610 D a2dp_vendor_ldac: init: LDAC enabled in HW mode
06-10 06:43:31.852  1610  1610 I a2dp_codec: init: updated LDAC codec priority to -1
06-10 06:43:31.852  1610  1610 I a2dp_codec: init: updated aptX-TWS codec priority to -1
06-10 06:43:31.852  1610  1610 I a2dp_codec: init: initialized Source codec AAC
06-10 06:43:31.852  1610  1610 I a2dp_codec: init: initialized Source codec SBC
06-10 06:43:31.852  1610  1610 I a2dp_codec: init: initialized Sink codec SBC(Sink)
06-10 06:43:31.852  1610  1610 D a2dp_codec: init
06-10 06:43:31.852  1610  1610 D a2dp_sbc: init: SBC enabled in HW mode
06-10 06:43:31.852  1610  1610 I a2dp_codec: init: updated SBC codec priority to 1001
06-10 06:43:31.852  1610  1610 D a2dp_aac: init: AAC enabled in HW mode
06-10 06:43:31.852  1610  1610 I a2dp_codec: init: updated AAC codec priority to 2001
06-10 06:43:31.852  1610  1610 D a2dp_vendor_aptx: init: APTX enabled in HW mode
06-10 06:43:31.852  1610  1610 I a2dp_codec: init: updated aptX codec priority to -1
06-10 06:43:31.852  1610  1610 D a2dp_vendor_aptx_hd: init: APTX-HD enabled in HW mode
06-10 06:43:31.852  1610  1610 I a2dp_codec: init: updated aptX-HD codec priority to -1
06-10 06:43:31.852  1610  1610 D a2dp_vendor_aptx_adaptive: init: APTX-Adaptive enabled in HW mode
06-10 06:43:31.852  1610  1610 I a2dp_codec: init: updated aptX-adaptive codec priority to -1
06-10 06:43:31.852  1610  1610 D a2dp_vendor_ldac: init: LDAC enabled in HW mode
06-10 06:43:31.852  1610  1610 I a2dp_codec: init: updated LDAC codec priority to -1
06-10 06:43:31.852  1610  1610 I a2dp_codec: init: updated aptX-TWS codec priority to -1
06-10 06:43:31.852  1610  1610 I a2dp_codec: init: initialized Source codec AAC
06-10 06:43:31.852  1610  1610 I a2dp_codec: init: initialized Source codec SBC
06-10 06:43:31.852  1610  1610 I a2dp_codec: init: initialized Sink codec SBC(Sink)
06-10 06:43:31.852  1610  1610 D a2dp_codec: init
06-10 06:43:31.852  1610  1610 D a2dp_sbc: init: SBC enabled in HW mode
06-10 06:43:31.852  1610  1610 I a2dp_codec: init: updated SBC codec priority to 1001
06-10 06:43:31.852  1610  1610 D a2dp_aac: init: AAC enabled in HW mode
06-10 06:43:31.852  1610  1610 I a2dp_codec: init: updated AAC codec priority to 2001
06-10 06:43:31.852  1610  1610 D a2dp_vendor_aptx: init: APTX enabled in HW mode
06-10 06:43:31.852  1610  1610 I a2dp_codec: init: updated aptX codec priority to -1
06-10 06:43:31.852  1610  1610 D a2dp_vendor_aptx_hd: init: APTX-HD enabled in HW mode
06-10 06:43:31.852  1610  1610 I a2dp_codec: init: updated aptX-HD codec priority to -1
06-10 06:43:31.852  1610  1610 D a2dp_vendor_aptx_adaptive: init: APTX-Adaptive enabled in HW mode
06-10 06:43:31.852  1610  1610 I a2dp_codec: init: updated aptX-adaptive codec priority to -1
06-10 06:43:31.853  1610  1610 D a2dp_vendor_ldac: init: LDAC enabled in HW mode
06-10 06:43:31.853  1610  1610 I a2dp_codec: init: updated LDAC codec priority to -1
06-10 06:43:31.853  1610  1610 I a2dp_codec: init: updated aptX-TWS codec priority to -1
06-10 06:43:31.853  1610  1610 I a2dp_codec: init: initialized Source codec AAC
06-10 06:43:31.853  1610  1610 I a2dp_codec: init: initialized Source codec SBC
06-10 06:43:31.853  1610  1610 I a2dp_codec: init: initialized Sink codec SBC(Sink)
06-10 06:43:31.853  1610  1610 D a2dp_codec: init
06-10 06:43:31.853  1610  1610 D a2dp_sbc: init: SBC enabled in HW mode
06-10 06:43:31.853  1610  1610 I a2dp_codec: init: updated aptX-HD codec priority to -1
06-10 06:43:31.853  1610  1610 D a2dp_codec: init
06-10 06:43:31.853  1610  1610 D a2dp_aac: init: AAC enabled in HW mode
06-10 06:43:31.855  1610  1610 D a2dp_vendor_aptx: init: APTX enabled in HW mode
06-10 06:43:31.855  1610  1610 I a2dp_codec: init: updated aptX codec priority to -1
06-10 06:43:31.855  1610  1610 D a2dp_vendor_aptx_hd: init: APTX-HD enabled in HW mode
06-10 06:43:31.855  1610  1610 I a2dp_codec: init: updated aptX-HD codec priority to -1
06-10 06:43:31.855  1610  1610 D a2dp_vendor_aptx_adaptive: init: APTX-Adaptive enabled in HW mode
06-10 06:43:31.855  1610  1610 I a2dp_codec: init: updated aptX-adaptive codec priority to -1
06-10 06:43:31.855  1610  1610 D a2dp_vendor_ldac: init: LDAC enabled in HW mode
06-10 06:43:31.855  1610  1610 I a2dp_codec: init: updated LDAC codec priority to -1
06-10 06:43:31.855  1610  1610 I a2dp_codec: init: updated aptX-TWS codec priority to -1
06-10 06:43:31.855  1610  1610 I a2dp_codec: init: initialized Source codec AAC
06-10 06:43:31.855  1610  1610 I a2dp_codec: init: initialized Source codec SBC
06-10 06:43:31.855  1610  1610 I a2dp_codec: init: initialized Sink codec SBC(Sink)
06-10 06:43:31.855  1610  1610 D a2dp_codec: init
06-10 06:43:31.855  1610  1610 D a2dp_sbc: init: SBC enabled in HW mode
06-10 06:43:31.855  1610  1610 I a2dp_codec: init: updated SBC codec priority to 1001
06-10 06:43:31.855  1610  1610 D a2dp_aac: init: AAC enabled in HW mode
06-10 06:43:31.855  1610  1610 I a2dp_codec: init: updated AAC codec priority to 2001
06-10 06:43:31.855  1610  1610 D a2dp_vendor_aptx: init: APTX enabled in HW mode
06-10 06:43:31.855  1610  1610 I a2dp_codec: init: updated aptX codec priority to -1
06-10 06:43:31.855  1610  1610 D a2dp_vendor_aptx_hd: init: APTX-HD enabled in HW mode
06-10 06:43:31.855  1610  1610 I a2dp_codec: init: updated aptX-HD codec priority to -1
06-10 06:43:31.855  1610  1610 D a2dp_vendor_aptx_adaptive: init: APTX-Adaptive enabled in HW mode
06-10 06:43:31.855  1610  1610 I a2dp_codec: init: updated aptX-adaptive codec priority to -1
06-10 06:43:31.855  1610  1610 D a2dp_vendor_ldac: init: LDAC enabled in HW mode
06-10 06:43:31.855  1610  1610 I a2dp_codec: init: updated LDAC codec priority to -1
06-10 06:43:31.855  1610  1610 I a2dp_codec: init: updated aptX-TWS codec priority to -1
06-10 06:43:31.855  1610  1610 I a2dp_codec: init: initialized Source codec AAC
06-10 06:43:31.855  1610  1610 I a2dp_codec: init: initialized Source codec SBC
06-10 06:43:31.855  1610  1610 I a2dp_codec: init: initialized Sink codec SBC(Sink)
06-10 06:43:31.855  1610  1610 D a2dp_codec: init
06-10 06:43:31.855  1610  1610 D a2dp_sbc: init: SBC enabled in HW mode
06-10 06:43:31.855  1610  1610 I a2dp_codec: init: updated SBC codec priority to 1001
06-10 06:43:31.855  1610  1610 D a2dp_aac: init: AAC enabled in HW mode
06-10 06:43:31.855  1610  1610 I a2dp_codec: init: updated AAC codec priority to 2001
06-10 06:43:31.856  1610  1610 D a2dp_vendor_aptx: init: APTX enabled in HW mode
06-10 06:43:31.856  1610  1610 I a2dp_codec: init: updated aptX codec priority to -1
06-10 06:43:31.856  1610  1610 D a2dp_vendor_aptx_hd: init: APTX-HD enabled in HW mode
06-10 06:43:31.856  1610  1610 I a2dp_codec: init: updated aptX-HD codec priority to -1
06-10 06:43:31.856  1610  1610 D a2dp_vendor_aptx_adaptive: init: APTX-Adaptive enabled in HW mode
06-10 06:43:31.856  1610  1610 I a2dp_codec: init: updated aptX-adaptive codec priority to -1
06-10 06:43:31.856  1610  1610 D a2dp_vendor_ldac: init: LDAC enabled in HW mode
06-10 06:43:31.856  1610  1610 I a2dp_codec: init: updated LDAC codec priority to -1
06-10 06:43:31.867  1610  1610 I BluetoothHidHostServiceJni: classInitNative: succeeds
06-10 06:43:31.890  1610  1610 V BluetoothHidDeviceServiceJni: classInitNative: done
06-10 06:43:31.890  1610  1610 V BluetoothHidDeviceServiceJni: initNative enter
06-10 06:43:31.891  1610  1610 V BluetoothHidDeviceServiceJni: initNative done
06-10 06:43:31.971  2337  2337 D NativeNfcManager: INqNfc 1.1 interface not initialized yet. Getting INqNfcV1_1 Service
06-10 06:43:32.074  2337  2337 I         : [0610/064332.074528:INFO:NfcAdaptation.cc(712)] NfcAdaptation::InitializeHalDeviceContext: Try INfcV1_1::getService()
06-10 06:43:32.076  2337  2337 I         : [0610/064332.076421:INFO:NfcAdaptation.cc(725)] NfcAdaptation::InitializeHalDeviceContext: INfc::getService() returned 0x7d620c3fc0 (remote)
06-10 06:43:32.076  2337  2337 I         : [0610/064332.076673:INFO:NfcAdaptation.cc(729)] NfcAdaptation::InitializeHalDeviceContext: Try INqNfcV1_1::getService()
06-10 06:43:32.084  2337  2337 I         : [0610/064332.084718:INFO:NfcAdaptation.cc(738)] NfcAdaptation::InitializeHalDeviceContext: INqNfc::getService() returned 0x7d620c4420 (remote)
06-10 06:43:32.087   891   891 D         : phNxpLog_InitializeLogLevel: global =1, Fwdnld =3, extns =3,                 hal =3, tml =3, ncir =3,                 ncix =3
06-10 06:43:32.087   891   891 D NxpHal  : Entering phNxpNciHal_init_monitor
06-10 06:43:32.096   693   773 W libc    : Unable to set property "vendor.target.init.complete" to "1": connection failed; errno=13 (Permission denied)
06-10 06:43:32.166  2337  2337 I         : [0610/064332.166564:INFO:NativeNfcManager.cpp(580)] initializeGlobalDebugEnabledFlag: level=1
06-10 06:43:32.166  2337  2337 I         : [0610/064332.166681:INFO:NativeNfcManager.cpp(588)] initializeMfcReaderOption: mifare reader option=1
06-10 06:43:32.166  2337  2337 I         : [0610/064332.166741:INFO:NativeNfcManager.cpp(1495)] nfcManager_initNativeStruc: enter
06-10 06:43:32.167  2337  2337 I         : [0610/064332.167010:INFO:NativeNfcManager.cpp(1571)] nfcManager_initNativeStruc: exit
06-10 06:43:32.169  2337  2337 W System.err: 	at com.android.nfc.NfcService.<init>(NfcService.java:644)
06-10 06:43:32.169  2337  2337 W System.err: 	at com.android.internal.os.RuntimeInit$MethodAndArgsCaller.run(RuntimeInit.java:492)
06-10 06:43:32.169  2337  2337 W System.err: 	at com.android.internal.os.ZygoteInit.main(ZygoteInit.java:935)
06-10 06:43:32.324  2337  2630 I         : [0610/064332.324236:INFO:NativeNfcManager.cpp(580)] initializeGlobalDebugEnabledFlag: level=1
06-10 06:43:32.324  2337  2630 I         : [0610/064332.324393:INFO:NativeNfcManager.cpp(2225)] nfcManager_doInitialize:  MW Version: NFC_AR_00_18c0_10.03.00
06-10 06:43:32.324  2337  2630 I libnfc_nci: [INFO:NfcAdaptation.cc(129)] initializeGlobalDebugEnabledFlag: level=1
06-10 06:43:32.324  2337  2630 I libnfc_nci: [INFO:NfcAdaptation.cc(451)] NfcAdaptation::Initialize: enter
06-10 06:43:32.324  2337  2630 I libnfc_nci: [INFO:NfcAdaptation.cc(477)] NfcAdaptation::Initialize: Overriding NFA_POLL_BAIL_OUT_MODE to use 1
06-10 06:43:32.334  2337  2630 I libnfc_nci: [INFO:NfcAdaptation.cc(514)] Initialize: preserve stack NV store
06-10 06:43:32.340  2337  2630 I libnfc_nci: [INFO:NfcAdaptation.cc(532)] NfcAdaptation::Initialize: exit
06-10 06:43:32.340  2337  2630 I libnfc_nci: [INFO:nfa_dm_api.cc(84)] NFA_Init
06-10 06:43:32.342  2337  2630 I libnfc_nci: [INFO:nfa_dm_main.cc(132)] nfa_dm_init ()
06-10 06:43:32.342  2337  2630 I libnfc_nci: [INFO:nfa_p2p_main.cc(493)] nfa_p2p_init ()
06-10 06:43:32.342  2337  2630 I libnfc_nci: [INFO:nfa_rw_main.cc(70)] nfa_rw_init ()
06-10 06:43:32.342  2337  2630 I libnfc_nci: [INFO:nfa_ce_main.cc(76)] nfa_ce_init ()
06-10 06:43:32.344  2337  2630 I libnfc_nci: [INFO:nfa_ee_main.cc(130)] nfa_ee_init ()
06-10 06:43:32.344  2337  2630 I libnfc_nci: [INFO:nfa_scr_main.cc(101)] nfa_scr_init: enter
06-10 06:43:32.344  2337  2630 I libnfc_nci: [INFO:nfa_scr_main.cc(124)] nfa_scr_init: exit
06-10 06:43:32.344  2337  2630 I libnfc_nci: [INFO:nfa_hci_main.cc(275)] nfa_hci_init ()
06-10 06:43:32.344  2337  2630 I libnfc_nci: [INFO:nfa_hci_main.cc(1695)] nfa_hci_init() 20
06-10 06:43:32.344  2337  2630 I libnfc_nci: [INFO:nfa_hci_main.cc(1701)] nfa_hci_init() 20000
06-10 06:43:32.346  2337  2630 I libnfc_nci: [INFO:llcp_main.cc(57)] LLCP - llcp_init ()
06-10 06:43:32.359  2337  2641 I libnfc_nci: [INFO:NfcAdaptation.cc(974)] NfcAdaptation::HalCoreInitialized
06-10 06:43:32.359   891   891 D NxpHal  : phNxpNciHal_core_initialized::p_core_init_rsp_params : 64
06-10 06:43:32.460  1834  1834 I ELOPeripheralManager: Init ELOPeripheralManager, service: android.elo.peripheral.IELOPeripheralService$Stub$Proxy@85ecdd, SDK API CORE layer version: 1.3.15
06-10 06:43:32.474  1610  1610 I BluetoothPhonePolicy: autoConnect: Initiate auto connection on BT on...
06-10 06:43:32.474  1610  1610 I BluetoothA2dpSinkServiceJni: classInitNative: succeeds
06-10 06:43:32.505  2337  2641 I libnfc_nci: [INFO:nfa_dm_main.cc(519)] nfa_dm_init_cfgs Enter
06-10 06:43:32.578  2337  2630 I libnfc_nci: [INFO:phNxpLog.cpp(271)] phNxpLog_InitializeLogLevel: global =1, Fwdnld =3, extns =3,                 hal =3, tml =3, ncir =3,                 ncix =3
06-10 06:43:32.579  2337  2630 I libnfc_nci: [INFO:SecureElement.cpp(275)] SecureElement::initialize: enter
06-10 06:43:32.579  2337  2630 I libnfc_nci: [INFO:SecureElement.cpp(280)] SecureElement::initialize: Default destination gate: 0xF0
06-10 06:43:32.579  2337  2630 I libnfc_nci: [INFO:SecureElement.cpp(405)] SecureElement::initialize: try hci register
06-10 06:43:32.579  2337  2630 I libnfc_nci: [INFO:SecureElement.cpp(429)] SecureElement::initialize: exit
06-10 06:43:32.579  2337  2630 I libnfc_nci: [INFO:RoutingManager.cpp(198)] RoutingManager::initialize(): enter
06-10 06:43:32.579  2337  2630 E libnfc_nci: [ERROR:RoutingManager.cpp(242)] RoutingManager::initialize(): mFwdFuntnEnable=0x1
06-10 06:43:32.579  2337  2630 E libnfc_nci: [ERROR:RoutingManager.cpp(263)] RoutingManager::initialize(): >>>> mDefaultIso7816SeID=0x0
06-10 06:43:32.579  2337  2630 E libnfc_nci: [ERROR:RoutingManager.cpp(265)] RoutingManager::initialize(): >>>> mDefaultIso7816Powerstate=0x19
06-10 06:43:32.579  2337  2630 I libnfc_nci: [INFO:RoutingManager.cpp(358)] RoutingManager::initialize(): try ee register
06-10 06:43:32.580  2337  2630 I libnfc_nci: [INFO:RoutingManager.cpp(394)] initialize:gSeDiscoverycount=0x3;
06-10 06:43:32.580  2337  2630 I libnfc_nci: [INFO:RoutingManager.cpp(409)] initialize:seTechMask=0x0;
06-10 06:43:32.581  2337  2630 I libnfc_nci: [INFO:RoutingManager.cpp(427)] RoutingManager::initialize(): exit
06-10 06:43:32.581  2337  2630 I libnfc_nci: [INFO:HciRFParams.cpp(100)] HciRFParams::initialize: enter
06-10 06:43:32.587  2337  2630 I libnfc_nci: [INFO:HciRFParams.cpp(113)] initialize: status 0
06-10 06:43:32.587  2337  2630 I libnfc_nci: [INFO:HciRFParams.cpp(115)] initialize: tlv_size 74
06-10 06:43:32.587  2337  2630 I libnfc_nci: [INFO:HciRFParams.cpp(117)] initialize: param_tlvs 1
06-10 06:43:32.587  2337  2630 I libnfc_nci: [INFO:HciRFParams.cpp(185)] HciRFParams::initialize: exit
06-10 06:43:32.587  2337  2630 I libnfc_nci: [INFO:MposManager.cpp(112)] initialize:enter, isMposEnabled 0
06-10 06:43:32.588  2337  2630 I libnfc_nci: [INFO:PeerToPeer.cpp(116)] PeerToPeer::initialize: enter
06-10 06:43:32.588  2337  2630 I libnfc_nci: [INFO:PeerToPeer.cpp(119)] PeerToPeer::initialize: exit
06-10 06:43:32.588  2337  2630 I libnfc_nci: [INFO:HciEventManager.cpp(90)] initialize: sEsePipe : 0x0   sSim1Pipe : 0x0  sSim2Pipe : 0x0
06-10 06:43:32.590  1750  1750 D DpmServiceApp: slm: Initialize SlmService
06-10 06:43:32.600  2337  2630 I libnfc_nci: [INFO:NativeNfcManager.cpp(2397)] nfcManager_doInitialize: No need to update VEN_CONFIG. Already set to 0x03
06-10 06:43:32.603  1786  1786 I ELOPeripheralManager: Init ELOPeripheralManager, service: android.elo.peripheral.IELOPeripheralService$Stub$Proxy@eaf0af9, SDK API CORE layer version: 1.3.15
06-10 06:43:32.612  2337  2630 I libnfc_nci: [INFO:NativeNfcManager.cpp(2430)] nfcManager_doInitialize: tag polling tech mask=0xEF
06-10 06:43:32.617  2337  2630 I libnfc_nci: [INFO:NativeNfcManager.cpp(2451)] nfcManager_doInitialize: lfT3tMax=4
06-10 06:43:32.624  2337  2630 I libnfc_nci: [INFO:NativeNfcManager.cpp(2498)] nfcManager_doInitialize: exit
06-10 06:43:32.635  1786  1786 D SDL     : [f9a84ed0] IAL_Initialize() ...
06-10 06:43:32.635  1786  1786 D SDL     : [f9a84ed0] SE4500:init_CAM() - SAL_GetSysProperty(ThdPriority) FAILED, using 0
06-10 06:43:32.635  1786  1786 D SDL     : [f9a84ed0] SE4500:init_CAM() Dev=/dev/video4 Pri=0
06-10 06:43:32.693  2337  2630 D NfcService: Init wired Se
06-10 06:43:32.718  1786  1786 D ZebraBCRService: initScanProfiles()
06-10 06:43:32.722  2337  2337 E NfcService: Error in invoking wiredSeInitialize invocation
06-10 06:43:32.727  1786  1786 D ScanProfile -sevice: initAllCodeTypeInfo()
06-10 06:43:32.731  1786  1786 W ScanProfile -sevice: 	at android.elo.zbcr.ScanProfile.<init>(ScanProfile.java:169)
06-10 06:43:32.731  1786  1786 W ScanProfile -sevice: 	at com.elo.EloCoreApp.ZebraBCRService.initScanProfiles(ZebraBCRService.java:165)
06-10 06:43:32.731  1786  1786 W ScanProfile -sevice: 	at com.elo.EloCoreApp.ZebraBCRService.<init>(ZebraBCRService.java:143)
06-10 06:43:32.731  1786  1786 W ScanProfile -sevice: 	at com.elo.EloCoreApp.ZebraBCRService.init(ZebraBCRService.java:115)
06-10 06:43:32.731  1786  1786 W ScanProfile -sevice: 	at com.android.internal.os.RuntimeInit$MethodAndArgsCaller.run(RuntimeInit.java:492)
06-10 06:43:32.731  1786  1786 W ScanProfile -sevice: 	at com.android.internal.os.ZygoteInit.main(ZygoteInit.java:935)
06-10 06:43:32.924  2681  2681 I Diag_Lib: Diag_LSM_Init call succeeded
06-10 06:43:32.929     0     0 I [kworke][363767281][06:43:32.929579] wlan: [719:I:HDD] hdd_soc_probe: 393: probing driver
06-10 06:43:32.990     0     0 I [kworke][364940290][06:43:32.990673] wlan: [719:W:HIF] hif_snoc_enable_bus: device_init_wakeup already done
06-10 06:43:33.143   668  2064 E vendor.qti.bluetooth@1.0-wake_lock: Release wake lock not initialized/acquired
06-10 06:43:33.334  2168  2168 I AlarmClock: AlarmInitReceiver android.intent.action.BOOT_COMPLETED
06-10 06:43:33.349  2168  2210 V AlarmClock: AlarmInitReceiver finished
06-10 06:43:33.477  1429  2783 I ELOPartitionManager: Init ELOPartitionManager, service: com.android.server.ELOPartitionService@98ebf08, Version: ELO_FW_Ver: 0.01.001.20140704 aplha
06-10 06:43:34.012  2831  2831 E ActivityThread: 	at android.app.LoadedApk$ServiceDispatcher.<init>(LoadedApk.java:1805)
06-10 06:43:34.014  2831  2831 E ActivityThread: 	at android.app.LoadedApk$ServiceDispatcher.<init>(LoadedApk.java:1805)
06-10 06:43:34.106     0     0 I [kworke][386367126][06:43:34.106654] wlan: [226:E:QDF] ready_extract_init_status_tlv:0
06-10 06:43:34.107     0     0 I [kworke][386378226][06:43:34.107232] wlan: [226:E:dfs] WLAN_DEBUG_DFS_ALWAYS : dfs_init_radar_filters: 249: Unknown dfs domain 0
06-10 06:43:34.107     0     0 W target_if_pdev_spectral_init: 1992: HAL_CAP_PHYDIAG : Capable
06-10 06:43:34.107     0     0 W target_if_pdev_spectral_init: 1996: HAL_CAP_RADAR   : Capable
06-10 06:43:34.107     0     0 W target_if_pdev_spectral_init: 2001: HAL_CAP_SPECTRAL_SCAN : Capable
06-10 06:43:34.157  1429  1476 I am_proc_start: [0,2896,10103,com.android.onetimeinitializer,broadcast,{com.android.onetimeinitializer/com.android.onetimeinitializer.OneTimeInitializerReceiver}]
06-10 06:43:34.157  1429  1476 I ActivityManager: Start proc 2896:com.android.onetimeinitializer/u0a103 for broadcast {com.android.onetimeinitializer/com.android.onetimeinitializer.OneTimeInitializerReceiver}
06-10 06:43:34.187  1429  1447 I am_proc_bound: [0,2896,com.android.onetimeinitializer]
06-10 06:43:34.205     0     0 I [kworke][388271731][06:43:34.205852] wlan: [719:I:HDD] hdd_initialize_mac_address: 11697: using MAC address from platform driver
06-10 06:43:34.225  2896  2896 I timeinitialize: The ClassLoaderContext is a special shared library.
06-10 06:43:34.253  2896  2896 V OneTimeInitializerReceiver: OneTimeInitializerReceiver.onReceive
06-10 06:43:36.112  2397  2397 I tflite  : Initialized TensorFlow Lite runtime.
06-10 06:43:37.990     0     0 I init    : Received control message 'stop' for 'idmap2d' from pid: 1429 (system_server)
06-10 06:43:37.990     0     0 I init    : Sending signal 9 to service 'idmap2d' (pid 914) process group...
06-10 06:43:37.999     0     0 I init    : Service 'idmap2d' (pid 914) received signal 9
06-10 06:43:38.152  1429  1542 D UsbMiscManager: handleInitUsbpdUsbMode do nothing, settings empty or same as driver 
06-10 06:43:39.242  2896  2916 I timeinitialize: Waiting for a blocking GC ProfileSaver
06-10 06:43:39.252  2896  2916 I timeinitialize: WaitForGcToComplete blocked ProfileSaver on ClassLinker for 9.912ms
06-10 06:43:58.486  1429  1474 I am_pss  : [2896,10103,com.android.onetimeinitializer,4935680,3051520,0,87420928,0,20,8]
