08-12 23:41:24.330  1278  1278 D SystemServerTiming: MakeInputManagerServiceReady took to complete: 5ms
08-12 23:41:24.330  1278  1278 I SystemServer: MakeTelephonyRegistryReady
08-12 23:41:24.330  1278  1278 D TelephonyRegistry: systemRunning register for intents
08-12 23:41:24.330  1278  1278 D SystemServerTiming: MakeTelephonyRegistryReady took to complete: 0ms
08-12 23:41:24.331  1278  1278 I SystemServer: MakeMediaRouterServiceReady
08-12 23:41:24.331  1278  1278 D SystemServerTiming: MakeMediaRouterServiceReady took to complete: 0ms
08-12 23:41:24.331  1278  1278 I SystemServer: MakeMmsServiceReady
08-12 23:41:24.331  1278  1278 I MmsServiceBroker: Delay connecting to MmsService until an API is called
08-12 23:41:24.331  1278  1278 D SystemServerTiming: MakeMmsServiceReady took to complete: 0ms
08-12 23:41:24.331  1278  1278 I SystemServer: IncidentDaemonReady
08-12 23:41:24.331  1278  1278 D SystemServerTiming: IncidentDaemonReady took to complete: 0ms
08-12 23:41:24.331  1278  1278 I ActivityManager: Current user:0
08-12 23:41:24.331  1278  1278 I SystemServiceManager: Calling onStartUser u0
08-12 23:41:24.332  1278  1278 D SystemServiceManager: onStartUser-0 com.android.server.pm.Installer took to complete: 0ms
08-12 23:41:24.332  1278  1278 D SystemServiceManager: onStartUser-0 com.android.server.os.DeviceIdentifiersPolicyService took to complete: 0ms
08-12 23:41:24.332  1278  1278 D SystemServiceManager: onStartUser-0 com.android.server.uri.UriGrantsManagerService$Lifecycle took to complete: 0ms
08-12 23:41:24.332  1278  1278 D SystemServiceManager: onStartUser-0 com.android.server.wm.ActivityTaskManagerService$Lifecycle took to complete: 0ms
08-12 23:41:24.332  1278  1278 D SystemServiceManager: onStartUser-0 com.android.server.am.ActivityManagerService$Lifecycle took to complete: 0ms
08-12 23:41:24.332  1278  1278 D SystemServiceManager: onStartUser-0 com.android.server.power.PowerManagerService took to complete: 0ms
08-12 23:41:24.332  1278  1278 D SystemServiceManager: onStartUser-0 com.android.server.power.ThermalManagerService took to complete: 0ms
08-12 23:41:24.332  1278  1278 D SystemServiceManager: onStartUser-0 com.android.server.RecoverySystemService took to complete: 0ms
08-12 23:41:24.332  1278  1278 D SystemServiceManager: onStartUser-0 com.android.server.lights.LightsService took to complete: 0ms
08-12 23:41:24.332  1278  1278 D SystemServiceManager: onStartUser-0 com.android.server.display.DisplayManagerService took to complete: 0ms
08-12 23:41:24.332  1278  1278 D SystemServiceManager: onStartUser-0 com.android.server.pm.UserManagerService$LifeCycle took to complete: 0ms
08-12 23:41:24.332  1278  1278 D SystemServiceManager: onStartUser-0 com.android.server.om.OverlayManagerService took to complete: 0ms
08-12 23:41:24.332  1278  1278 D SystemServiceManager: onStartUser-0 com.android.server.SensorPrivacyService took to complete: 0ms
08-12 23:41:24.332  1278  1278 D SystemServiceManager: onStartUser-0 com.android.server.BatteryService took to complete: 0ms
08-12 23:41:24.332  1278  1278 D SystemServiceManager: onStartUser-0 com.android.server.usage.UsageStatsService took to complete: 0ms
08-12 23:41:24.332  1278  1278 D SystemServiceManager: onStartUser-0 com.android.server.webkit.WebViewUpdateService took to complete: 0ms
08-12 23:41:24.332  1278  1278 D SystemServiceManager: onStartUser-0 com.android.server.CachedDeviceStateService took to complete: 0ms
08-12 23:41:24.332  1278  1278 D SystemServiceManager: onStartUser-0 com.android.server.BinderCallsStatsService$LifeCycle took to complete: 0ms
08-12 23:41:24.332  1278  1278 D SystemServiceManager: onStartUser-0 com.android.server.LooperStatsService$Lifecycle took to complete: 0ms
08-12 23:41:24.332  1278  1278 D SystemServiceManager: onStartUser-0 com.android.server.rollback.RollbackManagerService took to complete: 0ms
08-12 23:41:24.332  1278  1278 D SystemServiceManager: onStartUser-0 com.android.server.os.BugreportManagerService took to complete: 0ms
08-12 23:41:24.332  1278  1278 D SystemServiceManager: onStartUser-0 com.android.server.gpu.GpuService took to complete: 0ms
08-12 23:41:24.332  1278  1278 D SystemServiceManager: onStartUser-0 com.android.server.security.KeyChainSystemService took to complete: 0ms
08-12 23:41:24.332  1278  1278 D SystemServiceManager: onStartUser-0 com.android.server.telecom.TelecomLoaderService took to complete: 0ms
08-12 23:41:24.332  1278  1278 D SystemServiceManager: onStartUser-0 com.android.server.accounts.AccountManagerService$Lifecycle took to complete: 0ms
08-12 23:41:24.332  1278  1278 D SystemServiceManager: onStartUser-0 com.android.server.content.ContentService$Lifecycle took to complete: 0ms
08-12 23:41:24.332  1278  1278 D SystemServiceManager: onStartUser-0 com.android.server.DropBoxManagerService took to complete: 0ms
08-12 23:41:24.332  1278  1278 D SystemServiceManager: onStartUser-0 com.android.server.AlarmManagerService took to complete: 0ms
08-12 23:41:24.332  1278  1278 D SystemServiceManager: onStartUser-0 com.android.server.BluetoothService took to complete: 0ms
08-12 23:41:24.332  1278  1278 D SystemServiceManager: onStartUser-0 com.android.server.connectivity.IpConnectivityMetrics took to complete: 0ms
08-12 23:41:24.332  1278  1278 D SystemServiceManager: onStartUser-0 com.android.server.net.watchlist.NetworkWatchlistService$Lifecycle took to complete: 0ms
08-12 23:41:24.332  1278  1278 D SystemServiceManager: onStartUser-0 com.android.server.PinnerService took to complete: 0ms
08-12 23:41:24.332  1278  1278 D SystemServiceManager: onStartUser-0 com.android.server.ActivityTriggerService took to complete: 0ms
08-12 23:41:24.332  1278  1278 D SystemServiceManager: onStartUser-0 com.android.server.ddcci.DdcciManagerService took to complete: 0ms
08-12 23:41:24.332  1278  1278 D SystemServiceManager: onStartUser-0 com.android.server.inputmethod.InputMethodManagerService$Lifecycle took to complete: 0ms
08-12 23:41:24.332  1278  1278 D SystemServiceManager: onStartUser-0 com.android.server.accessibility.AccessibilityManagerService$Lifecycle took to complete: 0ms
08-12 23:41:24.332  1278  1278 D SystemServiceManager: onStartUser-0 com.android.server.StorageManagerService$Lifecycle took to complete: 0ms
08-12 23:41:24.332  1278  1278 D SystemServiceManager: onStartUser-0 com.android.server.usage.StorageStatsService$Lifecycle took to complete: 0ms
08-12 23:41:24.332  1278  1278 D SystemServiceManager: onStartUser-0 com.android.server.UiModeManagerService took to complete: 0ms
08-12 23:41:24.332  1278  1278 D SystemServiceManager: onStartUser-0 com.android.server.locksettings.LockSettingsService$Lifecycle took to complete: 0ms
08-12 23:41:24.333  1278  1278 D SystemServiceManager: onStartUser-0 com.android.server.PersistentDataBlockService took to complete: 0ms
08-12 23:41:24.333  1278  1278 D SystemServiceManager: onStartUser-0 com.android.server.testharness.TestHarnessModeService took to complete: 0ms
08-12 23:41:24.333  1278  1278 D SystemServiceManager: onStartUser-0 com.android.server.oemlock.OemLockService took to complete: 0ms
08-12 23:41:24.333  1278  1278 D SystemServiceManager: onStartUser-0 com.android.server.DeviceIdleController took to complete: 0ms
08-12 23:41:24.333  1278  1278 D SystemServiceManager: onStartUser-0 com.android.server.devicepolicy.DevicePolicyManagerService$Lifecycle took to complete: 1ms
08-12 23:41:24.333  1278  1278 D SystemServiceManager: onStartUser-0 com.android.server.textservices.TextServicesManagerService$Lifecycle took to complete: 0ms
08-12 23:41:24.333  1278  1278 D SystemServiceManager: onStartUser-0 com.android.server.textclassifier.TextClassificationManagerService$Lifecycle took to complete: 0ms
08-12 23:41:24.333  1278  1278 D SystemServiceManager: onStartUser-0 com.android.server.NetworkScoreService$Lifecycle took to complete: 0ms
08-12 23:41:24.333  1278  1278 D SystemServiceManager: onStartUser-0 com.android.server.wifi.WifiService took to complete: 0ms
08-12 23:41:24.333  1278  1278 D SystemServiceManager: onStartUser-0 com.android.server.wifi.scanner.WifiScanningService took to complete: 0ms
08-12 23:41:24.333  1278  1278 D SystemServiceManager: onStartUser-0 com.android.server.wifi.p2p.WifiP2pService took to complete: 0ms
08-12 23:41:24.333  1278  1278 D SystemServiceManager: onStartUser-0 com.android.server.ethernet.EthernetService took to complete: 0ms
08-12 23:41:24.333  1278  1278 D SystemServiceManager: onStartUser-0 com.android.server.notification.NotificationManagerService took to complete: 0ms
08-12 23:41:24.333  1278  1278 D SystemServiceManager: onStartUser-0 com.android.server.storage.DeviceStorageMonitorService took to complete: 0ms
08-12 23:41:24.333  1278  1278 D SystemServiceManager: onStartUser-0 com.android.server.timedetector.TimeDetectorService$Lifecycle took to complete: 0ms
08-12 23:41:24.333  1278  1278 D SystemServiceManager: onStartUser-0 com.android.server.search.SearchManagerService$Lifecycle took to complete: 0ms
08-12 23:41:24.333  1278  1278 D SystemServiceManager: onStartUser-0 com.android.server.wallpaper.WallpaperManagerService$Lifecycle took to complete: 0ms
08-12 23:41:24.333  1278  1278 D SystemServiceManager: onStartUser-0 com.android.server.audio.AudioService$Lifecycle took to complete: 0ms
08-12 23:41:24.333  1278  1278 D SystemServiceManager: onStartUser-0 com.android.server.DockObserver took to complete: 0ms
08-12 23:41:24.333  1278  1278 D SystemServiceManager: onStartUser-0 com.android.server.midi.MidiService$Lifecycle took to complete: 0ms
08-12 23:41:24.333  1278  1278 D SystemServiceManager: onStartUser-0 com.android.server.adb.AdbService$Lifecycle took to complete: 0ms
08-12 23:41:24.333  1278  1278 D SystemServiceManager: onStartUser-0 com.android.server.usb.UsbService$Lifecycle took to complete: 0ms
08-12 23:41:24.333  1278  1278 D SystemServiceManager: onStartUser-0 com.android.server.twilight.TwilightService took to complete: 0ms
08-12 23:41:24.333  1278  1278 D SystemServiceManager: onStartUser-0 com.android.server.display.color.ColorDisplayService took to complete: 0ms
08-12 23:41:24.333  1278  1278 D SystemServiceManager: onStartUser-0 com.android.server.job.JobSchedulerService took to complete: 0ms
08-12 23:41:24.333  1278  1278 D SystemServiceManager: onStartUser-0 com.android.server.soundtrigger.SoundTriggerService took to complete: 0ms
08-12 23:41:24.333  1278  1278 D SystemServiceManager: onStartUser-0 com.android.server.trust.TrustManagerService took to complete: 0ms
08-12 23:41:24.333  1278  1278 D SystemServiceManager: onStartUser-0 com.android.server.backup.BackupManagerService$Lifecycle took to complete: 0ms
08-12 23:41:24.333  1278  1278 D SystemServiceManager: onStartUser-0 com.android.server.appwidget.AppWidgetService took to complete: 0ms
08-12 23:41:24.335   607   607 D Zygote  : Forked child process 1573
08-12 23:41:24.335  1278  1278 D SystemServiceManager: onStartUser-0 com.android.server.role.RoleManagerService took to complete: 2ms
08-12 23:41:24.336  1278  1278 W VoiceInteractionManagerService: no available voice interaction services found for user 0
08-12 23:41:24.336  1278  1278 W VoiceInteractionManagerService: no available voice recognition services found for user 0
08-12 23:41:24.336  1278  1278 D VoiceInteractionManagerService: initForUser(0) took to complete: 1ms
08-12 23:41:24.336  1278  1278 D SystemServiceManager: onStartUser-0 com.android.server.voiceinteraction.VoiceInteractionManagerService took to complete: 1ms
08-12 23:41:24.336  1278  1278 D SystemServiceManager: onStartUser-0 com.android.server.GestureLauncherService took to complete: 0ms
08-12 23:41:24.336  1278  1278 D SystemServiceManager: onStartUser-0 com.android.server.SensorNotificationService took to complete: 0ms
08-12 23:41:24.336  1278  1278 D SystemServiceManager: onStartUser-0 com.android.server.ContextHubSystemService took to complete: 0ms
08-12 23:41:24.336  1278  1278 D SystemServiceManager: onStartUser-0 com.android.server.emergency.EmergencyAffordanceService took to complete: 0ms
08-12 23:41:24.336  1278  1278 D SystemServiceManager: onStartUser-0 com.android.server.dreams.DreamManagerService took to complete: 0ms
08-12 23:41:24.336  1278  1278 D SystemServiceManager: onStartUser-0 com.android.server.print.PrintManagerService took to complete: 0ms
08-12 23:41:24.336  1278  1278 D SystemServiceManager: onStartUser-0 com.android.server.companion.CompanionDeviceManagerService took to complete: 0ms
08-12 23:41:24.336  1278  1278 D SystemServiceManager: onStartUser-0 com.android.server.restrictions.RestrictionsManagerService took to complete: 0ms
08-12 23:41:24.336  1278  1278 D SystemServiceManager: onStartUser-0 com.android.server.media.MediaSessionService took to complete: 0ms
08-12 23:41:24.336  1278  1278 D SystemServiceManager: onStartUser-0 com.android.server.hdmi.HdmiControlService took to complete: 0ms
08-12 23:41:24.336  1278  1278 D SystemServiceManager: onStartUser-0 com.android.server.media.MediaResourceMonitorService took to complete: 0ms
08-12 23:41:24.336  1278  1278 D SystemServiceManager: onStartUser-0 com.android.server.pm.ShortcutService$Lifecycle took to complete: 0ms
08-12 23:41:24.336  1278  1278 D SystemServiceManager: onStartUser-0 com.android.server.pm.LauncherAppsService took to complete: 0ms
08-12 23:41:24.336  1278  1278 D SystemServiceManager: onStartUser-0 com.android.server.pm.CrossProfileAppsService took to complete: 0ms
08-12 23:41:24.336  1278  1278 D SystemServiceManager: onStartUser-0 com.android.server.media.projection.MediaProjectionManagerService took to complete: 0ms
08-12 23:41:24.336  1278  1278 D SystemServiceManager: onStartUser-0 com.android.server.slice.SliceManagerService$Lifecycle took to complete: 0ms
08-12 23:41:24.337  1278  1278 D SystemServiceManager: onStartUser-0 com.android.server.camera.CameraServiceProxy took to complete: 1ms
08-12 23:41:24.337  1278  1278 D SystemServiceManager: onStartUser-0 com.android.server.stats.StatsCompanionService$Lifecycle took to complete: 0ms
08-12 23:41:24.337  1278  1278 D SystemServiceManager: onStartUser-0 com.android.server.incident.IncidentCompanionService took to complete: 0ms
08-12 23:41:24.337  1278  1278 D SystemServiceManager: onStartUser-0 com.android.server.MmsServiceBroker took to complete: 0ms
08-12 23:41:24.337  1278  1278 D SystemServiceManager: onStartUser-0 com.android.server.autofill.AutofillManagerService took to complete: 0ms
08-12 23:41:24.337  1278  1278 D SystemServiceManager: onStartUser-0 com.android.server.clipboard.ClipboardService took to complete: 0ms
08-12 23:41:24.337  1278  1278 W AppBindingService: [Default SMS app] u0 Target package not found
08-12 23:41:24.337  1278  1278 D SystemServiceManager: onStartUser-0 com.android.server.appbinding.AppBindingService$Lifecycle took to complete: 0ms
08-12 23:41:24.337  1278  1278 D SystemServiceManager: onStartUser-0 com.android.server.policy.PermissionPolicyService took to complete: 0ms
08-12 23:41:24.337  1278  1278 D SystemServiceManager: ssm.startUser-0 took to complete: 6ms
08-12 23:41:24.338  1278  1278 I am_uid_running: 1001
08-12 23:41:24.341   911  1431 I OMXClient: IOmx service obtained
08-12 23:41:24.341   919   919 I OMXMaster: makeComponentInstance(OMX.google.g711.mlaw.decoder) in android.hardwar process
08-12 23:41:24.342  1278  1278 I ActivityTaskManager: START u0 {act=android.intent.action.MAIN cat=[android.intent.category.HOME] flg=0x10000100 cmp=com.android.settings/.FallbackHome} from uid 0
08-12 23:41:24.343  1278  1312 W ActivityManager: Slow operation: 104ms so far, now at startProcess: returned from zygote!
08-12 23:41:24.345   911  1431 I OMXClient: IOmx service obtained
08-12 23:41:24.345   919  1028 I OMXMaster: makeComponentInstance(OMX.google.gsm.decoder) in android.hardwar process
08-12 23:41:24.364   911  1431 I OMXClient: IOmx service obtained
08-12 23:41:24.365   919  1028 I OMXMaster: makeComponentInstance(OMX.google.mp3.decoder) in android.hardwar process
08-12 23:41:24.377   911  1431 I OMXClient: IOmx service obtained
08-12 23:41:24.378   919   919 I OMXMaster: makeComponentInstance(OMX.google.opus.decoder) in android.hardwar process
08-12 23:41:24.393  1514  1514 I Perf    : Connecting to perf service.
08-12 23:41:24.396   911  1431 I OMXClient: IOmx service obtained
08-12 23:41:24.396   919   919 I OMXMaster: makeComponentInstance(OMX.google.raw.decoder) in android.hardwar process
08-12 23:41:24.404   911  1431 I OMXClient: IOmx service obtained
08-12 23:41:24.404   919  1028 I OMXMaster: makeComponentInstance(OMX.google.vorbis.decoder) in android.hardwar process
08-12 23:41:24.404  1514  1514 V SystemUIService: SystemUIApplication constructed.
08-12 23:41:24.422   911  1431 I OMXClient: IOmx service obtained
08-12 23:41:24.422  1278  1603 W StorageManagerService: No primary storage defined yet; hacking together a stub
08-12 23:41:24.422   919   919 I OMXMaster: makeComponentInstance(OMX.google.aac.encoder) in android.hardwar process
08-12 23:41:24.429   911  1431 I OMXClient: IOmx service obtained
08-12 23:41:24.429   919  1028 I OMXMaster: makeComponentInstance(OMX.google.amrnb.encoder) in android.hardwar process
08-12 23:41:24.435  1492  1492 I         : [0812/234124.435404:INFO:com_android_bluetooth_btservice_AdapterService.cpp(644)] hal_util_load_bt_library loaded HAL: btinterface=0x733f9f95d8, handle=0xdf63c9241763e9a1
08-12 23:41:24.435  1492  1492 D BluetoothAdapterService: getAdapterService() - returning null
08-12 23:41:24.435  1492  1492 E AdapterServiceConfig: adapterService is null
08-12 23:41:24.435  1492  1492 V AdapterServiceConfig: Adding A2dpService
08-12 23:41:24.436  1492  1492 D AdapterServiceConfig:  addAudioProfiles profileHidHostService
08-12 23:41:24.436  1492  1492 I AdapterServiceConfig: addAudioProfiles isA2dpConcurrency:false
08-12 23:41:24.436  1492  1492 I AdapterServiceConfig: addAudioProfiles isA2dpSink :false
08-12 23:41:24.436  1492  1492 D BluetoothAdapterService: getAdapterService() - returning null
08-12 23:41:24.436  1492  1492 E AdapterServiceConfig: adapterService is null
08-12 23:41:24.436  1492  1492 V AdapterServiceConfig: Adding HidHostService
08-12 23:41:24.436  1492  1492 D AdapterServiceConfig:  addAudioProfiles profileGattService
08-12 23:41:24.436  1492  1492 I AdapterServiceConfig: addAudioProfiles isA2dpConcurrency:false
08-12 23:41:24.436  1492  1492 I AdapterServiceConfig: addAudioProfiles isA2dpSink :false
08-12 23:41:24.436  1492  1492 D BluetoothAdapterService: getAdapterService() - returning null
08-12 23:41:24.436  1492  1492 E AdapterServiceConfig: adapterService is null
08-12 23:41:24.437  1492  1492 V AdapterServiceConfig: Adding GattService
08-12 23:41:24.437  1492  1492 D AdapterServiceConfig:  addAudioProfiles profileHidDeviceService
08-12 23:41:24.437  1492  1492 I AdapterServiceConfig: addAudioProfiles isA2dpConcurrency:false
08-12 23:41:24.437  1492  1492 I AdapterServiceConfig: addAudioProfiles isA2dpSink :false
08-12 23:41:24.437  1492  1492 D BluetoothAdapterService: getAdapterService() - returning null
08-12 23:41:24.437  1492  1492 E AdapterServiceConfig: adapterService is null
08-12 23:41:24.437  1492  1492 V AdapterServiceConfig: Adding HidDeviceService
08-12 23:41:24.437  1492  1492 D AdapterServiceConfig:  addAudioProfiles profileBluetoothOppService
08-12 23:41:24.437  1492  1492 I AdapterServiceConfig: addAudioProfiles isA2dpConcurrency:false
08-12 23:41:24.437  1492  1492 I AdapterServiceConfig: addAudioProfiles isA2dpSink :false
08-12 23:41:24.437  1492  1492 D BluetoothAdapterService: getAdapterService() - returning null
08-12 23:41:24.437  1492  1492 E AdapterServiceConfig: adapterService is null
08-12 23:41:24.437  1492  1492 V AdapterServiceConfig: Adding BluetoothOppService
08-12 23:41:24.439   477   477 I hwservicemanager: getTransport: Cannot find entry vendor.qti.hardware.iop@2.0::IIop/default in either framework or device manifest.
08-12 23:41:24.440   912   912 E ANDR-IOP: IIop:: Iop HAL Service is not available.
08-12 23:41:24.440   911  1431 I OMXClient: IOmx service obtained
08-12 23:41:24.440   919  1028 I OMXMaster: makeComponentInstance(OMX.google.amrwb.encoder) in android.hardwar process
08-12 23:41:24.440  1492  1492 D BluetoothAdapterService: onCreate()
08-12 23:41:24.441  1278  1303 D BluetoothManagerService: MESSAGE_REGISTER_ADAPTER
08-12 23:41:24.447   911  1431 I OMXClient: IOmx service obtained
08-12 23:41:24.447   919  1027 I OMXMaster: makeComponentInstance(OMX.google.flac.encoder) in android.hardwar process
08-12 23:41:24.453   911  1431 I OMXClient: IOmx service obtained
08-12 23:41:24.453   919  1027 I OMXMaster: makeComponentInstance(OMX.qcom.video.decoder.avc) in android.hardwar process
08-12 23:41:24.458   919  1027 E         : Service not available yet
08-12 23:41:24.460   477   477 I hwservicemanager: getTransport: Cannot find entry vendor.qti.hardware.iop@2.0::IIop/default in either framework or device manifest.
08-12 23:41:24.463  1278  1278 I ActivityTaskManager: Loaded persisted task ids for user 0
08-12 23:41:24.463  1278  1278 I wm_task_created: [1,0]
08-12 23:41:24.465  1278  1278 I wm_task_moved: [1,0,2147483647]
08-12 23:41:24.465  1278  1278 I am_create_task: [0,1]
08-12 23:41:24.465  1278  1278 I am_create_activity: [0,247017911,1,com.android.settings/.FallbackHome,android.intent.action.MAIN,NULL,NULL,276824320]
08-12 23:41:24.465   659   659 I QTI PowerHAL: power_hint, hintId:8
08-12 23:41:24.465  1278  1278 I wm_task_moved: [1,0,2147483647]
08-12 23:41:24.473   919  1027 I OMX-VDEC-1080P: Video slvp perflock acquired
08-12 23:41:24.526  1278  1418 I commit_sys_config_file: [settings-0-0,11]
08-12 23:41:24.531  1278  1418 I commit_sys_config_file: [settings-2-0,5]
08-12 23:41:24.541  1278  1278 D SystemServerTiming: ActivityManagerStartApps took to complete: 210ms
08-12 23:41:24.541  1278  1278 D SystemServerTiming: PhaseActivityManagerReady took to complete: 782ms
08-12 23:41:24.542  1278  1302 W Looper  : Slow dispatch took 204ms android.ui h=com.android.server.am.ActivityManagerService$UiHandler c=null m=53
08-12 23:41:24.543  1278  1534 I am_proc_bound: [0,1551,WebViewLoader-armeabi-v7a]
08-12 23:41:24.543  1278  1312 I chatty  : uid=1000(system) ActivityManager expire 1 line
08-12 23:41:24.543  1278  1312 I dvm_lock_sample: [system_server,1,ActivityManager:procStart,199,ProcessList.java,1674,void com.android.server.am.ProcessList.lambda$startProcessLocked$0$ProcessList(com.android.server.am.ProcessRecord, java.lang.String, int[], int, int, java.lang.String, java.lang.String, java.lang.String, long),ActivityManagerService.java,9134,void com.android.server.am.ActivityManagerService.systemReady(java.lang.Runnable, android.util.TimingsTraceLog),39]
08-12 23:41:24.543  1278  1534 I chatty  : uid=1000(system) Binder:1278_3 expire 24 lines
08-12 23:41:24.543  1278  1278 D SystemServerInitThreadPool: Shutdown successful
08-12 23:41:24.544  1278  1278 D SystemServerTiming: StartServices took to complete: 3443ms
08-12 23:41:24.544  1278  1278 I sysui_multi_action: [757,804,799,boot_system_server_ready,801,15532,802,1]
08-12 23:41:24.545  1278  1534 I am_uid_active: 1037
08-12 23:41:24.546  1278  1304 I dvm_lock_sample: [system_server,1,android.display,76,ActivityManagerService.java,18501,void com.android.server.am.ActivityManagerService$LocalService.startProcess(java.lang.String, android.content.pm.ApplicationInfo, boolean, java.lang.String, android.content.ComponentName),-,9134,void com.android.server.am.ActivityManagerService.systemReady(java.lang.Runnable, android.util.TimingsTraceLog),15]
08-12 23:41:24.546  1514  1514 W AlarmManager: Unrecognized alarm listener com.android.systemui.keyguard.-$$Lambda$KeyguardSliceProvider$IhzByd8TsqFuOrSyuGurVskyPLo@fff1300
08-12 23:41:24.547  1278  1312 W ActivityManager: Slow operation: 308ms so far, now at startProcess: done updating battery stats
08-12 23:41:24.547  1278  1312 I am_proc_start: [0,1573,1037,WebViewLoader-arm64-v8a,NULL,]
08-12 23:41:24.547  1278  1312 W ActivityManager: Slow operation: 308ms so far, now at startProcess: building log message
08-12 23:41:24.547  1278  1312 I ActivityManager: Start proc 1573:WebViewLoader-arm64-v8a/1037 [android.webkit.WebViewLibraryLoader$RelroFileCreator] for null
08-12 23:41:24.547  1278  1312 W ActivityManager: Slow operation: 308ms so far, now at startProcess: starting to update pids map
08-12 23:41:24.548  1551  1551 V WebViewLibraryLoader: RelroFileCreator (64bit = false), package: com.android.webview library: libwebviewchromium.so
08-12 23:41:24.549  1278  1616 I chatty  : uid=1000(system) Binder:1278_6 expire 99 lines
08-12 23:41:24.549  1278  1616 I dvm_lock_sample: [system_server,1,Binder:1278_6,107,ActivityManagerService.java,14496,android.content.Intent com.android.server.am.ActivityManagerService.registerReceiver(android.app.IApplicationThread, java.lang.String, android.content.IIntentReceiver, android.content.IntentFilter, java.lang.String, int, int),-,9134,void com.android.server.am.ActivityManagerService.systemReady(java.lang.Runnable, android.util.TimingsTraceLog),21]
08-12 23:41:24.550  1278  1312 W ActivityManager: Slow operation: 311ms so far, now at startProcess: done updating pids map
08-12 23:41:24.551  1278  1312 W ActivityManager: Slow operation: 212ms so far, now at startProcess: asking zygote to start proc
08-12 23:41:24.554  1278  1297 I am_proc_bound: [0,1573,WebViewLoader-arm64-v8a]
08-12 23:41:24.554  1278  1297 I chatty  : uid=1000(system) Binder:1278_1 expire 19 lines
08-12 23:41:24.554  1278  1301 W LocationProviderProxy: Odd, no component found for service com.android.location.service.v3.NetworkLocationProvider
08-12 23:41:24.554  1278  1278 W Looper  : Slow delivery took 1711ms main h=android.app.ActivityThread$H c=null m=156
08-12 23:41:24.557  1492  1492 I BluetoothVendorJni: classInitNative: succeeds
08-12 23:41:24.558  1492  1492 D AdapterState: make() - Creating AdapterState
08-12 23:41:24.560  1492  1492 I BluetoothVendorSocketJni: classInitNative: succeeds
08-12 23:41:24.560  1492  1627 I AdapterState: OFF : entered 
08-12 23:41:24.560  1492  1627 D AdapterProperties: Setting state to OFF
08-12 23:41:24.560  1573  1573 V WebViewLibraryLoader: RelroFileCreator (64bit = true), package: com.android.webview library: libwebviewchromium.so
08-12 23:41:24.568  1492  1492 I bt_btif : QTI OMR1 stack: init: start restricted = 0 : niap = 0
08-12 23:41:24.568  1492  1492 D bt_osi_allocation_tracker: canary initialized
08-12 23:41:24.569  1492  1629 I bt_osi_thread: run_thread: thread id 1629, thread name stack_manager started
08-12 23:41:24.569   919  1027 I OMX-VDEC-1080P: component_init: OMX.qcom.video.decoder.avc : fd=7
08-12 23:41:24.570   477   477 I hwservicemanager: getTransport: Cannot find entry android.hardware.input.classifier@1.0::IInputClassifier/default in either framework or device manifest.
08-12 23:41:24.570  1278  1628 I chatty  : uid=1000 system_server expire 1 line
08-12 23:41:24.570   607   607 D Zygote  : Forked child process 1631
08-12 23:41:24.571  1492  1629 I bt_stack_manager: event_init_stack is initializing the stack
08-12 23:41:24.572  1492  1629 I bt_utils: persist.vendor.payment.secured = 0, sec_pci_feature_enabled = 0
08-12 23:41:24.572  1492  1629 I         : [0812/234124.572572:INFO:btif_config.cc(839)] hash_file: Disabled for multi-user
08-12 23:41:24.572  1492  1629 I         : [0812/234124.572672:INFO:btif_config.cc(867)] read_checksum_file: Disabled for multi-user
08-12 23:41:24.574  1278  1616 W StorageManagerService: No primary storage defined yet; hacking together a stub
08-12 23:41:24.575  1278  1312 W ActivityManager: Slow operation: 236ms so far, now at startProcess: returned from zygote!
08-12 23:41:24.575  1278  1312 W ActivityManager: Slow operation: 237ms so far, now at startProcess: done updating battery stats
08-12 23:41:24.575  1278  1312 I am_proc_start: [0,1631,1001,.dataservices,added application,.dataservices]
08-12 23:41:24.575  1278  1312 W ActivityManager: Slow operation: 237ms so far, now at startProcess: building log message
08-12 23:41:24.575  1278  1312 I ActivityManager: Start proc 1631:.dataservices/1001 for added application .dataservices
08-12 23:41:24.575  1278  1312 W ActivityManager: Slow operation: 237ms so far, now at startProcess: starting to update pids map
08-12 23:41:24.575  1278  1312 W ActivityManager: Slow operation: 237ms so far, now at startProcess: done updating pids map
08-12 23:41:24.575  1278  1312 W ActivityManager: Slow operation: 236ms so far, now at startProcess: asking zygote to start proc
08-12 23:41:24.576   919  1027 I OMX-VDEC-1080P: omx_vdec::component_init() success : fd=7
08-12 23:41:24.578   919  1620 E OMXNodeInstance: getParameter(0xf02e4704:qcom.decoder.avc, ??(0x7f000044)) ERROR: UnsupportedSetting(0x80001019)
08-12 23:41:24.578   919  1620 E OMXNodeInstance: getParameter(0xf02e4704:qcom.decoder.avc, ??(0x7f000044)) ERROR: UnsupportedSetting(0x80001019)
08-12 23:41:24.578   919  1620 E OMXNodeInstance: getExtensionIndex(0xf02e4704:qcom.decoder.avc, OMX.google.android.index.configureVideoTunnelMode) ERROR: NotImplemented(0x80001006)
08-12 23:41:24.578   911  1431 D MediaCodecInfo: detail feature-tunneled-playback wasn't present to remove
08-12 23:41:24.578   919  1620 E OMX-VDEC-1080P: Enable/Disable allocate-native-handle allowed only on input port!
08-12 23:41:24.578   919  1620 E OMX-VDEC-1080P: set_parameter: Error: 0x80001019, setting param 0x7f00005d
08-12 23:41:24.578   919  1620 E OMXNodeInstance: setParameter(0xf02e4704:qcom.decoder.avc, OMX.google.android.index.allocateNativeHandle(0x7f00005d): Output:1 en=0) ERROR: UnsupportedSetting(0x80001019)
08-12 23:41:24.579   919  1620 I OMX-VDEC-1080P: omx_vdec::component_deinit() complete
08-12 23:41:24.581   662   662 W cec@1.0-service: type=1400 audit(0.0:7): avc: denied { read } for name="pa" dev="sysfs" ino=32142 scontext=u:r:hal_tv_cec_default:s0 tcontext=u:object_r:sysfs:s0 tclass=file permissive=0
08-12 23:41:24.581   662   662 I chatty  : uid=1000(system) cec@1.0-service identical 1 line
08-12 23:41:24.581   662   662 W cec@1.0-service: type=1400 audit(0.0:9): avc: denied { read } for name="pa" dev="sysfs" ino=32142 scontext=u:r:hal_tv_cec_default:s0 tcontext=u:object_r:sysfs:s0 tclass=file permissive=0
08-12 23:41:24.581   919  1620 I OMX-VDEC-1080P: Exit OMX vdec Destructor: fd=7
08-12 23:41:24.581   919  1620 I OMX-VDEC-1080P: Video slvp perflock released
08-12 23:41:24.583  1492  1641 I bt_osi_thread: run_thread: thread id 1641, thread name alarm_default_ca started
08-12 23:41:24.585  1278  1278 D ConditionProviders.SCP: onConnected
08-12 23:41:24.586  1492  1642 I bt_osi_thread: run_thread: thread id 1642, thread name alarm_dispatcher started
08-12 23:41:24.586  1492  1629 I bt_config_source: 1
08-12 23:41:24.586  1278  1278 D ConditionProviders: Subscribing to condition://android/event?userId=-10000&calendar=&reply=1 with ComponentInfo{android/com.android.server.notification.EventConditionProvider}
08-12 23:41:24.586  1278  1278 D ConditionProviders: Subscribing to condition://android/schedule?days=1.2.3.4.5.6.7&start=22.0&end=7.0&exitAtAlarm=true with ComponentInfo{android/com.android.server.notification.ScheduleConditionProvider}
08-12 23:41:24.586  1278  1278 I notification_cancel_all: [1000,1278,android,0,0,0,17,NULL]
08-12 23:41:24.587   662   662 E qdhdmi_cec: write_node: Failed to access path: /sys/devices/virtual/graphics/fb1/cec/logical_addr error: No such file or directory
08-12 23:41:24.587   662   662 I qdhdmi_cec: cec_add_logical_address: Allocated logical address: 4 
08-12 23:41:24.587  1492  1629 I bt_btif_core: btif_init_bluetooth entered
08-12 23:41:24.588   911  1431 I OMXClient: IOmx service obtained
08-12 23:41:24.588   919  1620 I OMXMaster: makeComponentInstance(OMX.qcom.video.decoder.avc.secure) in android.hardwar process
08-12 23:41:24.589  1278  1480 D HDMI    : [S]:<Report Physical Address> 4F:84:FF:FF:04
08-12 23:41:24.591  1278  1480 W HdmiCecController: Failed to send <Report Physical Address> 4F:84:FF:FF:04 with errorCode=3
08-12 23:41:24.591  1278  1480 D HDMI    : [S]:<Device Vendor Id> 4F:87:A4:77:33
08-12 23:41:24.594  1278  1480 W HdmiCecController: Failed to send <Device Vendor Id> 4F:87:A4:77:33 with errorCode=3
08-12 23:41:24.595  1278  1480 D HDMI    : [S]:<Give System Audio Mode Status> 45:7D
08-12 23:41:24.596  1278  1480 W HdmiCecController: Failed to send <Give System Audio Mode Status> 45:7D with errorCode=3
08-12 23:41:24.600   919  1620 E         : Service not available yet
08-12 23:41:24.601   607   607 D Zygote  : Forked child process 1649
08-12 23:41:24.602  1278  1312 W ActivityManager: Slow operation: 263ms so far, now at startProcess: returned from zygote!
08-12 23:41:24.603  1278  1312 W ActivityManager: Slow operation: 264ms so far, now at startProcess: done updating battery stats
08-12 23:41:24.603  1278  1312 I am_proc_start: [0,1649,1001,.qtidataservices,added application,.qtidataservices]
08-12 23:41:24.604  1278  1312 W ActivityManager: Slow operation: 264ms so far, now at startProcess: building log message
08-12 23:41:24.604  1278  1312 I ActivityManager: Start proc 1649:.qtidataservices/1001 for added application .qtidataservices
08-12 23:41:24.604  1278  1312 W ActivityManager: Slow operation: 264ms so far, now at startProcess: starting to update pids map
08-12 23:41:24.604  1278  1312 W ActivityManager: Slow operation: 265ms so far, now at startProcess: done updating pids map
08-12 23:41:24.604  1278  1312 W ActivityManager: Slow operation: 264ms so far, now at startProcess: asking zygote to start proc
08-12 23:41:24.605  1278  1278 V SettingsProvider: Notifying for 0: content://settings/secure/location_mode
08-12 23:41:24.606  1278  1616 D TelephonyRegistry: listen oscl: mHasNotifySubscriptionInfoChangedOccurred==false no callback
08-12 23:41:24.606  1278  1278 V SettingsProvider: Notifying for 0: content://settings/global/location_global_kill_switch
08-12 23:41:24.609  1492  1629 D bt_osi_config: config_parse no key/value separator found on line 454.
08-12 23:41:24.611  1492  1629 W bt_device_interop:  feature:: 0, key :: 08:62:66, value :: Address_Based
08-12 23:41:24.611  1492  1629 W bt_device_interop:  feature:: 0, key :: 38:2C:4A:C9, value :: Address_Based
08-12 23:41:24.611  1492  1629 W bt_device_interop:  feature:: 0, key :: 38:2C:4A:E6, value :: Address_Based
08-12 23:41:24.611  1492  1629 W bt_device_interop:  feature:: 0, key :: 54:A0:50:D9, value :: Address_Based
08-12 23:41:24.611  1492  1629 W bt_device_interop:  feature:: 0, key :: AC:9E:17, value :: Address_Based
08-12 23:41:24.612  1492  1629 W bt_device_interop:  feature:: 0, key :: F0:79:59, value :: Address_Based
08-12 23:41:24.612  1492  1629 W bt_device_interop:  feature:: 0, key :: 80:E4:DA:70, value :: Address_Based
08-12 23:41:24.612  1492  1629 W bt_device_interop:  feature:: 0, key :: 1C:96:5A, value :: Address_Based
08-12 23:41:24.612  1492  1629 W bt_device_interop:  feature:: 0, key :: 80:EA:CA, value :: Address_Based
08-12 23:41:24.612  1492  1629 W bt_device_interop:  feature:: 0, key :: 51:01:00, value :: Address_Based
08-12 23:41:24.612  1492  1629 W bt_device_interop:  feature:: 0, key :: 61:01:00, value :: Address_Based
08-12 23:41:24.612  1492  1629 W bt_device_interop:  feature:: 2, key :: A0:E9:DB, value :: Address_Based
08-12 23:41:24.612  1492  1629 W bt_device_interop:  feature:: 2, key :: 00:14:02, value :: Address_Based
08-12 23:41:24.612  1492  1629 W bt_device_interop:  feature:: 2, key :: 1C:48:F9, value :: Address_Based
08-12 23:41:24.612  1492  1629 W bt_device_interop:  feature:: 2, key :: 44:5E:F3, value :: Address_Based
08-12 23:41:24.612  1492  1629 W bt_device_interop:  feature:: 2, key :: D4:9C:28, value :: Address_Based
08-12 23:41:24.612  1492  1629 W bt_device_interop:  feature:: 2, key :: 00:18:6B, value :: Address_Based
08-12 23:41:24.612  1492  1629 W bt_device_interop:  feature:: 2, key :: B8:AD:3E, value :: Address_Based
08-12 23:41:24.612  1492  1629 W bt_device_interop:  feature:: 2, key :: 00:11:B1, value :: Address_Based
08-12 23:41:24.612  1492  1629 W bt_device_interop:  feature:: 2, key :: A4:15:66, value :: Address_Based
08-12 23:41:24.612  1492  1629 W bt_device_interop:  feature:: 2, key :: 00:14:F1, value :: Address_Based
08-12 23:41:24.612  1492  1629 W bt_device_interop:  feature:: 2, key :: 00:26:7E, value :: Address_Based
08-12 23:41:24.612  1492  1629 W bt_device_interop:  feature:: 2, key :: 90:03:B7, value :: Address_Based
08-12 23:41:24.612  1492  1629 W bt_device_interop:  feature:: 2, key :: 04:F8:C2, value :: Address_Based
08-12 23:41:24.612  1492  1629 W bt_device_interop:  feature:: 2, key :: 00:18:91, value :: Address_Based
08-12 23:41:24.612  1492  1629 W bt_device_interop:  feature:: 2, key :: 00:24:1C, value :: Address_Based
08-12 23:41:24.612  1492  1629 W bt_device_interop:  feature:: 2, key :: 00:08:8b, value :: Address_Based
08-12 23:41:24.612  1492  1629 W bt_device_interop:  feature:: 2, key :: 94:16:25, value :: Address_Based
08-12 23:41:24.612  1492  1629 W bt_device_interop:  feature:: 3, key :: 34:C7:31, value :: Address_Based
08-12 23:41:24.612   919  1620 I OMX-VDEC-1080P: Video slvp perflock acquired
08-12 23:41:24.612  1492  1629 W bt_device_interop:  feature:: 3, key :: 00:07:04, value :: Address_Based
08-12 23:41:24.612  1492  1629 W bt_device_interop:  feature:: 3, key :: E0:75:0A, value :: Address_Based
08-12 23:41:24.612  1492  1629 W bt_device_interop:  feature:: 3, key :: Audi, value :: Name_Based
08-12 23:41:24.612  1492  1629 W bt_device_interop:  feature:: 3, key :: BMW, value :: Name_Based
08-12 23:41:24.612  1492  1629 W bt_device_interop:  feature:: 3, key :: Parrot, value :: Name_Based
08-12 23:41:24.612  1492  1629 W bt_device_interop:  feature:: 3, key :: Car, value :: Name_Based
08-12 23:41:24.612  1492  1629 W bt_device_interop:  feature:: 3, key :: NISSAN, value :: Name_Based
08-12 23:41:24.613  1492  1629 W bt_device_interop:  feature:: 4, key :: 00:0F:F6, value :: Address_Based
08-12 23:41:24.613  1492  1629 W bt_device_interop:  feature:: 5, key :: 00:18:91, value :: Address_Based
08-12 23:41:24.613  1492  1629 W bt_device_interop:  feature:: 5, key :: 00:21:4F, value :: Address_Based
08-12 23:41:24.613  1492  1629 W bt_device_interop:  feature:: 5, key :: 20:15:06, value :: Address_Based
08-12 23:41:24.613  1492  1629 W bt_device_interop:  feature:: 5, key :: 9C:DF:03, value :: Address_Based
08-12 23:41:24.613   919  1620 I OMX-VDEC-1080P: component_init: OMX.qcom.video.decoder.avc : fd=7
08-12 23:41:24.613  1492  1629 W bt_device_interop:  feature:: 5, key :: 04:52:C7, value :: Address_Based
08-12 23:41:24.613  1492  1629 W bt_device_interop:  feature:: 5, key :: 30:14:4A, value :: Address_Based
08-12 23:41:24.613  1492  1629 W bt_device_interop:  feature:: 5, key :: 00:54:AF, value :: Address_Based
08-12 23:41:24.613  1492  1629 W bt_device_interop:  feature:: 5, key :: 7C:1C:4E, value :: Address_Based
08-12 23:41:24.613  1492  1629 W bt_device_interop:  feature:: 5, key :: 50:65:83, value :: Address_Based
08-12 23:41:24.613  1492  1629 W bt_device_interop:  feature:: 5, key :: 00:1E:7C, value :: Address_Based
08-12 23:41:24.613  1492  1629 W bt_device_interop:  feature:: 5, key :: C8:84:47, value :: Address_Based
08-12 23:41:24.613  1492  1629 W bt_device_interop:  feature:: 5, key :: D0:8A:55, value :: Address_Based
08-12 23:41:24.613  1492  1629 W bt_device_interop:  feature:: 5, key :: 48:F0:7B, value :: Address_Based
08-12 23:41:24.613  1492  1629 W bt_device_interop:  feature:: 5, key :: 00:0A:08, value :: Address_Based
08-12 23:41:24.613  1492  1629 W bt_device_interop:  feature:: 5, key :: 00:11:2D, value :: Address_Based
08-12 23:41:24.613  1492  1629 W bt_device_interop:  feature:: 5, key :: A8:54:B2, value :: Address_Based
08-12 23:41:24.613  1492  1629 W bt_device_interop:  feature:: 5, key :: AC:7A:4D, value :: Address_Based
08-12 23:41:24.613  1492  1629 W bt_device_interop:  feature:: 21, key :: 00:12:A1, value :: Address_Based
08-12 23:41:24.613  1492  1629 W bt_device_interop:  feature:: 21, key :: Targus BT Laser Notebook Mouse, value :: Name_Based
08-12 23:41:24.613  1492  1629 W bt_device_interop:  feature:: 7, key :: Motorola Keyboard KZ500, value :: Name_Based
08-12 23:41:24.613  1492  1629 D bt_device_interop: Entry is already present in the list
08-12 23:41:24.613  1492  1629 W bt_device_interop:  feature:: 7, key :: Motorola Keyboard KZ500 v122, value :: Name_Based
08-12 23:41:24.613  1492  1629 W bt_device_interop:  feature:: 7, key :: 0x22b8-0x093D, value :: Vndr_Prdt_Based
08-12 23:41:24.613  1492  1629 W bt_device_interop:  feature:: 8, key :: 20:4C:10, value :: Address_Based
08-12 23:41:24.613  1492  1629 W bt_device_interop:  feature:: 8, key :: 0x004C, value :: Manufacturer_Based
08-12 23:41:24.613  1492  1629 W bt_device_interop:  feature:: 11, key :: 00:14:09, value :: Address_Based
08-12 23:41:24.613  1492  1629 W bt_device_interop:  feature:: 12, key :: BSMBB09DS, value :: Name_Based
08-12 23:41:24.614  1492  1629 W bt_device_interop:  feature:: 12, key :: ELECOM, value :: Name_Based
08-12 23:41:24.614  1492  1629 W bt_device_interop:  feature:: 18, key :: 00:02:5B:4A, value :: Address_Based
08-12 23:41:24.614  1492  1629 W bt_device_interop:  feature:: 25, key :: FC:C2:DE, value :: Address_Based
08-12 23:41:24.614  1492  1629 W bt_device_interop:  feature:: 25, key :: 00:26:B4, value :: Address_Based
08-12 23:41:24.614  1492  1629 W bt_device_interop:  feature:: 25, key :: 00:04:3E, value :: Address_Based
08-12 23:41:24.614  1492  1629 W bt_device_interop:  feature:: 25, key :: 00:23:01, value :: Address_Based
08-12 23:41:24.614  1492  1629 W bt_device_interop:  feature:: 25, key :: 1C:48:F9, value :: Address_Based
08-12 23:41:24.614  1492  1629 W bt_device_interop:  feature:: 25, key :: 00:54:AF, value :: Address_Based
08-12 23:41:24.614  1492  1629 W bt_device_interop:  feature:: 25, key :: 00:26:E8, value :: Address_Based
08-12 23:41:24.614  1492  1629 W bt_device_interop:  feature:: 25, key :: 00:37:6D, value :: Address_Based
08-12 23:41:24.614  1492  1629 W bt_device_interop:  feature:: 25, key :: 9C:3A:AF, value :: Address_Based
08-12 23:41:24.614  1492  1629 W bt_device_interop:  feature:: 25, key :: 00:18:91, value :: Address_Based
08-12 23:41:24.614  1492  1629 W bt_device_interop:  feature:: 25, key :: 0C:E0:E4, value :: Address_Based
08-12 23:41:24.614  1492  1629 W bt_device_interop:  feature:: 25, key :: 00:07:04, value :: Address_Based
08-12 23:41:24.614  1492  1629 W bt_device_interop:  feature:: 25, key :: A4:15:66, value :: Address_Based
08-12 23:41:24.614  1492  1629 W bt_device_interop:  feature:: 25, key :: D0:13:1E, value :: Address_Based
08-12 23:41:24.614  1492  1629 W bt_device_interop:  feature:: 25, key :: 8F:20:B4, value :: Address_Based
08-12 23:41:24.614  1492  1629 W bt_device_interop:  feature:: 25, key :: A8:B9:B3, value :: Address_Based
08-12 23:41:24.614  1492  1629 W bt_device_interop:  feature:: 25, key :: 00:0D:F0, value :: Address_Based
08-12 23:41:24.614  1492  1629 W bt_device_interop:  feature:: 25, key :: 00:08:E0, value :: Address_Based
08-12 23:41:24.614  1492  1629 W bt_device_interop:  feature:: 25, key :: 00:25:52, value :: Address_Based
08-12 23:41:24.614  1492  1629 W bt_device_interop:  feature:: 25, key :: 1C:52:16, value :: Address_Based
08-12 23:41:24.614  1492  1629 W bt_device_interop:  feature:: 25, key :: 00:06:66, value :: Address_Based
08-12 23:41:24.614  1492  1629 W bt_device_interop:  feature:: 25, key :: 00:24:E4, value :: address_Based
08-12 23:41:24.614  1492  1629 W bt_device_interop:  feature:: 25, key :: 00:1C:D8, value :: Address_Based
08-12 23:41:24.614  1492  1629 W bt_device_interop:  feature:: 25, key :: AC:FD:CE, value :: Address_Based
08-12 23:41:24.614  1492  1629 W bt_device_interop:  feature:: 25, key :: 08:76:95, value :: Address_Based
08-12 23:41:24.614  1492  1629 W bt_device_interop:  feature:: 25, key :: 00:00:45, value :: Address_Based
08-12 23:41:24.614  1492  1629 W bt_device_interop:  feature:: 25, key :: EB:06:EF, value :: Address_Based
08-12 23:41:24.614  1492  1629 W bt_device_interop:  feature:: 25, key :: 74:95:EC, value :: Address_Based
08-12 23:41:24.614  1492  1629 W bt_device_interop:  feature:: 25, key :: AC:FD:93, value :: Address_Based
08-12 23:41:24.614  1492  1629 W bt_device_interop:  feature:: 25, key :: AA:A8:AC, value :: Address_Based
08-12 23:41:24.614  1492  1629 W bt_device_interop:  feature:: 25, key :: B8:D5:0B, value :: Address_Based
08-12 23:41:24.614  1492  1629 W bt_device_interop:  feature:: 25, key :: 50:1A:A5, value :: Address_Based
08-12 23:41:24.614  1492  1629 W bt_device_interop:  feature:: 16, key :: 00:0D:FD, value :: Address_Based
08-12 23:41:24.614  1492  1629 W bt_device_interop:  feature:: 16, key :: 00:1B:DC, value :: Address_Based
08-12 23:41:24.614  1492  1629 W bt_device_interop:  feature:: 16, key :: 00:07:04, value :: Address_Based
08-12 23:41:24.614  1492  1629 W bt_device_interop:  feature:: 16, key :: A4:15:66, value :: Address_Based
08-12 23:41:24.615  1492  1629 W bt_device_interop:  feature:: 16, key :: 00:54:AF, value :: Address_Based
08-12 23:41:24.615  1492  1629 W bt_device_interop:  feature:: 16, key :: 00:23:7F, value :: Address_Based
08-12 23:41:24.615  1492  1629 W bt_device_interop:  feature:: 16, key :: B8:69:C2, value :: Address_Based
08-12 23:41:24.615  1492  1629 W bt_device_interop:  feature:: 14, key :: 28:A1:83, value :: Address_Based
08-12 23:41:24.615  1492  1629 W bt_device_interop:  feature:: 14, key :: A0:14:3D, value :: Address_Based
08-12 23:41:24.615  1492  1629 W bt_device_interop:  feature:: 14, key :: 90:03:B7, value :: Address_Based
08-12 23:41:24.615  1492  1629 W bt_device_interop:  feature:: 14, key :: 00:21:3c, value :: Address_Based
08-12 23:41:24.615  1492  1629 W bt_device_interop:  feature:: 14, key :: 9C:DF:03, value :: Address_Based
08-12 23:41:24.615  1492  1629 W bt_device_interop:  feature:: 14, key :: E0:75:0A, value :: Address_Based
08-12 23:41:24.615  1492  1629 W bt_device_interop:  feature:: 14, key :: 48:F0:7B, value :: Address_Based
08-12 23:41:24.615  1492  1629 W bt_device_interop:  feature:: 14, key :: 04:52:C7, value :: Address_Based
08-12 23:41:24.615  1492  1629 W bt_device_interop:  feature:: 14, key :: 30:C3:D9, value :: Address_Based
08-12 23:41:24.615  1492  1629 W bt_device_interop:  feature:: 14, key :: 00:E0:4C, value :: Address_Based
08-12 23:41:24.615  1492  1629 W bt_device_interop:  feature:: 14, key :: abramtek M1, value :: Name_Based
08-12 23:41:24.615  1492  1629 W bt_device_interop:  feature:: 14, key :: Buick Verano, value :: Name_Based
08-12 23:41:24.615  1492  1629 W bt_device_interop:  feature:: 15, key :: B8:AD:3E, value :: Address_Based
08-12 23:41:24.615  1492  1629 W bt_device_interop:  feature:: 15, key :: LG HBSA100, value :: Name_Based
08-12 23:41:24.615  1492  1629 W bt_device_interop:  feature:: 15, key :: LG HBS1100, value :: Name_Based
08-12 23:41:24.615  1492  1629 W bt_device_interop:  feature:: 15, key :: 00:18:09, value :: Address_Based
08-12 23:41:24.615  1492  1629 W bt_device_interop:  feature:: 15, key :: MDR-XB80BS, value :: Name_Based
08-12 23:41:24.615  1492  1629 W bt_device_interop:  feature:: 15, key :: 7C:04:D0, value :: Address_Based
08-12 23:41:24.615  1492  1629 W bt_device_interop:  feature:: 15, key :: 24:F6:77, value :: Address_Based
08-12 23:41:24.615  1492  1629 W bt_device_interop:  feature:: 15, key :: AirPods, value :: Name_Based
08-12 23:41:24.615  1492  1629 W bt_device_interop:  feature:: 15, key :: 48:D6:D5, value :: Address_Based
08-12 23:41:24.616  1492  1629 W bt_device_interop:  feature:: 15, key :: Pixel Buds 7943, value :: Name_Based
08-12 23:41:24.616  1492  1629 W bt_device_interop:  feature:: 15, key :: 8C:DE:52, value :: Address_Based
08-12 23:41:24.616  1492  1629 W bt_device_interop:  feature:: 15, key :: SRS-X33, value :: Name_Based
08-12 23:41:24.616  1492  1629 W bt_device_interop:  feature:: 15, key :: 04:5D:4B, value :: Address_Based
08-12 23:41:24.616  1492  1629 W bt_device_interop:  feature:: 15, key :: WH-1000XM2, value :: Name_Based
08-12 23:41:24.616  1492  1629 W bt_device_interop:  feature:: 15, key :: h.ear (MDR-100ABN), value :: Name_Based
08-12 23:41:24.616  1492  1629 W bt_device_interop:  feature:: 15, key :: WI-1000X, value :: Name_Based
08-12 23:41:24.616  1492  1629 W bt_device_interop:  feature:: 15, key :: WH-H800 (h.ear), value :: Name_Based
08-12 23:41:24.616  1492  1629 W bt_device_interop:  feature:: 15, key :: MDR-1000X, value :: Name_Based
08-12 23:41:24.616  1492  1629 W bt_device_interop:  feature:: 15, key :: WI-H700 (h.ear), value :: Name_Based
08-12 23:41:24.616  1492  1629 W bt_device_interop:  feature:: 15, key :: WH-H900N (h.ear), value :: Name_Based
08-12 23:41:24.616  1492  1629 W bt_device_interop:  feature:: 15, key :: 10:4F:A8, value :: Address_Based
08-12 23:41:24.616  1492  1629 W bt_device_interop:  feature:: 15, key :: MDR-1ABT, value :: Name_Based
08-12 23:41:24.616  1492  1629 W bt_device_interop:  feature:: 15, key :: h.ear (MDR-EX750BT), value :: Name_Based
08-12 23:41:24.616  1492  1629 W bt_device_interop:  feature:: 15, key :: AC:9B:0A, value :: Address_Based
08-12 23:41:24.616  1492  1629 W bt_device_interop:  feature:: 15, key :: MDR-ZX770BN, value :: Name_Based
08-12 23:41:24.616  1492  1629 W bt_device_interop:  feature:: 15, key :: 04:52:C7, value :: Address_Based
08-12 23:41:24.616  1492  1629 W bt_device_interop:  feature:: 15, key :: Bose QuietComfort 35, value :: Name_Based
08-12 23:41:24.616  1492  1629 W bt_device_interop:  feature:: 15, key :: 94:B2:CC, value :: Address_Based
08-12 23:41:24.616  1492  1629 W bt_device_interop:  feature:: 15, key :: AVH-X5890BT, value :: Name_Based
08-12 23:41:24.616  1492  1629 W bt_device_interop:  feature:: 15, key :: AVH-A208BT, value :: Name_Based
