08-12 23:41:24.616  1492  1629 W bt_device_interop:  feature:: 15, key :: 74:5E:1C, value :: Address_Based
08-12 23:41:24.616  1492  1629 W bt_device_interop:  feature:: 15, key :: AVH-X5790BT, value :: Name_Based
08-12 23:41:24.616  1492  1629 W bt_device_interop:  feature:: 15, key :: 00:1D:86, value :: Address_Based
08-12 23:41:24.616  1492  1629 W bt_device_interop:  feature:: 15, key :: Car Multimedia, value :: Name_Based
08-12 23:41:24.616  1492  1629 W bt_device_interop:  feature:: 15, key :: DDX6, value :: Name_Based
08-12 23:41:24.616  1492  1629 W bt_device_interop:  feature:: 15, key :: 90:03:B7, value :: Address_Based
08-12 23:41:24.616  1492  1629 W bt_device_interop:  feature:: 15, key :: Parrot ASTEROID, value :: Name_Based
08-12 23:41:24.616  1492  1629 W bt_device_interop:  feature:: 15, key :: 0C:E0:E4, value :: Address_Based
08-12 23:41:24.616  1492  1629 W bt_device_interop:  feature:: 15, key :: PLT_BBTPRO, value :: Name_Based
08-12 23:41:24.617  1492  1629 W bt_device_interop:  feature:: 15, key :: A4:15:66, value :: Address_Based
08-12 23:41:24.617  1492  1629 W bt_device_interop:  feature:: 15, key :: Tracks Air, value :: Name_Based
08-12 23:41:24.617  1492  1629 W bt_device_interop:  feature:: 15, key :: 00:1A:7D, value :: Address_Based
08-12 23:41:24.617  1492  1629 W bt_device_interop:  feature:: 15, key :: 66 Audio BTS, value :: Name_Based
08-12 23:41:24.617  1492  1629 W bt_device_interop:  feature:: 15, key :: 88:E6:03, value :: Address_Based
08-12 23:41:24.617  1492  1629 W bt_device_interop:  feature:: 15, key :: XB10, value :: Name_Based
08-12 23:41:24.617  1492  1629 W bt_device_interop:  feature:: 15, key :: B8:69:C2, value :: Address_Based
08-12 23:41:24.617  1492  1629 W bt_device_interop:  feature:: 15, key :: SRS-XB3, value :: Name_Based
08-12 23:41:24.617  1492  1629 W bt_device_interop:  feature:: 15, key :: 30:C3:D9, value :: Address_Based
08-12 23:41:24.617  1492  1629 W bt_device_interop:  feature:: 15, key :: MB Bluetooth 84389, value :: Name_Based
08-12 23:41:24.617  1492  1629 W bt_device_interop:  feature:: 15, key :: 00:02:5B, value :: Address_Based
08-12 23:41:24.617  1492  1629 W bt_device_interop:  feature:: 15, key :: HATS_00025B0085E9, value :: Name_Based
08-12 23:41:24.617  1492  1629 W bt_device_interop:  feature:: 15, key :: A8:BE:27, value :: Address_Based
08-12 23:41:24.617  1492  1629 W bt_device_interop:  feature:: 15, key :: BeatsX, value :: Name_Based
08-12 23:41:24.617  1492  1629 W bt_device_interop:  feature:: 15, key :: E0:D1:E6, value :: Address_Based
08-12 23:41:24.617  1492  1629 W bt_device_interop:  feature:: 15, key :: MINIJAMBOX by Jawbone, value :: Name_Based
08-12 23:41:24.617  1492  1629 W bt_device_interop:  feature:: 15, key :: 2C:41:A1, value :: Address_Based
08-12 23:41:24.617  1492  1629 W bt_device_interop:  feature:: 15, key :: Bose SoundSport, value :: Name_Based
08-12 23:41:24.617  1492  1629 W bt_device_interop:  feature:: 15, key :: Bose QC35 II, value :: Name_Based
08-12 23:41:24.617  1492  1629 W bt_device_interop:  feature:: 15, key :: DC:A4:CA, value :: Address_Based
08-12 23:41:24.617  1492  1629 W bt_device_interop:  feature:: 15, key :: Beats Solo, value :: Name_Based
08-12 23:41:24.617  1492  1629 W bt_device_interop:  feature:: 15, key :: 58:E2:8F, value :: Address_Based
08-12 23:41:24.617  1492  1629 W bt_device_interop:  feature:: 15, key :: BeatsStudio Wireless, value :: Name_Based
08-12 23:41:24.618  1492  1629 W bt_device_interop:  feature:: 15, key :: FC:4B:BC, value :: Address_Based
08-12 23:41:24.618  1492  1629 W bt_device_interop:  feature:: 15, key :: XAV-AX100, value :: Name_Based
08-12 23:41:24.618  1492  1629 W bt_device_interop:  feature:: 15, key :: 00:18:6b, value :: Address_Based
08-12 23:41:24.618  1492  1629 W bt_device_interop:  feature:: 15, key :: LG HBS730, value :: Name_Based
08-12 23:41:24.618  1492  1629 W bt_device_interop:  feature:: 15, key :: 8C:57:9B, value :: Address_Based
08-12 23:41:24.618  1492  1629 W bt_device_interop:  feature:: 15, key :: h.ear go (SRS-HG1), value :: Name_Based
08-12 23:41:24.618  1492  1629 W bt_device_interop:  feature:: 15, key :: 40:ED:98, value :: Address_Based
08-12 23:41:24.618  1492  1629 W bt_device_interop:  feature:: 15, key :: FiiO BTR1K, value :: Name_Based
08-12 23:41:24.618  1492  1629 W bt_device_interop:  feature:: 15, key :: 0C:A6:94, value :: Address_Based
08-12 23:41:24.618  1492  1629 W bt_device_interop:  feature:: 15, key :: HK Soho Wireless, value :: Name_Based
08-12 23:41:24.618  1492  1629 W bt_device_interop:  feature:: 15, key :: 00:09:A7, value :: Address_Based
08-12 23:41:24.618  1492  1629 W bt_device_interop:  feature:: 15, key :: Beoplay H4, value :: Name_Based
08-12 23:41:24.618  1492  1629 W bt_device_interop:  feature:: 15, key :: 70:26:05, value :: Address_Based
08-12 23:41:24.618  1492  1629 W bt_device_interop:  feature:: 15, key :: WF-SP700N, value :: Name_Based
08-12 23:41:24.618  1492  1629 W bt_device_interop:  feature:: 15, key :: Pixel Buds, value :: Name_Based
08-12 23:41:24.618  1492  1629 D bt_device_interop: Entry is already present in the list
08-12 23:41:24.618  1492  1629 W bt_device_interop:  feature:: 15, key :: 00:09:a7, value :: Address_Based
08-12 23:41:24.618  1492  1629 W bt_device_interop:  feature:: 15, key :: Beoplay E8, value :: Name_Based
08-12 23:41:24.618  1492  1629 W bt_device_interop:  feature:: 15, key :: Bose SoundWear, value :: Name_Based
08-12 23:41:24.618  1492  1629 W bt_device_interop:  feature:: 15, key :: Bose Free SoundSport, value :: Name_Based
08-12 23:41:24.618  1492  1629 W bt_device_interop:  feature:: 15, key :: Samsung Level On, value :: Name_Based
08-12 23:41:24.618  1492  1629 W bt_device_interop:  feature:: 15, key :: a0:56:b2, value :: Address_Based
08-12 23:41:24.618  1492  1629 W bt_device_interop:  feature:: 15, key :: BMW 08939, value :: Name_Based
08-12 23:41:24.618  1492  1629 W bt_device_interop:  feature:: 15, key :: MB Bluetooth, value :: Name_Based
08-12 23:41:24.618  1492  1629 W bt_device_interop:  feature:: 15, key :: 94:e3:6d, value :: Address_Based
08-12 23:41:24.619  1492  1629 W bt_device_interop:  feature:: 15, key :: BMW 99999, value :: Name_Based
08-12 23:41:24.619  1492  1629 W bt_device_interop:  feature:: 15, key :: E4:19:C1, value :: Address_Based
08-12 23:41:24.619  1492  1629 W bt_device_interop:  feature:: 15, key :: FreeBuds 3, value :: Name_Based
08-12 23:41:24.619  1492  1629 W bt_device_interop:  feature:: 20, key :: 00:1B:DC-0x0012, value :: SSR_Max_Lat_Based
08-12 23:41:24.619  1492  1629 W bt_device_interop:  feature:: 20, key :: DC:2C:26-0x0000, value :: SSR_Max_Lat_Based
08-12 23:41:24.619  1492  1629 W bt_device_interop:  feature:: 20, key :: 54:46:6B-0x0001, value :: SSR_Max_Lat_Based
08-12 23:41:24.619  1514  1514 V KeyguardUpdateMonitor: *** register callback for com.android.systemui.keyguard.KeyguardSliceProvider$2@f6ba471
08-12 23:41:24.619  1514  1514 V KeyguardUpdateMonitor: *** unregister callback for null
08-12 23:41:24.619  1492  1629 W bt_device_interop:  feature:: 24, key :: 98:7b:f3, value :: Address_Based
08-12 23:41:24.619  1492  1629 W bt_device_interop:  feature:: 26, key :: 04:52:c7, value :: Address_Based
08-12 23:41:24.619  1492  1629 W bt_device_interop:  feature:: 26, key :: AirPods Pro, value :: Name_Based
08-12 23:41:24.619  1492  1629 W bt_device_interop:  feature:: 26, key :: 24:A8:7D, value :: Address_Based
08-12 23:41:24.620  1492  1629 W bt_device_interop:  feature:: 27, key :: 00:08:8a, value :: Address_Based
08-12 23:41:24.620  1492  1629 W bt_device_interop:  feature:: 27, key :: JABRA EASYGO, value :: Name_Based
08-12 23:41:24.620  1492  1629 W bt_device_interop:  feature:: 28, key :: 00:09:93, value :: Address_Based
08-12 23:41:24.620  1492  1629 W bt_device_interop:  feature:: 28, key :: 74:6f:f7, value :: Address_Based
08-12 23:41:24.620  1492  1629 W bt_device_interop:  feature:: 28, key :: A0:56:B2:4F, value :: Address_Based
08-12 23:41:24.620   919  1620 I OMX-VDEC-1080P: omx_vdec::component_init() success : fd=7
08-12 23:41:24.620  1492  1629 W bt_device_interop:  feature:: 28, key :: 00:54:AF, value :: Address_Based
08-12 23:41:24.620  1492  1629 W bt_device_interop:  feature:: 28, key :: 00:00:2E, value :: Address_Based
08-12 23:41:24.620  1492  1629 W bt_device_interop:  feature:: 28, key :: A0:56:B2:5A, value :: Address_Based
08-12 23:41:24.620  1492  1629 W bt_device_interop:  feature:: 9, key :: 08:62:66, value :: Address_Based
08-12 23:41:24.620  1492  1629 W bt_device_interop:  feature:: 9, key :: 38:2C:4A:C9, value :: Address_Based
08-12 23:41:24.620  1492  1629 W bt_device_interop:  feature:: 9, key :: 38:2C:4A:E6, value :: Address_Based
08-12 23:41:24.620  1492  1629 W bt_device_interop:  feature:: 9, key :: 54:A0:50:D9, value :: Address_Based
08-12 23:41:24.620  1492  1629 W bt_device_interop:  feature:: 9, key :: AC:9E:17, value :: Address_Based
08-12 23:41:24.620  1492  1629 W bt_device_interop:  feature:: 9, key :: F0:79:59, value :: Address_Based
08-12 23:41:24.620  1492  1629 W bt_device_interop:  feature:: 22, key :: 00:1D:86, value :: Address_Based
08-12 23:41:24.621  1492  1629 W bt_device_interop:  feature:: 22, key :: KMM-BT51*HD, value :: Name_Based
08-12 23:41:24.621  1492  1629 W bt_device_interop:  feature:: 10, key :: Pixel C Keyboard, value :: Name_Based
08-12 23:41:24.621  1492  1629 W bt_device_interop:  feature:: 10, key :: MiMouse, value :: Name_Based
08-12 23:41:24.621  1492  1629 W bt_device_interop:  feature:: 10, key :: HTC Fetch, value :: Name_Based
08-12 23:41:24.621  1492  1629 W bt_device_interop:  feature:: 30, key :: LG Lighting, value :: Name_Based
08-12 23:41:24.621  1492  1629 W bt_device_interop:  feature:: 30, key :: KS_5w4Zu, value :: Name_Based
08-12 23:41:24.621  1492  1629 W bt_device_interop:  feature:: 30, key :: ZUK, value :: Name_Based
08-12 23:41:24.621  1492  1629 W bt_device_interop:  feature:: 30, key :: ITAG, value :: Name_Based
08-12 23:41:24.621  1492  1629 W bt_device_interop:  feature:: 30, key :: Pokemon GO Plus, value :: Name_Based
08-12 23:41:24.621  1492  1629 W bt_device_interop:  feature:: 32, key :: 2c:dc:ad:08, value :: Address_Based
08-12 23:41:24.621  1492  1629 W bt_device_interop:  feature:: 32, key :: 74:6f:f7, value :: Address_Based
08-12 23:41:24.621  1492  1629 W bt_device_interop:  feature:: 32, key :: 90:03:b7, value :: Address_Based
08-12 23:41:24.621  1492  1629 W bt_device_interop:  feature:: 32, key :: 00:06:F5, value :: Address_Based
08-12 23:41:24.621  1492  1629 W bt_device_interop:  feature:: 33, key :: 50:65:83, value :: Address_Based
08-12 23:41:24.621  1492  1629 W bt_device_interop:  feature:: 33, key :: 28:3f:69, value :: Address_Based
08-12 23:41:24.621  1492  1629 W bt_device_interop:  feature:: 33, key :: AirPods, value :: Name_Based
08-12 23:41:24.621  1492  1629 W bt_device_interop:  feature:: 35, key :: 10:b7:f6, value :: Address_Based
08-12 23:41:24.621  1492  1629 W bt_device_interop:  feature:: 36, key :: 98:B6:E9, value :: Address_Based
08-12 23:41:24.621  1492  1629 W bt_device_interop:  feature:: 38, key :: 04:4E:AF, value :: Address_Based
08-12 23:41:24.621  1492  1629 W bt_device_interop:  feature:: 38, key :: HB20, value :: Name_Based
08-12 23:41:24.621  1492  1629 W bt_device_interop:  feature:: 38, key :: HB 20, value :: Name_Based
08-12 23:41:24.623   919  1620 E OMXNodeInstance: getParameter(0xf02e4704:qcom.decoder.avc.secure, ??(0x7f000044)) ERROR: UnsupportedSetting(0x80001019)
08-12 23:41:24.623   919  1620 E OMXNodeInstance: getParameter(0xf02e4704:qcom.decoder.avc.secure, ??(0x7f000044)) ERROR: UnsupportedSetting(0x80001019)
08-12 23:41:24.623   919  1620 E OMXNodeInstance: getExtensionIndex(0xf02e4704:qcom.decoder.avc.secure, OMX.google.android.index.configureVideoTunnelMode) ERROR: NotImplemented(0x80001006)
08-12 23:41:24.623   911  1431 D MediaCodecInfo: detail feature-tunneled-playback wasn't present to remove
08-12 23:41:24.623   919  1620 E OMX-VDEC-1080P: Enable/Disable allocate-native-handle allowed only on input port!
08-12 23:41:24.623   919  1620 E OMX-VDEC-1080P: set_parameter: Error: 0x80001019, setting param 0x7f00005d
08-12 23:41:24.623   919  1620 E OMXNodeInstance: setParameter(0xf02e4704:qcom.decoder.avc.secure, OMX.google.android.index.allocateNativeHandle(0x7f00005d): Output:1 en=0) ERROR: UnsupportedSetting(0x80001019)
08-12 23:41:24.624   919  1620 I OMX-VDEC-1080P: omx_vdec::component_deinit() complete
08-12 23:41:24.624   919  1620 E OMX-VDEC-1080P: Custom drain ioctl failed rc : -1, errno : 25
08-12 23:41:24.627   919  1620 I OMX-VDEC-1080P: Exit OMX vdec Destructor: fd=7
08-12 23:41:24.627   919  1620 I OMX-VDEC-1080P: Video slvp perflock released
08-12 23:41:24.627   607   607 D Zygote  : Forked child process 1672
08-12 23:41:24.630   911  1431 I OMXClient: IOmx service obtained
08-12 23:41:24.630  1278  1616 I am_proc_bound: [0,1631,.dataservices]
08-12 23:41:24.630   919  1027 I OMXMaster: makeComponentInstance(OMX.google.h264.decoder) in android.hardwar process
08-12 23:41:24.633  1278  1616 I am_uid_active: 1001
08-12 23:41:24.633  1492  1629 W bt_device_profile: profile_config_init load config file succesful : /data/misc/bluedroid/bt_profile.conf
08-12 23:41:24.633  1492  1629 W bt_device_profile:  AVRCP_ID: key :: avrcp_0103_support, value :: false
08-12 23:41:24.633  1492  1629 W bt_device_profile:  AVRCP_ID: entry->profile_feature_type.avrcp_feature_entry.avrcp_0103_support false
08-12 23:41:24.633  1492  1629 W bt_device_profile:  AVRCP_ID: key :: avrcp_coverart_support, value :: true
08-12 23:41:24.633  1492  1629 W bt_device_profile:  AVRCP_ID: &entry->profile_feature_type.avrcp_feature_entry.avrcp_coverart_support true
08-12 23:41:24.633  1492  1629 D bt_device_profile: Entry is already present in the list
08-12 23:41:24.633  1492  1629 W bt_device_profile:  PBAP_ID: key :: pbap_0102_support, value :: true
08-12 23:41:24.633  1492  1629 W bt_device_profile:  PBAP_ID: key :: use_sim_support, value :: true
08-12 23:41:24.633  1492  1629 D bt_device_profile: Entry is already present in the list
08-12 23:41:24.633  1492  1629 W bt_device_profile:  MAP_ID: key :: map_email_support, value :: true
08-12 23:41:24.633  1492  1629 W bt_device_profile:  MAP_ID: key :: map_0104_support, value :: true
08-12 23:41:24.633  1492  1629 D bt_device_profile: Entry is already present in the list
08-12 23:41:24.633  1492  1629 W bt_device_profile:  MAX_POW_ID: key :: BLE_max_pow_support, value :: 0x18
08-12 23:41:24.633  1492  1629 W bt_device_profile:  MAX_POW_ID: BLE_pow :: 18
08-12 23:41:24.634  1492  1629 I bt_stack_config: init attempt to load stack conf from /etc/bluetooth/bt_stack.conf
08-12 23:41:24.635  1278  1312 W ActivityManager: Slow operation: 295ms so far, now at startProcess: returned from zygote!
08-12 23:41:24.635  1278  1312 W ActivityManager: Slow operation: 295ms so far, now at startProcess: done updating battery stats
08-12 23:41:24.635  1278  1312 I am_proc_start: [0,1672,1000,com.elo.EloCoreApp,added application,com.elo.EloCoreApp]
08-12 23:41:24.635  1278  1312 W ActivityManager: Slow operation: 295ms so far, now at startProcess: building log message
08-12 23:41:24.635  1278  1312 I ActivityManager: Start proc 1672:com.elo.EloCoreApp/1000 for added application com.elo.EloCoreApp
08-12 23:41:24.635  1278  1312 W ActivityManager: Slow operation: 295ms so far, now at startProcess: starting to update pids map
08-12 23:41:24.635  1278  1312 W ActivityManager: Slow operation: 295ms so far, now at startProcess: done updating pids map
08-12 23:41:24.635  1278  1312 W ActivityManager: Slow operation: 295ms so far, now at startProcess: asking zygote to start proc
08-12 23:41:24.647  1492  1688 I bt_osi_thread: run_thread: thread id 1688, thread name bt_jni_workqueue started
08-12 23:41:24.647  1492  1629 I bt_btif_core: btif_init_bluetooth finished
08-12 23:41:24.647  1492  1688 I bt_btif_core: run_message_loop entered
08-12 23:41:24.647  1492  1629 I bt_stack_manager: event_init_stack finished
08-12 23:41:24.647  1514  1514 V SystemUIService: SystemUIApplication created.
08-12 23:41:24.647  1492  1492 I bt_btif : get_profile_interface: id = socket
08-12 23:41:24.648  1492  1688 E bt_btif_storage: btif_storage_get_adapter_property: Controller not ready! Unable to return Bluetooth Address
08-12 23:41:24.648  1492  1688 E BluetoothServiceJni: adapter_properties_callback: Status 1 is incorrect
08-12 23:41:24.650  1492  1492 I bt_btif : get_profile_interface: id = sdp
08-12 23:41:24.650   607   607 D Zygote  : Forked child process 1693
08-12 23:41:24.650  1492  1688 D AdapterProperties: Name is: Elo-BTD
08-12 23:41:24.651  1278  1616 I am_proc_bound: [0,1649,.qtidataservices]
08-12 23:41:24.652  1631  1631 W ApplicationLoaders: Unexpected environment for cached library: (null|[dalvik.system.PathClassLoader[DexPathList[[zip file "/system/framework/android.hidl.base-V1.0-java.jar"],nativeLibraryDirectories=[/system/lib64, /product/lib64]]]])
08-12 23:41:24.652  1514  1514 D SystemUIBootTiming: DependencyInjection took to complete: 5ms
08-12 23:41:24.654  1631  1631 I .dataservices: The ClassLoaderContext is a special shared library.
08-12 23:41:24.656  1631  1631 D ApplicationLoaders: Returning zygote-cached class loader: /system/framework/android.hidl.base-V1.0-java.jar
08-12 23:41:24.657   477   477 I hwservicemanager: getTransport: Cannot find entry vendor.qti.hardware.iop@2.0::IIop/default in either framework or device manifest.
08-12 23:41:24.657   912   912 E ANDR-IOP: IIop:: Iop HAL Service is not available.
08-12 23:41:24.658  1492  1492 I BluetoothAdapterService: Phone policy enabled
08-12 23:41:24.659   919  1620 E OMXNodeInstance: getExtensionIndex(0xf09480c0:google.h264.decoder, OMX.google.android.index.configureVideoTunnelMode) ERROR: UnsupportedIndex(0x8000101a)
08-12 23:41:24.659  1278  1312 W ActivityManager: Slow operation: 319ms so far, now at startProcess: returned from zygote!
08-12 23:41:24.659   911  1431 D MediaCodecInfo: detail feature-tunneled-playback wasn't present to remove
08-12 23:41:24.659   919  1620 E OMXNodeInstance: getExtensionIndex(0xf09480c0:google.h264.decoder, OMX.google.android.index.enableAndroidNativeBuffers) ERROR: UnsupportedIndex(0x8000101a)
08-12 23:41:24.659  1278  1312 W ActivityManager: Slow operation: 319ms so far, now at startProcess: done updating battery stats
08-12 23:41:24.659  1278  1312 I am_proc_start: [0,1693,1001,com.android.phone,added application,com.android.phone]
08-12 23:41:24.659  1278  1312 W ActivityManager: Slow operation: 319ms so far, now at startProcess: building log message
08-12 23:41:24.659  1278  1312 I ActivityManager: Start proc 1693:com.android.phone/1001 for added application com.android.phone
08-12 23:41:24.659  1278  1312 W ActivityManager: Slow operation: 319ms so far, now at startProcess: starting to update pids map
08-12 23:41:24.660  1278  1312 W ActivityManager: Slow operation: 319ms so far, now at startProcess: done updating pids map
08-12 23:41:24.660  1278  1312 W ActivityManager: Slow operation: 114ms so far, now at startProcess: asking zygote to start proc
08-12 23:41:24.660  1492  1492 D BluetoothBondStateMachine: make
08-12 23:41:24.662  1492  1492 D BluetoothActiveDeviceManager: start()
08-12 23:41:24.663  1514  1514 V SystemUIService: Starting SystemUI services for user 0.
08-12 23:41:24.663  1492  1709 I BluetoothBondStateMachine: StableState(): Entering Off State
08-12 23:41:24.663   911  1431 I OMXClient: IOmx service obtained
08-12 23:41:24.664   919  1027 I OMXMaster: makeComponentInstance(OMX.qcom.video.decoder.divx) in android.hardwar process
08-12 23:41:24.665  1278  1297 I am_proc_bound: [0,1672,com.elo.EloCoreApp]
08-12 23:41:24.670  1514  1514 D SystemUIBootTiming: StartServicescom.android.systemui.util.NotificationChannels took to complete: 6ms
08-12 23:41:24.670  1514  1514 D SystemUIBootTiming: StartServicescom.android.systemui.statusbar.CommandQueue$CommandQueueStart took to complete: 1ms
08-12 23:41:24.675  1649  1649 W ApplicationLoaders: Unexpected environment for cached library: (null|[dalvik.system.PathClassLoader[DexPathList[[zip file "/system/framework/android.hidl.base-V1.0-java.jar"],nativeLibraryDirectories=[/system/lib64, /product/lib64]]]])
08-12 23:41:24.677  1492  1715 D BluetoothActiveDeviceManager: onAudioDevicesAdded
08-12 23:41:24.677  1492  1715 D BluetoothActiveDeviceManager: Audio device added: 15in-I-Series-4 type: 2
08-12 23:41:24.677  1492  1715 D BluetoothActiveDeviceManager: Audio device added: 15in-I-Series-4 type: 15
08-12 23:41:24.677  1492  1715 D BluetoothActiveDeviceManager: Audio device added: 15in-I-Series-4 type: 15
08-12 23:41:24.678  1649  1649 I qtidataservice: The ClassLoaderContext is a special shared library.
08-12 23:41:24.680   607   607 D Zygote  : Forked child process 1724
08-12 23:41:24.681  1649  1649 D ApplicationLoaders: Returning zygote-cached class loader: /system/framework/android.hidl.base-V1.0-java.jar
08-12 23:41:24.681  1514  1514 V KeyguardUpdateMonitor: *** register callback for com.android.systemui.statusbar.phone.UnlockMethodCache$2@f289e5f
08-12 23:41:24.681  1514  1514 V KeyguardUpdateMonitor: *** unregister callback for null
08-12 23:41:24.682  1278  1312 W ActivityManager: Slow operation: 136ms so far, now at startProcess: returned from zygote!
08-12 23:41:24.683  1278  1312 W ActivityManager: Slow operation: 136ms so far, now at startProcess: done updating battery stats
08-12 23:41:24.683  1278  1312 I am_proc_start: [0,1724,1000,com.android.settings,activity,{com.android.settings/com.android.settings.FallbackHome}]
08-12 23:41:24.683  1278  1312 W ActivityManager: Slow operation: 136ms so far, now at startProcess: building log message
08-12 23:41:24.683  1278  1312 I ActivityManager: Start proc 1724:com.android.settings/1000 for activity {com.android.settings/com.android.settings.FallbackHome}
08-12 23:41:24.683  1278  1312 W ActivityManager: Slow operation: 137ms so far, now at startProcess: starting to update pids map
08-12 23:41:24.683  1278  1312 W ActivityManager: Slow operation: 137ms so far, now at startProcess: done updating pids map
08-12 23:41:24.685   919  1027 I OMX-VDEC-1080P: Video slvp perflock acquired
08-12 23:41:24.686   919  1027 I OMX-VDEC-1080P: component_init: OMX.qcom.video.decoder.divx : fd=7
08-12 23:41:24.686   919  1027 E OMX-VDEC-1080P: DIVX 5/6 Decoder selected
08-12 23:41:24.686  1492  1492 D BluetoothDatabase: start()
08-12 23:41:24.686  1278  1297 I am_proc_bound: [0,1693,com.android.phone]
08-12 23:41:24.689   919  1027 I OMX-VDEC-1080P: omx_vdec::component_init() success : fd=7
08-12 23:41:24.690   919  1027 E OMX-VDEC-1080P: get_parameter: OMX_IndexParamVideoProfileLevelQuerySupported ret NoMore for codec: OMX.qcom.video.decoder.divx
08-12 23:41:24.691   919  1027 E OMXNodeInstance: getParameter(0xf03285c4:qcom.decoder.divx, ??(0x7f000044)) ERROR: UnsupportedSetting(0x80001019)
08-12 23:41:24.691   919  1027 E OMXNodeInstance: getParameter(0xf03285c4:qcom.decoder.divx, ??(0x7f000044)) ERROR: UnsupportedSetting(0x80001019)
08-12 23:41:24.692   919  1027 E OMXNodeInstance: getExtensionIndex(0xf03285c4:qcom.decoder.divx, OMX.google.android.index.configureVideoTunnelMode) ERROR: NotImplemented(0x80001006)
08-12 23:41:24.692   911  1431 D MediaCodecInfo: detail feature-tunneled-playback wasn't present to remove
08-12 23:41:24.692   919  1027 E OMX-VDEC-1080P: Enable/Disable allocate-native-handle allowed only on input port!
08-12 23:41:24.692   919  1027 E OMX-VDEC-1080P: set_parameter: Error: 0x80001019, setting param 0x7f00005d
08-12 23:41:24.692   919  1027 E OMXNodeInstance: setParameter(0xf03285c4:qcom.decoder.divx, OMX.google.android.index.allocateNativeHandle(0x7f00005d): Output:1 en=0) ERROR: UnsupportedSetting(0x80001019)
08-12 23:41:24.693   919  1027 I OMX-VDEC-1080P: omx_vdec::component_deinit() complete
08-12 23:41:24.694   919  1027 I OMX-VDEC-1080P: Exit OMX vdec Destructor: fd=7
08-12 23:41:24.695   919  1027 I OMX-VDEC-1080P: Video slvp perflock released
08-12 23:41:24.699   911  1431 I OMXClient: IOmx service obtained
08-12 23:41:24.699   919  1620 I OMXMaster: makeComponentInstance(OMX.qcom.video.decoder.divx311) in android.hardwar process
08-12 23:41:24.699  1492  1492 D BluetoothDatabase: Load Database
08-12 23:41:24.701  1492  1492 D BluetoothAdapterService: setAdapterService() - trying to set service to com.android.bluetooth.btservice.AdapterService@f5096df
08-12 23:41:24.703  1492  1492 I         : [0812/234124.703638:INFO:com_android_bluetooth_btservice_vendor.cpp(587)] load_bt_configstore_lib loaded HAL: bt_configstore_interface_t=0x733fd93008, bt_configstore_lib_handle=0x6b49761eac0c7a7f
08-12 23:41:24.703  1492  1492 I bt_config_store: getVendorProperties 
08-12 23:41:24.707   648   648 I vendor.qti.hardware.btconfigstore@1.0-BTConfigStore: getVendorProperties:: vendor.qcom.bluetooth.soc prop: cherokee, ret: 8
08-12 23:41:24.707   648   648 I vendor.qti.hardware.btconfigstore@1.0-BTConfigStore: getVendorProperties:: persist.vendor.qcom.bluetooth.enable.splita2dp: true, ret: 4
08-12 23:41:24.707   648   648 I vendor.qti.hardware.btconfigstore@1.0-BTConfigStore: getVendorProperties:: persist.vendor.qcom.bluetooth.a2dp_offload_cap: sbc-aac, ret: 7
08-12 23:41:24.707   648   648 I vendor.qti.hardware.btconfigstore@1.0-BTConfigStore: getVendorProperties:: ro.vendor.bluetooth.wipower: false, ret: 5
08-12 23:41:24.707  1693  1693 I m.android.phon: The ClassLoaderContext is a special shared library.
08-12 23:41:24.707   648   648 I vendor.qti.hardware.btconfigstore@1.0-BTConfigStore: getVendorProperties:: persist.vendor.qcom.bluetooth.aac_frm_ctl.enabled: false, ret: 5
08-12 23:41:24.707   648   648 I vendor.qti.hardware.btconfigstore@1.0-BTConfigStore: getVendorProperties:: persist.vendor.qcom.bluetooth.enable.swb: true, ret: 4
08-12 23:41:24.707   648   648 I vendor.qti.hardware.btconfigstore@1.0-BTConfigStore: getVendorProperties:: persist.vendor.qcom.bluetooth.enable.swbpm: true, ret: 4
08-12 23:41:24.707   648   648 I vendor.qti.hardware.btconfigstore@1.0-BTConfigStore: getVendorProperties:: persist.vendor.qcom.bluetooth.a2dp_mcast_test.enabled: false, ret: 5
08-12 23:41:24.707   648   648 I vendor.qti.hardware.btconfigstore@1.0-BTConfigStore: getVendorProperties:: persist.vendor.qcom.bluetooth.twsp_state.enabled: false, ret: 5
08-12 23:41:24.707  1492  1492 I bt_config_store: halResult = 0
08-12 23:41:24.707  1492  1492 I bt_config_store: prop type: BT_PROP_SOC_TYPE, prop_value: cherokee
08-12 23:41:24.707  1492  1492 I bt_config_store: prop type: BT_PROP_SPILT_A2DP, prop_value: true
08-12 23:41:24.707  1492  1492 I bt_config_store: prop type: BT_PROP_A2DP_OFFLOAD_CAP, prop_value: sbc-aac
08-12 23:41:24.707  1492  1492 I bt_config_store: prop type: BT_PROP_WIPOWER, prop_value: false
08-12 23:41:24.707  1492  1492 I bt_config_store: prop type: BT_PROP_AAC_FRAME_CTL, prop_value: false
08-12 23:41:24.707  1492  1492 I bt_config_store:  not handled propType = 6
08-12 23:41:24.707  1492  1492 I bt_config_store: prop type: not handled, prop_value: true
08-12 23:41:24.707  1492  1492 I bt_config_store:  not handled propType = 7
08-12 23:41:24.708  1492  1492 I bt_config_store: prop type: not handled, prop_value: true
08-12 23:41:24.708  1492  1492 I bt_config_store:  not handled propType = 8
08-12 23:41:24.708  1492  1492 I bt_config_store: prop type: not handled, prop_value: false
08-12 23:41:24.708  1492  1492 I bt_config_store:  not handled propType = 9
08-12 23:41:24.708  1492  1492 I bt_config_store: prop type: not handled, prop_value: false
08-12 23:41:24.708  1492  1492 I BluetoothVendorJni: initNative:: soc_name = cherokee
08-12 23:41:24.708  1492  1492 I BluetoothVendorJni: initNative:: a2dp_offload_Cap = sbc-aac
08-12 23:41:24.708  1492  1492 I bt_btif : get_profile_interface: id = vendor
08-12 23:41:24.708  1492  1492 I bt_btif_vendor: init
08-12 23:41:24.708  1492  1492 I bt_btif_vendor: init done
08-12 23:41:24.708  1492  1492 D BluetoothVendorService: Qti Stack enabled status: true
08-12 23:41:24.708  1492  1492 I BluetoothVendorJni: getSocNameNative
08-12 23:41:24.708  1492  1492 D BluetoothVendorService: socName: cherokee
08-12 23:41:24.708  1492  1492 I BluetoothVendorJni: getA2apOffloadCapabilityNative
08-12 23:41:24.708  1492  1492 D BluetoothVendorService: a2dpOffloadCap: sbc-aac
08-12 23:41:24.708  1492  1492 I BluetoothVendorJni: isSplitA2dpEnabledNative
08-12 23:41:24.708  1492  1492 D BluetoothVendorService: splitA2dpEnabled: true
08-12 23:41:24.709  1492  1492 I BluetoothVendorJni: isSwbEnabledNative
08-12 23:41:24.709  1492  1492 D BluetoothVendorService: isSwbEnabled: true
08-12 23:41:24.709  1492  1492 I BluetoothVendorJni: isSwbPmEnabledNative
08-12 23:41:24.709  1492  1492 D BluetoothVendorService: isSwbPmEnabled: true
08-12 23:41:24.709  1492  1492 I bt_btif : get_profile_interface: id = vendorSocket
08-12 23:41:24.711  1693  1693 I m.android.phon: The ClassLoaderContext is a special shared library.
08-12 23:41:24.713  1492  1492 I AdapterProperties: init(), maxConnectedAudioDevices, default=5, propertyOverlayed=5, finalValue=5
08-12 23:41:24.715  1492  1492 D BluetoothAdapterService: onBind()
08-12 23:41:24.716  1492  1492 D BluetoothAdapterService: android.net.wifi.WIFI_STATE_CHANGED
08-12 23:41:24.716   919  1620 I OMX-VDEC-1080P: Video slvp perflock acquired
08-12 23:41:24.717   919  1620 I OMX-VDEC-1080P: component_init: OMX.qcom.video.decoder.divx311 : fd=7
08-12 23:41:24.719   919  1620 I OMX-VDEC-1080P: omx_vdec::component_init() success : fd=7
08-12 23:41:24.720   919  1620 E OMX-VDEC-1080P: get_parameter: OMX_IndexParamVideoProfileLevelQuerySupported ret NoMore for codec: OMX.qcom.video.decoder.divx311
08-12 23:41:24.720   919  1620 E OMXNodeInstance: getParameter(0xf02e4704:qcom.decoder.divx311, ??(0x7f000044)) ERROR: UnsupportedSetting(0x80001019)
08-12 23:41:24.721   919  1620 E OMXNodeInstance: getParameter(0xf02e4704:qcom.decoder.divx311, ??(0x7f000044)) ERROR: UnsupportedSetting(0x80001019)
08-12 23:41:24.721   919  1620 E OMXNodeInstance: getExtensionIndex(0xf02e4704:qcom.decoder.divx311, OMX.google.android.index.configureVideoTunnelMode) ERROR: NotImplemented(0x80001006)
08-12 23:41:24.721   911  1431 D MediaCodecInfo: detail feature-tunneled-playback wasn't present to remove
08-12 23:41:24.721   919  1620 E OMX-VDEC-1080P: Enable/Disable allocate-native-handle allowed only on input port!
08-12 23:41:24.721   919  1620 E OMX-VDEC-1080P: set_parameter: Error: 0x80001019, setting param 0x7f00005d
08-12 23:41:24.721   919  1620 E OMXNodeInstance: setParameter(0xf02e4704:qcom.decoder.divx311, OMX.google.android.index.allocateNativeHandle(0x7f00005d): Output:1 en=0) ERROR: UnsupportedSetting(0x80001019)
08-12 23:41:24.722   919  1620 I OMX-VDEC-1080P: omx_vdec::component_deinit() complete
08-12 23:41:24.723  1514  1514 V MediaRouter: Selecting route: RouteInfo{ name=Phone, description=null, status=null, category=RouteCategory{ name=System types=ROUTE_TYPE_LIVE_AUDIO ROUTE_TYPE_LIVE_VIDEO  groupable=false }, supportedTypes=ROUTE_TYPE_LIVE_AUDIO ROUTE_TYPE_LIVE_VIDEO , presentationDisplay=null }
08-12 23:41:24.723   919  1620 I OMX-VDEC-1080P: Exit OMX vdec Destructor: fd=7
08-12 23:41:24.723   919  1620 I OMX-VDEC-1080P: Video slvp perflock released
08-12 23:41:24.727   911  1431 I OMXClient: IOmx service obtained
08-12 23:41:24.727   919  1027 I OMXMaster: makeComponentInstance(OMX.qcom.video.decoder.divx4) in android.hardwar process
08-12 23:41:24.729  1278  1603 I am_proc_bound: [0,1724,com.android.settings]
08-12 23:41:24.730  1278  1603 I chatty  : uid=1000(system) Binder:1278_4 expire 73 lines
08-12 23:41:24.733  1060  1060 I MSM-irqbalance: Discovered a new IRQ: 163
08-12 23:41:24.733  1060  1060 I MSM-irqbalance: Discovered a new IRQ: 168
08-12 23:41:24.733  1060  1060 I MSM-irqbalance: Discovered a new IRQ: 232
08-12 23:41:24.735  1278  1603 I am_restart_activity: [0,247017911,1,com.android.settings/.FallbackHome]
08-12 23:41:24.737  1278  1603 I am_set_resumed_activity: [0,com.android.settings/.FallbackHome,minimalResumeActivityLocked]
08-12 23:41:24.738  1060  1060 E MSM-irqbalance: WARNING: Cannot find matching virq for hwirq(446).
08-12 23:41:24.740  1060  1060 E MSM-irqbalance: WARNING: Cannot find matching virq for hwirq(455).
08-12 23:41:24.741  1514  1514 V KeyguardUpdateMonitor: *** register callback for com.android.systemui.statusbar.phone.StatusBarKeyguardViewManager$3@311e4f3
08-12 23:41:24.741  1514  1514 V KeyguardUpdateMonitor: *** unregister callback for null
08-12 23:41:24.742  1060  1060 E MSM-irqbalance: WARNING: Cannot find matching virq for hwirq(456).
08-12 23:41:24.743   919  1027 I OMX-VDEC-1080P: Video slvp perflock acquired
08-12 23:41:24.744   919  1027 I OMX-VDEC-1080P: component_init: OMX.qcom.video.decoder.divx4 : fd=7
08-12 23:41:24.746  1631  1631 I Perf    : Connecting to perf service.
08-12 23:41:24.747   919  1027 E OMX-VDEC-1080P: DIVX 4 Decoder selected
08-12 23:41:24.747   477   477 I hwservicemanager: getTransport: Cannot find entry vendor.qti.hardware.iop@2.0::IIop/default in either framework or device manifest.
08-12 23:41:24.748  1278  1758 I chatty  : uid=1000 system_server expire 1 line
08-12 23:41:24.752  1573  1573 I WebViewLoader-: System.exit called, status: 0
08-12 23:41:24.752  1573  1573 I AndroidRuntime: VM exiting with result code 0, cleanup skipped.
08-12 23:41:24.754   919  1027 I OMX-VDEC-1080P: omx_vdec::component_init() success : fd=7
08-12 23:41:24.754  1514  1514 D SystemUIBootTiming: StartServicescom.android.systemui.keyguard.KeyguardViewMediator took to complete: 84ms
08-12 23:41:24.755   919  1620 E OMX-VDEC-1080P: get_parameter: OMX_IndexParamVideoProfileLevelQuerySupported ret NoMore for codec: OMX.qcom.video.decoder.divx4
08-12 23:41:24.756   919  1620 E OMXNodeInstance: getParameter(0xf03285c4:qcom.decoder.divx4, ??(0x7f000044)) ERROR: UnsupportedSetting(0x80001019)
08-12 23:41:24.756   919  1620 E OMXNodeInstance: getParameter(0xf03285c4:qcom.decoder.divx4, ??(0x7f000044)) ERROR: UnsupportedSetting(0x80001019)
08-12 23:41:24.756   919  1620 E OMXNodeInstance: getExtensionIndex(0xf03285c4:qcom.decoder.divx4, OMX.google.android.index.configureVideoTunnelMode) ERROR: NotImplemented(0x80001006)
08-12 23:41:24.756   911  1431 D MediaCodecInfo: detail feature-tunneled-playback wasn't present to remove
08-12 23:41:24.757   919  1620 E OMX-VDEC-1080P: Enable/Disable allocate-native-handle allowed only on input port!
08-12 23:41:24.757   919  1620 E OMX-VDEC-1080P: set_parameter: Error: 0x80001019, setting param 0x7f00005d
08-12 23:41:24.757   919  1620 E OMXNodeInstance: setParameter(0xf03285c4:qcom.decoder.divx4, OMX.google.android.index.allocateNativeHandle(0x7f00005d): Output:1 en=0) ERROR: UnsupportedSetting(0x80001019)
08-12 23:41:24.757   919  1620 I OMX-VDEC-1080P: omx_vdec::component_deinit() complete
08-12 23:41:24.758  1278  1603 I am_uid_running: 10100
08-12 23:41:24.758   477   477 I hwservicemanager: getTransport: Cannot find entry vendor.qti.hardware.iop@2.0::IIop/default in either framework or device manifest.
08-12 23:41:24.758   912   912 E ANDR-IOP: IIop:: Iop HAL Service is not available.
08-12 23:41:24.758   919  1620 I OMX-VDEC-1080P: Exit OMX vdec Destructor: fd=7
08-12 23:41:24.759   919  1620 I OMX-VDEC-1080P: Video slvp perflock released
08-12 23:41:24.760  1514  1514 D SystemUIBootTiming: StartServicescom.android.systemui.recents.Recents took to complete: 6ms
08-12 23:41:24.761  1514  1514 I vol.Events: writeEvent collection_started
08-12 23:41:24.769  1724  1724 I ndroid.setting: The ClassLoaderContext is a special shared library.
08-12 23:41:24.769   911  1431 I OMXClient: IOmx service obtained
08-12 23:41:24.770  1649  1649 D libnativeloader: classloader namespace configured for unbundled vendor apk. library_path=/vendor/app/CACertService/lib/arm64:/vendor/lib64
08-12 23:41:24.770   919  1028 I OMXMaster: makeComponentInstance(OMX.qcom.video.decoder.h263) in android.hardwar process
08-12 23:41:24.775  1278  1603 I ActivityManager: Process WebViewLoader-arm64-v8a (pid 1573) has died: psvc PER 
08-12 23:41:24.776  1278  1313 I chatty  : uid=1000(system) ActivityManager expire 16 lines
08-12 23:41:24.776   477   477 I hwservicemanager: getTransport: Cannot find entry vendor.qti.hardware.iop@2.0::IIop/default in either framework or device manifest.
08-12 23:41:24.777  1278  1603 I am_proc_died: [0,1573,WebViewLoader-arm64-v8a,-700,0]
08-12 23:41:24.778  1551  1551 I WebViewLoader-: System.exit called, status: 0
08-12 23:41:24.778  1551  1551 I AndroidRuntime: VM exiting with result code 0, cleanup skipped.
08-12 23:41:24.778   607   607 D Zygote  : Forked child process 1772
08-12 23:41:24.779  1278  1603 I am_mem_factor: [3,0]
08-12 23:41:24.781  1278  1603 I am_low_memory: 9
08-12 23:41:24.781   907  1434 I MMParserExtractor: Created(0x2bf59d39d0)
08-12 23:41:24.781   607   607 I Zygote  : Process 1573 exited cleanly (0)
08-12 23:41:24.785  1278  1312 I am_proc_start: [0,1772,10100,com.android.launcher3,service,{com.android.launcher3/com.android.quickstep.TouchInteractionService}]
08-12 23:41:24.785  1278  1312 I ActivityManager: Start proc 1772:com.android.launcher3/u0a100 for service {com.android.launcher3/com.android.quickstep.TouchInteractionService}
08-12 23:41:24.786  1649  1649 I Perf    : Connecting to perf service.
08-12 23:41:24.803   608   608 D Zygote  : Forked child process 1791
08-12 23:41:24.803   477   477 I hwservicemanager: getTransport: Cannot find entry vendor.qti.hardware.iop@2.0::IIop/default in either framework or device manifest.
08-12 23:41:24.803   912   912 E ANDR-IOP: IIop:: Iop HAL Service is not available.
08-12 23:41:24.805  1278  1539 I chatty  : uid=1000(system) AsyncTask #1 expire 1 line
08-12 23:41:24.805   919  1028 I OMX-VDEC-1080P: Video slvp perflock acquired
08-12 23:41:24.806   919  1028 I OMX-VDEC-1080P: component_init: OMX.qcom.video.decoder.h263 : fd=7
08-12 23:41:24.806  1492  1732 I BluetoothDatabase: cacheMetadata
08-12 23:41:24.807  1492  1732 V BluetoothDatabase: cacheMetadata: found device LocalStorage
08-12 23:41:24.807  1492  1732 V BluetoothDatabase: cacheMetadata: Database is ready
08-12 23:41:24.808   919  1028 I OMX-VDEC-1080P: omx_vdec::component_init() success : fd=7
08-12 23:41:24.809   919  1028 E OMXNodeInstance: getParameter(0xf0337144:qcom.decoder.h263, ??(0x7f000044)) ERROR: UnsupportedSetting(0x80001019)
08-12 23:41:24.810   919  1028 E OMXNodeInstance: getParameter(0xf0337144:qcom.decoder.h263, ??(0x7f000044)) ERROR: UnsupportedSetting(0x80001019)
08-12 23:41:24.810   919  1028 E OMXNodeInstance: getExtensionIndex(0xf0337144:qcom.decoder.h263, OMX.google.android.index.configureVideoTunnelMode) ERROR: NotImplemented(0x80001006)
08-12 23:41:24.810   911  1431 D MediaCodecInfo: detail feature-tunneled-playback wasn't present to remove
08-12 23:41:24.810   919  1028 E OMX-VDEC-1080P: Enable/Disable allocate-native-handle allowed only on input port!
08-12 23:41:24.810   919  1028 E OMX-VDEC-1080P: set_parameter: Error: 0x80001019, setting param 0x7f00005d
08-12 23:41:24.810   919  1028 E OMXNodeInstance: setParameter(0xf0337144:qcom.decoder.h263, OMX.google.android.index.allocateNativeHandle(0x7f00005d): Output:1 en=0) ERROR: UnsupportedSetting(0x80001019)
08-12 23:41:24.810   919  1028 I OMX-VDEC-1080P: omx_vdec::component_deinit() complete
08-12 23:41:24.812   919  1028 I OMX-VDEC-1080P: Exit OMX vdec Destructor: fd=7
08-12 23:41:24.812   919  1028 I OMX-VDEC-1080P: Video slvp perflock released
08-12 23:41:24.815   911  1431 I OMXClient: IOmx service obtained
08-12 23:41:24.815  1278  1603 I am_proc_bound: [0,1772,com.android.launcher3]
08-12 23:41:24.815   919  1027 I OMXMaster: makeComponentInstance(OMX.google.h263.decoder) in android.hardwar process
08-12 23:41:24.817  1791  1791 I WebViewZygoteInit: Starting WebViewZygoteInit
08-12 23:41:24.818  1278  1603 I am_uid_active: 10100
08-12 23:41:24.819  1672  1672 I Perf    : Connecting to perf service.
08-12 23:41:24.824  1278  1615 I ActivityManager: Process WebViewLoader-armeabi-v7a (pid 1551) has died: psvc PER 
08-12 23:41:24.824   608   608 I Zygote  : Process 1551 exited cleanly (0)
08-12 23:41:24.824   477   477 I hwservicemanager: getTransport: Cannot find entry vendor.qti.hardware.iop@2.0::IIop/default in either framework or device manifest.
08-12 23:41:24.825  1278  1615 I am_proc_died: [0,1551,WebViewLoader-armeabi-v7a,-700,0]
08-12 23:41:24.825  1278  1615 I am_uid_stopped: 1037
08-12 23:41:24.827  1278  1615 I am_low_memory: 9
08-12 23:41:24.829  1672  1672 E ContextImpl: Data directory doesn't exist for package com.elo.EloCoreApp
08-12 23:41:24.829  1672  1672 E ContextImpl: java.lang.Throwable
08-12 23:41:24.829  1672  1672 E ContextImpl: 	at android.app.ContextImpl.getDataDir(ContextImpl.java:2341)
08-12 23:41:24.829  1672  1672 E ContextImpl: 	at android.app.ContextImpl.getCacheDir(ContextImpl.java:732)
08-12 23:41:24.829  1672  1672 E ContextImpl: 	at android.app.ActivityThread.setupGraphicsSupport(ActivityThread.java:6032)
08-12 23:41:24.829  1672  1672 E ContextImpl: 	at android.app.ActivityThread.handleBindApplication(ActivityThread.java:6369)
08-12 23:41:24.829  1672  1672 E ContextImpl: 	at android.app.ActivityThread.access$1300(ActivityThread.java:220)
08-12 23:41:24.829  1672  1672 E ContextImpl: 	at android.app.ActivityThread$H.handleMessage(ActivityThread.java:1860)
08-12 23:41:24.829  1672  1672 E ContextImpl: 	at android.os.Handler.dispatchMessage(Handler.java:107)
08-12 23:41:24.829  1672  1672 E ContextImpl: 	at android.os.Looper.loop(Looper.java:214)
08-12 23:41:24.829  1672  1672 E ContextImpl: 	at android.app.ActivityThread.main(ActivityThread.java:7397)
08-12 23:41:24.829  1672  1672 E ContextImpl: 	at java.lang.reflect.Method.invoke(Native Method)
08-12 23:41:24.829  1672  1672 E ContextImpl: 	at com.android.internal.os.RuntimeInit$MethodAndArgsCaller.run(RuntimeInit.java:492)
08-12 23:41:24.829  1672  1672 E ContextImpl: 	at com.android.internal.os.ZygoteInit.main(ZygoteInit.java:935)
08-12 23:41:24.830  1278  1603 I am_wtf  : [0,1672,com.elo.EloCoreApp,545799757,ContextImpl,Data directory doesn't exist for package com.elo.EloCoreApp]
08-12 23:41:24.834   919  1027 E OMXNodeInstance: getExtensionIndex(0xf0948240:google.h263.decoder, OMX.google.android.index.configureVideoTunnelMode) ERROR: UnsupportedIndex(0x8000101a)
08-12 23:41:24.834   911  1431 D MediaCodecInfo: detail feature-tunneled-playback wasn't present to remove
08-12 23:41:24.834  1672  1672 W ContextImpl: Failed to ensure /data/user/0/com.elo.EloCoreApp/cache: mkdir failed: ENOENT (No such file or directory)
08-12 23:41:24.834   919  1027 E OMXNodeInstance: getExtensionIndex(0xf0948240:google.h263.decoder, OMX.google.android.index.enableAndroidNativeBuffers) ERROR: UnsupportedIndex(0x8000101a)
08-12 23:41:24.834  1672  1672 W ContextImpl: Failed to update user.inode_cache: stat failed: ENOENT (No such file or directory)
08-12 23:41:24.835  1278  1818 I DropBoxManagerService: add tag=system_app_wtf isTagEnabled=true flags=0x2
08-12 23:41:24.837   911  1431 I OMXClient: IOmx service obtained
08-12 23:41:24.837   919  1027 I OMXMaster: makeComponentInstance(OMX.qcom.video.decoder.hevc) in android.hardwar process
08-12 23:41:24.840  1693  1693 I Perf    : Connecting to perf service.
08-12 23:41:24.846  1672  1672 I EloCoreApp: onCreate()
08-12 23:41:24.847   919  1027 I OMX-VDEC-1080P: Video slvp perflock acquired
08-12 23:41:24.847   919  1027 I OMX-VDEC-1080P: component_init: OMX.qcom.video.decoder.hevc : fd=7
08-12 23:41:24.853   919  1027 I OMX-VDEC-1080P: omx_vdec::component_init() success : fd=7
08-12 23:41:24.854   919  1028 E OMXNodeInstance: getParameter(0xf0346bc4:qcom.decoder.hevc, ??(0x7f000044)) ERROR: UnsupportedSetting(0x80001019)
08-12 23:41:24.854   919  1028 E OMXNodeInstance: getParameter(0xf0346bc4:qcom.decoder.hevc, ??(0x7f000044)) ERROR: UnsupportedSetting(0x80001019)
08-12 23:41:24.855   919  1028 E OMXNodeInstance: getExtensionIndex(0xf0346bc4:qcom.decoder.hevc, OMX.google.android.index.configureVideoTunnelMode) ERROR: NotImplemented(0x80001006)
08-12 23:41:24.855   911  1431 D MediaCodecInfo: detail feature-tunneled-playback wasn't present to remove
08-12 23:41:24.855   919  1028 E OMX-VDEC-1080P: Enable/Disable allocate-native-handle allowed only on input port!
08-12 23:41:24.855   919  1028 E OMX-VDEC-1080P: set_parameter: Error: 0x80001019, setting param 0x7f00005d
08-12 23:41:24.855   919  1028 E OMXNodeInstance: setParameter(0xf0346bc4:qcom.decoder.hevc, OMX.google.android.index.allocateNativeHandle(0x7f00005d): Output:1 en=0) ERROR: UnsupportedSetting(0x80001019)
08-12 23:41:24.855   919  1028 I OMX-VDEC-1080P: omx_vdec::component_deinit() complete
08-12 23:41:24.857   919  1028 I OMX-VDEC-1080P: Exit OMX vdec Destructor: fd=7
08-12 23:41:24.857   919  1028 I OMX-VDEC-1080P: Video slvp perflock released
08-12 23:41:24.860   911  1431 I OMXClient: IOmx service obtained
08-12 23:41:24.860   919  1027 I OMXMaster: makeComponentInstance(OMX.qcom.video.decoder.hevc.secure) in android.hardwar process
08-12 23:41:24.861  1724  1724 I Perf    : Connecting to perf service.
08-12 23:41:24.872   919  1027 I OMX-VDEC-1080P: Video slvp perflock acquired
08-12 23:41:24.873   919  1027 I OMX-VDEC-1080P: component_init: OMX.qcom.video.decoder.hevc : fd=7
08-12 23:41:24.878   919  1027 I OMX-VDEC-1080P: omx_vdec::component_init() success : fd=7
08-12 23:41:24.879   919  1028 E OMXNodeInstance: getParameter(0xf0355f84:qcom.decoder.hevc.secure, ??(0x7f000044)) ERROR: UnsupportedSetting(0x80001019)
08-12 23:41:24.880   919  1028 E OMXNodeInstance: getParameter(0xf0355f84:qcom.decoder.hevc.secure, ??(0x7f000044)) ERROR: UnsupportedSetting(0x80001019)
08-12 23:41:24.880   919  1028 E OMXNodeInstance: getExtensionIndex(0xf0355f84:qcom.decoder.hevc.secure, OMX.google.android.index.configureVideoTunnelMode) ERROR: NotImplemented(0x80001006)
08-12 23:41:24.880   911  1431 D MediaCodecInfo: detail feature-tunneled-playback wasn't present to remove
08-12 23:41:24.880   919  1028 E OMX-VDEC-1080P: Enable/Disable allocate-native-handle allowed only on input port!
08-12 23:41:24.880   919  1028 E OMX-VDEC-1080P: set_parameter: Error: 0x80001019, setting param 0x7f00005d
08-12 23:41:24.880   919  1028 E OMXNodeInstance: setParameter(0xf0355f84:qcom.decoder.hevc.secure, OMX.google.android.index.allocateNativeHandle(0x7f00005d): Output:1 en=0) ERROR: UnsupportedSetting(0x80001019)
08-12 23:41:24.880   919  1028 I OMX-VDEC-1080P: omx_vdec::component_deinit() complete
08-12 23:41:24.881   919  1028 E OMX-VDEC-1080P: Custom drain ioctl failed rc : -1, errno : 25
08-12 23:41:24.882  1514  1769 I vol.Events: writeEvent level_changed STREAM_VOICE_CALL 6
08-12 23:41:24.882   919  1028 I OMX-VDEC-1080P: Exit OMX vdec Destructor: fd=7
08-12 23:41:24.882   919  1028 I OMX-VDEC-1080P: Video slvp perflock released
08-12 23:41:24.884  1514  1769 I vol.Events: writeEvent level_changed STREAM_SYSTEM 8
08-12 23:41:24.885   911  1431 I OMXClient: IOmx service obtained
08-12 23:41:24.885   919  1027 I OMXMaster: makeComponentInstance(OMX.google.hevc.decoder) in android.hardwar process
08-12 23:41:24.885  1514  1769 I vol.Events: writeEvent level_changed STREAM_RING 8
08-12 23:41:24.886  1514  1514 D SystemUIBootTiming: StartServicescom.android.systemui.volume.VolumeUI took to complete: 126ms
08-12 23:41:24.887  1514  1769 I vol.Events: writeEvent level_changed STREAM_MUSIC 16
08-12 23:41:24.889  1514  1769 I vol.Events: writeEvent level_changed STREAM_ALARM 8
08-12 23:41:24.890  1514  1769 I vol.Events: writeEvent level_changed STREAM_BLUETOOTH_SCO 7
08-12 23:41:24.894  1514  1769 I vol.Events: writeEvent zen_mode_config_changed [disallowAlarms=false disallowMedia=false disallowSystem=true disallowRinger=false]
08-12 23:41:24.899  1791  1791 I WebViewZygoteInit: Beginning application preload for com.android.webview
08-12 23:41:24.900  1278  1278 W Looper  : Slow dispatch took 293ms main h=android.app.ActivityThread$H c=null m=114
08-12 23:41:24.902  1278  1615 E WindowManager: App trying to use insecure INPUT_FEATURE_NO_INPUT_CHANNEL flag. Ignoring
08-12 23:41:24.905  1514  1514 D SystemUIBootTiming: StartServicescom.android.systemui.stackdivider.Divider took to complete: 19ms
08-12 23:41:24.914  1514  1514 I FalsingManagerPlugin: xdpi, ydpi: 141.767, 142.134
08-12 23:41:24.914  1514  1514 I FalsingManagerPlugin: width, height: 1920, 1008
08-12 23:41:24.914  1514  1514 V KeyguardUpdateMonitor: *** register callback for com.android.systemui.classifier.brightline.BrightLineFalsingManager$1@f67e1fc
08-12 23:41:24.914  1514  1514 V KeyguardUpdateMonitor: *** unregister callback for null
08-12 23:41:24.928   919  1028 E OMXNodeInstance: getExtensionIndex(0xf0948240:google.hevc.decoder, OMX.google.android.index.configureVideoTunnelMode) ERROR: UnsupportedIndex(0x8000101a)
08-12 23:41:24.928   911  1431 D MediaCodecInfo: detail feature-tunneled-playback wasn't present to remove
08-12 23:41:24.929   919  1028 E OMXNodeInstance: getExtensionIndex(0xf0948240:google.hevc.decoder, OMX.google.android.index.enableAndroidNativeBuffers) ERROR: UnsupportedIndex(0x8000101a)
08-12 23:41:24.932  1278  1278 W BluetoothManagerService: bindBluetoothProfileService:Trying to bind to profile: 1, while Bluetooth is disabled
08-12 23:41:24.934   911  1431 I OMXClient: IOmx service obtained
08-12 23:41:24.934   919  1028 I OMXMaster: makeComponentInstance(OMX.qcom.video.decoder.mpeg2) in android.hardwar process
08-12 23:41:24.935   477   477 I hwservicemanager: getTransport: Cannot find entry vendor.qti.hardware.iop@2.0::IIop/default in either framework or device manifest.
08-12 23:41:24.936   912   912 E ANDR-IOP: IIop:: Iop HAL Service is not available.
