08-12 23:41:23.629  1278  1278 D SystemServerTiming: StartContextHubSystemService took to complete: 0ms
08-12 23:41:23.629  1278  1278 I SystemServer: StartDiskStatsService
08-12 23:41:23.629  1278  1308 D SystemServerInitThreadPool: Started executing Init ContextHubSystemService
08-12 23:41:23.629   477   477 I hwservicemanager: getTransport: Cannot find entry android.hardware.contexthub@1.0::IContexthub/default in either framework or device manifest.
08-12 23:41:23.629  1278  1308 I chatty  : uid=1000 system_server expire 1 line
08-12 23:41:23.630  1278  1308 D SystemServerInitThreadPool: Finished executing Init ContextHubSystemService
08-12 23:41:23.630  1278  1278 D SystemServerTiming: StartDiskStatsService took to complete: 1ms
08-12 23:41:23.630  1278  1278 I SystemServer: RuntimeService
08-12 23:41:23.630  1278  1278 D SystemServerTiming: RuntimeService took to complete: 1ms
08-12 23:41:23.630  1278  1278 I SystemServer: StartNetworkTimeUpdateService
08-12 23:41:23.630  1278  1278 D SystemServer: Using networkTimeUpdater class=class com.android.server.NewNetworkTimeUpdateService
08-12 23:41:23.630  1278  1278 D SystemServerTiming: StartNetworkTimeUpdateService took to complete: 0ms
08-12 23:41:23.630  1278  1278 I SystemServer: CertBlacklister
08-12 23:41:23.631  1278  1278 D SystemServerTiming: CertBlacklister took to complete: 1ms
08-12 23:41:23.631  1278  1278 I SystemServer: StartEmergencyAffordanceService
08-12 23:41:23.631  1278  1278 I SystemServiceManager: Starting com.android.server.emergency.EmergencyAffordanceService
08-12 23:41:23.631  1278  1278 D SystemServerTiming: StartEmergencyAffordanceService took to complete: 0ms
08-12 23:41:23.631  1278  1278 I SystemServer: StartDreamManager
08-12 23:41:23.631  1278  1278 I SystemServiceManager: Starting com.android.server.dreams.DreamManagerService
08-12 23:41:23.631  1278  1278 D SystemServerTiming: StartDreamManager took to complete: 0ms
08-12 23:41:23.632  1278  1278 I SystemServer: AddGraphicsStatsService
08-12 23:41:23.633  1278  1278 D SystemServerTiming: AddGraphicsStatsService took to complete: 1ms
08-12 23:41:23.633  1278  1278 I SystemServer: StartPrintManager
08-12 23:41:23.633  1278  1278 I SystemServiceManager: Starting com.android.server.print.PrintManagerService
08-12 23:41:23.634  1278  1278 D SystemServerTiming: StartPrintManager took to complete: 0ms
08-12 23:41:23.634  1278  1278 I SystemServer: StartCompanionDeviceManager
08-12 23:41:23.634  1278  1278 I SystemServiceManager: Starting com.android.server.companion.CompanionDeviceManagerService
08-12 23:41:23.634  1278  1278 D SystemServerTiming: StartCompanionDeviceManager took to complete: 1ms
08-12 23:41:23.634  1278  1278 I SystemServer: StartRestrictionManager
08-12 23:41:23.634  1278  1278 I SystemServiceManager: Starting com.android.server.restrictions.RestrictionsManagerService
08-12 23:41:23.635  1278  1278 I service_manager_stats: [100,24,14622]
08-12 23:41:23.635  1278  1278 D SystemServerTiming: StartRestrictionManager took to complete: 1ms
08-12 23:41:23.635  1278  1278 I SystemServer: StartMediaSessionService
08-12 23:41:23.635  1278  1278 I SystemServiceManager: Starting com.android.server.media.MediaSessionService
08-12 23:41:23.641   662   662 W cec@1.0-service: type=1400 audit(0.0:6): avc: denied { read } for name="pa" dev="sysfs" ino=32142 scontext=u:r:hal_tv_cec_default:s0 tcontext=u:object_r:sysfs:s0 tclass=file permissive=0
08-12 23:41:23.641  1278  1278 D SystemServerTiming: StartMediaSessionService took to complete: 6ms
08-12 23:41:23.641  1278  1278 I SystemServer: StartHdmiControlService
08-12 23:41:23.641  1278  1278 I SystemServiceManager: Starting com.android.server.hdmi.HdmiControlService
08-12 23:41:23.644  1278  1278 D HDMI    : setOption: [flag:3, enabled:true]
08-12 23:41:23.645   662   662 E qdhdmi_cec: write_node: Failed to access path: /sys/devices/virtual/graphics/fb1/cec/logical_addr error: No such file or directory
08-12 23:41:23.645   662   662 E qdhdmi_cec: write_node: Failed to access path: /sys/devices/virtual/graphics/fb1/cec/logical_addr error: No such file or directory
08-12 23:41:23.645  1278  1278 I HdmiControlService: Device does not support MHL-control.
08-12 23:41:23.646  1278  1480 W HDMI    : [1]:Failed to send a polling message(4->4) with return code 3
08-12 23:41:23.646  1278  1480 D HDMI    : New logical address for device [4]: [preferred:4, assigned:4]
08-12 23:41:23.648  1278  1278 D SystemServerTiming: StartHdmiControlService took to complete: 6ms
08-12 23:41:23.648  1278  1278 I SystemServer: StartMediaResourceMonitor
08-12 23:41:23.648  1278  1278 I SystemServiceManager: Starting com.android.server.media.MediaResourceMonitorService
08-12 23:41:23.648  1278  1278 D SystemServerTiming: StartMediaResourceMonitor took to complete: 0ms
08-12 23:41:23.648  1278  1278 I SystemServer: StartMediaRouterService
08-12 23:41:23.649  1278  1278 D SystemServerTiming: StartMediaRouterService took to complete: 0ms
08-12 23:41:23.649  1278  1278 I SystemServer: StartBackgroundDexOptService
08-12 23:41:23.649  1278  1278 D SystemServerTiming: StartBackgroundDexOptService took to complete: 0ms
08-12 23:41:23.649  1278  1278 I SystemServer: StartDynamicCodeLoggingService
08-12 23:41:23.650  1278  1278 D SystemServerTiming: StartDynamicCodeLoggingService took to complete: 1ms
08-12 23:41:23.650  1278  1278 I SystemServer: StartPruneInstantAppsJobService
08-12 23:41:23.650  1278  1278 D SystemServerTiming: StartPruneInstantAppsJobService took to complete: 0ms
08-12 23:41:23.650  1278  1278 I SystemServer: StartShortcutServiceLifecycle
08-12 23:41:23.650  1278  1278 I SystemServiceManager: Starting com.android.server.pm.ShortcutService$Lifecycle
08-12 23:41:23.651  1278  1278 D SystemServerTiming: StartShortcutServiceLifecycle took to complete: 1ms
08-12 23:41:23.651  1278  1278 I SystemServer: StartLauncherAppsService
08-12 23:41:23.651  1278  1278 I SystemServiceManager: Starting com.android.server.pm.LauncherAppsService
08-12 23:41:23.651  1278  1278 D SystemServerTiming: StartLauncherAppsService took to complete: 0ms
08-12 23:41:23.651  1278  1278 I SystemServer: StartCrossProfileAppsService
08-12 23:41:23.651  1278  1278 I SystemServiceManager: Starting com.android.server.pm.CrossProfileAppsService
08-12 23:41:23.652  1278  1278 D SystemServerTiming: StartCrossProfileAppsService took to complete: 0ms
08-12 23:41:23.652  1278  1278 I SystemServer: StartMediaProjectionManager
08-12 23:41:23.652  1278  1278 I SystemServiceManager: Starting com.android.server.media.projection.MediaProjectionManagerService
08-12 23:41:23.657  1278  1278 D SystemServerTiming: StartMediaProjectionManager took to complete: 6ms
08-12 23:41:23.657  1278  1278 I SystemServer: StartSliceManagerService
08-12 23:41:23.657  1278  1278 I SystemServiceManager: Starting com.android.server.slice.SliceManagerService$Lifecycle
08-12 23:41:23.658  1278  1278 D SystemServerTiming: StartSliceManagerService took to complete: 1ms
08-12 23:41:23.658  1278  1278 I SystemServer: StartCameraServiceProxy
08-12 23:41:23.658  1278  1278 I SystemServiceManager: Starting com.android.server.camera.CameraServiceProxy
08-12 23:41:23.659  1278  1278 D SystemServerTiming: StartCameraServiceProxy took to complete: 1ms
08-12 23:41:23.660  1278  1278 I SystemServer: StartStatsCompanionService
08-12 23:41:23.660  1278  1278 I SystemServiceManager: Starting com.android.server.stats.StatsCompanionService$Lifecycle
08-12 23:41:23.661  1278  1278 I StatsCompanionService: register thermal listener successfully
08-12 23:41:23.662  1278  1278 D SystemServerTiming: StartStatsCompanionService took to complete: 3ms
08-12 23:41:23.662  1278  1278 I SystemServer: StartIncidentCompanionService
08-12 23:41:23.663  1278  1278 I SystemServiceManager: Starting com.android.server.incident.IncidentCompanionService
08-12 23:41:23.663  1278  1278 D SystemServerTiming: StartIncidentCompanionService took to complete: 1ms
08-12 23:41:23.663  1278  1278 I SystemServer: StartMmsService
08-12 23:41:23.663  1278  1278 I SystemServiceManager: Starting com.android.server.MmsServiceBroker
08-12 23:41:23.663  1278  1278 D SystemServerTiming: StartMmsService took to complete: 0ms
08-12 23:41:23.663  1278  1278 I SystemServer: StartAutoFillService
08-12 23:41:23.663  1278  1278 I SystemServiceManager: Starting com.android.server.autofill.AutofillManagerService
08-12 23:41:23.665  1278  1278 D AutofillManagerService: setLogLevelFromSettings(): level=2, debug=true, verbose=false
08-12 23:41:23.665  1278  1278 D AutofillManagerService: setMaxPartitionsFromSettings(): 10
08-12 23:41:23.665  1278  1278 D AutofillManagerService: setMaxVisibleDatasetsFromSettings(): 0
08-12 23:41:23.665  1278  1278 D AutofillManagerServiceImpl: Reset component for user 0:
08-12 23:41:23.665  1278  1302 D AutofillUI: destroySaveUiUiThread(): already destroyed
08-12 23:41:23.666  1278  1278 D SystemServerTiming: StartAutoFillService took to complete: 3ms
08-12 23:41:23.666  1278  1278 I SystemServer: StartClipboardService
08-12 23:41:23.666  1278  1278 I SystemServiceManager: Starting com.android.server.clipboard.ClipboardService
08-12 23:41:23.666  1278  1278 D SystemServerTiming: StartClipboardService took to complete: 0ms
08-12 23:41:23.666  1278  1278 I SystemServer: AppServiceManager
08-12 23:41:23.666  1278  1278 I SystemServiceManager: Starting com.android.server.appbinding.AppBindingService$Lifecycle
08-12 23:41:23.667  1278  1278 D SystemServerTiming: AppServiceManager took to complete: 0ms
08-12 23:41:23.667  1278  1278 I SystemServer: MakeVibratorServiceReady
08-12 23:41:23.668  1278  1278 D SystemServerTiming: MakeVibratorServiceReady took to complete: 1ms
08-12 23:41:23.668  1278  1278 I SystemServer: MakeLockSettingsServiceReady
08-12 23:41:23.676   477   477 I hwservicemanager: getTransport: Cannot find entry android.hardware.weaver@1.0::IWeaver/default in either framework or device manifest.
08-12 23:41:23.676  1278  1278 I SyntheticPasswordManager: Device does not support weaver
08-12 23:41:23.676   477   477 I hwservicemanager: getTransport: Cannot find entry android.hardware.authsecret@1.0::IAuthSecret/default in either framework or device manifest.
08-12 23:41:23.676  1278  1278 I LockSettingsService: Device doesn't implement AuthSecret HAL
08-12 23:41:23.677  1278  1278 E LockSettingsStorage: Cannot read file java.io.FileNotFoundException: /data/system/gatekeeper.password.key: open failed: ENOENT (No such file or directory)
08-12 23:41:23.678  1278  1278 E LockSettingsStorage: Cannot read file java.io.FileNotFoundException: /data/system/password.key: open failed: ENOENT (No such file or directory)
08-12 23:41:23.678  1278  1278 E LockSettingsStorage: Cannot read file java.io.FileNotFoundException: /data/system/gatekeeper.pattern.key: open failed: ENOENT (No such file or directory)
08-12 23:41:23.678  1278  1278 E LockSettingsStorage: Cannot read file java.io.FileNotFoundException: /data/system/gatekeeper.gesture.key: open failed: ENOENT (No such file or directory)
08-12 23:41:23.678  1278  1278 E LockSettingsStorage: Cannot read file java.io.FileNotFoundException: /data/system/gesture.key: open failed: ENOENT (No such file or directory)
08-12 23:41:23.678  1278  1278 D SystemServerTiming: MakeLockSettingsServiceReady took to complete: 11ms
08-12 23:41:23.678  1278  1278 I SystemServer: StartBootPhaseLockSettingsReady
08-12 23:41:23.678  1278  1278 I SystemServiceManager: Starting phase 480
08-12 23:41:23.678  1278  1278 I DdcciManagerService: onBootPhase:480
08-12 23:41:23.680  1278  1278 I DevicePolicyManager: Set ro.device_owner property to false
08-12 23:41:23.681  1278  1405 D SystemServerInitThreadPool: Started executing DevicePolicyManager
08-12 23:41:23.682  1278  1405 D SystemServerInitThreadPool: Finished executing DevicePolicyManager
08-12 23:41:23.683  1278  1278 D SystemServerTiming: StartBootPhaseLockSettingsReady took to complete: 4ms
08-12 23:41:23.683  1278  1278 I SystemServer: StartBootPhaseSystemServicesReady
08-12 23:41:23.683  1278  1278 I SystemServiceManager: Starting phase 500
08-12 23:41:23.684  1278  1278 D AppStandbyController: Setting app idle enabled state
08-12 23:41:23.688  1278  1278 I DdcciManagerService: onBootPhase:500
08-12 23:41:23.688  1278  1278 D TestHarnessModeService: Setting up test harness mode
08-12 23:41:23.688  1278  1278 D TestHarnessModeService: Getting PersistentDataBlockManagerInternal from LocalServices
08-12 23:41:23.699  1278  1278 I WifiService: WifiService starting up with Wi-Fi enabled
08-12 23:41:23.703  1278  1309 I chatty  : uid=1000(system) HwBinder:1278_1 expire 7 lines
08-12 23:41:23.712  1278  1461 D ConnectivityService: Got NetworkFactory Messenger for Ethernet
08-12 23:41:23.712  1278  1486 I chatty  : uid=1000(system) EthernetService expire 26 lines
08-12 23:41:23.713   606   606 I netd    : interfaceGetList() -> {["eth0","dummy0","ip6tnl0","ip_vti0","ip6_vti0","bond0","lo","sit0"]} <0.13ms>
08-12 23:41:23.714   606   606 I netd    : interfaceGetCfg("eth0") <0.31ms>
08-12 23:41:23.718  1278  1278 I am_wtf  : [0,1278,system_server,-1,SystemServiceRegistry,No service published for: tv_input]
08-12 23:41:23.719  1278  1278 I DropBoxManagerService: add tag=system_server_wtf isTagEnabled=true flags=0x2
08-12 23:41:23.722  1278  1278 D SystemServerTiming: StartBootPhaseSystemServicesReady took to complete: 40ms
08-12 23:41:23.722  1278  1278 I SystemServer: MakeWindowManagerServiceReady
08-12 23:41:23.725   655   737 I SDM     : HWCDisplay::GetHdrCapabilities: HDR is not supported
08-12 23:41:23.727   655   737 I SDM     : HWCDisplay::GetHdrCapabilities: HDR is not supported
08-12 23:41:23.727  1278  1278 D SystemServerTiming: MakeWindowManagerServiceReady took to complete: 5ms
08-12 23:41:23.728  1278  1278 I SystemServer: MakePowerManagerServiceReady
08-12 23:41:23.731  1278  1278 E DisplayPowerController: failed to set up display white-balance: java.lang.IllegalStateException: cannot find light sensor
08-12 23:41:23.734  1278  1318 W KeyguardServiceDelegate: onScreenTurningOn(): no keyguard service!
08-12 23:41:23.735  1278  1318 D DisplayPowerController: DisplayPowerController autoBrightnessEnabled: false
08-12 23:41:23.735  1278  1278 D SystemServerTiming: MakePowerManagerServiceReady took to complete: 7ms
08-12 23:41:23.735  1278  1278 I SystemServer: StartPermissionPolicyService
08-12 23:41:23.735  1278  1278 I SystemServiceManager: Starting com.android.server.policy.PermissionPolicyService
08-12 23:41:23.736  1278  1278 D SystemServerTiming: StartPermissionPolicyService took to complete: 1ms
08-12 23:41:23.736  1278  1278 I SystemServer: MakePackageManagerServiceReady
08-12 23:41:23.737  1278  1315 E KernelCpuSpeedReader: Failed to read cpu-freq: /sys/devices/system/cpu/cpu4/cpufreq/stats/time_in_state: open failed: ENOENT (No such file or directory)
08-12 23:41:23.737  1278  1315 E KernelCpuSpeedReader: Failed to read cpu-freq: /sys/devices/system/cpu/cpu0/cpufreq/stats/time_in_state: open failed: ENOENT (No such file or directory)
08-12 23:41:23.738  1278  1278 I PackageManager: Un-granting permission android.permission.HIDE_NON_SYSTEM_OVERLAY_WINDOWS from package com.android.companiondevicemanager (protectionLevel=258 flags=0x30c83e45)
08-12 23:41:23.739  1278  1278 I PackageManager: Un-granting permission android.permission.WRITE_SETTINGS from package com.tencent.mm (protectionLevel=1218 flags=0x38983e44)
08-12 23:41:23.739  1278  1318 V DisplayPowerController: Brightness [102] reason changing to: 'override', previous reason: '0'.
08-12 23:41:23.739  1278  1278 I PackageManager: Un-granting permission android.permission.SYSTEM_ALERT_WINDOW from package com.tencent.mm (protectionLevel=1250 flags=0x38983e44)
08-12 23:41:23.739  1278  1318 D DisplayPowerController: DisplayPowerController autoBrightnessEnabled: false
08-12 23:41:23.739  1278  1278 I PackageManager: Un-granting permission android.permission.REQUEST_INSTALL_PACKAGES from package com.tencent.mm (protectionLevel=66 flags=0x38983e44)
08-12 23:41:23.739  1278  1318 D DisplayPowerController: DisplayPowerController autoBrightnessEnabled: false
08-12 23:41:23.739  1278  1318 D DisplayPowerController: DisplayPowerController autoBrightnessEnabled: false
08-12 23:41:23.740  1278  1278 I PackageManager: Un-granting permission android.permission.SYSTEM_ALERT_WINDOW from package us.zoom.videomeetings (protectionLevel=1250 flags=0x30983e44)
08-12 23:41:23.740  1278  1278 I PackageManager: Un-granting permission android.permission.REQUEST_INSTALL_PACKAGES from package us.zoom.videomeetings (protectionLevel=66 flags=0x30983e44)
08-12 23:41:23.740  1278  1278 I PackageManager: Un-granting permission android.permission.BIND_WALLPAPER from package com.android.camera2 (protectionLevel=18 flags=0x2058bc45)
08-12 23:41:23.741  1278  1278 I PackageManager: Un-granting permission android.permission.WRITE_SETTINGS from package com.baidu.searchcraft (protectionLevel=1218 flags=0x30983e44)
08-12 23:41:23.741  1278  1278 I PackageManager: Un-granting permission android.permission.REQUEST_INSTALL_PACKAGES from package com.baidu.searchcraft (protectionLevel=66 flags=0x30983e44)
08-12 23:41:23.741  1278  1278 I PackageManager: Un-granting permission android.permission.SYSTEM_ALERT_WINDOW from package com.baidu.searchcraft (protectionLevel=1250 flags=0x30983e44)
08-12 23:41:23.741  1278  1278 I PackageManager: Un-granting permission android.permission.MOUNT_UNMOUNT_FILESYSTEMS from package com.baidu.searchcraft (protectionLevel=18 flags=0x30983e44)
08-12 23:41:23.742  1278  1278 I PackageManager: Un-granting permission android.permission.CHANGE_CONFIGURATION from package com.tencent.mobileqq (protectionLevel=50 flags=0x38c83e44)
08-12 23:41:23.742  1278  1278 I PackageManager: Un-granting permission android.permission.SYSTEM_ALERT_WINDOW from package com.tencent.mobileqq (protectionLevel=1250 flags=0x38c83e44)
08-12 23:41:23.742  1278  1278 I PackageManager: Un-granting permission android.permission.WRITE_SETTINGS from package com.tencent.mobileqq (protectionLevel=1218 flags=0x38c83e44)
08-12 23:41:23.742  1278  1278 I PackageManager: Un-granting permission android.permission.READ_LOGS from package com.tencent.mobileqq (protectionLevel=50 flags=0x38c83e44)
08-12 23:41:23.742  1278  1278 I PackageManager: Un-granting permission android.permission.INTERACT_ACROSS_USERS from package com.tencent.mobileqq (protectionLevel=50 flags=0x38c83e44)
08-12 23:41:23.742  1278  1278 I PackageManager: Un-granting permission com.android.launcher3.permission.READ_SETTINGS from package com.tencent.mobileqq (protectionLevel=18 flags=0x38c83e44)
08-12 23:41:23.742  1278  1278 I PackageManager: Un-granting permission com.android.launcher3.permission.WRITE_SETTINGS from package com.tencent.mobileqq (protectionLevel=18 flags=0x38c83e44)
08-12 23:41:23.742  1278  1278 I PackageManager: Un-granting permission android.permission.REQUEST_INSTALL_PACKAGES from package com.tencent.mobileqq (protectionLevel=66 flags=0x38c83e44)
08-12 23:41:23.744  1278  1278 I PackageManager: Un-granting permission android.permission.SYSTEM_ALERT_WINDOW from package com.skype.rover (protectionLevel=1250 flags=0x30c8be44)
08-12 23:41:23.744  1278  1278 I PackageManager: Un-granting permission android.permission.ACCESS_DOWNLOAD_MANAGER from package com.skype.rover (protectionLevel=18 flags=0x30c8be44)
08-12 23:41:23.745  1278  1278 I PackageManager: Un-granting permission android.permission.INTERACT_ACROSS_USERS_FULL from package org.codeaurora.snapcam (protectionLevel=258 flags=0x20d8bc45)
08-12 23:41:23.746  1278  1278 I PackageManager: Un-granting permission android.permission.SET_ORIENTATION from package org.codeaurora.snapcam (protectionLevel=2 flags=0x20d8bc45)
08-12 23:41:23.747  1278  1278 I PackageManager: Un-granting permission android.permission.REQUEST_INSTALL_PACKAGES from package com.microsoft.teams (protectionLevel=66 flags=0x38c83e44)
08-12 23:41:23.747  1278  1278 I PackageManager: Un-granting permission android.permission.ACCESS_DOWNLOAD_MANAGER from package com.microsoft.teams (protectionLevel=18 flags=0x38c83e44)
08-12 23:41:23.747  1278  1278 I PackageManager: Un-granting permission android.permission.SYSTEM_ALERT_WINDOW from package com.microsoft.teams (protectionLevel=1250 flags=0x38c83e44)
08-12 23:41:23.752  1278  1278 I commit_sys_config_file: [package-session,2]
08-12 23:41:23.753  1278  1278 V UserDataPreparer: Found /data/user_de/0 with serial number 0
08-12 23:41:23.753  1278  1278 V UserDataPreparer: Found /data/user/0 with serial number 0
08-12 23:41:23.753  1278  1278 V UserDataPreparer: Found /data/system_de/0 with serial number 0
08-12 23:41:23.753  1278  1278 V UserDataPreparer: Found /data/system_ce/0 with serial number 0
08-12 23:41:23.753  1278  1278 V UserDataPreparer: Found /data/misc_ce/0 with serial number 0
08-12 23:41:23.757  1278  1457 I chatty  : uid=1000(system) WifiService expire 3 lines
08-12 23:41:23.757  1278  1278 D SystemServerTiming: MakePackageManagerServiceReady took to complete: 21ms
08-12 23:41:23.757  1278  1278 I SystemServer: MakeDisplayManagerServiceReady
08-12 23:41:23.758  1278  1304 E DisplayModeDirector: Asked about unknown display, returning empty allowed set! (id=0)
08-12 23:41:23.758  1278  1304 E DisplayModeDirector: Asked about unknown display, returning empty allowed set! (id=0)
08-12 23:41:23.758  1278  1278 D SystemServerTiming: MakeDisplayManagerServiceReady took to complete: 1ms
08-12 23:41:23.758  1278  1278 I SystemServer: StartDeviceSpecificServices
08-12 23:41:23.758  1278  1278 D SystemServerTiming: StartDeviceSpecificServices took to complete: 0ms
08-12 23:41:23.758  1278  1278 I SystemServer: StartBootPhaseDeviceSpecificServicesReady
08-12 23:41:23.758  1278  1278 I SystemServiceManager: Starting phase 520
08-12 23:41:23.759  1278  1278 I DdcciManagerService: onBootPhase:520
08-12 23:41:23.759  1278  1278 D SystemServerTiming: StartBootPhaseDeviceSpecificServicesReady took to complete: 0ms
08-12 23:41:23.759  1278  1278 W UsageStatsService: Event reported without a package name, eventType:15
08-12 23:41:23.760  1278  1278 I AppOps  : Pruning old package system/com.android.server.appop.AppOpsService$UidState@4e2454e: new uid=-1
08-12 23:41:23.761  1278  1278 I ActivityManager: System now ready
08-12 23:41:23.761  1278  1278 I boot_progress_ams_ready: 14749
08-12 23:41:23.770  1278  1278 I SystemServer: Making services ready
08-12 23:41:23.770  1278  1278 I SystemServer: StartActivityManagerReadyPhase
08-12 23:41:23.770  1278  1278 I SystemServiceManager: Starting phase 550
08-12 23:41:23.771   477   477 I hwservicemanager: getTransport: Cannot find entry android.hardware.thermal@2.0::IThermal/default in either framework or device manifest.
08-12 23:41:23.771  1278  1278 E ThermalHalWrapper: Thermal HAL 2.0 service not connected.
08-12 23:41:23.772   477   477 I hwservicemanager: getTransport: Cannot find entry android.hardware.thermal@1.1::IThermal/default in either framework or device manifest.
08-12 23:41:23.772  1278  1278 E ThermalHalWrapper: Thermal HAL 1.1 service not connected.
08-12 23:41:23.774  1278  1278 I ThermalHalWrapper: Thermal HAL 1.0 service connected, no thermal call back will be called due to legacy API.
08-12 23:41:23.774   661   661 D ThermalHAL-TARGET: Entering get_temperatures
08-12 23:41:23.774   661   661 D ThermalHAL-UTIL: Entering get_num_cpus
08-12 23:41:23.774   661   661 I chatty  : uid=1000(system) thermal@1.0-ser identical 30 lines
08-12 23:41:23.774   661   661 D ThermalHAL-UTIL: Entering get_num_cpus
08-12 23:41:23.776   661   661 D ThermalHAL-UTIL: Sensor tsens_tz_sensor1 found at tz: 11
08-12 23:41:23.776   661   661 D ThermalHAL-UTIL: Entering get_cpu_label
08-12 23:41:23.776   661   661 D ThermalHAL-UTIL: Entering get_num_cpus
08-12 23:41:23.776   661   661 D ThermalHAL-UTIL: Entering get_num_cpus
08-12 23:41:23.778   661   661 D ThermalHAL-UTIL: Sensor tsens_tz_sensor1 found at tz: 11
08-12 23:41:23.778   661   661 D ThermalHAL-UTIL: Entering get_cpu_label
08-12 23:41:23.778   661   661 D ThermalHAL-UTIL: Entering get_num_cpus
08-12 23:41:23.778   661   661 D ThermalHAL-UTIL: Entering get_num_cpus
08-12 23:41:23.779   661   661 D ThermalHAL-UTIL: Sensor tsens_tz_sensor1 found at tz: 11
08-12 23:41:23.779   661   661 D ThermalHAL-UTIL: Entering get_cpu_label
08-12 23:41:23.779   661   661 D ThermalHAL-UTIL: Entering get_num_cpus
08-12 23:41:23.779   661   661 D ThermalHAL-UTIL: Entering get_num_cpus
08-12 23:41:23.781   661   661 D ThermalHAL-UTIL: Sensor tsens_tz_sensor1 found at tz: 11
08-12 23:41:23.781   661   661 D ThermalHAL-UTIL: Entering get_cpu_label
08-12 23:41:23.781   661   661 D ThermalHAL-UTIL: Entering get_num_cpus
08-12 23:41:23.781   661   661 D ThermalHAL-UTIL: Entering get_num_cpus
08-12 23:41:23.783   661   661 D ThermalHAL-UTIL: Sensor tsens_tz_sensor3 found at tz: 13
08-12 23:41:23.783   661   661 D ThermalHAL-UTIL: Entering get_cpu_label
08-12 23:41:23.783   661   661 D ThermalHAL-UTIL: Entering get_num_cpus
08-12 23:41:23.783   661   661 D ThermalHAL-UTIL: Entering get_num_cpus
08-12 23:41:23.783   661   661 D ThermalHAL-UTIL: Sensor tsens_tz_sensor4 found at tz: 14
08-12 23:41:23.783   661   661 D ThermalHAL-UTIL: Entering get_cpu_label
08-12 23:41:23.783   661   661 D ThermalHAL-UTIL: Entering get_num_cpus
08-12 23:41:23.783   661   661 D ThermalHAL-UTIL: Entering get_num_cpus
08-12 23:41:23.785   661   661 D ThermalHAL-UTIL: Sensor tsens_tz_sensor5 found at tz: 15
08-12 23:41:23.785   661   661 D ThermalHAL-UTIL: Entering get_cpu_label
08-12 23:41:23.785   661   661 D ThermalHAL-UTIL: Entering get_num_cpus
08-12 23:41:23.785   661   661 D ThermalHAL-UTIL: Entering get_num_cpus
08-12 23:41:23.785   661   661 D ThermalHAL-UTIL: Sensor tsens_tz_sensor6 found at tz: 16
08-12 23:41:23.785   661   661 D ThermalHAL-UTIL: Entering get_cpu_label
08-12 23:41:23.785   661   661 D ThermalHAL-UTIL: Entering get_num_cpus
08-12 23:41:23.785   661   661 D ThermalHAL-UTIL: Entering get_num_cpus
08-12 23:41:23.787   661   661 D ThermalHAL-UTIL: Sensor tsens_tz_sensor8 found at tz: 18
08-12 23:41:23.787   661   661 D ThermalHAL-UTIL: Entering get_num_cpus
08-12 23:41:23.787   661   661 D ThermalHAL-UTIL: Sensor battery found at tz: 34
08-12 23:41:23.787   661   661 D ThermalHAL-UTIL: Entering get_num_cpus
08-12 23:41:23.789   661   661 E ThermalHAL-UTIL: No thermal zone for sensor: xo_therm, ret:-1
08-12 23:41:23.789   661   661 E ThermalHAL-TARGET: thermal sensor initialization is failed
08-12 23:41:23.789   661   661 D ThermalHAL-TARGET: Entering get_temperatures
08-12 23:41:23.789   661   661 D ThermalHAL-UTIL: Entering get_num_cpus
08-12 23:41:23.789   661   661 D ThermalHAL-UTIL: Entering get_num_cpus
08-12 23:41:23.791   661   661 D ThermalHAL-UTIL: Sensor tsens_tz_sensor1 found at tz: 11
08-12 23:41:23.791   661   661 D ThermalHAL-UTIL: Entering get_cpu_label
08-12 23:41:23.791   661   661 D ThermalHAL-UTIL: Entering get_num_cpus
08-12 23:41:23.791   661   661 D ThermalHAL-UTIL: Entering get_num_cpus
08-12 23:41:23.793   661   661 D ThermalHAL-UTIL: Sensor tsens_tz_sensor1 found at tz: 11
08-12 23:41:23.793   661   661 D ThermalHAL-UTIL: Entering get_cpu_label
08-12 23:41:23.793   661   661 D ThermalHAL-UTIL: Entering get_num_cpus
08-12 23:41:23.793   661   661 D ThermalHAL-UTIL: Entering get_num_cpus
08-12 23:41:23.795   661   661 D ThermalHAL-UTIL: Sensor tsens_tz_sensor1 found at tz: 11
08-12 23:41:23.795   661   661 D ThermalHAL-UTIL: Entering get_cpu_label
08-12 23:41:23.795   661   661 D ThermalHAL-UTIL: Entering get_num_cpus
08-12 23:41:23.795   661   661 D ThermalHAL-UTIL: Entering get_num_cpus
08-12 23:41:23.796   661   661 D ThermalHAL-UTIL: Sensor tsens_tz_sensor1 found at tz: 11
08-12 23:41:23.796   661   661 D ThermalHAL-UTIL: Entering get_cpu_label
08-12 23:41:23.796   661   661 D ThermalHAL-UTIL: Entering get_num_cpus
08-12 23:41:23.796   661   661 D ThermalHAL-UTIL: Entering get_num_cpus
08-12 23:41:23.798   661   661 D ThermalHAL-UTIL: Sensor tsens_tz_sensor3 found at tz: 13
08-12 23:41:23.798   661   661 D ThermalHAL-UTIL: Entering get_cpu_label
08-12 23:41:23.798   661   661 D ThermalHAL-UTIL: Entering get_num_cpus
08-12 23:41:23.798   661   661 D ThermalHAL-UTIL: Entering get_num_cpus
08-12 23:41:23.798   661   661 D ThermalHAL-UTIL: Sensor tsens_tz_sensor4 found at tz: 14
08-12 23:41:23.798   661   661 D ThermalHAL-UTIL: Entering get_cpu_label
08-12 23:41:23.798   661   661 D ThermalHAL-UTIL: Entering get_num_cpus
08-12 23:41:23.798   661   661 D ThermalHAL-UTIL: Entering get_num_cpus
08-12 23:41:23.800   661   661 D ThermalHAL-UTIL: Sensor tsens_tz_sensor5 found at tz: 15
08-12 23:41:23.800   661   661 D ThermalHAL-UTIL: Entering get_cpu_label
08-12 23:41:23.800   661   661 D ThermalHAL-UTIL: Entering get_num_cpus
08-12 23:41:23.800   661   661 D ThermalHAL-UTIL: Entering get_num_cpus
08-12 23:41:23.800   661   661 D ThermalHAL-UTIL: Sensor tsens_tz_sensor6 found at tz: 16
08-12 23:41:23.800   661   661 D ThermalHAL-UTIL: Entering get_cpu_label
08-12 23:41:23.800   661   661 D ThermalHAL-UTIL: Entering get_num_cpus
08-12 23:41:23.800   661   661 D ThermalHAL-UTIL: Entering get_num_cpus
08-12 23:41:23.802   661   661 D ThermalHAL-UTIL: Sensor tsens_tz_sensor8 found at tz: 18
08-12 23:41:23.802   661   661 D ThermalHAL-UTIL: Entering get_num_cpus
08-12 23:41:23.802   661   661 D ThermalHAL-UTIL: Sensor battery found at tz: 34
08-12 23:41:23.802   661   661 D ThermalHAL-UTIL: Entering get_num_cpus
08-12 23:41:23.804   661   661 E ThermalHAL-UTIL: No thermal zone for sensor: xo_therm, ret:-1
08-12 23:41:23.804   661   661 E ThermalHAL-TARGET: thermal sensor initialization is failed
08-12 23:41:23.808   680   693 I chatty  : uid=1000(system) HwBinder:680_1 expire 193 lines
08-12 23:41:23.808  1278  1278 W ActivityManager: Too early to start/bind service in system_server: Phase=550 ComponentInfo{com.android.server.telecom/com.android.server.telecom.components.TelecomService}
08-12 23:41:23.810  1278  1278 W ActivityManager: Too early to start/bind service in system_server: Phase=550 ComponentInfo{com.android.server.telecom/com.android.server.telecom.components.TelecomService}
08-12 23:41:23.968  1278  1418 I commit_sys_config_file: [settings-0-0,6]
08-12 23:41:24.045   606   606 I netd    : interfaceSetCfg() <329.38ms>
08-12 23:41:24.045  1278  1301 I chatty  : uid=1000(system) android.fg expire 16 lines
08-12 23:41:24.046   606   606 I netd    : interfaceGetCfg("eth0") <0.61ms>
08-12 23:41:24.117  1278  1278 W SystemServiceManager: Service com.android.server.content.ContentService$Lifecycle took 307 ms in onBootPhase
08-12 23:41:24.117  1278  1278 D BluetoothManagerService: Bluetooth boot completed
08-12 23:41:24.117  1278  1278 D BluetoothManagerService: Auto-enabling Bluetooth.
08-12 23:41:24.117  1278  1303 D BluetoothManagerService: MESSAGE_ENABLE(0): mBluetooth = null
08-12 23:41:24.119  1278  1303 I am_uid_running: 1002
08-12 23:41:24.120  1278  1278 I DdcciManagerService: onBootPhase:550
08-12 23:41:24.135   607   607 D Zygote  : Forked child process 1492
08-12 23:41:24.137  1278  1312 I am_proc_start: [0,1492,1002,com.android.bluetooth,service,{com.android.bluetooth/com.android.bluetooth.btservice.AdapterService}]
08-12 23:41:24.137  1278  1312 I ActivityManager: Start proc 1492:com.android.bluetooth/1002 for service {com.android.bluetooth/com.android.bluetooth.btservice.AdapterService}
08-12 23:41:24.157  1278  1298 I am_proc_bound: [0,1492,com.android.bluetooth]
08-12 23:41:24.158  1278  1298 I chatty  : uid=1000(system) Binder:1278_2 expire 12 lines
08-12 23:41:24.163  1278  1298 I am_uid_active: 1002
08-12 23:41:24.179  1278  1278 W SystemServiceManager: Service com.android.server.inputmethod.InputMethodManagerService$Lifecycle took 57 ms in onBootPhase
08-12 23:41:24.181  1278  1449 D StorageManagerService: Isolated storage local flag 0 and remote flag 0 resolved to true
08-12 23:41:24.182  1278  1278 I WallpaperManagerService: No static wallpaper imagery; defaults will be shown
08-12 23:41:24.182  1278  1278 V WallpaperManagerService: bindWallpaperComponentLocked: componentName=ComponentInfo{com.android.systemui/com.android.systemui.ImageWallpaper}
08-12 23:41:24.183  1278  1278 I am_uid_running: 10103
08-12 23:41:24.186  1492  1492 I droid.bluetoot: The ClassLoaderContext is a special shared library.
08-12 23:41:24.187  1278  1278 W WallpaperManagerService: Invalid wallpaper data
08-12 23:41:24.187  1278  1278 E WallpaperManagerService: Unable to apply new wallpaper
08-12 23:41:24.189  1278  1469 I chatty  : uid=1000(system) AudioService expire 7 lines
08-12 23:41:24.193  1278  1513 I chatty  : uid=1000(system) UsbService host expire 2 lines
08-12 23:41:24.193  1278  1513 D UsbHostManager: device class is black listed
08-12 23:41:24.193  1278  1278 I AppBindingService: Updating constants with: null
08-12 23:41:24.193  1278  1513 D UsbHostManager: device class is black listed
08-12 23:41:24.194  1278  1303 D BluetoothManagerService: MESSAGE_REGISTER_ADAPTER
08-12 23:41:24.194  1278  1469 W BluetoothManagerService: bindBluetoothProfileService:Trying to bind to profile: 1, while Bluetooth is disabled
08-12 23:41:24.199  1492  1492 I droid.bluetoot: The ClassLoaderContext is a special shared library.
08-12 23:41:24.212   607   607 D Zygote  : Forked child process 1514
08-12 23:41:24.219  1278  1312 I am_proc_start: [0,1514,10103,com.android.systemui,service,{com.android.systemui/com.android.systemui.ImageWallpaper}]
08-12 23:41:24.219  1278  1312 I ActivityManager: Start proc 1514:com.android.systemui/u0a103 for service {com.android.systemui/com.android.systemui.ImageWallpaper}
08-12 23:41:24.222  1278  1278 I PackageManager: Un-granting permission android.permission.HIDE_NON_SYSTEM_OVERLAY_WINDOWS from package com.android.companiondevicemanager (protectionLevel=258 flags=0x30c83e45)
08-12 23:41:24.223  1278  1278 I PackageManager: Un-granting permission android.permission.WRITE_SETTINGS from package com.tencent.mm (protectionLevel=1218 flags=0x38983e44)
08-12 23:41:24.223  1278  1278 I PackageManager: Un-granting permission android.permission.SYSTEM_ALERT_WINDOW from package com.tencent.mm (protectionLevel=1250 flags=0x38983e44)
08-12 23:41:24.223  1278  1278 I PackageManager: Un-granting permission android.permission.REQUEST_INSTALL_PACKAGES from package com.tencent.mm (protectionLevel=66 flags=0x38983e44)
08-12 23:41:24.223  1278  1278 I PackageManager: Un-granting permission android.permission.SYSTEM_ALERT_WINDOW from package us.zoom.videomeetings (protectionLevel=1250 flags=0x30983e44)
08-12 23:41:24.223  1278  1278 I PackageManager: Un-granting permission android.permission.REQUEST_INSTALL_PACKAGES from package us.zoom.videomeetings (protectionLevel=66 flags=0x30983e44)
08-12 23:41:24.224  1278  1278 I PackageManager: Un-granting permission android.permission.BIND_WALLPAPER from package com.android.camera2 (protectionLevel=18 flags=0x2058bc45)
08-12 23:41:24.225  1278  1278 I PackageManager: Un-granting permission android.permission.WRITE_SETTINGS from package com.baidu.searchcraft (protectionLevel=1218 flags=0x30983e44)
08-12 23:41:24.225  1278  1278 I PackageManager: Un-granting permission android.permission.REQUEST_INSTALL_PACKAGES from package com.baidu.searchcraft (protectionLevel=66 flags=0x30983e44)
08-12 23:41:24.225  1278  1278 I PackageManager: Un-granting permission android.permission.SYSTEM_ALERT_WINDOW from package com.baidu.searchcraft (protectionLevel=1250 flags=0x30983e44)
08-12 23:41:24.225  1278  1278 I PackageManager: Un-granting permission android.permission.MOUNT_UNMOUNT_FILESYSTEMS from package com.baidu.searchcraft (protectionLevel=18 flags=0x30983e44)
08-12 23:41:24.226  1278  1278 I PackageManager: Un-granting permission android.permission.CHANGE_CONFIGURATION from package com.tencent.mobileqq (protectionLevel=50 flags=0x38c83e44)
08-12 23:41:24.226  1278  1278 I PackageManager: Un-granting permission android.permission.SYSTEM_ALERT_WINDOW from package com.tencent.mobileqq (protectionLevel=1250 flags=0x38c83e44)
08-12 23:41:24.226  1278  1278 I PackageManager: Un-granting permission android.permission.WRITE_SETTINGS from package com.tencent.mobileqq (protectionLevel=1218 flags=0x38c83e44)
08-12 23:41:24.226  1278  1278 I PackageManager: Un-granting permission android.permission.READ_LOGS from package com.tencent.mobileqq (protectionLevel=50 flags=0x38c83e44)
08-12 23:41:24.226  1278  1278 I PackageManager: Un-granting permission android.permission.INTERACT_ACROSS_USERS from package com.tencent.mobileqq (protectionLevel=50 flags=0x38c83e44)
08-12 23:41:24.226  1278  1278 I PackageManager: Un-granting permission com.android.launcher3.permission.READ_SETTINGS from package com.tencent.mobileqq (protectionLevel=18 flags=0x38c83e44)
08-12 23:41:24.226  1278  1278 I PackageManager: Un-granting permission com.android.launcher3.permission.WRITE_SETTINGS from package com.tencent.mobileqq (protectionLevel=18 flags=0x38c83e44)
08-12 23:41:24.227  1278  1278 I PackageManager: Un-granting permission android.permission.REQUEST_INSTALL_PACKAGES from package com.tencent.mobileqq (protectionLevel=66 flags=0x38c83e44)
08-12 23:41:24.228  1278  1513 D UsbHostManager: device class is black listed
08-12 23:41:24.228  1278  1513 D UsbHostManager: device class is black listed
08-12 23:41:24.229  1278  1278 I PackageManager: Un-granting permission android.permission.SYSTEM_ALERT_WINDOW from package com.skype.rover (protectionLevel=1250 flags=0x30c8be44)
08-12 23:41:24.229  1278  1278 I PackageManager: Un-granting permission android.permission.ACCESS_DOWNLOAD_MANAGER from package com.skype.rover (protectionLevel=18 flags=0x30c8be44)
08-12 23:41:24.230  1278  1278 I PackageManager: Un-granting permission android.permission.INTERACT_ACROSS_USERS_FULL from package org.codeaurora.snapcam (protectionLevel=258 flags=0x20d8bc45)
08-12 23:41:24.230  1278  1278 I PackageManager: Un-granting permission android.permission.SET_ORIENTATION from package org.codeaurora.snapcam (protectionLevel=2 flags=0x20d8bc45)
08-12 23:41:24.232  1278  1278 I PackageManager: Un-granting permission android.permission.REQUEST_INSTALL_PACKAGES from package com.microsoft.teams (protectionLevel=66 flags=0x38c83e44)
08-12 23:41:24.232  1278  1278 I PackageManager: Un-granting permission android.permission.ACCESS_DOWNLOAD_MANAGER from package com.microsoft.teams (protectionLevel=18 flags=0x38c83e44)
08-12 23:41:24.232  1278  1278 I PackageManager: Un-granting permission android.permission.SYSTEM_ALERT_WINDOW from package com.microsoft.teams (protectionLevel=1250 flags=0x38c83e44)
08-12 23:41:24.232  1278  1278 D SystemServerTiming: StartActivityManagerReadyPhase took to complete: 462ms
08-12 23:41:24.232  1278  1278 I SystemServer: StartObservingNativeCrashes
08-12 23:41:24.233  1278  1278 D SystemServerTiming: StartObservingNativeCrashes took to complete: 1ms
08-12 23:41:24.233  1278  1278 I SystemServer: StartSystemUI
08-12 23:41:24.233  1278  1416 D SystemServerInitThreadPool: Started executing WebViewFactoryPreparation
08-12 23:41:24.233  1278  1416 I SystemServer: WebViewFactoryPreparation
08-12 23:41:24.233  1278  1298 I am_proc_bound: [0,1514,com.android.systemui]
08-12 23:41:24.235  1278  1298 I am_uid_active: 10103
08-12 23:41:24.239  1278  1278 D SystemServerTiming: StartSystemUI took to complete: 5ms
08-12 23:41:24.239  1278  1278 I SystemServer: MakeNetworkManagementServiceReady
08-12 23:41:24.239  1278  1416 I am_uid_running: 1037
08-12 23:41:24.240   606   606 I netd    : firewallSetFirewallType(1) <0.01ms>
08-12 23:41:24.240  1278  1416 D SystemServerTimingAsync: WebViewFactoryPreparation took to complete: 7ms
08-12 23:41:24.240  1278  1416 D SystemServerInitThreadPool: Finished executing WebViewFactoryPreparation
08-12 23:41:24.240  1278  1278 D SystemServerTiming: MakeNetworkManagementServiceReady took to complete: 2ms
08-12 23:41:24.240  1278  1278 I SystemServer: MakeIpSecServiceReady
08-12 23:41:24.241   606   606 I netd    : isAlive() -> {"true"} <0.00ms>
08-12 23:41:24.241  1278  1278 D IpSecService: IpSecService is ready
08-12 23:41:24.241  1278  1278 D SystemServerTiming: MakeIpSecServiceReady took to complete: 0ms
08-12 23:41:24.241  1278  1278 I SystemServer: MakeNetworkStatsServiceReady
08-12 23:41:24.243  1278  1315 E BatteryExternalStatsWorker: no controller energy info supplied for telephony
08-12 23:41:24.246   606   606 I netd    : trafficSwapActiveStatsMap() <0.26ms>
08-12 23:41:24.247   907  1434 I MMParserExtractor: Created(0x2bf59d0550)
08-12 23:41:24.248   606   606 I netd    : tetherGetStats() <1.14ms>
08-12 23:41:24.249  1492  1492 I Perf    : Connecting to perf service.
08-12 23:41:24.250  1278  1455 I commit_sys_config_file: [net-policy,8]
08-12 23:41:24.250  1278  1455 W NetworkPolicy: setRestrictBackgroundUL: already false
08-12 23:41:24.251   606   606 I netd    : firewallReplaceUidChain("fw_standby", "false", []) -> {"true"} <0.07ms>
08-12 23:41:24.253   606  1095 I netd    : bandwidthSetGlobalAlert(2097152) <1.43ms>
08-12 23:41:24.253  1278  1278 D SystemServerTiming: MakeNetworkStatsServiceReady took to complete: 12ms
08-12 23:41:24.253  1278  1278 I SystemServer: MakeConnectivityServiceReady
08-12 23:41:24.256  1278  1278 D ConnectivityService: requestNetwork for uid/pid:1000/1278 NetworkRequest [ REQUEST id=6, [ Capabilities: INTERNET&NOT_RESTRICTED&TRUSTED&NOT_VPN] ]
08-12 23:41:24.261   606   606 I netd    : networkSetPermissionForUser(1, [10114,10115,10118]) <0.01ms>
08-12 23:41:24.262   606   606 I netd    : networkSetPermissionForUser(2, [10112,10113,1027,10056,10058,2000,10064,10080,10087,10088,1000,1001,10090,1002,10092,10097,10099,10103,10104,10105,10106,10107,10044,10109,10110]) <0.01ms>
08-12 23:41:24.262   606   606 I netd    : trafficSetNetPermForUids(12, [1001,1002,1013,10044]) <0.04ms>
08-12 23:41:24.262   606   606 I netd    : trafficSetNetPermForUids(4, [1000,1027,2000,10043,10050,10051,10056,10059,10061,10064,10067,10071,10073,10075,10079,10080,10086,10087,10088,10090,10099,10104,10107,10110,10111,10113,10114,10115,10116,10117,10118,10119]) <0.25ms>
08-12 23:41:24.262   606   606 I netd    : trafficSetNetPermForUids(8, [1041,1047]) <0.02ms>
08-12 23:41:24.263   606   606 I netd    : trafficSetNetPermForUids(0, [1003,1063,1066,1067,1068,1073,10000,10001,10002,10003,10004,10005,10006,10007,10008,10009,10010,10011,10012,10013,10014,10015,10016,10017,10018,10019,10020,10021,10022,10023,10024,10025,10026,10027,10028,10029,10030,10031,10032,10033,10034,10035,10036,10037,10038,10039,10040,10041,10042,10045,10046,10047,10048,10049,10052,10053,10054,10055,10057,10058,10060,10062,10063,10065,10066,10068,10069,10070,10072,10074,10076,10077,10078,10081,10082,10083,10084,10085,10089,10091,10092,10093,10094,10095,10096,10097,10098,10100,10101,10102,10103,10105,10106,10109,10112]) <0.66ms>
08-12 23:41:24.263  1278  1278 D SystemServerTiming: MakeConnectivityServiceReady took to complete: 10ms
08-12 23:41:24.264  1278  1278 I SystemServer: MakeNetworkPolicyServiceReady
08-12 23:41:24.268   911  1431 D MediaCodecList: Allowing all OMX codecs
08-12 23:41:24.273   911  1431 I OMXClient: IOmx service obtained
08-12 23:41:24.274  1278  1455 I chatty  : uid=1000(system) NetworkPolicy expire 12 lines
08-12 23:41:24.274   919   919 I liblog  : 92
08-12 23:41:24.274   919   919 I OMXMaster: makeComponentInstance(OMX.google.aac.decoder) in android.hardwar process
08-12 23:41:24.274  1278  1461 V NetPluginDelegate: registerHandler
08-12 23:41:24.275  1278  1461 I chatty  : uid=1000(system) ConnectivitySer expire 15 lines
08-12 23:41:24.275  1278  1455 D TelephonyRegistry: listen oscl: mHasNotifySubscriptionInfoChangedOccurred==false no callback
08-12 23:41:24.276  1278  1278 D SystemServerTiming: MakeNetworkPolicyServiceReady took to complete: 12ms
08-12 23:41:24.276  1278  1278 I SystemServer: PhaseThirdPartyAppsCanStart
08-12 23:41:24.276  1278  1278 I SystemServiceManager: Starting phase 600
08-12 23:41:24.277  1278  1278 I ExplicitHealthCheckController: Explicit health checks enabled.
08-12 23:41:24.277  1278  1278 I PackageWatchdog: Syncing state, reason: health check state enabled
08-12 23:41:24.277  1278  1278 I PackageWatchdog: Not pruning observers, elapsed time: 0ms
08-12 23:41:24.277  1278  1278 I PackageWatchdog: Cancelling state sync, nothing to sync
08-12 23:41:24.277  1278  1310 I PackageWatchdog: Saving observer state to file
08-12 23:41:24.278  1278  1278 I DdcciManagerService: onBootPhase:600
08-12 23:41:24.280  1278  1278 V WallpaperManagerService: bindWallpaperComponentLocked: componentName=ComponentInfo{com.android.systemui/com.android.systemui.ImageWallpaper}
08-12 23:41:24.283   911  1431 I OMXClient: IOmx service obtained
08-12 23:41:24.284   919  1028 I OMXMaster: makeComponentInstance(OMX.google.amrnb.decoder) in android.hardwar process
08-12 23:41:24.285  1278  1278 D VoiceInteractionManagerService: switchImplementation(0) took to complete: 0ms
08-12 23:41:24.288  1278  1278 I StatsCompanionService: Told statsd that StatsCompanionService is alive.
08-12 23:41:24.288  1278  1278 D SystemServerTiming: PhaseThirdPartyAppsCanStart took to complete: 13ms
08-12 23:41:24.288  1278  1278 I SystemServer: StartNetworkStack
08-12 23:41:24.290  1278  1278 D SystemServerTiming: StartNetworkStack took to complete: 2ms
08-12 23:41:24.290  1278  1278 I SystemServer: MakeLocationServiceReady
08-12 23:41:24.292   477   477 I hwservicemanager: getTransport: Cannot find entry android.hardware.gnss@2.0::IGnss/default in either framework or device manifest.
08-12 23:41:24.293   477   477 I hwservicemanager: getTransport: Cannot find entry android.hardware.gnss@1.1::IGnss/default in either framework or device manifest.
08-12 23:41:24.296   477   477 I hwservicemanager: getTransport: Cannot find entry android.hardware.gnss@1.0::IGnss/default in either framework or device manifest.
08-12 23:41:24.298   911  1431 I OMXClient: IOmx service obtained
08-12 23:41:24.300   919  1028 I OMXMaster: makeComponentInstance(OMX.google.amrwb.decoder) in android.hardwar process
08-12 23:41:24.303  1278  1278 E LocationManagerService: no geocoder provider found
08-12 23:41:24.304  1278  1278 D LocationManagerService: Unable to bind FLP Geofence proxy.
08-12 23:41:24.304  1278  1278 D LocationManagerService: Hardware Activity-Recognition not supported.
08-12 23:41:24.304  1278  1278 D LocationManagerService: Unable to bind ActivityRecognitionProxy.
08-12 23:41:24.304   608   608 D Zygote  : Forked child process 1551
08-12 23:41:24.305   911  1431 I OMXClient: IOmx service obtained
08-12 23:41:24.306   919   919 I OMXMaster: makeComponentInstance(OMX.google.flac.decoder) in android.hardwar process
08-12 23:41:24.306  1278  1312 W ActivityManager: Slow operation: 67ms so far, now at startProcess: returned from zygote!
08-12 23:41:24.306  1278  1312 W ActivityManager: Slow operation: 67ms so far, now at startProcess: done updating battery stats
08-12 23:41:24.306  1278  1312 I am_proc_start: [0,1551,1037,WebViewLoader-armeabi-v7a,NULL,]
08-12 23:41:24.308  1492  1492 E BluetoothVendorHfJni: register_com_android_bluetooth_hfp_vendorhfservice:
08-12 23:41:24.309  1492  1492 E BluetoothVendorJni: register_com_android_bluetooth_btservice_vendor:
08-12 23:41:24.309  1492  1492 E BluetoothVendorSocketJni: register_com_android_bluetooth_btservice_vendor_socket:
08-12 23:41:24.312   911  1431 I OMXClient: IOmx service obtained
08-12 23:41:24.312   919  1028 I OMXMaster: makeComponentInstance(OMX.qti.audio.decoder.flac) in android.hardwar process
08-12 23:41:24.314  1278  1312 W ActivityManager: Slow operation: 75ms so far, now at startProcess: building log message
08-12 23:41:24.314  1278  1312 I ActivityManager: Start proc 1551:WebViewLoader-armeabi-v7a/1037 [android.webkit.WebViewLibraryLoader$RelroFileCreator] for null
08-12 23:41:24.314  1278  1312 W ActivityManager: Slow operation: 75ms so far, now at startProcess: starting to update pids map
08-12 23:41:24.315  1278  1312 W ActivityManager: Slow operation: 75ms so far, now at startProcess: done updating pids map
08-12 23:41:24.315  1278  1312 W ActivityManager: Slow operation: 76ms so far, now at startProcess: asking zygote to start proc
08-12 23:41:24.317  1492  1492 I BluetoothBATServiceJni: classInitNative: Enter 
08-12 23:41:24.317  1492  1492 I BluetoothBATServiceJni: classInitNative: succeeds
08-12 23:41:24.321  1278  1278 D SystemServerTiming: MakeLocationServiceReady took to complete: 31ms
08-12 23:41:24.321  1278  1278 I SystemServer: MakeCountryDetectionServiceReady
08-12 23:41:24.321  1278  1301 W LocationProviderProxy: Odd, no component found for service com.android.location.service.v3.NetworkLocationProvider
08-12 23:41:24.321  1278  1278 D SystemServerTiming: MakeCountryDetectionServiceReady took to complete: 0ms
08-12 23:41:24.321  1278  1278 I SystemServer: MakeNetworkTimeUpdateReady
08-12 23:41:24.321  1278  1310 D CountryDetector: Using custom country detector class: com.android.server.location.ComprehensiveCountryDetector
08-12 23:41:24.323   911  1431 I OMXClient: IOmx service obtained
08-12 23:41:24.324  1278  1278 D ConnectivityService: requestNetwork for uid/pid:1000/1278 NetworkRequest [ TRACK_DEFAULT id=9, [ Capabilities: INTERNET&NOT_RESTRICTED&TRUSTED Uid: 1000] ]
08-12 23:41:24.324   919   919 I OMXMaster: makeComponentInstance(OMX.google.g711.alaw.decoder) in android.hardwar process
08-12 23:41:24.324  1492  1492 D AdapterServiceConfig:  addAudioProfiles profileA2dpService
08-12 23:41:24.324  1492  1492 I AdapterServiceConfig: addAudioProfiles isA2dpConcurrency:false
08-12 23:41:24.324  1492  1492 I AdapterServiceConfig: addAudioProfiles isA2dpSink :false
08-12 23:41:24.325  1278  1278 D SystemServerTiming: MakeNetworkTimeUpdateReady took to complete: 4ms
08-12 23:41:24.325  1278  1278 I SystemServer: MakeInputManagerServiceReady
