08-12 23:41:21.981   645   764 D ACDB-LOADER: ACDB -> ACDB_CMD_GET_ANC_SETTING
08-12 23:41:21.981   645   764 D         : Failed to fetch the lookup information of the device 0000001F 
08-12 23:41:21.981   645   764 E ACDB-LOADER: Error: ACDB ANC returned = -19
08-12 23:41:21.981   645   764 D ACDB-LOADER: ACDB -> ACDB_CMD_GET_ANC_SETTING
08-12 23:41:21.981   645   764 D         : Failed to fetch the lookup information of the device 0000001F 
08-12 23:41:21.981   645   764 E ACDB-LOADER: Error: ACDB ANC returned = -19
08-12 23:41:21.981   645   764 D ACDB-LOADER: ACDB -> ACDB_CMD_GET_ANC_SETTING
08-12 23:41:21.981   645   764 D         : Failed to fetch the lookup information of the device 00000067 
08-12 23:41:21.981   645   764 E ACDB-LOADER: Error: ACDB ANC returned = -19
08-12 23:41:21.981   645   764 D ACDB-LOADER: ACDB -> ACDB_CMD_GET_ANC_SETTING
08-12 23:41:21.981   645   764 D         : Failed to fetch the lookup information of the device 00000067 
08-12 23:41:21.981   645   764 E ACDB-LOADER: Error: ACDB ANC returned = -19
08-12 23:41:21.981   645   764 D ACDB-LOADER: ACDB -> ACDB_CMD_GET_ANC_SETTING
08-12 23:41:21.981   645   764 D         : Failed to fetch the lookup information of the device 00000067 
08-12 23:41:21.981   645   764 E ACDB-LOADER: Error: ACDB ANC returned = -19
08-12 23:41:21.981   645   764 D ACDB-LOADER: ACDB -> ACDB_CMD_GET_ANC_SETTING
08-12 23:41:21.981   645   764 D         : Failed to fetch the lookup information of the device 00000056 
08-12 23:41:21.981   645   764 E ACDB-LOADER: Error: ACDB ANC returned = -19
08-12 23:41:21.982   645   764 D ACDB-LOADER: ACDB -> ACDB_CMD_GET_ANC_SETTING
08-12 23:41:21.982   645   764 D         : Failed to fetch the lookup information of the device 00000056 
08-12 23:41:21.982   645   764 E ACDB-LOADER: Error: ACDB ANC returned = -19
08-12 23:41:21.982   645   764 D ACDB-LOADER: ACDB -> ACDB_CMD_GET_ANC_SETTING
08-12 23:41:21.982   645   764 D         : Failed to fetch the lookup information of the device 00000056 
08-12 23:41:21.982   645   764 E ACDB-LOADER: Error: ACDB ANC returned = -19
08-12 23:41:21.982   645   764 D ACDB-LOADER: ACDB -> ACDB_CMD_GET_ANC_SETTING
08-12 23:41:21.982   645   764 D         : Failed to fetch the lookup information of the device 00000059 
08-12 23:41:21.982   645   764 E ACDB-LOADER: Error: ACDB ANC returned = -19
08-12 23:41:21.982   645   764 D ACDB-LOADER: ACDB -> ACDB_CMD_GET_ANC_SETTING
08-12 23:41:21.982   645   764 D         : Failed to fetch the lookup information of the device 00000059 
08-12 23:41:21.982   645   764 E ACDB-LOADER: Error: ACDB ANC returned = -19
08-12 23:41:21.982   645   764 D ACDB-LOADER: ACDB -> ACDB_CMD_GET_ANC_SETTING
08-12 23:41:21.982   645   764 D         : Failed to fetch the lookup information of the device 00000059 
08-12 23:41:21.982   645   764 E ACDB-LOADER: Error: ACDB ANC returned = -19
08-12 23:41:21.982   645   764 E msm8974_platform: send_codec_cal: anc_cal Failed to call ioctl, err=14
08-12 23:41:21.982   645   764 D ACDB-LOADER: send mbhc data
08-12 23:41:21.982   645   764 D ACDB-LOADER: ACDB -> MBHC ACDB_PID_GENERAL_CONFIG
08-12 23:41:21.982   645   764 D ACDB-LOADER: ACDB -> MBHC ACDB_PID_PLUG_REMOVAL_DETECTION
08-12 23:41:21.982   645   764 D ACDB-LOADER: ACDB -> MBHC ACDB_PID_PLUG_TYPE_DETECTION
08-12 23:41:21.982   645   764 D ACDB-LOADER: ACDB -> MBHC ACDB_PID_BUTTON_PRESS_DETECTION
08-12 23:41:21.982   645   764 D ACDB-LOADER: ACDB -> MBHC ACDB_PID_IMPEDANCE_DETECTION
08-12 23:41:21.982   645   764 D msm8974_platform: send_codec_cal: mbhc_cal cal sent successfully
08-12 23:41:21.982   645   764 D ACDB-LOADER: send vbat data
08-12 23:41:21.982   645   764 D ACDB-LOADER: ACDB -> VBAT ACDB_PID_ADC_CAL
08-12 23:41:21.982   645   764 D ACDB-LOADER: ACDB -> VBAT ACDB_PID_GAIN_PROC
08-12 23:41:21.982   645   764 D ACDB-LOADER: send vbat data, calling convert_vbat_data
08-12 23:41:21.982   645   764 D ACDB-LOADER: copied vbat cal size =72
08-12 23:41:21.982   645   764 E msm8974_platform: send_codec_cal: vbat_cal Failed to call ioctl, err=14
08-12 23:41:21.982   645   764 D audio_log_utils: read_module
08-12 23:41:21.982   645   764 D audio_log_utils: read_module: calling parse module xml file
08-12 23:41:21.982   645   764 D audio_log_utils: parse_module_xml_file: parse hal log mask
08-12 23:41:21.982   645   764 D log_xml_parser: parse_log_xml: Failed to open file /data/vendor/audio/audio_dynamic_log.xml
08-12 23:41:21.982   645   764 E audio_log_utils: parse_module_xml_file: could not parse hal logmask
08-12 23:41:21.982   645   764 D audio_log_utils: parse_module_xml_file: exit
08-12 23:41:21.982   645  1338 D audio_log_utils: monitor_mod_file_change
08-12 23:41:21.983   645   764 W msm8974_platform: init_be_dai_name_table: sound device  has no hw interface set
08-12 23:41:21.983   645   764 W msm8974_platform: init_be_dai_name_table: sound device headphones-hifi-filter has no hw interface set
08-12 23:41:21.983   645   764 D msm8974_platform: init_be_dai_name_table: sound device speaker-and-headphones does not have a valid hw interface set (disregard for combo devices) INT4_MI2S_RX-and-INT0_MI2S_RX
08-12 23:41:21.983   645   764 W msm8974_platform: init_be_dai_name_table: sound device speaker-and-headphones-hifi-filter has no hw interface set
08-12 23:41:21.983   645   764 D msm8974_platform: init_be_dai_name_table: sound device speaker-safe-and-headphones does not have a valid hw interface set (disregard for combo devices) SLIMBUS_0_RX-and-SLIMBUS_6_RX
08-12 23:41:21.983   645   764 D msm8974_platform: init_be_dai_name_table: sound device speaker-and-line does not have a valid hw interface set (disregard for combo devices) INT4_MI2S_RX-and-INT0_MI2S_RX
08-12 23:41:21.983   645   764 D msm8974_platform: init_be_dai_name_table: sound device speaker-safe-and-line does not have a valid hw interface set (disregard for combo devices) SLIMBUS_0_RX-and-SLIMBUS_6_RX
08-12 23:41:21.983   645   764 D msm8974_platform: init_be_dai_name_table: sound device speaker-and-headphones-ext-1 does not have a valid hw interface set (disregard for combo devices) INT4_MI2S_RX-and-INT0_MI2S_RX
08-12 23:41:21.983   645   764 D msm8974_platform: init_be_dai_name_table: sound device speaker-and-headphones-ext-2 does not have a valid hw interface set (disregard for combo devices) INT4_MI2S_RX-and-INT0_MI2S_RX
08-12 23:41:21.983   645   764 D msm8974_platform: init_be_dai_name_table: sound device speaker-and-hdmi does not have a valid hw interface set (disregard for combo devices) INT4_MI2S_RX-and-HDMI
08-12 23:41:21.983   645   764 D msm8974_platform: init_be_dai_name_table: sound device speaker-and-display-port does not have a valid hw interface set (disregard for combo devices) INT4_MI2S_RX-and-DISPLAY_PORT
08-12 23:41:21.983   645   764 D msm8974_platform: init_be_dai_name_table: sound device speaker-and-bt-a2dp does not have a valid hw interface set (disregard for combo devices) INT4_MI2S_RX-and-SLIMBUS_7_RX
08-12 23:41:21.983   645   764 D msm8974_platform: init_be_dai_name_table: sound device speaker-safe-and-bt-a2dp does not have a valid hw interface set (disregard for combo devices) SLIMBUS_0_RX-and-SLIMBUS_7_RX
08-12 23:41:21.983   645   764 D msm8974_platform: init_be_dai_name_table: sound device speaker-and-bt-sco does not have a valid hw interface set (disregard for combo devices) SLIMBUS_0_RX-and-SLIMBUS_7_RX
08-12 23:41:21.983   645   764 D msm8974_platform: init_be_dai_name_table: sound device speaker-safe-and-bt-sco does not have a valid hw interface set (disregard for combo devices) QUAT_TDM_RX_0-and-SLIMBUS_7_RX
08-12 23:41:21.983   645   764 D msm8974_platform: init_be_dai_name_table: sound device speaker-and-bt-sco-wb does not have a valid hw interface set (disregard for combo devices) SLIMBUS_0_RX-and-SLIMBUS_7_RX
08-12 23:41:21.983   645   764 D msm8974_platform: init_be_dai_name_table: sound device speaker-safe-and-bt-sco-wb does not have a valid hw interface set (disregard for combo devices) QUAT_TDM_RX_0-and-SLIMBUS_7_RX
08-12 23:41:21.983   645   764 D msm8974_platform: init_be_dai_name_table: sound device speaker-and-bt-sco-swb does not have a valid hw interface set (disregard for combo devices) SLIMBUS_0_RX-and-SEC_AUX_PCM_RX
08-12 23:41:21.983   645   764 D msm8974_platform: init_be_dai_name_table: sound device speaker-safe-and-bt-sco-swb does not have a valid hw interface set (disregard for combo devices) QUAT_TDM_RX_0-and-SLIMBUS_7_RX
08-12 23:41:21.983   645   764 W msm8974_platform: init_be_dai_name_table: sound device wsa-speaker-and-bt-sco has no hw interface set
08-12 23:41:21.983   645   764 W msm8974_platform: init_be_dai_name_table: sound device wsa-speaker-and-bt-sco-wb has no hw interface set
08-12 23:41:21.983   645   764 W msm8974_platform: init_be_dai_name_table: sound device wsa-speaker-and-bt-sco-wb has no hw interface set
08-12 23:41:21.983   645   764 D msm8974_platform: init_be_dai_name_table: sound device speaker-and-usb-headphones does not have a valid hw interface set (disregard for combo devices) SLIMBUS_0_RX-and-USB_AUDIO_RX
08-12 23:41:21.983   645   764 D msm8974_platform: init_be_dai_name_table: sound device speaker-safe-and-usb-headphones does not have a valid hw interface set (disregard for combo devices) SLIMBUS_0_RX-and-USB_AUDIO_RX
08-12 23:41:21.983   645   764 D msm8974_platform: init_be_dai_name_table: sound device speaker-and-anc-headphones does not have a valid hw interface set (disregard for combo devices) INT4_MI2S_RX-and-INT0_MI2S_RX
08-12 23:41:21.983   645   764 D msm8974_platform: init_be_dai_name_table: sound device speaker-and-anc-fb-headphones does not have a valid hw interface set (disregard for combo devices) SLIMBUS_0_RX-and-SLIMBUS_6_RX
08-12 23:41:21.984   645   764 W msm8974_platform: init_be_dai_name_table: sound device speaker-protected has no hw interface set
08-12 23:41:21.984   645   764 W msm8974_platform: init_be_dai_name_table: sound device speaker-protected-vbat has no hw interface set
08-12 23:41:21.984   645   764 D msm8974_platform: init_be_dai_name_table: sound device voice-speaker-and-voice-headphones does not have a valid hw interface set (disregard for combo devices) SLIMBUS_0_RX-and-SLIMBUS_6_RX
08-12 23:41:21.984   645   764 D msm8974_platform: init_be_dai_name_table: sound device voice-speaker-and-voice-anc-headphones does not have a valid hw interface set (disregard for combo devices) SLIMBUS_0_RX-and-SLIMBUS_6_RX
08-12 23:41:21.984   645   764 D msm8974_platform: init_be_dai_name_table: sound device voice-speaker-and-voice-anc-fb-headphones does not have a valid hw interface set (disregard for combo devices) SLIMBUS_0_RX-and-SLIMBUS_6_RX
08-12 23:41:21.984   645   764 D msm8974_platform: init_be_dai_name_table: sound device voice-speaker-stereo-and-voice-headphones does not have a valid hw interface set (disregard for combo devices) SLIMBUS_0_RX-and-SLIMBUS_6_RX
08-12 23:41:21.984   645   764 D msm8974_platform: init_be_dai_name_table: sound device voice-speaker-stereo-and-voice-anc-headphones does not have a valid hw interface set (disregard for combo devices) SLIMBUS_0_RX-and-SLIMBUS_6_RX
08-12 23:41:21.984   645   764 D msm8974_platform: init_be_dai_name_table: sound device voice-speaker-stereo-and-voice-anc-fb-headphones does not have a valid hw interface set (disregard for combo devices) SLIMBUS_0_RX-and-SLIMBUS_6_RX
08-12 23:41:21.984   645   764 D msm8974_platform: init_be_dai_name_table: sound device hearing-aid does not have a valid hw interface set (disregard for combo devices) BT_RX
08-12 23:41:21.984   645   764 W msm8974_platform: init_be_dai_name_table: sound device usb-headset-mic has no hw interface set
08-12 23:41:21.984   645   764 I chatty  : uid=1041(audioserver) HwBinder:645_2 identical 109 lines
08-12 23:41:22.008   645  1339 I chatty  : uid=1041(audioserver) audio@2.0-servi expire 6 lines
08-12 23:41:22.026   669   669 E OEMLIGHT: [=============getSupportedTypes =============]
08-12 23:41:22.032   655   737 I SDM     : HWCDisplay::GetColorModeCount: Supported color mode count = 1
08-12 23:41:22.032   655   737 I SDM     : HWCDisplay::GetColorModes: Supports color mode[0] = 0
08-12 23:41:22.059  1278  1304 I chatty  : uid=1000(system) android.display expire 3 lines
08-12 23:41:22.061   645   645 I chatty  : uid=1041(audioserver) audio@2.0-servi expire 1 line
08-12 23:41:22.061   645   645 I chatty  : uid=1041(audioserver) audio@2.0-servi expire 90 lines
08-12 23:41:22.061   704   704 D SurfaceFlinger: Setting power mode 2 on display 0
08-12 23:41:22.064  1278  1278 I sysui_multi_action: [757,804,799,boot_package_manager_init_start,801,13051,802,1]
08-12 23:41:22.068   701   701 I chatty  : uid=1041(audioserver) /system/bin/audioserver expire 42 lines
08-12 23:41:22.069   914   989 I ServiceManager: Waiting for service 'package_native' on '/dev/binder'...
08-12 23:41:22.083  1278  1278 I boot_progress_pms_start: 13071
08-12 23:41:22.101   701  1347 I chatty  : uid=1041(audioserver) AudioOut_D expire 3 lines
08-12 23:41:22.139   701  1348 I chatty  : uid=1041(audioserver) AudioOut_1D expire 3 lines
08-12 23:41:22.169   914   989 I ServiceManager: Waiting for service 'package_native' on '/dev/binder'...
08-12 23:41:22.175  1337  1337 D BootAnimation: BootAnimationStartTiming start time: 13163ms
08-12 23:41:22.176  1337  1337 D BootAnimation: BootAnimationPreloadTiming start time: 13163ms
08-12 23:41:22.176  1337  1337 D BootAnimation: Animation customzation path: 
08-12 23:41:22.176  1337  1337 D BootAnimation: BootAnimationPreloadStopTiming start time: 13164ms
08-12 23:41:22.182  1337  1351 D libEGL  : loaded /vendor/lib64/egl/libEGL_adreno.so
08-12 23:41:22.187  1337  1351 D libEGL  : loaded /vendor/lib64/egl/libGLESv1_CM_adreno.so
08-12 23:41:22.190  1337  1351 D libEGL  : loaded /vendor/lib64/egl/libGLESv2_adreno.so
08-12 23:41:22.192   701  1352 I chatty  : uid=1041(audioserver) /system/bin/audioserver expire 3 lines
08-12 23:41:22.195   701  1354 I chatty  : uid=1041(audioserver) /system/bin/audioserver expire 3 lines
08-12 23:41:22.197   701  1356 I chatty  : uid=1041(audioserver) /system/bin/audioserver expire 3 lines
08-12 23:41:22.200   701  1358 I chatty  : uid=1041(audioserver) /system/bin/audioserver expire 3 lines
08-12 23:41:22.206  1337  1351 I AdrenoGLES: QUALCOMM build                   : fefc463, I67da44d20d
08-12 23:41:22.206  1337  1351 I AdrenoGLES: Build Date                       : 11/23/20
08-12 23:41:22.206  1337  1351 I AdrenoGLES: OpenGL ES Shader Compiler Version: EV031.27.05.10
08-12 23:41:22.206  1337  1351 I AdrenoGLES: Local Branch                     : mybrancheb2d85f4-9bbf-f15d-8afb-5cb90179c3d8
08-12 23:41:22.206  1337  1351 I AdrenoGLES: Remote Branch                    : quic/gfx-adreno.lnx.1.0.r104-rel
08-12 23:41:22.206  1337  1351 I AdrenoGLES: Remote Branch                    : NONE
08-12 23:41:22.206  1337  1351 I AdrenoGLES: Reconstruct Branch               : NOTHING
08-12 23:41:22.206  1337  1351 I AdrenoGLES: Build Config                     : S L 8.0.12 AArch64
08-12 23:41:22.212  1337  1351 I AdrenoGLES: PFP: 0x005ff113, ME: 0x005ff066
08-12 23:41:22.216   655   737 I SDM     : HWCDisplay::GetHdrCapabilities: HDR is not supported
08-12 23:41:22.217   701  1360 I chatty  : uid=1041(audioserver) /system/bin/audioserver expire 3 lines
08-12 23:41:22.217   655   737 I SDM     : HWCDisplay::GetHdrCapabilities: HDR is not supported
08-12 23:41:22.221  1337  1351 D BootAnimation: BootAnimationShownTiming start time: 13209ms
08-12 23:41:22.232   868   922 I CamPrvdr@2.4-external: threadLoop start monitoring new V4L2 devices
08-12 23:41:22.239   477   477 I hwservicemanager: getTransport: Cannot find entry android.hardware.graphics.mapper@3.0::IMapper/default in either framework or device manifest.
08-12 23:41:22.239  1337  1351 W Gralloc3: mapper 3.x is not supported
08-12 23:41:22.259   704   704 I SurfaceFlinger: Enter boot animation
08-12 23:41:22.265   655   737 D qdutils : DEBUG_CALC_FPS: 0
08-12 23:41:22.265   655   737 D qdutils : period: 10
08-12 23:41:22.266   655   737 D qdutils : ignorethresh_us: 500000
08-12 23:41:22.269   914   989 I ServiceManager: Waiting for service 'package_native' on '/dev/binder'...
08-12 23:41:22.276  1278  1278 I boot_progress_pms_system_scan_start: 13264
08-12 23:41:22.370   914   989 I ServiceManager: Waiting for service 'package_native' on '/dev/binder'...
08-12 23:41:22.408  1278  1278 I boot_progress_pms_data_scan_start: 13395
08-12 23:41:22.451  1278  1278 I boot_progress_pms_scan_end: 13439
08-12 23:41:22.470   914   989 I ServiceManager: Waiting for service 'package_native' on '/dev/binder'...
08-12 23:41:22.471   902   976 I SELinux : SELinux: Loaded file_contexts
08-12 23:41:22.550  1278  1400 I chatty  : uid=1000 system_server expire 2 lines
08-12 23:41:22.570   914   989 I ServiceManager: Waiting for service 'package_native' on '/dev/binder'...
08-12 23:41:22.610  1278  1278 I commit_sys_config_file: [package-user-0,3]
08-12 23:41:22.610  1278  1278 I commit_sys_config_file: [package,61]
08-12 23:41:22.610  1278  1278 I boot_progress_pms_ready: 13598
08-12 23:41:22.651   902   902 W installd: Ignoring /data/data/v2cUIZAEFGLqbF9zDZVJxxtPeTK/qpFSHENlRthAps2mdhJ+uA with unexpected GID 0 instead of 10115
08-12 23:41:22.668  1278  1278 I sysui_multi_action: [757,804,799,boot_package_manager_init_ready,801,13656,802,1]
08-12 23:41:22.671  1278  1278 I am_uid_running: 1000
08-12 23:41:22.672   703   703 I lowmemorykiller: lmkd data connection established
08-12 23:41:22.672  1278  1278 I am_uid_active: 1000
08-12 23:41:22.674   914   989 I storaged: storaged: Start
08-12 23:41:22.684   885   885 V CameraService: UidPolicy: Registered with ActivityManager
08-12 23:41:22.685   885   885 I         : Waiting for sensor privacy service
08-12 23:41:22.693   902   902 W installd: Ignoring /data/data/_atpcJDzakzeifE+d6V5QsbTLRt09FTFA/,BvbBvW,iKDcF1Fbzpb1vC with unexpected GID 0 instead of 10090
08-12 23:41:22.694   902   902 W installd: Ignoring /data/data/BuD5U9mZg6ooTITB26YyHJQSdnO/UYyQMheO7xKgco1K3JaqqD with unexpected GID 0 instead of 10118
08-12 23:41:22.705   902   902 W installd: Ignoring /data/data/IBD1a1m5zJuGEnvUCADTs2FDh4C/8A,5Eh+DZGgksW59mM,4VB with unexpected GID 0 instead of 10111
08-12 23:41:22.707   902   902 W installd: Ignoring /data/data/_8yCNkP1Mufs3KtELFPBPh8BBdKm36yn0/xL90SVXxn647hoVFjSIvEA with unexpected GID 0 instead of 10088
08-12 23:41:22.715   902   902 W installd: Ignoring /data/data/VVQrR2bCjWVYiMnzqC782rD0zk0PWkgp/hHnQUkwWfpfn4sFBVI3iXA with unexpected GID 0 instead of 10119
08-12 23:41:22.820  1278  1310 I commit_sys_config_file: [package-perms-0,8]
08-12 23:41:22.836  1278  1405 I chatty  : uid=1000 system_server expire 3 lines
08-12 23:41:22.836  1278  1405 I chatty  : uid=1000 system_server expire 1 line
08-12 23:41:22.837   885   885 V CameraService: SensorPrivacyPolicy: Registered with SensorPrivacyManager
08-12 23:41:22.839  1278  1303 I commit_sys_config_file: [overlays,6]
08-12 23:41:22.839   885   885 I ServiceManagement: Registered android.frameworks.cameraservice.service@2.0::ICameraService/default (start delay of 3757ms)
08-12 23:41:22.839   885   885 I CameraService: CameraService pinged cameraservice proxy
08-12 23:41:22.840   477   477 I hwservicemanager: getTransport: Cannot find entry android.hardware.sensors@2.0::ISensors/default in either framework or device manifest.
08-12 23:41:22.840   885   885 I cameraserver: ServiceManager: 0xea2d62a0 done instantiate
08-12 23:41:22.841   660   660 W qti_sensors_hal: sensors_get_sensors_list: handle 11 is not registered!
08-12 23:41:22.841   660   660 W qti_sensors_hal: sensors_get_sensors_list: handle 12 is not registered!
08-12 23:41:22.841   660   660 W qti_sensors_hal: sensors_get_sensors_list: handle 59 is not registered!
08-12 23:41:22.841   660   660 W qti_sensors_hal: sensors_get_sensors_list: handle 60 is not registered!
08-12 23:41:22.841   660   660 W qti_sensors_hal: sensors_get_sensors_list: handle 3 is not registered!
08-12 23:41:22.841   660   660 W qti_sensors_hal: sensors_get_sensors_list: handle 9 is not registered!
08-12 23:41:22.841   660   660 W qti_sensors_hal: sensors_get_sensors_list: handle 21 is not registered!
08-12 23:41:22.841   660   660 W qti_sensors_hal: sensors_get_sensors_list: handle 56 is not registered!
08-12 23:41:22.841   660   660 W qti_sensors_hal: sensors_get_sensors_list: handle 2 is not registered!
08-12 23:41:22.841   660   660 W qti_sensors_hal: sensors_get_sensors_list: handle 4 is not registered!
08-12 23:41:22.841   660   660 W qti_sensors_hal: sensors_get_sensors_list: handle 10 is not registered!
08-12 23:41:22.841   660   660 W qti_sensors_hal: sensors_get_sensors_list: handle 16 is not registered!
08-12 23:41:22.841   660   660 W qti_sensors_hal: sensors_get_sensors_list: handle 32 is not registered!
08-12 23:41:22.841   660   660 W qti_sensors_hal: sensors_get_sensors_list: handle 33 is not registered!
08-12 23:41:22.841   660   660 W qti_sensors_hal: sensors_get_sensors_list: handle 84 is not registered!
08-12 23:41:22.841   660   660 W qti_sensors_hal: sensors_get_sensors_list: handle 85 is not registered!
08-12 23:41:22.841   660   660 W qti_sensors_hal: sensors_get_sensors_list: handle 25 is not registered!
08-12 23:41:22.841   660   660 W qti_sensors_hal: sensors_get_sensors_list: handle 30 is not registered!
08-12 23:41:22.841   660   660 W qti_sensors_hal: sensors_get_sensors_list: handle 35 is not registered!
08-12 23:41:22.841   660   660 W qti_sensors_hal: sensors_get_sensors_list: handle 83 is not registered!
08-12 23:41:22.841   660   660 W qti_sensors_hal: sensors_get_sensors_list: handle 24 is not registered!
08-12 23:41:22.841   660   660 W qti_sensors_hal: sensors_get_sensors_list: handle 26 is not registered!
08-12 23:41:22.841   660   660 W qti_sensors_hal: sensors_get_sensors_list: handle 31 is not registered!
08-12 23:41:22.841   660   660 W qti_sensors_hal: sensors_get_sensors_list: handle 34 is not registered!
08-12 23:41:22.841   660   660 W qti_sensors_hal: sensors_get_sensors_list: handle 37 is not registered!
08-12 23:41:22.841   660   660 W qti_sensors_hal: sensors_get_sensors_list: handle 38 is not registered!
08-12 23:41:22.841   660   660 W qti_sensors_hal: sensors_get_sensors_list: handle 44 is not registered!
08-12 23:41:22.841   660   660 W qti_sensors_hal: sensors_get_sensors_list: handle 58 is not registered!
08-12 23:41:22.841   660   660 W qti_sensors_hal: sensors_get_sensors_list: handle 61 is not registered!
08-12 23:41:22.841   660   660 W qti_sensors_hal: sensors_get_sensors_list: handle 57 is not registered!
08-12 23:41:22.841   660   660 W qti_sensors_hal: sensors_get_sensors_list: handle 64 is not registered!
08-12 23:41:22.841   660   660 W qti_sensors_hal: sensors_get_sensors_list: handle 65 is not registered!
08-12 23:41:22.841   660   660 W qti_sensors_hal: sensors_get_sensors_list: handle 67 is not registered!
08-12 23:41:22.841   660   660 W qti_sensors_hal: sensors_get_sensors_list: handle 71 is not registered!
08-12 23:41:22.841   660   660 W qti_sensors_hal: sensors_get_sensors_list: handle 76 is not registered!
08-12 23:41:22.841   660   660 W qti_sensors_hal: sensors_get_sensors_list: handle 77 is not registered!
08-12 23:41:22.841   660   660 W qti_sensors_hal: sensors_get_sensors_list: handle 78 is not registered!
08-12 23:41:22.841   660   660 W qti_sensors_hal: sensors_get_sensors_list: handle 79 is not registered!
08-12 23:41:22.842   660   660 W qti_sensors_hal: sensors_get_sensors_list: handle 80 is not registered!
08-12 23:41:22.842   660   660 W qti_sensors_hal: sensors_get_sensors_list: handle 75 is not registered!
08-12 23:41:22.842   660   660 W qti_sensors_hal: sensors_get_sensors_list: handle 86 is not registered!
08-12 23:41:22.842   660   660 W qti_sensors_hal: sensors_get_sensors_list: handle 87 is not registered!
08-12 23:41:22.842   660   660 W qti_sensors_hal: sensors_get_sensors_list: handle 5 is not registered!
08-12 23:41:22.842   660   660 W qti_sensors_hal: sensors_get_sensors_list: handle 6 is not registered!
08-12 23:41:22.842   660   660 W qti_sensors_hal: sensors_get_sensors_list: handle 7 is not registered!
08-12 23:41:22.842   660   660 W qti_sensors_hal: sensors_get_sensors_list: handle 8 is not registered!
08-12 23:41:22.842   660   660 W qti_sensors_hal: sensors_get_sensors_list: handle 27 is not registered!
08-12 23:41:22.842   660   660 W qti_sensors_hal: sensors_get_sensors_list: handle 28 is not registered!
08-12 23:41:22.842   660   660 W qti_sensors_hal: sensors_get_sensors_list: handle 29 is not registered!
08-12 23:41:22.842   660   660 W qti_sensors_hal: sensors_get_sensors_list: handle 39 is not registered!
08-12 23:41:22.842   660   660 W qti_sensors_hal: sensors_get_sensors_list: handle 40 is not registered!
08-12 23:41:22.842   660   660 W qti_sensors_hal: sensors_get_sensors_list: handle 43 is not registered!
08-12 23:41:22.842   660   660 W qti_sensors_hal: sensors_get_sensors_list: handle 45 is not registered!
08-12 23:41:22.842   660   660 W qti_sensors_hal: sensors_get_sensors_list: handle 46 is not registered!
08-12 23:41:22.842   660   660 W qti_sensors_hal: sensors_get_sensors_list: handle 47 is not registered!
08-12 23:41:22.842   660   660 W qti_sensors_hal: sensors_get_sensors_list: handle 48 is not registered!
08-12 23:41:22.842   660   660 W qti_sensors_hal: sensors_get_sensors_list: handle 49 is not registered!
08-12 23:41:22.842   660   660 W qti_sensors_hal: sensors_get_sensors_list: handle 53 is not registered!
08-12 23:41:22.842   660   660 W qti_sensors_hal: sensors_get_sensors_list: handle 62 is not registered!
08-12 23:41:22.842   660   660 W qti_sensors_hal: sensors_get_sensors_list: handle 13 is not registered!
08-12 23:41:22.842   660   660 W qti_sensors_hal: sensors_get_sensors_list: handle 14 is not registered!
08-12 23:41:22.842   660   660 W qti_sensors_hal: sensors_get_sensors_list: handle 15 is not registered!
08-12 23:41:22.842   660   660 W qti_sensors_hal: sensors_get_sensors_list: handle 17 is not registered!
08-12 23:41:22.842   660   660 W qti_sensors_hal: sensors_get_sensors_list: handle 66 is not registered!
08-12 23:41:22.842   660   660 W qti_sensors_hal: sensors_get_sensors_list: handle 18 is not registered!
08-12 23:41:22.842   660   660 W qti_sensors_hal: sensors_get_sensors_list: handle 19 is not registered!
08-12 23:41:22.842   660   660 W qti_sensors_hal: sensors_get_sensors_list: handle 20 is not registered!
08-12 23:41:22.842   660   660 W qti_sensors_hal: sensors_get_sensors_list: handle 68 is not registered!
08-12 23:41:22.842   660   660 W qti_sensors_hal: sensors_get_sensors_list: handle 69 is not registered!
08-12 23:41:22.842   660   660 W qti_sensors_hal: sensors_get_sensors_list: handle 70 is not registered!
08-12 23:41:22.843   660   660 E         : IGNORED register_direct_channel(mem=0x0, handle=-1) call to non-API-compliant sensor
08-12 23:41:22.847  1278  1408 I chatty  : uid=1000(system) SensorService expire 1 line
08-12 23:41:22.847  1278  1309 I battery_status: [1,1,0,1,Li-ion]
08-12 23:41:22.848  1278  1407 I chatty  : uid=1000(system) SensorEventAckR expire 1 line
08-12 23:41:22.848   657   657 E qdlights: write_int failed to open /sys/class/leds/red/blink
08-12 23:41:22.854  1278  1410 I chatty  : uid=1000(system) HealthServiceRe expire 1 line
08-12 23:41:22.871   902   902 D installd: Found quota mount /dev/block/bootdevice/by-name/userdata at /data
08-12 23:41:22.876  1278  1415 I chatty  : uid=1000 system_server expire 2 lines
08-12 23:41:22.878  1278  1416 I chatty  : uid=1000 system_server expire 2 lines
08-12 23:41:22.895  1278  1416 I chatty  : uid=1000 system_server expire 1 line
08-12 23:41:22.929   608   608 I Zygote  : Lazily preloading resources.
08-12 23:41:22.929   608   608 D Zygote  : begin preload
08-12 23:41:22.929   608   608 I Zygote  : Calling ZygoteHooks.beginPreload()
08-12 23:41:22.938   477   477 I hwservicemanager: getTransport: Cannot find entry android.hardware.vibrator@1.0::IVibrator/default in either framework or device manifest.
08-12 23:41:22.939   477   477 I hwservicemanager: getTransport: Cannot find entry android.hardware.vibrator@1.0::IVibrator/default in either framework or device manifest.
08-12 23:41:22.939   477   477 I hwservicemanager: getTransport: Cannot find entry android.hardware.vibrator@1.0::IVibrator/default in either framework or device manifest.
08-12 23:41:22.940   477   477 I hwservicemanager: getTransport: Cannot find entry android.hardware.vibrator@1.3::IVibrator/default in either framework or device manifest.
08-12 23:41:22.941   608   608 D ZygoteInitTiming_lazy: BeginPreload took to complete: 11ms
08-12 23:41:22.941   608   608 I Zygote  : Preloading classes...
08-12 23:41:22.942   477   477 I hwservicemanager: getTransport: Cannot find entry android.hardware.ir@1.0::IConsumerIr/default in either framework or device manifest.
08-12 23:41:22.943   608   608 W Zygote  : Class not found for preloading: android.app.-$$Lambda$ActivityThread$ZXDWm3IBeFmLnFVblhB-IOZCr9o
08-12 23:41:22.979   608   608 W Zygote  : Class not found for preloading: android.bluetooth.BluetoothA2dp$2
08-12 23:41:22.982   608   608 I PackageBackwardCompatibility: Could not find android.content.pm.AndroidTestBaseUpdater, ignoring
08-12 23:41:23.082   608   608 E ActivityRecognitionHardware: activity_recognition HAL is deprecated. class_init is effectively a no-op
08-12 23:41:23.127   911  1054 D NuPlayerDriver: NuPlayerDriver(0xe7c40000) created, clientPid(1278)
08-12 23:41:23.127   608   608 I zygote  : Thread[1,tid=608,Native,Thread*=0xe7d5ce00,peer=0x12c40078,"main"] recursive attempt to load library "libmedia_jni.so"
08-12 23:41:23.127   608   608 D MtpDeviceJNI: register_android_mtp_MtpDevice
08-12 23:41:23.127   608   608 I zygote  : Thread[1,tid=608,Native,Thread*=0xe7d5ce00,peer=0x12c40078,"main"] recursive attempt to load library "libmedia_jni.so"
08-12 23:41:23.127   608   608 I zygote  : Thread[1,tid=608,Native,Thread*=0xe7d5ce00,peer=0x12c40078,"main"] recursive attempt to load library "libmedia_jni.so"
08-12 23:41:23.130   911  1054 I Codec2Client: Available Codec2 services: "software"
08-12 23:41:23.131   911  1054 I Codec2Client: Creating a Codec2 client to service "software"
08-12 23:41:23.131   911  1054 I Codec2Client: Client to Codec2 service "software" created
08-12 23:41:23.137   608   608 W Zygote  : Class not found for preloading: android.media.audiopolicy.AudioProductStrategies
08-12 23:41:23.137   608   608 W Zygote  : Class not found for preloading: android.media.audiopolicy.AudioVolumeGroups
08-12 23:41:23.139   907  1057 I MMParserExtractor: Created(0x2bf59d4370)
08-12 23:41:23.139   907  1057 E MM_OSAL : FileSource::FileSource
08-12 23:41:23.139   907  1057 E MM_OSAL : FileSource::FileSource m_bEveryThingOK 1
08-12 23:41:23.142   907   907 D MediaBufferGroup: creating MemoryDealer
08-12 23:41:23.146   911  1431 D NuPlayerDriver: NuPlayerDriver(0xe7c40500) created, clientPid(1278)
08-12 23:41:23.147   911  1431 I Codec2Client: Creating a Codec2 client to service "software"
08-12 23:41:23.148   911  1431 I Codec2Client: Client to Codec2 service "software" created
08-12 23:41:23.152   907   907 I MMParserExtractor: Created(0x2bf59cf830)
08-12 23:41:23.155   907  1434 D MediaBufferGroup: creating MemoryDealer
08-12 23:41:23.162   673   673 D hal-CashDrawer: construct CashDrawer hal
08-12 23:41:23.165   882   909 I ELOPartd: EloPart: new connection
08-12 23:41:23.166   882   909 D ELOPartd: ~~~~ ELOPart_event_set 56a5c66248 ~~~~
08-12 23:41:23.166   882   909 D ELOPartd: ~~~~ +ELOPart_event_add ~~~~
08-12 23:41:23.166   882   909 D ELOPartd: ~~~~ added at 0 ~~~~
08-12 23:41:23.166  1278  1441 I chatty  : uid=1000(system) DataReceiver expire 1 line
08-12 23:41:23.180  1278  1304 I chatty  : uid=1000(system) android.display expire 10 lines
08-12 23:41:23.191  1278  1303 I chatty  : uid=1000(system) android.io expire 3 lines
08-12 23:41:23.207  1278  1278 I wm_stack_created: 0
08-12 23:41:23.213   608   608 D TelephonyManager: No /proc/cmdline exception=java.io.FileNotFoundException: /proc/cmdline: open failed: EACCES (Permission denied)
08-12 23:41:23.213   608   608 D TelephonyManager: /proc/cmdline=
08-12 23:41:23.217   608   608 W Zygote  : Class not found for preloading: android.view.-$$Lambda$SurfaceView$Cs7TGTdA1lXf9qW8VOJAfEsMjdk
08-12 23:41:23.220   608   608 W Zygote  : Class not found for preloading: android.view.SurfaceView$3
08-12 23:41:23.220  1278  1443 I chatty  : uid=1000 system_server expire 3 lines
08-12 23:41:23.223   608   608 W Zygote  : Class not found for preloading: android.view.textclassifier.-$$Lambda$TextClassificationManager$JIaezIJbMig_-kVzN6oArzkTsJE
08-12 23:41:23.223  1278  1443 I chatty  : uid=1000 system_server expire 2 lines
08-12 23:41:23.224  1278  1445 I chatty  : uid=1000(system) InputReader expire 38 lines
08-12 23:41:23.225   477   477 I hwservicemanager: getTransport: Cannot find entry android.hardware.input.classifier@1.0::IInputClassifier/default in either framework or device manifest.
08-12 23:41:23.225  1278  1446 I chatty  : uid=1000 system_server expire 1 line
08-12 23:41:23.225  1278  1278 I chatty  : uid=1000 system_server expire 212 lines
08-12 23:41:23.225  1278  1303 I chatty  : uid=1000(system) android.io expire 1 line
08-12 23:41:23.229   608   608 W Zygote  : Class not found for preloading: com.android.internal.net.NetworkStatsFactory
08-12 23:41:23.229  1278  1400 I chatty  : uid=1000 system_server expire 3 lines
08-12 23:41:23.231  1278  1447 I chatty  : uid=1000(system) NetworkWatchlis expire 2 lines
08-12 23:41:23.232   608   608 W Zygote  : Class not found for preloading: com.android.internal.telephony.-$$Lambda$PhoneSubInfoController$8HFbCDJDN1mrLJG980qYH5MGqMk
08-12 23:41:23.232   608   608 W Zygote  : Class not found for preloading: com.android.internal.telephony.-$$Lambda$PhoneSubInfoController$U28a_EGx2cvmQhDfRRgonMt5Zrc
08-12 23:41:23.233   608   608 W Zygote  : Class not found for preloading: com.android.internal.telephony.-$$Lambda$SubscriptionInfoUpdater$-zZXM9oMRZ3vZz7dJOG19J00Bmw
08-12 23:41:23.233   608   608 W Zygote  : Class not found for preloading: com.android.internal.telephony.-$$Lambda$SubscriptionInfoUpdater$D5yF1HbS4cvCyoAj3FESkPtA_0g
08-12 23:41:23.233   608   608 W Zygote  : Class not found for preloading: com.android.internal.telephony.-$$Lambda$SubscriptionInfoUpdater$MMx9iQX0JVqqMPLTUZhdBubFSzU
08-12 23:41:23.234   608   608 W Zygote  : Class not found for preloading: com.android.internal.telephony.GsmCdmaPhone$3
08-12 23:41:23.234   608   608 W Zygote  : Class not found for preloading: com.android.internal.telephony.NewNitzStateMachine$1
08-12 23:41:23.235   608   608 W Zygote  : Class not found for preloading: com.android.internal.telephony.NewNitzStateMachine
08-12 23:41:23.235   608   608 W Zygote  : Class not found for preloading: com.android.internal.telephony.NewTimeServiceHelper$1
08-12 23:41:23.235   608   608 W Zygote  : Class not found for preloading: com.android.internal.telephony.NewTimeServiceHelper$Listener
08-12 23:41:23.235   608   608 W Zygote  : Class not found for preloading: com.android.internal.telephony.NewTimeServiceHelper
08-12 23:41:23.235   608   608 W Zygote  : Class not found for preloading: com.android.internal.telephony.PhoneConfigurationModels
08-12 23:41:23.236   608   608 W Zygote  : Class not found for preloading: com.android.internal.telephony.SubscriptionController$ScLocalLog
08-12 23:41:23.236   608   608 W Zygote  : Class not found for preloading: com.android.internal.telephony.UiccSmsController
08-12 23:41:23.236   608   608 W Zygote  : Class not found for preloading: com.android.internal.telephony.dataconnection.DcController$2
08-12 23:41:23.237   608   608 W Zygote  : Class not found for preloading: com.android.internal.telephony.imsphone.-$$Lambda$ImsPhoneCallTracker$QlPVd_3u4_verjHUDnkn6zaSe54
08-12 23:41:23.237   608   608 W Zygote  : Class not found for preloading: com.android.internal.telephony.imsphone.ImsPhone$3
08-12 23:41:23.252  1278  1445 I chatty  : uid=1000(system) InputReader expire 15 lines
08-12 23:41:23.261  1278  1278 I configuration_changed: 536894968
08-12 23:41:23.265  1278  1310 I chatty  : uid=1000(system) android.bg expire 3 lines
08-12 23:41:23.267   608   608 I Zygote  : ...preloaded 7579 classes in 326ms.
08-12 23:41:23.267   608   608 I zygote  : VMRuntime.preloadDexCaches starting
08-12 23:41:23.273  1278  1278 I sysui_multi_action: [757,1659,758,4,759,2,1660,0]
08-12 23:41:23.281  1278  1449 I chatty  : uid=1000(system) StorageManagerS expire 2 lines
08-12 23:41:23.283   902  1409 D installd: Found quota mount /dev/block/bootdevice/by-name/userdata at /data
08-12 23:41:23.284   902  1409 D installd: Found quota mount /dev/block/bootdevice/by-name/userdata at /data
08-12 23:41:23.287  1278  1450 I chatty  : uid=1000 system_server expire 4 lines
08-12 23:41:23.288  1278  1450 I configuration_changed: 512
08-12 23:41:23.292   608   608 I zygote  : VMRuntime.preloadDexCaches strings total=387080 before=10254 after=10254
08-12 23:41:23.292   608   608 I zygote  : VMRuntime.preloadDexCaches types total=36474 before=7394 after=7663
08-12 23:41:23.292   608   608 I zygote  : VMRuntime.preloadDexCaches fields total=163880 before=8034 after=8235
08-12 23:41:23.292   608   608 I zygote  : VMRuntime.preloadDexCaches methods total=286419 before=11208 after=11641
08-12 23:41:23.292   608   608 I zygote  : VMRuntime.preloadDexCaches finished
08-12 23:41:23.292   608   608 D ZygoteInitTiming_lazy: PreloadClasses took to complete: 351ms
08-12 23:41:23.297   608   608 I zygote  : The ClassLoaderContext is a special shared library.
08-12 23:41:23.299   608   608 D ApplicationLoaders: Created zygote-cached class loader: /system/framework/android.hidl.base-V1.0-java.jar
08-12 23:41:23.302   608   608 I zygote  : The ClassLoaderContext is a special shared library.
08-12 23:41:23.303   608   608 D ApplicationLoaders: Created zygote-cached class loader: /system/framework/android.hidl.manager-V1.0-java.jar
08-12 23:41:23.303   608   608 D ZygoteInitTiming_lazy: CacheNonBootClasspathClassLoaders took to complete: 11ms
08-12 23:41:23.304  1278  1451 I chatty  : uid=1000 system_server expire 3 lines
08-12 23:41:23.305   477   477 I hwservicemanager: getTransport: Cannot find entry android.hardware.oemlock@1.0::IOemLock/default in either framework or device manifest.
08-12 23:41:23.330   606   606 I netd    : registerUnsolicitedEventListener() <0.03ms>
08-12 23:41:23.389   608   608 I Zygote  : Preloading resources...
08-12 23:41:23.394   608   608 W Resources: Preloaded drawable resource #0x108027d (android:drawable/dialog_background_material) that varies with configuration!!
08-12 23:41:23.403   608   608 I Zygote  : ...preloaded 64 resources in 14ms.
08-12 23:41:23.405   608   608 I Zygote  : ...preloaded 41 resources in 2ms.
08-12 23:41:23.405   608   608 D ZygoteInitTiming_lazy: PreloadResources took to complete: 102ms
08-12 23:41:23.418   608   608 D libEGL  : loaded /vendor/lib/egl/libEGL_adreno.so
08-12 23:41:23.420  1278  1278 E TelephonyManager: IMSI error: Subscriber Info is null
08-12 23:41:23.486   608   608 D libEGL  : loaded /vendor/lib/egl/libGLESv1_CM_adreno.so
08-12 23:41:23.493   608   608 D libEGL  : loaded /vendor/lib/egl/libGLESv2_adreno.so
08-12 23:41:23.502  1278  1458 I chatty  : uid=1000(system) ClientModeImpl expire 93 lines
08-12 23:41:23.524   608   608 I Zygote  : Preloading shared libraries...
08-12 23:41:23.534   608   608 I Zygote  : Called ZygoteHooks.endPreload()
08-12 23:41:23.535   608   608 I Zygote  : Installed AndroidKeyStoreProvider in 0ms.
08-12 23:41:23.540   608   608 I Zygote  : Warmed up JCA providers in 5ms.
08-12 23:41:23.540   608   608 D Zygote  : end preload
08-12 23:41:23.540  1278  1415 I chatty  : uid=1000 system_server expire 2 lines
08-12 23:41:23.549  1278  1303 I commit_sys_config_file: [notification-policy,5]
08-12 23:41:23.551  1278  1468 I storage_state: [41217664-9172-527a-b3d5-edabb50a7d69,0,0,10111541248,14697467904]
08-12 23:41:23.554  1278  1303 I commit_sys_config_file: [notification-policy,5]
08-12 23:41:23.562   701   858 I chatty  : uid=1041(audioserver) Binder:701_2 expire 8 lines
08-12 23:41:23.562   701   857 I chatty  : uid=1041(audioserver) Binder:701_1 expire 8 lines
08-12 23:41:23.582  1278  1278 I stream_devices_changed: [0,0,2]
08-12 23:41:23.582  1278  1278 I stream_devices_changed: [2,0,2]
08-12 23:41:23.582  1278  1278 I stream_devices_changed: [3,0,2]
08-12 23:41:23.583  1278  1278 I stream_devices_changed: [4,0,2]
08-12 23:41:23.583  1278  1278 I stream_devices_changed: [6,0,2]
08-12 23:41:23.598  1278  1278 E WiredAccessoryManager: file /sys/devices/platform/soc/soc:lt9711-dp-dba-codec-rx/extcon/extcon2/name not found
08-12 23:41:23.599  1278  1278 V WiredAccessoryManager: checkDevIndex /sys/devices/platform/soc/soc:lt9711-dp-dba-codec-rx/extcon/extcon3/name
08-12 23:41:23.599  1278  1278 E WiredAccessoryManager: file /sys/devices/platform/soc/soc:lt9711-dp-dba-codec-rx/extcon/extcon3/name not found
08-12 23:41:23.599  1278  1278 V WiredAccessoryManager: checkDevIndex /sys/devices/platform/soc/soc:lt9711-dp-dba-codec-rx/extcon/extcon4/name
08-12 23:41:23.599  1278  1278 E WiredAccessoryManager: file /sys/devices/platform/soc/soc:lt9711-dp-dba-codec-rx/extcon/extcon4/name not found
08-12 23:41:23.599  1278  1278 V WiredAccessoryManager: checkDevIndex /sys/devices/platform/soc/soc:lt9711-dp-dba-codec-rx/extcon/extcon5/name
08-12 23:41:23.599  1278  1278 E WiredAccessoryManager: file /sys/devices/platform/soc/soc:lt9711-dp-dba-codec-rx/extcon/extcon5/name not found
08-12 23:41:23.599  1278  1278 V WiredAccessoryManager: checkDevIndex /sys/devices/platform/soc/soc:lt9711-dp-dba-codec-rx/extcon/extcon6/name
08-12 23:41:23.599  1278  1278 E WiredAccessoryManager: file /sys/devices/platform/soc/soc:lt9711-dp-dba-codec-rx/extcon/extcon6/name not found
08-12 23:41:23.599  1278  1278 V WiredAccessoryManager: checkDevIndex /sys/devices/platform/soc/soc:lt9711-dp-dba-codec-rx/extcon/extcon7/name
08-12 23:41:23.599  1278  1278 E WiredAccessoryManager: file /sys/devices/platform/soc/soc:lt9711-dp-dba-codec-rx/extcon/extcon7/name not found
08-12 23:41:23.599  1278  1278 W WiredAccessoryManager: Conn soc:lt9711-dp-dba-codec-rx/7/1 does not have DP audio support
08-12 23:41:23.599  1278  1278 D SystemServerTiming: StartWiredAccessoryManager took to complete: 4ms
08-12 23:41:23.599  1278  1278 I SystemServer: StartMidiManager
08-12 23:41:23.599  1278  1278 I SystemServiceManager: Starting com.android.server.midi.MidiService$Lifecycle
08-12 23:41:23.600  1278  1278 D SystemServerTiming: StartMidiManager took to complete: 1ms
08-12 23:41:23.600  1278  1278 I SystemServer: StartAdbService
08-12 23:41:23.600  1278  1278 I SystemServiceManager: Starting com.android.server.adb.AdbService$Lifecycle
08-12 23:41:23.601  1278  1278 D SystemServerTiming: StartAdbService took to complete: 1ms
08-12 23:41:23.601  1278  1278 I SystemServer: StartUsbService
08-12 23:41:23.601  1278  1278 I SystemServiceManager: Starting com.android.server.usb.UsbService$Lifecycle
08-12 23:41:23.602  1278  1278 E UsbDeviceManager: failed to write to /sys/class/android_usb/android0/f_rndis/ethaddr
08-12 23:41:23.602   477   477 I hwservicemanager: getTransport: Cannot find entry android.hardware.usb.gadget@1.0::IUsbGadget/default in either framework or device manifest.
08-12 23:41:23.603  1278  1278 I UsbDeviceManager: USB GADGET HAL not present in the device
08-12 23:41:23.603  1278  1278 I UsbDeviceManager: java.util.NoSuchElementException
08-12 23:41:23.603  1278  1278 I UsbDeviceManager: 	at android.os.HwBinder.getService(Native Method)
08-12 23:41:23.603  1278  1278 I UsbDeviceManager: 	at android.hardware.usb.gadget.V1_0.IUsbGadget.getService(IUsbGadget.java:55)
08-12 23:41:23.603  1278  1278 I UsbDeviceManager: 	at android.hardware.usb.gadget.V1_0.IUsbGadget.getService(IUsbGadget.java:62)
08-12 23:41:23.603  1278  1278 I UsbDeviceManager: 	at com.android.server.usb.UsbDeviceManager.<init>(UsbDeviceManager.java:265)
08-12 23:41:23.603  1278  1278 I UsbDeviceManager: 	at com.android.server.usb.UsbService.<init>(UsbService.java:150)
08-12 23:41:23.603  1278  1278 I UsbDeviceManager: 	at com.android.server.usb.UsbService$Lifecycle.onStart(UsbService.java:84)
08-12 23:41:23.603  1278  1278 I UsbDeviceManager: 	at com.android.server.SystemServiceManager.startService(SystemServiceManager.java:130)
08-12 23:41:23.603  1278  1278 I UsbDeviceManager: 	at com.android.server.SystemServiceManager.startService(SystemServiceManager.java:117)
08-12 23:41:23.603  1278  1278 I UsbDeviceManager: 	at com.android.server.SystemServiceManager.startService(SystemServiceManager.java:76)
08-12 23:41:23.603  1278  1278 I UsbDeviceManager: 	at com.android.server.SystemServer.startOtherServices(SystemServer.java:1623)
08-12 23:41:23.603  1278  1278 I UsbDeviceManager: 	at com.android.server.SystemServer.run(SystemServer.java:523)
08-12 23:41:23.603  1278  1278 I UsbDeviceManager: 	at com.android.server.SystemServer.main(SystemServer.java:357)
08-12 23:41:23.603  1278  1278 I UsbDeviceManager: 	at java.lang.reflect.Method.invoke(Native Method)
08-12 23:41:23.603  1278  1278 I UsbDeviceManager: 	at com.android.internal.os.RuntimeInit$MethodAndArgsCaller.run(RuntimeInit.java:492)
08-12 23:41:23.603  1278  1278 I UsbDeviceManager: 	at com.android.internal.os.ZygoteInit.main(ZygoteInit.java:913)
08-12 23:41:23.603  1278  1278 E UsbDeviceManager: Failed to open control for mtp
08-12 23:41:23.603  1278  1278 E UsbDeviceManager: Failed to open control for ptp
08-12 23:41:23.609  1278  1278 W StorageManagerService: No primary storage defined yet; hacking together a stub
08-12 23:41:23.611  1278  1309 I UsbPortManager: Usb hal service started android.hardware.usb@1.0::IUsb default
08-12 23:41:23.612   663   663 I android.hardware.usb@1.0-service: registering callback
08-12 23:41:23.612   663  1476 E android.hardware.usb@1.0-service: creating thread
08-12 23:41:23.613  1278  1278 D SystemServerTiming: StartUsbService took to complete: 12ms
08-12 23:41:23.614  1278  1278 I SystemServer: StartSerialService
08-12 23:41:23.614  1278  1278 D SystemServerTiming: StartSerialService took to complete: 1ms
08-12 23:41:23.614  1278  1278 I SystemServer: StartHardwarePropertiesManagerService
08-12 23:41:23.615  1278  1278 D SystemServerTiming: StartHardwarePropertiesManagerService took to complete: 1ms
08-12 23:41:23.615  1278  1278 I SystemServer: StartTwilightService
08-12 23:41:23.615  1278  1278 I SystemServiceManager: Starting com.android.server.twilight.TwilightService
08-12 23:41:23.615  1278  1278 D SystemServerTiming: StartTwilightService took to complete: 0ms
08-12 23:41:23.615  1278  1278 I SystemServer: StartColorDisplay
08-12 23:41:23.615  1278  1278 I SystemServiceManager: Starting com.android.server.display.color.ColorDisplayService
08-12 23:41:23.616  1278  1278 D SystemServerTiming: StartColorDisplay took to complete: 0ms
08-12 23:41:23.616  1278  1278 I SystemServer: StartJobScheduler
08-12 23:41:23.616  1278  1278 I SystemServiceManager: Starting com.android.server.job.JobSchedulerService
08-12 23:41:23.618  1278  1278 D JobStore: Start tag: job-info
08-12 23:41:23.618  1278  1278 I JobStore: Read 4 jobs
08-12 23:41:23.621  1278  1278 D SystemServerTiming: StartJobScheduler took to complete: 6ms
08-12 23:41:23.621  1278  1278 I SystemServer: StartSoundTrigger
08-12 23:41:23.621  1278  1278 I SystemServiceManager: Starting com.android.server.soundtrigger.SoundTriggerService
08-12 23:41:23.622  1278  1278 D SystemServerTiming: StartSoundTrigger took to complete: 1ms
08-12 23:41:23.622  1278  1278 I SystemServer: StartTrustManager
08-12 23:41:23.622  1278  1278 I SystemServiceManager: Starting com.android.server.trust.TrustManagerService
08-12 23:41:23.623  1278  1278 D SystemServerTiming: StartTrustManager took to complete: 1ms
08-12 23:41:23.623  1278  1278 I SystemServer: StartBackupManager
08-12 23:41:23.623  1278  1278 I SystemServiceManager: Starting com.android.server.backup.BackupManagerService$Lifecycle
08-12 23:41:23.624  1278  1278 D SystemServerTiming: StartBackupManager took to complete: 0ms
08-12 23:41:23.624  1278  1278 I SystemServer: StartAppWidgetService
08-12 23:41:23.624  1278  1278 I SystemServiceManager: Starting com.android.server.appwidget.AppWidgetService
08-12 23:41:23.625  1278  1278 D SystemServerTiming: StartAppWidgetService took to complete: 1ms
08-12 23:41:23.625  1278  1278 I SystemServer: StartRoleManagerService
08-12 23:41:23.626  1278  1278 D SystemServerTiming: StartRoleManagerService took to complete: 1ms
08-12 23:41:23.626  1278  1278 I SystemServer: StartVoiceRecognitionManager
08-12 23:41:23.626  1278  1278 I SystemServiceManager: Starting com.android.server.voiceinteraction.VoiceInteractionManagerService
08-12 23:41:23.628  1278  1278 I RoleUserState: Read roles.xml successfully
08-12 23:41:23.628  1278  1278 D SystemServerTiming: StartVoiceRecognitionManager took to complete: 2ms
08-12 23:41:23.628  1278  1278 I SystemServer: StartGestureLauncher
08-12 23:41:23.628  1278  1278 I SystemServiceManager: Starting com.android.server.GestureLauncherService
08-12 23:41:23.628  1278  1278 D SystemServerTiming: StartGestureLauncher took to complete: 0ms
08-12 23:41:23.628  1278  1278 I SystemServer: StartSensorNotification
08-12 23:41:23.628  1278  1278 I SystemServiceManager: Starting com.android.server.SensorNotificationService
08-12 23:41:23.628  1278  1278 D SystemServerTiming: StartSensorNotification took to complete: 0ms
08-12 23:41:23.628  1278  1278 I SystemServer: StartContextHubSystemService
08-12 23:41:23.629  1278  1278 I SystemServiceManager: Starting com.android.server.ContextHubSystemService
