08-10 03:12:56.229     1     1 W init    : type=1400 audit(0.0:7): avc: denied { setattr } for name="nativetest64" dev="dm-6" ino=119 scontext=u:r:init:s0 tcontext=u:object_r:nativetest_data_file:s0 tclass=dir permissive=0 b/77873135
08-10 03:12:56.240     0     0 E selinux : SELinux:  setxattr failed: /data/nativetest:  Permission denied
08-10 03:12:56.240     0     0 E selinux : SELinux:  setxattr failed: /data/nativetest64:  Permission denied
08-10 03:12:56.241     0     0 I init    : Command 'restorecon --recursive --skip-ce /data' action=post-fs-data (/init.rc:617) took 294ms and succeeded
08-10 03:12:56.241     0     0 I init    : starting service 'exec 10 (/system/bin/tzdatacheck /apex/com.android.runtime/etc/tz /data/misc/zoneinfo)'...
08-10 03:12:56.243     0     0 I init    : SVC_EXEC service 'exec 10 (/system/bin/tzdatacheck /apex/com.android.runtime/etc/tz /data/misc/zoneinfo)' pid 618 (uid 1000 gid 1000+0 context default) started; waiting...
08-10 03:12:56.255   618   618 I /system/bin/tzdatacheck: timezone distro dir /data/misc/zoneinfo/current does not exist. No action required.
08-10 03:12:56.256     0     0 I init    : Service 'exec 10 (/system/bin/tzdatacheck /apex/com.android.runtime/etc/tz /data/misc/zoneinfo)' (pid 618) exited with status 0 waiting took 0.012000 seconds
08-10 03:12:56.256     0     0 I init    : processing action (post-fs-data) from (/init.usb.rc:6)
08-10 03:12:56.257     0     0 I init    : Setting policy on /data/adb
08-10 03:12:56.304   620   620 I art_apex: === ART pre-boot integrity checks ===
08-10 03:12:56.337   622   622 F art_apex: Device is not fsverity-enabled.
08-10 03:12:56.405   627   627 I OEM-FWUPDATE: Start
08-10 03:12:56.405   626   626 I OEM-FWUPDATE: Start
08-10 03:12:56.405   626   626 I OEM-FWUPDATE: param module: lt
08-10 03:12:56.405   627   627 I OEM-FWUPDATE: param module: ite
08-10 03:12:56.405   626   626 I OEM-FWUPDATE: Start LT8711/9711 FW upgrade
08-10 03:12:56.405   627   627 I OEM-FWUPDATE: Start ITE FW upgrade.
08-10 03:12:56.405   626   626 I OEM-FWUPDATE: oem fw upgrade exit
08-10 03:12:56.405   627   627 I OEM-FWUPDATE: [ite_fw_upgrade] start.
08-10 03:12:56.426   628   628 I OEM-HPM : /vendor/bin/oem_hotplug_monitor has 1 parameters
08-10 03:12:56.428   625   625 D QC-time-services: Daemon:genoff_pre_init::Base = 0
08-10 03:12:56.429     0     0 I rtc-max31343 1-0068: read date/time raw! 0x21-08-10 07:12:56 W03
08-10 03:12:56.429     0     0 I rtc-max31343 1-0068: read date/time! 2021-08-10 07:12:56
08-10 03:12:56.429   625   625 D QC-time-services: Daemon:ats_rtc_init: Time read from RTC -- year = 121, month = 7,day = 10
08-10 03:12:56.430   625   625 D QC-time-services: Daemon ats_rtc_init: seconds = 1628579576
08-10 03:12:56.430   625   625 D QC-time-services: Daemon:Value read from RTC seconds = 1628579576000
08-10 03:12:56.430   625   625 D QC-time-services: Daemon:genoff_init_config: ATS_RTC initialized with rc: 0
08-10 03:12:56.430   625   625 D QC-time-services: Daemon:genoff_pre_init::Base = 1
08-10 03:12:56.430   625   625 D QC-time-services: Daemon: Storage Name: ats_1 
08-10 03:12:56.430   625   625 D QC-time-services: Daemon:Opening File: /mnt/vendor/persist/time/ats_1 /data/vendor/time/ats_1
08-10 03:12:56.430   625   625 D QC-time-services: Daemon:time_persistent_memory_opr:Genoff Read operation 
08-10 03:12:56.431   625   625 D QC-time-services: Daemon:Open File: /mnt/vendor/persist/time/ats_1
08-10 03:12:56.432   625   625 D QC-time-services: Daemon:genoff_pre_init::Base = 2
08-10 03:12:56.432   625   625 D QC-time-services: Daemon: Storage Name: ats_2 
08-10 03:12:56.432   625   625 D QC-time-services: Daemon:Opening File: /mnt/vendor/persist/time/ats_2 /data/vendor/time/ats_2
08-10 03:12:56.432   625   625 D QC-time-services: Daemon:time_persistent_memory_opr:Genoff Read operation 
08-10 03:12:56.432   625   625 D QC-time-services: Daemon:Open File: /mnt/vendor/persist/time/ats_2
08-10 03:12:56.432   625   625 D QC-time-services: Daemon:genoff_pre_init::Base = 3
08-10 03:12:56.432   625   625 D QC-time-services: Daemon: Storage Name: ats_3 
08-10 03:12:56.432   625   625 D QC-time-services: Daemon:Opening File: /mnt/vendor/persist/time/ats_3 /data/vendor/time/ats_3
08-10 03:12:56.432   625   625 D QC-time-services: Daemon:time_persistent_memory_opr:Genoff Read operation 
08-10 03:12:56.432   625   625 D QC-time-services: Daemon:Open File: /mnt/vendor/persist/time/ats_3
08-10 03:12:56.432   625   625 D QC-time-services: Daemon:Unable to open filefor read
08-10 03:12:56.432   625   625 D QC-time-services: Daemon:genoff_post_init:Error in accessing storage
08-10 03:12:56.432   625   625 D QC-time-services: Daemon:genoff_pre_init::Base = 4
08-10 03:12:56.432   625   625 D QC-time-services: Daemon: Storage Name: ats_4 
08-10 03:12:56.432   625   625 D QC-time-services: Daemon:Opening File: /mnt/vendor/persist/time/ats_4 /data/vendor/time/ats_4
08-10 03:12:56.432   625   625 D QC-time-services: Daemon:time_persistent_memory_opr:Genoff Read operation 
08-10 03:12:56.432   625   625 D QC-time-services: Daemon:Open File: /mnt/vendor/persist/time/ats_4
08-10 03:12:56.432   625   625 D QC-time-services: Daemon:Unable to open filefor read
08-10 03:12:56.432   625   625 D QC-time-services: Daemon:genoff_post_init:Error in accessing storage
08-10 03:12:56.432   625   625 D QC-time-services: Daemon:genoff_pre_init::Base = 5
08-10 03:12:56.432   625   625 D QC-time-services: Daemon: Storage Name: ats_5 
08-10 03:12:56.432   625   625 D QC-time-services: Daemon:Opening File: /mnt/vendor/persist/time/ats_5 /data/vendor/time/ats_5
08-10 03:12:56.432   625   625 D QC-time-services: Daemon:time_persistent_memory_opr:Genoff Read operation 
08-10 03:12:56.432   625   625 D QC-time-services: Daemon:Open File: /mnt/vendor/persist/time/ats_5
08-10 03:12:56.432   625   625 D QC-time-services: Daemon:Unable to open filefor read
08-10 03:12:56.432   625   625 D QC-time-services: Daemon:genoff_post_init:Error in accessing storage
08-10 03:12:56.432   625   625 D QC-time-services: Daemon:genoff_pre_init::Base = 6
08-10 03:12:56.432   625   625 D QC-time-services: Daemon: Storage Name: ats_6 
08-10 03:12:56.432   625   625 D QC-time-services: Daemon:Opening File: /mnt/vendor/persist/time/ats_6 /data/vendor/time/ats_6
08-10 03:12:56.432   625   625 D QC-time-services: Daemon:time_persistent_memory_opr:Genoff Read operation 
08-10 03:12:56.432   625   625 D QC-time-services: Daemon:Open File: /mnt/vendor/persist/time/ats_6
08-10 03:12:56.432   625   625 D QC-time-services: Daemon:Unable to open filefor read
08-10 03:12:56.432   625   625 D QC-time-services: Daemon:genoff_post_init:Error in accessing storage
08-10 03:12:56.432   625   625 D QC-time-services: Daemon:genoff_pre_init::Base = 7
08-10 03:12:56.432   625   625 D QC-time-services: Daemon: Storage Name: ats_7 
08-10 03:12:56.432   625   625 D QC-time-services: Daemon:Opening File: /mnt/vendor/persist/time/ats_7 /data/vendor/time/ats_7
08-10 03:12:56.432   625   625 D QC-time-services: Daemon:time_persistent_memory_opr:Genoff Read operation 
08-10 03:12:56.432   625   625 D QC-time-services: Daemon:Open File: /mnt/vendor/persist/time/ats_7
08-10 03:12:56.432   625   625 D QC-time-services: Daemon:Unable to open filefor read
08-10 03:12:56.432   625   625 D QC-time-services: Daemon:genoff_post_init:Error in accessing storage
08-10 03:12:56.432   625   625 D QC-time-services: Daemon:genoff_pre_init::Base = 8
08-10 03:12:56.432   625   625 D QC-time-services: Daemon: Storage Name: ats_8 
08-10 03:12:56.432   625   625 D QC-time-services: Daemon:Opening File: /mnt/vendor/persist/time/ats_8 /data/vendor/time/ats_8
08-10 03:12:56.432   625   625 D QC-time-services: Daemon:time_persistent_memory_opr:Genoff Read operation 
08-10 03:12:56.432   625   625 D QC-time-services: Daemon:Open File: /mnt/vendor/persist/time/ats_8
08-10 03:12:56.432   625   625 D QC-time-services: Daemon:Unable to open filefor read
08-10 03:12:56.432   625   625 D QC-time-services: Daemon:genoff_post_init:Error in accessing storage
08-10 03:12:56.432   625   625 D QC-time-services: Daemon:genoff_pre_init::Base = 9
08-10 03:12:56.432   625   625 D QC-time-services: Daemon: Storage Name: ats_9 
08-10 03:12:56.432   625   625 D QC-time-services: Daemon:Opening File: /mnt/vendor/persist/time/ats_9 /data/vendor/time/ats_9
08-10 03:12:56.432   625   625 D QC-time-services: Daemon:time_persistent_memory_opr:Genoff Read operation 
08-10 03:12:56.432   625   625 D QC-time-services: Daemon:Open File: /mnt/vendor/persist/time/ats_9
08-10 03:12:56.432   625   625 D QC-time-services: Daemon:Unable to open filefor read
08-10 03:12:56.433   625   625 D QC-time-services: Daemon:genoff_post_init:Error in accessing storage
08-10 03:12:56.433   625   625 D QC-time-services: Daemon:genoff_pre_init::Base = 10
08-10 03:12:56.433   625   625 D QC-time-services: Daemon: Storage Name: ats_10 
08-10 03:12:56.433   625   625 D QC-time-services: Daemon:Opening File: /mnt/vendor/persist/time/ats_10 /data/vendor/time/ats_10
08-10 03:12:56.433   625   625 D QC-time-services: Daemon:time_persistent_memory_opr:Genoff Read operation 
08-10 03:12:56.433   625   625 D QC-time-services: Daemon:Open File: /mnt/vendor/persist/time/ats_10
08-10 03:12:56.433   625   625 D QC-time-services: Daemon:Unable to open filefor read
08-10 03:12:56.433   625   625 D QC-time-services: Daemon:genoff_post_init:Error in accessing storage
08-10 03:12:56.433   625   625 D QC-time-services: Daemon:genoff_pre_init::Base = 11
08-10 03:12:56.433   625   625 D QC-time-services: Daemon: Storage Name: ats_11 
08-10 03:12:56.433   625   625 D QC-time-services: Daemon:Opening File: /mnt/vendor/persist/time/ats_11 /data/vendor/time/ats_11
08-10 03:12:56.433   625   625 D QC-time-services: Daemon:time_persistent_memory_opr:Genoff Read operation 
08-10 03:12:56.433   625   625 D QC-time-services: Daemon:Open File: /mnt/vendor/persist/time/ats_11
08-10 03:12:56.433   625   625 D QC-time-services: Daemon:Unable to open filefor read
08-10 03:12:56.433   625   625 D QC-time-services: Daemon:genoff_post_init:Error in accessing storage
08-10 03:12:56.433   625   625 D QC-time-services: Daemon:genoff_pre_init::Base = 12
08-10 03:12:56.433   625   625 D QC-time-services: Daemon: Storage Name: ats_12 
08-10 03:12:56.433   625   625 D QC-time-services: Daemon:Opening File: /mnt/vendor/persist/time/ats_12 /data/vendor/time/ats_12
08-10 03:12:56.433   625   625 D QC-time-services: Daemon:time_persistent_memory_opr:Genoff Read operation 
08-10 03:12:56.433   625   625 D QC-time-services: Daemon:Open File: /mnt/vendor/persist/time/ats_12
08-10 03:12:56.433   625   625 D QC-time-services: Daemon:Unable to open filefor read
08-10 03:12:56.433   625   625 D QC-time-services: Daemon:genoff_post_init:Error in accessing storage
08-10 03:12:56.433   625   625 D QC-time-services: Daemon:genoff_pre_init::Base = 13
08-10 03:12:56.433   625   625 D QC-time-services: Daemon: Storage Name: ats_13 
08-10 03:12:56.433   625   625 D QC-time-services: Daemon:Opening File: /mnt/vendor/persist/time/ats_13 /data/vendor/time/ats_13
08-10 03:12:56.433   625   625 D QC-time-services: Daemon:time_persistent_memory_opr:Genoff Read operation 
08-10 03:12:56.433   625   625 D QC-time-services: Daemon:Open File: /mnt/vendor/persist/time/ats_13
08-10 03:12:56.433   625   625 D QC-time-services: Daemon:Unable to open filefor read
08-10 03:12:56.433   625   625 D QC-time-services: Daemon:genoff_post_init:Error in accessing storage
08-10 03:12:56.433   625   625 D QC-time-services: Daemon:genoff_pre_init::Base = 14
08-10 03:12:56.433   625   625 D QC-time-services: Daemon: Storage Name: ats_14 
08-10 03:12:56.433   625   625 D QC-time-services: Daemon:Opening File: /mnt/vendor/persist/time/ats_14 /data/vendor/time/ats_14
08-10 03:12:56.433   625   625 D QC-time-services: Daemon:time_persistent_memory_opr:Genoff Read operation 
08-10 03:12:56.433   625   625 D QC-time-services: Daemon:Open File: /mnt/vendor/persist/time/ats_14
08-10 03:12:56.433   625   625 D QC-time-services: Daemon:Unable to open filefor read
08-10 03:12:56.433   625   625 D QC-time-services: Daemon:genoff_post_init:Error in accessing storage
08-10 03:12:56.433   625   625 D QC-time-services: Daemon:genoff_pre_init::Base = 15
08-10 03:12:56.433   625   625 D QC-time-services: Daemon: Storage Name: ats_15 
08-10 03:12:56.433   625   625 D QC-time-services: Daemon:Opening File: /mnt/vendor/persist/time/ats_15 /data/vendor/time/ats_15
08-10 03:12:56.433   625   625 D QC-time-services: Daemon:time_persistent_memory_opr:Genoff Read operation 
08-10 03:12:56.433   625   625 D QC-time-services: Daemon:Open File: /mnt/vendor/persist/time/ats_15
08-10 03:12:56.433   625   625 D QC-time-services: Daemon:Unable to open filefor read
08-10 03:12:56.433   625   625 D QC-time-services: Daemon:genoff_post_init:Error in accessing storage
08-10 03:12:56.433   625   625 D QC-time-services: Daemon:genoff_pre_init::Base = 16
08-10 03:12:56.433   625   625 D QC-time-services: Daemon: Storage Name: ats_16 
08-10 03:12:56.433   625   625 D QC-time-services: Daemon:Opening File: /mnt/vendor/persist/time/ats_16 /data/vendor/time/ats_16
08-10 03:12:56.433   625   625 D QC-time-services: Daemon:time_persistent_memory_opr:Genoff Read operation 
08-10 03:12:56.433   625   625 D QC-time-services: Daemon:Open File: /mnt/vendor/persist/time/ats_16
08-10 03:12:56.434   625   625 D QC-time-services: Daemon:genoff_pre_init::Base = 17
08-10 03:12:56.434   625   625 D QC-time-services: Daemon: Storage Name: ats_17 
08-10 03:12:56.434   625   625 D QC-time-services: Daemon:Opening File: /mnt/vendor/persist/time/ats_17 /data/vendor/time/ats_17
08-10 03:12:56.434   625   625 D QC-time-services: Daemon:time_persistent_memory_opr:Genoff Read operation 
08-10 03:12:56.434   625   625 D QC-time-services: Daemon:Open File: /mnt/vendor/persist/time/ats_17
08-10 03:12:56.434   625   625 D QC-time-services: Daemon:Unable to open filefor read
08-10 03:12:56.434   625   625 D QC-time-services: Daemon:genoff_post_init:Error in accessing storage
08-10 03:12:56.434   625   625 D QC-time-services: Daemon:genoff_pre_init::Base = 18
08-10 03:12:56.434   625   625 D QC-time-services: Daemon: Storage Name: ats_18 
08-10 03:12:56.434   625   625 D QC-time-services: Daemon:Opening File: /mnt/vendor/persist/time/ats_18 /data/vendor/time/ats_18
08-10 03:12:56.434   625   625 D QC-time-services: Daemon:time_persistent_memory_opr:Genoff Read operation 
08-10 03:12:56.434   625   625 D QC-time-services: Daemon:Open File: /mnt/vendor/persist/time/ats_18
08-10 03:12:56.434   625   625 D QC-time-services: Daemon:Unable to open filefor read
08-10 03:12:56.434   625   625 D QC-time-services: Daemon:genoff_post_init:Error in accessing storage
08-10 03:12:56.434   625   625 D QC-time-services: Daemon:genoff_init_config: Other bases initilized, exiting genoff_init
08-10 03:12:56.434     0     0 I rtc-max31343 1-0068: read date/time raw! 0x21-08-10 07:12:56 W03
08-10 03:12:56.434     0     0 I rtc-max31343 1-0068: read date/time! 2021-08-10 07:12:56
08-10 03:12:56.434   625   625 D QC-time-services: Daemon:rtc_get: Time read from RTC -- MM/DD/YY HH:MM:SS7/10/121 7:12:56
08-10 03:12:56.434   625   625 D QC-time-services: Daemon rtc_get: seconds = 1628579576
08-10 03:12:56.435   625   625 D QC-time-services: Daemon:Value read from RTC mseconds = 1628579576000
08-10 03:12:56.435   625   625 D QC-time-services: Daemon:Value read from QTimer mseconds = 15262
08-10 03:12:56.435   625   625 D QC-time-services: Daemon:genoff_opr: Base = 1, val = 0, operation = 1
08-10 03:12:56.435   625   625 D QC-time-services: Daemon: genoff get for 1
08-10 03:12:56.435   625   625 D QC-time-services: Daemon:Value read from QTimer mseconds = 15263
08-10 03:12:56.435   625   625 D QC-time-services: Daemon:Value read from RTC mseconds on boot = 1628579576000
08-10 03:12:56.435   625   625 D QC-time-services: Daemon:Value read from QTimer mseconds = 15263
08-10 03:12:56.435   625   625 D QC-time-services: Daemon:Value read from generic offset = -25
08-10 03:12:56.435   625   625 D QC-time-services: Daemon:Delta read on boot mseconds = 1628579560738
08-10 03:12:56.435   625   625 D QC-time-services: Daemon:Final Time = 1628579575976
08-10 03:12:56.435   625   625 D QC-time-services: Daemon:genoff_boot_tod_init: Updating system time to sec=1628579575, usec=976000
08-10 03:12:56.688     0     0 I oem-init: ro.persistent_properties.ready: getfail
08-10 03:12:57.186   633   633 I /system/bin/flags_health_check: ServerConfigurableFlagsReset reset_mode value: 0
08-10 03:12:57.186   633   633 I /system/bin/flags_health_check: ServerConfigurableFlagsReset attempted boot count is under threshold, skipping reset.
08-10 03:12:57.208   627   627 I OEM-FWUPDATE: [ite_fw_upgrade] successful.
08-10 03:12:57.209   627   627 I OEM-FWUPDATE: oem fw upgrade exit
08-10 03:12:57.285   628   628 I OEM-HPM : sysfs:path /sys/devices/platform/soc/soc:oem-ptdet/poe_status data absent
08-10 03:12:57.285   628   628 I OEM-HPM :  size 16
08-10 03:12:57.285   628   628 I OEM-HPM : handle_poe_status_change, poe_status is absent
08-10 03:12:57.285   628   628 I OEM-HPM : 
08-10 03:12:57.285   628   628 I OEM-HPM : handle_poe_status_change, power type is not POE
08-10 03:12:57.285   628   628 D OEM-HPM : 
08-10 03:12:57.285   628   628 I OEM-HPM : sysfs:path /sys/class/power_supply/usb/online data 0 size 1
08-10 03:12:57.285   628   628 I OEM-HPM : /sys/class/power_supply/usb/online is 0
08-10 03:12:57.285   628   628 I OEM-HPM : sysfs:path /sys/class/power_supply/pc_port/online data 0 size 1
08-10 03:12:57.285   628   628 I OEM-HPM : /sys/class/power_supply/pc_port/online is 0
08-10 03:12:57.285   628   628 I OEM-HPM : sysfs:path /sys/class/power_supply/ac/online data 1t
08-10 03:12:57.285   628   628 I OEM-HPM :  size 1
08-10 03:12:57.285   628   628 I OEM-HPM : /sys/class/power_supply/ac/online is 1
08-10 03:12:57.285   628   628 I OEM-HPM : USB power supply become online
08-10 03:12:57.349   628   628 I OEM-HPM : sysfs:path /sys/devices/platform/pos_stand/cfd_present data 0 size 1
08-10 03:12:57.349   628   628 I OEM-HPM : /sys/devices/platform/pos_stand/cfd_present is 0
08-10 03:12:57.389   639   639 I bootstat: Service started: /system/bin/bootstat --set_system_boot_reason 
08-10 03:12:57.389   639   639 I bootstat: Canonical boot reason: reboot
08-10 03:12:57.389   639   639 I bootstat: Canonical boot reason: reboot
08-10 03:12:57.389   628   628 I OEM-HPM : sysfs:path /sys/devices/platform/pos_stand/present data 0 size 1
08-10 03:12:57.390   628   628 I OEM-HPM : /sys/devices/platform/pos_stand/present is 0
08-10 03:12:57.428   628   628 I OEM-HPM : sysfs:path /sys/devices/platform/io_hub/present data 0 size 1
08-10 03:12:57.428   628   628 I OEM-HPM : /sys/devices/platform/io_hub/present is 0
08-10 03:12:57.443   636   636 I netdClient: Skipping libnetd_client init since *we* are netd
08-10 03:12:57.445   636   636 I netd    : netd 1.0 starting
08-10 03:12:57.460   636   636 I Netd    : Loaded resolver library from /apex/com.android.resolv/lib64/libnetd_resolv.so
08-10 03:12:57.468   628   628 I OEM-HPM : sysfs:path /sys/devices/platform/pos_stand/flip_present data 0 size 1
08-10 03:12:57.468   628   628 I OEM-HPM : /sys/devices/platform/pos_stand/flip_present is 0
08-10 03:12:57.629     0     0 I it8855 6-0040: PD version is: 4.06
08-10 03:12:57.630     0     0 I logd.daemon: reinit
08-10 03:12:57.688     0     0 I oem-init: ro.persistent_properties.ready: true
08-10 03:12:57.688     0     0 I oem-init: sysfs:path sys/devices/soc0/project_id data 45 size 4
08-10 03:12:57.688     0     0 I oem-init: set_customba_prop project_id: 45
08-10 03:12:57.688     0     0 I oem-init: project_id: 45
08-10 03:12:57.688     0     0 I oem-init: feature is: eth-PoE-GSen-DuSpk-GPIO-AdbMux-eRTC-Key2-dmic-SD-exPD
08-10 03:12:57.688     0     0 I oem-init: [item :]precast, [flag :]0
08-10 03:12:57.688     0     0 I oem-init: precast_flag: 0
08-10 03:12:57.716     0     0 I oem-init: precast prop set to 0
08-10 03:12:57.716     0     0 I oem-init: [item :]ctsmode, [flag :]0
08-10 03:12:57.729   657   657 I BOOT    : MSM target '', SoC 'QRD', HwID '324', SoC ver '65536'
08-10 03:12:57.744     0     0 I ptdet_get_poe_status: poe staus is 0
08-10 03:12:57.747   658   658 W DRM_BOOT: file: '/sys/module/drm/parameters/vblankoffdelay' or perms doesn't exist
08-10 03:12:57.773     0     0 I update_verifier: Started with arg 1: nonencrypted
08-10 03:12:57.776     0     0 I update_verifier: Booting slot 0: isSlotMarkedSuccessful=0
08-10 03:12:57.776     0     0 E update_verifier: /data/ota_package/care_map.pb doesn't exist
08-10 03:12:57.776     0     0 W update_verifier: Failed to parse the care map file, skipping verification
08-10 03:12:57.777     0     0 I update_verifier: Deferred marking slot 0 as booted successfully.
08-10 03:12:57.777     0     0 I update_verifier: Leaving update_verifier.
08-10 03:12:57.800     0     0 W oem_init: 32 output lines suppressed due to ratelimiting
08-10 03:12:57.808     0     0 I         : [ite_acc] get_accessory_id = 0
08-10 03:12:57.808     0     0 I [ite_acc] cfd_present_show: 0
08-10 03:12:57.818     0     0 I ueventd : firmware: loading 'cdsp.mdt' for '/devices/platform/soc/1a300000.qcom,turing/firmware/cdsp.mdt'
08-10 03:12:57.821     0     0 I ueventd : loading /devices/platform/soc/1a300000.qcom,turing/firmware/cdsp.mdt took 3ms
08-10 03:12:57.821     0     0 I subsys-pil-tz 1a300000.qcom,turing: cdsp: loading from 0x0000000094a00000 to 0x0000000095000000
08-10 03:12:57.837     0     0 I ueventd : firmware: loading 'cdsp.b02' for '/devices/platform/soc/1a300000.qcom,turing/firmware/cdsp.b02'
08-10 03:12:57.839     0     0 I ueventd : firmware: loading 'cdsp.b03' for '/devices/platform/soc/1a300000.qcom,turing/firmware/cdsp.b03'
08-10 03:12:57.842     0     0 I ueventd : firmware: loading 'cdsp.b04' for '/devices/platform/soc/1a300000.qcom,turing/firmware/cdsp.b04'
08-10 03:12:57.843     0     0 I ueventd : loading /devices/platform/soc/1a300000.qcom,turing/firmware/cdsp.b02 took 5ms
08-10 03:12:57.843     0     0 I ueventd : loading /devices/platform/soc/1a300000.qcom,turing/firmware/cdsp.b03 took 4ms
08-10 03:12:57.845     0     0 I ueventd : firmware: loading 'cdsp.b06' for '/devices/platform/soc/1a300000.qcom,turing/firmware/cdsp.b06'
08-10 03:12:57.848     0     0 I ueventd : firmware: loading 'cdsp.b05' for '/devices/platform/soc/1a300000.qcom,turing/firmware/cdsp.b05'
08-10 03:12:57.849     0     0 I         : [ite_acc] get_accessory_id = 0
08-10 03:12:57.849     0     0 I         : [ite_acc] present_show -> accessory id is: 0
08-10 03:12:57.850     0     0 I ueventd : loading /devices/platform/soc/1a300000.qcom,turing/firmware/cdsp.b06 took 5ms
08-10 03:12:57.888     0     0 I         : [ite_acc] get_accessory_id = 0
08-10 03:12:57.888     0     0 I         : [ite_acc] present_show -> accessory id is: 0
08-10 03:12:57.891     0     0 I subsys-pil-tz 1a300000.qcom,turing: cdsp: Brought out of reset
08-10 03:12:57.899     0     0 I subsys-pil-tz 1a300000.qcom,turing: cdsp: Power/Clock ready interrupt received
08-10 03:12:57.899     0     0 I subsys-pil-tz 1a300000.qcom,turing: Subsystem error monitoring/handling services are up
08-10 03:12:57.900     0     0 E pmic_analog_codec 800f000.qcom,spmi: qcom,pm660l@3:anlg-cdc@f000: Adsp is not loaded yet 0
08-10 03:12:57.901     0     0 E msm_sdw_codec 152c1000.msm-sdw-codec: Adsp is not loaded yet 0
08-10 03:12:57.902     0     0 E pmic_analog_codec 800f000.qcom,spmi: qcom,pm660l@3:anlg-cdc@f000: Adsp is not loaded yet 0
08-10 03:12:57.902     0     0 E msm_sdw_codec 152c1000.msm-sdw-codec: Adsp is not loaded yet 0
08-10 03:12:57.905     0     0 I adsprpc : fastrpc_rpmsg_probe: opened rpmsg channel for cdsp
08-10 03:12:57.906     0     0 E pmic_analog_codec 800f000.qcom,spmi: qcom,pm660l@3:anlg-cdc@f000: Adsp is not loaded yet 0
08-10 03:12:57.906     0     0 E msm_sdw_codec 152c1000.msm-sdw-codec: Adsp is not loaded yet 0
08-10 03:12:57.928     0     0 I         : [ite_acc] get_accessory_id = 0
08-10 03:12:57.928     0     0 I [ite_acc] flip_present_show: 0
08-10 03:12:57.929   637   637 D AndroidRuntime: >>>>>> START com.android.internal.os.ZygoteInit uid 0 <<<<<<
08-10 03:12:57.929   637   637 I boot_progress_start: 12011
08-10 03:12:57.973   637   637 I AndroidRuntime: Using default boot image
08-10 03:12:57.974   637   637 I AndroidRuntime: Leaving lock profiling enabled
08-10 03:12:57.979   637   637 I zygote64: option[0]=-Xzygote
08-10 03:12:57.979   637   637 I zygote64: option[1]=exit
08-10 03:12:57.979   637   637 I zygote64: option[2]=vfprintf
08-10 03:12:57.979   637   637 I zygote64: option[3]=sensitiveThread
08-10 03:12:57.979   637   637 I zygote64: option[4]=-verbose:gc
08-10 03:12:57.979   637   637 I zygote64: option[5]=-Xms8m
08-10 03:12:57.979   637   637 I zygote64: option[6]=-Xmx512m
08-10 03:12:57.979   637   637 I zygote64: option[7]=-XX:HeapGrowthLimit=256m
08-10 03:12:57.979   637   637 I zygote64: option[8]=-XX:HeapMinFree=512k
08-10 03:12:57.979   637   637 I zygote64: option[9]=-XX:HeapMaxFree=8m
08-10 03:12:57.979   637   637 I zygote64: option[10]=-XX:HeapTargetUtilization=0.75
08-10 03:12:57.979   637   637 I zygote64: option[11]=-Xusejit:true
08-10 03:12:57.979   637   637 I zygote64: option[12]=-Xjitsaveprofilinginfo
08-10 03:12:57.979   637   637 I zygote64: option[13]=-XjdwpOptions:suspend=n,server=y
08-10 03:12:57.979   637   637 I zygote64: option[14]=-XjdwpProvider:default
08-10 03:12:57.979   637   637 I zygote64: option[15]=-Xlockprofthreshold:500
08-10 03:12:57.979   637   637 I zygote64: option[16]=-Ximage-compiler-option
08-10 03:12:57.979   637   637 I zygote64: option[17]=--runtime-arg
08-10 03:12:57.979   637   637 I zygote64: option[18]=-Ximage-compiler-option
08-10 03:12:57.979   637   637 I zygote64: option[19]=-Xms64m
08-10 03:12:57.979   637   637 I zygote64: option[20]=-Ximage-compiler-option
08-10 03:12:57.979   637   637 I zygote64: option[21]=--runtime-arg
08-10 03:12:57.979   637   637 I zygote64: option[22]=-Ximage-compiler-option
08-10 03:12:57.979   637   637 I zygote64: option[23]=-Xmx64m
08-10 03:12:57.979   637   637 I zygote64: option[24]=-Ximage-compiler-option
08-10 03:12:57.979   637   637 I zygote64: option[25]=--profile-file=/system/etc/boot-image.prof
08-10 03:12:57.979   637   637 I zygote64: option[26]=-Ximage-compiler-option
08-10 03:12:57.979   637   637 I zygote64: option[27]=--compiler-filter=speed-profile
08-10 03:12:57.979   637   637 I zygote64: option[28]=-Xcompiler-option
08-10 03:12:57.979   637   637 I zygote64: option[29]=--runtime-arg
08-10 03:12:57.979   637   637 I zygote64: option[30]=-Xcompiler-option
08-10 03:12:57.979   637   637 I zygote64: option[31]=-Xms64m
08-10 03:12:57.979   637   637 I zygote64: option[32]=-Xcompiler-option
08-10 03:12:57.979   637   637 I zygote64: option[33]=--runtime-arg
08-10 03:12:57.979   637   637 I zygote64: option[34]=-Xcompiler-option
08-10 03:12:57.979   637   637 I zygote64: option[35]=-Xmx512m
08-10 03:12:57.979   637   637 I zygote64: option[36]=-Ximage-compiler-option
08-10 03:12:57.979   637   637 I zygote64: option[37]=--instruction-set-variant=generic
08-10 03:12:57.979   637   637 I zygote64: option[38]=-Xcompiler-option
08-10 03:12:57.979   637   637 I zygote64: option[39]=--instruction-set-variant=generic
08-10 03:12:57.979   637   637 I zygote64: option[40]=-Ximage-compiler-option
08-10 03:12:57.980   637   637 I zygote64: option[41]=--instruction-set-features=default
08-10 03:12:57.980   637   637 I zygote64: option[42]=-Xcompiler-option
08-10 03:12:57.980   637   637 I zygote64: option[43]=--instruction-set-features=default
08-10 03:12:57.980   637   637 I zygote64: option[44]=-Duser.locale=en-US
08-10 03:12:57.980   637   637 I zygote64: option[45]=--cpu-abilist=arm64-v8a
08-10 03:12:57.980   637   637 I zygote64: option[46]=-Xcompiler-option
08-10 03:12:57.980   637   637 I zygote64: option[47]=--generate-mini-debug-info
08-10 03:12:57.980   637   637 I zygote64: option[48]=-Xcore-platform-api-policy:just-warn
08-10 03:12:57.980   637   637 I zygote64: option[49]=-Xfingerprint:Elo/10in-I-Series-4_E8MP/10in-I-Series-4:10/QKQ1.201112.002/eng.youkai.20210810.055140:userdebug/debug,release-keys
08-10 03:12:57.989     0     0 E         : can't get fw name.
08-10 03:12:57.989     0     0 E sensors-ssc soc: qcom,msm-ssc-sensors: slpi_load_fw: SLPI image loading failed
08-10 03:12:57.989   637   637 I zygote64: Core platform API reporting enabled, enforcing=false
08-10 03:12:58.000   638   638 D AndroidRuntime: >>>>>> START com.android.internal.os.ZygoteInit uid 0 <<<<<<
08-10 03:12:58.046   638   638 I AndroidRuntime: Using default boot image
08-10 03:12:58.046   638   638 I AndroidRuntime: Leaving lock profiling enabled
08-10 03:12:58.051   638   638 I zygote  : option[0]=-Xzygote
08-10 03:12:58.051   638   638 I zygote  : option[1]=exit
08-10 03:12:58.051   638   638 I zygote  : option[2]=vfprintf
08-10 03:12:58.051   638   638 I zygote  : option[3]=sensitiveThread
08-10 03:12:58.051   638   638 I zygote  : option[4]=-verbose:gc
08-10 03:12:58.051   638   638 I zygote  : option[5]=-Xms8m
08-10 03:12:58.051   638   638 I zygote  : option[6]=-Xmx512m
08-10 03:12:58.051   638   638 I zygote  : option[7]=-XX:HeapGrowthLimit=256m
08-10 03:12:58.051   638   638 I zygote  : option[8]=-XX:HeapMinFree=512k
08-10 03:12:58.051   638   638 I zygote  : option[9]=-XX:HeapMaxFree=8m
08-10 03:12:58.051   638   638 I zygote  : option[10]=-XX:HeapTargetUtilization=0.75
08-10 03:12:58.051   638   638 I zygote  : option[11]=-Xusejit:true
08-10 03:12:58.051   638   638 I zygote  : option[12]=-Xjitsaveprofilinginfo
08-10 03:12:58.051   638   638 I zygote  : option[13]=-XjdwpOptions:suspend=n,server=y
08-10 03:12:58.051   638   638 I zygote  : option[14]=-XjdwpProvider:default
08-10 03:12:58.051   638   638 I zygote  : option[15]=-Xlockprofthreshold:500
08-10 03:12:58.051   638   638 I zygote  : option[16]=-Ximage-compiler-option
08-10 03:12:58.051   638   638 I zygote  : option[17]=--runtime-arg
08-10 03:12:58.051   638   638 I zygote  : option[18]=-Ximage-compiler-option
08-10 03:12:58.051   638   638 I zygote  : option[19]=-Xms64m
08-10 03:12:58.051   638   638 I zygote  : option[20]=-Ximage-compiler-option
08-10 03:12:58.051   638   638 I zygote  : option[21]=--runtime-arg
08-10 03:12:58.051   638   638 I zygote  : option[22]=-Ximage-compiler-option
08-10 03:12:58.051   638   638 I zygote  : option[23]=-Xmx64m
08-10 03:12:58.051   638   638 I zygote  : option[24]=-Ximage-compiler-option
08-10 03:12:58.051   638   638 I zygote  : option[25]=--profile-file=/system/etc/boot-image.prof
08-10 03:12:58.051   638   638 I zygote  : option[26]=-Ximage-compiler-option
08-10 03:12:58.051   638   638 I zygote  : option[27]=--compiler-filter=speed-profile
08-10 03:12:58.051   638   638 I zygote  : option[28]=-Xcompiler-option
08-10 03:12:58.051   638   638 I zygote  : option[29]=--runtime-arg
08-10 03:12:58.051   638   638 I zygote  : option[30]=-Xcompiler-option
08-10 03:12:58.051   638   638 I zygote  : option[31]=-Xms64m
08-10 03:12:58.051   638   638 I zygote  : option[32]=-Xcompiler-option
08-10 03:12:58.051   638   638 I zygote  : option[33]=--runtime-arg
08-10 03:12:58.051   638   638 I zygote  : option[34]=-Xcompiler-option
08-10 03:12:58.051   638   638 I zygote  : option[35]=-Xmx512m
08-10 03:12:58.051   638   638 I zygote  : option[36]=-Ximage-compiler-option
08-10 03:12:58.051   638   638 I zygote  : option[37]=--instruction-set-variant=cortex-a73
08-10 03:12:58.051   638   638 I zygote  : option[38]=-Xcompiler-option
08-10 03:12:58.051   638   638 I zygote  : option[39]=--instruction-set-variant=cortex-a73
08-10 03:12:58.051   638   638 I zygote  : option[40]=-Ximage-compiler-option
08-10 03:12:58.051   638   638 I zygote  : option[41]=--instruction-set-features=default
08-10 03:12:58.051   638   638 I zygote  : option[42]=-Xcompiler-option
08-10 03:12:58.051   638   638 I zygote  : option[43]=--instruction-set-features=default
08-10 03:12:58.051   638   638 I zygote  : option[44]=-Duser.locale=en-US
08-10 03:12:58.051   638   638 I zygote  : option[45]=--cpu-abilist=armeabi-v7a,armeabi
08-10 03:12:58.051   638   638 I zygote  : option[46]=-Xcompiler-option
08-10 03:12:58.051   638   638 I zygote  : option[47]=--generate-mini-debug-info
08-10 03:12:58.051   638   638 I zygote  : option[48]=-Xcore-platform-api-policy:just-warn
08-10 03:12:58.052   638   638 I zygote  : option[49]=-Xfingerprint:Elo/10in-I-Series-4_E8MP/10in-I-Series-4:10/QKQ1.201112.002/eng.youkai.20210810.055140:userdebug/debug,release-keys
08-10 03:12:58.057   638   638 I zygote  : Core platform API reporting enabled, enforcing=false
08-10 03:12:58.206   678   678 I ServiceManagement: Registered android.hidl.allocator@1.0::IAllocator/ashmem (start delay of 57ms)
08-10 03:12:58.207   678   678 I ServiceManagement: Removing namespace from process name android.hidl.allocator@1.0-service to allocator@1.0-service.
08-10 03:12:58.229   679   679 I ServiceManagement: Registered android.system.suspend@1.0::ISystemSuspend/default (start delay of 80ms)
08-10 03:12:58.229   679   679 I ServiceManagement: Removing namespace from process name android.system.suspend@1.0-service to suspend@1.0-service.
08-10 03:12:58.263   688   688 I health@2.0/: health@2.0/default: Hal starting main loop...
08-10 03:12:58.263   688   688 I health@2.0/: health@2.0/default Hal is starting up...
08-10 03:12:58.272   680   680 I android.hardware.bluetooth@1.0-service: vendorEnhancedInfo: 3
08-10 03:12:58.273   680   680 I android.hardware.bluetooth@1.0-service: isVendorEnhancedFramework: 1
08-10 03:12:58.273   680   680 I android.hardware.bluetooth@1.0-service: Registering BT Service
08-10 03:12:58.273   690   690 I ServiceManagement: Registered android.hardware.memtrack@1.0::IMemtrack/default (start delay of 94ms)
08-10 03:12:58.273   690   690 I ServiceManagement: Removing namespace from process name android.hardware.memtrack@1.0-service to memtrack@1.0-service.
08-10 03:12:58.273   690   690 I android.hardware.memtrack@1.0-service: Registration complete for android.hardware.memtrack@1.0::IMemtrack/default.
08-10 03:12:58.279   689   689 E light   : light_open lights keyboard failed: -22
08-10 03:12:58.279   689   689 E light   : Light passthrough failed to load legacy HAL.
08-10 03:12:58.280   689   689 E light   : light_open lights buttons failed: -22
08-10 03:12:58.280   689   689 E light   : Light passthrough failed to load legacy HAL.
08-10 03:12:58.283   689   689 E light   : light_open lights bluetooth failed: -22
08-10 03:12:58.283   689   689 E light   : Light passthrough failed to load legacy HAL.
08-10 03:12:58.283   689   689 E light   : light_open lights wifi failed: -22
08-10 03:12:58.283   689   689 E light   : Light passthrough failed to load legacy HAL.
08-10 03:12:58.296   699   699 E OEMLIGHT: OemLight Hal start
08-10 03:12:58.296   699   699 E OEMLIGHT: power LED not support
08-10 03:12:58.296   699   699 E OEMLIGHT: function LED not support
08-10 03:12:58.303   688   688 I ServiceManagement: Registered android.hardware.health@2.0::IHealth/default (start delay of 124ms)
08-10 03:12:58.303   688   688 I ServiceManagement: Removing namespace from process name android.hardware.health@2.0-service to health@2.0-service.
08-10 03:12:58.303   688   688 I health@2.0/: health@2.0/default: Hal init done
08-10 03:12:58.303   695   695 I ServiceManagement: Registered android.hardware.usb@1.0::IUsb/default (start delay of 105ms)
08-10 03:12:58.304   695   695 I ServiceManagement: Removing namespace from process name android.hardware.usb@1.0-service to usb@1.0-service.
08-10 03:12:58.304   695   695 I android.hardware.usb@1.0-service: USB HAL Ready.
08-10 03:12:58.304     0     0 W healthd : battery none chg=a
08-10 03:12:58.305   699   699 I ServiceManagement: Registered vendor.elo.hardware.oemlight@1.0::IOemLight/default (start delay of 96ms)
08-10 03:12:58.305   699   699 I ServiceManagement: Removing namespace from process name vendor.elo.hardware.oemlight@1.0-service to oemlight@1.0-service.
08-10 03:12:58.307   691   691 I QTI PowerHAL: Initing
08-10 03:12:58.308   689   689 I ServiceManagement: Registered android.hardware.light@2.0::ILight/default (start delay of 130ms)
08-10 03:12:58.309   689   689 I ServiceManagement: Removing namespace from process name android.hardware.light@2.0-service to light@2.0-service.
08-10 03:12:58.309   689   689 I         : Registration complete for android.hardware.light@2.0::ILight/default.
08-10 03:12:58.312   693   693 I ServiceManagement: Registered android.hardware.thermal@1.0::IThermal/default (start delay of 123ms)
08-10 03:12:58.313   693   693 I ServiceManagement: Removing namespace from process name android.hardware.thermal@1.0-service to thermal@1.0-service.
08-10 03:12:58.313   693   693 I android.hardware.thermal@1.0-service: Registration complete for android.hardware.thermal@1.0::IThermal/default.
08-10 03:12:58.315   691   691 I ServiceManagement: Registered android.hardware.power@1.0::IPower/default (start delay of 126ms)
08-10 03:12:58.315   691   691 I ServiceManagement: Removing namespace from process name android.hardware.power@1.0-service to power@1.0-service.
08-10 03:12:58.315   691   691 I android.hardware.power@1.0-service: Registration complete for android.hardware.power@1.0::IPower/default.
08-10 03:12:58.316   702   702 I ServiceManagement: Registered vendor.elo.hardware.oemuinput@1.0::IOemUinput/default (start delay of 97ms)
08-10 03:12:58.316   702   702 I ServiceManagement: Removing namespace from process name vendor.elo.hardware.oemuinput@1.0-service to oemuinput@1.0-service.
08-10 03:12:58.319   684   684 I ServiceManagement: Registered android.hardware.drm@1.0::IDrmFactory/default (start delay of 150ms)
08-10 03:12:58.319   684   684 I ServiceManagement: Removing namespace from process name android.hardware.drm@1.0-service to drm@1.0-service.
08-10 03:12:58.319   684   684 I         : Registration complete for android.hardware.drm@1.0::IDrmFactory/default.
08-10 03:12:58.323   704   704 D hal-OemUsbConfig: OemUsbConfig hal start
08-10 03:12:58.328   684   684 I ServiceManagement: Registered android.hardware.drm@1.0::ICryptoFactory/default (start delay of 159ms)
08-10 03:12:58.328   684   684 I ServiceManagement: Removing namespace from process name android.hardware.drm@1.0-service to drm@1.0-service.
08-10 03:12:58.328   684   684 I         : Registration complete for android.hardware.drm@1.0::ICryptoFactory/default.
08-10 03:12:58.329   704   704 I ServiceManagement: Registered vendor.elo.hardware.oemusbconfig@1.0::IOemUsbConfig/default (start delay of 101ms)
08-10 03:12:58.329   704   704 I ServiceManagement: Removing namespace from process name vendor.elo.hardware.oemusbconfig@1.0-service to oemusbconfig@1.0-service.
08-10 03:12:58.332   680   680 I ServiceManagement: Registered android.hardware.bluetooth@1.0::IBluetoothHci/default (start delay of 174ms)
08-10 03:12:58.333   680   680 I ServiceManagement: Removing namespace from process name android.hardware.bluetooth@1.0-service-qti to bluetooth@1.0-service-qti.
08-10 03:12:58.333   680   680 I         : Registration complete for android.hardware.bluetooth@1.0::IBluetoothHci/default.
08-10 03:12:58.333   680   680 I android.hardware.bluetooth@1.0-service: Registering ANT Service
08-10 03:12:58.340   701   701 I OEMPowerUtil: initialize().
08-10 03:12:58.346   625   631 E QMI_FW  : ctrl_msg_reader_thread: control thread received ENETRESET 102
08-10 03:12:58.346   625   625 E QMI_FW  : xport_lookup: No RX for lookup -1
08-10 03:12:58.347   625   625 D QC-time-services: Daemon:genoff_modem_qmi_init: Initializing QMI 
08-10 03:12:58.349   680   680 I ServiceManagement: Registered com.qualcomm.qti.ant@1.0::IAntHci/default (start delay of 190ms)
08-10 03:12:58.349   680   680 I         : Registration complete for com.qualcomm.qti.ant@1.0::IAntHci/default.
08-10 03:12:58.349   680   680 I android.hardware.bluetooth@1.0-service: Registering SAR service
08-10 03:12:58.355   694   694 I auditd  : type=1400 audit(0.0:8): avc: denied { read } for comm="android.hardwar" name="pa" dev="sysfs" ino=31926 scontext=u:r:hal_tv_cec_default:s0 tcontext=u:object_r:sysfs:s0 tclass=file permissive=0
08-10 03:12:58.355   694   694 W android.hardwar: type=1400 audit(0.0:8): avc: denied { read } for name="pa" dev="sysfs" ino=31926 scontext=u:r:hal_tv_cec_default:s0 tcontext=u:object_r:sysfs:s0 tclass=file permissive=0
08-10 03:12:58.355   711   711 D QSEECOMAPI: QSEECom_get_handle sb_length = 0x2800
08-10 03:12:58.356   711   711 D QSEECOMAPI: App is not loaded in QSEE
08-10 03:12:58.358   716   716 I chatty  : uid=0(root) expire 3 lines
08-10 03:12:58.359   698   698 I ServiceManagement: Registered vendor.elo.hardware.oemkeys@1.0::IOemKeys/default (start delay of 150ms)
08-10 03:12:58.359   698   698 I ServiceManagement: Removing namespace from process name vendor.elo.hardware.oemkeys@1.0-service to oemkeys@1.0-service.
08-10 03:12:58.360   711   711 D QSEECOMAPI: app_arch = 2, total_files = 9
08-10 03:12:58.361   712   712 D         : tui_comm: svc service starting :)
08-10 03:12:58.361     0     0 I sysmon-qmi: ssctl_new_server: Connection established between QMI handle and adsp's SSCTL service
08-10 03:12:58.361   701   701 I ServiceManagement: Registered vendor.elo.hardware.oempowersave@1.0::IOemPowerSave/default (start delay of 143ms)
08-10 03:12:58.362   701   701 I ServiceManagement: Removing namespace from process name vendor.elo.hardware.oempowersave@1.0-service to oempowersave@1.0-service.
08-10 03:12:58.364     0     0 E diag    : In diag_send_feature_mask_update, control channel is not open, p: 5, 00000000c670fcf1
08-10 03:12:58.365   716   716 E irsc_util: irsc_feed_config: Security config ioctl failed
08-10 03:12:58.366   711   711 E ion     : ioctl c0044901 failed with code -1: Not a typewriter
08-10 03:12:58.367   705   705 D vendor.qti.esepowermanager@1.0-service: loading eseservice
08-10 03:12:58.368   694   694 E qdhdmi_cec: write_node: Failed to access path: /sys/devices/virtual/graphics/fb1/cec/logical_addr error: No such file or directory
08-10 03:12:58.368   694   694 E qdhdmi_cec: write_node: Failed to access path: /sys/devices/virtual/graphics/fb1/cec/enable error: No such file or directory
08-10 03:12:58.368   694   694 E qdhdmi_cec: cec_enable: Failed to toggle CEC: enable: 1
08-10 03:12:58.368   694   694 D qdhdmi_cec: cec_init_context: CEC enabled
08-10 03:12:58.368   694   694 E qdhdmi_cec: Node open failed for display 1 event cec/rd_msg error No such file or directory
08-10 03:12:58.368   694   694 E qdhdmi_cec: Failed to set poll event parameters
08-10 03:12:58.368   694   694 E qdhdmi_cec: Failed to populate poll parameters for monitoring HDMI CEC events. Exiting.
08-10 03:12:58.368   694   694 E qdhdmi_cec: write_node: Failed to access path: /sys/devices/virtual/graphics/fb1/cec/enable error: No such file or directory
08-10 03:12:58.368   694   694 E qdhdmi_cec: cec_enable: Failed to toggle CEC: enable: 0
08-10 03:12:58.369   680   680 E vendor.qti.hardware.bluetooth_sar@1.0-BluetoothSar: HIDL_FETCH_IBluetoothSar
08-10 03:12:58.369   705   705 D QSEECOMAPI: QSEECom_get_handle sb_length = 0x400
08-10 03:12:58.369   705   705 D QSEECOMAPI: App is not loaded in QSEE
08-10 03:12:58.369   705   705 E QSEECOMAPI: Error::Cannot open the file /vendor/firmware_mnt/image/eseservice.mdt errno = 2
08-10 03:12:58.369   705   705 E QSEECOMAPI: Error::Loading image failed with ret = -1
08-10 03:12:58.369   705   705 D vendor.qti.esepowermanager@1.0-service: loading eseservice failed
08-10 03:12:58.369   705   705 D vendor.qti.esepowermanager@1.0-service: eSEPowerManager is starting
08-10 03:12:58.370     0     0 E diag    : In diag_send_peripheral_buffering_mode, buffering flag not set for 5
08-10 03:12:58.372   680   680 I ServiceManagement: Registered vendor.qti.hardware.bluetooth_sar@1.0::IBluetoothSar/default (start delay of 214ms)
08-10 03:12:58.372   694   694 I ServiceManagement: Registered android.hardware.tv.cec@1.0::IHdmiCec/default (start delay of 184ms)
08-10 03:12:58.372   694   694 I ServiceManagement: Removing namespace from process name android.hardware.tv.cec@1.0-service to cec@1.0-service.
08-10 03:12:58.372   680   680 I         : Registration complete for vendor.qti.hardware.bluetooth_sar@1.0::IBluetoothSar/default.
08-10 03:12:58.372   680   680 I android.hardware.bluetooth@1.0-service: Registering BT Config store Service
08-10 03:12:58.372   694   694 I android.hardware.tv.cec@1.0-service: Registration complete for android.hardware.tv.cec@1.0::IHdmiCec/default.
08-10 03:12:58.379   712   712 I ServiceManagement: Registered vendor.qti.hardware.tui_comm@1.0::ITuiComm/default (start delay of 121ms)
08-10 03:12:58.380   712   712 I ServiceManagement: Removing namespace from process name vendor.qti.hardware.tui_comm@1.0-service-qti to tui_comm@1.0-service-qti.
08-10 03:12:58.380   712   712 E         : Registered ITuiComm HAL service success!
08-10 03:12:58.387   625   741 D QC-time-services: Daemon: Time-services: All initializations done
08-10 03:12:58.387   625   741 E QC-time-services: Daemon: Time-services: Waiting to acceptconnection
08-10 03:12:58.390   680   680 I ServiceManagement: Registered vendor.qti.hardware.btconfigstore@1.0::IBTConfigStore/default (start delay of 232ms)
08-10 03:12:58.390   680   680 I         : Registration complete for vendor.qti.hardware.btconfigstore@1.0::IBTConfigStore/default.
08-10 03:12:58.395   705   705 I ServiceManagement: Registered vendor.qti.esepowermanager@1.0::IEsePowerManager/default (start delay of 166ms)
08-10 03:12:58.395   705   705 I ServiceManagement: Removing namespace from process name vendor.qti.esepowermanager@1.0-service to esepowermanager@1.0-service.
08-10 03:12:58.395   705   705 I vendor.qti.esepowermanager@1.0-service: Registration complete for vendor.qti.esepowermanager@1.0::IEsePowerManager/default.
08-10 03:12:58.396   700   700 I vendor.elo.hardware.oemmisc@1.0-service: OemMisc Service start!
08-10 03:12:58.403     0     0 E rmt_storage: INFO:check_support_using_libmdm: Modem subsystem found on target!
08-10 03:12:58.403   719   719 I PerMgrSrv: Adding entry for modem : offTimeout : 500 ackTimeout : 200
08-10 03:12:58.403   731   731 I vendor.rmt_storage: Modem subsystem found on target!
08-10 03:12:58.404   731   731 I vendor.rmt_storage: Shared memory initialised successfully.
08-10 03:12:58.404   731   731 I vendor.rmt_storage: Registering modemst1: 0x4a /boot/modem_fs1
08-10 03:12:58.404   731   731 I vendor.rmt_storage: Registering modemst2: 0x4b /boot/modem_fs2
08-10 03:12:58.404   731   731 I vendor.rmt_storage: Registering fsc: 0xff /boot/modem_fsc
08-10 03:12:58.404   731   731 I vendor.rmt_storage: Registering fsg: 0x58 /boot/modem_fsg
08-10 03:12:58.404   731   731 I vendor.rmt_storage: 4 GPT partitions found
08-10 03:12:58.404   731   731 I vendor.rmt_storage: Capset success!
08-10 03:12:58.405     0     0 E rmt_storage: INFO:main: Done with init now waiting for messages!
08-10 03:12:58.406   720   720 I pd-mapper-svc: Starting pd-mapper service
08-10 03:12:58.407   720   720 I pd-mapper-svc: Parsing file :/vendor/firmware_mnt/image/adspr.jsn:
08-10 03:12:58.408   732   732 I tftp_server: Initializing tftp_server RING buffer
08-10 03:12:58.408   732   732 I tftp_server: Starting...
08-10 03:12:58.411   707   707 D         : QdutilsDisp: svc service starting :)
08-10 03:12:58.412     0     0 E diag    : In diag_send_feature_mask_update, control channel is not open, p: 1, 00000000b671c7cd
08-10 03:12:58.412   708   708 I ServiceManagement: Registered vendor.qti.hardware.qteeconnector@1.0::IAppConnector/default (start delay of 163ms)
08-10 03:12:58.413   708   708 I ServiceManagement: Removing namespace from process name vendor.qti.hardware.qteeconnector@1.0-service to qteeconnector@1.0-service.
08-10 03:12:58.415   720   720 I pd-mapper-svc: Parsing file :/vendor/firmware_mnt/image/adsps.jsn:
08-10 03:12:58.415   720   720 I pd-mapper-svc: Parsing file :/vendor/firmware_mnt/image/adspua.jsn:
08-10 03:12:58.416   720   720 I pd-mapper-svc: Parsing file :/vendor/firmware_mnt/image/cdspr.jsn:
08-10 03:12:58.416   729   729 W logd2   : Should set uid/gid from root to system
08-10 03:12:58.416   729   729 W logd2   : waiting client connection
08-10 03:12:58.416   720   720 I pd-mapper-svc: Parsing file :/vendor/firmware_mnt/image/modemr.jsn:
08-10 03:12:58.417   497   497 I hwservicemanager: getTransport: Cannot find entry android.hardware.gnss@2.0::IGnss/default in either framework or device manifest.
08-10 03:12:58.417   708   708 I ServiceManagement: Registered vendor.qti.hardware.qteeconnector@1.0::IGPAppConnector/default (start delay of 169ms)
08-10 03:12:58.418   708   708 I ServiceManagement: Removing namespace from process name vendor.qti.hardware.qteeconnector@1.0-service to qteeconnector@1.0-service.
08-10 03:12:58.418   720   720 I pd-mapper-svc: Parsing file :/vendor/firmware_mnt/image/modemuw.jsn:
08-10 03:12:58.421   692   692 E libsensor1: check_sensors_enabled: Sensors enabled = true
08-10 03:12:58.422   700   700 I ServiceManagement: Registered vendor.elo.hardware.oemmisc@1.0::IOemMisc/default (start delay of 203ms)
08-10 03:12:58.422   730   730 I qpart-server: *** Starting Qpart Server *** 
08-10 03:12:58.422   730   730 I qpart-server: sizeof(T_Socket_Packet):40
08-10 03:12:58.422   730   730 I qpart-server: SOCKET_PKT_HEADER_LEN:40
08-10 03:12:58.422   730   730 I qpart-server: init all signals
08-10 03:12:58.422   700   700 I ServiceManagement: Removing namespace from process name vendor.elo.hardware.oemmisc@1.0-service to oemmisc@1.0-service.
08-10 03:12:58.422   730   730 I qpart-server: waiting client connection
