08-03 01:42:31.558  1026  1026 I PerMgrProxy: Casting proxy vote for modem
08-03 01:42:31.558  1026  1026 D PerMgrLib: PM-PROXY-THREAD voting for modem
08-03 01:42:31.558   677   801 D msm8974_platform: platform_get_mixer_control: mixer ctl not obtained
08-03 01:42:31.558   717   746 D PerMgrSrv: PM-PROXY-THREAD voting for modem
08-03 01:42:31.558   717   746 D PerMgrSrv: modem new state: going on-line
08-03 01:42:31.558   717   746 D PerMgrSrv: modem num voters is 1
08-03 01:42:31.558  1026  1026 I PerMgrProxy: pm-proxy-thread vote successful for modem
08-03 01:42:31.560   677   801 D msm8974_platform: platform_get_mixer_control: mixer ctl not obtained
08-03 01:42:31.563     0     0 I subsys-restart: __subsystem_get(): Changing subsys fw_name to modem
08-03 01:42:31.585   677   801 D msm8974_platform: platform_get_mixer_control: mixer ctl not obtained
08-03 01:42:31.586  1033  1033 I chatty  : uid=1013(media) /vendor/bin/adsprpcd expire 5 lines
08-03 01:42:31.592  1032  1032 I chatty  : uid=1013(media) adsprpcd expire 8 lines
08-03 01:42:31.592   677   801 D msm8974_platform: platform_get_mixer_control: mixer ctl not obtained
08-03 01:42:31.604   677   801 D msm8974_platform: platform_get_mixer_control: mixer ctl not obtained
08-03 01:42:31.604   677   801 E audio_hw_utils: audio_extn_utils_get_codec_variant: ERROR. cannot open /proc/asound/card0/codecs/wcd937x/variant
08-03 01:42:31.608     0     0 I pil-q6v5-mss 4080000.qcom,mss: modem: loading from 0x000000008ac00000 to 0x000000008dc00000
08-03 01:42:31.614  1028  1028 I chatty  : uid=1047(cameraserver) provider@2.4-ex expire 14 lines
08-03 01:42:31.616  1029  1029 E QCOMSysDaemon: Can't find/open bootselect node: (No such file or directory)
08-03 01:42:31.617  1029  1029 I QCOMSysDaemon: Starting qcom system daemon
08-03 01:42:31.617  1025  1025 I /system/bin/adbd: Not payment device, enable adbd
08-03 01:42:31.617  1025  1025 I /system/bin/adbd: 
08-03 01:42:31.619  1025  1025 I adbd    : ro.boot.qvar :1.16.0.0.
08-03 01:42:31.619  1025  1025 I adbd    : 
08-03 01:42:31.619  1025  1025 I adbd    : [item :]root, [flag :]1
08-03 01:42:31.619  1025  1025 I adbd    : 
08-03 01:42:31.619  1025  1025 I adbd    : ro.boot.qvar :1.16.0.0.
08-03 01:42:31.619  1025  1025 I adbd    : 
08-03 01:42:31.619  1025  1025 I adbd    : [item :]adb_auth, [flag :]0
08-03 01:42:31.619  1025  1025 I adbd    : 
08-03 01:42:31.619  1025  1025 I adbd    : ro.boot.qvar :1.16.0.0.
08-03 01:42:31.619  1025  1025 I adbd    : 
08-03 01:42:31.619  1025  1025 I adbd    : [item :]root, [flag :]1
08-03 01:42:31.619  1025  1025 I adbd    : 
08-03 01:42:31.622  1025  1025 I adbd    : adbd listening on port 5555
08-03 01:42:31.629   677   677 I auditd  : type=1400 audit(0.0:9): avc: denied { read } for comm="HwBinder:677_2" name="u:object_r:default_prop:s0" dev="tmpfs" ino=17092 scontext=u:r:hal_audio_default:s0 tcontext=u:object_r:default_prop:s0 tclass=file permissive=0
08-03 01:42:31.629   677   677 W HwBinder:677_2: type=1400 audit(0.0:9): avc: denied { read } for name="u:object_r:default_prop:s0" dev="tmpfs" ino=17092 scontext=u:r:hal_audio_default:s0 tcontext=u:object_r:default_prop:s0 tclass=file permissive=0
08-03 01:42:31.637   677   801 D audio_hw_utils: audio_extn_utils_update_streams_cfg_lists: failed to open io config file(/vendor/etc/audio_io_policy.conf), trying older config file
08-03 01:42:31.638   677   801 I audio_hw_utils: load_cfg_list: could not load input, node is NULL
08-03 01:42:31.640   677   801 E libc    : Access denied finding property "audio_hal.in_period_size"
08-03 01:42:31.640   677   801 W audio_hw_sndmonitor: access /proc/asound/card0/cpe0_state failed w/ err No such file or directory
08-03 01:42:31.641   677   801 I soundtrigger: audio_extn_sound_trigger_init: Enter
08-03 01:42:31.641   677   801 I soundtrigger: audio_extn_sound_trigger_init: DLOPEN successful for /vendor/lib/hw/sound_trigger.primary.sdm660.so
08-03 01:42:31.641   677   801 D soundtrigger: audio_extn_sound_trigger_init: sthal is using proprietary API version 0x0101
08-03 01:42:31.641   677   801 D sound_trigger_hw: handle_battery_status_change: battery status changed to 0
08-03 01:42:31.641   677   801 E sound_trigger_hw: get_num_sessions: sound model list is yet to be initialized
08-03 01:42:31.642   677   801 E audio_hw_primary: adev_open: ERROR. Could not get ctl for mixer cmd - AudStr 0 ChMixer Weight Ch 1
08-03 01:42:31.642   677   801 D audio_hw_primary: [is_exdp_device] prop ro.vendor.oem.hw.feature = (eth-PoE-GSen-DuSpk-GPIO-AdbMux-eRTC-Key2-dmic-SD-exPD)
08-03 01:42:31.642   677   801 D audio_hw_primary: [is_hdmi_device] prop ro.vendor.oem.hw.feature = (eth-PoE-GSen-DuSpk-GPIO-AdbMux-eRTC-Key2-dmic-SD-exPD)
08-03 01:42:31.643   677   800 W DeviceHAL: Error from HAL Device in function get_master_volume: Function not implemented
08-03 01:42:31.643   677   800 W DeviceHAL: Error from HAL Device in function get_master_mute: Function not implemented
08-03 01:42:31.643   677   800 W DeviceHAL: Error from HAL Device in function set_master_volume: Function not implemented
08-03 01:42:31.643   677   800 W DeviceHAL: Error from HAL Device in function set_master_mute: Function not implemented
08-03 01:42:31.644   721   721 I AudioFlinger: loadHwModule() Loaded primary audio interface, handle 10
08-03 01:42:31.644   721   721 I AudioFlinger: openOutput() this 0x72b0305600, module 10 Device 0x2, SamplingRate 48000, Format 0x000001, Channels 0x3, flags 0x6
08-03 01:42:31.644   677   800 D audio_hw_primary: adev_open_output_stream: enter: format(0x1) sample_rate(48000) channel_mask(0x3) devices(0x2) flags(0x6)        stream_handle(0xf0a4f000) address()
08-03 01:42:31.644   677   800 I audio_hw_primary: adev_open_output_stream: dynamic qos voting not enabled for platform
08-03 01:42:31.644   677   800 I audio_hw_utils: audio_extn_utils_update_stream_output_app_type_cfg Allowing 24 and above bits playback on speaker ONLY at default sampling rate
08-03 01:42:31.644   677   800 D audio_hw_utils: audio_extn_utils_update_stream_output_app_type_cfg: flags: 6, format: 1 sample_rate 48000, profile , app_type 0
08-03 01:42:31.644   677   800 D audio_hw_primary: adev_open_output_stream: Stream (0xf0a4f000) picks up usecase (low-latency-playback)
08-03 01:42:31.644  1031  1031 I ThermalEngine: Thermal daemon started
08-03 01:42:31.645   721   721 I AudioFlinger: HAL output buffer size 192 frames, normal sink buffer size 960 frames
08-03 01:42:31.645   721   721 V AudioFlinger: mHwSupportsSuspend: 0 value 0, addr 0x72b03ebeff
08-03 01:42:31.646   721   721 V AudioFlinger: MixerThread() id=13 device=0x2 type=0
08-03 01:42:31.646   721   721 V AudioFlinger: mSampleRate=48000, mChannelMask=0x3, mChannelCount=2, mFormat=0x1, mFrameSize=4, mFrameCount=192, mNormalFrameCount=960
08-03 01:42:31.647  1025  1058 I adbd    : opening control endpoint /dev/usb-ffs/adb/ep0
08-03 01:42:31.651     0     0 I         : read descriptors
08-03 01:42:31.651     0     0 I         : read strings
08-03 01:42:31.652  1041  1041 I imsrcsd : Uce Service HAL  is starting up...
08-03 01:42:31.653  1031  1031 I ThermalEngine: No target config file, falling back to '/vendor/etc/thermal-engine.conf'
08-03 01:42:31.654     0     0 E MAIN_MGR: hvdcp_opti Version: 3:0:0
08-03 01:42:31.658  1036  1036 E Diag_Lib: qpLogDiagInit <== result : 1
08-03 01:42:31.658  1036  1036 E Diag_Lib: QMID : gIsQXDMDisabled 0, gIsADBDisabled 1, gIsDebugDisabled 0, gIsIMSLogsDisabled 0
08-03 01:42:31.658  1036  1036 E Diag_Lib: [IMS_QMID] |imsqmiserver.c | 541 | QMID#$$#0#QMI DAEMON STARTED
08-03 01:42:31.664  1044  1044 D ELOPartd: ELOPartd
08-03 01:42:31.664  1044  1044 D ELOPartd: argc = 1
08-03 01:42:31.665     0     0 E firmware msadp: _request_firmware_load: firmware state wait timeout: rc = -2
08-03 01:42:31.666     0     0 W pil-q6v5-mss 4080000.qcom,mss: Debug policy not present - msadp. Continue.
08-03 01:42:31.666     0     0 I pil-q6v5-mss 4080000.qcom,mss: Loading MBA and DP (if present) from 0x0000000094800000 to 0x0000000094900000
08-03 01:42:31.666  1044  1044 D ELOPartd: ~~~~ ELOPart_event_set 58d1ad4198 ~~~~
08-03 01:42:31.667  1044  1044 D ELOPartd: ~~~~ +ELOPart_event_add ~~~~
08-03 01:42:31.667  1044  1044 D ELOPartd: ~~~~ added at 0 ~~~~
08-03 01:42:31.668  1045  1045 D LibBpfLoader: Loading ELF object /system/etc/bpf/netd.o with license Apache 2.0
08-03 01:42:31.668  1031  1031 I ThermalEngine: devices_manager_init: Init
08-03 01:42:31.668  1045  1045 D LibBpfLoader: Loaded code section 3 (cgroupskb_ingress_stats)
08-03 01:42:31.668  1031  1031 I ThermalEngine: Number of gpus :1
08-03 01:42:31.668  1045  1045 D LibBpfLoader: Loaded relo section 3 (.relcgroupskb/ingress/stats)
08-03 01:42:31.668  1045  1045 D LibBpfLoader: Adding section 3 to cs list
08-03 01:42:31.668  1031  1031 I ThermalEngine: Number of cpus :8
08-03 01:42:31.669  1045  1045 D LibBpfLoader: Loaded code section 5 (cgroupskb_egress_stats)
08-03 01:42:31.669  1044  1077 D ELOPartd: ~~~~ ELOPart_event_set 58d1ad41e0 ~~~~
08-03 01:42:31.669  1045  1045 D LibBpfLoader: Loaded relo section 5 (.relcgroupskb/egress/stats)
08-03 01:42:31.669  1044  1077 D ELOPartd: ~~~~ +ELOPart_event_add ~~~~
08-03 01:42:31.669  1044  1077 D ELOPartd: ~~~~ added at 1 ~~~~
08-03 01:42:31.669  1045  1045 D LibBpfLoader: Adding section 5 to cs list
08-03 01:42:31.669  1031  1031 I ThermalEngine: update_cpu_topology: Cluster info node not found/sys/module/msm_thermal/cluster_info
08-03 01:42:31.669  1045  1045 D LibBpfLoader: Loaded code section 7 (skfilter_egress_xtbpf)
08-03 01:42:31.669  1045  1045 D LibBpfLoader: Loaded relo section 7 (.relskfilter/egress/xtbpf)
08-03 01:42:31.669  1045  1045 D LibBpfLoader: Adding section 7 to cs list
08-03 01:42:31.669  1045  1045 D LibBpfLoader: Loaded code section 9 (skfilter_ingress_xtbpf)
08-03 01:42:31.669  1045  1045 D LibBpfLoader: Loaded relo section 9 (.relskfilter/ingress/xtbpf)
08-03 01:42:31.669  1045  1045 D LibBpfLoader: Adding section 9 to cs list
08-03 01:42:31.670  1045  1045 D LibBpfLoader: Loaded code section 11 (skfilter_whitelist_xtbpf)
08-03 01:42:31.671  1045  1045 D LibBpfLoader: Loaded relo section 11 (.relskfilter/whitelist/xtbpf)
08-03 01:42:31.671  1045  1045 D LibBpfLoader: Adding section 11 to cs list
08-03 01:42:31.671  1031  1031 E ThermalEngine: read_int_list_from_file: Read error -2.
08-03 01:42:31.671  1031  1031 E ThermalEngine: tmd_add_cpufreq_dev_data: Invalid or no boost freqs
08-03 01:42:31.671  1045  1045 D LibBpfLoader: Loaded code section 13 (skfilter_blacklist_xtbpf)
08-03 01:42:31.671  1045  1045 D LibBpfLoader: Loaded relo section 13 (.relskfilter/blacklist/xtbpf)
08-03 01:42:31.671  1045  1045 D LibBpfLoader: Adding section 13 to cs list
08-03 01:42:31.672  1045  1045 D LibBpfLoader: Loaded code section 15 (cgroupsock_inet_create)
08-03 01:42:31.672  1045  1045 D LibBpfLoader: Loaded relo section 15 (.relcgroupsock/inet/create)
08-03 01:42:31.672  1045  1045 D LibBpfLoader: Adding section 15 to cs list
08-03 01:42:31.672  1033  1066 I chatty  : uid=1013(media) /vendor/bin/adsprpcd expire 9 lines
08-03 01:42:31.672  1031  1031 E ThermalEngine: read_int_list_from_file: Read error -2.
08-03 01:42:31.673  1031  1031 E ThermalEngine: tmd_add_cpufreq_dev_data: Invalid or no boost freqs
08-03 01:42:31.673  1052  1052 I chatty  : uid=0(root) Binder:1052_2 expire 3 lines
08-03 01:42:31.673  1052  1052 E cutils  : Failed to read /data/.layout_version: No such file or directory
08-03 01:42:31.674  1031  1031 E ThermalEngine: read_int_list_from_file: Read error -2.
08-03 01:42:31.674  1031  1031 E ThermalEngine: tmd_add_cpufreq_dev_data: Invalid or no boost freqs
08-03 01:42:31.675  1031  1031 E ThermalEngine: read_int_list_from_file: Read error -2.
08-03 01:42:31.675  1031  1031 E ThermalEngine: tmd_add_cpufreq_dev_data: Invalid or no boost freqs
08-03 01:42:31.676  1031  1031 E ThermalEngine: read_int_list_from_file: Read error -2.
08-03 01:42:31.676  1031  1031 E ThermalEngine: tmd_add_cpufreq_dev_data: Invalid or no boost freqs
08-03 01:42:31.677  1031  1031 E ThermalEngine: read_int_list_from_file: Read error -2.
08-03 01:42:31.677  1031  1031 E ThermalEngine: tmd_add_cpufreq_dev_data: Invalid or no boost freqs
08-03 01:42:31.679  1031  1031 E ThermalEngine: read_int_list_from_file: Read error -2.
08-03 01:42:31.679  1031  1031 E ThermalEngine: tmd_add_cpufreq_dev_data: Invalid or no boost freqs
08-03 01:42:31.680  1031  1031 E ThermalEngine: read_int_list_from_file: Read error -2.
08-03 01:42:31.680  1031  1031 E ThermalEngine: tmd_add_cpufreq_dev_data: Invalid or no boost freqs
08-03 01:42:31.693  1031  1031 I ThermalEngine: tmd_init_cluster_devs: No clusters found
08-03 01:42:31.695  1031  1031 E ThermalEngine: Could not find npu cooling device
08-03 01:42:31.695  1031  1031 E ThermalEngine: tmd_init_npu_device: Invalid NPU level:-1.
08-03 01:42:31.695  1031  1031 E ThermalEngine: devices_init: Init NPU TMD failed -12
08-03 01:42:31.695  1032  1064 I chatty  : uid=1013(media) adsprpcd expire 1 line
08-03 01:42:31.697  1031  1031 I ThermalEngine: vdd_rstr_init: Could not read /sys/module/msm_thermal/vdd_restriction/enabled
08-03 01:42:31.698  1051  1051 I KIT     : KIT firing up 1.08
08-03 01:42:31.699  1051  1051 E KIT     : LogMessageBuffer: Tue Aug  3 05:42:31 2021
08-03 01:42:31.699  1051  1051 E KIT     :  KIT firing up
08-03 01:42:31.699  1051  1051 E KIT     : 
08-03 01:42:31.703  1031  1031 E ThermalEngine: open/sys/class/power_supply/battery/system_temp_level failed2
08-03 01:42:31.703  1031  1031 E ThermalEngine: Unable to init battery charging mitigation to 0
08-03 01:42:31.704  1031  1031 I ThermalEngine: sensors_manager_init: Init
08-03 01:42:31.707     0     0 I sn65dsi86_dsi2edp_enable_lately_2nd_part: start
08-03 01:42:31.719  1045  1045 D LibBpfLoader: bpf_create_map name cookie_tag_map, ret: 6
08-03 01:42:31.721  1045  1045 D LibBpfLoader: bpf_create_map name uid_counterset_map, ret: 7
08-03 01:42:31.721     0     0 I pil-q6v5-mss 4080000.qcom,mss: MBA boot done
08-03 01:42:31.723  1045  1045 D LibBpfLoader: bpf_create_map name app_uid_stats_map, ret: 8
08-03 01:42:31.725  1045  1045 D LibBpfLoader: bpf_create_map name stats_map_A, ret: 9
08-03 01:42:31.726  1071  1071 I PerfDaemon: PerfDaemon is starting.
08-03 01:42:31.726  1045  1045 D LibBpfLoader: bpf_create_map name stats_map_B, ret: 10
08-03 01:42:31.727  1045  1045 D LibBpfLoader: bpf_create_map name iface_stats_map, ret: 11
08-03 01:42:31.727  1045  1045 D LibBpfLoader: bpf_create_map name configuration_map, ret: 12
08-03 01:42:31.727  1045  1045 D LibBpfLoader: bpf_create_map name uid_owner_map, ret: 13
08-03 01:42:31.730  1027  1027 I Dpps    : GetInstance: DppsServer ref count increased to 1
08-03 01:42:31.731  1027  1027 I Dpps    : WaitForComposer():129 Waiting for composer service init
08-03 01:42:31.732  1037  1037 I CLD80211: /system/vendor/bin/cnss_diag: initialized exit socket pair
08-03 01:42:31.733  1037  1037 I CLD80211: /system/vendor/bin/cnss_diag: nlctrl family id: 16 group: fw_logs mcast_id: 21
08-03 01:42:31.733  1037  1037 I CLD80211: /system/vendor/bin/cnss_diag: nlctrl family id: 16 group: host_logs mcast_id: 20
08-03 01:42:31.733  1037  1037 I CLD80211: /system/vendor/bin/cnss_diag: nlctrl family id: 16 group: diag_events mcast_id: 23
08-03 01:42:31.733  1037  1037 I CNSS    : cnss_open_log_file: create directory /data/vendor/wifi/wlan_logs/ ret = 0 errno= 2
08-03 01:42:31.733  1037  1037 I CNSS    : failed to open file a+ mode or file size 0 is less than max_file_size 31457280
08-03 01:42:31.734  1037  1037 I CNSS    : cnss_open_log_file: directory /data/vendor/wifi/wlan_logs/ created
08-03 01:42:31.734  1037  1037 I CNSS    : failed to open file a+ mode or file size 0 is less than max_file_size 31457280
08-03 01:42:31.734  1037  1037 I CNSS    : cnss_open_log_file: directory /data/vendor/wifi/wlan_logs/ created
08-03 01:42:31.734  1037  1037 I CNSS    : failed to open file a+ mode or file size 0 is less than max_file_size 31457280
08-03 01:42:31.734  1037  1037 I CNSS    : initialize_cnsslog_timer: create cnss log timer 
08-03 01:42:31.744  1045  1045 D LibBpfLoader: bpf_create_map name iface_index_name_map, ret: 14
08-03 01:42:31.745  1045  1045 D LibBpfLoader: bpf_create_map name uid_permission_map, ret: 15
08-03 01:42:31.745  1045  1045 D LibBpfLoader: map_fd found at 0 is 6 in /system/etc/bpf/netd.o
08-03 01:42:31.745  1045  1045 D LibBpfLoader: map_fd found at 1 is 7 in /system/etc/bpf/netd.o
08-03 01:42:31.745  1045  1045 D LibBpfLoader: map_fd found at 2 is 8 in /system/etc/bpf/netd.o
08-03 01:42:31.745  1045  1045 D LibBpfLoader: map_fd found at 3 is 9 in /system/etc/bpf/netd.o
08-03 01:42:31.745  1045  1045 D LibBpfLoader: map_fd found at 4 is 10 in /system/etc/bpf/netd.o
08-03 01:42:31.745  1045  1045 D LibBpfLoader: map_fd found at 5 is 11 in /system/etc/bpf/netd.o
08-03 01:42:31.745  1045  1045 D LibBpfLoader: map_fd found at 6 is 12 in /system/etc/bpf/netd.o
08-03 01:42:31.745  1045  1045 D LibBpfLoader: map_fd found at 7 is 13 in /system/etc/bpf/netd.o
08-03 01:42:31.745  1045  1045 D LibBpfLoader: map_fd found at 8 is 14 in /system/etc/bpf/netd.o
08-03 01:42:31.745  1045  1045 D LibBpfLoader: map_fd found at 9 is 15 in /system/etc/bpf/netd.o
08-03 01:42:31.746  1045  1045 D LibBpfLoader: applying relo to instruction at byte offset: 616, 	       insn offset 77 , insn 118
08-03 01:42:31.748  1031  1031 E ThermalEngine: pid_init_data: ERROR Uknown device
08-03 01:42:31.748  1031  1031 E ThermalEngine: thermal_monitor_init_data: read camera_thermal_migitation=125000
08-03 01:42:31.749  1031  1080 I ThermalEngine: ADSP thermal mitigation available.
08-03 01:42:31.750  1031  1089 E ThermalEngine: socket creation success
08-03 01:42:31.750  1031  1080 I ThermalEngine: Mitigation:vdd_restriction[ADSP]:0 pending QMI request succeded
08-03 01:42:31.750  1045  1045 D LibBpfLoader: applying relo to instruction at byte offset: 688, 	       insn offset 86 , insn 118
08-03 01:42:31.750  1045  1045 D LibBpfLoader: applying relo to instruction at byte offset: 1040, 	       insn offset 130 , insn 118
08-03 01:42:31.750  1045  1045 D LibBpfLoader: applying relo to instruction at byte offset: 1184, 	       insn offset 148 , insn 118
08-03 01:42:31.751  1045  1045 D LibBpfLoader: applying relo to instruction at byte offset: 1264, 	       insn offset 158 , insn 118
08-03 01:42:31.751  1045  1045 D LibBpfLoader: applying relo to instruction at byte offset: 1368, 	       insn offset 171 , insn 118
08-03 01:42:31.751  1045  1045 D LibBpfLoader: applying relo to instruction at byte offset: 1472, 	       insn offset 184 , insn 118
08-03 01:42:31.751  1045  1045 D LibBpfLoader: applying relo to instruction at byte offset: 1512, 	       insn offset 189 , insn 118
08-03 01:42:31.751  1045  1045 D LibBpfLoader: applying relo to instruction at byte offset: 1632, 	       insn offset 204 , insn 118
08-03 01:42:31.751  1045  1045 D LibBpfLoader: applying relo to instruction at byte offset: 1736, 	       insn offset 217 , insn 118
08-03 01:42:31.751  1045  1045 D LibBpfLoader: applying relo to instruction at byte offset: 1776, 	       insn offset 222 , insn 118
08-03 01:42:31.751  1045  1045 D LibBpfLoader: applying relo to instruction at byte offset: 2064, 	       insn offset 258 , insn 118
08-03 01:42:31.751  1045  1045 D LibBpfLoader: applying relo to instruction at byte offset: 2168, 	       insn offset 271 , insn 118
08-03 01:42:31.751  1045  1045 D LibBpfLoader: applying relo to instruction at byte offset: 2208, 	       insn offset 276 , insn 118
08-03 01:42:31.751  1045  1045 D LibBpfLoader: applying relo to instruction at byte offset: 2328, 	       insn offset 291 , insn 118
08-03 01:42:31.751  1045  1045 D LibBpfLoader: applying relo to instruction at byte offset: 2432, 	       insn offset 304 , insn 118
08-03 01:42:31.751  1045  1045 D LibBpfLoader: applying relo to instruction at byte offset: 2472, 	       insn offset 309 , insn 118
08-03 01:42:31.751  1045  1045 D LibBpfLoader: applying relo to instruction at byte offset: 2720, 	       insn offset 340 , insn 118
08-03 01:42:31.751  1045  1045 D LibBpfLoader: applying relo to instruction at byte offset: 2824, 	       insn offset 353 , insn 118
08-03 01:42:31.751  1045  1045 D LibBpfLoader: applying relo to instruction at byte offset: 2864, 	       insn offset 358 , insn 118
08-03 01:42:31.751  1045  1045 D LibBpfLoader: applying relo to instruction at byte offset: 608, 	       insn offset 76 , insn 118
08-03 01:42:31.751  1045  1045 D LibBpfLoader: applying relo to instruction at byte offset: 680, 	       insn offset 85 , insn 118
08-03 01:42:31.752  1045  1045 D LibBpfLoader: applying relo to instruction at byte offset: 904, 	       insn offset 113 , insn 118
08-03 01:42:31.752  1045  1045 D LibBpfLoader: applying relo to instruction at byte offset: 1048, 	       insn offset 131 , insn 118
08-03 01:42:31.752  1045  1045 D LibBpfLoader: applying relo to instruction at byte offset: 1128, 	       insn offset 141 , insn 118
08-03 01:42:31.752  1045  1045 D LibBpfLoader: applying relo to instruction at byte offset: 1232, 	       insn offset 154 , insn 118
08-03 01:42:31.752   677   800 E EffectsFactoryConfigLoader: Error querying effect 7d1580bd-297f-4683-9239-e475b6d1d69f on lib offload_bundle
08-03 01:42:31.752  1045  1045 D LibBpfLoader: applying relo to instruction at byte offset: 1336, 	       insn offset 167 , insn 118
08-03 01:42:31.752  1045  1045 D LibBpfLoader: applying relo to instruction at byte offset: 1376, 	       insn offset 172 , insn 118
08-03 01:42:31.752   677   800 D volume_listener: init_once Called 
08-03 01:42:31.752  1045  1045 D LibBpfLoader: applying relo to instruction at byte offset: 1496, 	       insn offset 187 , insn 118
08-03 01:42:31.752  1045  1045 D LibBpfLoader: applying relo to instruction at byte offset: 1600, 	       insn offset 200 , insn 118
08-03 01:42:31.752  1045  1045 D LibBpfLoader: applying relo to instruction at byte offset: 1640, 	       insn offset 205 , insn 118
08-03 01:42:31.752  1045  1045 D LibBpfLoader: applying relo to instruction at byte offset: 1928, 	       insn offset 241 , insn 118
08-03 01:42:31.752  1045  1045 D LibBpfLoader: applying relo to instruction at byte offset: 2032, 	       insn offset 254 , insn 118
08-03 01:42:31.752  1045  1045 D LibBpfLoader: applying relo to instruction at byte offset: 2072, 	       insn offset 259 , insn 118
08-03 01:42:31.753   677   800 D msm8974_platform: platform_get_gain_level_mapping: empty or currupted gain_mapping_table
08-03 01:42:31.753  1045  1045 D LibBpfLoader: applying relo to instruction at byte offset: 2192, 	       insn offset 274 , insn 118
08-03 01:42:31.753   677   800 D volume_listener: init_once: using default volume table
08-03 01:42:31.753  1045  1045 D LibBpfLoader: applying relo to instruction at byte offset: 2296, 	       insn offset 287 , insn 118
08-03 01:42:31.753   677   800 E EffectsFactoryConfigLoader: 1 errors during loading of configuration: /vendor/etc/audio_effects.xml
08-03 01:42:31.753   677   800 E EffectsFactory: Effect config is partially invalid, skipped 1 elements
08-03 01:42:31.753  1045  1045 D LibBpfLoader: applying relo to instruction at byte offset: 2336, 	       insn offset 292 , insn 118
08-03 01:42:31.753  1045  1045 D LibBpfLoader: applying relo to instruction at byte offset: 2584, 	       insn offset 323 , insn 118
08-03 01:42:31.753  1045  1045 D LibBpfLoader: applying relo to instruction at byte offset: 2688, 	       insn offset 336 , insn 118
08-03 01:42:31.753   721   721 I BufferProvider: found effect "Multichannel Downmix To Stereo" from The Android Open Source Project
08-03 01:42:31.753  1045  1045 D LibBpfLoader: applying relo to instruction at byte offset: 2728, 	       insn offset 341 , insn 118
08-03 01:42:31.753   721   721 V AudioFlinger: format changed from 0x1 to 0x5
08-03 01:42:31.753   721   721 V AudioFlinger: openOutput_l() created mixer output: ID 13 thread 0x72b03e9b40
08-03 01:42:31.754   721   721 V AudioFlinger: PlaybackThread::ioConfigChanged, thread 0x72b03e9b40, event 1
08-03 01:42:31.754   721   721 I AudioFlinger: Using module 10 as the primary audio interface
08-03 01:42:31.755   721  1118 I AudioFlinger: AudioFlinger's thread 0x72b03e9b40 tid=1118 ready to run
08-03 01:42:31.756  1031  1031 I ThermalEngine: Loading config file for virtual sensor
08-03 01:42:31.756  1031  1031 I ThermalEngine: Loading configuration file /vendor/etc/thermal-engine.conf
08-03 01:42:31.756  1045  1045 D LibBpfLoader: applying relo to instruction at byte offset: 40, 	       insn offset 5 , insn 118
08-03 01:42:31.757  1045  1045 D LibBpfLoader: applying relo to instruction at byte offset: 144, 	       insn offset 18 , insn 118
08-03 01:42:31.757  1045  1045 D LibBpfLoader: applying relo to instruction at byte offset: 184, 	       insn offset 23 , insn 118
08-03 01:42:31.757   721   721 V APM_AudioPolicyManager: checkAndSetVolume cannot set volume group 3 volume with force use = 0 for comm
08-03 01:42:31.757  1045  1045 D LibBpfLoader: applying relo to instruction at byte offset: 40, 	       insn offset 5 , insn 118
08-03 01:42:31.757  1045  1045 D LibBpfLoader: applying relo to instruction at byte offset: 144, 	       insn offset 18 , insn 118
08-03 01:42:31.757  1045  1045 D LibBpfLoader: applying relo to instruction at byte offset: 184, 	       insn offset 23 , insn 118
08-03 01:42:31.757  1045  1045 D LibBpfLoader: applying relo to instruction at byte offset: 136, 	       insn offset 17 , insn 118
08-03 01:42:31.758   721  1118 D AudioFlinger: updateWakeLockUids_l AudioOut_D uids:
08-03 01:42:31.758   721  1118 W AudioFlinger: no wake lock to update, system not ready yet
08-03 01:42:31.758   721  1118 V AudioFlinger: Audio hardware entering standby, mixer 0x72b03e9b40, suspend count 0
08-03 01:42:31.758   677   800 D audio_hw_primary: out_standby_byfeature: enter: stream (0xf0a4f000) usecase(1: low-latency-playback)
08-03 01:42:31.758   677   800 D audio_hw_primary: out_standby: enter: stream (0xf0a4f000) usecase(1: low-latency-playback)
08-03 01:42:31.758   677   800 D audio_hw_primary: out_standby: exit
08-03 01:42:31.758   721  1118 V AudioFlinger: thread 0x72b03e9b40 type 0 TID 1118 going to sleep
08-03 01:42:31.758   721  1118 V AudioFlinger: thread 0x72b03e9b40 type 0 TID 1118 waking up
08-03 01:42:31.758   721  1118 D AudioFlinger: updateWakeLockUids_l AudioOut_D uids:
08-03 01:42:31.758   721  1118 W AudioFlinger: no wake lock to update, system not ready yet
08-03 01:42:31.758   721  1118 V AudioFlinger: onIdleMixer
08-03 01:42:31.760   721  1118 I chatty  : uid=1041(audioserver) AudioOut_D identical 12 lines
08-03 01:42:31.760   721  1118 V AudioFlinger: onIdleMixer
08-03 01:42:31.761  1031  1031 I ThermalEngine: Parsing section global
08-03 01:42:31.761  1031  1031 E ThermalEngine: virtual_sensors_init: Error getting virtual sensors set
08-03 01:42:31.761  1031  1031 I ThermalEngine: Loading configuration file /vendor/etc/thermal-engine.conf
08-03 01:42:31.761  1031  1031 I ThermalEngine: Parsing section global
08-03 01:42:31.761  1031  1031 E ThermalEngine: sensors_manager_reg_clnt: Invalid sensor pop_mem.
08-03 01:42:31.761  1031  1031 E ThermalEngine: pid_algo_init: Sensor clnt create fail pop_mem
08-03 01:42:31.761  1031  1031 E ThermalEngine: sensors_manager_reg_clnt: Invalid sensor cpu3.
08-03 01:42:31.761  1031  1031 E ThermalEngine: pid_algo_init: Sensor clnt create fail cpu3
08-03 01:42:31.761  1031  1031 E ThermalEngine: sensors_manager_reg_clnt: Invalid sensor cpu2.
08-03 01:42:31.761  1031  1031 E ThermalEngine: pid_algo_init: Sensor clnt create fail cpu2
08-03 01:42:31.761  1031  1031 E ThermalEngine: sensors_manager_reg_clnt: Invalid sensor cpu1.
08-03 01:42:31.761  1031  1031 E ThermalEngine: pid_algo_init: Sensor clnt create fail cpu1
08-03 01:42:31.761  1031  1031 E ThermalEngine: sensors_manager_reg_clnt: Invalid sensor cpu0.
08-03 01:42:31.761  1031  1031 E ThermalEngine: pid_algo_init: Sensor clnt create fail cpu0
08-03 01:42:31.761  1031  1031 I ThermalEngine: pid_algo_init: No PID's to be configured.
08-03 01:42:31.761  1031  1031 I ThermalEngine: [CAMERA_SKIN_EXIT_MITIGATION]
08-03 01:42:31.761  1031  1031 I ThermalEngine: #algo_type monitor
08-03 01:42:31.761  1031  1031 I ThermalEngine: sampling 10000
08-03 01:42:31.761  1031  1031 I ThermalEngine: sensor quiet-therm-adc
08-03 01:42:31.761  1031  1031 I ThermalEngine: thresholds 125000
08-03 01:42:31.761  1031  1031 I ThermalEngine: thresholds_clr 45000
08-03 01:42:31.761  1031  1031 I ThermalEngine: actions camera+camcorder
08-03 01:42:31.761  1031  1031 I ThermalEngine: action_info 10+10
08-03 01:42:31.761  1031  1031 I ThermalEngine: ss_algo_init: No SS's configured.
08-03 01:42:31.761  1031  1031 E ThermalEngine: No speaker_cal config
08-03 01:42:31.762   721  1118 V AudioFlinger: onIdleMixer
08-03 01:42:31.763   721   869 V AudioFlinger: setParameters(): io 13, keyvalue mono_output=0, calling pid 721 calling uid 1041
08-03 01:42:31.763   721   869 V AudioFlinger: setParameters: filtered keyvalue mono_output=0
08-03 01:42:31.763   721   869 V AudioFlinger: ThreadBase::setParameters() mono_output=0
08-03 01:42:31.764   721   721 V AudioFlinger: moveEffects() session 0, srcOutput 0, dstOutput 13
08-03 01:42:31.764   721   721 W AudioFlinger: moveEffects() bad srcOutput 0
08-03 01:42:31.764   721   721 V APM_AudioPolicyManager: selectOutputForMusicEffects selected output 13
08-03 01:42:31.764   721   721 V APM_AudioPolicyManager: setOutputDevices device {type:0x2,@:} delayMs 0
08-03 01:42:31.764   721   721 V APM_AudioPolicyManager: setOutputDevices() prevDevice {type:0x2,@:}
08-03 01:42:31.764   721   721 V APM_AudioPolicyManager: setOutputDevices changing device to {type:0x2,@:}
08-03 01:42:31.764  1045  1045 D LibBpfLoader: applying relo to instruction at byte offset: 32, 	       insn offset 4 , insn 118
08-03 01:42:31.764  1045  1045 D LibBpfLoader: applying relo to instruction at byte offset: 80, 	       insn offset 10 , insn 118
08-03 01:42:31.766  1031  1121 E ThermalEngine: open/sys/module/msm_thermal/parameters/enabled failed2
08-03 01:42:31.770  1045  1045 D LibBpfLoader: New bpf core prog_load for /system/etc/bpf/netd.o (cgroupskb_ingress_stats) returned: 16
08-03 01:42:31.772   721  1118 V AudioFlinger: onIdleMixer
08-03 01:42:31.774  1045  1045 D LibBpfLoader: New bpf core prog_load for /system/etc/bpf/netd.o (cgroupskb_egress_stats) returned: 17
08-03 01:42:31.775  1045  1045 D LibBpfLoader: New bpf core prog_load for /system/etc/bpf/netd.o (skfilter_egress_xtbpf) returned: 18
08-03 01:42:31.775  1045  1045 D LibBpfLoader: New bpf core prog_load for /system/etc/bpf/netd.o (skfilter_ingress_xtbpf) returned: 19
08-03 01:42:31.776  1045  1045 D LibBpfLoader: New bpf core prog_load for /system/etc/bpf/netd.o (skfilter_whitelist_xtbpf) returned: 20
08-03 01:42:31.776  1045  1045 D LibBpfLoader: New bpf core prog_load for /system/etc/bpf/netd.o (skfilter_blacklist_xtbpf) returned: 21
08-03 01:42:31.776  1045  1045 D LibBpfLoader: New bpf core prog_load for /system/etc/bpf/netd.o (cgroupsock_inet_create) returned: 22
08-03 01:42:31.776  1045  1045 I bpfloader: Attempted load object: /system/etc/bpf/netd.o, ret: Success
08-03 01:42:31.782   721  1118 V AudioFlinger: onIdleMixer
08-03 01:42:31.787  1045  1045 D LibBpfLoader: Loading ELF object /system/etc/bpf/clatd.o with license Apache 2.0
08-03 01:42:31.787     0     0 I sn65dsi86_dsi2edp_enable: DP_PLL_LOCK=85(LOCK)
08-03 01:42:31.788  1045  1045 D LibBpfLoader: Loaded code section 3 (schedcls_ingress_clat_ether)
08-03 01:42:31.788  1045  1045 D LibBpfLoader: Loaded relo section 3 (.relschedcls/ingress/clat_ether)
08-03 01:42:31.788  1045  1045 D LibBpfLoader: Adding section 3 to cs list
08-03 01:42:31.788  1045  1045 D LibBpfLoader: Loaded code section 5 (schedcls_ingress_clat_rawip)
08-03 01:42:31.788  1045  1045 D LibBpfLoader: Loaded relo section 5 (.relschedcls/ingress/clat_rawip)
08-03 01:42:31.788  1045  1045 D LibBpfLoader: Adding section 5 to cs list
08-03 01:42:31.788   721   869 V AudioFlinger: sendConfigEvent_l() num events 1 event 3
08-03 01:42:31.789  1045  1045 D LibBpfLoader: bpf_create_map name clat_ingress_map, ret: 23
08-03 01:42:31.789  1045  1045 D LibBpfLoader: map_fd found at 0 is 23 in /system/etc/bpf/clatd.o
08-03 01:42:31.789  1045  1045 D LibBpfLoader: applying relo to instruction at byte offset: 400, 	       insn offset 50 , insn 118
08-03 01:42:31.789  1045  1045 D LibBpfLoader: applying relo to instruction at byte offset: 360, 	       insn offset 45 , insn 118
08-03 01:42:31.790  1045  1045 D LibBpfLoader: New bpf core prog_load for /system/etc/bpf/clatd.o (schedcls_ingress_clat_ether) returned: 24
08-03 01:42:31.790  1045  1045 D LibBpfLoader: New bpf core prog_load for /system/etc/bpf/clatd.o (schedcls_ingress_clat_rawip) returned: 25
08-03 01:42:31.790  1045  1045 I bpfloader: Attempted load object: /system/etc/bpf/clatd.o, ret: Success
08-03 01:42:31.797   721  1118 V AudioFlinger: processConfigEvents_l() remaining events 1
08-03 01:42:31.797   677   800 D audio_hw_primary: out_set_parameters: enter: usecase(1: low-latency-playback) kvpairs: routing=2
08-03 01:42:31.797   677   800 D audio_hw_extn: audio_extn_fm_set_parameters: Enter
08-03 01:42:31.797   677   800 D audio_hw_hfp: hfp_set_parameters: enter
08-03 01:42:31.797   721  1118 V AudioFlinger: sendConfigEvent_l() num events 1 event 0
08-03 01:42:31.797   721  1118 V AudioFlinger: processConfigEvents_l() remaining events 1
08-03 01:42:31.797   721  1118 V AudioFlinger: PlaybackThread::ioConfigChanged, thread 0x72b03e9b40, event 3
08-03 01:42:31.798   721  1118 V AudioFlinger: processConfigEvents_l() DONE thread 0x72b03e9b40
08-03 01:42:31.798   721  1118 V AudioFlinger: onIdleMixer
08-03 01:42:31.798   721   721 V APM_AudioPolicyManager: setOutputDevices() AF::createAudioPatch returned 0 patchHandle 12 num_sources 1 num_sinks 1
08-03 01:42:31.799  1071  1071 D PerfDaemon: added vendor.perfservice to services and is now running.
08-03 01:42:31.800   721  1118 V AudioFlinger: onIdleMixer
08-03 01:42:31.800   721  1118 V AudioFlinger: onIdleMixer
08-03 01:42:31.800   721   721 V APM_AudioPolicyManager: checkAndSetVolume cannot set volume group 3 volume with force use = 0 for comm
08-03 01:42:31.801   721  1118 V AudioFlinger: onIdleMixer
08-03 01:42:31.802   721  1118 V AudioFlinger: onIdleMixer
08-03 01:42:31.802   721   721 I AudioFlinger: openOutput() this 0x72b0305600, module 10 Device 0x2, SamplingRate 48000, Format 0x000001, Channels 0x3, flags 0x4
08-03 01:42:31.802   677   800 D audio_hw_primary: adev_open_output_stream: enter: format(0x1) sample_rate(48000) channel_mask(0x3) devices(0x2) flags(0x4)        stream_handle(0xf0a51800) address()
08-03 01:42:31.802   677   800 I audio_hw_primary: adev_open_output_stream: dynamic qos voting not enabled for platform
08-03 01:42:31.802   677   800 I audio_hw_utils: audio_extn_utils_update_stream_output_app_type_cfg Allowing 24 and above bits playback on speaker ONLY at default sampling rate
08-03 01:42:31.802   677   800 D audio_hw_utils: audio_extn_utils_update_stream_output_app_type_cfg: flags: 4, format: 1 sample_rate 48000, profile , app_type 0
08-03 01:42:31.802   677   800 E audio_hw_primary: adev_open_output_stream: Primary output is already opened
08-03 01:42:31.802   677   800 D audio_hw_primary: adev_open_output_stream: exit: ret -17
08-03 01:42:31.802   677   800 W DeviceHAL: Error from HAL Device in function open_output_stream: File exists
08-03 01:42:31.803   721   721 I AudioHwDevice: openOutputStream(), HAL returned sampleRate 48000, Format 0x1, channelMask 0x3, status -61
08-03 01:42:31.803   721   721 W APM_AudioPolicyManager: Cannot open output stream for devices type:0x2,@: on hw module primary
08-03 01:42:31.803   721   721 I AudioFlinger: openOutput() this 0x72b0305600, module 10 Device 0x2, SamplingRate 48000, Format 0x000001, Channels 0x3, flags 0x8
08-03 01:42:31.803   677   800 D audio_hw_primary: adev_open_output_stream: enter: format(0x1) sample_rate(48000) channel_mask(0x3) devices(0x2) flags(0x8)        stream_handle(0xf0a51800) address()
08-03 01:42:31.803   677   800 I audio_hw_utils: audio_extn_utils_update_stream_output_app_type_cfg Allowing 24 and above bits playback on speaker ONLY at default sampling rate
08-03 01:42:31.803   677   800 D audio_hw_utils: audio_extn_utils_update_stream_output_app_type_cfg: flags: 8, format: 1 sample_rate 48000, profile , app_type 0
08-03 01:42:31.803   677   800 D audio_hw_primary: adev_open_output_stream: Stream (0xf0a51800) picks up usecase (deep-buffer-playback)
08-03 01:42:31.804   721   721 I AudioFlinger: HAL output buffer size 1920 frames, normal sink buffer size 1920 frames
08-03 01:42:31.805   721   721 V AudioFlinger: mHwSupportsSuspend: 0 value 0, addr 0x722189763f
08-03 01:42:31.806   721   721 V AudioFlinger: MixerThread() id=29 device=0x2 type=0
08-03 01:42:31.806   721   721 V AudioFlinger: mSampleRate=48000, mChannelMask=0x3, mChannelCount=2, mFormat=0x1, mFrameSize=4, mFrameCount=1920, mNormalFrameCount=1920
08-03 01:42:31.806   721   721 V AudioFlinger: openOutput_l() created mixer output: ID 29 thread 0x7221895280
08-03 01:42:31.807   721   721 V AudioFlinger: PlaybackThread::ioConfigChanged, thread 0x7221895280, event 1
08-03 01:42:31.807   721   721 V APM_AudioPolicyManager: checkAndSetVolume cannot set volume group 3 volume with force use = 0 for comm
08-03 01:42:31.808   636   636 D libEGL  : loaded /vendor/lib64/egl/libGLESv1_CM_adreno.so
08-03 01:42:31.808  1055  1055 I chatty  : uid=1013 mediadrmserver expire 1 line
08-03 01:42:31.811   636   636 D libEGL  : loaded /vendor/lib64/egl/libGLESv2_adreno.so
08-03 01:42:31.812   721  1118 V AudioFlinger: onIdleMixer
08-03 01:42:31.816   721   869 V AudioFlinger: setParameters(): io 29, keyvalue mono_output=0, calling pid 721 calling uid 1041
08-03 01:42:31.816   721   869 V AudioFlinger: setParameters: filtered keyvalue mono_output=0
08-03 01:42:31.816   721   869 V AudioFlinger: ThreadBase::setParameters() mono_output=0
08-03 01:42:31.816   721   721 V APM_AudioPolicyManager: selectOutputForMusicEffects selected output 13
08-03 01:42:31.816   721   721 V APM_AudioPolicyManager: setOutputDevices device {type:0x2,@:} delayMs 0
08-03 01:42:31.816   721   721 V APM_AudioPolicyManager: setOutputDevices() prevDevice {type:0x2,@:}
08-03 01:42:31.816   721   721 V APM_AudioPolicyManager: setOutputDevices changing device to {type:0x2,@:}
08-03 01:42:31.821   721  1129 I AudioFlinger: AudioFlinger's thread 0x7221895280 tid=1129 ready to run
08-03 01:42:31.821   721  1129 D AudioFlinger: updateWakeLockUids_l AudioOut_1D uids:
08-03 01:42:31.821   721  1129 W AudioFlinger: no wake lock to update, system not ready yet
08-03 01:42:31.821   721  1129 V AudioFlinger: Audio hardware entering standby, mixer 0x7221895280, suspend count 0
08-03 01:42:31.822   677   800 D audio_hw_primary: out_standby_byfeature: enter: stream (0xf0a51800) usecase(0: deep-buffer-playback)
08-03 01:42:31.822   677   800 D audio_hw_primary: out_standby: enter: stream (0xf0a51800) usecase(0: deep-buffer-playback)
08-03 01:42:31.822   677   800 D audio_hw_primary: out_standby: exit
08-03 01:42:31.822   721  1118 V AudioFlinger: onIdleMixer
08-03 01:42:31.823   721  1129 V AudioFlinger: thread 0x7221895280 type 0 TID 1129 going to sleep
08-03 01:42:31.830   636   636 I Zygote  : Preloading shared libraries...
08-03 01:42:31.833   721  1118 V AudioFlinger: onIdleMixer
08-03 01:42:31.833  1053  1053 I keystore: found android.hardware.keymaster@4.0::IKeymasterDevice with interface name default and seclevel TRUSTED_ENVIRONMENT
08-03 01:42:31.835  1083  1083 I wificond: wificond is starting up...
08-03 01:42:31.843   721  1118 V AudioFlinger: onIdleMixer
08-03 01:42:31.847   636   636 I Zygote  : Called ZygoteHooks.endPreload()
08-03 01:42:31.848   636   636 I Zygote  : Installed AndroidKeyStoreProvider in 0ms.
08-03 01:42:31.853   721  1118 V AudioFlinger: onIdleMixer
08-03 01:42:31.855   636   636 I Zygote  : Warmed up JCA providers in 7ms.
08-03 01:42:31.855   636   636 D Zygote  : end preload
08-03 01:42:31.855   636   636 I boot_progress_preload_end: 14967
08-03 01:42:31.856   721   869 V AudioFlinger: sendConfigEvent_l() num events 1 event 3
08-03 01:42:31.856   721  1129 V AudioFlinger: thread 0x7221895280 type 0 TID 1129 waking up
08-03 01:42:31.856   721  1129 D AudioFlinger: updateWakeLockUids_l AudioOut_1D uids:
08-03 01:42:31.856   721  1129 W AudioFlinger: no wake lock to update, system not ready yet
08-03 01:42:31.856   721  1129 V AudioFlinger: processConfigEvents_l() remaining events 1
08-03 01:42:31.857   677  1070 D audio_hw_primary: out_set_parameters: enter: usecase(0: deep-buffer-playback) kvpairs: routing=2
08-03 01:42:31.857   721  1129 V AudioFlinger: sendConfigEvent_l() num events 1 event 0
08-03 01:42:31.857   721  1129 V AudioFlinger: processConfigEvents_l() remaining events 1
08-03 01:42:31.857   721  1129 V AudioFlinger: PlaybackThread::ioConfigChanged, thread 0x7221895280, event 3
08-03 01:42:31.857   721  1129 V AudioFlinger: processConfigEvents_l() DONE thread 0x7221895280
08-03 01:42:31.857   721  1129 V AudioFlinger: onIdleMixer
08-03 01:42:31.857   721   721 V APM_AudioPolicyManager: setOutputDevices() AF::createAudioPatch returned 0 patchHandle 20 num_sources 1 num_sinks 1
08-03 01:42:31.858   721  1129 V AudioFlinger: onIdleMixer
08-03 01:42:31.858   721  1129 V AudioFlinger: onIdleMixer
08-03 01:42:31.858   721   721 V APM_AudioPolicyManager: checkAndSetVolume cannot set volume group 3 volume with force use = 0 for comm
08-03 01:42:31.859   721  1129 V AudioFlinger: onIdleMixer
08-03 01:42:31.860   721  1129 I chatty  : uid=1041(audioserver) AudioOut_1D identical 10 lines
08-03 01:42:31.860   721  1129 V AudioFlinger: onIdleMixer
08-03 01:42:31.860   721   721 V APM::AudioInputDescriptor: opening input for device type:0x80000004,@: profile 0x72b0316500 name primary input
08-03 01:42:31.861   677   800 D audio_hw_primary: adev_open_input_stream: enter: flags 0, is_usb_dev 0, may_use_hifi_record 0, sample_rate 48000, channel_mask 0xc, format 0x1
08-03 01:42:31.861   677   800 D audio_hw_primary: adev_open_input_stream: enter: sample_rate(48000) channel_mask(0xc) devices(0x80000004)        stream_handle(0xf0a96000) io_handle(14) source(1) format 1
08-03 01:42:31.861   677   800 W audio_hw_utils: audio_extn_utils_update_stream_input_app_type_cfg: App type could not be selected. Falling back to default
08-03 01:42:31.861   677   800 D audio_hw_primary: adev_open_input_stream: exit
08-03 01:42:31.861   721   721 V AudioFlinger: openInput_l() openInputStream returned input 0x72b02f16c0, devices 0x80000004, SamplingRate 48000, Format 0x1, Channels 0xc, flags 0, status 0 addr 
08-03 01:42:31.863   721  1118 V AudioFlinger: onIdleMixer
08-03 01:42:31.865   721   721 V AudioFlinger: 0x72218e6500 RecordThread params: mChannelCount=2, mFormat=0x1, mFrameSize=4, mBufferSize=3840, mFrameCount=960
08-03 01:42:31.865   721   721 V AudioFlinger: 0x72218e6500 kUseFastCapture = Static, (960 * 1000) / 48000 vs 12, initFastCapture = 0
08-03 01:42:31.865   721   721 V AudioFlinger: openInput_l() created record thread: ID 14 thread 0x72218e6500
08-03 01:42:31.866   721   721 V AudioFlinger: closeInput() 14
08-03 01:42:31.866  1091  1091 E wifidisplayhal-service: Start with vendor binder
08-03 01:42:31.866  1091  1091 E wifidisplayhal-service: Registering wifidisplayhdcphal service...
08-03 01:42:31.869  1125  1125 I CLD80211: /system/vendor/bin/cnss-daemon: initialized exit socket pair
08-03 01:42:31.869  1125  1125 I CLD80211: /system/vendor/bin/cnss-daemon: nlctrl family id: 16 group: svc_msgs mcast_id: 19
08-03 01:42:31.873   721  1118 V AudioFlinger: onIdleMixer
08-03 01:42:31.878   636   636 I zygote64: Explicit concurrent copying GC freed 64985(3612KB) AllocSpace objects, 17(408KB) LOS objects, 49% free, 2605KB/5210KB, paused 63us total 23.315ms
08-03 01:42:31.878   721  1138 I AudioFlinger: AudioFlinger's thread 0x72218e6500 tid=1138 ready to run
08-03 01:42:31.879   677   800 D audio_hw_primary: in_standby: enter: stream (0xf0a96000) usecase(20: audio-record)
08-03 01:42:31.879   721  1138 D AudioFlinger: updateWakeLockUids_l AudioIn_E uids:
08-03 01:42:31.879   721  1138 W AudioFlinger: no wake lock to update, system not ready yet
08-03 01:42:31.879   677   800 D audio_hw_primary: in_standby: enter: stream (0xf0a96000) usecase(20: audio-record)
08-03 01:42:31.879   721  1138 V AudioFlinger: RecordThread: loop stopping
08-03 01:42:31.879   721   721 V AudioFlinger: ThreadBase::exit
08-03 01:42:31.879   721   721 V AudioFlinger:   preExit()
08-03 01:42:31.879   721  1138 V AudioFlinger: RecordThread: loop starting
08-03 01:42:31.879   721  1138 D AudioFlinger: updateWakeLockUids_l AudioIn_E uids:
08-03 01:42:31.879   721  1138 W AudioFlinger: no wake lock to update, system not ready yet
08-03 01:42:31.879   721  1138 V AudioFlinger: RecordThread 0x72218e6500 exiting
08-03 01:42:31.879   721   721 V APM::AudioInputDescriptor: opening input for device type:0x80000004,@: profile 0x72b03165e0 name voip_tx
08-03 01:42:31.879   677   800 D audio_hw_primary: adev_open_input_stream: enter: flags 0, is_usb_dev 0, may_use_hifi_record 0, sample_rate 48000, channel_mask 0x10, format 0x1
08-03 01:42:31.880   677   800 D audio_hw_primary: adev_open_input_stream: enter: sample_rate(48000) channel_mask(0x10) devices(0x80000004)        stream_handle(0xf0a96280) io_handle(22) source(1) format 1
08-03 01:42:31.880   677   800 W audio_hw_utils: audio_extn_utils_update_stream_input_app_type_cfg: App type could not be selected. Falling back to default
08-03 01:42:31.880   677   800 D audio_hw_primary: adev_open_input_stream: exit
08-03 01:42:31.880   721   721 V AudioFlinger: openInput_l() openInputStream returned input 0x72b02f1da0, devices 0x80000004, SamplingRate 48000, Format 0x1, Channels 0x10, flags 0, status 0 addr 
08-03 01:42:31.880   721  1129 V AudioFlinger: onIdleMixer
08-03 01:42:31.881   721   721 V AudioFlinger: 0x7221937f80 RecordThread params: mChannelCount=1, mFormat=0x1, mFrameSize=2, mBufferSize=1920, mFrameCount=960
08-03 01:42:31.881   721   721 V AudioFlinger: 0x7221937f80 kUseFastCapture = Static, (960 * 1000) / 48000 vs 12, initFastCapture = 0
08-03 01:42:31.881   721   721 V AudioFlinger: openInput_l() created record thread: ID 22 thread 0x7221937f80
08-03 01:42:31.881   721   721 V AudioFlinger: closeInput() 22
08-03 01:42:31.882   677   800 D audio_hw_primary: adev_close_input_stream: enter:stream_handle(0xf0a96000)
08-03 01:42:31.882   677   800 D soundtrigger: audio_extn_sound_trigger_check_ec_ref_enable: EC Reference is disabled
08-03 01:42:31.882   677   800 D sound_trigger_hw: handle_audio_ec_ref_enabled: Enter
08-03 01:42:31.882   677   800 D sound_trigger_hw: handle_audio_ec_ref_enabled: Exit audio ec ref=0
08-03 01:42:31.882   677   800 D soundtrigger: audio_extn_sound_trigger_update_ec_ref_status: update audio echo ref status false
08-03 01:42:31.882   677   800 D audio_hw_primary: in_standby: enter: stream (0xf0a96000) usecase(20: audio-record)
08-03 01:42:31.883   721  1142 I AudioFlinger: AudioFlinger's thread 0x7221937f80 tid=1142 ready to run
08-03 01:42:31.883   677   800 D audio_hw_primary: in_standby: enter: stream (0xf0a96280) usecase(20: audio-record)
08-03 01:42:31.883   721  1142 D AudioFlinger: updateWakeLockUids_l AudioIn_16 uids:
08-03 01:42:31.883   721  1142 W AudioFlinger: no wake lock to update, system not ready yet
08-03 01:42:31.883   677   800 D audio_hw_primary: in_standby: enter: stream (0xf0a96280) usecase(20: audio-record)
08-03 01:42:31.883   721  1142 V AudioFlinger: RecordThread: loop stopping
08-03 01:42:31.883   721   721 V AudioFlinger: ThreadBase::exit
08-03 01:42:31.883   721   721 V AudioFlinger:   preExit()
08-03 01:42:31.883   721  1142 V AudioFlinger: RecordThread: loop starting
08-03 01:42:31.883   721  1142 D AudioFlinger: updateWakeLockUids_l AudioIn_16 uids:
08-03 01:42:31.883   721  1142 W AudioFlinger: no wake lock to update, system not ready yet
08-03 01:42:31.883   721  1142 V AudioFlinger: RecordThread 0x7221937f80 exiting
08-03 01:42:31.883   721   721 V APM::AudioInputDescriptor: opening input for device type:0x80000004,@: profile 0x72b03166c0 name surround_sound
08-03 01:42:31.883   677   800 D audio_hw_primary: adev_open_input_stream: enter: flags 0, is_usb_dev 0, may_use_hifi_record 0, sample_rate 48000, channel_mask 0x17000c, format 0x1
08-03 01:42:31.883   677   800 D audio_hw_primary: adev_open_input_stream: enter: sample_rate(48000) channel_mask(0x17000c) devices(0x80000004)        stream_handle(0xf0a96000) io_handle(30) source(1) format 1
08-03 01:42:31.883   677   800 D audio_hw_primary: adev_open_input_stream: return error to retry with updated channel mask (0xc)
08-03 01:42:31.883   721   721 V AudioFlinger: openInput_l() openInputStream returned input 0x0, devices 0x80000004, SamplingRate 48000, Format 0x1, Channels 0xc, flags 0, status -22 addr 
08-03 01:42:31.883   721   721 V AudioFlinger: openInput_l() reopening with proposed sampling rate and channel mask
08-03 01:42:31.883   677   800 D audio_hw_primary: adev_open_input_stream: enter: flags 0, is_usb_dev 0, may_use_hifi_record 0, sample_rate 48000, channel_mask 0xc, format 0x1
08-03 01:42:31.883   721  1118 V AudioFlinger: onIdleMixer
08-03 01:42:31.883   677   800 D audio_hw_primary: adev_open_input_stream: enter: sample_rate(48000) channel_mask(0xc) devices(0x80000004)        stream_handle(0xf0a96000) io_handle(30) source(1) format 1
08-03 01:42:31.883   677   800 W audio_hw_utils: audio_extn_utils_update_stream_input_app_type_cfg: App type could not be selected. Falling back to default
08-03 01:42:31.884   677   800 D audio_hw_primary: adev_open_input_stream: exit
