08-10 03:13:00.021   681   681 E mm-camera: <IMGLIB><ERROR> 1392: frameproc_comp_reload_lib: Error opening frameproc library libmmcamera_mfproc_precpp.so error dlopen failed: library "libmmcamera_mfproc_precpp.so" not found
08-10 03:13:00.021   681   681 E mm-camera: <IMGLIB><ERROR> 1258: frameproc_comp_load: frameproc_comp_load:1258] cannot load libmmcamera_mfproc_precpp.so
08-10 03:13:00.021   681   681 E mm-camera: <IMGLIB><ERROR> 3592: module_imgbase_init: mfproc_precpp] Error rc -7
08-10 03:13:00.022   681   681 E mm-camera: <IMGLIB><ERROR> 215: faceproc_hw_comp_get_fd_device_name: Can not discover face-detect device
08-10 03:13:00.022   681   681 E mm-camera: <IMGLIB><ERROR> 5842: faceproc_hw_comp_load: Can not find device name
08-10 03:13:00.022   681   681 W mm-camera: <IMGLIB>< WARN> 1235: faceproc_dsp_comp_load: face detection dsp disabled , enable by set property
08-10 03:13:00.022   681   681 I mm-camera: <IMGLIB>< INFO> 2157: faceproc_sw_wrapper_load: Loading faceproc library
08-10 03:13:00.038   681   681 E mm-camera: <IMGLIB><ERROR> 1392: frameproc_comp_reload_lib: Error opening frameproc library libmmcamera_chromaflash_lib.so error dlopen failed: library "libmmcamera_chromaflash_lib.so" not found
08-10 03:13:00.038   681   681 E mm-camera: <IMGLIB><ERROR> 1258: frameproc_comp_load: frameproc_comp_load:1258] cannot load libmmcamera_chromaflash_lib.so
08-10 03:13:00.038   681   681 E mm-camera: <IMGLIB><ERROR> 3592: module_imgbase_init: imglib_chroma_flash] Error rc -7
08-10 03:13:00.038   681   681 W mm-camera: <IMGLIB>< WARN> 748: module_imglib_create_topology: Can not init the module imglib_chroma_flash
08-10 03:13:00.039   681   681 E mm-camera: <IMGLIB><ERROR> 1392: frameproc_comp_reload_lib: Error opening frameproc library libmmcamera_optizoom_lib.so error dlopen failed: library "libmmcamera_optizoom_lib.so" not found
08-10 03:13:00.039   681   681 E mm-camera: <IMGLIB><ERROR> 1258: frameproc_comp_load: frameproc_comp_load:1258] cannot load libmmcamera_optizoom_lib.so
08-10 03:13:00.039   681   681 E mm-camera: <IMGLIB><ERROR> 3592: module_imgbase_init: imglib_optizoom] Error rc -7
08-10 03:13:00.039   681   681 W mm-camera: <IMGLIB>< WARN> 748: module_imglib_create_topology: Can not init the module imglib_optizoom
08-10 03:13:00.039   681   681 E mm-camera: <IMGLIB><ERROR> 1392: frameproc_comp_reload_lib: Error opening frameproc library libmmcamera_ubifocus_lib.so error dlopen failed: library "libmmcamera_ubifocus_lib.so" not found
08-10 03:13:00.039   681   681 E mm-camera: <IMGLIB><ERROR> 1258: frameproc_comp_load: frameproc_comp_load:1258] cannot load libmmcamera_ubifocus_lib.so
08-10 03:13:00.039   681   681 E mm-camera: <IMGLIB><ERROR> 3592: module_imgbase_init: imglib_ubifocus] Error rc -7
08-10 03:13:00.039   681   681 W mm-camera: <IMGLIB>< WARN> 748: module_imglib_create_topology: Can not init the module imglib_ubifocus
08-10 03:13:00.040   681   681 E mm-camera: <IMGLIB><ERROR> 1392: frameproc_comp_reload_lib: Error opening frameproc library libmmcamera_ubifocus_lib.so error dlopen failed: library "libmmcamera_ubifocus_lib.so" not found
08-10 03:13:00.040   681   681 E mm-camera: <IMGLIB><ERROR> 1258: frameproc_comp_load: frameproc_comp_load:1258] cannot load libmmcamera_ubifocus_lib.so
08-10 03:13:00.040   681   681 E mm-camera: <IMGLIB><ERROR> 3592: module_imgbase_init: imglib_refocus] Error rc -7
08-10 03:13:00.040   681   681 W mm-camera: <IMGLIB>< WARN> 748: module_imglib_create_topology: Can not init the module imglib_refocus
08-10 03:13:00.040   681   681 E mm-camera: <IMGLIB><ERROR> 1392: frameproc_comp_reload_lib: Error opening frameproc library libmmcamera_trueportrait_lib.so error dlopen failed: library "libmmcamera_trueportrait_lib.so" not found
08-10 03:13:00.040   681   681 E mm-camera: <IMGLIB><ERROR> 1258: frameproc_comp_load: frameproc_comp_load:1258] cannot load libmmcamera_trueportrait_lib.so
08-10 03:13:00.041   681   681 E mm-camera: <IMGLIB><ERROR> 3592: module_imgbase_init: imglib_trueportrait] Error rc -7
08-10 03:13:00.041   681   681 W mm-camera: <IMGLIB>< WARN> 748: module_imglib_create_topology: Can not init the module imglib_trueportrait
08-10 03:13:00.058   681   681 I OpenCV  : calling android_getCpuFeatures() ...
08-10 03:13:00.060   681   681 I OpenCV  : calling android_getCpuFeatures() ... Done (1f7ff)
08-10 03:13:00.061   681   681 E mm-camera: <IMGLIB><ERROR> 111: module_mfproc_postcpp_init:  module_mfproc_postcpp_init(),  E 
08-10 03:13:00.062   681   681 E mm-camera: <IMGLIB><ERROR> 1392: frameproc_comp_reload_lib: Error opening frameproc library libmmcamera_mfproc_postcpp.so error dlopen failed: library "libmmcamera_mfproc_postcpp.so" not found
08-10 03:13:00.062   681   681 E mm-camera: <IMGLIB><ERROR> 1258: frameproc_comp_load: frameproc_comp_load:1258] cannot load libmmcamera_mfproc_postcpp.so
08-10 03:13:00.062   681   681 E mm-camera: <IMGLIB><ERROR> 3592: module_imgbase_init: imglib_mfproc_postcpp] Error rc -7
08-10 03:13:00.062   681   681 W mm-camera: <IMGLIB>< WARN> 748: module_imglib_create_topology: Can not init the module imglib_mfproc_postcpp
08-10 03:13:00.062   681   681 W mm-camera: <IMGLIB>< WARN> 748: module_imglib_create_topology: Can not init the module imglib_oem1
08-10 03:13:00.062   681   681 I QCamera : <MCI><INFO> get_num_of_cameras: 2783: dev_info[id=0,name='video3']
08-10 03:13:00.062   681   681 I QCamera : <MCI><INFO> sort_camera_info: 2617: Camera id: 0 facing: 1, type: 1 is_yuv: 0
08-10 03:13:00.062   681   681 I QCamera : <MCI><INFO> sort_camera_info: 2623: Number of cameras 1 sorted 1
08-10 03:13:00.062   681   681 I QCamera : <MCI><INFO> get_num_of_cameras: 2801: num_cameras=1
08-10 03:13:00.062   681   681 E QCamera2Factory: get_number_of_cameras num of cameras: 1
08-10 03:13:00.063   681   681 I CamPrvdr@2.4-legacy: Loaded "QCamera Module" camera module
08-10 03:13:00.064   681   681 E QCamera2Factory: get_number_of_cameras num of cameras: 1
08-10 03:13:00.065   681   681 I QCamera : <HAL><INFO> getCameraInfo: 359: Camera id 0 API version 768
08-10 03:13:00.065   681   681 D QCamera : Debug log file is not enabled
08-10 03:13:00.065     0     0 I msm_pm_qos_update_request: update request 100
08-10 03:13:00.065     0     0 I msm_pm_qos_add_request: add request
08-10 03:13:00.065   681   681 I mm-camera: <MCT   >< INFO> 118: mct_controller_new: Creating new mct_controller with session-id 3
08-10 03:13:00.066   681  1124 I mm-camera: <MCT   >< INFO> 5326: mct_pipeline_start_session_thread: E sensor
08-10 03:13:00.066   681  1124 I mm-camera: <MCT   >< INFO> 5333: mct_pipeline_start_session_thread: Calling start_session on Module sensor
08-10 03:13:00.066   681  1125 I mm-camera: <MCT   >< INFO> 5326: mct_pipeline_start_session_thread: E iface
08-10 03:13:00.066   681  1125 I mm-camera: <MCT   >< INFO> 5333: mct_pipeline_start_session_thread: Calling start_session on Module iface
08-10 03:13:00.067   681  1127 I mm-camera: <MCT   >< INFO> 5326: mct_pipeline_start_session_thread: E isp
08-10 03:13:00.067   681  1127 I mm-camera: <MCT   >< INFO> 5333: mct_pipeline_start_session_thread: Calling start_session on Module isp
08-10 03:13:00.067   681  1127 I mm-camera: <ISP   >< INFO> 214: isp_module_start_session: session id 3 
08-10 03:13:00.068   681  1129 I mm-camera: <MCT   >< INFO> 5326: mct_pipeline_start_session_thread: E stats
08-10 03:13:00.068   681  1125 I mm-camera: <MCT   >< INFO> 5336: mct_pipeline_start_session_thread: Module iface start_session rc = 1
08-10 03:13:00.068   681  1129 I mm-camera: <MCT   >< INFO> 5333: mct_pipeline_start_session_thread: Calling start_session on Module stats
08-10 03:13:00.069   681  1125 I mm-camera: <MCT   >< INFO> 5344: mct_pipeline_start_session_thread: started_num = 1, success = 1
08-10 03:13:00.069   681  1125 I mm-camera: <MCT   >< INFO> 5351: mct_pipeline_start_session_thread: X iface
08-10 03:13:00.069   681  1130 I mm-camera: <MCT   >< INFO> 5326: mct_pipeline_start_session_thread: E pproc
08-10 03:13:00.069   681  1130 I mm-camera: <MCT   >< INFO> 5333: mct_pipeline_start_session_thread: Calling start_session on Module pproc
08-10 03:13:00.069   681  1131 I mm-camera: <MCT   >< INFO> 5326: mct_pipeline_start_session_thread: E imglib
08-10 03:13:00.069   681  1131 I mm-camera: <MCT   >< INFO> 5333: mct_pipeline_start_session_thread: Calling start_session on Module imglib
08-10 03:13:00.069     0     0 I msm_csid_init: CSID_VERSION = 0x30050000
08-10 03:13:00.071     0     0 E         : msm_csid_irq CSID0_IRQ_STATUS_ADDR = 0x800
08-10 03:13:00.073   681  1130 I mm-camera: <MCT   >< INFO> 5336: mct_pipeline_start_session_thread: Module pproc start_session rc = 1
08-10 03:13:00.073   681  1130 I mm-camera: <MCT   >< INFO> 5344: mct_pipeline_start_session_thread: started_num = 2, success = 2
08-10 03:13:00.073   681  1130 I mm-camera: <MCT   >< INFO> 5351: mct_pipeline_start_session_thread: X pproc
08-10 03:13:00.074   681  1127 I mm-camera: <MCT   >< INFO> 5336: mct_pipeline_start_session_thread: Module isp start_session rc = 1
08-10 03:13:00.074   681  1127 I mm-camera: <MCT   >< INFO> 5344: mct_pipeline_start_session_thread: started_num = 3, success = 3
08-10 03:13:00.074   681  1127 I mm-camera: <MCT   >< INFO> 5351: mct_pipeline_start_session_thread: X isp
08-10 03:13:00.074   681  1129 I mm-camera: <MCT   >< INFO> 5336: mct_pipeline_start_session_thread: Module stats start_session rc = 1
08-10 03:13:00.074   681  1129 I mm-camera: <MCT   >< INFO> 5344: mct_pipeline_start_session_thread: started_num = 4, success = 4
08-10 03:13:00.074   681  1129 I mm-camera: <MCT   >< INFO> 5351: mct_pipeline_start_session_thread: X stats
08-10 03:13:00.075     0     0 I MSM-CPP cpp_init_hardware: 1135 CPP HW Version: 0x60010002
08-10 03:13:00.075     0     0 E MSM-CPP cpp_init_hardware: 1153 stream_cnt:0
08-10 03:13:00.078   681  1124 I mm-camera: <MCT   >< INFO> 5336: mct_pipeline_start_session_thread: Module sensor start_session rc = 1
08-10 03:13:00.078   681  1124 I mm-camera: <MCT   >< INFO> 5344: mct_pipeline_start_session_thread: started_num = 5, success = 5
08-10 03:13:00.078   681  1124 I mm-camera: <MCT   >< INFO> 5351: mct_pipeline_start_session_thread: X sensor
08-10 03:13:00.085   681  1131 I mm-camera: <MCT   >< INFO> 5336: mct_pipeline_start_session_thread: Module imglib start_session rc = 1
08-10 03:13:00.085   681  1131 I mm-camera: <MCT   >< INFO> 5344: mct_pipeline_start_session_thread: started_num = 6, success = 6
08-10 03:13:00.085   681  1131 I mm-camera: <MCT   >< INFO> 5351: mct_pipeline_start_session_thread: X imglib
08-10 03:13:00.101   681   681 I mm-camera: <MCT   >< INFO> 5247: mct_pipeline_start_stream_internal: Adding session stream streamid= 0xf for session=3
08-10 03:13:00.101   681   681 I mm-camera: <MCT   >< INFO> 5295: mct_pipeline_start_stream_internal: Linking session stream for session 3
08-10 03:13:00.101   681   681 I mm-camera: <MCT   >< INFO> 526: mct_stream_start_link: Start linking Session-stream 0x3000f
08-10 03:13:00.101   681   681 I mm-camera: <IFACE >< INFO> 344: iface_util_find_primary_cid: iface_util_find_primary_cid:344 error cannot find primary sensor format cids 1
08-10 03:13:00.101   681   681 I mm-camera: <ISP   >< INFO> 851: isp_port_check_caps_reserve: port 0xf137d300 ide 3000f type 10 dim 0 0
08-10 03:13:00.101   681   681 I mm-camera: <PPROC >< INFO> 449: pproc_port_add_modules_to_stream: in identity 3000f stream 10 int_link = 0xf0b81b80
08-10 03:13:00.101   681   681 I mm-camera: <PPROC >< INFO> 461: pproc_port_add_modules_to_stream: :LINK linking mods tmod and paaf for identity 3000f
08-10 03:13:00.102   681   681 I mm-camera: <PPROC >< INFO> 461: pproc_port_add_modules_to_stream: :LINK linking mods paaf and sat for identity 3000f
08-10 03:13:00.102   681   681 I mm-camera: <PPROC >< INFO> 461: pproc_port_add_modules_to_stream: :LINK linking mods sat and c2d for identity 3000f
08-10 03:13:00.102   681   681 I mm-camera: <C2D   >< INFO> 1557: c2d_module_notify_add_stream: width 0, height 0, stride 0, scanline 0, is_type 0
08-10 03:13:00.102   681   681 I mm-camera: <PPROC >< INFO> 461: pproc_port_add_modules_to_stream: :LINK linking mods c2d and cpp for identity 3000f
08-10 03:13:00.102   681   681 I mm-camera: <CPP   >< INFO> 2538: cpp_module_notify_add_stream: :stream 10, width 0, height 0, stride 0,scanline 0, framelen 0
08-10 03:13:00.102   681   681 I mm-camera: <CPP   >< INFO> 2695: cpp_module_notify_add_stream: : stream 10, fmt 1, asf_mode 0, sharpness_level 0.000000,asf mask 0, denoise 0, denoise_mask 0, dsdn mask 0,dsdn enable 0, tnr mask 0, tnr enable 0, ds_mask 0, luma dsdn 0
08-10 03:13:00.102   681   681 I mm-camera: <PPROC >< INFO> 461: pproc_port_add_modules_to_stream: :LINK linking mods cpp and depth_map for identity 3000f
08-10 03:13:00.103   681   681 I mm-camera: <PPROC >< INFO> 461: pproc_port_add_modules_to_stream: :LINK linking mods depth_map and ezt for identity 3000f
08-10 03:13:00.103   681   681 I mm-camera: <PPROC >< INFO> 461: pproc_port_add_modules_to_stream: :LINK linking mods ezt and quadracfa for identity 3000f
08-10 03:13:00.103   681   681 E mm-camera: <STATS ><ERROR> 3027: stats_port_check_caps_reserve: Invalid Port capability type!
08-10 03:13:00.103   681   681 I chatty  : uid=1047(cameraserver) provider@2.4-se identical 3 lines
08-10 03:13:00.103   681   681 E mm-camera: <STATS ><ERROR> 3027: stats_port_check_caps_reserve: Invalid Port capability type!
08-10 03:13:00.105   681   681 I mm-camera: <MCT   >< INFO> 5304: mct_pipeline_start_stream_internal: Session stream linked successfully session 3
08-10 03:13:00.105   681  1143 E libsensor1: check_sensors_enabled: Sensors enabled = true
08-10 03:13:00.105   681   681 E ion     : ioctl c0044901 failed with code -1: Not a typewriter
08-10 03:13:00.105   681  1143 E Diag_Lib:  Diag_LSM_Init: Failed to open handle to diag driver, error = 13
08-10 03:13:00.108     0     0 I msm_cci_init: 1440: hw_version = 0x10060000
08-10 03:13:00.109     0     0 I         : @@@ original_sid = 0x10, valid_flag = 0x01, eeprom_version = 0x01, checksum = 0x03
08-10 03:13:00.109   959  1008 I ServiceManager: Waiting for service 'package_native' on '/dev/binder'...
08-10 03:13:00.109     0     0 I         : @@@ rc = 0, camera_sid = 0x10, eeprom_reg_addr = 0x03 , eeprom_reg_value = 0x32
08-10 03:13:00.109     0     0 I         : @@@ rc = 0, camera_sid = 0x10, eeprom_reg_addr = 0x04 , eeprom_reg_value = 0x30
08-10 03:13:00.109     0     0 I         : @@@ rc = 0, camera_sid = 0x10, eeprom_reg_addr = 0x05 , eeprom_reg_value = 0x32
08-10 03:13:00.109     0     0 I         : @@@ rc = 0, camera_sid = 0x10, eeprom_reg_addr = 0x06 , eeprom_reg_value = 0x30
08-10 03:13:00.110     0     0 I         : @@@ rc = 0, camera_sid = 0x10, eeprom_reg_addr = 0x07 , eeprom_reg_value = 0x30
08-10 03:13:00.110     0     0 I         : @@@ rc = 0, camera_sid = 0x10, eeprom_reg_addr = 0x08 , eeprom_reg_value = 0x39
08-10 03:13:00.110     0     0 I         : @@@ rc = 0, camera_sid = 0x10, eeprom_reg_addr = 0x09 , eeprom_reg_value = 0x30
08-10 03:13:00.110     0     0 I         : @@@ rc = 0, camera_sid = 0x10, eeprom_reg_addr = 0x0a , eeprom_reg_value = 0x36
08-10 03:13:00.110     0     0 I         : @@@ rc = 0, camera_sid = 0x10, eeprom_reg_addr = 0x0b , eeprom_reg_value = 0x31
08-10 03:13:00.111     0     0 I         : @@@ rc = 0, camera_sid = 0x10, eeprom_reg_addr = 0x0c , eeprom_reg_value = 0x33
08-10 03:13:00.130   637   637 E ActivityRecognitionHardware: activity_recognition HAL is deprecated. class_init is effectively a no-op
08-10 03:13:00.188   681  1126 E mm-camera: <SENSOR><ERROR> ov8856_gt24p64b_get_calibration_items: 30: is_insensor:0, is_afc:1, is_wbc:1, is_lsc:1, is_dpc:0, is_ois:0, is_dual:0
08-10 03:13:00.188   681  1126 E mm-camera: <SENSOR><ERROR> 247: module_sensor_offload_init_config: func_tbl for submodule 4 is NULL
08-10 03:13:00.188   681  1126 E mm-camera: <SENSOR><ERROR> 249: module_sensor_offload_init_config: failed to get led off frame skip time
08-10 03:13:00.196   681  1122 I mm-camera: <MCT   >< INFO> 3323: mct_sysinfo_read: sysinfo:path /sys/module/msm_sensor_driver/parameters/only_support_5M data 0 size 10
08-10 03:13:00.196   681  1122 I mm-camera: <MCT   >< INFO> 2279: mct_pipeline_append_fps_entry:  Added hal_table[0]: (15.000000, 15.000000)
08-10 03:13:00.196   681  1122 I mm-camera: <MCT   >< INFO> 2279: mct_pipeline_append_fps_entry:  Added hal_table[1]: (20.000000, 20.000000)
08-10 03:13:00.196   681  1122 I mm-camera: <MCT   >< INFO> 2279: mct_pipeline_append_fps_entry:  Added hal_table[2]: (24.000000, 24.000000)
08-10 03:13:00.196   681  1122 I mm-camera: <MCT   >< INFO> 2279: mct_pipeline_append_fps_entry:  Added hal_table[3]: (7.000000, 30.000000)
08-10 03:13:00.196   681  1122 I mm-camera: <MCT   >< INFO> 2292: mct_pipeline_append_fps_entry:  Added hal_table[4]: (30.000000, 30.000000)
08-10 03:13:00.196   681  1122 I mm-camera: <MCT   >< INFO> 3611: mct_pipeline_fill_dimensions_snapshot: Cam 1: FPS range selection complete. Publishing 5 ranges.
08-10 03:13:00.196   681  1122 I mm-camera: <MCT   >< INFO> 2540: mct_pipeline_fill_caps_sensor: =====sensitivity_range.min_sensitivity =0 =====
08-10 03:13:00.196   681  1122 I mm-camera: <MCT   >< INFO> 2541: mct_pipeline_fill_caps_sensor: =====sensitivity_range.max_sensitivity =1500 =====
08-10 03:13:00.196   681  1122 I mm-camera: <MCT   >< INFO> 2739: mct_pipeline_fill_caps_isp: isp max encoder size : 5504 X 16383
08-10 03:13:00.196   681  1122 I mm-camera: <MCT   >< INFO> 2746: mct_pipeline_fill_caps_isp: single isp max size : 3264 X 2448
08-10 03:13:00.196   681  1122 I mm-camera: <MCT   >< INFO> 2757: mct_pipeline_fill_caps_isp: HAL max snapshot size in dual cam mode : 3264 X 2448
08-10 03:13:00.196   681   681 I mm-camera: <MCT   >< INFO> 310: mct_controller_destroy: Initiating destroy sequence for session = 3
08-10 03:13:00.196   681   681 I mm-camera: <MCT   >< INFO> 328: mct_controller_destroy: serv_thread closed
08-10 03:13:00.197   681   681 I mm-camera: <MCT   >< INFO> 343: mct_controller_destroy: bus_handler thread closed
08-10 03:13:00.197   681   681 I mm-camera: <MCT   >< INFO> 5404: mct_pipeline_stop_session: Initiating stop_session on session 3
08-10 03:13:00.197   681   681 I mm-camera: <MCT   >< INFO> 4288: mct_pipeline_process_set: command=800000b
08-10 03:13:00.197   681   681 I mm-camera: <MCT   >< INFO> 4533: mct_pipeline_process_set: Issuing DEL_STREAM on stream 0x3000f and stream type=10
08-10 03:13:00.197   681   681 I mm-camera: <IFACE >< INFO> 700: iface_unreserve_sink_port: stream_id f mode 0 
08-10 03:13:00.197   681   681 I mm-camera: <ISP   >< INFO> 941: isp_port_check_caps_unreserve: ide 3000f port 0xf137d300
08-10 03:13:00.198   681   681 I mm-camera: <MCT   >< INFO> 4556: mct_pipeline_process_set: Stream 0x3000f and stream type=10, successfully deleted
08-10 03:13:00.199   681  1150 I mm-camera: <MCT   >< INFO> 5138: mct_pipeline_stop_session_thread: Stop module name: sensor - E
08-10 03:13:00.199   681  1151 I mm-camera: <MCT   >< INFO> 5138: mct_pipeline_stop_session_thread: Stop module name: iface - E
08-10 03:13:00.199   681  1152 I mm-camera: <MCT   >< INFO> 5138: mct_pipeline_stop_session_thread: Stop module name: isp - E
08-10 03:13:00.199   681  1152 I mm-camera: <ISP   >< INFO> 510: isp_module_stop_session: session id 3
08-10 03:13:00.200   681  1151 I mm-camera: <MCT   >< INFO> 5146: mct_pipeline_stop_session_thread: Stop module name: iface - X
08-10 03:13:00.200   681  1150 I mm-camera: <MCT   >< INFO> 5146: mct_pipeline_stop_session_thread: Stop module name: sensor - X
08-10 03:13:00.201   681  1152 I mm-camera: <MCT   >< INFO> 5146: mct_pipeline_stop_session_thread: Stop module name: isp - X
08-10 03:13:00.201   681  1153 I mm-camera: <MCT   >< INFO> 5138: mct_pipeline_stop_session_thread: Stop module name: stats - E
08-10 03:13:00.203   681  1154 I mm-camera: <MCT   >< INFO> 5138: mct_pipeline_stop_session_thread: Stop module name: pproc - E
08-10 03:13:00.203   681  1155 I mm-camera: <MCT   >< INFO> 5138: mct_pipeline_stop_session_thread: Stop module name: imglib - E
08-10 03:13:00.203   681   681 I mm-camera: <MCT   >< INFO> 5426: mct_pipeline_stop_session: Modules left: 5
08-10 03:13:00.203   681   681 I mm-camera: <MCT   >< INFO> 5426: mct_pipeline_stop_session: Modules left: 4
08-10 03:13:00.203   681   681 I mm-camera: <MCT   >< INFO> 5426: mct_pipeline_stop_session: Modules left: 3
08-10 03:13:00.204   681  1155 I mm-camera: <MCT   >< INFO> 5146: mct_pipeline_stop_session_thread: Stop module name: imglib - X
08-10 03:13:00.204   681   681 I mm-camera: <MCT   >< INFO> 5426: mct_pipeline_stop_session: Modules left: 2
08-10 03:13:00.204     0     0 I MSM-CPP cpp_release_hardware: 1216 cpp hw release done
08-10 03:13:00.205   681  1153 I mm-camera: <MCT   >< INFO> 5146: mct_pipeline_stop_session_thread: Stop module name: stats - X
08-10 03:13:00.205   681   681 I mm-camera: <MCT   >< INFO> 5426: mct_pipeline_stop_session: Modules left: 1
08-10 03:13:00.205   681  1154 E mm-camera: <IMGLIB><ERROR> 328: AllocateBuffers: Nothing allocated or already freed!
08-10 03:13:00.205   681  1154 I mm-camera: <MCT   >< INFO> 5146: mct_pipeline_stop_session_thread: Stop module name: pproc - X
08-10 03:13:00.206   681   681 I mm-camera: <MCT   >< INFO> 5426: mct_pipeline_stop_session: Modules left: 0
08-10 03:13:00.206   681   681 I mm-camera: <MCT   >< INFO> 5436: mct_pipeline_stop_session: Stopped session 3 successfully
08-10 03:13:00.206   681   681 I mm-camera: <MCT   >< INFO> 5740: mct_pipeline_destroy: E: session:3
08-10 03:13:00.206   681   681 E mm-camera: <MCT   ><ERROR> 179: stop_sof_check_thread: Returning as SOF timer thread not yet initialized
08-10 03:13:00.206   681   681 I mm-camera: <MCT   >< INFO> 5818: mct_pipeline_destroy: X: Pipeline destroyed successfully session =3
08-10 03:13:00.206   681   681 I mm-camera: <MCT   >< INFO> 422: mct_controller_destroy: X Successfully closed mct_controller session 3
08-10 03:13:00.206     0     0 I msm_pm_qos_update_request: update request -1
08-10 03:13:00.206     0     0 I msm_pm_qos_add_request: add request
08-10 03:13:00.206   681   681 E CamComm1.0-MD: Update metadata entry: Unknown tag -2145976319
08-10 03:13:00.207   681   681 E CamComm1.0-MD: Update metadata entry: Unknown tag -2145976317
08-10 03:13:00.207   681   681 I QCamera : <HAL><INFO> getCamInfo: 13767: camera 0 resource cost is 100
08-10 03:13:00.207   681   681 I CamComm1.0-CamModule: isOpenLegacyDefined: cts Enable == 0 
08-10 03:13:00.207   681   681 I QCamera : <HAL><INFO> openLegacy: 520: openLegacy halVersion: 256 cameraId = 0
08-10 03:13:00.212   681   681 E QCameraCommon: parseHWID: Got HW_ID = 324
08-10 03:13:00.213   959  1008 I ServiceManager: Waiting for service 'package_native' on '/dev/binder'...
08-10 03:13:00.213   637   637 I zygote64: Thread[1,tid=637,Native,Thread*=0x79db798c00,peer=0x12c022c0,"main"] recursive attempt to load library "libmedia_jni.so"
08-10 03:13:00.213   637   637 D MtpDeviceJNI: register_android_mtp_MtpDevice
08-10 03:13:00.213   637   637 I zygote64: Thread[1,tid=637,Native,Thread*=0x79db798c00,peer=0x12c022c0,"main"] recursive attempt to load library "libmedia_jni.so"
08-10 03:13:00.214   637   637 I zygote64: Thread[1,tid=637,Native,Thread*=0x79db798c00,peer=0x12c022c0,"main"] recursive attempt to load library "libmedia_jni.so"
08-10 03:13:00.214   637   637 V MediaProfilesJNI: native_init
08-10 03:13:00.214   637   637 V MediaProfiles: getInstance
08-10 03:13:00.214   637   637 D MediaProfiles: YOUKAI in MediaProfiles::createInstanceFromXmlFile /vendor/etc/media_profiles_vendor.xml
08-10 03:13:00.215   681   681 I QCamera : <HAL><INFO> openCamera: 1901: [KPI Perf]: E PROFILE_OPEN_CAMERA camera id 0
08-10 03:13:00.215   637   637 V MediaProfiles: addStartTimeOffset: cameraId=0, offset=1000 ms
08-10 03:13:00.215   637   637 D MediaProfiles: video codec:
08-10 03:13:00.215   637   637 D MediaProfiles: codec = 2
08-10 03:13:00.215   637   637 D MediaProfiles: bit rate: 192000
08-10 03:13:00.215   637   637 D MediaProfiles: frame width: 176
08-10 03:13:00.215   637   637 D MediaProfiles: frame height: 144
08-10 03:13:00.215   637   637 D MediaProfiles: frame rate: 30
08-10 03:13:00.215   637   637 D MediaProfiles: audio codec:
08-10 03:13:00.215   637   637 D MediaProfiles: codec = 1
08-10 03:13:00.215   637   637 D MediaProfiles: bit rate: 12200
08-10 03:13:00.215   637   637 D MediaProfiles: sample rate: 8000
08-10 03:13:00.215   637   637 D MediaProfiles: number of channels: 1
08-10 03:13:00.215   637   637 D MediaProfiles: video codec:
08-10 03:13:00.215   637   637 D MediaProfiles: codec = 2
08-10 03:13:00.215   637   637 D MediaProfiles: bit rate: 20000000
08-10 03:13:00.215   637   637 D MediaProfiles: frame width: 1920
08-10 03:13:00.215   637   637 D MediaProfiles: frame height: 1080
08-10 03:13:00.215   637   637 D MediaProfiles: frame rate: 30
08-10 03:13:00.215   637   637 D MediaProfiles: audio codec:
08-10 03:13:00.215   637   637 D MediaProfiles: codec = 3
08-10 03:13:00.215   637   637 D MediaProfiles: bit rate: 156000
08-10 03:13:00.215   637   637 D MediaProfiles: sample rate: 48000
08-10 03:13:00.215   637   637 D MediaProfiles: number of channels: 2
08-10 03:13:00.215   637   637 D MediaProfiles: video codec:
08-10 03:13:00.215   637   637 D MediaProfiles: codec = 2
08-10 03:13:00.215   637   637 D MediaProfiles: bit rate: 512000
08-10 03:13:00.215   637   637 D MediaProfiles: frame width: 320
08-10 03:13:00.215   637   637 D MediaProfiles: frame height: 240
08-10 03:13:00.215   637   637 D MediaProfiles: frame rate: 30
08-10 03:13:00.215   637   637 D MediaProfiles: audio codec:
08-10 03:13:00.216   637   637 D MediaProfiles: codec = 3
08-10 03:13:00.216   637   637 D MediaProfiles: bit rate: 156000
08-10 03:13:00.216   637   637 D MediaProfiles: sample rate: 48000
08-10 03:13:00.216   637   637 D MediaProfiles: number of channels: 2
08-10 03:13:00.216   637   637 D MediaProfiles: video codec:
08-10 03:13:00.216   637   637 D MediaProfiles: codec = 2
08-10 03:13:00.216   637   637 D MediaProfiles: bit rate: 720000
08-10 03:13:00.216   637   637 D MediaProfiles: frame width: 352
08-10 03:13:00.216   637   637 D MediaProfiles: frame height: 288
08-10 03:13:00.216   637   637 D MediaProfiles: frame rate: 30
08-10 03:13:00.216   637   637 D MediaProfiles: audio codec:
08-10 03:13:00.216   637   637 D MediaProfiles: codec = 1
08-10 03:13:00.216   637   637 D MediaProfiles: bit rate: 12200
08-10 03:13:00.216   637   637 D MediaProfiles: sample rate: 8000
08-10 03:13:00.216   637   637 D MediaProfiles: number of channels: 1
08-10 03:13:00.216   637   637 D MediaProfiles: video codec:
08-10 03:13:00.216   637   637 D MediaProfiles: codec = 2
08-10 03:13:00.216   637   637 D MediaProfiles: bit rate: 2000000
08-10 03:13:00.216   637   637 D MediaProfiles: frame width: 720
08-10 03:13:00.216   637   637 D MediaProfiles: frame height: 480
08-10 03:13:00.216   637   637 D MediaProfiles: frame rate: 30
08-10 03:13:00.216   637   637 D MediaProfiles: audio codec:
08-10 03:13:00.216   637   637 D MediaProfiles: codec = 3
08-10 03:13:00.216   637   637 D MediaProfiles: bit rate: 156000
08-10 03:13:00.216   637   637 D MediaProfiles: sample rate: 48000
08-10 03:13:00.216   637   637 D MediaProfiles: number of channels: 2
08-10 03:13:00.216   637   637 D MediaProfiles: video codec:
08-10 03:13:00.216   637   637 D MediaProfiles: codec = 2
08-10 03:13:00.216   637   637 D MediaProfiles: bit rate: 14000000
08-10 03:13:00.216   637   637 D MediaProfiles: frame width: 1280
08-10 03:13:00.216   637   637 D MediaProfiles: frame height: 720
08-10 03:13:00.216   637   637 D MediaProfiles: frame rate: 30
08-10 03:13:00.216   637   637 D MediaProfiles: audio codec:
08-10 03:13:00.216   637   637 D MediaProfiles: codec = 3
08-10 03:13:00.216   637   637 D MediaProfiles: bit rate: 156000
08-10 03:13:00.216   637   637 D MediaProfiles: sample rate: 48000
08-10 03:13:00.216   637   637 D MediaProfiles: number of channels: 2
08-10 03:13:00.216   637   637 D MediaProfiles: video codec:
08-10 03:13:00.216   637   637 D MediaProfiles: codec = 2
08-10 03:13:00.216   637   637 D MediaProfiles: bit rate: 20000000
08-10 03:13:00.216   637   637 D MediaProfiles: frame width: 1920
08-10 03:13:00.216   637   637 D MediaProfiles: frame height: 1080
08-10 03:13:00.216   637   637 D MediaProfiles: frame rate: 30
08-10 03:13:00.216   637   637 D MediaProfiles: audio codec:
08-10 03:13:00.216   637   637 D MediaProfiles: codec = 3
08-10 03:13:00.216   637   637 D MediaProfiles: bit rate: 156000
08-10 03:13:00.216   637   637 D MediaProfiles: sample rate: 48000
08-10 03:13:00.216   637   637 D MediaProfiles: number of channels: 2
08-10 03:13:00.216   637   637 D MediaProfiles: video codec:
08-10 03:13:00.216   637   637 D MediaProfiles: codec = 2
08-10 03:13:00.216   637   637 D MediaProfiles: bit rate: 42000000
08-10 03:13:00.216   637   637 D MediaProfiles: frame width: 2560
08-10 03:13:00.216   637   637 D MediaProfiles: frame height: 1440
08-10 03:13:00.216   637   637 D MediaProfiles: frame rate: 30
08-10 03:13:00.216   637   637 D MediaProfiles: audio codec:
08-10 03:13:00.216   637   637 D MediaProfiles: codec = 3
08-10 03:13:00.216   637   637 D MediaProfiles: bit rate: 156000
08-10 03:13:00.216   637   637 D MediaProfiles: sample rate: 48000
08-10 03:13:00.216   637   637 D MediaProfiles: number of channels: 2
08-10 03:13:00.216   637   637 D MediaProfiles: video codec:
08-10 03:13:00.216   637   637 D MediaProfiles: codec = 2
08-10 03:13:00.216   637   637 D MediaProfiles: bit rate: 20000000
08-10 03:13:00.216   637   637 D MediaProfiles: frame width: 2048
08-10 03:13:00.216   637   637 D MediaProfiles: frame height: 1080
08-10 03:13:00.216   637   637 D MediaProfiles: frame rate: 30
08-10 03:13:00.216   637   637 D MediaProfiles: audio codec:
08-10 03:13:00.216   637   637 D MediaProfiles: codec = 3
08-10 03:13:00.216   637   637 D MediaProfiles: bit rate: 156000
08-10 03:13:00.216   637   637 D MediaProfiles: sample rate: 48000
08-10 03:13:00.216   637   637 D MediaProfiles: number of channels: 2
08-10 03:13:00.216   637   637 D MediaProfiles: video codec:
08-10 03:13:00.216   637   637 D MediaProfiles: codec = 2
08-10 03:13:00.216   637   637 D MediaProfiles: bit rate: 192000
08-10 03:13:00.216   637   637 D MediaProfiles: frame width: 176
08-10 03:13:00.216   637   637 D MediaProfiles: frame height: 144
08-10 03:13:00.216   637   637 D MediaProfiles: frame rate: 30
08-10 03:13:00.216   637   637 D MediaProfiles: audio codec:
08-10 03:13:00.216   637   637 D MediaProfiles: codec = 1
08-10 03:13:00.216   637   637 D MediaProfiles: bit rate: 12200
08-10 03:13:00.216   637   637 D MediaProfiles: sample rate: 8000
08-10 03:13:00.216   637   637 D MediaProfiles: number of channels: 1
08-10 03:13:00.216   637   637 D MediaProfiles: video codec:
08-10 03:13:00.216   637   637 D MediaProfiles: codec = 2
08-10 03:13:00.216   637   637 D MediaProfiles: bit rate: 2000000
08-10 03:13:00.216   637   637 D MediaProfiles: frame width: 640
08-10 03:13:00.216   637   637 D MediaProfiles: frame height: 480
08-10 03:13:00.216   637   637 D MediaProfiles: frame rate: 30
08-10 03:13:00.216   637   637 D MediaProfiles: audio codec:
08-10 03:13:00.216   637   637 D MediaProfiles: codec = 3
08-10 03:13:00.216   637   637 D MediaProfiles: bit rate: 156000
08-10 03:13:00.216   637   637 D MediaProfiles: sample rate: 48000
08-10 03:13:00.216   637   637 D MediaProfiles: number of channels: 2
08-10 03:13:00.216   637   637 D MediaProfiles: video codec:
08-10 03:13:00.216   637   637 D MediaProfiles: codec = 2
08-10 03:13:00.216   637   637 D MediaProfiles: bit rate: 192000
08-10 03:13:00.216   637   637 D MediaProfiles: frame width: 176
08-10 03:13:00.216   637   637 D MediaProfiles: frame height: 144
08-10 03:13:00.216   637   637 D MediaProfiles: frame rate: 30
08-10 03:13:00.216   637   637 D MediaProfiles: audio codec:
08-10 03:13:00.216   637   637 D MediaProfiles: codec = 1
08-10 03:13:00.216   637   637 D MediaProfiles: bit rate: 12200
08-10 03:13:00.216   637   637 D MediaProfiles: sample rate: 8000
08-10 03:13:00.216   637   637 D MediaProfiles: number of channels: 1
08-10 03:13:00.216   637   637 D MediaProfiles: video codec:
08-10 03:13:00.216   637   637 D MediaProfiles: codec = 2
08-10 03:13:00.216   637   637 D MediaProfiles: bit rate: 20000000
08-10 03:13:00.216   637   637 D MediaProfiles: frame width: 1920
08-10 03:13:00.216   637   637 D MediaProfiles: frame height: 1080
08-10 03:13:00.216   637   637 D MediaProfiles: frame rate: 30
08-10 03:13:00.216   637   637 D MediaProfiles: audio codec:
08-10 03:13:00.216   637   637 D MediaProfiles: codec = 3
08-10 03:13:00.216   637   637 D MediaProfiles: bit rate: 156000
08-10 03:13:00.216   637   637 D MediaProfiles: sample rate: 48000
08-10 03:13:00.216   637   637 D MediaProfiles: number of channels: 2
08-10 03:13:00.216   637   637 D MediaProfiles: video codec:
08-10 03:13:00.216   637   637 D MediaProfiles: codec = 2
08-10 03:13:00.216   637   637 D MediaProfiles: bit rate: 192000
08-10 03:13:00.216   637   637 D MediaProfiles: frame width: 176
08-10 03:13:00.216   637   637 D MediaProfiles: frame height: 144
08-10 03:13:00.216   637   637 D MediaProfiles: frame rate: 30
08-10 03:13:00.216   637   637 D MediaProfiles: audio codec:
08-10 03:13:00.216   637   637 D MediaProfiles: codec = 1
08-10 03:13:00.216   637   637 D MediaProfiles: bit rate: 12200
08-10 03:13:00.216   637   637 D MediaProfiles: sample rate: 8000
08-10 03:13:00.216   637   637 D MediaProfiles: number of channels: 1
08-10 03:13:00.216   637   637 D MediaProfiles: video codec:
08-10 03:13:00.216   637   637 D MediaProfiles: codec = 2
08-10 03:13:00.216   637   637 D MediaProfiles: bit rate: 720000
08-10 03:13:00.216   637   637 D MediaProfiles: frame width: 352
08-10 03:13:00.216   637   637 D MediaProfiles: frame height: 288
08-10 03:13:00.216   637   637 D MediaProfiles: frame rate: 30
08-10 03:13:00.216   637   637 D MediaProfiles: audio codec:
08-10 03:13:00.216   637   637 D MediaProfiles: codec = 1
08-10 03:13:00.216   637   637 D MediaProfiles: bit rate: 12200
08-10 03:13:00.216   637   637 D MediaProfiles: sample rate: 8000
08-10 03:13:00.216   637   637 D MediaProfiles: number of channels: 1
08-10 03:13:00.216   637   637 D MediaProfiles: video codec:
08-10 03:13:00.216   637   637 D MediaProfiles: codec = 2
08-10 03:13:00.216   637   637 D MediaProfiles: bit rate: 512000
08-10 03:13:00.216   637   637 D MediaProfiles: frame width: 320
08-10 03:13:00.216   637   637 D MediaProfiles: frame height: 240
08-10 03:13:00.216   637   637 D MediaProfiles: frame rate: 30
08-10 03:13:00.216   637   637 D MediaProfiles: audio codec:
08-10 03:13:00.216   637   637 D MediaProfiles: codec = 1
08-10 03:13:00.216   637   637 D MediaProfiles: bit rate: 12200
08-10 03:13:00.216   637   637 D MediaProfiles: sample rate: 8000
08-10 03:13:00.216   637   637 D MediaProfiles: number of channels: 1
08-10 03:13:00.216   637   637 D MediaProfiles: video codec:
08-10 03:13:00.216   637   637 D MediaProfiles: codec = 2
08-10 03:13:00.216   637   637 D MediaProfiles: bit rate: 2000000
08-10 03:13:00.216   637   637 D MediaProfiles: frame width: 640
08-10 03:13:00.216   637   637 D MediaProfiles: frame height: 480
08-10 03:13:00.216   637   637 D MediaProfiles: frame rate: 30
08-10 03:13:00.216   637   637 D MediaProfiles: audio codec:
08-10 03:13:00.216   637   637 D MediaProfiles: codec = 1
08-10 03:13:00.216   637   637 D MediaProfiles: bit rate: 12200
08-10 03:13:00.216   637   637 D MediaProfiles: sample rate: 8000
08-10 03:13:00.216   637   637 D MediaProfiles: number of channels: 1
08-10 03:13:00.216   637   637 D MediaProfiles: video codec:
08-10 03:13:00.216   637   637 D MediaProfiles: codec = 2
08-10 03:13:00.216   637   637 D MediaProfiles: bit rate: 2000000
08-10 03:13:00.216   637   637 D MediaProfiles: frame width: 640
08-10 03:13:00.216   637   637 D MediaProfiles: frame height: 480
08-10 03:13:00.216   637   637 D MediaProfiles: frame rate: 30
08-10 03:13:00.216   637   637 D MediaProfiles: audio codec:
08-10 03:13:00.216   637   637 D MediaProfiles: codec = 3
08-10 03:13:00.216   637   637 D MediaProfiles: bit rate: 156000
08-10 03:13:00.216   637   637 D MediaProfiles: sample rate: 48000
08-10 03:13:00.216   637   637 D MediaProfiles: number of channels: 2
08-10 03:13:00.216   637   637 D MediaProfiles: video codec:
08-10 03:13:00.216   637   637 D MediaProfiles: codec = 2
08-10 03:13:00.216   637   637 D MediaProfiles: bit rate: 14000000
08-10 03:13:00.216   637   637 D MediaProfiles: frame width: 1280
08-10 03:13:00.216   637   637 D MediaProfiles: frame height: 720
08-10 03:13:00.216   637   637 D MediaProfiles: frame rate: 30
08-10 03:13:00.217   637   637 D MediaProfiles: audio codec:
08-10 03:13:00.217   637   637 D MediaProfiles: codec = 3
08-10 03:13:00.217   637   637 D MediaProfiles: bit rate: 156000
08-10 03:13:00.217   637   637 D MediaProfiles: sample rate: 48000
08-10 03:13:00.217   637   637 D MediaProfiles: number of channels: 2
08-10 03:13:00.217   637   637 D MediaProfiles: video codec:
08-10 03:13:00.217   637   637 D MediaProfiles: codec = 2
08-10 03:13:00.217   637   637 D MediaProfiles: bit rate: 20000000
08-10 03:13:00.217   637   637 D MediaProfiles: frame width: 1920
08-10 03:13:00.217   637   637 D MediaProfiles: frame height: 1080
08-10 03:13:00.217   637   637 D MediaProfiles: frame rate: 30
08-10 03:13:00.217   637   637 D MediaProfiles: audio codec:
08-10 03:13:00.217   637   637 D MediaProfiles: codec = 3
08-10 03:13:00.217   637   637 D MediaProfiles: bit rate: 156000
08-10 03:13:00.217   637   637 D MediaProfiles: sample rate: 48000
08-10 03:13:00.217   637   637 D MediaProfiles: number of channels: 2
08-10 03:13:00.217   637   637 D MediaProfiles: video codec:
08-10 03:13:00.217   637   637 D MediaProfiles: codec = 2
08-10 03:13:00.217   637   637 D MediaProfiles: bit rate: 42000000
08-10 03:13:00.217   637   637 D MediaProfiles: frame width: 2560
08-10 03:13:00.217   637   637 D MediaProfiles: frame height: 1440
08-10 03:13:00.217   637   637 D MediaProfiles: frame rate: 30
08-10 03:13:00.217   637   637 D MediaProfiles: audio codec:
08-10 03:13:00.217   637   637 D MediaProfiles: codec = 3
08-10 03:13:00.217   637   637 D MediaProfiles: bit rate: 156000
08-10 03:13:00.217   637   637 D MediaProfiles: sample rate: 48000
08-10 03:13:00.217   637   637 D MediaProfiles: number of channels: 2
08-10 03:13:00.217   637   637 D MediaProfiles: video codec:
08-10 03:13:00.217   637   637 D MediaProfiles: codec = 2
08-10 03:13:00.217   637   637 D MediaProfiles: bit rate: 20000000
08-10 03:13:00.217   637   637 D MediaProfiles: frame width: 2048
08-10 03:13:00.217   637   637 D MediaProfiles: frame height: 1080
08-10 03:13:00.217   637   637 D MediaProfiles: frame rate: 30
08-10 03:13:00.217   637   637 D MediaProfiles: audio codec:
08-10 03:13:00.217   637   637 D MediaProfiles: codec = 3
08-10 03:13:00.217   637   637 D MediaProfiles: bit rate: 156000
08-10 03:13:00.217   637   637 D MediaProfiles: sample rate: 48000
08-10 03:13:00.217   637   637 D MediaProfiles: number of channels: 2
08-10 03:13:00.217   637   637 V MediaProfiles: addImageEncodingQualityLevel: cameraId=0, quality=95
08-10 03:13:00.217   637   637 V MediaProfiles: addImageEncodingQualityLevel: cameraId=0, quality=80
08-10 03:13:00.217   637   637 V MediaProfiles: addImageEncodingQualityLevel: cameraId=0, quality=70
08-10 03:13:00.217   637   637 V MediaProfiles: addStartTimeOffset: cameraId=1, offset=1000 ms
08-10 03:13:00.217   637   637 D MediaProfiles: video codec:
08-10 03:13:00.217   637   637 D MediaProfiles: codec = 2
08-10 03:13:00.217   637   637 D MediaProfiles: bit rate: 192000
08-10 03:13:00.217   637   637 D MediaProfiles: frame width: 176
08-10 03:13:00.217   637   637 D MediaProfiles: frame height: 144
08-10 03:13:00.217   637   637 D MediaProfiles: frame rate: 30
08-10 03:13:00.217   637   637 D MediaProfiles: audio codec:
08-10 03:13:00.217   637   637 D MediaProfiles: codec = 1
08-10 03:13:00.217   637   637 D MediaProfiles: bit rate: 12200
08-10 03:13:00.217   637   637 D MediaProfiles: sample rate: 8000
08-10 03:13:00.217   637   637 D MediaProfiles: number of channels: 1
08-10 03:13:00.217   637   637 D MediaProfiles: video codec:
08-10 03:13:00.217   637   637 D MediaProfiles: codec = 2
08-10 03:13:00.217   637   637 D MediaProfiles: bit rate: 20000000
08-10 03:13:00.217   637   637 D MediaProfiles: frame width: 1920
08-10 03:13:00.217   637   637 D MediaProfiles: frame height: 1080
08-10 03:13:00.217   637   637 D MediaProfiles: frame rate: 30
08-10 03:13:00.217   637   637 D MediaProfiles: audio codec:
08-10 03:13:00.217   637   637 D MediaProfiles: codec = 3
08-10 03:13:00.217   637   637 D MediaProfiles: bit rate: 156000
08-10 03:13:00.217   637   637 D MediaProfiles: sample rate: 48000
08-10 03:13:00.217   637   637 D MediaProfiles: number of channels: 2
08-10 03:13:00.217   637   637 D MediaProfiles: video codec:
08-10 03:13:00.217   637   637 D MediaProfiles: codec = 2
08-10 03:13:00.217   637   637 D MediaProfiles: bit rate: 512000
08-10 03:13:00.217   637   637 D MediaProfiles: frame width: 320
08-10 03:13:00.217   637   637 D MediaProfiles: frame height: 240
08-10 03:13:00.217   637   637 D MediaProfiles: frame rate: 30
08-10 03:13:00.217   637   637 D MediaProfiles: audio codec:
08-10 03:13:00.217   637   637 D MediaProfiles: codec = 3
08-10 03:13:00.217   637   637 D MediaProfiles: bit rate: 156000
08-10 03:13:00.217   637   637 D MediaProfiles: sample rate: 48000
08-10 03:13:00.217   637   637 D MediaProfiles: number of channels: 2
08-10 03:13:00.217   637   637 D MediaProfiles: video codec:
08-10 03:13:00.217   637   637 D MediaProfiles: codec = 2
08-10 03:13:00.217   637   637 D MediaProfiles: bit rate: 720000
08-10 03:13:00.217   637   637 D MediaProfiles: frame width: 352
08-10 03:13:00.217   637   637 D MediaProfiles: frame height: 288
08-10 03:13:00.217   637   637 D MediaProfiles: frame rate: 30
08-10 03:13:00.217   637   637 D MediaProfiles: audio codec:
08-10 03:13:00.217   637   637 D MediaProfiles: codec = 1
08-10 03:13:00.217   637   637 D MediaProfiles: bit rate: 12200
08-10 03:13:00.217   637   637 D MediaProfiles: sample rate: 8000
08-10 03:13:00.217   637   637 D MediaProfiles: number of channels: 1
08-10 03:13:00.217   637   637 D MediaProfiles: video codec:
08-10 03:13:00.217   637   637 D MediaProfiles: codec = 2
08-10 03:13:00.217   637   637 D MediaProfiles: bit rate: 2000000
08-10 03:13:00.217   637   637 D MediaProfiles: frame width: 720
08-10 03:13:00.217   637   637 D MediaProfiles: frame height: 480
08-10 03:13:00.217   637   637 D MediaProfiles: frame rate: 30
08-10 03:13:00.217   637   637 D MediaProfiles: audio codec:
08-10 03:13:00.217   637   637 D MediaProfiles: codec = 3
08-10 03:13:00.217   637   637 I liblog  : 18
08-10 03:13:00.217   681   681 E QCamera : <HAL><ERROR> acquirePerfLock: 614: Failed to acquire the perf lock
08-10 03:13:00.217   681   681 D QCamera : Debug log file is not enabled
08-10 03:13:00.217     0     0 I input   : sdm660-snd-card-i40 Headset Jack as /devices/platform/soc/soc:qcom,msm-audio-apr/soc:qcom,msm-audio-apr:qcom,q6core-audio/soc:qcom,msm-audio-apr:qcom,q6core-audio:sound/sound/card0/input4
08-10 03:13:00.217   637   637 D MediaProfiles: video codec:
08-10 03:13:00.217   637   637 D MediaProfiles: frame rate: 30
08-10 03:13:00.218     0     0 I msm_pm_qos_update_request: update request 100
08-10 03:13:00.218     0     0 I msm_pm_qos_add_request: add request
08-10 03:13:00.218   681   681 I mm-camera: <MCT   >< INFO> 118: mct_controller_new: Creating new mct_controller with session-id 3
08-10 03:13:00.218     0     0 I input   : sdm660-snd-card-i40 Button Jack as /devices/platform/soc/soc:qcom,msm-audio-apr/soc:qcom,msm-audio-apr:qcom,q6core-audio/soc:qcom,msm-audio-apr:qcom,q6core-audio:sound/sound/card0/input5
08-10 03:13:00.218   681  1162 I mm-camera: <MCT   >< INFO> 5326: mct_pipeline_start_session_thread: E sensor
08-10 03:13:00.218   681  1162 I mm-camera: <MCT   >< INFO> 5333: mct_pipeline_start_session_thread: Calling start_session on Module sensor
08-10 03:13:00.219   637   637 D MediaProfiles: bit rate: 14000000
08-10 03:13:00.219   681  1164 I mm-camera: <MCT   >< INFO> 5326: mct_pipeline_start_session_thread: E iface
08-10 03:13:00.219   681  1164 I mm-camera: <MCT   >< INFO> 5333: mct_pipeline_start_session_thread: Calling start_session on Module iface
08-10 03:13:00.219   681  1164 I mm-camera: <MCT   >< INFO> 5336: mct_pipeline_start_session_thread: Module iface start_session rc = 1
08-10 03:13:00.219   681  1164 I mm-camera: <MCT   >< INFO> 5344: mct_pipeline_start_session_thread: started_num = 1, success = 1
08-10 03:13:00.219   681  1164 I mm-camera: <MCT   >< INFO> 5351: mct_pipeline_start_session_thread: X iface
08-10 03:13:00.219   637   637 D MediaProfiles: video codec:
08-10 03:13:00.219   637   637 D MediaProfiles: number of channels: 1
08-10 03:13:00.219   637   637 D MediaProfiles: bit rate: 720000
08-10 03:13:00.219   637   637 D MediaProfiles: codec = 1
08-10 03:13:00.219   637   637 D MediaProfiles: video codec:
08-10 03:13:00.220   637   637 D MediaProfiles: bit rate: 156000
08-10 03:13:00.220   637   637 D MediaProfiles: frame width: 4096
08-10 03:13:00.222   637   637 D MediaProfiles: bit rate: 12200
08-10 03:13:00.222   681  1165 I mm-camera: <MCT   >< INFO> 5326: mct_pipeline_start_session_thread: E isp
08-10 03:13:00.222   681  1165 I mm-camera: <MCT   >< INFO> 5333: mct_pipeline_start_session_thread: Calling start_session on Module isp
08-10 03:13:00.222   681  1165 I mm-camera: <ISP   >< INFO> 214: isp_module_start_session: session id 3 
08-10 03:13:00.222   681  1167 I mm-camera: <MCT   >< INFO> 5326: mct_pipeline_start_session_thread: E stats
08-10 03:13:00.222   681  1167 I mm-camera: <MCT   >< INFO> 5333: mct_pipeline_start_session_thread: Calling start_session on Module stats
08-10 03:13:00.222   681  1169 I mm-camera: <MCT   >< INFO> 5326: mct_pipeline_start_session_thread: E pproc
08-10 03:13:00.223   681  1169 I mm-camera: <MCT   >< INFO> 5333: mct_pipeline_start_session_thread: Calling start_session on Module pproc
08-10 03:13:00.223   637   637 V MediaProfiles: number of channels: min = 1 and max = 1
08-10 03:13:00.223   637   637 V MediaProfiles: codec = 1
08-10 03:13:00.223   637   637 V MediaProfiles: audio encoder cap:
08-10 03:13:00.223   681  1170 I mm-camera: <MCT   >< INFO> 5326: mct_pipeline_start_session_thread: E imglib
08-10 03:13:00.223   637   637 V MediaProfiles: Number of camera ids: 4
08-10 03:13:00.223   637   637 I liblog  : 755
08-10 03:13:00.223   681  1170 I mm-camera: <MCT   >< INFO> 5333: mct_pipeline_start_session_thread: Calling start_session on Module imglib
08-10 03:13:00.223   681  1165 I mm-camera: <MCT   >< INFO> 5336: mct_pipeline_start_session_thread: Module isp start_session rc = 1
08-10 03:13:00.223   681  1165 I mm-camera: <MCT   >< INFO> 5344: mct_pipeline_start_session_thread: started_num = 2, success = 2
08-10 03:13:00.223   681  1165 I mm-camera: <MCT   >< INFO> 5351: mct_pipeline_start_session_thread: X isp
08-10 03:13:00.223   637   637 V MediaProfilesJNI: native_init
08-10 03:13:00.223   637   637 V MediaProfilesJNI: native_init
08-10 03:13:00.223   681  1170 I mm-camera: <MCT   >< INFO> 5336: mct_pipeline_start_session_thread: Module imglib start_session rc = 1
08-10 03:13:00.223   681  1170 I mm-camera: <MCT   >< INFO> 5344: mct_pipeline_start_session_thread: started_num = 3, success = 3
08-10 03:13:00.223   681  1170 I mm-camera: <MCT   >< INFO> 5351: mct_pipeline_start_session_thread: X imglib
08-10 03:13:00.223   637   637 V MediaProfilesJNI: native_init
08-10 03:13:00.225   681  1169 I mm-camera: <MCT   >< INFO> 5336: mct_pipeline_start_session_thread: Module pproc start_session rc = 1
08-10 03:13:00.225   681  1169 I mm-camera: <MCT   >< INFO> 5344: mct_pipeline_start_session_thread: started_num = 4, success = 4
08-10 03:13:00.225   681  1169 I mm-camera: <MCT   >< INFO> 5351: mct_pipeline_start_session_thread: X pproc
08-10 03:13:00.227     0     0 I MSM-CPP cpp_init_hardware: 1135 CPP HW Version: 0x60010002
08-10 03:13:00.227   681  1167 I mm-camera: <MCT   >< INFO> 5336: mct_pipeline_start_session_thread: Module stats start_session rc = 1
08-10 03:13:00.227     0     0 E MSM-CPP cpp_init_hardware: 1153 stream_cnt:0
08-10 03:13:00.227   681  1167 I mm-camera: <MCT   >< INFO> 5344: mct_pipeline_start_session_thread: started_num = 5, success = 5
08-10 03:13:00.227   681  1167 I mm-camera: <MCT   >< INFO> 5351: mct_pipeline_start_session_thread: X stats
08-10 03:13:00.234   637   637 W Zygote  : Class not found for preloading: android.media.audiopolicy.AudioProductStrategies
08-10 03:13:00.234   637   637 W Zygote  : Class not found for preloading: android.media.audiopolicy.AudioVolumeGroups
08-10 03:13:00.245     0     0 I msm_csid_init: CSID_VERSION = 0x30050000
08-10 03:13:00.246     0     0 E         : msm_csid_irq CSID0_IRQ_STATUS_ADDR = 0x800
08-10 03:13:00.254   681  1162 I mm-camera: <MCT   >< INFO> 5336: mct_pipeline_start_session_thread: Module sensor start_session rc = 1
08-10 03:13:00.254   681  1162 I mm-camera: <MCT   >< INFO> 5344: mct_pipeline_start_session_thread: started_num = 6, success = 6
08-10 03:13:00.254   681  1162 I mm-camera: <MCT   >< INFO> 5351: mct_pipeline_start_session_thread: X sensor
08-10 03:13:00.260   681   681 I mm-camera: <MCT   >< INFO> 5247: mct_pipeline_start_stream_internal: Adding session stream streamid= 0xf for session=3
08-10 03:13:00.260   681   681 I mm-camera: <MCT   >< INFO> 5295: mct_pipeline_start_stream_internal: Linking session stream for session 3
08-10 03:13:00.260   681   681 I mm-camera: <MCT   >< INFO> 526: mct_stream_start_link: Start linking Session-stream 0x3000f
