08-10 03:12:49.358     0     0 W         : OEM debug usb_eth_gpio_reset end.
08-10 03:12:49.358     0     0 I [usb_mux]: registered handler(1699387476) for usb mode switch
08-10 03:12:49.358     0     0 I usb_oem_probe: enter
08-10 03:12:49.358     0     0 I         : usbPortPathInit 596 read path succeed: typec-u2-path 1-1.4
08-10 03:12:49.358     0     0 I usb_oem_probe: usbPortsSpeedCfg[0].portU2Path=1-1.4
08-10 03:12:49.358     0     0 I         : usbPortPathInit 596 read path succeed: typec-u3-path 2-1.4
08-10 03:12:49.358     0     0 I usb_oem_probe: usbPortsSpeedCfg[0].portU3Path=2-1.4
08-10 03:12:49.358     0     0 I         : usbPortPathInit 596 read path succeed: typea-u2-path 1-1.2
08-10 03:12:49.358     0     0 I usb_oem_probe: usbPortsSpeedCfg[1].portU2Path=1-1.2
08-10 03:12:49.358     0     0 I         : usbPortPathInit 596 read path succeed: typea-u3-path 2-1.2
08-10 03:12:49.358     0     0 I usb_oem_probe: usbPortsSpeedCfg[1].portU3Path=2-1.2
08-10 03:12:49.358     0     0 E         : usbPortPathInit 593 read path failed: typea-ex3-u2-path
08-10 03:12:49.358     0     0 I usb_oem_probe: usbPortsSpeedCfg[2].portU2Path=
08-10 03:12:49.358     0     0 E         : usbPortPathInit 593 read path failed: typea-ex3-u3-path
08-10 03:12:49.358     0     0 I usb_oem_probe: usbPortsSpeedCfg[2].portU3Path=
08-10 03:12:49.358     0     0 E         : usbPortPathInit 593 read path failed: typea-ex4-u2-path
08-10 03:12:49.358     0     0 I usb_oem_probe: usbPortsSpeedCfg[3].portU2Path=
08-10 03:12:49.358     0     0 E         : usbPortPathInit 593 read path failed: typea-ex4-u3-path
08-10 03:12:49.358     0     0 I usb_oem_probe: usbPortsSpeedCfg[3].portU3Path=
08-10 03:12:49.358     0     0 E         : usbPortPathInit 593 read path failed: typea-ex5-u2-path
08-10 03:12:49.358     0     0 I usb_oem_probe: usbPortsSpeedCfg[4].portU2Path=
08-10 03:12:49.358     0     0 E         : usbPortPathInit 593 read path failed: typea-ex5-u3-path
08-10 03:12:49.358     0     0 I usb_oem_probe: usbPortsSpeedCfg[4].portU3Path=
08-10 03:12:49.358     0     0 I         : usbPortPathInit 596 read path succeed: micro-usb1-path 1-1.3.1
08-10 03:12:49.358     0     0 I usb_oem_probe: usbPortsSpeedCfg[5].portU2Path=1-1.3.1
08-10 03:12:49.358     0     0 I usb_oem_probe: usbPortsSpeedCfg[5].portU3Path=
08-10 03:12:49.358     0     0 I         : usbPortPathInit 596 read path succeed: micro-usb2-path 1-1.3.2
08-10 03:12:49.358     0     0 I usb_oem_probe: usbPortsSpeedCfg[6].portU2Path=1-1.3.2
08-10 03:12:49.358     0     0 I usb_oem_probe: usbPortsSpeedCfg[6].portU3Path=
08-10 03:12:49.358     0     0 I         : usbPortPathInit 596 read path succeed: micro-usb3-path 1-1.3.3
08-10 03:12:49.358     0     0 I usb_oem_probe: usbPortsSpeedCfg[7].portU2Path=1-1.3.3
08-10 03:12:49.358     0     0 I usb_oem_probe: usbPortsSpeedCfg[7].portU3Path=
08-10 03:12:49.358     0     0 I         : usbPortPathInit 596 read path succeed: micro-usb4-path 1-1.3.4
08-10 03:12:49.358     0     0 I usb_oem_probe: usbPortsSpeedCfg[8].portU2Path=1-1.3.4
08-10 03:12:49.358     0     0 I usb_oem_probe: usbPortsSpeedCfg[8].portU3Path=
08-10 03:12:49.358     0     0 I usb_ports_pwr_reset(): enter
08-10 03:12:49.358     0     0 I GL3523_portpwr_get: enter, 0
08-10 03:12:49.358     0     0 I usb_ports_pwr_reset(): HUB3_PWR_CFG currentValue=0
08-10 03:12:49.358     0     0 I usb_ports_pwr_reset(): HUB3_PWR_CFG pwrDisableValue=30
08-10 03:12:49.358     0     0 I GL3523_portpwr_set: enter val = 30
08-10 03:12:49.358     0     0 I GL3523_portpwr_set: typeC pwr enable
08-10 03:12:49.358     0     0 I         : [ite_acc] stand_ctrl vbus_disable val=0
08-10 03:12:49.358     0     0 E         : [ite_acc] usb_c vbus is already: VBUS-Enabled
08-10 03:12:49.358     0     0 I GL3523_portpwr_set: typeA pwr disable
08-10 03:12:49.358     0     0 I gl3523_typeA_pwr_set: enter = 1
08-10 03:12:49.358     0     0 I gl3523_typeA_pwr_set: it is in device mode, ignore the typa pwr set from FS, only store the config
08-10 03:12:49.358     0     0 I         : [it8855] set_typec_power = 0
08-10 03:12:49.358     0     0 I         : [ite_acc] stand_ctrl vbus_disable val=1
08-10 03:12:49.358     0     0 I         : [ite_acc] stand_ctrl vbus_disable write val=4
08-10 03:12:49.359     0     0 E i2c-msm-v2 c1b6000.i2c: msm_bus_scale_register_client(mstr-id:84):0x1e (ok)
08-10 03:12:49.708     0     0 I usb 1-1.1: new high-speed USB device number 4 using xhci-hcd
08-10 03:12:49.718     0     0 E of_batterydata_get_best_profile: No battery data found
08-10 03:12:49.718     0     0 E FG      : fg_get_batt_profile: couldn't find profile handle
08-10 03:12:49.718     0     0 W FG      : profile_load_work: profile for batt_id=106KOhms not found..using OTP, rc:-61
08-10 03:12:49.834     0     0 I         : Disable AX88179 lpm.
08-10 03:12:49.834     0     0 I usb 1-1.1: New USB device found, idVendor=0b95, idProduct=1790
08-10 03:12:49.834     0     0 I usb 1-1.1: New USB device strings: Mfr=1, Product=2, SerialNumber=3
08-10 03:12:49.834     0     0 I usb 1-1.1: Product: AX88179
08-10 03:12:49.834     0     0 I usb 1-1.1: Manufacturer: ASIX Elec. Corp.
08-10 03:12:49.834     0     0 I usb 1-1.1: SerialNumber: 00000000000003
08-10 03:12:49.863     0     0 W OEM debug: ax88179 usb device number = 4, dev path = 1.1, dev serial = 00000000000003.
08-10 03:12:49.864     0     0 W         : OEM debug oem_set_eth_nameflag: devpath 1.1 get name_flag 88179.
08-10 03:12:49.864     0     0 W         : OEM debug dev_alloc_name_ns: after alloc eth dev name = eth0.
08-10 03:12:49.865     0     0 W OEM debug: general mode disable autosuspend.
08-10 03:12:49.868     0     0 I         : [it8855] set_typec_power = 1
08-10 03:12:49.868     0     0 I         : [ite_acc] stand_ctrl vbus_disable val=0
08-10 03:12:49.868     0     0 I         : [ite_acc] stand_ctrl vbus_disable write val=0
08-10 03:12:49.868     0     0 I it8855 6-0040: Reset it8855 when enable vbus!
08-10 03:12:49.935     0     0 I it8855 6-0040: irq comming!
08-10 03:12:49.935     0     0 I it8855 6-0040: irq_work_func!
08-10 03:12:49.948     0     0 I it8855 6-0040: status is: detach, no contract, CC1, dfp, source, exit mode
08-10 03:12:49.948     0     0 I it8855 6-0040: Exit Alternate mode!
08-10 03:12:49.968     0     0 I it8855 6-0040: reset irq gpio to high
08-10 03:12:49.988     0     0 I GL3523_portpwr_set: enter val = 0
08-10 03:12:49.988     0     0 I GL3523_portpwr_set: typeC pwr enable
08-10 03:12:49.988     0     0 I         : [ite_acc] stand_ctrl vbus_disable val=0
08-10 03:12:49.988     0     0 E         : [ite_acc] usb_c vbus is already: VBUS-Enabled
08-10 03:12:49.988     0     0 I GL3523_portpwr_set: typeA pwr enable
08-10 03:12:49.988     0     0 I gl3523_typeA_pwr_set: enter = 0
08-10 03:12:49.988     0     0 I gl3523_typeA_pwr_set: it is in device mode, ignore the typa pwr set from FS, only store the config
08-10 03:12:49.988     0     0 I gl852_portpwr_get: enter
08-10 03:12:49.988     0     0 I usb_ports_pwr_reset(): HUB2_PWR_CFG currentValue=0
08-10 03:12:49.988     0     0 I gl852_portpwr_set: enter val = 15
08-10 03:12:49.988     0     0 I gl852_portpwr_set: 83 0
08-10 03:12:49.988     0     0 I gl852_portpwr_set: 84 0
08-10 03:12:49.988     0     0 I gl852_portpwr_set: 85 0
08-10 03:12:49.988     0     0 I gl852_portpwr_set: 86 0
08-10 03:12:49.988     0     0 I         : [ite_acc] get_accessory_id = 0
08-10 03:12:49.988     0     0 I it8855 6-0040: irq_work_func!
08-10 03:12:50.008     0     0 I it8855 6-0040: status is: detach, no contract, CC1, dfp, source, exit mode
08-10 03:12:50.008     0     0 I it8855 6-0040: Exit Alternate mode!
08-10 03:12:50.048     0     0 I         : [ite_acc] get_accessory_id = 0
08-10 03:12:50.498     0     0 I gl852_portpwr_set: enter val = 0
08-10 03:12:50.498     0     0 I gl852_portpwr_set: 83 1
08-10 03:12:50.498     0     0 I gl852_portpwr_set: 84 1
08-10 03:12:50.498     0     0 I gl852_portpwr_set: 85 1
08-10 03:12:50.498     0     0 I gl852_portpwr_set: 86 1
08-10 03:12:50.498     0     0 E         : read oem,hub-protocol-cfg= 0x60
08-10 03:12:50.498     0     0 I usb_oem_probe: succeed exit!
08-10 03:12:50.499     0     0 I input   : soc:gpio_keys as /devices/platform/soc/soc:gpio_keys/input/input3
08-10 03:12:50.499     0     0 I rtc-max31343 1-0068: read date/time raw! 0x21-08-10 07:12:50 W03
08-10 03:12:50.500     0     0 I rtc-max31343 1-0068: read date/time! 2021-08-10 07:12:50
08-10 03:12:50.500     0     0 I rtc-max31343 1-0068: setting system clock to 2021-08-10 07:12:50 UTC (1628579570)
08-10 03:12:50.502     0     0 E lpm_levels: register_cluster_lpm_stats()
08-10 03:12:50.502     0     0 E lpm_levels: register_cluster_lpm_stats()
08-10 03:12:50.507     0     0 I gfx_mem_acc_corner: disabling
08-10 03:12:50.507     0     0 I gdsc_ufs: disabling
08-10 03:12:50.507     0     0 I cam_vadd_gpio_regulator: disabling
08-10 03:12:50.507     0     0 I cam_vaf_gpio_regulator: disabling
08-10 03:12:50.507     0     0 I cam_rear_dvdd_gpio_regulator: disabling
08-10 03:12:50.507     0     0 I apc0_pwrcl_corner: disabling
08-10 03:12:50.507     0     0 I apc1_perfcl_corner: disabling
08-10 03:12:50.507     0     0 I regulator_proxy_consumer_remove_all: removing regulator proxy consumer requests
08-10 03:12:50.507     0     0 I         : ALSA device list:
08-10 03:12:50.507     0     0 I         : No soundcards found.
08-10 03:12:50.509     0     0 I         : Freeing unused kernel memory: 6144K
08-10 03:12:50.513     0     0 I init    : init first stage started!
08-10 03:12:50.513     0     0 I init    : [libfs_mgr]dt_fstab: Skip disabled entry for partition vendor
08-10 03:12:50.513     0     0 I init    : [libfs_mgr]ReadFstabFromDt(): failed to read fstab from dt
08-10 03:12:50.514     0     0 I init    : [libfs_mgr]dt_fstab: Skip disabled entry for partition vendor
08-10 03:12:50.515     0     0 I init    : Using Android DT directory /proc/device-tree/firmware/android/
08-10 03:12:50.547     0     0 I init    : [libfs_mgr]Created logical partition system_a on device /dev/block/dm-0
08-10 03:12:50.547     0     0 I init    : [libfs_mgr]Skipping zero-length logical partition: system_b
08-10 03:12:50.547     0     0 I init    : [libfs_mgr]Created logical partition product_a on device /dev/block/dm-1
08-10 03:12:50.547     0     0 I init    : [libfs_mgr]Skipping zero-length logical partition: product_b
08-10 03:12:50.548     0     0 I init    : [libfs_mgr]Created logical partition vendor_a on device /dev/block/dm-2
08-10 03:12:50.551     0     0 I EXT4-fs (mmcblk0p52): mounted filesystem with ordered data mode. Opts: discard
08-10 03:12:50.559     0     0 I device-mapper: verity: sha1 using implementation "sha1-ce"
08-10 03:12:50.566     0     0 W EXT4-fs (dm-3): mounting with "discard" option, but the device does not support discard
08-10 03:12:50.566     0     0 I EXT4-fs (dm-3): mounted filesystem without journal. Opts: barrier=1,discard
08-10 03:12:50.587     0     0 I device-mapper: verity: sha1 using implementation "sha1-ce"
08-10 03:12:50.595     0     0 W EXT4-fs (dm-4): mounting with "discard" option, but the device does not support discard
08-10 03:12:50.595     0     0 I EXT4-fs (dm-4): mounted filesystem without journal. Opts: barrier=1,discard
08-10 03:12:50.597     0     0 I device-mapper: verity: sha1 using implementation "sha1-ce"
08-10 03:12:50.617     0     0 W EXT4-fs (dm-5): mounting with "discard" option, but the device does not support discard
08-10 03:12:50.617     0     0 I EXT4-fs (dm-5): mounted filesystem without journal. Opts: barrier=1,discard
08-10 03:12:50.664     0     0 W init    : 20 output lines suppressed due to ratelimiting
08-10 03:12:50.813     0     0 I init    : Loading SELinux policy
08-10 03:12:50.833     0     0 D SELinux : 16384 avtab hash slots, 50285 rules.
08-10 03:12:50.858     0     0 D SELinux : 16384 avtab hash slots, 50285 rules.
08-10 03:12:50.858     0     0 D SELinux : 1 users, 4 roles, 2240 types, 0 bools, 1 sens, 1024 cats
08-10 03:12:50.858     0     0 D SELinux : 97 classes, 50285 rules
08-10 03:12:50.860     0     0 I SELinux : Permission nlmsg_readpriv in class netlink_route_socket not defined in policy.
08-10 03:12:50.860     0     0 I SELinux : the above unknown classes and permissions will be denied
08-10 03:12:50.860     0     0 I SELinux : policy capability network_peer_controls=1
08-10 03:12:50.860     0     0 I SELinux : policy capability open_perms=1
08-10 03:12:50.860     0     0 I SELinux : policy capability extended_socket_class=1
08-10 03:12:50.860     0     0 I SELinux : policy capability always_check_network=0
08-10 03:12:50.860     0     0 I SELinux : policy capability cgroup_seclabel=0
08-10 03:12:50.860     0     0 I SELinux : policy capability nnp_nosuid_transition=1
08-10 03:12:50.860     0     0 D SELinux : Completing initialization.
08-10 03:12:50.860     0     0 D SELinux : Setting up existing superblocks.
08-10 03:12:50.909   495   495 I auditd  : type=1403 audit(0.0:2): policy loaded auid=4294967295 ses=4294967295
08-10 03:12:50.909   495   495 I auditd  : type=1403 audit(0.0:2): policy loaded auid=4294967295 ses=4294967295
08-10 03:12:50.909   495   495 I auditd  : type=1404 audit(0.0:3): enforcing=1 old_enforcing=0 auid=4294967295 ses=4294967295
08-10 03:12:50.909   495   495 W auditd  : type=1404 audit(0.0:3): enforcing=1 old_enforcing=0 auid=4294967295 ses=4294967295
08-10 03:12:50.923     0     0 I selinux : SELinux: Loaded policy from /vendor/etc/selinux/precompiled_sepolicy
08-10 03:12:50.928     0     0 I selinux : SELinux: Loaded file_contexts
08-10 03:12:50.947     0     0 I init    : init second stage started!
08-10 03:12:50.965     0     0 I init    : Using Android DT directory /proc/device-tree/firmware/android/
08-10 03:12:50.969     0     0 I selinux : SELinux: Loaded file_contexts
08-10 03:12:50.969     0     0 I init    : Running restorecon...
08-10 03:12:50.986     0     0 E selinux : avc:  denied  { set } for  scontext=u:r:vendor_init:s0 tcontext=u:object_r:default_prop:s0 tclass=property_service permissive=0
08-10 03:12:50.986     0     0 E init    : Do not have permissions to set 'ro.product.vendor.otadevice' to 'ota.sdm660_64' in property file '/vendor/build.prop': SELinux permission check failed
08-10 03:12:50.986     0     0 E selinux : avc:  denied  { set } for  scontext=u:r:vendor_init:s0 tcontext=u:object_r:default_prop:s0 tclass=property_service permissive=0
08-10 03:12:50.986     0     0 E init    : Do not have permissions to set 'ro.product.vendor.otamodel' to 'ota.sdm660_64' in property file '/vendor/build.prop': SELinux permission check failed
08-10 03:12:50.986     0     0 E selinux : avc:  denied  { set } for  scontext=u:r:vendor_init:s0 tcontext=u:object_r:default_prop:s0 tclass=property_service permissive=0
08-10 03:12:50.986     0     0 E init    : Do not have permissions to set 'ro.product.vendor.otaname' to 'ota.sdm660_64' in property file '/vendor/build.prop': SELinux permission check failed
08-10 03:12:51.116     0     0 I ueventd : ueventd started!
08-10 03:12:51.120     0     0 I selinux : SELinux: Loaded file_contexts
08-10 03:12:51.120     0     0 I ueventd : Parsing file /ueventd.rc...
08-10 03:12:51.121     0     0 I ueventd : Parsing file /vendor/ueventd.rc...
08-10 03:12:51.122     0     0 E ueventd : /vendor/ueventd.rc: 194: /sys/ lines must have 5 entries
08-10 03:12:51.123     0     0 I ueventd : Parsing file /odm/ueventd.rc...
08-10 03:12:51.123     0     0 I ueventd : Unable to read config file '/odm/ueventd.rc': open() failed: No such file or directory
08-10 03:12:51.123     0     0 I ueventd : Parsing file /ueventd.qcom.rc...
08-10 03:12:51.123     0     0 I ueventd : Unable to read config file '/ueventd.qcom.rc': open() failed: No such file or directory
08-10 03:12:51.126     0     0 I apexd   : Bootstrap subcommand detected
08-10 03:12:51.131     0     0 I apexd   : Scanning /system/apex for embedded keys
08-10 03:12:51.132     0     0 I apexd   : Scanning /product/apex for embedded keys
08-10 03:12:51.132     0     0 I apexd   : ... does not exist. Skipping
08-10 03:12:51.132     0     0 I apexd   : Scanning /system/apex looking for APEX packages.
08-10 03:12:51.132     0     0 I apexd   : Found /system/apex/com.android.media
08-10 03:12:51.132     0     0 I apexd   : Skipped when bootstrapping
08-10 03:12:51.133     0     0 I apexd   : Found /system/apex/com.android.tzdata
08-10 03:12:51.133     0     0 I apexd   : Successfully bind-mounted flattened package /system/apex/com.android.tzdata on /apex/com.android.tzdata@290000000
08-10 03:12:51.133     0     0 I apexd   : Found /system/apex/com.android.runtime.debug
08-10 03:12:51.136     0     0 W apexd   : 9 output lines suppressed due to ratelimiting
08-10 03:12:51.136     0     0 I         : apexd (480) used greatest stack depth: 11632 bytes left
08-10 03:12:51.235     0     0 W q6_pdr_dlkm: loading out-of-tree module taints kernel.
08-10 03:12:51.253     0     0 W adsp_loader_dlkm: no symbol version for apr_set_modem_state
08-10 03:12:51.510     0     0 E pmic_analog_codec 800f000.qcom,spmi: qcom,pm660l@3:anlg-cdc@f000: Adsp is not loaded yet 0
08-10 03:12:51.520     0     0 E msm_sdw_codec 152c1000.msm-sdw-codec: Adsp is not loaded yet 0
08-10 03:12:51.539     0     0 E pmic_analog_codec 800f000.qcom,spmi: qcom,pm660l@3:anlg-cdc@f000: Adsp is not loaded yet 0
08-10 03:12:51.539     0     0 E msm_sdw_codec 152c1000.msm-sdw-codec: Adsp is not loaded yet 0
08-10 03:12:51.539     0     0 E pmic_analog_codec 800f000.qcom,spmi: qcom,pm660l@3:anlg-cdc@f000: Adsp is not loaded yet 0
08-10 03:12:51.539     0     0 E msm_sdw_codec 152c1000.msm-sdw-codec: Adsp is not loaded yet 0
08-10 03:12:51.622     0     0 I oem-init: /vendor/bin/oem_init start with 1 parameters
08-10 03:12:51.622     0     0 I oem-init: sysfs:path sys/devices/soc0/project_id data 45 size 4
08-10 03:12:51.622     0     0 I oem-init: Project id: 45
08-10 03:12:51.622     0     0 I oem-init: model id: 10in-I-Series-4
08-10 03:12:51.623     0     0 I oem-init: product 10in-I-Series-4
08-10 03:12:51.623     0     0 I oem-init: product device: 10in-I-Series-4
08-10 03:12:51.623     0     0 I oem-init: product name: 10in-I-Series-4_E8MP
08-10 03:12:51.623     0     0 I oem-init: oemmodel id: i4_in10_std
08-10 03:12:51.624     0     0 I oem-init: common features: BT-WIFI-PwrLED-UartMux-TypeC
08-10 03:12:51.624     0     0 I oem-init: sku features: eth-PoE-GSen-DuSpk-GPIO-AdbMux-eRTC-Key2-dmic-SD-exPD
08-10 03:12:51.924     0     0 E FG      : fg_get_time_to_full_locked: battery profile is not loaded
08-10 03:12:53.666     0     0 I ueventd : Coldboot took 2.543 seconds
08-10 03:12:53.707     0     0 I         : Registered swp emulation handler
08-10 03:12:53.770     0     0 I logd.auditd: start
08-10 03:12:53.795     0     0 I init    : wait for '/dev/block/platform/soc/c0c4000.sdhci' took 0ms
08-10 03:12:53.833     0     0 I EXT4-fs (mmcblk0p48): mounted filesystem with ordered data mode. Opts: barrier=1
08-10 03:12:53.839     0     0 I EXT4-fs (mmcblk0p37): mounted filesystem with ordered data mode. Opts: barrier=1
08-10 03:12:53.851   497   497 I hwservicemanager: hwservicemanager is ready now.
08-10 03:12:53.851   500   500 E cutils-trace: Error opening trace file: Permission denied (13)
08-10 03:12:53.854   497   497 E cutils-trace: Error opening trace file: Permission denied (13)
08-10 03:12:53.861     0     0 I subsys-pil-tz 15700000.qcom,lpass: adsp: loading from 0x0000000092a00000 to 0x0000000094800000
08-10 03:12:53.862     0     0 I EXT4-fs (mmcblk0p39): mounted filesystem with ordered data mode. Opts: barrier=1
08-10 03:12:53.892     0     0 D vdc     : Waited 0ms for vold
08-10 03:12:53.902   500   500 I ServiceManagement: Registered vendor.qti.hardware.qseecom@1.0::IQSEECom/default (start delay of 174ms)
08-10 03:12:53.902   500   500 I ServiceManagement: Removing namespace from process name vendor.qti.hardware.qseecom@1.0-service to qseecom@1.0-service.
08-10 03:12:53.903   500   500 I QSEECOM_SERVICE: IQSEECom registerAsService is successful
08-10 03:12:54.026   555   555 D QSEECOMD: : qseecom listener services process entry PPID = 1
08-10 03:12:54.026   555   555 E QSEECOMD: : Listener: index = 0, hierarchy = 0
08-10 03:12:54.028   555   555 D QSEECOMD: : Init dlopen(librpmb.so, RTLD_NOW) succeeds
08-10 03:12:54.028   555   555 D QSEECOMD: : Init::Init dlsym(g_FSHandle rpmb_init_service) succeeds
08-10 03:12:54.028   555   555 I rpmb_emmc: RPMB Mult (512-bytes sector) = 32768, Rel_sec_cnt = 32
08-10 03:12:54.029   555   555 E DrmLibRpmb: rpmb_init succeeded! with ret = 0
08-10 03:12:54.029   555   555 D QSEECOMD: : Init rpmb_init_service ret = 0
08-10 03:12:54.029   555   555 D QSEECOMD: : RPMB system services: init (Listener ID = 8192)
08-10 03:12:54.029   555   555 E QSEECOMD: : Listener: index = 1, hierarchy = 0
08-10 03:12:54.030   555   555 D QSEECOMD: : Init dlopen(libssd.so, RTLD_NOW) succeeds
08-10 03:12:54.030   555   555 D QSEECOMD: : Init::Init dlsym(g_FSHandle ssd_init_service) succeeds
08-10 03:12:54.030   555   555 E SSD     : ssd_init_service succeeded!
08-10 03:12:54.030   555   555 D QSEECOMD: : Init ssd_init_service ret = 0
08-10 03:12:54.030   555   555 D QSEECOMD: : SSD system services: init (Listener ID = 12288)
08-10 03:12:54.030   555   555 E QSEECOMD: : Listener: index = 2, hierarchy = 0
08-10 03:12:54.047   555   555 D QSEECOMD: : Init dlopen(libsecureui.so, RTLD_NOW) succeeds
08-10 03:12:54.047   555   555 D QSEECOMD: : Init::Init dlsym(g_FSHandle secure_ui_init) succeeds
08-10 03:12:54.047   555   555 D QSEECOMD: : Init secure_ui_init ret = 0
08-10 03:12:54.047   555   555 D QSEECOMD: : secure UI services: init (Listener ID = 16384)
08-10 03:12:54.047   555   555 D QSEECOMD: : qseecom listener service threads starting!!! 
08-10 03:12:54.047   555   555 D QSEECOMD: : Total listener services to start = 10
08-10 03:12:54.047   555   555 E QSEECOMD: : Listener: index = 0, hierarchy = 1
08-10 03:12:54.048   555   555 D QSEECOMD: : Init dlopen(librpmb.so, RTLD_NOW) succeeds
08-10 03:12:54.048   555   555 D QSEECOMD: : Init::Init dlsym(g_FSHandle rpmb_start) succeeds
08-10 03:12:54.048   555   555 D QSEECOMAPI: QSEECom_register_listener 8192 sb_length = 0x6400
08-10 03:12:54.048   555   555 E ion     : ioctl c0044901 failed with code -1: Not a typewriter
08-10 03:12:54.049   555   555 D QSEECOMD: : Init rpmb_start ret = 0
08-10 03:12:54.049   555   555 D QSEECOMD: : RPMB system services: Started (Listener ID = 8192)
08-10 03:12:54.049   555   555 E QSEECOMD: : Listener: index = 1, hierarchy = 1
08-10 03:12:54.049   555   555 D QSEECOMD: : Init dlopen(libssd.so, RTLD_NOW) succeeds
08-10 03:12:54.049   555   555 D QSEECOMD: : Init::Init dlsym(g_FSHandle ssd_start) succeeds
08-10 03:12:54.049   555   555 D QSEECOMAPI: QSEECom_register_listener 12288 sb_length = 0x5000
08-10 03:12:54.050   555   555 D QSEECOMD: : Init ssd_start ret = 0
08-10 03:12:54.050   555   555 D QSEECOMD: : SSD system services: Started (Listener ID = 12288)
08-10 03:12:54.050   555   555 E QSEECOMD: : Listener: index = 2, hierarchy = 1
08-10 03:12:54.050   555   555 D QSEECOMD: : Init dlopen(libsecureui.so, RTLD_NOW) succeeds
08-10 03:12:54.050   555   555 D QSEECOMD: : Init::Init dlsym(g_FSHandle secure_ui_start) succeeds
08-10 03:12:54.050   555   555 D QSEECOMAPI: QSEECom_register_listener 16384 sb_length = 0x10a8
08-10 03:12:54.051   555   555 D QSEECOMD: : Init secure_ui_start ret = 0
08-10 03:12:54.051   555   555 D QSEECOMD: : secure UI services: Started (Listener ID = 16384)
08-10 03:12:54.051   555   555 E QSEECOMD: : Listener: index = 3, hierarchy = 1
08-10 03:12:54.053   555   555 D QSEECOMD: : Init dlopen(libdrmtime.so, RTLD_NOW) succeeds
08-10 03:12:54.053   555   555 D QSEECOMD: : Init::Init dlsym(g_FSHandle atime_start) succeeds
08-10 03:12:54.053   555   555 D DrmLibTime: QSEE Time Listener: atime_start
08-10 03:12:54.053   555   555 D QSEECOMAPI: QSEECom_register_listener 11 sb_length = 0x5000
08-10 03:12:54.053   555   555 D DrmLibTime: registering fs service to QSEECom is done!
08-10 03:12:54.053   555   555 D DrmLibTime: begin to create a thread!
08-10 03:12:54.054   555   555 D DrmLibTime: Creating a pthread in atime_start is done! return 0
08-10 03:12:54.054   555   555 D QSEECOMD: : Init atime_start ret = 0
08-10 03:12:54.054   555   555 D QSEECOMD: : time services: Started (Listener ID = 11)
08-10 03:12:54.054   555   555 E QSEECOMD: : Listener: index = 4, hierarchy = 1
08-10 03:12:54.054   555   561 D DrmLibTime: QSEE Time Listener: dispatch
08-10 03:12:54.054   555   561 D DrmLibTime: before calling ioctl to read the next time_cmd
08-10 03:12:54.054   555   555 D QSEECOMD: : Init dlopen(libdrmfs.so, RTLD_NOW) succeeds
08-10 03:12:54.054   555   555 D QSEECOMD: : Init::Init dlsym(g_FSHandle fs_start) succeeds
08-10 03:12:54.054   555   555 D QSEECOMAPI: QSEECom_register_listener 10 sb_length = 0x5000
08-10 03:12:54.054   555   555 D QSEECOMD: : Init fs_start ret = 0
08-10 03:12:54.054   555   555 D QSEECOMD: : file system services: Started (Listener ID = 10)
08-10 03:12:54.054   555   555 E QSEECOMD: : Listener: index = 5, hierarchy = 1
08-10 03:12:54.055   555   555 D QSEECOMD: : Init dlopen(libdrmfs.so, RTLD_NOW) succeeds
08-10 03:12:54.055   555   555 D QSEECOMD: : Init::Init dlsym(g_FSHandle gpfs_start) succeeds
08-10 03:12:54.056   555   555 D QSEECOMAPI: QSEECom_register_listener 28672 sb_length = 0x7e000
08-10 03:12:54.057   555   555 D QSEECOMD: : Init gpfs_start ret = 0
08-10 03:12:54.057   555   555 D QSEECOMD: : gpfile system services: Started (Listener ID = 28672)
08-10 03:12:54.057   555   555 E QSEECOMD: : Listener: index = 6, hierarchy = 1
08-10 03:12:54.059   555   555 D QSEECOMD: : Init dlopen(libqisl.so, RTLD_NOW) succeeds
08-10 03:12:54.059   555   555 D QSEECOMD: : Init::Init dlsym(g_FSHandle qisl_start) succeeds
--------- beginning of system
08-10 03:12:54.059   555   564 I QISL    : QSEE Interrupt Service Listener Thread is started
08-10 03:12:54.059   555   564 D QSEECOMAPI: QSEECom_register_listener 36864 sb_length = 0x1f4
08-10 03:12:54.059   555   564 I QISL    : QSEE Interrupt Service Listener was activated successfully
08-10 03:12:54.059   555   555 D QSEECOMD: : Init qisl_start ret = 0
08-10 03:12:54.059   555   555 D QSEECOMD: : interrupt services: Started (Listener ID = 36864)
08-10 03:12:54.059   555   555 E QSEECOMD: : Listener: index = 7, hierarchy = 1
08-10 03:12:54.060   555   555 E QSEECOMD: : Init dlopen(libspl.so, RLTD_NOW) is failed.... dlopen failed: library "libspl.so" not found
08-10 03:12:54.060   555   555 E QSEECOMD: : Listener: index = 8, hierarchy = 1
08-10 03:12:54.062   555   555 D QSEECOMD: : Init dlopen(libGPreqcancel.so, RTLD_NOW) succeeds
08-10 03:12:54.062   555   555 D QSEECOMD: : Init::Init dlsym(g_FSHandle gp_reqcancel_start) succeeds
08-10 03:12:54.062   555   555 D QSEECOMAPI: QSEECom_register_listener 4352 sb_length = 0x5000
08-10 03:12:54.063   555   555 D QSEECOMD: : Init gp_reqcancel_start ret = 0
08-10 03:12:54.063   555   555 D QSEECOMD: : gp request cancellation services: Started (Listener ID = 4352)
08-10 03:12:54.063   555   555 E QSEECOMD: : Listener: index = 9, hierarchy = 1
08-10 03:12:54.063   555   555 E QSEECOMD: : Init dlopen(libops.so, RLTD_NOW) is failed.... dlopen failed: library "libops.so" not found
08-10 03:12:54.063   555   555 D QSEECOMD: : QSEECOM DAEMON RUNNING 
08-10 03:12:54.148     0     0 I         : init.qti.qseeco (556) used greatest stack depth: 11520 bytes left
08-10 03:12:54.148   499   499 D QSEECOMAPI: QSEECom_get_handle sb_length = 0xa000
08-10 03:12:54.148     0     0 I init    : wait for '/dev/block/bootdevice/by-name/eloconf' took 0ms
08-10 03:12:54.148   499   499 D QSEECOMAPI: App is already loaded QSEE and app id = 65537
08-10 03:12:54.148   499   499 E ion     : ioctl c0044901 failed with code -1: Not a typewriter
08-10 03:12:54.152     0     0 I EXT4-fs (mmcblk0p38): mounted filesystem with ordered data mode. Opts: barrier=1
08-10 03:12:54.157   499   499 E KeymasterUtils: TA API Major Version: 4
08-10 03:12:54.157   499   499 E KeymasterUtils: TA API Minor Version: 0
08-10 03:12:54.157   499   499 E KeymasterUtils: TA Major Version: 4
08-10 03:12:54.157   499   499 E KeymasterUtils: TA Minor Version: 164
08-10 03:12:54.170   499   499 I ServiceManagement: Registered android.hardware.keymaster@4.0::IKeymasterDevice/default (start delay of 442ms)
08-10 03:12:54.170   499   499 I ServiceManagement: Removing namespace from process name android.hardware.keymaster@4.0-service-qti to keymaster@4.0-service-qti.
08-10 03:12:54.211   506   506 I chatty  : uid=0(root) Binder:506_2 expire 75 lines
08-10 03:12:54.211   579   579 I vdc     : vdc V 08-10 03:12:54   580   580 vdc.cpp:50] Waited 0ms for vold
08-10 03:12:54.212   579   579 I vdc     : vdc E 08-10 03:12:54   580   580 vdc.cpp:60] Failed: Status(22, 22): 'No magic'
08-10 03:12:54.213   579   579 I vdc     : vdc terminated by exit(25)
08-10 03:12:54.221   575   575 I ServiceManagement: Registered android.hardware.atrace@1.0::IAtraceDevice/default (start delay of 43ms)
08-10 03:12:54.222   575   575 I ServiceManagement: Removing namespace from process name android.hardware.atrace@1.0-service to atrace@1.0-service.
08-10 03:12:54.231   577   577 D QSEECOMAPI: QSEECom_get_handle sb_length = 0xa000
08-10 03:12:54.231   577   577 D QSEECOMAPI: App is already loaded QSEE and app id = 65537
08-10 03:12:54.231   577   577 E ion     : ioctl c0044901 failed with code -1: Not a typewriter
08-10 03:12:54.233   576   576 I ServiceManagement: Registered android.hardware.boot@1.0::IBootControl/default (start delay of 54ms)
08-10 03:12:54.234   579   579 I vdc     : vdc V 08-10 03:12:54   582   582 vdc.cpp:50] Waited 0ms for vold
08-10 03:12:54.234   576   576 I ServiceManagement: Removing namespace from process name android.hardware.boot@1.0-service to boot@1.0-service.
08-10 03:12:54.234   576   576 I android.hardware.boot@1.0-service: Registration complete for android.hardware.boot@1.0::IBootControl/default.
08-10 03:12:54.237   578   578 D         : cryptfshw: svc service starting.
08-10 03:12:54.239   579   579 I vdc     : vdc terminated by exit(1)
08-10 03:12:54.241   577   577 E KeymasterUtils: TA API Major Version: 4
08-10 03:12:54.241   577   577 E KeymasterUtils: TA API Minor Version: 0
08-10 03:12:54.241   577   577 E KeymasterUtils: TA Major Version: 4
08-10 03:12:54.241   577   577 E KeymasterUtils: TA Minor Version: 164
08-10 03:12:54.241   506   531 I chatty  : uid=0(root) Binder:506_2 expire 1 line
08-10 03:12:54.248   578   578 I ServiceManagement: Registered vendor.qti.hardware.cryptfshw@1.0::ICryptfsHw/default (start delay of 60ms)
08-10 03:12:54.248   578   578 I ServiceManagement: Removing namespace from process name vendor.qti.hardware.cryptfshw@1.0-service-qti to cryptfshw@1.0-service-qti.
08-10 03:12:54.248   578   578 E         : Registered CryptfsHw HAL service success
08-10 03:12:54.368     0     0 I subsys-pil-tz 15700000.qcom,lpass: adsp: Brought out of reset
08-10 03:12:54.375   577   577 I ServiceManagement: Registered android.hardware.gatekeeper@1.0::IGatekeeper/default (start delay of 187ms)
08-10 03:12:54.375   577   577 I ServiceManagement: Removing namespace from process name android.hardware.gatekeeper@1.0-service-qti to gatekeeper@1.0-service-qti.
08-10 03:12:54.375   577   577 I android.hardware.gatekeeper@1.0-service: Registration complete for android.hardware.gatekeeper@1.0::IGatekeeper/default.
08-10 03:12:54.387     0     0 I subsys-pil-tz 15700000.qcom,lpass: adsp: Power/Clock ready interrupt received
08-10 03:12:54.387     0     0 I subsys-pil-tz 15700000.qcom,lpass: Subsystem error monitoring/handling services are up
08-10 03:12:54.388     0     0 E pmic_analog_codec 800f000.qcom,spmi: qcom,pm660l@3:anlg-cdc@f000: Adsp is not loaded yet 0
08-10 03:12:54.389     0     0 E msm_sdw_codec 152c1000.msm-sdw-codec: Adsp is not loaded yet 0
08-10 03:12:54.394     0     0 I apr_tal_rpmsg qcom,glink: adsp.apr_audio_svc.-1.-1: apr_tal_rpmsg_probe: Channel[apr_audio_svc] state[Up]
08-10 03:12:54.395     0     0 E pmic_analog_codec 800f000.qcom,spmi: qcom,pm660l@3:anlg-cdc@f000: Adsp is not loaded yet 0
08-10 03:12:54.395     0     0 E msm_sdw_codec 152c1000.msm-sdw-codec: Adsp is not loaded yet 0
08-10 03:12:54.401     0     0 E pmic_analog_codec 800f000.qcom,spmi: qcom,pm660l@3:anlg-cdc@f000: Adsp is not loaded yet 0
08-10 03:12:54.401     0     0 E msm_sdw_codec 152c1000.msm-sdw-codec: Adsp is not loaded yet 0
08-10 03:12:54.406     0     0 I adsprpc : fastrpc_rpmsg_probe: opened rpmsg channel for adsp
08-10 03:12:54.407     0     0 E pmic_analog_codec 800f000.qcom,spmi: qcom,pm660l@3:anlg-cdc@f000: Adsp is not loaded yet 0
08-10 03:12:54.407     0     0 E msm_sdw_codec 152c1000.msm-sdw-codec: Adsp is not loaded yet 0
08-10 03:12:54.536     0     0 I tune2fs : tune2fs 1.44.4 (18-Aug-2018)
08-10 03:12:54.537     0     0 W EXT4-fs (dm-6): Ignoring removed nomblk_io_submit option
08-10 03:12:54.541     0     0 I EXT4-fs (dm-6): mounted filesystem with ordered data mode. Opts: errors=remount-ro,nomblk_io_submit
08-10 03:12:54.695     0     0 I e2fsck  : e2fsck 1.44.4 (18-Aug-2018)
08-10 03:12:54.695     0     0 I e2fsck  : Pass 1: Checking inodes, blocks, and sizes
08-10 03:12:54.695     0     0 I e2fsck  : Pass 2: Checking directory structure
08-10 03:12:54.695     0     0 I e2fsck  : Pass 3: Checking directory connectivity
08-10 03:12:54.695     0     0 I e2fsck  : Pass 4: Checking reference counts
08-10 03:12:54.695     0     0 I e2fsck  : Pass 5: Checking group summary information
08-10 03:12:54.695     0     0 I e2fsck  : data: 451/915712 files (0.7% non-contiguous), 181809/3662109 blocks
08-10 03:12:54.716     0     0 I tune2fs : tune2fs 1.44.4 (18-Aug-2018)
08-10 03:12:54.716     0     0 I tune2fs : Setting reserved blocks gid to 1065
08-10 03:12:54.740     0     0 I EXT4-fs (dm-6): mounted filesystem with ordered data mode. Opts: barrier=1,noauto_da_alloc,discard,lazytime
08-10 03:12:54.748     0     0 W init    : 2 output lines suppressed due to ratelimiting
08-10 03:12:54.769     0     0 D vdc     : Waited 0ms for vold
08-10 03:12:54.777     0     0 I device-mapper: bow: Switching to state Checkpoint
08-10 03:12:54.803     0     0 D vdc     : Waited 0ms for vold
08-10 03:12:54.866   497   497 I hwservicemanager: getTransport: Cannot find entry android.hardware.keymaster@3.0::IKeymasterDevice/default in either framework or device manifest.
08-10 03:12:54.874   555   561 D DrmLibTime: got the req here! ret=0
08-10 03:12:54.874   555   561 D DrmLibTime: command id, time_cmd_id = 770
08-10 03:12:54.874   555   561 D DrmLibTime: time_getutcsec starts!
08-10 03:12:54.874   555   561 D DrmLibTime: QSEE Time Listener: time_getutcsec
08-10 03:12:54.874   555   561 D DrmLibTime: QSEE Time Listener: get_utc_seconds
08-10 03:12:54.874   555   561 D DrmLibTime: QSEE Time Listener: time_get_modem_time
08-10 03:12:54.874   555   561 D DrmLibTime: QSEE Time Listener: Checking if ATS_MODEM is set or not.
08-10 03:12:54.874   555   561 D QC-time-services: Lib:time_genoff_operation: pargs->base = 13
08-10 03:12:54.874   555   561 D QC-time-services: Lib:time_genoff_operation: pargs->operation = 2
08-10 03:12:54.874   555   561 D QC-time-services: Lib:time_genoff_operation: pargs->ts_val = 0
08-10 03:12:54.874   555   561 E QC-time-services: Lib:time_genoff_operation: Connection failed !!
08-10 03:12:54.874   555   561 D DrmLibTime: QSEE Time Listener: ATS_MODEM is not set. Fallback to Android system time.
08-10 03:12:54.874   555   561 D DrmLibTime: QSEE Time Listener: Retrieved Android system time: 1628579574
08-10 03:12:54.874   555   561 D DrmLibTime: time_getutcsec returns 0, sec = 1628579574; nsec = 0
08-10 03:12:54.874   555   561 D DrmLibTime: time_getutcsec finished! 
08-10 03:12:54.874   555   561 D DrmLibTime: iotcl_continue_command finished! and return 0 
08-10 03:12:54.874   555   561 D DrmLibTime: before calling ioctl to read the next time_cmd
08-10 03:12:54.906   506   506 D RefBase : RefBase: Explicit destruction, weak count = 0 (in 0x7747a1ea68)
08-10 03:12:54.906   506   506 W RefBase : CallStack::getCurrentInternal not linked, returning null
08-10 03:12:54.906   506   506 W RefBase : CallStack::logStackInternal not linked
08-10 03:12:54.984     0     0 W         : init (pid 1) is setting deprecated v1 encryption policy; recommend upgrading to v2.
08-10 03:12:54.985     0     0 I fscrypt : AES-256-CTS-CBC using implementation "cts(cbc-aes-ce)"
08-10 03:12:55.020   609   609 E fsverity_init: Failed to load /product/etc/security/fsverity/*.der
08-10 03:12:55.033   610   610 E /system/bin/mini-keyctl: Cannot find keyring id
08-10 03:12:55.049   611   611 E fsverity_init: Failed to restrict .fs-verity keyring
08-10 03:12:55.085   612   612 I apexd   : Marking APEXd as starting
08-10 03:12:55.085     0     0 I apexd   : Marking APEXd as starting
08-10 03:12:55.088   612   612 I apexd   : Scanning /system/apex for embedded keys
08-10 03:12:55.088     0     0 I apexd   : Scanning /system/apex for embedded keys
08-10 03:12:55.089   612   612 I apexd   : Scanning /product/apex for embedded keys
08-10 03:12:55.089     0     0 I apexd   : Scanning /product/apex for embedded keys
08-10 03:12:55.089   612   612 I apexd   : ... does not exist. Skipping
08-10 03:12:55.089   612   612 I apexd   : Populating APEX database from mounts...
08-10 03:12:55.089     0     0 I apexd   : ... does not exist. Skipping
08-10 03:12:55.089     0     0 I apexd   : Populating APEX database from mounts...
08-10 03:12:55.089   612   612 E apexd   : Failed to walk /product/apex : Can't open /product/apex for reading : No such file or directory
08-10 03:12:55.089     0     0 E apexd   : Failed to walk /product/apex : Can't open /product/apex for reading : No such file or directory
08-10 03:12:55.089   612   612 I apexd   : Found "/apex/com.android.tzdata@290000000"
08-10 03:12:55.089     0     0 I apexd   : Found "/apex/com.android.tzdata@290000000"
08-10 03:12:55.089   612   612 I apexd   : Found "/apex/com.android.runtime@1"
08-10 03:12:55.089     0     0 I apexd   : Found "/apex/com.android.runtime@1"
08-10 03:12:55.089   612   612 I apexd   : 2 packages restored.
08-10 03:12:55.089     0     0 I apexd   : 2 packages restored.
08-10 03:12:55.089   612   612 I apexd   : Scanning /data/apex/sessions looking for sessions to be activated.
08-10 03:12:55.089     0     0 I apexd   : Scanning /data/apex/sessions looking for sessions to be activated.
08-10 03:12:55.089   612   612 I apexd   : Scanning /data/apex/active looking for APEX packages.
08-10 03:12:55.090   612   612 I apexd   : Activated 0 packages. Skipped: 0
08-10 03:12:55.090   612   612 I apexd   : Scanning /system/apex looking for APEX packages.
08-10 03:12:55.090   612   612 I apexd   : Found /system/apex/com.android.media
08-10 03:12:55.090   612   612 V apexd   : Creating mount point: /apex/com.android.media@290000000
08-10 03:12:55.090   612   612 I apexd   : Successfully bind-mounted flattened package /system/apex/com.android.media on /apex/com.android.media@290000000
08-10 03:12:55.090   612   612 V apexd   : Creating bind-mount for /apex/com.android.media for /apex/com.android.media@290000000
08-10 03:12:55.090   612   612 V apexd   : Creating mountpoint /apex/com.android.media
08-10 03:12:55.090   612   612 V apexd   : Bind-mounting /apex/com.android.media@290000000 to /apex/com.android.media
08-10 03:12:55.090   612   612 D apexd   : Successfully activated /system/apex/com.android.media package_name: com.android.media version: 290000000
08-10 03:12:55.090   612   612 I apexd   : Found /system/apex/com.android.tzdata
08-10 03:12:55.090   612   612 I apexd   : Skipping activation of /system/apex/com.android.tzdata same package with higher version 290000000 is already active
08-10 03:12:55.090   612   612 I apexd   : Found /system/apex/com.android.runtime.debug
08-10 03:12:55.090   612   612 I apexd   : Skipping activation of /system/apex/com.android.runtime.debug same package with higher version 1 is already active
08-10 03:12:55.090   612   612 I apexd   : Found /system/apex/com.android.resolv
08-10 03:12:55.090   612   612 V apexd   : Creating mount point: /apex/com.android.resolv@290000000
08-10 03:12:55.090   612   612 I apexd   : Successfully bind-mounted flattened package /system/apex/com.android.resolv on /apex/com.android.resolv@290000000
08-10 03:12:55.090   612   612 V apexd   : Creating bind-mount for /apex/com.android.resolv for /apex/com.android.resolv@290000000
08-10 03:12:55.090   612   612 V apexd   : Creating mountpoint /apex/com.android.resolv
08-10 03:12:55.090   612   612 V apexd   : Bind-mounting /apex/com.android.resolv@290000000 to /apex/com.android.resolv
08-10 03:12:55.090   612   612 D apexd   : Successfully activated /system/apex/com.android.resolv package_name: com.android.resolv version: 290000000
08-10 03:12:55.090   612   612 I apexd   : Found /system/apex/com.android.conscrypt
08-10 03:12:55.091   612   612 V apexd   : Creating mount point: /apex/com.android.conscrypt@290000000
08-10 03:12:55.091   612   612 I apexd   : Successfully bind-mounted flattened package /system/apex/com.android.conscrypt on /apex/com.android.conscrypt@290000000
08-10 03:12:55.091   612   612 V apexd   : Creating bind-mount for /apex/com.android.conscrypt for /apex/com.android.conscrypt@290000000
08-10 03:12:55.091   612   612 V apexd   : Creating mountpoint /apex/com.android.conscrypt
08-10 03:12:55.091   612   612 V apexd   : Bind-mounting /apex/com.android.conscrypt@290000000 to /apex/com.android.conscrypt
08-10 03:12:55.091   612   612 D apexd   : Successfully activated /system/apex/com.android.conscrypt package_name: com.android.conscrypt version: 290000000
08-10 03:12:55.091   612   612 I apexd   : Found /system/apex/com.android.media.swcodec
08-10 03:12:55.091   612   612 V apexd   : Creating mount point: /apex/com.android.media.swcodec@290000000
08-10 03:12:55.091   612   612 I apexd   : Successfully bind-mounted flattened package /system/apex/com.android.media.swcodec on /apex/com.android.media.swcodec@290000000
08-10 03:12:55.091   612   612 V apexd   : Creating bind-mount for /apex/com.android.media.swcodec for /apex/com.android.media.swcodec@290000000
08-10 03:12:55.091   612   612 V apexd   : Creating mountpoint /apex/com.android.media.swcodec
08-10 03:12:55.091   612   612 V apexd   : Bind-mounting /apex/com.android.media.swcodec@290000000 to /apex/com.android.media.swcodec
08-10 03:12:55.091   612   612 D apexd   : Successfully activated /system/apex/com.android.media.swcodec package_name: com.android.media.swcodec version: 290000000
08-10 03:12:55.091   612   612 I apexd   : Activated 4 packages. Skipped: 2
08-10 03:12:55.091   612   612 I apexd   : Scanning /product/apex looking for APEX packages.
08-10 03:12:55.091   612   612 E apexd   : Failed to activate packages from /product/apex : Failed to scan /product/apex : Can't open /product/apex for reading : No such file or directory
08-10 03:12:55.092   612   612 I apexd   : Marking APEXd as ready
08-10 03:12:55.122     0     0 D vdc     : Waited 0ms for vold
08-10 03:12:55.692   497   497 I hwservicemanager: getTransport: Cannot find entry android.hardware.keymaster@3.0::IKeymasterDevice/default in either framework or device manifest.
08-10 03:12:55.694   555   561 D DrmLibTime: got the req here! ret=0
08-10 03:12:55.694   555   561 D DrmLibTime: command id, time_cmd_id = 770
08-10 03:12:55.694   555   561 D DrmLibTime: time_getutcsec starts!
08-10 03:12:55.694   555   561 D DrmLibTime: QSEE Time Listener: time_getutcsec
08-10 03:12:55.694   555   561 D DrmLibTime: QSEE Time Listener: get_utc_seconds
08-10 03:12:55.694   555   561 D DrmLibTime: QSEE Time Listener: time_get_modem_time
08-10 03:12:55.694   555   561 D DrmLibTime: QSEE Time Listener: Checking if ATS_MODEM is set or not.
08-10 03:12:55.694   555   561 D QC-time-services: Lib:time_genoff_operation: pargs->base = 13
08-10 03:12:55.694   555   561 D QC-time-services: Lib:time_genoff_operation: pargs->operation = 2
08-10 03:12:55.694   555   561 D QC-time-services: Lib:time_genoff_operation: pargs->ts_val = 0
08-10 03:12:55.694   555   561 E QC-time-services: Lib:time_genoff_operation: Connection failed !!
08-10 03:12:55.694   555   561 D DrmLibTime: QSEE Time Listener: ATS_MODEM is not set. Fallback to Android system time.
08-10 03:12:55.694   555   561 D DrmLibTime: QSEE Time Listener: Retrieved Android system time: 1628579575
08-10 03:12:55.695   555   561 D DrmLibTime: time_getutcsec returns 0, sec = 1628579575; nsec = 0
08-10 03:12:55.695   555   561 D DrmLibTime: time_getutcsec finished! 
08-10 03:12:55.695   555   561 D DrmLibTime: iotcl_continue_command finished! and return 0 
08-10 03:12:55.695   555   561 D DrmLibTime: before calling ioctl to read the next time_cmd
08-10 03:12:55.729   506   506 D RefBase : RefBase: Explicit destruction, weak count = 0 (in 0x7747a1e9e8)
08-10 03:12:55.729   506   506 W RefBase : CallStack::getCurrentInternal not linked, returning null
08-10 03:12:55.729   506   506 W RefBase : CallStack::logStackInternal not linked
08-10 03:12:55.855   497   497 I hwservicemanager: getTransport: Cannot find entry android.hardware.keymaster@3.0::IKeymasterDevice/default in either framework or device manifest.
08-10 03:12:55.858   555   561 D DrmLibTime: got the req here! ret=0
08-10 03:12:55.858   555   561 D DrmLibTime: command id, time_cmd_id = 770
08-10 03:12:55.858   555   561 D DrmLibTime: time_getutcsec starts!
08-10 03:12:55.858   555   561 D DrmLibTime: QSEE Time Listener: time_getutcsec
08-10 03:12:55.858   555   561 D DrmLibTime: QSEE Time Listener: get_utc_seconds
08-10 03:12:55.858   555   561 D DrmLibTime: QSEE Time Listener: time_get_modem_time
08-10 03:12:55.858   555   561 D DrmLibTime: QSEE Time Listener: Checking if ATS_MODEM is set or not.
08-10 03:12:55.858   555   561 D QC-time-services: Lib:time_genoff_operation: pargs->base = 13
08-10 03:12:55.858   555   561 D QC-time-services: Lib:time_genoff_operation: pargs->operation = 2
08-10 03:12:55.858   555   561 D QC-time-services: Lib:time_genoff_operation: pargs->ts_val = 0
08-10 03:12:55.858   555   561 E QC-time-services: Lib:time_genoff_operation: Connection failed !!
08-10 03:12:55.858   555   561 D DrmLibTime: QSEE Time Listener: ATS_MODEM is not set. Fallback to Android system time.
08-10 03:12:55.858   555   561 D DrmLibTime: QSEE Time Listener: Retrieved Android system time: 1628579575
08-10 03:12:55.858   555   561 D DrmLibTime: time_getutcsec returns 0, sec = 1628579575; nsec = 0
08-10 03:12:55.858   555   561 D DrmLibTime: time_getutcsec finished! 
08-10 03:12:55.858   555   561 D DrmLibTime: iotcl_continue_command finished! and return 0 
08-10 03:12:55.858   555   561 D DrmLibTime: before calling ioctl to read the next time_cmd
08-10 03:12:55.892   506   506 D RefBase : RefBase: Explicit destruction, weak count = 0 (in 0x7747a1ea68)
08-10 03:12:55.892   506   506 W RefBase : CallStack::getCurrentInternal not linked, returning null
08-10 03:12:55.892   506   506 W RefBase : CallStack::logStackInternal not linked
08-10 03:12:55.942   616   616 D vold_prepare_subdirs: Setting up mode 700 uid 0 gid 0 context u:object_r:vold_data_file:s0 on path: /data/misc_de/0/vold
08-10 03:12:55.942   616   616 D vold_prepare_subdirs: Setting up mode 700 uid 0 gid 0 context u:object_r:storaged_data_file:s0 on path: /data/misc_de/0/storaged
08-10 03:12:55.943   616   616 D vold_prepare_subdirs: Setting up mode 700 uid 0 gid 0 context u:object_r:rollback_data_file:s0 on path: /data/misc_de/0/rollback
08-10 03:12:55.943   616   616 D vold_prepare_subdirs: Setting up mode 700 uid 1000 gid 1000 context u:object_r:fingerprint_vendor_data_file:s0 on path: /data/vendor_de/0/fpdata
08-10 03:12:55.943   616   616 D vold_prepare_subdirs: Setting up mode 700 uid 1000 gid 1000 context u:object_r:face_vendor_data_file:s0 on path: /data/vendor_de/0/facedata
08-10 03:12:56.179     1     1 I auditd  : type=1400 audit(0.0:4): avc: denied { read } for comm="init" name="nativetest" dev="dm-6" ino=116 scontext=u:r:init:s0 tcontext=u:object_r:nativetest_data_file:s0 tclass=dir permissive=0 b/77873135
08-10 03:12:56.179     1     1 W init    : type=1400 audit(0.0:4): avc: denied { read } for name="nativetest" dev="dm-6" ino=116 scontext=u:r:init:s0 tcontext=u:object_r:nativetest_data_file:s0 tclass=dir permissive=0 b/77873135
08-10 03:12:56.189     1     1 I auditd  : type=1400 audit(0.0:5): avc: denied { read } for comm="init" name="nativetest64" dev="dm-6" ino=119 scontext=u:r:init:s0 tcontext=u:object_r:nativetest_data_file:s0 tclass=dir permissive=0 b/77873135
08-10 03:12:56.189     1     1 W init    : type=1400 audit(0.0:5): avc: denied { read } for name="nativetest64" dev="dm-6" ino=119 scontext=u:r:init:s0 tcontext=u:object_r:nativetest_data_file:s0 tclass=dir permissive=0 b/77873135
08-10 03:12:56.197     0     0 E selinux : SELinux:  Could not read /data/nativetest: Permission denied.
08-10 03:12:56.198     0     0 E selinux : SELinux:  Could not read /data/nativetest64: Permission denied.
08-10 03:12:56.229     1     1 I auditd  : type=1400 audit(0.0:6): avc: denied { setattr } for comm="init" name="nativetest" dev="dm-6" ino=116 scontext=u:r:init:s0 tcontext=u:object_r:nativetest_data_file:s0 tclass=dir permissive=0 b/77873135
08-10 03:12:56.229     1     1 W init    : type=1400 audit(0.0:6): avc: denied { setattr } for name="nativetest" dev="dm-6" ino=116 scontext=u:r:init:s0 tcontext=u:object_r:nativetest_data_file:s0 tclass=dir permissive=0 b/77873135
08-10 03:12:56.229     1     1 I auditd  : type=1400 audit(0.0:7): avc: denied { setattr } for comm="init" name="nativetest64" dev="dm-6" ino=119 scontext=u:r:init:s0 tcontext=u:object_r:nativetest_data_file:s0 tclass=dir permissive=0 b/77873135
