08-03 01:42:31.884   721   721 V AudioFlinger: 0x72218e6880 RecordThread params: mChannelCount=2, mFormat=0x1, mFrameSize=4, mBufferSize=3840, mFrameCount=960
08-03 01:42:31.884   721   721 V AudioFlinger: 0x72218e6880 kUseFastCapture = Static, (960 * 1000) / 48000 vs 12, initFastCapture = 0
08-03 01:42:31.885   721   721 V AudioFlinger: openInput_l() created record thread: ID 30 thread 0x72218e6880
08-03 01:42:31.885   721   721 V AudioFlinger: closeInput() 30
08-03 01:42:31.885   677   800 D audio_hw_primary: adev_close_input_stream: enter:stream_handle(0xf0a96280)
08-03 01:42:31.885   677   800 D soundtrigger: audio_extn_sound_trigger_check_ec_ref_enable: EC Reference is disabled
08-03 01:42:31.885   677   800 D sound_trigger_hw: handle_audio_ec_ref_enabled: Enter
08-03 01:42:31.885   677   800 D sound_trigger_hw: handle_audio_ec_ref_enabled: Exit audio ec ref=0
08-03 01:42:31.885   677   800 D soundtrigger: audio_extn_sound_trigger_update_ec_ref_status: update audio echo ref status false
08-03 01:42:31.885   677   800 D audio_hw_primary: in_standby: enter: stream (0xf0a96280) usecase(20: audio-record)
08-03 01:42:31.886  1075  1075 I ServiceManagement: Registered android.frameworks.stats@1.0::IStats/default (start delay of 228ms)
08-03 01:42:31.886   721   721 V AudioFlinger: ThreadBase::exit
08-03 01:42:31.886   721   721 V AudioFlinger:   preExit()
08-03 01:42:31.886   721  1146 I AudioFlinger: AudioFlinger's thread 0x72218e6880 tid=1146 ready to run
08-03 01:42:31.887  1075  1075 W statsd  : statscompanion service unavailable!
08-03 01:42:31.887   677   800 D audio_hw_primary: adev_close_input_stream: enter:stream_handle(0xf0a96000)
08-03 01:42:31.887  1075  1075 I statsd  : Statsd starts to listen to socket.
08-03 01:42:31.887   677   800 D soundtrigger: audio_extn_sound_trigger_check_ec_ref_enable: EC Reference is disabled
08-03 01:42:31.887   677   800 D sound_trigger_hw: handle_audio_ec_ref_enabled: Enter
08-03 01:42:31.887   677   800 D sound_trigger_hw: handle_audio_ec_ref_enabled: Exit audio ec ref=0
08-03 01:42:31.887   677   800 D soundtrigger: audio_extn_sound_trigger_update_ec_ref_status: update audio echo ref status false
08-03 01:42:31.887   677   800 D audio_hw_primary: in_standby: enter: stream (0xf0a96000) usecase(20: audio-record)
08-03 01:42:31.887   721   721 V APM::AudioInputDescriptor: opening input for device type:0x80000004,@: profile 0x72b03167a0 name record_24
08-03 01:42:31.887   677   800 D audio_hw_primary: adev_open_input_stream: enter: flags 0, is_usb_dev 0, may_use_hifi_record 0, sample_rate 192000, channel_mask 0x8000000f, format 0x6
08-03 01:42:31.887   677   800 D audio_hw_primary: adev_open_input_stream: enter: sample_rate(192000) channel_mask(0x8000000f) devices(0x80000004)        stream_handle(0xf0a96000) io_handle(38) source(1) format 6
08-03 01:42:31.887   677   800 W audio_hw_utils: audio_extn_utils_update_stream_input_app_type_cfg: App type could not be selected. Falling back to default
08-03 01:42:31.887   677   800 D audio_hw_primary: adev_open_input_stream: exit
08-03 01:42:31.887  1125  1125 E cnss-daemon: interop issues ap: read_iot_ap_file: No such file /data/vendor/wifi/iotap_ps.bin
08-03 01:42:31.887  1125  1125 E cnss-daemon: interop issues ap: read_iot_ap_ps_from_file, read file error
08-03 01:42:31.887  1125  1125 I cnss-daemon: interop issues ap init successfully
08-03 01:42:31.887  1125  1125 I cnss-daemon:  cnss hang event handler init successfully
08-03 01:42:31.888   721   721 V AudioFlinger: openInput_l() openInputStream returned input 0x72b02f1e40, devices 0x80000004, SamplingRate 48000, Format 0x1, Channels 0x8000000f, flags 0, status 0 addr 
08-03 01:42:31.888   721   721 V AudioFlinger: 0x72218e6d00 RecordThread params: mChannelCount=4, mFormat=0x1, mFrameSize=8, mBufferSize=7680, mFrameCount=960
08-03 01:42:31.888   721   721 V AudioFlinger: 0x72218e6d00 kUseFastCapture = Static, (960 * 1000) / 48000 vs 12, initFastCapture = 0
08-03 01:42:31.888   721   721 V AudioFlinger: openInput_l() created record thread: ID 38 thread 0x72218e6d00
08-03 01:42:31.888   721   721 V AudioFlinger: closeInput() 38
08-03 01:42:31.894   721  1118 V AudioFlinger: onIdleMixer
08-03 01:42:31.894  1125  1125 E cnss-daemon: Couldn't resolve family id
08-03 01:42:31.897   721  1151 I AudioFlinger: AudioFlinger's thread 0x72218e6d00 tid=1151 ready to run
08-03 01:42:31.897   677   800 D audio_hw_primary: in_standby: enter: stream (0xf0a96000) usecase(20: audio-record)
08-03 01:42:31.897   721  1151 D AudioFlinger: updateWakeLockUids_l AudioIn_26 uids:
08-03 01:42:31.897   721  1151 W AudioFlinger: no wake lock to update, system not ready yet
08-03 01:42:31.897   677   800 D audio_hw_primary: in_standby: enter: stream (0xf0a96000) usecase(20: audio-record)
08-03 01:42:31.897   721  1151 V AudioFlinger: RecordThread: loop stopping
08-03 01:42:31.898   721   721 V AudioFlinger: ThreadBase::exit
08-03 01:42:31.898   721   721 V AudioFlinger:   preExit()
08-03 01:42:31.898   721  1151 V AudioFlinger: RecordThread: loop starting
08-03 01:42:31.898   721  1151 D AudioFlinger: updateWakeLockUids_l AudioIn_26 uids:
08-03 01:42:31.898   721  1151 W AudioFlinger: no wake lock to update, system not ready yet
08-03 01:42:31.898   721  1151 V AudioFlinger: RecordThread 0x72218e6d00 exiting
08-03 01:42:31.898   721   721 E APM_AudioPolicyManager: initialize: Input device list is empty!
08-03 01:42:31.898   721   721 E APM_AudioPolicyManager: initialize: Input device list is empty!
08-03 01:42:31.898  1131  1131 I ssgqmigd: socket ANDROID_SOCKET_ssgqmig open success
08-03 01:42:31.899  1131  1131 I ssgqmigd: ssgqmigd uses 42
08-03 01:42:31.899  1100  1100 I ServiceManagement: Registered com.qualcomm.qti.dpm.api@1.0::IdpmQmi/dpmQmiService (start delay of 181ms)
08-03 01:42:31.899   677   800 D audio_hw_primary: adev_close_input_stream: enter:stream_handle(0xf0a96000)
08-03 01:42:31.899   677   800 D soundtrigger: audio_extn_sound_trigger_check_ec_ref_enable: EC Reference is disabled
08-03 01:42:31.899   677   800 D sound_trigger_hw: handle_audio_ec_ref_enabled: Enter
08-03 01:42:31.899   677   800 D sound_trigger_hw: handle_audio_ec_ref_enabled: Exit audio ec ref=0
08-03 01:42:31.899   677   800 D soundtrigger: audio_extn_sound_trigger_update_ec_ref_status: update audio echo ref status false
08-03 01:42:31.899   677   800 D audio_hw_primary: in_standby: enter: stream (0xf0a96000) usecase(20: audio-record)
08-03 01:42:31.900   636   636 I zygote64: Explicit concurrent copying GC freed 6083(211KB) AllocSpace objects, 0(0B) LOS objects, 49% free, 2425KB/4850KB, paused 43us total 15.597ms
08-03 01:42:31.900  1125  1125 E cnss-daemon: Failed to init genl between daemon and platform, continue
08-03 01:42:31.901   721  1129 V AudioFlinger: onIdleMixer
08-03 01:42:31.904   721  1118 V AudioFlinger: onIdleMixer
08-03 01:42:31.904  1091  1091 I ServiceManagement: Registered com.qualcomm.qti.wifidisplayhal@1.0::IHDCPSession/wifidisplayhdcphal (start delay of 207ms)
08-03 01:42:31.905  1091  1091 E wifidisplayhal-service: Registering wifidisplaydshal service...
08-03 01:42:31.905  1091  1091 I ServiceManagement: Registered com.qualcomm.qti.wifidisplayhal@1.0::IDSManager/wifidisplaydshal (start delay of 208ms)
08-03 01:42:31.914   721  1118 V AudioFlinger: onIdleMixer
08-03 01:42:31.917     0     0 I sn65dsi86_dsi2edp_enable_lately_2nd_part: DisplayPort Link Semi-Auto train Success!!
08-03 01:42:31.921   721  1129 V AudioFlinger: onIdleMixer
08-03 01:42:31.924   721  1118 V AudioFlinger: onIdleMixer
08-03 01:42:31.925   721   721 I bt_a2dp_hw: adev_open:  adev_open in A2dp_hw module
08-03 01:42:31.925   721   721 I AudioFlinger: loadHwModule() Loaded a2dp audio interface, handle 18
08-03 01:42:31.925   721   721 E APM_AudioPolicyManager: initialize: Input device list is empty!
08-03 01:42:31.931   677   800 W DeviceHAL: Error from HAL Device in function set_master_volume: Function not implemented
08-03 01:42:31.931   721   721 I AudioFlinger: loadHwModule() Loaded usb audio interface, handle 26
08-03 01:42:31.934   721  1118 V AudioFlinger: onIdleMixer
08-03 01:42:31.935   677   800 I r_submix: adev_open(name=audio_hw_if)
08-03 01:42:31.935   677  1070 I r_submix: adev_init_check()
08-03 01:42:31.935   677  1070 W DeviceHAL: Error from HAL Device in function set_master_volume: Function not implemented
08-03 01:42:31.935   677  1070 W DeviceHAL: Error from HAL Device in function set_master_mute: Function not implemented
08-03 01:42:31.935   721   721 I AudioFlinger: loadHwModule() Loaded r_submix audio interface, handle 34
08-03 01:42:31.935   721   721 V APM::AudioInputDescriptor: opening input for device type:0x80000100,@:0 profile 0x72b0317680 name r_submix input
08-03 01:42:31.935   677  1070 D r_submix: adev_open_input_stream(addr=0)
08-03 01:42:31.935   677  1070 D r_submix: submix_audio_device_create_pipe_l(addr=0, idx=9)
08-03 01:42:31.935   677  1070 D r_submix:   now using address 0 for route 9
08-03 01:42:31.936   721   721 V AudioFlinger: openInput_l() openInputStream returned input 0x72b02f2020, devices 0x80000100, SamplingRate 48000, Format 0x1, Channels 0xc, flags 0, status 0 addr 0
08-03 01:42:31.936   721   721 V AudioFlinger: 0x72218e6340 RecordThread params: mChannelCount=2, mFormat=0x1, mFrameSize=4, mBufferSize=4096, mFrameCount=1024
08-03 01:42:31.937   721   721 V AudioFlinger: 0x72218e6340 kUseFastCapture = Static, (1024 * 1000) / 48000 vs 12, initFastCapture = 0
08-03 01:42:31.937   721   721 V AudioFlinger: openInput_l() created record thread: ID 46 thread 0x72218e6340
08-03 01:42:31.937   721   721 V AudioFlinger: closeInput() 46
08-03 01:42:31.941  1039  1039 E Diag_Lib: qpLogDiagInit <== result : 1; log_write_mutex is Initialized
08-03 01:42:31.941   721  1129 V AudioFlinger: onIdleMixer
08-03 01:42:31.941  1039  1039 E VIMSVT  : VT-Vendor:: enableImsADB 0, log_priority value 240
08-03 01:42:31.942  1039  1039 E Diag_Lib: [IMS_AP_RTP]"RTPService callback Registraton"
08-03 01:42:31.945   721  1118 V AudioFlinger: onIdleMixer
08-03 01:42:31.945  1039  1039 I ServiceManagement: Registered vendor.qti.imsrtpservice@2.1::IRTPService/imsrtpservice (start delay of 387ms)
08-03 01:42:31.948  1087  1087 D RILD    : **RIL Daemon Started**
08-03 01:42:31.949  1087  1087 D RILD    : **RILd param count=3**
08-03 01:42:31.951  1088  1088 E QCNEA   : Cne Version 4.9
08-03 01:42:31.951   721   721 V AudioFlinger: ThreadBase::exit
08-03 01:42:31.951   721   721 V AudioFlinger:   preExit()
08-03 01:42:31.951   721  1164 I AudioFlinger: AudioFlinger's thread 0x72218e6340 tid=1164 ready to run
08-03 01:42:31.953   677   800 D r_submix: adev_close_input_stream()
08-03 01:42:31.953   677   800 D r_submix: submix_audio_device_release_pipe_l(idx=9) addr=0
08-03 01:42:31.953   677   800 D r_submix: submix_audio_device_destroy_pipe_l(): pipe destroyed
08-03 01:42:31.953  1141  1141 I /system/bin/tombstoned: tombstoned successfully initialized
08-03 01:42:31.955   721  1118 V AudioFlinger: onIdleMixer
08-03 01:42:31.961   721  1129 V AudioFlinger: onIdleMixer
08-03 01:42:31.965   721  1118 V AudioFlinger: onIdleMixer
08-03 01:42:31.975   721  1118 V AudioFlinger: onIdleMixer
08-03 01:42:31.981   721  1129 V AudioFlinger: onIdleMixer
08-03 01:42:31.985  1137  1137 I gatekeeperd: Starting gatekeeperd...
08-03 01:42:31.985   721  1118 V AudioFlinger: onIdleMixer
08-03 01:42:31.987  1085  1085 I media.codec: mediacodecservice starting
08-03 01:42:31.996   721  1118 V AudioFlinger: onIdleMixer
08-03 01:42:32.001  1085  1085 W media.codec: libminijail[1085]: failed to get path of fd 4: No such file or directory
08-03 01:42:32.002   721  1129 V AudioFlinger: onIdleMixer
08-03 01:42:32.002  1085  1085 W media.codec: libminijail[1085]: allowing syscall: clock_gettime
08-03 01:42:32.002  1085  1085 W media.codec: libminijail[1085]: allowing syscall: connect
08-03 01:42:32.002  1085  1085 W media.codec: libminijail[1085]: allowing syscall: fcntl64
08-03 01:42:32.002  1085  1085 W media.codec: libminijail[1085]: allowing syscall: socket
08-03 01:42:32.002  1085  1085 W media.codec: libminijail[1085]: allowing syscall: writev
08-03 01:42:32.004  1085  1085 W media.codec: libminijail[1085]: logging seccomp filter failures
08-03 01:42:32.008   721  1118 V AudioFlinger: onIdleMixer
08-03 01:42:32.010   636   636 D Zygote  : Forked child process 1175
08-03 01:42:32.010   636   636 I Zygote  : System server process 1175 has been created
08-03 01:42:32.016   636   636 I Zygote  : Accepting command socket connections
08-03 01:42:32.017  1085  1085 I SoftOMXPlugin: createOMXPlugin
08-03 01:42:32.017  1085  1085 I MediaCodecsXmlParser: getVendorXmlPath (/vendor/etc/media_codecs_vendor.xml)
08-03 01:42:32.017  1085  1085 D MediaCodecsXmlParser: parsing /vendor/etc/media_codecs_vendor.xml...
08-03 01:42:32.018   721  1118 V AudioFlinger: onIdleMixer
08-03 01:42:32.019  1085  1085 D MediaCodecsXmlParser: parsing /vendor/etc/media_codecs_google_audio.xml...
08-03 01:42:32.020  1085  1085 I MediaCodecsXmlParser: limit: max-channel-count = 2
08-03 01:42:32.020  1085  1085 I MediaCodecsXmlParser: limit: sample-rate-ranges = 8000,11025,12000,16000,22050,24000,32000,44100,48000
08-03 01:42:32.020   497   497 I hwservicemanager: getTransport: Cannot find entry android.hardware.usb.gadget@1.0::IUsbGadget/default in either framework or device manifest.
08-03 01:42:32.020  1085  1085 I MediaCodecsXmlParser: limit: bitrate-range = 8000-320000
08-03 01:42:32.020  1085  1085 I MediaCodecsXmlParser: limit: max-channel-count = 1
08-03 01:42:32.020  1085  1085 I MediaCodecsXmlParser: limit: sample-rate-ranges = 8000
08-03 01:42:32.020  1085  1085 I MediaCodecsXmlParser: limit: bitrate-range = 4750-12200
08-03 01:42:32.020  1085  1085 I MediaCodecsXmlParser: limit: max-channel-count = 1
08-03 01:42:32.020  1085  1085 I MediaCodecsXmlParser: limit: sample-rate-ranges = 16000
08-03 01:42:32.020  1085  1085 I MediaCodecsXmlParser: limit: bitrate-range = 6600-23850
08-03 01:42:32.021  1085  1085 I MediaCodecsXmlParser: limit: max-channel-count = 8
08-03 01:42:32.021  1085  1085 I MediaCodecsXmlParser: limit: sample-rate-ranges = 7350,8000,11025,12000,16000,22050,24000,32000,44100,48000
08-03 01:42:32.021  1085  1085 I MediaCodecsXmlParser: limit: bitrate-range = 8000-960000
08-03 01:42:32.021  1085  1085 I MediaCodecsXmlParser: limit: max-channel-count = 1
08-03 01:42:32.021  1085  1085 I MediaCodecsXmlParser: limit: sample-rate-ranges = 8000-48000
08-03 01:42:32.021  1085  1085 I MediaCodecsXmlParser: limit: bitrate-range = 64000
08-03 01:42:32.021  1085  1085 I MediaCodecsXmlParser: limit: max-channel-count = 1
08-03 01:42:32.021  1085  1085 I MediaCodecsXmlParser: limit: sample-rate-ranges = 8000-48000
08-03 01:42:32.021  1085  1085 I MediaCodecsXmlParser: limit: bitrate-range = 64000
08-03 01:42:32.021  1085  1085 I MediaCodecsXmlParser: limit: max-channel-count = 8
08-03 01:42:32.021  1085  1085 I MediaCodecsXmlParser: limit: sample-rate-ranges = 8000-96000
08-03 01:42:32.021  1085  1085 I MediaCodecsXmlParser: limit: bitrate-range = 32000-500000
08-03 01:42:32.021  1085  1085 I MediaCodecsXmlParser: limit: max-channel-count = 8
08-03 01:42:32.021  1085  1085 I MediaCodecsXmlParser: limit: sample-rate-ranges = 48000
08-03 01:42:32.021  1085  1085 I MediaCodecsXmlParser: limit: bitrate-range = 6000-510000
08-03 01:42:32.021  1085  1085 I MediaCodecsXmlParser: limit: max-channel-count = 8
08-03 01:42:32.021  1085  1085 I MediaCodecsXmlParser: limit: sample-rate-ranges = 8000-192000
08-03 01:42:32.021  1085  1085 I MediaCodecsXmlParser: limit: bitrate-range = 1-10000000
08-03 01:42:32.021  1085  1085 I MediaCodecsXmlParser: limit: max-channel-count = 8
08-03 01:42:32.021  1085  1085 I MediaCodecsXmlParser: limit: sample-rate-ranges = 1-655350
08-03 01:42:32.021  1085  1085 I MediaCodecsXmlParser: limit: bitrate-range = 1-21000000
08-03 01:42:32.021  1085  1085 I MediaCodecsXmlParser: limit: max-channel-count = 6
08-03 01:42:32.021  1085  1085 I MediaCodecsXmlParser: limit: sample-rate-ranges = 8000,11025,12000,16000,22050,24000,32000,44100,48000
08-03 01:42:32.021  1085  1085 I MediaCodecsXmlParser: limit: bitrate-range = 8000-960000
08-03 01:42:32.021  1085  1085 I MediaCodecsXmlParser: limit: max-channel-count = 1
08-03 01:42:32.021  1085  1085 I MediaCodecsXmlParser: limit: sample-rate-ranges = 8000
08-03 01:42:32.021  1085  1085 I MediaCodecsXmlParser: limit: bitrate-range = 4750-12200
08-03 01:42:32.021  1085  1085 I MediaCodecsXmlParser: limit: feature-bitrate-modes = CBR
08-03 01:42:32.021  1085  1085 I MediaCodecsXmlParser: limit: max-channel-count = 1
08-03 01:42:32.021  1085  1085 I MediaCodecsXmlParser: limit: sample-rate-ranges = 16000
08-03 01:42:32.021  1085  1085 I MediaCodecsXmlParser: limit: bitrate-range = 6600-23850
08-03 01:42:32.021  1085  1085 I MediaCodecsXmlParser: limit: feature-bitrate-modes = CBR
08-03 01:42:32.022  1085  1085 I MediaCodecsXmlParser: limit: max-channel-count = 2
08-03 01:42:32.022  1085  1085 I MediaCodecsXmlParser: limit: sample-rate-ranges = 1-655350
08-03 01:42:32.022  1085  1085 I MediaCodecsXmlParser: limit: bitrate-range = 1-21000000
08-03 01:42:32.022  1085  1085 I MediaCodecsXmlParser: limit: complexity-default = 5
08-03 01:42:32.022  1085  1085 I MediaCodecsXmlParser: limit: complexity-range = 0-8
08-03 01:42:32.022  1085  1085 I MediaCodecsXmlParser: limit: feature-bitrate-modes = CQ
08-03 01:42:32.022  1085  1085 D MediaCodecsXmlParser: parsing /vendor/etc/media_codecs_vendor_audio.xml...
08-03 01:42:32.022   721  1129 V AudioFlinger: onIdleMixer
08-03 01:42:32.025  1085  1085 I MediaCodecsXmlParser: limit: max-concurrent-instances = 10
08-03 01:42:32.025  1085  1085 D MediaCodecsXmlParser: parsing /vendor/etc/media_codecs_google_telephony.xml...
08-03 01:42:32.026  1085  1085 I MediaCodecsXmlParser: limit: max-channel-count = 1
08-03 01:42:32.026  1085  1085 I MediaCodecsXmlParser: limit: sample-rate-ranges = 8000
08-03 01:42:32.026  1085  1085 I MediaCodecsXmlParser: limit: bitrate-range = 13000
08-03 01:42:32.026  1085  1085 I MediaCodecsXmlParser: limit: size-range = 176x64-3840x2160
08-03 01:42:32.026  1085  1085 I MediaCodecsXmlParser: limit: alignment = 2x2
08-03 01:42:32.026  1085  1085 I MediaCodecsXmlParser: limit: block-size = 16x16
08-03 01:42:32.026  1085  1085 I MediaCodecsXmlParser: limit: blocks-per-second-range = 1-972000
08-03 01:42:32.026  1085  1085 I MediaCodecsXmlParser: limit: bitrate-range = 1-100000000
08-03 01:42:32.026  1085  1085 I MediaCodecsXmlParser: limit: max-concurrent-instances = 16
08-03 01:42:32.026  1085  1085 I MediaCodecsXmlParser: limit: feature-intra-refresh = 0
08-03 01:42:32.026  1085  1085 I MediaCodecsXmlParser: limit: performance-point-3840x2160-range = 24-24
08-03 01:42:32.026  1085  1085 I MediaCodecsXmlParser: limit: size-range = 96x96-3840x2160
08-03 01:42:32.026  1085  1085 I MediaCodecsXmlParser: limit: alignment = 2x2
08-03 01:42:32.026  1085  1085 I MediaCodecsXmlParser: limit: block-size = 16x16
08-03 01:42:32.026  1085  1085 I MediaCodecsXmlParser: limit: blocks-per-second-range = 1-972000
08-03 01:42:32.026  1085  1085 I MediaCodecsXmlParser: limit: bitrate-range = 1-100000000
08-03 01:42:32.026  1085  1085 I MediaCodecsXmlParser: limit: max-concurrent-instances = 16
08-03 01:42:32.026  1085  1085 I MediaCodecsXmlParser: limit: feature-intra-refresh = 0
08-03 01:42:32.026  1085  1085 I MediaCodecsXmlParser: limit: feature-can-swap-width-height = 0
08-03 01:42:32.026  1085  1085 I MediaCodecsXmlParser: limit: performance-point-3840x2160-range = 24-24
08-03 01:42:32.026  1085  1085 I MediaCodecsXmlParser: limit: size-range = 96x64-1920x1088
08-03 01:42:32.027  1085  1085 I MediaCodecsXmlParser: limit: alignment = 2x2
08-03 01:42:32.027  1085  1085 I MediaCodecsXmlParser: limit: block-size = 16x16
08-03 01:42:32.027  1085  1085 I MediaCodecsXmlParser: limit: blocks-per-second-range = 1-244800
08-03 01:42:32.027  1085  1085 I MediaCodecsXmlParser: limit: bitrate-range = 1-40000000
08-03 01:42:32.027  1085  1085 I MediaCodecsXmlParser: limit: max-concurrent-instances = 16
08-03 01:42:32.027  1085  1085 I MediaCodecsXmlParser: limit: performance-point-1920x1088-range = 30-30
08-03 01:42:32.027  1085  1085 I MediaCodecsXmlParser: limit: size-range = 96x64-864x480
08-03 01:42:32.027  1085  1085 I MediaCodecsXmlParser: limit: alignment = 2x2
08-03 01:42:32.027  1085  1085 I MediaCodecsXmlParser: limit: block-size = 16x16
08-03 01:42:32.027  1085  1085 I MediaCodecsXmlParser: limit: blocks-per-second-range = 1-48600
08-03 01:42:32.027  1085  1085 I MediaCodecsXmlParser: limit: bitrate-range = 1-2000000
08-03 01:42:32.027  1085  1085 I MediaCodecsXmlParser: limit: max-concurrent-instances = 16
08-03 01:42:32.027  1085  1085 I MediaCodecsXmlParser: limit: performance-point-720x480-range = 30-30
08-03 01:42:32.027  1085  1085 I MediaCodecsXmlParser: limit: size-range = 96x64-1920x1088
08-03 01:42:32.027  1085  1085 I MediaCodecsXmlParser: limit: alignment = 2x2
08-03 01:42:32.027  1085  1085 I MediaCodecsXmlParser: limit: block-size = 16x16
08-03 01:42:32.027  1085  1085 I MediaCodecsXmlParser: limit: blocks-per-second-range = 1-244800
08-03 01:42:32.027  1085  1085 I MediaCodecsXmlParser: limit: bitrate-range = 1-40000000
08-03 01:42:32.027  1085  1085 I MediaCodecsXmlParser: limit: max-concurrent-instances = 16
08-03 01:42:32.027  1085  1085 I MediaCodecsXmlParser: limit: feature-intra-refresh = 0
08-03 01:42:32.027  1085  1085 I MediaCodecsXmlParser: limit: performance-point-1920x1088-range = 30-30
08-03 01:42:32.027  1085  1085 I MediaCodecsXmlParser: limit: size-range = 64x64-3840x2160
08-03 01:42:32.027  1085  1085 I MediaCodecsXmlParser: limit: alignment = 2x2
08-03 01:42:32.027  1085  1085 I MediaCodecsXmlParser: limit: block-size = 16x16
08-03 01:42:32.027  1085  1085 I MediaCodecsXmlParser: limit: blocks-per-second-range = 1-972000
08-03 01:42:32.027  1085  1085 I MediaCodecsXmlParser: limit: bitrate-range = 1-100000000
08-03 01:42:32.027  1085  1085 I MediaCodecsXmlParser: limit: feature-adaptive-playback = 0
08-03 01:42:32.027  1085  1085 I MediaCodecsXmlParser: limit: max-concurrent-instances = 16
08-03 01:42:32.027  1085  1085 I MediaCodecsXmlParser: limit: feature-can-swap-width-height = 0
08-03 01:42:32.027  1085  1085 I MediaCodecsXmlParser: limit: performance-point-3840x2160-range = 30-30
08-03 01:42:32.027  1085  1085 I MediaCodecsXmlParser: limit: size-range = 64x64-3840x2160
08-03 01:42:32.027  1085  1085 I MediaCodecsXmlParser: limit: alignment = 2x2
08-03 01:42:32.027  1085  1085 I MediaCodecsXmlParser: limit: block-size = 16x16
08-03 01:42:32.027  1085  1085 I MediaCodecsXmlParser: limit: blocks-per-second-range = 1-972000
08-03 01:42:32.027  1085  1085 I MediaCodecsXmlParser: limit: bitrate-range = 1-35000000
08-03 01:42:32.028  1085  1085 I MediaCodecsXmlParser: limit: feature-adaptive-playback = 0
08-03 01:42:32.028  1085  1085 I MediaCodecsXmlParser: limit: feature-secure-playback = 1
08-03 01:42:32.028  1085  1085 I MediaCodecsXmlParser: limit: max-concurrent-instances = 6
08-03 01:42:32.028  1085  1085 I MediaCodecsXmlParser: limit: performance-point-3840x2160-range = 30-30
08-03 01:42:32.028  1085  1085 I MediaCodecsXmlParser: limit: size-range = 64x64-1920x1088
08-03 01:42:32.028  1085  1085 I MediaCodecsXmlParser: limit: alignment = 2x2
08-03 01:42:32.028  1085  1085 I MediaCodecsXmlParser: limit: block-size = 16x16
08-03 01:42:32.028  1085  1085 I MediaCodecsXmlParser: limit: blocks-per-second-range = 1-244800
08-03 01:42:32.028  1085  1085 I MediaCodecsXmlParser: limit: bitrate-range = 1-40000000
08-03 01:42:32.028  1085  1085 I MediaCodecsXmlParser: limit: feature-adaptive-playback = 0
08-03 01:42:32.028  1085  1085 I MediaCodecsXmlParser: limit: max-concurrent-instances = 16
08-03 01:42:32.028  1085  1085 I MediaCodecsXmlParser: limit: performance-point-1920x1088-range = 30-30
08-03 01:42:32.028  1085  1085 I MediaCodecsXmlParser: limit: size-range = 64x64-1920x1088
08-03 01:42:32.028  1085  1085 I MediaCodecsXmlParser: limit: alignment = 2x2
08-03 01:42:32.028  1085  1085 I MediaCodecsXmlParser: limit: block-size = 16x16
08-03 01:42:32.028  1085  1085 I MediaCodecsXmlParser: limit: blocks-per-second-range = 1-244800
08-03 01:42:32.028  1085  1085 I MediaCodecsXmlParser: limit: bitrate-range = 1-20000000
08-03 01:42:32.028  1085  1085 I MediaCodecsXmlParser: limit: feature-adaptive-playback = 0
08-03 01:42:32.028  1085  1085 I MediaCodecsXmlParser: limit: feature-secure-playback = 1
08-03 01:42:32.028  1085  1085 I MediaCodecsXmlParser: limit: max-concurrent-instances = 6
08-03 01:42:32.028  1085  1085 I MediaCodecsXmlParser: limit: performance-point-1920x1088-range = 30-30
08-03 01:42:32.028   721  1118 V AudioFlinger: onIdleMixer
08-03 01:42:32.028  1085  1085 I MediaCodecsXmlParser: limit: size-range = 64x64-1920x1088
08-03 01:42:32.028  1085  1085 I MediaCodecsXmlParser: limit: alignment = 2x2
08-03 01:42:32.028  1085  1085 I MediaCodecsXmlParser: limit: block-size = 16x16
08-03 01:42:32.028  1085  1085 I MediaCodecsXmlParser: limit: blocks-per-second-range = 1-489600
08-03 01:42:32.028  1085  1085 I MediaCodecsXmlParser: limit: bitrate-range = 1-60000000
08-03 01:42:32.028  1085  1085 I MediaCodecsXmlParser: limit: feature-adaptive-playback = 0
08-03 01:42:32.028  1085  1085 I MediaCodecsXmlParser: limit: max-concurrent-instances = 16
08-03 01:42:32.028  1085  1085 I MediaCodecsXmlParser: limit: performance-point-1920x1088-range = 60-60
08-03 01:42:32.028  1085  1085 I MediaCodecsXmlParser: limit: size-range = 64x64-864x480
08-03 01:42:32.028  1085  1085 I MediaCodecsXmlParser: limit: alignment = 2x2
08-03 01:42:32.028  1160  1160 I usbd    : Usb HAL not found
08-03 01:42:32.028  1085  1085 I MediaCodecsXmlParser: limit: block-size = 16x16
08-03 01:42:32.028  1085  1085 I MediaCodecsXmlParser: limit: blocks-per-second-range = 1-48600
08-03 01:42:32.028  1085  1085 I MediaCodecsXmlParser: limit: bitrate-range = 1-2000000
08-03 01:42:32.028  1085  1085 I MediaCodecsXmlParser: limit: feature-adaptive-playback = 0
08-03 01:42:32.028  1085  1085 I MediaCodecsXmlParser: limit: max-concurrent-instances = 16
08-03 01:42:32.028  1085  1085 I MediaCodecsXmlParser: limit: performance-point-720x480-range = 30-30
08-03 01:42:32.028  1085  1085 I MediaCodecsXmlParser: limit: size-range = 64x64-1920x1088
08-03 01:42:32.028  1085  1085 I MediaCodecsXmlParser: limit: alignment = 2x2
08-03 01:42:32.028  1085  1085 I MediaCodecsXmlParser: limit: block-size = 16x16
08-03 01:42:32.029  1085  1085 I MediaCodecsXmlParser: limit: blocks-per-second-range = 1-489600
08-03 01:42:32.029  1085  1085 I MediaCodecsXmlParser: limit: bitrate-range = 1-60000000
08-03 01:42:32.029  1085  1085 I MediaCodecsXmlParser: limit: feature-adaptive-playback = 0
08-03 01:42:32.029  1085  1085 I MediaCodecsXmlParser: limit: max-concurrent-instances = 16
08-03 01:42:32.029  1085  1085 I MediaCodecsXmlParser: limit: performance-point-1920x1088-range = 30-30
08-03 01:42:32.029  1085  1085 I MediaCodecsXmlParser: limit: size-range = 64x64-1920x1088
08-03 01:42:32.029  1085  1085 I MediaCodecsXmlParser: limit: alignment = 2x2
08-03 01:42:32.029  1085  1085 I MediaCodecsXmlParser: limit: block-size = 16x16
08-03 01:42:32.029  1085  1085 I MediaCodecsXmlParser: limit: blocks-per-second-range = 1-489600
08-03 01:42:32.029  1085  1085 I MediaCodecsXmlParser: limit: bitrate-range = 1-20000000
08-03 01:42:32.029  1085  1085 I MediaCodecsXmlParser: limit: feature-adaptive-playback = 0
08-03 01:42:32.029  1085  1085 I MediaCodecsXmlParser: limit: feature-secure-playback = 1
08-03 01:42:32.029  1085  1085 I MediaCodecsXmlParser: limit: max-concurrent-instances = 7
08-03 01:42:32.029  1085  1085 I MediaCodecsXmlParser: limit: performance-point-1920x1088-range = 30-30
08-03 01:42:32.029  1085  1085 I MediaCodecsXmlParser: limit: size-range = 64x64-1920x1088
08-03 01:42:32.029  1085  1085 I MediaCodecsXmlParser: limit: alignment = 2x2
08-03 01:42:32.029  1085  1085 I MediaCodecsXmlParser: limit: block-size = 16x16
08-03 01:42:32.029  1085  1085 I MediaCodecsXmlParser: limit: blocks-per-second-range = 1-244800
08-03 01:42:32.029  1085  1085 I MediaCodecsXmlParser: limit: bitrate-range = 1-10000000
08-03 01:42:32.029  1085  1085 I MediaCodecsXmlParser: limit: feature-adaptive-playback = 0
08-03 01:42:32.029  1085  1085 I MediaCodecsXmlParser: limit: max-concurrent-instances = 16
08-03 01:42:32.029  1085  1085 I MediaCodecsXmlParser: limit: performance-point-1920x1088-range = 30-30
08-03 01:42:32.029  1085  1085 I MediaCodecsXmlParser: limit: size-range = 64x64-720x480
08-03 01:42:32.029  1085  1085 I MediaCodecsXmlParser: limit: alignment = 2x2
08-03 01:42:32.029  1085  1085 I MediaCodecsXmlParser: limit: block-size = 16x16
08-03 01:42:32.029  1085  1085 I MediaCodecsXmlParser: limit: blocks-per-second-range = 1-40500
08-03 01:42:32.029  1085  1085 I MediaCodecsXmlParser: limit: bitrate-range = 1-2000000
08-03 01:42:32.029  1085  1085 I MediaCodecsXmlParser: limit: feature-adaptive-playback = 0
08-03 01:42:32.029  1085  1085 I MediaCodecsXmlParser: limit: max-concurrent-instances = 16
08-03 01:42:32.029  1085  1085 I MediaCodecsXmlParser: limit: performance-point-720x480-range = 30-30
08-03 01:42:32.029  1085  1085 I MediaCodecsXmlParser: limit: size-range = 64x64-1920x1088
08-03 01:42:32.029  1085  1085 I MediaCodecsXmlParser: limit: alignment = 2x2
08-03 01:42:32.029  1085  1085 I MediaCodecsXmlParser: limit: block-size = 16x16
08-03 01:42:32.029  1085  1085 I MediaCodecsXmlParser: limit: blocks-per-second-range = 1-244800
08-03 01:42:32.029  1087  1087 D RILD    : RIL_Init argc = 3 clientId = 0
08-03 01:42:32.029  1085  1085 I MediaCodecsXmlParser: limit: bitrate-range = 1-10000000
08-03 01:42:32.029  1085  1085 I MediaCodecsXmlParser: limit: feature-adaptive-playback = 0
08-03 01:42:32.029  1085  1085 I MediaCodecsXmlParser: limit: max-concurrent-instances = 16
08-03 01:42:32.029  1085  1085 I MediaCodecsXmlParser: limit: performance-point-1920x1088-range = 30-30
08-03 01:42:32.029  1085  1085 I MediaCodecsXmlParser: limit: size-range = 64x64-3840x2160
08-03 01:42:32.029  1087  1087 D RILC    : Quectel RIL Version: Quectel_Android_RIL_Driver_V3.3.4-0712
08-03 01:42:32.029  1085  1085 I MediaCodecsXmlParser: limit: alignment = 2x2
08-03 01:42:32.030  1085  1085 I MediaCodecsXmlParser: limit: block-size = 16x16
08-03 01:42:32.030  1085  1085 I MediaCodecsXmlParser: limit: blocks-per-second-range = 1-972000
08-03 01:42:32.030  1087  1087 E RIL_READ_CONF: '/system/etc/ql-ril.conf' not exist.
08-03 01:42:32.030  1085  1085 I MediaCodecsXmlParser: limit: bitrate-range = 1-100000000
08-03 01:42:32.030  1085  1085 I MediaCodecsXmlParser: limit: feature-adaptive-playback = 0
08-03 01:42:32.030  1085  1085 I MediaCodecsXmlParser: limit: max-concurrent-instances = 16
08-03 01:42:32.030  1085  1085 I MediaCodecsXmlParser: limit: performance-point-3840x2160-range = 30-30
08-03 01:42:32.030  1085  1085 I MediaCodecsXmlParser: limit: size-range = 64x64-3840x2160
08-03 01:42:32.030  1085  1085 I MediaCodecsXmlParser: limit: alignment = 2x2
08-03 01:42:32.030  1085  1085 I MediaCodecsXmlParser: limit: block-size = 16x16
08-03 01:42:32.030  1085  1085 I MediaCodecsXmlParser: limit: blocks-per-second-range = 1-972000
08-03 01:42:32.030  1085  1085 I MediaCodecsXmlParser: limit: bitrate-range = 1-100000000
08-03 01:42:32.030  1085  1085 I MediaCodecsXmlParser: limit: feature-adaptive-playback = 0
08-03 01:42:32.030  1085  1085 I MediaCodecsXmlParser: limit: max-concurrent-instances = 16
08-03 01:42:32.030  1085  1085 I MediaCodecsXmlParser: limit: performance-point-3840x2160-range = 30-30
08-03 01:42:32.030  1085  1085 I MediaCodecsXmlParser: limit: size-range = 64x64-3840x2160
08-03 01:42:32.030  1085  1085 I MediaCodecsXmlParser: limit: alignment = 2x2
08-03 01:42:32.031  1085  1085 I MediaCodecsXmlParser: limit: block-size = 16x16
08-03 01:42:32.031  1085  1085 I MediaCodecsXmlParser: limit: blocks-per-second-range = 1-979200
08-03 01:42:32.031  1085  1085 I MediaCodecsXmlParser: limit: bitrate-range = 1-35000000
08-03 01:42:32.031  1085  1085 I MediaCodecsXmlParser: limit: frame-rate-range = 1-30
08-03 01:42:32.031  1085  1085 I MediaCodecsXmlParser: limit: feature-adaptive-playback = 0
08-03 01:42:32.031  1085  1085 I MediaCodecsXmlParser: limit: feature-secure-playback = 1
08-03 01:42:32.031  1085  1085 I MediaCodecsXmlParser: limit: max-concurrent-instances = 6
08-03 01:42:32.031  1085  1085 I MediaCodecsXmlParser: limit: performance-point-3840x2160-range = 30-30
08-03 01:42:32.031  1085  1085 I MediaCodecsXmlParser: limit: size-range = 64x64-3840x2160
08-03 01:42:32.031  1085  1085 I MediaCodecsXmlParser: limit: alignment = 2x2
08-03 01:42:32.031  1085  1085 I MediaCodecsXmlParser: limit: block-size = 16x16
08-03 01:42:32.031  1085  1085 I MediaCodecsXmlParser: limit: blocks-per-second-range = 1-972000
08-03 01:42:32.031  1085  1085 I MediaCodecsXmlParser: limit: bitrate-range = 1-100000000
08-03 01:42:32.031  1085  1085 I MediaCodecsXmlParser: limit: feature-adaptive-playback = 0
08-03 01:42:32.031  1085  1085 I MediaCodecsXmlParser: limit: max-concurrent-instances = 16
08-03 01:42:32.031  1085  1085 I MediaCodecsXmlParser: limit: performance-point-3840x2160-range = 30-30
08-03 01:42:32.031  1085  1085 I MediaCodecsXmlParser: limit: size-range = 64x64-3840x2160
08-03 01:42:32.031  1085  1085 I MediaCodecsXmlParser: limit: alignment = 2x2
08-03 01:42:32.031  1085  1085 I MediaCodecsXmlParser: limit: block-size = 16x16
08-03 01:42:32.031  1085  1085 I MediaCodecsXmlParser: limit: blocks-per-second-range = 1-972000
08-03 01:42:32.031  1085  1085 I MediaCodecsXmlParser: limit: bitrate-range = 1-35000000
08-03 01:42:32.031  1085  1085 I MediaCodecsXmlParser: limit: feature-adaptive-playback = 0
08-03 01:42:32.031  1085  1085 I MediaCodecsXmlParser: limit: feature-secure-playback = 1
08-03 01:42:32.031  1085  1085 I MediaCodecsXmlParser: limit: max-concurrent-instances = 6
08-03 01:42:32.031  1085  1085 I MediaCodecsXmlParser: limit: performance-point-3840x2160-range = 30-30
08-03 01:42:32.031  1085  1085 D MediaCodecsXmlParser: parsing /vendor/etc/media_codecs_google_video.xml...
08-03 01:42:32.032  1087  1087 D RIL_READ_CONF: original conf line: At_Cmds_For_Customer_Initialize=at+qgpscfg="gpsnmeatype",31;at+qgpscfg="glonassnmeatype",7;at+qgpscfg="beidounmeatype",3;at+qgpscfg="galileonmeatype",1;at+qgpscfg="gnssrawdata",1,0;AT+QNVW=5895,0,"01";AT+QNVW=7145,0,"00"
08-03 01:42:32.032  1087  1087 D RIL_READ_CONF: original conf line: Query_Available_Networks=1
08-03 01:42:32.032  1087  1087 D RIL_READ_CONF: Query_Available_Networks = 1
08-03 01:42:32.032  1087  1087 E RILC    : '/vendor/manifest.xml' not exist.
08-03 01:42:32.032  1087  1087 D RILC    : t-prop_value is 2
08-03 01:42:32.032  1087  1087 D RILC    : before_dot is 10
08-03 01:42:32.032  1087  1087 D RILC    : [ro.build.version.release]: [10.0]
08-03 01:42:32.032  1087  1087 D RILC    : Android Version: 100, RIL_VERSION: 12 / 12
08-03 01:42:32.032  1087  1087 E libc    : The property "ro.build.description" has a value with length 95 that is too large for __system_property_get()/__system_property_read(); use __system_property_read_callback() instead.
08-03 01:42:32.032  1087  1087 D RILC    : [ro.build.description]: [Must use __system_property_read_callback() to read]
08-03 01:42:32.032  1087  1087 D RILC    : [ro.hardware]: [qcom]
08-03 01:42:32.032  1087  1087 D RILC    : selinux maybe set Enforcing mode, use command getenforce to check
08-03 01:42:32.032  1087  1087 D RILC    : selinux maybe set Enforcing mode, use command "setenforce 0" to disable
08-03 01:42:32.032  1087  1087 I RILC    : clientID = 0
08-03 01:42:32.034  1087  1186 I RILC    : mainLoop Start
08-03 01:42:32.036  1087  1186 E RILU    : cannot find ttyname for AT Port
08-03 01:42:32.036  1087  1186 D RILC    : try to match pci
08-03 01:42:32.036  1087  1186 D RILU    : find_pci_device is 0
08-03 01:42:32.036  1087  1186 E RILU    : can not find ttyname for pci AT port
08-03 01:42:32.036  1087  1186 D RILC    : PCI can't find at device
08-03 01:42:32.038   721  1118 V AudioFlinger: onIdleMixer
08-03 01:42:32.038  1085  1085 I MediaCodecsXmlParser: limit: size-range = 2x2-352x288
08-03 01:42:32.039  1085  1085 I MediaCodecsXmlParser: limit: alignment = 2x2
08-03 01:42:32.039  1085  1085 I MediaCodecsXmlParser: limit: block-size = 16x16
08-03 01:42:32.039  1085  1085 I MediaCodecsXmlParser: limit: blocks-per-second-range = 12-11880
08-03 01:42:32.039  1085  1085 I MediaCodecsXmlParser: limit: bitrate-range = 1-384000
08-03 01:42:32.039  1085  1085 I MediaCodecsXmlParser: limit: feature-adaptive-playback = 0
08-03 01:42:32.039  1085  1085 I MediaCodecsXmlParser: limit: size-range = 2x2-352x288
08-03 01:42:32.039  1085  1085 I MediaCodecsXmlParser: limit: alignment = 2x2
08-03 01:42:32.039  1085  1085 I MediaCodecsXmlParser: limit: bitrate-range = 1-384000
08-03 01:42:32.039  1085  1085 I MediaCodecsXmlParser: limit: feature-adaptive-playback = 0
08-03 01:42:32.039  1085  1085 I MediaCodecsXmlParser: limit: size-range = 2x2-4080x4080
08-03 01:42:32.039  1085  1085 I MediaCodecsXmlParser: limit: alignment = 2x2
08-03 01:42:32.039  1085  1085 I MediaCodecsXmlParser: limit: block-size = 16x16
08-03 01:42:32.039  1085  1085 I MediaCodecsXmlParser: limit: block-count-range = 1-32768
08-03 01:42:32.039  1085  1085 I MediaCodecsXmlParser: limit: blocks-per-second-range = 1-1966080
08-03 01:42:32.039  1085  1085 I MediaCodecsXmlParser: limit: bitrate-range = 1-48000000
08-03 01:42:32.039  1085  1085 I MediaCodecsXmlParser: limit: feature-adaptive-playback = 0
08-03 01:42:32.039  1085  1085 I MediaCodecsXmlParser: limit: size-range = 2x2-4096x4096
08-03 01:42:32.039  1085  1085 I MediaCodecsXmlParser: limit: alignment = 2x2
08-03 01:42:32.039  1085  1085 I MediaCodecsXmlParser: limit: block-size = 8x8
08-03 01:42:32.039  1085  1085 I MediaCodecsXmlParser: limit: block-count-range = 1-196608
08-03 01:42:32.039  1085  1085 I MediaCodecsXmlParser: limit: blocks-per-second-range = 1-2000000
08-03 01:42:32.039  1085  1085 I MediaCodecsXmlParser: limit: bitrate-range = 1-10000000
08-03 01:42:32.039  1085  1085 I MediaCodecsXmlParser: limit: feature-adaptive-playback = 0
08-03 01:42:32.039  1085  1085 I MediaCodecsXmlParser: limit: size-range = 2x2-2048x2048
08-03 01:42:32.039  1085  1085 I MediaCodecsXmlParser: limit: alignment = 2x2
08-03 01:42:32.039  1085  1085 I MediaCodecsXmlParser: limit: block-size = 16x16
08-03 01:42:32.039  1085  1085 I MediaCodecsXmlParser: limit: block-count-range = 1-16384
08-03 01:42:32.039  1085  1085 I MediaCodecsXmlParser: limit: blocks-per-second-range = 1-1000000
08-03 01:42:32.039  1085  1085 I MediaCodecsXmlParser: limit: bitrate-range = 1-40000000
08-03 01:42:32.039  1085  1085 I MediaCodecsXmlParser: limit: feature-adaptive-playback = 0
08-03 01:42:32.039  1085  1085 I MediaCodecsXmlParser: limit: size-range = 2x2-2048x2048
08-03 01:42:32.039  1085  1085 I MediaCodecsXmlParser: limit: alignment = 2x2
08-03 01:42:32.039  1085  1085 I MediaCodecsXmlParser: limit: block-size = 16x16
08-03 01:42:32.039  1085  1085 I MediaCodecsXmlParser: limit: block-count-range = 1-16384
08-03 01:42:32.039  1085  1085 I MediaCodecsXmlParser: limit: blocks-per-second-range = 1-500000
08-03 01:42:32.039  1085  1085 I MediaCodecsXmlParser: limit: bitrate-range = 1-40000000
08-03 01:42:32.039  1085  1085 I MediaCodecsXmlParser: limit: feature-adaptive-playback = 0
08-03 01:42:32.039  1085  1085 I MediaCodecsXmlParser: limit: size-range = 176x144-176x144
08-03 01:42:32.039  1085  1085 I MediaCodecsXmlParser: limit: alignment = 16x16
08-03 01:42:32.039  1085  1085 I MediaCodecsXmlParser: limit: bitrate-range = 1-128000
08-03 01:42:32.039  1085  1085 I MediaCodecsXmlParser: limit: size-range = 16x16-2048x2048
08-03 01:42:32.039  1085  1085 I MediaCodecsXmlParser: limit: alignment = 2x2
08-03 01:42:32.039  1085  1085 I MediaCodecsXmlParser: limit: block-size = 16x16
08-03 01:42:32.039  1085  1085 I MediaCodecsXmlParser: limit: block-count-range = 1-8192
08-03 01:42:32.039  1085  1085 I MediaCodecsXmlParser: limit: blocks-per-second-range = 1-245760
08-03 01:42:32.039  1085  1085 I MediaCodecsXmlParser: limit: bitrate-range = 1-12000000
08-03 01:42:32.039  1085  1085 I MediaCodecsXmlParser: limit: feature-intra-refresh = 0
08-03 01:42:32.039  1085  1085 I MediaCodecsXmlParser: limit: size-range = 16x16-176x144
08-03 01:42:32.039  1085  1085 I MediaCodecsXmlParser: limit: alignment = 16x16
08-03 01:42:32.039  1085  1085 I MediaCodecsXmlParser: limit: block-size = 16x16
08-03 01:42:32.039  1085  1085 I MediaCodecsXmlParser: limit: blocks-per-second-range = 12-1485
08-03 01:42:32.039  1085  1085 I MediaCodecsXmlParser: limit: bitrate-range = 1-64000
08-03 01:42:32.039  1085  1085 I MediaCodecsXmlParser: limit: size-range = 2x2-2048x2048
08-03 01:42:32.039  1085  1085 I MediaCodecsXmlParser: limit: alignment = 2x2
08-03 01:42:32.039  1085  1085 I MediaCodecsXmlParser: limit: block-size = 16x16
08-03 01:42:32.039  1085  1085 I MediaCodecsXmlParser: limit: block-count-range = 1-16384
08-03 01:42:32.039  1085  1085 I MediaCodecsXmlParser: limit: bitrate-range = 1-40000000
08-03 01:42:32.039  1085  1085 I MediaCodecsXmlParser: limit: feature-bitrate-modes = VBR,CBR
08-03 01:42:32.039  1085  1085 I MediaCodecsXmlParser: limit: size-range = 2x2-2048x2048
08-03 01:42:32.039  1085  1085 I MediaCodecsXmlParser: limit: alignment = 2x2
08-03 01:42:32.039  1085  1085 I MediaCodecsXmlParser: limit: block-size = 16x16
08-03 01:42:32.039  1085  1085 I MediaCodecsXmlParser: limit: block-count-range = 1-3600
08-03 01:42:32.039  1085  1085 I MediaCodecsXmlParser: limit: bitrate-range = 1-40000000
08-03 01:42:32.039  1085  1085 I MediaCodecsXmlParser: limit: feature-bitrate-modes = VBR,CBR
08-03 01:42:32.039  1085  1085 I MediaCodecsXmlParser: getVendorXmlPath (/vendor/etc/media_codecs_performance.xml)
08-03 01:42:32.039  1085  1085 D MediaCodecsXmlParser: parsing /vendor/etc/media_codecs_performance.xml...
08-03 01:42:32.041  1085  1085 I MediaCodecsXmlParser: limit: measured-frame-rate-320x240-range = 388-392
08-03 01:42:32.041  1085  1085 I MediaCodecsXmlParser: limit: measured-frame-rate-720x480-range = 80-90
08-03 01:42:32.041  1085  1085 I MediaCodecsXmlParser: limit: measured-frame-rate-1280x720-range = 32-37
08-03 01:42:32.041  1085  1085 I MediaCodecsXmlParser: limit: measured-frame-rate-1920x1080-range = 40-40
08-03 01:42:32.041  1085  1085 I MediaCodecsXmlParser: limit: measured-frame-rate-320x240-range = 226-226
08-03 01:42:32.041  1085  1085 I MediaCodecsXmlParser: limit: measured-frame-rate-720x480-range = 121-121
08-03 01:42:32.041  1085  1085 I MediaCodecsXmlParser: limit: measured-frame-rate-1280x720-range = 49-49
08-03 01:42:32.041  1085  1085 I MediaCodecsXmlParser: limit: measured-frame-rate-1920x1080-range = 16-45
08-03 01:42:32.041  1085  1085 I MediaCodecsXmlParser: limit: measured-frame-rate-3840x2160-range = 13-26
08-03 01:42:32.041  1085  1085 I MediaCodecsXmlParser: limit: measured-frame-rate-176x144-range = 517-521
08-03 01:42:32.041  1085  1085 I MediaCodecsXmlParser: limit: measured-frame-rate-352x288-range = 261-261
08-03 01:42:32.041  1085  1085 I MediaCodecsXmlParser: limit: measured-frame-rate-176x144-range = 515-518
08-03 01:42:32.041  1085  1085 I MediaCodecsXmlParser: limit: measured-frame-rate-352x288-range = 263-263
08-03 01:42:32.041  1085  1085 I MediaCodecsXmlParser: limit: measured-frame-rate-640x480-range = 144-144
08-03 01:42:32.041  1085  1085 I MediaCodecsXmlParser: limit: measured-frame-rate-320x180-range = 312-312
08-03 01:42:32.041  1085  1085 I MediaCodecsXmlParser: limit: measured-frame-rate-640x360-range = 175-174
08-03 01:42:32.042  1085  1085 I MediaCodecsXmlParser: limit: measured-frame-rate-1280x720-range = 30-40
08-03 01:42:32.042  1085  1085 I MediaCodecsXmlParser: limit: measured-frame-rate-1920x1080-range = 20-25
08-03 01:42:32.042  1085  1085 I MediaCodecsXmlParser: limit: measured-frame-rate-320x240-range = 185-185
08-03 01:42:32.042  1085  1085 I MediaCodecsXmlParser: limit: measured-frame-rate-720x480-range = 87-87
08-03 01:42:32.042  1085  1085 I MediaCodecsXmlParser: limit: measured-frame-rate-1280x720-range = 45-45
08-03 01:42:32.042  1085  1085 I MediaCodecsXmlParser: limit: measured-frame-rate-1920x1080-range = 28-28
08-03 01:42:32.042  1085  1085 D MediaCodecsXmlParser: MediaCodec: cannot update non-existing codec at line 57 of /vendor/etc/media_codecs_performance.xml
08-03 01:42:32.042  1085  1085 I MediaCodecsXmlParser: limit: measured-frame-rate-176x144-range = 350-365
08-03 01:42:32.042  1085  1085 D MediaCodecsXmlParser: MediaCodec: cannot update non-existing codec at line 66 of /vendor/etc/media_codecs_performance.xml
08-03 01:42:32.042  1085  1085 I MediaCodecsXmlParser: limit: measured-frame-rate-176x144-range = 385-385
08-03 01:42:32.042  1085  1085 D MediaCodecsXmlParser: MediaCodec: cannot update non-existing codec at line 72 of /vendor/etc/media_codecs_performance.xml
08-03 01:42:32.042  1085  1085 D MediaCodecsXmlParser: MediaCodec: cannot update non-existing codec at line 75 of /vendor/etc/media_codecs_performance.xml
08-03 01:42:32.042  1085  1085 I MediaCodecsXmlParser: limit: measured-frame-rate-320x180-range = 100-120
08-03 01:42:32.042  1085  1085 I MediaCodecsXmlParser: limit: measured-frame-rate-640x360-range = 45-50
08-03 01:42:32.042  1085  1085 I MediaCodecsXmlParser: limit: measured-frame-rate-1280x720-range = 30-35
08-03 01:42:32.042  1085  1085 I MediaCodecsXmlParser: limit: measured-frame-rate-1920x1080-range = 20-30
08-03 01:42:32.042  1085  1085 I MediaCodecsXmlParser: limit: measured-frame-rate-320x180-range = 140-180
08-03 01:42:32.042  1085  1085 I MediaCodecsXmlParser: limit: measured-frame-rate-640x360-range = 45-60
08-03 01:42:32.042   721  1129 V AudioFlinger: onIdleMixer
08-03 01:42:32.042  1085  1085 I MediaCodecsXmlParser: limit: measured-frame-rate-1280x720-range = 12-15
08-03 01:42:32.042  1085  1085 D MediaCodecsXmlParser: MediaCodec: cannot update non-existing codec at line 90 of /vendor/etc/media_codecs_performance.xml
08-03 01:42:32.042  1085  1085 I MediaCodecsXmlParser: limit: measured-frame-rate-320x240-range = 555-566
08-03 01:42:32.042  1085  1085 I MediaCodecsXmlParser: limit: measured-frame-rate-720x480-range = 239-239
08-03 01:42:32.042  1085  1085 I MediaCodecsXmlParser: limit: measured-frame-rate-1280x720-range = 197-197
08-03 01:42:32.042  1085  1085 I MediaCodecsXmlParser: limit: measured-frame-rate-1920x1088-range = 198-199
08-03 01:42:32.042  1085  1085 I MediaCodecsXmlParser: limit: measured-frame-rate-352x288-range = 650-655
08-03 01:42:32.042  1085  1085 I MediaCodecsXmlParser: limit: measured-frame-rate-640x360-range = 395-398
08-03 01:42:32.042  1085  1085 I MediaCodecsXmlParser: limit: measured-frame-rate-720x480-range = 300-304
08-03 01:42:32.042  1085  1085 I MediaCodecsXmlParser: limit: measured-frame-rate-1280x720-range = 241-241
08-03 01:42:32.042  1085  1085 I MediaCodecsXmlParser: limit: measured-frame-rate-1920x1088-range = 224-226
08-03 01:42:32.042  1085  1085 I MediaCodecsXmlParser: limit: measured-frame-rate-3840x2160-range = 30-40
08-03 01:42:32.042  1085  1085 I MediaCodecsXmlParser: limit: measured-frame-rate-176x144-range = 890-898
08-03 01:42:32.042  1085  1085 I MediaCodecsXmlParser: limit: measured-frame-rate-352x288-range = 840-850
08-03 01:42:32.042  1085  1085 I MediaCodecsXmlParser: limit: measured-frame-rate-176x144-range = 850-875
08-03 01:42:32.042  1085  1085 I MediaCodecsXmlParser: limit: measured-frame-rate-480x360-range = 766-794
08-03 01:42:32.042  1085  1085 I MediaCodecsXmlParser: limit: measured-frame-rate-320x180-range = 680-696
08-03 01:42:32.042  1085  1085 I MediaCodecsXmlParser: limit: measured-frame-rate-640x360-range = 400-415
08-03 01:42:32.042  1085  1085 I MediaCodecsXmlParser: limit: measured-frame-rate-1280x720-range = 350-358
08-03 01:42:32.042  1085  1085 I MediaCodecsXmlParser: limit: measured-frame-rate-1920x1080-range = 199-199
08-03 01:42:32.042  1085  1085 I MediaCodecsXmlParser: limit: measured-frame-rate-320x180-range = 500-524
08-03 01:42:32.042  1085  1085 I MediaCodecsXmlParser: limit: measured-frame-rate-640x360-range = 360-366
08-03 01:42:32.042  1085  1085 I MediaCodecsXmlParser: limit: measured-frame-rate-1280x720-range = 190-210
08-03 01:42:32.042  1085  1085 I MediaCodecsXmlParser: limit: measured-frame-rate-1920x1080-range = 170-190
08-03 01:42:32.042  1085  1085 I MediaCodecsXmlParser: limit: measured-frame-rate-3840x2160-range = 48-48
08-03 01:42:32.042  1085  1085 I MediaCodecsXmlParser: limit: measured-frame-rate-320x240-range = 320-350
08-03 01:42:32.042  1085  1085 I MediaCodecsXmlParser: limit: measured-frame-rate-720x480-range = 100-130
08-03 01:42:32.042  1085  1085 I MediaCodecsXmlParser: limit: measured-frame-rate-1280x720-range = 50-58
08-03 01:42:32.042  1085  1085 I MediaCodecsXmlParser: limit: measured-frame-rate-1920x1080-range = 20-30
08-03 01:42:32.042  1085  1085 D MediaCodecsXmlParser: MediaCodec: cannot update non-existing codec at line 139 of /vendor/etc/media_codecs_performance.xml
08-03 01:42:32.042  1085  1085 I MediaCodecsXmlParser: limit: measured-frame-rate-352x288-range = 458-458
08-03 01:42:32.042  1085  1085 I MediaCodecsXmlParser: limit: measured-frame-rate-640x360-range = 210-215
08-03 01:42:32.042  1085  1085 I MediaCodecsXmlParser: limit: measured-frame-rate-720x480-range = 120-125
08-03 01:42:32.042  1085  1085 I MediaCodecsXmlParser: limit: measured-frame-rate-1280x720-range = 70-85
08-03 01:42:32.042  1085  1085 I MediaCodecsXmlParser: limit: measured-frame-rate-1920x1080-range = 45-48
08-03 01:42:32.042  1085  1085 D MediaCodecsXmlParser: MediaCodec: cannot update non-existing codec at line 152 of /vendor/etc/media_codecs_performance.xml
