08-03 01:42:30.638   677   801 E platform_info: start_tag: Error in previous tags, do not process mic info
08-03 01:42:30.638   677   801 E msm8974_platform: find_index: Could not find index for name = SND_DEVICE_IN_SPEAKER_STEREO_DMIC
08-03 01:42:30.638   677   801 E platform_info: process_snd_dev: Sound device not valid
08-03 01:42:30.638   677   801 E platform_info: start_tag: Error in previous tags, do not process mic info
08-03 01:42:30.638   677   801 E platform_info: start_tag: Error in previous tags, do not process mic info
08-03 01:42:30.649   677   801 E audio_hw_extn: audio_extn_perf_lock_acquire: Failed to acquire perf lock, err: -1
08-03 01:42:30.649   677   801 D msm8974_platform: platform_init: Loading mixer file: /vendor/etc/mixer_paths_i40.xml
08-03 01:42:30.658     0     0 I msm_pm_qos_update_request: update request 100
08-03 01:42:30.658     0     0 I msm_pm_qos_add_request: add request
08-03 01:42:30.659   681   953 I chatty  : uid=1047(cameraserver) provider@2.4-se expire 5 lines
08-03 01:42:30.659   681   954 I chatty  : uid=1047(cameraserver) provider@2.4-se expire 5 lines
08-03 01:42:30.659   681   956 I chatty  : uid=1047(cameraserver) provider@2.4-se expire 6 lines
08-03 01:42:30.660   681   957 I chatty  : uid=1047(cameraserver) provider@2.4-se expire 5 lines
08-03 01:42:30.661   681   959 I chatty  : uid=1047(cameraserver) provider@2.4-se expire 5 lines
08-03 01:42:30.661     0     0 I msm_csid_init: CSID_VERSION = 0x30050000
08-03 01:42:30.662     0     0 E         : msm_csid_irq CSID0_IRQ_STATUS_ADDR = 0x800
08-03 01:42:30.663   681   960 I chatty  : uid=1047(cameraserver) provider@2.4-se expire 5 lines
08-03 01:42:30.668     0     0 I MSM-CPP cpp_init_hardware: 1135 CPP HW Version: 0x60010002
08-03 01:42:30.668     0     0 E MSM-CPP cpp_init_hardware: 1153 stream_cnt:0
08-03 01:42:30.685   681   972 I chatty  : uid=1047(cameraserver) provider@2.4-se expire 2 lines
08-03 01:42:30.700     0     0 I msm_cci_init: 1440: hw_version = 0x10060000
08-03 01:42:30.700     0     0 I         : @@@ original_sid = 0x10, valid_flag = 0x01, eeprom_version = 0x01, checksum = 0x03
08-03 01:42:30.701     0     0 I         : @@@ rc = 0, camera_sid = 0x10, eeprom_reg_addr = 0x03 , eeprom_reg_value = 0x32
08-03 01:42:30.701     0     0 I         : @@@ rc = 0, camera_sid = 0x10, eeprom_reg_addr = 0x04 , eeprom_reg_value = 0x30
08-03 01:42:30.701     0     0 I         : @@@ rc = 0, camera_sid = 0x10, eeprom_reg_addr = 0x05 , eeprom_reg_value = 0x32
08-03 01:42:30.701     0     0 I         : @@@ rc = 0, camera_sid = 0x10, eeprom_reg_addr = 0x06 , eeprom_reg_value = 0x30
08-03 01:42:30.701     0     0 I         : @@@ rc = 0, camera_sid = 0x10, eeprom_reg_addr = 0x07 , eeprom_reg_value = 0x30
08-03 01:42:30.701     0     0 I         : @@@ rc = 0, camera_sid = 0x10, eeprom_reg_addr = 0x08 , eeprom_reg_value = 0x38
08-03 01:42:30.701     0     0 I         : @@@ rc = 0, camera_sid = 0x10, eeprom_reg_addr = 0x09 , eeprom_reg_value = 0x30
08-03 01:42:30.702     0     0 I         : @@@ rc = 0, camera_sid = 0x10, eeprom_reg_addr = 0x0a , eeprom_reg_value = 0x38
08-03 01:42:30.702     0     0 I         : @@@ rc = 0, camera_sid = 0x10, eeprom_reg_addr = 0x0b , eeprom_reg_value = 0x31
08-03 01:42:30.702     0     0 I         : @@@ rc = 0, camera_sid = 0x10, eeprom_reg_addr = 0x0c , eeprom_reg_value = 0x32
--------- beginning of radio
08-03 01:42:30.741   636   636 D TelephonyManager: No /proc/cmdline exception=java.io.FileNotFoundException: /proc/cmdline: open failed: EACCES (Permission denied)
08-03 01:42:30.741   636   636 D TelephonyManager: /proc/cmdline=
08-03 01:42:30.745   636   636 W Zygote  : Class not found for preloading: android.view.-$$Lambda$SurfaceView$Cs7TGTdA1lXf9qW8VOJAfEsMjdk
08-03 01:42:30.751   636   636 W Zygote  : Class not found for preloading: android.view.SurfaceView$3
08-03 01:42:30.753   636   636 W Zygote  : Class not found for preloading: android.view.textclassifier.-$$Lambda$TextClassificationManager$JIaezIJbMig_-kVzN6oArzkTsJE
08-03 01:42:30.763   636   636 W Zygote  : Class not found for preloading: com.android.internal.net.NetworkStatsFactory
08-03 01:42:30.770   636   636 W Zygote  : Class not found for preloading: com.android.internal.telephony.-$$Lambda$PhoneSubInfoController$8HFbCDJDN1mrLJG980qYH5MGqMk
08-03 01:42:30.770   636   636 W Zygote  : Class not found for preloading: com.android.internal.telephony.-$$Lambda$PhoneSubInfoController$U28a_EGx2cvmQhDfRRgonMt5Zrc
08-03 01:42:30.770   636   636 W Zygote  : Class not found for preloading: com.android.internal.telephony.-$$Lambda$SubscriptionInfoUpdater$-zZXM9oMRZ3vZz7dJOG19J00Bmw
08-03 01:42:30.771   636   636 W Zygote  : Class not found for preloading: com.android.internal.telephony.-$$Lambda$SubscriptionInfoUpdater$D5yF1HbS4cvCyoAj3FESkPtA_0g
08-03 01:42:30.771   636   636 W Zygote  : Class not found for preloading: com.android.internal.telephony.-$$Lambda$SubscriptionInfoUpdater$MMx9iQX0JVqqMPLTUZhdBubFSzU
08-03 01:42:30.775   636   636 W Zygote  : Class not found for preloading: com.android.internal.telephony.GsmCdmaPhone$3
08-03 01:42:30.776   636   636 W Zygote  : Class not found for preloading: com.android.internal.telephony.NewNitzStateMachine$1
08-03 01:42:30.776   636   636 W Zygote  : Class not found for preloading: com.android.internal.telephony.NewNitzStateMachine
08-03 01:42:30.776   636   636 W Zygote  : Class not found for preloading: com.android.internal.telephony.NewTimeServiceHelper$1
08-03 01:42:30.776   636   636 W Zygote  : Class not found for preloading: com.android.internal.telephony.NewTimeServiceHelper$Listener
08-03 01:42:30.776   636   636 W Zygote  : Class not found for preloading: com.android.internal.telephony.NewTimeServiceHelper
08-03 01:42:30.776   636   636 W Zygote  : Class not found for preloading: com.android.internal.telephony.PhoneConfigurationModels
08-03 01:42:30.777   681   955 I chatty  : uid=1047(cameraserver) provider@2.4-se expire 3 lines
08-03 01:42:30.777   636   636 W Zygote  : Class not found for preloading: com.android.internal.telephony.SubscriptionController$ScLocalLog
08-03 01:42:30.779   636   636 W Zygote  : Class not found for preloading: com.android.internal.telephony.UiccSmsController
08-03 01:42:30.779   636   636 W Zygote  : Class not found for preloading: com.android.internal.telephony.dataconnection.DcController$2
08-03 01:42:30.783   636   636 W Zygote  : Class not found for preloading: com.android.internal.telephony.imsphone.-$$Lambda$ImsPhoneCallTracker$QlPVd_3u4_verjHUDnkn6zaSe54
08-03 01:42:30.783   636   636 W Zygote  : Class not found for preloading: com.android.internal.telephony.imsphone.ImsPhone$3
08-03 01:42:30.784   681   951 I chatty  : uid=1047(cameraserver) provider@2.4-se expire 12 lines
08-03 01:42:30.788   681   979 I chatty  : uid=1047(cameraserver) provider@2.4-se expire 2 lines
08-03 01:42:30.788   681   980 I chatty  : uid=1047(cameraserver) provider@2.4-se expire 2 lines
08-03 01:42:30.788   681   981 I chatty  : uid=1047(cameraserver) provider@2.4-se expire 3 lines
08-03 01:42:30.788   681   982 I chatty  : uid=1047(cameraserver) provider@2.4-se expire 2 lines
08-03 01:42:30.789   681   983 I chatty  : uid=1047(cameraserver) provider@2.4-se expire 3 lines
08-03 01:42:30.789     0     0 I MSM-CPP cpp_release_hardware: 1216 cpp hw release done
08-03 01:42:30.790   681   984 I chatty  : uid=1047(cameraserver) provider@2.4-se expire 2 lines
08-03 01:42:30.794     0     0 I msm_pm_qos_update_request: update request -1
08-03 01:42:30.794     0     0 I msm_pm_qos_add_request: add request
08-03 01:42:30.804     0     0 I msm_pm_qos_update_request: update request 100
08-03 01:42:30.804     0     0 I msm_pm_qos_add_request: add request
08-03 01:42:30.805   681   991 I chatty  : uid=1047(cameraserver) provider@2.4-se expire 5 lines
08-03 01:42:30.807   681   992 I chatty  : uid=1047(cameraserver) provider@2.4-se expire 5 lines
08-03 01:42:30.807   681   994 I chatty  : uid=1047(cameraserver) provider@2.4-se expire 6 lines
08-03 01:42:30.807   681   996 I chatty  : uid=1047(cameraserver) provider@2.4-se expire 5 lines
08-03 01:42:30.807   681   997 I chatty  : uid=1047(cameraserver) provider@2.4-se expire 5 lines
08-03 01:42:30.807   681   999 I chatty  : uid=1047(cameraserver) provider@2.4-se expire 5 lines
08-03 01:42:30.811     0     0 I MSM-CPP cpp_init_hardware: 1135 CPP HW Version: 0x60010002
08-03 01:42:30.811     0     0 E MSM-CPP cpp_init_hardware: 1153 stream_cnt:0
08-03 01:42:30.820   636   636 I Zygote  : ...preloaded 7579 classes in 1012ms.
08-03 01:42:30.821   636   636 I zygote64: VMRuntime.preloadDexCaches starting
08-03 01:42:30.851   636   636 I zygote64: VMRuntime.preloadDexCaches strings total=387108 before=10259 after=10259
08-03 01:42:30.851   636   636 I zygote64: VMRuntime.preloadDexCaches types total=36474 before=7397 after=7664
08-03 01:42:30.851   636   636 I zygote64: VMRuntime.preloadDexCaches fields total=163891 before=8042 after=8243
08-03 01:42:30.851   636   636 I zygote64: VMRuntime.preloadDexCaches methods total=286426 before=11216 after=11643
08-03 01:42:30.851   636   636 I zygote64: VMRuntime.preloadDexCaches finished
08-03 01:42:30.855   636   636 I zygote64: The ClassLoaderContext is a special shared library.
08-03 01:42:30.856   636   636 D ApplicationLoaders: Created zygote-cached class loader: /system/framework/android.hidl.base-V1.0-java.jar
08-03 01:42:30.860   636   636 I zygote64: The ClassLoaderContext is a special shared library.
08-03 01:42:30.862   636   636 D ApplicationLoaders: Created zygote-cached class loader: /system/framework/android.hidl.manager-V1.0-java.jar
08-03 01:42:30.873     0     0 I msm_csid_init: CSID_VERSION = 0x30050000
08-03 01:42:30.873     0     0 E         : msm_csid_irq CSID0_IRQ_STATUS_ADDR = 0x800
08-03 01:42:30.890     0     0 E mdss_mdp_cxipeak_vote: cxipeak api fail ret:-22 set_vote :0 new_rate:150000000 prev_rate:412500000
08-03 01:42:30.890     0     0 I mdss_dsi_on-:  
08-03 01:42:30.897   681   989 I chatty  : uid=1047(cameraserver) provider@2.4-se expire 11 lines
08-03 01:42:30.904   681   923 I chatty  : uid=1047(cameraserver) CAM_imgTh expire 9 lines
08-03 01:42:30.913     0     0 I msm_cci_init: 1440: hw_version = 0x10060000
08-03 01:42:30.913     0     0 I         : @@@ original_sid = 0x10, valid_flag = 0x01, eeprom_version = 0x01, checksum = 0x03
08-03 01:42:30.913     0     0 I         : @@@ rc = 0, camera_sid = 0x10, eeprom_reg_addr = 0x03 , eeprom_reg_value = 0x32
08-03 01:42:30.914     0     0 I         : @@@ rc = 0, camera_sid = 0x10, eeprom_reg_addr = 0x04 , eeprom_reg_value = 0x30
08-03 01:42:30.914     0     0 I         : @@@ rc = 0, camera_sid = 0x10, eeprom_reg_addr = 0x05 , eeprom_reg_value = 0x32
08-03 01:42:30.914     0     0 I         : @@@ rc = 0, camera_sid = 0x10, eeprom_reg_addr = 0x06 , eeprom_reg_value = 0x30
08-03 01:42:30.914     0     0 I         : @@@ rc = 0, camera_sid = 0x10, eeprom_reg_addr = 0x07 , eeprom_reg_value = 0x30
08-03 01:42:30.914     0     0 I         : @@@ rc = 0, camera_sid = 0x10, eeprom_reg_addr = 0x08 , eeprom_reg_value = 0x38
08-03 01:42:30.914     0     0 I         : @@@ rc = 0, camera_sid = 0x10, eeprom_reg_addr = 0x09 , eeprom_reg_value = 0x30
08-03 01:42:30.915     0     0 I         : @@@ rc = 0, camera_sid = 0x10, eeprom_reg_addr = 0x0a , eeprom_reg_value = 0x38
08-03 01:42:30.915     0     0 I         : @@@ rc = 0, camera_sid = 0x10, eeprom_reg_addr = 0x0b , eeprom_reg_value = 0x31
08-03 01:42:30.915     0     0 I         : @@@ rc = 0, camera_sid = 0x10, eeprom_reg_addr = 0x0c , eeprom_reg_value = 0x32
08-03 01:42:30.987   681   993 I chatty  : uid=1047(cameraserver) provider@2.4-se expire 3 lines
08-03 01:42:31.033     0     0 E         : msm_qti_pp_get_rms_value_control, back not active to query rms be_idx:3
08-03 01:42:31.048     0     0 I core_get_license_status: cmdrsp_license_result.result = 0x15 for module 0x131ff
08-03 01:42:31.050     0     0 E msm-ext-disp-audio-codec-rx soc: qcom,msm-ext-disp:qcom,msm-ext-disp-audio-codec-rx: msm_ext_disp_audio_type_get: Display cable disconnected
08-03 01:42:31.050     0     0 E msm-ext-disp-audio-codec-rx soc: qcom,msm-ext-disp:qcom,msm-ext-disp-audio-codec-rx: msm_ext_disp_audio_type_get: Display cable disconnected
08-03 01:42:31.077     0     0 E         : msm_pcm_path_latency_ctl_get substream runtime not found
08-03 01:42:31.090     0     0 I chatty  : uid=0(root) logd identical 4 lines
08-03 01:42:31.095     0     0 E         : msm_pcm_path_latency_ctl_get substream runtime not found
08-03 01:42:31.137     0     0 I mdss_fb_start_disp_thread: mdss_fb_blank_unblank+0x1ac/0x340: start display thread fb0
08-03 01:42:31.139     0     0 I sn65dsi86_dsi2edp_enable_early: start
08-03 01:42:31.139     0     0 I sn65dsi86_dsi2edp_panel_enable: set to 1
08-03 01:42:31.275   677   801 E audio_route: Control 'MultiMedia16 Mixer SLIM_7_TX' doesn't exist - skipping
08-03 01:42:31.277     0     0 I sn65dsi86_dsi2edp_enable_early: done
08-03 01:42:31.277     0     0 I sn65dsi86_dsi2edp_enable_lately: start for first time
08-03 01:42:31.277     0     0 I sn65dsi86_dsi2edp_enable_lately: start
08-03 01:42:31.282   677   801 E audio_route: Control 'HPHL Volume' doesn't exist - skipping
08-03 01:42:31.282   677   801 E audio_route: Control 'HPHR Volume' doesn't exist - skipping
08-03 01:42:31.283   677   801 E audio_route: Control 'GSM mode Enable' doesn't exist - skipping
08-03 01:42:31.283   677   801 E audio_route: Control 'BT SampleRate RX' doesn't exist - skipping
08-03 01:42:31.283   677   801 E audio_route: Control 'BT SampleRate TX' doesn't exist - skipping
08-03 01:42:31.284   677   801 E audio_route: Control 'BT SampleRate RX' doesn't exist - skipping
08-03 01:42:31.284   677   801 E audio_route: Control 'BT SampleRate TX' doesn't exist - skipping
08-03 01:42:31.284   677   801 E audio_route: Control 'BT SampleRate RX' doesn't exist - skipping
08-03 01:42:31.284   677   801 E audio_route: Control 'BT SampleRate TX' doesn't exist - skipping
08-03 01:42:31.284   677   801 E audio_route: Control 'BT SampleRate RX' doesn't exist - skipping
08-03 01:42:31.285   677   801 E audio_route: Control 'BT SampleRate TX' doesn't exist - skipping
08-03 01:42:31.285   677   801 E audio_route: Control 'BT SampleRate RX' doesn't exist - skipping
08-03 01:42:31.285   677   801 E audio_route: Control 'BT SampleRate TX' doesn't exist - skipping
08-03 01:42:31.285   677   801 E audio_route: Control 'BT SampleRate RX' doesn't exist - skipping
08-03 01:42:31.286   677   801 E audio_route: Control 'BT SampleRate TX' doesn't exist - skipping
08-03 01:42:31.286   677   801 E audio_route: Control 'BT SampleRate RX' doesn't exist - skipping
08-03 01:42:31.286   677   801 E audio_route: Control 'BT SampleRate TX' doesn't exist - skipping
08-03 01:42:31.286   677   801 E audio_route: Control 'BT SampleRate RX' doesn't exist - skipping
08-03 01:42:31.287   677   801 E audio_route: Control 'BT SampleRate TX' doesn't exist - skipping
08-03 01:42:31.287   677   801 E audio_route: Control 'BT SampleRate RX' doesn't exist - skipping
08-03 01:42:31.287   677   801 E audio_route: Control 'BT SampleRate TX' doesn't exist - skipping
08-03 01:42:31.288   677   801 E audio_route: Control 'BT SampleRate RX' doesn't exist - skipping
08-03 01:42:31.288   677   801 E audio_route: Control 'BT SampleRate TX' doesn't exist - skipping
08-03 01:42:31.288   677   801 E audio_route: Control 'BT SampleRate RX' doesn't exist - skipping
08-03 01:42:31.288   677   801 E audio_route: Control 'BT SampleRate TX' doesn't exist - skipping
08-03 01:42:31.289   677   801 E audio_route: Control 'BT SampleRate RX' doesn't exist - skipping
08-03 01:42:31.289   677   801 E audio_route: Control 'BT SampleRate TX' doesn't exist - skipping
08-03 01:42:31.290   677   801 E audio_route: Control 'BT SampleRate RX' doesn't exist - skipping
08-03 01:42:31.290   677   801 E audio_route: Control 'BT SampleRate TX' doesn't exist - skipping
08-03 01:42:31.290   677   801 E audio_route: Control 'BT SampleRate RX' doesn't exist - skipping
08-03 01:42:31.290   677   801 E audio_route: Control 'BT SampleRate TX' doesn't exist - skipping
08-03 01:42:31.290   677   801 E audio_route: Control 'BT SampleRate RX' doesn't exist - skipping
08-03 01:42:31.290   677   801 E audio_route: Control 'BT SampleRate TX' doesn't exist - skipping
08-03 01:42:31.290   677   801 E audio_route: Control 'MultiMedia8 Mixer SLIM_8_TX' doesn't exist - skipping
08-03 01:42:31.292   677   801 E audio_route: Control 'BT SampleRate RX' doesn't exist - skipping
08-03 01:42:31.292   677   801 E audio_route: Control 'BT SampleRate TX' doesn't exist - skipping
08-03 01:42:31.293   677   801 E audio_route: Control 'BT SampleRate RX' doesn't exist - skipping
08-03 01:42:31.293   677   801 E audio_route: Control 'BT SampleRate TX' doesn't exist - skipping
08-03 01:42:31.294   677   801 E audio_route: Control 'BT SampleRate RX' doesn't exist - skipping
08-03 01:42:31.294   677   801 E audio_route: Control 'BT SampleRate TX' doesn't exist - skipping
08-03 01:42:31.299   677   801 E audio_route: unable to find sub path 'speakersafe'
08-03 01:42:31.301   677   801 E audio_route: Control 'BT SampleRate RX' doesn't exist - skipping
08-03 01:42:31.301   677   801 E audio_route: Control 'BT SampleRate TX' doesn't exist - skipping
08-03 01:42:31.301   677   801 E audio_route: Control 'MultiMedia16 Mixer SLIM_7_TX' doesn't exist - skipping
08-03 01:42:31.301   677   801 E audio_route: Control 'BT SampleRate RX' doesn't exist - skipping
08-03 01:42:31.301   677   801 E audio_route: Control 'BT SampleRate TX' doesn't exist - skipping
08-03 01:42:31.301   677   801 E audio_route: Control 'AUX PCM SampleRate' doesn't exist - skipping
08-03 01:42:31.301   677   801 E audio_route: Control 'MultiMedia16 Mixer TERT_MI2S_TX' doesn't exist - skipping
08-03 01:42:31.305   677   801 E audio_hw_extn: audio_extn_perf_lock_release: Perf lock release error 
08-03 01:42:31.305   677   801 E msm8974_platform: platform_init: soundcard: sdm660-snd-card-i40 supports only default sample rate
08-03 01:42:31.313   677   801 E msm8974_platform: platform_init: Could not find the symbol acdb_send_audio_cal_v4 from libacdbloader.so
08-03 01:42:31.313   677   801 E msm8974_platform: platform_init: dlsym error undefined symbol: acdb_loader_init_v4 for acdb_loader_init_v4
08-03 01:42:31.313   677   801 I audio_hw_extn: audio_extn_set_snd_card_split: snd_card_name(sdm660-snd-card-i40) device(sdm660) snd_card(snd) form_factor(card)
08-03 01:42:31.313   677   801 D platform_info: platform_info_init: platform info file name is audio_platform_info.xml
08-03 01:42:31.313   677   801 D platform_info: platform_info_init: Failed to open audio_platform_info.xml, using defaults.
08-03 01:42:31.313   677   801 E audio_hw_acdb: acdb_init_v2: dlsym error undefined symbol: acdb_loader_init_v4 for acdb_loader_init_v4
08-03 01:42:31.314   677   801 D ACDB-LOADER: ACDB -> No .acdb files found in /vendor/etc/acdbdata!
08-03 01:42:31.314   677   801 D ACDB-LOADER: ACDB -> found 0 form factor & soundcard independant files
08-03 01:42:31.314   677   801 I ACDB-LOADER: ACDB -> Load EANS on ACDB
08-03 01:42:31.314   677   801 I ACDB-LOADER: ACDB -> Load cts off ACDB
08-03 01:42:31.314   677   801 D ACDB-LOADER: ACDB -> Load file: /vendor/etc/acdbdata/QRD/sdm660-snd-card-i40/QRD_I40_Handset_cal.acdb
08-03 01:42:31.314   677   801 D ACDB-LOADER: ACDB -> Load file: /vendor/etc/acdbdata/QRD/sdm660-snd-card-i40/QRD_I40_Bluetooth_cal.acdb
08-03 01:42:31.314   677   801 D ACDB-LOADER: ACDB -> Load file: /vendor/etc/acdbdata/QRD/sdm660-snd-card-i40/QRD_I40_Speaker_cal.acdb
08-03 01:42:31.314   677   801 D ACDB-LOADER: ACDB -> Load file: /vendor/etc/acdbdata/QRD/sdm660-snd-card-i40/QRD_I40_workspaceFile.qwsp
08-03 01:42:31.314   677   801 D ACDB-LOADER: ACDB -> Load file: /vendor/etc/acdbdata/QRD/sdm660-snd-card-i40/QRD_I40_Hdmi_cal.acdb
08-03 01:42:31.314   677   801 D ACDB-LOADER: ACDB -> Load file: /vendor/etc/acdbdata/QRD/sdm660-snd-card-i40/QRD_I40_General_cal.acdb
08-03 01:42:31.314   677   801 D ACDB-LOADER: ACDB -> Load file: /vendor/etc/acdbdata/QRD/sdm660-snd-card-i40/QRD_I40_Headset_cal.acdb
08-03 01:42:31.314   677   801 D ACDB-LOADER: ACDB -> Load file: /vendor/etc/acdbdata/QRD/sdm660-snd-card-i40/QRD_I40_Global_cal.acdb
08-03 01:42:31.314   677   801 D ACDB-LOADER: ACDB -> ACDB_CMD_INITIALIZE_V2
08-03 01:42:31.317   677   801 D         : [ACDB Command]->SW Minor/Major/Revision version info for /vendor/etc/acdbdata/QRD/sdm660-snd-card-i40/QRD_I40_Handset_cal.acdb
08-03 01:42:31.317   677   801 D         : [ACDB Command]->ACDB Sw Major = 9, ACDB Sw Minor = 0, ACDB Sw Revision = 4, ACDB Sw Cpl Number = 0
08-03 01:42:31.317   677   801 D         : [ACDB Command]->ACDB File Major = 9, ACDB File Minor = 0, ACDB File Revision = 11, ACDB File Cpl Number = 0
08-03 01:42:31.366   677   677 D audio_hw_utils: audio_extn_utils_open_snd_mixer: retry, retry_num 2
08-03 01:42:31.370   677   677 D audio_hw_utils: audio_extn_utils_open_snd_mixer: snd_card_name: sdm660-snd-card-i40
08-03 01:42:31.370   677   677 W hardware_info: update_hardware_info_bear: Not an SDM device
08-03 01:42:31.370   677   677 D audio_hw_utils: audio_extn_utils_open_snd_mixer: Opened sound card:0
08-03 01:42:31.462   636   636 I Zygote  : Preloading resources...
08-03 01:42:31.485   636   636 W Resources: Preloaded drawable resource #0x108027d (android:drawable/dialog_background_material) that varies with configuration!!
08-03 01:42:31.495   677   801 D         : [ACDB Command]->SW Minor/Major/Revision version info for /vendor/etc/acdbdata/QRD/sdm660-snd-card-i40/QRD_I40_Bluetooth_cal.acdb
08-03 01:42:31.495   677   801 D         : [ACDB Command]->ACDB Sw Major = 9, ACDB Sw Minor = 0, ACDB Sw Revision = 4, ACDB Sw Cpl Number = 0
08-03 01:42:31.495   677   801 D         : [ACDB Command]->ACDB File Major = 9, ACDB File Minor = 0, ACDB File Revision = 11, ACDB File Cpl Number = 0
08-03 01:42:31.498   677   801 D         : [ACDB Command]->SW Minor/Major/Revision version info for /vendor/etc/acdbdata/QRD/sdm660-snd-card-i40/QRD_I40_Speaker_cal.acdb
08-03 01:42:31.498   677   801 D         : [ACDB Command]->ACDB Sw Major = 9, ACDB Sw Minor = 0, ACDB Sw Revision = 4, ACDB Sw Cpl Number = 0
08-03 01:42:31.498   677   801 D         : [ACDB Command]->ACDB File Major = 9, ACDB File Minor = 0, ACDB File Revision = 11, ACDB File Cpl Number = 0
08-03 01:42:31.499   677   801 D         : [ACDB Command]->SW Minor/Major/Revision version info for /vendor/etc/acdbdata/QRD/sdm660-snd-card-i40/QRD_I40_workspaceFile.qwsp
08-03 01:42:31.499   677   801 D         : [ACDB Command]->ACDB Sw Major = 9, ACDB Sw Minor = 0, ACDB Sw Revision = 4, ACDB Sw Cpl Number = 0
08-03 01:42:31.499   677   801 D         : [ACDB Command]->ACDB File Major = 9, ACDB File Minor = 0, ACDB File Revision = 11
08-03 01:42:31.500   677   801 D         : [ACDB Command]->SW Minor/Major/Revision version info for /vendor/etc/acdbdata/QRD/sdm660-snd-card-i40/QRD_I40_Hdmi_cal.acdb
08-03 01:42:31.500   677   801 D         : [ACDB Command]->ACDB Sw Major = 9, ACDB Sw Minor = 0, ACDB Sw Revision = 4, ACDB Sw Cpl Number = 0
08-03 01:42:31.500   677   801 D         : [ACDB Command]->ACDB File Major = 9, ACDB File Minor = 0, ACDB File Revision = 11, ACDB File Cpl Number = 0
08-03 01:42:31.500   677   801 D         : [ACDB Command]->SW Minor/Major/Revision version info for /vendor/etc/acdbdata/QRD/sdm660-snd-card-i40/QRD_I40_General_cal.acdb
08-03 01:42:31.501   677   801 D         : [ACDB Command]->ACDB Sw Major = 9, ACDB Sw Minor = 0, ACDB Sw Revision = 4, ACDB Sw Cpl Number = 0
08-03 01:42:31.501   677   801 D         : [ACDB Command]->ACDB File Major = 9, ACDB File Minor = 0, ACDB File Revision = 11, ACDB File Cpl Number = 0
08-03 01:42:31.502   677   801 D         : [ACDB Command]->SW Minor/Major/Revision version info for /vendor/etc/acdbdata/QRD/sdm660-snd-card-i40/QRD_I40_Headset_cal.acdb
08-03 01:42:31.502   677   801 D         : [ACDB Command]->ACDB Sw Major = 9, ACDB Sw Minor = 0, ACDB Sw Revision = 4, ACDB Sw Cpl Number = 0
08-03 01:42:31.502   677   801 D         : [ACDB Command]->ACDB File Major = 9, ACDB File Minor = 0, ACDB File Revision = 11, ACDB File Cpl Number = 0
08-03 01:42:31.503   677   801 D         : [ACDB Command]->SW Minor/Major/Revision version info for /vendor/etc/acdbdata/QRD/sdm660-snd-card-i40/QRD_I40_Global_cal.acdb
08-03 01:42:31.503   677   801 D         : [ACDB Command]->ACDB Sw Major = 9, ACDB Sw Minor = 0, ACDB Sw Revision = 4, ACDB Sw Cpl Number = 0
08-03 01:42:31.503   677   801 D         : [ACDB Command]->ACDB File Major = 9, ACDB File Minor = 0, ACDB File Revision = 11, ACDB File Cpl Number = 0
08-03 01:42:31.503   677   801 D ACDB-LOADER: ACDB -> ACPH INIT
08-03 01:42:31.503   677   801 D         : [ACPH]->Online service registered with ACPH
08-03 01:42:31.505   677   801 D         : [ACPH]->ACPH init success
08-03 01:42:31.505   677   801 D ACDB-LOADER: ACDB -> RTAC INIT
08-03 01:42:31.505   677   801 D         : [ACPH]->DSP RTC service registered with ACPH
08-03 01:42:31.505   677   801 D ACDB-LOADER: ACDB -> MCS, FTS INIT
08-03 01:42:31.505   677   801 D         : [ACPH]->MCS RTC service registered with ACPH
08-03 01:42:31.505   677   801 D         : [ACPH]->FTS RTC service registered with ACPH
08-03 01:42:31.505   677   801 D ACDB-LOADER: ACDB -> ADIE RTAC INIT
08-03 01:42:31.505   677   801 D         : [ACPH]->ADIE RTC service registered with ACPH
08-03 01:42:31.505   677   801 D ACDB-LOADER: ACDB -> ACDB_CMD_GET_VOC_PROC_DYNAMIC_TABLE_SIZE
08-03 01:42:31.506   677   801 E ion     : ioctl c0044901 failed with code -1: Not a typewriter
08-03 01:42:31.507   636   636 I Zygote  : ...preloaded 64 resources in 44ms.
08-03 01:42:31.511   636   636 I Zygote  : ...preloaded 41 resources in 4ms.
08-03 01:42:31.514   677   801 D ACDB-LOADER: ACDB -> send_common_custom_topology
08-03 01:42:31.515   677   801 D ACDB-LOADER: ACDB -> ACDB_CMD_GET_AVCS_CUSTOM_TOPO_INFO_SIZE
08-03 01:42:31.515   677   801 D ACDB-LOADER: ACDB -> ACDB_CMD_GET_AVCS_CUSTOM_TOPO_INFO
08-03 01:42:31.515   677   801 D ACDB-LOADER: ACDB -> ACDB_CMD_GET_AVCS_CUSTOM_TOPO_INFO: size:0x1d0 ret=0 
08-03 01:42:31.515   677   801 D ACDB-LOADER: ACDB -> CORE_CUSTOM_TOPOLOGIES
08-03 01:42:31.517   677   801 D ACDB-LOADER: ACDB -> acdb_loader_send_common_custom_topology: Common custom topology in use
08-03 01:42:31.517   677   801 D ACDB-LOADER: ACDB -> init done!
08-03 01:42:31.517   677   801 D audio_hw_acdb: acdb_init_v2: ACDB Instance ID support after ACDB init:0
08-03 01:42:31.518   677   801 D msm8974_platform: ACDB initialized
08-03 01:42:31.518   677   801 D msm8974_platform: hw_util_open Opening device /dev/snd/hwC0D1000
08-03 01:42:31.518   677   801 D msm8974_platform: hw_util_open success
08-03 01:42:31.518   677   801 D ACDB-LOADER: ACDB -> ACDB_CMD_GET_ANC_SETTING
08-03 01:42:31.518   677   801 D         : Failed to fetch the lookup information of the device 0000001A 
08-03 01:42:31.518   677   801 E ACDB-LOADER: Error: ACDB ANC returned = -19
08-03 01:42:31.518   677   801 D ACDB-LOADER: ACDB -> ACDB_CMD_GET_ANC_SETTING
08-03 01:42:31.518   677   801 D         : Failed to fetch the lookup information of the device 0000001A 
08-03 01:42:31.518   677   801 E ACDB-LOADER: Error: ACDB ANC returned = -19
08-03 01:42:31.518   677   801 D ACDB-LOADER: ACDB -> ACDB_CMD_GET_ANC_SETTING
08-03 01:42:31.518   677   801 D         : Failed to fetch the lookup information of the device 0000001A 
08-03 01:42:31.518   677   801 E ACDB-LOADER: Error: ACDB ANC returned = -19
08-03 01:42:31.518   677   801 D ACDB-LOADER: ACDB -> ACDB_CMD_GET_ANC_SETTING
08-03 01:42:31.518   677   801 D         : Failed to fetch the lookup information of the device 0000001B 
08-03 01:42:31.518   677   801 E ACDB-LOADER: Error: ACDB ANC returned = -19
08-03 01:42:31.518   677   801 D ACDB-LOADER: ACDB -> ACDB_CMD_GET_ANC_SETTING
08-03 01:42:31.518   677   801 D         : Failed to fetch the lookup information of the device 0000001B 
08-03 01:42:31.518   677   801 E ACDB-LOADER: Error: ACDB ANC returned = -19
08-03 01:42:31.518   677   801 D ACDB-LOADER: ACDB -> ACDB_CMD_GET_ANC_SETTING
08-03 01:42:31.518   677   801 D         : Failed to fetch the lookup information of the device 0000001B 
08-03 01:42:31.518   677   801 E ACDB-LOADER: Error: ACDB ANC returned = -19
08-03 01:42:31.518   677   801 D ACDB-LOADER: ACDB -> ACDB_CMD_GET_ANC_SETTING
08-03 01:42:31.518   677   801 D         : Failed to fetch the lookup information of the device 0000001C 
08-03 01:42:31.518   677   801 E ACDB-LOADER: Error: ACDB ANC returned = -19
08-03 01:42:31.518   677   801 D ACDB-LOADER: ACDB -> ACDB_CMD_GET_ANC_SETTING
08-03 01:42:31.518   677   801 D         : Failed to fetch the lookup information of the device 0000001C 
08-03 01:42:31.518   677   801 E ACDB-LOADER: Error: ACDB ANC returned = -19
08-03 01:42:31.518   677   801 D ACDB-LOADER: ACDB -> ACDB_CMD_GET_ANC_SETTING
08-03 01:42:31.518   677   801 D         : Failed to fetch the lookup information of the device 0000001C 
08-03 01:42:31.518   677   801 E ACDB-LOADER: Error: ACDB ANC returned = -19
08-03 01:42:31.518   677   801 D ACDB-LOADER: ACDB -> ACDB_CMD_GET_ANC_SETTING
08-03 01:42:31.518   677   801 D         : Failed to fetch the lookup information of the device 0000001D 
08-03 01:42:31.518   677   801 E ACDB-LOADER: Error: ACDB ANC returned = -19
08-03 01:42:31.518   677   801 D ACDB-LOADER: ACDB -> ACDB_CMD_GET_ANC_SETTING
08-03 01:42:31.518   677   801 D         : Failed to fetch the lookup information of the device 0000001D 
08-03 01:42:31.518   677   801 E ACDB-LOADER: Error: ACDB ANC returned = -19
08-03 01:42:31.518   677   801 D ACDB-LOADER: ACDB -> ACDB_CMD_GET_ANC_SETTING
08-03 01:42:31.518   677   801 D         : Failed to fetch the lookup information of the device 0000001D 
08-03 01:42:31.518   677   801 E ACDB-LOADER: Error: ACDB ANC returned = -19
08-03 01:42:31.518   677   801 D ACDB-LOADER: ACDB -> ACDB_CMD_GET_ANC_SETTING
08-03 01:42:31.518   677   801 D         : Failed to fetch the lookup information of the device 0000001E 
08-03 01:42:31.518   677   801 E ACDB-LOADER: Error: ACDB ANC returned = -19
08-03 01:42:31.518   677   801 D ACDB-LOADER: ACDB -> ACDB_CMD_GET_ANC_SETTING
08-03 01:42:31.518   677   801 D         : Failed to fetch the lookup information of the device 0000001E 
08-03 01:42:31.518   677   801 E ACDB-LOADER: Error: ACDB ANC returned = -19
08-03 01:42:31.518   677   801 D ACDB-LOADER: ACDB -> ACDB_CMD_GET_ANC_SETTING
08-03 01:42:31.518   677   801 D         : Failed to fetch the lookup information of the device 0000001E 
08-03 01:42:31.518   677   801 E ACDB-LOADER: Error: ACDB ANC returned = -19
08-03 01:42:31.518   677   801 D ACDB-LOADER: ACDB -> ACDB_CMD_GET_ANC_SETTING
08-03 01:42:31.518   677   801 D         : Failed to fetch the lookup information of the device 0000001F 
08-03 01:42:31.518   677   801 E ACDB-LOADER: Error: ACDB ANC returned = -19
08-03 01:42:31.518   677   801 D ACDB-LOADER: ACDB -> ACDB_CMD_GET_ANC_SETTING
08-03 01:42:31.518   677   801 D         : Failed to fetch the lookup information of the device 0000001F 
08-03 01:42:31.518   677   801 E ACDB-LOADER: Error: ACDB ANC returned = -19
08-03 01:42:31.518   677   801 D ACDB-LOADER: ACDB -> ACDB_CMD_GET_ANC_SETTING
08-03 01:42:31.518   677   801 D         : Failed to fetch the lookup information of the device 0000001F 
08-03 01:42:31.518   677   801 E ACDB-LOADER: Error: ACDB ANC returned = -19
08-03 01:42:31.518   677   801 D ACDB-LOADER: ACDB -> ACDB_CMD_GET_ANC_SETTING
08-03 01:42:31.518   677   801 D         : Failed to fetch the lookup information of the device 00000067 
08-03 01:42:31.518   677   801 E ACDB-LOADER: Error: ACDB ANC returned = -19
08-03 01:42:31.518   677   801 D ACDB-LOADER: ACDB -> ACDB_CMD_GET_ANC_SETTING
08-03 01:42:31.518   677   801 D         : Failed to fetch the lookup information of the device 00000067 
08-03 01:42:31.518   677   801 E ACDB-LOADER: Error: ACDB ANC returned = -19
08-03 01:42:31.518   677   801 D ACDB-LOADER: ACDB -> ACDB_CMD_GET_ANC_SETTING
08-03 01:42:31.518   677   801 D         : Failed to fetch the lookup information of the device 00000067 
08-03 01:42:31.518   677   801 E ACDB-LOADER: Error: ACDB ANC returned = -19
08-03 01:42:31.518   677   801 D ACDB-LOADER: ACDB -> ACDB_CMD_GET_ANC_SETTING
08-03 01:42:31.518   677   801 D         : Failed to fetch the lookup information of the device 00000056 
08-03 01:42:31.518   677   801 E ACDB-LOADER: Error: ACDB ANC returned = -19
08-03 01:42:31.518   677   801 D ACDB-LOADER: ACDB -> ACDB_CMD_GET_ANC_SETTING
08-03 01:42:31.518   677   801 D         : Failed to fetch the lookup information of the device 00000056 
08-03 01:42:31.518   677   801 E ACDB-LOADER: Error: ACDB ANC returned = -19
08-03 01:42:31.518   677   801 D ACDB-LOADER: ACDB -> ACDB_CMD_GET_ANC_SETTING
08-03 01:42:31.518   677   801 D         : Failed to fetch the lookup information of the device 00000056 
08-03 01:42:31.518   677   801 E ACDB-LOADER: Error: ACDB ANC returned = -19
08-03 01:42:31.518   677   801 D ACDB-LOADER: ACDB -> ACDB_CMD_GET_ANC_SETTING
08-03 01:42:31.518   677   801 D         : Failed to fetch the lookup information of the device 00000059 
08-03 01:42:31.518   677   801 E ACDB-LOADER: Error: ACDB ANC returned = -19
08-03 01:42:31.518   677   801 D ACDB-LOADER: ACDB -> ACDB_CMD_GET_ANC_SETTING
08-03 01:42:31.518   677   801 D         : Failed to fetch the lookup information of the device 00000059 
08-03 01:42:31.518   677   801 E ACDB-LOADER: Error: ACDB ANC returned = -19
08-03 01:42:31.518   677   801 D ACDB-LOADER: ACDB -> ACDB_CMD_GET_ANC_SETTING
08-03 01:42:31.518   677   801 D         : Failed to fetch the lookup information of the device 00000059 
08-03 01:42:31.518   677   801 E ACDB-LOADER: Error: ACDB ANC returned = -19
08-03 01:42:31.518     0     0 E wcdcal_hwdep_ioctl_shared: codec didn't set this 0!!
08-03 01:42:31.518   677   801 E msm8974_platform: send_codec_cal: anc_cal Failed to call ioctl, err=14
08-03 01:42:31.518   677   801 D ACDB-LOADER: send mbhc data
08-03 01:42:31.518   677   801 D ACDB-LOADER: ACDB -> MBHC ACDB_PID_GENERAL_CONFIG
08-03 01:42:31.518   677   801 D ACDB-LOADER: ACDB -> MBHC ACDB_PID_PLUG_REMOVAL_DETECTION
08-03 01:42:31.518   677   801 D ACDB-LOADER: ACDB -> MBHC ACDB_PID_PLUG_TYPE_DETECTION
08-03 01:42:31.518   677   801 D ACDB-LOADER: ACDB -> MBHC ACDB_PID_BUTTON_PRESS_DETECTION
08-03 01:42:31.518   677   801 D ACDB-LOADER: ACDB -> MBHC ACDB_PID_IMPEDANCE_DETECTION
08-03 01:42:31.518   677   801 D msm8974_platform: send_codec_cal: mbhc_cal cal sent successfully
08-03 01:42:31.518   677   801 D ACDB-LOADER: send vbat data
08-03 01:42:31.518   677   801 D ACDB-LOADER: ACDB -> VBAT ACDB_PID_ADC_CAL
08-03 01:42:31.518   677   801 D ACDB-LOADER: ACDB -> VBAT ACDB_PID_GAIN_PROC
08-03 01:42:31.518   677   801 D ACDB-LOADER: send vbat data, calling convert_vbat_data
08-03 01:42:31.518   677   801 D ACDB-LOADER: copied vbat cal size =72
08-03 01:42:31.518   677   801 E msm8974_platform: send_codec_cal: vbat_cal Failed to call ioctl, err=14
08-03 01:42:31.518     0     0 E wcdcal_hwdep_ioctl_shared: codec didn't set this 3!!
08-03 01:42:31.518   677   801 D audio_log_utils: read_module
08-03 01:42:31.518   677   801 D audio_log_utils: read_module: calling parse module xml file
08-03 01:42:31.518   677   801 D audio_log_utils: parse_module_xml_file: parse hal log mask
08-03 01:42:31.518   677   801 D log_xml_parser: parse_log_xml: Failed to open file /data/vendor/audio/audio_dynamic_log.xml
08-03 01:42:31.518   677   801 E audio_log_utils: parse_module_xml_file: could not parse hal logmask
08-03 01:42:31.518   677   801 D audio_log_utils: parse_module_xml_file: exit
08-03 01:42:31.519   677  1023 D audio_log_utils: monitor_mod_file_change
08-03 01:42:31.519   677   801 W msm8974_platform: init_be_dai_name_table: sound device  has no hw interface set
08-03 01:42:31.519   677   801 W msm8974_platform: init_be_dai_name_table: sound device headphones-hifi-filter has no hw interface set
08-03 01:42:31.519   677   801 D msm8974_platform: init_be_dai_name_table: sound device speaker-and-headphones does not have a valid hw interface set (disregard for combo devices) INT4_MI2S_RX-and-INT0_MI2S_RX
08-03 01:42:31.519   677   801 W msm8974_platform: init_be_dai_name_table: sound device speaker-and-headphones-hifi-filter has no hw interface set
08-03 01:42:31.519   677   801 D msm8974_platform: init_be_dai_name_table: sound device speaker-safe-and-headphones does not have a valid hw interface set (disregard for combo devices) SLIMBUS_0_RX-and-SLIMBUS_6_RX
08-03 01:42:31.519   677   801 D msm8974_platform: init_be_dai_name_table: sound device speaker-and-line does not have a valid hw interface set (disregard for combo devices) INT4_MI2S_RX-and-INT0_MI2S_RX
08-03 01:42:31.519   677   801 D msm8974_platform: init_be_dai_name_table: sound device speaker-safe-and-line does not have a valid hw interface set (disregard for combo devices) SLIMBUS_0_RX-and-SLIMBUS_6_RX
08-03 01:42:31.519   677   801 D msm8974_platform: init_be_dai_name_table: sound device speaker-and-headphones-ext-1 does not have a valid hw interface set (disregard for combo devices) INT4_MI2S_RX-and-INT0_MI2S_RX
08-03 01:42:31.519   677   801 D msm8974_platform: init_be_dai_name_table: sound device speaker-and-headphones-ext-2 does not have a valid hw interface set (disregard for combo devices) INT4_MI2S_RX-and-INT0_MI2S_RX
08-03 01:42:31.519   677   801 D msm8974_platform: init_be_dai_name_table: sound device speaker-and-hdmi does not have a valid hw interface set (disregard for combo devices) INT4_MI2S_RX-and-HDMI
08-03 01:42:31.519   677   801 D msm8974_platform: init_be_dai_name_table: sound device speaker-and-display-port does not have a valid hw interface set (disregard for combo devices) INT4_MI2S_RX-and-DISPLAY_PORT
08-03 01:42:31.519   677   801 D msm8974_platform: init_be_dai_name_table: sound device speaker-and-bt-a2dp does not have a valid hw interface set (disregard for combo devices) INT4_MI2S_RX-and-SLIMBUS_7_RX
08-03 01:42:31.519   677   801 D msm8974_platform: init_be_dai_name_table: sound device speaker-safe-and-bt-a2dp does not have a valid hw interface set (disregard for combo devices) SLIMBUS_0_RX-and-SLIMBUS_7_RX
08-03 01:42:31.519   677   801 D msm8974_platform: init_be_dai_name_table: sound device speaker-and-bt-sco does not have a valid hw interface set (disregard for combo devices) SLIMBUS_0_RX-and-SLIMBUS_7_RX
08-03 01:42:31.519   677   801 D msm8974_platform: init_be_dai_name_table: sound device speaker-safe-and-bt-sco does not have a valid hw interface set (disregard for combo devices) QUAT_TDM_RX_0-and-SLIMBUS_7_RX
08-03 01:42:31.519   677   801 D msm8974_platform: init_be_dai_name_table: sound device speaker-and-bt-sco-wb does not have a valid hw interface set (disregard for combo devices) SLIMBUS_0_RX-and-SLIMBUS_7_RX
08-03 01:42:31.519   677   801 D msm8974_platform: init_be_dai_name_table: sound device speaker-safe-and-bt-sco-wb does not have a valid hw interface set (disregard for combo devices) QUAT_TDM_RX_0-and-SLIMBUS_7_RX
08-03 01:42:31.519   677   801 D msm8974_platform: init_be_dai_name_table: sound device speaker-and-bt-sco-swb does not have a valid hw interface set (disregard for combo devices) SLIMBUS_0_RX-and-SEC_AUX_PCM_RX
08-03 01:42:31.519   677   801 D msm8974_platform: init_be_dai_name_table: sound device speaker-safe-and-bt-sco-swb does not have a valid hw interface set (disregard for combo devices) QUAT_TDM_RX_0-and-SLIMBUS_7_RX
08-03 01:42:31.519   677   801 W msm8974_platform: init_be_dai_name_table: sound device wsa-speaker-and-bt-sco has no hw interface set
08-03 01:42:31.519   677   801 W msm8974_platform: init_be_dai_name_table: sound device wsa-speaker-and-bt-sco-wb has no hw interface set
08-03 01:42:31.519   677   801 W msm8974_platform: init_be_dai_name_table: sound device wsa-speaker-and-bt-sco-wb has no hw interface set
08-03 01:42:31.519   677   801 D msm8974_platform: init_be_dai_name_table: sound device speaker-and-usb-headphones does not have a valid hw interface set (disregard for combo devices) SLIMBUS_0_RX-and-USB_AUDIO_RX
08-03 01:42:31.519   677   801 D msm8974_platform: init_be_dai_name_table: sound device speaker-safe-and-usb-headphones does not have a valid hw interface set (disregard for combo devices) SLIMBUS_0_RX-and-USB_AUDIO_RX
08-03 01:42:31.519   677   801 D msm8974_platform: init_be_dai_name_table: sound device speaker-and-anc-headphones does not have a valid hw interface set (disregard for combo devices) INT4_MI2S_RX-and-INT0_MI2S_RX
08-03 01:42:31.519   677   801 D msm8974_platform: init_be_dai_name_table: sound device speaker-and-anc-fb-headphones does not have a valid hw interface set (disregard for combo devices) SLIMBUS_0_RX-and-SLIMBUS_6_RX
08-03 01:42:31.519   677   801 W msm8974_platform: init_be_dai_name_table: sound device speaker-protected has no hw interface set
08-03 01:42:31.519   677   801 W msm8974_platform: init_be_dai_name_table: sound device speaker-protected-vbat has no hw interface set
08-03 01:42:31.519   677   801 D msm8974_platform: init_be_dai_name_table: sound device voice-speaker-and-voice-headphones does not have a valid hw interface set (disregard for combo devices) SLIMBUS_0_RX-and-SLIMBUS_6_RX
08-03 01:42:31.519   677   801 D msm8974_platform: init_be_dai_name_table: sound device voice-speaker-and-voice-anc-headphones does not have a valid hw interface set (disregard for combo devices) SLIMBUS_0_RX-and-SLIMBUS_6_RX
08-03 01:42:31.519   677   801 D msm8974_platform: init_be_dai_name_table: sound device voice-speaker-and-voice-anc-fb-headphones does not have a valid hw interface set (disregard for combo devices) SLIMBUS_0_RX-and-SLIMBUS_6_RX
08-03 01:42:31.519   677   801 D msm8974_platform: init_be_dai_name_table: sound device voice-speaker-stereo-and-voice-headphones does not have a valid hw interface set (disregard for combo devices) SLIMBUS_0_RX-and-SLIMBUS_6_RX
08-03 01:42:31.519   677   801 D msm8974_platform: init_be_dai_name_table: sound device voice-speaker-stereo-and-voice-anc-headphones does not have a valid hw interface set (disregard for combo devices) SLIMBUS_0_RX-and-SLIMBUS_6_RX
08-03 01:42:31.519   677   801 D msm8974_platform: init_be_dai_name_table: sound device voice-speaker-stereo-and-voice-anc-fb-headphones does not have a valid hw interface set (disregard for combo devices) SLIMBUS_0_RX-and-SLIMBUS_6_RX
08-03 01:42:31.519   677   801 D msm8974_platform: init_be_dai_name_table: sound device hearing-aid does not have a valid hw interface set (disregard for combo devices) BT_RX
08-03 01:42:31.519   677   801 W msm8974_platform: init_be_dai_name_table: sound device usb-headset-mic has no hw interface set
08-03 01:42:31.519   677   801 I chatty  : uid=1041(audioserver) HwBinder:677_2 identical 13 lines
08-03 01:42:31.519   677   801 W msm8974_platform: init_be_dai_name_table: sound device usb-headset-mic has no hw interface set
08-03 01:42:31.519   677   801 W msm8974_platform: init_be_dai_name_table: sound device handset-6mic has no hw interface set
08-03 01:42:31.519   677   801 W msm8974_platform: init_be_dai_name_table: sound device handset-8mic has no hw interface set
08-03 01:42:31.519   677   801 W msm8974_platform: init_be_dai_name_table: sound device (null) has no hw interface set
08-03 01:42:31.519   677   801 W msm8974_platform: init_be_dai_name_table: sound device (null) has no hw interface set
08-03 01:42:31.519   677   801 W msm8974_platform: init_be_dai_name_table: sound device incall-rec-rx-tx has no hw interface set
08-03 01:42:31.519   677   801 W msm8974_platform: init_be_dai_name_table: sound device ec-ref-loopback has no hw interface set
08-03 01:42:31.519   677   801 W msm8974_platform: init_be_dai_name_table: sound device handset-dmic-and-ec-ref-loopback has no hw interface set
08-03 01:42:31.519   677   801 W msm8974_platform: init_be_dai_name_table: sound device handset-qmic-and-ec-ref-loopback has no hw interface set
08-03 01:42:31.519   677   801 W msm8974_platform: init_be_dai_name_table: sound device handset-6mic-and-ec-ref-loopback has no hw interface set
08-03 01:42:31.519   677   801 W msm8974_platform: init_be_dai_name_table: sound device handset-8mic-and-ec-ref-loopback has no hw interface set
08-03 01:42:31.519   677   801 D audio_hw_extn: audio_extn_can_use_ras: ras.enabled property is set to 0
08-03 01:42:31.519   677   801 D msm8974_platform: platform_init: Fluence_Type(1) max_mic_count(2) mic_type(0x3) fluence_in_voice_call(1) fluence_in_voice_rec(0) fluence_in_spkr_mode(1) fluence_in_hfp_call(0)fluence_sb_enabled(0)
08-03 01:42:31.520   677   801 D a2dp_offload: a2dp_source_init START
08-03 01:42:31.520   677   801 D a2dp_offload: Requesting for BT lib handle
08-03 01:42:31.520     0     0 I init    : Command 'mkdir /config/usb_gadget/g1/functions/acm.gs3' action=boot (/vendor/etc/init/init.castles.usb.rc:11) took 0ms and failed: mkdir() failed: Device or resource busy
08-03 01:42:31.520     0     0 I init    : Service 'exec 16 (/system/bin/gsid run-startup-tasks)' (pid 889) exited with status 0
08-03 01:42:31.520     0     0 I init    : processing action (boot) from (/vendor/etc/init/netmgrd.rc:6)
08-03 01:42:31.522     0     0 I init    : processing action (boot) from (/vendor/etc/init/port-bridge.rc:6)
08-03 01:42:31.523     0     0 I init    : processing action (enable_property_trigger) from (<Builtin Action>:0)
08-03 01:42:31.523     0     0 I init    : processing action (security.perf_harden=1) from (/init.rc:841)
08-03 01:42:31.524     0     0 I init    : processing action (ro.debuggable=1) from (/init.rc:865)
08-03 01:42:31.524     0     0 I init    : processing action (persist.vendor.qcomsysd.enabled=1) from (/vendor/etc/init/hw/init.qcom.rc:450)
08-03 01:42:31.524     0     0 I init    : processing action (persist.vendor.radio.atfwd.start=false) from (/vendor/etc/init/hw/init.qcom.rc:518)
08-03 01:42:31.524     0     0 I init    : processing action (vendor.gpu.available_frequencies=*) from (/vendor/etc/init/hw/init.qcom.rc:1101)
08-03 01:42:31.532   677   801 D a2dp_offload: calling BT module preinit
08-03 01:42:31.532   677   801 E btaudio_offload_qti: is_value_adds_supported: openning the lib libqti_vndfwk_detect.so
08-03 01:42:31.532   677   801 D btaudio_offload_qti: is_value_adds_supported: vendor_info = 3
08-03 01:42:31.532   677   801 D btaudio_offload_qti: is_value_adds_supported: Build is running with QC Value-adds for odm 
08-03 01:42:31.536   677   801 I BTAudioProviderA2dpSoftware: A2dpSoftwareAudioProvider - size of audio buffer 21504 byte(s)
08-03 01:42:31.536   677   801 I BTAudioProviderHearingAid: HearingAidAudioProvider - size of audio buffer 3584 byte(s)
08-03 01:42:31.539   677   801 I ServiceManagement: Registered vendor.qti.hardware.bluetooth_audio@2.0::IBluetoothAudioProvidersFactory/default (start delay of 2721ms)
08-03 01:42:31.539   677   801 I         : Registration complete for vendor.qti.hardware.bluetooth_audio@2.0::IBluetoothAudioProvidersFactory/default.
08-03 01:42:31.539   677   801 I btaudio_offload_qti: bt_audio_pre_init_qti: IBluetoothAudioProvidersFactory registration succeded
08-03 01:42:31.540   677   801 D a2dp_offload: a2dp_set_bit_format: set AFE input bit format = 16
08-03 01:42:31.546   677   801 E a2dp_offload:  ERROR  a2dp decoder format mixer control not identified
08-03 01:42:31.546   677   801 E a2dp_offload:  ERROR  bit format CONFIG data mixer control not identified
08-03 01:42:31.547   677   801 D a2dp_offload:  Open A2DP input start 
08-03 01:42:31.547   677   801 D a2dp_offload:  Requesting for BT lib handle
08-03 01:42:31.547   677   801 E a2dp_offload: open_a2dp_sink: DLOPEN failed for libbthost_if_sink.so
08-03 01:42:31.547   677   801 D a2dp_offload: update_offload_codec_capabilities: A2DP offload supported = 1
08-03 01:42:31.547   677   801 D audio_hw_ssr: ssr_update_enabled: surround sound recording is not supported
08-03 01:42:31.548   677   801 D audio_hw_spkr_prot: spkr_prot_init: Initialize speaker protection module
08-03 01:42:31.549   677   801 D audio_hw_spkr_prot: spkr_vi_channels: vi_channels 1
08-03 01:42:31.549   677   801 D audio_hw_spkr_prot: spkr_vi_channels: tz1: wsatz.11, tz2: wsatz.12
08-03 01:42:31.552   677   801 D audio_hw_spkr_prot:  spkr tz name found, /sys/devices/virtual/thermal/thermal_zone37/type
08-03 01:42:31.553   677   801 E audio_hw_spkr_prot: Sensor wsatz.11 found at tz: 37
08-03 01:42:31.553   636   636 D libEGL  : loaded /vendor/lib64/egl/libEGL_adreno.so
08-03 01:42:31.556  1026  1026 E PerMgrProxy: Starting pm-proxy service
08-03 01:42:31.556   677   801 D audio_hw_spkr_prot:  spkr tz name found, /sys/devices/virtual/thermal/thermal_zone36/type
08-03 01:42:31.556   677   801 E audio_hw_spkr_prot: Sensor wsatz.12 found at tz: 36
08-03 01:42:31.556   677   801 D audio_hw_spkr_prot: spkr_prot_init:WSA Create calibration thread
08-03 01:42:31.556   677   801 D msm8974_platform: platform_get_snd_device_backend_interface: hw_interface set for device HDMI
08-03 01:42:31.556   677  1034 D audio_hw_spkr_prot: spkr_prot_thread enable prot Entry
08-03 01:42:31.557   677  1034 D audio_hw_spkr_prot: set_spkr_prot_cal: quick calibration enabled
08-03 01:42:31.557   677  1034 D audio_hw_spkr_prot: spkr_calibration_thread: wsa speaker idle 14,minimum time 100
08-03 01:42:31.557   677   801 D msm8974_platform: platform_get_mixer_control: mixer ctl not obtained
08-03 01:42:31.557   717   746 D PerMgrSrv: modem state: is off-line, add client PM-PROXY-THREAD
08-03 01:42:31.557   677   801 D msm8974_platform: platform_get_mixer_control: mixer ctl not obtained
08-03 01:42:31.557   717   746 D PerMgrSrv: PM-PROXY-THREAD registered
08-03 01:42:31.558  1026  1026 D PerMgrLib: PM-PROXY-THREAD successfully registered for modem
