08-10 03:13:00.260   681   681 I mm-camera: <IFACE >< INFO> 344: iface_util_find_primary_cid: iface_util_find_primary_cid:344 error cannot find primary sensor format cids 1
08-10 03:13:00.260   681   681 I mm-camera: <ISP   >< INFO> 851: isp_port_check_caps_reserve: port 0xf137d300 ide 3000f type 10 dim 0 0
08-10 03:13:00.260   681   681 I mm-camera: <PPROC >< INFO> 449: pproc_port_add_modules_to_stream: in identity 3000f stream 10 int_link = 0xf0b81b80
08-10 03:13:00.260   681   681 I mm-camera: <PPROC >< INFO> 461: pproc_port_add_modules_to_stream: :LINK linking mods tmod and paaf for identity 3000f
08-10 03:13:00.261   681   681 I mm-camera: <PPROC >< INFO> 461: pproc_port_add_modules_to_stream: :LINK linking mods paaf and sat for identity 3000f
08-10 03:13:00.261   681   681 I mm-camera: <PPROC >< INFO> 461: pproc_port_add_modules_to_stream: :LINK linking mods sat and c2d for identity 3000f
08-10 03:13:00.261   681   681 I mm-camera: <C2D   >< INFO> 1557: c2d_module_notify_add_stream: width 0, height 0, stride 0, scanline 0, is_type 0
08-10 03:13:00.261   681   681 I mm-camera: <PPROC >< INFO> 461: pproc_port_add_modules_to_stream: :LINK linking mods c2d and cpp for identity 3000f
08-10 03:13:00.261   681   681 I mm-camera: <CPP   >< INFO> 2538: cpp_module_notify_add_stream: :stream 10, width 0, height 0, stride 0,scanline 0, framelen 0
08-10 03:13:00.261   681   681 I mm-camera: <CPP   >< INFO> 2695: cpp_module_notify_add_stream: : stream 10, fmt 1, asf_mode 0, sharpness_level 0.000000,asf mask 0, denoise 0, denoise_mask 0, dsdn mask 0,dsdn enable 0, tnr mask 0, tnr enable 0, ds_mask 0, luma dsdn 0
08-10 03:13:00.261   681   681 I mm-camera: <PPROC >< INFO> 461: pproc_port_add_modules_to_stream: :LINK linking mods cpp and depth_map for identity 3000f
08-10 03:13:00.261   681   681 I mm-camera: <PPROC >< INFO> 461: pproc_port_add_modules_to_stream: :LINK linking mods depth_map and ezt for identity 3000f
08-10 03:13:00.261   681   681 I mm-camera: <PPROC >< INFO> 461: pproc_port_add_modules_to_stream: :LINK linking mods ezt and quadracfa for identity 3000f
08-10 03:13:00.262   681   681 E mm-camera: <STATS ><ERROR> 3027: stats_port_check_caps_reserve: Invalid Port capability type!
08-10 03:13:00.262   681   681 I chatty  : uid=1047(cameraserver) provider@2.4-se identical 3 lines
08-10 03:13:00.262   681   681 E mm-camera: <STATS ><ERROR> 3027: stats_port_check_caps_reserve: Invalid Port capability type!
08-10 03:13:00.263   681   681 I mm-camera: <MCT   >< INFO> 5304: mct_pipeline_start_stream_internal: Session stream linked successfully session 3
08-10 03:13:00.266   681  1160 E mm-camera: <IMGLIB><ERROR> 322: module_depth_map_handle_ctrl_parm: E
08-10 03:13:00.266   681  1160 E mm-camera: <IMGLIB><ERROR> 430: module_depth_map_set_config_param: X
08-10 03:13:00.266   681  1160 E mm-camera: <IMGLIB><ERROR> 254: module_depth_map_send_config_data: CAM_STREAM_TYPE_DEPTH not set !!
08-10 03:13:00.266   681  1160 E mm-camera: <IMGLIB><ERROR> 369: module_depth_map_handle_ctrl_parm: Error module_depth_map_send_config_data
08-10 03:13:00.266   681  1160 E mm-camera: <IMGLIB><ERROR> 373: module_depth_map_handle_ctrl_parm: X
08-10 03:13:00.266   681  1160 E mm-camera: <IMGLIB><ERROR> 880: module_imgbase_process_param: [depth_map] handle_ctrl_parm error : type=10, rc=-5
08-10 03:13:00.266   681  1160 I mm-camera: <IFACE >< INFO> 6274: iface_util_set_dis_enable_flag: iface_util_set_dis_enable_flag:6274 DIS enable flag = 0
08-10 03:13:00.266   681  1160 E mm-camera: <SENSOR><ERROR> 5338: module_sensor_event_control_set_parm: func_tbl for submodule 4 is NULL
08-10 03:13:00.270   681   681 I Thermal-Lib: Thermal-Lib-Client: Registration successful for camera with handle:1
08-10 03:13:00.270   681   681 I Thermal-Lib: Thermal-Lib-Client: Registration successful for camcorder with handle:2
08-10 03:13:00.270   681   681 I QCamera : <HAL><INFO> openCamera: 1931: [KPI Perf]: X PROFILE_OPEN_CAMERA camera id 0, rc: 0
08-10 03:13:00.270   681   681 I QCamera : <HAL><INFO> close_camera_device: 1530: [KPI Perf]: E camera id 0
08-10 03:13:00.270   910   995 I ThermalEngine: Thermal-Server: Adding thermal event listener on fd 36
08-10 03:13:00.271   681  1186 I Thermal-Lib: Thermal-Lib-Client: Client received msg camera 0
08-10 03:13:00.271   681  1186 I Thermal-Lib: Thermal-Lib-Client: Client received msg camcorder 0
08-10 03:13:00.271   681  1160 E mm-camera: <IMGLIB><ERROR> 322: module_depth_map_handle_ctrl_parm: E
08-10 03:13:00.271   681  1160 E mm-camera: <IMGLIB><ERROR> 430: module_depth_map_set_config_param: X
08-10 03:13:00.271   681  1160 E mm-camera: <IMGLIB><ERROR> 254: module_depth_map_send_config_data: CAM_STREAM_TYPE_DEPTH not set !!
08-10 03:13:00.271   681  1160 E mm-camera: <IMGLIB><ERROR> 369: module_depth_map_handle_ctrl_parm: Error module_depth_map_send_config_data
08-10 03:13:00.272   681  1160 E mm-camera: <IMGLIB><ERROR> 373: module_depth_map_handle_ctrl_parm: X
08-10 03:13:00.272   681  1160 E mm-camera: <IMGLIB><ERROR> 880: module_imgbase_process_param: [depth_map] handle_ctrl_parm error : type=10, rc=-5
08-10 03:13:00.272   681  1160 E mm-camera: <IMGLIB><ERROR> 322: module_depth_map_handle_ctrl_parm: E
08-10 03:13:00.272   681  1160 E mm-camera: <IMGLIB><ERROR> 430: module_depth_map_set_config_param: X
08-10 03:13:00.272   681  1160 E mm-camera: <IMGLIB><ERROR> 254: module_depth_map_send_config_data: CAM_STREAM_TYPE_DEPTH not set !!
08-10 03:13:00.272   681  1160 E mm-camera: <IMGLIB><ERROR> 369: module_depth_map_handle_ctrl_parm: Error module_depth_map_send_config_data
08-10 03:13:00.272   681  1160 E mm-camera: <IMGLIB><ERROR> 373: module_depth_map_handle_ctrl_parm: X
08-10 03:13:00.272   681  1160 E mm-camera: <IMGLIB><ERROR> 880: module_imgbase_process_param: [depth_map] handle_ctrl_parm error : type=10, rc=-5
08-10 03:13:00.273   681   681 E QCamera : <HAL><ERROR> acquirePerfLock: 614: Failed to acquire the perf lock
08-10 03:13:00.273   681   681 I QCamera : <HAL><INFO> closeCamera: 2333: E
08-10 03:13:00.273   681   681 I QCamera : <HAL><INFO> closeCamera: 2338: [KPI Perf]: E PROFILE_CLOSE_CAMERA camera id 0
08-10 03:13:00.273   681  1160 I mm-camera: <ISP   >< INFO> 7159: isp_util_print_meta_stream_info: Deallocate resources
08-10 03:13:00.273   681  1160 I mm-camera: <ISP   >< INFO> 7490: isp_util_handle_stream_info: streams_desc num_streams is 0 
08-10 03:13:00.273   681  1160 I mm-camera: <IFACE >< INFO> 6384: iface_util_handle_meta_stream_info: iface_util_handle_meta_stream_info: ms_type 0 num streams 0
08-10 03:13:00.273   681  1094 E mm-camera: <IMGLIB><ERROR> 297: AllocateBuffers: Invalid dimensions 0x0
08-10 03:13:00.273   681  1094 E mm-camera: <IMGLIB><ERROR> 197: img_algo_preload: Preload: Failed to allocate buffer, rc -4
08-10 03:13:00.273   681  1094 E mm-camera: <IMGLIB><ERROR> 127: module_imgbase_client_preload_exec: IMG_CORE_PRELOAD failed -4
08-10 03:13:00.274   681   681 I Thermal-Lib: thermal_bandwidth_client_cancel_request: Removing all bw request for camera_bw
08-10 03:13:00.274   681   681 I Thermal-Lib: Thermal-Lib-Client: Unregisteration is successfull for handle:1
08-10 03:13:00.274   910   995 I ThermalEngine: Thermal-Server: removing client on fd 36
08-10 03:13:00.275   681   681 I Thermal-Lib: Thermal-Lib-Client: Unregisteration is successfull for handle:2
08-10 03:13:00.275   681   681 I mm-camera: <MCT   >< INFO> 310: mct_controller_destroy: Initiating destroy sequence for session = 3
08-10 03:13:00.276   681   681 I mm-camera: <MCT   >< INFO> 328: mct_controller_destroy: serv_thread closed
08-10 03:13:00.276   681   681 I mm-camera: <MCT   >< INFO> 343: mct_controller_destroy: bus_handler thread closed
08-10 03:13:00.276   681   681 I mm-camera: <MCT   >< INFO> 5404: mct_pipeline_stop_session: Initiating stop_session on session 3
08-10 03:13:00.276   681   681 I mm-camera: <MCT   >< INFO> 4288: mct_pipeline_process_set: command=800000b
08-10 03:13:00.276   681   681 I mm-camera: <MCT   >< INFO> 4533: mct_pipeline_process_set: Issuing DEL_STREAM on stream 0x3000f and stream type=10
08-10 03:13:00.284     0     0 I msm_cci_init: 1440: hw_version = 0x10060000
08-10 03:13:00.284     0     0 I         : @@@ original_sid = 0x10, valid_flag = 0x01, eeprom_version = 0x01, checksum = 0x03
08-10 03:13:00.285     0     0 I         : @@@ rc = 0, camera_sid = 0x10, eeprom_reg_addr = 0x03 , eeprom_reg_value = 0x32
08-10 03:13:00.285     0     0 I         : @@@ rc = 0, camera_sid = 0x10, eeprom_reg_addr = 0x04 , eeprom_reg_value = 0x30
08-10 03:13:00.285     0     0 I         : @@@ rc = 0, camera_sid = 0x10, eeprom_reg_addr = 0x05 , eeprom_reg_value = 0x32
08-10 03:13:00.285     0     0 I         : @@@ rc = 0, camera_sid = 0x10, eeprom_reg_addr = 0x06 , eeprom_reg_value = 0x30
08-10 03:13:00.285     0     0 I         : @@@ rc = 0, camera_sid = 0x10, eeprom_reg_addr = 0x07 , eeprom_reg_value = 0x30
08-10 03:13:00.285     0     0 I         : @@@ rc = 0, camera_sid = 0x10, eeprom_reg_addr = 0x08 , eeprom_reg_value = 0x39
08-10 03:13:00.286     0     0 I         : @@@ rc = 0, camera_sid = 0x10, eeprom_reg_addr = 0x09 , eeprom_reg_value = 0x30
08-10 03:13:00.286     0     0 I         : @@@ rc = 0, camera_sid = 0x10, eeprom_reg_addr = 0x0a , eeprom_reg_value = 0x36
08-10 03:13:00.286     0     0 I         : @@@ rc = 0, camera_sid = 0x10, eeprom_reg_addr = 0x0b , eeprom_reg_value = 0x31
08-10 03:13:00.286     0     0 I         : @@@ rc = 0, camera_sid = 0x10, eeprom_reg_addr = 0x0c , eeprom_reg_value = 0x33
08-10 03:13:00.313   959  1008 I ServiceManager: Waiting for service 'package_native' on '/dev/binder'...
08-10 03:13:00.347   637   637 D TelephonyManager: No /proc/cmdline exception=java.io.FileNotFoundException: /proc/cmdline: open failed: EACCES (Permission denied)
08-10 03:13:00.348   637   637 D TelephonyManager: /proc/cmdline=
08-10 03:13:00.352   637   637 W Zygote  : Class not found for preloading: android.view.-$$Lambda$SurfaceView$Cs7TGTdA1lXf9qW8VOJAfEsMjdk
08-10 03:13:00.356   727   727 D RenderEngine: shader cache generated - 48 shaders in 448.054047 ms
08-10 03:13:00.357   727   727 E SurfaceFlinger: Unable to get composer extension
08-10 03:13:00.358   681  1163 E mm-camera: <SENSOR><ERROR> ov8856_gt24p64b_get_calibration_items: 30: is_insensor:0, is_afc:1, is_wbc:1, is_lsc:1, is_dpc:0, is_ois:0, is_dual:0
08-10 03:13:00.358   681  1163 E mm-camera: <SENSOR><ERROR> 247: module_sensor_offload_init_config: func_tbl for submodule 4 is NULL
08-10 03:13:00.358   681  1163 E mm-camera: <SENSOR><ERROR> 249: module_sensor_offload_init_config: failed to get led off frame skip time
08-10 03:13:00.358   727   727 I ServiceManagement: Registered android.frameworks.displayservice@1.0::IDisplayService/default (start delay of 2050ms)
08-10 03:13:00.359   727   727 D SurfaceFlinger: Setting power mode 2 on display 0
08-10 03:13:00.359   687   810 I SDM     : DisplayBase::SetDisplayState: Set state = 1, display 0
08-10 03:13:00.359     0     0 I         : stand_access,stand is absent.
08-10 03:13:00.359     0     0 I set done: ret 253, rerult 0xff , ret_vallen 0x0, ret_get_ver 0x00 .
08-10 03:13:00.359     0     0 I pdev_fb_notifier_callback: ret 253, value_out 0x0.
08-10 03:13:00.360   727   727 D SurfaceFlinger: Finished setting power mode 2 on display 0
08-10 03:13:00.360   637   637 W Zygote  : Class not found for preloading: android.view.SurfaceView$3
08-10 03:13:00.362   637   637 W Zygote  : Class not found for preloading: android.view.textclassifier.-$$Lambda$TextClassificationManager$JIaezIJbMig_-kVzN6oArzkTsJE
08-10 03:13:00.364   681   681 I mm-camera: <IFACE >< INFO> 700: iface_unreserve_sink_port: stream_id f mode 0 
08-10 03:13:00.364   681   681 I mm-camera: <ISP   >< INFO> 941: isp_port_check_caps_unreserve: ide 3000f port 0xf137d300
08-10 03:13:00.365   681   681 I mm-camera: <MCT   >< INFO> 4556: mct_pipeline_process_set: Stream 0x3000f and stream type=10, successfully deleted
08-10 03:13:00.366   681  1188 I mm-camera: <MCT   >< INFO> 5138: mct_pipeline_stop_session_thread: Stop module name: sensor - E
08-10 03:13:00.366   681  1189 I mm-camera: <MCT   >< INFO> 5138: mct_pipeline_stop_session_thread: Stop module name: iface - E
08-10 03:13:00.366   681  1190 I mm-camera: <MCT   >< INFO> 5138: mct_pipeline_stop_session_thread: Stop module name: isp - E
08-10 03:13:00.366   681  1190 I mm-camera: <ISP   >< INFO> 510: isp_module_stop_session: session id 3
08-10 03:13:00.366   681  1191 I mm-camera: <MCT   >< INFO> 5138: mct_pipeline_stop_session_thread: Stop module name: stats - E
08-10 03:13:00.366   681  1188 I mm-camera: <MCT   >< INFO> 5146: mct_pipeline_stop_session_thread: Stop module name: sensor - X
08-10 03:13:00.367   681  1189 I mm-camera: <MCT   >< INFO> 5146: mct_pipeline_stop_session_thread: Stop module name: iface - X
08-10 03:13:00.367   681  1192 I mm-camera: <MCT   >< INFO> 5138: mct_pipeline_stop_session_thread: Stop module name: pproc - E
08-10 03:13:00.368   681  1190 I mm-camera: <MCT   >< INFO> 5146: mct_pipeline_stop_session_thread: Stop module name: isp - X
08-10 03:13:00.369     0     0 I MSM-CPP cpp_release_hardware: 1216 cpp hw release done
08-10 03:13:00.370   681  1193 I mm-camera: <MCT   >< INFO> 5138: mct_pipeline_stop_session_thread: Stop module name: imglib - E
08-10 03:13:00.370   681   681 I mm-camera: <MCT   >< INFO> 5426: mct_pipeline_stop_session: Modules left: 5
08-10 03:13:00.370   681   681 I mm-camera: <MCT   >< INFO> 5426: mct_pipeline_stop_session: Modules left: 4
08-10 03:13:00.370   681   681 I mm-camera: <MCT   >< INFO> 5426: mct_pipeline_stop_session: Modules left: 3
08-10 03:13:00.371   681  1192 E mm-camera: <IMGLIB><ERROR> 328: AllocateBuffers: Nothing allocated or already freed!
08-10 03:13:00.371   681  1192 I mm-camera: <MCT   >< INFO> 5146: mct_pipeline_stop_session_thread: Stop module name: pproc - X
08-10 03:13:00.371   681   681 I mm-camera: <MCT   >< INFO> 5426: mct_pipeline_stop_session: Modules left: 2
08-10 03:13:00.371   681  1193 I mm-camera: <MCT   >< INFO> 5146: mct_pipeline_stop_session_thread: Stop module name: imglib - X
08-10 03:13:00.371   681   681 I mm-camera: <MCT   >< INFO> 5426: mct_pipeline_stop_session: Modules left: 1
08-10 03:13:00.373   681  1191 I mm-camera: <MCT   >< INFO> 5146: mct_pipeline_stop_session_thread: Stop module name: stats - X
08-10 03:13:00.373   681   681 I mm-camera: <MCT   >< INFO> 5426: mct_pipeline_stop_session: Modules left: 0
08-10 03:13:00.373   681   681 I mm-camera: <MCT   >< INFO> 5436: mct_pipeline_stop_session: Stopped session 3 successfully
08-10 03:13:00.373   681   681 I mm-camera: <MCT   >< INFO> 5740: mct_pipeline_destroy: E: session:3
08-10 03:13:00.373   681   681 E mm-camera: <MCT   ><ERROR> 179: stop_sof_check_thread: Returning as SOF timer thread not yet initialized
08-10 03:13:00.373   681   681 I mm-camera: <MCT   >< INFO> 5818: mct_pipeline_destroy: X: Pipeline destroyed successfully session =3
08-10 03:13:00.373   681   681 I mm-camera: <MCT   >< INFO> 422: mct_controller_destroy: X Successfully closed mct_controller session 3
08-10 03:13:00.374   637   637 W Zygote  : Class not found for preloading: com.android.internal.net.NetworkStatsFactory
08-10 03:13:00.374     0     0 I msm_pm_qos_update_request: update request -1
08-10 03:13:00.374     0     0 I msm_pm_qos_add_request: add request
08-10 03:13:00.375   681   681 I QCamera : <HAL><INFO> closeCamera: 2409: [KPI Perf]: X PROFILE_CLOSE_CAMERA camera id 0, rc: 0
08-10 03:13:00.375   681   681 I QCamera : <HAL><INFO> close_camera_device: 1548: [KPI Perf]: X
08-10 03:13:00.377   681   681 I ServiceManagement: Registered android.hardware.camera.provider@2.4::ICameraProvider/legacy/0 (start delay of 2218ms)
08-10 03:13:00.377   681   681 I ServiceManagement: Removing namespace from process name android.hardware.camera.provider@2.4-service to provider@2.4-service.
08-10 03:13:00.378   921   921 I CameraProviderManager: Connecting to new camera provider: legacy/0, isRemote? 1
08-10 03:13:00.379   921   921 I CameraProviderManager: Enumerating new camera device: device@1.0/legacy/0
08-10 03:13:00.379   681  1159 E QCamera2Factory: get_number_of_cameras num of cameras: 1
08-10 03:13:00.379   681   681 I android.hardware.camera.provider@2.4-service: Registration complete for android.hardware.camera.provider@2.4::ICameraProvider/legacy/0.
08-10 03:13:00.379   681  1159 I CamComm1.0-CamModule: isOpenLegacyDefined: cts Enable == 0 
08-10 03:13:00.380   681  1159 I CamDev@1.0-impl: Opening camera 0
08-10 03:13:00.380   681  1159 I QCamera : <HAL><INFO> openLegacy: 520: openLegacy halVersion: 256 cameraId = 0
08-10 03:13:00.382   681  1159 I QCamera : <HAL><INFO> openCamera: 1901: [KPI Perf]: E PROFILE_OPEN_CAMERA camera id 0
08-10 03:13:00.382   681  1159 E QCamera : <HAL><ERROR> acquirePerfLock: 614: Failed to acquire the perf lock
08-10 03:13:00.382   681  1159 D QCamera : Debug log file is not enabled
08-10 03:13:00.383     0     0 I msm_pm_qos_update_request: update request 100
08-10 03:13:00.383     0     0 I msm_pm_qos_add_request: add request
08-10 03:13:00.383   681  1159 I mm-camera: <MCT   >< INFO> 118: mct_controller_new: Creating new mct_controller with session-id 3
08-10 03:13:00.383   637   637 W Zygote  : Class not found for preloading: com.android.internal.telephony.-$$Lambda$PhoneSubInfoController$8HFbCDJDN1mrLJG980qYH5MGqMk
08-10 03:13:00.383   637   637 W Zygote  : Class not found for preloading: com.android.internal.telephony.-$$Lambda$PhoneSubInfoController$U28a_EGx2cvmQhDfRRgonMt5Zrc
08-10 03:13:00.383   637   637 W Zygote  : Class not found for preloading: com.android.internal.telephony.-$$Lambda$SubscriptionInfoUpdater$-zZXM9oMRZ3vZz7dJOG19J00Bmw
08-10 03:13:00.383   637   637 W Zygote  : Class not found for preloading: com.android.internal.telephony.-$$Lambda$SubscriptionInfoUpdater$D5yF1HbS4cvCyoAj3FESkPtA_0g
08-10 03:13:00.383   637   637 W Zygote  : Class not found for preloading: com.android.internal.telephony.-$$Lambda$SubscriptionInfoUpdater$MMx9iQX0JVqqMPLTUZhdBubFSzU
08-10 03:13:00.383   681  1198 I mm-camera: <MCT   >< INFO> 5326: mct_pipeline_start_session_thread: E sensor
08-10 03:13:00.383   681  1198 I mm-camera: <MCT   >< INFO> 5333: mct_pipeline_start_session_thread: Calling start_session on Module sensor
08-10 03:13:00.384   681  1200 I mm-camera: <MCT   >< INFO> 5326: mct_pipeline_start_session_thread: E iface
08-10 03:13:00.384   681  1200 I mm-camera: <MCT   >< INFO> 5333: mct_pipeline_start_session_thread: Calling start_session on Module iface
08-10 03:13:00.384   681  1201 I mm-camera: <MCT   >< INFO> 5326: mct_pipeline_start_session_thread: E isp
08-10 03:13:00.384   681  1201 I mm-camera: <MCT   >< INFO> 5333: mct_pipeline_start_session_thread: Calling start_session on Module isp
08-10 03:13:00.384   681  1201 I mm-camera: <ISP   >< INFO> 214: isp_module_start_session: session id 3 
08-10 03:13:00.384   681  1200 I mm-camera: <MCT   >< INFO> 5336: mct_pipeline_start_session_thread: Module iface start_session rc = 1
08-10 03:13:00.384   681  1200 I mm-camera: <MCT   >< INFO> 5344: mct_pipeline_start_session_thread: started_num = 1, success = 1
08-10 03:13:00.384   681  1200 I mm-camera: <MCT   >< INFO> 5351: mct_pipeline_start_session_thread: X iface
08-10 03:13:00.384   681  1203 I mm-camera: <MCT   >< INFO> 5326: mct_pipeline_start_session_thread: E stats
08-10 03:13:00.384   681  1203 I mm-camera: <MCT   >< INFO> 5333: mct_pipeline_start_session_thread: Calling start_session on Module stats
08-10 03:13:00.385   681  1205 I mm-camera: <MCT   >< INFO> 5326: mct_pipeline_start_session_thread: E pproc
08-10 03:13:00.385   681  1205 I mm-camera: <MCT   >< INFO> 5333: mct_pipeline_start_session_thread: Calling start_session on Module pproc
08-10 03:13:00.385   681  1207 I mm-camera: <MCT   >< INFO> 5326: mct_pipeline_start_session_thread: E imglib
08-10 03:13:00.386   681  1201 I mm-camera: <MCT   >< INFO> 5336: mct_pipeline_start_session_thread: Module isp start_session rc = 1
08-10 03:13:00.386   681  1201 I mm-camera: <MCT   >< INFO> 5344: mct_pipeline_start_session_thread: started_num = 2, success = 2
08-10 03:13:00.386   681  1201 I mm-camera: <MCT   >< INFO> 5351: mct_pipeline_start_session_thread: X isp
08-10 03:13:00.386   681  1207 I mm-camera: <MCT   >< INFO> 5333: mct_pipeline_start_session_thread: Calling start_session on Module imglib
08-10 03:13:00.386   681  1207 I mm-camera: <MCT   >< INFO> 5336: mct_pipeline_start_session_thread: Module imglib start_session rc = 1
08-10 03:13:00.386   681  1207 I mm-camera: <MCT   >< INFO> 5344: mct_pipeline_start_session_thread: started_num = 3, success = 3
08-10 03:13:00.386   681  1207 I mm-camera: <MCT   >< INFO> 5351: mct_pipeline_start_session_thread: X imglib
08-10 03:13:00.386   681  1205 I mm-camera: <MCT   >< INFO> 5336: mct_pipeline_start_session_thread: Module pproc start_session rc = 1
08-10 03:13:00.386   681  1205 I mm-camera: <MCT   >< INFO> 5344: mct_pipeline_start_session_thread: started_num = 4, success = 4
08-10 03:13:00.386   681  1205 I mm-camera: <MCT   >< INFO> 5351: mct_pipeline_start_session_thread: X pproc
08-10 03:13:00.387   681  1203 I mm-camera: <MCT   >< INFO> 5336: mct_pipeline_start_session_thread: Module stats start_session rc = 1
08-10 03:13:00.387   681  1203 I mm-camera: <MCT   >< INFO> 5344: mct_pipeline_start_session_thread: started_num = 5, success = 5
08-10 03:13:00.387   681  1203 I mm-camera: <MCT   >< INFO> 5351: mct_pipeline_start_session_thread: X stats
08-10 03:13:00.388     0     0 I MSM-CPP cpp_init_hardware: 1135 CPP HW Version: 0x60010002
08-10 03:13:00.388     0     0 E MSM-CPP cpp_init_hardware: 1153 stream_cnt:0
08-10 03:13:00.389   637   637 W Zygote  : Class not found for preloading: com.android.internal.telephony.GsmCdmaPhone$3
08-10 03:13:00.390   637   637 W Zygote  : Class not found for preloading: com.android.internal.telephony.NewNitzStateMachine$1
08-10 03:13:00.390   637   637 W Zygote  : Class not found for preloading: com.android.internal.telephony.NewNitzStateMachine
08-10 03:13:00.390   637   637 W Zygote  : Class not found for preloading: com.android.internal.telephony.NewTimeServiceHelper$1
08-10 03:13:00.390   637   637 W Zygote  : Class not found for preloading: com.android.internal.telephony.NewTimeServiceHelper$Listener
08-10 03:13:00.390   637   637 W Zygote  : Class not found for preloading: com.android.internal.telephony.NewTimeServiceHelper
08-10 03:13:00.391   637   637 W Zygote  : Class not found for preloading: com.android.internal.telephony.PhoneConfigurationModels
08-10 03:13:00.392   637   637 W Zygote  : Class not found for preloading: com.android.internal.telephony.SubscriptionController$ScLocalLog
08-10 03:13:00.393   637   637 W Zygote  : Class not found for preloading: com.android.internal.telephony.UiccSmsController
08-10 03:13:00.394   637   637 W Zygote  : Class not found for preloading: com.android.internal.telephony.dataconnection.DcController$2
08-10 03:13:00.399   637   637 W Zygote  : Class not found for preloading: com.android.internal.telephony.imsphone.-$$Lambda$ImsPhoneCallTracker$QlPVd_3u4_verjHUDnkn6zaSe54
08-10 03:13:00.399   637   637 W Zygote  : Class not found for preloading: com.android.internal.telephony.imsphone.ImsPhone$3
08-10 03:13:00.412     0     0 I msm_csid_init: CSID_VERSION = 0x30050000
08-10 03:13:00.413     0     0 E         : msm_csid_irq CSID0_IRQ_STATUS_ADDR = 0x800
08-10 03:13:00.413   959  1008 I ServiceManager: Waiting for service 'package_native' on '/dev/binder'...
08-10 03:13:00.419   954   954 I statsd  : Statsd starts to listen to socket.
08-10 03:13:00.421   681  1198 I mm-camera: <MCT   >< INFO> 5336: mct_pipeline_start_session_thread: Module sensor start_session rc = 1
08-10 03:13:00.421   681  1198 I mm-camera: <MCT   >< INFO> 5344: mct_pipeline_start_session_thread: started_num = 6, success = 6
08-10 03:13:00.421   681  1198 I mm-camera: <MCT   >< INFO> 5351: mct_pipeline_start_session_thread: X sensor
08-10 03:13:00.427   681  1159 I mm-camera: <MCT   >< INFO> 5247: mct_pipeline_start_stream_internal: Adding session stream streamid= 0xf for session=3
08-10 03:13:00.427   681  1159 I mm-camera: <MCT   >< INFO> 5295: mct_pipeline_start_stream_internal: Linking session stream for session 3
08-10 03:13:00.427   681  1159 I mm-camera: <MCT   >< INFO> 526: mct_stream_start_link: Start linking Session-stream 0x3000f
08-10 03:13:00.427   681  1159 I mm-camera: <IFACE >< INFO> 344: iface_util_find_primary_cid: iface_util_find_primary_cid:344 error cannot find primary sensor format cids 1
08-10 03:13:00.427   681  1159 I mm-camera: <ISP   >< INFO> 851: isp_port_check_caps_reserve: port 0xf137d300 ide 3000f type 10 dim 0 0
08-10 03:13:00.427   681  1159 I mm-camera: <PPROC >< INFO> 449: pproc_port_add_modules_to_stream: in identity 3000f stream 10 int_link = 0xf0b81b80
08-10 03:13:00.427   681  1159 I mm-camera: <PPROC >< INFO> 461: pproc_port_add_modules_to_stream: :LINK linking mods tmod and paaf for identity 3000f
08-10 03:13:00.428   681  1159 I mm-camera: <PPROC >< INFO> 461: pproc_port_add_modules_to_stream: :LINK linking mods paaf and sat for identity 3000f
08-10 03:13:00.428   681  1159 I mm-camera: <PPROC >< INFO> 461: pproc_port_add_modules_to_stream: :LINK linking mods sat and c2d for identity 3000f
08-10 03:13:00.428   681  1159 I mm-camera: <C2D   >< INFO> 1557: c2d_module_notify_add_stream: width 0, height 0, stride 0, scanline 0, is_type 0
08-10 03:13:00.428   681  1159 I mm-camera: <PPROC >< INFO> 461: pproc_port_add_modules_to_stream: :LINK linking mods c2d and cpp for identity 3000f
08-10 03:13:00.428   681  1159 I mm-camera: <CPP   >< INFO> 2538: cpp_module_notify_add_stream: :stream 10, width 0, height 0, stride 0,scanline 0, framelen 0
08-10 03:13:00.428   681  1159 I mm-camera: <CPP   >< INFO> 2695: cpp_module_notify_add_stream: : stream 10, fmt 1, asf_mode 0, sharpness_level 0.000000,asf mask 0, denoise 0, denoise_mask 0, dsdn mask 0,dsdn enable 0, tnr mask 0, tnr enable 0, ds_mask 0, luma dsdn 0
08-10 03:13:00.428   681  1159 I mm-camera: <PPROC >< INFO> 461: pproc_port_add_modules_to_stream: :LINK linking mods cpp and depth_map for identity 3000f
08-10 03:13:00.428   681  1159 I mm-camera: <PPROC >< INFO> 461: pproc_port_add_modules_to_stream: :LINK linking mods depth_map and ezt for identity 3000f
08-10 03:13:00.428   681  1159 I mm-camera: <PPROC >< INFO> 461: pproc_port_add_modules_to_stream: :LINK linking mods ezt and quadracfa for identity 3000f
08-10 03:13:00.429   681  1159 E mm-camera: <STATS ><ERROR> 3027: stats_port_check_caps_reserve: Invalid Port capability type!
08-10 03:13:00.429   681  1159 I chatty  : uid=1047(cameraserver) HwBinder:681_2 identical 3 lines
08-10 03:13:00.429   681  1159 E mm-camera: <STATS ><ERROR> 3027: stats_port_check_caps_reserve: Invalid Port capability type!
08-10 03:13:00.430   681  1159 I mm-camera: <MCT   >< INFO> 5304: mct_pipeline_start_stream_internal: Session stream linked successfully session 3
08-10 03:13:00.431   681  1159 I Thermal-Lib: Thermal-Lib-Client: Registration successful for camera with handle:1
08-10 03:13:00.431   681  1159 I Thermal-Lib: Thermal-Lib-Client: Registration successful for camcorder with handle:2
08-10 03:13:00.431   681  1159 I QCamera : <HAL><INFO> openCamera: 1931: [KPI Perf]: X PROFILE_OPEN_CAMERA camera id 0, rc: 0
08-10 03:13:00.431   681  1159 I CamDev@1.0-impl: could not cast ICameraDeviceCallback to IQCameraDeviceCallback
08-10 03:13:00.432   910   995 I ThermalEngine: Thermal-Server: Adding thermal event listener on fd 36
08-10 03:13:00.432   681  1221 I Thermal-Lib: Thermal-Lib-Client: Client received msg camera 0
08-10 03:13:00.432   681  1221 I Thermal-Lib: Thermal-Lib-Client: Client received msg camcorder 0
08-10 03:13:00.433   681  1196 E mm-camera: <IMGLIB><ERROR> 322: module_depth_map_handle_ctrl_parm: E
08-10 03:13:00.433   681  1196 E mm-camera: <IMGLIB><ERROR> 430: module_depth_map_set_config_param: X
08-10 03:13:00.433   681  1196 E mm-camera: <IMGLIB><ERROR> 254: module_depth_map_send_config_data: CAM_STREAM_TYPE_DEPTH not set !!
08-10 03:13:00.433   681  1196 E mm-camera: <IMGLIB><ERROR> 369: module_depth_map_handle_ctrl_parm: Error module_depth_map_send_config_data
08-10 03:13:00.433   637   637 I Zygote  : ...preloaded 7579 classes in 1335ms.
08-10 03:13:00.433   681  1196 E mm-camera: <IMGLIB><ERROR> 373: module_depth_map_handle_ctrl_parm: X
08-10 03:13:00.433   681  1196 E mm-camera: <IMGLIB><ERROR> 880: module_imgbase_process_param: [depth_map] handle_ctrl_parm error : type=10, rc=-5
08-10 03:13:00.433   637   637 I zygote64: VMRuntime.preloadDexCaches starting
08-10 03:13:00.433   681  1196 I mm-camera: <IFACE >< INFO> 6274: iface_util_set_dis_enable_flag: iface_util_set_dis_enable_flag:6274 DIS enable flag = 0
08-10 03:13:00.434   681  1196 E mm-camera: <SENSOR><ERROR> 5338: module_sensor_event_control_set_parm: func_tbl for submodule 4 is NULL
08-10 03:13:00.436   681  1196 E mm-camera: <IMGLIB><ERROR> 322: module_depth_map_handle_ctrl_parm: E
08-10 03:13:00.436   681  1196 E mm-camera: <IMGLIB><ERROR> 430: module_depth_map_set_config_param: X
08-10 03:13:00.436   681  1196 E mm-camera: <IMGLIB><ERROR> 254: module_depth_map_send_config_data: CAM_STREAM_TYPE_DEPTH not set !!
08-10 03:13:00.436   681  1196 E mm-camera: <IMGLIB><ERROR> 369: module_depth_map_handle_ctrl_parm: Error module_depth_map_send_config_data
08-10 03:13:00.436   681  1196 E mm-camera: <IMGLIB><ERROR> 373: module_depth_map_handle_ctrl_parm: X
08-10 03:13:00.436   681  1196 E mm-camera: <IMGLIB><ERROR> 880: module_imgbase_process_param: [depth_map] handle_ctrl_parm error : type=10, rc=-5
08-10 03:13:00.436   681  1196 E mm-camera: <IMGLIB><ERROR> 322: module_depth_map_handle_ctrl_parm: E
08-10 03:13:00.436   681  1196 E mm-camera: <IMGLIB><ERROR> 430: module_depth_map_set_config_param: X
08-10 03:13:00.436   681  1196 E mm-camera: <IMGLIB><ERROR> 254: module_depth_map_send_config_data: CAM_STREAM_TYPE_DEPTH not set !!
08-10 03:13:00.436   681  1196 E mm-camera: <IMGLIB><ERROR> 369: module_depth_map_handle_ctrl_parm: Error module_depth_map_send_config_data
08-10 03:13:00.436   681  1196 E mm-camera: <IMGLIB><ERROR> 373: module_depth_map_handle_ctrl_parm: X
08-10 03:13:00.436   681  1196 E mm-camera: <IMGLIB><ERROR> 880: module_imgbase_process_param: [depth_map] handle_ctrl_parm error : type=10, rc=-5
08-10 03:13:00.437   681  1159 I CamDev@1.0-impl: Closing camera 0
08-10 03:13:00.437   681  1159 I QCamera : <HAL><INFO> close_camera_device: 1530: [KPI Perf]: E camera id 0
08-10 03:13:00.439   681  1159 E QCamera : <HAL><ERROR> acquirePerfLock: 614: Failed to acquire the perf lock
08-10 03:13:00.440   681  1159 I QCamera : <HAL><INFO> closeCamera: 2333: E
08-10 03:13:00.440   681  1159 I QCamera : <HAL><INFO> closeCamera: 2338: [KPI Perf]: E PROFILE_CLOSE_CAMERA camera id 0
08-10 03:13:00.440   681  1094 E mm-camera: <IMGLIB><ERROR> 297: AllocateBuffers: Invalid dimensions 0x0
08-10 03:13:00.440   681  1196 I mm-camera: <ISP   >< INFO> 7159: isp_util_print_meta_stream_info: Deallocate resources
08-10 03:13:00.440   681  1094 E mm-camera: <IMGLIB><ERROR> 197: img_algo_preload: Preload: Failed to allocate buffer, rc -4
08-10 03:13:00.440   681  1196 I mm-camera: <ISP   >< INFO> 7490: isp_util_handle_stream_info: streams_desc num_streams is 0 
08-10 03:13:00.440   681  1094 E mm-camera: <IMGLIB><ERROR> 127: module_imgbase_client_preload_exec: IMG_CORE_PRELOAD failed -4
08-10 03:13:00.440   681  1196 I mm-camera: <IFACE >< INFO> 6384: iface_util_handle_meta_stream_info: iface_util_handle_meta_stream_info: ms_type 0 num streams 0
08-10 03:13:00.441   681  1159 I Thermal-Lib: thermal_bandwidth_client_cancel_request: Removing all bw request for camera_bw
08-10 03:13:00.441   681  1159 I Thermal-Lib: Thermal-Lib-Client: Unregisteration is successfull for handle:1
08-10 03:13:00.441   910   995 I ThermalEngine: Thermal-Server: removing client on fd 36
08-10 03:13:00.441   681  1159 I Thermal-Lib: Thermal-Lib-Client: Unregisteration is successfull for handle:2
08-10 03:13:00.442   681  1159 I mm-camera: <MCT   >< INFO> 310: mct_controller_destroy: Initiating destroy sequence for session = 3
08-10 03:13:00.442   681  1159 I mm-camera: <MCT   >< INFO> 328: mct_controller_destroy: serv_thread closed
08-10 03:13:00.443   681  1159 I mm-camera: <MCT   >< INFO> 343: mct_controller_destroy: bus_handler thread closed
08-10 03:13:00.443   681  1159 I mm-camera: <MCT   >< INFO> 5404: mct_pipeline_stop_session: Initiating stop_session on session 3
08-10 03:13:00.443   681  1159 I mm-camera: <MCT   >< INFO> 4288: mct_pipeline_process_set: command=800000b
08-10 03:13:00.443   681  1159 I mm-camera: <MCT   >< INFO> 4533: mct_pipeline_process_set: Issuing DEL_STREAM on stream 0x3000f and stream type=10
08-10 03:13:00.451     0     0 I msm_cci_init: 1440: hw_version = 0x10060000
08-10 03:13:00.451     0     0 I         : @@@ original_sid = 0x10, valid_flag = 0x01, eeprom_version = 0x01, checksum = 0x03
08-10 03:13:00.452     0     0 I         : @@@ rc = 0, camera_sid = 0x10, eeprom_reg_addr = 0x03 , eeprom_reg_value = 0x32
08-10 03:13:00.452     0     0 I         : @@@ rc = 0, camera_sid = 0x10, eeprom_reg_addr = 0x04 , eeprom_reg_value = 0x30
08-10 03:13:00.452     0     0 I         : @@@ rc = 0, camera_sid = 0x10, eeprom_reg_addr = 0x05 , eeprom_reg_value = 0x32
08-10 03:13:00.452     0     0 I         : @@@ rc = 0, camera_sid = 0x10, eeprom_reg_addr = 0x06 , eeprom_reg_value = 0x30
08-10 03:13:00.452     0     0 I         : @@@ rc = 0, camera_sid = 0x10, eeprom_reg_addr = 0x07 , eeprom_reg_value = 0x30
08-10 03:13:00.452     0     0 I         : @@@ rc = 0, camera_sid = 0x10, eeprom_reg_addr = 0x08 , eeprom_reg_value = 0x39
08-10 03:13:00.453     0     0 I         : @@@ rc = 0, camera_sid = 0x10, eeprom_reg_addr = 0x09 , eeprom_reg_value = 0x30
08-10 03:13:00.453     0     0 I         : @@@ rc = 0, camera_sid = 0x10, eeprom_reg_addr = 0x0a , eeprom_reg_value = 0x36
08-10 03:13:00.453     0     0 I         : @@@ rc = 0, camera_sid = 0x10, eeprom_reg_addr = 0x0b , eeprom_reg_value = 0x31
08-10 03:13:00.453     0     0 I         : @@@ rc = 0, camera_sid = 0x10, eeprom_reg_addr = 0x0c , eeprom_reg_value = 0x33
08-10 03:13:00.463   637   637 I zygote64: VMRuntime.preloadDexCaches strings total=387108 before=10259 after=10259
08-10 03:13:00.463   637   637 I zygote64: VMRuntime.preloadDexCaches types total=36474 before=7397 after=7664
08-10 03:13:00.463   637   637 I zygote64: VMRuntime.preloadDexCaches fields total=163891 before=8042 after=8243
08-10 03:13:00.463   637   637 I zygote64: VMRuntime.preloadDexCaches methods total=286426 before=11216 after=11643
08-10 03:13:00.463   637   637 I zygote64: VMRuntime.preloadDexCaches finished
08-10 03:13:00.466   637   637 I zygote64: The ClassLoaderContext is a special shared library.
08-10 03:13:00.468   637   637 D ApplicationLoaders: Created zygote-cached class loader: /system/framework/android.hidl.base-V1.0-java.jar
08-10 03:13:00.471   637   637 I zygote64: The ClassLoaderContext is a special shared library.
08-10 03:13:00.473   637   637 D ApplicationLoaders: Created zygote-cached class loader: /system/framework/android.hidl.manager-V1.0-java.jar
08-10 03:13:00.514   959  1008 I ServiceManager: Waiting for service 'package_native' on '/dev/binder'...
08-10 03:13:00.528   681  1199 E mm-camera: <SENSOR><ERROR> ov8856_gt24p64b_get_calibration_items: 30: is_insensor:0, is_afc:1, is_wbc:1, is_lsc:1, is_dpc:0, is_ois:0, is_dual:0
08-10 03:13:00.528   681  1199 E mm-camera: <SENSOR><ERROR> 247: module_sensor_offload_init_config: func_tbl for submodule 4 is NULL
08-10 03:13:00.528   681  1199 E mm-camera: <SENSOR><ERROR> 249: module_sensor_offload_init_config: failed to get led off frame skip time
08-10 03:13:00.534   681  1159 I mm-camera: <IFACE >< INFO> 700: iface_unreserve_sink_port: stream_id f mode 0 
08-10 03:13:00.534   681  1159 I mm-camera: <ISP   >< INFO> 941: isp_port_check_caps_unreserve: ide 3000f port 0xf137d300
08-10 03:13:00.536   681  1159 I mm-camera: <MCT   >< INFO> 4556: mct_pipeline_process_set: Stream 0x3000f and stream type=10, successfully deleted
08-10 03:13:00.536   681  1225 I mm-camera: <MCT   >< INFO> 5138: mct_pipeline_stop_session_thread: Stop module name: sensor - E
08-10 03:13:00.537   681  1225 I mm-camera: <MCT   >< INFO> 5146: mct_pipeline_stop_session_thread: Stop module name: sensor - X
08-10 03:13:00.537   681  1226 I mm-camera: <MCT   >< INFO> 5138: mct_pipeline_stop_session_thread: Stop module name: iface - E
08-10 03:13:00.537   681  1227 I mm-camera: <MCT   >< INFO> 5138: mct_pipeline_stop_session_thread: Stop module name: isp - E
08-10 03:13:00.537   681  1227 I mm-camera: <ISP   >< INFO> 510: isp_module_stop_session: session id 3
08-10 03:13:00.537   681  1228 I mm-camera: <MCT   >< INFO> 5138: mct_pipeline_stop_session_thread: Stop module name: stats - E
08-10 03:13:00.537   681  1226 I mm-camera: <MCT   >< INFO> 5146: mct_pipeline_stop_session_thread: Stop module name: iface - X
08-10 03:13:00.538   681  1227 I mm-camera: <MCT   >< INFO> 5146: mct_pipeline_stop_session_thread: Stop module name: isp - X
08-10 03:13:00.539   681  1229 I mm-camera: <MCT   >< INFO> 5138: mct_pipeline_stop_session_thread: Stop module name: pproc - E
08-10 03:13:00.541   681  1159 I mm-camera: <MCT   >< INFO> 5426: mct_pipeline_stop_session: Modules left: 5
08-10 03:13:00.541     0     0 I MSM-CPP cpp_release_hardware: 1216 cpp hw release done
08-10 03:13:00.541   681  1159 I mm-camera: <MCT   >< INFO> 5426: mct_pipeline_stop_session: Modules left: 4
08-10 03:13:00.541   681  1159 I mm-camera: <MCT   >< INFO> 5426: mct_pipeline_stop_session: Modules left: 3
08-10 03:13:00.541   681  1230 I mm-camera: <MCT   >< INFO> 5138: mct_pipeline_stop_session_thread: Stop module name: imglib - E
08-10 03:13:00.541   681  1229 E mm-camera: <IMGLIB><ERROR> 328: AllocateBuffers: Nothing allocated or already freed!
08-10 03:13:00.541   681  1229 I mm-camera: <MCT   >< INFO> 5146: mct_pipeline_stop_session_thread: Stop module name: pproc - X
08-10 03:13:00.541   681  1159 I mm-camera: <MCT   >< INFO> 5426: mct_pipeline_stop_session: Modules left: 2
08-10 03:13:00.542   681  1230 I mm-camera: <MCT   >< INFO> 5146: mct_pipeline_stop_session_thread: Stop module name: imglib - X
08-10 03:13:00.542   681  1159 I mm-camera: <MCT   >< INFO> 5426: mct_pipeline_stop_session: Modules left: 1
08-10 03:13:00.546   681  1228 I mm-camera: <MCT   >< INFO> 5146: mct_pipeline_stop_session_thread: Stop module name: stats - X
08-10 03:13:00.547   681  1159 I mm-camera: <MCT   >< INFO> 5426: mct_pipeline_stop_session: Modules left: 0
08-10 03:13:00.547   681  1159 I mm-camera: <MCT   >< INFO> 5436: mct_pipeline_stop_session: Stopped session 3 successfully
08-10 03:13:00.547   681  1159 I mm-camera: <MCT   >< INFO> 5740: mct_pipeline_destroy: E: session:3
08-10 03:13:00.547   681  1159 E mm-camera: <MCT   ><ERROR> 179: stop_sof_check_thread: Returning as SOF timer thread not yet initialized
08-10 03:13:00.547   681  1159 I mm-camera: <MCT   >< INFO> 5818: mct_pipeline_destroy: X: Pipeline destroyed successfully session =3
08-10 03:13:00.547   681  1159 I mm-camera: <MCT   >< INFO> 422: mct_controller_destroy: X Successfully closed mct_controller session 3
08-10 03:13:00.550     0     0 I msm_pm_qos_update_request: update request -1
08-10 03:13:00.550     0     0 I msm_pm_qos_add_request: add request
08-10 03:13:00.550   681  1159 I QCamera : <HAL><INFO> closeCamera: 2409: [KPI Perf]: X PROFILE_CLOSE_CAMERA camera id 0, rc: 0
08-10 03:13:00.551   681  1159 I QCamera : <HAL><INFO> close_camera_device: 1548: [KPI Perf]: X
08-10 03:13:00.552   921   921 I CameraProviderManager: Enumerating new camera device: device@3.4/legacy/0
08-10 03:13:00.552   681  1159 E QCamera2Factory: get_number_of_cameras num of cameras: 1
08-10 03:13:00.553   921   921 E CameraProviderManager: DeviceInfo3: Converted ICameraDevice instance to nullptr
08-10 03:13:00.553   921   921 I CameraProviderManager: Camera provider legacy/0 ready with 2 camera devices
08-10 03:13:00.553   921  1042 W CameraProviderManager: addProviderLocked: Camera provider HAL with name 'external/0' already registered
08-10 03:13:00.553   921   921 I CameraService: onDeviceStatusChanged: Status changed for cameraId=0, newStatus=1
08-10 03:13:00.553   921   921 I CameraService: onDeviceStatusChanged: Unknown camera ID 0, a new camera is added
08-10 03:13:00.553   921  1042 I CameraService: onDeviceStatusChanged: Status changed for cameraId=0, newStatus=1
08-10 03:13:00.554   921  1042 V CameraService: updateStatus: Status has changed for camera ID 0 from 0 to 0x1
08-10 03:13:00.554   921  1045 W CameraProviderManager: addProviderLocked: Camera provider HAL with name 'legacy/0' already registered
08-10 03:13:00.554   921   921 I         : Waiting for activity service
08-10 03:13:00.614   959  1008 I ServiceManager: Waiting for service 'package_native' on '/dev/binder'...
08-10 03:13:00.715   959  1008 I ServiceManager: Waiting for service 'package_native' on '/dev/binder'...
08-10 03:13:00.716   934   934 I ServiceManagement: Registered android.system.wifi.keystore@1.0::IKeystore/default (start delay of 1508ms)
08-10 03:13:00.752   677   677 D audio_hw_utils: audio_extn_utils_open_snd_mixer: retry, retry_num 2
08-10 03:13:00.753     0     0 I init    : starting service 'nqnfcinfo'...
08-10 03:13:00.756   677   677 D audio_hw_utils: audio_extn_utils_open_snd_mixer: snd_card_name: sdm660-snd-card-i40
08-10 03:13:00.756   677   677 W hardware_info: update_hardware_info_bear: Not an SDM device
08-10 03:13:00.756   677   677 D audio_hw_utils: audio_extn_utils_open_snd_mixer: Opened sound card:0
08-10 03:13:00.756     0     0 I init    : starting service 'cnss-daemon'...
08-10 03:13:00.762     0     0 I init    : starting service 'ssgqmigd'...
08-10 03:13:00.766     0     0 E init    : Could not start service 'mlid' as part of class 'late_start': Cannot find '/vendor/bin/mlid': No such file or directory
08-10 03:13:00.766     0     0 I init    : Created socket '/dev/socket/ssgqmig', mode 660, user 1001, group 3003
08-10 03:13:00.766     0     0 E init    : Could not start service 'loc_launcher' as part of class 'late_start': Cannot find '/system/vendor/bin/loc_launcher': No such file or directory
08-10 03:13:00.766     0     0 I init    : starting service 'qcom-sh'...
08-10 03:13:00.780     0     0 E init    : Could not start service 'crashdata-sh' as part of class 'late_start': File /vendor/bin/init.qcom.crashdata.sh(labeled "u:object_r:vendor_file:s0") has incorrect label or no domain transition from u:r:init:s0 to another SELinux domain defined. Have you configured your service correctly? https://source.android.com/security/selinux/device-policy#label_new_services_and_address_denials
08-10 03:13:00.780     0     0 E init    : Could not start service 'qvop-daemon' as part of class 'late_start': Cannot find '/vendor/bin/qvop-daemon': No such file or directory
08-10 03:13:00.780     0     0 E init    : Could not start service 'qseeproxydaemon' as part of class 'late_start': Cannot find '/system/vendor/bin/qseeproxydaemon': No such file or directory
08-10 03:13:00.796  1234  1234 I CLD80211: /system/vendor/bin/cnss-daemon: initialized exit socket pair
08-10 03:13:00.796  1234  1234 I CLD80211: /system/vendor/bin/cnss-daemon: nlctrl family id: 16 group: svc_msgs mcast_id: 19
08-10 03:13:00.796  1234  1234 E cnss-daemon: interop issues ap: read_iot_ap_file: No such file /data/vendor/wifi/iotap_ps.bin
08-10 03:13:00.796  1234  1234 E cnss-daemon: interop issues ap: read_iot_ap_ps_from_file, read file error
08-10 03:13:00.796  1234  1234 I cnss-daemon: interop issues ap init successfully
08-10 03:13:00.796  1234  1234 I cnss-daemon:  cnss hang event handler init successfully
08-10 03:13:00.800  1236  1236 I ssgqmigd: socket ANDROID_SOCKET_ssgqmig open success
08-10 03:13:00.800  1236  1236 I ssgqmigd: ssgqmigd uses 42
08-10 03:13:00.801  1234  1234 E cnss-daemon: Couldn't resolve family id
08-10 03:13:00.801  1234  1234 E cnss-daemon: Failed to init genl between daemon and platform, continue
08-10 03:13:00.813  1239  1239 I /system/bin/tombstoned: tombstoned successfully initialized
08-10 03:13:00.815   959  1008 I ServiceManager: Waiting for service 'package_native' on '/dev/binder'...
08-10 03:13:00.825   497   497 I hwservicemanager: getTransport: Cannot find entry android.hardware.usb.gadget@1.0::IUsbGadget/default in either framework or device manifest.
08-10 03:13:00.826  1241  1241 I usbd    : Usb HAL not found
08-10 03:13:00.835  1238  1238 I gatekeeperd: Starting gatekeeperd...
08-10 03:13:00.887   903   929 I adbd    : UsbFfsConnection constructed
08-10 03:13:00.889   916   916 I imsrcsd : Uce Service HAL  loading imsrcsbaseimpl
08-10 03:13:00.891   732  1064 I tftp_server: pid=732 tid=1064 tftp-server : INF :[tftp_server.c, 1499] WRQ stats : total-blocks = 1 : total-bytes = 5 : 5 timedout-pkts = 0, wrong-pkts = 0
08-10 03:13:00.891   732  1064 I tftp_server: pid=732 tid=1064 tftp-server : INF :[tftp_server.c, 1507] WRQ file stats [port: 29]: Total : [fwrite, fflush] = [9, 11439] max: 9 min: 0
08-10 03:13:00.891   732  1064 I tftp_server: pid=732 tid=1064 tftp-server : INF :[tftp_server.c, 1511] WRQ time stats : Total : [TX, RX] = [128, 1059006]
08-10 03:13:00.891   732  1064 I tftp_server: pid=732 tid=1064 tftp-server : INF :[tftp_server.c, 1515] WRQ time stats : Tx [Min, Max] = [47, 81]
08-10 03:13:00.891   732  1064 I tftp_server: pid=732 tid=1064 tftp-server : INF :[tftp_server.c, 1520] WRQ time stats [port : 29]: Rx [Min, Max] = [7892, 1051114]
08-10 03:13:00.891   732  1064 I tftp_server: pid=732 tid=1064 tftp-server : INF :[tftp_server.c, 1807] WRQ Total API = 1072954
08-10 03:13:00.916   959  1008 I ServiceManager: Waiting for service 'package_native' on '/dev/binder'...
08-10 03:13:00.925  1240  1240 I update_engine: [0810/031300.924842:INFO:main.cc(181)] A/B Update Engine starting
08-10 03:13:00.928  1240  1240 I update_engine: [0810/031300.927978:INFO:boot_control_android.cc(76)] Loaded boot control hidl hal.
08-10 03:13:00.928  1240  1240 I update_engine: [0810/031300.928121:INFO:daemon_state_android.cc(43)] Booted in dev mode.
08-10 03:13:00.935   637   637 I Zygote  : Preloading resources...
08-10 03:13:00.943   916   916 I imsrcsd : Starting Service for First Time imsbaseimpl
08-10 03:13:00.945   916   916 I ServiceManagement: Registered com.qualcomm.qti.uceservice@2.2::IUceService/com.qualcomm.qti.uceservice (start delay of 1786ms)
08-10 03:13:00.945   916   916 I imsrcsd : ImsRcsBaseImpl CM_IMSCONNECTIONMANAGER_CREATE_CONNECTION Before Registering Service
08-10 03:13:00.946   916   916 I ServiceManagement: Registered com.qualcomm.qti.imscmservice@2.2::IImsCmService/qti.ims.connectionmanagerservice (start delay of 1787ms)
08-10 03:13:00.946   916   916 I imsrcsd : ImsRcsBaseImpl CM_IMSCONNECTIONMANAGER_CREATE_CONNECTION After Registering Service
08-10 03:13:00.946   916   916 E         : [IMS_COM] |ImsCom.cpp | 57 | | 916 |Com Fd: 7
08-10 03:13:00.946   916   916 E         : [IMS_COM] |ImsCom.cpp | 167 | | 916 |ImsCom::addComEventHandler(int 7, ComEventCallback 0x738beea668, void* 0x0, ComCloseCallback 0x0, events 17) EX
08-10 03:13:00.946   916   916 E         : [IMS_COM] |ImsCom.cpp | 179 | | 916 |ImsCom::addComEventHandler epoll_ctl returns: 0
08-10 03:13:00.946   916   916 E         : [IMS_COM] |ImsCom.cpp | 60 | | 916 |ImsCom is ready. epollFd:6
08-10 03:13:00.946   916   916 E         : [IMS_COM] |ImsQmiSvc.cpp | 38 | | 916 |ImsQmiSvc[ImsQmiPrivate]:  
08-10 03:13:00.946   916   916 E         : [IMS_COM] |ImsQmiSvc.cpp | 41 | | 916 |ImsQmiSvc: qmiimssvcfd : 8 svcObj[x8bef2008] 
08-10 03:13:00.946   916   916 E         : [IMS_COM] |ImsCom.cpp | 167 | | 916 |ImsCom::addComEventHandler(int 8, ComEventCallback 0x738beef548, void* 0x738c41c000, ComCloseCallback 0x0, events 1) EX
08-10 03:13:00.946   916   916 E         : [IMS_COM] |ImsCom.cpp | 179 | | 916 |ImsCom::addComEventHandler epoll_ctl returns: 0
08-10 03:13:00.947   916   916 E         : [IMS_COM] |ImsQmiSvc.cpp | 121 | | 916 |ImsQmiSvc[ImsQmiPrivate]: registerForQmiSvcUp 
08-10 03:13:00.947   916   916 E         : [IMS_COM] |ImsQmiPrivate.cpp | 121 | | 916 |ImsQmiPrivate Xtor
08-10 03:13:00.947   916   916 E         : [IMS_COM] |ImsCom.cpp | 167 | | 916 |ImsCom::addComEventHandler(int 12, ComEventCallback 0x738beed6e8, void* 0x738c41c000, ComCloseCallback 0x0, events 1) EX
08-10 03:13:00.947   916   916 E         : [IMS_COM] |ImsCom.cpp | 179 | | 916 |ImsCom::addComEventHandler epoll_ctl returns: 0
08-10 03:13:00.947   916   916 I         : ImsCallInfoService: Ctor[8c40a180]
08-10 03:13:00.947   916   916 E         : [IMS_COM] |ImsQmiPrivate.cpp | 234 | | 916 |QMI IMS Private listener added 0x738c40a180
08-10 03:13:00.947   916   916 I         : ImsCallInfoService - <API SVC> registerServiceImpl: Registering for vendor.qti.ims.callinfo 
08-10 03:13:00.948   916   916 I ServiceManagement: Registered vendor.qti.ims.callinfo@1.0::IService/default (start delay of 1789ms)
08-10 03:13:00.948   916   916 I imsrcsd : ImsRcsBaseImpl ImsCallInfo After Registering Service
08-10 03:13:00.948   916   916 I ServiceManagement: Registered vendor.qti.ims.factory@1.0::IImsFactory/default (start delay of 1790ms)
08-10 03:13:00.949   916   916 I imsrcsd : ImsRcsBaseImpl : Successfully registered ImsFactory
08-10 03:13:00.956   637   637 W Resources: Preloaded drawable resource #0x108027d (android:drawable/dialog_background_material) that varies with configuration!!
08-10 03:13:00.981   637   637 I Zygote  : ...preloaded 64 resources in 46ms.
08-10 03:13:00.985   637   637 I Zygote  : ...preloaded 41 resources in 4ms.
08-10 03:13:00.994   677   820 D audio_hw_utils: audio_extn_utils_open_snd_mixer: retry, retry_num 2
