08-03 01:42:20.332     0     0 W pmwke   : [i=1]-[qcom,usb_eth_reset-gpio]-[eth_reset_io]-[out]-[io=106]-[def=0]-[delay=0]
08-03 01:42:20.332     0     0 W pmwke   : [i=2]-[qcom,usb_eth_wakeup-gpio]-[eth_wakeup_io]-[out]-[io=110]-[def=1]-[delay=0]
08-03 01:42:20.332     0     0 W         : eth_pwr
08-03 01:42:20.332     0     0 W         : OEM debug usb_eth_gpio_reset begin.
08-03 01:42:20.358     0     0 W         : OEM debug usb_eth_gpio_reset end.
08-03 01:42:20.358     0     0 I [usb_mux]: registered handler(-1517643692) for usb mode switch
08-03 01:42:20.359     0     0 I usb_oem_probe: enter
08-03 01:42:20.359     0     0 I         : usbPortPathInit 596 read path succeed: typec-u2-path 1-1.4
08-03 01:42:20.359     0     0 I usb_oem_probe: usbPortsSpeedCfg[0].portU2Path=1-1.4
08-03 01:42:20.359     0     0 I         : usbPortPathInit 596 read path succeed: typec-u3-path 2-1.4
08-03 01:42:20.359     0     0 I usb_oem_probe: usbPortsSpeedCfg[0].portU3Path=2-1.4
08-03 01:42:20.359     0     0 I         : usbPortPathInit 596 read path succeed: typea-u2-path 1-1.2
08-03 01:42:20.359     0     0 I usb_oem_probe: usbPortsSpeedCfg[1].portU2Path=1-1.2
08-03 01:42:20.359     0     0 I         : usbPortPathInit 596 read path succeed: typea-u3-path 2-1.2
08-03 01:42:20.359     0     0 I usb_oem_probe: usbPortsSpeedCfg[1].portU3Path=2-1.2
08-03 01:42:20.359     0     0 E         : usbPortPathInit 593 read path failed: typea-ex3-u2-path
08-03 01:42:20.359     0     0 I usb_oem_probe: usbPortsSpeedCfg[2].portU2Path=
08-03 01:42:20.359     0     0 E         : usbPortPathInit 593 read path failed: typea-ex3-u3-path
08-03 01:42:20.359     0     0 I usb_oem_probe: usbPortsSpeedCfg[2].portU3Path=
08-03 01:42:20.359     0     0 E         : usbPortPathInit 593 read path failed: typea-ex4-u2-path
08-03 01:42:20.359     0     0 I usb_oem_probe: usbPortsSpeedCfg[3].portU2Path=
08-03 01:42:20.359     0     0 E         : usbPortPathInit 593 read path failed: typea-ex4-u3-path
08-03 01:42:20.359     0     0 I usb_oem_probe: usbPortsSpeedCfg[3].portU3Path=
08-03 01:42:20.359     0     0 E         : usbPortPathInit 593 read path failed: typea-ex5-u2-path
08-03 01:42:20.359     0     0 I usb_oem_probe: usbPortsSpeedCfg[4].portU2Path=
08-03 01:42:20.359     0     0 E         : usbPortPathInit 593 read path failed: typea-ex5-u3-path
08-03 01:42:20.359     0     0 I usb_oem_probe: usbPortsSpeedCfg[4].portU3Path=
08-03 01:42:20.359     0     0 I         : usbPortPathInit 596 read path succeed: micro-usb1-path 1-1.3.1
08-03 01:42:20.359     0     0 I usb_oem_probe: usbPortsSpeedCfg[5].portU2Path=1-1.3.1
08-03 01:42:20.359     0     0 I usb_oem_probe: usbPortsSpeedCfg[5].portU3Path=
08-03 01:42:20.359     0     0 I         : usbPortPathInit 596 read path succeed: micro-usb2-path 1-1.3.2
08-03 01:42:20.359     0     0 I usb_oem_probe: usbPortsSpeedCfg[6].portU2Path=1-1.3.2
08-03 01:42:20.359     0     0 I usb_oem_probe: usbPortsSpeedCfg[6].portU3Path=
08-03 01:42:20.359     0     0 I         : usbPortPathInit 596 read path succeed: micro-usb3-path 1-1.3.3
08-03 01:42:20.359     0     0 I usb_oem_probe: usbPortsSpeedCfg[7].portU2Path=1-1.3.3
08-03 01:42:20.359     0     0 I usb_oem_probe: usbPortsSpeedCfg[7].portU3Path=
08-03 01:42:20.359     0     0 I         : usbPortPathInit 596 read path succeed: micro-usb4-path 1-1.3.4
08-03 01:42:20.359     0     0 I usb_oem_probe: usbPortsSpeedCfg[8].portU2Path=1-1.3.4
08-03 01:42:20.359     0     0 I usb_oem_probe: usbPortsSpeedCfg[8].portU3Path=
08-03 01:42:20.359     0     0 I usb_ports_pwr_reset(): enter
08-03 01:42:20.359     0     0 I GL3523_portpwr_get: enter, 0
08-03 01:42:20.359     0     0 I usb_ports_pwr_reset(): HUB3_PWR_CFG currentValue=0
08-03 01:42:20.359     0     0 I usb_ports_pwr_reset(): HUB3_PWR_CFG pwrDisableValue=30
08-03 01:42:20.359     0     0 I GL3523_portpwr_set: enter val = 30
08-03 01:42:20.359     0     0 I GL3523_portpwr_set: typeC pwr enable
08-03 01:42:20.359     0     0 I it8855 6-0040: vbus_ctl set val=0
08-03 01:42:20.359     0     0 I it8855 6-0040: usb_c vbus is already: VBUS-Enabled
08-03 01:42:20.359     0     0 I GL3523_portpwr_set: typeA pwr disable
08-03 01:42:20.359     0     0 I gl3523_typeA_pwr_set: enter = 1
08-03 01:42:20.359     0     0 I gl3523_typeA_pwr_set: it is in device mode, ignore the typa pwr set from FS, only store the config
08-03 01:42:20.359     0     0 I         : [it8855] set_typec_power = 0
08-03 01:42:20.359     0     0 I it8855 6-0040: vbus_ctl set val=1
08-03 01:42:20.359     0     0 I it8855 6-0040: Will set to : VBUS-Disabled, vbus_ctl val=1
08-03 01:42:20.359     0     0 E i2c-msm-v2 c1b6000.i2c: msm_bus_scale_register_client(mstr-id:84):0x1e (ok)
08-03 01:42:20.708     0     0 I usb 1-1.1: new high-speed USB device number 4 using xhci-hcd
08-03 01:42:20.718     0     0 E of_batterydata_get_best_profile: No battery data found
08-03 01:42:20.718     0     0 E FG      : fg_get_batt_profile: couldn't find profile handle
08-03 01:42:20.718     0     0 W FG      : profile_load_work: profile for batt_id=99KOhms not found..using OTP, rc:-61
08-03 01:42:20.834     0     0 I         : Disable AX88179 lpm.
08-03 01:42:20.834     0     0 I usb 1-1.1: New USB device found, idVendor=0b95, idProduct=1790
08-03 01:42:20.834     0     0 I usb 1-1.1: New USB device strings: Mfr=1, Product=2, SerialNumber=3
08-03 01:42:20.834     0     0 I usb 1-1.1: Product: AX88179
08-03 01:42:20.834     0     0 I usb 1-1.1: Manufacturer: ASIX Elec. Corp.
08-03 01:42:20.834     0     0 I usb 1-1.1: SerialNumber: 00000000000003
08-03 01:42:20.841     0     0 W OEM debug: ax88179 usb device number = 4, dev path = 1.1, dev serial = 00000000000003.
08-03 01:42:20.842     0     0 W         : OEM debug oem_set_eth_nameflag: devpath 1.1 get name_flag 88179.
08-03 01:42:20.842     0     0 W         : OEM debug dev_alloc_name_ns: after alloc eth dev name = eth0.
08-03 01:42:20.842     0     0 W OEM debug: general mode disable autosuspend.
08-03 01:42:20.868     0     0 I         : [it8855] set_typec_power = 1
08-03 01:42:20.868     0     0 I it8855 6-0040: vbus_ctl set val=0
08-03 01:42:20.868     0     0 I it8855 6-0040: Will set to : VBUS-Enabled, vbus_ctl val=0
08-03 01:42:20.868     0     0 I it8855 6-0040: Reset it8855 when enable vbus!
08-03 01:42:20.936     0     0 I it8855 6-0040: irq comming!
08-03 01:42:20.936     0     0 I it8855 6-0040: irq_work_func!
08-03 01:42:20.948     0     0 I it8855 6-0040: status is: detach, no contract, CC1, dfp, source, exit mode
08-03 01:42:20.948     0     0 I it8855 6-0040: Exit Alternate mode!
08-03 01:42:20.968     0     0 I it8855 6-0040: reset irq gpio to high
08-03 01:42:20.988     0     0 I GL3523_portpwr_set: enter val = 0
08-03 01:42:20.988     0     0 I GL3523_portpwr_set: typeC pwr enable
08-03 01:42:20.988     0     0 I it8855 6-0040: vbus_ctl set val=0
08-03 01:42:20.988     0     0 I it8855 6-0040: usb_c vbus is already: VBUS-Enabled
08-03 01:42:20.988     0     0 I GL3523_portpwr_set: typeA pwr enable
08-03 01:42:20.988     0     0 I gl3523_typeA_pwr_set: enter = 0
08-03 01:42:20.988     0     0 I gl3523_typeA_pwr_set: it is in device mode, ignore the typa pwr set from FS, only store the config
08-03 01:42:20.988     0     0 I gl852_portpwr_get: enter
08-03 01:42:20.988     0     0 I usb_ports_pwr_reset(): HUB2_PWR_CFG currentValue=0
08-03 01:42:20.988     0     0 I gl852_portpwr_set: enter val = 15
08-03 01:42:20.988     0     0 I gl852_portpwr_set: 83 0
08-03 01:42:20.988     0     0 I gl852_portpwr_set: 84 0
08-03 01:42:20.988     0     0 I gl852_portpwr_set: 85 0
08-03 01:42:20.988     0     0 I gl852_portpwr_set: 86 0
08-03 01:42:20.988     0     0 I it8855 6-0040: irq_work_func!
08-03 01:42:21.008     0     0 I it8855 6-0040: status is: detach, no contract, CC1, dfp, source, exit mode
08-03 01:42:21.008     0     0 I it8855 6-0040: Exit Alternate mode!
08-03 01:42:21.498     0     0 I gl852_portpwr_set: enter val = 0
08-03 01:42:21.498     0     0 I gl852_portpwr_set: 83 1
08-03 01:42:21.498     0     0 I gl852_portpwr_set: 84 1
08-03 01:42:21.498     0     0 I gl852_portpwr_set: 85 1
08-03 01:42:21.498     0     0 I gl852_portpwr_set: 86 1
08-03 01:42:21.498     0     0 E         : read oem,hub-protocol-cfg= 0x60
08-03 01:42:21.498     0     0 I usb_oem_probe: succeed exit!
08-03 01:42:21.499     0     0 I input   : soc:gpio_keys as /devices/platform/soc/soc:gpio_keys/input/input3
08-03 01:42:21.499     0     0 I rtc-max31343 1-0068: read date/time raw! 0x21-08-03 05:42:21 W03
08-03 01:42:21.500     0     0 I rtc-max31343 1-0068: read date/time! 2021-08-03 05:42:21
08-03 01:42:21.500     0     0 I rtc-max31343 1-0068: setting system clock to 2021-08-03 05:42:21 UTC (1627969341)
08-03 01:42:21.502     0     0 E lpm_levels: register_cluster_lpm_stats()
08-03 01:42:21.502     0     0 E lpm_levels: register_cluster_lpm_stats()
08-03 01:42:21.507     0     0 I gfx_mem_acc_corner: disabling
08-03 01:42:21.507     0     0 I gdsc_ufs: disabling
08-03 01:42:21.507     0     0 I cam_vadd_gpio_regulator: disabling
08-03 01:42:21.507     0     0 I cam_vaf_gpio_regulator: disabling
08-03 01:42:21.507     0     0 I cam_rear_dvdd_gpio_regulator: disabling
08-03 01:42:21.507     0     0 I apc0_pwrcl_corner: disabling
08-03 01:42:21.507     0     0 I apc1_perfcl_corner: disabling
08-03 01:42:21.507     0     0 I regulator_proxy_consumer_remove_all: removing regulator proxy consumer requests
08-03 01:42:21.507     0     0 I         : ALSA device list:
08-03 01:42:21.507     0     0 I         : No soundcards found.
08-03 01:42:21.509     0     0 I         : Freeing unused kernel memory: 6144K
08-03 01:42:21.513     0     0 I init    : init first stage started!
08-03 01:42:21.513     0     0 I init    : [libfs_mgr]dt_fstab: Skip disabled entry for partition vendor
08-03 01:42:21.513     0     0 I init    : [libfs_mgr]ReadFstabFromDt(): failed to read fstab from dt
08-03 01:42:21.513     0     0 I init    : [libfs_mgr]dt_fstab: Skip disabled entry for partition vendor
08-03 01:42:21.514     0     0 I init    : Using Android DT directory /proc/device-tree/firmware/android/
08-03 01:42:21.543     0     0 I init    : [libfs_mgr]Created logical partition system_a on device /dev/block/dm-0
08-03 01:42:21.543     0     0 I init    : [libfs_mgr]Skipping zero-length logical partition: system_b
08-03 01:42:21.543     0     0 I init    : [libfs_mgr]Created logical partition product_a on device /dev/block/dm-1
08-03 01:42:21.543     0     0 I init    : [libfs_mgr]Skipping zero-length logical partition: product_b
08-03 01:42:21.544     0     0 I init    : [libfs_mgr]Created logical partition vendor_a on device /dev/block/dm-2
08-03 01:42:21.547     0     0 I EXT4-fs (mmcblk0p52): mounted filesystem with ordered data mode. Opts: discard
08-03 01:42:21.555     0     0 I device-mapper: verity: sha1 using implementation "sha1-ce"
08-03 01:42:21.562     0     0 W EXT4-fs (dm-3): mounting with "discard" option, but the device does not support discard
08-03 01:42:21.562     0     0 I EXT4-fs (dm-3): mounted filesystem without journal. Opts: barrier=1,discard
08-03 01:42:21.584     0     0 I device-mapper: verity: sha1 using implementation "sha1-ce"
08-03 01:42:21.591     0     0 W EXT4-fs (dm-4): mounting with "discard" option, but the device does not support discard
08-03 01:42:21.591     0     0 I EXT4-fs (dm-4): mounted filesystem without journal. Opts: barrier=1,discard
08-03 01:42:21.593     0     0 I device-mapper: verity: sha1 using implementation "sha1-ce"
08-03 01:42:21.612     0     0 W EXT4-fs (dm-5): mounting with "discard" option, but the device does not support discard
08-03 01:42:21.612     0     0 I EXT4-fs (dm-5): mounted filesystem without journal. Opts: barrier=1,discard
08-03 01:42:21.645     0     0 W init    : 20 output lines suppressed due to ratelimiting
08-03 01:42:21.809     0     0 I init    : Loading SELinux policy
08-03 01:42:21.827     0     0 D SELinux : 16384 avtab hash slots, 50285 rules.
08-03 01:42:21.839     0     0 D SELinux : 16384 avtab hash slots, 50285 rules.
08-03 01:42:21.839     0     0 D SELinux : 1 users, 4 roles, 2240 types, 0 bools, 1 sens, 1024 cats
08-03 01:42:21.839     0     0 D SELinux : 97 classes, 50285 rules
08-03 01:42:21.841     0     0 I SELinux : Permission nlmsg_readpriv in class netlink_route_socket not defined in policy.
08-03 01:42:21.842     0     0 I SELinux : the above unknown classes and permissions will be denied
08-03 01:42:21.842     0     0 I SELinux : policy capability network_peer_controls=1
08-03 01:42:21.842     0     0 I SELinux : policy capability open_perms=1
08-03 01:42:21.842     0     0 I SELinux : policy capability extended_socket_class=1
08-03 01:42:21.842     0     0 I SELinux : policy capability always_check_network=0
08-03 01:42:21.842     0     0 I SELinux : policy capability cgroup_seclabel=0
08-03 01:42:21.842     0     0 I SELinux : policy capability nnp_nosuid_transition=1
08-03 01:42:21.842     0     0 D SELinux : Completing initialization.
08-03 01:42:21.842     0     0 D SELinux : Setting up existing superblocks.
08-03 01:42:21.889   495   495 I auditd  : type=1403 audit(0.0:2): policy loaded auid=4294967295 ses=4294967295
08-03 01:42:21.889   495   495 I auditd  : type=1403 audit(0.0:2): policy loaded auid=4294967295 ses=4294967295
08-03 01:42:21.889   495   495 I auditd  : type=1404 audit(0.0:3): enforcing=1 old_enforcing=0 auid=4294967295 ses=4294967295
08-03 01:42:21.889   495   495 W auditd  : type=1404 audit(0.0:3): enforcing=1 old_enforcing=0 auid=4294967295 ses=4294967295
08-03 01:42:21.904     0     0 I selinux : SELinux: Loaded policy from /vendor/etc/selinux/precompiled_sepolicy
08-03 01:42:21.909     0     0 I selinux : SELinux: Loaded file_contexts
08-03 01:42:21.928     0     0 I init    : init second stage started!
08-03 01:42:21.946     0     0 I init    : Using Android DT directory /proc/device-tree/firmware/android/
08-03 01:42:21.950     0     0 I selinux : SELinux: Loaded file_contexts
08-03 01:42:21.950     0     0 I init    : Running restorecon...
08-03 01:42:21.967     0     0 E selinux : avc:  denied  { set } for  scontext=u:r:vendor_init:s0 tcontext=u:object_r:default_prop:s0 tclass=property_service permissive=0
08-03 01:42:21.967     0     0 E init    : Do not have permissions to set 'ro.product.vendor.otadevice' to 'ota.sdm660_64' in property file '/vendor/build.prop': SELinux permission check failed
08-03 01:42:21.967     0     0 E selinux : avc:  denied  { set } for  scontext=u:r:vendor_init:s0 tcontext=u:object_r:default_prop:s0 tclass=property_service permissive=0
08-03 01:42:21.967     0     0 E init    : Do not have permissions to set 'ro.product.vendor.otamodel' to 'ota.sdm660_64' in property file '/vendor/build.prop': SELinux permission check failed
08-03 01:42:21.967     0     0 E selinux : avc:  denied  { set } for  scontext=u:r:vendor_init:s0 tcontext=u:object_r:default_prop:s0 tclass=property_service permissive=0
08-03 01:42:21.967     0     0 E init    : Do not have permissions to set 'ro.product.vendor.otaname' to 'ota.sdm660_64' in property file '/vendor/build.prop': SELinux permission check failed
08-03 01:42:22.096     0     0 I ueventd : ueventd started!
08-03 01:42:22.098     0     0 I selinux : SELinux: Loaded file_contexts
08-03 01:42:22.099     0     0 I ueventd : Parsing file /ueventd.rc...
08-03 01:42:22.101     0     0 I ueventd : Parsing file /vendor/ueventd.rc...
08-03 01:42:22.102     0     0 E ueventd : /vendor/ueventd.rc: 194: /sys/ lines must have 5 entries
08-03 01:42:22.103     0     0 I ueventd : Parsing file /odm/ueventd.rc...
08-03 01:42:22.103     0     0 I ueventd : Unable to read config file '/odm/ueventd.rc': open() failed: No such file or directory
08-03 01:42:22.103     0     0 I ueventd : Parsing file /ueventd.qcom.rc...
08-03 01:42:22.103     0     0 I ueventd : Unable to read config file '/ueventd.qcom.rc': open() failed: No such file or directory
08-03 01:42:22.110     0     0 I apexd   : Bootstrap subcommand detected
08-03 01:42:22.116     0     0 I apexd   : Scanning /system/apex for embedded keys
08-03 01:42:22.116     0     0 I apexd   : Scanning /product/apex for embedded keys
08-03 01:42:22.116     0     0 I apexd   : ... does not exist. Skipping
08-03 01:42:22.116     0     0 I apexd   : Scanning /system/apex looking for APEX packages.
08-03 01:42:22.116     0     0 I apexd   : Found /system/apex/com.android.media
08-03 01:42:22.116     0     0 I apexd   : Skipped when bootstrapping
08-03 01:42:22.116     0     0 I apexd   : Found /system/apex/com.android.tzdata
08-03 01:42:22.117     0     0 I apexd   : Successfully bind-mounted flattened package /system/apex/com.android.tzdata on /apex/com.android.tzdata@290000000
08-03 01:42:22.117     0     0 I apexd   : Found /system/apex/com.android.conscrypt
08-03 01:42:22.118     0     0 W apexd   : 9 output lines suppressed due to ratelimiting
08-03 01:42:22.118     0     0 I         : apexd (480) used greatest stack depth: 11664 bytes left
08-03 01:42:22.224     0     0 W q6_pdr_dlkm: loading out-of-tree module taints kernel.
08-03 01:42:22.243     0     0 W adsp_loader_dlkm: no symbol version for apr_set_modem_state
08-03 01:42:22.501     0     0 E pmic_analog_codec 800f000.qcom,spmi: qcom,pm660l@3:anlg-cdc@f000: Adsp is not loaded yet 0
08-03 01:42:22.511     0     0 E msm_sdw_codec 152c1000.msm-sdw-codec: Adsp is not loaded yet 0
08-03 01:42:22.529     0     0 E pmic_analog_codec 800f000.qcom,spmi: qcom,pm660l@3:anlg-cdc@f000: Adsp is not loaded yet 0
08-03 01:42:22.529     0     0 E msm_sdw_codec 152c1000.msm-sdw-codec: Adsp is not loaded yet 0
08-03 01:42:22.530     0     0 E pmic_analog_codec 800f000.qcom,spmi: qcom,pm660l@3:anlg-cdc@f000: Adsp is not loaded yet 0
08-03 01:42:22.530     0     0 E msm_sdw_codec 152c1000.msm-sdw-codec: Adsp is not loaded yet 0
08-03 01:42:22.613     0     0 I oem-init: /vendor/bin/oem_init start with 1 parameters
08-03 01:42:22.614     0     0 I oem-init: sysfs:path sys/devices/soc0/project_id data 44 size 4
08-03 01:42:22.614     0     0 I oem-init: Project id: 44
08-03 01:42:22.614     0     0 I oem-init: model id: 15in-I-Series-4
08-03 01:42:22.614     0     0 I oem-init: product 15in-I-Series-4
08-03 01:42:22.614     0     0 I oem-init: product device: 15in-I-Series-4
08-03 01:42:22.614     0     0 I oem-init: product name: 15in-I-Series-4_E8MP
08-03 01:42:22.615     0     0 I oem-init: oemmodel id: i4_in15_std
08-03 01:42:22.615     0     0 I oem-init: common features: BT-WIFI-PwrLED-UartMux-TypeC
08-03 01:42:22.615     0     0 I oem-init: sku features: eth-PoE-GSen-DuSpk-GPIO-AdbMux-eRTC-Key2-dmic-SD-exPD
08-03 01:42:22.804     0     0 E FG      : fg_get_time_to_full_locked: battery profile is not loaded
08-03 01:42:24.502     0     0 I ueventd : Coldboot took 2.398 seconds
08-03 01:42:24.536     0     0 I         : Registered swp emulation handler
08-03 01:42:24.612     0     0 I logd.auditd: start
08-03 01:42:24.625     0     0 I init    : wait for '/dev/block/platform/soc/c0c4000.sdhci' took 0ms
08-03 01:42:24.647     0     0 I EXT4-fs (mmcblk0p48): mounted filesystem with ordered data mode. Opts: barrier=1
08-03 01:42:24.650     0     0 I EXT4-fs (mmcblk0p37): mounted filesystem with ordered data mode. Opts: barrier=1
08-03 01:42:24.662   497   497 I hwservicemanager: hwservicemanager is ready now.
08-03 01:42:24.662   500   500 E cutils-trace: Error opening trace file: Permission denied (13)
08-03 01:42:24.663   497   497 E cutils-trace: Error opening trace file: Permission denied (13)
08-03 01:42:24.674     0     0 I subsys-pil-tz 15700000.qcom,lpass: adsp: loading from 0x0000000092a00000 to 0x0000000094800000
08-03 01:42:24.678     0     0 I EXT4-fs (mmcblk0p39): mounted filesystem with ordered data mode. Opts: barrier=1
08-03 01:42:24.712   500   500 I ServiceManagement: Registered vendor.qti.hardware.qseecom@1.0::IQSEECom/default (start delay of 154ms)
08-03 01:42:24.712   500   500 I ServiceManagement: Removing namespace from process name vendor.qti.hardware.qseecom@1.0-service to qseecom@1.0-service.
08-03 01:42:24.712   500   500 I QSEECOM_SERVICE: IQSEECom registerAsService is successful
08-03 01:42:24.713     0     0 D vdc     : Waited 0ms for vold
08-03 01:42:24.857   563   563 D QSEECOMD: : qseecom listener services process entry PPID = 1
08-03 01:42:24.857   563   563 E QSEECOMD: : Listener: index = 0, hierarchy = 0
08-03 01:42:24.859   563   563 D QSEECOMD: : Init dlopen(librpmb.so, RTLD_NOW) succeeds
08-03 01:42:24.859   563   563 D QSEECOMD: : Init::Init dlsym(g_FSHandle rpmb_init_service) succeeds
08-03 01:42:24.860   563   563 I rpmb_emmc: RPMB Mult (512-bytes sector) = 32768, Rel_sec_cnt = 32
08-03 01:42:24.860   563   563 E DrmLibRpmb: rpmb_init succeeded! with ret = 0
08-03 01:42:24.860   563   563 D QSEECOMD: : Init rpmb_init_service ret = 0
08-03 01:42:24.860   563   563 D QSEECOMD: : RPMB system services: init (Listener ID = 8192)
08-03 01:42:24.860   563   563 E QSEECOMD: : Listener: index = 1, hierarchy = 0
08-03 01:42:24.861   563   563 D QSEECOMD: : Init dlopen(libssd.so, RTLD_NOW) succeeds
08-03 01:42:24.861   563   563 D QSEECOMD: : Init::Init dlsym(g_FSHandle ssd_init_service) succeeds
08-03 01:42:24.861   563   563 E SSD     : ssd_init_service succeeded!
08-03 01:42:24.861   563   563 D QSEECOMD: : Init ssd_init_service ret = 0
08-03 01:42:24.861   563   563 D QSEECOMD: : SSD system services: init (Listener ID = 12288)
08-03 01:42:24.861   563   563 E QSEECOMD: : Listener: index = 2, hierarchy = 0
08-03 01:42:24.879   563   563 D QSEECOMD: : Init dlopen(libsecureui.so, RTLD_NOW) succeeds
08-03 01:42:24.879   563   563 D QSEECOMD: : Init::Init dlsym(g_FSHandle secure_ui_init) succeeds
08-03 01:42:24.879   563   563 D QSEECOMD: : Init secure_ui_init ret = 0
08-03 01:42:24.879   563   563 D QSEECOMD: : secure UI services: init (Listener ID = 16384)
08-03 01:42:24.879   563   563 D QSEECOMD: : qseecom listener service threads starting!!! 
08-03 01:42:24.879   563   563 D QSEECOMD: : Total listener services to start = 10
08-03 01:42:24.879   563   563 E QSEECOMD: : Listener: index = 0, hierarchy = 1
08-03 01:42:24.879   563   563 D QSEECOMD: : Init dlopen(librpmb.so, RTLD_NOW) succeeds
08-03 01:42:24.879   563   563 D QSEECOMD: : Init::Init dlsym(g_FSHandle rpmb_start) succeeds
08-03 01:42:24.879   563   563 D QSEECOMAPI: QSEECom_register_listener 8192 sb_length = 0x6400
08-03 01:42:24.879   563   563 E ion     : ioctl c0044901 failed with code -1: Not a typewriter
08-03 01:42:24.888     0     0 I subsys-pil-tz 15700000.qcom,lpass: adsp: Brought out of reset
08-03 01:42:24.889   563   563 D QSEECOMD: : Init rpmb_start ret = 0
08-03 01:42:24.889   563   563 D QSEECOMD: : RPMB system services: Started (Listener ID = 8192)
08-03 01:42:24.889   563   563 E QSEECOMD: : Listener: index = 1, hierarchy = 1
08-03 01:42:24.889   563   563 D QSEECOMD: : Init dlopen(libssd.so, RTLD_NOW) succeeds
08-03 01:42:24.889   563   563 D QSEECOMD: : Init::Init dlsym(g_FSHandle ssd_start) succeeds
08-03 01:42:24.889   563   563 D QSEECOMAPI: QSEECom_register_listener 12288 sb_length = 0x5000
08-03 01:42:24.890   563   563 D QSEECOMD: : Init ssd_start ret = 0
08-03 01:42:24.890   563   563 D QSEECOMD: : SSD system services: Started (Listener ID = 12288)
08-03 01:42:24.890   563   563 E QSEECOMD: : Listener: index = 2, hierarchy = 1
08-03 01:42:24.890   563   563 D QSEECOMD: : Init dlopen(libsecureui.so, RTLD_NOW) succeeds
08-03 01:42:24.890   563   563 D QSEECOMD: : Init::Init dlsym(g_FSHandle secure_ui_start) succeeds
08-03 01:42:24.890   563   563 D QSEECOMAPI: QSEECom_register_listener 16384 sb_length = 0x10a8
08-03 01:42:24.891   563   563 D QSEECOMD: : Init secure_ui_start ret = 0
08-03 01:42:24.891   563   563 D QSEECOMD: : secure UI services: Started (Listener ID = 16384)
08-03 01:42:24.891   563   563 E QSEECOMD: : Listener: index = 3, hierarchy = 1
08-03 01:42:24.893   563   563 D QSEECOMD: : Init dlopen(libdrmtime.so, RTLD_NOW) succeeds
08-03 01:42:24.893   563   563 D QSEECOMD: : Init::Init dlsym(g_FSHandle atime_start) succeeds
08-03 01:42:24.893   563   563 D DrmLibTime: QSEE Time Listener: atime_start
08-03 01:42:24.893   563   563 D QSEECOMAPI: QSEECom_register_listener 11 sb_length = 0x5000
08-03 01:42:24.893   563   563 D DrmLibTime: registering fs service to QSEECom is done!
08-03 01:42:24.893   563   563 D DrmLibTime: begin to create a thread!
08-03 01:42:24.893   563   563 D DrmLibTime: Creating a pthread in atime_start is done! return 0
08-03 01:42:24.894   563   563 D QSEECOMD: : Init atime_start ret = 0
08-03 01:42:24.894   563   563 D QSEECOMD: : time services: Started (Listener ID = 11)
08-03 01:42:24.894   563   563 E QSEECOMD: : Listener: index = 4, hierarchy = 1
08-03 01:42:24.894   563   569 D DrmLibTime: QSEE Time Listener: dispatch
08-03 01:42:24.894   563   569 D DrmLibTime: before calling ioctl to read the next time_cmd
08-03 01:42:24.894   563   563 D QSEECOMD: : Init dlopen(libdrmfs.so, RTLD_NOW) succeeds
08-03 01:42:24.894   563   563 D QSEECOMD: : Init::Init dlsym(g_FSHandle fs_start) succeeds
08-03 01:42:24.894   563   563 D QSEECOMAPI: QSEECom_register_listener 10 sb_length = 0x5000
08-03 01:42:24.894   563   563 D QSEECOMD: : Init fs_start ret = 0
08-03 01:42:24.894   563   563 D QSEECOMD: : file system services: Started (Listener ID = 10)
08-03 01:42:24.894   563   563 E QSEECOMD: : Listener: index = 5, hierarchy = 1
08-03 01:42:24.895   563   563 D QSEECOMD: : Init dlopen(libdrmfs.so, RTLD_NOW) succeeds
08-03 01:42:24.895   563   563 D QSEECOMD: : Init::Init dlsym(g_FSHandle gpfs_start) succeeds
08-03 01:42:24.896   563   563 D QSEECOMAPI: QSEECom_register_listener 28672 sb_length = 0x7e000
08-03 01:42:24.897   563   563 D QSEECOMD: : Init gpfs_start ret = 0
08-03 01:42:24.897   563   563 D QSEECOMD: : gpfile system services: Started (Listener ID = 28672)
08-03 01:42:24.897   563   563 E QSEECOMD: : Listener: index = 6, hierarchy = 1
08-03 01:42:24.899   563   563 D QSEECOMD: : Init dlopen(libqisl.so, RTLD_NOW) succeeds
08-03 01:42:24.899   563   563 D QSEECOMD: : Init::Init dlsym(g_FSHandle qisl_start) succeeds
--------- beginning of system
08-03 01:42:24.899   563   572 I QISL    : QSEE Interrupt Service Listener Thread is started
08-03 01:42:24.899   563   572 D QSEECOMAPI: QSEECom_register_listener 36864 sb_length = 0x1f4
08-03 01:42:24.900   563   572 I QISL    : QSEE Interrupt Service Listener was activated successfully
08-03 01:42:24.900   563   563 D QSEECOMD: : Init qisl_start ret = 0
08-03 01:42:24.900   563   563 D QSEECOMD: : interrupt services: Started (Listener ID = 36864)
08-03 01:42:24.900   563   563 E QSEECOMD: : Listener: index = 7, hierarchy = 1
08-03 01:42:24.900   563   563 E QSEECOMD: : Init dlopen(libspl.so, RLTD_NOW) is failed.... dlopen failed: library "libspl.so" not found
08-03 01:42:24.900   563   563 E QSEECOMD: : Listener: index = 8, hierarchy = 1
08-03 01:42:24.902   563   563 D QSEECOMD: : Init dlopen(libGPreqcancel.so, RTLD_NOW) succeeds
08-03 01:42:24.902   563   563 D QSEECOMD: : Init::Init dlsym(g_FSHandle gp_reqcancel_start) succeeds
08-03 01:42:24.902   563   563 D QSEECOMAPI: QSEECom_register_listener 4352 sb_length = 0x5000
08-03 01:42:24.903   563   563 D QSEECOMD: : Init gp_reqcancel_start ret = 0
08-03 01:42:24.903   563   563 D QSEECOMD: : gp request cancellation services: Started (Listener ID = 4352)
08-03 01:42:24.903   563   563 E QSEECOMD: : Listener: index = 9, hierarchy = 1
08-03 01:42:24.903   563   563 E QSEECOMD: : Init dlopen(libops.so, RLTD_NOW) is failed.... dlopen failed: library "libops.so" not found
08-03 01:42:24.904   563   563 D QSEECOMD: : QSEECOM DAEMON RUNNING 
08-03 01:42:24.907     0     0 I subsys-pil-tz 15700000.qcom,lpass: adsp: Power/Clock ready interrupt received
08-03 01:42:24.907     0     0 I subsys-pil-tz 15700000.qcom,lpass: Subsystem error monitoring/handling services are up
08-03 01:42:24.908     0     0 E pmic_analog_codec 800f000.qcom,spmi: qcom,pm660l@3:anlg-cdc@f000: Adsp is not loaded yet 0
08-03 01:42:24.908     0     0 E msm_sdw_codec 152c1000.msm-sdw-codec: Adsp is not loaded yet 0
08-03 01:42:24.914     0     0 I apr_tal_rpmsg qcom,glink: adsp.apr_audio_svc.-1.-1: apr_tal_rpmsg_probe: Channel[apr_audio_svc] state[Up]
08-03 01:42:24.915     0     0 E pmic_analog_codec 800f000.qcom,spmi: qcom,pm660l@3:anlg-cdc@f000: Adsp is not loaded yet 0
08-03 01:42:24.915     0     0 E msm_sdw_codec 152c1000.msm-sdw-codec: Adsp is not loaded yet 0
08-03 01:42:24.921     0     0 E pmic_analog_codec 800f000.qcom,spmi: qcom,pm660l@3:anlg-cdc@f000: Adsp is not loaded yet 0
08-03 01:42:24.921     0     0 E msm_sdw_codec 152c1000.msm-sdw-codec: Adsp is not loaded yet 0
08-03 01:42:24.926     0     0 I adsprpc : fastrpc_rpmsg_probe: opened rpmsg channel for adsp
08-03 01:42:24.927     0     0 E pmic_analog_codec 800f000.qcom,spmi: qcom,pm660l@3:anlg-cdc@f000: Adsp is not loaded yet 0
08-03 01:42:24.927     0     0 E msm_sdw_codec 152c1000.msm-sdw-codec: Adsp is not loaded yet 0
08-03 01:42:24.959   499   499 D QSEECOMAPI: QSEECom_get_handle sb_length = 0xa000
08-03 01:42:24.960   499   499 D QSEECOMAPI: App is already loaded QSEE and app id = 65537
08-03 01:42:24.960   499   499 E ion     : ioctl c0044901 failed with code -1: Not a typewriter
08-03 01:42:24.968   499   499 E KeymasterUtils: TA API Major Version: 4
08-03 01:42:24.968   499   499 E KeymasterUtils: TA API Minor Version: 0
08-03 01:42:24.968   499   499 E KeymasterUtils: TA Major Version: 4
08-03 01:42:24.968   499   499 E KeymasterUtils: TA Minor Version: 164
08-03 01:42:24.980   499   499 I ServiceManagement: Registered android.hardware.keymaster@4.0::IKeymasterDevice/default (start delay of 421ms)
08-03 01:42:24.980   499   499 I ServiceManagement: Removing namespace from process name android.hardware.keymaster@4.0-service-qti to keymaster@4.0-service-qti.
08-03 01:42:24.981     0     0 I         : init.qti.qseeco (564) used greatest stack depth: 11520 bytes left
08-03 01:42:24.981     0     0 I init    : wait for '/dev/block/bootdevice/by-name/eloconf' took 0ms
08-03 01:42:24.984     0     0 I EXT4-fs (mmcblk0p38): mounted filesystem with ordered data mode. Opts: barrier=1
08-03 01:42:25.033   506   506 I chatty  : uid=0(root) Binder:506_2 expire 75 lines
08-03 01:42:25.034   585   585 I vdc     : vdc V 08-03 01:42:25   586   586 vdc.cpp:50] Waited 0ms for vold
08-03 01:42:25.034   585   585 I vdc     : vdc E 08-03 01:42:25   586   586 vdc.cpp:60] Failed: Status(22, 22): 'No magic'
08-03 01:42:25.035   585   585 I vdc     : vdc terminated by exit(25)
08-03 01:42:25.041   581   581 I ServiceManagement: Registered android.hardware.atrace@1.0::IAtraceDevice/default (start delay of 42ms)
08-03 01:42:25.041   581   581 I ServiceManagement: Removing namespace from process name android.hardware.atrace@1.0-service to atrace@1.0-service.
08-03 01:42:25.046   582   582 I ServiceManagement: Registered android.hardware.boot@1.0::IBootControl/default (start delay of 38ms)
08-03 01:42:25.047   582   582 I ServiceManagement: Removing namespace from process name android.hardware.boot@1.0-service to boot@1.0-service.
08-03 01:42:25.047   582   582 I android.hardware.boot@1.0-service: Registration complete for android.hardware.boot@1.0::IBootControl/default.
08-03 01:42:25.047   584   584 D         : cryptfshw: svc service starting.
08-03 01:42:25.049   584   584 I ServiceManagement: Registered vendor.qti.hardware.cryptfshw@1.0::ICryptfsHw/default (start delay of 40ms)
08-03 01:42:25.049   584   584 I ServiceManagement: Removing namespace from process name vendor.qti.hardware.cryptfshw@1.0-service-qti to cryptfshw@1.0-service-qti.
08-03 01:42:25.049   584   584 E         : Registered CryptfsHw HAL service success
08-03 01:42:25.051   583   583 D QSEECOMAPI: QSEECom_get_handle sb_length = 0xa000
08-03 01:42:25.051   583   583 D QSEECOMAPI: App is already loaded QSEE and app id = 65537
08-03 01:42:25.051   583   583 E ion     : ioctl c0044901 failed with code -1: Not a typewriter
08-03 01:42:25.058   583   583 E KeymasterUtils: TA API Major Version: 4
08-03 01:42:25.058   583   583 E KeymasterUtils: TA API Minor Version: 0
08-03 01:42:25.058   583   583 E KeymasterUtils: TA Major Version: 4
08-03 01:42:25.058   583   583 E KeymasterUtils: TA Minor Version: 164
08-03 01:42:25.060   585   585 I vdc     : vdc V 08-03 01:42:25   587   587 vdc.cpp:50] Waited 0ms for vold
08-03 01:42:25.064   585   585 I vdc     : vdc terminated by exit(1)
08-03 01:42:25.064   583   583 I ServiceManagement: Registered android.hardware.gatekeeper@1.0::IGatekeeper/default (start delay of 56ms)
08-03 01:42:25.065   583   583 I ServiceManagement: Removing namespace from process name android.hardware.gatekeeper@1.0-service-qti to gatekeeper@1.0-service-qti.
08-03 01:42:25.065   583   583 I android.hardware.gatekeeper@1.0-service: Registration complete for android.hardware.gatekeeper@1.0::IGatekeeper/default.
08-03 01:42:25.066   506   549 I chatty  : uid=0(root) Binder:506_2 expire 1 line
08-03 01:42:25.325     0     0 I tune2fs : tune2fs 1.44.4 (18-Aug-2018)
08-03 01:42:25.326     0     0 W EXT4-fs (dm-6): Ignoring removed nomblk_io_submit option
08-03 01:42:25.332     0     0 I EXT4-fs (dm-6): mounted filesystem with ordered data mode. Opts: errors=remount-ro,nomblk_io_submit
08-03 01:42:25.488     0     0 I e2fsck  : e2fsck 1.44.4 (18-Aug-2018)
08-03 01:42:25.488     0     0 I e2fsck  : Pass 1: Checking inodes, blocks, and sizes
08-03 01:42:25.488     0     0 I e2fsck  : Pass 2: Checking directory structure
08-03 01:42:25.488     0     0 I e2fsck  : Pass 3: Checking directory connectivity
08-03 01:42:25.488     0     0 I e2fsck  : Pass 4: Checking reference counts
08-03 01:42:25.488     0     0 I e2fsck  : Pass 5: Checking group summary information
08-03 01:42:25.488     0     0 I e2fsck  : data: 451/915712 files (0.7% non-contiguous), 181809/3662109 blocks
08-03 01:42:25.514     0     0 I tune2fs : tune2fs 1.44.4 (18-Aug-2018)
08-03 01:42:25.514     0     0 I tune2fs : Setting reserved blocks gid to 1065
08-03 01:42:25.541     0     0 I EXT4-fs (dm-6): mounted filesystem with ordered data mode. Opts: barrier=1,noauto_da_alloc,discard,lazytime
08-03 01:42:25.549     0     0 W init    : 2 output lines suppressed due to ratelimiting
08-03 01:42:25.570     0     0 D vdc     : Waited 0ms for vold
08-03 01:42:25.576     0     0 I device-mapper: bow: Switching to state Checkpoint
08-03 01:42:25.602     0     0 D vdc     : Waited 0ms for vold
08-03 01:42:25.678   497   497 I hwservicemanager: getTransport: Cannot find entry android.hardware.keymaster@3.0::IKeymasterDevice/default in either framework or device manifest.
08-03 01:42:25.686   563   569 D DrmLibTime: got the req here! ret=0
08-03 01:42:25.686   563   569 D DrmLibTime: command id, time_cmd_id = 770
08-03 01:42:25.686   563   569 D DrmLibTime: time_getutcsec starts!
08-03 01:42:25.686   563   569 D DrmLibTime: QSEE Time Listener: time_getutcsec
08-03 01:42:25.686   563   569 D DrmLibTime: QSEE Time Listener: get_utc_seconds
08-03 01:42:25.686   563   569 D DrmLibTime: QSEE Time Listener: time_get_modem_time
08-03 01:42:25.686   563   569 D DrmLibTime: QSEE Time Listener: Checking if ATS_MODEM is set or not.
08-03 01:42:25.686   563   569 D QC-time-services: Lib:time_genoff_operation: pargs->base = 13
08-03 01:42:25.686   563   569 D QC-time-services: Lib:time_genoff_operation: pargs->operation = 2
08-03 01:42:25.686   563   569 D QC-time-services: Lib:time_genoff_operation: pargs->ts_val = 0
08-03 01:42:25.686   563   569 E QC-time-services: Lib:time_genoff_operation: Connection failed !!
08-03 01:42:25.686   563   569 D DrmLibTime: QSEE Time Listener: ATS_MODEM is not set. Fallback to Android system time.
08-03 01:42:25.686   563   569 D DrmLibTime: QSEE Time Listener: Retrieved Android system time: 1627969345
08-03 01:42:25.686   563   569 D DrmLibTime: time_getutcsec returns 0, sec = 1627969345; nsec = 0
08-03 01:42:25.686   563   569 D DrmLibTime: time_getutcsec finished! 
08-03 01:42:25.686   563   569 D DrmLibTime: iotcl_continue_command finished! and return 0 
08-03 01:42:25.686   563   569 D DrmLibTime: before calling ioctl to read the next time_cmd
08-03 01:42:25.730   506   506 D RefBase : RefBase: Explicit destruction, weak count = 0 (in 0x7f8841ea68)
08-03 01:42:25.730   506   506 W RefBase : CallStack::getCurrentInternal not linked, returning null
08-03 01:42:25.730   506   506 W RefBase : CallStack::logStackInternal not linked
08-03 01:42:25.825     0     0 W         : init (pid 1) is setting deprecated v1 encryption policy; recommend upgrading to v2.
08-03 01:42:25.827     0     0 I fscrypt : AES-256-CTS-CBC using implementation "cts(cbc-aes-ce)"
08-03 01:42:25.863   610   610 E fsverity_init: Failed to load /product/etc/security/fsverity/*.der
08-03 01:42:25.876   611   611 E /system/bin/mini-keyctl: Cannot find keyring id
08-03 01:42:25.892   612   612 E fsverity_init: Failed to restrict .fs-verity keyring
08-03 01:42:25.931   613   613 I apexd   : Marking APEXd as starting
08-03 01:42:25.931     0     0 I apexd   : Marking APEXd as starting
08-03 01:42:25.938   613   613 I apexd   : Scanning /system/apex for embedded keys
08-03 01:42:25.938     0     0 I apexd   : Scanning /system/apex for embedded keys
08-03 01:42:25.939   613   613 I apexd   : Scanning /product/apex for embedded keys
08-03 01:42:25.939     0     0 I apexd   : Scanning /product/apex for embedded keys
08-03 01:42:25.939   613   613 I apexd   : ... does not exist. Skipping
08-03 01:42:25.939   613   613 I apexd   : Populating APEX database from mounts...
08-03 01:42:25.939     0     0 I apexd   : ... does not exist. Skipping
08-03 01:42:25.939     0     0 I apexd   : Populating APEX database from mounts...
08-03 01:42:25.939   613   613 E apexd   : Failed to walk /product/apex : Can't open /product/apex for reading : No such file or directory
08-03 01:42:25.939     0     0 E apexd   : Failed to walk /product/apex : Can't open /product/apex for reading : No such file or directory
08-03 01:42:25.939   613   613 I apexd   : Found "/apex/com.android.tzdata@290000000"
08-03 01:42:25.939     0     0 I apexd   : Found "/apex/com.android.tzdata@290000000"
08-03 01:42:25.939   613   613 I apexd   : Found "/apex/com.android.runtime@1"
08-03 01:42:25.939     0     0 I apexd   : Found "/apex/com.android.runtime@1"
08-03 01:42:25.939   613   613 I apexd   : 2 packages restored.
08-03 01:42:25.939     0     0 I apexd   : 2 packages restored.
08-03 01:42:25.939   613   613 I apexd   : Scanning /data/apex/sessions looking for sessions to be activated.
08-03 01:42:25.939     0     0 I apexd   : Scanning /data/apex/sessions looking for sessions to be activated.
08-03 01:42:25.940   613   613 I apexd   : Scanning /data/apex/active looking for APEX packages.
08-03 01:42:25.940   613   613 I apexd   : Activated 0 packages. Skipped: 0
08-03 01:42:25.940   613   613 I apexd   : Scanning /system/apex looking for APEX packages.
08-03 01:42:25.940   613   613 I apexd   : Found /system/apex/com.android.media
08-03 01:42:25.940   613   613 V apexd   : Creating mount point: /apex/com.android.media@290000000
08-03 01:42:25.940   613   613 I apexd   : Successfully bind-mounted flattened package /system/apex/com.android.media on /apex/com.android.media@290000000
08-03 01:42:25.940   613   613 V apexd   : Creating bind-mount for /apex/com.android.media for /apex/com.android.media@290000000
08-03 01:42:25.940   613   613 V apexd   : Creating mountpoint /apex/com.android.media
08-03 01:42:25.940   613   613 V apexd   : Bind-mounting /apex/com.android.media@290000000 to /apex/com.android.media
08-03 01:42:25.940   613   613 D apexd   : Successfully activated /system/apex/com.android.media package_name: com.android.media version: 290000000
08-03 01:42:25.940   613   613 I apexd   : Found /system/apex/com.android.tzdata
08-03 01:42:25.940   613   613 I apexd   : Skipping activation of /system/apex/com.android.tzdata same package with higher version 290000000 is already active
08-03 01:42:25.940   613   613 I apexd   : Found /system/apex/com.android.conscrypt
08-03 01:42:25.940   613   613 V apexd   : Creating mount point: /apex/com.android.conscrypt@290000000
08-03 01:42:25.940   613   613 I apexd   : Successfully bind-mounted flattened package /system/apex/com.android.conscrypt on /apex/com.android.conscrypt@290000000
08-03 01:42:25.940   613   613 V apexd   : Creating bind-mount for /apex/com.android.conscrypt for /apex/com.android.conscrypt@290000000
08-03 01:42:25.940   613   613 V apexd   : Creating mountpoint /apex/com.android.conscrypt
08-03 01:42:25.941   613   613 V apexd   : Bind-mounting /apex/com.android.conscrypt@290000000 to /apex/com.android.conscrypt
08-03 01:42:25.941   613   613 D apexd   : Successfully activated /system/apex/com.android.conscrypt package_name: com.android.conscrypt version: 290000000
08-03 01:42:25.941   613   613 I apexd   : Found /system/apex/com.android.media.swcodec
08-03 01:42:25.941   613   613 V apexd   : Creating mount point: /apex/com.android.media.swcodec@290000000
08-03 01:42:25.941   613   613 I apexd   : Successfully bind-mounted flattened package /system/apex/com.android.media.swcodec on /apex/com.android.media.swcodec@290000000
08-03 01:42:25.941   613   613 V apexd   : Creating bind-mount for /apex/com.android.media.swcodec for /apex/com.android.media.swcodec@290000000
08-03 01:42:25.941   613   613 V apexd   : Creating mountpoint /apex/com.android.media.swcodec
08-03 01:42:25.941   613   613 V apexd   : Bind-mounting /apex/com.android.media.swcodec@290000000 to /apex/com.android.media.swcodec
08-03 01:42:25.941   613   613 D apexd   : Successfully activated /system/apex/com.android.media.swcodec package_name: com.android.media.swcodec version: 290000000
08-03 01:42:25.941   613   613 I apexd   : Found /system/apex/com.android.resolv
08-03 01:42:25.941   613   613 V apexd   : Creating mount point: /apex/com.android.resolv@290000000
08-03 01:42:25.941   613   613 I apexd   : Successfully bind-mounted flattened package /system/apex/com.android.resolv on /apex/com.android.resolv@290000000
08-03 01:42:25.941   613   613 V apexd   : Creating bind-mount for /apex/com.android.resolv for /apex/com.android.resolv@290000000
08-03 01:42:25.941   613   613 V apexd   : Creating mountpoint /apex/com.android.resolv
08-03 01:42:25.941   613   613 V apexd   : Bind-mounting /apex/com.android.resolv@290000000 to /apex/com.android.resolv
08-03 01:42:25.941   613   613 D apexd   : Successfully activated /system/apex/com.android.resolv package_name: com.android.resolv version: 290000000
08-03 01:42:25.941   613   613 I apexd   : Found /system/apex/com.android.runtime.debug
08-03 01:42:25.941   613   613 I apexd   : Skipping activation of /system/apex/com.android.runtime.debug same package with higher version 1 is already active
08-03 01:42:25.941   613   613 I apexd   : Activated 4 packages. Skipped: 2
08-03 01:42:25.941   613   613 I apexd   : Scanning /product/apex looking for APEX packages.
08-03 01:42:25.941   613   613 E apexd   : Failed to activate packages from /product/apex : Failed to scan /product/apex : Can't open /product/apex for reading : No such file or directory
08-03 01:42:25.942   613   613 I apexd   : Marking APEXd as ready
08-03 01:42:25.968     0     0 D vdc     : Waited 0ms for vold
08-03 01:42:26.652   497   497 I hwservicemanager: getTransport: Cannot find entry android.hardware.keymaster@3.0::IKeymasterDevice/default in either framework or device manifest.
08-03 01:42:26.654   563   569 D DrmLibTime: got the req here! ret=0
08-03 01:42:26.654   563   569 D DrmLibTime: command id, time_cmd_id = 770
08-03 01:42:26.654   563   569 D DrmLibTime: time_getutcsec starts!
08-03 01:42:26.654   563   569 D DrmLibTime: QSEE Time Listener: time_getutcsec
08-03 01:42:26.654   563   569 D DrmLibTime: QSEE Time Listener: get_utc_seconds
08-03 01:42:26.654   563   569 D DrmLibTime: QSEE Time Listener: time_get_modem_time
08-03 01:42:26.654   563   569 D DrmLibTime: QSEE Time Listener: Checking if ATS_MODEM is set or not.
08-03 01:42:26.654   563   569 D QC-time-services: Lib:time_genoff_operation: pargs->base = 13
08-03 01:42:26.654   563   569 D QC-time-services: Lib:time_genoff_operation: pargs->operation = 2
08-03 01:42:26.654   563   569 D QC-time-services: Lib:time_genoff_operation: pargs->ts_val = 0
08-03 01:42:26.654   563   569 E QC-time-services: Lib:time_genoff_operation: Connection failed !!
08-03 01:42:26.654   563   569 D DrmLibTime: QSEE Time Listener: ATS_MODEM is not set. Fallback to Android system time.
08-03 01:42:26.654   563   569 D DrmLibTime: QSEE Time Listener: Retrieved Android system time: 1627969346
08-03 01:42:26.654   563   569 D DrmLibTime: time_getutcsec returns 0, sec = 1627969346; nsec = 0
08-03 01:42:26.654   563   569 D DrmLibTime: time_getutcsec finished! 
08-03 01:42:26.654   563   569 D DrmLibTime: iotcl_continue_command finished! and return 0 
08-03 01:42:26.654   563   569 D DrmLibTime: before calling ioctl to read the next time_cmd
08-03 01:42:26.692   506   506 D RefBase : RefBase: Explicit destruction, weak count = 0 (in 0x7f8841e9e8)
08-03 01:42:26.693   506   506 W RefBase : CallStack::getCurrentInternal not linked, returning null
08-03 01:42:26.693   506   506 W RefBase : CallStack::logStackInternal not linked
08-03 01:42:26.810   497   497 I hwservicemanager: getTransport: Cannot find entry android.hardware.keymaster@3.0::IKeymasterDevice/default in either framework or device manifest.
08-03 01:42:26.813   563   569 D DrmLibTime: got the req here! ret=0
08-03 01:42:26.813   563   569 D DrmLibTime: command id, time_cmd_id = 770
08-03 01:42:26.813   563   569 D DrmLibTime: time_getutcsec starts!
08-03 01:42:26.813   563   569 D DrmLibTime: QSEE Time Listener: time_getutcsec
08-03 01:42:26.813   563   569 D DrmLibTime: QSEE Time Listener: get_utc_seconds
08-03 01:42:26.813   563   569 D DrmLibTime: QSEE Time Listener: time_get_modem_time
08-03 01:42:26.813   563   569 D DrmLibTime: QSEE Time Listener: Checking if ATS_MODEM is set or not.
08-03 01:42:26.813   563   569 D QC-time-services: Lib:time_genoff_operation: pargs->base = 13
08-03 01:42:26.813   563   569 D QC-time-services: Lib:time_genoff_operation: pargs->operation = 2
08-03 01:42:26.813   563   569 D QC-time-services: Lib:time_genoff_operation: pargs->ts_val = 0
08-03 01:42:26.813   563   569 E QC-time-services: Lib:time_genoff_operation: Connection failed !!
08-03 01:42:26.813   563   569 D DrmLibTime: QSEE Time Listener: ATS_MODEM is not set. Fallback to Android system time.
08-03 01:42:26.813   563   569 D DrmLibTime: QSEE Time Listener: Retrieved Android system time: 1627969346
08-03 01:42:26.813   563   569 D DrmLibTime: time_getutcsec returns 0, sec = 1627969346; nsec = 0
08-03 01:42:26.813   563   569 D DrmLibTime: time_getutcsec finished! 
08-03 01:42:26.813   563   569 D DrmLibTime: iotcl_continue_command finished! and return 0 
08-03 01:42:26.813   563   569 D DrmLibTime: before calling ioctl to read the next time_cmd
08-03 01:42:26.854   506   506 D RefBase : RefBase: Explicit destruction, weak count = 0 (in 0x7f8841ea68)
08-03 01:42:26.854   506   506 W RefBase : CallStack::getCurrentInternal not linked, returning null
08-03 01:42:26.854   506   506 W RefBase : CallStack::logStackInternal not linked
08-03 01:42:26.910   617   617 D vold_prepare_subdirs: Setting up mode 700 uid 0 gid 0 context u:object_r:vold_data_file:s0 on path: /data/misc_de/0/vold
08-03 01:42:26.911   617   617 D vold_prepare_subdirs: Setting up mode 700 uid 0 gid 0 context u:object_r:storaged_data_file:s0 on path: /data/misc_de/0/storaged
08-03 01:42:26.911   617   617 D vold_prepare_subdirs: Setting up mode 700 uid 0 gid 0 context u:object_r:rollback_data_file:s0 on path: /data/misc_de/0/rollback
08-03 01:42:26.912   617   617 D vold_prepare_subdirs: Setting up mode 700 uid 1000 gid 1000 context u:object_r:fingerprint_vendor_data_file:s0 on path: /data/vendor_de/0/fpdata
08-03 01:42:26.912   617   617 D vold_prepare_subdirs: Setting up mode 700 uid 1000 gid 1000 context u:object_r:face_vendor_data_file:s0 on path: /data/vendor_de/0/facedata
08-03 01:42:26.919     1     1 I auditd  : type=1400 audit(0.0:4): avc: denied { read } for comm="init" name="nativetest" dev="dm-6" ino=116 scontext=u:r:init:s0 tcontext=u:object_r:nativetest_data_file:s0 tclass=dir permissive=0 b/77873135
08-03 01:42:26.919     1     1 W init    : type=1400 audit(0.0:4): avc: denied { read } for name="nativetest" dev="dm-6" ino=116 scontext=u:r:init:s0 tcontext=u:object_r:nativetest_data_file:s0 tclass=dir permissive=0 b/77873135
08-03 01:42:26.939     1     1 I auditd  : type=1400 audit(0.0:5): avc: denied { read } for comm="init" name="nativetest64" dev="dm-6" ino=119 scontext=u:r:init:s0 tcontext=u:object_r:nativetest_data_file:s0 tclass=dir permissive=0 b/77873135
08-03 01:42:26.939     1     1 W init    : type=1400 audit(0.0:5): avc: denied { read } for name="nativetest64" dev="dm-6" ino=119 scontext=u:r:init:s0 tcontext=u:object_r:nativetest_data_file:s0 tclass=dir permissive=0 b/77873135
08-03 01:42:26.940   629   629 I OEM-HPM : /vendor/bin/oem_hotplug_monitor has 1 parameters
08-03 01:42:26.958     0     0 E selinux : SELinux:  Could not read /data/nativetest64: Permission denied.
08-03 01:42:27.209     1     1 I auditd  : type=1400 audit(0.0:6): avc: denied { setattr } for comm="init" name="nativetest" dev="dm-6" ino=116 scontext=u:r:init:s0 tcontext=u:object_r:nativetest_data_file:s0 tclass=dir permissive=0 b/77873135
08-03 01:42:27.209     1     1 W init    : type=1400 audit(0.0:6): avc: denied { setattr } for name="nativetest" dev="dm-6" ino=116 scontext=u:r:init:s0 tcontext=u:object_r:nativetest_data_file:s0 tclass=dir permissive=0 b/77873135
