08-03 01:45:45.900   721  1129 V AudioFlinger: onIdleMixer
08-03 01:45:45.908   721  1118 V AudioFlinger: onIdleMixer
08-03 01:45:45.919   721  1118 V AudioFlinger: onIdleMixer
08-03 01:45:45.920   721  1129 V AudioFlinger: onIdleMixer
08-03 01:45:45.925  1085  3818 V GraphicBufferSource: onInputBufferEmptied: bufferId=6@0 [slot=7, useCount=1, handle=0xeb45de80] acquired=1
08-03 01:45:45.927   721  1118 V AudioFlinger: onIdleMixer
08-03 01:45:45.937   721  1118 V AudioFlinger: onIdleMixer
08-03 01:45:45.939  1085  3548 V GraphicBufferSource: onFrameAvailable: executing=1 available=0+0
08-03 01:45:45.939  1085  3548 V GraphicBufferSource: fillCodecBuffer_l: getting available buffer, available=1+0
08-03 01:45:45.939  1085  3548 V GraphicBufferSource: submitBuffer_l [slot=4, bufferId=7]
08-03 01:45:45.940  1085  3548 V GraphicBufferSource: emptyGraphicBuffer succeeded, bufferId=7@0 bufhandle=0xeadf0180
08-03 01:45:45.940  1085  3548 V GraphicBufferSource: buffer submitted [slot=4, useCount=3] acquired=1
08-03 01:45:45.940   721  1129 V AudioFlinger: onIdleMixer
08-03 01:45:45.947   721  1118 V AudioFlinger: onIdleMixer
08-03 01:45:45.958  1085  3548 V GraphicBufferSource: onFrameAvailable: executing=1 available=0+0
08-03 01:45:45.958  1085  3548 V GraphicBufferSource: fillCodecBuffer_l: getting available buffer, available=1+0
08-03 01:45:45.958  1085  3548 V GraphicBufferSource: submitBuffer_l [slot=5, bufferId=8]
08-03 01:45:45.958  1085  3548 V GraphicBufferSource: emptyGraphicBuffer succeeded, bufferId=8@1 bufhandle=0xeadf0200
08-03 01:45:45.958  1085  3548 V GraphicBufferSource: buffer submitted [slot=5, useCount=3] acquired=2
08-03 01:45:45.959   721  1118 V AudioFlinger: onIdleMixer
08-03 01:45:45.961  1085  3818 V GraphicBufferSource: onInputBufferEmptied: bufferId=7@0 [slot=4, useCount=1, handle=0xeadf0180] acquired=2
08-03 01:45:45.961   721  1129 V AudioFlinger: onIdleMixer
08-03 01:45:45.967   721  1118 V AudioFlinger: onIdleMixer
08-03 01:45:45.977   721  1118 V AudioFlinger: onIdleMixer
08-03 01:45:45.981   721  1129 V AudioFlinger: onIdleMixer
08-03 01:45:45.987   721  1118 V AudioFlinger: onIdleMixer
08-03 01:45:45.989  1085  3548 V GraphicBufferSource: onFrameAvailable: executing=1 available=0+0
08-03 01:45:45.989  1085  3548 V GraphicBufferSource: fillCodecBuffer_l: getting available buffer, available=1+0
08-03 01:45:45.989  1085  3548 V GraphicBufferSource: submitBuffer_l [slot=6, bufferId=9]
08-03 01:45:45.989  1085  3548 V GraphicBufferSource: emptyGraphicBuffer succeeded, bufferId=9@1 bufhandle=0xeb45de00
08-03 01:45:45.989  1085  3548 V GraphicBufferSource: buffer submitted [slot=6, useCount=3] acquired=2
08-03 01:45:45.991  1085  3818 V GraphicBufferSource: onInputBufferEmptied: bufferId=8@0 [slot=5, useCount=1, handle=0xeadf0200] acquired=2
08-03 01:45:45.998   721  1118 V AudioFlinger: onIdleMixer
08-03 01:45:46.003   721  1129 V AudioFlinger: onIdleMixer
08-03 01:45:46.007   721  1118 V AudioFlinger: onIdleMixer
08-03 01:45:46.022   721  1118 V AudioFlinger: onIdleMixer
08-03 01:45:46.023   721  1129 V AudioFlinger: onIdleMixer
08-03 01:45:46.024  1085  3818 V GraphicBufferSource: onInputBufferEmptied: bufferId=9@0 [slot=6, useCount=1, handle=0xeb45de00] acquired=1
08-03 01:45:46.027   721  1118 V AudioFlinger: onIdleMixer
08-03 01:45:46.030  1085  2142 V GraphicBufferSource: onFrameAvailable: executing=1 available=0+0
08-03 01:45:46.030  1085  2142 V GraphicBufferSource: fillCodecBuffer_l: getting available buffer, available=1+0
08-03 01:45:46.030  1085  2142 V GraphicBufferSource: submitBuffer_l [slot=0, bufferId=1]
08-03 01:45:46.030  1085  2142 V GraphicBufferSource: emptyGraphicBuffer succeeded, bufferId=1@0 bufhandle=0xeb45dd80
08-03 01:45:46.030  1085  2142 V GraphicBufferSource: buffer submitted [slot=0, useCount=3] acquired=1
08-03 01:45:46.037   721  1118 V AudioFlinger: onIdleMixer
08-03 01:45:46.043   721  1129 V AudioFlinger: releaseWakeLock_l() AudioOut_1D
08-03 01:45:46.044   721  1129 V AudioFlinger: thread 0x7221895280 type 0 TID 1129 going to sleep
08-03 01:45:46.047   721  1118 V AudioFlinger: onIdleMixer
08-03 01:45:46.057   721  1118 V AudioFlinger: onIdleMixer
08-03 01:45:46.061  1085  3818 V GraphicBufferSource: onInputBufferEmptied: bufferId=1@0 [slot=0, useCount=1, handle=0xeb45dd80] acquired=1
08-03 01:45:46.066  1085  2142 V GraphicBufferSource: onFrameAvailable: executing=1 available=0+0
08-03 01:45:46.066  1085  2142 V GraphicBufferSource: fillCodecBuffer_l: getting available buffer, available=1+0
08-03 01:45:46.066  1085  2142 V GraphicBufferSource: submitBuffer_l [slot=1, bufferId=2]
08-03 01:45:46.066  1085  2142 V GraphicBufferSource: emptyGraphicBuffer succeeded, bufferId=2@0 bufhandle=0xeadf0000
08-03 01:45:46.066  1085  2142 V GraphicBufferSource: buffer submitted [slot=1, useCount=3] acquired=1
08-03 01:45:46.067   721  1118 V AudioFlinger: onIdleMixer
08-03 01:45:46.077   721  1118 V AudioFlinger: onIdleMixer
08-03 01:45:46.087   721  1118 V AudioFlinger: onIdleMixer
08-03 01:45:46.092  1085  3548 V GraphicBufferSource: onFrameAvailable: executing=1 available=0+0
08-03 01:45:46.092  1085  3548 V GraphicBufferSource: fillCodecBuffer_l: getting available buffer, available=1+0
08-03 01:45:46.092  1085  3548 V GraphicBufferSource: submitBuffer_l [slot=2, bufferId=3]
08-03 01:45:46.092  1085  3548 V GraphicBufferSource: emptyGraphicBuffer succeeded, bufferId=3@1 bufhandle=0xeadf0080
08-03 01:45:46.092  1085  3548 V GraphicBufferSource: buffer submitted [slot=2, useCount=3] acquired=2
08-03 01:45:46.096  1085  3818 V GraphicBufferSource: onInputBufferEmptied: bufferId=2@0 [slot=1, useCount=1, handle=0xeadf0000] acquired=2
08-03 01:45:46.097   721  1118 V AudioFlinger: onIdleMixer
08-03 01:45:46.108   721  1118 V AudioFlinger: onIdleMixer
08-03 01:45:46.118   721  1118 V AudioFlinger: onIdleMixer
08-03 01:45:46.126  1085  3818 V GraphicBufferSource: onInputBufferEmptied: bufferId=3@0 [slot=2, useCount=1, handle=0xeadf0080] acquired=1
08-03 01:45:46.127   721  1118 V AudioFlinger: onIdleMixer
08-03 01:45:46.137   721  1118 V AudioFlinger: onIdleMixer
08-03 01:45:46.142  1085  2142 V GraphicBufferSource: onFrameAvailable: executing=1 available=0+0
08-03 01:45:46.142  1085  2142 V GraphicBufferSource: fillCodecBuffer_l: getting available buffer, available=1+0
08-03 01:45:46.142  1085  2142 V GraphicBufferSource: submitBuffer_l [slot=3, bufferId=4]
08-03 01:45:46.143  1085  2142 V GraphicBufferSource: emptyGraphicBuffer succeeded, bufferId=4@0 bufhandle=0xeadf0100
08-03 01:45:46.143  1085  2142 V GraphicBufferSource: buffer submitted [slot=3, useCount=3] acquired=1
08-03 01:45:46.147   721  1118 V AudioFlinger: onIdleMixer
08-03 01:45:46.157   721  1118 V AudioFlinger: onIdleMixer
08-03 01:45:46.157  1085  3572 V GraphicBufferSource: onFrameAvailable: executing=1 available=0+0
08-03 01:45:46.157  1085  3572 V GraphicBufferSource: fillCodecBuffer_l: getting available buffer, available=1+0
08-03 01:45:46.157  1085  3572 V GraphicBufferSource: submitBuffer_l [slot=7, bufferId=5]
08-03 01:45:46.158  1085  3572 V GraphicBufferSource: emptyGraphicBuffer succeeded, bufferId=5@1 bufhandle=0xeb45de80
08-03 01:45:46.158  1085  3572 V GraphicBufferSource: buffer submitted [slot=7, useCount=3] acquired=2
08-03 01:45:46.168   721  1118 V AudioFlinger: onIdleMixer
08-03 01:45:46.175  1085  3818 V GraphicBufferSource: onInputBufferEmptied: bufferId=4@0 [slot=3, useCount=1, handle=0xeadf0100] acquired=2
08-03 01:45:46.178   721  1118 V AudioFlinger: onIdleMixer
08-03 01:45:46.187   721  1118 V AudioFlinger: onIdleMixer
08-03 01:45:46.190  1085  2142 V GraphicBufferSource: onFrameAvailable: executing=1 available=0+0
08-03 01:45:46.190  1085  2142 V GraphicBufferSource: fillCodecBuffer_l: getting available buffer, available=1+0
08-03 01:45:46.191  1085  2142 V GraphicBufferSource: submitBuffer_l [slot=4, bufferId=6]
08-03 01:45:46.191  1085  2142 V GraphicBufferSource: emptyGraphicBuffer succeeded, bufferId=6@1 bufhandle=0xeadf0180
08-03 01:45:46.191  1085  2142 V GraphicBufferSource: buffer submitted [slot=4, useCount=3] acquired=2
08-03 01:45:46.197   721  1118 V AudioFlinger: onIdleMixer
08-03 01:45:46.200  1085  3818 V GraphicBufferSource: onInputBufferEmptied: bufferId=5@0 [slot=7, useCount=1, handle=0xeb45de80] acquired=2
08-03 01:45:46.207   721  1118 V AudioFlinger: onIdleMixer
08-03 01:45:46.217   721  1118 V AudioFlinger: onIdleMixer
08-03 01:45:46.226  1085  2142 V GraphicBufferSource: onFrameAvailable: executing=1 available=0+0
08-03 01:45:46.226  1085  2142 V GraphicBufferSource: fillCodecBuffer_l: getting available buffer, available=1+0
08-03 01:45:46.226  1085  2142 V GraphicBufferSource: submitBuffer_l [slot=5, bufferId=7]
08-03 01:45:46.227   721  1118 V AudioFlinger: onIdleMixer
08-03 01:45:46.227  1085  2142 V GraphicBufferSource: emptyGraphicBuffer succeeded, bufferId=7@1 bufhandle=0xeadf0200
08-03 01:45:46.227  1085  2142 V GraphicBufferSource: buffer submitted [slot=5, useCount=3] acquired=2
08-03 01:45:46.229  1085  3818 V GraphicBufferSource: onInputBufferEmptied: bufferId=6@0 [slot=4, useCount=1, handle=0xeadf0180] acquired=2
08-03 01:45:46.237   721  1118 V AudioFlinger: onIdleMixer
08-03 01:45:46.249   721  1118 V AudioFlinger: onIdleMixer
08-03 01:45:46.258  1085  2142 V GraphicBufferSource: onFrameAvailable: executing=1 available=0+0
08-03 01:45:46.258  1085  2142 V GraphicBufferSource: fillCodecBuffer_l: getting available buffer, available=1+0
08-03 01:45:46.258  1085  2142 V GraphicBufferSource: submitBuffer_l [slot=6, bufferId=8]
08-03 01:45:46.258  1085  2142 V GraphicBufferSource: emptyGraphicBuffer succeeded, bufferId=8@1 bufhandle=0xeb45de00
08-03 01:45:46.258  1085  2142 V GraphicBufferSource: buffer submitted [slot=6, useCount=3] acquired=2
08-03 01:45:46.258  1085  3818 V GraphicBufferSource: onInputBufferEmptied: bufferId=7@0 [slot=5, useCount=1, handle=0xeadf0200] acquired=2
08-03 01:45:46.259   721  1118 V AudioFlinger: onIdleMixer
08-03 01:45:46.259  1069  3854 V MPEG4Writer: Audio media time stamp: 2389296 and previous paused duration 2935
08-03 01:45:46.259  1069  3854 V MPEG4Writer: Audio timestampUs/lastTimestampUs: 2389379/2368046
08-03 01:45:46.260  1069  3821 V ACodec  : [OMX.qcom.audio.encoder.aac] calling fillBuffer 4
08-03 01:45:46.262  1069  3815 V ACodec  : [OMX.qcom.video.encoder.avc] onOMXFillBufferDone 10 time 2322128 us, flags = 0x00000002
08-03 01:45:46.262  1069  3814 V MediaCodec: -- empty queue, so ignore that.
08-03 01:45:46.262  1069  3813 V MediaCodecSource: [video] time 2322128 us (2.32 secs), dts/pts diff 0
08-03 01:45:46.262  1069  3850 V MPEG4Writer: decoding time: 2297703 and ctts offset time: 1800000000
08-03 01:45:46.262  1069  3850 V MPEG4Writer: Video media time stamp: 2297703 and previous paused duration 24425
08-03 01:45:46.262  1069  3850 V MPEG4Writer: Video timestampUs/lastTimestampUs: 2297703/2264500
08-03 01:45:46.262  1069  3815 V ACodec  : [OMX.qcom.video.encoder.avc] calling fillBuffer 10
08-03 01:45:46.263  1069  3819 V AudioRecord: processAudioBuffer(22): obtainBuffer(512) returned 960 = 512 + 448 err 0
08-03 01:45:46.263  1069  3819 V AudioSource: dataCallbackTimestamp: 209354865 us
08-03 01:45:46.263  1069  3819 V AudioRecord: processAudioBuffer(22): obtainBuffer(512) returned 448 = 192 + 256 err 0
08-03 01:45:46.264  1069  3813 V AudioSource: signalBufferReturned: 0xea417800
08-03 01:45:46.264  1069  3821 V ACodec  : [OMX.qcom.audio.encoder.aac] calling emptyBuffer 2 w/ time 2422935 us
08-03 01:45:46.265  1069  3819 V AudioRecord: processAudioBuffer(22): obtainBuffer(512) returned 448 = 192 + 256 err 0
08-03 01:45:46.266  1069  3819 V AudioSource: dataCallbackTimestamp: 209365532 us
08-03 01:45:46.266  1069  3819 V AudioRecord: processAudioBuffer(22): obtainBuffer(320) returned 256 = 256 + 0 err 0
08-03 01:45:46.266  1069  3819 V AudioSource: dataCallbackTimestamp: 209369532 us
08-03 01:45:46.267   721  1118 V AudioFlinger: onIdleMixer
08-03 01:45:46.267  1069  3819 V AudioRecord: processAudioBuffer(22): obtainBuffer(64) returned 0 = 0 + 0 err -11
08-03 01:45:46.267  1069  3813 V AudioSource: signalBufferReturned: 0xea3c4b00
08-03 01:45:46.267  1069  3821 V ACodec  : [OMX.qcom.audio.encoder.aac] onOMXEmptyBufferDone 2
08-03 01:45:46.268  1069  3821 V ACodec  : [OMX.qcom.audio.encoder.aac] calling emptyBuffer 1 w/ time 2433602 us
08-03 01:45:46.268  1069  3813 V AudioSource: signalBufferReturned: 0xea3b8400
08-03 01:45:46.268  1069  3821 V ACodec  : [OMX.qcom.audio.encoder.aac] calling emptyBuffer 2 w/ time 2437602 us
08-03 01:45:46.269  1069  3821 V ACodec  : [OMX.qcom.audio.encoder.aac] onOMXEmptyBufferDone 1
08-03 01:45:46.269  1069  3821 V ACodec  : [OMX.qcom.audio.encoder.aac] onOMXEmptyBufferDone 2
08-03 01:45:46.275  1069  3821 V ACodec  : [OMX.qcom.audio.encoder.aac] onOMXFillBufferDone 5 time 2413564 us, flags = 0x80000000
08-03 01:45:46.275  1069  3821 V MediaCodec: -- Looking at startdata. presentation 2393602, start 209341884032
08-03 01:45:46.275  1069  3821 V MediaCodec: --  drop entry for 2393602, before our frame of 2413564
08-03 01:45:46.275  1069  3821 V MediaCodec: -- Looking at startdata. presentation 2402935, start 209364046011
08-03 01:45:46.275  1069  3821 V MediaCodec: --  drop entry for 2402935, before our frame of 2413564
08-03 01:45:46.275  1069  3821 V MediaCodec: -- Looking at startdata. presentation 2413602, start 209366164136
08-03 01:45:46.275  1069  3821 V MediaCodec: --  found entry for 2413602, AFTER our frame of 2413564 we have nothing to pair with
08-03 01:45:46.276  1069  3813 V MediaCodecSource: [audio] time 2413564 us (2.41 secs), drift 0
08-03 01:45:46.276  1069  3854 V MPEG4Writer: Audio media time stamp: 2410629 and previous paused duration 2935
08-03 01:45:46.276  1069  3854 V MPEG4Writer: Audio timestampUs/lastTimestampUs: 2410712/2389379
08-03 01:45:46.277  1069  3821 V ACodec  : [OMX.qcom.audio.encoder.aac] calling fillBuffer 5
08-03 01:45:46.278   721  1118 V AudioFlinger: onIdleMixer
08-03 01:45:46.283  1069  3819 V AudioRecord: processAudioBuffer(22): obtainBuffer(512) returned 960 = 512 + 448 err 0
08-03 01:45:46.283  1069  3819 V AudioSource: dataCallbackTimestamp: 209374832 us
08-03 01:45:46.284  1069  3819 V AudioRecord: processAudioBuffer(22): obtainBuffer(512) returned 448 = 448 + 0 err 0
08-03 01:45:46.284  1069  3813 V AudioSource: signalBufferReturned: 0xea452000
08-03 01:45:46.284  1069  3821 V ACodec  : [OMX.qcom.audio.encoder.aac] calling emptyBuffer 1 w/ time 2442935 us
08-03 01:45:46.285  1069  3819 V AudioRecord: processAudioBuffer(22): obtainBuffer(512) returned 448 = 448 + 0 err 0
08-03 01:45:46.285  1069  3819 V AudioSource: dataCallbackTimestamp: 209385499 us
08-03 01:45:46.286  1069  3819 V AudioRecord: processAudioBuffer(22): obtainBuffer(64) returned 0 = 0 + 0 err -11
08-03 01:45:46.286  1069  3813 V AudioSource: signalBufferReturned: 0xea39b800
08-03 01:45:46.286  1069  3821 V ACodec  : [OMX.qcom.audio.encoder.aac] onOMXEmptyBufferDone 1
08-03 01:45:46.286  1069  3821 V ACodec  : [OMX.qcom.audio.encoder.aac] calling emptyBuffer 2 w/ time 2453602 us
08-03 01:45:46.287   721  1118 V AudioFlinger: onIdleMixer
08-03 01:45:46.287  1069  3821 V ACodec  : [OMX.qcom.audio.encoder.aac] onOMXEmptyBufferDone 2
08-03 01:45:46.289  1085  3818 V GraphicBufferSource: onInputBufferEmptied: bufferId=8@0 [slot=6, useCount=1, handle=0xeb45de00] acquired=1
08-03 01:45:46.292  1085  2142 V GraphicBufferSource: onFrameAvailable: executing=1 available=0+0
08-03 01:45:46.292  1085  2142 V GraphicBufferSource: fillCodecBuffer_l: getting available buffer, available=1+0
08-03 01:45:46.292  1085  2142 V GraphicBufferSource: submitBuffer_l [slot=0, bufferId=9]
08-03 01:45:46.292  1069  3821 V ACodec  : [OMX.qcom.audio.encoder.aac] onOMXFillBufferDone 6 time 2434897 us, flags = 0x80000000
08-03 01:45:46.292  1085  2142 V GraphicBufferSource: emptyGraphicBuffer succeeded, bufferId=9@0 bufhandle=0xeb45dd80
08-03 01:45:46.292  1085  2142 V GraphicBufferSource: buffer submitted [slot=0, useCount=3] acquired=1
08-03 01:45:46.292  1069  3821 V MediaCodec: -- Looking at startdata. presentation 2413602, start 209366164136
08-03 01:45:46.292  1069  3821 V MediaCodec: --  drop entry for 2413602, before our frame of 2434897
08-03 01:45:46.292  1069  3821 V MediaCodec: -- Looking at startdata. presentation 2422935, start 209376864241
08-03 01:45:46.292  1069  3821 V MediaCodec: --  drop entry for 2422935, before our frame of 2434897
08-03 01:45:46.292  1069  3821 V MediaCodec: -- Looking at startdata. presentation 2433602, start 209380525855
08-03 01:45:46.292  1069  3821 V MediaCodec: --  drop entry for 2433602, before our frame of 2434897
08-03 01:45:46.292  1069  3821 V MediaCodec: -- Looking at startdata. presentation 2437602, start 209381288407
08-03 01:45:46.292  1069  3821 V MediaCodec: --  found entry for 2437602, AFTER our frame of 2434897 we have nothing to pair with
08-03 01:45:46.293  1069  3813 V MediaCodecSource: [audio] time 2434897 us (2.43 secs), drift 0
08-03 01:45:46.293  1069  3854 V MPEG4Writer: Audio media time stamp: 2431962 and previous paused duration 2935
08-03 01:45:46.293  1069  3854 V MPEG4Writer: Audio timestampUs/lastTimestampUs: 2432045/2410712
08-03 01:45:46.294  1069  3821 V ACodec  : [OMX.qcom.audio.encoder.aac] calling fillBuffer 6
08-03 01:45:46.296  1069  3815 V ACodec  : [OMX.qcom.video.encoder.avc] onOMXFillBufferDone 10 time 2355429 us, flags = 0x00000002
08-03 01:45:46.297   721  1118 V AudioFlinger: onIdleMixer
08-03 01:45:46.298  1069  3814 V MediaCodec: -- empty queue, so ignore that.
08-03 01:45:46.299  1069  3813 V MediaCodecSource: [video] time 2355429 us (2.36 secs), dts/pts diff 0
08-03 01:45:46.299  1069  3850 V MPEG4Writer: decoding time: 2331004 and ctts offset time: 1800000000
08-03 01:45:46.299  1069  3850 V MPEG4Writer: Video media time stamp: 2331004 and previous paused duration 24425
08-03 01:45:46.299  1069  3850 V MPEG4Writer: Video timestampUs/lastTimestampUs: 2330905/2297703
08-03 01:45:46.300  1069  3815 V ACodec  : [OMX.qcom.video.encoder.avc] calling fillBuffer 10
08-03 01:45:46.305  1069  3819 V AudioRecord: processAudioBuffer(22): obtainBuffer(512) returned 960 = 512 + 448 err 0
08-03 01:45:46.306  1069  3819 V AudioSource: dataCallbackTimestamp: 209394921 us
08-03 01:45:46.307   721  1118 V AudioFlinger: onIdleMixer
08-03 01:45:46.309  1069  3819 V AudioRecord: processAudioBuffer(22): obtainBuffer(512) returned 448 = 448 + 0 err 0
08-03 01:45:46.310  1069  3813 V AudioSource: signalBufferReturned: 0xea452800
08-03 01:45:46.311  1069  3821 V ACodec  : [OMX.qcom.audio.encoder.aac] calling emptyBuffer 1 w/ time 2462935 us
08-03 01:45:46.311  1069  3819 V AudioRecord: processAudioBuffer(22): obtainBuffer(512) returned 448 = 448 + 0 err 0
08-03 01:45:46.311  1069  3819 V AudioSource: dataCallbackTimestamp: 209405588 us
08-03 01:45:46.312  1069  3819 V AudioRecord: processAudioBuffer(22): obtainBuffer(64) returned 0 = 0 + 0 err -11
08-03 01:45:46.313  1069  3813 V AudioSource: signalBufferReturned: 0xea39d400
08-03 01:45:46.313  1069  3821 V ACodec  : [OMX.qcom.audio.encoder.aac] onOMXEmptyBufferDone 1
08-03 01:45:46.314  1069  3821 V ACodec  : [OMX.qcom.audio.encoder.aac] calling emptyBuffer 2 w/ time 2473602 us
08-03 01:45:46.316  1069  3821 V ACodec  : [OMX.qcom.audio.encoder.aac] onOMXEmptyBufferDone 2
08-03 01:45:46.318   721  1118 V AudioFlinger: onIdleMixer
08-03 01:45:46.320  1069  3821 V ACodec  : [OMX.qcom.audio.encoder.aac] onOMXFillBufferDone 7 time 2456230 us, flags = 0x80000000
08-03 01:45:46.320  1069  3821 V MediaCodec: -- Looking at startdata. presentation 2437602, start 209381288407
08-03 01:45:46.320  1069  3821 V MediaCodec: --  drop entry for 2437602, before our frame of 2456230
08-03 01:45:46.320  1069  3821 V MediaCodec: -- Looking at startdata. presentation 2442935, start 209397251584
08-03 01:45:46.320  1069  3821 V MediaCodec: --  drop entry for 2442935, before our frame of 2456230
08-03 01:45:46.320  1069  3821 V MediaCodec: -- Looking at startdata. presentation 2453602, start 209399215230
08-03 01:45:46.320  1069  3821 V MediaCodec: --  drop entry for 2453602, before our frame of 2456230
08-03 01:45:46.320  1069  3821 V MediaCodec: -- Looking at startdata. presentation 2462935, start 209423352678
08-03 01:45:46.320  1069  3821 V MediaCodec: --  found entry for 2462935, AFTER our frame of 2456230 we have nothing to pair with
08-03 01:45:46.320  1069  3813 V MediaCodecSource: [audio] time 2456230 us (2.46 secs), drift 0
08-03 01:45:46.320  1069  3854 V MPEG4Writer: Audio media time stamp: 2453295 and previous paused duration 2935
08-03 01:45:46.320  1069  3854 V MPEG4Writer: Audio timestampUs/lastTimestampUs: 2453378/2432045
08-03 01:45:46.320  1069  3821 V ACodec  : [OMX.qcom.audio.encoder.aac] calling fillBuffer 7
08-03 01:45:46.323  1085  3818 V GraphicBufferSource: onInputBufferEmptied: bufferId=9@0 [slot=0, useCount=1, handle=0xeb45dd80] acquired=1
08-03 01:45:46.323  1069  3819 V AudioRecord: processAudioBuffer(22): obtainBuffer(512) returned 960 = 512 + 448 err 0
08-03 01:45:46.323  1069  3819 V AudioSource: dataCallbackTimestamp: 209414831 us
08-03 01:45:46.325  1069  3819 V AudioRecord: processAudioBuffer(22): obtainBuffer(512) returned 448 = 448 + 0 err 0
08-03 01:45:46.326  1069  3813 V AudioSource: signalBufferReturned: 0xefb74000
08-03 01:45:46.326  1085  2142 V GraphicBufferSource: onFrameAvailable: executing=1 available=0+0
08-03 01:45:46.326  1085  2142 V GraphicBufferSource: fillCodecBuffer_l: getting available buffer, available=1+0
08-03 01:45:46.326  1085  2142 V GraphicBufferSource: submitBuffer_l [slot=1, bufferId=1]
08-03 01:45:46.326  1069  3819 V AudioRecord: processAudioBuffer(22): obtainBuffer(512) returned 448 = 448 + 0 err 0
08-03 01:45:46.326  1069  3819 V AudioSource: dataCallbackTimestamp: 209425498 us
08-03 01:45:46.326  1069  3821 V ACodec  : [OMX.qcom.audio.encoder.aac] calling emptyBuffer 1 w/ time 2482935 us
08-03 01:45:46.326  1085  2142 V GraphicBufferSource: emptyGraphicBuffer succeeded, bufferId=1@0 bufhandle=0xeadf0000
08-03 01:45:46.327  1085  2142 V GraphicBufferSource: buffer submitted [slot=1, useCount=3] acquired=1
08-03 01:45:46.327   721  1118 V AudioFlinger: onIdleMixer
08-03 01:45:46.328  1069  3819 V AudioRecord: processAudioBuffer(22): obtainBuffer(64) returned 0 = 0 + 0 err -11
08-03 01:45:46.328  1069  3813 V AudioSource: signalBufferReturned: 0xea398000
08-03 01:45:46.328  1069  3821 V ACodec  : [OMX.qcom.audio.encoder.aac] calling emptyBuffer 2 w/ time 2493602 us
08-03 01:45:46.329  1069  3821 V ACodec  : [OMX.qcom.audio.encoder.aac] onOMXEmptyBufferDone 1
08-03 01:45:46.329  1069  3815 V ACodec  : [OMX.qcom.video.encoder.avc] onOMXFillBufferDone 10 time 2388735 us, flags = 0x00000002
08-03 01:45:46.329  1069  3814 V MediaCodec: -- empty queue, so ignore that.
08-03 01:45:46.331  1069  3821 V ACodec  : [OMX.qcom.audio.encoder.aac] onOMXEmptyBufferDone 2
08-03 01:45:46.332  1069  3813 V MediaCodecSource: [video] time 2388735 us (2.39 secs), dts/pts diff 0
08-03 01:45:46.332  1069  3850 V MPEG4Writer: decoding time: 2364310 and ctts offset time: 1800000000
08-03 01:45:46.332  1069  3850 V MPEG4Writer: Video media time stamp: 2364310 and previous paused duration 24425
08-03 01:45:46.333  1069  3850 V MPEG4Writer: Video timestampUs/lastTimestampUs: 2364310/2330905
08-03 01:45:46.333  1069  3815 V ACodec  : [OMX.qcom.video.encoder.avc] calling fillBuffer 10
08-03 01:45:46.334  1069  3821 V ACodec  : [OMX.qcom.audio.encoder.aac] onOMXFillBufferDone 8 time 2477563 us, flags = 0x80000000
08-03 01:45:46.334  1069  3821 V MediaCodec: -- Looking at startdata. presentation 2462935, start 209423352678
08-03 01:45:46.334  1069  3821 V MediaCodec: --  drop entry for 2462935, before our frame of 2477563
08-03 01:45:46.334  1069  3821 V MediaCodec: -- Looking at startdata. presentation 2473602, start 209426515959
08-03 01:45:46.334  1069  3821 V MediaCodec: --  drop entry for 2473602, before our frame of 2477563
08-03 01:45:46.334  1069  3821 V MediaCodec: -- Looking at startdata. presentation 2482935, start 209439277886
08-03 01:45:46.334  1069  3821 V MediaCodec: --  found entry for 2482935, AFTER our frame of 2477563 we have nothing to pair with
08-03 01:45:46.334  1069  3813 V MediaCodecSource: [audio] time 2477563 us (2.48 secs), drift 0
08-03 01:45:46.334  1069  3854 V MPEG4Writer: Audio media time stamp: 2474628 and previous paused duration 2935
08-03 01:45:46.334  1069  3854 V MPEG4Writer: Audio timestampUs/lastTimestampUs: 2474711/2453378
08-03 01:45:46.334  1069  3821 V ACodec  : [OMX.qcom.audio.encoder.aac] calling fillBuffer 8
08-03 01:45:46.337   721  1118 V AudioFlinger: onIdleMixer
08-03 01:45:46.344  1069  3819 V AudioRecord: processAudioBuffer(22): obtainBuffer(512) returned 960 = 512 + 448 err 0
08-03 01:45:46.344  1069  3819 V AudioSource: dataCallbackTimestamp: 209435036 us
08-03 01:45:46.347   721  1118 V AudioFlinger: onIdleMixer
08-03 01:45:46.347  1069  3819 V AudioRecord: processAudioBuffer(22): obtainBuffer(512) returned 448 = 448 + 0 err 0
08-03 01:45:46.350  1069  3819 V AudioRecord: processAudioBuffer(22): obtainBuffer(512) returned 448 = 448 + 0 err 0
08-03 01:45:46.350  1069  3819 V AudioSource: dataCallbackTimestamp: 209445703 us
08-03 01:45:46.350  1069  3813 V AudioSource: signalBufferReturned: 0xefb74800
08-03 01:45:46.351  1069  3819 V AudioRecord: processAudioBuffer(22): obtainBuffer(64) returned 0 = 0 + 0 err -11
08-03 01:45:46.352  1069  3821 V ACodec  : [OMX.qcom.audio.encoder.aac] calling emptyBuffer 1 w/ time 2502935 us
08-03 01:45:46.352  1069  3813 V AudioSource: signalBufferReturned: 0xea39bf00
08-03 01:45:46.353  1069  3821 V ACodec  : [OMX.qcom.audio.encoder.aac] calling emptyBuffer 2 w/ time 2513602 us
08-03 01:45:46.354  1069  3821 V ACodec  : [OMX.qcom.audio.encoder.aac] onOMXEmptyBufferDone 1
08-03 01:45:46.354  1069  3821 V ACodec  : [OMX.qcom.audio.encoder.aac] onOMXEmptyBufferDone 2
08-03 01:45:46.357   721  1118 V AudioFlinger: onIdleMixer
08-03 01:45:46.358  1085  3818 V GraphicBufferSource: onInputBufferEmptied: bufferId=1@0 [slot=1, useCount=1, handle=0xeadf0000] acquired=1
08-03 01:45:46.358  1085  3572 V GraphicBufferSource: onFrameAvailable: executing=1 available=0+0
08-03 01:45:46.358  1085  3572 V GraphicBufferSource: fillCodecBuffer_l: getting available buffer, available=1+0
08-03 01:45:46.358  1085  3572 V GraphicBufferSource: submitBuffer_l [slot=2, bufferId=2]
08-03 01:45:46.358  1085  3572 V GraphicBufferSource: emptyGraphicBuffer succeeded, bufferId=2@0 bufhandle=0xeadf0080
08-03 01:45:46.358  1085  3572 V GraphicBufferSource: buffer submitted [slot=2, useCount=3] acquired=1
08-03 01:45:46.359  1069  3821 V ACodec  : [OMX.qcom.audio.encoder.aac] onOMXFillBufferDone 9 time 2498896 us, flags = 0x80000000
08-03 01:45:46.359  1069  3821 V MediaCodec: -- Looking at startdata. presentation 2482935, start 209439277886
08-03 01:45:46.359  1069  3821 V MediaCodec: --  drop entry for 2482935, before our frame of 2498896
08-03 01:45:46.359  1069  3821 V MediaCodec: -- Looking at startdata. presentation 2493602, start 209441093251
08-03 01:45:46.359  1069  3821 V MediaCodec: --  drop entry for 2493602, before our frame of 2498896
08-03 01:45:46.359  1069  3821 V MediaCodec: -- Looking at startdata. presentation 2502935, start 209464419449
08-03 01:45:46.359  1069  3821 V MediaCodec: --  found entry for 2502935, AFTER our frame of 2498896 we have nothing to pair with
08-03 01:45:46.359  1069  3813 V MediaCodecSource: [audio] time 2498896 us (2.50 secs), drift 0
08-03 01:45:46.359  1069  3854 V MPEG4Writer: Audio media time stamp: 2495961 and previous paused duration 2935
08-03 01:45:46.359  1069  3854 V MPEG4Writer: Audio timestampUs/lastTimestampUs: 2496044/2474711
08-03 01:45:46.360  1069  3821 V ACodec  : [OMX.qcom.audio.encoder.aac] calling fillBuffer 9
08-03 01:45:46.363  1069  3815 V ACodec  : [OMX.qcom.video.encoder.avc] onOMXFillBufferDone 10 time 2422076 us, flags = 0x00000002
08-03 01:45:46.363  1069  3819 V AudioRecord: processAudioBuffer(22): obtainBuffer(512) returned 960 = 512 + 448 err 0
08-03 01:45:46.363  1069  3819 V AudioSource: dataCallbackTimestamp: 209454857 us
08-03 01:45:46.363  1069  3814 V MediaCodec: -- empty queue, so ignore that.
08-03 01:45:46.363  1069  3813 V MediaCodecSource: [video] time 2422076 us (2.42 secs), dts/pts diff 0
08-03 01:45:46.364  1069  3850 V MPEG4Writer: decoding time: 2397651 and ctts offset time: 1800000000
08-03 01:45:46.364  1069  3850 V MPEG4Writer: Video media time stamp: 2397651 and previous paused duration 24425
08-03 01:45:46.364  1069  3850 V MPEG4Writer: Video timestampUs/lastTimestampUs: 2397718/2364310
08-03 01:45:46.364  1069  3819 V AudioRecord: processAudioBuffer(22): obtainBuffer(512) returned 448 = 448 + 0 err 0
08-03 01:45:46.365  1069  3819 V AudioRecord: processAudioBuffer(22): obtainBuffer(512) returned 448 = 448 + 0 err 0
08-03 01:45:46.366  1069  3819 V AudioSource: dataCallbackTimestamp: 209465524 us
08-03 01:45:46.366  1069  3819 V AudioRecord: processAudioBuffer(22): obtainBuffer(64) returned 0 = 0 + 0 err -11
08-03 01:45:46.367   721  1118 V AudioFlinger: onIdleMixer
08-03 01:45:46.368  1069  3815 V ACodec  : [OMX.qcom.video.encoder.avc] calling fillBuffer 10
08-03 01:45:46.368  1069  3813 V AudioSource: signalBufferReturned: 0xefb75000
08-03 01:45:46.369  1069  3821 V ACodec  : [OMX.qcom.audio.encoder.aac] calling emptyBuffer 1 w/ time 2522935 us
08-03 01:45:46.369  1069  3813 V AudioSource: signalBufferReturned: 0xea39c600
08-03 01:45:46.369  1069  3821 V ACodec  : [OMX.qcom.audio.encoder.aac] calling emptyBuffer 2 w/ time 2533602 us
08-03 01:45:46.371  1069  3821 V ACodec  : [OMX.qcom.audio.encoder.aac] onOMXEmptyBufferDone 1
08-03 01:45:46.372  1069  3821 V ACodec  : [OMX.qcom.audio.encoder.aac] onOMXEmptyBufferDone 2
08-03 01:45:46.377   721  1118 V AudioFlinger: onIdleMixer
08-03 01:45:46.378  1069  3821 V ACodec  : [OMX.qcom.audio.encoder.aac] onOMXFillBufferDone 10 time 2520229 us, flags = 0x80000000
08-03 01:45:46.378  1069  3821 V MediaCodec: -- Looking at startdata. presentation 2502935, start 209464419449
08-03 01:45:46.378  1069  3821 V MediaCodec: --  drop entry for 2502935, before our frame of 2520229
08-03 01:45:46.378  1069  3821 V MediaCodec: -- Looking at startdata. presentation 2513602, start 209466111949
08-03 01:45:46.379  1069  3821 V MediaCodec: --  drop entry for 2513602, before our frame of 2520229
08-03 01:45:46.379  1069  3821 V MediaCodec: -- Looking at startdata. presentation 2522935, start 209481455386
08-03 01:45:46.379  1069  3821 V MediaCodec: --  found entry for 2522935, AFTER our frame of 2520229 we have nothing to pair with
08-03 01:45:46.379  1069  3813 V MediaCodecSource: [audio] time 2520229 us (2.52 secs), drift 0
08-03 01:45:46.379  1069  3854 V MPEG4Writer: Audio media time stamp: 2517294 and previous paused duration 2935
08-03 01:45:46.379  1069  3854 V MPEG4Writer: Audio timestampUs/lastTimestampUs: 2517377/2496044
08-03 01:45:46.380  1069  3821 V ACodec  : [OMX.qcom.audio.encoder.aac] calling fillBuffer 10
08-03 01:45:46.383  1069  3819 V AudioRecord: processAudioBuffer(22): obtainBuffer(512) returned 960 = 512 + 448 err 0
08-03 01:45:46.383  1069  3819 V AudioSource: dataCallbackTimestamp: 209474866 us
08-03 01:45:46.384  1069  3819 V AudioRecord: processAudioBuffer(22): obtainBuffer(512) returned 448 = 448 + 0 err 0
08-03 01:45:46.385  1069  3813 V AudioSource: signalBufferReturned: 0xefb75800
08-03 01:45:46.385  1069  3821 V ACodec  : [OMX.qcom.audio.encoder.aac] calling emptyBuffer 1 w/ time 2542935 us
08-03 01:45:46.386  1069  3819 V AudioRecord: processAudioBuffer(22): obtainBuffer(512) returned 448 = 448 + 0 err 0
08-03 01:45:46.386  1069  3819 V AudioSource: dataCallbackTimestamp: 209485533 us
08-03 01:45:46.386  1069  3821 V ACodec  : [OMX.qcom.audio.encoder.aac] onOMXEmptyBufferDone 1
08-03 01:45:46.387   721  1118 V AudioFlinger: onIdleMixer
08-03 01:45:46.387  1069  3819 V AudioRecord: processAudioBuffer(22): obtainBuffer(64) returned 0 = 0 + 0 err -11
08-03 01:45:46.388  1069  3813 V AudioSource: signalBufferReturned: 0xea39cd00
08-03 01:45:46.388  1069  3821 V ACodec  : [OMX.qcom.audio.encoder.aac] calling emptyBuffer 2 w/ time 2553602 us
08-03 01:45:46.390  1085  3818 V GraphicBufferSource: onInputBufferEmptied: bufferId=2@0 [slot=2, useCount=1, handle=0xeadf0080] acquired=1
08-03 01:45:46.390  1069  3821 V ACodec  : [OMX.qcom.audio.encoder.aac] onOMXEmptyBufferDone 2
08-03 01:45:46.391  1085  3572 V GraphicBufferSource: onFrameAvailable: executing=1 available=0+0
08-03 01:45:46.391  1085  3572 V GraphicBufferSource: fillCodecBuffer_l: getting available buffer, available=1+0
08-03 01:45:46.391  1085  3572 V GraphicBufferSource: submitBuffer_l [slot=3, bufferId=3]
08-03 01:45:46.391  1085  3572 V GraphicBufferSource: emptyGraphicBuffer succeeded, bufferId=3@0 bufhandle=0xeadf0100
08-03 01:45:46.391  1085  3572 V GraphicBufferSource: buffer submitted [slot=3, useCount=3] acquired=1
08-03 01:45:46.394  1069  3815 V ACodec  : [OMX.qcom.video.encoder.avc] onOMXFillBufferDone 10 time 2455368 us, flags = 0x00000002
08-03 01:45:46.394  1069  3814 V MediaCodec: -- empty queue, so ignore that.
08-03 01:45:46.394  1069  3821 V ACodec  : [OMX.qcom.audio.encoder.aac] onOMXFillBufferDone 11 time 2541562 us, flags = 0x80000000
08-03 01:45:46.394  1069  3813 V MediaCodecSource: [video] time 2455368 us (2.46 secs), dts/pts diff 0
08-03 01:45:46.394  1069  3821 V MediaCodec: -- Looking at startdata. presentation 2522935, start 209481455386
08-03 01:45:46.394  1069  3821 V MediaCodec: --  drop entry for 2522935, before our frame of 2541562
08-03 01:45:46.394  1069  3821 V MediaCodec: -- Looking at startdata. presentation 2533602, start 209482212314
08-03 01:45:46.394  1069  3821 V MediaCodec: --  drop entry for 2533602, before our frame of 2541562
08-03 01:45:46.394  1069  3821 V MediaCodec: -- Looking at startdata. presentation 2542935, start 209497839866
08-03 01:45:46.394  1069  3821 V MediaCodec: --  found entry for 2542935, AFTER our frame of 2541562 we have nothing to pair with
08-03 01:45:46.394  1069  3850 V MPEG4Writer: decoding time: 2430943 and ctts offset time: 1800000000
08-03 01:45:46.394  1069  3850 V MPEG4Writer: Video media time stamp: 2430943 and previous paused duration 24425
08-03 01:45:46.394  1069  3850 V MPEG4Writer: Video timestampUs/lastTimestampUs: 2430943/2397718
08-03 01:45:46.395  1069  3815 V ACodec  : [OMX.qcom.video.encoder.avc] calling fillBuffer 10
08-03 01:45:46.395  1069  3813 V MediaCodecSource: [audio] time 2541562 us (2.54 secs), drift 0
08-03 01:45:46.395  1069  3854 V MPEG4Writer: Audio media time stamp: 2538627 and previous paused duration 2935
08-03 01:45:46.395  1069  3854 V MPEG4Writer: Audio timestampUs/lastTimestampUs: 2538710/2517377
08-03 01:45:46.395  1069  3821 V ACodec  : [OMX.qcom.audio.encoder.aac] calling fillBuffer 11
08-03 01:45:46.397   721  1118 V AudioFlinger: onIdleMixer
08-03 01:45:46.403  1069  3819 V AudioRecord: processAudioBuffer(22): obtainBuffer(512) returned 960 = 512 + 448 err 0
08-03 01:45:46.404  1069  3819 V AudioSource: dataCallbackTimestamp: 209494956 us
08-03 01:45:46.406  1069  3819 V AudioRecord: processAudioBuffer(22): obtainBuffer(512) returned 448 = 448 + 0 err 0
08-03 01:45:46.407  1069  3813 V AudioSource: signalBufferReturned: 0xefbc8000
08-03 01:45:46.407   721  1118 V AudioFlinger: onIdleMixer
08-03 01:45:46.408  1069  3819 V AudioRecord: processAudioBuffer(22): obtainBuffer(512) returned 448 = 448 + 0 err 0
08-03 01:45:46.408  1069  3819 V AudioSource: dataCallbackTimestamp: 209505623 us
08-03 01:45:46.408  1069  3821 V ACodec  : [OMX.qcom.audio.encoder.aac] calling emptyBuffer 1 w/ time 2562935 us
08-03 01:45:46.409  1069  3819 V AudioRecord: processAudioBuffer(22): obtainBuffer(64) returned 0 = 0 + 0 err -11
08-03 01:45:46.411  1069  3821 V ACodec  : [OMX.qcom.audio.encoder.aac] onOMXEmptyBufferDone 1
08-03 01:45:46.412  1069  3813 V AudioSource: signalBufferReturned: 0xefb7f900
08-03 01:45:46.413  1069  3821 V ACodec  : [OMX.qcom.audio.encoder.aac] calling emptyBuffer 2 w/ time 2573602 us
08-03 01:45:46.415  1069  3821 V ACodec  : [OMX.qcom.audio.encoder.aac] onOMXEmptyBufferDone 2
08-03 01:45:46.418   721  1118 V AudioFlinger: onIdleMixer
08-03 01:45:46.422  1085  3818 V GraphicBufferSource: onInputBufferEmptied: bufferId=3@0 [slot=3, useCount=1, handle=0xeadf0100] acquired=1
08-03 01:45:46.422  1069  3819 V AudioRecord: processAudioBuffer(22): obtainBuffer(512) returned 960 = 512 + 448 err 0
08-03 01:45:46.422  1069  3819 V AudioSource: dataCallbackTimestamp: 209514763 us
08-03 01:45:46.423  1069  3819 V AudioRecord: processAudioBuffer(22): obtainBuffer(512) returned 448 = 448 + 0 err 0
08-03 01:45:46.424  1069  3813 V AudioSource: signalBufferReturned: 0xefbc8800
08-03 01:45:46.424  1085  3572 V GraphicBufferSource: onFrameAvailable: executing=1 available=0+0
08-03 01:45:46.424  1085  3572 V GraphicBufferSource: fillCodecBuffer_l: getting available buffer, available=1+0
08-03 01:45:46.424  1085  3572 V GraphicBufferSource: submitBuffer_l [slot=7, bufferId=4]
08-03 01:45:46.424  1085  3572 V GraphicBufferSource: emptyGraphicBuffer succeeded, bufferId=4@0 bufhandle=0xeb45de80
08-03 01:45:46.424  1085  3572 V GraphicBufferSource: buffer submitted [slot=7, useCount=3] acquired=1
08-03 01:45:46.425  1069  3819 V AudioRecord: processAudioBuffer(22): obtainBuffer(512) returned 448 = 448 + 0 err 0
08-03 01:45:46.425  1069  3819 V AudioSource: dataCallbackTimestamp: 209525430 us
08-03 01:45:46.425  1069  3821 V ACodec  : [OMX.qcom.audio.encoder.aac] calling emptyBuffer 1 w/ time 2582935 us
08-03 01:45:46.426  1069  3819 V AudioRecord: processAudioBuffer(22): obtainBuffer(64) returned 0 = 0 + 0 err -11
08-03 01:45:46.426  1069  3813 V AudioSource: signalBufferReturned: 0xea398700
08-03 01:45:46.427  1069  3821 V ACodec  : [OMX.qcom.audio.encoder.aac] calling emptyBuffer 2 w/ time 2593602 us
08-03 01:45:46.427   721  1118 V AudioFlinger: onIdleMixer
08-03 01:45:46.428  1069  3821 V ACodec  : [OMX.qcom.audio.encoder.aac] onOMXEmptyBufferDone 1
08-03 01:45:46.428  1069  3821 V ACodec  : [OMX.qcom.audio.encoder.aac] onOMXEmptyBufferDone 2
08-03 01:45:46.428  1069  3815 V ACodec  : [OMX.qcom.video.encoder.avc] onOMXFillBufferDone 10 time 2488688 us, flags = 0x00000002
08-03 01:45:46.429  1069  3814 V MediaCodec: -- empty queue, so ignore that.
08-03 01:45:46.429  1069  3813 V MediaCodecSource: [video] time 2488688 us (2.49 secs), dts/pts diff 0
08-03 01:45:46.429  1069  3850 V MPEG4Writer: decoding time: 2464263 and ctts offset time: 1800000000
08-03 01:45:46.429  1069  3850 V MPEG4Writer: Video media time stamp: 2464263 and previous paused duration 24425
08-03 01:45:46.429  1069  3850 V MPEG4Writer: Video timestampUs/lastTimestampUs: 2464164/2430943
08-03 01:45:46.430  1069  3815 V ACodec  : [OMX.qcom.video.encoder.avc] calling fillBuffer 10
08-03 01:45:46.431  1069  3821 V ACodec  : [OMX.qcom.audio.encoder.aac] onOMXFillBufferDone 12 time 2562895 us, flags = 0x80000000
08-03 01:45:46.432  1069  3821 V MediaCodec: -- Looking at startdata. presentation 2542935, start 209497839866
08-03 01:45:46.432  1069  3821 V MediaCodec: --  drop entry for 2542935, before our frame of 2562895
08-03 01:45:46.432  1069  3821 V MediaCodec: -- Looking at startdata. presentation 2553602, start 209501227834
08-03 01:45:46.432  1069  3821 V MediaCodec: --  drop entry for 2553602, before our frame of 2562895
08-03 01:45:46.432  1069  3821 V MediaCodec: -- Looking at startdata. presentation 2562935, start 209520672782
08-03 01:45:46.432  1069  3821 V MediaCodec: --  found entry for 2562935, AFTER our frame of 2562895 we have nothing to pair with
08-03 01:45:46.432  1069  3813 V MediaCodecSource: [audio] time 2562895 us (2.56 secs), drift 0
08-03 01:45:46.432  1069  3854 V MPEG4Writer: Audio media time stamp: 2559960 and previous paused duration 2935
08-03 01:45:46.432  1069  3854 V MPEG4Writer: Audio timestampUs/lastTimestampUs: 2560043/2538710
08-03 01:45:46.432  1069  3821 V ACodec  : [OMX.qcom.audio.encoder.aac] calling fillBuffer 12
08-03 01:45:46.437   721  1118 V AudioFlinger: onIdleMixer
08-03 01:45:46.443  1069  3819 V AudioRecord: processAudioBuffer(22): obtainBuffer(512) returned 960 = 256 + 704 err 0
08-03 01:45:46.443  1069  3819 V AudioSource: dataCallbackTimestamp: 209534839 us
08-03 01:45:46.444  1069  3819 V AudioRecord: processAudioBuffer(22): obtainBuffer(256) returned 704 = 256 + 448 err 0
08-03 01:45:46.444  1069  3819 V AudioSource: dataCallbackTimestamp: 209540173 us
08-03 01:45:46.445  1069  3819 V AudioRecord: processAudioBuffer(22): obtainBuffer(512) returned 448 = 448 + 0 err 0
08-03 01:45:46.447  1069  3819 V AudioRecord: processAudioBuffer(22): obtainBuffer(512) returned 448 = 448 + 0 err 0
08-03 01:45:46.448  1069  3819 V AudioSource: dataCallbackTimestamp: 209545506 us
08-03 01:45:46.449  1069  3813 V AudioSource: signalBufferReturned: 0xea3b8800
08-03 01:45:46.453   721  1118 V AudioFlinger: onIdleMixer
08-03 01:45:46.454  1069  3819 V AudioRecord: processAudioBuffer(22): obtainBuffer(64) returned 0 = 0 + 0 err -11
08-03 01:45:46.454  1069  3821 V ACodec  : [OMX.qcom.audio.encoder.aac] calling emptyBuffer 1 w/ time 2602935 us
08-03 01:45:46.455  1069  3813 V AudioSource: signalBufferReturned: 0xea3b8c00
08-03 01:45:46.455  1085  3818 V GraphicBufferSource: onInputBufferEmptied: bufferId=4@0 [slot=7, useCount=1, handle=0xeb45de80] acquired=1
08-03 01:45:46.455  1069  3821 V ACodec  : [OMX.qcom.audio.encoder.aac] calling emptyBuffer 2 w/ time 2608268 us
08-03 01:45:46.455  1069  3821 V ACodec  : [OMX.qcom.audio.encoder.aac] onOMXEmptyBufferDone 1
08-03 01:45:46.455  1069  3813 V AudioSource: signalBufferReturned: 0xea399500
08-03 01:45:46.456  1069  3821 V ACodec  : [OMX.qcom.audio.encoder.aac] onOMXEmptyBufferDone 2
08-03 01:45:46.456  1069  3821 V ACodec  : [OMX.qcom.audio.encoder.aac] calling emptyBuffer 1 w/ time 2613602 us
08-03 01:45:46.458  1069  3821 V ACodec  : [OMX.qcom.audio.encoder.aac] onOMXEmptyBufferDone 1
08-03 01:45:46.459  1085  3572 V GraphicBufferSource: onFrameAvailable: executing=1 available=0+0
08-03 01:45:46.459  1085  3572 V GraphicBufferSource: fillCodecBuffer_l: getting available buffer, available=1+0
08-03 01:45:46.459  1085  3572 V GraphicBufferSource: submitBuffer_l [slot=4, bufferId=5]
08-03 01:45:46.459  1085  3572 V GraphicBufferSource: emptyGraphicBuffer succeeded, bufferId=5@0 bufhandle=0xeadf0180
08-03 01:45:46.459  1085  3572 V GraphicBufferSource: buffer submitted [slot=4, useCount=3] acquired=1
08-03 01:45:46.460  1069  3821 V ACodec  : [OMX.qcom.audio.encoder.aac] onOMXFillBufferDone 13 time 2584228 us, flags = 0x80000000
08-03 01:45:46.460  1069  3815 V ACodec  : [OMX.qcom.video.encoder.avc] onOMXFillBufferDone 10 time 2521960 us, flags = 0x00000002
08-03 01:45:46.460  1069  3821 V MediaCodec: -- Looking at startdata. presentation 2562935, start 209520672782
08-03 01:45:46.460  1069  3821 V MediaCodec: --  drop entry for 2562935, before our frame of 2584228
08-03 01:45:46.460  1069  3821 V MediaCodec: -- Looking at startdata. presentation 2573602, start 209526074188
08-03 01:45:46.460  1069  3821 V MediaCodec: --  drop entry for 2573602, before our frame of 2584228
08-03 01:45:46.460  1069  3821 V MediaCodec: -- Looking at startdata. presentation 2582935, start 209537914813
08-03 01:45:46.460  1069  3821 V MediaCodec: --  drop entry for 2582935, before our frame of 2584228
08-03 01:45:46.460  1069  3814 V MediaCodec: -- empty queue, so ignore that.
08-03 01:45:46.460  1069  3821 V MediaCodec: -- Looking at startdata. presentation 2593602, start 209539684761
08-03 01:45:46.460  1069  3821 V MediaCodec: --  found entry for 2593602, AFTER our frame of 2584228 we have nothing to pair with
08-03 01:45:46.461  1069  3813 V MediaCodecSource: [video] time 2521960 us (2.52 secs), dts/pts diff 0
08-03 01:45:46.462  1069  3850 V MPEG4Writer: decoding time: 2497535 and ctts offset time: 1800000000
08-03 01:45:46.462  1069  3850 V MPEG4Writer: Video media time stamp: 2497535 and previous paused duration 24425
08-03 01:45:46.462  1069  3850 V MPEG4Writer: Video timestampUs/lastTimestampUs: 2497535/2464164
08-03 01:45:46.462  1069  3815 V ACodec  : [OMX.qcom.video.encoder.avc] calling fillBuffer 10
08-03 01:45:46.462  1069  3813 V MediaCodecSource: [audio] time 2584228 us (2.58 secs), drift 0
08-03 01:45:46.462  1069  3854 V MPEG4Writer: Audio media time stamp: 2581293 and previous paused duration 2935
08-03 01:45:46.462  1069  3854 V MPEG4Writer: Audio timestampUs/lastTimestampUs: 2581376/2560043
08-03 01:45:46.462  1069  3821 V ACodec  : [OMX.qcom.audio.encoder.aac] calling fillBuffer 13
08-03 01:45:46.463  1069  3819 V AudioRecord: processAudioBuffer(22): obtainBuffer(512) returned 960 = 512 + 448 err 0
08-03 01:45:46.463  1069  3819 V AudioSource: dataCallbackTimestamp: 209554857 us
08-03 01:45:46.463   721  1118 V AudioFlinger: onIdleMixer
08-03 01:45:46.464  1069  3819 V AudioRecord: processAudioBuffer(22): obtainBuffer(512) returned 448 = 448 + 0 err 0
08-03 01:45:46.466  1069  3819 V AudioRecord: processAudioBuffer(22): obtainBuffer(512) returned 448 = 448 + 0 err 0
08-03 01:45:46.466  1069  3819 V AudioSource: dataCallbackTimestamp: 209565524 us
08-03 01:45:46.466  1069  3813 V AudioSource: signalBufferReturned: 0xefbc9000
08-03 01:45:46.467   721  1118 V AudioFlinger: onIdleMixer
08-03 01:45:46.467  1069  3819 V AudioRecord: processAudioBuffer(22): obtainBuffer(64) returned 0 = 0 + 0 err -11
08-03 01:45:46.468  1069  3821 V ACodec  : [OMX.qcom.audio.encoder.aac] calling emptyBuffer 2 w/ time 2622935 us
08-03 01:45:46.468  1069  3813 V AudioSource: signalBufferReturned: 0xea399c00
08-03 01:45:46.469  1069  3821 V ACodec  : [OMX.qcom.audio.encoder.aac] calling emptyBuffer 1 w/ time 2633602 us
08-03 01:45:46.470  1069  3821 V ACodec  : [OMX.qcom.audio.encoder.aac] onOMXEmptyBufferDone 2
08-03 01:45:46.470  1069  3821 V ACodec  : [OMX.qcom.audio.encoder.aac] onOMXEmptyBufferDone 1
08-03 01:45:46.474  1069  3821 V ACodec  : [OMX.qcom.audio.encoder.aac] onOMXFillBufferDone 14 time 2605561 us, flags = 0x80000000
08-03 01:45:46.474  1069  3821 V MediaCodec: -- Looking at startdata. presentation 2593602, start 209539684761
08-03 01:45:46.474  1069  3821 V MediaCodec: --  drop entry for 2593602, before our frame of 2605561
08-03 01:45:46.474  1069  3821 V MediaCodec: -- Looking at startdata. presentation 2602935, start 209567360803
08-03 01:45:46.474  1069  3821 V MediaCodec: --  drop entry for 2602935, before our frame of 2605561
08-03 01:45:46.474  1069  3821 V MediaCodec: -- Looking at startdata. presentation 2608268, start 209568031480
08-03 01:45:46.475  1069  3821 V MediaCodec: --  found entry for 2608268, AFTER our frame of 2605561 we have nothing to pair with
08-03 01:45:46.475  1069  3813 V MediaCodecSource: [audio] time 2605561 us (2.61 secs), drift 0
08-03 01:45:46.476  1069  3854 V MPEG4Writer: Audio media time stamp: 2602626 and previous paused duration 2935
08-03 01:45:46.476  1069  3854 V MPEG4Writer: Audio timestampUs/lastTimestampUs: 2602709/2581376
08-03 01:45:46.476  1069  3821 V ACodec  : [OMX.qcom.audio.encoder.aac] calling fillBuffer 14
08-03 01:45:46.478   721  1118 V AudioFlinger: onIdleMixer
08-03 01:45:46.486  1069  3819 V AudioRecord: processAudioBuffer(22): obtainBuffer(512) returned 960 = 512 + 448 err 0
08-03 01:45:46.487   721  1118 V AudioFlinger: onIdleMixer
08-03 01:45:46.487  1069  3819 V AudioSource: dataCallbackTimestamp: 209574857 us
08-03 01:45:46.488  1069  3819 V AudioRecord: processAudioBuffer(22): obtainBuffer(512) returned 448 = 448 + 0 err 0
08-03 01:45:46.488  1085  3572 V GraphicBufferSource: onFrameAvailable: executing=1 available=0+0
08-03 01:45:46.489  1085  3572 V GraphicBufferSource: fillCodecBuffer_l: getting available buffer, available=1+0
08-03 01:45:46.489  1085  3572 V GraphicBufferSource: submitBuffer_l [slot=5, bufferId=6]
08-03 01:45:46.489  1085  3572 V GraphicBufferSource: emptyGraphicBuffer succeeded, bufferId=6@1 bufhandle=0xeadf0200
08-03 01:45:46.489  1085  3572 V GraphicBufferSource: buffer submitted [slot=5, useCount=3] acquired=2
08-03 01:45:46.489  1085  3818 V GraphicBufferSource: onInputBufferEmptied: bufferId=5@0 [slot=4, useCount=1, handle=0xeadf0180] acquired=2
08-03 01:45:46.490  1069  3819 V AudioRecord: processAudioBuffer(22): obtainBuffer(512) returned 448 = 448 + 0 err 0
08-03 01:45:46.490  1069  3819 V AudioSource: dataCallbackTimestamp: 209585480 us
08-03 01:45:46.491  1069  3819 V AudioRecord: processAudioBuffer(22): obtainBuffer(64) returned 0 = 0 + 0 err -11
08-03 01:45:46.491  1069  3813 V AudioSource: signalBufferReturned: 0xefbc9800
08-03 01:45:46.492  1069  3821 V ACodec  : [OMX.qcom.audio.encoder.aac] calling emptyBuffer 2 w/ time 2642935 us
08-03 01:45:46.492  1069  3813 V AudioSource: signalBufferReturned: 0xea39a300
08-03 01:45:46.493  1069  3821 V ACodec  : [OMX.qcom.audio.encoder.aac] onOMXEmptyBufferDone 2
08-03 01:45:46.493  1069  3821 V ACodec  : [OMX.qcom.audio.encoder.aac] calling emptyBuffer 1 w/ time 2653602 us
08-03 01:45:46.494  1069  3821 V ACodec  : [OMX.qcom.audio.encoder.aac] onOMXEmptyBufferDone 1
08-03 01:45:46.494  1069  3815 V ACodec  : [OMX.qcom.video.encoder.avc] onOMXFillBufferDone 10 time 2555246 us, flags = 0x00000002
08-03 01:45:46.494  1069  3814 V MediaCodec: -- empty queue, so ignore that.
08-03 01:45:46.494  1069  3813 V MediaCodecSource: [video] time 2555246 us (2.56 secs), dts/pts diff 0
08-03 01:45:46.495  1069  3850 V MPEG4Writer: decoding time: 2530821 and ctts offset time: 1800000000
08-03 01:45:46.495  1069  3850 V MPEG4Writer: Video media time stamp: 2530821 and previous paused duration 24425
08-03 01:45:46.495  1069  3850 V MPEG4Writer: Video timestampUs/lastTimestampUs: 2530899/2497535
