08-03 01:45:47.670  1069  3821 V ACodec  : [OMX.qcom.audio.encoder.aac] onOMXEmptyBufferDone 1
08-03 01:45:47.670  1069  3819 V AudioRecord: processAudioBuffer(22): obtainBuffer(64) returned 0 = 0 + 0 err -11
08-03 01:45:47.670  1069  3813 V AudioSource: signalBufferReturned: 0xea39a300
08-03 01:45:47.671  1069  3821 V ACodec  : [OMX.qcom.audio.encoder.aac] calling emptyBuffer 2 w/ time 3833602 us
08-03 01:45:47.674  1069  3821 V ACodec  : [OMX.qcom.audio.encoder.aac] onOMXEmptyBufferDone 2
08-03 01:45:47.680  1069  3821 V ACodec  : [OMX.qcom.audio.encoder.aac] onOMXFillBufferDone 7 time 3821542 us, flags = 0x80000000
08-03 01:45:47.680  1069  3821 V MediaCodec: -- Looking at startdata. presentation 3802935, start 210761789761
08-03 01:45:47.680  1069  3821 V MediaCodec: --  drop entry for 3802935, before our frame of 3821542
08-03 01:45:47.680  1069  3821 V MediaCodec: -- Looking at startdata. presentation 3813602, start 210765154865
08-03 01:45:47.680  1069  3821 V MediaCodec: --  drop entry for 3813602, before our frame of 3821542
08-03 01:45:47.680  1069  3821 V MediaCodec: -- Looking at startdata. presentation 3822935, start 210780326480
08-03 01:45:47.680  1069  3821 V MediaCodec: --  found entry for 3822935, AFTER our frame of 3821542 we have nothing to pair with
08-03 01:45:47.680  1085  3818 V GraphicBufferSource: onInputBufferEmptied: bufferId=5@0 [slot=1, useCount=1, handle=0xeadf0000] acquired=1
08-03 01:45:47.680  1069  3813 V MediaCodecSource: [audio] time 3821542 us (3.82 secs), drift 0
08-03 01:45:47.680  1069  3854 V MPEG4Writer: Audio media time stamp: 3818607 and previous paused duration 2935
08-03 01:45:47.680  1069  3854 V MPEG4Writer: Audio timestampUs/lastTimestampUs: 3818690/3797357
08-03 01:45:47.681  1069  3821 V ACodec  : [OMX.qcom.audio.encoder.aac] calling fillBuffer 7
08-03 01:45:47.682  1085  3572 V GraphicBufferSource: onFrameAvailable: executing=1 available=0+0
08-03 01:45:47.682  1085  3572 V GraphicBufferSource: fillCodecBuffer_l: getting available buffer, available=1+0
08-03 01:45:47.682  1085  3572 V GraphicBufferSource: submitBuffer_l [slot=2, bufferId=6]
08-03 01:45:47.683  1085  3572 V GraphicBufferSource: emptyGraphicBuffer succeeded, bufferId=6@0 bufhandle=0xeadf0080
08-03 01:45:47.683  1085  3572 V GraphicBufferSource: buffer submitted [slot=2, useCount=3] acquired=1
08-03 01:45:47.683  1069  3819 V AudioRecord: processAudioBuffer(22): obtainBuffer(512) returned 960 = 512 + 448 err 0
08-03 01:45:47.683  1069  3819 V AudioSource: dataCallbackTimestamp: 210775052 us
08-03 01:45:47.685  1069  3819 V AudioRecord: processAudioBuffer(22): obtainBuffer(512) returned 448 = 448 + 0 err 0
08-03 01:45:47.685  1069  3813 V AudioSource: signalBufferReturned: 0xefbce800
08-03 01:45:47.686  1069  3821 V ACodec  : [OMX.qcom.audio.encoder.aac] calling emptyBuffer 1 w/ time 3842935 us
08-03 01:45:47.686  1069  3815 V ACodec  : [OMX.qcom.video.encoder.avc] onOMXFillBufferDone 10 time 3754052 us, flags = 0x00000002
08-03 01:45:47.686  1069  3814 V MediaCodec: -- empty queue, so ignore that.
08-03 01:45:47.686  1069  3813 V MediaCodecSource: [video] time 3754052 us (3.75 secs), dts/pts diff 0
08-03 01:45:47.687  1069  3821 V ACodec  : [OMX.qcom.audio.encoder.aac] onOMXEmptyBufferDone 1
08-03 01:45:47.687  1069  3819 V AudioRecord: processAudioBuffer(22): obtainBuffer(512) returned 448 = 448 + 0 err 0
08-03 01:45:47.687  1069  3819 V AudioSource: dataCallbackTimestamp: 210785719 us
08-03 01:45:47.687  1069  3850 V MPEG4Writer: decoding time: 3729627 and ctts offset time: 1800000000
08-03 01:45:47.687  1069  3850 V MPEG4Writer: Video media time stamp: 3729627 and previous paused duration 24425
08-03 01:45:47.687  1069  3850 V MPEG4Writer: Video timestampUs/lastTimestampUs: 3729561/3696316
08-03 01:45:47.687  1069  3815 V ACodec  : [OMX.qcom.video.encoder.avc] calling fillBuffer 10
08-03 01:45:47.688  1069  3819 V AudioRecord: processAudioBuffer(22): obtainBuffer(64) returned 0 = 0 + 0 err -11
08-03 01:45:47.689  1069  3813 V AudioSource: signalBufferReturned: 0xea39bf00
08-03 01:45:47.689  1069  3821 V ACodec  : [OMX.qcom.audio.encoder.aac] calling emptyBuffer 2 w/ time 3853602 us
08-03 01:45:47.690  1069  3821 V ACodec  : [OMX.qcom.audio.encoder.aac] onOMXEmptyBufferDone 2
08-03 01:45:47.704  1069  3819 V AudioRecord: processAudioBuffer(22): obtainBuffer(512) returned 960 = 512 + 448 err 0
08-03 01:45:47.705  1069  3819 V AudioSource: dataCallbackTimestamp: 210795062 us
08-03 01:45:47.707  1069  3819 V AudioRecord: processAudioBuffer(22): obtainBuffer(512) returned 448 = 448 + 0 err 0
08-03 01:45:47.707  1069  3813 V AudioSource: signalBufferReturned: 0xe9a57800
08-03 01:45:47.709  1069  3819 V AudioRecord: processAudioBuffer(22): obtainBuffer(512) returned 448 = 448 + 0 err 0
08-03 01:45:47.710  1069  3819 V AudioSource: dataCallbackTimestamp: 210805729 us
08-03 01:45:47.712  1069  3821 V ACodec  : [OMX.qcom.audio.encoder.aac] calling emptyBuffer 1 w/ time 3862935 us
08-03 01:45:47.713  1069  3819 V AudioRecord: processAudioBuffer(22): obtainBuffer(64) returned 0 = 0 + 0 err -11
08-03 01:45:47.713  1069  3813 V AudioSource: signalBufferReturned: 0xefb7f900
08-03 01:45:47.713  1069  3821 V ACodec  : [OMX.qcom.audio.encoder.aac] calling emptyBuffer 2 w/ time 3873602 us
08-03 01:45:47.714  1069  3821 V ACodec  : [OMX.qcom.audio.encoder.aac] onOMXEmptyBufferDone 1
08-03 01:45:47.715  1085  3818 V GraphicBufferSource: onInputBufferEmptied: bufferId=6@0 [slot=2, useCount=1, handle=0xeadf0080] acquired=1
08-03 01:45:47.715  1069  3821 V ACodec  : [OMX.qcom.audio.encoder.aac] onOMXEmptyBufferDone 2
08-03 01:45:47.718  1069  3815 V ACodec  : [OMX.qcom.video.encoder.avc] onOMXFillBufferDone 10 time 3787383 us, flags = 0x00000002
08-03 01:45:47.718  1069  3814 V MediaCodec: -- empty queue, so ignore that.
08-03 01:45:47.719  1069  3813 V MediaCodecSource: [video] time 3787383 us (3.79 secs), dts/pts diff 0
08-03 01:45:47.719  1069  3821 V ACodec  : [OMX.qcom.audio.encoder.aac] onOMXFillBufferDone 8 time 3842875 us, flags = 0x80000000
08-03 01:45:47.719  1069  3821 V MediaCodec: -- Looking at startdata. presentation 3822935, start 210780326480
08-03 01:45:47.719  1069  3821 V MediaCodec: --  drop entry for 3822935, before our frame of 3842875
08-03 01:45:47.719  1069  3821 V MediaCodec: -- Looking at startdata. presentation 3833602, start 210783467886
08-03 01:45:47.719  1069  3821 V MediaCodec: --  drop entry for 3833602, before our frame of 3842875
08-03 01:45:47.719  1069  3821 V MediaCodec: -- Looking at startdata. presentation 3842935, start 210798466636
08-03 01:45:47.719  1069  3821 V MediaCodec: --  found entry for 3842935, AFTER our frame of 3842875 we have nothing to pair with
08-03 01:45:47.719  1069  3850 V MPEG4Writer: decoding time: 3762958 and ctts offset time: 1800000000
08-03 01:45:47.719  1069  3850 V MPEG4Writer: Video media time stamp: 3762958 and previous paused duration 24425
08-03 01:45:47.719  1069  3850 V MPEG4Writer: Video timestampUs/lastTimestampUs: 3762958/3729561
08-03 01:45:47.719  1069  3815 V ACodec  : [OMX.qcom.video.encoder.avc] calling fillBuffer 10
08-03 01:45:47.719  1069  3813 V MediaCodecSource: [audio] time 3842875 us (3.84 secs), drift 0
08-03 01:45:47.720  1069  3854 V MPEG4Writer: Audio media time stamp: 3839940 and previous paused duration 2935
08-03 01:45:47.720  1069  3854 V MPEG4Writer: Audio timestampUs/lastTimestampUs: 3840023/3818690
08-03 01:45:47.720  1069  3821 V ACodec  : [OMX.qcom.audio.encoder.aac] calling fillBuffer 8
08-03 01:45:47.722  1085  3572 V GraphicBufferSource: onFrameAvailable: executing=1 available=0+0
08-03 01:45:47.722  1085  3572 V GraphicBufferSource: fillCodecBuffer_l: getting available buffer, available=1+0
08-03 01:45:47.722  1085  3572 V GraphicBufferSource: submitBuffer_l [slot=3, bufferId=7]
08-03 01:45:47.722  1085  3572 V GraphicBufferSource: emptyGraphicBuffer succeeded, bufferId=7@0 bufhandle=0xeadf0100
08-03 01:45:47.722  1085  3572 V GraphicBufferSource: buffer submitted [slot=3, useCount=3] acquired=1
08-03 01:45:47.724  1069  3819 V AudioRecord: processAudioBuffer(22): obtainBuffer(512) returned 960 = 256 + 704 err 0
08-03 01:45:47.724  1069  3819 V AudioSource: dataCallbackTimestamp: 210815088 us
08-03 01:45:47.726  1069  3819 V AudioRecord: processAudioBuffer(22): obtainBuffer(256) returned 704 = 256 + 448 err 0
08-03 01:45:47.726  1069  3819 V AudioSource: dataCallbackTimestamp: 210820422 us
08-03 01:45:47.726  1069  3813 V AudioSource: signalBufferReturned: 0xe99f1000
08-03 01:45:47.726  1069  3819 V AudioRecord: processAudioBuffer(22): obtainBuffer(512) returned 448 = 448 + 0 err 0
08-03 01:45:47.728  1069  3821 V ACodec  : [OMX.qcom.audio.encoder.aac] calling emptyBuffer 1 w/ time 3882935 us
08-03 01:45:47.728  1069  3819 V AudioRecord: processAudioBuffer(22): obtainBuffer(512) returned 448 = 448 + 0 err 0
08-03 01:45:47.728  1069  3813 V AudioSource: signalBufferReturned: 0xe99f1400
08-03 01:45:47.728  1069  3819 V AudioSource: dataCallbackTimestamp: 210825755 us
08-03 01:45:47.729  1069  3821 V ACodec  : [OMX.qcom.audio.encoder.aac] calling emptyBuffer 2 w/ time 3888268 us
08-03 01:45:47.730  1069  3819 V AudioRecord: processAudioBuffer(22): obtainBuffer(64) returned 0 = 0 + 0 err -11
08-03 01:45:47.731  1069  3821 V ACodec  : [OMX.qcom.audio.encoder.aac] onOMXEmptyBufferDone 1
08-03 01:45:47.732  1069  3821 V ACodec  : [OMX.qcom.audio.encoder.aac] onOMXEmptyBufferDone 2
08-03 01:45:47.732  1069  3813 V AudioSource: signalBufferReturned: 0xea398700
08-03 01:45:47.732  1069  3821 V ACodec  : [OMX.qcom.audio.encoder.aac] calling emptyBuffer 1 w/ time 3893602 us
08-03 01:45:47.733  1069  3821 V ACodec  : [OMX.qcom.audio.encoder.aac] onOMXEmptyBufferDone 1
08-03 01:45:47.734  1069  3821 V ACodec  : [OMX.qcom.audio.encoder.aac] onOMXFillBufferDone 9 time 3864208 us, flags = 0x80000000
08-03 01:45:47.735  1069  3821 V MediaCodec: -- Looking at startdata. presentation 3842935, start 210798466636
08-03 01:45:47.735  1069  3821 V MediaCodec: --  drop entry for 3842935, before our frame of 3864208
08-03 01:45:47.735  1069  3821 V MediaCodec: -- Looking at startdata. presentation 3853602, start 210802075907
08-03 01:45:47.735  1069  3821 V MediaCodec: --  drop entry for 3853602, before our frame of 3864208
08-03 01:45:47.735  1069  3821 V MediaCodec: -- Looking at startdata. presentation 3862935, start 210821014188
08-03 01:45:47.735  1069  3821 V MediaCodec: --  drop entry for 3862935, before our frame of 3864208
08-03 01:45:47.735  1069  3821 V MediaCodec: -- Looking at startdata. presentation 3873602, start 210826328094
08-03 01:45:47.735  1069  3821 V MediaCodec: --  found entry for 3873602, AFTER our frame of 3864208 we have nothing to pair with
08-03 01:45:47.735  1069  3813 V MediaCodecSource: [audio] time 3864208 us (3.86 secs), drift 0
08-03 01:45:47.735  1069  3854 V MPEG4Writer: Audio media time stamp: 3861273 and previous paused duration 2935
08-03 01:45:47.735  1069  3854 V MPEG4Writer: Audio timestampUs/lastTimestampUs: 3861356/3840023
08-03 01:45:47.736  1069  3821 V ACodec  : [OMX.qcom.audio.encoder.aac] calling fillBuffer 9
08-03 01:45:47.745  1069  3819 V AudioRecord: processAudioBuffer(22): obtainBuffer(512) returned 960 = 512 + 448 err 0
08-03 01:45:47.745  1069  3819 V AudioSource: dataCallbackTimestamp: 210835626 us
08-03 01:45:47.747  1069  3819 V AudioRecord: processAudioBuffer(22): obtainBuffer(512) returned 448 = 448 + 0 err 0
08-03 01:45:47.748  1069  3813 V AudioSource: signalBufferReturned: 0xea3bb000
08-03 01:45:47.748  1069  3819 V AudioRecord: processAudioBuffer(22): obtainBuffer(512) returned 448 = 448 + 0 err 0
08-03 01:45:47.748  1069  3819 V AudioSource: dataCallbackTimestamp: 210846293 us
08-03 01:45:47.749  1069  3821 V ACodec  : [OMX.qcom.audio.encoder.aac] calling emptyBuffer 2 w/ time 3902935 us
08-03 01:45:47.749  1085  3572 V GraphicBufferSource: onFrameAvailable: executing=1 available=0+0
08-03 01:45:47.749  1085  3572 V GraphicBufferSource: fillCodecBuffer_l: getting available buffer, available=1+0
08-03 01:45:47.749  1085  3572 V GraphicBufferSource: submitBuffer_l [slot=7, bufferId=8]
08-03 01:45:47.749  1085  3572 V GraphicBufferSource: emptyGraphicBuffer succeeded, bufferId=8@1 bufhandle=0xeb45de80
08-03 01:45:47.749  1085  3572 V GraphicBufferSource: buffer submitted [slot=7, useCount=3] acquired=2
08-03 01:45:47.749  1069  3819 V AudioRecord: processAudioBuffer(22): obtainBuffer(64) returned 0 = 0 + 0 err -11
08-03 01:45:47.750  1069  3813 V AudioSource: signalBufferReturned: 0xea399500
08-03 01:45:47.750  1069  3821 V ACodec  : [OMX.qcom.audio.encoder.aac] onOMXEmptyBufferDone 2
08-03 01:45:47.750  1069  3821 V ACodec  : [OMX.qcom.audio.encoder.aac] calling emptyBuffer 1 w/ time 3913602 us
08-03 01:45:47.752  1069  3821 V ACodec  : [OMX.qcom.audio.encoder.aac] onOMXEmptyBufferDone 1
08-03 01:45:47.753  1085  3818 V GraphicBufferSource: onInputBufferEmptied: bufferId=7@0 [slot=3, useCount=1, handle=0xeadf0100] acquired=2
08-03 01:45:47.755  1069  3821 V ACodec  : [OMX.qcom.audio.encoder.aac] onOMXFillBufferDone 10 time 3885541 us, flags = 0x80000000
08-03 01:45:47.755  1069  3821 V MediaCodec: -- Looking at startdata. presentation 3873602, start 210826328094
08-03 01:45:47.755  1069  3821 V MediaCodec: --  drop entry for 3873602, before our frame of 3885541
08-03 01:45:47.755  1069  3821 V MediaCodec: -- Looking at startdata. presentation 3882935, start 210840544240
08-03 01:45:47.755  1069  3821 V MediaCodec: --  drop entry for 3882935, before our frame of 3885541
08-03 01:45:47.755  1069  3821 V MediaCodec: -- Looking at startdata. presentation 3888268, start 210841544969
08-03 01:45:47.755  1069  3821 V MediaCodec: --  found entry for 3888268, AFTER our frame of 3885541 we have nothing to pair with
08-03 01:45:47.756  1069  3813 V MediaCodecSource: [audio] time 3885541 us (3.89 secs), drift 0
08-03 01:45:47.756  1069  3821 V ACodec  : [OMX.qcom.audio.encoder.aac] calling fillBuffer 10
08-03 01:45:47.756  1069  3854 V MPEG4Writer: Audio media time stamp: 3882606 and previous paused duration 2935
08-03 01:45:47.756  1069  3854 V MPEG4Writer: Audio timestampUs/lastTimestampUs: 3882689/3861356
08-03 01:45:47.764  1069  3819 V AudioRecord: processAudioBuffer(22): obtainBuffer(512) returned 960 = 512 + 448 err 0
08-03 01:45:47.765  1069  3819 V AudioSource: dataCallbackTimestamp: 210855043 us
08-03 01:45:47.766  1069  3815 V ACodec  : [OMX.qcom.video.encoder.avc] onOMXFillBufferDone 10 time 3820648 us, flags = 0x00000002
08-03 01:45:47.766  1069  3819 V AudioRecord: processAudioBuffer(22): obtainBuffer(512) returned 448 = 448 + 0 err 0
08-03 01:45:47.766  1069  3813 V AudioSource: signalBufferReturned: 0xea3bb800
08-03 01:45:47.767  1069  3821 V ACodec  : [OMX.qcom.audio.encoder.aac] calling emptyBuffer 2 w/ time 3922935 us
08-03 01:45:47.768  1069  3819 V AudioRecord: processAudioBuffer(22): obtainBuffer(512) returned 448 = 448 + 0 err 0
08-03 01:45:47.768  1069  3819 V AudioSource: dataCallbackTimestamp: 210865710 us
08-03 01:45:47.770  1069  3821 V ACodec  : [OMX.qcom.audio.encoder.aac] onOMXEmptyBufferDone 2
08-03 01:45:47.770  1069  3819 V AudioRecord: processAudioBuffer(22): obtainBuffer(64) returned 0 = 0 + 0 err -11
08-03 01:45:47.771  1069  3813 V AudioSource: signalBufferReturned: 0xea39aa00
08-03 01:45:47.771  1069  3821 V ACodec  : [OMX.qcom.audio.encoder.aac] calling emptyBuffer 1 w/ time 3933602 us
08-03 01:45:47.773  1069  3814 V MediaCodec: -- empty queue, so ignore that.
08-03 01:45:47.773  1069  3821 V ACodec  : [OMX.qcom.audio.encoder.aac] onOMXEmptyBufferDone 1
08-03 01:45:47.773  1069  3813 V MediaCodecSource: [video] time 3820648 us (3.82 secs), dts/pts diff 0
08-03 01:45:47.774  1069  3850 V MPEG4Writer: decoding time: 3796223 and ctts offset time: 1800000000
08-03 01:45:47.774  1069  3850 V MPEG4Writer: Video media time stamp: 3796223 and previous paused duration 24425
08-03 01:45:47.774  1069  3850 V MPEG4Writer: Video timestampUs/lastTimestampUs: 3796223/3762958
08-03 01:45:47.774  1069  3815 V ACodec  : [OMX.qcom.video.encoder.avc] calling fillBuffer 10
08-03 01:45:47.787  1085  3818 V GraphicBufferSource: onInputBufferEmptied: bufferId=8@0 [slot=7, useCount=1, handle=0xeb45de80] acquired=1
08-03 01:45:47.788  1069  3819 V AudioRecord: processAudioBuffer(22): obtainBuffer(512) returned 960 = 512 + 448 err 0
08-03 01:45:47.788  1069  3821 V ACodec  : [OMX.qcom.audio.encoder.aac] onOMXFillBufferDone 11 time 3906874 us, flags = 0x80000000
08-03 01:45:47.788  1069  3819 V AudioSource: dataCallbackTimestamp: 210875347 us
08-03 01:45:47.788  1069  3821 V MediaCodec: -- Looking at startdata. presentation 3888268, start 210841544969
08-03 01:45:47.788  1069  3821 V MediaCodec: --  drop entry for 3888268, before our frame of 3906874
08-03 01:45:47.788  1069  3821 V MediaCodec: -- Looking at startdata. presentation 3893602, start 210844865750
08-03 01:45:47.788  1069  3821 V MediaCodec: --  drop entry for 3893602, before our frame of 3906874
08-03 01:45:47.788  1069  3821 V MediaCodec: -- Looking at startdata. presentation 3902935, start 210861447834
08-03 01:45:47.788  1069  3821 V MediaCodec: --  drop entry for 3902935, before our frame of 3906874
08-03 01:45:47.788  1069  3815 V ACodec  : [OMX.qcom.video.encoder.avc] onOMXFillBufferDone 10 time 3854006 us, flags = 0x00000002
08-03 01:45:47.788  1069  3821 V MediaCodec: -- Looking at startdata. presentation 3913602, start 210863166428
08-03 01:45:47.788  1069  3821 V MediaCodec: --  found entry for 3913602, AFTER our frame of 3906874 we have nothing to pair with
08-03 01:45:47.788  1069  3814 V MediaCodec: -- empty queue, so ignore that.
08-03 01:45:47.788  1069  3813 V MediaCodecSource: [audio] time 3906874 us (3.91 secs), drift 0
08-03 01:45:47.789  1069  3854 V MPEG4Writer: Audio media time stamp: 3903939 and previous paused duration 2935
08-03 01:45:47.789  1069  3854 V MPEG4Writer: Audio timestampUs/lastTimestampUs: 3904022/3882689
08-03 01:45:47.790  1069  3821 V ACodec  : [OMX.qcom.audio.encoder.aac] calling fillBuffer 11
08-03 01:45:47.790  1069  3819 V AudioRecord: processAudioBuffer(22): obtainBuffer(512) returned 448 = 448 + 0 err 0
08-03 01:45:47.790  1069  3813 V MediaCodecSource: [video] time 3854006 us (3.85 secs), dts/pts diff 0
08-03 01:45:47.791  1069  3850 V MPEG4Writer: decoding time: 3829581 and ctts offset time: 1800000000
08-03 01:45:47.791  1069  3850 V MPEG4Writer: Video media time stamp: 3829581 and previous paused duration 24425
08-03 01:45:47.791  1069  3850 V MPEG4Writer: Video timestampUs/lastTimestampUs: 3829493/3796223
08-03 01:45:47.791  1069  3815 V ACodec  : [OMX.qcom.video.encoder.avc] calling fillBuffer 10
08-03 01:45:47.792  1069  3819 V AudioRecord: processAudioBuffer(22): obtainBuffer(512) returned 448 = 448 + 0 err 0
08-03 01:45:47.792  1069  3819 V AudioSource: dataCallbackTimestamp: 210886014 us
08-03 01:45:47.792  1069  3813 V AudioSource: signalBufferReturned: 0xea410000
08-03 01:45:47.793  1069  3819 V AudioRecord: processAudioBuffer(22): obtainBuffer(64) returned 0 = 0 + 0 err -11
08-03 01:45:47.793  1069  3821 V ACodec  : [OMX.qcom.audio.encoder.aac] calling emptyBuffer 2 w/ time 3942935 us
08-03 01:45:47.794  1069  3813 V AudioSource: signalBufferReturned: 0xea398000
08-03 01:45:47.795  1069  3821 V ACodec  : [OMX.qcom.audio.encoder.aac] calling emptyBuffer 1 w/ time 3953602 us
08-03 01:45:47.798  1085  2142 V GraphicBufferSource: onFrameAvailable: executing=1 available=0+0
08-03 01:45:47.798  1085  2142 V GraphicBufferSource: fillCodecBuffer_l: getting available buffer, available=1+0
08-03 01:45:47.798  1085  2142 V GraphicBufferSource: submitBuffer_l [slot=4, bufferId=9]
08-03 01:45:47.798  1085  2142 V GraphicBufferSource: emptyGraphicBuffer succeeded, bufferId=9@0 bufhandle=0xeadf0180
08-03 01:45:47.798  1085  2142 V GraphicBufferSource: buffer submitted [slot=4, useCount=3] acquired=1
08-03 01:45:47.800  1069  3821 V ACodec  : [OMX.qcom.audio.encoder.aac] onOMXEmptyBufferDone 2
08-03 01:45:47.801  1069  3821 V ACodec  : [OMX.qcom.audio.encoder.aac] onOMXFillBufferDone 12 time 3928207 us, flags = 0x80000000
08-03 01:45:47.801  1069  3821 V MediaCodec: -- Looking at startdata. presentation 3913602, start 210863166428
08-03 01:45:47.801  1069  3821 V MediaCodec: --  drop entry for 3913602, before our frame of 3928207
08-03 01:45:47.801  1069  3821 V MediaCodec: -- Looking at startdata. presentation 3922935, start 210879451584
08-03 01:45:47.801  1069  3821 V MediaCodec: --  drop entry for 3922935, before our frame of 3928207
08-03 01:45:47.801  1069  3821 V MediaCodec: -- Looking at startdata. presentation 3933602, start 210883836375
08-03 01:45:47.801  1069  3821 V MediaCodec: --  found entry for 3933602, AFTER our frame of 3928207 we have nothing to pair with
08-03 01:45:47.801  1069  3821 V ACodec  : [OMX.qcom.audio.encoder.aac] onOMXEmptyBufferDone 1
08-03 01:45:47.803  1069  3813 V MediaCodecSource: [audio] time 3928207 us (3.93 secs), drift 0
08-03 01:45:47.803  1069  3819 V AudioRecord: processAudioBuffer(22): obtainBuffer(512) returned 960 = 512 + 448 err 0
08-03 01:45:47.803  1069  3819 V AudioSource: dataCallbackTimestamp: 210895215 us
08-03 01:45:47.803  1069  3854 V MPEG4Writer: Audio media time stamp: 3925272 and previous paused duration 2935
08-03 01:45:47.804  1069  3854 V MPEG4Writer: Audio timestampUs/lastTimestampUs: 3925355/3904022
08-03 01:45:47.804  1069  3821 V ACodec  : [OMX.qcom.audio.encoder.aac] calling fillBuffer 12
08-03 01:45:47.805  1069  3819 V AudioRecord: processAudioBuffer(22): obtainBuffer(512) returned 448 = 448 + 0 err 0
08-03 01:45:47.805  1069  3813 V AudioSource: signalBufferReturned: 0xea410800
08-03 01:45:47.805  1069  3821 V ACodec  : [OMX.qcom.audio.encoder.aac] calling emptyBuffer 2 w/ time 3962935 us
08-03 01:45:47.809  1069  3819 V AudioRecord: processAudioBuffer(22): obtainBuffer(512) returned 448 = 448 + 0 err 0
08-03 01:45:47.811  1069  3819 V AudioSource: dataCallbackTimestamp: 210905882 us
08-03 01:45:47.812  1069  3819 V AudioRecord: processAudioBuffer(22): obtainBuffer(64) returned 0 = 0 + 0 err -11
08-03 01:45:47.813  1069  3813 V AudioSource: signalBufferReturned: 0xea399c00
08-03 01:45:47.815  1069  3821 V ACodec  : [OMX.qcom.audio.encoder.aac] onOMXEmptyBufferDone 2
08-03 01:45:47.816  1069  3821 V ACodec  : [OMX.qcom.audio.encoder.aac] onOMXFillBufferDone 13 time 3949540 us, flags = 0x80000000
08-03 01:45:47.816  1069  3821 V ACodec  : [OMX.qcom.audio.encoder.aac] calling emptyBuffer 1 w/ time 3973602 us
08-03 01:45:47.816  1069  3821 V MediaCodec: -- Looking at startdata. presentation 3933602, start 210883836375
08-03 01:45:47.816  1069  3821 V MediaCodec: --  drop entry for 3933602, before our frame of 3949540
08-03 01:45:47.816  1069  3821 V MediaCodec: -- Looking at startdata. presentation 3942935, start 210906124032
08-03 01:45:47.816  1069  3821 V MediaCodec: --  drop entry for 3942935, before our frame of 3949540
08-03 01:45:47.816  1069  3821 V MediaCodec: -- Looking at startdata. presentation 3953602, start 210907414500
08-03 01:45:47.816  1069  3821 V MediaCodec: --  found entry for 3953602, AFTER our frame of 3949540 we have nothing to pair with
08-03 01:45:47.817  1069  3821 V ACodec  : [OMX.qcom.audio.encoder.aac] onOMXEmptyBufferDone 1
08-03 01:45:47.817  1069  3813 V MediaCodecSource: [audio] time 3949540 us (3.95 secs), drift 0
08-03 01:45:47.817  1069  3854 V MPEG4Writer: Audio media time stamp: 3946605 and previous paused duration 2935
08-03 01:45:47.817  1069  3854 V MPEG4Writer: Audio timestampUs/lastTimestampUs: 3946688/3925355
08-03 01:45:47.817  1069  3821 V ACodec  : [OMX.qcom.audio.encoder.aac] calling fillBuffer 13
08-03 01:45:47.818  1085  2142 V GraphicBufferSource: onFrameAvailable: executing=1 available=0+0
08-03 01:45:47.818  1085  2142 V GraphicBufferSource: fillCodecBuffer_l: getting available buffer, available=1+0
08-03 01:45:47.818  1085  2142 V GraphicBufferSource: submitBuffer_l [slot=5, bufferId=1]
08-03 01:45:47.818  1085  2142 V GraphicBufferSource: emptyGraphicBuffer succeeded, bufferId=1@0 bufhandle=0xeadf0200
08-03 01:45:47.818  1085  2142 V GraphicBufferSource: buffer submitted [slot=5, useCount=3] acquired=2
08-03 01:45:47.823  1069  3819 V AudioRecord: processAudioBuffer(22): obtainBuffer(512) returned 960 = 512 + 448 err 0
08-03 01:45:47.823  1069  3819 V AudioSource: dataCallbackTimestamp: 210915021 us
08-03 01:45:47.825  1069  3819 V AudioRecord: processAudioBuffer(22): obtainBuffer(512) returned 448 = 448 + 0 err 0
08-03 01:45:47.825  1069  3813 V AudioSource: signalBufferReturned: 0xea416000
08-03 01:45:47.826  1069  3821 V ACodec  : [OMX.qcom.audio.encoder.aac] calling emptyBuffer 2 w/ time 3982935 us
08-03 01:45:47.827  1069  3819 V AudioRecord: processAudioBuffer(22): obtainBuffer(512) returned 448 = 448 + 0 err 0
08-03 01:45:47.827  1069  3821 V ACodec  : [OMX.qcom.audio.encoder.aac] onOMXEmptyBufferDone 2
08-03 01:45:47.827  1069  3819 V AudioSource: dataCallbackTimestamp: 210925688 us
08-03 01:45:47.828  1069  3819 V AudioRecord: processAudioBuffer(22): obtainBuffer(64) returned 0 = 0 + 0 err -11
08-03 01:45:47.828  1069  3813 V AudioSource: signalBufferReturned: 0xea39a300
08-03 01:45:47.829  1069  3821 V ACodec  : [OMX.qcom.audio.encoder.aac] calling emptyBuffer 1 w/ time 3993602 us
08-03 01:45:47.830  1069  3821 V ACodec  : [OMX.qcom.audio.encoder.aac] onOMXEmptyBufferDone 1
08-03 01:45:47.830  1085  3818 V GraphicBufferSource: onInputBufferEmptied: bufferId=9@1 [slot=4, useCount=1, handle=0xeadf0180] acquired=2
08-03 01:45:47.832  1069  3821 V ACodec  : [OMX.qcom.audio.encoder.aac] onOMXFillBufferDone 14 time 3970873 us, flags = 0x80000000
08-03 01:45:47.833  1069  3821 V MediaCodec: -- Looking at startdata. presentation 3953602, start 210907414500
08-03 01:45:47.833  1069  3821 V MediaCodec: --  drop entry for 3953602, before our frame of 3970873
08-03 01:45:47.833  1069  3821 V MediaCodec: -- Looking at startdata. presentation 3962935, start 210918211323
08-03 01:45:47.833  1069  3821 V MediaCodec: --  drop entry for 3962935, before our frame of 3970873
08-03 01:45:47.833  1069  3821 V MediaCodec: -- Looking at startdata. presentation 3973602, start 210928073823
08-03 01:45:47.833  1069  3821 V MediaCodec: --  found entry for 3973602, AFTER our frame of 3970873 we have nothing to pair with
08-03 01:45:47.833  1069  3813 V MediaCodecSource: [audio] time 3970873 us (3.97 secs), drift 0
08-03 01:45:47.833  1069  3854 V MPEG4Writer: Audio media time stamp: 3967938 and previous paused duration 2935
08-03 01:45:47.833  1069  3854 V MPEG4Writer: Audio timestampUs/lastTimestampUs: 3968021/3946688
08-03 01:45:47.834  1069  3821 V ACodec  : [OMX.qcom.audio.encoder.aac] calling fillBuffer 14
08-03 01:45:47.837  1069  3815 V ACodec  : [OMX.qcom.video.encoder.avc] onOMXFillBufferDone 10 time 3887312 us, flags = 0x00000002
08-03 01:45:47.838  1069  3814 V MediaCodec: -- empty queue, so ignore that.
08-03 01:45:47.838  1069  3813 V MediaCodecSource: [video] time 3887312 us (3.89 secs), dts/pts diff 0
08-03 01:45:47.838  1069  3850 V MPEG4Writer: decoding time: 3862887 and ctts offset time: 1800000000
08-03 01:45:47.838  1069  3850 V MPEG4Writer: Video media time stamp: 3862887 and previous paused duration 24425
08-03 01:45:47.838  1069  3850 V MPEG4Writer: Video timestampUs/lastTimestampUs: 3862887/3829493
08-03 01:45:47.838  1069  3815 V ACodec  : [OMX.qcom.video.encoder.avc] calling fillBuffer 10
08-03 01:45:47.847  1069  3819 V AudioRecord: processAudioBuffer(22): obtainBuffer(512) returned 960 = 512 + 448 err 0
08-03 01:45:47.847  1069  3819 V AudioSource: dataCallbackTimestamp: 210935353 us
08-03 01:45:47.849  1069  3819 V AudioRecord: processAudioBuffer(22): obtainBuffer(512) returned 448 = 448 + 0 err 0
08-03 01:45:47.849  1069  3813 V AudioSource: signalBufferReturned: 0xea416800
08-03 01:45:47.849  1069  3821 V ACodec  : [OMX.qcom.audio.encoder.aac] calling emptyBuffer 2 w/ time 4002935 us
08-03 01:45:47.850  1069  3819 V AudioRecord: processAudioBuffer(22): obtainBuffer(512) returned 448 = 448 + 0 err 0
08-03 01:45:47.851  1069  3819 V AudioSource: dataCallbackTimestamp: 210946020 us
08-03 01:45:47.852  1085  2142 V GraphicBufferSource: onFrameAvailable: executing=1 available=0+0
08-03 01:45:47.852  1085  2142 V GraphicBufferSource: fillCodecBuffer_l: getting available buffer, available=1+0
08-03 01:45:47.852  1085  2142 V GraphicBufferSource: submitBuffer_l [slot=6, bufferId=2]
08-03 01:45:47.852  1085  2142 V GraphicBufferSource: emptyGraphicBuffer succeeded, bufferId=2@1 bufhandle=0xeb45de00
08-03 01:45:47.852  1085  2142 V GraphicBufferSource: buffer submitted [slot=6, useCount=3] acquired=2
08-03 01:45:47.852  1069  3819 V AudioRecord: processAudioBuffer(22): obtainBuffer(64) returned 0 = 0 + 0 err -11
08-03 01:45:47.852  1069  3813 V AudioSource: signalBufferReturned: 0xea39b800
08-03 01:45:47.852  1069  3821 V ACodec  : [OMX.qcom.audio.encoder.aac] onOMXEmptyBufferDone 2
08-03 01:45:47.853  1069  3821 V ACodec  : [OMX.qcom.audio.encoder.aac] calling emptyBuffer 1 w/ time 4013602 us
08-03 01:45:47.853  1069  3821 V ACodec  : [OMX.qcom.audio.encoder.aac] onOMXEmptyBufferDone 1
08-03 01:45:47.858  1085  3818 V GraphicBufferSource: onInputBufferEmptied: bufferId=1@0 [slot=5, useCount=1, handle=0xeadf0200] acquired=2
08-03 01:45:47.859  1069  3821 V ACodec  : [OMX.qcom.audio.encoder.aac] onOMXFillBufferDone 15 time 3992206 us, flags = 0x80000000
08-03 01:45:47.859  1069  3821 V MediaCodec: -- Looking at startdata. presentation 3973602, start 210928073823
08-03 01:45:47.859  1069  3821 V MediaCodec: --  drop entry for 3973602, before our frame of 3992206
08-03 01:45:47.859  1069  3821 V MediaCodec: -- Looking at startdata. presentation 3982935, start 210938747678
08-03 01:45:47.859  1069  3821 V MediaCodec: --  drop entry for 3982935, before our frame of 3992206
08-03 01:45:47.859  1069  3821 V MediaCodec: -- Looking at startdata. presentation 3993602, start 210941728667
08-03 01:45:47.859  1069  3821 V MediaCodec: --  found entry for 3993602, AFTER our frame of 3992206 we have nothing to pair with
08-03 01:45:47.861  1069  3813 V MediaCodecSource: [audio] time 3992206 us (3.99 secs), drift 0
08-03 01:45:47.861  1069  3854 V MPEG4Writer: Audio media time stamp: 3989271 and previous paused duration 2935
08-03 01:45:47.861  1069  3854 V MPEG4Writer: Audio timestampUs/lastTimestampUs: 3989354/3968021
08-03 01:45:47.861  1069  3821 V ACodec  : [OMX.qcom.audio.encoder.aac] calling fillBuffer 15
08-03 01:45:47.864  1069  3819 V AudioRecord: processAudioBuffer(22): obtainBuffer(512) returned 960 = 512 + 448 err 0
08-03 01:45:47.864  1069  3819 V AudioSource: dataCallbackTimestamp: 210955162 us
08-03 01:45:47.866  1069  3819 V AudioRecord: processAudioBuffer(22): obtainBuffer(512) returned 448 = 448 + 0 err 0
08-03 01:45:47.866  1069  3815 V ACodec  : [OMX.qcom.video.encoder.avc] onOMXFillBufferDone 10 time 3920565 us, flags = 0x00000002
08-03 01:45:47.867  1069  3813 V AudioSource: signalBufferReturned: 0xea499000
08-03 01:45:47.867  1069  3814 V MediaCodec: -- empty queue, so ignore that.
08-03 01:45:47.867  1069  3821 V ACodec  : [OMX.qcom.audio.encoder.aac] calling emptyBuffer 2 w/ time 4022935 us
08-03 01:45:47.868  1069  3819 V AudioRecord: processAudioBuffer(22): obtainBuffer(512) returned 448 = 448 + 0 err 0
08-03 01:45:47.868  1069  3819 V AudioSource: dataCallbackTimestamp: 210965829 us
08-03 01:45:47.869  1069  3819 V AudioRecord: processAudioBuffer(22): obtainBuffer(64) returned 0 = 0 + 0 err -11
08-03 01:45:47.869  1069  3813 V AudioSource: signalBufferReturned: 0xefb7f900
08-03 01:45:47.873  1069  3821 V ACodec  : [OMX.qcom.audio.encoder.aac] onOMXEmptyBufferDone 2
08-03 01:45:47.873  1069  3821 V ACodec  : [OMX.qcom.audio.encoder.aac] calling emptyBuffer 1 w/ time 4033602 us
08-03 01:45:47.874  1069  3813 V MediaCodecSource: [video] time 3920565 us (3.92 secs), dts/pts diff 0
08-03 01:45:47.874  1069  3850 V MPEG4Writer: decoding time: 3896140 and ctts offset time: 1800000000
08-03 01:45:47.874  1069  3850 V MPEG4Writer: Video media time stamp: 3896140 and previous paused duration 24425
08-03 01:45:47.874  1069  3850 V MPEG4Writer: Video timestampUs/lastTimestampUs: 3896140/3862887
08-03 01:45:47.874  1069  3815 V ACodec  : [OMX.qcom.video.encoder.avc] calling fillBuffer 10
08-03 01:45:47.875  1069  3821 V ACodec  : [OMX.qcom.audio.encoder.aac] onOMXEmptyBufferDone 1
08-03 01:45:47.880  1069  3821 V ACodec  : [OMX.qcom.audio.encoder.aac] onOMXFillBufferDone 16 time 4013539 us, flags = 0x80000000
08-03 01:45:47.880  1069  3821 V MediaCodec: -- Looking at startdata. presentation 3993602, start 210941728667
08-03 01:45:47.881  1069  3821 V MediaCodec: --  drop entry for 3993602, before our frame of 4013539
08-03 01:45:47.881  1069  3821 V MediaCodec: -- Looking at startdata. presentation 4002935, start 210962008250
08-03 01:45:47.881  1069  3821 V MediaCodec: --  drop entry for 4002935, before our frame of 4013539
08-03 01:45:47.881  1069  3821 V MediaCodec: -- Looking at startdata. presentation 4013602, start 210965473511
08-03 01:45:47.881  1069  3821 V MediaCodec: --  found entry for 4013602, AFTER our frame of 4013539 we have nothing to pair with
08-03 01:45:47.882  1069  3813 V MediaCodecSource: [audio] time 4013539 us (4.01 secs), drift 0
08-03 01:45:47.883  1069  3854 V MPEG4Writer: Audio media time stamp: 4010604 and previous paused duration 2935
08-03 01:45:47.883  1069  3854 V MPEG4Writer: Audio timestampUs/lastTimestampUs: 4010687/3989354
08-03 01:45:47.885  1069  3819 V AudioRecord: processAudioBuffer(22): obtainBuffer(512) returned 960 = 512 + 448 err 0
08-03 01:45:47.885  1069  3819 V AudioSource: dataCallbackTimestamp: 210975182 us
08-03 01:45:47.885  1069  3821 V ACodec  : [OMX.qcom.audio.encoder.aac] calling fillBuffer 16
08-03 01:45:47.886  1069  3819 V AudioRecord: processAudioBuffer(22): obtainBuffer(512) returned 448 = 256 + 192 err 0
08-03 01:45:47.886  1069  3813 V AudioSource: signalBufferReturned: 0xefb74800
08-03 01:45:47.886  1085  3818 V GraphicBufferSource: onInputBufferEmptied: bufferId=2@0 [slot=6, useCount=1, handle=0xeb45de00] acquired=1
08-03 01:45:47.886  1069  3821 V ACodec  : [OMX.qcom.audio.encoder.aac] calling emptyBuffer 2 w/ time 4042935 us
08-03 01:45:47.887  1069  3819 V AudioRecord: processAudioBuffer(22): obtainBuffer(512) returned 448 = 256 + 192 err 0
08-03 01:45:47.887  1069  3819 V AudioSource: dataCallbackTimestamp: 210985849 us
08-03 01:45:47.889  1069  3819 V AudioRecord: processAudioBuffer(22): obtainBuffer(256) returned 192 = 192 + 0 err 0
08-03 01:45:47.889  1069  3819 V AudioSource: dataCallbackTimestamp: 210991182 us
08-03 01:45:47.890  1069  3819 V AudioRecord: processAudioBuffer(22): obtainBuffer(64) returned 0 = 0 + 0 err -11
08-03 01:45:47.891  1069  3821 V ACodec  : [OMX.qcom.audio.encoder.aac] onOMXEmptyBufferDone 2
08-03 01:45:47.891  1085  2142 V GraphicBufferSource: onFrameAvailable: executing=1 available=0+0
08-03 01:45:47.891  1085  2142 V GraphicBufferSource: fillCodecBuffer_l: getting available buffer, available=1+0
08-03 01:45:47.891  1085  2142 V GraphicBufferSource: submitBuffer_l [slot=0, bufferId=3]
08-03 01:45:47.891  1085  2142 V GraphicBufferSource: emptyGraphicBuffer succeeded, bufferId=3@0 bufhandle=0xeb45dd80
08-03 01:45:47.891  1085  2142 V GraphicBufferSource: buffer submitted [slot=0, useCount=3] acquired=1
08-03 01:45:47.892  1069  3813 V AudioSource: signalBufferReturned: 0xe99f1800
08-03 01:45:47.894  1069  3815 V ACodec  : [OMX.qcom.video.encoder.avc] onOMXFillBufferDone 10 time 3953848 us, flags = 0x00000002
08-03 01:45:47.895  1069  3814 V MediaCodec: -- empty queue, so ignore that.
08-03 01:45:47.898  1069  3821 V ACodec  : [OMX.qcom.audio.encoder.aac] calling emptyBuffer 1 w/ time 4053602 us
08-03 01:45:47.898  1069  3813 V AudioSource: signalBufferReturned: 0xea3c3900
08-03 01:45:47.899  1069  3821 V ACodec  : [OMX.qcom.audio.encoder.aac] calling emptyBuffer 2 w/ time 4058935 us
08-03 01:45:47.899  1069  3813 V MediaCodecSource: [video] time 3953848 us (3.95 secs), dts/pts diff 0
08-03 01:45:47.899  1069  3821 V ACodec  : [OMX.qcom.audio.encoder.aac] onOMXEmptyBufferDone 1
08-03 01:45:47.900  1069  3815 V ACodec  : [OMX.qcom.video.encoder.avc] calling fillBuffer 10
08-03 01:45:47.900  1069  3850 V MPEG4Writer: decoding time: 3929423 and ctts offset time: 1800000000
08-03 01:45:47.900  1069  3850 V MPEG4Writer: Video media time stamp: 3929423 and previous paused duration 24425
08-03 01:45:47.900  1069  3850 V MPEG4Writer: Video timestampUs/lastTimestampUs: 3929402/3896140
08-03 01:45:47.900  1069  3821 V ACodec  : [OMX.qcom.audio.encoder.aac] onOMXEmptyBufferDone 2
08-03 01:45:47.903  1069  3819 V AudioRecord: processAudioBuffer(22): obtainBuffer(512) returned 960 = 512 + 448 err 0
08-03 01:45:47.904  1069  3819 V AudioSource: dataCallbackTimestamp: 210995217 us
08-03 01:45:47.906  1069  3819 V AudioRecord: processAudioBuffer(22): obtainBuffer(512) returned 448 = 448 + 0 err 0
08-03 01:45:47.906  1069  3813 V AudioSource: signalBufferReturned: 0xefbce000
08-03 01:45:47.908  1069  3819 V AudioRecord: processAudioBuffer(22): obtainBuffer(512) returned 448 = 448 + 0 err 0
08-03 01:45:47.908  1069  3819 V AudioSource: dataCallbackTimestamp: 211005884 us
08-03 01:45:47.908  1069  3821 V ACodec  : [OMX.qcom.audio.encoder.aac] onOMXFillBufferDone 17 time 4034872 us, flags = 0x80000000
08-03 01:45:47.908  1069  3821 V MediaCodec: -- Looking at startdata. presentation 4013602, start 210965473511
08-03 01:45:47.908  1069  3821 V MediaCodec: --  drop entry for 4013602, before our frame of 4034872
08-03 01:45:47.908  1069  3821 V MediaCodec: -- Looking at startdata. presentation 4022935, start 210979929969
08-03 01:45:47.908  1069  3821 V MediaCodec: --  drop entry for 4022935, before our frame of 4034872
08-03 01:45:47.908  1069  3821 V MediaCodec: -- Looking at startdata. presentation 4033602, start 210985888250
08-03 01:45:47.908  1069  3821 V MediaCodec: --  drop entry for 4033602, before our frame of 4034872
08-03 01:45:47.908  1069  3821 V MediaCodec: -- Looking at startdata. presentation 4042935, start 210999204865
08-03 01:45:47.908  1069  3821 V MediaCodec: --  found entry for 4042935, AFTER our frame of 4034872 we have nothing to pair with
08-03 01:45:47.909  1069  3821 V ACodec  : [OMX.qcom.audio.encoder.aac] calling emptyBuffer 1 w/ time 4062935 us
08-03 01:45:47.909  1069  3813 V MediaCodecSource: [audio] time 4034872 us (4.03 secs), drift 0
08-03 01:45:47.910  1069  3854 V MPEG4Writer: Audio media time stamp: 4031937 and previous paused duration 2935
08-03 01:45:47.910  1069  3854 V MPEG4Writer: Audio timestampUs/lastTimestampUs: 4032020/4010687
08-03 01:45:47.910  1069  3854 V MPEG4Writer: bufferChunk
08-03 01:45:47.910  1069  3854 V MPEG4Writer: bufferChunk: 0xeb36d400
08-03 01:45:47.911  1069  3849 V MPEG4Writer: findChunkToWrite
08-03 01:45:47.911  1069  3849 V MPEG4Writer: writeChunkToFile: 4032020 from Audio track
08-03 01:45:47.911  1069  3819 V AudioRecord: processAudioBuffer(22): obtainBuffer(64) returned 0 = 0 + 0 err -11
08-03 01:45:47.912  1069  3849 V MPEG4Writer: findChunkToWrite
08-03 01:45:47.912  1069  3849 V MPEG4Writer: Nothing to be written after all
08-03 01:45:47.912  1069  3821 V ACodec  : [OMX.qcom.audio.encoder.aac] onOMXEmptyBufferDone 1
08-03 01:45:47.912  1069  3821 V ACodec  : [OMX.qcom.audio.encoder.aac] calling fillBuffer 17
08-03 01:45:47.913  1069  3813 V AudioSource: signalBufferReturned: 0xea398700
08-03 01:45:47.913  1069  3821 V ACodec  : [OMX.qcom.audio.encoder.aac] calling emptyBuffer 2 w/ time 4073602 us
08-03 01:45:47.914  1069  3821 V ACodec  : [OMX.qcom.audio.encoder.aac] onOMXEmptyBufferDone 2
08-03 01:45:47.919  1085  3572 V GraphicBufferSource: onFrameAvailable: executing=1 available=0+0
08-03 01:45:47.919  1085  3572 V GraphicBufferSource: fillCodecBuffer_l: getting available buffer, available=1+0
08-03 01:45:47.919  1085  3572 V GraphicBufferSource: submitBuffer_l [slot=1, bufferId=4]
08-03 01:45:47.920  1085  3572 V GraphicBufferSource: emptyGraphicBuffer succeeded, bufferId=4@1 bufhandle=0xeadf0000
08-03 01:45:47.920  1085  3572 V GraphicBufferSource: buffer submitted [slot=1, useCount=3] acquired=2
08-03 01:45:47.921  1085  3818 V GraphicBufferSource: onInputBufferEmptied: bufferId=3@0 [slot=0, useCount=1, handle=0xeb45dd80] acquired=2
08-03 01:45:47.922  1069  3821 V ACodec  : [OMX.qcom.audio.encoder.aac] onOMXFillBufferDone 18 time 4056205 us, flags = 0x80000000
08-03 01:45:47.922  1069  3821 V MediaCodec: -- Looking at startdata. presentation 4042935, start 210999204865
08-03 01:45:47.922  1069  3821 V MediaCodec: --  drop entry for 4042935, before our frame of 4056205
08-03 01:45:47.922  1069  3821 V MediaCodec: -- Looking at startdata. presentation 4053602, start 211010664761
08-03 01:45:47.922  1069  3821 V MediaCodec: --  drop entry for 4053602, before our frame of 4056205
08-03 01:45:47.922  1069  3821 V MediaCodec: -- Looking at startdata. presentation 4058935, start 211011721063
08-03 01:45:47.922  1069  3821 V MediaCodec: --  found entry for 4058935, AFTER our frame of 4056205 we have nothing to pair with
08-03 01:45:47.922  1069  3813 V MediaCodecSource: [audio] time 4056205 us (4.06 secs), drift 0
08-03 01:45:47.923  1069  3854 V MPEG4Writer: Audio media time stamp: 4053270 and previous paused duration 2935
08-03 01:45:47.923  1069  3854 V MPEG4Writer: Audio timestampUs/lastTimestampUs: 4053353/4032020
08-03 01:45:47.923  1069  3821 V ACodec  : [OMX.qcom.audio.encoder.aac] calling fillBuffer 18
08-03 01:45:47.923  1069  3819 V AudioRecord: processAudioBuffer(22): obtainBuffer(512) returned 960 = 512 + 448 err 0
08-03 01:45:47.923  1069  3819 V AudioSource: dataCallbackTimestamp: 211015062 us
08-03 01:45:47.924  1069  3819 V AudioRecord: processAudioBuffer(22): obtainBuffer(512) returned 448 = 448 + 0 err 0
08-03 01:45:47.925  1069  3813 V AudioSource: signalBufferReturned: 0xea499800
08-03 01:45:47.926  1069  3821 V ACodec  : [OMX.qcom.audio.encoder.aac] calling emptyBuffer 1 w/ time 4082935 us
08-03 01:45:47.927  1069  3821 V ACodec  : [OMX.qcom.audio.encoder.aac] onOMXEmptyBufferDone 1
08-03 01:45:47.929  1069  3819 V AudioRecord: processAudioBuffer(22): obtainBuffer(512) returned 448 = 448 + 0 err 0
08-03 01:45:47.929  1069  3819 V AudioSource: dataCallbackTimestamp: 211025729 us
08-03 01:45:47.930  1069  3819 V AudioRecord: processAudioBuffer(22): obtainBuffer(64) returned 0 = 0 + 0 err -11
08-03 01:45:47.931  1069  3813 V AudioSource: signalBufferReturned: 0xea399500
08-03 01:45:47.933  1069  3815 V ACodec  : [OMX.qcom.video.encoder.avc] onOMXFillBufferDone 10 time 3987182 us, flags = 0x00000002
08-03 01:45:47.933  1069  3821 V ACodec  : [OMX.qcom.audio.encoder.aac] calling emptyBuffer 2 w/ time 4093602 us
08-03 01:45:47.934  1069  3814 V MediaCodec: -- empty queue, so ignore that.
08-03 01:45:47.934  1069  3821 V ACodec  : [OMX.qcom.audio.encoder.aac] onOMXEmptyBufferDone 2
08-03 01:45:47.934  1069  3813 V MediaCodecSource: [video] time 3987182 us (3.99 secs), dts/pts diff 0
08-03 01:45:47.935  1069  3850 V MPEG4Writer: decoding time: 3962757 and ctts offset time: 1800000000
08-03 01:45:47.935  1069  3850 V MPEG4Writer: Video media time stamp: 3962757 and previous paused duration 24425
08-03 01:45:47.935  1069  3850 V MPEG4Writer: Video timestampUs/lastTimestampUs: 3962658/3929402
08-03 01:45:47.935  1069  3815 V ACodec  : [OMX.qcom.video.encoder.avc] calling fillBuffer 10
08-03 01:45:47.939  1069  3821 V ACodec  : [OMX.qcom.audio.encoder.aac] onOMXFillBufferDone 3 time 4077538 us, flags = 0x80000000
08-03 01:45:47.940  1069  3821 V MediaCodec: -- Looking at startdata. presentation 4058935, start 211011721063
08-03 01:45:47.940  1069  3821 V MediaCodec: --  drop entry for 4058935, before our frame of 4077538
08-03 01:45:47.940  1069  3821 V MediaCodec: -- Looking at startdata. presentation 4062935, start 211021061792
08-03 01:45:47.940  1069  3821 V MediaCodec: --  drop entry for 4062935, before our frame of 4077538
08-03 01:45:47.940  1069  3821 V MediaCodec: -- Looking at startdata. presentation 4073602, start 211026184969
08-03 01:45:47.940  1069  3821 V MediaCodec: --  drop entry for 4073602, before our frame of 4077538
08-03 01:45:47.940  1069  3821 V MediaCodec: -- Looking at startdata. presentation 4082935, start 211038929292
08-03 01:45:47.940  1069  3821 V MediaCodec: --  found entry for 4082935, AFTER our frame of 4077538 we have nothing to pair with
08-03 01:45:47.941  1085  3818 V GraphicBufferSource: onInputBufferEmptied: bufferId=4@0 [slot=1, useCount=1, handle=0xeadf0000] acquired=1
08-03 01:45:47.941  1069  3813 V MediaCodecSource: [audio] time 4077538 us (4.08 secs), drift 0
08-03 01:45:47.942  1069  3854 V MPEG4Writer: Audio media time stamp: 4074603 and previous paused duration 2935
08-03 01:45:47.942  1069  3854 V MPEG4Writer: Audio timestampUs/lastTimestampUs: 4074686/4053353
08-03 01:45:47.942  1069  3821 V ACodec  : [OMX.qcom.audio.encoder.aac] calling fillBuffer 3
08-03 01:45:47.950  1069  3819 V AudioRecord: processAudioBuffer(22): obtainBuffer(512) returned 960 = 512 + 448 err 0
08-03 01:45:47.950  1069  3819 V AudioSource: dataCallbackTimestamp: 211035079 us
08-03 01:45:47.951  1069  3819 V AudioRecord: processAudioBuffer(22): obtainBuffer(512) returned 448 = 448 + 0 err 0
08-03 01:45:47.953  1069  3819 V AudioRecord: processAudioBuffer(22): obtainBuffer(512) returned 448 = 448 + 0 err 0
08-03 01:45:47.953  1069  3819 V AudioSource: dataCallbackTimestamp: 211045746 us
08-03 01:45:47.954  1069  3813 V AudioSource: signalBufferReturned: 0xefb75000
08-03 01:45:47.954  1069  3815 V ACodec  : [OMX.qcom.video.encoder.avc] onOMXFillBufferDone 10 time 4020443 us, flags = 0x7f001020
08-03 01:45:47.954  1069  3814 V MediaCodec: -- empty queue, so ignore that.
08-03 01:45:47.954  1069  3819 V AudioRecord: processAudioBuffer(22): obtainBuffer(64) returned 0 = 0 + 0 err -11
08-03 01:45:47.955  1069  3821 V ACodec  : [OMX.qcom.audio.encoder.aac] calling emptyBuffer 1 w/ time 4102935 us
08-03 01:45:47.955  1069  3813 V AudioSource: signalBufferReturned: 0xea39bf00
08-03 01:45:47.955  1069  3821 V ACodec  : [OMX.qcom.audio.encoder.aac] calling emptyBuffer 2 w/ time 4113602 us
08-03 01:45:47.955  1069  3821 V ACodec  : [OMX.qcom.audio.encoder.aac] onOMXEmptyBufferDone 1
08-03 01:45:47.956  1069  3821 V ACodec  : [OMX.qcom.audio.encoder.aac] onOMXEmptyBufferDone 2
08-03 01:45:47.956  1069  3813 V MediaCodecSource: [video] time 4020443 us (4.02 secs), dts/pts diff 0
08-03 01:45:47.957  1069  3850 V MPEG4Writer: decoding time: 3996018 and ctts offset time: 1800000000
08-03 01:45:47.957  1069  3815 V ACodec  : [OMX.qcom.video.encoder.avc] calling fillBuffer 10
08-03 01:45:47.957  1069  3850 V MPEG4Writer: Video media time stamp: 3996018 and previous paused duration 24425
08-03 01:45:47.957  1069  3850 V MPEG4Writer: Video timestampUs/lastTimestampUs: 3996018/3962658
08-03 01:45:47.960  1085  3572 V GraphicBufferSource: onFrameAvailable: executing=1 available=0+0
08-03 01:45:47.960  1085  3572 V GraphicBufferSource: fillCodecBuffer_l: getting available buffer, available=1+0
08-03 01:45:47.960  1085  3572 V GraphicBufferSource: submitBuffer_l [slot=2, bufferId=5]
08-03 01:45:47.960  1085  3572 V GraphicBufferSource: emptyGraphicBuffer succeeded, bufferId=5@0 bufhandle=0xeadf0080
08-03 01:45:47.960  1085  3572 V GraphicBufferSource: buffer submitted [slot=2, useCount=3] acquired=1
08-03 01:45:47.964  1069  3821 V ACodec  : [OMX.qcom.audio.encoder.aac] onOMXFillBufferDone 4 time 4098871 us, flags = 0x80000000
08-03 01:45:47.964  1069  3819 V AudioRecord: processAudioBuffer(22): obtainBuffer(512) returned 960 = 512 + 448 err 0
08-03 01:45:47.964  1069  3819 V AudioSource: dataCallbackTimestamp: 211055096 us
08-03 01:45:47.964  1069  3821 V MediaCodec: -- Looking at startdata. presentation 4082935, start 211038929292
08-03 01:45:47.964  1069  3821 V MediaCodec: --  drop entry for 4082935, before our frame of 4098871
08-03 01:45:47.964  1069  3821 V MediaCodec: -- Looking at startdata. presentation 4093602, start 211046045386
08-03 01:45:47.964  1069  3821 V MediaCodec: --  drop entry for 4093602, before our frame of 4098871
08-03 01:45:47.964  1069  3821 V MediaCodec: -- Looking at startdata. presentation 4102935, start 211067649448
08-03 01:45:47.964  1069  3821 V MediaCodec: --  found entry for 4102935, AFTER our frame of 4098871 we have nothing to pair with
08-03 01:45:47.965  1069  3813 V MediaCodecSource: [audio] time 4098871 us (4.10 secs), drift 0
08-03 01:45:47.965  1069  3854 V MPEG4Writer: Audio media time stamp: 4095936 and previous paused duration 2935
08-03 01:45:47.965  1069  3854 V MPEG4Writer: Audio timestampUs/lastTimestampUs: 4096019/4074686
08-03 01:45:47.965  1069  3821 V ACodec  : [OMX.qcom.audio.encoder.aac] calling fillBuffer 4
08-03 01:45:47.966  1069  3819 V AudioRecord: processAudioBuffer(22): obtainBuffer(512) returned 448 = 448 + 0 err 0
08-03 01:45:47.967  1069  3813 V AudioSource: signalBufferReturned: 0xefb75800
08-03 01:45:47.967  1069  3821 V ACodec  : [OMX.qcom.audio.encoder.aac] calling emptyBuffer 1 w/ time 4122935 us
08-03 01:45:47.968  1069  3819 V AudioRecord: processAudioBuffer(22): obtainBuffer(512) returned 448 = 448 + 0 err 0
08-03 01:45:47.968  1069  3819 V AudioSource: dataCallbackTimestamp: 211065763 us
08-03 01:45:47.968  1069  3819 V AudioRecord: processAudioBuffer(22): obtainBuffer(64) returned 0 = 0 + 0 err -11
08-03 01:45:47.969  1069  3821 V ACodec  : [OMX.qcom.audio.encoder.aac] onOMXEmptyBufferDone 1
08-03 01:45:47.969  1069  3813 V AudioSource: signalBufferReturned: 0xea398000
08-03 01:45:47.969  1069  3821 V ACodec  : [OMX.qcom.audio.encoder.aac] calling emptyBuffer 2 w/ time 4133602 us
08-03 01:45:47.970  1069  3821 V ACodec  : [OMX.qcom.audio.encoder.aac] onOMXEmptyBufferDone 2
