08-03 01:45:48.265  1069  3819 V AudioRecord: processAudioBuffer(22): obtainBuffer(512) returned 960 = 512 + 448 err 0
08-03 01:45:48.265  1069  3819 V AudioSource: dataCallbackTimestamp: 211355052 us
08-03 01:45:48.268  1069  3819 V AudioRecord: processAudioBuffer(22): obtainBuffer(512) returned 448 = 448 + 0 err 0
08-03 01:45:48.269  1069  3815 V ACodec  : [OMX.qcom.video.encoder.avc] calling fillBuffer 10
08-03 01:45:48.269  1069  3819 V AudioRecord: processAudioBuffer(22): obtainBuffer(512) returned 448 = 448 + 0 err 0
08-03 01:45:48.269  1069  3819 V AudioSource: dataCallbackTimestamp: 211365719 us
08-03 01:45:48.269  1069  3813 V AudioSource: signalBufferReturned: 0xe9a19000
08-03 01:45:48.270  1069  3819 V AudioRecord: processAudioBuffer(22): obtainBuffer(64) returned 0 = 0 + 0 err -11
08-03 01:45:48.270  1069  3821 V ACodec  : [OMX.qcom.audio.encoder.aac] calling emptyBuffer 2 w/ time 4422935 us
08-03 01:45:48.270  1069  3813 V AudioSource: signalBufferReturned: 0xea398700
08-03 01:45:48.271  1069  3821 V ACodec  : [OMX.qcom.audio.encoder.aac] calling emptyBuffer 1 w/ time 4433602 us
08-03 01:45:48.274  1069  3821 V ACodec  : [OMX.qcom.audio.encoder.aac] onOMXEmptyBufferDone 2
08-03 01:45:48.274  1069  3821 V ACodec  : [OMX.qcom.audio.encoder.aac] onOMXEmptyBufferDone 1
08-03 01:45:48.278  1069  3821 V ACodec  : [OMX.qcom.audio.encoder.aac] onOMXFillBufferDone 3 time 4418866 us, flags = 0x80000000
08-03 01:45:48.278  1069  3821 V MediaCodec: -- Looking at startdata. presentation 4400268, start 211340267938
08-03 01:45:48.278  1069  3821 V MediaCodec: --  drop entry for 4400268, before our frame of 4418866
08-03 01:45:48.278  1069  3821 V MediaCodec: -- Looking at startdata. presentation 4402935, start 211359581688
08-03 01:45:48.278  1069  3821 V MediaCodec: --  drop entry for 4402935, before our frame of 4418866
08-03 01:45:48.278  1069  3821 V MediaCodec: -- Looking at startdata. presentation 4413602, start 211360818875
08-03 01:45:48.278  1069  3821 V MediaCodec: --  drop entry for 4413602, before our frame of 4418866
08-03 01:45:48.278  1069  3821 V MediaCodec: -- Looking at startdata. presentation 4422935, start 211383369240
08-03 01:45:48.278  1069  3821 V MediaCodec: --  found entry for 4422935, AFTER our frame of 4418866 we have nothing to pair with
08-03 01:45:48.279  1069  3813 V MediaCodecSource: [audio] time 4418866 us (4.42 secs), drift 0
08-03 01:45:48.279  1069  3854 V MPEG4Writer: Audio media time stamp: 4415931 and previous paused duration 2935
08-03 01:45:48.279  1069  3854 V MPEG4Writer: Audio timestampUs/lastTimestampUs: 4416014/4394681
08-03 01:45:48.279  1069  3821 V ACodec  : [OMX.qcom.audio.encoder.aac] calling fillBuffer 3
08-03 01:45:48.280  1085  3818 V GraphicBufferSource: onInputBufferEmptied: bufferId=5@0 [slot=3, useCount=1, handle=0xeadf0100] acquired=1
08-03 01:45:48.283  1069  3819 V AudioRecord: processAudioBuffer(22): obtainBuffer(512) returned 960 = 512 + 448 err 0
08-03 01:45:48.283  1069  3819 V AudioSource: dataCallbackTimestamp: 211375078 us
08-03 01:45:48.284  1085  2142 V GraphicBufferSource: onFrameAvailable: executing=1 available=0+0
08-03 01:45:48.284  1085  2142 V GraphicBufferSource: fillCodecBuffer_l: getting available buffer, available=1+0
08-03 01:45:48.284  1085  2142 V GraphicBufferSource: submitBuffer_l [slot=7, bufferId=6]
08-03 01:45:48.284  1085  2142 V GraphicBufferSource: emptyGraphicBuffer succeeded, bufferId=6@0 bufhandle=0xeb45de80
08-03 01:45:48.284  1085  2142 V GraphicBufferSource: buffer submitted [slot=7, useCount=3] acquired=1
08-03 01:45:48.284  1069  3819 V AudioRecord: processAudioBuffer(22): obtainBuffer(512) returned 448 = 448 + 0 err 0
08-03 01:45:48.284  1069  3813 V AudioSource: signalBufferReturned: 0xe9a19800
08-03 01:45:48.285  1069  3821 V ACodec  : [OMX.qcom.audio.encoder.aac] calling emptyBuffer 2 w/ time 4442935 us
08-03 01:45:48.286  1069  3819 V AudioRecord: processAudioBuffer(22): obtainBuffer(512) returned 448 = 448 + 0 err 0
08-03 01:45:48.286  1069  3819 V AudioSource: dataCallbackTimestamp: 211385745 us
08-03 01:45:48.286  1069  3821 V ACodec  : [OMX.qcom.audio.encoder.aac] onOMXEmptyBufferDone 2
08-03 01:45:48.287  1069  3819 V AudioRecord: processAudioBuffer(22): obtainBuffer(64) returned 0 = 0 + 0 err -11
08-03 01:45:48.287  1069  3815 V ACodec  : [OMX.qcom.video.encoder.avc] onOMXFillBufferDone 10 time 4353479 us, flags = 0x00000002
08-03 01:45:48.287  1069  3814 V MediaCodec: -- empty queue, so ignore that.
08-03 01:45:48.288  1069  3813 V AudioSource: signalBufferReturned: 0xea399500
08-03 01:45:48.288  1069  3821 V ACodec  : [OMX.qcom.audio.encoder.aac] calling emptyBuffer 1 w/ time 4453602 us
08-03 01:45:48.288  1069  3813 V MediaCodecSource: [video] time 4353479 us (4.35 secs), dts/pts diff 0
08-03 01:45:48.288  1069  3815 V ACodec  : [OMX.qcom.video.encoder.avc] calling fillBuffer 10
08-03 01:45:48.288  1069  3850 V MPEG4Writer: decoding time: 4329054 and ctts offset time: 1800000000
08-03 01:45:48.288  1069  3850 V MPEG4Writer: Video media time stamp: 4329054 and previous paused duration 24425
08-03 01:45:48.288  1069  3850 V MPEG4Writer: Video timestampUs/lastTimestampUs: 4329054/4295627
08-03 01:45:48.289  1069  3821 V ACodec  : [OMX.qcom.audio.encoder.aac] onOMXEmptyBufferDone 1
08-03 01:45:48.295  1069  3821 V ACodec  : [OMX.qcom.audio.encoder.aac] onOMXFillBufferDone 4 time 4440199 us, flags = 0x80000000
08-03 01:45:48.296  1069  3821 V MediaCodec: -- Looking at startdata. presentation 4422935, start 211383369240
08-03 01:45:48.296  1069  3821 V MediaCodec: --  drop entry for 4422935, before our frame of 4440199
08-03 01:45:48.296  1069  3821 V MediaCodec: -- Looking at startdata. presentation 4433602, start 211384131271
08-03 01:45:48.296  1069  3821 V MediaCodec: --  drop entry for 4433602, before our frame of 4440199
08-03 01:45:48.296  1069  3821 V MediaCodec: -- Looking at startdata. presentation 4442935, start 211398148146
08-03 01:45:48.296  1069  3821 V MediaCodec: --  found entry for 4442935, AFTER our frame of 4440199 we have nothing to pair with
08-03 01:45:48.297  1069  3813 V MediaCodecSource: [audio] time 4440199 us (4.44 secs), drift 0
08-03 01:45:48.298  1069  3854 V MPEG4Writer: Audio media time stamp: 4437264 and previous paused duration 2935
08-03 01:45:48.298  1069  3854 V MPEG4Writer: Audio timestampUs/lastTimestampUs: 4437347/4416014
08-03 01:45:48.298  1069  3821 V ACodec  : [OMX.qcom.audio.encoder.aac] calling fillBuffer 4
08-03 01:45:48.304  1069  3819 V AudioRecord: processAudioBuffer(22): obtainBuffer(512) returned 960 = 512 + 448 err 0
08-03 01:45:48.305  1069  3819 V AudioSource: dataCallbackTimestamp: 211395210 us
08-03 01:45:48.306  1069  3819 V AudioRecord: processAudioBuffer(22): obtainBuffer(512) returned 448 = 448 + 0 err 0
08-03 01:45:48.308  1069  3819 V AudioRecord: processAudioBuffer(22): obtainBuffer(512) returned 448 = 448 + 0 err 0
08-03 01:45:48.308  1069  3819 V AudioSource: dataCallbackTimestamp: 211405877 us
08-03 01:45:48.309  1069  3819 V AudioRecord: processAudioBuffer(22): obtainBuffer(64) returned 0 = 0 + 0 err -11
08-03 01:45:48.309  1069  3813 V AudioSource: signalBufferReturned: 0xe9a56000
08-03 01:45:48.309  1069  3821 V ACodec  : [OMX.qcom.audio.encoder.aac] calling emptyBuffer 2 w/ time 4462935 us
08-03 01:45:48.311  1069  3813 V AudioSource: signalBufferReturned: 0xea39aa00
08-03 01:45:48.311  1069  3821 V ACodec  : [OMX.qcom.audio.encoder.aac] onOMXEmptyBufferDone 2
08-03 01:45:48.311  1069  3821 V ACodec  : [OMX.qcom.audio.encoder.aac] calling emptyBuffer 1 w/ time 4473602 us
08-03 01:45:48.313  1069  3821 V ACodec  : [OMX.qcom.audio.encoder.aac] onOMXEmptyBufferDone 1
08-03 01:45:48.317  1085  3818 V GraphicBufferSource: onInputBufferEmptied: bufferId=6@0 [slot=7, useCount=1, handle=0xeb45de80] acquired=1
08-03 01:45:48.318  1069  3821 V ACodec  : [OMX.qcom.audio.encoder.aac] onOMXFillBufferDone 5 time 4461532 us, flags = 0x80000000
08-03 01:45:48.318  1069  3821 V MediaCodec: -- Looking at startdata. presentation 4442935, start 211398148146
08-03 01:45:48.318  1069  3821 V MediaCodec: --  drop entry for 4442935, before our frame of 4461532
08-03 01:45:48.318  1085  3572 V GraphicBufferSource: onFrameAvailable: executing=1 available=0+0
08-03 01:45:48.318  1069  3821 V MediaCodec: -- Looking at startdata. presentation 4453602, start 211400776011
08-03 01:45:48.318  1069  3821 V MediaCodec: --  drop entry for 4453602, before our frame of 4461532
08-03 01:45:48.318  1069  3821 V MediaCodec: -- Looking at startdata. presentation 4462935, start 211422212521
08-03 01:45:48.318  1069  3821 V MediaCodec: --  found entry for 4462935, AFTER our frame of 4461532 we have nothing to pair with
08-03 01:45:48.318  1085  3572 V GraphicBufferSource: fillCodecBuffer_l: getting available buffer, available=1+0
08-03 01:45:48.318  1085  3572 V GraphicBufferSource: submitBuffer_l [slot=4, bufferId=7]
08-03 01:45:48.318  1085  3572 V GraphicBufferSource: emptyGraphicBuffer succeeded, bufferId=7@0 bufhandle=0xeadf0180
08-03 01:45:48.318  1085  3572 V GraphicBufferSource: buffer submitted [slot=4, useCount=3] acquired=1
08-03 01:45:48.318  1069  3813 V MediaCodecSource: [audio] time 4461532 us (4.46 secs), drift 0
08-03 01:45:48.318  1069  3854 V MPEG4Writer: Audio media time stamp: 4458597 and previous paused duration 2935
08-03 01:45:48.318  1069  3854 V MPEG4Writer: Audio timestampUs/lastTimestampUs: 4458680/4437347
08-03 01:45:48.319  1069  3821 V ACodec  : [OMX.qcom.audio.encoder.aac] calling fillBuffer 5
08-03 01:45:48.323  1069  3819 V AudioRecord: processAudioBuffer(22): obtainBuffer(512) returned 960 = 128 + 832 err 0
08-03 01:45:48.323  1069  3819 V AudioSource: dataCallbackTimestamp: 211415045 us
08-03 01:45:48.323  1069  3815 V ACodec  : [OMX.qcom.video.encoder.avc] onOMXFillBufferDone 10 time 4386777 us, flags = 0x00000002
08-03 01:45:48.323  1069  3814 V MediaCodec: -- empty queue, so ignore that.
08-03 01:45:48.323  1069  3813 V MediaCodecSource: [video] time 4386777 us (4.39 secs), dts/pts diff 0
08-03 01:45:48.324  1069  3819 V AudioRecord: processAudioBuffer(22): obtainBuffer(384) returned 832 = 384 + 448 err 0
08-03 01:45:48.324  1069  3819 V AudioSource: dataCallbackTimestamp: 211417712 us
08-03 01:45:48.324  1069  3815 V ACodec  : [OMX.qcom.video.encoder.avc] calling fillBuffer 10
08-03 01:45:48.324  1069  3850 V MPEG4Writer: decoding time: 4362352 and ctts offset time: 1800000000
08-03 01:45:48.324  1069  3850 V MPEG4Writer: Video media time stamp: 4362352 and previous paused duration 24425
08-03 01:45:48.324  1069  3850 V MPEG4Writer: Video timestampUs/lastTimestampUs: 4362352/4329054
08-03 01:45:48.324  1069  3819 V AudioRecord: processAudioBuffer(22): obtainBuffer(512) returned 448 = 448 + 0 err 0
08-03 01:45:48.325  1069  3813 V AudioSource: signalBufferReturned: 0xea3a6600
08-03 01:45:48.325  1069  3821 V ACodec  : [OMX.qcom.audio.encoder.aac] calling emptyBuffer 2 w/ time 4482935 us
08-03 01:45:48.326  1069  3813 V AudioSource: signalBufferReturned: 0xe9a13c00
08-03 01:45:48.326  1069  3819 V AudioRecord: processAudioBuffer(22): obtainBuffer(512) returned 448 = 448 + 0 err 0
08-03 01:45:48.326  1069  3819 V AudioSource: dataCallbackTimestamp: 211425712 us
08-03 01:45:48.326  1069  3821 V ACodec  : [OMX.qcom.audio.encoder.aac] calling emptyBuffer 1 w/ time 4485602 us
08-03 01:45:48.327  1069  3819 V AudioRecord: processAudioBuffer(22): obtainBuffer(64) returned 0 = 0 + 0 err -11
08-03 01:45:48.330  1069  3821 V ACodec  : [OMX.qcom.audio.encoder.aac] onOMXEmptyBufferDone 2
08-03 01:45:48.330  1069  3821 V ACodec  : [OMX.qcom.audio.encoder.aac] onOMXEmptyBufferDone 1
08-03 01:45:48.330  1069  3813 V AudioSource: signalBufferReturned: 0xea398000
08-03 01:45:48.331  1069  3821 V ACodec  : [OMX.qcom.audio.encoder.aac] calling emptyBuffer 2 w/ time 4493602 us
08-03 01:45:48.332  1069  3821 V ACodec  : [OMX.qcom.audio.encoder.aac] onOMXEmptyBufferDone 2
08-03 01:45:48.344  1069  3819 V AudioRecord: processAudioBuffer(22): obtainBuffer(512) returned 960 = 512 + 448 err 0
08-03 01:45:48.344  1069  3819 V AudioSource: dataCallbackTimestamp: 211435079 us
08-03 01:45:48.346  1069  3819 V AudioRecord: processAudioBuffer(22): obtainBuffer(512) returned 448 = 448 + 0 err 0
08-03 01:45:48.346  1069  3813 V AudioSource: signalBufferReturned: 0xefb74800
08-03 01:45:48.347  1069  3821 V ACodec  : [OMX.qcom.audio.encoder.aac] calling emptyBuffer 1 w/ time 4502935 us
08-03 01:45:48.348  1069  3819 V AudioRecord: processAudioBuffer(22): obtainBuffer(512) returned 448 = 448 + 0 err 0
08-03 01:45:48.348  1069  3819 V AudioSource: dataCallbackTimestamp: 211445746 us
08-03 01:45:48.349  1069  3819 V AudioRecord: processAudioBuffer(22): obtainBuffer(64) returned 0 = 0 + 0 err -11
08-03 01:45:48.349  1069  3813 V AudioSource: signalBufferReturned: 0xea399c00
08-03 01:45:48.349  1085  3818 V GraphicBufferSource: onInputBufferEmptied: bufferId=7@0 [slot=4, useCount=1, handle=0xeadf0180] acquired=1
08-03 01:45:48.350  1069  3821 V ACodec  : [OMX.qcom.audio.encoder.aac] onOMXEmptyBufferDone 1
08-03 01:45:48.350  1069  3821 V ACodec  : [OMX.qcom.audio.encoder.aac] calling emptyBuffer 2 w/ time 4513602 us
08-03 01:45:48.351  1069  3821 V ACodec  : [OMX.qcom.audio.encoder.aac] onOMXEmptyBufferDone 2
08-03 01:45:48.351  1085  3572 V GraphicBufferSource: onFrameAvailable: executing=1 available=0+0
08-03 01:45:48.352  1085  3572 V GraphicBufferSource: fillCodecBuffer_l: getting available buffer, available=1+0
08-03 01:45:48.352  1085  3572 V GraphicBufferSource: submitBuffer_l [slot=5, bufferId=8]
08-03 01:45:48.352  1085  3572 V GraphicBufferSource: emptyGraphicBuffer succeeded, bufferId=8@0 bufhandle=0xeadf0200
08-03 01:45:48.352  1085  3572 V GraphicBufferSource: buffer submitted [slot=5, useCount=3] acquired=1
08-03 01:45:48.354  1069  3821 V ACodec  : [OMX.qcom.audio.encoder.aac] onOMXFillBufferDone 6 time 4482865 us, flags = 0x80000000
08-03 01:45:48.354  1069  3821 V MediaCodec: -- Looking at startdata. presentation 4462935, start 211422212521
08-03 01:45:48.354  1069  3821 V MediaCodec: --  drop entry for 4462935, before our frame of 4482865
08-03 01:45:48.354  1069  3821 V MediaCodec: -- Looking at startdata. presentation 4473602, start 211424287365
08-03 01:45:48.354  1069  3821 V MediaCodec: --  drop entry for 4473602, before our frame of 4482865
08-03 01:45:48.354  1069  3821 V MediaCodec: -- Looking at startdata. presentation 4482935, start 211438414604
08-03 01:45:48.354  1069  3821 V MediaCodec: --  found entry for 4482935, AFTER our frame of 4482865 we have nothing to pair with
08-03 01:45:48.354  1069  3813 V MediaCodecSource: [audio] time 4482865 us (4.48 secs), drift 0
08-03 01:45:48.354  1069  3854 V MPEG4Writer: Audio media time stamp: 4479930 and previous paused duration 2935
08-03 01:45:48.354  1069  3854 V MPEG4Writer: Audio timestampUs/lastTimestampUs: 4480013/4458680
08-03 01:45:48.354  1069  3821 V ACodec  : [OMX.qcom.audio.encoder.aac] calling fillBuffer 6
08-03 01:45:48.356  1069  3815 V ACodec  : [OMX.qcom.video.encoder.avc] onOMXFillBufferDone 10 time 4420104 us, flags = 0x00000002
08-03 01:45:48.356  1069  3814 V MediaCodec: -- empty queue, so ignore that.
08-03 01:45:48.356  1069  3813 V MediaCodecSource: [video] time 4420104 us (4.42 secs), dts/pts diff 0
08-03 01:45:48.356  1069  3815 V ACodec  : [OMX.qcom.video.encoder.avc] calling fillBuffer 10
08-03 01:45:48.357  1069  3850 V MPEG4Writer: decoding time: 4395679 and ctts offset time: 1800000000
08-03 01:45:48.357  1069  3850 V MPEG4Writer: Video media time stamp: 4395679 and previous paused duration 24425
08-03 01:45:48.357  1069  3850 V MPEG4Writer: Video timestampUs/lastTimestampUs: 4395658/4362352
08-03 01:45:48.363  1069  3819 V AudioRecord: processAudioBuffer(22): obtainBuffer(512) returned 960 = 512 + 448 err 0
08-03 01:45:48.363  1069  3819 V AudioSource: dataCallbackTimestamp: 211455013 us
08-03 01:45:48.363  1069  3819 V AudioRecord: processAudioBuffer(22): obtainBuffer(512) returned 448 = 448 + 0 err 0
08-03 01:45:48.364  1069  3813 V AudioSource: signalBufferReturned: 0xefbce800
08-03 01:45:48.364  1069  3821 V ACodec  : [OMX.qcom.audio.encoder.aac] calling emptyBuffer 1 w/ time 4522935 us
08-03 01:45:48.365  1069  3819 V AudioRecord: processAudioBuffer(22): obtainBuffer(512) returned 448 = 448 + 0 err 0
08-03 01:45:48.365  1069  3819 V AudioSource: dataCallbackTimestamp: 211465680 us
08-03 01:45:48.365  1069  3819 V AudioRecord: processAudioBuffer(22): obtainBuffer(64) returned 0 = 0 + 0 err -11
08-03 01:45:48.366  1069  3813 V AudioSource: signalBufferReturned: 0xea39a300
08-03 01:45:48.366  1069  3821 V ACodec  : [OMX.qcom.audio.encoder.aac] calling emptyBuffer 2 w/ time 4533602 us
08-03 01:45:48.366  1069  3821 V ACodec  : [OMX.qcom.audio.encoder.aac] onOMXEmptyBufferDone 1
08-03 01:45:48.366  1069  3821 V ACodec  : [OMX.qcom.audio.encoder.aac] onOMXEmptyBufferDone 2
08-03 01:45:48.373  1069  3821 V ACodec  : [OMX.qcom.audio.encoder.aac] onOMXFillBufferDone 7 time 4504198 us, flags = 0x80000000
08-03 01:45:48.373  1069  3821 V MediaCodec: -- Looking at startdata. presentation 4482935, start 211438414604
08-03 01:45:48.373  1069  3821 V MediaCodec: --  drop entry for 4482935, before our frame of 4504198
08-03 01:45:48.373  1069  3821 V MediaCodec: -- Looking at startdata. presentation 4485602, start 211438994448
08-03 01:45:48.373  1069  3821 V MediaCodec: --  drop entry for 4485602, before our frame of 4504198
08-03 01:45:48.373  1069  3821 V MediaCodec: -- Looking at startdata. presentation 4493602, start 211443720542
08-03 01:45:48.373  1069  3821 V MediaCodec: --  drop entry for 4493602, before our frame of 4504198
08-03 01:45:48.373  1069  3821 V MediaCodec: -- Looking at startdata. presentation 4502935, start 211459454240
08-03 01:45:48.373  1069  3821 V MediaCodec: --  drop entry for 4502935, before our frame of 4504198
08-03 01:45:48.373  1069  3821 V MediaCodec: -- Looking at startdata. presentation 4513602, start 211462875907
08-03 01:45:48.373  1069  3821 V MediaCodec: --  found entry for 4513602, AFTER our frame of 4504198 we have nothing to pair with
08-03 01:45:48.373  1069  3813 V MediaCodecSource: [audio] time 4504198 us (4.50 secs), drift 0
08-03 01:45:48.373  1069  3854 V MPEG4Writer: Audio media time stamp: 4501263 and previous paused duration 2935
08-03 01:45:48.373  1069  3854 V MPEG4Writer: Audio timestampUs/lastTimestampUs: 4501346/4480013
08-03 01:45:48.374  1069  3821 V ACodec  : [OMX.qcom.audio.encoder.aac] calling fillBuffer 7
08-03 01:45:48.383  1069  3819 V AudioRecord: processAudioBuffer(22): obtainBuffer(512) returned 960 = 512 + 448 err 0
08-03 01:45:48.383  1069  3819 V AudioSource: dataCallbackTimestamp: 211475067 us
08-03 01:45:48.383  1085  3818 V GraphicBufferSource: onInputBufferEmptied: bufferId=8@0 [slot=5, useCount=1, handle=0xeadf0200] acquired=1
08-03 01:45:48.383  1069  3819 V AudioRecord: processAudioBuffer(22): obtainBuffer(512) returned 448 = 448 + 0 err 0
08-03 01:45:48.384  1069  3813 V AudioSource: signalBufferReturned: 0xea499000
08-03 01:45:48.385  1069  3819 V AudioRecord: processAudioBuffer(22): obtainBuffer(512) returned 448 = 448 + 0 err 0
08-03 01:45:48.385  1069  3819 V AudioSource: dataCallbackTimestamp: 211485734 us
08-03 01:45:48.385  1085  3572 V GraphicBufferSource: onFrameAvailable: executing=1 available=0+0
08-03 01:45:48.386  1085  3572 V GraphicBufferSource: fillCodecBuffer_l: getting available buffer, available=1+0
08-03 01:45:48.386  1085  3572 V GraphicBufferSource: submitBuffer_l [slot=6, bufferId=9]
08-03 01:45:48.386  1085  3572 V GraphicBufferSource: emptyGraphicBuffer succeeded, bufferId=9@0 bufhandle=0xeb45de00
08-03 01:45:48.386  1085  3572 V GraphicBufferSource: buffer submitted [slot=6, useCount=3] acquired=1
08-03 01:45:48.386  1069  3819 V AudioRecord: processAudioBuffer(22): obtainBuffer(64) returned 0 = 0 + 0 err -11
08-03 01:45:48.387  1069  3813 V AudioSource: signalBufferReturned: 0xea39b800
08-03 01:45:48.387  1069  3821 V ACodec  : [OMX.qcom.audio.encoder.aac] calling emptyBuffer 1 w/ time 4542935 us
08-03 01:45:48.388  1069  3821 V ACodec  : [OMX.qcom.audio.encoder.aac] calling emptyBuffer 2 w/ time 4553602 us
08-03 01:45:48.388  1069  3821 V ACodec  : [OMX.qcom.audio.encoder.aac] onOMXEmptyBufferDone 1
08-03 01:45:48.388  1069  3821 V ACodec  : [OMX.qcom.audio.encoder.aac] onOMXEmptyBufferDone 2
08-03 01:45:48.390  1069  3815 V ACodec  : [OMX.qcom.video.encoder.avc] onOMXFillBufferDone 10 time 4453347 us, flags = 0x00000002
08-03 01:45:48.390  1069  3814 V MediaCodec: -- empty queue, so ignore that.
08-03 01:45:48.391  1069  3813 V MediaCodecSource: [video] time 4453347 us (4.45 secs), dts/pts diff 0
08-03 01:45:48.391  1069  3815 V ACodec  : [OMX.qcom.video.encoder.avc] calling fillBuffer 10
08-03 01:45:48.391  1069  3850 V MPEG4Writer: decoding time: 4428922 and ctts offset time: 1800000000
08-03 01:45:48.391  1069  3850 V MPEG4Writer: Video media time stamp: 4428922 and previous paused duration 24425
08-03 01:45:48.391  1069  3850 V MPEG4Writer: Video timestampUs/lastTimestampUs: 4428955/4395658
08-03 01:45:48.394  1069  3821 V ACodec  : [OMX.qcom.audio.encoder.aac] onOMXFillBufferDone 8 time 4525531 us, flags = 0x80000000
08-03 01:45:48.394  1069  3821 V MediaCodec: -- Looking at startdata. presentation 4513602, start 211462875907
08-03 01:45:48.394  1069  3821 V MediaCodec: --  drop entry for 4513602, before our frame of 4525531
08-03 01:45:48.394  1069  3821 V MediaCodec: -- Looking at startdata. presentation 4522935, start 211476839448
08-03 01:45:48.394  1069  3821 V MediaCodec: --  drop entry for 4522935, before our frame of 4525531
08-03 01:45:48.394  1069  3821 V MediaCodec: -- Looking at startdata. presentation 4533602, start 211478685646
08-03 01:45:48.394  1069  3821 V MediaCodec: --  found entry for 4533602, AFTER our frame of 4525531 we have nothing to pair with
08-03 01:45:48.394  1069  3813 V MediaCodecSource: [audio] time 4525531 us (4.53 secs), drift 0
08-03 01:45:48.396  1069  3854 V MPEG4Writer: Audio media time stamp: 4522596 and previous paused duration 2935
08-03 01:45:48.396  1069  3854 V MPEG4Writer: Audio timestampUs/lastTimestampUs: 4522679/4501346
08-03 01:45:48.396  1069  3821 V ACodec  : [OMX.qcom.audio.encoder.aac] calling fillBuffer 8
08-03 01:45:48.404  1069  3819 V AudioRecord: processAudioBuffer(22): obtainBuffer(512) returned 960 = 384 + 576 err 0
08-03 01:45:48.405  1069  3819 V AudioSource: dataCallbackTimestamp: 211495138 us
08-03 01:45:48.406  1069  3819 V AudioRecord: processAudioBuffer(22): obtainBuffer(128) returned 576 = 128 + 448 err 0
08-03 01:45:48.406  1069  3819 V AudioSource: dataCallbackTimestamp: 211503138 us
08-03 01:45:48.407  1069  3813 V AudioSource: signalBufferReturned: 0xe9a14200
08-03 01:45:48.407  1069  3819 V AudioRecord: processAudioBuffer(22): obtainBuffer(512) returned 448 = 448 + 0 err 0
08-03 01:45:48.409  1069  3819 V AudioRecord: processAudioBuffer(22): obtainBuffer(512) returned 448 = 448 + 0 err 0
08-03 01:45:48.409  1069  3819 V AudioSource: dataCallbackTimestamp: 211505805 us
08-03 01:45:48.409  1069  3821 V ACodec  : [OMX.qcom.audio.encoder.aac] calling emptyBuffer 1 w/ time 4562935 us
08-03 01:45:48.411  1069  3819 V AudioRecord: processAudioBuffer(22): obtainBuffer(64) returned 0 = 0 + 0 err -11
08-03 01:45:48.414  1069  3813 V AudioSource: signalBufferReturned: 0xea46ca00
08-03 01:45:48.414  1069  3821 V ACodec  : [OMX.qcom.audio.encoder.aac] calling emptyBuffer 2 w/ time 4570935 us
08-03 01:45:48.415  1069  3821 V ACodec  : [OMX.qcom.audio.encoder.aac] onOMXEmptyBufferDone 1
08-03 01:45:48.415  1069  3821 V ACodec  : [OMX.qcom.audio.encoder.aac] onOMXEmptyBufferDone 2
08-03 01:45:48.415  1069  3813 V AudioSource: signalBufferReturned: 0xefb7f900
08-03 01:45:48.415  1069  3821 V ACodec  : [OMX.qcom.audio.encoder.aac] calling emptyBuffer 1 w/ time 4573602 us
08-03 01:45:48.416  1069  3821 V ACodec  : [OMX.qcom.audio.encoder.aac] onOMXEmptyBufferDone 1
08-03 01:45:48.416  1085  3818 V GraphicBufferSource: onInputBufferEmptied: bufferId=9@0 [slot=6, useCount=1, handle=0xeb45de00] acquired=1
08-03 01:45:48.421  1069  3821 V ACodec  : [OMX.qcom.audio.encoder.aac] onOMXFillBufferDone 9 time 4546864 us, flags = 0x80000000
08-03 01:45:48.421  1069  3821 V MediaCodec: -- Looking at startdata. presentation 4533602, start 211478685646
08-03 01:45:48.421  1069  3821 V MediaCodec: --  drop entry for 4533602, before our frame of 4546864
08-03 01:45:48.421  1069  3821 V MediaCodec: -- Looking at startdata. presentation 4542935, start 211499952625
08-03 01:45:48.421  1069  3821 V MediaCodec: --  drop entry for 4542935, before our frame of 4546864
08-03 01:45:48.421  1069  3821 V MediaCodec: -- Looking at startdata. presentation 4553602, start 211500847521
08-03 01:45:48.421  1069  3821 V MediaCodec: --  found entry for 4553602, AFTER our frame of 4546864 we have nothing to pair with
08-03 01:45:48.421  1069  3813 V MediaCodecSource: [audio] time 4546864 us (4.55 secs), drift 0
08-03 01:45:48.421  1069  3854 V MPEG4Writer: Audio media time stamp: 4543929 and previous paused duration 2935
08-03 01:45:48.422  1069  3854 V MPEG4Writer: Audio timestampUs/lastTimestampUs: 4544012/4522679
08-03 01:45:48.422  1069  3821 V ACodec  : [OMX.qcom.audio.encoder.aac] calling fillBuffer 9
08-03 01:45:48.423  1069  3819 V AudioRecord: processAudioBuffer(22): obtainBuffer(512) returned 960 = 512 + 448 err 0
08-03 01:45:48.423  1069  3819 V AudioSource: dataCallbackTimestamp: 211515059 us
08-03 01:45:48.423  1085  3572 V GraphicBufferSource: onFrameAvailable: executing=1 available=0+0
08-03 01:45:48.423  1085  3572 V GraphicBufferSource: fillCodecBuffer_l: getting available buffer, available=1+0
08-03 01:45:48.424  1085  3572 V GraphicBufferSource: submitBuffer_l [slot=0, bufferId=1]
08-03 01:45:48.424  1069  3819 V AudioRecord: processAudioBuffer(22): obtainBuffer(512) returned 448 = 448 + 0 err 0
08-03 01:45:48.424  1069  3813 V AudioSource: signalBufferReturned: 0xe9a56800
08-03 01:45:48.424  1085  3572 V GraphicBufferSource: emptyGraphicBuffer succeeded, bufferId=1@0 bufhandle=0xeb45dd80
08-03 01:45:48.424  1085  3572 V GraphicBufferSource: buffer submitted [slot=0, useCount=3] acquired=1
08-03 01:45:48.424  1069  3815 V ACodec  : [OMX.qcom.video.encoder.avc] onOMXFillBufferDone 10 time 4486674 us, flags = 0x00000002
08-03 01:45:48.424  1069  3814 V MediaCodec: -- empty queue, so ignore that.
08-03 01:45:48.424  1069  3821 V ACodec  : [OMX.qcom.audio.encoder.aac] calling emptyBuffer 2 w/ time 4582935 us
08-03 01:45:48.425  1069  3813 V MediaCodecSource: [video] time 4486674 us (4.49 secs), dts/pts diff 0
08-03 01:45:48.425  1069  3821 V ACodec  : [OMX.qcom.audio.encoder.aac] onOMXEmptyBufferDone 2
08-03 01:45:48.425  1069  3850 V MPEG4Writer: decoding time: 4462249 and ctts offset time: 1800000000
08-03 01:45:48.425  1069  3850 V MPEG4Writer: Video media time stamp: 4462249 and previous paused duration 24425
08-03 01:45:48.425  1069  3850 V MPEG4Writer: Video timestampUs/lastTimestampUs: 4462260/4428955
08-03 01:45:48.426  1069  3819 V AudioRecord: processAudioBuffer(22): obtainBuffer(512) returned 448 = 448 + 0 err 0
08-03 01:45:48.426  1069  3819 V AudioSource: dataCallbackTimestamp: 211525726 us
08-03 01:45:48.426  1069  3819 V AudioRecord: processAudioBuffer(22): obtainBuffer(64) returned 0 = 0 + 0 err -11
08-03 01:45:48.427  1069  3815 V ACodec  : [OMX.qcom.video.encoder.avc] calling fillBuffer 10
08-03 01:45:48.427  1069  3813 V AudioSource: signalBufferReturned: 0xea398700
08-03 01:45:48.431  1069  3821 V ACodec  : [OMX.qcom.audio.encoder.aac] calling emptyBuffer 1 w/ time 4593602 us
08-03 01:45:48.431  1069  3821 V ACodec  : [OMX.qcom.audio.encoder.aac] onOMXFillBufferDone 10 time 4568197 us, flags = 0x80000000
08-03 01:45:48.431  1069  3821 V MediaCodec: -- Looking at startdata. presentation 4553602, start 211500847521
08-03 01:45:48.431  1069  3821 V MediaCodec: --  drop entry for 4553602, before our frame of 4568197
08-03 01:45:48.431  1069  3821 V MediaCodec: -- Looking at startdata. presentation 4562935, start 211522288875
08-03 01:45:48.431  1069  3821 V MediaCodec: --  drop entry for 4562935, before our frame of 4568197
08-03 01:45:48.431  1069  3821 V MediaCodec: -- Looking at startdata. presentation 4570935, start 211527060386
08-03 01:45:48.431  1069  3821 V MediaCodec: --  found entry for 4570935, AFTER our frame of 4568197 we have nothing to pair with
08-03 01:45:48.432  1069  3813 V MediaCodecSource: [audio] time 4568197 us (4.57 secs), drift 0
08-03 01:45:48.432  1069  3854 V MPEG4Writer: Audio media time stamp: 4565262 and previous paused duration 2935
08-03 01:45:48.432  1069  3854 V MPEG4Writer: Audio timestampUs/lastTimestampUs: 4565345/4544012
08-03 01:45:48.432  1069  3821 V ACodec  : [OMX.qcom.audio.encoder.aac] onOMXEmptyBufferDone 1
08-03 01:45:48.432  1069  3821 V ACodec  : [OMX.qcom.audio.encoder.aac] calling fillBuffer 10
08-03 01:45:48.444  1069  3819 V AudioRecord: processAudioBuffer(22): obtainBuffer(512) returned 960 = 512 + 448 err 0
08-03 01:45:48.444  1069  3819 V AudioSource: dataCallbackTimestamp: 211535038 us
08-03 01:45:48.444  1069  3819 V AudioRecord: processAudioBuffer(22): obtainBuffer(512) returned 448 = 448 + 0 err 0
08-03 01:45:48.445  1069  3813 V AudioSource: signalBufferReturned: 0xe9a57800
08-03 01:45:48.446  1069  3819 V AudioRecord: processAudioBuffer(22): obtainBuffer(512) returned 448 = 448 + 0 err 0
08-03 01:45:48.446  1069  3819 V AudioSource: dataCallbackTimestamp: 211545705 us
08-03 01:45:48.447  1069  3819 V AudioRecord: processAudioBuffer(22): obtainBuffer(64) returned 0 = 0 + 0 err -11
08-03 01:45:48.447  1085  3572 V GraphicBufferSource: onFrameAvailable: executing=1 available=0+0
08-03 01:45:48.447  1085  3572 V GraphicBufferSource: fillCodecBuffer_l: getting available buffer, available=1+0
08-03 01:45:48.447  1085  3572 V GraphicBufferSource: submitBuffer_l [slot=1, bufferId=2]
08-03 01:45:48.448  1085  3572 V GraphicBufferSource: emptyGraphicBuffer succeeded, bufferId=2@1 bufhandle=0xeadf0000
08-03 01:45:48.448  1085  3572 V GraphicBufferSource: buffer submitted [slot=1, useCount=3] acquired=2
08-03 01:45:48.449  1069  3821 V ACodec  : [OMX.qcom.audio.encoder.aac] calling emptyBuffer 2 w/ time 4602935 us
08-03 01:45:48.449  1069  3813 V AudioSource: signalBufferReturned: 0xea399500
08-03 01:45:48.450  1069  3821 V ACodec  : [OMX.qcom.audio.encoder.aac] calling emptyBuffer 1 w/ time 4613602 us
08-03 01:45:48.450  1069  3821 V ACodec  : [OMX.qcom.audio.encoder.aac] onOMXEmptyBufferDone 2
08-03 01:45:48.450  1069  3821 V ACodec  : [OMX.qcom.audio.encoder.aac] onOMXEmptyBufferDone 1
08-03 01:45:48.454  1085  3818 V GraphicBufferSource: onInputBufferEmptied: bufferId=1@0 [slot=0, useCount=1, handle=0xeb45dd80] acquired=2
08-03 01:45:48.456  1069  3821 V ACodec  : [OMX.qcom.audio.encoder.aac] onOMXFillBufferDone 11 time 4589530 us, flags = 0x80000000
08-03 01:45:48.457  1069  3821 V MediaCodec: -- Looking at startdata. presentation 4570935, start 211527060386
08-03 01:45:48.457  1069  3821 V MediaCodec: --  drop entry for 4570935, before our frame of 4589530
08-03 01:45:48.457  1069  3821 V MediaCodec: -- Looking at startdata. presentation 4573602, start 211527992938
08-03 01:45:48.457  1069  3821 V MediaCodec: --  drop entry for 4573602, before our frame of 4589530
08-03 01:45:48.457  1069  3821 V MediaCodec: -- Looking at startdata. presentation 4582935, start 211537131740
08-03 01:45:48.457  1069  3821 V MediaCodec: --  drop entry for 4582935, before our frame of 4589530
08-03 01:45:48.457  1069  3821 V MediaCodec: -- Looking at startdata. presentation 4593602, start 211543583615
08-03 01:45:48.457  1069  3821 V MediaCodec: --  found entry for 4593602, AFTER our frame of 4589530 we have nothing to pair with
08-03 01:45:48.457  1069  3813 V MediaCodecSource: [audio] time 4589530 us (4.59 secs), drift 0
08-03 01:45:48.457  1069  3821 V ACodec  : [OMX.qcom.audio.encoder.aac] calling fillBuffer 11
08-03 01:45:48.457  1069  3854 V MPEG4Writer: Audio media time stamp: 4586595 and previous paused duration 2935
08-03 01:45:48.457  1069  3854 V MPEG4Writer: Audio timestampUs/lastTimestampUs: 4586678/4565345
08-03 01:45:48.462  1069  3815 V ACodec  : [OMX.qcom.video.encoder.avc] onOMXFillBufferDone 10 time 4519942 us, flags = 0x00000002
08-03 01:45:48.463  1069  3814 V MediaCodec: -- empty queue, so ignore that.
08-03 01:45:48.463  1069  3813 V MediaCodecSource: [video] time 4519942 us (4.52 secs), dts/pts diff 0
08-03 01:45:48.466  1069  3850 V MPEG4Writer: decoding time: 4495517 and ctts offset time: 1800000000
08-03 01:45:48.466  1069  3850 V MPEG4Writer: Video media time stamp: 4495517 and previous paused duration 24425
08-03 01:45:48.466  1069  3850 V MPEG4Writer: Video timestampUs/lastTimestampUs: 4495550/4462260
08-03 01:45:48.466  1069  3819 V AudioRecord: processAudioBuffer(22): obtainBuffer(512) returned 960 = 512 + 448 err 0
08-03 01:45:48.466  1069  3819 V AudioSource: dataCallbackTimestamp: 211555058 us
08-03 01:45:48.469  1069  3819 V AudioRecord: processAudioBuffer(22): obtainBuffer(512) returned 448 = 448 + 0 err 0
08-03 01:45:48.470  1069  3815 V ACodec  : [OMX.qcom.video.encoder.avc] calling fillBuffer 10
08-03 01:45:48.471  1069  3819 V AudioRecord: processAudioBuffer(22): obtainBuffer(512) returned 448 = 448 + 0 err 0
08-03 01:45:48.471  1069  3819 V AudioSource: dataCallbackTimestamp: 211565725 us
08-03 01:45:48.475  1069  3819 V AudioRecord: processAudioBuffer(22): obtainBuffer(64) returned 0 = 0 + 0 err -11
08-03 01:45:48.478  1069  3813 V AudioSource: signalBufferReturned: 0xea3bb000
08-03 01:45:48.479  1069  3821 V ACodec  : [OMX.qcom.audio.encoder.aac] calling emptyBuffer 2 w/ time 4622935 us
08-03 01:45:48.479  1069  3813 V AudioSource: signalBufferReturned: 0xea39bf00
08-03 01:45:48.480  1069  3821 V ACodec  : [OMX.qcom.audio.encoder.aac] onOMXEmptyBufferDone 2
08-03 01:45:48.480  1069  3821 V ACodec  : [OMX.qcom.audio.encoder.aac] calling emptyBuffer 1 w/ time 4633602 us
08-03 01:45:48.481  1069  3821 V ACodec  : [OMX.qcom.audio.encoder.aac] onOMXEmptyBufferDone 1
08-03 01:45:48.481  1085  3818 V GraphicBufferSource: onInputBufferEmptied: bufferId=2@0 [slot=1, useCount=1, handle=0xeadf0000] acquired=1
08-03 01:45:48.483  1069  3819 V AudioRecord: processAudioBuffer(22): obtainBuffer(512) returned 960 = 512 + 448 err 0
08-03 01:45:48.483  1069  3819 V AudioSource: dataCallbackTimestamp: 211575218 us
08-03 01:45:48.485  1069  3819 V AudioRecord: processAudioBuffer(22): obtainBuffer(512) returned 448 = 128 + 320 err 0
08-03 01:45:48.485  1069  3821 V ACodec  : [OMX.qcom.audio.encoder.aac] onOMXFillBufferDone 12 time 4610863 us, flags = 0x80000000
08-03 01:45:48.486  1069  3821 V MediaCodec: -- Looking at startdata. presentation 4593602, start 211543583615
08-03 01:45:48.486  1069  3821 V MediaCodec: --  drop entry for 4593602, before our frame of 4610863
08-03 01:45:48.486  1069  3821 V MediaCodec: -- Looking at startdata. presentation 4602935, start 211562257573
08-03 01:45:48.486  1069  3821 V MediaCodec: --  drop entry for 4602935, before our frame of 4610863
08-03 01:45:48.486  1069  3821 V MediaCodec: -- Looking at startdata. presentation 4613602, start 211562995594
08-03 01:45:48.486  1069  3821 V MediaCodec: --  found entry for 4613602, AFTER our frame of 4610863 we have nothing to pair with
08-03 01:45:48.486  1069  3813 V AudioSource: signalBufferReturned: 0xea3bb800
08-03 01:45:48.486  1085  3572 V GraphicBufferSource: onFrameAvailable: executing=1 available=0+0
08-03 01:45:48.486  1069  3821 V ACodec  : [OMX.qcom.audio.encoder.aac] calling emptyBuffer 2 w/ time 4642935 us
08-03 01:45:48.486  1085  3572 V GraphicBufferSource: fillCodecBuffer_l: getting available buffer, available=1+0
08-03 01:45:48.486  1085  3572 V GraphicBufferSource: submitBuffer_l [slot=2, bufferId=3]
08-03 01:45:48.486  1085  3572 V GraphicBufferSource: emptyGraphicBuffer succeeded, bufferId=3@0 bufhandle=0xeadf0080
08-03 01:45:48.486  1085  3572 V GraphicBufferSource: buffer submitted [slot=2, useCount=3] acquired=1
08-03 01:45:48.487  1069  3819 V AudioRecord: processAudioBuffer(22): obtainBuffer(512) returned 448 = 128 + 320 err 0
08-03 01:45:48.487  1069  3819 V AudioSource: dataCallbackTimestamp: 211585885 us
08-03 01:45:48.488  1069  3813 V MediaCodecSource: [audio] time 4610863 us (4.61 secs), drift 0
08-03 01:45:48.488  1069  3854 V MPEG4Writer: Audio media time stamp: 4607928 and previous paused duration 2935
08-03 01:45:48.488  1069  3819 V AudioRecord: processAudioBuffer(22): obtainBuffer(384) returned 320 = 320 + 0 err 0
08-03 01:45:48.488  1069  3854 V MPEG4Writer: Audio timestampUs/lastTimestampUs: 4608011/4586678
08-03 01:45:48.488  1069  3819 V AudioSource: dataCallbackTimestamp: 211588552 us
08-03 01:45:48.488  1069  3821 V ACodec  : [OMX.qcom.audio.encoder.aac] calling fillBuffer 12
08-03 01:45:48.488  1069  3813 V AudioSource: signalBufferReturned: 0xea46ce00
08-03 01:45:48.488  1069  3819 V AudioRecord: processAudioBuffer(22): obtainBuffer(64) returned 0 = 0 + 0 err -11
08-03 01:45:48.489  1069  3815 V ACodec  : [OMX.qcom.video.encoder.avc] onOMXFillBufferDone 10 time 4553285 us, flags = 0x00000002
08-03 01:45:48.489  1069  3814 V MediaCodec: -- empty queue, so ignore that.
08-03 01:45:48.489  1069  3821 V ACodec  : [OMX.qcom.audio.encoder.aac] onOMXEmptyBufferDone 2
08-03 01:45:48.489  1069  3821 V ACodec  : [OMX.qcom.audio.encoder.aac] calling emptyBuffer 1 w/ time 4653602 us
08-03 01:45:48.489  1069  3813 V MediaCodecSource: [video] time 4553285 us (4.55 secs), dts/pts diff 0
08-03 01:45:48.490  1069  3850 V MPEG4Writer: decoding time: 4528860 and ctts offset time: 1800000000
08-03 01:45:48.490  1069  3850 V MPEG4Writer: Video media time stamp: 4528860 and previous paused duration 24425
08-03 01:45:48.490  1069  3850 V MPEG4Writer: Video timestampUs/lastTimestampUs: 4528860/4495550
08-03 01:45:48.491  1069  3813 V AudioSource: signalBufferReturned: 0xefb34700
08-03 01:45:48.491  1069  3815 V ACodec  : [OMX.qcom.video.encoder.avc] calling fillBuffer 10
08-03 01:45:48.491  1069  3821 V ACodec  : [OMX.qcom.audio.encoder.aac] calling emptyBuffer 2 w/ time 4656268 us
08-03 01:45:48.492  1069  3821 V ACodec  : [OMX.qcom.audio.encoder.aac] onOMXEmptyBufferDone 1
08-03 01:45:48.492  1069  3821 V ACodec  : [OMX.qcom.audio.encoder.aac] onOMXEmptyBufferDone 2
08-03 01:45:48.497  1069  3821 V ACodec  : [OMX.qcom.audio.encoder.aac] onOMXFillBufferDone 13 time 4632196 us, flags = 0x80000000
08-03 01:45:48.497  1069  3821 V MediaCodec: -- Looking at startdata. presentation 4613602, start 211562995594
08-03 01:45:48.497  1069  3821 V MediaCodec: --  drop entry for 4613602, before our frame of 4632196
08-03 01:45:48.497  1069  3821 V MediaCodec: -- Looking at startdata. presentation 4622935, start 211591324917
08-03 01:45:48.497  1069  3821 V MediaCodec: --  drop entry for 4622935, before our frame of 4632196
08-03 01:45:48.497  1069  3821 V MediaCodec: -- Looking at startdata. presentation 4633602, start 211592662729
08-03 01:45:48.497  1069  3821 V MediaCodec: --  found entry for 4633602, AFTER our frame of 4632196 we have nothing to pair with
08-03 01:45:48.498  1069  3813 V MediaCodecSource: [audio] time 4632196 us (4.63 secs), drift 0
08-03 01:45:48.498  1069  3854 V MPEG4Writer: Audio media time stamp: 4629261 and previous paused duration 2935
08-03 01:45:48.498  1069  3854 V MPEG4Writer: Audio timestampUs/lastTimestampUs: 4629344/4608011
08-03 01:45:48.498  1069  3821 V ACodec  : [OMX.qcom.audio.encoder.aac] calling fillBuffer 13
08-03 01:45:48.505  1069  3819 V AudioRecord: processAudioBuffer(22): obtainBuffer(512) returned 960 = 512 + 448 err 0
08-03 01:45:48.505  1069  3819 V AudioSource: dataCallbackTimestamp: 211595094 us
08-03 01:45:48.506  1069  3819 V AudioRecord: processAudioBuffer(22): obtainBuffer(512) returned 448 = 448 + 0 err 0
08-03 01:45:48.507  1069  3813 V AudioSource: signalBufferReturned: 0xea410000
08-03 01:45:48.507  1069  3821 V ACodec  : [OMX.qcom.audio.encoder.aac] calling emptyBuffer 1 w/ time 4662935 us
08-03 01:45:48.508  1069  3819 V AudioRecord: processAudioBuffer(22): obtainBuffer(512) returned 448 = 448 + 0 err 0
08-03 01:45:48.508  1069  3821 V ACodec  : [OMX.qcom.audio.encoder.aac] onOMXEmptyBufferDone 1
08-03 01:45:48.508  1069  3819 V AudioSource: dataCallbackTimestamp: 211605761 us
08-03 01:45:48.509  1069  3819 V AudioRecord: processAudioBuffer(22): obtainBuffer(64) returned 0 = 0 + 0 err -11
08-03 01:45:48.510  1069  3813 V AudioSource: signalBufferReturned: 0xea398000
08-03 01:45:48.510  1069  3821 V ACodec  : [OMX.qcom.audio.encoder.aac] calling emptyBuffer 2 w/ time 4673602 us
08-03 01:45:48.511  1069  3821 V ACodec  : [OMX.qcom.audio.encoder.aac] onOMXEmptyBufferDone 2
08-03 01:45:48.516  1085  3572 V GraphicBufferSource: onFrameAvailable: executing=1 available=0+0
08-03 01:45:48.516  1085  3572 V GraphicBufferSource: fillCodecBuffer_l: getting available buffer, available=1+0
08-03 01:45:48.516  1085  3572 V GraphicBufferSource: submitBuffer_l [slot=3, bufferId=4]
08-03 01:45:48.516  1085  3572 V GraphicBufferSource: emptyGraphicBuffer succeeded, bufferId=4@1 bufhandle=0xeadf0100
08-03 01:45:48.516  1085  3572 V GraphicBufferSource: buffer submitted [slot=3, useCount=3] acquired=2
08-03 01:45:48.516  1069  3821 V ACodec  : [OMX.qcom.audio.encoder.aac] onOMXFillBufferDone 14 time 4653529 us, flags = 0x80000000
08-03 01:45:48.516  1069  3821 V MediaCodec: -- Looking at startdata. presentation 4633602, start 211592662729
08-03 01:45:48.516  1069  3821 V MediaCodec: --  drop entry for 4633602, before our frame of 4653529
08-03 01:45:48.516  1069  3821 V MediaCodec: -- Looking at startdata. presentation 4642935, start 211598856167
08-03 01:45:48.516  1069  3821 V MediaCodec: --  drop entry for 4642935, before our frame of 4653529
08-03 01:45:48.516  1069  3821 V MediaCodec: -- Looking at startdata. presentation 4653602, start 211602130021
08-03 01:45:48.516  1069  3821 V MediaCodec: --  found entry for 4653602, AFTER our frame of 4653529 we have nothing to pair with
08-03 01:45:48.517  1069  3813 V MediaCodecSource: [audio] time 4653529 us (4.65 secs), drift 0
08-03 01:45:48.517  1069  3854 V MPEG4Writer: Audio media time stamp: 4650594 and previous paused duration 2935
08-03 01:45:48.517  1069  3854 V MPEG4Writer: Audio timestampUs/lastTimestampUs: 4650677/4629344
08-03 01:45:48.517  1069  3821 V ACodec  : [OMX.qcom.audio.encoder.aac] calling fillBuffer 14
08-03 01:45:48.518  1085  3818 V GraphicBufferSource: onInputBufferEmptied: bufferId=3@0 [slot=2, useCount=1, handle=0xeadf0080] acquired=2
08-03 01:45:48.523  1069  3819 V AudioRecord: processAudioBuffer(22): obtainBuffer(512) returned 960 = 512 + 448 err 0
08-03 01:45:48.523  1069  3819 V AudioSource: dataCallbackTimestamp: 211615081 us
08-03 01:45:48.524  1069  3815 V ACodec  : [OMX.qcom.video.encoder.avc] onOMXFillBufferDone 10 time 4586644 us, flags = 0x00000002
08-03 01:45:48.524  1069  3819 V AudioRecord: processAudioBuffer(22): obtainBuffer(512) returned 448 = 448 + 0 err 0
08-03 01:45:48.524  1069  3814 V MediaCodec: -- empty queue, so ignore that.
08-03 01:45:48.524  1069  3813 V AudioSource: signalBufferReturned: 0xea410800
08-03 01:45:48.525  1069  3821 V ACodec  : [OMX.qcom.audio.encoder.aac] calling emptyBuffer 1 w/ time 4682935 us
08-03 01:45:48.525  1069  3813 V MediaCodecSource: [video] time 4586644 us (4.59 secs), dts/pts diff 0
08-03 01:45:48.525  1069  3850 V MPEG4Writer: decoding time: 4562219 and ctts offset time: 1800000000
08-03 01:45:48.525  1069  3850 V MPEG4Writer: Video media time stamp: 4562219 and previous paused duration 24425
08-03 01:45:48.525  1069  3850 V MPEG4Writer: Video timestampUs/lastTimestampUs: 4562153/4528860
08-03 01:45:48.526  1069  3815 V ACodec  : [OMX.qcom.video.encoder.avc] calling fillBuffer 10
08-03 01:45:48.526  1069  3821 V ACodec  : [OMX.qcom.audio.encoder.aac] onOMXEmptyBufferDone 1
08-03 01:45:48.526  1069  3819 V AudioRecord: processAudioBuffer(22): obtainBuffer(512) returned 448 = 448 + 0 err 0
08-03 01:45:48.526  1069  3819 V AudioSource: dataCallbackTimestamp: 211625748 us
08-03 01:45:48.527  1069  3819 V AudioRecord: processAudioBuffer(22): obtainBuffer(64) returned 0 = 0 + 0 err -11
08-03 01:45:48.527  1069  3813 V AudioSource: signalBufferReturned: 0xea399c00
08-03 01:45:48.530  1069  3821 V ACodec  : [OMX.qcom.audio.encoder.aac] calling emptyBuffer 2 w/ time 4693602 us
08-03 01:45:48.534  1069  3821 V ACodec  : [OMX.qcom.audio.encoder.aac] onOMXEmptyBufferDone 2
08-03 01:45:48.540  1069  3821 V ACodec  : [OMX.qcom.audio.encoder.aac] onOMXFillBufferDone 15 time 4674862 us, flags = 0x80000000
08-03 01:45:48.540  1069  3821 V MediaCodec: -- Looking at startdata. presentation 4653602, start 211602130021
08-03 01:45:48.540  1069  3821 V MediaCodec: --  drop entry for 4653602, before our frame of 4674862
08-03 01:45:48.540  1069  3821 V MediaCodec: -- Looking at startdata. presentation 4656268, start 211603663354
08-03 01:45:48.540  1069  3821 V MediaCodec: --  drop entry for 4656268, before our frame of 4674862
08-03 01:45:48.540  1069  3821 V MediaCodec: -- Looking at startdata. presentation 4662935, start 211619809969
08-03 01:45:48.540  1069  3821 V MediaCodec: --  drop entry for 4662935, before our frame of 4674862
08-03 01:45:48.540  1069  3821 V MediaCodec: -- Looking at startdata. presentation 4673602, start 211622731375
08-03 01:45:48.540  1069  3821 V MediaCodec: --  drop entry for 4673602, before our frame of 4674862
08-03 01:45:48.540  1069  3821 V MediaCodec: -- Looking at startdata. presentation 4682935, start 211637742000
08-03 01:45:48.540  1069  3821 V MediaCodec: --  found entry for 4682935, AFTER our frame of 4674862 we have nothing to pair with
08-03 01:45:48.541  1069  3813 V MediaCodecSource: [audio] time 4674862 us (4.67 secs), drift 0
08-03 01:45:48.542  1069  3854 V MPEG4Writer: Audio media time stamp: 4671927 and previous paused duration 2935
08-03 01:45:48.542  1069  3854 V MPEG4Writer: Audio timestampUs/lastTimestampUs: 4672010/4650677
08-03 01:45:48.542  1069  3821 V ACodec  : [OMX.qcom.audio.encoder.aac] calling fillBuffer 15
08-03 01:45:48.543  1069  3819 V AudioRecord: processAudioBuffer(22): obtainBuffer(512) returned 960 = 512 + 448 err 0
08-03 01:45:48.543  1069  3819 V AudioSource: dataCallbackTimestamp: 211635678 us
08-03 01:45:48.544  1069  3819 V AudioRecord: processAudioBuffer(22): obtainBuffer(512) returned 448 = 448 + 0 err 0
08-03 01:45:48.544  1069  3813 V AudioSource: signalBufferReturned: 0xea416000
08-03 01:45:48.545  1069  3821 V ACodec  : [OMX.qcom.audio.encoder.aac] calling emptyBuffer 1 w/ time 4702935 us
08-03 01:45:48.546  1069  3819 V AudioRecord: processAudioBuffer(22): obtainBuffer(512) returned 448 = 448 + 0 err 0
08-03 01:45:48.546  1069  3821 V ACodec  : [OMX.qcom.audio.encoder.aac] onOMXEmptyBufferDone 1
08-03 01:45:48.546  1069  3819 V AudioSource: dataCallbackTimestamp: 211646345 us
08-03 01:45:48.546  1085  3818 V GraphicBufferSource: onInputBufferEmptied: bufferId=4@0 [slot=3, useCount=1, handle=0xeadf0100] acquired=1
08-03 01:45:48.546  1069  3819 V AudioRecord: processAudioBuffer(22): obtainBuffer(64) returned 0 = 0 + 0 err -11
08-03 01:45:48.547  1069  3813 V AudioSource: signalBufferReturned: 0xea39a300
08-03 01:45:48.547  1069  3821 V ACodec  : [OMX.qcom.audio.encoder.aac] calling emptyBuffer 2 w/ time 4713602 us
08-03 01:45:48.548  1069  3821 V ACodec  : [OMX.qcom.audio.encoder.aac] onOMXEmptyBufferDone 2
08-03 01:45:48.548  1085  2142 V GraphicBufferSource: onFrameAvailable: executing=1 available=0+0
08-03 01:45:48.548  1085  2142 V GraphicBufferSource: fillCodecBuffer_l: getting available buffer, available=1+0
08-03 01:45:48.548  1085  2142 V GraphicBufferSource: submitBuffer_l [slot=7, bufferId=5]
08-03 01:45:48.548  1085  2142 V GraphicBufferSource: emptyGraphicBuffer succeeded, bufferId=5@0 bufhandle=0xeb45de80
08-03 01:45:48.548  1085  2142 V GraphicBufferSource: buffer submitted [slot=7, useCount=3] acquired=1
08-03 01:45:48.554  1069  3821 V ACodec  : [OMX.qcom.audio.encoder.aac] onOMXFillBufferDone 16 time 4696195 us, flags = 0x80000000
08-03 01:45:48.554  1069  3815 V ACodec  : [OMX.qcom.video.encoder.avc] onOMXFillBufferDone 10 time 4619847 us, flags = 0x00000002
08-03 01:45:48.554  1069  3821 V MediaCodec: -- Looking at startdata. presentation 4682935, start 211637742000
08-03 01:45:48.554  1069  3821 V MediaCodec: --  drop entry for 4682935, before our frame of 4696195
08-03 01:45:48.554  1069  3821 V MediaCodec: -- Looking at startdata. presentation 4693602, start 211642742781
08-03 01:45:48.554  1069  3821 V MediaCodec: --  drop entry for 4693602, before our frame of 4696195
08-03 01:45:48.554  1069  3821 V MediaCodec: -- Looking at startdata. presentation 4702935, start 211657528563
08-03 01:45:48.554  1069  3821 V MediaCodec: --  found entry for 4702935, AFTER our frame of 4696195 we have nothing to pair with
08-03 01:45:48.554  1069  3814 V MediaCodec: -- empty queue, so ignore that.
08-03 01:45:48.554  1069  3813 V MediaCodecSource: [audio] time 4696195 us (4.70 secs), drift 0
08-03 01:45:48.554  1069  3854 V MPEG4Writer: Audio media time stamp: 4693260 and previous paused duration 2935
08-03 01:45:48.554  1069  3854 V MPEG4Writer: Audio timestampUs/lastTimestampUs: 4693343/4672010
08-03 01:45:48.554  1069  3821 V ACodec  : [OMX.qcom.audio.encoder.aac] calling fillBuffer 16
08-03 01:45:48.554  1069  3813 V MediaCodecSource: [video] time 4619847 us (4.62 secs), dts/pts diff 0
08-03 01:45:48.555  1069  3850 V MPEG4Writer: decoding time: 4595422 and ctts offset time: 1800000000
08-03 01:45:48.555  1069  3850 V MPEG4Writer: Video media time stamp: 4595422 and previous paused duration 24425
08-03 01:45:48.555  1069  3850 V MPEG4Writer: Video timestampUs/lastTimestampUs: 4595455/4562153
