08-03 01:45:43.045  3597  3597 D CameraStorage: External storage state=mounted
08-03 01:45:43.048  3597  3597 D CameraStorage: External storage state=mounted
08-03 01:45:43.049  3597  3597 V MediaProfilesJNI: native_get_num_video_encoders
08-03 01:45:43.049  3597  3597 V MediaProfilesJNI: native_get_video_encoder_cap: 0
08-03 01:45:43.049  3597  3597 V MediaProfiles: getVideoEncoderParamByName: enc.vid.bps.min for codec 2
08-03 01:45:43.049   677  2980 D hardware_info: hw_info_append_hw_type : device_name = speaker
08-03 01:45:43.049  3597  3597 V MediaProfiles: getVideoEncoderParamByName: enc.vid.bps.max for codec 2
08-03 01:45:43.049  3597  3597 V MediaProfiles: getVideoEncoderParamByName: enc.vid.fps.min for codec 2
08-03 01:45:43.049  3597  3597 V MediaProfiles: getVideoEncoderParamByName: enc.vid.fps.max for codec 2
08-03 01:45:43.049  3597  3597 V MediaProfiles: getVideoEncoderParamByName: enc.vid.width.min for codec 2
08-03 01:45:43.049  3597  3597 V MediaProfiles: getVideoEncoderParamByName: enc.vid.width.max for codec 2
08-03 01:45:43.049  3597  3597 V MediaProfiles: getVideoEncoderParamByName: enc.vid.height.min for codec 2
08-03 01:45:43.049  3597  3597 V MediaProfiles: getVideoEncoderParamByName: enc.vid.height.max for codec 2
08-03 01:45:43.049   677  1034 D hardware_info: hw_info_append_hw_type : device_name = speaker-protected
08-03 01:45:43.049  3597  3597 V MediaProfilesJNI: native_get_video_encoder_cap: 1
08-03 01:45:43.049  3597  3597 V MediaProfiles: getVideoEncoderParamByName: enc.vid.bps.min for codec 1
08-03 01:45:43.049  3597  3597 V MediaProfiles: getVideoEncoderParamByName: enc.vid.bps.max for codec 1
08-03 01:45:43.049  3597  3597 V MediaProfiles: getVideoEncoderParamByName: enc.vid.fps.min for codec 1
08-03 01:45:43.049  3597  3597 V MediaProfiles: getVideoEncoderParamByName: enc.vid.fps.max for codec 1
08-03 01:45:43.049  3597  3597 V MediaProfiles: getVideoEncoderParamByName: enc.vid.width.min for codec 1
08-03 01:45:43.049  3597  3597 V MediaProfiles: getVideoEncoderParamByName: enc.vid.width.max for codec 1
08-03 01:45:43.049  3597  3597 V MediaProfiles: getVideoEncoderParamByName: enc.vid.height.min for codec 1
08-03 01:45:43.049  3597  3597 V MediaProfiles: getVideoEncoderParamByName: enc.vid.height.max for codec 1
08-03 01:45:43.049  3597  3597 V MediaProfilesJNI: native_get_video_encoder_cap: 2
08-03 01:45:43.049  3597  3597 V MediaProfiles: getVideoEncoderParamByName: enc.vid.bps.min for codec 3
08-03 01:45:43.049  3597  3597 V MediaProfiles: getVideoEncoderParamByName: enc.vid.bps.max for codec 3
08-03 01:45:43.049  3597  3597 V MediaProfiles: getVideoEncoderParamByName: enc.vid.fps.min for codec 3
08-03 01:45:43.049  3597  3597 V MediaProfiles: getVideoEncoderParamByName: enc.vid.fps.max for codec 3
08-03 01:45:43.049  3597  3597 V MediaProfiles: getVideoEncoderParamByName: enc.vid.width.min for codec 3
08-03 01:45:43.049  3597  3597 V MediaProfiles: getVideoEncoderParamByName: enc.vid.width.max for codec 3
08-03 01:45:43.049  3597  3597 V MediaProfiles: getVideoEncoderParamByName: enc.vid.height.min for codec 3
08-03 01:45:43.050  3597  3597 V MediaProfiles: getVideoEncoderParamByName: enc.vid.height.max for codec 3
08-03 01:45:43.050  3597  3597 V MediaProfilesJNI: native_get_video_encoder_cap: 3
08-03 01:45:43.050  3597  3597 V MediaProfiles: getVideoEncoderParamByName: enc.vid.bps.min for codec 5
08-03 01:45:43.050  3597  3597 V MediaProfiles: getVideoEncoderParamByName: enc.vid.bps.max for codec 5
08-03 01:45:43.050  3597  3597 V MediaProfiles: getVideoEncoderParamByName: enc.vid.fps.min for codec 5
08-03 01:45:43.050  3597  3597 V MediaProfiles: getVideoEncoderParamByName: enc.vid.fps.max for codec 5
08-03 01:45:43.050  3597  3597 V MediaProfiles: getVideoEncoderParamByName: enc.vid.width.min for codec 5
08-03 01:45:43.050  3597  3597 V MediaProfiles: getVideoEncoderParamByName: enc.vid.width.max for codec 5
08-03 01:45:43.050  3597  3597 V MediaProfiles: getVideoEncoderParamByName: enc.vid.height.min for codec 5
08-03 01:45:43.050  3597  3597 V MediaProfiles: getVideoEncoderParamByName: enc.vid.height.max for codec 5
08-03 01:45:43.050  3597  3597 D SnapCam_CaptureModule: setUpMediaRecorder
08-03 01:45:43.050  3597  3597 V MediaProfilesJNI: native_has_camcorder_profile: 0 6
08-03 01:45:43.050  3597  3597 V MediaProfilesJNI: native_get_camcorder_profile: 0 6
08-03 01:45:43.050  3597  3597 V MediaProfiles: getCamcorderProfileParamByName: duration for camera 0, quality 6
08-03 01:45:43.050  3597  3597 V MediaProfiles: getCamcorderProfileParamByName: file.format for camera 0, quality 6
08-03 01:45:43.050  3597  3597 V MediaProfiles: getCamcorderProfileParamByName: vid.codec for camera 0, quality 6
08-03 01:45:43.050  3597  3597 V MediaProfiles: getCamcorderProfileParamByName: vid.bps for camera 0, quality 6
08-03 01:45:43.050  3597  3597 V MediaProfiles: getCamcorderProfileParamByName: vid.fps for camera 0, quality 6
08-03 01:45:43.050  3597  3597 V MediaProfiles: getCamcorderProfileParamByName: vid.width for camera 0, quality 6
08-03 01:45:43.050  3597  3597 V MediaProfiles: getCamcorderProfileParamByName: vid.height for camera 0, quality 6
08-03 01:45:43.050  3597  3597 V MediaProfiles: getCamcorderProfileParamByName: aud.codec for camera 0, quality 6
08-03 01:45:43.050  3597  3597 V MediaProfiles: getCamcorderProfileParamByName: aud.bps for camera 0, quality 6
08-03 01:45:43.050  3597  3597 V MediaProfiles: getCamcorderProfileParamByName: aud.hz for camera 0, quality 6
08-03 01:45:43.050  3597  3597 V MediaProfiles: getCamcorderProfileParamByName: aud.ch for camera 0, quality 6
08-03 01:45:43.050  3597  3597 V MediaRecorder: setAudioSource(1)
08-03 01:45:43.050  3597  3597 V MediaRecorder: Call init() since the media recorder is not initialized yet
08-03 01:45:43.050  3597  3597 V MediaRecorder: init
08-03 01:45:43.050  1069  1069 I chatty  : uid=1013(media) /system/bin/mediaserver expire 9 lines
08-03 01:45:43.055  1069  2892 I chatty  : uid=1013(media) Binder:1069_4 expire 71 lines
08-03 01:45:43.055  3597  3597 V MediaRecorder: setVideoSource(2)
08-03 01:45:43.055  1069  2912 I chatty  : uid=1013(media) Binder:1069_5 expire 2 lines
08-03 01:45:43.055  3597  3597 V MediaRecorder: setOutputFormat(2)
08-03 01:45:43.056  3597  3597 V SnapCam_CaptureModule: New video filename: /storage/emulated/0/DCIM/Camera/VID_20210803_014543.mp4
08-03 01:45:43.056  3597  3597 V MediaRecorder: setVideoFrameRate(30)
08-03 01:45:43.057  3597  3597 V MediaRecorder: setParameters(video-param-encoding-bitrate=20000000)
08-03 01:45:43.057  3597  3597 V MediaRecorder: setVideoSize(1920, 1080)
08-03 01:45:43.057  3597  3597 V MediaRecorder: setVideoEncoder(2)
08-03 01:45:43.057  3597  3597 V MediaRecorder: setParameters(audio-param-encoding-bitrate=156000)
08-03 01:45:43.057  3597  3597 V MediaRecorder: setParameters(audio-param-number-of-channels=2)
08-03 01:45:43.057  3597  3597 V MediaRecorder: setParameters(audio-param-sampling-rate=48000)
08-03 01:45:43.058  3597  3597 V MediaRecorder: setAudioEncoder(3)
08-03 01:45:43.058  3597  3597 V MediaRecorder: setParameters(max-duration=600000)
08-03 01:45:43.058  3597  3597 I SnapCam_CaptureModule: Profile video bitrate: 20000000
08-03 01:45:43.058  3597  3597 I SnapCam_CaptureModule: Profile video frame rate: 30
08-03 01:45:43.058  3597  3597 V MediaProfilesJNI: native_get_num_video_encoders
08-03 01:45:43.058  3597  3597 V MediaProfilesJNI: native_get_video_encoder_cap: 0
08-03 01:45:43.058  3597  3597 V MediaProfiles: getVideoEncoderParamByName: enc.vid.bps.min for codec 2
08-03 01:45:43.058  3597  3597 V MediaProfiles: getVideoEncoderParamByName: enc.vid.bps.max for codec 2
08-03 01:45:43.058  3597  3597 V MediaProfiles: getVideoEncoderParamByName: enc.vid.fps.min for codec 2
08-03 01:45:43.058  3597  3597 V MediaProfiles: getVideoEncoderParamByName: enc.vid.fps.max for codec 2
08-03 01:45:43.058  3597  3597 V MediaProfiles: getVideoEncoderParamByName: enc.vid.width.min for codec 2
08-03 01:45:43.058  3597  3597 V MediaProfiles: getVideoEncoderParamByName: enc.vid.width.max for codec 2
08-03 01:45:43.058  3597  3597 V MediaProfiles: getVideoEncoderParamByName: enc.vid.height.min for codec 2
08-03 01:45:43.058  3597  3597 V MediaProfiles: getVideoEncoderParamByName: enc.vid.height.max for codec 2
08-03 01:45:43.058  3597  3597 V MediaProfilesJNI: native_get_video_encoder_cap: 1
08-03 01:45:43.058  3597  3597 V MediaProfiles: getVideoEncoderParamByName: enc.vid.bps.min for codec 1
08-03 01:45:43.058  3597  3597 V MediaProfiles: getVideoEncoderParamByName: enc.vid.bps.max for codec 1
08-03 01:45:43.058  3597  3597 V MediaProfiles: getVideoEncoderParamByName: enc.vid.fps.min for codec 1
08-03 01:45:43.058  3597  3597 V MediaProfiles: getVideoEncoderParamByName: enc.vid.fps.max for codec 1
08-03 01:45:43.058  3597  3597 V MediaProfiles: getVideoEncoderParamByName: enc.vid.width.min for codec 1
08-03 01:45:43.058  3597  3597 V MediaProfiles: getVideoEncoderParamByName: enc.vid.width.max for codec 1
08-03 01:45:43.058  3597  3597 V MediaProfiles: getVideoEncoderParamByName: enc.vid.height.min for codec 1
08-03 01:45:43.058  3597  3597 V MediaProfiles: getVideoEncoderParamByName: enc.vid.height.max for codec 1
08-03 01:45:43.058  3597  3597 V MediaProfilesJNI: native_get_video_encoder_cap: 2
08-03 01:45:43.058  3597  3597 V MediaProfiles: getVideoEncoderParamByName: enc.vid.bps.min for codec 3
08-03 01:45:43.058  3597  3597 V MediaProfiles: getVideoEncoderParamByName: enc.vid.bps.max for codec 3
08-03 01:45:43.058  3597  3597 V MediaProfiles: getVideoEncoderParamByName: enc.vid.fps.min for codec 3
08-03 01:45:43.059  3597  3597 V MediaProfiles: getVideoEncoderParamByName: enc.vid.fps.max for codec 3
08-03 01:45:43.059  3597  3597 V MediaProfiles: getVideoEncoderParamByName: enc.vid.width.min for codec 3
08-03 01:45:43.059  3597  3597 V MediaProfiles: getVideoEncoderParamByName: enc.vid.width.max for codec 3
08-03 01:45:43.059  3597  3597 V MediaProfiles: getVideoEncoderParamByName: enc.vid.height.min for codec 3
08-03 01:45:43.059  3597  3597 V MediaProfiles: getVideoEncoderParamByName: enc.vid.height.max for codec 3
08-03 01:45:43.059  3597  3597 V MediaProfilesJNI: native_get_video_encoder_cap: 3
08-03 01:45:43.059  3597  3597 V MediaProfiles: getVideoEncoderParamByName: enc.vid.bps.min for codec 5
08-03 01:45:43.059  3597  3597 V MediaProfiles: getVideoEncoderParamByName: enc.vid.bps.max for codec 5
08-03 01:45:43.059  3597  3597 V MediaProfiles: getVideoEncoderParamByName: enc.vid.fps.min for codec 5
08-03 01:45:43.059  3597  3597 V MediaProfiles: getVideoEncoderParamByName: enc.vid.fps.max for codec 5
08-03 01:45:43.059  3597  3597 V MediaProfiles: getVideoEncoderParamByName: enc.vid.width.min for codec 5
08-03 01:45:43.059  3597  3597 V MediaProfiles: getVideoEncoderParamByName: enc.vid.width.max for codec 5
08-03 01:45:43.059  3597  3597 V MediaProfiles: getVideoEncoderParamByName: enc.vid.height.min for codec 5
08-03 01:45:43.059  3597  3597 V MediaProfiles: getVideoEncoderParamByName: enc.vid.height.max for codec 5
08-03 01:45:43.059  3597  3597 I SnapCam_CaptureModule: MediaRecorder setMaxFileSize: 12542808448
08-03 01:45:43.059  3597  3597 V MediaRecorder: setParameters(max-filesize=12542808448)
08-03 01:45:43.059  3597  3597 V MediaRecorder: setParameters(video-param-rotation-angle-degrees=0)
08-03 01:45:43.060  3597  3597 V MediaRecorder: setOutputFile(93)
08-03 01:45:43.061  3597  3597 V MediaRecorder: prepare
08-03 01:45:43.062  1069  3815 I chatty  : uid=1013(media) /system/bin/mediaserver expire 178 lines
08-03 01:45:43.064  1085  1188 I OMXMaster: makeComponentInstance(OMX.qcom.video.encoder.avc) in android.hardwar process
08-03 01:45:43.065   721  1129 V AudioFlinger: onIdleMixer
08-03 01:45:43.070  1085  1188 I OMX-VENC: Video encode perflock acquired,handle=47
08-03 01:45:43.071     0     0 I msm_vidc: info: Opening video instance: 0000000000000000, 0
08-03 01:45:43.081   677  1034 D hardware_info: hw_info_append_hw_type : device_name = vi-feedback
08-03 01:45:43.082   677  2980 D hardware_info: hw_info_append_hw_type : device_name = speaker-protected
08-03 01:45:43.083  1085  1188 I OMX-VENC: Component_init : OMX.qcom.video.encoder.avc : return = 0x0
08-03 01:45:43.085  1069  3814 I chatty  : uid=1013(media) /system/bin/mediaserver expire 77 lines
08-03 01:45:43.085   721  1129 V AudioFlinger: onIdleMixer
08-03 01:45:43.086  1085  2142 E OMXNodeInstance: setParameter(0xeabea5c4:qcom.encoder.avc, OMX.google.android.index.allocateNativeHandle(0x7f00005d): Input:0 en=0) ERROR: UnsupportedSetting(0x80001019)
08-03 01:45:43.086  1085  1188 E OMXNodeInstance: setParameter(0xeabea5c4:qcom.encoder.avc, OMX.google.android.index.allocateNativeHandle(0x7f00005d): Output:1 en=0) ERROR: UnsupportedSetting(0x80001019)
08-03 01:45:43.086  1085  1188 W OMXNodeInstance: [0xeabea5c4:qcom.encoder.avc] component does not support metadata mode; using fallback
08-03 01:45:43.101   677  2980 D hardware_info: hw_info_append_hw_type : device_name = vi-feedback
08-03 01:45:43.101   677  2980 E voice   : voice_is_in_call_rec_stream: input stream is NULL
08-03 01:45:43.102   677  2980 D         : Failed to fetch the lookup information of the device 00000066 
08-03 01:45:43.106   721  1129 V AudioFlinger: onIdleMixer
08-03 01:45:43.108     0     0 E afe_callback: cmd = 0x100fd returned error = 0x3
08-03 01:45:43.108     0     0 E afe_apr_send_pkt: DSP returned error[ADSP_EUNSUPPORTED]
08-03 01:45:43.108  1085  1188 E OMXNodeInstance: getConfig(0xeabea5c4:qcom.encoder.avc, ConfigLatency(0x6f800005)) ERROR: UnsupportedIndex(0x8000101a)
08-03 01:45:43.124  1085  2090 E OMXNodeInstance: setConfig(0xeabea5c4:qcom.encoder.avc, ??(0x600001a)) ERROR: UnsupportedIndex(0x8000101a)
08-03 01:45:43.125  1085  1188 V GraphicBufferSource: GraphicBufferSource
08-03 01:45:43.126  1085  3572 E OMXNodeInstance: getConfig(0xeabea5c4:qcom.encoder.avc, ??(0x7f000062)) ERROR: UnsupportedSetting(0x80001019)
08-03 01:45:43.127   721  1129 V AudioFlinger: onIdleMixer
08-03 01:45:43.127   677  2980 D         : Failed to fetch the lookup information of the device 00000004 
08-03 01:45:43.127   677  2980 D         : Failed to fetch the lookup information of the device 00000004 
08-03 01:45:43.128   677  2980 D         : Failed to fetch the lookup information of the device 00000004 
08-03 01:45:43.128  1085  3572 E OMXNodeInstance: getParameter(0xeabea5c4:qcom.encoder.avc, ParamConsumerUsageBits(0x6f800004)) ERROR: UnsupportedIndex(0x8000101a)
08-03 01:45:43.129  1085  3572 D GraphicBufferSource: setting dataspace: 0x104, acquired=0
08-03 01:45:43.129  1085  1188 V GraphicBufferSource: setSuspend=1 at time -1 us
08-03 01:45:43.130  1085  2090 E OMXNodeInstance: getParameter(0xeabea5c4:qcom.encoder.avc, ParamConsumerUsageBits(0x6f800004)) ERROR: UnsupportedIndex(0x8000101a)
08-03 01:45:43.130  1085  2142 D GraphicBufferSource: requesting color aspects (R:2(Limited), P:1(BT709_5), M:1(BT709_5), T:3(SMPTE170M))
08-03 01:45:43.130  1085  2142 V GraphicBufferSource: stop
08-03 01:45:43.135  1085  3572 E ion     : ioctl c0044901 failed with code -1: Not a typewriter
08-03 01:45:43.136  1085  3572 V GraphicBufferSource: addCodecBuffer: bufferId=1
08-03 01:45:43.138  1085  3572 V GraphicBufferSource: addCodecBuffer: bufferId=2
08-03 01:45:43.139  1085  3572 V GraphicBufferSource: addCodecBuffer: bufferId=3
08-03 01:45:43.140  1085  3572 V GraphicBufferSource: addCodecBuffer: bufferId=4
08-03 01:45:43.143  1085  3572 V GraphicBufferSource: addCodecBuffer: bufferId=5
08-03 01:45:43.145  1085  3572 V GraphicBufferSource: addCodecBuffer: bufferId=6
08-03 01:45:43.147   721  1129 V AudioFlinger: onIdleMixer
08-03 01:45:43.148  1085  3572 V GraphicBufferSource: addCodecBuffer: bufferId=7
08-03 01:45:43.150  1085  3572 V GraphicBufferSource: addCodecBuffer: bufferId=8
08-03 01:45:43.152  1085  3572 V GraphicBufferSource: addCodecBuffer: bufferId=9
08-03 01:45:43.160  1085  3816 V GraphicBufferSource: --> start; available=0, submittable=9
08-03 01:45:43.160  1085  3816 V GraphicBufferSource: clearing last dataSpace
08-03 01:45:43.160  1085  3816 V GraphicBufferSource: done loading initial frames, available=0+0
08-03 01:45:43.163   721  1610 W ServiceManager: Permission failure: android.permission.CAPTURE_AUDIO_OUTPUT from uid=10054 pid=3597
08-03 01:45:43.163   721  1610 D PermissionCache: checking android.permission.CAPTURE_AUDIO_OUTPUT for uid=10054 => denied (190 us)
08-03 01:45:43.164   721  1610 W ServiceManager: Permission failure: android.permission.CAPTURE_AUDIO_HOTWORD from uid=10054 pid=3597
08-03 01:45:43.164   721  1610 D PermissionCache: checking android.permission.CAPTURE_AUDIO_HOTWORD for uid=10054 => denied (185 us)
08-03 01:45:43.165   721  1610 V APM::AudioInputDescriptor: opening input for device type:0x80000004,@:bottom profile 0x72b0316500 name primary input

08-03 01:45:43.167   721  1129 V AudioFlinger: onIdleMixer
08-03 01:45:43.188   721  1129 V AudioFlinger: onIdleMixer
08-03 01:45:43.208   721  1129 V AudioFlinger: onIdleMixer
08-03 01:45:43.228   721  1129 V AudioFlinger: onIdleMixer
08-03 01:45:43.233     0     0 E adm_callback: cmd = 0x10328 returned error = 0x2
08-03 01:45:43.233     0     0 E adm_apr_send_pkt: DSP returned error[ADSP_EBADPARAM]


08-03 01:45:43.242   721  1610 V AudioFlinger: openInput_l() openInputStream returned input 0x722983ff40, devices 0x80000004, SamplingRate 48000, Format 0x1, Channels 0xc, flags 0, status 0 addr bottom
08-03 01:45:43.244   721  1610 V AudioFlinger: 0x721bbd3100 RecordThread params: mChannelCount=2, mFormat=0x1, mFrameSize=4, mBufferSize=3840, mFrameCount=960
08-03 01:45:43.245   721  1610 V AudioFlinger: 0x721bbd3100 kUseFastCapture = Static, (960 * 1000) / 48000 vs 12, initFastCapture = 0
08-03 01:45:43.246   721  1610 V AudioFlinger: openInput_l() created record thread: ID 54 thread 0x721bbd3100
08-03 01:45:43.246   721  3820 I AudioFlinger: AudioFlinger's thread 0x721bbd3100 tid=3820 ready to run
08-03 01:45:43.248   721  1610 V AudioFlinger: createRecord() lSessionId: 145 input 54
08-03 01:45:43.250   721  1129 V AudioFlinger: onIdleMixer
08-03 01:45:43.259   721  3820 V AudioFlinger: acquireWakeLock_l() AudioIn_36 status 0
08-03 01:45:43.259   721  3820 D AudioFlinger: updateWakeLockUids_l AudioIn_36 uids:
08-03 01:45:43.259   721  3820 V AudioFlinger: updateWakeLockUids_l() AudioIn_36 status 0
08-03 01:45:43.261   721  3820 V AudioFlinger: releaseWakeLock_l() AudioIn_36
08-03 01:45:43.261   721  3820 V AudioFlinger: RecordThread: loop stopping
08-03 01:45:43.266   721  1610 V AudioFlinger: getOrphanEffectChain_l session 145 index -2
08-03 01:45:43.268   721  3811 V AudioFlinger: acquiring 145 from 1069, for -1
08-03 01:45:43.268   721  3811 V AudioFlinger:  added new entry for 145
08-03 01:45:43.270  1069  3821 I chatty  : uid=1013(media) /system/bin/mediaserver expire 1549 lines
08-03 01:45:43.270   721  1129 V AudioFlinger: onIdleMixer
08-03 01:45:43.272  1085  2142 I OMXMaster: makeComponentInstance(OMX.qcom.audio.encoder.aac) in android.hardwar process
08-03 01:45:43.285  1085  2142 E         :  component init: role = OMX.qcom.audio.encoder.aac
08-03 01:45:43.291   721  1129 V AudioFlinger: onIdleMixer
08-03 01:45:43.300     0     0 I aac_in_open: session id 2: NT mode encoder success
08-03 01:45:43.300     0     0 I aac_in_open: session id 2: success
08-03 01:45:43.301  1085  2142 W media.codec: Failed to obtain quirks for omx component 'OMX.qcom.audio.encoder.aac' from XML files
08-03 01:45:43.304  1085  2142 E OMXNodeInstance: setConfig(0xeb4d2004:qcom.encoder.aac, ConfigPriority(0x6f800002)) ERROR: UnsupportedIndex(0x8000101a)
08-03 01:45:43.305  1085  2142 E OMXNodeInstance: getExtensionIndex(0xeb4d2004:qcom.encoder.aac, OMX.google.android.index.storeMetaDataInBuffers) ERROR: BadParameter(0x80001005)
08-03 01:45:43.306  1085  2142 E OMXNodeInstance: setConfig(0xeb4d2004:qcom.encoder.aac, ConfigPriority(0x6f800002)) ERROR: UnsupportedIndex(0x8000101a)
08-03 01:45:43.306  1085  2142 E OMXNodeInstance: getConfig(0xeb4d2004:qcom.encoder.aac, ConfigAndroidVendorExtension(0x6f100004)) ERROR: UnsupportedIndex(0x8000101a)
08-03 01:45:43.311   721  1129 V AudioFlinger: onIdleMixer
08-03 01:45:43.331   721  1129 V AudioFlinger: onIdleMixer
08-03 01:45:43.333  3597  3597 V SnapCam_CaptureModule: isAbortCapturesEnable :true
08-03 01:45:43.334   681   988 E QCamera : <HAL><ERROR> acquirePerfLock: 614: Failed to acquire the perf lock
08-03 01:45:43.342  1069  3813 I chatty  : uid=1013(media) /system/bin/mediaserver expire 456 lines
08-03 01:45:43.352   721  1129 V AudioFlinger: onIdleMixer
08-03 01:45:43.372   721  1129 V AudioFlinger: onIdleMixer
08-03 01:45:43.396   721  1129 V AudioFlinger: onIdleMixer
08-03 01:45:43.409   681  3712 I chatty  : uid=1047(cameraserver) provider@2.4-se identical 46 lines
08-03 01:45:43.414  3597  3597 D SnapCam_CaptureModule: startRecordingVideo call abortCaptures befor close preview 
08-03 01:45:43.414  3597  3597 D SnapCam_CaptureModule: closePreviewSession
08-03 01:45:43.415  3597  3597 D SnapCam_CaptureUI: setPreviewSize 1920 1080
08-03 01:45:43.415  3597  3597 D SnapCam_CaptureUI: showSurfaceView
08-03 01:45:43.417  3597  3597 V SnapCam_CaptureUI: surfaceChanged: width =1920, height = 1080
08-03 01:45:43.417   721  1129 V AudioFlinger: onIdleMixer
08-03 01:45:43.420  3597  3597 V SnapCam_CaptureUI: surfaceDestroyed
08-03 01:45:43.420  3597  3597 I SnapCam_CaptureModule: Preview Surface is not ready!
08-03 01:45:43.421  3597  3597 D SnapCam_CaptureUI: showSurfaceView
08-03 01:45:43.436  3597  3597 V SnapCam_CaptureUI: surfaceCreated
08-03 01:45:43.436  3597  3597 I SnapCam_CaptureModule: Preview Surface is ready!
08-03 01:45:43.436  3597  3597 V SnapCam_CaptureUI: surfaceChanged: width =1920, height = 1080
08-03 01:45:43.439   721  1129 V AudioFlinger: onIdleMixer
08-03 01:45:43.449   681   988 I chatty  : uid=1047(cameraserver) HwBinder:681_2 expire 2 lines
08-03 01:45:43.451   681  3835 I chatty  : uid=1047(cameraserver) provider@2.4-se expire 32 lines
08-03 01:45:43.456  3597  3597 W System.err: java.lang.IllegalArgumentException: Could not find tag for key 'org.quic.camera.EarlyPCRenable.EarlyPCRenable')
08-03 01:45:43.456  3597  3597 W System.err: 	at android.hardware.camera2.impl.CameraMetadataNative.nativeGetTagFromKeyLocal(Native Method)
08-03 01:45:43.456  3597  3597 W System.err: 	at android.hardware.camera2.impl.CameraMetadataNative.setBase(CameraMetadataNative.java:1389)
08-03 01:45:43.456  3597  3597 W System.err: 	at android.hardware.camera2.impl.CameraMetadataNative.set(CameraMetadataNative.java:459)
08-03 01:45:43.456  3597  3597 W System.err: 	at android.hardware.camera2.impl.CameraMetadataNative.set(CameraMetadataNative.java:463)
08-03 01:45:43.456  3597  3597 W System.err: 	at android.hardware.camera2.CaptureRequest$Builder.set(CaptureRequest.java:848)
08-03 01:45:43.456  3597  3597 W System.err: 	at com.android.camera.CaptureModule.applyEarlyPCR(CaptureModule.java:5248)
08-03 01:45:43.456  3597  3597 W System.err: 	at com.android.camera.CaptureModule.applyVideoCommentSettings(CaptureModule.java:4361)
08-03 01:45:43.456  3597  3597 W System.err: 	at com.android.camera.CaptureModule.setUpVideoPreviewRequestBuilder(CaptureModule.java:4346)
08-03 01:45:43.456  3597  3597 W System.err: 	at com.android.camera.CaptureModule.startRecordingVideo(CaptureModule.java:4081)
08-03 01:45:43.456  3597  3597 W System.err: 	at com.android.camera.CaptureModule.onVideoButtonClick(CaptureModule.java:4944)
08-03 01:45:43.456  3597  3597 W System.err: 	at com.android.camera.CaptureUI$19.onClick(CaptureUI.java:668)
08-03 01:45:43.456  3597  3597 W System.err: 	at android.view.View.performClick(View.java:7259)
08-03 01:45:43.456  3597  3597 W System.err: 	at android.view.View.performClickInternal(View.java:7236)
08-03 01:45:43.456  3597  3597 W System.err: 	at android.view.View.access$3600(View.java:801)
08-03 01:45:43.456  3597  3597 W System.err: 	at android.view.View$PerformClick.run(View.java:27896)
08-03 01:45:43.456  3597  3597 W System.err: 	at android.os.Handler.handleCallback(Handler.java:883)
08-03 01:45:43.456  3597  3597 W System.err: 	at android.os.Handler.dispatchMessage(Handler.java:100)
08-03 01:45:43.456  3597  3597 W System.err: 	at android.os.Looper.loop(Looper.java:214)
08-03 01:45:43.456  3597  3597 W System.err: 	at android.app.ActivityThread.main(ActivityThread.java:7397)
08-03 01:45:43.456  3597  3597 W System.err: 	at java.lang.reflect.Method.invoke(Native Method)
08-03 01:45:43.456  3597  3597 W System.err: 	at com.android.internal.os.RuntimeInit$MethodAndArgsCaller.run(RuntimeInit.java:492)
08-03 01:45:43.456  3597  3597 W System.err: 	at com.android.internal.os.ZygoteInit.main(ZygoteInit.java:935)
08-03 01:45:43.459   721  1129 V AudioFlinger: onIdleMixer
08-03 01:45:43.477   681   681 E QCamera : <MCI><ERROR> mm_channel_fsm_fn_active: 1305: invalid state (2) for evt (5), in(0x0), out(0x0)
08-03 01:45:43.480   721  1129 V AudioFlinger: onIdleMixer
08-03 01:45:43.500   721  1129 V AudioFlinger: onIdleMixer
08-03 01:45:43.520   721  1129 V AudioFlinger: onIdleMixer
08-03 01:45:43.541   721  1129 V AudioFlinger: onIdleMixer
08-03 01:45:43.561   721  1129 V AudioFlinger: onIdleMixer
08-03 01:45:43.581   721  1129 V AudioFlinger: onIdleMixer
08-03 01:45:43.602   721  1129 V AudioFlinger: onIdleMixer
08-03 01:45:43.610   725  1923 E BufferQueueProducer: [SurfaceView - org.codeaurora.snapcam/com.android.camera.CameraActivity#0] queueBuffer: BufferQueue has been abandoned
08-03 01:45:43.611  1046  1207 E Surface : queueBuffer: error queuing buffer to SurfaceTexture, -19
08-03 01:45:43.611  1046  1207 E Camera3-OutputStream: returnBufferCheckedLocked: Stream 0: Error queueing buffer to native window: No such device (-19)
08-03 01:45:43.613  1046  1628 I CameraLatencyHistogram: Stream 0 dequeueBuffer latency histogram (3664) samples:
08-03 01:45:43.614  1046  1628 I CameraLatencyHistogram:         5     10     15     20     25     30     35     40     45    inf (max ms)
08-03 01:45:43.614  1046  1628 I CameraLatencyHistogram:      2.40   10.48   25.03   37.61   22.54   1.88   0.05   0.00   0.00   0.00 (%)
08-03 01:45:43.614  1046  1628 I CameraLatencyHistogram: Stream 0 latency histogram for wait on max_buffers (3259) samples:
08-03 01:45:43.614  1046  1628 I CameraLatencyHistogram:        33     66     99    132    165    198    231    264    297    inf (max ms)
08-03 01:45:43.614  1046  1628 I CameraLatencyHistogram:      99.94   0.03   0.00   0.03   0.00   0.00   0.00   0.00   0.00   0.00 (%)
08-03 01:45:43.615  1046  2458 W CameraDeviceClient: createSurfaceFromGbp: Camera 0 with consumer usage flag: 2304: Forcing asynchronous mode for stream
08-03 01:45:43.617  1046  2458 W CameraDeviceClient: createSurfaceFromGbp: Camera 0: Overriding format 0x4 to IMPLEMENTATION_DEFINED
08-03 01:45:43.622  1046  1628 W H2BGraphicBufferProducer: getConsumerUsage is not fully supported
08-03 01:45:43.623   721  1129 V AudioFlinger: onIdleMixer
08-03 01:45:43.627  1046  1628 W H2BGraphicBufferProducer: getConsumerUsage is not fully supported
08-03 01:45:43.643   721  1129 V AudioFlinger: onIdleMixer
08-03 01:45:43.664   721  1129 V AudioFlinger: onIdleMixer
08-03 01:45:43.666   681   681 I QCamera : <HAL><INFO> configureStreamsPerfLocked: 2396: stream[0] type = 0, format = 34, width = 1920, height = 1080, rotation = 0, usage = 0x900
08-03 01:45:43.666   681   681 I QCamera : <HAL><INFO> configureStreamsPerfLocked: 2396: stream[1] type = 0, format = 34, width = 1920, height = 1080, rotation = 0, usage = 0x10000
08-03 01:45:43.666   681   681 I QCamera : <HAL><INFO> configureStreamsPerfLocked: 2396: stream[2] type = 0, format = 33, width = 2688, height = 1512, rotation = 0, usage = 0x3
08-03 01:45:43.672   681   681 V qomx_image_core: OMX_FreeHandle:338] 
08-03 01:45:43.672   681   681 D qomx_image_core: get_idx_from_handle:297] comp_idx 2 inst_idx 0
08-03 01:45:43.674   681   681 V qomx_image_core: OMX_FreeHandle:373] Success
08-03 01:45:43.674   681   681 I qomx_image_core: OMX_Deinit:125] Complete
08-03 01:45:43.682   681   681 I QCamera : <HAL><INFO> configureStreamsPerfLocked: 3337: Disabling HAL ZSL : 
08-03 01:45:43.685   721  1129 V AudioFlinger: onIdleMixer
08-03 01:45:43.690  1046  1628 W H2BGraphicBufferProducer: getConsumerUsage is not fully supported
08-03 01:45:43.691  1046  1628 W H2BGraphicBufferProducer: getConsumerUsage is not fully supported
08-03 01:45:43.695  1046  1628 D Camera3-Device: Set real time priority for request queue thread (tid 3741)
08-03 01:45:43.695   681  3846 I qomx_image_core: OMX_Init:101] Complete 3
08-03 01:45:43.696  3597  3597 I Choreographer: Skipped 41 frames!  The application may be doing too much work on its main thread.
08-03 01:45:43.702  3597  3615 W eaurora.snapca: Long monitor contention with owner main (3597) at void android.hardware.camera2.impl.CameraDeviceImpl.createCaptureSessionInternal(android.hardware.camera2.params.InputConfiguration, java.util.List, android.hardware.camera2.CameraCaptureSession$StateCallback, java.util.concurrent.Executor, int, android.hardware.camera2.CaptureRequest)(CameraDeviceImpl.java:650) waiters=1 in void android.hardware.camera2.impl.CameraDeviceImpl$CameraDeviceCallbacks.onResultReceived(android.hardware.camera2.impl.CameraMetadataNative, android.hardware.camera2.impl.CaptureResultExtras, android.hardware.camera2.impl.PhysicalCaptureResultInfo[]) for 202ms
08-03 01:45:43.702  3597  3615 I dvm_lock_sample: [org.codeaurora.snapcam,0,Binder:3597_2,202,CameraDeviceImpl.java,2174,void android.hardware.camera2.impl.CameraDeviceImpl$CameraDeviceCallbacks.onResultReceived(android.hardware.camera2.impl.CameraMetadataNative, android.hardware.camera2.impl.CaptureResultExtras, android.hardware.camera2.impl.PhysicalCaptureResultInfo[]),-,650,void android.hardware.camera2.impl.CameraDeviceImpl.createCaptureSessionInternal(android.hardware.camera2.params.InputConfiguration, java.util.List, android.hardware.camera2.CameraCaptureSession$StateCallback, java.util.concurrent.Executor, int, android.hardware.camera2.CaptureRequest),40]
08-03 01:45:43.704   681  3846 I qomx_image_core: OMX_GetHandle:243] get instance pts is 0xec6dbe00
08-03 01:45:43.704  3597  3700 D SnapCam_CaptureModule: cameracapturesession - onClosed
08-03 01:45:43.705   681  3846 D qomx_image_core: OMX_GetHandle:261] handle = 0xec6dbe04 Instanceindex = 0,comp_idx 2 g_ptr 0xec68b700
08-03 01:45:43.705   721  1129 V AudioFlinger: onIdleMixer
08-03 01:45:43.705   681  3846 E mm-still: omx_component_set_callbacks: Bad Parameter
08-03 01:45:43.705   681  3846 I qomx_image_core: OMX_GetHandle:267] Success
08-03 01:45:43.706  3597  3597 D SnapCam_CaptureModule: StartRecordingVideo session onConfigured
08-03 01:45:43.707  3597  3597 W System.err: java.lang.IllegalArgumentException: Could not find tag for key 'org.quic.camera.EarlyPCRenable.EarlyPCRenable')
08-03 01:45:43.707  3597  3597 W System.err: 	at android.hardware.camera2.impl.CameraMetadataNative.nativeGetTagFromKeyLocal(Native Method)
08-03 01:45:43.707  3597  3597 W System.err: 	at android.hardware.camera2.impl.CameraMetadataNative.setBase(CameraMetadataNative.java:1389)
08-03 01:45:43.707  3597  3597 W System.err: 	at android.hardware.camera2.impl.CameraMetadataNative.set(CameraMetadataNative.java:459)
08-03 01:45:43.707  3597  3597 W System.err: 	at android.hardware.camera2.impl.CameraMetadataNative.set(CameraMetadataNative.java:463)
08-03 01:45:43.707  3597  3597 W System.err: 	at android.hardware.camera2.CaptureRequest$Builder.set(CaptureRequest.java:848)
08-03 01:45:43.707  3597  3597 W System.err: 	at com.android.camera.CaptureModule.applyEarlyPCR(CaptureModule.java:5248)
08-03 01:45:43.707  3597  3597 W System.err: 	at com.android.camera.CaptureModule.applyVideoCommentSettings(CaptureModule.java:4361)
08-03 01:45:43.707  3597  3597 W System.err: 	at com.android.camera.CaptureModule.setUpVideoCaptureRequestBuilder(CaptureModule.java:4322)
08-03 01:45:43.707  3597  3597 W System.err: 	at com.android.camera.CaptureModule.access$7500(CaptureModule.java:147)
08-03 01:45:43.707  3597  3597 W System.err: 	at com.android.camera.CaptureModule$22.onConfigured(CaptureModule.java:4157)
08-03 01:45:43.707  3597  3597 W System.err: 	at android.hardware.camera2.impl.CallbackProxies$SessionStateCallbackProxy.lambda$onConfigured$0$CallbackProxies$SessionStateCallbackProxy(CallbackProxies.java:53)
08-03 01:45:43.707  3597  3597 W System.err: 	at android.hardware.camera2.impl.-$$Lambda$CallbackProxies$SessionStateCallbackProxy$soW0qC12Osypoky6AfL3P2-TeDw.run(Unknown Source:4)
08-03 01:45:43.707  3597  3597 W System.err: 	at android.os.Handler.handleCallback(Handler.java:883)
08-03 01:45:43.707  3597  3597 W System.err: 	at android.os.Handler.dispatchMessage(Handler.java:100)
08-03 01:45:43.707  3597  3597 W System.err: 	at android.os.Looper.loop(Looper.java:214)
08-03 01:45:43.707  3597  3597 W System.err: 	at android.app.ActivityThread.main(ActivityThread.java:7397)
08-03 01:45:43.707  3597  3597 W System.err: 	at java.lang.reflect.Method.invoke(Native Method)
08-03 01:45:43.707  3597  3597 W System.err: 	at com.android.internal.os.RuntimeInit$MethodAndArgsCaller.run(RuntimeInit.java:492)
08-03 01:45:43.707  3597  3597 W System.err: 	at com.android.internal.os.ZygoteInit.main(ZygoteInit.java:935)
08-03 01:45:43.710  3597  3597 W AudioManager: Use of stream types is deprecated for operations other than volume control
08-03 01:45:43.710  3597  3597 W AudioManager: See the documentation of requestAudioFocus() for what to use instead with android.media.AudioAttributes to qualify your playback use case
08-03 01:45:43.712   497   497 I hwservicemanager: getTransport: Cannot find entry android.hardware.graphics.mapper@3.0::IMapper/default in either framework or device manifest.
08-03 01:45:43.713  1085  2142 W Gralloc3: mapper 3.x is not supported
08-03 01:45:43.716  1175  3560 I MediaFocusControl: requestAudioFocus() from uid/pid 10054/3597 clientId=android.media.AudioManager@5177b6a callingPack=org.codeaurora.snapcam req=2 flags=0x0 sdk=29
08-03 01:45:43.718  3597  3597 V MediaRecorder: start
08-03 01:45:43.720  1069  3849 I chatty  : uid=1013(media) /system/bin/mediaserver expire 20 lines
08-03 01:45:43.721  1085  3548 D GraphicBufferSource: setStartTimeUs: skipFramesBeforeUs=206931882
08-03 01:45:43.721  1085  3572 V GraphicBufferSource: setSuspend=0 at time -1 us
08-03 01:45:43.721   497   497 I hwservicemanager: getTransport: Cannot find entry android.hardware.graphics.allocator@3.0::IAllocator/default in either framework or device manifest.
08-03 01:45:43.721  1085  2142 W Gralloc3: allocator 3.x is not supported
08-03 01:45:43.723  1069  3851 I chatty  : uid=1013(media) /system/bin/mediaserver expire 1 line
08-03 01:45:43.726   721  1129 V AudioFlinger: onIdleMixer
08-03 01:45:43.730   721  3811 V AudioFlinger: RecordThread::start event 0, triggerSession 0
08-03 01:45:43.734   721  3811 V AudioFlinger: AudioFlinger::setRecordSilenced(uid:10054, silenced:0)
08-03 01:45:43.734   721  3811 D AudioPolicyManagerCustom: startInput portId 22
08-03 01:45:43.734   721  3811 V AudioPolicyManagerCustom: startInput input:54, session:145)
08-03 01:45:43.734   721  3811 V APM::AudioInputDescriptor: updateClientRecordingConfiguration riid 143 uid 10054 port 22 session 145 event 0
08-03 01:45:43.734   721   869 V AudioFlinger: sendConfigEvent_l() num events 1 event 3
08-03 01:45:43.734   721  3820 V AudioFlinger: RecordThread: loop starting
08-03 01:45:43.734   681   988 I QCamera : <HAL><INFO> processCaptureRequest: 7341: STREAM INFO 0: type 1, wxh: 1920 x 1080, pp_mask: 0x10002068e, Format:0 is_type: 0 sync_type 0
08-03 01:45:43.735   681   988 I QCamera : <HAL><INFO> processCaptureRequest: 7341: STREAM INFO 0: type 4, wxh: 1920 x 1080, pp_mask: 0x10002068e, Format:0 is_type: 0 sync_type 0
08-03 01:45:43.735   681   988 I QCamera : <HAL><INFO> processCaptureRequest: 7341: STREAM INFO 0: type 3, wxh: 2688 x 1512, pp_mask: 0x0, Format:0 is_type: 0 sync_type 0
08-03 01:45:43.735   681   988 I QCamera : <HAL><INFO> processCaptureRequest: 7341: STREAM INFO 0: type 11, wxh: 640 x 360, pp_mask: 0x100068e, Format:0 is_type: 0 sync_type 0
08-03 01:45:43.735   721  3820 V AudioFlinger: acquireWakeLock_l() AudioIn_36 status 0
08-03 01:45:43.735   721  3820 D AudioFlinger: updateWakeLockUids_l AudioIn_36 uids:10054 
08-03 01:45:43.735   721  3820 V AudioFlinger: updateWakeLockUids_l() AudioIn_36 status 0
08-03 01:45:43.735   721  3820 V AudioFlinger: processConfigEvents_l() remaining events 1
08-03 01:45:43.735   721  3820 V AudioFlinger: sendConfigEvent_l() num events 1 event 0
08-03 01:45:43.735   721  3820 V AudioFlinger: processConfigEvents_l() remaining events 1
08-03 01:45:43.736   721  3820 V AudioFlinger: processConfigEvents_l() DONE thread 0x721bbd3100
08-03 01:45:43.737   721  3811 V APM::AudioInputDescriptor: updateClientRecordingConfiguration riid 143 uid 10054 port 22 session 145 event 2
08-03 01:45:43.738   721  3811 D AudioPolicyManagerCustom: startInput input 54 source = 1 exit
08-03 01:45:43.738   721  1461 I SoundTriggerHwService::Module: onCallbackEvent no clients
08-03 01:45:43.739   721  3811 V AudioFlinger: sendConfigEvent_l() num events 1 event 0
08-03 01:45:43.739   721  3820 V AudioFlinger: processConfigEvents_l() remaining events 1
08-03 01:45:43.739   721  3820 V AudioFlinger: processConfigEvents_l() DONE thread 0x721bbd3100
08-03 01:45:43.740   721  1610 V AudioFlinger: setPreferredMicrophoneDirection(0)
08-03 01:45:43.741   721  1610 V AudioFlinger: setPreferredMicrophoneFieldDimension(0.000000)
08-03 01:45:43.742  3597  3597 D SnapCam_CaptureModule: StartRecordingVideo done. Time=724ms
08-03 01:45:43.742   677  3853 D hardware_info: hw_info_append_hw_type : device_name = handset-stereo-dmic-ef
08-03 01:45:43.742   677  3853 I sound_trigger_platform: platform_stdev_check_and_update_concurrency: Received DEVICE event, event type 1
08-03 01:45:43.742   677  3853 D sound_trigger_platform: platform_stdev_check_and_update_concurrency: dedicated path 0, reset backend 1, tx 1, rx 0,concurrency session not allowed
08-03 01:45:43.747   721  1129 V AudioFlinger: onIdleMixer
08-03 01:45:43.749   677  3853 I sound_trigger_platform: platform_stdev_check_and_update_concurrency: Received STREAM event, event type 13, usecase type 1
08-03 01:45:43.749   677  3853 D sound_trigger_platform: platform_stdev_check_and_update_concurrency: dedicated path 0, reset backend 1, tx 1, rx 0,concurrency session not allowed
08-03 01:45:43.752   677  3853 D         : Failed to fetch the lookup information of the device 00000022 
08-03 01:45:43.752   677  3853 D         : Failed to fetch the lookup information of the device 00000022 
08-03 01:45:43.752   677  3853 D         : Failed to fetch the lookup information of the device 00000022 
08-03 01:45:43.756     0     0 E         : send_afe_cal_type cal_block not found!!
08-03 01:45:43.757     0     0 E         : msm_csid_irq CSID0_IRQ_STATUS_ADDR = 0x20000aff
08-03 01:45:43.763     0     0 E qcom-lpi-pinctrl 15070000.lpi_pinctrl: lpi_pinctrl_runtime_resume: unable to get core clk handle -2
08-03 01:45:43.767   721  1129 V AudioFlinger: onIdleMixer
08-03 01:45:43.787   721  1129 V AudioFlinger: onIdleMixer
08-03 01:45:43.803  1069  3819 I chatty  : uid=1013(media) /system/bin/mediaserver expire 792 lines
08-03 01:45:43.807   721  1129 V AudioFlinger: onIdleMixer
08-03 01:45:43.808  3597  3697 V AudioTrack: stop(20): prior state:STATE_ACTIVE
08-03 01:45:43.827   721  1129 V AudioFlinger: onIdleMixer
08-03 01:45:43.847   721  1129 V AudioFlinger: onIdleMixer
08-03 01:45:43.850   721  1118 V AudioFlinger: removeTracks_l(61): removing track on session 137
08-03 01:45:43.850   721  1118 D AudioFlinger: updateWakeLockUids_l AudioOut_D uids:
08-03 01:45:43.850   721  1118 V AudioFlinger: updateWakeLockUids_l() AudioOut_D status 0
08-03 01:45:43.850   721  1118 V AudioFlinger: onIdleMixer
08-03 01:45:43.857     0     0 E qcom-lpi-pinctrl 15070000.lpi_pinctrl: lpi_pinctrl_runtime_suspend: unable to get core clk handle -2
08-03 01:45:43.861   721  1118 V AudioFlinger: onIdleMixer
08-03 01:45:43.867   721  1118 V AudioFlinger: onIdleMixer
08-03 01:45:43.868   721  1129 V AudioFlinger: onIdleMixer
08-03 01:45:43.869  1069  3854 I chatty  : uid=1013(media) /system/bin/mediaserver expire 230 lines
08-03 01:45:43.877   721  1118 V AudioFlinger: onIdleMixer
08-03 01:45:43.887   721  1118 V AudioFlinger: onIdleMixer
08-03 01:45:43.888   721  1129 V AudioFlinger: onIdleMixer
08-03 01:45:43.897   721  1118 V AudioFlinger: onIdleMixer
08-03 01:45:43.908   721  1118 V AudioFlinger: onIdleMixer
08-03 01:45:43.908   721  1129 V AudioFlinger: onIdleMixer
08-03 01:45:43.910   681  3858 I QCamera : <HAL><INFO> streamCbRoutine: 1046: [KPI Perf] : PROFILE_FIRST_PREVIEW_FRAME camera id 0
08-03 01:45:43.910   681  3859 I QCamera : <HAL><INFO> streamCbRoutine: 1050: [KPI Perf] : PROFILE_FIRST_VIDEO_FRAME camera id 0 
08-03 01:45:43.915  1085  3572 V GraphicBufferSource: onFrameAvailable: executing=1 available=0+0
08-03 01:45:43.915  1085  3572 V GraphicBufferSource: acquireBuffer_l: setting buffer slot 0
08-03 01:45:43.915  1085  3572 V GraphicBufferSource: fillCodecBuffer_l: getting available buffer, available=1+0
08-03 01:45:43.915  1085  3572 V GraphicBufferSource: submitBuffer_l [slot=0, bufferId=1]
08-03 01:45:43.915  1085  3572 D GraphicBufferSource: got buffer with new dataSpace #104
08-03 01:45:43.915  1085  3818 D OMXNodeInstance: Codec resolved it to (R:2(??), P:1(??), M:1(??), T:3(??)) err=0(NO_ERROR)
08-03 01:45:43.916  1085  3572 V GraphicBufferSource: emptyGraphicBuffer succeeded, bufferId=1@0 bufhandle=0xeb45dd80
08-03 01:45:43.916  1085  3572 V GraphicBufferSource: buffer submitted [slot=0, useCount=3] acquired=1
08-03 01:45:43.918   721  1118 V AudioFlinger: onIdleMixer
08-03 01:45:43.927   721  1118 V AudioFlinger: onIdleMixer
08-03 01:45:43.929   721  1129 V AudioFlinger: onIdleMixer
08-03 01:45:43.936  1069  3850 I chatty  : uid=1013(media) /system/bin/mediaserver expire 217 lines
08-03 01:45:43.937   721  1118 V AudioFlinger: onIdleMixer
08-03 01:45:43.947   721  1118 V AudioFlinger: onIdleMixer
08-03 01:45:43.949   721  1129 V AudioFlinger: onIdleMixer
08-03 01:45:43.950  1085  2142 V GraphicBufferSource: onFrameAvailable: executing=1 available=0+0
08-03 01:45:43.950  1085  2142 V GraphicBufferSource: acquireBuffer_l: setting buffer slot 1
08-03 01:45:43.950  1085  2142 V GraphicBufferSource: fillCodecBuffer_l: getting available buffer, available=1+0
08-03 01:45:43.950  1085  2142 V GraphicBufferSource: submitBuffer_l [slot=1, bufferId=2]
08-03 01:45:43.950  1085  2142 V GraphicBufferSource: emptyGraphicBuffer succeeded, bufferId=2@1 bufhandle=0xeadf0000
08-03 01:45:43.950  1085  2142 V GraphicBufferSource: buffer submitted [slot=1, useCount=3] acquired=2
08-03 01:45:43.951  1085  3818 V GraphicBufferSource: onInputBufferEmptied: bufferId=1@0 [slot=0, useCount=1, handle=0xeb45dd80] acquired=2
08-03 01:45:43.957   721  1118 V AudioFlinger: onIdleMixer
08-03 01:45:43.967   721  1118 V AudioFlinger: onIdleMixer
08-03 01:45:43.970   721  1129 V AudioFlinger: onIdleMixer
08-03 01:45:43.977   721  1118 V AudioFlinger: onIdleMixer
08-03 01:45:43.981  1085  3818 V GraphicBufferSource: onInputBufferEmptied: bufferId=2@0 [slot=1, useCount=1, handle=0xeadf0000] acquired=1
08-03 01:45:43.986  1085  2142 V GraphicBufferSource: onFrameAvailable: executing=1 available=0+0
08-03 01:45:43.986  1085  2142 V GraphicBufferSource: acquireBuffer_l: setting buffer slot 2
08-03 01:45:43.986  1085  2142 V GraphicBufferSource: fillCodecBuffer_l: getting available buffer, available=1+0
08-03 01:45:43.986  1085  2142 V GraphicBufferSource: submitBuffer_l [slot=2, bufferId=3]
08-03 01:45:43.986  1085  2142 V GraphicBufferSource: emptyGraphicBuffer succeeded, bufferId=3@0 bufhandle=0xeadf0080
08-03 01:45:43.986  1085  2142 V GraphicBufferSource: buffer submitted [slot=2, useCount=3] acquired=1
08-03 01:45:43.987   721  1118 V AudioFlinger: onIdleMixer
08-03 01:45:43.991   721  1129 V AudioFlinger: onIdleMixer
08-03 01:45:43.997   721  1118 V AudioFlinger: onIdleMixer
08-03 01:45:44.007   721  1118 V AudioFlinger: onIdleMixer
08-03 01:45:44.011   721  1129 V AudioFlinger: onIdleMixer
08-03 01:45:44.016     0     0 I KPI     : Bootloader start count = 86775
08-03 01:45:44.016     0     0 I KPI     : Bootloader end count = 130604
08-03 01:45:44.016     0     0 I KPI     : Bootloader load kernel count = 1315332410
08-03 01:45:44.016     0     0 I KPI     : Kernel MPM timestamp = 6924480
08-03 01:45:44.016     0     0 I KPI     : Kernel MPM Clock frequency = 32768
08-03 01:45:44.017  1085  2142 V GraphicBufferSource: onFrameAvailable: executing=1 available=0+0
08-03 01:45:44.017  1085  2142 V GraphicBufferSource: acquireBuffer_l: setting buffer slot 3
08-03 01:45:44.017  1085  2142 V GraphicBufferSource: fillCodecBuffer_l: getting available buffer, available=1+0
08-03 01:45:44.017  1085  2142 V GraphicBufferSource: submitBuffer_l [slot=3, bufferId=4]
08-03 01:45:44.017   721  1118 V AudioFlinger: onIdleMixer
08-03 01:45:44.017  1085  2142 V GraphicBufferSource: emptyGraphicBuffer succeeded, bufferId=4@1 bufhandle=0xeadf0100
08-03 01:45:44.017  1085  2142 V GraphicBufferSource: buffer submitted [slot=3, useCount=3] acquired=2
08-03 01:45:44.021  1085  3818 V GraphicBufferSource: onInputBufferEmptied: bufferId=3@0 [slot=2, useCount=1, handle=0xeadf0080] acquired=2
08-03 01:45:44.027   721  1118 V AudioFlinger: onIdleMixer
08-03 01:45:44.031   721  1129 V AudioFlinger: onIdleMixer
08-03 01:45:44.037   721  1118 V AudioFlinger: onIdleMixer
08-03 01:45:44.047   721  1118 V AudioFlinger: onIdleMixer
08-03 01:45:44.048  1085  3818 V GraphicBufferSource: onInputBufferEmptied: bufferId=4@0 [slot=3, useCount=1, handle=0xeadf0100] acquired=1
08-03 01:45:44.050  1085  2142 V GraphicBufferSource: onFrameAvailable: executing=1 available=0+0
08-03 01:45:44.050  1085  2142 V GraphicBufferSource: acquireBuffer_l: setting buffer slot 4
08-03 01:45:44.050  1085  2142 V GraphicBufferSource: fillCodecBuffer_l: getting available buffer, available=1+0
08-03 01:45:44.050  1085  2142 V GraphicBufferSource: submitBuffer_l [slot=4, bufferId=5]
08-03 01:45:44.050  1085  2142 V GraphicBufferSource: emptyGraphicBuffer succeeded, bufferId=5@0 bufhandle=0xeadf0180
08-03 01:45:44.050  1085  2142 V GraphicBufferSource: buffer submitted [slot=4, useCount=3] acquired=1
08-03 01:45:44.051   721  1129 V AudioFlinger: onIdleMixer
08-03 01:45:44.057   721  1118 V AudioFlinger: onIdleMixer
08-03 01:45:44.067   721  1118 V AudioFlinger: onIdleMixer
08-03 01:45:44.073   721  1129 V AudioFlinger: onIdleMixer
08-03 01:45:44.077   721  1118 V AudioFlinger: onIdleMixer
08-03 01:45:44.086  1085  2142 V GraphicBufferSource: onFrameAvailable: executing=1 available=0+0
08-03 01:45:44.086  1085  2142 V GraphicBufferSource: acquireBuffer_l: setting buffer slot 5
08-03 01:45:44.086  1085  2142 V GraphicBufferSource: fillCodecBuffer_l: getting available buffer, available=1+0
08-03 01:45:44.086  1085  2142 V GraphicBufferSource: submitBuffer_l [slot=5, bufferId=6]
08-03 01:45:44.087   721  1118 V AudioFlinger: onIdleMixer
08-03 01:45:44.087  1085  2142 V GraphicBufferSource: emptyGraphicBuffer succeeded, bufferId=6@1 bufhandle=0xeadf0200
08-03 01:45:44.087  1085  2142 V GraphicBufferSource: buffer submitted [slot=5, useCount=3] acquired=2
08-03 01:45:44.093   721  1129 V AudioFlinger: onIdleMixer
08-03 01:45:44.097   721  1118 V AudioFlinger: onIdleMixer
08-03 01:45:44.106  1085  3818 V GraphicBufferSource: onInputBufferEmptied: bufferId=5@0 [slot=4, useCount=1, handle=0xeadf0180] acquired=2
08-03 01:45:44.107   721  1118 V AudioFlinger: onIdleMixer
08-03 01:45:44.114   721  1129 V AudioFlinger: onIdleMixer
08-03 01:45:44.117  1085  3548 V GraphicBufferSource: onFrameAvailable: executing=1 available=0+0
08-03 01:45:44.117  1085  3548 V GraphicBufferSource: acquireBuffer_l: setting buffer slot 6
08-03 01:45:44.117  1085  3548 V GraphicBufferSource: fillCodecBuffer_l: getting available buffer, available=1+0
08-03 01:45:44.117  1085  3548 V GraphicBufferSource: submitBuffer_l [slot=6, bufferId=7]
08-03 01:45:44.117  1085  3548 V GraphicBufferSource: emptyGraphicBuffer succeeded, bufferId=7@1 bufhandle=0xeb45de00
08-03 01:45:44.117  1085  3548 V GraphicBufferSource: buffer submitted [slot=6, useCount=3] acquired=2
08-03 01:45:44.118   721  1118 V AudioFlinger: onIdleMixer
08-03 01:45:44.126   721  1118 V AudioFlinger: onIdleMixer
08-03 01:45:44.134   721  1129 V AudioFlinger: onIdleMixer
08-03 01:45:44.138   721  1118 V AudioFlinger: onIdleMixer
08-03 01:45:44.147   721  1118 V AudioFlinger: onIdleMixer
08-03 01:45:44.150  1085  3548 V GraphicBufferSource: onFrameAvailable: executing=1 available=0+0
08-03 01:45:44.150  1085  3548 V GraphicBufferSource: fillCodecBuffer_l: getting available buffer, available=1+0
08-03 01:45:44.150  1085  3548 V GraphicBufferSource: submitBuffer_l [slot=0, bufferId=8]
08-03 01:45:44.150  1085  3548 V GraphicBufferSource: emptyGraphicBuffer succeeded, bufferId=8@2 bufhandle=0xeb45dd80
08-03 01:45:44.150  1085  3548 V GraphicBufferSource: buffer submitted [slot=0, useCount=3] acquired=3
08-03 01:45:44.155   721  1129 V AudioFlinger: onIdleMixer
08-03 01:45:44.156  1085  3818 V GraphicBufferSource: onInputBufferEmptied: bufferId=6@0 [slot=5, useCount=1, handle=0xeadf0200] acquired=3
08-03 01:45:44.157   721  1118 V AudioFlinger: onIdleMixer
08-03 01:45:44.167   721  1118 V AudioFlinger: onIdleMixer
08-03 01:45:44.175   721  1129 V AudioFlinger: onIdleMixer
08-03 01:45:44.177   721  1118 V AudioFlinger: onIdleMixer
08-03 01:45:44.187   721  1118 V AudioFlinger: onIdleMixer
08-03 01:45:44.188  1085  3548 V GraphicBufferSource: onFrameAvailable: executing=1 available=0+0
