05-07 03:24:38.514   940   940 I MediaCodecsXmlParser: limit: performance-point-3840x2160-range = 30-30
05-07 03:24:38.514   940   940 I MediaCodecsXmlParser: limit: size-range = 64x64-1920x1088
05-07 03:24:38.514   940   940 I MediaCodecsXmlParser: limit: alignment = 2x2
05-07 03:24:38.514   940   940 I MediaCodecsXmlParser: limit: block-size = 16x16
05-07 03:24:38.514   940   940 I MediaCodecsXmlParser: limit: blocks-per-second-range = 1-244800
05-07 03:24:38.514   940   940 I MediaCodecsXmlParser: limit: bitrate-range = 1-40000000
05-07 03:24:38.514   940   940 I MediaCodecsXmlParser: limit: feature-adaptive-playback = 0
05-07 03:24:38.514   940   940 I MediaCodecsXmlParser: limit: max-concurrent-instances = 16
05-07 03:24:38.514   940   940 I MediaCodecsXmlParser: limit: performance-point-1920x1088-range = 30-30
05-07 03:24:38.514   940   940 I MediaCodecsXmlParser: limit: size-range = 64x64-1920x1088
05-07 03:24:38.514   940   940 I MediaCodecsXmlParser: limit: alignment = 2x2
05-07 03:24:38.514   940   940 I MediaCodecsXmlParser: limit: block-size = 16x16
05-07 03:24:38.514   940   940 I MediaCodecsXmlParser: limit: blocks-per-second-range = 1-244800
05-07 03:24:38.514   940   940 I MediaCodecsXmlParser: limit: bitrate-range = 1-20000000
05-07 03:24:38.514   940   940 I MediaCodecsXmlParser: limit: feature-adaptive-playback = 0
05-07 03:24:38.514   940   940 I MediaCodecsXmlParser: limit: feature-secure-playback = 1
05-07 03:24:38.514   940   940 I MediaCodecsXmlParser: limit: max-concurrent-instances = 6
05-07 03:24:38.514   940   940 I MediaCodecsXmlParser: limit: performance-point-1920x1088-range = 30-30
05-07 03:24:38.514   940   940 I MediaCodecsXmlParser: limit: size-range = 64x64-1920x1088
05-07 03:24:38.514   940   940 I MediaCodecsXmlParser: limit: alignment = 2x2
05-07 03:24:38.514   940   940 I MediaCodecsXmlParser: limit: block-size = 16x16
05-07 03:24:38.514   940   940 I MediaCodecsXmlParser: limit: blocks-per-second-range = 1-489600
05-07 03:24:38.514   940   940 I MediaCodecsXmlParser: limit: bitrate-range = 1-60000000
05-07 03:24:38.514   940   940 I MediaCodecsXmlParser: limit: feature-adaptive-playback = 0
05-07 03:24:38.514   940   940 I MediaCodecsXmlParser: limit: max-concurrent-instances = 16
05-07 03:24:38.515   940   940 I MediaCodecsXmlParser: limit: performance-point-1920x1088-range = 60-60
05-07 03:24:38.515   940   940 I MediaCodecsXmlParser: limit: size-range = 64x64-864x480
05-07 03:24:38.515   940   940 I MediaCodecsXmlParser: limit: alignment = 2x2
05-07 03:24:38.515   940   940 I MediaCodecsXmlParser: limit: block-size = 16x16
05-07 03:24:38.515   940   940 I MediaCodecsXmlParser: limit: blocks-per-second-range = 1-48600
05-07 03:24:38.515   940   940 I MediaCodecsXmlParser: limit: bitrate-range = 1-2000000
05-07 03:24:38.515   940   940 I MediaCodecsXmlParser: limit: feature-adaptive-playback = 0
05-07 03:24:38.515   940   940 I MediaCodecsXmlParser: limit: max-concurrent-instances = 16
05-07 03:24:38.515   940   940 I MediaCodecsXmlParser: limit: performance-point-720x480-range = 30-30
05-07 03:24:38.515   940   940 I MediaCodecsXmlParser: limit: size-range = 64x64-1920x1088
05-07 03:24:38.515   940   940 I MediaCodecsXmlParser: limit: alignment = 2x2
05-07 03:24:38.515   940   940 I MediaCodecsXmlParser: limit: block-size = 16x16
05-07 03:24:38.515   940   940 I MediaCodecsXmlParser: limit: blocks-per-second-range = 1-489600
05-07 03:24:38.515   940   940 I MediaCodecsXmlParser: limit: bitrate-range = 1-60000000
05-07 03:24:38.515   940   940 I MediaCodecsXmlParser: limit: feature-adaptive-playback = 0
05-07 03:24:38.515   940   940 I MediaCodecsXmlParser: limit: max-concurrent-instances = 16
05-07 03:24:38.515   940   940 I MediaCodecsXmlParser: limit: performance-point-1920x1088-range = 30-30
05-07 03:24:38.515   940   940 I MediaCodecsXmlParser: limit: size-range = 64x64-1920x1088
05-07 03:24:38.515   940   940 I MediaCodecsXmlParser: limit: alignment = 2x2
05-07 03:24:38.515   940   940 I MediaCodecsXmlParser: limit: block-size = 16x16
05-07 03:24:38.515   940   940 I MediaCodecsXmlParser: limit: blocks-per-second-range = 1-489600
05-07 03:24:38.515   940   940 I MediaCodecsXmlParser: limit: bitrate-range = 1-20000000
05-07 03:24:38.515   940   940 I MediaCodecsXmlParser: limit: feature-adaptive-playback = 0
05-07 03:24:38.515   940   940 I MediaCodecsXmlParser: limit: feature-secure-playback = 1
05-07 03:24:38.515   940   940 I MediaCodecsXmlParser: limit: max-concurrent-instances = 7
05-07 03:24:38.515   940   940 I MediaCodecsXmlParser: limit: performance-point-1920x1088-range = 30-30
05-07 03:24:38.515   940   940 I MediaCodecsXmlParser: limit: size-range = 64x64-1920x1088
05-07 03:24:38.515   940   940 I MediaCodecsXmlParser: limit: alignment = 2x2
05-07 03:24:38.515   940   940 I MediaCodecsXmlParser: limit: block-size = 16x16
05-07 03:24:38.515   940   940 I MediaCodecsXmlParser: limit: blocks-per-second-range = 1-244800
05-07 03:24:38.515   940   940 I MediaCodecsXmlParser: limit: bitrate-range = 1-10000000
05-07 03:24:38.515   940   940 I MediaCodecsXmlParser: limit: feature-adaptive-playback = 0
05-07 03:24:38.515   940   940 I MediaCodecsXmlParser: limit: max-concurrent-instances = 16
05-07 03:24:38.515   940   940 I MediaCodecsXmlParser: limit: performance-point-1920x1088-range = 30-30
05-07 03:24:38.515   940   940 I MediaCodecsXmlParser: limit: size-range = 64x64-720x480
05-07 03:24:38.515   940   940 I MediaCodecsXmlParser: limit: alignment = 2x2
05-07 03:24:38.515   940   940 I MediaCodecsXmlParser: limit: block-size = 16x16
05-07 03:24:38.515   940   940 I MediaCodecsXmlParser: limit: blocks-per-second-range = 1-40500
05-07 03:24:38.515   940   940 I MediaCodecsXmlParser: limit: bitrate-range = 1-2000000
05-07 03:24:38.515   940   940 I MediaCodecsXmlParser: limit: feature-adaptive-playback = 0
05-07 03:24:38.515   940   940 I MediaCodecsXmlParser: limit: max-concurrent-instances = 16
05-07 03:24:38.515   940   940 I MediaCodecsXmlParser: limit: performance-point-720x480-range = 30-30
05-07 03:24:38.515   940   940 I MediaCodecsXmlParser: limit: size-range = 64x64-1920x1088
05-07 03:24:38.515   940   940 I MediaCodecsXmlParser: limit: alignment = 2x2
05-07 03:24:38.515   940   940 I MediaCodecsXmlParser: limit: block-size = 16x16
05-07 03:24:38.515   940   940 I MediaCodecsXmlParser: limit: blocks-per-second-range = 1-244800
05-07 03:24:38.515   940   940 I MediaCodecsXmlParser: limit: bitrate-range = 1-10000000
05-07 03:24:38.515   940   940 I MediaCodecsXmlParser: limit: feature-adaptive-playback = 0
05-07 03:24:38.515   940   940 I MediaCodecsXmlParser: limit: max-concurrent-instances = 16
05-07 03:24:38.515   940   940 I MediaCodecsXmlParser: limit: performance-point-1920x1088-range = 30-30
05-07 03:24:38.515   940   940 I MediaCodecsXmlParser: limit: size-range = 64x64-3840x2160
05-07 03:24:38.516   940   940 I MediaCodecsXmlParser: limit: alignment = 2x2
05-07 03:24:38.516   940   940 I MediaCodecsXmlParser: limit: block-size = 16x16
05-07 03:24:38.516   940   940 I MediaCodecsXmlParser: limit: blocks-per-second-range = 1-972000
05-07 03:24:38.516   940   940 I MediaCodecsXmlParser: limit: bitrate-range = 1-100000000
05-07 03:24:38.516   940   940 I MediaCodecsXmlParser: limit: feature-adaptive-playback = 0
05-07 03:24:38.516   940   940 I MediaCodecsXmlParser: limit: max-concurrent-instances = 16
05-07 03:24:38.516   940   940 I MediaCodecsXmlParser: limit: performance-point-3840x2160-range = 30-30
05-07 03:24:38.516   940   940 I MediaCodecsXmlParser: limit: size-range = 64x64-3840x2160
05-07 03:24:38.516   940   940 I MediaCodecsXmlParser: limit: alignment = 2x2
05-07 03:24:38.516   940   940 I MediaCodecsXmlParser: limit: block-size = 16x16
05-07 03:24:38.516   940   940 I MediaCodecsXmlParser: limit: blocks-per-second-range = 1-972000
05-07 03:24:38.516   940   940 I MediaCodecsXmlParser: limit: bitrate-range = 1-100000000
05-07 03:24:38.516   940   940 I MediaCodecsXmlParser: limit: feature-adaptive-playback = 0
05-07 03:24:38.516   940   940 I MediaCodecsXmlParser: limit: max-concurrent-instances = 16
05-07 03:24:38.516   940   940 I MediaCodecsXmlParser: limit: performance-point-3840x2160-range = 30-30
05-07 03:24:38.516   940   940 I MediaCodecsXmlParser: limit: size-range = 64x64-3840x2160
05-07 03:24:38.516   940   940 I MediaCodecsXmlParser: limit: alignment = 2x2
05-07 03:24:38.516   940   940 I MediaCodecsXmlParser: limit: block-size = 16x16
05-07 03:24:38.516   940   940 I MediaCodecsXmlParser: limit: blocks-per-second-range = 1-979200
05-07 03:24:38.516   940   940 I MediaCodecsXmlParser: limit: bitrate-range = 1-35000000
05-07 03:24:38.516   940   940 I MediaCodecsXmlParser: limit: frame-rate-range = 1-30
05-07 03:24:38.516   940   940 I MediaCodecsXmlParser: limit: feature-adaptive-playback = 0
05-07 03:24:38.516   940   940 I MediaCodecsXmlParser: limit: feature-secure-playback = 1
05-07 03:24:38.516   940   940 I MediaCodecsXmlParser: limit: max-concurrent-instances = 6
05-07 03:24:38.516   940   940 I MediaCodecsXmlParser: limit: performance-point-3840x2160-range = 30-30
05-07 03:24:38.516   940   940 I MediaCodecsXmlParser: limit: size-range = 64x64-3840x2160
05-07 03:24:38.516   940   940 I MediaCodecsXmlParser: limit: alignment = 2x2
05-07 03:24:38.516   940   940 I MediaCodecsXmlParser: limit: block-size = 16x16
05-07 03:24:38.516   940   940 I MediaCodecsXmlParser: limit: blocks-per-second-range = 1-972000
05-07 03:24:38.516   940   940 I MediaCodecsXmlParser: limit: bitrate-range = 1-100000000
05-07 03:24:38.516   940   940 I MediaCodecsXmlParser: limit: feature-adaptive-playback = 0
05-07 03:24:38.516   940   940 I MediaCodecsXmlParser: limit: max-concurrent-instances = 16
05-07 03:24:38.516   940   940 I MediaCodecsXmlParser: limit: performance-point-3840x2160-range = 30-30
05-07 03:24:38.516   940   940 I MediaCodecsXmlParser: limit: size-range = 64x64-3840x2160
05-07 03:24:38.516   940   940 I MediaCodecsXmlParser: limit: alignment = 2x2
05-07 03:24:38.516   940   940 I MediaCodecsXmlParser: limit: block-size = 16x16
05-07 03:24:38.516   940   940 I MediaCodecsXmlParser: limit: blocks-per-second-range = 1-972000
05-07 03:24:38.516   940   940 I MediaCodecsXmlParser: limit: bitrate-range = 1-35000000
05-07 03:24:38.516   940   940 I MediaCodecsXmlParser: limit: feature-adaptive-playback = 0
05-07 03:24:38.516   940   940 I MediaCodecsXmlParser: limit: feature-secure-playback = 1
05-07 03:24:38.516   940   940 I MediaCodecsXmlParser: limit: max-concurrent-instances = 6
05-07 03:24:38.516   940   940 I MediaCodecsXmlParser: limit: performance-point-3840x2160-range = 30-30
05-07 03:24:38.516   940   940 D MediaCodecsXmlParser: parsing /vendor/etc/media_codecs_google_video.xml...
05-07 03:24:38.524   931   931 I mediaserver: ServiceManager: 0xf3d232a0
05-07 03:24:38.524   931   931 W BatteryNotifier: batterystats service unavailable!
05-07 03:24:38.524   931   931 W BatteryNotifier: batterystats service unavailable!
05-07 03:24:38.527   940   940 I MediaCodecsXmlParser: limit: size-range = 2x2-352x288
--------- beginning of radio
05-07 03:24:38.527   944   944 D RILD    : **RIL Daemon Started**
05-07 03:24:38.527   940   940 I MediaCodecsXmlParser: limit: alignment = 2x2
05-07 03:24:38.527   940   940 I MediaCodecsXmlParser: limit: block-size = 16x16
05-07 03:24:38.527   940   940 I MediaCodecsXmlParser: limit: blocks-per-second-range = 12-11880
05-07 03:24:38.527   944   944 D RILD    : **RILd param count=3**
05-07 03:24:38.527   940   940 I MediaCodecsXmlParser: limit: bitrate-range = 1-384000
05-07 03:24:38.527   940   940 I MediaCodecsXmlParser: limit: feature-adaptive-playback = 0
05-07 03:24:38.527   940   940 I MediaCodecsXmlParser: limit: size-range = 2x2-352x288
05-07 03:24:38.527   940   940 I MediaCodecsXmlParser: limit: alignment = 2x2
05-07 03:24:38.527   940   940 I MediaCodecsXmlParser: limit: bitrate-range = 1-384000
05-07 03:24:38.527   940   940 I MediaCodecsXmlParser: limit: feature-adaptive-playback = 0
05-07 03:24:38.527   940   940 I MediaCodecsXmlParser: limit: size-range = 2x2-4080x4080
05-07 03:24:38.527   940   940 I MediaCodecsXmlParser: limit: alignment = 2x2
05-07 03:24:38.527   940   940 I MediaCodecsXmlParser: limit: block-size = 16x16
05-07 03:24:38.527   940   940 I MediaCodecsXmlParser: limit: block-count-range = 1-32768
05-07 03:24:38.527   940   940 I MediaCodecsXmlParser: limit: blocks-per-second-range = 1-1966080
05-07 03:24:38.527   940   940 I MediaCodecsXmlParser: limit: bitrate-range = 1-48000000
05-07 03:24:38.527   940   940 I MediaCodecsXmlParser: limit: feature-adaptive-playback = 0
05-07 03:24:38.527   940   940 I MediaCodecsXmlParser: limit: size-range = 2x2-4096x4096
05-07 03:24:38.527   940   940 I MediaCodecsXmlParser: limit: alignment = 2x2
05-07 03:24:38.527   940   940 I MediaCodecsXmlParser: limit: block-size = 8x8
05-07 03:24:38.527   940   940 I MediaCodecsXmlParser: limit: block-count-range = 1-196608
05-07 03:24:38.527   940   940 I MediaCodecsXmlParser: limit: blocks-per-second-range = 1-2000000
05-07 03:24:38.527   940   940 I MediaCodecsXmlParser: limit: bitrate-range = 1-10000000
05-07 03:24:38.527   940   940 I MediaCodecsXmlParser: limit: feature-adaptive-playback = 0
05-07 03:24:38.527   940   940 I MediaCodecsXmlParser: limit: size-range = 2x2-2048x2048
05-07 03:24:38.527   940   940 I MediaCodecsXmlParser: limit: alignment = 2x2
05-07 03:24:38.527   940   940 I MediaCodecsXmlParser: limit: block-size = 16x16
05-07 03:24:38.527   940   940 I MediaCodecsXmlParser: limit: block-count-range = 1-16384
05-07 03:24:38.527   940   940 I MediaCodecsXmlParser: limit: blocks-per-second-range = 1-1000000
05-07 03:24:38.527   940   940 I MediaCodecsXmlParser: limit: bitrate-range = 1-40000000
05-07 03:24:38.527   940   940 I MediaCodecsXmlParser: limit: feature-adaptive-playback = 0
05-07 03:24:38.528   940   940 I MediaCodecsXmlParser: limit: size-range = 2x2-2048x2048
05-07 03:24:38.528   940   940 I MediaCodecsXmlParser: limit: alignment = 2x2
05-07 03:24:38.528   940   940 I MediaCodecsXmlParser: limit: block-size = 16x16
05-07 03:24:38.528   940   940 I MediaCodecsXmlParser: limit: block-count-range = 1-16384
05-07 03:24:38.528   940   940 I MediaCodecsXmlParser: limit: blocks-per-second-range = 1-500000
05-07 03:24:38.528   940   940 I MediaCodecsXmlParser: limit: bitrate-range = 1-40000000
05-07 03:24:38.528   940   940 I MediaCodecsXmlParser: limit: feature-adaptive-playback = 0
05-07 03:24:38.528   940   940 I MediaCodecsXmlParser: limit: size-range = 176x144-176x144
05-07 03:24:38.528   940   940 I MediaCodecsXmlParser: limit: alignment = 16x16
05-07 03:24:38.528   940   940 I MediaCodecsXmlParser: limit: bitrate-range = 1-128000
05-07 03:24:38.528   940   940 I MediaCodecsXmlParser: limit: size-range = 16x16-2048x2048
05-07 03:24:38.528   940   940 I MediaCodecsXmlParser: limit: alignment = 2x2
05-07 03:24:38.528   940   940 I MediaCodecsXmlParser: limit: block-size = 16x16
05-07 03:24:38.528   940   940 I MediaCodecsXmlParser: limit: block-count-range = 1-8192
05-07 03:24:38.528   940   940 I MediaCodecsXmlParser: limit: blocks-per-second-range = 1-245760
05-07 03:24:38.528   940   940 I MediaCodecsXmlParser: limit: bitrate-range = 1-12000000
05-07 03:24:38.528   940   940 I MediaCodecsXmlParser: limit: feature-intra-refresh = 0
05-07 03:24:38.528   940   940 I MediaCodecsXmlParser: limit: size-range = 16x16-176x144
05-07 03:24:38.528   940   940 I MediaCodecsXmlParser: limit: alignment = 16x16
05-07 03:24:38.528   940   940 I MediaCodecsXmlParser: limit: block-size = 16x16
05-07 03:24:38.528   940   940 I MediaCodecsXmlParser: limit: blocks-per-second-range = 12-1485
05-07 03:24:38.528   940   940 I MediaCodecsXmlParser: limit: bitrate-range = 1-64000
05-07 03:24:38.528   940   940 I MediaCodecsXmlParser: limit: size-range = 2x2-2048x2048
05-07 03:24:38.528   940   940 I MediaCodecsXmlParser: limit: alignment = 2x2
05-07 03:24:38.528   940   940 I MediaCodecsXmlParser: limit: block-size = 16x16
05-07 03:24:38.528   940   940 I MediaCodecsXmlParser: limit: block-count-range = 1-16384
05-07 03:24:38.528   940   940 I MediaCodecsXmlParser: limit: bitrate-range = 1-40000000
05-07 03:24:38.528   940   940 I MediaCodecsXmlParser: limit: feature-bitrate-modes = VBR,CBR
05-07 03:24:38.528   940   940 I MediaCodecsXmlParser: limit: size-range = 2x2-2048x2048
05-07 03:24:38.528   940   940 I MediaCodecsXmlParser: limit: alignment = 2x2
05-07 03:24:38.528   940   940 I MediaCodecsXmlParser: limit: block-size = 16x16
05-07 03:24:38.528   940   940 I MediaCodecsXmlParser: limit: block-count-range = 1-3600
05-07 03:24:38.528   940   940 I MediaCodecsXmlParser: limit: bitrate-range = 1-40000000
05-07 03:24:38.528   940   940 I MediaCodecsXmlParser: limit: feature-bitrate-modes = VBR,CBR
05-07 03:24:38.528   940   940 I MediaCodecsXmlParser: getVendorXmlPath (/vendor/etc/media_codecs_performance.xml)
05-07 03:24:38.528   940   940 D MediaCodecsXmlParser: parsing /vendor/etc/media_codecs_performance.xml...
05-07 03:24:38.530   713   713 D libEGL  : loaded /vendor/lib64/egl/libGLESv1_CM_adreno.so
05-07 03:24:38.531   940   940 I MediaCodecsXmlParser: limit: measured-frame-rate-320x240-range = 388-392
05-07 03:24:38.531   940   940 I MediaCodecsXmlParser: limit: measured-frame-rate-720x480-range = 80-90
05-07 03:24:38.531   940   940 I MediaCodecsXmlParser: limit: measured-frame-rate-1280x720-range = 32-37
05-07 03:24:38.531   940   940 I MediaCodecsXmlParser: limit: measured-frame-rate-1920x1080-range = 40-40
05-07 03:24:38.531   940   940 I MediaCodecsXmlParser: limit: measured-frame-rate-320x240-range = 226-226
05-07 03:24:38.531   940   940 I MediaCodecsXmlParser: limit: measured-frame-rate-720x480-range = 121-121
05-07 03:24:38.531   940   940 I MediaCodecsXmlParser: limit: measured-frame-rate-1280x720-range = 49-49
05-07 03:24:38.531   940   940 I MediaCodecsXmlParser: limit: measured-frame-rate-1920x1080-range = 16-45
05-07 03:24:38.531   940   940 I MediaCodecsXmlParser: limit: measured-frame-rate-3840x2160-range = 13-26
05-07 03:24:38.531   940   940 I MediaCodecsXmlParser: limit: measured-frame-rate-176x144-range = 517-521
05-07 03:24:38.531   940   940 I MediaCodecsXmlParser: limit: measured-frame-rate-352x288-range = 261-261
05-07 03:24:38.531   940   940 I MediaCodecsXmlParser: limit: measured-frame-rate-176x144-range = 515-518
05-07 03:24:38.531   940   940 I MediaCodecsXmlParser: limit: measured-frame-rate-352x288-range = 263-263
05-07 03:24:38.531   940   940 I MediaCodecsXmlParser: limit: measured-frame-rate-640x480-range = 144-144
05-07 03:24:38.531   935  1023 I ServiceManager: Waiting for service 'package_native' on '/dev/binder'...
05-07 03:24:38.531   940   940 I MediaCodecsXmlParser: limit: measured-frame-rate-320x180-range = 312-312
05-07 03:24:38.531   940   940 I MediaCodecsXmlParser: limit: measured-frame-rate-640x360-range = 175-174
05-07 03:24:38.531   940   940 I MediaCodecsXmlParser: limit: measured-frame-rate-1280x720-range = 30-40
05-07 03:24:38.531   940   940 I MediaCodecsXmlParser: limit: measured-frame-rate-1920x1080-range = 20-25
05-07 03:24:38.531   940   940 I MediaCodecsXmlParser: limit: measured-frame-rate-320x240-range = 185-185
05-07 03:24:38.531   940   940 I MediaCodecsXmlParser: limit: measured-frame-rate-720x480-range = 87-87
05-07 03:24:38.531   940   940 I MediaCodecsXmlParser: limit: measured-frame-rate-1280x720-range = 45-45
05-07 03:24:38.531   940   940 I MediaCodecsXmlParser: limit: measured-frame-rate-1920x1080-range = 28-28
05-07 03:24:38.531   940   940 D MediaCodecsXmlParser: MediaCodec: cannot update non-existing codec at line 57 of /vendor/etc/media_codecs_performance.xml
05-07 03:24:38.531   940   940 I MediaCodecsXmlParser: limit: measured-frame-rate-176x144-range = 350-365
05-07 03:24:38.531   940   940 D MediaCodecsXmlParser: MediaCodec: cannot update non-existing codec at line 66 of /vendor/etc/media_codecs_performance.xml
05-07 03:24:38.531   940   940 I MediaCodecsXmlParser: limit: measured-frame-rate-176x144-range = 385-385
05-07 03:24:38.531   940   940 D MediaCodecsXmlParser: MediaCodec: cannot update non-existing codec at line 72 of /vendor/etc/media_codecs_performance.xml
05-07 03:24:38.531   940   940 D MediaCodecsXmlParser: MediaCodec: cannot update non-existing codec at line 75 of /vendor/etc/media_codecs_performance.xml
05-07 03:24:38.531   940   940 I MediaCodecsXmlParser: limit: measured-frame-rate-320x180-range = 100-120
05-07 03:24:38.531   940   940 I MediaCodecsXmlParser: limit: measured-frame-rate-640x360-range = 45-50
05-07 03:24:38.531   940   940 I MediaCodecsXmlParser: limit: measured-frame-rate-1280x720-range = 30-35
05-07 03:24:38.531   940   940 I MediaCodecsXmlParser: limit: measured-frame-rate-1920x1080-range = 20-30
05-07 03:24:38.532   940   940 I MediaCodecsXmlParser: limit: measured-frame-rate-320x180-range = 140-180
05-07 03:24:38.532   940   940 I MediaCodecsXmlParser: limit: measured-frame-rate-640x360-range = 45-60
05-07 03:24:38.532   940   940 I MediaCodecsXmlParser: limit: measured-frame-rate-1280x720-range = 12-15
05-07 03:24:38.532   940   940 D MediaCodecsXmlParser: MediaCodec: cannot update non-existing codec at line 90 of /vendor/etc/media_codecs_performance.xml
05-07 03:24:38.532   940   940 I MediaCodecsXmlParser: limit: measured-frame-rate-320x240-range = 555-566
05-07 03:24:38.532   940   940 I MediaCodecsXmlParser: limit: measured-frame-rate-720x480-range = 239-239
05-07 03:24:38.532   940   940 I MediaCodecsXmlParser: limit: measured-frame-rate-1280x720-range = 197-197
05-07 03:24:38.532   940   940 I MediaCodecsXmlParser: limit: measured-frame-rate-1920x1088-range = 198-199
05-07 03:24:38.532   940   940 I MediaCodecsXmlParser: limit: measured-frame-rate-352x288-range = 650-655
05-07 03:24:38.532   940   940 I MediaCodecsXmlParser: limit: measured-frame-rate-640x360-range = 395-398
05-07 03:24:38.532   940   940 I MediaCodecsXmlParser: limit: measured-frame-rate-720x480-range = 300-304
05-07 03:24:38.532   940   940 I MediaCodecsXmlParser: limit: measured-frame-rate-1280x720-range = 241-241
05-07 03:24:38.532   940   940 I MediaCodecsXmlParser: limit: measured-frame-rate-1920x1088-range = 224-226
05-07 03:24:38.532   940   940 I MediaCodecsXmlParser: limit: measured-frame-rate-3840x2160-range = 30-40
05-07 03:24:38.532   940   940 I MediaCodecsXmlParser: limit: measured-frame-rate-176x144-range = 890-898
05-07 03:24:38.532   940   940 I MediaCodecsXmlParser: limit: measured-frame-rate-352x288-range = 840-850
05-07 03:24:38.532   940   940 I MediaCodecsXmlParser: limit: measured-frame-rate-176x144-range = 850-875
05-07 03:24:38.532   940   940 I MediaCodecsXmlParser: limit: measured-frame-rate-480x360-range = 766-794
05-07 03:24:38.532   940   940 I MediaCodecsXmlParser: limit: measured-frame-rate-320x180-range = 680-696
05-07 03:24:38.532   940   940 I MediaCodecsXmlParser: limit: measured-frame-rate-640x360-range = 400-415
05-07 03:24:38.532   940   940 I MediaCodecsXmlParser: limit: measured-frame-rate-1280x720-range = 350-358
05-07 03:24:38.532   940   940 I MediaCodecsXmlParser: limit: measured-frame-rate-1920x1080-range = 199-199
05-07 03:24:38.532   940   940 I MediaCodecsXmlParser: limit: measured-frame-rate-320x180-range = 500-524
05-07 03:24:38.532   940   940 I MediaCodecsXmlParser: limit: measured-frame-rate-640x360-range = 360-366
05-07 03:24:38.532   940   940 I MediaCodecsXmlParser: limit: measured-frame-rate-1280x720-range = 190-210
05-07 03:24:38.532   940   940 I MediaCodecsXmlParser: limit: measured-frame-rate-1920x1080-range = 170-190
05-07 03:24:38.532   940   940 I MediaCodecsXmlParser: limit: measured-frame-rate-3840x2160-range = 48-48
05-07 03:24:38.532   940   940 I MediaCodecsXmlParser: limit: measured-frame-rate-320x240-range = 320-350
05-07 03:24:38.532   940   940 I MediaCodecsXmlParser: limit: measured-frame-rate-720x480-range = 100-130
05-07 03:24:38.532   940   940 I MediaCodecsXmlParser: limit: measured-frame-rate-1280x720-range = 50-58
05-07 03:24:38.532   940   940 I MediaCodecsXmlParser: limit: measured-frame-rate-1920x1080-range = 20-30
05-07 03:24:38.532   940   940 D MediaCodecsXmlParser: MediaCodec: cannot update non-existing codec at line 139 of /vendor/etc/media_codecs_performance.xml
05-07 03:24:38.532   940   940 I MediaCodecsXmlParser: limit: measured-frame-rate-352x288-range = 458-458
05-07 03:24:38.532   940   940 I MediaCodecsXmlParser: limit: measured-frame-rate-640x360-range = 210-215
05-07 03:24:38.532   940   940 I MediaCodecsXmlParser: limit: measured-frame-rate-720x480-range = 120-125
05-07 03:24:38.532   627   627 W zygote64: JNI RegisterNativeMethods: attempt to register 0 native methods for android.media.AudioAttributes
05-07 03:24:38.532   940   940 I MediaCodecsXmlParser: limit: measured-frame-rate-1280x720-range = 70-85
05-07 03:24:38.532   940   940 I MediaCodecsXmlParser: limit: measured-frame-rate-1920x1080-range = 45-48
05-07 03:24:38.532   940   940 D MediaCodecsXmlParser: MediaCodec: cannot update non-existing codec at line 152 of /vendor/etc/media_codecs_performance.xml
05-07 03:24:38.532   940   940 I MediaCodecsXmlParser: limit: measured-frame-rate-176x144-range = 190-210
05-07 03:24:38.532   940   940 I MediaCodecsXmlParser: limit: measured-frame-rate-352x288-range = 170-182
05-07 03:24:38.532   940   940 D MediaCodecsXmlParser: MediaCodec: cannot update non-existing codec at line 163 of /vendor/etc/media_codecs_performance.xml
05-07 03:24:38.532   940   940 I MediaCodecsXmlParser: limit: measured-frame-rate-320x240-range = 575-580
05-07 03:24:38.532   940   940 I MediaCodecsXmlParser: limit: measured-frame-rate-640x360-range = 200-220
05-07 03:24:38.532   940   940 I MediaCodecsXmlParser: limit: measured-frame-rate-1280x720-range = 45-55
05-07 03:24:38.532   940   940 I MediaCodecsXmlParser: limit: measured-frame-rate-1920x1080-range = 18-22
05-07 03:24:38.532   940   940 D MediaCodecsXmlParser: MediaCodec: cannot update non-existing codec at line 173 of /vendor/etc/media_codecs_performance.xml
05-07 03:24:38.532   940   940 I MediaCodecsXmlParser: limit: measured-frame-rate-320x240-range = 580-604
05-07 03:24:38.532   940   940 I MediaCodecsXmlParser: limit: measured-frame-rate-640x360-range = 180-185
05-07 03:24:38.532   940   940 I MediaCodecsXmlParser: limit: measured-frame-rate-1280x720-range = 88-92
05-07 03:24:38.532   940   940 I MediaCodecsXmlParser: limit: measured-frame-rate-1920x1080-range = 47-52
05-07 03:24:38.532   940   940 D MediaCodecsXmlParser: MediaCodec: cannot update non-existing codec at line 185 of /vendor/etc/media_codecs_performance.xml
05-07 03:24:38.532   940   940 I MediaCodecsXmlParser: limit: measured-frame-rate-176x144-range = 380-400
05-07 03:24:38.532   940   940 D MediaCodecsXmlParser: MediaCodec: cannot update non-existing codec at line 197 of /vendor/etc/media_codecs_performance.xml
05-07 03:24:38.532   940   940 D MediaCodecsXmlParser: Cannot find /data/misc/media/media_codecs_profiling_results.xml
05-07 03:24:38.533  1011  1011 I update_engine: [0507/032438.532865:INFO:main.cc(181)] A/B Update Engine starting
05-07 03:24:38.536   940   940 I ServiceManagement: Registered android.hardware.media.omx@1.0::IOmx/default (start delay of 409ms)
05-07 03:24:38.536   940   940 I ServiceManagement: Removing namespace from process name android.hardware.media.omx@1.0-service to omx@1.0-service.
05-07 03:24:38.536   940   940 I media.codec: IOmx HAL service created.
05-07 03:24:38.536   940   940 I MediaCodecsXmlParser: getVendorXmlPath (/vendor/etc/media_codecs_vendor.xml)
05-07 03:24:38.537   940   940 D MediaCodecsXmlParser: parsing /vendor/etc/media_codecs_vendor.xml...
05-07 03:24:38.537   940   940 D MediaCodecsXmlParser: parsing /vendor/etc/media_codecs_google_audio.xml...
05-07 03:24:38.537   940   940 I MediaCodecsXmlParser: limit: max-channel-count = 2
05-07 03:24:38.537   713   713 D libEGL  : loaded /vendor/lib64/egl/libGLESv2_adreno.so
05-07 03:24:38.537   940   940 I MediaCodecsXmlParser: limit: sample-rate-ranges = 8000,11025,12000,16000,22050,24000,32000,44100,48000
05-07 03:24:38.537   940   940 I MediaCodecsXmlParser: limit: bitrate-range = 8000-320000
05-07 03:24:38.537   940   940 I MediaCodecsXmlParser: limit: max-channel-count = 1
05-07 03:24:38.537   940   940 I MediaCodecsXmlParser: limit: sample-rate-ranges = 8000
05-07 03:24:38.537   940   940 I MediaCodecsXmlParser: limit: bitrate-range = 4750-12200
05-07 03:24:38.537   940   940 I MediaCodecsXmlParser: limit: max-channel-count = 1
05-07 03:24:38.537   940   940 I MediaCodecsXmlParser: limit: sample-rate-ranges = 16000
05-07 03:24:38.537   940   940 I MediaCodecsXmlParser: limit: bitrate-range = 6600-23850
05-07 03:24:38.537   940   940 I MediaCodecsXmlParser: limit: max-channel-count = 8
05-07 03:24:38.537   940   940 I MediaCodecsXmlParser: limit: sample-rate-ranges = 7350,8000,11025,12000,16000,22050,24000,32000,44100,48000
05-07 03:24:38.537   940   940 I MediaCodecsXmlParser: limit: bitrate-range = 8000-960000
05-07 03:24:38.537   940   940 I MediaCodecsXmlParser: limit: max-channel-count = 1
05-07 03:24:38.537   940   940 I MediaCodecsXmlParser: limit: sample-rate-ranges = 8000-48000
05-07 03:24:38.537   940   940 I MediaCodecsXmlParser: limit: bitrate-range = 64000
05-07 03:24:38.537   940   940 I MediaCodecsXmlParser: limit: max-channel-count = 1
05-07 03:24:38.537   940   940 I MediaCodecsXmlParser: limit: sample-rate-ranges = 8000-48000
05-07 03:24:38.537   940   940 I MediaCodecsXmlParser: limit: bitrate-range = 64000
05-07 03:24:38.537   940   940 I MediaCodecsXmlParser: limit: max-channel-count = 8
05-07 03:24:38.537   940   940 I MediaCodecsXmlParser: limit: sample-rate-ranges = 8000-96000
05-07 03:24:38.537   940   940 I MediaCodecsXmlParser: limit: bitrate-range = 32000-500000
05-07 03:24:38.537   940   940 I MediaCodecsXmlParser: limit: max-channel-count = 8
05-07 03:24:38.537   940   940 I MediaCodecsXmlParser: limit: sample-rate-ranges = 48000
05-07 03:24:38.537   940   940 I MediaCodecsXmlParser: limit: bitrate-range = 6000-510000
05-07 03:24:38.537   940   940 I MediaCodecsXmlParser: limit: max-channel-count = 8
05-07 03:24:38.537   940   940 I MediaCodecsXmlParser: limit: sample-rate-ranges = 8000-192000
05-07 03:24:38.537   940   940 I MediaCodecsXmlParser: limit: bitrate-range = 1-10000000
05-07 03:24:38.537   940   940 I MediaCodecsXmlParser: limit: max-channel-count = 8
05-07 03:24:38.537   940   940 I MediaCodecsXmlParser: limit: sample-rate-ranges = 1-655350
05-07 03:24:38.537   940   940 I MediaCodecsXmlParser: limit: bitrate-range = 1-21000000
05-07 03:24:38.537   940   940 I MediaCodecsXmlParser: limit: max-channel-count = 6
05-07 03:24:38.537   940   940 I MediaCodecsXmlParser: limit: sample-rate-ranges = 8000,11025,12000,16000,22050,24000,32000,44100,48000
05-07 03:24:38.537   940   940 I MediaCodecsXmlParser: limit: bitrate-range = 8000-960000
05-07 03:24:38.537   940   940 I MediaCodecsXmlParser: limit: max-channel-count = 1
05-07 03:24:38.537   940   940 I MediaCodecsXmlParser: limit: sample-rate-ranges = 8000
05-07 03:24:38.537   940   940 I MediaCodecsXmlParser: limit: bitrate-range = 4750-12200
05-07 03:24:38.537   940   940 I MediaCodecsXmlParser: limit: feature-bitrate-modes = CBR
05-07 03:24:38.537   940   940 I MediaCodecsXmlParser: limit: max-channel-count = 1
05-07 03:24:38.537   940   940 I MediaCodecsXmlParser: limit: sample-rate-ranges = 16000
05-07 03:24:38.537   940   940 I MediaCodecsXmlParser: limit: bitrate-range = 6600-23850
05-07 03:24:38.537   940   940 I MediaCodecsXmlParser: limit: feature-bitrate-modes = CBR
05-07 03:24:38.538   940   940 I MediaCodecsXmlParser: limit: max-channel-count = 2
05-07 03:24:38.538   940   940 I MediaCodecsXmlParser: limit: sample-rate-ranges = 1-655350
05-07 03:24:38.538   940   940 I MediaCodecsXmlParser: limit: bitrate-range = 1-21000000
05-07 03:24:38.538   940   940 I MediaCodecsXmlParser: limit: complexity-default = 5
05-07 03:24:38.538   940   940 I MediaCodecsXmlParser: limit: complexity-range = 0-8
05-07 03:24:38.538   940   940 I MediaCodecsXmlParser: limit: feature-bitrate-modes = CQ
05-07 03:24:38.538   940   940 D MediaCodecsXmlParser: parsing /vendor/etc/media_codecs_vendor_audio.xml...
05-07 03:24:38.538   940   940 I MediaCodecsXmlParser: limit: max-concurrent-instances = 10
05-07 03:24:38.538   940   940 D MediaCodecsXmlParser: parsing /vendor/etc/media_codecs_google_telephony.xml...
05-07 03:24:38.538   940   940 I MediaCodecsXmlParser: limit: max-channel-count = 1
05-07 03:24:38.538   940   940 I MediaCodecsXmlParser: limit: sample-rate-ranges = 8000
05-07 03:24:38.538   940   940 I MediaCodecsXmlParser: limit: bitrate-range = 13000
05-07 03:24:38.538   940   940 I MediaCodecsXmlParser: limit: size-range = 176x64-3840x2160
05-07 03:24:38.538   940   940 I MediaCodecsXmlParser: limit: alignment = 2x2
05-07 03:24:38.538   940   940 I MediaCodecsXmlParser: limit: block-size = 16x16
05-07 03:24:38.538   940   940 I MediaCodecsXmlParser: limit: blocks-per-second-range = 1-972000
05-07 03:24:38.538   940   940 I MediaCodecsXmlParser: limit: bitrate-range = 1-100000000
05-07 03:24:38.538   940   940 I MediaCodecsXmlParser: limit: max-concurrent-instances = 16
05-07 03:24:38.538   940   940 I MediaCodecsXmlParser: limit: feature-intra-refresh = 0
05-07 03:24:38.538   940   940 I MediaCodecsXmlParser: limit: performance-point-3840x2160-range = 24-24
05-07 03:24:38.538   940   940 I MediaCodecsXmlParser: limit: size-range = 96x96-3840x2160
05-07 03:24:38.538   940   940 I MediaCodecsXmlParser: limit: alignment = 2x2
05-07 03:24:38.538   940   940 I MediaCodecsXmlParser: limit: block-size = 16x16
05-07 03:24:38.538   940   940 I MediaCodecsXmlParser: limit: blocks-per-second-range = 1-972000
05-07 03:24:38.538   940   940 I MediaCodecsXmlParser: limit: bitrate-range = 1-100000000
05-07 03:24:38.538   940   940 I MediaCodecsXmlParser: limit: max-concurrent-instances = 16
05-07 03:24:38.538   940   940 I MediaCodecsXmlParser: limit: feature-intra-refresh = 0
05-07 03:24:38.538   940   940 I MediaCodecsXmlParser: limit: feature-can-swap-width-height = 0
05-07 03:24:38.538   940   940 I MediaCodecsXmlParser: limit: performance-point-3840x2160-range = 24-24
05-07 03:24:38.538   940   940 I MediaCodecsXmlParser: limit: size-range = 96x64-1920x1088
05-07 03:24:38.538   940   940 I MediaCodecsXmlParser: limit: alignment = 2x2
05-07 03:24:38.538   940   940 I MediaCodecsXmlParser: limit: block-size = 16x16
05-07 03:24:38.538   940   940 I MediaCodecsXmlParser: limit: blocks-per-second-range = 1-244800
05-07 03:24:38.538   940   940 I MediaCodecsXmlParser: limit: bitrate-range = 1-40000000
05-07 03:24:38.538   940   940 I MediaCodecsXmlParser: limit: max-concurrent-instances = 16
05-07 03:24:38.538   940   940 I MediaCodecsXmlParser: limit: performance-point-1920x1088-range = 30-30
05-07 03:24:38.538   940   940 I MediaCodecsXmlParser: limit: size-range = 96x64-864x480
05-07 03:24:38.538   940   940 I MediaCodecsXmlParser: limit: alignment = 2x2
05-07 03:24:38.538   940   940 I MediaCodecsXmlParser: limit: block-size = 16x16
05-07 03:24:38.538   940   940 I MediaCodecsXmlParser: limit: blocks-per-second-range = 1-48600
05-07 03:24:38.538   940   940 I MediaCodecsXmlParser: limit: bitrate-range = 1-2000000
05-07 03:24:38.538   940   940 I MediaCodecsXmlParser: limit: max-concurrent-instances = 16
05-07 03:24:38.538   940   940 I MediaCodecsXmlParser: limit: performance-point-720x480-range = 30-30
05-07 03:24:38.538   940   940 I MediaCodecsXmlParser: limit: size-range = 96x64-1920x1088
05-07 03:24:38.538   940   940 I MediaCodecsXmlParser: limit: alignment = 2x2
05-07 03:24:38.538   940   940 I MediaCodecsXmlParser: limit: block-size = 16x16
05-07 03:24:38.538   940   940 I MediaCodecsXmlParser: limit: blocks-per-second-range = 1-244800
05-07 03:24:38.538   940   940 I MediaCodecsXmlParser: limit: bitrate-range = 1-40000000
05-07 03:24:38.538   940   940 I MediaCodecsXmlParser: limit: max-concurrent-instances = 16
05-07 03:24:38.538   940   940 I MediaCodecsXmlParser: limit: feature-intra-refresh = 0
05-07 03:24:38.538   940   940 I MediaCodecsXmlParser: limit: performance-point-1920x1088-range = 30-30
05-07 03:24:38.538   940   940 I MediaCodecsXmlParser: limit: size-range = 64x64-3840x2160
05-07 03:24:38.538   940   940 I MediaCodecsXmlParser: limit: alignment = 2x2
05-07 03:24:38.538   940   940 I MediaCodecsXmlParser: limit: block-size = 16x16
05-07 03:24:38.538   940   940 I MediaCodecsXmlParser: limit: blocks-per-second-range = 1-972000
05-07 03:24:38.538   940   940 I MediaCodecsXmlParser: limit: bitrate-range = 1-100000000
05-07 03:24:38.538   940   940 I MediaCodecsXmlParser: limit: feature-adaptive-playback = 0
05-07 03:24:38.538   940   940 I MediaCodecsXmlParser: limit: max-concurrent-instances = 16
05-07 03:24:38.538   940   940 I MediaCodecsXmlParser: limit: feature-can-swap-width-height = 0
05-07 03:24:38.538   940   940 I MediaCodecsXmlParser: limit: performance-point-3840x2160-range = 30-30
05-07 03:24:38.538   940   940 I MediaCodecsXmlParser: limit: size-range = 64x64-3840x2160
05-07 03:24:38.538   940   940 I MediaCodecsXmlParser: limit: alignment = 2x2
05-07 03:24:38.538   940   940 I MediaCodecsXmlParser: limit: block-size = 16x16
05-07 03:24:38.538   940   940 I MediaCodecsXmlParser: limit: blocks-per-second-range = 1-972000
05-07 03:24:38.538   940   940 I MediaCodecsXmlParser: limit: bitrate-range = 1-35000000
05-07 03:24:38.538   940   940 I MediaCodecsXmlParser: limit: feature-adaptive-playback = 0
05-07 03:24:38.538   940   940 I MediaCodecsXmlParser: limit: feature-secure-playback = 1
05-07 03:24:38.538   940   940 I MediaCodecsXmlParser: limit: max-concurrent-instances = 6
05-07 03:24:38.539   940   940 I MediaCodecsXmlParser: limit: performance-point-3840x2160-range = 30-30
05-07 03:24:38.539   940   940 I MediaCodecsXmlParser: limit: size-range = 64x64-1920x1088
05-07 03:24:38.539   940   940 I MediaCodecsXmlParser: limit: alignment = 2x2
05-07 03:24:38.539   940   940 I MediaCodecsXmlParser: limit: block-size = 16x16
05-07 03:24:38.539   940   940 I MediaCodecsXmlParser: limit: blocks-per-second-range = 1-244800
05-07 03:24:38.539   940   940 I MediaCodecsXmlParser: limit: bitrate-range = 1-40000000
05-07 03:24:38.539   940   940 I MediaCodecsXmlParser: limit: feature-adaptive-playback = 0
05-07 03:24:38.539   940   940 I MediaCodecsXmlParser: limit: max-concurrent-instances = 16
05-07 03:24:38.539   940   940 I MediaCodecsXmlParser: limit: performance-point-1920x1088-range = 30-30
05-07 03:24:38.539   940   940 I MediaCodecsXmlParser: limit: size-range = 64x64-1920x1088
05-07 03:24:38.539   940   940 I MediaCodecsXmlParser: limit: alignment = 2x2
05-07 03:24:38.539   940   940 I MediaCodecsXmlParser: limit: block-size = 16x16
05-07 03:24:38.539   940   940 I MediaCodecsXmlParser: limit: blocks-per-second-range = 1-244800
05-07 03:24:38.539   940   940 I MediaCodecsXmlParser: limit: bitrate-range = 1-20000000
05-07 03:24:38.539   940   940 I MediaCodecsXmlParser: limit: feature-adaptive-playback = 0
05-07 03:24:38.539   940   940 I MediaCodecsXmlParser: limit: feature-secure-playback = 1
05-07 03:24:38.539   940   940 I MediaCodecsXmlParser: limit: max-concurrent-instances = 6
05-07 03:24:38.539   940   940 I MediaCodecsXmlParser: limit: performance-point-1920x1088-range = 30-30
05-07 03:24:38.539   940   940 I MediaCodecsXmlParser: limit: size-range = 64x64-1920x1088
05-07 03:24:38.539   940   940 I MediaCodecsXmlParser: limit: alignment = 2x2
05-07 03:24:38.539   940   940 I MediaCodecsXmlParser: limit: block-size = 16x16
05-07 03:24:38.539   940   940 I MediaCodecsXmlParser: limit: blocks-per-second-range = 1-489600
05-07 03:24:38.539   940   940 I MediaCodecsXmlParser: limit: bitrate-range = 1-60000000
05-07 03:24:38.539   940   940 I MediaCodecsXmlParser: limit: feature-adaptive-playback = 0
05-07 03:24:38.539   940   940 I MediaCodecsXmlParser: limit: max-concurrent-instances = 16
05-07 03:24:38.539   940   940 I MediaCodecsXmlParser: limit: performance-point-1920x1088-range = 60-60
05-07 03:24:38.539   940   940 I MediaCodecsXmlParser: limit: size-range = 64x64-864x480
05-07 03:24:38.539   940   940 I MediaCodecsXmlParser: limit: alignment = 2x2
05-07 03:24:38.539   940   940 I MediaCodecsXmlParser: limit: block-size = 16x16
05-07 03:24:38.539   940   940 I MediaCodecsXmlParser: limit: blocks-per-second-range = 1-48600
05-07 03:24:38.539   940   940 I MediaCodecsXmlParser: limit: bitrate-range = 1-2000000
05-07 03:24:38.539   940   940 I MediaCodecsXmlParser: limit: feature-adaptive-playback = 0
05-07 03:24:38.539   940   940 I MediaCodecsXmlParser: limit: max-concurrent-instances = 16
05-07 03:24:38.539   940   940 I MediaCodecsXmlParser: limit: performance-point-720x480-range = 30-30
05-07 03:24:38.539   940   940 I MediaCodecsXmlParser: limit: size-range = 64x64-1920x1088
05-07 03:24:38.539   940   940 I MediaCodecsXmlParser: limit: alignment = 2x2
05-07 03:24:38.539   940   940 I MediaCodecsXmlParser: limit: block-size = 16x16
05-07 03:24:38.539   940   940 I MediaCodecsXmlParser: limit: blocks-per-second-range = 1-489600
05-07 03:24:38.539   940   940 I MediaCodecsXmlParser: limit: bitrate-range = 1-60000000
05-07 03:24:38.539   940   940 I MediaCodecsXmlParser: limit: feature-adaptive-playback = 0
05-07 03:24:38.539   940   940 I MediaCodecsXmlParser: limit: max-concurrent-instances = 16
05-07 03:24:38.539   940   940 I MediaCodecsXmlParser: limit: performance-point-1920x1088-range = 30-30
05-07 03:24:38.539   940   940 I MediaCodecsXmlParser: limit: size-range = 64x64-1920x1088
05-07 03:24:38.539   940   940 I MediaCodecsXmlParser: limit: alignment = 2x2
05-07 03:24:38.539   940   940 I MediaCodecsXmlParser: limit: block-size = 16x16
05-07 03:24:38.539   940   940 I MediaCodecsXmlParser: limit: blocks-per-second-range = 1-489600
05-07 03:24:38.539   940   940 I MediaCodecsXmlParser: limit: bitrate-range = 1-20000000
05-07 03:24:38.539   940   940 I MediaCodecsXmlParser: limit: feature-adaptive-playback = 0
05-07 03:24:38.539   940   940 I MediaCodecsXmlParser: limit: feature-secure-playback = 1
05-07 03:24:38.539   940   940 I MediaCodecsXmlParser: limit: max-concurrent-instances = 7
05-07 03:24:38.539   940   940 I MediaCodecsXmlParser: limit: performance-point-1920x1088-range = 30-30
05-07 03:24:38.539   940   940 I MediaCodecsXmlParser: limit: size-range = 64x64-1920x1088
05-07 03:24:38.539   940   940 I MediaCodecsXmlParser: limit: alignment = 2x2
05-07 03:24:38.539   940   940 I MediaCodecsXmlParser: limit: block-size = 16x16
05-07 03:24:38.539   940   940 I MediaCodecsXmlParser: limit: blocks-per-second-range = 1-244800
05-07 03:24:38.539   940   940 I MediaCodecsXmlParser: limit: bitrate-range = 1-10000000
05-07 03:24:38.539   940   940 I MediaCodecsXmlParser: limit: feature-adaptive-playback = 0
05-07 03:24:38.539   940   940 I MediaCodecsXmlParser: limit: max-concurrent-instances = 16
05-07 03:24:38.539   940   940 I MediaCodecsXmlParser: limit: performance-point-1920x1088-range = 30-30
05-07 03:24:38.539   940   940 I MediaCodecsXmlParser: limit: size-range = 64x64-720x480
05-07 03:24:38.539   940   940 I MediaCodecsXmlParser: limit: alignment = 2x2
05-07 03:24:38.539   940   940 I MediaCodecsXmlParser: limit: block-size = 16x16
05-07 03:24:38.539   940   940 I MediaCodecsXmlParser: limit: blocks-per-second-range = 1-40500
05-07 03:24:38.539   940   940 I MediaCodecsXmlParser: limit: bitrate-range = 1-2000000
05-07 03:24:38.539   940   940 I MediaCodecsXmlParser: limit: feature-adaptive-playback = 0
05-07 03:24:38.539   940   940 I MediaCodecsXmlParser: limit: max-concurrent-instances = 16
05-07 03:24:38.539   940   940 I MediaCodecsXmlParser: limit: performance-point-720x480-range = 30-30
05-07 03:24:38.539   940   940 I MediaCodecsXmlParser: limit: size-range = 64x64-1920x1088
05-07 03:24:38.539   940   940 I MediaCodecsXmlParser: limit: alignment = 2x2
05-07 03:24:38.539   940   940 I MediaCodecsXmlParser: limit: block-size = 16x16
05-07 03:24:38.539   940   940 I MediaCodecsXmlParser: limit: blocks-per-second-range = 1-244800
05-07 03:24:38.539   940   940 I MediaCodecsXmlParser: limit: bitrate-range = 1-10000000
05-07 03:24:38.539   940   940 I MediaCodecsXmlParser: limit: feature-adaptive-playback = 0
05-07 03:24:38.539   940   940 I MediaCodecsXmlParser: limit: max-concurrent-instances = 16
05-07 03:24:38.539   940   940 I MediaCodecsXmlParser: limit: performance-point-1920x1088-range = 30-30
05-07 03:24:38.539   940   940 I MediaCodecsXmlParser: limit: size-range = 64x64-3840x2160
05-07 03:24:38.539   940   940 I MediaCodecsXmlParser: limit: alignment = 2x2
05-07 03:24:38.539   940   940 I MediaCodecsXmlParser: limit: block-size = 16x16
05-07 03:24:38.539   940   940 I MediaCodecsXmlParser: limit: blocks-per-second-range = 1-972000
05-07 03:24:38.539   940   940 I MediaCodecsXmlParser: limit: bitrate-range = 1-100000000
05-07 03:24:38.539   940   940 I MediaCodecsXmlParser: limit: feature-adaptive-playback = 0
05-07 03:24:38.539   940   940 I MediaCodecsXmlParser: limit: max-concurrent-instances = 16
05-07 03:24:38.539   940   940 I MediaCodecsXmlParser: limit: performance-point-3840x2160-range = 30-30
05-07 03:24:38.539   940   940 I MediaCodecsXmlParser: limit: size-range = 64x64-3840x2160
05-07 03:24:38.539   940   940 I MediaCodecsXmlParser: limit: alignment = 2x2
05-07 03:24:38.539   940   940 I MediaCodecsXmlParser: limit: block-size = 16x16
05-07 03:24:38.539   940   940 I MediaCodecsXmlParser: limit: blocks-per-second-range = 1-972000
05-07 03:24:38.540   940   940 I MediaCodecsXmlParser: limit: bitrate-range = 1-100000000
05-07 03:24:38.540   940   940 I MediaCodecsXmlParser: limit: feature-adaptive-playback = 0
05-07 03:24:38.540   940   940 I MediaCodecsXmlParser: limit: max-concurrent-instances = 16
05-07 03:24:38.540   940   940 I MediaCodecsXmlParser: limit: performance-point-3840x2160-range = 30-30
05-07 03:24:38.540   940   940 I MediaCodecsXmlParser: limit: size-range = 64x64-3840x2160
05-07 03:24:38.540   940   940 I MediaCodecsXmlParser: limit: alignment = 2x2
05-07 03:24:38.540   940   940 I MediaCodecsXmlParser: limit: block-size = 16x16
05-07 03:24:38.540   940   940 I MediaCodecsXmlParser: limit: blocks-per-second-range = 1-979200
05-07 03:24:38.540   940   940 I MediaCodecsXmlParser: limit: bitrate-range = 1-35000000
05-07 03:24:38.540   940   940 I MediaCodecsXmlParser: limit: frame-rate-range = 1-30
05-07 03:24:38.540   940   940 I MediaCodecsXmlParser: limit: feature-adaptive-playback = 0
05-07 03:24:38.540   940   940 I MediaCodecsXmlParser: limit: feature-secure-playback = 1
05-07 03:24:38.540   940   940 I MediaCodecsXmlParser: limit: max-concurrent-instances = 6
05-07 03:24:38.540   940   940 I MediaCodecsXmlParser: limit: performance-point-3840x2160-range = 30-30
05-07 03:24:38.540   940   940 I MediaCodecsXmlParser: limit: size-range = 64x64-3840x2160
05-07 03:24:38.540   940   940 I MediaCodecsXmlParser: limit: alignment = 2x2
05-07 03:24:38.540   940   940 I MediaCodecsXmlParser: limit: block-size = 16x16
05-07 03:24:38.540   940   940 I MediaCodecsXmlParser: limit: blocks-per-second-range = 1-972000
05-07 03:24:38.540   940   940 I MediaCodecsXmlParser: limit: bitrate-range = 1-100000000
05-07 03:24:38.540   940   940 I MediaCodecsXmlParser: limit: feature-adaptive-playback = 0
05-07 03:24:38.540   940   940 I MediaCodecsXmlParser: limit: max-concurrent-instances = 16
05-07 03:24:38.540   940   940 I MediaCodecsXmlParser: limit: performance-point-3840x2160-range = 30-30
05-07 03:24:38.540   940   940 I MediaCodecsXmlParser: limit: size-range = 64x64-3840x2160
05-07 03:24:38.540   940   940 I MediaCodecsXmlParser: limit: alignment = 2x2
05-07 03:24:38.540   940   940 I MediaCodecsXmlParser: limit: block-size = 16x16
05-07 03:24:38.540   940   940 I MediaCodecsXmlParser: limit: blocks-per-second-range = 1-972000
05-07 03:24:38.540   940   940 I MediaCodecsXmlParser: limit: bitrate-range = 1-35000000
05-07 03:24:38.540   940   940 I MediaCodecsXmlParser: limit: feature-adaptive-playback = 0
05-07 03:24:38.540   940   940 I MediaCodecsXmlParser: limit: feature-secure-playback = 1
05-07 03:24:38.540   940   940 I MediaCodecsXmlParser: limit: max-concurrent-instances = 6
05-07 03:24:38.540   940   940 I MediaCodecsXmlParser: limit: performance-point-3840x2160-range = 30-30
05-07 03:24:38.540   940   940 D MediaCodecsXmlParser: parsing /vendor/etc/media_codecs_google_video.xml...
05-07 03:24:38.540   940   940 I MediaCodecsXmlParser: limit: size-range = 2x2-352x288
05-07 03:24:38.540   940   940 I MediaCodecsXmlParser: limit: alignment = 2x2
05-07 03:24:38.540   940   940 I MediaCodecsXmlParser: limit: block-size = 16x16
05-07 03:24:38.540   940   940 I MediaCodecsXmlParser: limit: blocks-per-second-range = 12-11880
05-07 03:24:38.540   940   940 I MediaCodecsXmlParser: limit: bitrate-range = 1-384000
05-07 03:24:38.540   940   940 I MediaCodecsXmlParser: limit: feature-adaptive-playback = 0
05-07 03:24:38.540   940   940 I MediaCodecsXmlParser: limit: size-range = 2x2-352x288
05-07 03:24:38.540   940   940 I MediaCodecsXmlParser: limit: alignment = 2x2
05-07 03:24:38.540   940   940 I MediaCodecsXmlParser: limit: bitrate-range = 1-384000
05-07 03:24:38.540   940   940 I MediaCodecsXmlParser: limit: feature-adaptive-playback = 0
05-07 03:24:38.540   940   940 I MediaCodecsXmlParser: limit: size-range = 2x2-4080x4080
05-07 03:24:38.540   940   940 I MediaCodecsXmlParser: limit: alignment = 2x2
05-07 03:24:38.540   940   940 I MediaCodecsXmlParser: limit: block-size = 16x16
05-07 03:24:38.540   940   940 I MediaCodecsXmlParser: limit: block-count-range = 1-32768
05-07 03:24:38.540   940   940 I MediaCodecsXmlParser: limit: blocks-per-second-range = 1-1966080
