05-07 03:24:39.149   669   669 I mm-camera: <PPROC >< INFO> 461: pproc_port_add_modules_to_stream: :LINK linking mods c2d and cpp for identity 3000f
05-07 03:24:39.149   669   669 I mm-camera: <CPP   >< INFO> 2538: cpp_module_notify_add_stream: :stream 10, width 0, height 0, stride 0,scanline 0, framelen 0
05-07 03:24:39.149   669   669 I mm-camera: <CPP   >< INFO> 2695: cpp_module_notify_add_stream: : stream 10, fmt 1, asf_mode 0, sharpness_level 0.000000,asf mask 0, denoise 0, denoise_mask 0, dsdn mask 0,dsdn enable 0, tnr mask 0, tnr enable 0, ds_mask 0, luma dsdn 0
05-07 03:24:39.149   669   669 I mm-camera: <PPROC >< INFO> 461: pproc_port_add_modules_to_stream: :LINK linking mods cpp and depth_map for identity 3000f
05-07 03:24:39.149   669   669 I mm-camera: <PPROC >< INFO> 461: pproc_port_add_modules_to_stream: :LINK linking mods depth_map and ezt for identity 3000f
05-07 03:24:39.149   669   669 I mm-camera: <PPROC >< INFO> 461: pproc_port_add_modules_to_stream: :LINK linking mods ezt and quadracfa for identity 3000f
05-07 03:24:39.150   669   669 E mm-camera: <STATS ><ERROR> 3027: stats_port_check_caps_reserve: Invalid Port capability type!
05-07 03:24:39.150   669   669 I chatty  : uid=1047(cameraserver) provider@2.4-se identical 3 lines
05-07 03:24:39.150   669   669 E mm-camera: <STATS ><ERROR> 3027: stats_port_check_caps_reserve: Invalid Port capability type!
05-07 03:24:39.151   669   669 I mm-camera: <MCT   >< INFO> 5304: mct_pipeline_start_stream_internal: Session stream linked successfully session 3
05-07 03:24:39.151   669   669 E ion     : ioctl c0044901 failed with code -1: Not a typewriter
05-07 03:24:39.151   669  1210 E libsensor1: check_sensors_enabled: Sensors enabled = true
05-07 03:24:39.152   669  1210 E Diag_Lib:  Diag_LSM_Init: Failed to open handle to diag driver, error = 13
05-07 03:24:39.160     0     0 I msm_cci_init: 1440: hw_version = 0x10060000
05-07 03:24:39.160     0     0 I         : @@@ original_sid = 0x10, valid_flag = 0x01, eeprom_version = 0x01, checksum = 0x03
05-07 03:24:39.161     0     0 I         : @@@ rc = 0, camera_sid = 0x10, eeprom_reg_addr = 0x03 , eeprom_reg_value = 0x32
05-07 03:24:39.161     0     0 I         : @@@ rc = 0, camera_sid = 0x10, eeprom_reg_addr = 0x04 , eeprom_reg_value = 0x30
05-07 03:24:39.161     0     0 I         : @@@ rc = 0, camera_sid = 0x10, eeprom_reg_addr = 0x05 , eeprom_reg_value = 0x32
05-07 03:24:39.161     0     0 I         : @@@ rc = 0, camera_sid = 0x10, eeprom_reg_addr = 0x06 , eeprom_reg_value = 0x30
05-07 03:24:39.161     0     0 I         : @@@ rc = 0, camera_sid = 0x10, eeprom_reg_addr = 0x07 , eeprom_reg_value = 0x30
05-07 03:24:39.161     0     0 I         : @@@ rc = 0, camera_sid = 0x10, eeprom_reg_addr = 0x08 , eeprom_reg_value = 0x36
05-07 03:24:39.162     0     0 I         : @@@ rc = 0, camera_sid = 0x10, eeprom_reg_addr = 0x09 , eeprom_reg_value = 0x30
05-07 03:24:39.162     0     0 I         : @@@ rc = 0, camera_sid = 0x10, eeprom_reg_addr = 0x0a , eeprom_reg_value = 0x34
05-07 03:24:39.162     0     0 I         : @@@ rc = 0, camera_sid = 0x10, eeprom_reg_addr = 0x0b , eeprom_reg_value = 0x32
05-07 03:24:39.162     0     0 I         : @@@ rc = 0, camera_sid = 0x10, eeprom_reg_addr = 0x0c , eeprom_reg_value = 0x31
05-07 03:24:39.163     0     0 E         : msm_qti_pp_get_rms_value_control, back not active to query rms be_idx:3
05-07 03:24:39.177     0     0 I core_get_license_status: cmdrsp_license_result.result = 0x15 for module 0x131ff
05-07 03:24:39.177   893   946 E ThermalEngine: read error 0. buf:[add@/devices/virtual/thermal/cooling_device12 ACTION=add DEVPATH=/devices/virtual/thermal/cooling_device12 SUBSYSTEM=thermal SEQNUM=4778 ]
05-07 03:24:39.178   893   946 E ThermalEngine: read error 0. buf:[add@/devices/virtual/thermal/cooling_device13 ACTION=add DEVPATH=/devices/virtual/thermal/cooling_device13 SUBSYSTEM=thermal SEQNUM=4779 ]
05-07 03:24:39.179   893   946 E ThermalEngine: read error 0. buf:[add@/devices/virtual/thermal/cooling_device14 ACTION=add DEVPATH=/devices/virtual/thermal/cooling_device14 SUBSYSTEM=thermal SEQNUM=4780 ]
05-07 03:24:39.179     0     0 E msm-ext-disp-audio-codec-rx soc: qcom,msm-ext-disp:qcom,msm-ext-disp-audio-codec-rx: msm_ext_disp_audio_type_get: Display cable disconnected
05-07 03:24:39.179   893   946 E ThermalEngine: read error 0. buf:[add@/devices/virtual/thermal/cooling_device15 ACTION=add DEVPATH=/devices/virtual/thermal/cooling_device15 SUBSYSTEM=thermal SEQNUM=4781 ]
05-07 03:24:39.179     0     0 E msm-ext-disp-audio-codec-rx soc: qcom,msm-ext-disp:qcom,msm-ext-disp-audio-codec-rx: msm_ext_disp_audio_type_get: Display cable disconnected
05-07 03:24:39.180     0     0 I memshare_child soc: qcom,memshare:qcom,client_3: memshare_query: client_id : 1, query_resp.size :0, query_resp.resp.result :0
05-07 03:24:39.180   618   624 D QC-time-services: Daemon:time_service_modem_serv_notify_cb: QMI service is up 
05-07 03:24:39.180   618   724 D QC-time-services: Daemon:genoff_modem_qmi_service_handle_cb: QMI service handle cb called 
05-07 03:24:39.180   717   717 I tftp_server: pid=717 tid=717 tftp-server : INF :[tftp_server.c, 659] rcvd request [1] [73] [2] [0] [29]
05-07 03:24:39.181   717  1218 I tftp_server: pid=717 tid=1218 tftp-server : INF :[tftp_server_utils.c, 113] file [readwrite/server_check.txt] : [/vendor/rfs/msm/mpss/readwrite/server_check.txt]
05-07 03:24:39.181   717  1218 I tftp_server: pid=717 tid=1218 tftp-server : INF :[tftp_server.c, 1201] OACK options [port: 29] : [7680, 1000, 10, 0, 0, 0, 0, 0]
05-07 03:24:39.181   717  1218 I tftp_server: pid=717 tid=1218 tftp-server : INF :[tftp_os_la.c, 63] open : [-1] [-1] [384] [577] [/vendor/rfs/msm/mpss/readwrite/server_check.txt]
05-07 03:24:39.182   893   937 I ThermalEngine: MODEM thermal mitigation available.
05-07 03:24:39.183   893   937 I ThermalEngine: Mitigation:modem[MODEM]:0 pending QMI request succeded
05-07 03:24:39.183   893   937 I ThermalEngine: Mitigation:vdd_restriction[MODEM]:0 pending QMI request succeded
05-07 03:24:39.183   893   937 I ThermalEngine: Mitigation:modem_proc[MODEM]:0 pending QMI request succeded
05-07 03:24:39.183   893   937 I ThermalEngine: Mitigation:modem_proc_current[MODEM]:0 pending QMI request succeded
05-07 03:24:39.183   893   937 I ThermalEngine: Mitigation:cpr_band[MODEM]:0 pending QMI request succeded
05-07 03:24:39.185     0     0 E diag    : In diag_send_peripheral_buffering_mode, buffering flag not set for 0
05-07 03:24:39.186   717   717 I tftp_server: pid=717 tid=717 tftp-server : INF :[tftp_server.c, 659] rcvd request [1] [91] [1] [0] [39]
05-07 03:24:39.186   717  1219 I tftp_server: pid=717 tid=1219 tftp-server : INF :[tftp_server_utils.c, 113] file [readonly/firmware/image/wlanmdsp.mbn] : [/vendor/rfs/msm/mpss/readonly/firmware/image/wl
05-07 03:24:39.187   717  1219 I tftp_server: pid=717 tid=1219 tftp-server : INF :[tftp_server.c, 1201] OACK options [port: 39] : [7680, 1000, 3689408, 10, 0, 0, 0, 0]
05-07 03:24:39.187   717  1219 I tftp_server: pid=717 tid=1219 tftp-server : INF :[tftp_os_la.c, 63] open : [-1] [-1] [384] [0] [/vendor/rfs/msm/mpss/readonly/firmware/image/wlanmdsp.mbn]
05-07 03:24:39.188   717  1219 I tftp_server: pid=717 tid=1219 tftp-server : INF :[tftp_protocol.c, 742] Recd END OF TRANSFER pkt. Code = 9, Msg = End of Transfer
05-07 03:24:39.188   717  1219 I tftp_server: pid=717 tid=1219 tftp-server : INF :[tftp_server.c, 1318] RRQ stats [port: 0]: sent_size = 39 total-blocks = 0 total-bytes = 0 timedout-pkts = 0, wrong-pkts 
05-07 03:24:39.188   717  1219 I tftp_server: pid=717 tid=1219 tftp-server : INF :[tftp_server.c, 1325] RRQ file stats [port: 39]: fread [Total, Max, Min] = [0, 0, 0]
05-07 03:24:39.188   717  1219 I tftp_server: pid=717 tid=1219 tftp-server : INF :[tftp_server.c, 1329] RRQ time stats : Total : [TX, RX] = [38, 300]
05-07 03:24:39.188   717  1219 I tftp_server: pid=717 tid=1219 tftp-server : INF :[tftp_server.c, 1336] RRQ time stats [port: 39]: Tx/Rx [Min, Max] = [38, 38, 300, 300]
05-07 03:24:39.188   717  1219 I tftp_server: pid=717 tid=1219 tftp-server : INF :[tftp_server.c, 1352] RRQ was successfully processed.
05-07 03:24:39.188   717  1219 I tftp_server: pid=717 tid=1219 tftp-server : INF :[tftp_server.c, 1807] RRQ Total API = 2088
05-07 03:24:39.188   717   717 I tftp_server: pid=717 tid=717 tftp-server : INF :[tftp_server.c, 659] rcvd request [1] [97] [1] [0] [40]
05-07 03:24:39.189   717  1220 I tftp_server: pid=717 tid=1220 tftp-server : INF :[tftp_server_utils.c, 113] file [readonly/firmware/image/wlanmdsp.mbn] : [/vendor/rfs/msm/mpss/readonly/firmware/image/wl
05-07 03:24:39.189   717  1220 I tftp_server: pid=717 tid=1220 tftp-server : INF :[tftp_server.c, 1201] OACK options [port: 40] : [7680, 1000, 10, 3689408, 0, 0, 0, 0]
05-07 03:24:39.189   717  1220 I tftp_server: pid=717 tid=1220 tftp-server : INF :[tftp_os_la.c, 63] open : [-1] [-1] [384] [0] [/vendor/rfs/msm/mpss/readonly/firmware/image/wlanmdsp.mbn]
05-07 03:24:39.194   618   724 D QC-time-services: Daemon:genoff_modem_qmi_service_handle_cb: qmi_client_get_service_list for local returned 0num_services 1 num_entries 1
05-07 03:24:39.199     0     0 E         : msm_pcm_path_latency_ctl_get substream runtime not found
05-07 03:24:39.200   618   724 D QC-time-services: Daemon:genoff_modem_qmi_service_handle_cb: Initial transaction successful
05-07 03:24:39.203   713   713 D RenderEngine: shader cache generated - 48 shaders in 525.554565 ms
05-07 03:24:39.203   713   713 E SurfaceFlinger: Unable to get composer extension
05-07 03:24:39.205   713   713 I ServiceManagement: Registered android.frameworks.displayservice@1.0::IDisplayService/default (start delay of 2148ms)
05-07 03:24:39.205   713   713 D SurfaceFlinger: Setting power mode 2 on display 0
05-07 03:24:39.205   675   814 I SDM     : DisplayBase::SetDisplayState: Set state = 1, display 0
05-07 03:24:39.209   665   665 E audio_route: Control 'LSM6 Mixer INT3_MI2S_TX' doesn't exist - skipping
05-07 03:24:39.209   665   665 E audio_route: Control 'LSM7 Mixer INT3_MI2S_TX' doesn't exist - skipping
05-07 03:24:39.209   665   665 E audio_route: Control 'LSM8 Mixer INT3_MI2S_TX' doesn't exist - skipping
05-07 03:24:39.211   665   665 E audio_route: Control 'LSM6 Mixer INT3_MI2S_TX' doesn't exist - skipping
05-07 03:24:39.211   665   665 E audio_route: Control 'LSM7 Mixer INT3_MI2S_TX' doesn't exist - skipping
05-07 03:24:39.212   665   665 E audio_route: Control 'LSM8 Mixer INT3_MI2S_TX' doesn't exist - skipping
05-07 03:24:39.213   665   665 E audio_route: Control 'LSM6 Mixer INT3_MI2S_TX' doesn't exist - skipping
05-07 03:24:39.213   665   665 E audio_route: Control 'LSM7 Mixer INT3_MI2S_TX' doesn't exist - skipping
05-07 03:24:39.213   665   665 E audio_route: Control 'LSM8 Mixer INT3_MI2S_TX' doesn't exist - skipping
05-07 03:24:39.220     0     0 I chatty  : uid=0(root) logd identical 4 lines
05-07 03:24:39.224   665   665 W sound_trigger_platform: load_acdb: acdb_loader_send_listen_device_cal_v1 not found. undefined symbol: acdb_loader_send_listen_device_cal_v1
05-07 03:24:39.224   665   665 W sound_trigger_platform: load_acdb: acdb_loader_send_listen_lsm_cal_v1 not found. undefined symbol: acdb_loader_send_listen_lsm_cal_v1
05-07 03:24:39.224   665   665 I audio_hw_extn: audio_extn_set_snd_card_split: snd_card_name(sdm660-snd-card-nonpay) device(sdm660) snd_card(snd) form_factor(card)
05-07 03:24:39.225   665   665 D platform_info: platform_info_init: Failed to open audio_platform_info.xml, using defaults.
05-07 03:24:39.225   665   665 E audio_hw_acdb: acdb_init_v2: dlsym error undefined symbol: acdb_loader_init_v4 for acdb_loader_init_v4
05-07 03:24:39.225   665   665 D ACDB-LOADER: ACDB -> No .acdb files found in /vendor/etc/acdbdata!
05-07 03:24:39.225   665   665 D ACDB-LOADER: ACDB -> found 0 form factor & soundcard independant files
05-07 03:24:39.225   665   665 I ACDB-LOADER: ACDB -> Load EANS on ACDB
05-07 03:24:39.226   665   665 D ACDB-LOADER: ACDB -> Load file: /vendor/etc/acdbdata/QRD/sdm660-snd-card-nonpay/QRD_NONPAY_workspaceFile.qwsp
05-07 03:24:39.226   665   665 D ACDB-LOADER: ACDB -> Load file: /vendor/etc/acdbdata/QRD/sdm660-snd-card-nonpay/QRD_NONPAY_Bluetooth_cal.acdb
05-07 03:24:39.226   665   665 D ACDB-LOADER: ACDB -> Load file: /vendor/etc/acdbdata/QRD/sdm660-snd-card-nonpay/QRD_NONPAY_Speaker_cal.acdb
05-07 03:24:39.226   665   665 D ACDB-LOADER: ACDB -> Load file: /vendor/etc/acdbdata/QRD/sdm660-snd-card-nonpay/QRD_NONPAY_Hdmi_cal.acdb
05-07 03:24:39.226   665   665 D ACDB-LOADER: ACDB -> Load file: /vendor/etc/acdbdata/QRD/sdm660-snd-card-nonpay/QRD_NONPAY_Global_cal.acdb
05-07 03:24:39.226   665   665 D ACDB-LOADER: ACDB -> Load file: /vendor/etc/acdbdata/QRD/sdm660-snd-card-nonpay/QRD_NONPAY_General_cal.acdb
05-07 03:24:39.226   665   665 D ACDB-LOADER: ACDB -> Load file: /vendor/etc/acdbdata/QRD/sdm660-snd-card-nonpay/QRD_NONPAY_Handset_cal.acdb
05-07 03:24:39.226   665   665 D ACDB-LOADER: ACDB -> Load file: /vendor/etc/acdbdata/QRD/sdm660-snd-card-nonpay/QRD_NONPAY_Headset_cal.acdb
05-07 03:24:39.226   665   665 D ACDB-LOADER: ACDB -> ACDB_CMD_INITIALIZE_V2
05-07 03:24:39.226   665   665 D         : [ACDB Command]->SW Minor/Major/Revision version info for /vendor/etc/acdbdata/QRD/sdm660-snd-card-nonpay/QRD_NONPAY_workspaceFile.qwsp
05-07 03:24:39.226   665   665 D         : [ACDB Command]->ACDB Sw Major = 9, ACDB Sw Minor = 0, ACDB Sw Revision = 4, ACDB Sw Cpl Number = 0
05-07 03:24:39.226   665   665 D         : [ACDB Command]->ACDB File Major = 3908382720, ACDB File Minor = 102957897, ACDB File Revision = 0
05-07 03:24:39.228   665   665 D         : [ACDB Command]->SW Minor/Major/Revision version info for /vendor/etc/acdbdata/QRD/sdm660-snd-card-nonpay/QRD_NONPAY_Bluetooth_cal.acdb
05-07 03:24:39.228   665   665 D         : [ACDB Command]->ACDB Sw Major = 9, ACDB Sw Minor = 0, ACDB Sw Revision = 4, ACDB Sw Cpl Number = 0
05-07 03:24:39.228   665   665 D         : [ACDB Command]->ACDB File Major = 9, ACDB File Minor = 0, ACDB File Revision = 11, ACDB File Cpl Number = 0
05-07 03:24:39.229     0     0 E         : msm_pcm_path_latency_ctl_get substream runtime not found
05-07 03:24:39.231   665   665 D         : [ACDB Command]->SW Minor/Major/Revision version info for /vendor/etc/acdbdata/QRD/sdm660-snd-card-nonpay/QRD_NONPAY_Speaker_cal.acdb
05-07 03:24:39.231   665   665 D         : [ACDB Command]->ACDB Sw Major = 9, ACDB Sw Minor = 0, ACDB Sw Revision = 4, ACDB Sw Cpl Number = 0
05-07 03:24:39.231   665   665 D         : [ACDB Command]->ACDB File Major = 9, ACDB File Minor = 0, ACDB File Revision = 11, ACDB File Cpl Number = 0
05-07 03:24:39.232   665   665 D         : [ACDB Command]->SW Minor/Major/Revision version info for /vendor/etc/acdbdata/QRD/sdm660-snd-card-nonpay/QRD_NONPAY_Hdmi_cal.acdb
05-07 03:24:39.232   665   665 D         : [ACDB Command]->ACDB Sw Major = 9, ACDB Sw Minor = 0, ACDB Sw Revision = 4, ACDB Sw Cpl Number = 0
05-07 03:24:39.232   665   665 D         : [ACDB Command]->ACDB File Major = 9, ACDB File Minor = 0, ACDB File Revision = 11, ACDB File Cpl Number = 0
05-07 03:24:39.233   665   665 D         : [ACDB Command]->SW Minor/Major/Revision version info for /vendor/etc/acdbdata/QRD/sdm660-snd-card-nonpay/QRD_NONPAY_Global_cal.acdb
05-07 03:24:39.233   665   665 D         : [ACDB Command]->ACDB Sw Major = 9, ACDB Sw Minor = 0, ACDB Sw Revision = 4, ACDB Sw Cpl Number = 0
05-07 03:24:39.233   665   665 D         : [ACDB Command]->ACDB File Major = 9, ACDB File Minor = 0, ACDB File Revision = 11, ACDB File Cpl Number = 0
05-07 03:24:39.234   665   665 D         : [ACDB Command]->SW Minor/Major/Revision version info for /vendor/etc/acdbdata/QRD/sdm660-snd-card-nonpay/QRD_NONPAY_General_cal.acdb
05-07 03:24:39.234   665   665 D         : [ACDB Command]->ACDB Sw Major = 9, ACDB Sw Minor = 0, ACDB Sw Revision = 4, ACDB Sw Cpl Number = 0
05-07 03:24:39.234   665   665 D         : [ACDB Command]->ACDB File Major = 9, ACDB File Minor = 0, ACDB File Revision = 11, ACDB File Cpl Number = 0
05-07 03:24:39.237   669  1193 E mm-camera: <SENSOR><ERROR> ov8856_gt24p64b_get_calibration_items: 30: is_insensor:0, is_afc:1, is_wbc:1, is_lsc:1, is_dpc:0, is_ois:0, is_dual:0
05-07 03:24:39.239   665   665 D         : [ACDB Command]->SW Minor/Major/Revision version info for /vendor/etc/acdbdata/QRD/sdm660-snd-card-nonpay/QRD_NONPAY_Handset_cal.acdb
05-07 03:24:39.239   665   665 D         : [ACDB Command]->ACDB Sw Major = 9, ACDB Sw Minor = 0, ACDB Sw Revision = 4, ACDB Sw Cpl Number = 0
05-07 03:24:39.239   665   665 D         : [ACDB Command]->ACDB File Major = 9, ACDB File Minor = 0, ACDB File Revision = 11, ACDB File Cpl Number = 0
05-07 03:24:39.241   665   665 D         : [ACDB Command]->SW Minor/Major/Revision version info for /vendor/etc/acdbdata/QRD/sdm660-snd-card-nonpay/QRD_NONPAY_Headset_cal.acdb
05-07 03:24:39.241   665   665 D         : [ACDB Command]->ACDB Sw Major = 9, ACDB Sw Minor = 0, ACDB Sw Revision = 4, ACDB Sw Cpl Number = 0
05-07 03:24:39.241   665   665 D         : [ACDB Command]->ACDB File Major = 9, ACDB File Minor = 0, ACDB File Revision = 11, ACDB File Cpl Number = 0
05-07 03:24:39.241   665   665 D ACDB-LOADER: ACDB -> ACPH INIT
05-07 03:24:39.241   665   665 D         : [ACPH]->Online service registered with ACPH
05-07 03:24:39.242   935  1023 I ServiceManager: Waiting for service 'package_native' on '/dev/binder'...
05-07 03:24:39.243   665   665 D         : [ACPH]->ACPH init success
05-07 03:24:39.243   665   665 D ACDB-LOADER: ACDB -> RTAC INIT
05-07 03:24:39.243   665   665 D         : [ACPH]->DSP RTC service registered with ACPH
05-07 03:24:39.243   665   665 D ACDB-LOADER: ACDB -> MCS, FTS INIT
05-07 03:24:39.243   665   665 D         : [ACPH]->MCS RTC service registered with ACPH
05-07 03:24:39.243   665   665 D         : [ACPH]->FTS RTC service registered with ACPH
05-07 03:24:39.243   665   665 D ACDB-LOADER: ACDB -> ADIE RTAC INIT
05-07 03:24:39.243   665   665 D         : [ACPH]->ADIE RTC service registered with ACPH
05-07 03:24:39.243   665   665 D ACDB-LOADER: ACDB -> ACDB_CMD_GET_VOC_PROC_DYNAMIC_TABLE_SIZE
05-07 03:24:39.244   665   665 E ion     : ioctl c0044901 failed with code -1: Not a typewriter
05-07 03:24:39.248   669  1189 I mm-camera: <MCT   >< INFO> 3323: mct_sysinfo_read: sysinfo:path /sys/module/msm_sensor_driver/parameters/only_support_5M data 0 size 10
05-07 03:24:39.248   669  1189 I mm-camera: <MCT   >< INFO> 2279: mct_pipeline_append_fps_entry:  Added hal_table[0]: (15.000000, 15.000000)
05-07 03:24:39.248   669  1189 I mm-camera: <MCT   >< INFO> 2279: mct_pipeline_append_fps_entry:  Added hal_table[1]: (20.000000, 20.000000)
05-07 03:24:39.248   669  1189 I mm-camera: <MCT   >< INFO> 2279: mct_pipeline_append_fps_entry:  Added hal_table[2]: (24.000000, 24.000000)
05-07 03:24:39.248   669  1189 I mm-camera: <MCT   >< INFO> 2279: mct_pipeline_append_fps_entry:  Added hal_table[3]: (7.000000, 30.000000)
05-07 03:24:39.248   669  1189 I mm-camera: <MCT   >< INFO> 2292: mct_pipeline_append_fps_entry:  Added hal_table[4]: (30.000000, 30.000000)
05-07 03:24:39.248   669  1189 I mm-camera: <MCT   >< INFO> 3611: mct_pipeline_fill_dimensions_snapshot: Cam 0: FPS range selection complete. Publishing 5 ranges.
05-07 03:24:39.248   669  1189 I mm-camera: <MCT   >< INFO> 2540: mct_pipeline_fill_caps_sensor: =====sensitivity_range.min_sensitivity =0 =====
05-07 03:24:39.248   669  1189 I mm-camera: <MCT   >< INFO> 2541: mct_pipeline_fill_caps_sensor: =====sensitivity_range.max_sensitivity =1500 =====
05-07 03:24:39.248   669  1189 I mm-camera: <MCT   >< INFO> 2739: mct_pipeline_fill_caps_isp: isp max encoder size : 5504 X 16383
05-07 03:24:39.248   669  1189 I mm-camera: <MCT   >< INFO> 2746: mct_pipeline_fill_caps_isp: single isp max size : 3264 X 2448
05-07 03:24:39.248   669  1189 I mm-camera: <MCT   >< INFO> 2757: mct_pipeline_fill_caps_isp: HAL max snapshot size in dual cam mode : 3264 X 2448
05-07 03:24:39.249   669   669 I mm-camera: <MCT   >< INFO> 310: mct_controller_destroy: Initiating destroy sequence for session = 3
05-07 03:24:39.249   669   669 I mm-camera: <MCT   >< INFO> 328: mct_controller_destroy: serv_thread closed
05-07 03:24:39.249   669   669 I mm-camera: <MCT   >< INFO> 343: mct_controller_destroy: bus_handler thread closed
05-07 03:24:39.249   669   669 I mm-camera: <MCT   >< INFO> 5404: mct_pipeline_stop_session: Initiating stop_session on session 3
05-07 03:24:39.249   669   669 I mm-camera: <MCT   >< INFO> 4288: mct_pipeline_process_set: command=800000b
05-07 03:24:39.249   669   669 I mm-camera: <MCT   >< INFO> 4533: mct_pipeline_process_set: Issuing DEL_STREAM on stream 0x3000f and stream type=10
05-07 03:24:39.249   669   669 I mm-camera: <IFACE >< INFO> 700: iface_unreserve_sink_port: stream_id f mode 0 
05-07 03:24:39.249   669   669 I mm-camera: <ISP   >< INFO> 941: isp_port_check_caps_unreserve: ide 3000f port 0xe5fbd0c0
05-07 03:24:39.251   669   669 I mm-camera: <MCT   >< INFO> 4556: mct_pipeline_process_set: Stream 0x3000f and stream type=10, successfully deleted
05-07 03:24:39.251   669  1226 I mm-camera: <MCT   >< INFO> 5138: mct_pipeline_stop_session_thread: Stop module name: sensor - E
05-07 03:24:39.252   669  1226 I mm-camera: <MCT   >< INFO> 5146: mct_pipeline_stop_session_thread: Stop module name: sensor - X
05-07 03:24:39.252   669  1227 I mm-camera: <MCT   >< INFO> 5138: mct_pipeline_stop_session_thread: Stop module name: iface - E
05-07 03:24:39.253   669  1228 I mm-camera: <MCT   >< INFO> 5138: mct_pipeline_stop_session_thread: Stop module name: isp - E
05-07 03:24:39.253   669  1228 I mm-camera: <ISP   >< INFO> 510: isp_module_stop_session: session id 3
05-07 03:24:39.253   669  1227 I mm-camera: <MCT   >< INFO> 5146: mct_pipeline_stop_session_thread: Stop module name: iface - X
05-07 03:24:39.253   669  1229 I mm-camera: <MCT   >< INFO> 5138: mct_pipeline_stop_session_thread: Stop module name: stats - E
05-07 03:24:39.253   669  1230 I mm-camera: <MCT   >< INFO> 5138: mct_pipeline_stop_session_thread: Stop module name: pproc - E
05-07 03:24:39.254     0     0 I MSM-CPP cpp_release_hardware: 1216 cpp hw release done
05-07 03:24:39.254   669   669 I mm-camera: <MCT   >< INFO> 5426: mct_pipeline_stop_session: Modules left: 5
05-07 03:24:39.254   669  1231 I mm-camera: <MCT   >< INFO> 5138: mct_pipeline_stop_session_thread: Stop module name: imglib - E
05-07 03:24:39.254   669   669 I mm-camera: <MCT   >< INFO> 5426: mct_pipeline_stop_session: Modules left: 4
05-07 03:24:39.254   669  1228 I mm-camera: <MCT   >< INFO> 5146: mct_pipeline_stop_session_thread: Stop module name: isp - X
05-07 03:24:39.254   669   669 I mm-camera: <MCT   >< INFO> 5426: mct_pipeline_stop_session: Modules left: 3
05-07 03:24:39.255   669  1231 I mm-camera: <MCT   >< INFO> 5146: mct_pipeline_stop_session_thread: Stop module name: imglib - X
05-07 03:24:39.255   669   669 I mm-camera: <MCT   >< INFO> 5426: mct_pipeline_stop_session: Modules left: 2
05-07 03:24:39.255   669  1230 E mm-camera: <IMGLIB><ERROR> 328: AllocateBuffers: Nothing allocated or already freed!
05-07 03:24:39.255   669  1230 I mm-camera: <MCT   >< INFO> 5146: mct_pipeline_stop_session_thread: Stop module name: pproc - X
05-07 03:24:39.255   669   669 I mm-camera: <MCT   >< INFO> 5426: mct_pipeline_stop_session: Modules left: 1
05-07 03:24:39.258   669  1229 I mm-camera: <MCT   >< INFO> 5146: mct_pipeline_stop_session_thread: Stop module name: stats - X
05-07 03:24:39.258   669   669 I mm-camera: <MCT   >< INFO> 5426: mct_pipeline_stop_session: Modules left: 0
05-07 03:24:39.258   669   669 I mm-camera: <MCT   >< INFO> 5436: mct_pipeline_stop_session: Stopped session 3 successfully
05-07 03:24:39.258   669   669 I mm-camera: <MCT   >< INFO> 5740: mct_pipeline_destroy: E: session:3
05-07 03:24:39.258   669   669 E mm-camera: <MCT   ><ERROR> 179: stop_sof_check_thread: Returning as SOF timer thread not yet initialized
05-07 03:24:39.258   669   669 I mm-camera: <MCT   >< INFO> 5818: mct_pipeline_destroy: X: Pipeline destroyed successfully session =3
05-07 03:24:39.258   669   669 I mm-camera: <MCT   >< INFO> 422: mct_controller_destroy: X Successfully closed mct_controller session 3
05-07 03:24:39.260     0     0 I msm_pm_qos_update_request: update request -1
05-07 03:24:39.260     0     0 I msm_pm_qos_add_request: add request
05-07 03:24:39.260   669   669 E CamComm1.0-MD: Update metadata entry: Unknown tag -2145976319
05-07 03:24:39.260   669   669 E CamComm1.0-MD: Update metadata entry: Unknown tag -2145976317
05-07 03:24:39.260   669   669 I QCamera : <HAL><INFO> getCamInfo: 13767: camera 0 resource cost is 100
05-07 03:24:39.261   669   669 I CamComm1.0-CamModule: isOpenLegacyDefined: cts Enable == 0 
05-07 03:24:39.261   669   669 I QCamera : <HAL><INFO> openLegacy: 520: openLegacy halVersion: 256 cameraId = 0
05-07 03:24:39.262   665   665 D ACDB-LOADER: ACDB -> send_common_custom_topology
05-07 03:24:39.262   665   665 D ACDB-LOADER: ACDB -> ACDB_CMD_GET_AVCS_CUSTOM_TOPO_INFO_SIZE
05-07 03:24:39.262   665   665 D ACDB-LOADER: ACDB -> ACDB_CMD_GET_AVCS_CUSTOM_TOPO_INFO
05-07 03:24:39.262   665   665 D ACDB-LOADER: ACDB -> ACDB_CMD_GET_AVCS_CUSTOM_TOPO_INFO: size:0x19c ret=0 
05-07 03:24:39.262   665   665 D ACDB-LOADER: ACDB -> CORE_CUSTOM_TOPOLOGIES
05-07 03:24:39.265   669   669 E QCameraCommon: parseHWID: Got HW_ID = 324
05-07 03:24:39.265   665   665 D ACDB-LOADER: ACDB -> acdb_loader_send_common_custom_topology: Common custom topology in use
05-07 03:24:39.265   665   665 D ACDB-LOADER: ACDB -> init done!
05-07 03:24:39.265   665   665 D audio_hw_acdb: acdb_init_v2: ACDB Instance ID support after ACDB init:0
05-07 03:24:39.266   665   665 D sound_trigger_platform: platform_stdev_init Opening device /dev/snd/hwC0D1002 for vad hwdep config
05-07 03:24:39.266   665   665 D sound_trigger_platform: platform_stdev_init: cannot open device '/dev/snd/hwC0D1002', error:No such file or directory
05-07 03:24:39.266   665   665 D sound_trigger_platform: get_codec_version: codec version 
05-07 03:24:39.267     0     0 E i2c-msm-v2 c178000.i2c: NACK: slave not responding, ensure its powered: msgs(n:1 cur:0 tx) bc(rx:43 tx:0) mode:FIFO slv_addr:0x26 MSTR_STS:0x0d1300c8 OPER:0x00000010
05-07 03:24:39.267     0     0 E         : IicReadData() error -107
05-07 03:24:39.267   669   669 I QCamera : <HAL><INFO> openCamera: 1901: [KPI Perf]: E PROFILE_OPEN_CAMERA camera id 0
05-07 03:24:39.268   665   665 I SoundTriggerHalImpl: onFirstRef() mModuleName primary mHwDevice 0xe8f69000
05-07 03:24:39.269   669   669 E QCamera : <HAL><ERROR> acquirePerfLock: 614: Failed to acquire the perf lock
05-07 03:24:39.269   669   669 D QCamera : Debug log file is not enabled
05-07 03:24:39.269     0     0 I msm_pm_qos_update_request: update request 100
05-07 03:24:39.269     0     0 I msm_pm_qos_add_request: add request
05-07 03:24:39.269   665   665 I ServiceManagement: Registered android.hardware.soundtrigger@2.1::ISoundTriggerHw/default (start delay of 2362ms)
05-07 03:24:39.269   669   669 I mm-camera: <MCT   >< INFO> 118: mct_controller_new: Creating new mct_controller with session-id 3
05-07 03:24:39.269   665   665 I audiohalservice: Registration complete for android.hardware.soundtrigger@2.1::ISoundTriggerHw/default.
05-07 03:24:39.270   669  1238 I mm-camera: <MCT   >< INFO> 5326: mct_pipeline_start_session_thread: E sensor
05-07 03:24:39.270   669  1238 I mm-camera: <MCT   >< INFO> 5333: mct_pipeline_start_session_thread: Calling start_session on Module sensor
05-07 03:24:39.271   669  1239 I mm-camera: <MCT   >< INFO> 5326: mct_pipeline_start_session_thread: E iface
05-07 03:24:39.271   669  1239 I mm-camera: <MCT   >< INFO> 5333: mct_pipeline_start_session_thread: Calling start_session on Module iface
05-07 03:24:39.271   669  1241 I mm-camera: <MCT   >< INFO> 5326: mct_pipeline_start_session_thread: E isp
05-07 03:24:39.271   669  1241 I mm-camera: <MCT   >< INFO> 5333: mct_pipeline_start_session_thread: Calling start_session on Module isp
05-07 03:24:39.271   669  1241 I mm-camera: <ISP   >< INFO> 214: isp_module_start_session: session id 3 
05-07 03:24:39.272   669  1239 I mm-camera: <MCT   >< INFO> 5336: mct_pipeline_start_session_thread: Module iface start_session rc = 1
05-07 03:24:39.272   669  1239 I mm-camera: <MCT   >< INFO> 5344: mct_pipeline_start_session_thread: started_num = 1, success = 1
05-07 03:24:39.272   669  1239 I mm-camera: <MCT   >< INFO> 5351: mct_pipeline_start_session_thread: X iface
05-07 03:24:39.273   669  1241 I mm-camera: <MCT   >< INFO> 5336: mct_pipeline_start_session_thread: Module isp start_session rc = 1
05-07 03:24:39.273   669  1241 I mm-camera: <MCT   >< INFO> 5344: mct_pipeline_start_session_thread: started_num = 2, success = 2
05-07 03:24:39.273   669  1241 I mm-camera: <MCT   >< INFO> 5351: mct_pipeline_start_session_thread: X isp
05-07 03:24:39.273   669  1244 I mm-camera: <MCT   >< INFO> 5326: mct_pipeline_start_session_thread: E stats
05-07 03:24:39.273   669  1244 I mm-camera: <MCT   >< INFO> 5333: mct_pipeline_start_session_thread: Calling start_session on Module stats
05-07 03:24:39.273   669  1249 I mm-camera: <MCT   >< INFO> 5326: mct_pipeline_start_session_thread: E pproc
05-07 03:24:39.274   669  1249 I mm-camera: <MCT   >< INFO> 5333: mct_pipeline_start_session_thread: Calling start_session on Module pproc
05-07 03:24:39.274   669  1249 I mm-camera: <MCT   >< INFO> 5336: mct_pipeline_start_session_thread: Module pproc start_session rc = 1
05-07 03:24:39.275   669  1249 I mm-camera: <MCT   >< INFO> 5344: mct_pipeline_start_session_thread: started_num = 3, success = 3
05-07 03:24:39.275   665   665 I BTAudioProviderA2dpSoftware: A2dpSoftwareAudioProvider - size of audio buffer 7168 byte(s)
05-07 03:24:39.275   669  1249 I mm-camera: <MCT   >< INFO> 5351: mct_pipeline_start_session_thread: X pproc
05-07 03:24:39.275   665   665 I BTAudioProviderHearingAid: HearingAidAudioProvider - size of audio buffer 3584 byte(s)
05-07 03:24:39.275   669  1250 I mm-camera: <MCT   >< INFO> 5326: mct_pipeline_start_session_thread: E imglib
05-07 03:24:39.275   669  1250 I mm-camera: <MCT   >< INFO> 5333: mct_pipeline_start_session_thread: Calling start_session on Module imglib
05-07 03:24:39.276   669  1250 I mm-camera: <MCT   >< INFO> 5336: mct_pipeline_start_session_thread: Module imglib start_session rc = 1
05-07 03:24:39.276   669  1250 I mm-camera: <MCT   >< INFO> 5344: mct_pipeline_start_session_thread: started_num = 4, success = 4
05-07 03:24:39.276   669  1250 I mm-camera: <MCT   >< INFO> 5351: mct_pipeline_start_session_thread: X imglib
05-07 03:24:39.276   669  1244 I mm-camera: <MCT   >< INFO> 5336: mct_pipeline_start_session_thread: Module stats start_session rc = 1
05-07 03:24:39.276   669  1244 I mm-camera: <MCT   >< INFO> 5344: mct_pipeline_start_session_thread: started_num = 5, success = 5
05-07 03:24:39.276   669  1244 I mm-camera: <MCT   >< INFO> 5351: mct_pipeline_start_session_thread: X stats
05-07 03:24:39.276   665   665 I ServiceManagement: Registered android.hardware.bluetooth.audio@2.0::IBluetoothAudioProvidersFactory/default (start delay of 2369ms)
05-07 03:24:39.276   665   665 I audiohalservice: Registration complete for android.hardware.bluetooth.audio@2.0::IBluetoothAudioProvidersFactory/default.
05-07 03:24:39.277   499   499 I hwservicemanager: getTransport: Cannot find entry android.hardware.bluetooth.a2dp@1.0::IBluetoothAudioOffload/default in either framework or device manifest.
05-07 03:24:39.277     0     0 I MSM-CPP cpp_init_hardware: 1135 CPP HW Version: 0x60010002
05-07 03:24:39.277     0     0 E MSM-CPP cpp_init_hardware: 1153 stream_cnt:0
05-07 03:24:39.277   665   665 E audiohalservice: Could not get passthrough implementation for android.hardware.bluetooth.a2dp@1.0::IBluetoothAudioOffload/default.
05-07 03:24:39.277   665   665 W audiohalservice: Could not register Bluetooth audio offload 1.0
05-07 03:24:39.337     0     0 I msm_csid_init: CSID_VERSION = 0x30050000
05-07 03:24:39.338     0     0 E         : msm_csid_irq CSID0_IRQ_STATUS_ADDR = 0x800
05-07 03:24:39.342   935  1023 I ServiceManager: Waiting for service 'package_native' on '/dev/binder'...
05-07 03:24:39.343   713   713 D SurfaceFlinger: Finished setting power mode 2 on display 0
05-07 03:24:39.346   669  1238 I mm-camera: <MCT   >< INFO> 5336: mct_pipeline_start_session_thread: Module sensor start_session rc = 1
05-07 03:24:39.346   669  1238 I mm-camera: <MCT   >< INFO> 5344: mct_pipeline_start_session_thread: started_num = 6, success = 6
05-07 03:24:39.346   669  1238 I mm-camera: <MCT   >< INFO> 5351: mct_pipeline_start_session_thread: X sensor
05-07 03:24:39.352   669   669 I mm-camera: <MCT   >< INFO> 5247: mct_pipeline_start_stream_internal: Adding session stream streamid= 0xf for session=3
05-07 03:24:39.353   669   669 I mm-camera: <MCT   >< INFO> 5295: mct_pipeline_start_stream_internal: Linking session stream for session 3
05-07 03:24:39.353   669   669 I mm-camera: <MCT   >< INFO> 526: mct_stream_start_link: Start linking Session-stream 0x3000f
05-07 03:24:39.353   669   669 I mm-camera: <IFACE >< INFO> 344: iface_util_find_primary_cid: iface_util_find_primary_cid:344 error cannot find primary sensor format cids 1
05-07 03:24:39.353   669   669 I mm-camera: <ISP   >< INFO> 851: isp_port_check_caps_reserve: port 0xe5fbd0c0 ide 3000f type 10 dim 0 0
05-07 03:24:39.353   669   669 I mm-camera: <PPROC >< INFO> 449: pproc_port_add_modules_to_stream: in identity 3000f stream 10 int_link = 0xe5ba0940
05-07 03:24:39.353   669   669 I mm-camera: <PPROC >< INFO> 461: pproc_port_add_modules_to_stream: :LINK linking mods tmod and paaf for identity 3000f
05-07 03:24:39.354   669   669 I mm-camera: <PPROC >< INFO> 461: pproc_port_add_modules_to_stream: :LINK linking mods paaf and sat for identity 3000f
05-07 03:24:39.354   669   669 I mm-camera: <PPROC >< INFO> 461: pproc_port_add_modules_to_stream: :LINK linking mods sat and c2d for identity 3000f
05-07 03:24:39.354   669   669 I mm-camera: <C2D   >< INFO> 1557: c2d_module_notify_add_stream: width 0, height 0, stride 0, scanline 0, is_type 0
05-07 03:24:39.354   669   669 I mm-camera: <PPROC >< INFO> 461: pproc_port_add_modules_to_stream: :LINK linking mods c2d and cpp for identity 3000f
05-07 03:24:39.354   669   669 I mm-camera: <CPP   >< INFO> 2538: cpp_module_notify_add_stream: :stream 10, width 0, height 0, stride 0,scanline 0, framelen 0
05-07 03:24:39.354   669   669 I mm-camera: <CPP   >< INFO> 2695: cpp_module_notify_add_stream: : stream 10, fmt 1, asf_mode 0, sharpness_level 0.000000,asf mask 0, denoise 0, denoise_mask 0, dsdn mask 0,dsdn enable 0, tnr mask 0, tnr enable 0, ds_mask 0, luma dsdn 0
05-07 03:24:39.354   669   669 I mm-camera: <PPROC >< INFO> 461: pproc_port_add_modules_to_stream: :LINK linking mods cpp and depth_map for identity 3000f
05-07 03:24:39.354   669   669 I mm-camera: <PPROC >< INFO> 461: pproc_port_add_modules_to_stream: :LINK linking mods depth_map and ezt for identity 3000f
05-07 03:24:39.354   669   669 I mm-camera: <PPROC >< INFO> 461: pproc_port_add_modules_to_stream: :LINK linking mods ezt and quadracfa for identity 3000f
05-07 03:24:39.355   669   669 E mm-camera: <STATS ><ERROR> 3027: stats_port_check_caps_reserve: Invalid Port capability type!
05-07 03:24:39.355   669   669 I chatty  : uid=1047(cameraserver) provider@2.4-se identical 3 lines
05-07 03:24:39.355   669   669 E mm-camera: <STATS ><ERROR> 3027: stats_port_check_caps_reserve: Invalid Port capability type!
05-07 03:24:39.356   669   669 I mm-camera: <MCT   >< INFO> 5304: mct_pipeline_start_stream_internal: Session stream linked successfully session 3
05-07 03:24:39.359   669  1236 E mm-camera: <IMGLIB><ERROR> 322: module_depth_map_handle_ctrl_parm: E
05-07 03:24:39.359   669  1236 E mm-camera: <IMGLIB><ERROR> 430: module_depth_map_set_config_param: X
05-07 03:24:39.359   669  1236 E mm-camera: <IMGLIB><ERROR> 254: module_depth_map_send_config_data: CAM_STREAM_TYPE_DEPTH not set !!
05-07 03:24:39.359   669  1236 E mm-camera: <IMGLIB><ERROR> 369: module_depth_map_handle_ctrl_parm: Error module_depth_map_send_config_data
05-07 03:24:39.359   669  1236 E mm-camera: <IMGLIB><ERROR> 373: module_depth_map_handle_ctrl_parm: X
05-07 03:24:39.359   669  1236 E mm-camera: <IMGLIB><ERROR> 880: module_imgbase_process_param: [depth_map] handle_ctrl_parm error : type=10, rc=-5
05-07 03:24:39.359   669  1236 I mm-camera: <IFACE >< INFO> 6274: iface_util_set_dis_enable_flag: iface_util_set_dis_enable_flag:6274 DIS enable flag = 0
05-07 03:24:39.361   669   669 I Thermal-Lib: Thermal-Lib-Client: Registration successful for camera with handle:1
05-07 03:24:39.361   669   669 I Thermal-Lib: Thermal-Lib-Client: Registration successful for camcorder with handle:2
05-07 03:24:39.361   669   669 I QCamera : <HAL><INFO> openCamera: 1931: [KPI Perf]: X PROFILE_OPEN_CAMERA camera id 0, rc: 0
05-07 03:24:39.361   669   669 I QCamera : <HAL><INFO> close_camera_device: 1530: [KPI Perf]: E camera id 0
05-07 03:24:39.361   893   970 I ThermalEngine: Thermal-Server: Adding thermal event listener on fd 36
05-07 03:24:39.362   669  1265 I Thermal-Lib: Thermal-Lib-Client: Client received msg camera 0
05-07 03:24:39.362   669  1265 I Thermal-Lib: Thermal-Lib-Client: Client received msg camcorder 0
05-07 03:24:39.362   669  1236 E mm-camera: <IMGLIB><ERROR> 322: module_depth_map_handle_ctrl_parm: E
05-07 03:24:39.362   669  1236 E mm-camera: <IMGLIB><ERROR> 430: module_depth_map_set_config_param: X
05-07 03:24:39.362   669  1236 E mm-camera: <IMGLIB><ERROR> 254: module_depth_map_send_config_data: CAM_STREAM_TYPE_DEPTH not set !!
05-07 03:24:39.362   669  1236 E mm-camera: <IMGLIB><ERROR> 369: module_depth_map_handle_ctrl_parm: Error module_depth_map_send_config_data
05-07 03:24:39.362   669  1236 E mm-camera: <IMGLIB><ERROR> 373: module_depth_map_handle_ctrl_parm: X
05-07 03:24:39.362   669  1236 E mm-camera: <IMGLIB><ERROR> 880: module_imgbase_process_param: [depth_map] handle_ctrl_parm error : type=10, rc=-5
05-07 03:24:39.362   669  1236 E mm-camera: <IMGLIB><ERROR> 322: module_depth_map_handle_ctrl_parm: E
05-07 03:24:39.362   669  1236 E mm-camera: <IMGLIB><ERROR> 430: module_depth_map_set_config_param: X
05-07 03:24:39.362   669  1236 E mm-camera: <IMGLIB><ERROR> 254: module_depth_map_send_config_data: CAM_STREAM_TYPE_DEPTH not set !!
05-07 03:24:39.362   669  1236 E mm-camera: <IMGLIB><ERROR> 369: module_depth_map_handle_ctrl_parm: Error module_depth_map_send_config_data
05-07 03:24:39.362   669  1236 E mm-camera: <IMGLIB><ERROR> 373: module_depth_map_handle_ctrl_parm: X
05-07 03:24:39.362   669  1236 E mm-camera: <IMGLIB><ERROR> 880: module_imgbase_process_param: [depth_map] handle_ctrl_parm error : type=10, rc=-5
05-07 03:24:39.364   669   669 E QCamera : <HAL><ERROR> acquirePerfLock: 614: Failed to acquire the perf lock
05-07 03:24:39.364   669   669 I QCamera : <HAL><INFO> closeCamera: 2333: E
05-07 03:24:39.364   669   669 I QCamera : <HAL><INFO> closeCamera: 2338: [KPI Perf]: E PROFILE_CLOSE_CAMERA camera id 0
05-07 03:24:39.364   669  1236 I mm-camera: <ISP   >< INFO> 7159: isp_util_print_meta_stream_info: Deallocate resources
05-07 03:24:39.364   669  1160 E mm-camera: <IMGLIB><ERROR> 297: AllocateBuffers: Invalid dimensions 0x0
05-07 03:24:39.364   669  1160 E mm-camera: <IMGLIB><ERROR> 197: img_algo_preload: Preload: Failed to allocate buffer, rc -4
05-07 03:24:39.364   669  1160 E mm-camera: <IMGLIB><ERROR> 127: module_imgbase_client_preload_exec: IMG_CORE_PRELOAD failed -4
05-07 03:24:39.364   669  1236 I mm-camera: <ISP   >< INFO> 7490: isp_util_handle_stream_info: streams_desc num_streams is 0 
05-07 03:24:39.365   669  1236 I mm-camera: <IFACE >< INFO> 6384: iface_util_handle_meta_stream_info: iface_util_handle_meta_stream_info: ms_type 0 num streams 0
05-07 03:24:39.366   669   669 I Thermal-Lib: thermal_bandwidth_client_cancel_request: Removing all bw request for camera_bw
05-07 03:24:39.366   669   669 I Thermal-Lib: Thermal-Lib-Client: Unregisteration is successfull for handle:1
05-07 03:24:39.366   893   970 I ThermalEngine: Thermal-Server: removing client on fd 36
05-07 03:24:39.366   669   669 I Thermal-Lib: Thermal-Lib-Client: Unregisteration is successfull for handle:2
05-07 03:24:39.367   669   669 I mm-camera: <MCT   >< INFO> 310: mct_controller_destroy: Initiating destroy sequence for session = 3
05-07 03:24:39.367   669   669 I mm-camera: <MCT   >< INFO> 328: mct_controller_destroy: serv_thread closed
05-07 03:24:39.367   669   669 I mm-camera: <MCT   >< INFO> 343: mct_controller_destroy: bus_handler thread closed
05-07 03:24:39.367   669   669 I mm-camera: <MCT   >< INFO> 5404: mct_pipeline_stop_session: Initiating stop_session on session 3
05-07 03:24:39.367   669   669 I mm-camera: <MCT   >< INFO> 4288: mct_pipeline_process_set: command=800000b
05-07 03:24:39.367   669   669 I mm-camera: <MCT   >< INFO> 4533: mct_pipeline_process_set: Issuing DEL_STREAM on stream 0x3000f and stream type=10
05-07 03:24:39.376     0     0 I msm_cci_init: 1440: hw_version = 0x10060000
05-07 03:24:39.376     0     0 I         : @@@ original_sid = 0x10, valid_flag = 0x01, eeprom_version = 0x01, checksum = 0x03
05-07 03:24:39.377     0     0 I         : @@@ rc = 0, camera_sid = 0x10, eeprom_reg_addr = 0x03 , eeprom_reg_value = 0x32
05-07 03:24:39.377     0     0 I         : @@@ rc = 0, camera_sid = 0x10, eeprom_reg_addr = 0x04 , eeprom_reg_value = 0x30
05-07 03:24:39.377     0     0 I         : @@@ rc = 0, camera_sid = 0x10, eeprom_reg_addr = 0x05 , eeprom_reg_value = 0x32
05-07 03:24:39.377     0     0 I         : @@@ rc = 0, camera_sid = 0x10, eeprom_reg_addr = 0x06 , eeprom_reg_value = 0x30
05-07 03:24:39.377     0     0 I         : @@@ rc = 0, camera_sid = 0x10, eeprom_reg_addr = 0x07 , eeprom_reg_value = 0x30
05-07 03:24:39.377     0     0 I         : @@@ rc = 0, camera_sid = 0x10, eeprom_reg_addr = 0x08 , eeprom_reg_value = 0x36
05-07 03:24:39.378     0     0 I         : @@@ rc = 0, camera_sid = 0x10, eeprom_reg_addr = 0x09 , eeprom_reg_value = 0x30
05-07 03:24:39.378     0     0 I         : @@@ rc = 0, camera_sid = 0x10, eeprom_reg_addr = 0x0a , eeprom_reg_value = 0x34
05-07 03:24:39.378     0     0 I         : @@@ rc = 0, camera_sid = 0x10, eeprom_reg_addr = 0x0b , eeprom_reg_value = 0x32
05-07 03:24:39.378     0     0 I         : @@@ rc = 0, camera_sid = 0x10, eeprom_reg_addr = 0x0c , eeprom_reg_value = 0x31
05-07 03:24:39.407     0     0 I         : usbin-plugin, current_max=75000, current_now=1011229
05-07 03:24:39.417     0     0 I usbpd0  : Type-C Source (default) connected
05-07 03:24:39.417     0     0 I usbpd0  : start_usb_peripheral
05-07 03:24:39.421     0     0 W healthd : battery l=96 v=4067 t=24.0 h=2 st=4 c=-1011 fc=3951000 cc=22 fcd=4000000 chg=u
05-07 03:24:39.424     0     0 E msm-usb-ssphy-qmp c010000.ssphy: USB QMP PHY: Update TYPEC CTRL(3)
05-07 03:24:39.425     0     0 I msm-dwc3 a800000.ssusb: DWC3 exited from low power mode
05-07 03:24:39.442   935  1023 I ServiceManager: Waiting for service 'package_native' on '/dev/binder'...
05-07 03:24:39.456   669  1240 E mm-camera: <SENSOR><ERROR> ov8856_gt24p64b_get_calibration_items: 30: is_insensor:0, is_afc:1, is_wbc:1, is_lsc:1, is_dpc:0, is_ois:0, is_dual:0
05-07 03:24:39.463   669   669 I mm-camera: <IFACE >< INFO> 700: iface_unreserve_sink_port: stream_id f mode 0 
05-07 03:24:39.463   669   669 I mm-camera: <ISP   >< INFO> 941: isp_port_check_caps_unreserve: ide 3000f port 0xe5fbd0c0
05-07 03:24:39.464   669   669 I mm-camera: <MCT   >< INFO> 4556: mct_pipeline_process_set: Stream 0x3000f and stream type=10, successfully deleted
05-07 03:24:39.465   669  1267 I mm-camera: <MCT   >< INFO> 5138: mct_pipeline_stop_session_thread: Stop module name: sensor - E
05-07 03:24:39.465   669  1268 I mm-camera: <MCT   >< INFO> 5138: mct_pipeline_stop_session_thread: Stop module name: iface - E
05-07 03:24:39.465   669  1268 I mm-camera: <MCT   >< INFO> 5146: mct_pipeline_stop_session_thread: Stop module name: iface - X
05-07 03:24:39.465   669  1270 I mm-camera: <MCT   >< INFO> 5138: mct_pipeline_stop_session_thread: Stop module name: stats - E
05-07 03:24:39.466   669  1269 I mm-camera: <MCT   >< INFO> 5138: mct_pipeline_stop_session_thread: Stop module name: isp - E
05-07 03:24:39.466   669  1269 I mm-camera: <ISP   >< INFO> 510: isp_module_stop_session: session id 3
05-07 03:24:39.466   669  1267 I mm-camera: <MCT   >< INFO> 5146: mct_pipeline_stop_session_thread: Stop module name: sensor - X
05-07 03:24:39.466   669  1271 I mm-camera: <MCT   >< INFO> 5138: mct_pipeline_stop_session_thread: Stop module name: pproc - E
05-07 03:24:39.467   669  1272 I mm-camera: <MCT   >< INFO> 5138: mct_pipeline_stop_session_thread: Stop module name: imglib - E
05-07 03:24:39.467   669   669 I mm-camera: <MCT   >< INFO> 5426: mct_pipeline_stop_session: Modules left: 5
05-07 03:24:39.467   669   669 I mm-camera: <MCT   >< INFO> 5426: mct_pipeline_stop_session: Modules left: 4
05-07 03:24:39.467     0     0 I MSM-CPP cpp_release_hardware: 1216 cpp hw release done
05-07 03:24:39.468   669  1269 I mm-camera: <MCT   >< INFO> 5146: mct_pipeline_stop_session_thread: Stop module name: isp - X
05-07 03:24:39.468   669   669 I mm-camera: <MCT   >< INFO> 5426: mct_pipeline_stop_session: Modules left: 3
05-07 03:24:39.468   669  1272 I mm-camera: <MCT   >< INFO> 5146: mct_pipeline_stop_session_thread: Stop module name: imglib - X
05-07 03:24:39.468   669   669 I mm-camera: <MCT   >< INFO> 5426: mct_pipeline_stop_session: Modules left: 2
05-07 03:24:39.469   669  1271 E mm-camera: <IMGLIB><ERROR> 328: AllocateBuffers: Nothing allocated or already freed!
05-07 03:24:39.469   669  1271 I mm-camera: <MCT   >< INFO> 5146: mct_pipeline_stop_session_thread: Stop module name: pproc - X
05-07 03:24:39.469   669   669 I mm-camera: <MCT   >< INFO> 5426: mct_pipeline_stop_session: Modules left: 1
05-07 03:24:39.472   669  1270 I mm-camera: <MCT   >< INFO> 5146: mct_pipeline_stop_session_thread: Stop module name: stats - X
05-07 03:24:39.472   669   669 I mm-camera: <MCT   >< INFO> 5426: mct_pipeline_stop_session: Modules left: 0
05-07 03:24:39.472   669   669 I mm-camera: <MCT   >< INFO> 5436: mct_pipeline_stop_session: Stopped session 3 successfully
05-07 03:24:39.472   669   669 I mm-camera: <MCT   >< INFO> 5740: mct_pipeline_destroy: E: session:3
05-07 03:24:39.472   669   669 E mm-camera: <MCT   ><ERROR> 179: stop_sof_check_thread: Returning as SOF timer thread not yet initialized
05-07 03:24:39.472   669   669 I mm-camera: <MCT   >< INFO> 5818: mct_pipeline_destroy: X: Pipeline destroyed successfully session =3
05-07 03:24:39.472   669   669 I mm-camera: <MCT   >< INFO> 422: mct_controller_destroy: X Successfully closed mct_controller session 3
05-07 03:24:39.473     0     0 I msm_pm_qos_update_request: update request -1
05-07 03:24:39.473     0     0 I msm_pm_qos_add_request: add request
05-07 03:24:39.473   669   669 I QCamera : <HAL><INFO> closeCamera: 2409: [KPI Perf]: X PROFILE_CLOSE_CAMERA camera id 0, rc: 0
05-07 03:24:39.473   669   669 I QCamera : <HAL><INFO> close_camera_device: 1548: [KPI Perf]: X
05-07 03:24:39.474   669   669 I QCamera : <HAL><INFO> getCameraInfo: 359: Camera id 1 API version 768
05-07 03:24:39.474   669   669 D QCamera : Debug log file is not enabled
05-07 03:24:39.474     0     0 I msm_pm_qos_update_request: update request 100
05-07 03:24:39.474     0     0 I msm_pm_qos_add_request: add request
05-07 03:24:39.474   669   669 I mm-camera: <MCT   >< INFO> 118: mct_controller_new: Creating new mct_controller with session-id 4
05-07 03:24:39.474  1223  1223 D BootAnimation: BootAnimationStartTiming start time: 8247ms
05-07 03:24:39.474  1223  1223 D BootAnimation: BootAnimationPreloadTiming start time: 8247ms
05-07 03:24:39.474  1223  1223 D BootAnimation: Animation customzation path: 
05-07 03:24:39.475   669  1277 I mm-camera: <MCT   >< INFO> 5326: mct_pipeline_start_session_thread: E sensor
05-07 03:24:39.475   669  1277 I mm-camera: <MCT   >< INFO> 5333: mct_pipeline_start_session_thread: Calling start_session on Module sensor
05-07 03:24:39.475   669  1278 I mm-camera: <MCT   >< INFO> 5326: mct_pipeline_start_session_thread: E iface
05-07 03:24:39.475   669  1278 I mm-camera: <MCT   >< INFO> 5333: mct_pipeline_start_session_thread: Calling start_session on Module iface
05-07 03:24:39.475   669  1280 I mm-camera: <MCT   >< INFO> 5326: mct_pipeline_start_session_thread: E isp
05-07 03:24:39.475  1223  1223 D BootAnimation: BootAnimationPreloadStopTiming start time: 8248ms
05-07 03:24:39.475   669  1280 I mm-camera: <MCT   >< INFO> 5333: mct_pipeline_start_session_thread: Calling start_session on Module isp
05-07 03:24:39.475   669  1280 I mm-camera: <ISP   >< INFO> 214: isp_module_start_session: session id 4 
05-07 03:24:39.475   669  1278 I mm-camera: <MCT   >< INFO> 5336: mct_pipeline_start_session_thread: Module iface start_session rc = 1
05-07 03:24:39.475   669  1278 I mm-camera: <MCT   >< INFO> 5344: mct_pipeline_start_session_thread: started_num = 1, success = 1
05-07 03:24:39.475   669  1278 I mm-camera: <MCT   >< INFO> 5351: mct_pipeline_start_session_thread: X iface
05-07 03:24:39.475     0     0 I msm_csid_init: CSID_VERSION = 0x30050000
05-07 03:24:39.475   669  1281 I mm-camera: <MCT   >< INFO> 5326: mct_pipeline_start_session_thread: E stats
05-07 03:24:39.475   669  1281 I mm-camera: <MCT   >< INFO> 5333: mct_pipeline_start_session_thread: Calling start_session on Module stats
05-07 03:24:39.476   669  1285 I mm-camera: <MCT   >< INFO> 5326: mct_pipeline_start_session_thread: E pproc
05-07 03:24:39.476     0     0 E         : msm_csid_irq CSID1_IRQ_STATUS_ADDR = 0x800
05-07 03:24:39.476   669  1285 I mm-camera: <MCT   >< INFO> 5333: mct_pipeline_start_session_thread: Calling start_session on Module pproc
