01-28 19:28:40.499     0     0 I usb_oem_probe: usbPortsSpeedCfg[2].portU3Path=
01-28 19:28:40.499     0     0 E         : usbPortPathInit 542 read path failed: typea-ex4-u2-path
01-28 19:28:40.499     0     0 I usb_oem_probe: usbPortsSpeedCfg[3].portU2Path=
01-28 19:28:40.499     0     0 E         : usbPortPathInit 542 read path failed: typea-ex4-u3-path
01-28 19:28:40.499     0     0 I usb_oem_probe: usbPortsSpeedCfg[3].portU3Path=
01-28 19:28:40.499     0     0 E         : usbPortPathInit 542 read path failed: typea-ex5-u2-path
01-28 19:28:40.499     0     0 I usb_oem_probe: usbPortsSpeedCfg[4].portU2Path=
01-28 19:28:40.499     0     0 E         : usbPortPathInit 542 read path failed: typea-ex5-u3-path
01-28 19:28:40.499     0     0 I usb_oem_probe: usbPortsSpeedCfg[4].portU3Path=
01-28 19:28:40.499     0     0 E         : usbPortPathInit 542 read path failed: micro-usb1-path
01-28 19:28:40.499     0     0 I usb_oem_probe: usbPortsSpeedCfg[5].portU2Path=
01-28 19:28:40.499     0     0 I usb_oem_probe: usbPortsSpeedCfg[5].portU3Path=
01-28 19:28:40.499     0     0 E         : usbPortPathInit 542 read path failed: micro-usb2-path
01-28 19:28:40.499     0     0 I usb_oem_probe: usbPortsSpeedCfg[6].portU2Path=
01-28 19:28:40.499     0     0 I usb_oem_probe: usbPortsSpeedCfg[6].portU3Path=
01-28 19:28:40.499     0     0 E         : usbPortPathInit 542 read path failed: micro-usb3-path
01-28 19:28:40.499     0     0 I usb_oem_probe: usbPortsSpeedCfg[7].portU2Path=
01-28 19:28:40.499     0     0 I usb_oem_probe: usbPortsSpeedCfg[7].portU3Path=
01-28 19:28:40.499     0     0 E         : usbPortPathInit 542 read path failed: micro-usb4-path
01-28 19:28:40.499     0     0 I usb_oem_probe: usbPortsSpeedCfg[8].portU2Path=
01-28 19:28:40.499     0     0 I usb_oem_probe: usbPortsSpeedCfg[8].portU3Path=
01-28 19:28:40.499     0     0 I usb_ports_pwr_reset(): enter
01-28 19:28:40.499     0     0 E usb_ports_pwr_reset: usbPortConf_func[HUB3_PWR_CFG].pSet is NULL, please check it.
01-28 19:28:40.499     0     0 E usb_ports_pwr_reset: usbPortConf_func[HUB2_PWR_CFG].pSet is NULL, please check it.
01-28 19:28:40.499     0     0 I usb_oem_probe: succeed exit!
01-28 19:28:40.499     0     0 I input   : soc:gpio_keys as /devices/platform/soc/soc:gpio_keys/input/input3
01-28 19:28:40.500     0     0 I qcom,qpnp-rtc 800f000.qcom,spmi: qcom,pm660@0:qcom,pm660_rtc: setting system clock to 1970-01-29 00:28:40 UTC (2420920)
01-28 19:28:40.501     0     0 E lpm_levels: register_cluster_lpm_stats()
01-28 19:28:40.501     0     0 E lpm_levels: register_cluster_lpm_stats()
01-28 19:28:40.505     0     0 I gfx_mem_acc_corner: disabling
01-28 19:28:40.505     0     0 I gdsc_ufs: disabling
01-28 19:28:40.505     0     0 I cam_vadd_gpio_regulator: disabling
01-28 19:28:40.505     0     0 I cam_vaf_gpio_regulator: disabling
01-28 19:28:40.505     0     0 I cam_rear_dvdd_gpio_regulator: disabling
01-28 19:28:40.505     0     0 I apc0_pwrcl_corner: disabling
01-28 19:28:40.505     0     0 I apc1_perfcl_corner: disabling
01-28 19:28:40.505     0     0 I regulator_proxy_consumer_remove_all: removing regulator proxy consumer requests
01-28 19:28:40.505     0     0 I         : ALSA device list:
01-28 19:28:40.505     0     0 I         : No soundcards found.
01-28 19:28:40.595     0     0 I         : Freeing unused kernel memory: 6144K
01-28 19:28:40.598     0     0 I init    : init first stage started!
01-28 19:28:40.599     0     0 I init    : [libfs_mgr]dt_fstab: Skip disabled entry for partition vendor
01-28 19:28:40.599     0     0 I init    : [libfs_mgr]ReadFstabFromDt(): failed to read fstab from dt
01-28 19:28:40.599     0     0 I init    : [libfs_mgr]dt_fstab: Skip disabled entry for partition vendor
01-28 19:28:40.599     0     0 I init    : Using Android DT directory /proc/device-tree/firmware/android/
01-28 19:28:40.621     0     0 I init    : [libfs_mgr]Created logical partition system_a on device /dev/block/dm-0
01-28 19:28:40.621     0     0 I init    : [libfs_mgr]Skipping zero-length logical partition: system_b
01-28 19:28:40.622     0     0 I init    : [libfs_mgr]Created logical partition product_a on device /dev/block/dm-1
01-28 19:28:40.622     0     0 I init    : [libfs_mgr]Skipping zero-length logical partition: product_b
01-28 19:28:40.622     0     0 I init    : [libfs_mgr]Created logical partition vendor_a on device /dev/block/dm-2
01-28 19:28:40.628     0     0 I EXT4-fs (mmcblk0p52): mounted filesystem with ordered data mode. Opts: discard
01-28 19:28:40.636     0     0 I device-mapper: verity: sha1 using implementation "sha1-ce"
01-28 19:28:40.644     0     0 W EXT4-fs (dm-3): mounting with "discard" option, but the device does not support discard
01-28 19:28:40.644     0     0 I EXT4-fs (dm-3): mounted filesystem without journal. Opts: barrier=1,discard
01-28 19:28:40.667     0     0 I device-mapper: verity: sha1 using implementation "sha1-ce"
01-28 19:28:40.674     0     0 W EXT4-fs (dm-4): mounting with "discard" option, but the device does not support discard
01-28 19:28:40.674     0     0 I EXT4-fs (dm-4): mounted filesystem without journal. Opts: barrier=1,discard
01-28 19:28:40.675     0     0 I device-mapper: verity: sha1 using implementation "sha1-ce"
01-28 19:28:40.698     0     0 W EXT4-fs (dm-5): mounting with "discard" option, but the device does not support discard
01-28 19:28:40.698     0     0 I EXT4-fs (dm-5): mounted filesystem without journal. Opts: barrier=1,discard
01-28 19:28:40.738     0     0 W init    : 21 output lines suppressed due to ratelimiting
01-28 19:28:40.830     0     0 I of_batterydata_get_best_profile: 4645770_nonpayment_e864455_4100mah_averaged_masterslave_sept21st2020 found
01-28 19:28:40.830     0     0 E FG      : fg_get_batt_profile: battery fastchg current unavailable, rc:-22
01-28 19:28:40.897     0     0 I init    : Loading SELinux policy
01-28 19:28:40.924     0     0 D SELinux : 16384 avtab hash slots, 50144 rules.
01-28 19:28:40.949     0     0 D SELinux : 16384 avtab hash slots, 50144 rules.
01-28 19:28:40.949     0     0 D SELinux : 1 users, 4 roles, 2234 types, 0 bools, 1 sens, 1024 cats
01-28 19:28:40.949     0     0 D SELinux : 97 classes, 50144 rules
01-28 19:28:40.951     0     0 I SELinux : Permission nlmsg_readpriv in class netlink_route_socket not defined in policy.
01-28 19:28:40.952     0     0 I SELinux : the above unknown classes and permissions will be denied
01-28 19:28:40.952     0     0 I SELinux : policy capability network_peer_controls=1
01-28 19:28:40.952     0     0 I SELinux : policy capability open_perms=1
01-28 19:28:40.952     0     0 I SELinux : policy capability extended_socket_class=1
01-28 19:28:40.952     0     0 I SELinux : policy capability always_check_network=0
01-28 19:28:40.952     0     0 I SELinux : policy capability cgroup_seclabel=0
01-28 19:28:40.952     0     0 I SELinux : policy capability nnp_nosuid_transition=1
01-28 19:28:40.952     0     0 D SELinux : Completing initialization.
01-28 19:28:40.952     0     0 D SELinux : Setting up existing superblocks.
01-28 19:28:40.999   497   497 I auditd  : type=1403 audit(0.0:2): policy loaded auid=4294967295 ses=4294967295
01-28 19:28:40.999   497   497 I auditd  : type=1403 audit(0.0:2): policy loaded auid=4294967295 ses=4294967295
01-28 19:28:40.999   497   497 I auditd  : type=1404 audit(0.0:3): enforcing=1 old_enforcing=0 auid=4294967295 ses=4294967295
01-28 19:28:40.999   497   497 W auditd  : type=1404 audit(0.0:3): enforcing=1 old_enforcing=0 auid=4294967295 ses=4294967295
01-28 19:28:41.015     0     0 I selinux : SELinux: Loaded policy from /vendor/etc/selinux/precompiled_sepolicy
01-28 19:28:41.020     0     0 I selinux : SELinux: Loaded file_contexts
01-28 19:28:41.039     0     0 I init    : init second stage started!
01-28 19:28:41.057     0     0 I init    : Using Android DT directory /proc/device-tree/firmware/android/
01-28 19:28:41.060     0     0 I selinux : SELinux: Loaded file_contexts
01-28 19:28:41.060     0     0 I init    : Running restorecon...
01-28 19:28:41.079     0     0 E selinux : avc:  denied  { set } for  scontext=u:r:vendor_init:s0 tcontext=u:object_r:default_prop:s0 tclass=property_service permissive=0
01-28 19:28:41.079     0     0 E init    : Do not have permissions to set 'ro.product.vendor.otadevice' to 'ota.sdm660_64' in property file '/vendor/build.prop': SELinux permission check failed
01-28 19:28:41.079     0     0 E selinux : avc:  denied  { set } for  scontext=u:r:vendor_init:s0 tcontext=u:object_r:default_prop:s0 tclass=property_service permissive=0
01-28 19:28:41.079     0     0 E init    : Do not have permissions to set 'ro.product.vendor.otamodel' to 'ota.sdm660_64' in property file '/vendor/build.prop': SELinux permission check failed
01-28 19:28:41.079     0     0 E selinux : avc:  denied  { set } for  scontext=u:r:vendor_init:s0 tcontext=u:object_r:default_prop:s0 tclass=property_service permissive=0
01-28 19:28:41.079     0     0 E init    : Do not have permissions to set 'ro.product.vendor.otaname' to 'ota.sdm660_64' in property file '/vendor/build.prop': SELinux permission check failed
01-28 19:28:41.235     0     0 I ueventd : ueventd started!
01-28 19:28:41.238     0     0 I selinux : SELinux: Loaded file_contexts
01-28 19:28:41.238     0     0 I ueventd : Parsing file /ueventd.rc...
01-28 19:28:41.239     0     0 I ueventd : Parsing file /vendor/ueventd.rc...
01-28 19:28:41.242     0     0 E ueventd : /vendor/ueventd.rc: 191: /sys/ lines must have 5 entries
01-28 19:28:41.243     0     0 I ueventd : Parsing file /odm/ueventd.rc...
01-28 19:28:41.243     0     0 I ueventd : Unable to read config file '/odm/ueventd.rc': open() failed: No such file or directory
01-28 19:28:41.243     0     0 I ueventd : Parsing file /ueventd.qcom.rc...
01-28 19:28:41.243     0     0 I ueventd : Unable to read config file '/ueventd.qcom.rc': open() failed: No such file or directory
01-28 19:28:41.251     0     0 I apexd   : Bootstrap subcommand detected
01-28 19:28:41.257     0     0 I apexd   : Scanning /system/apex for embedded keys
01-28 19:28:41.257     0     0 I apexd   : Scanning /product/apex for embedded keys
01-28 19:28:41.257     0     0 I apexd   : ... does not exist. Skipping
01-28 19:28:41.257     0     0 I apexd   : Scanning /system/apex looking for APEX packages.
01-28 19:28:41.257     0     0 I apexd   : Found /system/apex/com.android.conscrypt
01-28 19:28:41.258     0     0 I apexd   : Skipped when bootstrapping
01-28 19:28:41.258     0     0 I apexd   : Found /system/apex/com.android.media
01-28 19:28:41.258     0     0 I apexd   : Skipped when bootstrapping
01-28 19:28:41.258     0     0 I apexd   : Found /system/apex/com.android.tzdata
01-28 19:28:41.260     0     0 W apexd   : 9 output lines suppressed due to ratelimiting
01-28 19:28:41.260     0     0 I         : apexd (482) used greatest stack depth: 11664 bytes left
01-28 19:28:41.376     0     0 W q6_pdr_dlkm: loading out-of-tree module taints kernel.
01-28 19:28:41.396     0     0 W adsp_loader_dlkm: no symbol version for apr_set_modem_state
01-28 19:28:41.704     0     0 E pmic_analog_codec 800f000.qcom,spmi: qcom,pm660l@3:anlg-cdc@f000: Adsp is not loaded yet 0
01-28 19:28:41.732     0     0 I chatty  : uid=0(root) logd identical 1 line
01-28 19:28:41.733     0     0 E pmic_analog_codec 800f000.qcom,spmi: qcom,pm660l@3:anlg-cdc@f000: Adsp is not loaded yet 0
01-28 19:28:41.817     0     0 I oem-init: /vendor/bin/oem_init start with 1 parameters
01-28 19:28:41.817     0     0 I oem-init: sysfs:path sys/devices/soc0/project_id data 48 size 4
01-28 19:28:41.817     0     0 I oem-init: Project id: 48
01-28 19:28:41.817     0     0 I oem-init: model id: M50
01-28 19:28:41.817     0     0 I oem-init: product name: M50
01-28 19:28:41.818     0     0 I oem-init: oemmodel id: m50_nonpayment_wifi
01-28 19:28:41.818     0     0 I oem-init: common features: BT-WIFI-PwrLED-UartMux-TypeC
01-28 19:28:41.818     0     0 I oem-init: sku features: nqnfc-vib-ZBcr-GSen-LPSen-cuLED-Batt-MoSpk-DRP-Key3-amic-SD
01-28 19:28:41.820     0     0 I oem-init: sku accessorylist: PosHub
01-28 19:28:41.820     0     0 I oem-init: sku lcd_density: 240
01-28 19:28:42.270     0     0 I QCOM-STEPCHG: get_step_chg_jeita_setting_from_profile: ignore getting sw-jeita/step charging settings from profile
01-28 19:28:42.270     0     0 I QCOM-STEPCHG: get_step_chg_jeita_setting_from_profile: getting sw-jeita/step charging settings from pm660_charger
01-28 19:28:42.270     0     0 I QCOM-STEPCHG: get_config_work: jeita-fcc-cfg: 0decidegree ~ 100decidegre, 800000uA
01-28 19:28:42.270     0     0 I QCOM-STEPCHG: get_config_work: jeita-fcc-cfg: 100decidegree ~ 200decidegre, 2000000uA
01-28 19:28:42.270     0     0 I QCOM-STEPCHG: get_config_work: jeita-fcc-cfg: 200decidegree ~ 380decidegre, 3000000uA
01-28 19:28:42.270     0     0 I QCOM-STEPCHG: get_config_work: jeita-fcc-cfg: 380decidegree ~ 430decidegre, 2000000uA
01-28 19:28:42.270     0     0 I QCOM-STEPCHG: get_config_work: jeita-fcc-cfg: 430decidegree ~ 600decidegre, 1uA
01-28 19:28:42.270     0     0 I QCOM-STEPCHG: get_config_work: jeita-fcc-cfg: 0decidegree ~ 0decidegre, 0uA
01-28 19:28:42.270     0     0 I chatty  : uid=0(root) logd identical 1 line
01-28 19:28:42.270     0     0 I QCOM-STEPCHG: get_config_work: jeita-fcc-cfg: 0decidegree ~ 0decidegre, 0uA
01-28 19:28:42.270     0     0 I QCOM-STEPCHG: get_config_work: jeita-fv-cfg: 0decidegree ~ 450decidegre, 4350000uV
01-28 19:28:42.270     0     0 I QCOM-STEPCHG: get_config_work: jeita-fv-cfg: 450decidegree ~ 600decidegre, 4000000uV
01-28 19:28:42.270     0     0 I QCOM-STEPCHG: get_config_work: jeita-fv-cfg: 0decidegree ~ 0decidegre, 0uV
01-28 19:28:42.270     0     0 I chatty  : uid=0(root) logd identical 4 lines
01-28 19:28:42.270     0     0 I QCOM-STEPCHG: get_config_work: jeita-fv-cfg: 0decidegree ~ 0decidegre, 0uV
01-28 19:28:43.091     0     0 I ueventd : Coldboot took 1.848 seconds
01-28 19:28:43.136     0     0 I         : Registered swp emulation handler
01-28 19:28:43.168   500   500 I SELinux : SELinux: Loaded service_contexts from:
01-28 19:28:43.168   500   500 I SELinux :     /vendor/etc/selinux/vndservice_contexts
01-28 19:28:43.170   498   498 I SELinux : SELinux: Loaded service_contexts from:
01-28 19:28:43.170   498   498 I auditd  : SELinux: Loaded service_contexts from:
01-28 19:28:43.174   498   498 I SELinux :     /system/etc/selinux/plat_service_contexts
01-28 19:28:43.174   498   498 I auditd  :     /system/etc/selinux/plat_service_contexts
01-28 19:28:43.186     0     0 I logd.auditd: start
01-28 19:28:43.227   499   499 I hwservicemanager: hwservicemanager is ready now.
01-28 19:28:43.236     0     0 I init    : wait for '/dev/block/platform/soc/c0c4000.sdhci' took 0ms
01-28 19:28:43.239   503   503 E cutils-trace: Error opening trace file: Permission denied (13)
01-28 19:28:43.239   499   499 E cutils-trace: Error opening trace file: Permission denied (13)
01-28 19:28:43.284     0     0 I EXT4-fs (mmcblk0p48): mounted filesystem with ordered data mode. Opts: barrier=1
01-28 19:28:43.290     0     0 I EXT4-fs (mmcblk0p37): mounted filesystem with ordered data mode. Opts: barrier=1
01-28 19:28:43.304   503   503 I ServiceManagement: Registered vendor.qti.hardware.qseecom@1.0::IQSEECom/default (start delay of 134ms)
01-28 19:28:43.304   503   503 I ServiceManagement: Removing namespace from process name vendor.qti.hardware.qseecom@1.0-service to qseecom@1.0-service.
01-28 19:28:43.305   503   503 I QSEECOM_SERVICE: IQSEECom registerAsService is successful
01-28 19:28:43.310     0     0 E i2c-msm-v2 c176000.i2c: NACK: slave not responding, ensure its powered: msgs(n:2 cur:0 tx) bc(rx:1 tx:1) mode:FIFO slv_addr:0x1d MSTR_STS:0x0d1300c8 OPER:0x00000010
01-28 19:28:43.310     0     0 E smb1351_read_reg: i2c read fail: can't read from 30: -107
01-28 19:28:43.310     0     0 E smb1351_masked_write: read failed: reg=030, rc=-107
01-28 19:28:43.310     0     0 E smb1351_enable_volatile_writes: Couldn't write CMD_BQ_CFG_ACCESS_BIT rc=-107
01-28 19:28:43.310     0     0 E smb1351_parallel_set_chg_suspend: Couldn't configure for volatile rc = -107
01-28 19:28:43.310     0     0 E QCOM-BATT: pl_disable_vote_callback: Couldn't change slave suspend state rc=-107
01-28 19:28:43.315     0     0 I EXT4-fs (mmcblk0p39): mounted filesystem with ordered data mode. Opts: barrier=1
01-28 19:28:43.315     0     0 I subsys-pil-tz 15700000.qcom,lpass: adsp: loading from 0x0000000092a00000 to 0x0000000094800000
--------- beginning of system
01-28 19:28:43.336   508   508 I vold    : Vold 3.0 (the awakening) firing up
01-28 19:28:43.336   508   508 D vold    : Detected support for: ext4 f2fs vfat
01-28 19:28:43.341   508   508 D vold    : Found unmanaged dm device named system_a
01-28 19:28:43.341   508   508 D vold    : Found unmanaged dm device named vendor-verity
01-28 19:28:43.341   508   508 D vold    : Found unmanaged dm device named vendor_a
01-28 19:28:43.341   508   508 D vold    : Found unmanaged dm device named product-verity
01-28 19:28:43.341   508   508 D vold    : Found unmanaged dm device named system-verity
01-28 19:28:43.341   508   508 D vold    : Found unmanaged dm device named product_a
01-28 19:28:43.342   508   508 W vold    : Failed to LOOP_GET_STATUS64 /dev/block/loop7: No such device or address
01-28 19:28:43.342   508   508 W vold    : Failed to LOOP_GET_STATUS64 /dev/block/loop2: No such device or address
01-28 19:28:43.342   508   508 W vold    : Failed to LOOP_GET_STATUS64 /dev/block/loop1: No such device or address
01-28 19:28:43.342   508   508 W vold    : Failed to LOOP_GET_STATUS64 /dev/block/loop14: No such device or address
01-28 19:28:43.342   508   508 W vold    : Failed to LOOP_GET_STATUS64 /dev/block/loop4: No such device or address
01-28 19:28:43.342   508   508 W vold    : Failed to LOOP_GET_STATUS64 /dev/block/loop3: No such device or address
01-28 19:28:43.342   508   508 W vold    : Failed to LOOP_GET_STATUS64 /dev/block/loop12: No such device or address
01-28 19:28:43.342   508   508 W vold    : Failed to LOOP_GET_STATUS64 /dev/block/loop13: No such device or address
01-28 19:28:43.342   508   508 W vold    : Failed to LOOP_GET_STATUS64 /dev/block/loop10: No such device or address
01-28 19:28:43.342   508   508 W vold    : Failed to LOOP_GET_STATUS64 /dev/block/loop15: No such device or address
01-28 19:28:43.342   508   508 W vold    : Failed to LOOP_GET_STATUS64 /dev/block/loop5: No such device or address
01-28 19:28:43.342   508   508 W vold    : Failed to LOOP_GET_STATUS64 /dev/block/loop9: No such device or address
01-28 19:28:43.342   508   508 W vold    : Failed to LOOP_GET_STATUS64 /dev/block/loop11: No such device or address
01-28 19:28:43.342   508   508 W vold    : Failed to LOOP_GET_STATUS64 /dev/block/loop6: No such device or address
01-28 19:28:43.342   508   508 W vold    : Failed to LOOP_GET_STATUS64 /dev/block/loop0: No such device or address
01-28 19:28:43.342   508   508 W vold    : Failed to LOOP_GET_STATUS64 /dev/block/loop8: No such device or address
01-28 19:28:43.342   508   508 I vold    : [libfs_mgr]dt_fstab: Skip disabled entry for partition vendor
01-28 19:28:43.345   508   508 D vold    : VoldNativeService::start() completed OK
01-28 19:28:43.346     0     0 D vdc     : Waited 0ms for vold
01-28 19:28:43.505   564   564 D QSEECOMD: : qseecom listener services process entry PPID = 1
01-28 19:28:43.505   564   564 E QSEECOMD: : Listener: index = 0, hierarchy = 0
01-28 19:28:43.508   564   564 D QSEECOMD: : Init dlopen(librpmb.so, RTLD_NOW) succeeds
01-28 19:28:43.508   564   564 D QSEECOMD: : Init::Init dlsym(g_FSHandle rpmb_init_service) succeeds
01-28 19:28:43.508   564   564 I rpmb_emmc: RPMB Mult (512-bytes sector) = 8192, Rel_sec_cnt = 32
01-28 19:28:43.508   564   564 E DrmLibRpmb: rpmb_init succeeded! with ret = 0
01-28 19:28:43.508   564   564 D QSEECOMD: : Init rpmb_init_service ret = 0
01-28 19:28:43.508   564   564 D QSEECOMD: : RPMB system services: init (Listener ID = 8192)
01-28 19:28:43.508   564   564 E QSEECOMD: : Listener: index = 1, hierarchy = 0
01-28 19:28:43.510   564   564 D QSEECOMD: : Init dlopen(libssd.so, RTLD_NOW) succeeds
01-28 19:28:43.510   564   564 D QSEECOMD: : Init::Init dlsym(g_FSHandle ssd_init_service) succeeds
01-28 19:28:43.510   564   564 E SSD     : ssd_init_service succeeded!
01-28 19:28:43.510   564   564 D QSEECOMD: : Init ssd_init_service ret = 0
01-28 19:28:43.510   564   564 D QSEECOMD: : SSD system services: init (Listener ID = 12288)
01-28 19:28:43.510   564   564 E QSEECOMD: : Listener: index = 2, hierarchy = 0
01-28 19:28:43.528   564   564 D QSEECOMD: : Init dlopen(libsecureui.so, RTLD_NOW) succeeds
01-28 19:28:43.528   564   564 D QSEECOMD: : Init::Init dlsym(g_FSHandle secure_ui_init) succeeds
01-28 19:28:43.528   564   564 D QSEECOMD: : Init secure_ui_init ret = 0
01-28 19:28:43.528   564   564 D QSEECOMD: : secure UI services: init (Listener ID = 16384)
01-28 19:28:43.528   564   564 D QSEECOMD: : qseecom listener service threads starting!!! 
01-28 19:28:43.528   564   564 D QSEECOMD: : Total listener services to start = 10
01-28 19:28:43.528   564   564 E QSEECOMD: : Listener: index = 0, hierarchy = 1
01-28 19:28:43.529   564   564 D QSEECOMD: : Init dlopen(librpmb.so, RTLD_NOW) succeeds
01-28 19:28:43.529   564   564 D QSEECOMD: : Init::Init dlsym(g_FSHandle rpmb_start) succeeds
01-28 19:28:43.529   564   564 D QSEECOMAPI: QSEECom_register_listener 8192 sb_length = 0x6400
01-28 19:28:43.529   564   564 E ion     : ioctl c0044901 failed with code -1: Not a typewriter
01-28 19:28:43.543     0     0 I subsys-pil-tz 15700000.qcom,lpass: adsp: Brought out of reset
01-28 19:28:43.543   564   564 D QSEECOMD: : Init rpmb_start ret = 0
01-28 19:28:43.543   564   564 D QSEECOMD: : RPMB system services: Started (Listener ID = 8192)
01-28 19:28:43.543   564   564 E QSEECOMD: : Listener: index = 1, hierarchy = 1
01-28 19:28:43.544   564   564 D QSEECOMD: : Init dlopen(libssd.so, RTLD_NOW) succeeds
01-28 19:28:43.544   564   564 D QSEECOMD: : Init::Init dlsym(g_FSHandle ssd_start) succeeds
01-28 19:28:43.544   564   564 D QSEECOMAPI: QSEECom_register_listener 12288 sb_length = 0x5000
01-28 19:28:43.544   564   564 D QSEECOMD: : Init ssd_start ret = 0
01-28 19:28:43.544   564   564 D QSEECOMD: : SSD system services: Started (Listener ID = 12288)
01-28 19:28:43.544   564   564 E QSEECOMD: : Listener: index = 2, hierarchy = 1
01-28 19:28:43.545   564   564 D QSEECOMD: : Init dlopen(libsecureui.so, RTLD_NOW) succeeds
01-28 19:28:43.545   564   564 D QSEECOMD: : Init::Init dlsym(g_FSHandle secure_ui_start) succeeds
01-28 19:28:43.545   564   564 D QSEECOMAPI: QSEECom_register_listener 16384 sb_length = 0x10a8
01-28 19:28:43.545   564   564 D QSEECOMD: : Init secure_ui_start ret = 0
01-28 19:28:43.545   564   564 D QSEECOMD: : secure UI services: Started (Listener ID = 16384)
01-28 19:28:43.545   564   564 E QSEECOMD: : Listener: index = 3, hierarchy = 1
01-28 19:28:43.548   564   564 D QSEECOMD: : Init dlopen(libdrmtime.so, RTLD_NOW) succeeds
01-28 19:28:43.548   564   564 D QSEECOMD: : Init::Init dlsym(g_FSHandle atime_start) succeeds
01-28 19:28:43.548   564   564 D DrmLibTime: QSEE Time Listener: atime_start
01-28 19:28:43.548   564   564 D QSEECOMAPI: QSEECom_register_listener 11 sb_length = 0x5000
01-28 19:28:43.548   564   564 D DrmLibTime: registering fs service to QSEECom is done!
01-28 19:28:43.548   564   564 D DrmLibTime: begin to create a thread!
01-28 19:28:43.548   564   564 D DrmLibTime: Creating a pthread in atime_start is done! return 0
01-28 19:28:43.548   564   564 D QSEECOMD: : Init atime_start ret = 0
01-28 19:28:43.548   564   564 D QSEECOMD: : time services: Started (Listener ID = 11)
01-28 19:28:43.548   564   564 E QSEECOMD: : Listener: index = 4, hierarchy = 1
01-28 19:28:43.548   564   570 D DrmLibTime: QSEE Time Listener: dispatch
01-28 19:28:43.548   564   570 D DrmLibTime: before calling ioctl to read the next time_cmd
01-28 19:28:43.549   564   564 D QSEECOMD: : Init dlopen(libdrmfs.so, RTLD_NOW) succeeds
01-28 19:28:43.549   564   564 D QSEECOMD: : Init::Init dlsym(g_FSHandle fs_start) succeeds
01-28 19:28:43.549   564   564 D QSEECOMAPI: QSEECom_register_listener 10 sb_length = 0x5000
01-28 19:28:43.549   564   564 D QSEECOMD: : Init fs_start ret = 0
01-28 19:28:43.549   564   564 D QSEECOMD: : file system services: Started (Listener ID = 10)
01-28 19:28:43.549   564   564 E QSEECOMD: : Listener: index = 5, hierarchy = 1
01-28 19:28:43.549   564   564 D QSEECOMD: : Init dlopen(libdrmfs.so, RTLD_NOW) succeeds
01-28 19:28:43.550   564   564 D QSEECOMD: : Init::Init dlsym(g_FSHandle gpfs_start) succeeds
01-28 19:28:43.551   564   564 D QSEECOMAPI: QSEECom_register_listener 28672 sb_length = 0x7e000
01-28 19:28:43.552   564   564 D QSEECOMD: : Init gpfs_start ret = 0
01-28 19:28:43.552   564   564 D QSEECOMD: : gpfile system services: Started (Listener ID = 28672)
01-28 19:28:43.552   564   564 E QSEECOMD: : Listener: index = 6, hierarchy = 1
01-28 19:28:43.554   564   564 D QSEECOMD: : Init dlopen(libqisl.so, RTLD_NOW) succeeds
01-28 19:28:43.554   564   564 D QSEECOMD: : Init::Init dlsym(g_FSHandle qisl_start) succeeds
01-28 19:28:43.554   564   573 I QISL    : QSEE Interrupt Service Listener Thread is started
01-28 19:28:43.554   564   573 D QSEECOMAPI: QSEECom_register_listener 36864 sb_length = 0x1f4
01-28 19:28:43.555   564   573 I QISL    : QSEE Interrupt Service Listener was activated successfully
01-28 19:28:43.555   564   564 D QSEECOMD: : Init qisl_start ret = 0
01-28 19:28:43.555   564   564 D QSEECOMD: : interrupt services: Started (Listener ID = 36864)
01-28 19:28:43.555   564   564 E QSEECOMD: : Listener: index = 7, hierarchy = 1
01-28 19:28:43.555   564   564 E QSEECOMD: : Init dlopen(libspl.so, RLTD_NOW) is failed.... dlopen failed: library "libspl.so" not found
01-28 19:28:43.555   564   564 E QSEECOMD: : Listener: index = 8, hierarchy = 1
01-28 19:28:43.558   564   564 D QSEECOMD: : Init dlopen(libGPreqcancel.so, RTLD_NOW) succeeds
01-28 19:28:43.558   564   564 D QSEECOMD: : Init::Init dlsym(g_FSHandle gp_reqcancel_start) succeeds
01-28 19:28:43.558   564   564 D QSEECOMAPI: QSEECom_register_listener 4352 sb_length = 0x5000
01-28 19:28:43.558   564   564 D QSEECOMD: : Init gp_reqcancel_start ret = 0
01-28 19:28:43.558   564   564 D QSEECOMD: : gp request cancellation services: Started (Listener ID = 4352)
01-28 19:28:43.558   564   564 E QSEECOMD: : Listener: index = 9, hierarchy = 1
01-28 19:28:43.559   564   564 E QSEECOMD: : Init dlopen(libops.so, RLTD_NOW) is failed.... dlopen failed: library "libops.so" not found
01-28 19:28:43.559   564   564 D QSEECOMD: : QSEECOM DAEMON RUNNING 
01-28 19:28:43.562     0     0 I subsys-pil-tz 15700000.qcom,lpass: adsp: Power/Clock ready interrupt received
01-28 19:28:43.562     0     0 I subsys-pil-tz 15700000.qcom,lpass: Subsystem error monitoring/handling services are up
01-28 19:28:43.563     0     0 E pmic_analog_codec 800f000.qcom,spmi: qcom,pm660l@3:anlg-cdc@f000: Adsp is not loaded yet 0
01-28 19:28:43.569     0     0 I apr_tal_rpmsg qcom,glink: adsp.apr_audio_svc.-1.-1: apr_tal_rpmsg_probe: Channel[apr_audio_svc] state[Up]
01-28 19:28:43.570     0     0 E pmic_analog_codec 800f000.qcom,spmi: qcom,pm660l@3:anlg-cdc@f000: Adsp is not loaded yet 0
01-28 19:28:43.576     0     0 E pmic_analog_codec 800f000.qcom,spmi: qcom,pm660l@3:anlg-cdc@f000: Adsp is not loaded yet 0
01-28 19:28:43.581     0     0 I adsprpc : fastrpc_rpmsg_probe: opened rpmsg channel for adsp
01-28 19:28:43.581     0     0 E pmic_analog_codec 800f000.qcom,spmi: qcom,pm660l@3:anlg-cdc@f000: Adsp is not loaded yet 0
01-28 19:28:43.625     0     0 I         : init.qti.qseeco (565) used greatest stack depth: 11520 bytes left
01-28 19:28:43.626     0     0 I init    : wait for '/dev/block/bootdevice/by-name/eloconf' took 0ms
01-28 19:28:43.629     0     0 I EXT4-fs (mmcblk0p38): mounted filesystem with ordered data mode. Opts: barrier=1
01-28 19:28:43.653   501   501 D QSEECOMAPI: QSEECom_get_handle sb_length = 0xa000
01-28 19:28:43.654   501   501 D QSEECOMAPI: App is already loaded QSEE and app id = 65537
01-28 19:28:43.654   501   501 E ion     : ioctl c0044901 failed with code -1: Not a typewriter
01-28 19:28:43.673   581   581 I ServiceManagement: Registered android.hardware.atrace@1.0::IAtraceDevice/default (start delay of 43ms)
01-28 19:28:43.673   581   581 I ServiceManagement: Removing namespace from process name android.hardware.atrace@1.0-service to atrace@1.0-service.
01-28 19:28:43.675   501   501 E KeymasterUtils: TA API Major Version: 4
01-28 19:28:43.675   501   501 E KeymasterUtils: TA API Minor Version: 0
01-28 19:28:43.675   501   501 E KeymasterUtils: TA Major Version: 4
01-28 19:28:43.675   501   501 E KeymasterUtils: TA Minor Version: 164
01-28 19:28:43.677   508   508 I Checkpoint: Validating checkpoint on /dev/block/bootdevice/by-name/userdata
01-28 19:28:43.677   585   585 I vdc     : vdc V 01-28 19:28:43   586   586 vdc.cpp:50] Waited 0ms for vold
01-28 19:28:43.677   508   508 E Checkpoint: No magic
01-28 19:28:43.678   585   585 I vdc     : vdc E 01-28 19:28:43   586   586 vdc.cpp:60] Failed: Status(22, 22): 'No magic'
01-28 19:28:43.679   585   585 I vdc     : vdc terminated by exit(25)
01-28 19:28:43.679   582   582 I ServiceManagement: Registered android.hardware.boot@1.0::IBootControl/default (start delay of 39ms)
01-28 19:28:43.679   582   582 I ServiceManagement: Removing namespace from process name android.hardware.boot@1.0-service to boot@1.0-service.
01-28 19:28:43.679   582   582 I android.hardware.boot@1.0-service: Registration complete for android.hardware.boot@1.0::IBootControl/default.
01-28 19:28:43.686   583   583 D QSEECOMAPI: QSEECom_get_handle sb_length = 0xa000
01-28 19:28:43.686   583   583 D QSEECOMAPI: App is already loaded QSEE and app id = 65537
01-28 19:28:43.687   583   583 E ion     : ioctl c0044901 failed with code -1: Not a typewriter
01-28 19:28:43.687   584   584 D         : cryptfshw: svc service starting.
01-28 19:28:43.688   584   584 I ServiceManagement: Registered vendor.qti.hardware.cryptfshw@1.0::ICryptfsHw/default (start delay of 48ms)
01-28 19:28:43.688   584   584 I ServiceManagement: Removing namespace from process name vendor.qti.hardware.cryptfshw@1.0-service-qti to cryptfshw@1.0-service-qti.
01-28 19:28:43.688   584   584 E         : Registered CryptfsHw HAL service success
01-28 19:28:43.690   501   501 I ServiceManagement: Registered android.hardware.keymaster@4.0::IKeymasterDevice/default (start delay of 520ms)
01-28 19:28:43.690   501   501 I ServiceManagement: Removing namespace from process name android.hardware.keymaster@4.0-service-qti to keymaster@4.0-service-qti.
01-28 19:28:43.696   583   583 E KeymasterUtils: TA API Major Version: 4
01-28 19:28:43.696   583   583 E KeymasterUtils: TA API Minor Version: 0
01-28 19:28:43.696   583   583 E KeymasterUtils: TA Major Version: 4
01-28 19:28:43.696   583   583 E KeymasterUtils: TA Minor Version: 164
01-28 19:28:43.703   583   583 I ServiceManagement: Registered android.hardware.gatekeeper@1.0::IGatekeeper/default (start delay of 63ms)
01-28 19:28:43.703   583   583 I ServiceManagement: Removing namespace from process name android.hardware.gatekeeper@1.0-service-qti to gatekeeper@1.0-service-qti.
01-28 19:28:43.703   585   585 I vdc     : vdc V 01-28 19:28:43   587   587 vdc.cpp:50] Waited 0ms for vold
01-28 19:28:43.703   583   583 I android.hardware.gatekeeper@1.0-service: Registration complete for android.hardware.gatekeeper@1.0::IGatekeeper/default.
01-28 19:28:43.709     0     0 W EXT4-fs (mmcblk0p75): Ignoring removed nomblk_io_submit option
01-28 19:28:43.714     0     0 I EXT4-fs (mmcblk0p75): mounted filesystem with ordered data mode. Opts: errors=remount-ro,nomblk_io_submit
01-28 19:28:43.757     0     0 I e2fsck  : e2fsck 1.44.4 (18-Aug-2018)
01-28 19:28:43.757     0     0 I e2fsck  : data: clean, 3557/915712 files, 180260/3662109 blocks
01-28 19:28:43.763     0     0 I EXT4-fs (mmcblk0p75): mounted filesystem with ordered data mode. Opts: barrier=1,noauto_da_alloc,discard,lazytime
01-28 19:28:43.791     0     0 D vdc     : Waited 0ms for vold
01-28 19:28:43.791   508   508 I Checkpoint: cp_prepareCheckpoint called
01-28 19:28:43.814     0     0 D vdc     : Waited 0ms for vold
01-28 19:28:43.814   508   508 I vold    : fscrypt_initialize_systemwide_keys
01-28 19:28:43.815   508   508 D vold    : Key exists, using: /data/unencrypted/key
01-28 19:28:43.819   499   499 I hwservicemanager: getTransport: Cannot find entry android.hardware.keymaster@3.0::IKeymasterDevice/default in either framework or device manifest.
01-28 19:28:43.819   508   508 I vold    : List of Keymaster HALs found:
01-28 19:28:43.819   508   508 I vold    : Keymaster HAL #1: Keymaster HAL: 4 from QTI SecurityLevel: TRUSTED_ENVIRONMENT HAL: android.hardware.keymaster@4.0::IKeymasterDevice/default
01-28 19:28:43.822   508   508 D vold    : Computing HMAC with params { (seed: 87c59639e351ad443f94ca422abb67956c5174df4972e04629dd5293c9e83c, nonce: 7a4a3bff25bef58db266787226e7245d2ceb4cec21f9827e3122e0dbfa1a4) }
01-28 19:28:43.822   508   508 D vold    : Computing HMAC for Keymaster HAL: 4 from QTI SecurityLevel: TRUSTED_ENVIRONMENT HAL: android.hardware.keymaster@4.0::IKeymasterDevice/default
01-28 19:28:43.825   508   508 I vold    : Using Keymaster HAL: 4 from QTI for encryption.  Security level: TRUSTED_ENVIRONMENT, HAL: android.hardware.keymaster@4.0::IKeymasterDevice/default
01-28 19:28:43.835   508   508 D RefBase : RefBase: Explicit destruction, weak count = 0 (in 0x7b92c1ea68)
01-28 19:28:43.835   508   508 W RefBase : CallStack::getCurrentInternal not linked, returning null
01-28 19:28:43.835   508   508 W RefBase : CallStack::logStackInternal not linked
01-28 19:28:43.835   508   508 E vold    : Inserting using old mechanism  Error 19: No such device
01-28 19:28:43.835   508   508 D vold    : Added key 310455148 (ext4:82f948d6c6f68a32) to keyring 523740822 in process 508key size64
01-28 19:28:43.835   508   508 E vold    : Inserting using old mechanism  Error 19: No such device
01-28 19:28:43.835   508   508 D vold    : Added key 917144190 (f2fs:82f948d6c6f68a32) to keyring 523740822 in process 508key size64
01-28 19:28:43.835   508   508 E vold    : Inserting using old mechanism  Error 19: No such device
01-28 19:28:43.835   508   508 D vold    : Added key 417532226 (fscrypt:82f948d6c6f68a32) to keyring 523740822 in process 508key size64
01-28 19:28:43.841   508   508 I vold    : Wrote system DE key reference to:/data/unencrypted/ref
01-28 19:28:43.841   508   508 E vold    : Inserting using old mechanism  Error 19: No such device
01-28 19:28:43.841   508   508 D vold    : Added key 379375066 (ext4:8b9cc55ea51175e9) to keyring 523740822 in process 508key size64
01-28 19:28:43.841   508   508 E vold    : Inserting using old mechanism  Error 19: No such device
01-28 19:28:43.841   508   508 D vold    : Added key 652490146 (f2fs:8b9cc55ea51175e9) to keyring 523740822 in process 508key size64
01-28 19:28:43.841   508   508 E vold    : Inserting using old mechanism  Error 19: No such device
01-28 19:28:43.841   508   508 D vold    : Added key 319410668 (fscrypt:8b9cc55ea51175e9) to keyring 523740822 in process 508key size64
01-28 19:28:43.843   508   508 I vold    : Wrote per boot key reference to:/data/unencrypted/per_boot_ref
01-28 19:28:43.847     0     0 I fscrypt : AES-256-CTS-CBC using implementation "cts(cbc-aes-ce)"
01-28 19:28:43.884   602   602 E fsverity_init: Failed to load /product/etc/security/fsverity/*.der
01-28 19:28:43.897   603   603 E /system/bin/mini-keyctl: Cannot find keyring id
01-28 19:28:43.913   604   604 E fsverity_init: Failed to restrict .fs-verity keyring
01-28 19:28:43.953   605   605 I apexd   : Marking APEXd as starting
01-28 19:28:43.953     0     0 I apexd   : Marking APEXd as starting
01-28 19:28:43.954   605   605 I apexd   : Scanning /system/apex for embedded keys
01-28 19:28:43.954     0     0 I apexd   : Scanning /system/apex for embedded keys
01-28 19:28:43.955   605   605 I apexd   : Scanning /product/apex for embedded keys
01-28 19:28:43.955     0     0 I apexd   : Scanning /product/apex for embedded keys
01-28 19:28:43.955   605   605 I apexd   : ... does not exist. Skipping
01-28 19:28:43.955   605   605 I apexd   : Populating APEX database from mounts...
01-28 19:28:43.955     0     0 I apexd   : ... does not exist. Skipping
01-28 19:28:43.955     0     0 I apexd   : Populating APEX database from mounts...
01-28 19:28:43.955   605   605 E apexd   : Failed to walk /product/apex : Can't open /product/apex for reading : No such file or directory
01-28 19:28:43.955     0     0 E apexd   : Failed to walk /product/apex : Can't open /product/apex for reading : No such file or directory
01-28 19:28:43.955   605   605 I apexd   : Found "/apex/com.android.tzdata@290000000"
01-28 19:28:43.955     0     0 I apexd   : Found "/apex/com.android.tzdata@290000000"
01-28 19:28:43.955   605   605 I apexd   : Found "/apex/com.android.runtime@1"
01-28 19:28:43.955     0     0 I apexd   : Found "/apex/com.android.runtime@1"
01-28 19:28:43.955   605   605 I apexd   : 2 packages restored.
01-28 19:28:43.955     0     0 I apexd   : 2 packages restored.
01-28 19:28:43.955   605   605 I apexd   : Scanning /data/apex/sessions looking for sessions to be activated.
01-28 19:28:43.955     0     0 I apexd   : Scanning /data/apex/sessions looking for sessions to be activated.
01-28 19:28:43.956   605   605 I apexd   : Scanning /data/apex/active looking for APEX packages.
01-28 19:28:43.959   605   605 I apexd   : Activated 0 packages. Skipped: 0
01-28 19:28:43.959   605   605 I apexd   : Scanning /system/apex looking for APEX packages.
01-28 19:28:43.959   605   605 I apexd   : Found /system/apex/com.android.conscrypt
01-28 19:28:43.960   605   605 V apexd   : Creating mount point: /apex/com.android.conscrypt@290000000
01-28 19:28:43.960   605   605 I apexd   : Successfully bind-mounted flattened package /system/apex/com.android.conscrypt on /apex/com.android.conscrypt@290000000
01-28 19:28:43.960   605   605 V apexd   : Creating bind-mount for /apex/com.android.conscrypt for /apex/com.android.conscrypt@290000000
01-28 19:28:43.960   605   605 V apexd   : Creating mountpoint /apex/com.android.conscrypt
01-28 19:28:43.960   605   605 V apexd   : Bind-mounting /apex/com.android.conscrypt@290000000 to /apex/com.android.conscrypt
01-28 19:28:43.960   605   605 D apexd   : Successfully activated /system/apex/com.android.conscrypt package_name: com.android.conscrypt version: 290000000
01-28 19:28:43.960   605   605 I apexd   : Found /system/apex/com.android.media
01-28 19:28:43.960   605   605 V apexd   : Creating mount point: /apex/com.android.media@290000000
01-28 19:28:43.960   605   605 I apexd   : Successfully bind-mounted flattened package /system/apex/com.android.media on /apex/com.android.media@290000000
01-28 19:28:43.960   605   605 V apexd   : Creating bind-mount for /apex/com.android.media for /apex/com.android.media@290000000
01-28 19:28:43.960   605   605 V apexd   : Creating mountpoint /apex/com.android.media
01-28 19:28:43.960   605   605 V apexd   : Bind-mounting /apex/com.android.media@290000000 to /apex/com.android.media
01-28 19:28:43.960   605   605 D apexd   : Successfully activated /system/apex/com.android.media package_name: com.android.media version: 290000000
01-28 19:28:43.960   605   605 I apexd   : Found /system/apex/com.android.tzdata
01-28 19:28:43.960   605   605 I apexd   : Skipping activation of /system/apex/com.android.tzdata same package with higher version 290000000 is already active
01-28 19:28:43.960   605   605 I apexd   : Found /system/apex/com.android.media.swcodec
01-28 19:28:43.960   605   605 V apexd   : Creating mount point: /apex/com.android.media.swcodec@290000000
01-28 19:28:43.960   605   605 I apexd   : Successfully bind-mounted flattened package /system/apex/com.android.media.swcodec on /apex/com.android.media.swcodec@290000000
01-28 19:28:43.960   605   605 V apexd   : Creating bind-mount for /apex/com.android.media.swcodec for /apex/com.android.media.swcodec@290000000
01-28 19:28:43.960   605   605 V apexd   : Creating mountpoint /apex/com.android.media.swcodec
01-28 19:28:43.960   605   605 V apexd   : Bind-mounting /apex/com.android.media.swcodec@290000000 to /apex/com.android.media.swcodec
01-28 19:28:43.960   605   605 D apexd   : Successfully activated /system/apex/com.android.media.swcodec package_name: com.android.media.swcodec version: 290000000
01-28 19:28:43.960   605   605 I apexd   : Found /system/apex/com.android.runtime.debug
01-28 19:28:43.960   605   605 I apexd   : Skipping activation of /system/apex/com.android.runtime.debug same package with higher version 1 is already active
01-28 19:28:43.960   605   605 I apexd   : Found /system/apex/com.android.resolv
01-28 19:28:43.960   605   605 V apexd   : Creating mount point: /apex/com.android.resolv@290000000
01-28 19:28:43.961   605   605 I apexd   : Successfully bind-mounted flattened package /system/apex/com.android.resolv on /apex/com.android.resolv@290000000
01-28 19:28:43.961   605   605 V apexd   : Creating bind-mount for /apex/com.android.resolv for /apex/com.android.resolv@290000000
01-28 19:28:43.961   605   605 V apexd   : Creating mountpoint /apex/com.android.resolv
01-28 19:28:43.961   605   605 V apexd   : Bind-mounting /apex/com.android.resolv@290000000 to /apex/com.android.resolv
01-28 19:28:43.961   605   605 D apexd   : Successfully activated /system/apex/com.android.resolv package_name: com.android.resolv version: 290000000
01-28 19:28:43.961   605   605 I apexd   : Activated 4 packages. Skipped: 2
01-28 19:28:43.961   605   605 I apexd   : Scanning /product/apex looking for APEX packages.
01-28 19:28:43.961   605   605 E apexd   : Failed to activate packages from /product/apex : Failed to scan /product/apex : Can't open /product/apex for reading : No such file or directory
01-28 19:28:43.961   605   605 I apexd   : Marking APEXd as ready
01-28 19:28:44.024     0     0 W         : init (pid 1) is setting deprecated v1 encryption policy; recommend upgrading to v2.
01-28 19:28:44.050     0     0 D vdc     : Waited 0ms for vold
01-28 19:28:44.050   508   508 D vold    : fscrypt_init_user0
01-28 19:28:44.050   508   508 D vold    : Preparing: /data/misc/vold/user_keys
01-28 19:28:44.051   508   508 D vold    : Preparing: /data/misc/vold/user_keys/ce
01-28 19:28:44.051   508   508 D vold    : Preparing: /data/misc/vold/user_keys/de
01-28 19:28:44.052   508   508 D vold    : Skipping non-de-key .
01-28 19:28:44.052   508   508 D vold    : Skipping non-de-key ..
01-28 19:28:44.055   499   499 I hwservicemanager: getTransport: Cannot find entry android.hardware.keymaster@3.0::IKeymasterDevice/default in either framework or device manifest.
01-28 19:28:44.056   508   508 I vold    : List of Keymaster HALs found:
01-28 19:28:44.056   508   508 I vold    : Keymaster HAL #1: Keymaster HAL: 4 from QTI SecurityLevel: TRUSTED_ENVIRONMENT HAL: android.hardware.keymaster@4.0::IKeymasterDevice/default
01-28 19:28:44.056   508   508 I vold    : Using Keymaster HAL: 4 from QTI for encryption.  Security level: TRUSTED_ENVIRONMENT, HAL: android.hardware.keymaster@4.0::IKeymasterDevice/default
01-28 19:28:44.066   508   508 D RefBase : RefBase: Explicit destruction, weak count = 0 (in 0x7b92c1e9e8)
01-28 19:28:44.066   508   508 W RefBase : CallStack::getCurrentInternal not linked, returning null
01-28 19:28:44.066   508   508 W RefBase : CallStack::logStackInternal not linked
01-28 19:28:44.066   508   508 E vold    : Inserting using old mechanism  Error 19: No such device
01-28 19:28:44.066   508   508 D vold    : Added key 791159281 (ext4:4bced19c8b7b1175) to keyring 523740822 in process 508key size64
01-28 19:28:44.066   508   508 E vold    : Inserting using old mechanism  Error 19: No such device
01-28 19:28:44.066   508   508 D vold    : Added key 684344384 (f2fs:4bced19c8b7b1175) to keyring 523740822 in process 508key size64
01-28 19:28:44.066   508   508 E vold    : Inserting using old mechanism  Error 19: No such device
01-28 19:28:44.066   508   508 D vold    : Added key 762358158 (fscrypt:4bced19c8b7b1175) to keyring 523740822 in process 508key size64
01-28 19:28:44.066   508   508 D vold    : Installed de key for user 0
01-28 19:28:44.066   508   508 D vold    : fscrypt_prepare_user_storage for volume null, user 0, serial 0, flags 1
01-28 19:28:44.066   508   508 D vold    : Preparing: /data/system/users/0
01-28 19:28:44.067   508   508 D vold    : Preparing: /data/misc/profiles/cur/0
01-28 19:28:44.067   508   508 D vold    : Preparing: /data/system_de/0
01-28 19:28:44.068   508   508 D vold    : Preparing: /data/misc_de/0
01-28 19:28:44.068   508   508 D vold    : Preparing: /data/vendor_de/0
01-28 19:28:44.068   508   508 D vold    : Preparing: /data/user_de/0
01-28 19:28:44.069   508   508 I vold    : Found policy 4bced19c8b7b1175 at /data/system_de/0 which matches expected value
01-28 19:28:44.069   508   508 I vold    : Found policy 4bced19c8b7b1175 at /data/misc_de/0 which matches expected value
01-28 19:28:44.070   508   508 I vold    : Found policy 4bced19c8b7b1175 at /data/vendor_de/0 which matches expected value
01-28 19:28:44.071   508   508 I vold    : Found policy 4bced19c8b7b1175 at /data/user_de/0 which matches expected value
01-28 19:28:44.071   508   508 D vold    : /system/bin/vold_prepare_subdirs
01-28 19:28:44.071   508   508 D vold    :     prepare
01-28 19:28:44.071   508   508 D vold    :     
01-28 19:28:44.071   508   508 D vold    :     0
01-28 19:28:44.071   508   508 D vold    :     1
01-28 19:28:44.103   609   609 D vold_prepare_subdirs: Setting up mode 700 uid 0 gid 0 context u:object_r:vold_data_file:s0 on path: /data/misc_de/0/vold
01-28 19:28:44.105   609   609 D vold_prepare_subdirs: Setting up mode 700 uid 0 gid 0 context u:object_r:storaged_data_file:s0 on path: /data/misc_de/0/storaged
01-28 19:28:44.105   609   609 D vold_prepare_subdirs: Setting up mode 700 uid 0 gid 0 context u:object_r:rollback_data_file:s0 on path: /data/misc_de/0/rollback
01-28 19:28:44.106   609   609 D vold_prepare_subdirs: Setting up mode 700 uid 1000 gid 1000 context u:object_r:fingerprint_vendor_data_file:s0 on path: /data/vendor_de/0/fpdata
01-28 19:28:44.107   609   609 D vold_prepare_subdirs: Setting up mode 700 uid 1000 gid 1000 context u:object_r:face_vendor_data_file:s0 on path: /data/vendor_de/0/facedata
01-28 19:28:44.128   611   611 I /system/bin/tzdatacheck: timezone distro dir /data/misc/zoneinfo/current does not exist. No action required.
01-28 19:28:44.198   613   613 I art_apex: === ART pre-boot integrity checks ===
01-28 19:28:44.231   615   615 F art_apex: Device is not fsverity-enabled.
01-28 19:28:44.311   619   619 I OEM-FWUPDATE: Start
01-28 19:28:44.312   619   619 I OEM-FWUPDATE: param module: lt
01-28 19:28:44.312   619   619 I OEM-FWUPDATE: Start LT8711/9711 FW upgrade
01-28 19:28:44.312   619   619 I OEM-FWUPDATE: oem fw upgrade exit
01-28 19:28:44.316   620   620 I OEM-FWUPDATE: Start
01-28 19:28:44.317   620   620 I OEM-FWUPDATE: param module: ite
01-28 19:28:44.317   620   620 I OEM-FWUPDATE: Start ITE FW upgrade.
01-28 19:28:44.317   620   620 I OEM-FWUPDATE: oem fw upgrade exit
01-28 19:28:44.317   618   618 D QC-time-services: Daemon:genoff_pre_init::Base = 0
01-28 19:28:44.318   618   618 D QC-time-services: Daemon:ats_rtc_init: Time read from RTC -- year = 70, month = 0,day = 29
01-28 19:28:44.319     0     0 I logd.daemon: reinit
01-28 19:28:44.319   618   618 D QC-time-services: Daemon ats_rtc_init: seconds = 2420924
01-28 19:28:44.319   618   618 D QC-time-services: Daemon:Value read from RTC seconds = 2420924000
01-28 19:28:44.319   618   618 D QC-time-services: Daemon:genoff_init_config: ATS_RTC initialized with rc: 0
01-28 19:28:44.319   618   618 D QC-time-services: Daemon:genoff_pre_init::Base = 1
01-28 19:28:44.319   618   618 D QC-time-services: Daemon: Storage Name: ats_1 
01-28 19:28:44.319   618   618 D QC-time-services: Daemon:Opening File: /mnt/vendor/persist/time/ats_1 /data/vendor/time/ats_1
01-28 19:28:44.319   618   618 D QC-time-services: Daemon:time_persistent_memory_opr:Genoff Read operation 
01-28 19:28:44.320   618   618 D QC-time-services: Daemon:Open File: /mnt/vendor/persist/time/ats_1
01-28 19:28:44.320   618   618 D QC-time-services: Daemon:genoff_pre_init::Base = 2
01-28 19:28:44.320   618   618 D QC-time-services: Daemon: Storage Name: ats_2 
01-28 19:28:44.320   618   618 D QC-time-services: Daemon:Opening File: /mnt/vendor/persist/time/ats_2 /data/vendor/time/ats_2
01-28 19:28:44.320   618   618 D QC-time-services: Daemon:time_persistent_memory_opr:Genoff Read operation 
01-28 19:28:44.321   618   618 D QC-time-services: Daemon:Open File: /mnt/vendor/persist/time/ats_2
01-28 19:28:44.321   618   618 D QC-time-services: Daemon:genoff_pre_init::Base = 3
01-28 19:28:44.321   618   618 D QC-time-services: Daemon: Storage Name: ats_3 
01-28 19:28:44.321   618   618 D QC-time-services: Daemon:Opening File: /mnt/vendor/persist/time/ats_3 /data/vendor/time/ats_3
01-28 19:28:44.321   618   618 D QC-time-services: Daemon:time_persistent_memory_opr:Genoff Read operation 
01-28 19:28:44.321   618   618 D QC-time-services: Daemon:Open File: /mnt/vendor/persist/time/ats_3
01-28 19:28:44.321   618   618 D QC-time-services: Daemon:Unable to open filefor read
01-28 19:28:44.321   618   618 D QC-time-services: Daemon:genoff_post_init:Error in accessing storage
01-28 19:28:44.321   618   618 D QC-time-services: Daemon:genoff_pre_init::Base = 4
01-28 19:28:44.321   618   618 D QC-time-services: Daemon: Storage Name: ats_4 
01-28 19:28:44.321   618   618 D QC-time-services: Daemon:Opening File: /mnt/vendor/persist/time/ats_4 /data/vendor/time/ats_4
