05-07 03:24:38.830   665   781 D msm8974_platform: platform_set_snd_device_backend: hw_interface_table[42] = SLIMBUS_0_RX-and-SLIMBUS_7_RX
05-07 03:24:38.830   665   781 D msm8974_platform: platform_set_snd_device_backend: backend_tag_table[speaker-and-bt-a2dp]: old = speaker-and-bt-a2dp new = (null)
05-07 03:24:38.830   665   781 D msm8974_platform: platform_set_snd_device_backend: hw_interface_table[37] = INT0_MI2S_RX-and-SLIMBUS_7_RX
05-07 03:24:38.830   665   781 D msm8974_platform: platform_set_snd_device_backend: backend_tag_table[voice-tty-hco-handset]: old = null new = (null)
05-07 03:24:38.830   665   781 D msm8974_platform: platform_set_snd_device_backend: hw_interface_table[53] = INT4_MI2S_RX
05-07 03:24:38.830   665   781 D msm8974_platform: platform_set_snd_device_backend: backend_tag_table[anc-fb-headphones]: old = null new = (null)
05-07 03:24:38.830   665   781 D msm8974_platform: platform_set_snd_device_backend: hw_interface_table[70] = INT0_MI2S_RX
05-07 03:24:38.830   665   781 D msm8974_platform: platform_set_snd_device_backend: backend_tag_table[voice-anc-fb-headphones]: old = null new = (null)
05-07 03:24:38.830   665   781 D msm8974_platform: platform_set_snd_device_backend: hw_interface_table[72] = INT0_MI2S_RX
05-07 03:24:38.830   665   781 D msm8974_platform: platform_set_snd_device_backend: backend_tag_table[anc-handset]: old = null new = (null)
05-07 03:24:38.830   665   781 D msm8974_platform: platform_set_snd_device_backend: hw_interface_table[75] = INT4_MI2S_RX
05-07 03:24:38.830   665   781 D msm8974_platform: platform_set_snd_device_backend: backend_tag_table[speaker-protected]: old = null new = (null)
05-07 03:24:38.830   665   781 D msm8974_platform: platform_set_snd_device_backend: hw_interface_table[76] = INT0_MI2S_RX
05-07 03:24:38.830   665   781 D msm8974_platform: platform_set_snd_device_backend: backend_tag_table[voice-speaker-protected]: old = null new = (null)
05-07 03:24:38.830   665   781 D msm8974_platform: platform_set_snd_device_backend: hw_interface_table[77] = INT0_MI2S_RX
05-07 03:24:38.830   665   781 D msm8974_platform: platform_set_snd_device_backend: backend_tag_table[voice-speaker-2-protected]: old = null new = (null)
05-07 03:24:38.830   665   781 D msm8974_platform: platform_set_snd_device_backend: hw_interface_table[78] = INT0_MI2S_RX
05-07 03:24:38.830   665   781 D msm8974_platform: platform_set_snd_device_backend: backend_tag_table[speaker-protected-vbat]: old = null new = (null)
05-07 03:24:38.830   665   781 D msm8974_platform: platform_set_snd_device_backend: hw_interface_table[80] = INT0_MI2S_RX
05-07 03:24:38.830   665   781 D msm8974_platform: platform_set_snd_device_backend: backend_tag_table[voice-speaker-protected-vbat]: old = null new = (null)
05-07 03:24:38.830   665   781 D msm8974_platform: platform_set_snd_device_backend: hw_interface_table[81] = INT0_MI2S_RX
05-07 03:24:38.830   665   781 D msm8974_platform: platform_set_snd_device_backend: backend_tag_table[voice-speaker-2-protected-vbat]: old = null new = (null)
05-07 03:24:38.830   665   781 D msm8974_platform: platform_set_snd_device_backend: hw_interface_table[82] = INT0_MI2S_RX
05-07 03:24:38.830   665   781 D msm8974_platform: platform_set_snd_device_backend: backend_tag_table[wsa-speaker]: old = null new = (null)
05-07 03:24:38.830   665   781 D msm8974_platform: platform_set_snd_device_backend: hw_interface_table[83] = INT4_MI2S_RX
05-07 03:24:38.830   665   781 D msm8974_platform: platform_set_snd_device_backend: backend_tag_table[wsa-voice-speaker]: old = null new = (null)
05-07 03:24:38.830   665   781 D msm8974_platform: platform_set_snd_device_backend: hw_interface_table[84] = INT4_MI2S_RX
05-07 03:24:38.830   665   781 D msm8974_platform: platform_set_snd_device_backend: backend_tag_table[wsa-voice-speaker-2]: old = null new = (null)
05-07 03:24:38.830   665   781 D msm8974_platform: platform_set_snd_device_backend: hw_interface_table[85] = INT4_MI2S_RX
05-07 03:24:38.830   665   781 D msm8974_platform: platform_set_snd_device_backend: backend_tag_table[handset-mic]: old = null new = (null)
05-07 03:24:38.830   665   781 D msm8974_platform: platform_set_snd_device_backend: hw_interface_table[102] = INT3_MI2S_TX
05-07 03:24:38.830   665   781 D msm8974_platform: platform_set_snd_device_backend: backend_tag_table[handset-mic-ext]: old = null new = (null)
05-07 03:24:38.830   665   781 D msm8974_platform: platform_set_snd_device_backend: hw_interface_table[104] = INT3_MI2S_TX
05-07 03:24:38.830   665   781 D msm8974_platform: platform_set_snd_device_backend: backend_tag_table[handset-mic]: old = null new = (null)
05-07 03:24:38.830   665   781 D msm8974_platform: platform_set_snd_device_backend: hw_interface_table[105] = INT3_MI2S_TX
05-07 03:24:38.830   665   781 D msm8974_platform: platform_set_snd_device_backend: backend_tag_table[handset-mic]: old = null new = (null)
05-07 03:24:38.830   665   781 D msm8974_platform: platform_set_snd_device_backend: hw_interface_table[107] = INT3_MI2S_TX
05-07 03:24:38.830   665   781 D msm8974_platform: platform_set_snd_device_backend: backend_tag_table[handset-mic]: old = null new = (null)
05-07 03:24:38.830   665   781 D msm8974_platform: platform_set_snd_device_backend: hw_interface_table[109] = INT3_MI2S_TX
05-07 03:24:38.830   665   781 D msm8974_platform: platform_set_snd_device_backend: backend_tag_table[dmic-endfire]: old = null new = (null)
05-07 03:24:38.830   665   781 D msm8974_platform: platform_set_snd_device_backend: hw_interface_table[111] = INT3_MI2S_TX
05-07 03:24:38.830   665   781 D msm8974_platform: platform_set_snd_device_backend: backend_tag_table[dmic-endfire]: old = null new = (null)
05-07 03:24:38.830   665   781 D msm8974_platform: platform_set_snd_device_backend: hw_interface_table[112] = INT3_MI2S_TX
05-07 03:24:38.830   665   781 D msm8974_platform: platform_set_snd_device_backend: backend_tag_table[dmic-endfire]: old = null new = (null)
05-07 03:24:38.830   665   781 D msm8974_platform: platform_set_snd_device_backend: hw_interface_table[114] = INT3_MI2S_TX
05-07 03:24:38.830   665   781 D msm8974_platform: platform_set_snd_device_backend: backend_tag_table[dmic-endfire]: old = null new = (null)
05-07 03:24:38.830   665   781 D msm8974_platform: platform_set_snd_device_backend: hw_interface_table[116] = INT3_MI2S_TX
05-07 03:24:38.830   665   781 D msm8974_platform: platform_set_snd_device_backend: backend_tag_table[speaker-mic]: old = null new = (null)
05-07 03:24:38.830   665   781 D msm8974_platform: platform_set_snd_device_backend: hw_interface_table[118] = INT3_MI2S_TX
05-07 03:24:38.830   665   781 D msm8974_platform: platform_set_snd_device_backend: backend_tag_table[speaker-mic]: old = null new = (null)
05-07 03:24:38.830   665   781 D msm8974_platform: platform_set_snd_device_backend: hw_interface_table[120] = INT3_MI2S_TX
05-07 03:24:38.830   665   781 D msm8974_platform: platform_set_snd_device_backend: backend_tag_table[speaker-mic]: old = null new = (null)
05-07 03:24:38.830   665   781 D msm8974_platform: platform_set_snd_device_backend: hw_interface_table[122] = INT3_MI2S_TX
05-07 03:24:38.831   665   781 D msm8974_platform: platform_set_snd_device_backend: backend_tag_table[speaker-mic]: old = null new = (null)
05-07 03:24:38.831   665   781 D msm8974_platform: platform_set_snd_device_backend: hw_interface_table[124] = INT3_MI2S_TX
05-07 03:24:38.831   665   781 D msm8974_platform: platform_set_snd_device_backend: backend_tag_table[speaker-dmic-endfire]: old = null new = (null)
05-07 03:24:38.831   665   781 D msm8974_platform: platform_set_snd_device_backend: hw_interface_table[126] = INT3_MI2S_TX
05-07 03:24:38.831   665   781 D msm8974_platform: platform_set_snd_device_backend: backend_tag_table[speaker-dmic-endfire]: old = null new = (null)
05-07 03:24:38.831   665   781 D msm8974_platform: platform_set_snd_device_backend: hw_interface_table[127] = INT3_MI2S_TX
05-07 03:24:38.831   665   781 D msm8974_platform: platform_set_snd_device_backend: backend_tag_table[speaker-dmic-endfire]: old = null new = (null)
05-07 03:24:38.831   665   781 D msm8974_platform: platform_set_snd_device_backend: hw_interface_table[129] = INT3_MI2S_TX
05-07 03:24:38.831   665   781 D msm8974_platform: platform_set_snd_device_backend: backend_tag_table[speaker-dmic-endfire]: old = null new = (null)
05-07 03:24:38.831   665   781 D msm8974_platform: platform_set_snd_device_backend: hw_interface_table[131] = INT3_MI2S_TX
05-07 03:24:38.831   665   781 D msm8974_platform: platform_set_snd_device_backend: backend_tag_table[headset-mic]: old = null new = (null)
05-07 03:24:38.831   665   781 D msm8974_platform: platform_set_snd_device_backend: hw_interface_table[133] = INT3_MI2S_TX
05-07 03:24:38.831   665   781 D msm8974_platform: platform_set_snd_device_backend: backend_tag_table[headset-mic]: old = null new = (null)
05-07 03:24:38.831   665   781 D msm8974_platform: platform_set_snd_device_backend: hw_interface_table[135] = INT3_MI2S_TX
05-07 03:24:38.831   665   781 D msm8974_platform: platform_set_snd_device_backend: backend_tag_table[voice-speaker-mic]: old = null new = (null)
05-07 03:24:38.831   665   781 D msm8974_platform: platform_set_snd_device_backend: hw_interface_table[136] = INT3_MI2S_TX
05-07 03:24:38.831   665   781 D msm8974_platform: platform_set_snd_device_backend: backend_tag_table[voice-headset-mic]: old = null new = (null)
05-07 03:24:38.831   665   781 D msm8974_platform: platform_set_snd_device_backend: hw_interface_table[139] = INT3_MI2S_TX
05-07 03:24:38.835   665   781 D msm8974_platform: platform_set_snd_device_backend: backend_tag_table[hdmi-in]: old = hdmi-in new = (null)
05-07 03:24:38.835   665   781 D msm8974_platform: platform_set_snd_device_backend: hw_interface_table[141] = HDMI
05-07 03:24:38.835   665   781 D msm8974_platform: platform_set_snd_device_backend: backend_tag_table[bt-sco-mic]: old = bt-sco new = (null)
05-07 03:24:38.835   665   781 D msm8974_platform: platform_set_snd_device_backend: hw_interface_table[143] = SLIMBUS_7_TX
05-07 03:24:38.835   665   781 D msm8974_platform: platform_set_snd_device_backend: backend_tag_table[bt-sco-mic]: old = bt-sco new = (null)
05-07 03:24:38.835   665   781 D msm8974_platform: platform_set_snd_device_backend: hw_interface_table[144] = SLIMBUS_7_TX
05-07 03:24:38.836   665   781 D msm8974_platform: platform_set_snd_device_backend: backend_tag_table[bt-sco-mic-wb]: old = bt-sco-wb new = (null)
05-07 03:24:38.836   665   781 D msm8974_platform: platform_set_snd_device_backend: hw_interface_table[145] = SLIMBUS_7_TX
05-07 03:24:38.836   665   781 D msm8974_platform: platform_set_snd_device_backend: backend_tag_table[bt-sco-mic-wb]: old = bt-sco-wb new = (null)
05-07 03:24:38.836   665   781 D msm8974_platform: platform_set_snd_device_backend: hw_interface_table[146] = SLIMBUS_7_TX
05-07 03:24:38.836   665   781 D msm8974_platform: platform_set_snd_device_backend: backend_tag_table[camcorder-mic]: old = null new = (null)
05-07 03:24:38.836   665   781 D msm8974_platform: platform_set_snd_device_backend: hw_interface_table[150] = INT3_MI2S_TX
05-07 03:24:38.836   665   781 D msm8974_platform: platform_set_snd_device_backend: backend_tag_table[voice-dmic-ef]: old = null new = (null)
05-07 03:24:38.836   665   781 D msm8974_platform: platform_set_snd_device_backend: hw_interface_table[151] = INT3_MI2S_TX
05-07 03:24:38.836   665   781 D msm8974_platform: platform_set_snd_device_backend: backend_tag_table[voice-speaker-dmic-ef]: old = null new = (null)
05-07 03:24:38.836   665   781 D msm8974_platform: platform_set_snd_device_backend: hw_interface_table[154] = INT3_MI2S_TX
05-07 03:24:38.836   665   781 D msm8974_platform: platform_set_snd_device_backend: backend_tag_table[voice-speaker-qmic]: old = null new = (null)
05-07 03:24:38.836   665   781 D msm8974_platform: platform_set_snd_device_backend: hw_interface_table[157] = INT3_MI2S_TX
05-07 03:24:38.836   665   781 D msm8974_platform: platform_set_snd_device_backend: backend_tag_table[voice-tty-full-headset-mic]: old = null new = (null)
05-07 03:24:38.836   665   781 D msm8974_platform: platform_set_snd_device_backend: hw_interface_table[158] = INT3_MI2S_TX
05-07 03:24:38.836   665   781 D msm8974_platform: platform_set_snd_device_backend: backend_tag_table[voice-tty-vco-handset-mic]: old = null new = (null)
05-07 03:24:38.836   665   781 D msm8974_platform: platform_set_snd_device_backend: hw_interface_table[159] = INT3_MI2S_TX
05-07 03:24:38.836   665   781 D msm8974_platform: platform_set_snd_device_backend: backend_tag_table[voice-tty-hco-headset-mic]: old = null new = (null)
05-07 03:24:38.836   665   781 D msm8974_platform: platform_set_snd_device_backend: hw_interface_table[160] = INT3_MI2S_TX
05-07 03:24:38.836   665   781 D msm8974_platform: platform_set_snd_device_backend: backend_tag_table[voice-rec-mic]: old = null new = (null)
05-07 03:24:38.836   665   781 D msm8974_platform: platform_set_snd_device_backend: hw_interface_table[163] = INT3_MI2S_TX
05-07 03:24:38.836   665   781 D msm8974_platform: platform_set_snd_device_backend: backend_tag_table[voice-rec-mic]: old = null new = (null)
05-07 03:24:38.836   665   781 D msm8974_platform: platform_set_snd_device_backend: hw_interface_table[164] = INT3_MI2S_TX
05-07 03:24:38.836   665   781 D msm8974_platform: platform_set_snd_device_backend: backend_tag_table[voice-rec-dmic-ef]: old = null new = (null)
05-07 03:24:38.836   665   781 D msm8974_platform: platform_set_snd_device_backend: hw_interface_table[167] = INT3_MI2S_TX
05-07 03:24:38.836   665   781 D msm8974_platform: platform_set_snd_device_backend: backend_tag_table[voice-rec-dmic-ef-fluence]: old = null new = (null)
05-07 03:24:38.836   665   781 D msm8974_platform: platform_set_snd_device_backend: hw_interface_table[168] = INT3_MI2S_TX
05-07 03:24:38.836   665   781 D msm8974_platform: platform_set_snd_device_backend: backend_tag_table[aanc-handset-mic]: old = null new = (null)
05-07 03:24:38.836   665   781 D msm8974_platform: platform_set_snd_device_backend: hw_interface_table[181] = INT3_MI2S_TX
05-07 03:24:38.836   665   781 D msm8974_platform: platform_set_snd_device_backend: backend_tag_table[quad-mic]: old = null new = (null)
05-07 03:24:38.836   665   781 D msm8974_platform: platform_set_snd_device_backend: hw_interface_table[182] = INT3_MI2S_TX
05-07 03:24:38.836   665   781 E msm8974_platform: find_index: Could not find index for name = SND_DEVICE_IN_HANDSET_STEREO_DMIC
05-07 03:24:38.836   665   781 E platform_info: process_backend_name: Device SND_DEVICE_IN_HANDSET_STEREO_DMIC not found, no ACDB ID set!
05-07 03:24:38.836   665   781 E msm8974_platform: find_index: Could not find index for name = SND_DEVICE_IN_SPEAKER_STEREO_DMIC
05-07 03:24:38.836   665   781 E platform_info: process_backend_name: Device SND_DEVICE_IN_SPEAKER_STEREO_DMIC not found, no ACDB ID set!
05-07 03:24:38.836   665   781 D msm8974_platform: platform_set_snd_device_backend: backend_tag_table[vi-feedback]: old = null new = (null)
05-07 03:24:38.836   665   781 D msm8974_platform: platform_set_snd_device_backend: hw_interface_table[185] = INT5_MI2S_TX
05-07 03:24:38.836   665   781 D msm8974_platform: platform_set_snd_device_backend: backend_tag_table[vi-feedback-mono-1]: old = null new = (null)
05-07 03:24:38.836   665   781 D msm8974_platform: platform_set_snd_device_backend: hw_interface_table[186] = INT5_MI2S_TX
05-07 03:24:38.836   665   781 D msm8974_platform: platform_set_snd_device_backend: backend_tag_table[vi-feedback-mono-2]: old = null new = (null)
05-07 03:24:38.837   665   781 D msm8974_platform: platform_set_snd_device_backend: hw_interface_table[187] = INT5_MI2S_TX
05-07 03:24:38.837   665   781 D msm8974_platform: platform_set_snd_device_backend: backend_tag_table[voice-speaker-dmic-broadside]: old = null new = (null)
05-07 03:24:38.837   665   781 D msm8974_platform: platform_set_snd_device_backend: hw_interface_table[188] = INT3_MI2S_TX
05-07 03:24:38.837   665   781 D msm8974_platform: platform_set_snd_device_backend: backend_tag_table[speaker-dmic-broadside]: old = null new = (null)
05-07 03:24:38.837   665   781 D msm8974_platform: platform_set_snd_device_backend: hw_interface_table[189] = INT3_MI2S_TX
05-07 03:24:38.837   665   781 D msm8974_platform: platform_set_snd_device_backend: backend_tag_table[speaker-dmic-broadside]: old = null new = (null)
05-07 03:24:38.837   665   781 D msm8974_platform: platform_set_snd_device_backend: hw_interface_table[190] = INT3_MI2S_TX
05-07 03:24:38.837   665   781 D msm8974_platform: platform_set_snd_device_backend: backend_tag_table[speaker-dmic-broadside]: old = null new = (null)
05-07 03:24:38.837   665   781 D msm8974_platform: platform_set_snd_device_backend: hw_interface_table[191] = INT3_MI2S_TX
05-07 03:24:38.837   665   781 D msm8974_platform: platform_set_snd_device_backend: backend_tag_table[speaker-dmic-broadside]: old = null new = (null)
05-07 03:24:38.837   665   781 D msm8974_platform: platform_set_snd_device_backend: hw_interface_table[192] = INT3_MI2S_TX
05-07 03:24:38.837   665   781 D msm8974_platform: platform_set_snd_device_backend: backend_tag_table[aanc-handset-mic]: old = null new = (null)
05-07 03:24:38.837   665   781 D msm8974_platform: platform_set_snd_device_backend: hw_interface_table[193] = INT3_MI2S_TX
05-07 03:24:38.837   665   781 D msm8974_platform: platform_set_snd_device_backend: backend_tag_table[quad-mic]: old = null new = (null)
05-07 03:24:38.837   665   781 D msm8974_platform: platform_set_snd_device_backend: hw_interface_table[194] = INT3_MI2S_TX
05-07 03:24:38.837   665   781 D msm8974_platform: platform_set_snd_device_backend: backend_tag_table[quad-mic]: old = null new = (null)
05-07 03:24:38.837   665   781 D msm8974_platform: platform_set_snd_device_backend: hw_interface_table[196] = INT3_MI2S_TX
05-07 03:24:38.837   665   781 D msm8974_platform: platform_set_snd_device_backend: backend_tag_table[quad-mic]: old = null new = (null)
05-07 03:24:38.837   665   781 D msm8974_platform: platform_set_snd_device_backend: hw_interface_table[197] = INT3_MI2S_TX
05-07 03:24:38.837   665   781 D msm8974_platform: platform_set_snd_device_backend: backend_tag_table[quad-mic]: old = null new = (null)
05-07 03:24:38.837   665   781 D msm8974_platform: platform_set_snd_device_backend: hw_interface_table[198] = INT3_MI2S_TX
05-07 03:24:38.837   665   781 D msm8974_platform: platform_set_snd_device_backend: backend_tag_table[three-mic]: old = null new = (null)
05-07 03:24:38.837   665   781 D msm8974_platform: platform_set_snd_device_backend: hw_interface_table[200] = INT3_MI2S_TX
05-07 03:24:38.837   665   781 D msm8974_platform: platform_set_snd_device_backend: backend_tag_table[three-mic]: old = null new = (null)
05-07 03:24:38.837   665   781 D msm8974_platform: platform_set_snd_device_backend: hw_interface_table[202] = INT3_MI2S_TX
05-07 03:24:38.837   665   781 D msm8974_platform: platform_set_snd_device_backend: backend_tag_table[three-mic]: old = null new = (null)
05-07 03:24:38.837   665   781 D msm8974_platform: platform_set_snd_device_backend: hw_interface_table[209] = INT3_MI2S_TX
05-07 03:24:38.837   665   781 D msm8974_platform: platform_set_snd_device_backend: backend_tag_table[unprocessed-mic]: old = null new = (null)
05-07 03:24:38.837   665   781 D msm8974_platform: platform_set_snd_device_backend: hw_interface_table[210] = INT3_MI2S_TX
05-07 03:24:38.837   665   781 D msm8974_platform: platform_set_snd_device_backend: backend_tag_table[unprocessed-stereo-mic]: old = null new = (null)
05-07 03:24:38.837   665   781 D msm8974_platform: platform_set_snd_device_backend: hw_interface_table[211] = INT3_MI2S_TX
05-07 03:24:38.837   665   781 D msm8974_platform: platform_set_snd_device_backend: backend_tag_table[unprocessed-three-mic]: old = null new = (null)
05-07 03:24:38.837   665   781 D msm8974_platform: platform_set_snd_device_backend: hw_interface_table[212] = INT3_MI2S_TX
05-07 03:24:38.837   665   781 D msm8974_platform: platform_set_snd_device_backend: backend_tag_table[unprocessed-quad-mic]: old = null new = (null)
05-07 03:24:38.837   665   781 D msm8974_platform: platform_set_snd_device_backend: hw_interface_table[213] = INT3_MI2S_TX
05-07 03:24:38.837   665   781 D msm8974_platform: platform_set_snd_device_backend: backend_tag_table[unprocessed-headset-mic]: old = null new = (null)
05-07 03:24:38.837   665   781 D msm8974_platform: platform_set_snd_device_backend: hw_interface_table[214] = INT3_MI2S_TX
05-07 03:24:38.837   665   781 E msm8974_platform: find_index: Could not find index for name = SND_DEVICE_OUT_VOICE_SPEAKER_AND_VOICE_HEADPHONES
05-07 03:24:38.837   665   781 E platform_info: process_backend_name: Device SND_DEVICE_OUT_VOICE_SPEAKER_AND_VOICE_HEADPHONES not found, no ACDB ID set!
05-07 03:24:38.837   665   781 E msm8974_platform: find_index: Could not find index for name = SND_DEVICE_OUT_VOICE_SPEAKER_AND_VOICE_ANC_HEADSET
05-07 03:24:38.837   665   781 E platform_info: process_backend_name: Device SND_DEVICE_OUT_VOICE_SPEAKER_AND_VOICE_ANC_HEADSET not found, no ACDB ID set!
05-07 03:24:38.838   665   781 E msm8974_platform: find_index: Could not find index for name = SND_DEVICE_IN_HANDSET_STEREO_DMIC
05-07 03:24:38.838   665   781 E platform_info: process_snd_dev: Sound device not valid
05-07 03:24:38.838   665   781 E platform_info: start_tag: Error in previous tags, do not process mic info
05-07 03:24:38.839   665   781 E platform_info: start_tag: Error in previous tags, do not process mic info
05-07 03:24:38.839   665   781 E msm8974_platform: find_index: Could not find index for name = SND_DEVICE_IN_SPEAKER_STEREO_DMIC
05-07 03:24:38.839   665   781 E platform_info: process_snd_dev: Sound device not valid
05-07 03:24:38.839   665   781 E platform_info: start_tag: Error in previous tags, do not process mic info
05-07 03:24:38.839   665   781 E platform_info: start_tag: Error in previous tags, do not process mic info
05-07 03:24:38.839   935  1023 I ServiceManager: Waiting for service 'package_native' on '/dev/binder'...
05-07 03:24:38.841   665   781 E audio_hw_extn: audio_extn_perf_lock_acquire: Failed to acquire perf lock, err: -1
05-07 03:24:38.841   665   781 D msm8974_platform: platform_init: Loading mixer file: /vendor/etc/mixer_paths_nonpay.xml
05-07 03:24:38.887     0     0 E hvdcpd  : Registered HVDCP
05-07 03:24:38.907     0     0 I         : usbin-plugin, current_max=0, current_now=972655
05-07 03:24:38.940   935  1023 I ServiceManager: Waiting for service 'package_native' on '/dev/binder'...
05-07 03:24:38.947   621   621 D OEM-HPM : change@/devices/platform/soc/800f000.qcom,spmi/spmi-0/spmi0-00/800f000.qcom,spmi:qcom,pm660@0:qcom,qpnp-smb2/power_supply/usb
05-07 03:24:38.947   621   621 I OEM-HPM : sysfs:path /sys/class/power_supply/usb/online data 0 size 1
05-07 03:24:38.947   621   621 I OEM-HPM : /sys/class/power_supply/usb/online is 0
05-07 03:24:38.948   621   621 I OEM-HPM : sysfs:path /sys/class/power_supply/pc_port/online data 0{0 size 1
05-07 03:24:38.948   621   621 I OEM-HPM : /sys/class/power_supply/pc_port/online is 0
05-07 03:24:38.948   621   621 E OEM-HPM : open sysfs fail: /sys/class/power_supply/ac/online: error: No such file or directory
05-07 03:24:38.948   621   621 E OEM-HPM : Read /sys/class/power_supply/ac/online failed
05-07 03:24:38.949     0     0 W healthd : battery l=96 v=4077 t=24.0 h=2 st=3 c=-972 fc=3951000 cc=22 fcd=4000000 chg=
05-07 03:24:38.986   669   669 I mm-camera: <ISP   >< INFO> 4088: isp_resource_get_isp_hw_limit: isp hw limit 0
05-07 03:24:39.001   669   669 I mm-camera: <ISP   >< INFO> 926: module_isp_init: module 0xe8d14780
05-07 03:24:39.005     0     0 I MSM-CPP cpp_init_hardware: 1135 CPP HW Version: 0x60010002
05-07 03:24:39.005     0     0 E MSM-CPP cpp_init_hardware: 1153 stream_cnt:0
05-07 03:24:39.021     0     0 I MSM-CPP cpp_release_hardware: 1216 cpp hw release done
05-07 03:24:39.021   669   669 I mm-camera: <CPP   >< INFO> 191: cpp_module_init: info: CPP module_init successful
05-07 03:24:39.026     0     0 I pil-q6v5-mss 4080000.qcom,mss: modem: Brought out of reset
05-07 03:24:39.032     0     0 E         : msm_qti_pp_get_rms_value_control, back not active to query rms be_idx:3
05-07 03:24:39.032     0     0 I pil-q6v5-mss 4080000.qcom,mss: Subsystem error monitoring/handling services are up
05-07 03:24:39.032     0     0 I pil-q6v5-mss 4080000.qcom,mss: modem: Power/Clock ready interrupt received
05-07 03:24:39.037   705   732 D PerMgrSrv: modem new state: is on-line
05-07 03:24:39.038   705   731 D PerMgrSrv: modem state: is on-line, add client cnss-daemon
05-07 03:24:39.038   705   731 D PerMgrSrv: cnss-daemon registered
05-07 03:24:39.038   997   997 D PerMgrLib: cnss-daemon successfully registered for modem
05-07 03:24:39.038   997   997 D PerMgrLib: cnss-daemon voting for modem
05-07 03:24:39.038   705   731 D PerMgrSrv: cnss-daemon voting for modem
05-07 03:24:39.038   705   731 D PerMgrSrv: modem num voters is 2
05-07 03:24:39.039   997   997 E cnss-daemon: no interop issues ap currently
05-07 03:24:39.039   997  1132 E cnss-daemon: ro.baseband : [apq]
05-07 03:24:39.039   997  1132 E cnss-daemon: Hardware does not support external modem
05-07 03:24:39.039   997  1132 E cnss-daemon: Target does not have external modem
05-07 03:24:39.041   935  1023 I ServiceManager: Waiting for service 'package_native' on '/dev/binder'...
05-07 03:24:39.042     0     0 E qrtr    : Modem QMI Readiness RX cmd:0x2 node[0x0]
05-07 03:24:39.044     0     0 I service-notifier: service_notifier_new_server: Connection established between QMI handle and 180 service
05-07 03:24:39.044     0     0 I sysmon-qmi: ssctl_new_server: Connection established between QMI handle and modem's SSCTL service
05-07 03:24:39.044   716   716 I vendor.rmt_storage: rmt_storage_connect_cb: clnt_h=0x1 conn_h=0x7136005010
05-07 03:24:39.045     0     0 E rmt_storage: INFO:rmt_storage_open_cb: Processing: Open Request (req_h 0x1) for /boot/modem_fs1!
05-07 03:24:39.045   716   716 I vendor.rmt_storage: rmt_storage_open_cb: /boot/modem_fs1: req_h=0x1 msg_id=1: Client found
05-07 03:24:39.045   716   716 I vendor.rmt_storage: rmt_storage_open_cb: /boot/modem_fs1: req_h=0x1 msg_id=1: Send response: res=0 err=0
05-07 03:24:39.045   716  1146 I vendor.rmt_storage: rmt_storage_client_thread: /boot/modem_fs1: Worker thread started
05-07 03:24:39.045   716  1146 I vendor.rmt_storage: wake lock name: rmt_storage_486230965584, name creation success: 24
05-07 03:24:39.046   716   716 I vendor.rmt_storage: rmt_storage_connect_cb: clnt_h=0x2 conn_h=0x7136005020
05-07 03:24:39.046     0     0 E rmt_storage: INFO:rmt_storage_open_cb: Processing: Open Request (req_h 0x2) for /boot/modem_fs2!
05-07 03:24:39.046   716   716 I vendor.rmt_storage: rmt_storage_open_cb: /boot/modem_fs2: req_h=0x2 msg_id=1: Client found
05-07 03:24:39.046   716   716 I vendor.rmt_storage: rmt_storage_open_cb: /boot/modem_fs2: req_h=0x2 msg_id=1: Send response: res=0 err=0
05-07 03:24:39.046   716  1152 I vendor.rmt_storage: rmt_storage_client_thread: /boot/modem_fs2: Worker thread started
05-07 03:24:39.046   716  1152 I vendor.rmt_storage: wake lock name: rmt_storage_486213152080, name creation success: 24
05-07 03:24:39.046   716   716 I vendor.rmt_storage: rmt_storage_disconnect_cb: clnt_h=0x1 conn_h=0x7136005010
05-07 03:24:39.047   716   716 I vendor.rmt_storage: rmt_storage_connect_cb: clnt_h=0x3 conn_h=0x7136005010
05-07 03:24:39.047     0     0 E rmt_storage: INFO:rmt_storage_open_cb: Processing: Open Request (req_h 0x3) for /boot/modem_fsg!
05-07 03:24:39.047   716   716 I vendor.rmt_storage: rmt_storage_open_cb: /boot/modem_fsg: req_h=0x3 msg_id=1: Client found
05-07 03:24:39.047   716   716 I vendor.rmt_storage: rmt_storage_open_cb: /boot/modem_fsg: req_h=0x3 msg_id=1: Send response: res=0 err=0
05-07 03:24:39.047   716  1158 I vendor.rmt_storage: rmt_storage_client_thread: /boot/modem_fsg: Worker thread started
05-07 03:24:39.047   716  1158 I vendor.rmt_storage: wake lock name: rmt_storage_486195338576, name creation success: 24
05-07 03:24:39.047   716   716 I vendor.rmt_storage: rmt_storage_disconnect_cb: clnt_h=0x2 conn_h=0x7136005020
05-07 03:24:39.047   716   716 I vendor.rmt_storage: rmt_storage_connect_cb: clnt_h=0x4 conn_h=0x7136005020
05-07 03:24:39.047     0     0 E rmt_storage: INFO:rmt_storage_open_cb: Processing: Open Request (req_h 0x4) for /boot/modem_fsc!
05-07 03:24:39.047   716   716 I vendor.rmt_storage: rmt_storage_open_cb: /boot/modem_fsc: req_h=0x4 msg_id=1: Client found
05-07 03:24:39.047   716   716 I vendor.rmt_storage: rmt_storage_open_cb: /boot/modem_fsc: req_h=0x4 msg_id=1: Send response: res=0 err=0
05-07 03:24:39.047   716  1159 I vendor.rmt_storage: rmt_storage_client_thread: /boot/modem_fsc: Worker thread started
05-07 03:24:39.047   716  1159 I vendor.rmt_storage: wake lock name: rmt_storage_486177525072, name creation success: 24
05-07 03:24:39.047   716   716 I vendor.rmt_storage: rmt_storage_connect_cb: clnt_h=0x5 conn_h=0x7136005030
05-07 03:24:39.048   716   716 I vendor.rmt_storage: rmt_storage_open_cb: Unable to open /boot/modem_fsg_oem_1
05-07 03:24:39.048   716   716 I vendor.rmt_storage: rmt_storage_open_cb: : req_h=0x5 msg_id=1: Send response: res=1 err=3
05-07 03:24:39.048   716   716 I vendor.rmt_storage: rmt_storage_connect_cb: clnt_h=0x6 conn_h=0x7136005040
05-07 03:24:39.048   716   716 I vendor.rmt_storage: rmt_storage_open_cb: Unable to open /boot/modem_fsg_oem_2
05-07 03:24:39.048   716   716 I vendor.rmt_storage: rmt_storage_open_cb: : req_h=0x6 msg_id=1: Send response: res=1 err=3
05-07 03:24:39.048   716   716 I vendor.rmt_storage: rmt_storage_disconnect_cb: clnt_h=0x3 conn_h=0x7136005010
05-07 03:24:39.049   716   716 I vendor.rmt_storage: rmt_storage_disconnect_cb: clnt_h=0x4 conn_h=0x7136005020
05-07 03:24:39.049   716   716 I vendor.rmt_storage: rmt_storage_disconnect_cb: clnt_h=0x5 conn_h=0x7136005030
05-07 03:24:39.049   716   716 I vendor.rmt_storage: rmt_storage_disconnect_cb: clnt_h=0x6 conn_h=0x7136005040
05-07 03:24:39.049   716   716 I vendor.rmt_storage: rmt_storage_connect_cb: clnt_h=0x7 conn_h=0x7136005040
05-07 03:24:39.049   716   716 I vendor.rmt_storage: rmt_storage_alloc_buff_cb: /boot/modem_fs1: req_h=0x7 msg_id=4: Alloc request received: Size: 2097152
05-07 03:24:39.049     0     0 E rmt_storage: INFO:rmt_storage_alloc_buff_cb: Received req_size: 2097152! avail: 2097152
05-07 03:24:39.049   716   716 I vendor.rmt_storage: rmt_storage_alloc_buff_cb: /boot/modem_fs1: req_h=0x7 msg_id=4: Old Client requesting buffer from RMTS Server
05-07 03:24:39.049   716   716 I vendor.rmt_storage: rmt_storage_alloc_buff_cb: /boot/modem_fs1: req_h=0x7 msg_id=4: Send response: res=0 err=0
05-07 03:24:39.049   669   669 E mm-camera: <IMGLIB><ERROR> 1392: frameproc_comp_reload_lib: Error opening frameproc library libmmcamera_ppeiscore.so error dlopen failed: library "libGLESv2_adreno.so" not found
05-07 03:24:39.050   669   669 E mm-camera: <IMGLIB><ERROR> 1258: frameproc_comp_load: frameproc_comp_load:1258] cannot load libmmcamera_ppeiscore.so
05-07 03:24:39.050   669   669 E mm-camera: <IMGLIB><ERROR> 3592: module_imgbase_init: ppeiscore] Error rc -7
05-07 03:24:39.050   716   716 I vendor.rmt_storage: rmt_storage_connect_cb: clnt_h=0x8 conn_h=0x7136005030
05-07 03:24:39.050   716   716 I vendor.rmt_storage: rmt_storage_rw_iovec_cb: /boot/modem_fs1: req_h=0x8 msg_id=3: R/W request received (wr_count 0)
05-07 03:24:39.050     0     0 E rmt_storage: INFO:rmt_storage_rw_iovec_cb: Read iovec request (req_h 0x8 wr_count 0) received for /boot/modem_fs1
05-07 03:24:39.050   716   716 I vendor.rmt_storage: wakelock acquired: 1, error no: 11
05-07 03:24:39.050   716   716 I vendor.rmt_storage: rmt_storage_disconnect_cb: clnt_h=0x7 conn_h=0x7136005040
05-07 03:24:39.050   716  1146 I vendor.rmt_storage: rmt_storage_client_thread: /boot/modem_fs1: Unblock worker thread (th_id: 486230965584)
05-07 03:24:39.050     0     0 E rmt_storage: INFO:rmt_storage_client_thread: Calling Read [offset=512, size=512, req_h 0x8, wr_count 0] for /boot/modem_fs1!
05-07 03:24:39.051   716  1146 I vendor.rmt_storage: rmt_storage_client_thread: /boot/modem_fs1: req_h=0x8 msg_id=3: Bytes read = 512, wr_count 0
05-07 03:24:39.051     0     0 E rmt_storage: INFO:rmt_storage_client_thread: Done Read (bytes = 512, req_h 0x8, wr_count 0) for /boot/modem_fs1!
05-07 03:24:39.051   716  1146 I vendor.rmt_storage: rmt_storage_client_thread: /boot/modem_fs1: req_h=0x8 msg_id=3: Send response: res=0 err=0, wr_count 0
05-07 03:24:39.051   716  1146 I vendor.rmt_storage: rmt_storage_client_thread: /boot/modem_fs1: About to block rmt_storage client thread (th_id: 486230965584) wakelock released: 1, error no: 0
05-07 03:24:39.051   716  1146 I vendor.rmt_storage: 
05-07 03:24:39.052   716   716 I vendor.rmt_storage: rmt_storage_connect_cb: clnt_h=0x9 conn_h=0x7136005040
05-07 03:24:39.052   716   716 I vendor.rmt_storage: rmt_storage_rw_iovec_cb: /boot/modem_fs2: req_h=0x9 msg_id=3: R/W request received (wr_count 0)
05-07 03:24:39.052   716   716 I vendor.rmt_storage: wakelock acquired: 1, error no: 11
05-07 03:24:39.052   716  1152 I vendor.rmt_storage: rmt_storage_client_thread: /boot/modem_fs2: Unblock worker thread (th_id: 486213152080)
05-07 03:24:39.052   716   716 I vendor.rmt_storage: rmt_storage_disconnect_cb: clnt_h=0x8 conn_h=0x7136005030
05-07 03:24:39.053   716  1152 I vendor.rmt_storage: rmt_storage_client_thread: /boot/modem_fs2: req_h=0x9 msg_id=3: Bytes read = 512, wr_count 0
05-07 03:24:39.053   716  1152 I vendor.rmt_storage: rmt_storage_client_thread: /boot/modem_fs2: req_h=0x9 msg_id=3: Send response: res=0 err=0, wr_count 0
05-07 03:24:39.053   716  1152 I vendor.rmt_storage: rmt_storage_client_thread: /boot/modem_fs2: About to block rmt_storage client thread (th_id: 486213152080) wakelock released: 1, error no: 0
05-07 03:24:39.053   716  1152 I vendor.rmt_storage: 
05-07 03:24:39.054   716   716 I vendor.rmt_storage: rmt_storage_disconnect_cb: clnt_h=0x9 conn_h=0x7136005040
05-07 03:24:39.054   716   716 I vendor.rmt_storage: rmt_storage_connect_cb: clnt_h=0xa conn_h=0x7136005040
05-07 03:24:39.054   716   716 I vendor.rmt_storage: rmt_storage_rw_iovec_cb: /boot/modem_fs1: req_h=0xa msg_id=3: R/W request received (wr_count 0)
05-07 03:24:39.054   716   716 I vendor.rmt_storage: wakelock acquired: 1, error no: 11
05-07 03:24:39.054   716  1146 I vendor.rmt_storage: rmt_storage_client_thread: /boot/modem_fs1: Unblock worker thread (th_id: 486230965584)
05-07 03:24:39.055     0     0 I core_get_license_status: cmdrsp_license_result.result = 0x15 for module 0x131ff
05-07 03:24:39.057     0     0 E msm-ext-disp-audio-codec-rx soc: qcom,msm-ext-disp:qcom,msm-ext-disp-audio-codec-rx: msm_ext_disp_audio_type_get: Display cable disconnected
05-07 03:24:39.057     0     0 E msm-ext-disp-audio-codec-rx soc: qcom,msm-ext-disp:qcom,msm-ext-disp-audio-codec-rx: msm_ext_disp_audio_type_get: Display cable disconnected
05-07 03:24:39.064   716  1146 I vendor.rmt_storage: rmt_storage_client_thread: /boot/modem_fs1: req_h=0xa msg_id=3: Bytes read = 2096128, wr_count 0
05-07 03:24:39.064   716  1146 I vendor.rmt_storage: rmt_storage_client_thread: /boot/modem_fs1: req_h=0xa msg_id=3: Send response: res=0 err=0, wr_count 0
05-07 03:24:39.065   716  1146 I vendor.rmt_storage: rmt_storage_client_thread: /boot/modem_fs1: About to block rmt_storage client thread (th_id: 486230965584) wakelock released: 1, error no: 0
05-07 03:24:39.065   716  1146 I vendor.rmt_storage: 
05-07 03:24:39.065   716   716 I vendor.rmt_storage: rmt_storage_disconnect_cb: clnt_h=0xa conn_h=0x7136005040
05-07 03:24:39.068   669   669 E mm-camera: <IMGLIB><ERROR> 1392: frameproc_comp_reload_lib: Error opening frameproc library libmmcamera_llvd.so error dlopen failed: library "libmmcamera_llvd.so" not found
05-07 03:24:39.068   669   669 E mm-camera: <IMGLIB><ERROR> 1258: frameproc_comp_load: frameproc_comp_load:1258] cannot load libmmcamera_llvd.so
05-07 03:24:39.068   669   669 E mm-camera: <IMGLIB><ERROR> 3592: module_imgbase_init: llvd] Error rc -7
05-07 03:24:39.072     0     0 E         : msm_pcm_path_latency_ctl_get substream runtime not found
05-07 03:24:39.074   669   669 E mm-camera: <IMGLIB><ERROR> 4510: module_qdc_common_init:  Algo Capabilities Crop caps 1,core type 2, access mode 1, exec mode 1
05-07 03:24:39.075   669   669 E mm-camera: <IMGLIB><ERROR> 4270: module_qdc_common_get_valid_lib_index: error, invalid library
05-07 03:24:39.075   669   669 E mm-camera: <IMGLIB><ERROR> 4306: module_qdc_common_get_feature_lib: invalid index
05-07 03:24:39.075   669   669 E mm-camera: <IMGLIB><ERROR> 4270: module_qdc_common_get_valid_lib_index: error, invalid library
05-07 03:24:39.075   669   669 E mm-camera: <IMGLIB><ERROR> 4306: module_qdc_common_get_feature_lib: invalid index
05-07 03:24:39.079   669   669 E mm-camera: <IMGLIB><ERROR> 4270: module_qdc_common_get_valid_lib_index: error, invalid library
05-07 03:24:39.079   669   669 E mm-camera: <IMGLIB><ERROR> 4306: module_qdc_common_get_feature_lib: invalid index
05-07 03:24:39.081     0     0 I chatty  : uid=0(root) logd identical 4 lines
05-07 03:24:39.083   669   669 E mm-camera: <IMGLIB><ERROR> 1392: frameproc_comp_reload_lib: Error opening frameproc library libmmcamera_mfproc_precpp.so error dlopen failed: library "libmmcamera_mfproc_precpp.so" not found
05-07 03:24:39.083   669   669 E mm-camera: <IMGLIB><ERROR> 1258: frameproc_comp_load: frameproc_comp_load:1258] cannot load libmmcamera_mfproc_precpp.so
05-07 03:24:39.083   669   669 E mm-camera: <IMGLIB><ERROR> 3592: module_imgbase_init: mfproc_precpp] Error rc -7
05-07 03:24:39.084   669   669 E mm-camera: <IMGLIB><ERROR> 215: faceproc_hw_comp_get_fd_device_name: Can not discover face-detect device
05-07 03:24:39.084   669   669 E mm-camera: <IMGLIB><ERROR> 5842: faceproc_hw_comp_load: Can not find device name
05-07 03:24:39.084   669   669 W mm-camera: <IMGLIB>< WARN> 1235: faceproc_dsp_comp_load: face detection dsp disabled , enable by set property
05-07 03:24:39.084   669   669 I mm-camera: <IMGLIB>< INFO> 2157: faceproc_sw_wrapper_load: Loading faceproc library
05-07 03:24:39.085     0     0 E         : msm_pcm_path_latency_ctl_get substream runtime not found
05-07 03:24:39.097   669   669 E mm-camera: <IMGLIB><ERROR> 1392: frameproc_comp_reload_lib: Error opening frameproc library libmmcamera_chromaflash_lib.so error dlopen failed: library "libmmcamera_chromaflash_lib.so" not found
05-07 03:24:39.098   669   669 E mm-camera: <IMGLIB><ERROR> 1258: frameproc_comp_load: frameproc_comp_load:1258] cannot load libmmcamera_chromaflash_lib.so
05-07 03:24:39.098   669   669 E mm-camera: <IMGLIB><ERROR> 3592: module_imgbase_init: imglib_chroma_flash] Error rc -7
05-07 03:24:39.098   669   669 W mm-camera: <IMGLIB>< WARN> 748: module_imglib_create_topology: Can not init the module imglib_chroma_flash
05-07 03:24:39.098   669   669 E mm-camera: <IMGLIB><ERROR> 1392: frameproc_comp_reload_lib: Error opening frameproc library libmmcamera_optizoom_lib.so error dlopen failed: library "libmmcamera_optizoom_lib.so" not found
05-07 03:24:39.098   669   669 E mm-camera: <IMGLIB><ERROR> 1258: frameproc_comp_load: frameproc_comp_load:1258] cannot load libmmcamera_optizoom_lib.so
05-07 03:24:39.098   669   669 E mm-camera: <IMGLIB><ERROR> 3592: module_imgbase_init: imglib_optizoom] Error rc -7
05-07 03:24:39.098   669   669 W mm-camera: <IMGLIB>< WARN> 748: module_imglib_create_topology: Can not init the module imglib_optizoom
05-07 03:24:39.099   669   669 E mm-camera: <IMGLIB><ERROR> 1392: frameproc_comp_reload_lib: Error opening frameproc library libmmcamera_ubifocus_lib.so error dlopen failed: library "libmmcamera_ubifocus_lib.so" not found
05-07 03:24:39.099   669   669 E mm-camera: <IMGLIB><ERROR> 1258: frameproc_comp_load: frameproc_comp_load:1258] cannot load libmmcamera_ubifocus_lib.so
05-07 03:24:39.099   669   669 E mm-camera: <IMGLIB><ERROR> 3592: module_imgbase_init: imglib_ubifocus] Error rc -7
05-07 03:24:39.099   669   669 W mm-camera: <IMGLIB>< WARN> 748: module_imglib_create_topology: Can not init the module imglib_ubifocus
05-07 03:24:39.099   669   669 E mm-camera: <IMGLIB><ERROR> 1392: frameproc_comp_reload_lib: Error opening frameproc library libmmcamera_ubifocus_lib.so error dlopen failed: library "libmmcamera_ubifocus_lib.so" not found
05-07 03:24:39.099   669   669 E mm-camera: <IMGLIB><ERROR> 1258: frameproc_comp_load: frameproc_comp_load:1258] cannot load libmmcamera_ubifocus_lib.so
05-07 03:24:39.099   669   669 E mm-camera: <IMGLIB><ERROR> 3592: module_imgbase_init: imglib_refocus] Error rc -7
05-07 03:24:39.099   669   669 W mm-camera: <IMGLIB>< WARN> 748: module_imglib_create_topology: Can not init the module imglib_refocus
05-07 03:24:39.099   669   669 E mm-camera: <IMGLIB><ERROR> 1392: frameproc_comp_reload_lib: Error opening frameproc library libmmcamera_trueportrait_lib.so error dlopen failed: library "libmmcamera_trueportrait_lib.so" not found
05-07 03:24:39.099   669   669 E mm-camera: <IMGLIB><ERROR> 1258: frameproc_comp_load: frameproc_comp_load:1258] cannot load libmmcamera_trueportrait_lib.so
05-07 03:24:39.099   669   669 E mm-camera: <IMGLIB><ERROR> 3592: module_imgbase_init: imglib_trueportrait] Error rc -7
05-07 03:24:39.099   669   669 W mm-camera: <IMGLIB>< WARN> 748: module_imglib_create_topology: Can not init the module imglib_trueportrait
05-07 03:24:39.117   669   669 I OpenCV  : calling android_getCpuFeatures() ...
05-07 03:24:39.117   669   669 I OpenCV  : calling android_getCpuFeatures() ... Done (1f7ff)
05-07 03:24:39.118   669   669 E mm-camera: <IMGLIB><ERROR> 111: module_mfproc_postcpp_init:  module_mfproc_postcpp_init(),  E 
05-07 03:24:39.118   669   669 E mm-camera: <IMGLIB><ERROR> 1392: frameproc_comp_reload_lib: Error opening frameproc library libmmcamera_mfproc_postcpp.so error dlopen failed: library "libmmcamera_mfproc_postcpp.so" not found
05-07 03:24:39.118   669   669 E mm-camera: <IMGLIB><ERROR> 1258: frameproc_comp_load: frameproc_comp_load:1258] cannot load libmmcamera_mfproc_postcpp.so
05-07 03:24:39.118   669   669 E mm-camera: <IMGLIB><ERROR> 3592: module_imgbase_init: imglib_mfproc_postcpp] Error rc -7
05-07 03:24:39.119   669   669 W mm-camera: <IMGLIB>< WARN> 748: module_imglib_create_topology: Can not init the module imglib_mfproc_postcpp
05-07 03:24:39.119   669   669 W mm-camera: <IMGLIB>< WARN> 748: module_imglib_create_topology: Can not init the module imglib_oem1
05-07 03:24:39.119   669   669 I QCamera : <MCI><INFO> get_num_of_cameras: 2783: dev_info[id=0,name='video3']
05-07 03:24:39.119   669   669 I QCamera : <MCI><INFO> get_num_of_cameras: 2783: dev_info[id=1,name='video4']
05-07 03:24:39.119   669   669 I QCamera : <MCI><INFO> sort_camera_info: 2617: Camera id: 0 facing: 0, type: 1 is_yuv: 0
05-07 03:24:39.119   669   669 I QCamera : <MCI><INFO> sort_camera_info: 2617: Camera id: 1 facing: 1, type: 1 is_yuv: 0
05-07 03:24:39.119   669   669 I QCamera : <MCI><INFO> sort_camera_info: 2623: Number of cameras 2 sorted 2
05-07 03:24:39.119   669   669 I QCamera : <MCI><INFO> get_num_of_cameras: 2801: num_cameras=2
05-07 03:24:39.119   669   669 E QCamera2Factory: get_number_of_cameras num of cameras: 2
05-07 03:24:39.119   669   669 I CamPrvdr@2.4-legacy: Loaded "QCamera Module" camera module
05-07 03:24:39.120   669   669 E QCamera2Factory: get_number_of_cameras num of cameras: 2
05-07 03:24:39.120   669   669 E QCamera2Factory: get_number_of_cameras num of cameras: 2
05-07 03:24:39.120   669   669 I CamPrvdr@2.4-legacy: initialize, cts mode off, mNumberOfLegacyCameras = 2
05-07 03:24:39.120   669   669 I QCamera : <HAL><INFO> getCameraInfo: 359: Camera id 0 API version 768
05-07 03:24:39.120   669   669 D QCamera : Debug log file is not enabled
05-07 03:24:39.120     0     0 I msm_pm_qos_update_request: update request 100
05-07 03:24:39.120     0     0 I msm_pm_qos_add_request: add request
05-07 03:24:39.120   669   669 I mm-camera: <MCT   >< INFO> 118: mct_controller_new: Creating new mct_controller with session-id 3
05-07 03:24:39.121   669  1191 I mm-camera: <MCT   >< INFO> 5326: mct_pipeline_start_session_thread: E sensor
05-07 03:24:39.121   669  1191 I mm-camera: <MCT   >< INFO> 5333: mct_pipeline_start_session_thread: Calling start_session on Module sensor
05-07 03:24:39.121   669  1192 I mm-camera: <MCT   >< INFO> 5326: mct_pipeline_start_session_thread: E iface
05-07 03:24:39.121   669  1192 I mm-camera: <MCT   >< INFO> 5333: mct_pipeline_start_session_thread: Calling start_session on Module iface
05-07 03:24:39.122   669  1192 I mm-camera: <MCT   >< INFO> 5336: mct_pipeline_start_session_thread: Module iface start_session rc = 1
05-07 03:24:39.122   669  1192 I mm-camera: <MCT   >< INFO> 5344: mct_pipeline_start_session_thread: started_num = 1, success = 1
05-07 03:24:39.122   669  1192 I mm-camera: <MCT   >< INFO> 5351: mct_pipeline_start_session_thread: X iface
05-07 03:24:39.122     0     0 I msm_csid_init: CSID_VERSION = 0x30050000
05-07 03:24:39.123     0     0 E         : msm_csid_irq CSID0_IRQ_STATUS_ADDR = 0x800
05-07 03:24:39.126   669  1194 I mm-camera: <MCT   >< INFO> 5326: mct_pipeline_start_session_thread: E isp
05-07 03:24:39.126   669  1194 I mm-camera: <MCT   >< INFO> 5333: mct_pipeline_start_session_thread: Calling start_session on Module isp
05-07 03:24:39.126   669  1194 I mm-camera: <ISP   >< INFO> 214: isp_module_start_session: session id 3 
05-07 03:24:39.127   669  1196 I mm-camera: <MCT   >< INFO> 5326: mct_pipeline_start_session_thread: E stats
05-07 03:24:39.127   669  1196 I mm-camera: <MCT   >< INFO> 5333: mct_pipeline_start_session_thread: Calling start_session on Module stats
05-07 03:24:39.129   669  1198 I mm-camera: <MCT   >< INFO> 5326: mct_pipeline_start_session_thread: E pproc
05-07 03:24:39.129   669  1198 I mm-camera: <MCT   >< INFO> 5333: mct_pipeline_start_session_thread: Calling start_session on Module pproc
05-07 03:24:39.129   669  1194 I mm-camera: <MCT   >< INFO> 5336: mct_pipeline_start_session_thread: Module isp start_session rc = 1
05-07 03:24:39.129   669  1194 I mm-camera: <MCT   >< INFO> 5344: mct_pipeline_start_session_thread: started_num = 2, success = 2
05-07 03:24:39.129   669  1194 I mm-camera: <MCT   >< INFO> 5351: mct_pipeline_start_session_thread: X isp
05-07 03:24:39.129   669  1201 I mm-camera: <MCT   >< INFO> 5326: mct_pipeline_start_session_thread: E imglib
05-07 03:24:39.129   669  1201 I mm-camera: <MCT   >< INFO> 5333: mct_pipeline_start_session_thread: Calling start_session on Module imglib
05-07 03:24:39.131   669  1191 I mm-camera: <MCT   >< INFO> 5336: mct_pipeline_start_session_thread: Module sensor start_session rc = 1
05-07 03:24:39.131   669  1191 I mm-camera: <MCT   >< INFO> 5344: mct_pipeline_start_session_thread: started_num = 3, success = 3
05-07 03:24:39.131   669  1191 I mm-camera: <MCT   >< INFO> 5351: mct_pipeline_start_session_thread: X sensor
05-07 03:24:39.132   669  1201 I mm-camera: <MCT   >< INFO> 5336: mct_pipeline_start_session_thread: Module imglib start_session rc = 1
05-07 03:24:39.132   669  1201 I mm-camera: <MCT   >< INFO> 5344: mct_pipeline_start_session_thread: started_num = 4, success = 4
05-07 03:24:39.132   669  1201 I mm-camera: <MCT   >< INFO> 5351: mct_pipeline_start_session_thread: X imglib
05-07 03:24:39.134   669  1198 I mm-camera: <MCT   >< INFO> 5336: mct_pipeline_start_session_thread: Module pproc start_session rc = 1
05-07 03:24:39.134   669  1198 I mm-camera: <MCT   >< INFO> 5344: mct_pipeline_start_session_thread: started_num = 5, success = 5
05-07 03:24:39.134   669  1198 I mm-camera: <MCT   >< INFO> 5351: mct_pipeline_start_session_thread: X pproc
05-07 03:24:39.134     0     0 I MSM-CPP cpp_init_hardware: 1135 CPP HW Version: 0x60010002
05-07 03:24:39.134     0     0 E MSM-CPP cpp_init_hardware: 1153 stream_cnt:0
05-07 03:24:39.137   669  1196 I mm-camera: <MCT   >< INFO> 5336: mct_pipeline_start_session_thread: Module stats start_session rc = 1
05-07 03:24:39.137   669  1196 I mm-camera: <MCT   >< INFO> 5344: mct_pipeline_start_session_thread: started_num = 6, success = 6
05-07 03:24:39.137   669  1196 I mm-camera: <MCT   >< INFO> 5351: mct_pipeline_start_session_thread: X stats
05-07 03:24:39.141   935  1023 I ServiceManager: Waiting for service 'package_native' on '/dev/binder'...
05-07 03:24:39.148   669   669 I mm-camera: <MCT   >< INFO> 5247: mct_pipeline_start_stream_internal: Adding session stream streamid= 0xf for session=3
05-07 03:24:39.148   669   669 I mm-camera: <MCT   >< INFO> 5295: mct_pipeline_start_stream_internal: Linking session stream for session 3
05-07 03:24:39.148   669   669 I mm-camera: <MCT   >< INFO> 526: mct_stream_start_link: Start linking Session-stream 0x3000f
05-07 03:24:39.148   669   669 I mm-camera: <IFACE >< INFO> 344: iface_util_find_primary_cid: iface_util_find_primary_cid:344 error cannot find primary sensor format cids 1
05-07 03:24:39.148   669   669 I mm-camera: <ISP   >< INFO> 851: isp_port_check_caps_reserve: port 0xe5fbd0c0 ide 3000f type 10 dim 0 0
05-07 03:24:39.148   669   669 I mm-camera: <PPROC >< INFO> 449: pproc_port_add_modules_to_stream: in identity 3000f stream 10 int_link = 0xe5ba0940
05-07 03:24:39.148   669   669 I mm-camera: <PPROC >< INFO> 461: pproc_port_add_modules_to_stream: :LINK linking mods tmod and paaf for identity 3000f
05-07 03:24:39.148   669   669 I mm-camera: <PPROC >< INFO> 461: pproc_port_add_modules_to_stream: :LINK linking mods paaf and sat for identity 3000f
05-07 03:24:39.149   669   669 I mm-camera: <PPROC >< INFO> 461: pproc_port_add_modules_to_stream: :LINK linking mods sat and c2d for identity 3000f
05-07 03:24:39.149   669   669 I mm-camera: <C2D   >< INFO> 1557: c2d_module_notify_add_stream: width 0, height 0, stride 0, scanline 0, is_type 0
