12-31 19:00:19.577   889   889 D LibBpfLoader: applying relo to instruction at byte offset: 2064, 	       insn offset 258 , insn 118
12-31 19:00:19.577   889   889 D LibBpfLoader: applying relo to instruction at byte offset: 2168, 	       insn offset 271 , insn 118
12-31 19:00:19.577   889   889 D LibBpfLoader: applying relo to instruction at byte offset: 2208, 	       insn offset 276 , insn 118
12-31 19:00:19.577   889   889 D LibBpfLoader: applying relo to instruction at byte offset: 2328, 	       insn offset 291 , insn 118
12-31 19:00:19.577   889   889 D LibBpfLoader: applying relo to instruction at byte offset: 2432, 	       insn offset 304 , insn 118
12-31 19:00:19.577   889   889 D LibBpfLoader: applying relo to instruction at byte offset: 2472, 	       insn offset 309 , insn 118
12-31 19:00:19.577   889   889 D LibBpfLoader: applying relo to instruction at byte offset: 2720, 	       insn offset 340 , insn 118
12-31 19:00:19.577   889   889 D LibBpfLoader: applying relo to instruction at byte offset: 2824, 	       insn offset 353 , insn 118
12-31 19:00:19.577   889   889 D LibBpfLoader: applying relo to instruction at byte offset: 2864, 	       insn offset 358 , insn 118
12-31 19:00:19.577   889   889 D LibBpfLoader: applying relo to instruction at byte offset: 608, 	       insn offset 76 , insn 118
12-31 19:00:19.577   889   889 D LibBpfLoader: applying relo to instruction at byte offset: 680, 	       insn offset 85 , insn 118
12-31 19:00:19.577   889   889 D LibBpfLoader: applying relo to instruction at byte offset: 904, 	       insn offset 113 , insn 118
12-31 19:00:19.577   889   889 D LibBpfLoader: applying relo to instruction at byte offset: 1048, 	       insn offset 131 , insn 118
12-31 19:00:19.577   889   889 D LibBpfLoader: applying relo to instruction at byte offset: 1128, 	       insn offset 141 , insn 118
12-31 19:00:19.577   889   889 D LibBpfLoader: applying relo to instruction at byte offset: 1232, 	       insn offset 154 , insn 118
12-31 19:00:19.577   889   889 D LibBpfLoader: applying relo to instruction at byte offset: 1336, 	       insn offset 167 , insn 118
12-31 19:00:19.577   889   889 D LibBpfLoader: applying relo to instruction at byte offset: 1376, 	       insn offset 172 , insn 118
12-31 19:00:19.577   889   889 D LibBpfLoader: applying relo to instruction at byte offset: 1496, 	       insn offset 187 , insn 118
12-31 19:00:19.577   889   889 D LibBpfLoader: applying relo to instruction at byte offset: 1600, 	       insn offset 200 , insn 118
12-31 19:00:19.578   889   889 D LibBpfLoader: applying relo to instruction at byte offset: 1640, 	       insn offset 205 , insn 118
12-31 19:00:19.578   889   889 D LibBpfLoader: applying relo to instruction at byte offset: 1928, 	       insn offset 241 , insn 118
12-31 19:00:19.578   889   889 D LibBpfLoader: applying relo to instruction at byte offset: 2032, 	       insn offset 254 , insn 118
12-31 19:00:19.578   889   889 D LibBpfLoader: applying relo to instruction at byte offset: 2072, 	       insn offset 259 , insn 118
12-31 19:00:19.578   889   889 D LibBpfLoader: applying relo to instruction at byte offset: 2192, 	       insn offset 274 , insn 118
12-31 19:00:19.578   889   889 D LibBpfLoader: applying relo to instruction at byte offset: 2296, 	       insn offset 287 , insn 118
12-31 19:00:19.578   889   889 D LibBpfLoader: applying relo to instruction at byte offset: 2336, 	       insn offset 292 , insn 118
12-31 19:00:19.579   882   912 W /vendor/bin/adsprpcd: vendor/qcom/proprietary/commonsys-intf/adsprpc/src/apps_std_imp.c:749: Warning: fopen returned 0x2 for file adsp_avs_config.acdb. (No such file or directory)
12-31 19:00:19.580     0     0 W         : (NULL device *): hwmon_device_register() is deprecated. Please convert the driver to use hwmon_device_register_with_info().
12-31 19:00:19.589   889   889 D LibBpfLoader: applying relo to instruction at byte offset: 2584, 	       insn offset 323 , insn 118
12-31 19:00:19.590   889   889 D LibBpfLoader: applying relo to instruction at byte offset: 2688, 	       insn offset 336 , insn 118
12-31 19:00:19.590   889   889 D LibBpfLoader: applying relo to instruction at byte offset: 2728, 	       insn offset 341 , insn 118
12-31 19:00:19.590   889   889 D LibBpfLoader: applying relo to instruction at byte offset: 40, 	       insn offset 5 , insn 118
12-31 19:00:19.590   889   889 D LibBpfLoader: applying relo to instruction at byte offset: 144, 	       insn offset 18 , insn 118
12-31 19:00:19.590   889   889 D LibBpfLoader: applying relo to instruction at byte offset: 184, 	       insn offset 23 , insn 118
12-31 19:00:19.590   889   889 D LibBpfLoader: applying relo to instruction at byte offset: 40, 	       insn offset 5 , insn 118
12-31 19:00:19.590   889   889 D LibBpfLoader: applying relo to instruction at byte offset: 144, 	       insn offset 18 , insn 118
12-31 19:00:19.590   889   889 D LibBpfLoader: applying relo to instruction at byte offset: 184, 	       insn offset 23 , insn 118
12-31 19:00:19.590   889   889 D LibBpfLoader: applying relo to instruction at byte offset: 136, 	       insn offset 17 , insn 118
12-31 19:00:19.590   889   889 D LibBpfLoader: applying relo to instruction at byte offset: 32, 	       insn offset 4 , insn 118
12-31 19:00:19.590   889   889 D LibBpfLoader: applying relo to instruction at byte offset: 80, 	       insn offset 10 , insn 118
12-31 19:00:19.593     0     0 W wsa881x_get_temp: Temperature registers[0 0 0 0] are out of range
12-31 19:00:19.593     0     0 W wsa881x_get_temp: T0: 65535 is out of range[5, 45]
12-31 19:00:19.595   889   889 D LibBpfLoader: New bpf core prog_load for /system/etc/bpf/netd.o (cgroupskb_ingress_stats) returned: 16
12-31 19:00:19.599   889   889 D LibBpfLoader: New bpf core prog_load for /system/etc/bpf/netd.o (cgroupskb_egress_stats) returned: 17
12-31 19:00:19.599   889   889 D LibBpfLoader: New bpf core prog_load for /system/etc/bpf/netd.o (skfilter_egress_xtbpf) returned: 18
12-31 19:00:19.600   889   889 D LibBpfLoader: New bpf core prog_load for /system/etc/bpf/netd.o (skfilter_ingress_xtbpf) returned: 19
12-31 19:00:19.600   889   889 D LibBpfLoader: New bpf core prog_load for /system/etc/bpf/netd.o (skfilter_whitelist_xtbpf) returned: 20
12-31 19:00:19.600   879   879 I ThermalEngine: devices_manager_init: Init
12-31 19:00:19.600   889   889 D LibBpfLoader: New bpf core prog_load for /system/etc/bpf/netd.o (skfilter_blacklist_xtbpf) returned: 21
12-31 19:00:19.600   879   879 I ThermalEngine: Number of gpus :1
12-31 19:00:19.600   879   879 I ThermalEngine: Number of cpus :8
12-31 19:00:19.601   889   889 D LibBpfLoader: New bpf core prog_load for /system/etc/bpf/netd.o (cgroupsock_inet_create) returned: 22
12-31 19:00:19.601   889   889 I bpfloader: Attempted load object: /system/etc/bpf/netd.o, ret: Success
12-31 19:00:19.601   879   879 I ThermalEngine: update_cpu_topology: Cluster info node not found/sys/module/msm_thermal/cluster_info
12-31 19:00:19.602   876   876 I Dpps    : GetInstance: DppsServer ref count increased to 1
12-31 19:00:19.602   876   876 I Dpps    : WaitForComposer():129 Waiting for composer service init
12-31 19:00:19.602   879   879 E ThermalEngine: read_int_list_from_file: Read error -2.
12-31 19:00:19.602   879   879 E ThermalEngine: tmd_add_cpufreq_dev_data: Invalid or no boost freqs
12-31 19:00:19.606   874   874 I adbd    : ro.boot.qvar :1.16.1.
12-31 19:00:19.606   874   874 I adbd    : 
12-31 19:00:19.606   874   874 I adbd    : [item :]root, [flag :]1
12-31 19:00:19.606   874   874 I adbd    : 
12-31 19:00:19.606   879   879 E ThermalEngine: read_int_list_from_file: Read error -2.
12-31 19:00:19.606   879   879 E ThermalEngine: tmd_add_cpufreq_dev_data: Invalid or no boost freqs
12-31 19:00:19.606   874   874 I adbd    : ro.boot.qvar :1.16.1.
12-31 19:00:19.607   882   912 W /vendor/bin/adsprpcd: vendor/qcom/proprietary/commonsys-intf/adsprpc/src/apps_std_imp.c:749: Warning: fopen returned 0x2 for file custom_sm_ecns_1.so.1. (No such file or directory)
12-31 19:00:19.607   874   874 I adbd    : 
12-31 19:00:19.607   874   874 I adbd    : [item :]root, [flag :]1
12-31 19:00:19.607   874   874 I adbd    : 
12-31 19:00:19.607   882   912 W /vendor/bin/adsprpcd: vendor/qcom/proprietary/commonsys-intf/adsprpc/src/apps_std_imp.c:749: Warning: fopen returned 0x2 for file custom_sm_ecns_2.so.1. (No such file or directory)
12-31 19:00:19.607   882   912 W /vendor/bin/adsprpcd: vendor/qcom/proprietary/commonsys-intf/adsprpc/src/apps_std_imp.c:749: Warning: fopen returned 0x2 for file custom_dm_ecns_1.so.1. (No such file or directory)
12-31 19:00:19.608   882   912 W /vendor/bin/adsprpcd: vendor/qcom/proprietary/commonsys-intf/adsprpc/src/apps_std_imp.c:749: Warning: fopen returned 0x2 for file custom_dm_ecns_2.so.1. (No such file or directory)
12-31 19:00:19.608   882   912 W /vendor/bin/adsprpcd: vendor/qcom/proprietary/commonsys-intf/adsprpc/src/apps_std_imp.c:749: Warning: fopen returned 0x2 for file custom_qm_ecns_1.so.1. (No such file or directory)
12-31 19:00:19.608   882   912 W /vendor/bin/adsprpcd: vendor/qcom/proprietary/commonsys-intf/adsprpc/src/apps_std_imp.c:749: Warning: fopen returned 0x2 for file custom_qm_ecns_2.so.1. (No such file or directory)
12-31 19:00:19.609   879   879 E ThermalEngine: read_int_list_from_file: Read error -2.
12-31 19:00:19.609   879   879 E ThermalEngine: tmd_add_cpufreq_dev_data: Invalid or no boost freqs
12-31 19:00:19.612   879   879 E ThermalEngine: read_int_list_from_file: Read error -2.
12-31 19:00:19.612   879   879 E ThermalEngine: tmd_add_cpufreq_dev_data: Invalid or no boost freqs
12-31 19:00:19.614   879   879 E ThermalEngine: read_int_list_from_file: Read error -2.
12-31 19:00:19.614   879   879 E ThermalEngine: tmd_add_cpufreq_dev_data: Invalid or no boost freqs
12-31 19:00:19.614   904   904 I PerfDaemon: PerfDaemon is starting.
12-31 19:00:19.616   879   879 E ThermalEngine: read_int_list_from_file: Read error -2.
12-31 19:00:19.616   879   879 E ThermalEngine: tmd_add_cpufreq_dev_data: Invalid or no boost freqs
12-31 19:00:19.617   894   894 I installd: installd firing up
12-31 19:00:19.619   879   879 E ThermalEngine: read_int_list_from_file: Read error -2.
12-31 19:00:19.619   879   879 E ThermalEngine: tmd_add_cpufreq_dev_data: Invalid or no boost freqs
12-31 19:00:19.620   879   879 E ThermalEngine: read_int_list_from_file: Read error -2.
12-31 19:00:19.620   879   879 E ThermalEngine: tmd_add_cpufreq_dev_data: Invalid or no boost freqs
12-31 19:00:19.623     0     0 W wsa881x_get_temp: Temperature registers[0 0 0 0] are out of range
12-31 19:00:19.624     0     0 W wsa881x_get_temp: T0: 65535 is out of range[5, 45]
12-31 19:00:19.624   879   925 I ThermalEngine: ADSP thermal mitigation available.
12-31 19:00:19.625   874   874 I adbd    : adbd listening on port 5555
12-31 19:00:19.629   879   879 I ThermalEngine: tmd_init_cluster_devs: No clusters found
12-31 19:00:19.630   879   879 E ThermalEngine: Could not find npu cooling device
12-31 19:00:19.630   879   879 E ThermalEngine: tmd_init_npu_device: Invalid NPU level:-1.
12-31 19:00:19.630   879   879 E ThermalEngine: devices_init: Init NPU TMD failed -12
12-31 19:00:19.633   879   879 I ThermalEngine: vdd_rstr_init: Could not read /sys/module/msm_thermal/vdd_restriction/enabled
12-31 19:00:19.637   879   925 I ThermalEngine: Mitigation:vdd_restriction[ADSP]:0 pending QMI request succeded
12-31 19:00:19.637   879   879 E ThermalEngine: open/sys/class/power_supply/battery/system_temp_level failed2
12-31 19:00:19.637   879   879 E ThermalEngine: Unable to init battery charging mitigation to 0
12-31 19:00:19.638   879   879 I ThermalEngine: sensors_manager_init: Init
12-31 19:00:19.645   874   931 I adbd    : opening control endpoint /dev/usb-ffs/adb/ep0
12-31 19:00:19.645     0     0 I         : read descriptors
12-31 19:00:19.645     0     0 I         : read strings
12-31 19:00:19.653   879   943 E ThermalEngine: socket creation success
12-31 19:00:19.653     0     0 W wsa881x_get_temp: Temperature registers[0 0 0 0] are out of range
12-31 19:00:19.653     0     0 W wsa881x_get_temp: T0: 65535 is out of range[5, 45]
12-31 19:00:19.677   914   914 I wificond: wificond is starting up...
12-31 19:00:19.684     0     0 W wsa881x_get_temp: Temperature registers[0 0 0 0] are out of range
12-31 19:00:19.684     0     0 W wsa881x_get_temp: T0: 65535 is out of range[5, 45]
12-31 19:00:19.693   896   896 I keystore: found android.hardware.keymaster@4.0::IKeymasterDevice with interface name default and seclevel TRUSTED_ENVIRONMENT
12-31 19:00:19.698   879   879 E ThermalEngine: Unable to change to /sys/devices/soc/
12-31 19:00:19.698   879   879 E ThermalEngine: bcl_setup: Unexpected node error
12-31 19:00:19.698   879   879 E ThermalEngine: add_tgt_sensor: bcl sensor setup failed failed.
12-31 19:00:19.698   879   879 E ThermalEngine: add_tgt_sensors_set: Error adding bcl
12-31 19:00:19.698   879   879 E ThermalEngine: sensors_init: Error adding BCL TS
12-31 19:00:19.698   879   879 E ThermalEngine: pid_init_data: ERROR Uknown device
12-31 19:00:19.704   879   879 I ThermalEngine: Loading config file for virtual sensor
12-31 19:00:19.704   879   879 I ThermalEngine: Loading configuration file /vendor/etc/thermal-engine.conf
12-31 19:00:19.705   879   879 I ThermalEngine: Parsing section global
12-31 19:00:19.705   879   879 E ThermalEngine: virtual_sensors_init: Error getting virtual sensors set
12-31 19:00:19.705   879   879 I ThermalEngine: Loading configuration file /vendor/etc/thermal-engine.conf
12-31 19:00:19.705   879   879 I ThermalEngine: Parsing section global
12-31 19:00:19.705   879   879 E ThermalEngine: sensors_manager_reg_clnt: Invalid sensor pop_mem.
12-31 19:00:19.705   879   879 E ThermalEngine: pid_algo_init: Sensor clnt create fail pop_mem
12-31 19:00:19.705   879   879 E ThermalEngine: sensors_manager_reg_clnt: Invalid sensor cpu3.
12-31 19:00:19.705   879   879 E ThermalEngine: pid_algo_init: Sensor clnt create fail cpu3
12-31 19:00:19.705   879   879 E ThermalEngine: sensors_manager_reg_clnt: Invalid sensor cpu2.
12-31 19:00:19.705   879   879 E ThermalEngine: pid_algo_init: Sensor clnt create fail cpu2
12-31 19:00:19.705   879   879 E ThermalEngine: sensors_manager_reg_clnt: Invalid sensor cpu1.
12-31 19:00:19.705   879   879 E ThermalEngine: pid_algo_init: Sensor clnt create fail cpu1
12-31 19:00:19.705   879   879 E ThermalEngine: sensors_manager_reg_clnt: Invalid sensor cpu0.
12-31 19:00:19.706   879   879 E ThermalEngine: pid_algo_init: Sensor clnt create fail cpu0
12-31 19:00:19.706   879   879 I ThermalEngine: pid_algo_init: No PID's to be configured.
12-31 19:00:19.706   879   879 I ThermalEngine: [CAMERA_SKIN_EXIT_MITIGATION]
12-31 19:00:19.706   879   879 I ThermalEngine: #algo_type monitor
12-31 19:00:19.706   879   879 I ThermalEngine: sampling 10000
12-31 19:00:19.706   879   879 I ThermalEngine: sensor quiet-therm-adc
12-31 19:00:19.706   879   879 I ThermalEngine: thresholds 60000
12-31 19:00:19.706   879   879 I ThermalEngine: thresholds_clr 45000
12-31 19:00:19.706   879   879 I ThermalEngine: actions camera+camcorder
12-31 19:00:19.706   879   879 I ThermalEngine: action_info 10+10
12-31 19:00:19.706   879   879 I ThermalEngine: ss_algo_init: No SS's configured.
12-31 19:00:19.706   879   879 E ThermalEngine: No speaker_cal config
12-31 19:00:19.708   889   889 D LibBpfLoader: Loading ELF object /system/etc/bpf/clatd.o with license Apache 2.0
12-31 19:00:19.708   889   889 D LibBpfLoader: Loaded code section 3 (schedcls_ingress_clat_ether)
12-31 19:00:19.708   889   889 D LibBpfLoader: Loaded relo section 3 (.relschedcls/ingress/clat_ether)
12-31 19:00:19.708   889   889 D LibBpfLoader: Adding section 3 to cs list
12-31 19:00:19.708   889   889 D LibBpfLoader: Loaded code section 5 (schedcls_ingress_clat_rawip)
12-31 19:00:19.708   889   889 D LibBpfLoader: Loaded relo section 5 (.relschedcls/ingress/clat_rawip)
12-31 19:00:19.708   889   889 D LibBpfLoader: Adding section 5 to cs list
12-31 19:00:19.709   889   889 D LibBpfLoader: bpf_create_map name clat_ingress_map, ret: 23
12-31 19:00:19.709   889   889 D LibBpfLoader: map_fd found at 0 is 23 in /system/etc/bpf/clatd.o
12-31 19:00:19.709   889   889 D LibBpfLoader: applying relo to instruction at byte offset: 400, 	       insn offset 50 , insn 118
12-31 19:00:19.709   889   889 D LibBpfLoader: applying relo to instruction at byte offset: 360, 	       insn offset 45 , insn 118
12-31 19:00:19.710   879   977 E ThermalEngine: open/sys/module/msm_thermal/parameters/enabled failed2
12-31 19:00:19.711   889   889 D LibBpfLoader: New bpf core prog_load for /system/etc/bpf/clatd.o (schedcls_ingress_clat_ether) returned: 24
12-31 19:00:19.711   889   889 D LibBpfLoader: New bpf core prog_load for /system/etc/bpf/clatd.o (schedcls_ingress_clat_rawip) returned: 25
12-31 19:00:19.711   889   889 I bpfloader: Attempted load object: /system/etc/bpf/clatd.o, ret: Success
12-31 19:00:19.712   896   896 I ServiceManagement: Registered android.system.wifi.keystore@1.0::IKeystore/default (start delay of 204ms)
12-31 19:00:19.718     0     0 E msm_cci_wait: 306 wait for queue: 0
12-31 19:00:19.718     0     0 E msm_cci_transfer_end: 558 failed rc -110
12-31 19:00:19.718     0     0 E msm_cci_data_queue: 815 failed rc -110
12-31 19:00:19.718     0     0 E msm_camera_cci_i2c_write: line 134 rc = -110
12-31 19:00:19.718     0     0 E msm_cci_irq: 1805 MASTER_0 error 0x8000000
12-31 19:00:19.718   904   904 D PerfDaemon: added vendor.perfservice to services and is now running.
12-31 19:00:19.727     0     0 I pil-q6v5-mss 4080000.qcom,mss: modem: loading from 0x000000008ac00000 to 0x000000008dc00000
12-31 19:00:19.738   930   930 I KIT     : KIT firing up 1.08
12-31 19:00:19.739   930   930 E KIT     : LogMessageBuffer: Sat Jan  1 00:00:19 2000
12-31 19:00:19.739   930   930 E KIT     :  KIT firing up
12-31 19:00:19.739   930   930 E KIT     : 
12-31 19:00:19.745   975   975 I ssgqmigd: socket ANDROID_SOCKET_ssgqmig open success
12-31 19:00:19.745   975   975 I ssgqmigd: ssgqmigd uses 42
12-31 19:00:19.753   905   905 I ServiceManagement: Registered android.frameworks.stats@1.0::IStats/default (start delay of 224ms)
12-31 19:00:19.753   905   905 W statsd  : statscompanion service unavailable!
12-31 19:00:19.754   921   921 E wifidisplayhal-service: Start with vendor binder
12-31 19:00:19.754   921   921 E wifidisplayhal-service: Registering wifidisplayhdcphal service...
12-31 19:00:19.763   885   885 E Diag_Lib: qpLogDiagInit <== result : 1; log_write_mutex is Initialized
12-31 19:00:19.764   885   885 E VIMSVT  : VT-Vendor:: enableImsADB 0, log_priority value 240
12-31 19:00:19.764   885   885 E Diag_Lib: [IMS_AP_RTP]"RTPService callback Registraton"
12-31 19:00:19.765   905   905 I statsd  : Statsd starts to listen to socket.
12-31 19:00:19.768   921   921 I ServiceManagement: Registered com.qualcomm.qti.wifidisplayhal@1.0::IHDCPSession/wifidisplayhdcphal (start delay of 180ms)
12-31 19:00:19.768   921   921 E wifidisplayhal-service: Registering wifidisplaydshal service...
12-31 19:00:19.769   921   921 I ServiceManagement: Registered com.qualcomm.qti.wifidisplayhal@1.0::IDSManager/wifidisplaydshal (start delay of 181ms)
12-31 19:00:19.770   885   885 I ServiceManagement: Registered vendor.qti.imsrtpservice@2.1::IRTPService/imsrtpservice (start delay of 291ms)
12-31 19:00:19.781   926   926 I ServiceManagement: Registered com.qualcomm.qti.dpm.api@1.0::IdpmQmi/dpmQmiService (start delay of 183ms)
12-31 19:00:19.789   899   899 I mediaserver: ServiceManager: 0x7261a1a580
12-31 19:00:19.814   989   989 I /system/bin/tombstoned: tombstoned successfully initialized
12-31 19:00:19.815   973   973 I CLD80211: /system/vendor/bin/cnss-daemon: initialized exit socket pair
12-31 19:00:19.815   973   973 I CLD80211: /system/vendor/bin/cnss-daemon: nlctrl family id: 16 group: svc_msgs mcast_id: 19
12-31 19:00:19.815   973   973 E cnss-daemon: interop issues ap: read_iot_ap_file: No such file /data/vendor/wifi/iotap_ps.bin
12-31 19:00:19.815   973   973 E cnss-daemon: interop issues ap: read_iot_ap_ps_from_file, read file error
12-31 19:00:19.815   973   973 I cnss-daemon: interop issues ap init successfully
12-31 19:00:19.815   973   973 I cnss-daemon:  cnss hang event handler init successfully
12-31 19:00:19.831     0     0 E firmware msadp: _request_firmware_load: firmware state wait timeout: rc = -2
12-31 19:00:19.831     0     0 W pil-q6v5-mss 4080000.qcom,mss: Debug policy not present - msadp. Continue.
12-31 19:00:19.831     0     0 I pil-q6v5-mss 4080000.qcom,mss: Loading MBA and DP (if present) from 0x0000000094800000 to 0x0000000094900000
12-31 19:00:19.837   973   973 E cnss-daemon: Couldn't resolve family id
12-31 19:00:19.837   973   973 E cnss-daemon: Failed to init genl between daemon and platform, continue
12-31 19:00:19.856   981   981 I gatekeeperd: Starting gatekeeperd...
12-31 19:00:19.859   495   495 I hwservicemanager: getTransport: Cannot find entry android.hardware.usb.gadget@1.0::IUsbGadget/default in either framework or device manifest.
12-31 19:00:19.859   994   994 I usbd    : Usb HAL not found
12-31 19:00:19.862   628   628 W zygote  : JNI RegisterNativeMethods: attempt to register 0 native methods for android.media.AudioAttributes
12-31 19:00:19.868   627   627 W zygote64: JNI RegisterNativeMethods: attempt to register 0 native methods for android.media.AudioAttributes
--------- beginning of radio
12-31 19:00:19.871   919   919 D RILD    : **RIL Daemon Started**
12-31 19:00:19.871   919   919 D RILD    : **RILd param count=3**
12-31 19:00:19.881     0     0 I pil-q6v5-mss 4080000.qcom,mss: MBA boot done
12-31 19:00:19.889   920   920 E QCNEA   : Cne Version 4.9
12-31 19:00:19.899   666   666 D audio_hw_utils: audio_extn_utils_open_snd_mixer: retry, retry_num 1
12-31 19:00:19.911   628   628 I sysui_multi_action: [757,804,799,boot_zygote_init,801,14195,802,1]
12-31 19:00:19.911   627   627 I sysui_multi_action: [757,804,799,boot_zygote_init,801,14195,802,1]
12-31 19:00:19.920   886   886 I imsrcsd : Uce Service HAL  loading imsrcsbaseimpl
12-31 19:00:19.924   908  1014 W storaged: health: invalid battery status
12-31 19:00:19.926   908  1014 I ServiceManager: Waiting for service 'package_native' on '/dev/binder'...
12-31 19:00:19.929   874   931 I adbd    : UsbFfsConnection constructed
12-31 19:00:19.934   627   627 I boot_progress_preload_start: 14256
12-31 19:00:19.935   627   627 D Zygote  : begin preload
12-31 19:00:19.936     0     0 E CTM     : file connector_health does not exist in /sys/class/power_supply/usb/
12-31 19:00:19.936     0     0 E CTM     : Couldn't read connector_health from /sys/class/power_supply/parallel/
12-31 19:00:19.939   627   627 I Zygote  : Calling ZygoteHooks.beginPreload()
12-31 19:00:19.939     0     0 E STD-PD  : Registered STD_PD
12-31 19:00:19.940     0     0 E PPS     : Registered PPS
12-31 19:00:19.940     0     0 E HVDCP2  : Not valid charger for hvdcp2.
12-31 19:00:19.940     0     0 E hvdcpd  : Not valid charger for hvdcp3.
12-31 19:00:19.944   626   626 D TetherController: Setting IP forward enable = 0
12-31 19:00:19.945   626   626 D FirewallController: Could not read /proc/self/uid_map, max uid defaulting to 4294967294
12-31 19:00:19.949     0     0 E SOH-D   : SOH file not exposed, disable SOH
12-31 19:00:19.949     0     0 E CP      : charge_pump missing
12-31 19:00:19.951     0     0 E THERM-BALANCE: Parallel PSY entry not found.
12-31 19:00:19.953   628   628 I zygote  : Explicit concurrent copying GC freed 307(37KB) AllocSpace objects, 0(0B) LOS objects, 98% free, 26KB/1562KB, paused 49us total 9.837ms
12-31 19:00:19.956   874  1027 I adbd    : USB event: FUNCTIONFS_BIND
12-31 19:00:19.957     0     0 I android_work: did not send uevent (0 0 0000000000000000)
12-31 19:00:19.965   919   919 D RILD    : RIL_Init argc = 3 clientId = 0
12-31 19:00:19.966   919   919 D RILC    : Quectel RIL Version: Quectel_Android_RIL_Driver_V3.3.4-1218
12-31 19:00:19.966   919   919 E RIL_READ_CONF: '/system/etc/ql-ril.conf' not exist.
12-31 19:00:19.971   919   919 D RIL_READ_CONF: original conf line: At_Cmds_For_Customer_Initialize=at+qgpscfg="gpsnmeatype",31;at+qgpscfg="glonassnmeatype",7;at+qgpscfg="beidounmeatype",3;at+qgpscfg="galileonmeatype",1;at+qgpscfg="gnssrawdata",1,0
12-31 19:00:19.971   919   919 D RIL_READ_CONF: original conf line: Query_Available_Networks=1
12-31 19:00:19.971   919   919 D RIL_READ_CONF: Query_Available_Networks = 1
12-31 19:00:19.971   919   919 E RILC    : '/vendor/manifest.xml' not exist.
12-31 19:00:19.971   919   919 D RILC    : t-prop_value is 2
12-31 19:00:19.971   919   919 D RILC    : before_dot is 10
12-31 19:00:19.971   919   919 D RILC    : [ro.build.version.release]: [10.0]
12-31 19:00:19.971   919   919 D RILC    : Android Version: 100, RIL_VERSION: 12 / 12
12-31 19:00:19.971   919   919 D RILC    : [ro.build.description]: [15in-I-Series-4-userdebug 10 QKQ1.200816.002 0018 debug,release-keys]
12-31 19:00:19.971   919   919 D RILC    : [ro.hardware]: [qcom]
12-31 19:00:19.971   919   919 D RILC    : selinux maybe set Enforcing mode, use command getenforce to check
12-31 19:00:19.971   919   919 D RILC    : selinux maybe set Enforcing mode, use command "setenforce 0" to disable
12-31 19:00:19.971   919   919 I RILC    : clientID = 0
12-31 19:00:19.974   628   628 I zygote  : Explicit concurrent copying GC freed 5(32KB) AllocSpace objects, 0(0B) LOS objects, 98% free, 26KB/1562KB, paused 82us total 14.469ms
12-31 19:00:19.974   628   628 D Zygote32Timing: PostZygoteInitGC took to complete: 31ms
12-31 19:00:19.975   628   628 D Zygote32Timing: ZygoteInit took to complete: 38ms
12-31 19:00:19.975   916   916 I media.codec: mediacodecservice starting
12-31 19:00:19.990   916   916 W media.codec: libminijail[916]: failed to get path of fd 4: No such file or directory
12-31 19:00:19.990   916   916 W media.codec: libminijail[916]: allowing syscall: clock_gettime
12-31 19:00:19.990   916   916 W media.codec: libminijail[916]: allowing syscall: connect
12-31 19:00:19.990   916   916 W media.codec: libminijail[916]: allowing syscall: fcntl64
12-31 19:00:19.990   916   916 W media.codec: libminijail[916]: allowing syscall: socket
12-31 19:00:19.990   916   916 W media.codec: libminijail[916]: allowing syscall: writev
12-31 19:00:19.995   495   495 E SELinux : avc:  denied  { find } for interface=vendor.qti.hardware.slmadapter::ISlmAdapter sid=u:r:cnd:s0 pid=920 scontext=u:r:cnd:s0 tcontext=u:object_r:default_android_hwservice:s0 tclass=hwservice_manager permissive=0
12-31 19:00:19.995   495   495 I auditd  : avc:  denied  { find } for interface=vendor.qti.hardware.slmadapter::ISlmAdapter sid=u:r:cnd:s0 pid=920 scontext=u:r:cnd:s0 tcontext=u:object_r:default_android_hwservice:s0 tclass=hwservice_manager permissive=0
12-31 19:00:19.997   916   916 W media.codec: libminijail[916]: logging seccomp filter failures
12-31 19:00:19.999   920   920 I ServiceManagement: Registered vendor.qti.hardware.data.latency@1.0::ILinkLatency/default (start delay of 421ms)
12-31 19:00:20.008   626   626 I netd    : Creating child chains: 53.9ms
12-31 19:00:20.008   626   626 I netd    : Setting up OEM hooks: 0.3ms
12-31 19:00:20.008   626   626 I netd    : Setting up FirewallController hooks: 0.0ms
12-31 19:00:20.009   628   628 I Zygote  : Accepting command socket connections
12-31 19:00:20.010   626   626 I netd    : Setting up TetherController hooks: 1.9ms
12-31 19:00:20.011   626   626 I netd    : Setting up BandwidthController hooks: 1.5ms
12-31 19:00:20.011   626   626 I netd    : Setting up IdletimerController hooks: 0.1ms
12-31 19:00:20.014   627   627 D Zygote64Timing: BeginPreload took to complete: 79ms
12-31 19:00:20.014   920   920 I ServiceManagement: Registered vendor.qti.data.factory@2.1::IFactory/default (start delay of 436ms)
12-31 19:00:20.014   627   627 I Zygote  : Preloading classes...
12-31 19:00:20.017   627   627 W Zygote  : Class not found for preloading: android.app.-$$Lambda$ActivityThread$ZXDWm3IBeFmLnFVblhB-IOZCr9o
12-31 19:00:20.020   626   626 I netd    : Setting up StrictController hooks: 8.1ms
12-31 19:00:20.020   626   626 I ClatdController: 4.9+ kernel and device shipped with Q+ - clat ebpf should work.
12-31 19:00:20.020   626   626 I netd    : Initializing ClatdController: 0.2ms
12-31 19:00:20.021   626   626 I netd    : Initializing traffic control: 1.1ms
12-31 19:00:20.027   908  1014 I ServiceManager: Waiting for service 'package_native' on '/dev/binder'...
12-31 19:00:20.031   900   900 V MediaUtils: physMem: 3812388864
12-31 19:00:20.031   900   900 V MediaUtils: requested limit: 762477760
12-31 19:00:20.031   900   900 I libc    : malloc_limit: Allocation limit enabled, max size 762477760 bytes
12-31 19:00:20.038   916   916 I SoftOMXPlugin: createOMXPlugin
12-31 19:00:20.039   626   626 I netd    : Enabling bandwidth control: 17.6ms
12-31 19:00:20.039   916   916 I MediaCodecsXmlParser: getVendorXmlPath (/vendor/etc/media_codecs_vendor.xml)
12-31 19:00:20.039   916   916 D MediaCodecsXmlParser: parsing /vendor/etc/media_codecs_vendor.xml...
12-31 19:00:20.040   626   626 I netd    : Initializing RouteController: 1.4ms
12-31 19:00:20.040   626   626 D XfrmController: XfrmController::ipSecAddXfrmInterface, line=1379
12-31 19:00:20.041   916   916 D MediaCodecsXmlParser: parsing /vendor/etc/media_codecs_google_audio.xml...
12-31 19:00:20.042   900   900 W mediaextractor: libminijail[900]: failed to get path of fd 4: No such file or directory
12-31 19:00:20.042   900   900 W mediaextractor: libminijail[900]: allowing syscall: connect
12-31 19:00:20.042   900   900 W mediaextractor: libminijail[900]: allowing syscall: fcntl
12-31 19:00:20.042   900   900 W mediaextractor: libminijail[900]: allowing syscall: sendto
12-31 19:00:20.042   900   900 W mediaextractor: libminijail[900]: allowing syscall: socket
12-31 19:00:20.042   900   900 W mediaextractor: libminijail[900]: allowing syscall: writev
12-31 19:00:20.042   626   626 D XfrmController: XfrmController::ipSecRemoveTunnelInterface, line=1592
12-31 19:00:20.043   626   626 D XfrmController: deviceName=ipsec_test
12-31 19:00:20.043   916   916 I MediaCodecsXmlParser: limit: max-channel-count = 2
12-31 19:00:20.043   916   916 I MediaCodecsXmlParser: limit: sample-rate-ranges = 8000,11025,12000,16000,22050,24000,32000,44100,48000
12-31 19:00:20.043   916   916 I MediaCodecsXmlParser: limit: bitrate-range = 8000-320000
12-31 19:00:20.043   916   916 I MediaCodecsXmlParser: limit: max-channel-count = 1
12-31 19:00:20.043   916   916 I MediaCodecsXmlParser: limit: sample-rate-ranges = 8000
12-31 19:00:20.043   916   916 I MediaCodecsXmlParser: limit: bitrate-range = 4750-12200
12-31 19:00:20.043   916   916 I MediaCodecsXmlParser: limit: max-channel-count = 1
12-31 19:00:20.043   916   916 I MediaCodecsXmlParser: limit: sample-rate-ranges = 16000
12-31 19:00:20.043   916   916 I MediaCodecsXmlParser: limit: bitrate-range = 6600-23850
12-31 19:00:20.043   916   916 I MediaCodecsXmlParser: limit: max-channel-count = 8
12-31 19:00:20.043   916   916 I MediaCodecsXmlParser: limit: sample-rate-ranges = 7350,8000,11025,12000,16000,22050,24000,32000,44100,48000
12-31 19:00:20.043   916   916 I MediaCodecsXmlParser: limit: bitrate-range = 8000-960000
12-31 19:00:20.043   916   916 I MediaCodecsXmlParser: limit: max-channel-count = 1
12-31 19:00:20.043   916   916 I MediaCodecsXmlParser: limit: sample-rate-ranges = 8000-48000
12-31 19:00:20.043   916   916 I MediaCodecsXmlParser: limit: bitrate-range = 64000
12-31 19:00:20.043   916   916 I MediaCodecsXmlParser: limit: max-channel-count = 1
12-31 19:00:20.043   916   916 I MediaCodecsXmlParser: limit: sample-rate-ranges = 8000-48000
12-31 19:00:20.043   916   916 I MediaCodecsXmlParser: limit: bitrate-range = 64000
12-31 19:00:20.043   916   916 I MediaCodecsXmlParser: limit: max-channel-count = 8
12-31 19:00:20.043   916   916 I MediaCodecsXmlParser: limit: sample-rate-ranges = 8000-96000
12-31 19:00:20.043   916   916 I MediaCodecsXmlParser: limit: bitrate-range = 32000-500000
12-31 19:00:20.043   916   916 I MediaCodecsXmlParser: limit: max-channel-count = 8
12-31 19:00:20.043   916   916 I MediaCodecsXmlParser: limit: sample-rate-ranges = 48000
12-31 19:00:20.043   916   916 I MediaCodecsXmlParser: limit: bitrate-range = 6000-510000
12-31 19:00:20.043   916   916 I MediaCodecsXmlParser: limit: max-channel-count = 8
12-31 19:00:20.043   916   916 I MediaCodecsXmlParser: limit: sample-rate-ranges = 8000-192000
12-31 19:00:20.043   916   916 I MediaCodecsXmlParser: limit: bitrate-range = 1-10000000
12-31 19:00:20.043   916   916 I MediaCodecsXmlParser: limit: max-channel-count = 8
12-31 19:00:20.043   916   916 I MediaCodecsXmlParser: limit: sample-rate-ranges = 1-655350
12-31 19:00:20.043   916   916 I MediaCodecsXmlParser: limit: bitrate-range = 1-21000000
12-31 19:00:20.043   916   916 I MediaCodecsXmlParser: limit: max-channel-count = 6
12-31 19:00:20.043   916   916 I MediaCodecsXmlParser: limit: sample-rate-ranges = 8000,11025,12000,16000,22050,24000,32000,44100,48000
12-31 19:00:20.043   916   916 I MediaCodecsXmlParser: limit: bitrate-range = 8000-960000
12-31 19:00:20.043   916   916 I MediaCodecsXmlParser: limit: max-channel-count = 1
12-31 19:00:20.043   916   916 I MediaCodecsXmlParser: limit: sample-rate-ranges = 8000
12-31 19:00:20.043   916   916 I MediaCodecsXmlParser: limit: bitrate-range = 4750-12200
12-31 19:00:20.043   916   916 I MediaCodecsXmlParser: limit: feature-bitrate-modes = CBR
12-31 19:00:20.043   916   916 I MediaCodecsXmlParser: limit: max-channel-count = 1
12-31 19:00:20.043   916   916 I MediaCodecsXmlParser: limit: sample-rate-ranges = 16000
12-31 19:00:20.043   916   916 I MediaCodecsXmlParser: limit: bitrate-range = 6600-23850
12-31 19:00:20.043   916   916 I MediaCodecsXmlParser: limit: feature-bitrate-modes = CBR
12-31 19:00:20.043   916   916 I MediaCodecsXmlParser: limit: max-channel-count = 2
12-31 19:00:20.043   916   916 I MediaCodecsXmlParser: limit: sample-rate-ranges = 1-655350
12-31 19:00:20.043   916   916 I MediaCodecsXmlParser: limit: bitrate-range = 1-21000000
12-31 19:00:20.043   916   916 I MediaCodecsXmlParser: limit: complexity-default = 5
12-31 19:00:20.043   916   916 I MediaCodecsXmlParser: limit: complexity-range = 0-8
12-31 19:00:20.043   916   916 I MediaCodecsXmlParser: limit: feature-bitrate-modes = CQ
12-31 19:00:20.043   916   916 D MediaCodecsXmlParser: parsing /vendor/etc/media_codecs_vendor_audio.xml...
12-31 19:00:20.045   916   916 I MediaCodecsXmlParser: limit: max-concurrent-instances = 10
12-31 19:00:20.045   916   916 D MediaCodecsXmlParser: parsing /vendor/etc/media_codecs_google_telephony.xml...
12-31 19:00:20.045   900   900 W mediaextractor: libminijail[900]: logging seccomp filter failures
12-31 19:00:20.046   916   916 I MediaCodecsXmlParser: limit: max-channel-count = 1
12-31 19:00:20.046   916   916 I MediaCodecsXmlParser: limit: sample-rate-ranges = 8000
12-31 19:00:20.046   916   916 I MediaCodecsXmlParser: limit: bitrate-range = 13000
12-31 19:00:20.046   916   916 I MediaCodecsXmlParser: limit: size-range = 176x64-3840x2160
12-31 19:00:20.046   916   916 I MediaCodecsXmlParser: limit: alignment = 2x2
12-31 19:00:20.046   916   916 I MediaCodecsXmlParser: limit: block-size = 16x16
12-31 19:00:20.046   916   916 I MediaCodecsXmlParser: limit: blocks-per-second-range = 1-972000
12-31 19:00:20.046   916   916 I MediaCodecsXmlParser: limit: bitrate-range = 1-100000000
12-31 19:00:20.046   916   916 I MediaCodecsXmlParser: limit: max-concurrent-instances = 16
12-31 19:00:20.046   916   916 I MediaCodecsXmlParser: limit: feature-intra-refresh = 0
12-31 19:00:20.046   916   916 I MediaCodecsXmlParser: limit: performance-point-3840x2160-range = 24-24
12-31 19:00:20.046   916   916 I MediaCodecsXmlParser: limit: size-range = 96x96-3840x2160
12-31 19:00:20.046   916   916 I MediaCodecsXmlParser: limit: alignment = 2x2
12-31 19:00:20.046   916   916 I MediaCodecsXmlParser: limit: block-size = 16x16
12-31 19:00:20.046   916   916 I MediaCodecsXmlParser: limit: blocks-per-second-range = 1-972000
12-31 19:00:20.046   916   916 I MediaCodecsXmlParser: limit: bitrate-range = 1-100000000
12-31 19:00:20.046   916   916 I MediaCodecsXmlParser: limit: max-concurrent-instances = 16
12-31 19:00:20.046   916   916 I MediaCodecsXmlParser: limit: feature-intra-refresh = 0
12-31 19:00:20.046   916   916 I MediaCodecsXmlParser: limit: feature-can-swap-width-height = 0
12-31 19:00:20.046   916   916 I MediaCodecsXmlParser: limit: performance-point-3840x2160-range = 24-24
12-31 19:00:20.046   916   916 I MediaCodecsXmlParser: limit: size-range = 96x64-1920x1088
12-31 19:00:20.046   916   916 I MediaCodecsXmlParser: limit: alignment = 2x2
12-31 19:00:20.046   916   916 I MediaCodecsXmlParser: limit: block-size = 16x16
12-31 19:00:20.046   916   916 I MediaCodecsXmlParser: limit: blocks-per-second-range = 1-244800
12-31 19:00:20.046   916   916 I MediaCodecsXmlParser: limit: bitrate-range = 1-40000000
12-31 19:00:20.046   916   916 I MediaCodecsXmlParser: limit: max-concurrent-instances = 16
12-31 19:00:20.046   916   916 I MediaCodecsXmlParser: limit: performance-point-1920x1088-range = 30-30
12-31 19:00:20.046   916   916 I MediaCodecsXmlParser: limit: size-range = 96x64-864x480
12-31 19:00:20.046   916   916 I MediaCodecsXmlParser: limit: alignment = 2x2
12-31 19:00:20.046   916   916 I MediaCodecsXmlParser: limit: block-size = 16x16
12-31 19:00:20.046   916   916 I MediaCodecsXmlParser: limit: blocks-per-second-range = 1-48600
12-31 19:00:20.046   916   916 I MediaCodecsXmlParser: limit: bitrate-range = 1-2000000
12-31 19:00:20.046   916   916 I MediaCodecsXmlParser: limit: max-concurrent-instances = 16
12-31 19:00:20.046   916   916 I MediaCodecsXmlParser: limit: performance-point-720x480-range = 30-30
12-31 19:00:20.046   916   916 I MediaCodecsXmlParser: limit: size-range = 96x64-1920x1088
12-31 19:00:20.046   916   916 I MediaCodecsXmlParser: limit: alignment = 2x2
12-31 19:00:20.046   916   916 I MediaCodecsXmlParser: limit: block-size = 16x16
12-31 19:00:20.046   916   916 I MediaCodecsXmlParser: limit: blocks-per-second-range = 1-244800
12-31 19:00:20.046   916   916 I MediaCodecsXmlParser: limit: bitrate-range = 1-40000000
12-31 19:00:20.046   916   916 I MediaCodecsXmlParser: limit: max-concurrent-instances = 16
12-31 19:00:20.046   916   916 I MediaCodecsXmlParser: limit: feature-intra-refresh = 0
12-31 19:00:20.046   916   916 I MediaCodecsXmlParser: limit: performance-point-1920x1088-range = 30-30
12-31 19:00:20.046   916   916 I MediaCodecsXmlParser: limit: size-range = 64x64-3840x2160
12-31 19:00:20.046   916   916 I MediaCodecsXmlParser: limit: alignment = 2x2
12-31 19:00:20.046   916   916 I MediaCodecsXmlParser: limit: block-size = 16x16
12-31 19:00:20.046   916   916 I MediaCodecsXmlParser: limit: blocks-per-second-range = 1-972000
12-31 19:00:20.046   916   916 I MediaCodecsXmlParser: limit: bitrate-range = 1-100000000
12-31 19:00:20.046   916   916 I MediaCodecsXmlParser: limit: feature-adaptive-playback = 0
12-31 19:00:20.046   916   916 I MediaCodecsXmlParser: limit: max-concurrent-instances = 16
12-31 19:00:20.046   916   916 I MediaCodecsXmlParser: limit: feature-can-swap-width-height = 0
12-31 19:00:20.046   916   916 I MediaCodecsXmlParser: limit: performance-point-3840x2160-range = 30-30
12-31 19:00:20.046   916   916 I MediaCodecsXmlParser: limit: size-range = 64x64-3840x2160
12-31 19:00:20.046   916   916 I MediaCodecsXmlParser: limit: alignment = 2x2
12-31 19:00:20.046   916   916 I MediaCodecsXmlParser: limit: block-size = 16x16
12-31 19:00:20.046   916   916 I MediaCodecsXmlParser: limit: blocks-per-second-range = 1-972000
12-31 19:00:20.046   916   916 I MediaCodecsXmlParser: limit: bitrate-range = 1-35000000
12-31 19:00:20.046   916   916 I MediaCodecsXmlParser: limit: feature-adaptive-playback = 0
12-31 19:00:20.046   916   916 I MediaCodecsXmlParser: limit: feature-secure-playback = 1
12-31 19:00:20.046   916   916 I MediaCodecsXmlParser: limit: max-concurrent-instances = 6
12-31 19:00:20.046   916   916 I MediaCodecsXmlParser: limit: performance-point-3840x2160-range = 30-30
12-31 19:00:20.046   916   916 I MediaCodecsXmlParser: limit: size-range = 64x64-1920x1088
12-31 19:00:20.047   916   916 I MediaCodecsXmlParser: limit: alignment = 2x2
12-31 19:00:20.047   916   916 I MediaCodecsXmlParser: limit: block-size = 16x16
12-31 19:00:20.047   916   916 I MediaCodecsXmlParser: limit: blocks-per-second-range = 1-244800
12-31 19:00:20.047   916   916 I MediaCodecsXmlParser: limit: bitrate-range = 1-40000000
12-31 19:00:20.047   916   916 I MediaCodecsXmlParser: limit: feature-adaptive-playback = 0
12-31 19:00:20.047   916   916 I MediaCodecsXmlParser: limit: max-concurrent-instances = 16
12-31 19:00:20.047   916   916 I MediaCodecsXmlParser: limit: performance-point-1920x1088-range = 30-30
12-31 19:00:20.047   916   916 I MediaCodecsXmlParser: limit: size-range = 64x64-1920x1088
12-31 19:00:20.047   916   916 I MediaCodecsXmlParser: limit: alignment = 2x2
12-31 19:00:20.047   916   916 I MediaCodecsXmlParser: limit: block-size = 16x16
12-31 19:00:20.047   916   916 I MediaCodecsXmlParser: limit: blocks-per-second-range = 1-244800
12-31 19:00:20.047   916   916 I MediaCodecsXmlParser: limit: bitrate-range = 1-20000000
12-31 19:00:20.047   916   916 I MediaCodecsXmlParser: limit: feature-adaptive-playback = 0
12-31 19:00:20.047   916   916 I MediaCodecsXmlParser: limit: feature-secure-playback = 1
12-31 19:00:20.047   916   916 I MediaCodecsXmlParser: limit: max-concurrent-instances = 6
12-31 19:00:20.047   916   916 I MediaCodecsXmlParser: limit: performance-point-1920x1088-range = 30-30
12-31 19:00:20.047   916   916 I MediaCodecsXmlParser: limit: size-range = 64x64-1920x1088
12-31 19:00:20.047   916   916 I MediaCodecsXmlParser: limit: alignment = 2x2
12-31 19:00:20.047   916   916 I MediaCodecsXmlParser: limit: block-size = 16x16
12-31 19:00:20.047   916   916 I MediaCodecsXmlParser: limit: blocks-per-second-range = 1-489600
12-31 19:00:20.047   916   916 I MediaCodecsXmlParser: limit: bitrate-range = 1-60000000
12-31 19:00:20.047   916   916 I MediaCodecsXmlParser: limit: feature-adaptive-playback = 0
12-31 19:00:20.047   916   916 I MediaCodecsXmlParser: limit: max-concurrent-instances = 16
12-31 19:00:20.047   916   916 I MediaCodecsXmlParser: limit: performance-point-1920x1088-range = 60-60
12-31 19:00:20.047   916   916 I MediaCodecsXmlParser: limit: size-range = 64x64-864x480
12-31 19:00:20.047   916   916 I MediaCodecsXmlParser: limit: alignment = 2x2
12-31 19:00:20.047   916   916 I MediaCodecsXmlParser: limit: block-size = 16x16
12-31 19:00:20.047   916   916 I MediaCodecsXmlParser: limit: blocks-per-second-range = 1-48600
12-31 19:00:20.047   916   916 I MediaCodecsXmlParser: limit: bitrate-range = 1-2000000
12-31 19:00:20.047   916   916 I MediaCodecsXmlParser: limit: feature-adaptive-playback = 0
12-31 19:00:20.047   916   916 I MediaCodecsXmlParser: limit: max-concurrent-instances = 16
12-31 19:00:20.047   916   916 I MediaCodecsXmlParser: limit: performance-point-720x480-range = 30-30
12-31 19:00:20.047   916   916 I MediaCodecsXmlParser: limit: size-range = 64x64-1920x1088
12-31 19:00:20.047   916   916 I MediaCodecsXmlParser: limit: alignment = 2x2
12-31 19:00:20.047   916   916 I MediaCodecsXmlParser: limit: block-size = 16x16
12-31 19:00:20.047   916   916 I MediaCodecsXmlParser: limit: blocks-per-second-range = 1-489600
12-31 19:00:20.047   916   916 I MediaCodecsXmlParser: limit: bitrate-range = 1-60000000
12-31 19:00:20.047   916   916 I MediaCodecsXmlParser: limit: feature-adaptive-playback = 0
12-31 19:00:20.047   916   916 I MediaCodecsXmlParser: limit: max-concurrent-instances = 16
12-31 19:00:20.047   916   916 I MediaCodecsXmlParser: limit: performance-point-1920x1088-range = 30-30
12-31 19:00:20.047   916   916 I MediaCodecsXmlParser: limit: size-range = 64x64-1920x1088
12-31 19:00:20.047   916   916 I MediaCodecsXmlParser: limit: alignment = 2x2
12-31 19:00:20.047   916   916 I MediaCodecsXmlParser: limit: block-size = 16x16
12-31 19:00:20.047   916   916 I MediaCodecsXmlParser: limit: blocks-per-second-range = 1-489600
12-31 19:00:20.047   916   916 I MediaCodecsXmlParser: limit: bitrate-range = 1-20000000
12-31 19:00:20.047   916   916 I MediaCodecsXmlParser: limit: feature-adaptive-playback = 0
12-31 19:00:20.047   916   916 I MediaCodecsXmlParser: limit: feature-secure-playback = 1
12-31 19:00:20.047   916   916 I MediaCodecsXmlParser: limit: max-concurrent-instances = 7
12-31 19:00:20.047   916   916 I MediaCodecsXmlParser: limit: performance-point-1920x1088-range = 30-30
12-31 19:00:20.047   916   916 I MediaCodecsXmlParser: limit: size-range = 64x64-1920x1088
12-31 19:00:20.047   916   916 I MediaCodecsXmlParser: limit: alignment = 2x2
12-31 19:00:20.047   916   916 I MediaCodecsXmlParser: limit: block-size = 16x16
12-31 19:00:20.047   916   916 I MediaCodecsXmlParser: limit: blocks-per-second-range = 1-244800
12-31 19:00:20.047   916   916 I MediaCodecsXmlParser: limit: bitrate-range = 1-10000000
12-31 19:00:20.047   916   916 I MediaCodecsXmlParser: limit: feature-adaptive-playback = 0
12-31 19:00:20.047   916   916 I MediaCodecsXmlParser: limit: max-concurrent-instances = 16
12-31 19:00:20.047   916   916 I MediaCodecsXmlParser: limit: performance-point-1920x1088-range = 30-30
12-31 19:00:20.047   916   916 I MediaCodecsXmlParser: limit: size-range = 64x64-720x480
12-31 19:00:20.047   916   916 I MediaCodecsXmlParser: limit: alignment = 2x2
12-31 19:00:20.047   916   916 I MediaCodecsXmlParser: limit: block-size = 16x16
12-31 19:00:20.047   916   916 I MediaCodecsXmlParser: limit: blocks-per-second-range = 1-40500
12-31 19:00:20.047   916   916 I MediaCodecsXmlParser: limit: bitrate-range = 1-2000000
12-31 19:00:20.047   916   916 I MediaCodecsXmlParser: limit: feature-adaptive-playback = 0
12-31 19:00:20.047   916   916 I MediaCodecsXmlParser: limit: max-concurrent-instances = 16
12-31 19:00:20.047   916   916 I MediaCodecsXmlParser: limit: performance-point-720x480-range = 30-30
12-31 19:00:20.047   916   916 I MediaCodecsXmlParser: limit: size-range = 64x64-1920x1088
12-31 19:00:20.047   916   916 I MediaCodecsXmlParser: limit: alignment = 2x2
12-31 19:00:20.047   916   916 I MediaCodecsXmlParser: limit: block-size = 16x16
12-31 19:00:20.047   916   916 I MediaCodecsXmlParser: limit: blocks-per-second-range = 1-244800
12-31 19:00:20.047   916   916 I MediaCodecsXmlParser: limit: bitrate-range = 1-10000000
12-31 19:00:20.047   916   916 I MediaCodecsXmlParser: limit: feature-adaptive-playback = 0
12-31 19:00:20.047   916   916 I MediaCodecsXmlParser: limit: max-concurrent-instances = 16
12-31 19:00:20.047   916   916 I MediaCodecsXmlParser: limit: performance-point-1920x1088-range = 30-30
12-31 19:00:20.047   916   916 I MediaCodecsXmlParser: limit: size-range = 64x64-3840x2160
12-31 19:00:20.047   916   916 I MediaCodecsXmlParser: limit: alignment = 2x2
12-31 19:00:20.048   916   916 I MediaCodecsXmlParser: limit: block-size = 16x16
12-31 19:00:20.048   916   916 I MediaCodecsXmlParser: limit: blocks-per-second-range = 1-972000
12-31 19:00:20.048   916   916 I MediaCodecsXmlParser: limit: bitrate-range = 1-100000000
12-31 19:00:20.048   916   916 I MediaCodecsXmlParser: limit: feature-adaptive-playback = 0
12-31 19:00:20.048   916   916 I MediaCodecsXmlParser: limit: max-concurrent-instances = 16
12-31 19:00:20.048   916   916 I MediaCodecsXmlParser: limit: performance-point-3840x2160-range = 30-30
12-31 19:00:20.048   916   916 I MediaCodecsXmlParser: limit: size-range = 64x64-3840x2160
12-31 19:00:20.048   916   916 I MediaCodecsXmlParser: limit: alignment = 2x2
12-31 19:00:20.048   916   916 I MediaCodecsXmlParser: limit: block-size = 16x16
12-31 19:00:20.048   916   916 I MediaCodecsXmlParser: limit: blocks-per-second-range = 1-972000
12-31 19:00:20.048   916   916 I MediaCodecsXmlParser: limit: bitrate-range = 1-100000000
12-31 19:00:20.048   916   916 I MediaCodecsXmlParser: limit: feature-adaptive-playback = 0
12-31 19:00:20.048   916   916 I MediaCodecsXmlParser: limit: max-concurrent-instances = 16
12-31 19:00:20.048   916   916 I MediaCodecsXmlParser: limit: performance-point-3840x2160-range = 30-30
12-31 19:00:20.048   916   916 I MediaCodecsXmlParser: limit: size-range = 64x64-3840x2160
12-31 19:00:20.048   916   916 I MediaCodecsXmlParser: limit: alignment = 2x2
12-31 19:00:20.048   916   916 I MediaCodecsXmlParser: limit: block-size = 16x16
12-31 19:00:20.048   916   916 I MediaCodecsXmlParser: limit: blocks-per-second-range = 1-979200
12-31 19:00:20.048   916   916 I MediaCodecsXmlParser: limit: bitrate-range = 1-35000000
12-31 19:00:20.048   916   916 I MediaCodecsXmlParser: limit: frame-rate-range = 1-30
12-31 19:00:20.048   916   916 I MediaCodecsXmlParser: limit: feature-adaptive-playback = 0
12-31 19:00:20.048   916   916 I MediaCodecsXmlParser: limit: feature-secure-playback = 1
12-31 19:00:20.048   916   916 I MediaCodecsXmlParser: limit: max-concurrent-instances = 6
12-31 19:00:20.048   916   916 I MediaCodecsXmlParser: limit: performance-point-3840x2160-range = 30-30
12-31 19:00:20.048   916   916 I MediaCodecsXmlParser: limit: size-range = 64x64-3840x2160
12-31 19:00:20.048   916   916 I MediaCodecsXmlParser: limit: alignment = 2x2
12-31 19:00:20.048   916   916 I MediaCodecsXmlParser: limit: block-size = 16x16
12-31 19:00:20.048   916   916 I MediaCodecsXmlParser: limit: blocks-per-second-range = 1-972000
12-31 19:00:20.048   916   916 I MediaCodecsXmlParser: limit: bitrate-range = 1-100000000
12-31 19:00:20.048   916   916 I MediaCodecsXmlParser: limit: feature-adaptive-playback = 0
12-31 19:00:20.048   916   916 I MediaCodecsXmlParser: limit: max-concurrent-instances = 16
