12-31 19:00:20.678   620   719 D QC-time-services: Daemon:genoff_modem_qmi_service_handle_cb: Initial transaction successful
12-31 19:00:20.718     0     0 E msm_cci_wait: 306 wait for queue: 0
12-31 19:00:20.718     0     0 E msm_cci_transfer_end: 558 failed rc -110
12-31 19:00:20.718     0     0 E msm_cci_data_queue: 815 failed rc -110
12-31 19:00:20.718     0     0 E msm_camera_cci_i2c_write: line 134 rc = -110
12-31 19:00:20.718     0     0 E msm_cci_irq: 1805 MASTER_0 error 0x8000000
12-31 19:00:20.732   908  1014 I ServiceManager: Waiting for service 'package_native' on '/dev/binder'...
12-31 19:00:20.745   627   627 E ActivityRecognitionHardware: activity_recognition HAL is deprecated. class_init is effectively a no-op
12-31 19:00:20.746   666   766 E audio_route: Control 'MultiMedia16 Mixer SLIM_7_TX' doesn't exist - skipping
12-31 19:00:20.753   666   766 E audio_route: Control 'HPHL Volume' doesn't exist - skipping
12-31 19:00:20.753   666   766 E audio_route: Control 'HPHR Volume' doesn't exist - skipping
12-31 19:00:20.753   666   766 E audio_route: Control 'GSM mode Enable' doesn't exist - skipping
12-31 19:00:20.754   666   766 E audio_route: Control 'BT SampleRate RX' doesn't exist - skipping
12-31 19:00:20.754   666   766 E audio_route: Control 'BT SampleRate TX' doesn't exist - skipping
12-31 19:00:20.754   666   766 E audio_route: Control 'BT SampleRate RX' doesn't exist - skipping
12-31 19:00:20.754   666   766 E audio_route: Control 'BT SampleRate TX' doesn't exist - skipping
12-31 19:00:20.755   666   766 E audio_route: Control 'BT SampleRate RX' doesn't exist - skipping
12-31 19:00:20.755   666   766 E audio_route: Control 'BT SampleRate TX' doesn't exist - skipping
12-31 19:00:20.755   666   766 E audio_route: Control 'BT SampleRate RX' doesn't exist - skipping
12-31 19:00:20.755   666   766 E audio_route: Control 'BT SampleRate TX' doesn't exist - skipping
12-31 19:00:20.756   666   766 E audio_route: Control 'BT SampleRate RX' doesn't exist - skipping
12-31 19:00:20.756   666   766 E audio_route: Control 'BT SampleRate TX' doesn't exist - skipping
12-31 19:00:20.756   666   766 E audio_route: Control 'BT SampleRate RX' doesn't exist - skipping
12-31 19:00:20.756   666   766 E audio_route: Control 'BT SampleRate TX' doesn't exist - skipping
12-31 19:00:20.757   666   766 E audio_route: Control 'BT SampleRate RX' doesn't exist - skipping
12-31 19:00:20.757   666   766 E audio_route: Control 'BT SampleRate TX' doesn't exist - skipping
12-31 19:00:20.757   666   766 E audio_route: Control 'BT SampleRate RX' doesn't exist - skipping
12-31 19:00:20.757   666   766 E audio_route: Control 'BT SampleRate TX' doesn't exist - skipping
12-31 19:00:20.758   666   766 E audio_route: Control 'BT SampleRate RX' doesn't exist - skipping
12-31 19:00:20.758   666   766 E audio_route: Control 'BT SampleRate TX' doesn't exist - skipping
12-31 19:00:20.758   666   766 E audio_route: Control 'BT SampleRate RX' doesn't exist - skipping
12-31 19:00:20.758   666   766 E audio_route: Control 'BT SampleRate TX' doesn't exist - skipping
12-31 19:00:20.759   666   766 E audio_route: Control 'BT SampleRate RX' doesn't exist - skipping
12-31 19:00:20.759   666   766 E audio_route: Control 'BT SampleRate TX' doesn't exist - skipping
12-31 19:00:20.760   666   766 E audio_route: Control 'BT SampleRate RX' doesn't exist - skipping
12-31 19:00:20.760   666   766 E audio_route: Control 'BT SampleRate TX' doesn't exist - skipping
12-31 19:00:20.760   666   766 E audio_route: Control 'BT SampleRate RX' doesn't exist - skipping
12-31 19:00:20.760   666   766 E audio_route: Control 'BT SampleRate TX' doesn't exist - skipping
12-31 19:00:20.761   666   766 E audio_route: Control 'BT SampleRate RX' doesn't exist - skipping
12-31 19:00:20.761   666   766 E audio_route: Control 'BT SampleRate TX' doesn't exist - skipping
12-31 19:00:20.761   666   766 E audio_route: Control 'BT SampleRate RX' doesn't exist - skipping
12-31 19:00:20.761   666   766 E audio_route: Control 'BT SampleRate TX' doesn't exist - skipping
12-31 19:00:20.761   666   766 E audio_route: Control 'MultiMedia8 Mixer SLIM_8_TX' doesn't exist - skipping
12-31 19:00:20.763   666   766 E audio_route: Control 'BT SampleRate RX' doesn't exist - skipping
12-31 19:00:20.763   666   766 E audio_route: Control 'BT SampleRate TX' doesn't exist - skipping
12-31 19:00:20.764   666   766 E audio_route: Control 'BT SampleRate RX' doesn't exist - skipping
12-31 19:00:20.764   666   766 E audio_route: Control 'BT SampleRate TX' doesn't exist - skipping
12-31 19:00:20.765   666   766 E audio_route: Control 'BT SampleRate RX' doesn't exist - skipping
12-31 19:00:20.765   666   766 E audio_route: Control 'BT SampleRate TX' doesn't exist - skipping
12-31 19:00:20.770   666   766 E audio_route: unable to find sub path 'speakersafe'
12-31 19:00:20.772   666   766 E audio_route: Control 'BT SampleRate RX' doesn't exist - skipping
12-31 19:00:20.772   666   766 E audio_route: Control 'BT SampleRate TX' doesn't exist - skipping
12-31 19:00:20.772   666   766 E audio_route: Control 'MultiMedia16 Mixer SLIM_7_TX' doesn't exist - skipping
12-31 19:00:20.772   666   766 E audio_route: Control 'BT SampleRate RX' doesn't exist - skipping
12-31 19:00:20.772   666   766 E audio_route: Control 'BT SampleRate TX' doesn't exist - skipping
12-31 19:00:20.772   666   766 E audio_route: Control 'AUX PCM SampleRate' doesn't exist - skipping
12-31 19:00:20.772   666   766 E audio_route: Control 'MultiMedia16 Mixer TERT_MI2S_TX' doesn't exist - skipping
12-31 19:00:20.776   666   766 E audio_hw_extn: audio_extn_perf_lock_release: Perf lock release error 
12-31 19:00:20.776   666   766 E msm8974_platform: platform_init: soundcard: sdm660-snd-card-i40 supports only default sample rate
12-31 19:00:20.788   666   766 E msm8974_platform: platform_init: Could not find the symbol acdb_send_audio_cal_v4 from libacdbloader.so
12-31 19:00:20.788   666   766 E msm8974_platform: platform_init: dlsym error undefined symbol: acdb_loader_init_v4 for acdb_loader_init_v4
12-31 19:00:20.788   666   766 I audio_hw_extn: audio_extn_set_snd_card_split: snd_card_name(sdm660-snd-card-i40) device(sdm660) snd_card(snd) form_factor(card)
12-31 19:00:20.788     0     0 I         : sn65dsi86_dsi2edp_enable_early done
12-31 19:00:20.788     0     0 I         : sn65dsi86_dsi2edp_enable_lately first start
12-31 19:00:20.788     0     0 I         : sn65dsi86_dsi2edp_enable_lately start
12-31 19:00:20.788   666   766 D platform_info: platform_info_init: Failed to open audio_platform_info.xml, using defaults.
12-31 19:00:20.788   666   766 E audio_hw_acdb: acdb_init_v2: dlsym error undefined symbol: acdb_loader_init_v4 for acdb_loader_init_v4
12-31 19:00:20.788   666   766 D ACDB-LOADER: ACDB -> No .acdb files found in /vendor/etc/acdbdata!
12-31 19:00:20.788   666   766 D ACDB-LOADER: ACDB -> found 0 form factor & soundcard independant files
12-31 19:00:20.788   666   766 I ACDB-LOADER: ACDB -> Load EANS on ACDB
12-31 19:00:20.788   666   766 I ACDB-LOADER: ACDB -> Load cts off ACDB
12-31 19:00:20.790   666   766 D ACDB-LOADER: ACDB -> Load file: /vendor/etc/acdbdata/QRD/sdm660-snd-card-i40/QRD_I40_Bluetooth_cal.acdb
12-31 19:00:20.790   666   766 D ACDB-LOADER: ACDB -> Load file: /vendor/etc/acdbdata/QRD/sdm660-snd-card-i40/QRD_I40_General_cal.acdb
12-31 19:00:20.790   666   766 D ACDB-LOADER: ACDB -> Load file: /vendor/etc/acdbdata/QRD/sdm660-snd-card-i40/QRD_I40_Hdmi_cal.acdb
12-31 19:00:20.790   666   766 D ACDB-LOADER: ACDB -> Load file: /vendor/etc/acdbdata/QRD/sdm660-snd-card-i40/QRD_I40_workspaceFile.qwsp
12-31 19:00:20.790   666   766 D ACDB-LOADER: ACDB -> Load file: /vendor/etc/acdbdata/QRD/sdm660-snd-card-i40/QRD_I40_Headset_cal.acdb
12-31 19:00:20.790   666   766 D ACDB-LOADER: ACDB -> Load file: /vendor/etc/acdbdata/QRD/sdm660-snd-card-i40/QRD_I40_Handset_cal.acdb
12-31 19:00:20.790   666   766 D ACDB-LOADER: ACDB -> Load file: /vendor/etc/acdbdata/QRD/sdm660-snd-card-i40/QRD_I40_Global_cal.acdb
12-31 19:00:20.790   666   766 D ACDB-LOADER: ACDB -> Load file: /vendor/etc/acdbdata/QRD/sdm660-snd-card-i40/QRD_I40_Speaker_cal.acdb
12-31 19:00:20.790   666   766 D ACDB-LOADER: ACDB -> ACDB_CMD_INITIALIZE_V2
12-31 19:00:20.791   666   766 D         : [ACDB Command]->SW Minor/Major/Revision version info for /vendor/etc/acdbdata/QRD/sdm660-snd-card-i40/QRD_I40_Bluetooth_cal.acdb
12-31 19:00:20.791   666   766 D         : [ACDB Command]->ACDB Sw Major = 9, ACDB Sw Minor = 0, ACDB Sw Revision = 4, ACDB Sw Cpl Number = 0
12-31 19:00:20.791   666   766 D         : [ACDB Command]->ACDB File Major = 9, ACDB File Minor = 0, ACDB File Revision = 11, ACDB File Cpl Number = 0
12-31 19:00:20.792   666   766 D         : [ACDB Command]->SW Minor/Major/Revision version info for /vendor/etc/acdbdata/QRD/sdm660-snd-card-i40/QRD_I40_General_cal.acdb
12-31 19:00:20.792   666   766 D         : [ACDB Command]->ACDB Sw Major = 9, ACDB Sw Minor = 0, ACDB Sw Revision = 4, ACDB Sw Cpl Number = 0
12-31 19:00:20.792   666   766 D         : [ACDB Command]->ACDB File Major = 9, ACDB File Minor = 0, ACDB File Revision = 11, ACDB File Cpl Number = 0
12-31 19:00:20.793   666   766 D         : [ACDB Command]->SW Minor/Major/Revision version info for /vendor/etc/acdbdata/QRD/sdm660-snd-card-i40/QRD_I40_Hdmi_cal.acdb
12-31 19:00:20.793   666   766 D         : [ACDB Command]->ACDB Sw Major = 9, ACDB Sw Minor = 0, ACDB Sw Revision = 4, ACDB Sw Cpl Number = 0
12-31 19:00:20.793   666   766 D         : [ACDB Command]->ACDB File Major = 9, ACDB File Minor = 0, ACDB File Revision = 11, ACDB File Cpl Number = 0
12-31 19:00:20.793   666   766 D         : [ACDB Command]->SW Minor/Major/Revision version info for /vendor/etc/acdbdata/QRD/sdm660-snd-card-i40/QRD_I40_workspaceFile.qwsp
12-31 19:00:20.793   666   766 D         : [ACDB Command]->ACDB Sw Major = 9, ACDB Sw Minor = 0, ACDB Sw Revision = 4, ACDB Sw Cpl Number = 0
12-31 19:00:20.793   666   766 D         : [ACDB Command]->ACDB File Major = 9, ACDB File Minor = 0, ACDB File Revision = 11
12-31 19:00:20.795   666   766 D         : [ACDB Command]->SW Minor/Major/Revision version info for /vendor/etc/acdbdata/QRD/sdm660-snd-card-i40/QRD_I40_Headset_cal.acdb
12-31 19:00:20.795   666   766 D         : [ACDB Command]->ACDB Sw Major = 9, ACDB Sw Minor = 0, ACDB Sw Revision = 4, ACDB Sw Cpl Number = 0
12-31 19:00:20.795   666   766 D         : [ACDB Command]->ACDB File Major = 9, ACDB File Minor = 0, ACDB File Revision = 11, ACDB File Cpl Number = 0
12-31 19:00:20.797   666   766 D         : [ACDB Command]->SW Minor/Major/Revision version info for /vendor/etc/acdbdata/QRD/sdm660-snd-card-i40/QRD_I40_Handset_cal.acdb
12-31 19:00:20.797   666   766 D         : [ACDB Command]->ACDB Sw Major = 9, ACDB Sw Minor = 0, ACDB Sw Revision = 4, ACDB Sw Cpl Number = 0
12-31 19:00:20.797   666   766 D         : [ACDB Command]->ACDB File Major = 9, ACDB File Minor = 0, ACDB File Revision = 11, ACDB File Cpl Number = 0
12-31 19:00:20.797   666   766 D         : [ACDB Command]->SW Minor/Major/Revision version info for /vendor/etc/acdbdata/QRD/sdm660-snd-card-i40/QRD_I40_Global_cal.acdb
12-31 19:00:20.797   666   766 D         : [ACDB Command]->ACDB Sw Major = 9, ACDB Sw Minor = 0, ACDB Sw Revision = 4, ACDB Sw Cpl Number = 0
12-31 19:00:20.798   666   766 D         : [ACDB Command]->ACDB File Major = 9, ACDB File Minor = 0, ACDB File Revision = 11, ACDB File Cpl Number = 0
12-31 19:00:20.801   666   766 D         : [ACDB Command]->SW Minor/Major/Revision version info for /vendor/etc/acdbdata/QRD/sdm660-snd-card-i40/QRD_I40_Speaker_cal.acdb
12-31 19:00:20.801   666   766 D         : [ACDB Command]->ACDB Sw Major = 9, ACDB Sw Minor = 0, ACDB Sw Revision = 4, ACDB Sw Cpl Number = 0
12-31 19:00:20.801   666   766 D         : [ACDB Command]->ACDB File Major = 9, ACDB File Minor = 0, ACDB File Revision = 11, ACDB File Cpl Number = 0
12-31 19:00:20.801   666   766 D ACDB-LOADER: ACDB -> ACPH INIT
12-31 19:00:20.801   666   766 D         : [ACPH]->Online service registered with ACPH
12-31 19:00:20.802   666   766 D         : [ACPH]->ACPH init success
12-31 19:00:20.802   666   766 D ACDB-LOADER: ACDB -> RTAC INIT
12-31 19:00:20.802   666   766 D         : [ACPH]->DSP RTC service registered with ACPH
12-31 19:00:20.802   666   766 D ACDB-LOADER: ACDB -> MCS, FTS INIT
12-31 19:00:20.803   666   766 D         : [ACPH]->MCS RTC service registered with ACPH
12-31 19:00:20.803   666   766 D         : [ACPH]->FTS RTC service registered with ACPH
12-31 19:00:20.803   666   766 D ACDB-LOADER: ACDB -> ADIE RTAC INIT
12-31 19:00:20.803   666   766 D         : [ACPH]->ADIE RTC service registered with ACPH
12-31 19:00:20.803   666   766 D ACDB-LOADER: ACDB -> ACDB_CMD_GET_VOC_PROC_DYNAMIC_TABLE_SIZE
12-31 19:00:20.804   666   766 E ion     : ioctl c0044901 failed with code -1: Not a typewriter
12-31 19:00:20.811   666   766 D ACDB-LOADER: ACDB -> send_common_custom_topology
12-31 19:00:20.811   666   766 D ACDB-LOADER: ACDB -> ACDB_CMD_GET_AVCS_CUSTOM_TOPO_INFO_SIZE
12-31 19:00:20.811   666   766 D ACDB-LOADER: ACDB -> ACDB_CMD_GET_AVCS_CUSTOM_TOPO_INFO
12-31 19:00:20.811   666   766 D ACDB-LOADER: ACDB -> ACDB_CMD_GET_AVCS_CUSTOM_TOPO_INFO: size:0x1d0 ret=0 
12-31 19:00:20.811   666   766 D ACDB-LOADER: ACDB -> CORE_CUSTOM_TOPOLOGIES
12-31 19:00:20.813   666   766 D ACDB-LOADER: ACDB -> acdb_loader_send_common_custom_topology: Common custom topology in use
12-31 19:00:20.813   666   766 D ACDB-LOADER: ACDB -> init done!
12-31 19:00:20.813   666   766 D audio_hw_acdb: acdb_init_v2: ACDB Instance ID support after ACDB init:0
12-31 19:00:20.814   666   766 D msm8974_platform: ACDB initialized
12-31 19:00:20.814   666   766 D msm8974_platform: hw_util_open Opening device /dev/snd/hwC0D1000
12-31 19:00:20.814   666   766 D msm8974_platform: hw_util_open success
12-31 19:00:20.814   666   766 D ACDB-LOADER: ACDB -> ACDB_CMD_GET_ANC_SETTING
12-31 19:00:20.814   666   766 D         : Failed to fetch the lookup information of the device 0000001A 
12-31 19:00:20.814   666   766 E ACDB-LOADER: Error: ACDB ANC returned = -19
12-31 19:00:20.814   666   766 D ACDB-LOADER: ACDB -> ACDB_CMD_GET_ANC_SETTING
12-31 19:00:20.814   666   766 D         : Failed to fetch the lookup information of the device 0000001A 
12-31 19:00:20.814   666   766 E ACDB-LOADER: Error: ACDB ANC returned = -19
12-31 19:00:20.814   666   766 D ACDB-LOADER: ACDB -> ACDB_CMD_GET_ANC_SETTING
12-31 19:00:20.814   666   766 D         : Failed to fetch the lookup information of the device 0000001A 
12-31 19:00:20.814   666   766 E ACDB-LOADER: Error: ACDB ANC returned = -19
12-31 19:00:20.814   666   766 D ACDB-LOADER: ACDB -> ACDB_CMD_GET_ANC_SETTING
12-31 19:00:20.814   666   766 D         : Failed to fetch the lookup information of the device 0000001B 
12-31 19:00:20.814   666   766 E ACDB-LOADER: Error: ACDB ANC returned = -19
12-31 19:00:20.814   666   766 D ACDB-LOADER: ACDB -> ACDB_CMD_GET_ANC_SETTING
12-31 19:00:20.814   666   766 D         : Failed to fetch the lookup information of the device 0000001B 
12-31 19:00:20.814   666   766 E ACDB-LOADER: Error: ACDB ANC returned = -19
12-31 19:00:20.814   666   766 D ACDB-LOADER: ACDB -> ACDB_CMD_GET_ANC_SETTING
12-31 19:00:20.814   666   766 D         : Failed to fetch the lookup information of the device 0000001B 
12-31 19:00:20.814   666   766 E ACDB-LOADER: Error: ACDB ANC returned = -19
12-31 19:00:20.814   666   766 D ACDB-LOADER: ACDB -> ACDB_CMD_GET_ANC_SETTING
12-31 19:00:20.814   666   766 D         : Failed to fetch the lookup information of the device 0000001C 
12-31 19:00:20.814   666   766 E ACDB-LOADER: Error: ACDB ANC returned = -19
12-31 19:00:20.814   666   766 D ACDB-LOADER: ACDB -> ACDB_CMD_GET_ANC_SETTING
12-31 19:00:20.814   666   766 D         : Failed to fetch the lookup information of the device 0000001C 
12-31 19:00:20.814   666   766 E ACDB-LOADER: Error: ACDB ANC returned = -19
12-31 19:00:20.814   666   766 D ACDB-LOADER: ACDB -> ACDB_CMD_GET_ANC_SETTING
12-31 19:00:20.814   666   766 D         : Failed to fetch the lookup information of the device 0000001C 
12-31 19:00:20.814   666   766 E ACDB-LOADER: Error: ACDB ANC returned = -19
12-31 19:00:20.814   666   766 D ACDB-LOADER: ACDB -> ACDB_CMD_GET_ANC_SETTING
12-31 19:00:20.814   666   766 D         : Failed to fetch the lookup information of the device 0000001D 
12-31 19:00:20.814   666   766 E ACDB-LOADER: Error: ACDB ANC returned = -19
12-31 19:00:20.814   666   766 D ACDB-LOADER: ACDB -> ACDB_CMD_GET_ANC_SETTING
12-31 19:00:20.814   666   766 D         : Failed to fetch the lookup information of the device 0000001D 
12-31 19:00:20.814   666   766 E ACDB-LOADER: Error: ACDB ANC returned = -19
12-31 19:00:20.814   666   766 D ACDB-LOADER: ACDB -> ACDB_CMD_GET_ANC_SETTING
12-31 19:00:20.814   666   766 D         : Failed to fetch the lookup information of the device 0000001D 
12-31 19:00:20.814   666   766 E ACDB-LOADER: Error: ACDB ANC returned = -19
12-31 19:00:20.814   666   766 D ACDB-LOADER: ACDB -> ACDB_CMD_GET_ANC_SETTING
12-31 19:00:20.814   666   766 D         : Failed to fetch the lookup information of the device 0000001E 
12-31 19:00:20.814   666   766 E ACDB-LOADER: Error: ACDB ANC returned = -19
12-31 19:00:20.814   666   766 D ACDB-LOADER: ACDB -> ACDB_CMD_GET_ANC_SETTING
12-31 19:00:20.814   666   766 D         : Failed to fetch the lookup information of the device 0000001E 
12-31 19:00:20.814   666   766 E ACDB-LOADER: Error: ACDB ANC returned = -19
12-31 19:00:20.814   666   766 D ACDB-LOADER: ACDB -> ACDB_CMD_GET_ANC_SETTING
12-31 19:00:20.814   666   766 D         : Failed to fetch the lookup information of the device 0000001E 
12-31 19:00:20.814   666   766 E ACDB-LOADER: Error: ACDB ANC returned = -19
12-31 19:00:20.814   666   766 D ACDB-LOADER: ACDB -> ACDB_CMD_GET_ANC_SETTING
12-31 19:00:20.814   666   766 D         : Failed to fetch the lookup information of the device 0000001F 
12-31 19:00:20.814   666   766 E ACDB-LOADER: Error: ACDB ANC returned = -19
12-31 19:00:20.814   666   766 D ACDB-LOADER: ACDB -> ACDB_CMD_GET_ANC_SETTING
12-31 19:00:20.814   666   766 D         : Failed to fetch the lookup information of the device 0000001F 
12-31 19:00:20.814   666   766 E ACDB-LOADER: Error: ACDB ANC returned = -19
12-31 19:00:20.814   666   766 D ACDB-LOADER: ACDB -> ACDB_CMD_GET_ANC_SETTING
12-31 19:00:20.814   666   766 D         : Failed to fetch the lookup information of the device 0000001F 
12-31 19:00:20.814   666   766 E ACDB-LOADER: Error: ACDB ANC returned = -19
12-31 19:00:20.814   666   766 D ACDB-LOADER: ACDB -> ACDB_CMD_GET_ANC_SETTING
12-31 19:00:20.814   666   766 D         : Failed to fetch the lookup information of the device 00000067 
12-31 19:00:20.814   666   766 E ACDB-LOADER: Error: ACDB ANC returned = -19
12-31 19:00:20.814   666   766 D ACDB-LOADER: ACDB -> ACDB_CMD_GET_ANC_SETTING
12-31 19:00:20.814   666   766 D         : Failed to fetch the lookup information of the device 00000067 
12-31 19:00:20.814   666   766 E ACDB-LOADER: Error: ACDB ANC returned = -19
12-31 19:00:20.814   666   766 D ACDB-LOADER: ACDB -> ACDB_CMD_GET_ANC_SETTING
12-31 19:00:20.814   666   766 D         : Failed to fetch the lookup information of the device 00000067 
12-31 19:00:20.814   666   766 E ACDB-LOADER: Error: ACDB ANC returned = -19
12-31 19:00:20.814   666   766 D ACDB-LOADER: ACDB -> ACDB_CMD_GET_ANC_SETTING
12-31 19:00:20.814   666   766 D         : Failed to fetch the lookup information of the device 00000056 
12-31 19:00:20.814   666   766 E ACDB-LOADER: Error: ACDB ANC returned = -19
12-31 19:00:20.814   666   766 D ACDB-LOADER: ACDB -> ACDB_CMD_GET_ANC_SETTING
12-31 19:00:20.814   666   766 D         : Failed to fetch the lookup information of the device 00000056 
12-31 19:00:20.814   666   766 E ACDB-LOADER: Error: ACDB ANC returned = -19
12-31 19:00:20.814   666   766 D ACDB-LOADER: ACDB -> ACDB_CMD_GET_ANC_SETTING
12-31 19:00:20.814   666   766 D         : Failed to fetch the lookup information of the device 00000056 
12-31 19:00:20.814   666   766 E ACDB-LOADER: Error: ACDB ANC returned = -19
12-31 19:00:20.814   666   766 D ACDB-LOADER: ACDB -> ACDB_CMD_GET_ANC_SETTING
12-31 19:00:20.814   666   766 D         : Failed to fetch the lookup information of the device 00000059 
12-31 19:00:20.814   666   766 E ACDB-LOADER: Error: ACDB ANC returned = -19
12-31 19:00:20.814   666   766 D ACDB-LOADER: ACDB -> ACDB_CMD_GET_ANC_SETTING
12-31 19:00:20.814   666   766 D         : Failed to fetch the lookup information of the device 00000059 
12-31 19:00:20.814   666   766 E ACDB-LOADER: Error: ACDB ANC returned = -19
12-31 19:00:20.814   666   766 D ACDB-LOADER: ACDB -> ACDB_CMD_GET_ANC_SETTING
12-31 19:00:20.814   666   766 D         : Failed to fetch the lookup information of the device 00000059 
12-31 19:00:20.814   666   766 E ACDB-LOADER: Error: ACDB ANC returned = -19
12-31 19:00:20.814   666   766 E msm8974_platform: send_codec_cal: anc_cal Failed to call ioctl, err=14
12-31 19:00:20.814     0     0 E wcdcal_hwdep_ioctl_shared: codec didn't set this 0!!
12-31 19:00:20.814   666   766 D ACDB-LOADER: send mbhc data
12-31 19:00:20.814   666   766 D ACDB-LOADER: ACDB -> MBHC ACDB_PID_GENERAL_CONFIG
12-31 19:00:20.814   666   766 D ACDB-LOADER: ACDB -> MBHC ACDB_PID_PLUG_REMOVAL_DETECTION
12-31 19:00:20.814   666   766 D ACDB-LOADER: ACDB -> MBHC ACDB_PID_PLUG_TYPE_DETECTION
12-31 19:00:20.814   666   766 D ACDB-LOADER: ACDB -> MBHC ACDB_PID_BUTTON_PRESS_DETECTION
12-31 19:00:20.814   666   766 D ACDB-LOADER: ACDB -> MBHC ACDB_PID_IMPEDANCE_DETECTION
12-31 19:00:20.814   666   766 D msm8974_platform: send_codec_cal: mbhc_cal cal sent successfully
12-31 19:00:20.814   666   766 D ACDB-LOADER: send vbat data
12-31 19:00:20.814   666   766 D ACDB-LOADER: ACDB -> VBAT ACDB_PID_ADC_CAL
12-31 19:00:20.814   666   766 D ACDB-LOADER: ACDB -> VBAT ACDB_PID_GAIN_PROC
12-31 19:00:20.814   666   766 D ACDB-LOADER: send vbat data, calling convert_vbat_data
12-31 19:00:20.814   666   766 D ACDB-LOADER: copied vbat cal size =72
12-31 19:00:20.814   666   766 E msm8974_platform: send_codec_cal: vbat_cal Failed to call ioctl, err=14
12-31 19:00:20.814     0     0 E wcdcal_hwdep_ioctl_shared: codec didn't set this 3!!
12-31 19:00:20.814   666   766 D audio_log_utils: read_module
12-31 19:00:20.814   666   766 D audio_log_utils: read_module: calling parse module xml file
12-31 19:00:20.814   666   766 D audio_log_utils: parse_module_xml_file: parse hal log mask
12-31 19:00:20.815   666   766 D log_xml_parser: parse_log_xml: Failed to open file /data/vendor/audio/audio_dynamic_log.xml
12-31 19:00:20.815   666   766 E audio_log_utils: parse_module_xml_file: could not parse hal logmask
12-31 19:00:20.815   666   766 D audio_log_utils: parse_module_xml_file: exit
12-31 19:00:20.815   666  1127 D audio_log_utils: monitor_mod_file_change
12-31 19:00:20.816   666   766 W msm8974_platform: init_be_dai_name_table: sound device  has no hw interface set
12-31 19:00:20.816   666   766 W msm8974_platform: init_be_dai_name_table: sound device headphones-hifi-filter has no hw interface set
12-31 19:00:20.816   666   766 D msm8974_platform: init_be_dai_name_table: sound device speaker-and-headphones does not have a valid hw interface set (disregard for combo devices) INT4_MI2S_RX-and-INT0_MI2S_RX
12-31 19:00:20.816   666   766 W msm8974_platform: init_be_dai_name_table: sound device speaker-and-headphones-hifi-filter has no hw interface set
12-31 19:00:20.816   666   766 D msm8974_platform: init_be_dai_name_table: sound device speaker-safe-and-headphones does not have a valid hw interface set (disregard for combo devices) SLIMBUS_0_RX-and-SLIMBUS_6_RX
12-31 19:00:20.816   666   766 D msm8974_platform: init_be_dai_name_table: sound device speaker-and-line does not have a valid hw interface set (disregard for combo devices) INT4_MI2S_RX-and-INT0_MI2S_RX
12-31 19:00:20.816   666   766 D msm8974_platform: init_be_dai_name_table: sound device speaker-safe-and-line does not have a valid hw interface set (disregard for combo devices) SLIMBUS_0_RX-and-SLIMBUS_6_RX
12-31 19:00:20.816   666   766 D msm8974_platform: init_be_dai_name_table: sound device speaker-and-headphones-ext-1 does not have a valid hw interface set (disregard for combo devices) INT4_MI2S_RX-and-INT0_MI2S_RX
12-31 19:00:20.816   666   766 D msm8974_platform: init_be_dai_name_table: sound device speaker-and-headphones-ext-2 does not have a valid hw interface set (disregard for combo devices) INT4_MI2S_RX-and-INT0_MI2S_RX
12-31 19:00:20.816   666   766 D msm8974_platform: init_be_dai_name_table: sound device speaker-and-hdmi does not have a valid hw interface set (disregard for combo devices) INT4_MI2S_RX-and-HDMI
12-31 19:00:20.816   666   766 D msm8974_platform: init_be_dai_name_table: sound device speaker-and-display-port does not have a valid hw interface set (disregard for combo devices) INT4_MI2S_RX-and-DISPLAY_PORT
12-31 19:00:20.816   666   766 D msm8974_platform: init_be_dai_name_table: sound device speaker-and-bt-a2dp does not have a valid hw interface set (disregard for combo devices) INT4_MI2S_RX-and-SLIMBUS_7_RX
12-31 19:00:20.816   666   766 D msm8974_platform: init_be_dai_name_table: sound device speaker-safe-and-bt-a2dp does not have a valid hw interface set (disregard for combo devices) SLIMBUS_0_RX-and-SLIMBUS_7_RX
12-31 19:00:20.816   666   766 D msm8974_platform: init_be_dai_name_table: sound device speaker-and-bt-sco does not have a valid hw interface set (disregard for combo devices) SLIMBUS_0_RX-and-SLIMBUS_7_RX
12-31 19:00:20.816   666   766 D msm8974_platform: init_be_dai_name_table: sound device speaker-safe-and-bt-sco does not have a valid hw interface set (disregard for combo devices) QUAT_TDM_RX_0-and-SLIMBUS_7_RX
12-31 19:00:20.816   666   766 D msm8974_platform: init_be_dai_name_table: sound device speaker-and-bt-sco-wb does not have a valid hw interface set (disregard for combo devices) SLIMBUS_0_RX-and-SLIMBUS_7_RX
12-31 19:00:20.816   666   766 D msm8974_platform: init_be_dai_name_table: sound device speaker-safe-and-bt-sco-wb does not have a valid hw interface set (disregard for combo devices) QUAT_TDM_RX_0-and-SLIMBUS_7_RX
12-31 19:00:20.816   666   766 D msm8974_platform: init_be_dai_name_table: sound device speaker-and-bt-sco-swb does not have a valid hw interface set (disregard for combo devices) SLIMBUS_0_RX-and-SEC_AUX_PCM_RX
12-31 19:00:20.816   666   766 D msm8974_platform: init_be_dai_name_table: sound device speaker-safe-and-bt-sco-swb does not have a valid hw interface set (disregard for combo devices) QUAT_TDM_RX_0-and-SLIMBUS_7_RX
12-31 19:00:20.816   666   766 W msm8974_platform: init_be_dai_name_table: sound device wsa-speaker-and-bt-sco has no hw interface set
12-31 19:00:20.816   666   766 W msm8974_platform: init_be_dai_name_table: sound device wsa-speaker-and-bt-sco-wb has no hw interface set
12-31 19:00:20.816   666   766 W msm8974_platform: init_be_dai_name_table: sound device wsa-speaker-and-bt-sco-wb has no hw interface set
12-31 19:00:20.816   666   766 D msm8974_platform: init_be_dai_name_table: sound device speaker-and-usb-headphones does not have a valid hw interface set (disregard for combo devices) SLIMBUS_0_RX-and-USB_AUDIO_RX
12-31 19:00:20.816   666   766 D msm8974_platform: init_be_dai_name_table: sound device speaker-safe-and-usb-headphones does not have a valid hw interface set (disregard for combo devices) SLIMBUS_0_RX-and-USB_AUDIO_RX
12-31 19:00:20.816   666   766 D msm8974_platform: init_be_dai_name_table: sound device speaker-and-anc-headphones does not have a valid hw interface set (disregard for combo devices) INT4_MI2S_RX-and-INT0_MI2S_RX
12-31 19:00:20.816   666   766 D msm8974_platform: init_be_dai_name_table: sound device speaker-and-anc-fb-headphones does not have a valid hw interface set (disregard for combo devices) SLIMBUS_0_RX-and-SLIMBUS_6_RX
12-31 19:00:20.816   666   766 W msm8974_platform: init_be_dai_name_table: sound device speaker-protected has no hw interface set
12-31 19:00:20.816   666   766 W msm8974_platform: init_be_dai_name_table: sound device speaker-protected-vbat has no hw interface set
12-31 19:00:20.816   666   766 D msm8974_platform: init_be_dai_name_table: sound device voice-speaker-and-voice-headphones does not have a valid hw interface set (disregard for combo devices) SLIMBUS_0_RX-and-SLIMBUS_6_RX
12-31 19:00:20.816   666   766 D msm8974_platform: init_be_dai_name_table: sound device voice-speaker-and-voice-anc-headphones does not have a valid hw interface set (disregard for combo devices) SLIMBUS_0_RX-and-SLIMBUS_6_RX
12-31 19:00:20.816   666   766 D msm8974_platform: init_be_dai_name_table: sound device voice-speaker-and-voice-anc-fb-headphones does not have a valid hw interface set (disregard for combo devices) SLIMBUS_0_RX-and-SLIMBUS_6_RX
12-31 19:00:20.816   666   766 D msm8974_platform: init_be_dai_name_table: sound device voice-speaker-stereo-and-voice-headphones does not have a valid hw interface set (disregard for combo devices) SLIMBUS_0_RX-and-SLIMBUS_6_RX
12-31 19:00:20.816   666   766 D msm8974_platform: init_be_dai_name_table: sound device voice-speaker-stereo-and-voice-anc-headphones does not have a valid hw interface set (disregard for combo devices) SLIMBUS_0_RX-and-SLIMBUS_6_RX
12-31 19:00:20.816   666   766 D msm8974_platform: init_be_dai_name_table: sound device voice-speaker-stereo-and-voice-anc-fb-headphones does not have a valid hw interface set (disregard for combo devices) SLIMBUS_0_RX-and-SLIMBUS_6_RX
12-31 19:00:20.816   666   766 D msm8974_platform: init_be_dai_name_table: sound device hearing-aid does not have a valid hw interface set (disregard for combo devices) BT_RX
12-31 19:00:20.816   666   766 W msm8974_platform: init_be_dai_name_table: sound device usb-headset-mic has no hw interface set
12-31 19:00:20.816   666   766 I chatty  : uid=1041(audioserver) HwBinder:666_2 identical 1 line
12-31 19:00:20.816   666   766 W msm8974_platform: init_be_dai_name_table: sound device usb-headset-mic has no hw interface set
12-31 19:00:20.816   666   766 W msm8974_platform: init_be_dai_name_table: sound device handset-6mic has no hw interface set
12-31 19:00:20.816   666   766 W msm8974_platform: init_be_dai_name_table: sound device handset-8mic has no hw interface set
12-31 19:00:20.816   666   766 W msm8974_platform: init_be_dai_name_table: sound device (null) has no hw interface set
12-31 19:00:20.816   666   766 W msm8974_platform: init_be_dai_name_table: sound device (null) has no hw interface set
12-31 19:00:20.816   666   766 W msm8974_platform: init_be_dai_name_table: sound device incall-rec-rx-tx has no hw interface set
12-31 19:00:20.816   666   766 W msm8974_platform: init_be_dai_name_table: sound device ec-ref-loopback has no hw interface set
12-31 19:00:20.816   666   766 W msm8974_platform: init_be_dai_name_table: sound device handset-dmic-and-ec-ref-loopback has no hw interface set
12-31 19:00:20.816   666   766 W msm8974_platform: init_be_dai_name_table: sound device handset-qmic-and-ec-ref-loopback has no hw interface set
12-31 19:00:20.816   666   766 W msm8974_platform: init_be_dai_name_table: sound device handset-6mic-and-ec-ref-loopback has no hw interface set
12-31 19:00:20.816   666   766 W msm8974_platform: init_be_dai_name_table: sound device handset-8mic-and-ec-ref-loopback has no hw interface set
12-31 19:00:20.816   666   766 D audio_hw_extn: audio_extn_can_use_ras: ras.enabled property is set to 0
12-31 19:00:20.816   666   766 D msm8974_platform: platform_init: Fluence_Type(1) max_mic_count(2) mic_type(0x3) fluence_in_voice_call(1) fluence_in_voice_rec(0) fluence_in_spkr_mode(1) fluence_in_hfp_call(0)fluence_sb_enabled(0)
12-31 19:00:20.816   666   766 D a2dp_offload: a2dp_source_init START
12-31 19:00:20.816   666   766 D a2dp_offload: Requesting for BT lib handle
12-31 19:00:20.821   627   627 I zygote64: Thread[1,tid=627,Native,Thread*=0x7e391aec00,peer=0x12c02448,"main"] recursive attempt to load library "libmedia_jni.so"
12-31 19:00:20.821   627   627 D MtpDeviceJNI: register_android_mtp_MtpDevice
12-31 19:00:20.821   627   627 I zygote64: Thread[1,tid=627,Native,Thread*=0x7e391aec00,peer=0x12c02448,"main"] recursive attempt to load library "libmedia_jni.so"
12-31 19:00:20.821   627   627 I zygote64: Thread[1,tid=627,Native,Thread*=0x7e391aec00,peer=0x12c02448,"main"] recursive attempt to load library "libmedia_jni.so"
12-31 19:00:20.824   666   766 D a2dp_offload: calling BT module preinit
12-31 19:00:20.824   666   766 E btaudio_offload_qti: is_value_adds_supported: openning the lib libqti_vndfwk_detect.so
12-31 19:00:20.825   666   766 D btaudio_offload_qti: is_value_adds_supported: vendor_info = 3
12-31 19:00:20.825   666   766 D btaudio_offload_qti: is_value_adds_supported: Build is running with QC Value-adds for odm 
12-31 19:00:20.828   666   766 I BTAudioProviderA2dpSoftware: A2dpSoftwareAudioProvider - size of audio buffer 21504 byte(s)
12-31 19:00:20.828   666   766 I BTAudioProviderHearingAid: HearingAidAudioProvider - size of audio buffer 3584 byte(s)
12-31 19:00:20.829   666   766 I ServiceManagement: Registered vendor.qti.hardware.bluetooth_audio@2.0::IBluetoothAudioProvidersFactory/default (start delay of 2431ms)
12-31 19:00:20.830   666   766 I         : Registration complete for vendor.qti.hardware.bluetooth_audio@2.0::IBluetoothAudioProvidersFactory/default.
12-31 19:00:20.830   666   766 I btaudio_offload_qti: bt_audio_pre_init_qti: IBluetoothAudioProvidersFactory registration succeded
12-31 19:00:20.831   666   766 D a2dp_offload: a2dp_set_bit_format: set AFE input bit format = 16
12-31 19:00:20.832   908  1014 I ServiceManager: Waiting for service 'package_native' on '/dev/binder'...
12-31 19:00:20.833   627   627 W Zygote  : Class not found for preloading: android.media.audiopolicy.AudioProductStrategies
12-31 19:00:20.833   627   627 W Zygote  : Class not found for preloading: android.media.audiopolicy.AudioVolumeGroups
12-31 19:00:20.835   666   766 E a2dp_offload:  ERROR  a2dp decoder format mixer control not identified
12-31 19:00:20.835   666   766 E a2dp_offload:  ERROR  bit format CONFIG data mixer control not identified
12-31 19:00:20.836   666   766 D a2dp_offload:  Open A2DP input start 
12-31 19:00:20.836   666   766 D a2dp_offload:  Requesting for BT lib handle
12-31 19:00:20.836   666   766 E a2dp_offload: open_a2dp_sink: DLOPEN failed for libbthost_if_sink.so
12-31 19:00:20.836   666   766 D a2dp_offload: update_offload_codec_capabilities: A2DP offload supported = 1
12-31 19:00:20.836   666   766 D audio_hw_ssr: ssr_update_enabled: surround sound recording is not supported
12-31 19:00:20.836   666   766 D audio_hw_spkr_prot: spkr_prot_init: Initialize speaker protection module
12-31 19:00:20.838   666   766 D audio_hw_spkr_prot: spkr_vi_channels: vi_channels 1
12-31 19:00:20.838   666   766 D audio_hw_spkr_prot: spkr_vi_channels: tz1: wsatz.11, tz2: wsatz.12
12-31 19:00:20.840   666   766 D audio_hw_spkr_prot:  spkr tz name found, /sys/devices/virtual/thermal/thermal_zone37/type
12-31 19:00:20.840   666   766 E audio_hw_spkr_prot: Sensor wsatz.11 found at tz: 37
12-31 19:00:20.842   666   766 D audio_hw_spkr_prot:  spkr tz name found, /sys/devices/virtual/thermal/thermal_zone36/type
12-31 19:00:20.842   666   766 E audio_hw_spkr_prot: Sensor wsatz.12 found at tz: 36
12-31 19:00:20.842   666   766 D audio_hw_spkr_prot: spkr_prot_init:WSA Create calibration thread
12-31 19:00:20.842   666   766 D msm8974_platform: platform_get_snd_device_backend_interface: hw_interface set for device HDMI
12-31 19:00:20.842   666  1129 D audio_hw_spkr_prot: spkr_prot_thread enable prot Entry
12-31 19:00:20.842   666  1129 D audio_hw_spkr_prot: set_spkr_prot_cal: quick calibration enabled
12-31 19:00:20.842   666  1129 D audio_hw_spkr_prot: spkr_calibration_thread: wsa speaker idle 15,minimum time 100
12-31 19:00:20.843   666   766 D msm8974_platform: platform_get_mixer_control: mixer ctl not obtained
12-31 19:00:20.859   666   666 I auditd  : type=1400 audit(0.0:8): avc: denied { read } for comm="HwBinder:666_2" name="u:object_r:default_prop:s0" dev="tmpfs" ino=21554 scontext=u:r:hal_audio_default:s0 tcontext=u:object_r:default_prop:s0 tclass=file permissive=0
12-31 19:00:20.859   666   666 W HwBinder:666_2: type=1400 audit(0.0:8): avc: denied { read } for name="u:object_r:default_prop:s0" dev="tmpfs" ino=21554 scontext=u:r:hal_audio_default:s0 tcontext=u:object_r:default_prop:s0 tclass=file permissive=0
12-31 19:00:20.866   666   766 I chatty  : uid=1041(audioserver) HwBinder:666_2 expire 17 lines
12-31 19:00:20.866   666   766 D msm8974_platform: platform_get_mixer_control: mixer ctl not obtained
12-31 19:00:20.866   666   766 E audio_hw_utils: audio_extn_utils_get_codec_variant: ERROR. cannot open /proc/asound/card0/codecs/wcd937x/variant
12-31 19:00:20.873   666   766 D audio_hw_utils: audio_extn_utils_update_streams_cfg_lists: failed to open io config file(/vendor/etc/audio_io_policy.conf), trying older config file
12-31 19:00:20.873   666   766 I audio_hw_utils: load_cfg_list: could not load input, node is NULL
12-31 19:00:20.874   666   766 E libc    : Access denied finding property "audio_hal.in_period_size"
12-31 19:00:20.875   666   766 W audio_hw_sndmonitor: access /proc/asound/card0/cpe0_state failed w/ err No such file or directory
12-31 19:00:20.875   666   766 I soundtrigger: audio_extn_sound_trigger_init: Enter
12-31 19:00:20.875   666   766 I soundtrigger: audio_extn_sound_trigger_init: DLOPEN successful for /vendor/lib/hw/sound_trigger.primary.sdm660.so
12-31 19:00:20.875   666   766 D soundtrigger: audio_extn_sound_trigger_init: sthal is using proprietary API version 0x0101
12-31 19:00:20.875   666   766 D sound_trigger_hw: handle_battery_status_change: battery status changed to 0
12-31 19:00:20.875   666   766 E sound_trigger_hw: get_num_sessions: sound model list is yet to be initialized
12-31 19:00:20.876   666   766 E audio_hw_primary: adev_open: ERROR. Could not get ctl for mixer cmd - AudStr 0 ChMixer Weight Ch 1
12-31 19:00:20.877   666   765 W DeviceHAL: Error from HAL Device in function get_master_volume: Function not implemented
12-31 19:00:20.877   666   765 W DeviceHAL: Error from HAL Device in function get_master_mute: Function not implemented
12-31 19:00:20.877   666   765 W DeviceHAL: Error from HAL Device in function set_master_volume: Function not implemented
12-31 19:00:20.877   666   765 W DeviceHAL: Error from HAL Device in function set_master_mute: Function not implemented
12-31 19:00:20.877   720   720 I AudioFlinger: loadHwModule() Loaded primary audio interface, handle 10
12-31 19:00:20.877   720   720 I AudioFlinger: openOutput() this 0x7eab93b600, module 10 Device 0x2, SamplingRate 48000, Format 0x000001, Channels 0x3, flags 0x6
12-31 19:00:20.877   666   765 D audio_hw_primary: adev_open_output_stream: enter: format(0x1) sample_rate(48000) channel_mask(0x3) devices(0x2) flags(0x6)        stream_handle(0xe974f000) address()
12-31 19:00:20.877   666   765 I audio_hw_primary: adev_open_output_stream: dynamic qos voting not enabled for platform
12-31 19:00:20.877   666   765 I audio_hw_utils: audio_extn_utils_update_stream_output_app_type_cfg Allowing 24 and above bits playback on speaker ONLY at default sampling rate
12-31 19:00:20.877   666   765 D audio_hw_primary: adev_open_output_stream: Stream (0xe974f000) picks up usecase (low-latency-playback)
12-31 19:00:20.878   720   720 I AudioFlinger: HAL output buffer size 192 frames, normal sink buffer size 960 frames
12-31 19:00:20.899   666   666 D audio_hw_utils: audio_extn_utils_open_snd_mixer: retry, retry_num 2
12-31 19:00:20.903   666   666 D audio_hw_utils: audio_extn_utils_open_snd_mixer: snd_card_name: sdm660-snd-card-i40
12-31 19:00:20.903   666   666 W hardware_info: update_hardware_info_bear: Not an SDM device
12-31 19:00:20.903   666   666 D audio_hw_utils: audio_extn_utils_open_snd_mixer: Opened sound card:0
12-31 19:00:20.906   666   765 E EffectsFactoryConfigLoader: Error querying effect 7d1580bd-297f-4683-9239-e475b6d1d69f on lib offload_bundle
12-31 19:00:20.906   666   765 D volume_listener: init_once Called 
12-31 19:00:20.907   666   765 D msm8974_platform: platform_get_gain_level_mapping: empty or currupted gain_mapping_table
12-31 19:00:20.907   666   765 D volume_listener: init_once: using default volume table
12-31 19:00:20.907   666   765 E EffectsFactoryConfigLoader: 1 errors during loading of configuration: /vendor/etc/audio_effects.xml
12-31 19:00:20.907   666   765 E EffectsFactory: Effect config is partially invalid, skipped 1 elements
12-31 19:00:20.907   720   720 I BufferProvider: found effect "Multichannel Downmix To Stereo" from The Android Open Source Project
12-31 19:00:20.908   720  1134 I AudioFlinger: AudioFlinger's thread 0x7eaba0b7c0 tid=1134 ready to run
12-31 19:00:20.908   720  1134 W AudioFlinger: no wake lock to update, system not ready yet
12-31 19:00:20.908   720   720 I AudioFlinger: Using module 10 as the primary audio interface
12-31 19:00:20.908   666  1132 D audio_hw_primary: out_standby: enter: stream (0xe974f000) usecase(1: low-latency-playback)
12-31 19:00:20.908   666  1132 D audio_hw_primary: out_standby: exit
12-31 19:00:20.913   720  1134 W AudioFlinger: no wake lock to update, system not ready yet
12-31 19:00:20.915   720   720 V APM_AudioPolicyManager: checkAndSetVolume cannot set volume group 3 volume with force use = 0 for comm
12-31 19:00:20.919   720   720 W AudioFlinger: moveEffects() bad srcOutput 0
12-31 19:00:20.919   720   720 V APM_AudioPolicyManager: selectOutputForMusicEffects selected output 13
12-31 19:00:20.919   720   720 V APM_AudioPolicyManager: setOutputDevices device {type:0x2,@:} delayMs 0
12-31 19:00:20.919   720   720 V APM_AudioPolicyManager: setOutputDevices() prevDevice {type:0x2,@:}
12-31 19:00:20.919   720   720 V APM_AudioPolicyManager: setOutputDevices changing device to {type:0x2,@:}
12-31 19:00:20.925   627   627 D TelephonyManager: No /proc/cmdline exception=java.io.FileNotFoundException: /proc/cmdline: open failed: EACCES (Permission denied)
12-31 19:00:20.925   627   627 D TelephonyManager: /proc/cmdline=
12-31 19:00:20.929   627   627 W Zygote  : Class not found for preloading: android.view.-$$Lambda$SurfaceView$Cs7TGTdA1lXf9qW8VOJAfEsMjdk
12-31 19:00:20.933   908  1014 I ServiceManager: Waiting for service 'package_native' on '/dev/binder'...
12-31 19:00:20.933   627   627 W Zygote  : Class not found for preloading: android.view.SurfaceView$3
12-31 19:00:20.935   627   627 W Zygote  : Class not found for preloading: android.view.textclassifier.-$$Lambda$TextClassificationManager$JIaezIJbMig_-kVzN6oArzkTsJE
12-31 19:00:20.944   666   766 D audio_hw_primary: out_set_parameters: enter: usecase(1: low-latency-playback) kvpairs: routing=2
12-31 19:00:20.944   666   766 D audio_hw_extn: audio_extn_fm_set_parameters: Enter
12-31 19:00:20.944   666   766 D audio_hw_hfp: hfp_set_parameters: enter
12-31 19:00:20.944   720   720 V APM_AudioPolicyManager: setOutputDevices() AF::createAudioPatch returned 0 patchHandle 12 num_sources 1 num_sinks 1
12-31 19:00:20.946   627   627 W Zygote  : Class not found for preloading: com.android.internal.net.NetworkStatsFactory
12-31 19:00:20.947   720   720 V APM_AudioPolicyManager: checkAndSetVolume cannot set volume group 3 volume with force use = 0 for comm
12-31 19:00:20.951   720   720 I AudioFlinger: openOutput() this 0x7eab93b600, module 10 Device 0x2, SamplingRate 48000, Format 0x000001, Channels 0x3, flags 0x4
12-31 19:00:20.951   666   766 D audio_hw_primary: adev_open_output_stream: enter: format(0x1) sample_rate(48000) channel_mask(0x3) devices(0x2) flags(0x4)        stream_handle(0xe8742800) address()
12-31 19:00:20.951   666   766 I audio_hw_primary: adev_open_output_stream: dynamic qos voting not enabled for platform
12-31 19:00:20.951   666   766 I audio_hw_utils: audio_extn_utils_update_stream_output_app_type_cfg Allowing 24 and above bits playback on speaker ONLY at default sampling rate
12-31 19:00:20.951   666   766 E audio_hw_primary: adev_open_output_stream: Primary output is already opened
12-31 19:00:20.951   666   766 D audio_hw_primary: adev_open_output_stream: exit: ret -17
12-31 19:00:20.951   666   766 W DeviceHAL: Error from HAL Device in function open_output_stream: File exists
12-31 19:00:20.952   720   720 I AudioHwDevice: openOutputStream(), HAL returned sampleRate 48000, Format 0x1, channelMask 0x3, status -61
12-31 19:00:20.952   720   720 W APM_AudioPolicyManager: Cannot open output stream for devices type:0x2,@: on hw module primary
12-31 19:00:20.952   720   720 I AudioFlinger: openOutput() this 0x7eab93b600, module 10 Device 0x2, SamplingRate 48000, Format 0x000001, Channels 0x3, flags 0x8
12-31 19:00:20.952   666   766 D audio_hw_primary: adev_open_output_stream: enter: format(0x1) sample_rate(48000) channel_mask(0x3) devices(0x2) flags(0x8)        stream_handle(0xe8742800) address()
12-31 19:00:20.952   666   766 I audio_hw_utils: audio_extn_utils_update_stream_output_app_type_cfg Allowing 24 and above bits playback on speaker ONLY at default sampling rate
12-31 19:00:20.952   666   766 D audio_hw_primary: adev_open_output_stream: Stream (0xe8742800) picks up usecase (deep-buffer-playback)
12-31 19:00:20.952   720   720 I AudioFlinger: HAL output buffer size 1920 frames, normal sink buffer size 1920 frames
12-31 19:00:20.953   720  1136 I AudioFlinger: AudioFlinger's thread 0x7e1ce95740 tid=1136 ready to run
12-31 19:00:20.953   720  1136 W AudioFlinger: no wake lock to update, system not ready yet
12-31 19:00:20.953   666   766 D audio_hw_primary: out_standby: enter: stream (0xe8742800) usecase(0: deep-buffer-playback)
12-31 19:00:20.953   666   766 D audio_hw_primary: out_standby: exit
12-31 19:00:20.953   720  1136 W AudioFlinger: no wake lock to update, system not ready yet
12-31 19:00:20.954   720   720 V APM_AudioPolicyManager: checkAndSetVolume cannot set volume group 3 volume with force use = 0 for comm
12-31 19:00:20.954   627   627 W Zygote  : Class not found for preloading: com.android.internal.telephony.-$$Lambda$PhoneSubInfoController$8HFbCDJDN1mrLJG980qYH5MGqMk
12-31 19:00:20.954   627   627 W Zygote  : Class not found for preloading: com.android.internal.telephony.-$$Lambda$PhoneSubInfoController$U28a_EGx2cvmQhDfRRgonMt5Zrc
12-31 19:00:20.954   627   627 W Zygote  : Class not found for preloading: com.android.internal.telephony.-$$Lambda$SubscriptionInfoUpdater$-zZXM9oMRZ3vZz7dJOG19J00Bmw
12-31 19:00:20.954   627   627 W Zygote  : Class not found for preloading: com.android.internal.telephony.-$$Lambda$SubscriptionInfoUpdater$D5yF1HbS4cvCyoAj3FESkPtA_0g
12-31 19:00:20.954   627   627 W Zygote  : Class not found for preloading: com.android.internal.telephony.-$$Lambda$SubscriptionInfoUpdater$MMx9iQX0JVqqMPLTUZhdBubFSzU
12-31 19:00:20.960   627   627 W Zygote  : Class not found for preloading: com.android.internal.telephony.GsmCdmaPhone$3
12-31 19:00:20.960   720   720 V APM_AudioPolicyManager: selectOutputForMusicEffects selected output 13
12-31 19:00:20.960   720   720 V APM_AudioPolicyManager: setOutputDevices device {type:0x2,@:} delayMs 0
12-31 19:00:20.960   720   720 V APM_AudioPolicyManager: setOutputDevices() prevDevice {type:0x2,@:}
12-31 19:00:20.961   720   720 V APM_AudioPolicyManager: setOutputDevices changing device to {type:0x2,@:}
12-31 19:00:20.961   627   627 W Zygote  : Class not found for preloading: com.android.internal.telephony.NewNitzStateMachine$1
12-31 19:00:20.961   627   627 W Zygote  : Class not found for preloading: com.android.internal.telephony.NewNitzStateMachine
12-31 19:00:20.961   627   627 W Zygote  : Class not found for preloading: com.android.internal.telephony.NewTimeServiceHelper$1
12-31 19:00:20.961   627   627 W Zygote  : Class not found for preloading: com.android.internal.telephony.NewTimeServiceHelper$Listener
12-31 19:00:20.961   627   627 W Zygote  : Class not found for preloading: com.android.internal.telephony.NewTimeServiceHelper
12-31 19:00:20.961   627   627 W Zygote  : Class not found for preloading: com.android.internal.telephony.PhoneConfigurationModels
12-31 19:00:20.962   627   627 W Zygote  : Class not found for preloading: com.android.internal.telephony.SubscriptionController$ScLocalLog
12-31 19:00:20.964   627   627 W Zygote  : Class not found for preloading: com.android.internal.telephony.UiccSmsController
12-31 19:00:20.964   627   627 W Zygote  : Class not found for preloading: com.android.internal.telephony.dataconnection.DcController$2
12-31 19:00:20.968   627   627 W Zygote  : Class not found for preloading: com.android.internal.telephony.imsphone.-$$Lambda$ImsPhoneCallTracker$QlPVd_3u4_verjHUDnkn6zaSe54
12-31 19:00:20.968   627   627 W Zygote  : Class not found for preloading: com.android.internal.telephony.imsphone.ImsPhone$3
12-31 19:00:21.001   666  1132 D audio_hw_primary: out_set_parameters: enter: usecase(0: deep-buffer-playback) kvpairs: routing=2
12-31 19:00:21.002   720   720 V APM_AudioPolicyManager: setOutputDevices() AF::createAudioPatch returned 0 patchHandle 20 num_sources 1 num_sinks 1
12-31 19:00:21.003   720   720 V APM_AudioPolicyManager: checkAndSetVolume cannot set volume group 3 volume with force use = 0 for comm
12-31 19:00:21.004   666   766 D audio_hw_primary: adev_open_input_stream: enter: sample_rate(48000) channel_mask(0xc) devices(0x80000004)        stream_handle(0xe750a000) io_handle(14) source(1) format 1
12-31 19:00:21.005   666   766 W audio_hw_utils: audio_extn_utils_update_stream_input_app_type_cfg: App type could not be selected. Falling back to default
12-31 19:00:21.007   627   627 I Zygote  : ...preloaded 7579 classes in 993ms.
12-31 19:00:21.007   627   627 I zygote64: VMRuntime.preloadDexCaches starting
