12-31 19:00:08.499     0     0 I usb_oem_probe: enter
12-31 19:00:08.499     0     0 I         : usbPortPathInit 467 read path succeed: typec-u2-path 1-1.4
12-31 19:00:08.499     0     0 I usb_oem_probe: usbPortsSpeedCfg[0].portU2Path=1-1.4
12-31 19:00:08.499     0     0 I         : usbPortPathInit 467 read path succeed: typec-u3-path 2-1.4
12-31 19:00:08.499     0     0 I usb_oem_probe: usbPortsSpeedCfg[0].portU3Path=2-1.4
12-31 19:00:08.499     0     0 I         : usbPortPathInit 467 read path succeed: typea-u2-path 1-1.2
12-31 19:00:08.499     0     0 I usb_oem_probe: usbPortsSpeedCfg[1].portU2Path=1-1.2
12-31 19:00:08.499     0     0 I         : usbPortPathInit 467 read path succeed: typea-u3-path 2-1.2
12-31 19:00:08.499     0     0 I usb_oem_probe: usbPortsSpeedCfg[1].portU3Path=2-1.2
12-31 19:00:08.499     0     0 E         : usbPortPathInit 464 read path failed: typea-ex3-u2-path
12-31 19:00:08.499     0     0 I usb_oem_probe: usbPortsSpeedCfg[2].portU2Path=
12-31 19:00:08.499     0     0 E         : usbPortPathInit 464 read path failed: typea-ex3-u3-path
12-31 19:00:08.499     0     0 I usb_oem_probe: usbPortsSpeedCfg[2].portU3Path=
12-31 19:00:08.499     0     0 E         : usbPortPathInit 464 read path failed: typea-ex4-u2-path
12-31 19:00:08.499     0     0 I usb_oem_probe: usbPortsSpeedCfg[3].portU2Path=
12-31 19:00:08.499     0     0 E         : usbPortPathInit 464 read path failed: typea-ex4-u3-path
12-31 19:00:08.499     0     0 I usb_oem_probe: usbPortsSpeedCfg[3].portU3Path=
12-31 19:00:08.499     0     0 E         : usbPortPathInit 464 read path failed: typea-ex5-u2-path
12-31 19:00:08.499     0     0 I usb_oem_probe: usbPortsSpeedCfg[4].portU2Path=
12-31 19:00:08.499     0     0 E         : usbPortPathInit 464 read path failed: typea-ex5-u3-path
12-31 19:00:08.499     0     0 I usb_oem_probe: usbPortsSpeedCfg[4].portU3Path=
12-31 19:00:08.499     0     0 I         : usbPortPathInit 467 read path succeed: micro-usb1-path 1-1.3.1
12-31 19:00:08.499     0     0 I usb_oem_probe: usbPortsSpeedCfg[5].portU2Path=1-1.3.1
12-31 19:00:08.499     0     0 I usb_oem_probe: usbPortsSpeedCfg[5].portU3Path=
12-31 19:00:08.499     0     0 I         : usbPortPathInit 467 read path succeed: micro-usb2-path 1-1.3.2
12-31 19:00:08.499     0     0 I usb_oem_probe: usbPortsSpeedCfg[6].portU2Path=1-1.3.2
12-31 19:00:08.499     0     0 I usb_oem_probe: usbPortsSpeedCfg[6].portU3Path=
12-31 19:00:08.499     0     0 I         : usbPortPathInit 467 read path succeed: micro-usb3-path 1-1.3.3
12-31 19:00:08.499     0     0 I usb_oem_probe: usbPortsSpeedCfg[7].portU2Path=1-1.3.3
12-31 19:00:08.499     0     0 I usb_oem_probe: usbPortsSpeedCfg[7].portU3Path=
12-31 19:00:08.499     0     0 I         : usbPortPathInit 467 read path succeed: micro-usb4-path 1-1.3.4
12-31 19:00:08.499     0     0 I usb_oem_probe: usbPortsSpeedCfg[8].portU2Path=1-1.3.4
12-31 19:00:08.499     0     0 I usb_oem_probe: usbPortsSpeedCfg[8].portU3Path=
12-31 19:00:08.499     0     0 I usb_oem_probe: succeed exit!
12-31 19:00:08.499     0     0 I input   : soc:gpio_keys as /devices/platform/soc/soc:gpio_keys/input/input3
12-31 19:00:08.500     0     0 I rtc-max31343 1-0068: read date/time raw! 0x00-01-01 00:00:08 W01
12-31 19:00:08.500     0     0 I rtc-max31343 1-0068: read date/time! 2000-01-01 00:00:08
12-31 19:00:08.500     0     0 I rtc-max31343 1-0068: setting system clock to 2000-01-01 00:00:08 UTC (946684808)
12-31 19:00:08.501     0     0 E lpm_levels: register_cluster_lpm_stats()
12-31 19:00:08.501     0     0 E lpm_levels: register_cluster_lpm_stats()
12-31 19:00:08.505     0     0 I gfx_mem_acc_corner: disabling
12-31 19:00:08.505     0     0 I gdsc_ufs: disabling
12-31 19:00:08.505     0     0 I cam_vadd_gpio_regulator: disabling
12-31 19:00:08.505     0     0 I cam_vaf_gpio_regulator: disabling
12-31 19:00:08.505     0     0 I cam_rear_dvdd_gpio_regulator: disabling
12-31 19:00:08.505     0     0 I apc0_pwrcl_corner: disabling
12-31 19:00:08.505     0     0 I apc1_perfcl_corner: disabling
12-31 19:00:08.505     0     0 I regulator_proxy_consumer_remove_all: removing regulator proxy consumer requests
12-31 19:00:08.505     0     0 I         : ALSA device list:
12-31 19:00:08.505     0     0 I         : No soundcards found.
12-31 19:00:08.542     0     0 I         : Freeing unused kernel memory: 6144K
12-31 19:00:08.545     0     0 I init    : init first stage started!
12-31 19:00:08.545     0     0 I init    : [libfs_mgr]dt_fstab: Skip disabled entry for partition vendor
12-31 19:00:08.545     0     0 I init    : [libfs_mgr]ReadFstabFromDt(): failed to read fstab from dt
12-31 19:00:08.545     0     0 I init    : [libfs_mgr]dt_fstab: Skip disabled entry for partition vendor
12-31 19:00:08.546     0     0 I init    : Using Android DT directory /proc/device-tree/firmware/android/
12-31 19:00:08.567     0     0 I init    : [libfs_mgr]Created logical partition system_a on device /dev/block/dm-0
12-31 19:00:08.567     0     0 I init    : [libfs_mgr]Skipping zero-length logical partition: system_b
12-31 19:00:08.568     0     0 I init    : [libfs_mgr]Created logical partition product_a on device /dev/block/dm-1
12-31 19:00:08.568     0     0 I init    : [libfs_mgr]Skipping zero-length logical partition: product_b
12-31 19:00:08.568     0     0 I init    : [libfs_mgr]Created logical partition vendor_a on device /dev/block/dm-2
12-31 19:00:08.575     0     0 I EXT4-fs (mmcblk0p52): recovery complete
12-31 19:00:08.575     0     0 I EXT4-fs (mmcblk0p52): mounted filesystem with ordered data mode. Opts: discard
12-31 19:00:08.583     0     0 I device-mapper: verity: sha1 using implementation "sha1-ce"
12-31 19:00:08.591     0     0 W EXT4-fs (dm-3): mounting with "discard" option, but the device does not support discard
12-31 19:00:08.591     0     0 I EXT4-fs (dm-3): mounted filesystem without journal. Opts: barrier=1,discard
12-31 19:00:08.617     0     0 I device-mapper: verity: sha1 using implementation "sha1-ce"
12-31 19:00:08.625     0     0 W EXT4-fs (dm-4): mounting with "discard" option, but the device does not support discard
12-31 19:00:08.625     0     0 I EXT4-fs (dm-4): mounted filesystem without journal. Opts: barrier=1,discard
12-31 19:00:08.626     0     0 I device-mapper: verity: sha1 using implementation "sha1-ce"
12-31 19:00:08.644     0     0 W EXT4-fs (dm-5): mounting with "discard" option, but the device does not support discard
12-31 19:00:08.644     0     0 I EXT4-fs (dm-5): mounted filesystem without journal. Opts: barrier=1,discard
12-31 19:00:08.669     0     0 W init    : 23 output lines suppressed due to ratelimiting
12-31 19:00:08.728     0     0 I usb 2-1.1: new SuperSpeed USB device number 3 using xhci-hcd
12-31 19:00:08.755     0     0 I usb 2-1.1: New USB device found, idVendor=0b95, idProduct=1790
12-31 19:00:08.755     0     0 I usb 2-1.1: New USB device strings: Mfr=1, Product=2, SerialNumber=3
12-31 19:00:08.755     0     0 I usb 2-1.1: Product: AX88179
12-31 19:00:08.755     0     0 I usb 2-1.1: Manufacturer: ASIX Elec. Corp.
12-31 19:00:08.755     0     0 I usb 2-1.1: SerialNumber: 00000000000003
12-31 19:00:08.828     0     0 I init    : Loading SELinux policy
12-31 19:00:08.849     0     0 E of_batterydata_get_best_profile: No battery data found
12-31 19:00:08.849     0     0 E FG      : fg_get_batt_profile: couldn't find profile handle
12-31 19:00:08.849     0     0 W FG      : profile_load_work: profile for batt_id=101KOhms not found..using OTP, rc:-61
12-31 19:00:08.849     0     0 I FG      : status_change_work: usbin-plugin, Close OVER_RECHARGE_VOL_VOTER vote when batt_vol below recharge_vol
12-31 19:00:08.849     0     0 D SELinux : 16384 avtab hash slots, 49448 rules.
12-31 19:00:08.874     0     0 W OEM debug: general mode disable autosuspend.
12-31 19:00:08.874     0     0 D SELinux : 16384 avtab hash slots, 49448 rules.
12-31 19:00:08.874     0     0 D SELinux : 1 users, 4 roles, 2209 types, 0 bools, 1 sens, 1024 cats
12-31 19:00:08.874     0     0 D SELinux : 97 classes, 49448 rules
12-31 19:00:08.878     0     0 I SELinux : Permission nlmsg_readpriv in class netlink_route_socket not defined in policy.
12-31 19:00:08.878     0     0 I SELinux : the above unknown classes and permissions will be denied
12-31 19:00:08.878     0     0 I SELinux : policy capability network_peer_controls=1
12-31 19:00:08.878     0     0 I SELinux : policy capability open_perms=1
12-31 19:00:08.878     0     0 I SELinux : policy capability extended_socket_class=1
12-31 19:00:08.878     0     0 I SELinux : policy capability always_check_network=0
12-31 19:00:08.878     0     0 I SELinux : policy capability cgroup_seclabel=0
12-31 19:00:08.878     0     0 I SELinux : policy capability nnp_nosuid_transition=1
12-31 19:00:08.878     0     0 D SELinux : Completing initialization.
12-31 19:00:08.878     0     0 D SELinux : Setting up existing superblocks.
12-31 19:00:08.929   493   493 I auditd  : type=1403 audit(0.0:2): policy loaded auid=4294967295 ses=4294967295
12-31 19:00:08.929   493   493 I auditd  : type=1403 audit(0.0:2): policy loaded auid=4294967295 ses=4294967295
12-31 19:00:08.929   493   493 I auditd  : type=1404 audit(0.0:3): enforcing=1 old_enforcing=0 auid=4294967295 ses=4294967295
12-31 19:00:08.929   493   493 W auditd  : type=1404 audit(0.0:3): enforcing=1 old_enforcing=0 auid=4294967295 ses=4294967295
12-31 19:00:08.942     0     0 I selinux : SELinux: Loaded policy from /vendor/etc/selinux/precompiled_sepolicy
12-31 19:00:08.947     0     0 I selinux : SELinux: Loaded file_contexts
12-31 19:00:08.966     0     0 I init    : init second stage started!
12-31 19:00:08.983     0     0 I init    : Using Android DT directory /proc/device-tree/firmware/android/
12-31 19:00:08.987     0     0 I selinux : SELinux: Loaded file_contexts
12-31 19:00:08.987     0     0 I init    : Running restorecon...
12-31 19:00:09.002     0     0 E selinux : avc:  denied  { set } for  scontext=u:r:vendor_init:s0 tcontext=u:object_r:default_prop:s0 tclass=property_service permissive=0
12-31 19:00:09.002     0     0 E init    : Do not have permissions to set 'ro.product.vendor.otadevice' to 'ota.sdm660_64' in property file '/vendor/build.prop': SELinux permission check failed
12-31 19:00:09.002     0     0 E selinux : avc:  denied  { set } for  scontext=u:r:vendor_init:s0 tcontext=u:object_r:default_prop:s0 tclass=property_service permissive=0
12-31 19:00:09.002     0     0 E init    : Do not have permissions to set 'ro.product.vendor.otamodel' to 'ota.sdm660_64' in property file '/vendor/build.prop': SELinux permission check failed
12-31 19:00:09.002     0     0 E selinux : avc:  denied  { set } for  scontext=u:r:vendor_init:s0 tcontext=u:object_r:default_prop:s0 tclass=property_service permissive=0
12-31 19:00:09.002     0     0 E init    : Do not have permissions to set 'ro.product.vendor.otaname' to 'ota.sdm660_64' in property file '/vendor/build.prop': SELinux permission check failed
12-31 19:00:09.124     0     0 I ueventd : ueventd started!
12-31 19:00:09.126     0     0 I selinux : SELinux: Loaded file_contexts
12-31 19:00:09.127     0     0 I ueventd : Parsing file /ueventd.rc...
12-31 19:00:09.130     0     0 I ueventd : Parsing file /vendor/ueventd.rc...
12-31 19:00:09.131     0     0 E ueventd : /vendor/ueventd.rc: 191: /sys/ lines must have 5 entries
12-31 19:00:09.131     0     0 I ueventd : Parsing file /odm/ueventd.rc...
12-31 19:00:09.132     0     0 I ueventd : Unable to read config file '/odm/ueventd.rc': open() failed: No such file or directory
12-31 19:00:09.132     0     0 I ueventd : Parsing file /ueventd.qcom.rc...
12-31 19:00:09.132     0     0 I ueventd : Unable to read config file '/ueventd.qcom.rc': open() failed: No such file or directory
12-31 19:00:09.139     0     0 I apexd   : Bootstrap subcommand detected
12-31 19:00:09.146     0     0 I apexd   : Scanning /system/apex for embedded keys
12-31 19:00:09.146     0     0 I apexd   : Scanning /product/apex for embedded keys
12-31 19:00:09.146     0     0 I apexd   : ... does not exist. Skipping
12-31 19:00:09.146     0     0 I apexd   : Scanning /system/apex looking for APEX packages.
12-31 19:00:09.147     0     0 I apexd   : Found /system/apex/com.android.media
12-31 19:00:09.147     0     0 I apexd   : Skipped when bootstrapping
12-31 19:00:09.147     0     0 I apexd   : Found /system/apex/com.android.media.swcodec
12-31 19:00:09.147     0     0 I apexd   : Skipped when bootstrapping
12-31 19:00:09.147     0     0 I apexd   : Found /system/apex/com.android.conscrypt
12-31 19:00:09.150     0     0 W apexd   : 9 output lines suppressed due to ratelimiting
12-31 19:00:09.150     0     0 I         : apexd (479) used greatest stack depth: 11664 bytes left
12-31 19:00:09.252     0     0 W q6_pdr_dlkm: loading out-of-tree module taints kernel.
12-31 19:00:09.270     0     0 W adsp_loader_dlkm: no symbol version for apr_set_modem_state
12-31 19:00:09.422     0     0 E FG      : fg_get_time_to_full_locked: battery profile is not loaded
12-31 19:00:09.569     0     0 E pmic_analog_codec 800f000.qcom,spmi: qcom,pm660l@3:anlg-cdc@f000: Adsp is not loaded yet 0
12-31 19:00:09.581     0     0 E msm_sdw_codec 152c1000.msm-sdw-codec: Adsp is not loaded yet 0
12-31 19:00:09.605     0     0 E pmic_analog_codec 800f000.qcom,spmi: qcom,pm660l@3:anlg-cdc@f000: Adsp is not loaded yet 0
12-31 19:00:09.605     0     0 E msm_sdw_codec 152c1000.msm-sdw-codec: Adsp is not loaded yet 0
12-31 19:00:09.607     0     0 E pmic_analog_codec 800f000.qcom,spmi: qcom,pm660l@3:anlg-cdc@f000: Adsp is not loaded yet 0
12-31 19:00:09.607     0     0 E msm_sdw_codec 152c1000.msm-sdw-codec: Adsp is not loaded yet 0
12-31 19:00:09.695     0     0 I oem-init: /vendor/bin/oem_init start with 1 parameters
12-31 19:00:09.696     0     0 I oem-init: sysfs:path sys/devices/soc0/project_id data 44 size 4
12-31 19:00:09.696     0     0 I oem-init: Project id: 44
12-31 19:00:09.696     0     0 I oem-init: model id: 15in-I-Series-4
12-31 19:00:09.696     0     0 I oem-init: product name: 15in-I-Series-4
12-31 19:00:09.696     0     0 I oem-init: oemmodel id: i4_in15_std
12-31 19:00:09.696     0     0 I oem-init: common features: BT-WIFI-PwrLED-UartMux-TypeC
12-31 19:00:09.697     0     0 I oem-init: sku features: eth-PoE-GSen-DuSpk-GPIO-AdbMux-eRTC-Key2-dmic-SD
12-31 19:00:09.699     0     0 I oem-init: sku accessorylist:
12-31 19:00:09.699     0     0 I oem-init: sku lcd_density: 240
12-31 19:00:11.102     0     0 I ueventd : Coldboot took 1.969 seconds
12-31 19:00:11.145     0     0 I         : Registered swp emulation handler
12-31 19:00:11.182   494   494 I SELinux : SELinux: Loaded service_contexts from:
12-31 19:00:11.182   494   494 I auditd  : SELinux: Loaded service_contexts from:
12-31 19:00:11.184   494   494 I SELinux :     /system/etc/selinux/plat_service_contexts
12-31 19:00:11.184   494   494 I auditd  :     /system/etc/selinux/plat_service_contexts
12-31 19:00:11.186   496   496 I SELinux : SELinux: Loaded service_contexts from:
12-31 19:00:11.186   496   496 I SELinux :     /vendor/etc/selinux/vndservice_contexts
12-31 19:00:11.190     0     0 I logd.auditd: start
12-31 19:00:11.238   495   495 I hwservicemanager: hwservicemanager is ready now.
12-31 19:00:11.242   498   498 E cutils-trace: Error opening trace file: Permission denied (13)
12-31 19:00:11.242   495   495 E cutils-trace: Error opening trace file: Permission denied (13)
12-31 19:00:11.243     0     0 I init    : wait for '/dev/block/platform/soc/c0c4000.sdhci' took 0ms
12-31 19:00:11.272     0     0 I EXT4-fs (mmcblk0p48): mounted filesystem with ordered data mode. Opts: barrier=1
12-31 19:00:11.286   498   498 I ServiceManagement: Registered vendor.qti.hardware.qseecom@1.0::IQSEECom/default (start delay of 108ms)
12-31 19:00:11.286   498   498 I ServiceManagement: Removing namespace from process name vendor.qti.hardware.qseecom@1.0-service to qseecom@1.0-service.
12-31 19:00:11.286   498   498 I QSEECOM_SERVICE: IQSEECom registerAsService is successful
12-31 19:00:11.299   508   508 I auditd  : type=1400 audit(0.0:4): avc: denied { read } for comm="e2fsck" name="mmcblk0p37" dev="tmpfs" ino=14745 scontext=u:r:fsck:s0 tcontext=u:object_r:block_device:s0 tclass=blk_file permissive=0
12-31 19:00:11.299   508   508 W e2fsck  : type=1400 audit(0.0:4): avc: denied { read } for name="mmcblk0p37" dev="tmpfs" ino=14745 scontext=u:r:fsck:s0 tcontext=u:object_r:block_device:s0 tclass=blk_file permissive=0
12-31 19:00:11.299   508   508 I auditd  : type=1400 audit(0.0:5): avc: denied { read write } for comm="e2fsck" name="mmcblk0p37" dev="tmpfs" ino=14745 scontext=u:r:fsck:s0 tcontext=u:object_r:block_device:s0 tclass=blk_file permissive=0
12-31 19:00:11.299   508   508 W e2fsck  : type=1400 audit(0.0:5): avc: denied { read write } for name="mmcblk0p37" dev="tmpfs" ino=14745 scontext=u:r:fsck:s0 tcontext=u:object_r:block_device:s0 tclass=blk_file permissive=0
12-31 19:00:11.312     0     0 I e2fsck  : e2fsck 1.44.4 (18-Aug-2018)
12-31 19:00:11.312     0     0 I e2fsck  : /system/bin/e2fsck: Permission denied while trying to open /dev/block/bootdevice/by-name/persist
12-31 19:00:11.312     0     0 I e2fsck  :  
12-31 19:00:11.312     0     0 I e2fsck  : You must have r/w access to the filesystem or be root
12-31 19:00:11.312     0     0 I e2fsck  : e2fsck terminated by exit(8)
12-31 19:00:11.318     0     0 I EXT4-fs (mmcblk0p37): recovery complete
12-31 19:00:11.318     0     0 I EXT4-fs (mmcblk0p37): mounted filesystem with ordered data mode. Opts: barrier=1
--------- beginning of system
12-31 19:00:11.320   504   504 I vold    : Vold 3.0 (the awakening) firing up
12-31 19:00:11.321   504   504 D vold    : Detected support for: ext4 f2fs vfat
12-31 19:00:11.324   504   504 D vold    : Found unmanaged dm device named system_a
12-31 19:00:11.324   504   504 D vold    : Found unmanaged dm device named vendor-verity
12-31 19:00:11.324   504   504 D vold    : Found unmanaged dm device named vendor_a
12-31 19:00:11.324   504   504 D vold    : Found unmanaged dm device named product-verity
12-31 19:00:11.324   504   504 D vold    : Found unmanaged dm device named system-verity
12-31 19:00:11.324   504   504 D vold    : Found unmanaged dm device named product_a
12-31 19:00:11.324   504   504 W vold    : Failed to LOOP_GET_STATUS64 /dev/block/loop5: No such device or address
12-31 19:00:11.324   504   504 W vold    : Failed to LOOP_GET_STATUS64 /dev/block/loop15: No such device or address
12-31 19:00:11.324   504   504 W vold    : Failed to LOOP_GET_STATUS64 /dev/block/loop7: No such device or address
12-31 19:00:11.324   504   504 W vold    : Failed to LOOP_GET_STATUS64 /dev/block/loop2: No such device or address
12-31 19:00:11.324   504   504 W vold    : Failed to LOOP_GET_STATUS64 /dev/block/loop1: No such device or address
12-31 19:00:11.324   504   504 W vold    : Failed to LOOP_GET_STATUS64 /dev/block/loop10: No such device or address
12-31 19:00:11.324   504   504 W vold    : Failed to LOOP_GET_STATUS64 /dev/block/loop3: No such device or address
12-31 19:00:11.324   504   504 W vold    : Failed to LOOP_GET_STATUS64 /dev/block/loop13: No such device or address
12-31 19:00:11.324   504   504 W vold    : Failed to LOOP_GET_STATUS64 /dev/block/loop0: No such device or address
12-31 19:00:11.324   504   504 W vold    : Failed to LOOP_GET_STATUS64 /dev/block/loop8: No such device or address
12-31 19:00:11.324   504   504 W vold    : Failed to LOOP_GET_STATUS64 /dev/block/loop9: No such device or address
12-31 19:00:11.324   504   504 W vold    : Failed to LOOP_GET_STATUS64 /dev/block/loop11: No such device or address
12-31 19:00:11.324   504   504 W vold    : Failed to LOOP_GET_STATUS64 /dev/block/loop6: No such device or address
12-31 19:00:11.324   504   504 W vold    : Failed to LOOP_GET_STATUS64 /dev/block/loop12: No such device or address
12-31 19:00:11.324   504   504 W vold    : Failed to LOOP_GET_STATUS64 /dev/block/loop14: No such device or address
12-31 19:00:11.324   504   504 W vold    : Failed to LOOP_GET_STATUS64 /dev/block/loop4: No such device or address
12-31 19:00:11.325   504   504 I vold    : [libfs_mgr]dt_fstab: Skip disabled entry for partition vendor
12-31 19:00:11.326   504   504 D vold    : VoldNativeService::start() completed OK
12-31 19:00:11.695     0     0 I subsys-pil-tz 15700000.qcom,lpass: adsp: loading from 0x0000000092a00000 to 0x0000000094800000
12-31 19:00:12.062     0     0 I subsys-pil-tz 15700000.qcom,lpass: adsp: Brought out of reset
12-31 19:00:12.080     0     0 I subsys-pil-tz 15700000.qcom,lpass: adsp: Power/Clock ready interrupt received
12-31 19:00:12.080     0     0 I subsys-pil-tz 15700000.qcom,lpass: Subsystem error monitoring/handling services are up
12-31 19:00:12.086     0     0 E pmic_analog_codec 800f000.qcom,spmi: qcom,pm660l@3:anlg-cdc@f000: Adsp is not loaded yet 0
12-31 19:00:12.086     0     0 E msm_sdw_codec 152c1000.msm-sdw-codec: Adsp is not loaded yet 0
12-31 19:00:12.088     0     0 I apr_tal_rpmsg qcom,glink: adsp.apr_audio_svc.-1.-1: apr_tal_rpmsg_probe: Channel[apr_audio_svc] state[Up]
12-31 19:00:12.089     0     0 E pmic_analog_codec 800f000.qcom,spmi: qcom,pm660l@3:anlg-cdc@f000: Adsp is not loaded yet 0
12-31 19:00:12.089     0     0 E msm_sdw_codec 152c1000.msm-sdw-codec: Adsp is not loaded yet 0
12-31 19:00:12.096     0     0 E pmic_analog_codec 800f000.qcom,spmi: qcom,pm660l@3:anlg-cdc@f000: Adsp is not loaded yet 0
12-31 19:00:12.096     0     0 E msm_sdw_codec 152c1000.msm-sdw-codec: Adsp is not loaded yet 0
12-31 19:00:12.101     0     0 I adsprpc : fastrpc_rpmsg_probe: opened rpmsg channel for adsp
12-31 19:00:12.102     0     0 E pmic_analog_codec 800f000.qcom,spmi: qcom,pm660l@3:anlg-cdc@f000: Adsp is not loaded yet 0
12-31 19:00:12.102     0     0 E msm_sdw_codec 152c1000.msm-sdw-codec: Adsp is not loaded yet 0
12-31 19:00:15.119     0     0 I oem-init: ro.persistent_properties.ready: getfail
12-31 19:00:16.119     0     0 I oem-init: ro.persistent_properties.ready: getfail
12-31 19:00:16.347     0     0 W init    : wait for '/mnt/vendor/persist/oem_bdf' timed out and took 5003ms
12-31 19:00:16.347     0     0 I init    : Command 'wait /mnt/vendor/persist/oem_bdf' action=fs (/vendor/etc/init/hw/init.oem.rc:67) took 5003ms and failed: wait_for_file() failed
12-31 19:00:16.348     0     0 I init    : processing action (fs) from (/system/etc/init/logd.rc:27)
12-31 19:00:16.348     0     0 I init    : processing action (fs) from (/system/etc/init/wifi-events.rc:17)
12-31 19:00:16.348     0     0 I init    : processing action (fs) from (/vendor/etc/init/init.castles.rc:11)
12-31 19:00:16.348     0     0 I init    : wait for '/dev/block/bootdevice/by-name/spconf' took 0ms
12-31 19:00:16.388     0     0 I EXT4-fs (mmcblk0p39): recovery complete
12-31 19:00:16.388     0     0 I EXT4-fs (mmcblk0p39): mounted filesystem with ordered data mode. Opts: barrier=1
12-31 19:00:16.390     0     0 I init    : processing action (post-fs) from (/init.rc:360)
12-31 19:00:16.390     0     0 I init    : starting service 'exec 3 (/system/bin/vdc checkpoint markBootAttempt)'...
12-31 19:00:16.393     0     0 I init    : SVC_EXEC service 'exec 3 (/system/bin/vdc checkpoint markBootAttempt)' pid 564 (uid 1000 gid 1000+0 context default) started; waiting...
12-31 19:00:16.413     0     0 D vdc     : Waited 0ms for vold
12-31 19:00:16.415     0     0 I init    : Service 'exec 3 (/system/bin/vdc checkpoint markBootAttempt)' (pid 564) exited with status 0 waiting took 0.022000 seconds
12-31 19:00:16.497     0     0 I init    : Command 'restorecon --recursive --cross-filesystems /sys/kernel/debug' action=post-fs (/init.rc:372) took 80ms and succeeded
12-31 19:00:16.498     0     0 I init    : Command 'chown system cache /cache' action=post-fs (/init.rc:375) took 0ms and failed: lchown() failed: Read-only file system
12-31 19:00:16.544   565   565 D QSEECOMD: : qseecom listener services process entry PPID = 1
12-31 19:00:16.545   565   565 E QSEECOMD: : Listener: index = 0, hierarchy = 0
12-31 19:00:16.550   565   565 D QSEECOMD: : Init dlopen(librpmb.so, RTLD_NOW) succeeds
12-31 19:00:16.550   565   565 D QSEECOMD: : Init::Init dlsym(g_FSHandle rpmb_init_service) succeeds
12-31 19:00:16.551   565   565 I rpmb_emmc: RPMB Mult (512-bytes sector) = 32768, Rel_sec_cnt = 32
12-31 19:00:16.551   565   565 E DrmLibRpmb: rpmb_init succeeded! with ret = 0
12-31 19:00:16.551   565   565 D QSEECOMD: : Init rpmb_init_service ret = 0
12-31 19:00:16.551   565   565 D QSEECOMD: : RPMB system services: init (Listener ID = 8192)
12-31 19:00:16.551   565   565 E QSEECOMD: : Listener: index = 1, hierarchy = 0
12-31 19:00:16.552   565   565 D QSEECOMD: : Init dlopen(libssd.so, RTLD_NOW) succeeds
12-31 19:00:16.552   565   565 D QSEECOMD: : Init::Init dlsym(g_FSHandle ssd_init_service) succeeds
12-31 19:00:16.552   565   565 E SSD     : ssd_init_service succeeded!
12-31 19:00:16.552   565   565 D QSEECOMD: : Init ssd_init_service ret = 0
12-31 19:00:16.552   565   565 D QSEECOMD: : SSD system services: init (Listener ID = 12288)
12-31 19:00:16.552   565   565 E QSEECOMD: : Listener: index = 2, hierarchy = 0
12-31 19:00:16.577   565   565 D QSEECOMD: : Init dlopen(libsecureui.so, RTLD_NOW) succeeds
12-31 19:00:16.577   565   565 D QSEECOMD: : Init::Init dlsym(g_FSHandle secure_ui_init) succeeds
12-31 19:00:16.577   565   565 D QSEECOMD: : Init secure_ui_init ret = 0
12-31 19:00:16.577   565   565 D QSEECOMD: : secure UI services: init (Listener ID = 16384)
12-31 19:00:16.577   565   565 D QSEECOMD: : qseecom listener service threads starting!!! 
12-31 19:00:16.577   565   565 D QSEECOMD: : Total listener services to start = 10
12-31 19:00:16.577   565   565 E QSEECOMD: : Listener: index = 0, hierarchy = 1
12-31 19:00:16.578   565   565 D QSEECOMD: : Init dlopen(librpmb.so, RTLD_NOW) succeeds
12-31 19:00:16.578   565   565 D QSEECOMD: : Init::Init dlsym(g_FSHandle rpmb_start) succeeds
12-31 19:00:16.578   565   565 D QSEECOMAPI: QSEECom_register_listener 8192 sb_length = 0x6400
12-31 19:00:16.578   565   565 E ion     : ioctl c0044901 failed with code -1: Not a typewriter
12-31 19:00:16.579   565   565 D QSEECOMD: : Init rpmb_start ret = 0
12-31 19:00:16.580   565   565 D QSEECOMD: : RPMB system services: Started (Listener ID = 8192)
12-31 19:00:16.580   565   565 E QSEECOMD: : Listener: index = 1, hierarchy = 1
12-31 19:00:16.580   565   565 D QSEECOMD: : Init dlopen(libssd.so, RTLD_NOW) succeeds
12-31 19:00:16.580   565   565 D QSEECOMD: : Init::Init dlsym(g_FSHandle ssd_start) succeeds
12-31 19:00:16.580   565   565 D QSEECOMAPI: QSEECom_register_listener 12288 sb_length = 0x5000
12-31 19:00:16.580   565   565 D QSEECOMD: : Init ssd_start ret = 0
12-31 19:00:16.581   565   565 D QSEECOMD: : SSD system services: Started (Listener ID = 12288)
12-31 19:00:16.581   565   565 E QSEECOMD: : Listener: index = 2, hierarchy = 1
12-31 19:00:16.581   565   565 D QSEECOMD: : Init dlopen(libsecureui.so, RTLD_NOW) succeeds
12-31 19:00:16.581   565   565 D QSEECOMD: : Init::Init dlsym(g_FSHandle secure_ui_start) succeeds
12-31 19:00:16.581   565   565 D QSEECOMAPI: QSEECom_register_listener 16384 sb_length = 0x10a8
12-31 19:00:16.582   565   565 D QSEECOMD: : Init secure_ui_start ret = 0
12-31 19:00:16.582   565   565 D QSEECOMD: : secure UI services: Started (Listener ID = 16384)
12-31 19:00:16.582   565   565 E QSEECOMD: : Listener: index = 3, hierarchy = 1
12-31 19:00:16.585   565   565 D QSEECOMD: : Init dlopen(libdrmtime.so, RTLD_NOW) succeeds
12-31 19:00:16.585   565   565 D QSEECOMD: : Init::Init dlsym(g_FSHandle atime_start) succeeds
12-31 19:00:16.585   565   565 D DrmLibTime: QSEE Time Listener: atime_start
12-31 19:00:16.585   565   565 D QSEECOMAPI: QSEECom_register_listener 11 sb_length = 0x5000
12-31 19:00:16.585   565   565 D DrmLibTime: registering fs service to QSEECom is done!
12-31 19:00:16.585   565   565 D DrmLibTime: begin to create a thread!
12-31 19:00:16.585   565   565 D DrmLibTime: Creating a pthread in atime_start is done! return 0
12-31 19:00:16.585   565   565 D QSEECOMD: : Init atime_start ret = 0
12-31 19:00:16.585   565   565 D QSEECOMD: : time services: Started (Listener ID = 11)
12-31 19:00:16.585   565   565 E QSEECOMD: : Listener: index = 4, hierarchy = 1
12-31 19:00:16.585   565   571 D DrmLibTime: QSEE Time Listener: dispatch
12-31 19:00:16.586   565   571 D DrmLibTime: before calling ioctl to read the next time_cmd
12-31 19:00:16.586   565   565 D QSEECOMD: : Init dlopen(libdrmfs.so, RTLD_NOW) succeeds
12-31 19:00:16.586   565   565 D QSEECOMD: : Init::Init dlsym(g_FSHandle fs_start) succeeds
12-31 19:00:16.586   565   565 D QSEECOMAPI: QSEECom_register_listener 10 sb_length = 0x5000
12-31 19:00:16.586   565   565 D QSEECOMD: : Init fs_start ret = 0
12-31 19:00:16.586   565   565 D QSEECOMD: : file system services: Started (Listener ID = 10)
12-31 19:00:16.586   565   565 E QSEECOMD: : Listener: index = 5, hierarchy = 1
12-31 19:00:16.586   565   565 D QSEECOMD: : Init dlopen(libdrmfs.so, RTLD_NOW) succeeds
12-31 19:00:16.586   565   565 D QSEECOMD: : Init::Init dlsym(g_FSHandle gpfs_start) succeeds
12-31 19:00:16.588   565   565 D QSEECOMAPI: QSEECom_register_listener 28672 sb_length = 0x7e000
12-31 19:00:16.589   565   565 D QSEECOMD: : Init gpfs_start ret = 0
12-31 19:00:16.589   565   565 D QSEECOMD: : gpfile system services: Started (Listener ID = 28672)
12-31 19:00:16.589   565   565 E QSEECOMD: : Listener: index = 6, hierarchy = 1
12-31 19:00:16.591   565   565 D QSEECOMD: : Init dlopen(libqisl.so, RTLD_NOW) succeeds
12-31 19:00:16.591   565   565 D QSEECOMD: : Init::Init dlsym(g_FSHandle qisl_start) succeeds
12-31 19:00:16.591   565   574 I QISL    : QSEE Interrupt Service Listener Thread is started
12-31 19:00:16.591   565   574 D QSEECOMAPI: QSEECom_register_listener 36864 sb_length = 0x1f4
12-31 19:00:16.592   565   574 I QISL    : QSEE Interrupt Service Listener was activated successfully
12-31 19:00:16.592   565   565 D QSEECOMD: : Init qisl_start ret = 0
12-31 19:00:16.592   565   565 D QSEECOMD: : interrupt services: Started (Listener ID = 36864)
12-31 19:00:16.592   565   565 E QSEECOMD: : Listener: index = 7, hierarchy = 1
12-31 19:00:16.592   565   565 E QSEECOMD: : Init dlopen(libspl.so, RLTD_NOW) is failed.... dlopen failed: library "libspl.so" not found
12-31 19:00:16.592   565   565 E QSEECOMD: : Listener: index = 8, hierarchy = 1
12-31 19:00:16.595   565   565 D QSEECOMD: : Init dlopen(libGPreqcancel.so, RTLD_NOW) succeeds
12-31 19:00:16.595   565   565 D QSEECOMD: : Init::Init dlsym(g_FSHandle gp_reqcancel_start) succeeds
12-31 19:00:16.595   565   565 D QSEECOMAPI: QSEECom_register_listener 4352 sb_length = 0x5000
12-31 19:00:16.595   565   565 D QSEECOMD: : Init gp_reqcancel_start ret = 0
12-31 19:00:16.595   565   565 D QSEECOMD: : gp request cancellation services: Started (Listener ID = 4352)
12-31 19:00:16.596   565   565 E QSEECOMD: : Listener: index = 9, hierarchy = 1
12-31 19:00:16.596   565   565 E QSEECOMD: : Init dlopen(libops.so, RLTD_NOW) is failed.... dlopen failed: library "libops.so" not found
12-31 19:00:16.596   565   565 D QSEECOMD: : QSEECOM DAEMON RUNNING 
12-31 19:00:16.657     0     0 I         : init.qti.qseeco (566) used greatest stack depth: 11520 bytes left
12-31 19:00:16.657     0     0 I init    : wait for '/dev/block/bootdevice/by-name/eloconf' took 0ms
12-31 19:00:16.661     0     0 I EXT4-fs (mmcblk0p38): recovery complete
12-31 19:00:16.661     0     0 I EXT4-fs (mmcblk0p38): mounted filesystem with ordered data mode. Opts: barrier=1
12-31 19:00:16.674   497   497 D QSEECOMAPI: QSEECom_get_handle sb_length = 0xa000
12-31 19:00:16.674   497   497 D QSEECOMAPI: App is already loaded QSEE and app id = 65537
12-31 19:00:16.675   497   497 E ion     : ioctl c0044901 failed with code -1: Not a typewriter
12-31 19:00:16.692   497   497 E KeymasterUtils: TA API Major Version: 4
12-31 19:00:16.692   497   497 E KeymasterUtils: TA API Minor Version: 0
12-31 19:00:16.692   497   497 E KeymasterUtils: TA Major Version: 4
12-31 19:00:16.692   497   497 E KeymasterUtils: TA Minor Version: 164
12-31 19:00:16.694   504   504 I Checkpoint: Validating checkpoint on /dev/block/bootdevice/by-name/userdata
12-31 19:00:16.694   584   584 I vdc     : vdc V 12-31 19:00:16   585   585 vdc.cpp:50] Waited 0ms for vold
12-31 19:00:16.695   504   504 E Checkpoint: No magic
12-31 19:00:16.695   584   584 I vdc     : vdc E 12-31 19:00:16   585   585 vdc.cpp:60] Failed: Status(22, 22): 'No magic'
12-31 19:00:16.696   584   584 I vdc     : vdc terminated by exit(25)
12-31 19:00:16.709   584   584 I vdc     : vdc V 12-31 19:00:16   586   586 vdc.cpp:50] Waited 0ms for vold
12-31 19:00:16.712   504   504 I ServiceManagement: getService: Trying again for android.hardware.boot@1.0::IBootControl/default...
12-31 19:00:16.718   497   497 I ServiceManagement: Registered android.hardware.keymaster@4.0::IKeymasterDevice/default (start delay of 5549ms)
12-31 19:00:16.718   582   582 D QSEECOMAPI: QSEECom_get_handle sb_length = 0xa000
12-31 19:00:16.718   497   497 I ServiceManagement: Removing namespace from process name android.hardware.keymaster@4.0-service-qti to keymaster@4.0-service-qti.
12-31 19:00:16.718   582   582 D QSEECOMAPI: App is already loaded QSEE and app id = 65537
12-31 19:00:16.718   582   582 E ion     : ioctl c0044901 failed with code -1: Not a typewriter
12-31 19:00:16.721   580   580 I ServiceManagement: Registered android.hardware.atrace@1.0::IAtraceDevice/default (start delay of 53ms)
12-31 19:00:16.722   580   580 I ServiceManagement: Removing namespace from process name android.hardware.atrace@1.0-service to atrace@1.0-service.
12-31 19:00:16.723   583   583 D         : cryptfshw: svc service starting.
12-31 19:00:16.723   581   581 I ServiceManagement: Registered android.hardware.boot@1.0::IBootControl/default (start delay of 54ms)
12-31 19:00:16.723   581   581 I ServiceManagement: Removing namespace from process name android.hardware.boot@1.0-service to boot@1.0-service.
12-31 19:00:16.723   581   581 I android.hardware.boot@1.0-service: Registration complete for android.hardware.boot@1.0::IBootControl/default.
12-31 19:00:16.724   583   583 I ServiceManagement: Registered vendor.qti.hardware.cryptfshw@1.0::ICryptfsHw/default (start delay of 55ms)
12-31 19:00:16.724   583   583 I ServiceManagement: Removing namespace from process name vendor.qti.hardware.cryptfshw@1.0-service-qti to cryptfshw@1.0-service-qti.
12-31 19:00:16.724   583   583 E         : Registered CryptfsHw HAL service success
12-31 19:00:16.725   582   582 E KeymasterUtils: TA API Major Version: 4
12-31 19:00:16.725   582   582 E KeymasterUtils: TA API Minor Version: 0
12-31 19:00:16.725   582   582 E KeymasterUtils: TA Major Version: 4
12-31 19:00:16.725   582   582 E KeymasterUtils: TA Minor Version: 164
12-31 19:00:16.729     0     0 W EXT4-fs (mmcblk0p75): Ignoring removed nomblk_io_submit option
12-31 19:00:16.731   582   582 I ServiceManagement: Registered android.hardware.gatekeeper@1.0::IGatekeeper/default (start delay of 63ms)
12-31 19:00:16.731   582   582 I ServiceManagement: Removing namespace from process name android.hardware.gatekeeper@1.0-service-qti to gatekeeper@1.0-service-qti.
12-31 19:00:16.731   582   582 I android.hardware.gatekeeper@1.0-service: Registration complete for android.hardware.gatekeeper@1.0::IGatekeeper/default.
12-31 19:00:16.810     0     0 I EXT4-fs (mmcblk0p75): 4 orphan inodes deleted
12-31 19:00:16.810     0     0 I EXT4-fs (mmcblk0p75): recovery complete
12-31 19:00:16.814     0     0 I EXT4-fs (mmcblk0p75): mounted filesystem with ordered data mode. Opts: errors=remount-ro,nomblk_io_submit
12-31 19:00:17.119     0     0 I oem-init: ro.persistent_properties.ready: getfail
12-31 19:00:17.166     0     0 I e2fsck  : e2fsck 1.44.4 (18-Aug-2018)
12-31 19:00:17.166     0     0 I e2fsck  : Pass 1: Checking inodes, blocks, and sizes
12-31 19:00:17.166     0     0 I e2fsck  : Pass 2: Checking directory structure
12-31 19:00:17.166     0     0 I e2fsck  : Pass 3: Checking directory connectivity
12-31 19:00:17.166     0     0 I e2fsck  : Pass 4: Checking reference counts
12-31 19:00:17.166     0     0 I e2fsck  : Pass 5: Checking group summary information
12-31 19:00:17.166     0     0 I e2fsck  : data: 3947/915712 files (2.4% non-contiguous), 180009/3662109 blocks
12-31 19:00:17.173     0     0 I EXT4-fs (mmcblk0p75): mounted filesystem with ordered data mode. Opts: barrier=1,noauto_da_alloc,discard,lazytime
12-31 19:00:17.202     0     0 D vdc     : Waited 0ms for vold
12-31 19:00:17.202   504   504 I Checkpoint: cp_prepareCheckpoint called
12-31 19:00:17.226     0     0 D vdc     : Waited 0ms for vold
12-31 19:00:17.226   504   504 I vold    : fscrypt_initialize_systemwide_keys
12-31 19:00:17.226   504   504 D vold    : Key exists, using: /data/unencrypted/key
12-31 19:00:17.231   495   495 I hwservicemanager: getTransport: Cannot find entry android.hardware.keymaster@3.0::IKeymasterDevice/default in either framework or device manifest.
12-31 19:00:17.231   504   504 I vold    : List of Keymaster HALs found:
12-31 19:00:17.231   504   504 I vold    : Keymaster HAL #1: Keymaster HAL: 4 from QTI SecurityLevel: TRUSTED_ENVIRONMENT HAL: android.hardware.keymaster@4.0::IKeymasterDevice/default
12-31 19:00:17.233   504   504 D vold    : Computing HMAC with params { (seed: 15de2cdd623ea2933a18746a729a3b2ccaef6ceddcf129a5ca6bf307f5ece67, nonce: 67656c87fbfbc381df5ab5bf0fed97127af9c263f0d36c745467a53ea384be) }
12-31 19:00:17.233   504   504 D vold    : Computing HMAC for Keymaster HAL: 4 from QTI SecurityLevel: TRUSTED_ENVIRONMENT HAL: android.hardware.keymaster@4.0::IKeymasterDevice/default
12-31 19:00:17.237   504   504 I vold    : Using Keymaster HAL: 4 from QTI for encryption.  Security level: TRUSTED_ENVIRONMENT, HAL: android.hardware.keymaster@4.0::IKeymasterDevice/default
12-31 19:00:17.247   504   504 D RefBase : RefBase: Explicit destruction, weak count = 0 (in 0x720d81eb68)
12-31 19:00:17.247   504   504 W RefBase : CallStack::getCurrentInternal not linked, returning null
12-31 19:00:17.247   504   504 W RefBase : CallStack::logStackInternal not linked
12-31 19:00:17.247   504   504 D vold    : Added key 321748741 (ext4:f990c2bec4062439) to keyring 694831007 in process 504
12-31 19:00:17.247   504   504 D vold    : Added key 189971688 (f2fs:f990c2bec4062439) to keyring 694831007 in process 504
12-31 19:00:17.247   504   504 D vold    : Added key 580752080 (fscrypt:f990c2bec4062439) to keyring 694831007 in process 504
12-31 19:00:17.253   504   504 I vold    : Wrote system DE key reference to:/data/unencrypted/ref
12-31 19:00:17.253   504   504 D vold    : Added key 429642682 (ext4:1639ea749d6c15e3) to keyring 694831007 in process 504
12-31 19:00:17.253   504   504 D vold    : Added key 76228772 (f2fs:1639ea749d6c15e3) to keyring 694831007 in process 504
12-31 19:00:17.253   504   504 D vold    : Added key 307711265 (fscrypt:1639ea749d6c15e3) to keyring 694831007 in process 504
12-31 19:00:17.257   504   504 I vold    : Wrote per boot key reference to:/data/unencrypted/per_boot_ref
12-31 19:00:17.261     0     0 I fscrypt : AES-256-CTS-CBC using implementation "cts(cbc-aes-ce)"
12-31 19:00:17.298   604   604 E fsverity_init: Failed to load /product/etc/security/fsverity/*.der
12-31 19:00:17.311   605   605 E /system/bin/mini-keyctl: Cannot find keyring id
12-31 19:00:17.327   606   606 E fsverity_init: Failed to restrict .fs-verity keyring
12-31 19:00:17.364   607   607 I apexd   : Marking APEXd as starting
12-31 19:00:17.364     0     0 I apexd   : Marking APEXd as starting
12-31 19:00:17.364   607   607 I apexd   : Scanning /system/apex for embedded keys
12-31 19:00:17.364     0     0 I apexd   : Scanning /system/apex for embedded keys
12-31 19:00:17.365   607   607 I apexd   : Scanning /product/apex for embedded keys
12-31 19:00:17.365     0     0 I apexd   : Scanning /product/apex for embedded keys
12-31 19:00:17.365   607   607 I apexd   : ... does not exist. Skipping
12-31 19:00:17.365   607   607 I apexd   : Populating APEX database from mounts...
12-31 19:00:17.365     0     0 I apexd   : ... does not exist. Skipping
12-31 19:00:17.365     0     0 I apexd   : Populating APEX database from mounts...
12-31 19:00:17.365   607   607 E apexd   : Failed to walk /product/apex : Can't open /product/apex for reading : No such file or directory
12-31 19:00:17.365     0     0 E apexd   : Failed to walk /product/apex : Can't open /product/apex for reading : No such file or directory
12-31 19:00:17.365   607   607 I apexd   : Found "/apex/com.android.tzdata@290000000"
12-31 19:00:17.366     0     0 I apexd   : Found "/apex/com.android.tzdata@290000000"
12-31 19:00:17.366   607   607 I apexd   : Found "/apex/com.android.runtime@1"
12-31 19:00:17.366     0     0 I apexd   : Found "/apex/com.android.runtime@1"
12-31 19:00:17.366   607   607 I apexd   : 2 packages restored.
12-31 19:00:17.366     0     0 I apexd   : 2 packages restored.
12-31 19:00:17.366   607   607 I apexd   : Scanning /data/apex/sessions looking for sessions to be activated.
12-31 19:00:17.366     0     0 I apexd   : Scanning /data/apex/sessions looking for sessions to be activated.
12-31 19:00:17.366   607   607 I apexd   : Scanning /data/apex/active looking for APEX packages.
12-31 19:00:17.366   607   607 I apexd   : Activated 0 packages. Skipped: 0
12-31 19:00:17.366   607   607 I apexd   : Scanning /system/apex looking for APEX packages.
12-31 19:00:17.367   607   607 I apexd   : Found /system/apex/com.android.media
12-31 19:00:17.367   607   607 V apexd   : Creating mount point: /apex/com.android.media@290000000
12-31 19:00:17.367   607   607 I apexd   : Successfully bind-mounted flattened package /system/apex/com.android.media on /apex/com.android.media@290000000
12-31 19:00:17.367   607   607 V apexd   : Creating bind-mount for /apex/com.android.media for /apex/com.android.media@290000000
12-31 19:00:17.367   607   607 V apexd   : Creating mountpoint /apex/com.android.media
12-31 19:00:17.367   607   607 V apexd   : Bind-mounting /apex/com.android.media@290000000 to /apex/com.android.media
12-31 19:00:17.367   607   607 D apexd   : Successfully activated /system/apex/com.android.media package_name: com.android.media version: 290000000
12-31 19:00:17.367   607   607 I apexd   : Found /system/apex/com.android.media.swcodec
12-31 19:00:17.367   607   607 V apexd   : Creating mount point: /apex/com.android.media.swcodec@290000000
12-31 19:00:17.367   607   607 I apexd   : Successfully bind-mounted flattened package /system/apex/com.android.media.swcodec on /apex/com.android.media.swcodec@290000000
12-31 19:00:17.367   607   607 V apexd   : Creating bind-mount for /apex/com.android.media.swcodec for /apex/com.android.media.swcodec@290000000
12-31 19:00:17.367   607   607 V apexd   : Creating mountpoint /apex/com.android.media.swcodec
12-31 19:00:17.367   607   607 V apexd   : Bind-mounting /apex/com.android.media.swcodec@290000000 to /apex/com.android.media.swcodec
12-31 19:00:17.367   607   607 D apexd   : Successfully activated /system/apex/com.android.media.swcodec package_name: com.android.media.swcodec version: 290000000
12-31 19:00:17.367   607   607 I apexd   : Found /system/apex/com.android.conscrypt
12-31 19:00:17.367   607   607 V apexd   : Creating mount point: /apex/com.android.conscrypt@290000000
12-31 19:00:17.367   607   607 I apexd   : Successfully bind-mounted flattened package /system/apex/com.android.conscrypt on /apex/com.android.conscrypt@290000000
12-31 19:00:17.367   607   607 V apexd   : Creating bind-mount for /apex/com.android.conscrypt for /apex/com.android.conscrypt@290000000
12-31 19:00:17.367   607   607 V apexd   : Creating mountpoint /apex/com.android.conscrypt
12-31 19:00:17.367   607   607 V apexd   : Bind-mounting /apex/com.android.conscrypt@290000000 to /apex/com.android.conscrypt
12-31 19:00:17.367   607   607 D apexd   : Successfully activated /system/apex/com.android.conscrypt package_name: com.android.conscrypt version: 290000000
12-31 19:00:17.367   607   607 I apexd   : Found /system/apex/com.android.tzdata
12-31 19:00:17.367   607   607 I apexd   : Skipping activation of /system/apex/com.android.tzdata same package with higher version 290000000 is already active
12-31 19:00:17.367   607   607 I apexd   : Found /system/apex/com.android.runtime.debug
12-31 19:00:17.368   607   607 I apexd   : Skipping activation of /system/apex/com.android.runtime.debug same package with higher version 1 is already active
12-31 19:00:17.368   607   607 I apexd   : Found /system/apex/com.android.resolv
12-31 19:00:17.368   607   607 V apexd   : Creating mount point: /apex/com.android.resolv@290000000
12-31 19:00:17.368   607   607 I apexd   : Successfully bind-mounted flattened package /system/apex/com.android.resolv on /apex/com.android.resolv@290000000
12-31 19:00:17.368   607   607 V apexd   : Creating bind-mount for /apex/com.android.resolv for /apex/com.android.resolv@290000000
12-31 19:00:17.368   607   607 V apexd   : Creating mountpoint /apex/com.android.resolv
12-31 19:00:17.368   607   607 V apexd   : Bind-mounting /apex/com.android.resolv@290000000 to /apex/com.android.resolv
12-31 19:00:17.368   607   607 D apexd   : Successfully activated /system/apex/com.android.resolv package_name: com.android.resolv version: 290000000
12-31 19:00:17.368   607   607 I apexd   : Activated 4 packages. Skipped: 2
12-31 19:00:17.368   607   607 I apexd   : Scanning /product/apex looking for APEX packages.
12-31 19:00:17.368   607   607 E apexd   : Failed to activate packages from /product/apex : Failed to scan /product/apex : Can't open /product/apex for reading : No such file or directory
12-31 19:00:17.368   607   607 I apexd   : Marking APEXd as ready
12-31 19:00:17.432     0     0 W         : init (pid 1) is setting deprecated v1 encryption policy; recommend upgrading to v2.
12-31 19:00:17.458     0     0 D vdc     : Waited 0ms for vold
12-31 19:00:17.458   504   504 D vold    : fscrypt_init_user0
12-31 19:00:17.459   504   504 D vold    : Preparing: /data/misc/vold/user_keys
12-31 19:00:17.459   504   504 D vold    : Preparing: /data/misc/vold/user_keys/ce
12-31 19:00:17.460   504   504 D vold    : Preparing: /data/misc/vold/user_keys/de
12-31 19:00:17.464   495   495 I hwservicemanager: getTransport: Cannot find entry android.hardware.keymaster@3.0::IKeymasterDevice/default in either framework or device manifest.
12-31 19:00:17.464   504   504 I vold    : List of Keymaster HALs found:
12-31 19:00:17.464   504   504 I vold    : Keymaster HAL #1: Keymaster HAL: 4 from QTI SecurityLevel: TRUSTED_ENVIRONMENT HAL: android.hardware.keymaster@4.0::IKeymasterDevice/default
12-31 19:00:17.464   504   504 I vold    : Using Keymaster HAL: 4 from QTI for encryption.  Security level: TRUSTED_ENVIRONMENT, HAL: android.hardware.keymaster@4.0::IKeymasterDevice/default
12-31 19:00:17.474   504   504 D RefBase : RefBase: Explicit destruction, weak count = 0 (in 0x720d81e9e8)
12-31 19:00:17.474   504   504 W RefBase : CallStack::getCurrentInternal not linked, returning null
12-31 19:00:17.474   504   504 W RefBase : CallStack::logStackInternal not linked
12-31 19:00:17.474   504   504 D vold    : Added key 1041036129 (ext4:28fc0b578ec3ed31) to keyring 694831007 in process 504
12-31 19:00:17.475   504   504 D vold    : Added key 152105643 (f2fs:28fc0b578ec3ed31) to keyring 694831007 in process 504
12-31 19:00:17.475   504   504 D vold    : Added key 222630203 (fscrypt:28fc0b578ec3ed31) to keyring 694831007 in process 504
12-31 19:00:17.475   504   504 D vold    : Installed de key for user 0
12-31 19:00:17.475   504   504 D vold    : Skipping non-de-key .
12-31 19:00:17.475   504   504 D vold    : Skipping non-de-key ..
12-31 19:00:17.475   504   504 D vold    : fscrypt_prepare_user_storage for volume null, user 0, serial 0, flags 1
12-31 19:00:17.475   504   504 D vold    : Preparing: /data/system/users/0
12-31 19:00:17.475   504   504 D vold    : Preparing: /data/misc/profiles/cur/0
12-31 19:00:17.476   504   504 D vold    : Preparing: /data/system_de/0
12-31 19:00:17.476   504   504 D vold    : Preparing: /data/misc_de/0
12-31 19:00:17.476   504   504 D vold    : Preparing: /data/vendor_de/0
12-31 19:00:17.477   504   504 D vold    : Preparing: /data/user_de/0
12-31 19:00:17.477   504   504 I vold    : Found policy 28fc0b578ec3ed31 at /data/system_de/0 which matches expected value
12-31 19:00:17.478   504   504 I vold    : Found policy 28fc0b578ec3ed31 at /data/misc_de/0 which matches expected value
12-31 19:00:17.478   504   504 I vold    : Found policy 28fc0b578ec3ed31 at /data/vendor_de/0 which matches expected value
12-31 19:00:17.480   504   504 I vold    : Found policy 28fc0b578ec3ed31 at /data/user_de/0 which matches expected value
12-31 19:00:17.480   504   504 D vold    : /system/bin/vold_prepare_subdirs
12-31 19:00:17.480   504   504 D vold    :     prepare
12-31 19:00:17.480   504   504 D vold    :     
12-31 19:00:17.480   504   504 D vold    :     0
12-31 19:00:17.480   504   504 D vold    :     1
12-31 19:00:17.512   611   611 D vold_prepare_subdirs: Setting up mode 700 uid 0 gid 0 context u:object_r:vold_data_file:s0 on path: /data/misc_de/0/vold
12-31 19:00:17.513   611   611 D vold_prepare_subdirs: Setting up mode 700 uid 0 gid 0 context u:object_r:storaged_data_file:s0 on path: /data/misc_de/0/storaged
12-31 19:00:17.514   611   611 D vold_prepare_subdirs: Setting up mode 700 uid 0 gid 0 context u:object_r:rollback_data_file:s0 on path: /data/misc_de/0/rollback
12-31 19:00:17.515   611   611 D vold_prepare_subdirs: Setting up mode 700 uid 1000 gid 1000 context u:object_r:fingerprint_vendor_data_file:s0 on path: /data/vendor_de/0/fpdata
