12-31 19:00:20.267   666   766 V msm8974_platform: platform_set_parameters: enter: true_32_bit=true
12-31 19:00:20.267   666   766 D audio_hw_hfp: hfp_set_parameters: enter
12-31 19:00:20.267   666   766 V msm8974_platform: platform_set_parameters: enter: native_audio_mode=true
12-31 19:00:20.267   666   766 D msm8974_platform: native_audio_set_params:napb updating mode (2) from XML
12-31 19:00:20.267   666   766 D msm8974_platform: platform_set_native_support:napb: native audio playback enabled in (True) mode
12-31 19:00:20.267   666   766 D audio_hw_hfp: hfp_set_parameters: enter
12-31 19:00:20.267   666   766 V msm8974_platform: platform_set_parameters: enter: native_audio_mode=true;hfp_pcm_dev_id=39
12-31 19:00:20.267   666   766 D msm8974_platform: native_audio_set_params:napb updating mode (2) from XML
12-31 19:00:20.267   666   766 D msm8974_platform: platform_set_native_support:napb: native audio playback enabled in (True) mode
12-31 19:00:20.267   666   766 D audio_hw_hfp: hfp_set_parameters: enter
12-31 19:00:20.267   666   766 D audio_hw_hfp: Updating HFP_PCM_DEV_ID as 39 from platform XML
12-31 19:00:20.267   666   766 V msm8974_platform: platform_set_parameters: enter: native_audio_mode=true;input_mic_max_count=2
12-31 19:00:20.267   666   766 D msm8974_platform: native_audio_set_params:napb updating mode (2) from XML
12-31 19:00:20.267   666   766 D msm8974_platform: platform_set_native_support:napb: native audio playback enabled in (True) mode
12-31 19:00:20.267   666   766 D audio_hw_hfp: hfp_set_parameters: enter
12-31 19:00:20.268   666   766 D msm8974_platform: platform_set_snd_device_backend: backend_tag_table[headphones]: old = null new = headphones
12-31 19:00:20.268   666   766 D msm8974_platform: platform_set_snd_device_backend: hw_interface_table[9] = INT0_MI2S_RX
12-31 19:00:20.268   666   766 D msm8974_platform: platform_set_snd_device_backend: backend_tag_table[bt-sco-headset-wb]: old = bt-sco-wb new = bt-sco-wb
12-31 19:00:20.268   666   766 D msm8974_platform: platform_set_snd_device_backend: hw_interface_table[34] = SLIMBUS_7_RX
12-31 19:00:20.268   666   766 D msm8974_platform: platform_set_snd_device_backend: backend_tag_table[bt-sco-headset]: old = bt-sco new = bt-sco
12-31 19:00:20.268   666   766 D msm8974_platform: platform_set_snd_device_backend: hw_interface_table[33] = SLIMBUS_7_RX
12-31 19:00:20.268   666   766 D msm8974_platform: platform_set_snd_device_backend: backend_tag_table[bt-a2dp]: old = bt-a2dp new = bt-a2dp
12-31 19:00:20.268   666   766 D msm8974_platform: platform_set_snd_device_backend: hw_interface_table[36] = SLIMBUS_7_RX
12-31 19:00:20.268   666   766 D msm8974_platform: platform_set_snd_device_backend: backend_tag_table[line]: old = null new = headphones
12-31 19:00:20.268   666   766 D msm8974_platform: platform_set_snd_device_backend: hw_interface_table[8] = INT0_MI2S_RX
12-31 19:00:20.268   666   766 D msm8974_platform: platform_set_snd_device_backend: backend_tag_table[anc-headphones]: old = null new = headphones
12-31 19:00:20.268   666   766 D msm8974_platform: platform_set_snd_device_backend: hw_interface_table[69] = INT0_MI2S_RX
12-31 19:00:20.268   666   766 D msm8974_platform: platform_set_snd_device_backend: backend_tag_table[speaker-and-headphones]: old = null new = speaker-and-headphones
12-31 19:00:20.268   666   766 D msm8974_platform: platform_set_snd_device_backend: hw_interface_table[13] = INT4_MI2S_RX-and-INT0_MI2S_RX
12-31 19:00:20.268   666   766 D msm8974_platform: platform_set_snd_device_backend: backend_tag_table[speaker-and-line]: old = null new = speaker-and-headphones
12-31 19:00:20.268   666   766 D msm8974_platform: platform_set_snd_device_backend: hw_interface_table[16] = INT4_MI2S_RX-and-INT0_MI2S_RX
12-31 19:00:20.268   666   766 D msm8974_platform: platform_set_snd_device_backend: backend_tag_table[speaker-and-anc-headphones]: old = null new = speaker-and-headphones
12-31 19:00:20.268   666   766 D msm8974_platform: platform_set_snd_device_backend: hw_interface_table[73] = INT4_MI2S_RX-and-INT0_MI2S_RX
12-31 19:00:20.268   666   766 D msm8974_platform: platform_set_snd_device_backend: backend_tag_table[voice-headphones]: old = null new = headphones
12-31 19:00:20.268   666   766 D msm8974_platform: platform_set_snd_device_backend: hw_interface_table[26] = INT0_MI2S_RX
12-31 19:00:20.268   666   766 D msm8974_platform: platform_set_snd_device_backend: backend_tag_table[voice-anc-headphones]: old = null new = headphones
12-31 19:00:20.268   666   766 D msm8974_platform: platform_set_snd_device_backend: hw_interface_table[71] = INT0_MI2S_RX
12-31 19:00:20.268   666   766 D msm8974_platform: platform_set_snd_device_backend: backend_tag_table[voice-line]: old = null new = headphones
12-31 19:00:20.268   666   766 D msm8974_platform: platform_set_snd_device_backend: hw_interface_table[28] = INT0_MI2S_RX
12-31 19:00:20.268   666   766 D msm8974_platform: platform_set_snd_device_backend: backend_tag_table[voice-tty-full-headphones]: old = null new = headphones
12-31 19:00:20.268   666   766 D msm8974_platform: platform_set_snd_device_backend: hw_interface_table[49] = INT0_MI2S_RX
12-31 19:00:20.268   666   766 D msm8974_platform: platform_set_snd_device_backend: backend_tag_table[voice-tty-vco-headphones]: old = null new = headphones
12-31 19:00:20.268   666   766 D msm8974_platform: platform_set_snd_device_backend: hw_interface_table[51] = INT0_MI2S_RX
12-31 19:00:20.268   666   766 D msm8974_platform: platform_set_snd_device_backend: backend_tag_table[handset]: old = null new = (null)
12-31 19:00:20.268   666   766 D msm8974_platform: platform_set_snd_device_backend: hw_interface_table[1] = INT4_MI2S_RX
12-31 19:00:20.268   666   766 D msm8974_platform: platform_set_snd_device_backend: backend_tag_table[speaker]: old = null new = (null)
12-31 19:00:20.268   666   766 D msm8974_platform: platform_set_snd_device_backend: hw_interface_table[2] = INT4_MI2S_RX
12-31 19:00:20.268   666   766 D msm8974_platform: platform_set_snd_device_backend: backend_tag_table[speaker-ext-1]: old = null new = (null)
12-31 19:00:20.268   666   766 D msm8974_platform: platform_set_snd_device_backend: hw_interface_table[3] = INT4_MI2S_RX
12-31 19:00:20.268   666   766 D msm8974_platform: platform_set_snd_device_backend: backend_tag_table[speaker-ext-2]: old = null new = (null)
12-31 19:00:20.268   666   766 D msm8974_platform: platform_set_snd_device_backend: hw_interface_table[4] = INT4_MI2S_RX
12-31 19:00:20.268   666   766 D msm8974_platform: platform_set_snd_device_backend: backend_tag_table[speaker-reverse]: old = null new = (null)
12-31 19:00:20.268   666   766 D msm8974_platform: platform_set_snd_device_backend: hw_interface_table[5] = INT4_MI2S_RX
12-31 19:00:20.268   666   766 D msm8974_platform: platform_set_snd_device_backend: backend_tag_table[speaker-vbat]: old = null new = (null)
12-31 19:00:20.268   666   766 D msm8974_platform: platform_set_snd_device_backend: hw_interface_table[7] = INT4_MI2S_RX
12-31 19:00:20.268   666   766 D msm8974_platform: platform_set_snd_device_backend: backend_tag_table[speaker-and-headphones-ext-1]: old = null new = (null)
12-31 19:00:20.268   666   766 D msm8974_platform: platform_set_snd_device_backend: hw_interface_table[18] = INT4_MI2S_RX-and-INT0_MI2S_RX
12-31 19:00:20.268   666   766 D msm8974_platform: platform_set_snd_device_backend: backend_tag_table[speaker-and-headphones-ext-2]: old = null new = (null)
12-31 19:00:20.268   666   766 D msm8974_platform: platform_set_snd_device_backend: hw_interface_table[19] = INT4_MI2S_RX-and-INT0_MI2S_RX
12-31 19:00:20.268   666   766 D msm8974_platform: platform_set_snd_device_backend: backend_tag_table[voice-handset]: old = null new = (null)
12-31 19:00:20.268   666   766 D msm8974_platform: platform_set_snd_device_backend: hw_interface_table[20] = INT4_MI2S_RX
12-31 19:00:20.268   666   766 D msm8974_platform: platform_set_snd_device_backend: backend_tag_table[voice-speaker]: old = null new = (null)
12-31 19:00:20.268   666   766 D msm8974_platform: platform_set_snd_device_backend: hw_interface_table[21] = INT4_MI2S_RX
12-31 19:00:20.268   666   766 D msm8974_platform: platform_set_snd_device_backend: backend_tag_table[voice-speaker-vbat]: old = voice-speaker-vbat new = (null)
12-31 19:00:20.268   666   766 D msm8974_platform: platform_set_snd_device_backend: hw_interface_table[23] = INT4_MI2S_RX
12-31 19:00:20.268   666   766 D msm8974_platform: platform_set_snd_device_backend: backend_tag_table[voice-speaker-2]: old = null new = (null)
12-31 19:00:20.269   666   766 D msm8974_platform: platform_set_snd_device_backend: hw_interface_table[24] = INT4_MI2S_RX
12-31 19:00:20.269   666   766 D msm8974_platform: platform_set_snd_device_backend: backend_tag_table[voice-speaker-2-vbat]: old = voice-speaker-2-vbat new = (null)
12-31 19:00:20.269   666   766 D msm8974_platform: platform_set_snd_device_backend: hw_interface_table[25] = INT4_MI2S_RX
12-31 19:00:20.269   666   766 D msm8974_platform: platform_set_snd_device_backend: backend_tag_table[speaker-and-hdmi]: old = speaker-and-hdmi new = (null)
12-31 19:00:20.269   666   766 D msm8974_platform: platform_set_snd_device_backend: hw_interface_table[30] = INT4_MI2S_RX-and-HDMI
12-31 19:00:20.269   666   766 D msm8974_platform: platform_set_snd_device_backend: backend_tag_table[speaker-and-display-port]: old = speaker-and-display-port new = (null)
12-31 19:00:20.269   666   766 D msm8974_platform: platform_set_snd_device_backend: hw_interface_table[32] = INT4_MI2S_RX-and-DISPLAY_PORT
12-31 19:00:20.269   666   766 D msm8974_platform: platform_set_snd_device_backend: backend_tag_table[speaker-and-bt-sco]: old = null new = speaker-and-bt-sco
12-31 19:00:20.269   666   766 D msm8974_platform: platform_set_snd_device_backend: hw_interface_table[40] = SLIMBUS_0_RX-and-SLIMBUS_7_RX
12-31 19:00:20.269   666   766 D msm8974_platform: platform_set_snd_device_backend: backend_tag_table[speaker-and-bt-sco-wb]: old = null new = speaker-and-bt-sco-wb
12-31 19:00:20.269   666   766 D msm8974_platform: platform_set_snd_device_backend: hw_interface_table[42] = SLIMBUS_0_RX-and-SLIMBUS_7_RX
12-31 19:00:20.269   666   766 D msm8974_platform: platform_set_snd_device_backend: backend_tag_table[speaker-and-bt-a2dp]: old = speaker-and-bt-a2dp new = (null)
12-31 19:00:20.269   666   766 D msm8974_platform: platform_set_snd_device_backend: hw_interface_table[37] = INT4_MI2S_RX-and-SLIMBUS_7_RX
12-31 19:00:20.269   666   766 D msm8974_platform: platform_set_snd_device_backend: backend_tag_table[voice-tty-hco-handset]: old = null new = (null)
12-31 19:00:20.269   666   766 D msm8974_platform: platform_set_snd_device_backend: hw_interface_table[53] = INT4_MI2S_RX
12-31 19:00:20.269   666   766 D msm8974_platform: platform_set_snd_device_backend: backend_tag_table[anc-fb-headphones]: old = null new = (null)
12-31 19:00:20.269   666   766 D msm8974_platform: platform_set_snd_device_backend: hw_interface_table[70] = INT0_MI2S_RX
12-31 19:00:20.269   666   766 D msm8974_platform: platform_set_snd_device_backend: backend_tag_table[voice-anc-fb-headphones]: old = null new = (null)
12-31 19:00:20.269   666   766 D msm8974_platform: platform_set_snd_device_backend: hw_interface_table[72] = INT0_MI2S_RX
12-31 19:00:20.269   666   766 D msm8974_platform: platform_set_snd_device_backend: backend_tag_table[anc-handset]: old = null new = (null)
12-31 19:00:20.269   666   766 D msm8974_platform: platform_set_snd_device_backend: hw_interface_table[75] = INT4_MI2S_RX
12-31 19:00:20.269   666   766 D msm8974_platform: platform_set_snd_device_backend: backend_tag_table[speaker-protected]: old = null new = (null)
12-31 19:00:20.269   666   766 D msm8974_platform: platform_set_snd_device_backend: hw_interface_table[76] = INT4_MI2S_RX
12-31 19:00:20.269   666   766 D msm8974_platform: platform_set_snd_device_backend: backend_tag_table[voice-speaker-protected]: old = null new = (null)
12-31 19:00:20.269   666   766 D msm8974_platform: platform_set_snd_device_backend: hw_interface_table[77] = INT4_MI2S_RX
12-31 19:00:20.269   666   766 D msm8974_platform: platform_set_snd_device_backend: backend_tag_table[voice-speaker-2-protected]: old = null new = (null)
12-31 19:00:20.269   666   766 D msm8974_platform: platform_set_snd_device_backend: hw_interface_table[78] = INT4_MI2S_RX
12-31 19:00:20.269   666   766 D msm8974_platform: platform_set_snd_device_backend: backend_tag_table[speaker-protected-vbat]: old = null new = (null)
12-31 19:00:20.269   666   766 D msm8974_platform: platform_set_snd_device_backend: hw_interface_table[80] = INT4_MI2S_RX
12-31 19:00:20.269   666   766 D msm8974_platform: platform_set_snd_device_backend: backend_tag_table[voice-speaker-protected-vbat]: old = null new = (null)
12-31 19:00:20.269   666   766 D msm8974_platform: platform_set_snd_device_backend: hw_interface_table[81] = INT4_MI2S_RX
12-31 19:00:20.269   666   766 D msm8974_platform: platform_set_snd_device_backend: backend_tag_table[voice-speaker-2-protected-vbat]: old = null new = (null)
12-31 19:00:20.269   666   766 D msm8974_platform: platform_set_snd_device_backend: hw_interface_table[82] = INT4_MI2S_RX
12-31 19:00:20.269   666   766 D msm8974_platform: platform_set_snd_device_backend: backend_tag_table[wsa-speaker]: old = null new = (null)
12-31 19:00:20.269   666   766 D msm8974_platform: platform_set_snd_device_backend: hw_interface_table[83] = INT4_MI2S_RX
12-31 19:00:20.269   666   766 D msm8974_platform: platform_set_snd_device_backend: backend_tag_table[wsa-voice-speaker]: old = null new = (null)
12-31 19:00:20.269   666   766 D msm8974_platform: platform_set_snd_device_backend: hw_interface_table[84] = INT4_MI2S_RX
12-31 19:00:20.269   666   766 D msm8974_platform: platform_set_snd_device_backend: backend_tag_table[wsa-voice-speaker-2]: old = null new = (null)
12-31 19:00:20.269   666   766 D msm8974_platform: platform_set_snd_device_backend: hw_interface_table[85] = INT4_MI2S_RX
12-31 19:00:20.269   666   766 D msm8974_platform: platform_set_snd_device_backend: backend_tag_table[handset-mic]: old = null new = (null)
12-31 19:00:20.269   666   766 D msm8974_platform: platform_set_snd_device_backend: hw_interface_table[102] = INT3_MI2S_TX
12-31 19:00:20.269   666   766 D msm8974_platform: platform_set_snd_device_backend: backend_tag_table[handset-mic-ext]: old = null new = (null)
12-31 19:00:20.269   666   766 D msm8974_platform: platform_set_snd_device_backend: hw_interface_table[104] = INT3_MI2S_TX
12-31 19:00:20.269   666   766 D msm8974_platform: platform_set_snd_device_backend: backend_tag_table[handset-mic]: old = null new = (null)
12-31 19:00:20.269   666   766 D msm8974_platform: platform_set_snd_device_backend: hw_interface_table[105] = INT3_MI2S_TX
12-31 19:00:20.269   666   766 D msm8974_platform: platform_set_snd_device_backend: backend_tag_table[handset-mic]: old = null new = (null)
12-31 19:00:20.269   666   766 D msm8974_platform: platform_set_snd_device_backend: hw_interface_table[107] = INT3_MI2S_TX
12-31 19:00:20.269   666   766 D msm8974_platform: platform_set_snd_device_backend: backend_tag_table[handset-mic]: old = null new = (null)
12-31 19:00:20.269   666   766 D msm8974_platform: platform_set_snd_device_backend: hw_interface_table[109] = INT3_MI2S_TX
12-31 19:00:20.269   666   766 D msm8974_platform: platform_set_snd_device_backend: backend_tag_table[dmic-endfire]: old = null new = (null)
12-31 19:00:20.269   666   766 D msm8974_platform: platform_set_snd_device_backend: hw_interface_table[111] = INT3_MI2S_TX
12-31 19:00:20.269   666   766 D msm8974_platform: platform_set_snd_device_backend: backend_tag_table[dmic-endfire]: old = null new = (null)
12-31 19:00:20.269   666   766 D msm8974_platform: platform_set_snd_device_backend: hw_interface_table[112] = INT3_MI2S_TX
12-31 19:00:20.269   666   766 D msm8974_platform: platform_set_snd_device_backend: backend_tag_table[dmic-endfire]: old = null new = (null)
12-31 19:00:20.269   666   766 D msm8974_platform: platform_set_snd_device_backend: hw_interface_table[114] = INT3_MI2S_TX
12-31 19:00:20.269   666   766 D msm8974_platform: platform_set_snd_device_backend: backend_tag_table[dmic-endfire]: old = null new = (null)
12-31 19:00:20.270   666   766 D msm8974_platform: platform_set_snd_device_backend: hw_interface_table[116] = INT3_MI2S_TX
12-31 19:00:20.270   666   766 D msm8974_platform: platform_set_snd_device_backend: backend_tag_table[speaker-mic]: old = null new = (null)
12-31 19:00:20.270   666   766 D msm8974_platform: platform_set_snd_device_backend: hw_interface_table[118] = INT3_MI2S_TX
12-31 19:00:20.270   666   766 D msm8974_platform: platform_set_snd_device_backend: backend_tag_table[speaker-mic]: old = null new = (null)
12-31 19:00:20.270   666   766 D msm8974_platform: platform_set_snd_device_backend: hw_interface_table[120] = INT3_MI2S_TX
12-31 19:00:20.270   666   766 D msm8974_platform: platform_set_snd_device_backend: backend_tag_table[speaker-mic]: old = null new = (null)
12-31 19:00:20.270   666   766 D msm8974_platform: platform_set_snd_device_backend: hw_interface_table[122] = INT3_MI2S_TX
12-31 19:00:20.270   666   766 D msm8974_platform: platform_set_snd_device_backend: backend_tag_table[speaker-mic]: old = null new = (null)
12-31 19:00:20.270   666   766 D msm8974_platform: platform_set_snd_device_backend: hw_interface_table[124] = INT3_MI2S_TX
12-31 19:00:20.270   666   766 D msm8974_platform: platform_set_snd_device_backend: backend_tag_table[speaker-dmic-endfire]: old = null new = (null)
12-31 19:00:20.270   666   766 D msm8974_platform: platform_set_snd_device_backend: hw_interface_table[126] = INT3_MI2S_TX
12-31 19:00:20.270   666   766 D msm8974_platform: platform_set_snd_device_backend: backend_tag_table[speaker-dmic-endfire]: old = null new = (null)
12-31 19:00:20.270   666   766 D msm8974_platform: platform_set_snd_device_backend: hw_interface_table[127] = INT3_MI2S_TX
12-31 19:00:20.270   666   766 D msm8974_platform: platform_set_snd_device_backend: backend_tag_table[speaker-dmic-endfire]: old = null new = (null)
12-31 19:00:20.270   666   766 D msm8974_platform: platform_set_snd_device_backend: hw_interface_table[129] = INT3_MI2S_TX
12-31 19:00:20.270   666   766 D msm8974_platform: platform_set_snd_device_backend: backend_tag_table[speaker-dmic-endfire]: old = null new = (null)
12-31 19:00:20.270   666   766 D msm8974_platform: platform_set_snd_device_backend: hw_interface_table[131] = INT3_MI2S_TX
12-31 19:00:20.270   666   766 D msm8974_platform: platform_set_snd_device_backend: backend_tag_table[headset-mic]: old = null new = (null)
12-31 19:00:20.270   666   766 D msm8974_platform: platform_set_snd_device_backend: hw_interface_table[133] = INT3_MI2S_TX
12-31 19:00:20.270   666   766 D msm8974_platform: platform_set_snd_device_backend: backend_tag_table[headset-mic]: old = null new = (null)
12-31 19:00:20.270   666   766 D msm8974_platform: platform_set_snd_device_backend: hw_interface_table[135] = INT3_MI2S_TX
12-31 19:00:20.270   666   766 D msm8974_platform: platform_set_snd_device_backend: backend_tag_table[voice-speaker-mic]: old = null new = (null)
12-31 19:00:20.270   666   766 D msm8974_platform: platform_set_snd_device_backend: hw_interface_table[136] = INT3_MI2S_TX
12-31 19:00:20.270   666   766 D msm8974_platform: platform_set_snd_device_backend: backend_tag_table[voice-headset-mic]: old = null new = (null)
12-31 19:00:20.270   666   766 D msm8974_platform: platform_set_snd_device_backend: hw_interface_table[139] = INT3_MI2S_TX
12-31 19:00:20.270   666   766 D msm8974_platform: platform_set_snd_device_backend: backend_tag_table[hdmi-in]: old = hdmi-in new = (null)
12-31 19:00:20.270   666   766 D msm8974_platform: platform_set_snd_device_backend: hw_interface_table[141] = HDMI
12-31 19:00:20.270   666   766 D msm8974_platform: platform_set_snd_device_backend: backend_tag_table[bt-sco-mic]: old = bt-sco new = (null)
12-31 19:00:20.270   666   766 D msm8974_platform: platform_set_snd_device_backend: hw_interface_table[143] = SLIMBUS_7_TX
12-31 19:00:20.270   666   766 D msm8974_platform: platform_set_snd_device_backend: backend_tag_table[bt-sco-mic]: old = bt-sco new = (null)
12-31 19:00:20.270   666   766 D msm8974_platform: platform_set_snd_device_backend: hw_interface_table[144] = SLIMBUS_7_TX
12-31 19:00:20.270   666   766 D msm8974_platform: platform_set_snd_device_backend: backend_tag_table[bt-sco-mic-wb]: old = bt-sco-wb new = (null)
12-31 19:00:20.270   666   766 D msm8974_platform: platform_set_snd_device_backend: hw_interface_table[145] = SLIMBUS_7_TX
12-31 19:00:20.270   666   766 D msm8974_platform: platform_set_snd_device_backend: backend_tag_table[bt-sco-mic-wb]: old = bt-sco-wb new = (null)
12-31 19:00:20.270   666   766 D msm8974_platform: platform_set_snd_device_backend: hw_interface_table[146] = SLIMBUS_7_TX
12-31 19:00:20.270   666   766 D msm8974_platform: platform_set_snd_device_backend: backend_tag_table[camcorder-mic]: old = null new = (null)
12-31 19:00:20.270   666   766 D msm8974_platform: platform_set_snd_device_backend: hw_interface_table[150] = INT3_MI2S_TX
12-31 19:00:20.270   666   766 D msm8974_platform: platform_set_snd_device_backend: backend_tag_table[voice-dmic-ef]: old = null new = (null)
12-31 19:00:20.270   666   766 D msm8974_platform: platform_set_snd_device_backend: hw_interface_table[151] = INT3_MI2S_TX
12-31 19:00:20.270   666   766 D msm8974_platform: platform_set_snd_device_backend: backend_tag_table[voice-speaker-dmic-ef]: old = null new = (null)
12-31 19:00:20.270   666   766 D msm8974_platform: platform_set_snd_device_backend: hw_interface_table[154] = INT3_MI2S_TX
12-31 19:00:20.270   666   766 D msm8974_platform: platform_set_snd_device_backend: backend_tag_table[voice-speaker-qmic]: old = null new = (null)
12-31 19:00:20.270   666   766 D msm8974_platform: platform_set_snd_device_backend: hw_interface_table[157] = INT3_MI2S_TX
12-31 19:00:20.270   666   766 D msm8974_platform: platform_set_snd_device_backend: backend_tag_table[voice-tty-full-headset-mic]: old = null new = (null)
12-31 19:00:20.270   666   766 D msm8974_platform: platform_set_snd_device_backend: hw_interface_table[158] = INT3_MI2S_TX
12-31 19:00:20.270   666   766 D msm8974_platform: platform_set_snd_device_backend: backend_tag_table[voice-tty-vco-handset-mic]: old = null new = (null)
12-31 19:00:20.270   666   766 D msm8974_platform: platform_set_snd_device_backend: hw_interface_table[159] = INT3_MI2S_TX
12-31 19:00:20.270   666   766 D msm8974_platform: platform_set_snd_device_backend: backend_tag_table[voice-tty-hco-headset-mic]: old = null new = (null)
12-31 19:00:20.270   666   766 D msm8974_platform: platform_set_snd_device_backend: hw_interface_table[160] = INT3_MI2S_TX
12-31 19:00:20.271   666   766 D msm8974_platform: platform_set_snd_device_backend: backend_tag_table[voice-rec-mic]: old = null new = (null)
12-31 19:00:20.271   666   766 D msm8974_platform: platform_set_snd_device_backend: hw_interface_table[163] = INT3_MI2S_TX
12-31 19:00:20.271   666   766 D msm8974_platform: platform_set_snd_device_backend: backend_tag_table[voice-rec-mic]: old = null new = (null)
12-31 19:00:20.271   666   766 D msm8974_platform: platform_set_snd_device_backend: hw_interface_table[164] = INT3_MI2S_TX
12-31 19:00:20.271   666   766 D msm8974_platform: platform_set_snd_device_backend: backend_tag_table[voice-rec-dmic-ef]: old = null new = (null)
12-31 19:00:20.271   666   766 D msm8974_platform: platform_set_snd_device_backend: hw_interface_table[167] = INT3_MI2S_TX
12-31 19:00:20.271   666   766 D msm8974_platform: platform_set_snd_device_backend: backend_tag_table[voice-rec-dmic-ef-fluence]: old = null new = (null)
12-31 19:00:20.271   666   766 D msm8974_platform: platform_set_snd_device_backend: hw_interface_table[168] = INT3_MI2S_TX
12-31 19:00:20.271   666   766 D msm8974_platform: platform_set_snd_device_backend: backend_tag_table[aanc-handset-mic]: old = null new = (null)
12-31 19:00:20.271   666   766 D msm8974_platform: platform_set_snd_device_backend: hw_interface_table[181] = INT3_MI2S_TX
12-31 19:00:20.271   666   766 D msm8974_platform: platform_set_snd_device_backend: backend_tag_table[quad-mic]: old = null new = (null)
12-31 19:00:20.271   666   766 D msm8974_platform: platform_set_snd_device_backend: hw_interface_table[182] = INT3_MI2S_TX
12-31 19:00:20.271   666   766 E msm8974_platform: find_index: Could not find index for name = SND_DEVICE_IN_HANDSET_STEREO_DMIC
12-31 19:00:20.271   666   766 E platform_info: process_backend_name: Device SND_DEVICE_IN_HANDSET_STEREO_DMIC not found, no ACDB ID set!
12-31 19:00:20.271   666   766 E msm8974_platform: find_index: Could not find index for name = SND_DEVICE_IN_SPEAKER_STEREO_DMIC
12-31 19:00:20.271   666   766 E platform_info: process_backend_name: Device SND_DEVICE_IN_SPEAKER_STEREO_DMIC not found, no ACDB ID set!
12-31 19:00:20.271   666   766 D msm8974_platform: platform_set_snd_device_backend: backend_tag_table[vi-feedback]: old = null new = (null)
12-31 19:00:20.271   666   766 D msm8974_platform: platform_set_snd_device_backend: hw_interface_table[185] = INT5_MI2S_TX
12-31 19:00:20.271   666   766 D msm8974_platform: platform_set_snd_device_backend: backend_tag_table[vi-feedback-mono-1]: old = null new = (null)
12-31 19:00:20.271   666   766 D msm8974_platform: platform_set_snd_device_backend: hw_interface_table[186] = INT5_MI2S_TX
12-31 19:00:20.271   666   766 D msm8974_platform: platform_set_snd_device_backend: backend_tag_table[vi-feedback-mono-2]: old = null new = (null)
12-31 19:00:20.271   666   766 D msm8974_platform: platform_set_snd_device_backend: hw_interface_table[187] = INT5_MI2S_TX
12-31 19:00:20.271   666   766 D msm8974_platform: platform_set_snd_device_backend: backend_tag_table[voice-speaker-dmic-broadside]: old = null new = (null)
12-31 19:00:20.271   666   766 D msm8974_platform: platform_set_snd_device_backend: hw_interface_table[188] = INT3_MI2S_TX
12-31 19:00:20.271   666   766 D msm8974_platform: platform_set_snd_device_backend: backend_tag_table[speaker-dmic-broadside]: old = null new = (null)
12-31 19:00:20.271   666   766 D msm8974_platform: platform_set_snd_device_backend: hw_interface_table[189] = INT3_MI2S_TX
12-31 19:00:20.271   666   766 D msm8974_platform: platform_set_snd_device_backend: backend_tag_table[speaker-dmic-broadside]: old = null new = (null)
12-31 19:00:20.271   666   766 D msm8974_platform: platform_set_snd_device_backend: hw_interface_table[190] = INT3_MI2S_TX
12-31 19:00:20.271   666   766 D msm8974_platform: platform_set_snd_device_backend: backend_tag_table[speaker-dmic-broadside]: old = null new = (null)
12-31 19:00:20.271   666   766 D msm8974_platform: platform_set_snd_device_backend: hw_interface_table[191] = INT3_MI2S_TX
12-31 19:00:20.271   666   766 D msm8974_platform: platform_set_snd_device_backend: backend_tag_table[speaker-dmic-broadside]: old = null new = (null)
12-31 19:00:20.271   666   766 D msm8974_platform: platform_set_snd_device_backend: hw_interface_table[192] = INT3_MI2S_TX
12-31 19:00:20.271   666   766 D msm8974_platform: platform_set_snd_device_backend: backend_tag_table[aanc-handset-mic]: old = null new = (null)
12-31 19:00:20.271   666   766 D msm8974_platform: platform_set_snd_device_backend: hw_interface_table[193] = INT3_MI2S_TX
12-31 19:00:20.271   666   766 D msm8974_platform: platform_set_snd_device_backend: backend_tag_table[quad-mic]: old = null new = (null)
12-31 19:00:20.271   666   766 D msm8974_platform: platform_set_snd_device_backend: hw_interface_table[194] = INT3_MI2S_TX
12-31 19:00:20.271   666   766 D msm8974_platform: platform_set_snd_device_backend: backend_tag_table[quad-mic]: old = null new = (null)
12-31 19:00:20.271   666   766 D msm8974_platform: platform_set_snd_device_backend: hw_interface_table[196] = INT3_MI2S_TX
12-31 19:00:20.271   666   766 D msm8974_platform: platform_set_snd_device_backend: backend_tag_table[quad-mic]: old = null new = (null)
12-31 19:00:20.271   666   766 D msm8974_platform: platform_set_snd_device_backend: hw_interface_table[197] = INT3_MI2S_TX
12-31 19:00:20.271   666   766 D msm8974_platform: platform_set_snd_device_backend: backend_tag_table[quad-mic]: old = null new = (null)
12-31 19:00:20.271   666   766 D msm8974_platform: platform_set_snd_device_backend: hw_interface_table[198] = INT3_MI2S_TX
12-31 19:00:20.272   666   766 D msm8974_platform: platform_set_snd_device_backend: backend_tag_table[three-mic]: old = null new = (null)
12-31 19:00:20.272   666   766 D msm8974_platform: platform_set_snd_device_backend: hw_interface_table[200] = INT3_MI2S_TX
12-31 19:00:20.272   666   766 D msm8974_platform: platform_set_snd_device_backend: backend_tag_table[three-mic]: old = null new = (null)
12-31 19:00:20.272   666   766 D msm8974_platform: platform_set_snd_device_backend: hw_interface_table[202] = INT3_MI2S_TX
12-31 19:00:20.272   666   766 D msm8974_platform: platform_set_snd_device_backend: backend_tag_table[three-mic]: old = null new = (null)
12-31 19:00:20.272   666   766 D msm8974_platform: platform_set_snd_device_backend: hw_interface_table[209] = INT3_MI2S_TX
12-31 19:00:20.272   666   766 D msm8974_platform: platform_set_snd_device_backend: backend_tag_table[unprocessed-mic]: old = null new = (null)
12-31 19:00:20.272   666   766 D msm8974_platform: platform_set_snd_device_backend: hw_interface_table[210] = INT3_MI2S_TX
12-31 19:00:20.272   666   766 D msm8974_platform: platform_set_snd_device_backend: backend_tag_table[unprocessed-stereo-mic]: old = null new = (null)
12-31 19:00:20.272   666   766 D msm8974_platform: platform_set_snd_device_backend: hw_interface_table[211] = INT3_MI2S_TX
12-31 19:00:20.272   666   766 D msm8974_platform: platform_set_snd_device_backend: backend_tag_table[unprocessed-three-mic]: old = null new = (null)
12-31 19:00:20.272   666   766 D msm8974_platform: platform_set_snd_device_backend: hw_interface_table[212] = INT3_MI2S_TX
12-31 19:00:20.272   666   766 D msm8974_platform: platform_set_snd_device_backend: backend_tag_table[unprocessed-quad-mic]: old = null new = (null)
12-31 19:00:20.272   666   766 D msm8974_platform: platform_set_snd_device_backend: hw_interface_table[213] = INT3_MI2S_TX
12-31 19:00:20.272   666   766 D msm8974_platform: platform_set_snd_device_backend: backend_tag_table[unprocessed-headset-mic]: old = null new = (null)
12-31 19:00:20.272   666   766 D msm8974_platform: platform_set_snd_device_backend: hw_interface_table[214] = INT3_MI2S_TX
12-31 19:00:20.272   666   766 E msm8974_platform: find_index: Could not find index for name = SND_DEVICE_OUT_VOICE_SPEAKER_AND_VOICE_HEADPHONES
12-31 19:00:20.272   666   766 E platform_info: process_backend_name: Device SND_DEVICE_OUT_VOICE_SPEAKER_AND_VOICE_HEADPHONES not found, no ACDB ID set!
12-31 19:00:20.272   666   766 E msm8974_platform: find_index: Could not find index for name = SND_DEVICE_OUT_VOICE_SPEAKER_AND_VOICE_ANC_HEADSET
12-31 19:00:20.272   666   766 E platform_info: process_backend_name: Device SND_DEVICE_OUT_VOICE_SPEAKER_AND_VOICE_ANC_HEADSET not found, no ACDB ID set!
12-31 19:00:20.274   666   766 E msm8974_platform: find_index: Could not find index for name = SND_DEVICE_IN_HANDSET_STEREO_DMIC
12-31 19:00:20.274   666   766 E platform_info: process_snd_dev: Sound device not valid
12-31 19:00:20.274   666   766 E platform_info: start_tag: Error in previous tags, do not process mic info
12-31 19:00:20.274   666   766 E platform_info: start_tag: Error in previous tags, do not process mic info
12-31 19:00:20.274   666   766 E msm8974_platform: find_index: Could not find index for name = SND_DEVICE_IN_SPEAKER_STEREO_DMIC
12-31 19:00:20.274   666   766 E platform_info: process_snd_dev: Sound device not valid
12-31 19:00:20.274   666   766 E platform_info: start_tag: Error in previous tags, do not process mic info
12-31 19:00:20.274   666   766 E platform_info: start_tag: Error in previous tags, do not process mic info
12-31 19:00:20.277   666   766 E audio_hw_extn: audio_extn_perf_lock_acquire: Failed to acquire perf lock, err: -1
12-31 19:00:20.278   666   766 D msm8974_platform: platform_init: Loading mixer file: /vendor/etc/mixer_paths_i40.xml
12-31 19:00:20.329   908  1014 I ServiceManager: Waiting for service 'package_native' on '/dev/binder'...
12-31 19:00:20.400     0     0 E mdss_mdp_cxipeak_vote: cxipeak api fail ret:-22 set_vote :0 new_rate:150000000 prev_rate:412500000
12-31 19:00:20.401     0     0 I mdss_dsi_on-:  
12-31 19:00:20.430   908  1014 I ServiceManager: Waiting for service 'package_native' on '/dev/binder'...
12-31 19:00:20.479   874   874 I adbd    : UsbFfs: already offline
12-31 19:00:20.479     0     0 I pil-q6v5-mss 4080000.qcom,mss: modem: Brought out of reset
12-31 19:00:20.502     0     0 I pil-q6v5-mss 4080000.qcom,mss: modem: Power/Clock ready interrupt received
12-31 19:00:20.502     0     0 I pil-q6v5-mss 4080000.qcom,mss: Subsystem error monitoring/handling services are up
12-31 19:00:20.507     0     0 E qrtr    : Modem QMI Readiness RX cmd:0x2 node[0x0]
12-31 19:00:20.508     0     0 I service-notifier: service_notifier_new_server: Connection established between QMI handle and 180 service
12-31 19:00:20.508     0     0 I sysmon-qmi: ssctl_new_server: Connection established between QMI handle and modem's SSCTL service
12-31 19:00:20.509   733   733 I vendor.rmt_storage: rmt_storage_connect_cb: clnt_h=0x1 conn_h=0x7d3ac05010
12-31 19:00:20.509     0     0 E rmt_storage: INFO:rmt_storage_open_cb: Processing: Open Request (req_h 0x1) for /boot/modem_fs1!
12-31 19:00:20.509   733   733 I vendor.rmt_storage: rmt_storage_open_cb: /boot/modem_fs1: req_h=0x1 msg_id=1: Client found
12-31 19:00:20.509   733   733 I vendor.rmt_storage: rmt_storage_open_cb: /boot/modem_fs1: req_h=0x1 msg_id=1: Send response: res=0 err=0
12-31 19:00:20.509   733  1109 I vendor.rmt_storage: rmt_storage_client_thread: /boot/modem_fs1: Worker thread started
12-31 19:00:20.509   733  1109 I vendor.rmt_storage: wake lock name: rmt_storage_537850264912, name creation success: 24
12-31 19:00:20.510   733   733 I vendor.rmt_storage: rmt_storage_connect_cb: clnt_h=0x2 conn_h=0x7d3ac05020
12-31 19:00:20.510     0     0 E rmt_storage: INFO:rmt_storage_open_cb: Processing: Open Request (req_h 0x2) for /boot/modem_fs2!
12-31 19:00:20.510   733   733 I vendor.rmt_storage: rmt_storage_open_cb: /boot/modem_fs2: req_h=0x2 msg_id=1: Client found
12-31 19:00:20.510   733   733 I vendor.rmt_storage: rmt_storage_open_cb: /boot/modem_fs2: req_h=0x2 msg_id=1: Send response: res=0 err=0
12-31 19:00:20.511   733   733 I vendor.rmt_storage: rmt_storage_disconnect_cb: clnt_h=0x1 conn_h=0x7d3ac05010
12-31 19:00:20.511   733  1110 I vendor.rmt_storage: rmt_storage_client_thread: /boot/modem_fs2: Worker thread started
12-31 19:00:20.511   733  1110 I vendor.rmt_storage: wake lock name: rmt_storage_537832451408, name creation success: 24
12-31 19:00:20.512   733   733 I vendor.rmt_storage: rmt_storage_connect_cb: clnt_h=0x3 conn_h=0x7d3ac05010
12-31 19:00:20.512     0     0 E rmt_storage: INFO:rmt_storage_open_cb: Processing: Open Request (req_h 0x3) for /boot/modem_fsg!
12-31 19:00:20.512   733   733 I vendor.rmt_storage: rmt_storage_open_cb: /boot/modem_fsg: req_h=0x3 msg_id=1: Client found
12-31 19:00:20.512   733   733 I vendor.rmt_storage: rmt_storage_open_cb: /boot/modem_fsg: req_h=0x3 msg_id=1: Send response: res=0 err=0
12-31 19:00:20.512   733  1111 I vendor.rmt_storage: rmt_storage_client_thread: /boot/modem_fsg: Worker thread started
12-31 19:00:20.512   733  1111 I vendor.rmt_storage: wake lock name: rmt_storage_537814637904, name creation success: 24
12-31 19:00:20.512   733   733 I vendor.rmt_storage: rmt_storage_disconnect_cb: clnt_h=0x2 conn_h=0x7d3ac05020
12-31 19:00:20.512   733   733 I vendor.rmt_storage: rmt_storage_connect_cb: clnt_h=0x4 conn_h=0x7d3ac05020
12-31 19:00:20.512     0     0 E rmt_storage: INFO:rmt_storage_open_cb: Processing: Open Request (req_h 0x4) for /boot/modem_fsc!
12-31 19:00:20.512   733   733 I vendor.rmt_storage: rmt_storage_open_cb: /boot/modem_fsc: req_h=0x4 msg_id=1: Client found
12-31 19:00:20.512   733   733 I vendor.rmt_storage: rmt_storage_open_cb: /boot/modem_fsc: req_h=0x4 msg_id=1: Send response: res=0 err=0
12-31 19:00:20.512   709   747 D PerMgrSrv: modem new state: is on-line
12-31 19:00:20.513   709   744 D PerMgrSrv: modem state: is on-line, add client cnss-daemon
12-31 19:00:20.513   709   744 D PerMgrSrv: cnss-daemon registered
12-31 19:00:20.513   973   973 D PerMgrLib: cnss-daemon successfully registered for modem
12-31 19:00:20.513   973   973 D PerMgrLib: cnss-daemon voting for modem
12-31 19:00:20.513   709   744 D PerMgrSrv: cnss-daemon voting for modem
12-31 19:00:20.513   709   744 D PerMgrSrv: modem num voters is 2
12-31 19:00:20.514   733  1112 I vendor.rmt_storage: rmt_storage_client_thread: /boot/modem_fsc: Worker thread started
12-31 19:00:20.514   733  1112 I vendor.rmt_storage: wake lock name: rmt_storage_537796824400, name creation success: 24
12-31 19:00:20.514   973   973 E cnss-daemon: no interop issues ap currently
12-31 19:00:20.514   973  1114 E cnss-daemon: ro.baseband : [apq]
12-31 19:00:20.515   973  1114 E cnss-daemon: Hardware does not support external modem
12-31 19:00:20.515   973  1114 E cnss-daemon: Target does not have external modem
12-31 19:00:20.515   733   733 I vendor.rmt_storage: rmt_storage_connect_cb: clnt_h=0x5 conn_h=0x7d3ac05030
12-31 19:00:20.516   733   733 I vendor.rmt_storage: rmt_storage_open_cb: Unable to open /boot/modem_fsg_oem_1
12-31 19:00:20.516   733   733 I vendor.rmt_storage: rmt_storage_open_cb: : req_h=0x5 msg_id=1: Send response: res=1 err=3
12-31 19:00:20.516   733   733 I vendor.rmt_storage: rmt_storage_disconnect_cb: clnt_h=0x3 conn_h=0x7d3ac05010
12-31 19:00:20.516   733   733 I vendor.rmt_storage: rmt_storage_disconnect_cb: clnt_h=0x4 conn_h=0x7d3ac05020
12-31 19:00:20.517   733   733 I vendor.rmt_storage: rmt_storage_connect_cb: clnt_h=0x6 conn_h=0x7d3ac05020
12-31 19:00:20.517   733   733 I vendor.rmt_storage: rmt_storage_open_cb: Unable to open /boot/modem_fsg_oem_2
12-31 19:00:20.517   733   733 I vendor.rmt_storage: rmt_storage_open_cb: : req_h=0x6 msg_id=1: Send response: res=1 err=3
12-31 19:00:20.517   733   733 I vendor.rmt_storage: rmt_storage_disconnect_cb: clnt_h=0x5 conn_h=0x7d3ac05030
12-31 19:00:20.518   733   733 I vendor.rmt_storage: rmt_storage_disconnect_cb: clnt_h=0x6 conn_h=0x7d3ac05020
12-31 19:00:20.519   733   733 I vendor.rmt_storage: rmt_storage_connect_cb: clnt_h=0x7 conn_h=0x7d3ac05020
12-31 19:00:20.519   733   733 I vendor.rmt_storage: rmt_storage_alloc_buff_cb: /boot/modem_fs1: req_h=0x7 msg_id=4: Alloc request received: Size: 2097152
12-31 19:00:20.519     0     0 E rmt_storage: INFO:rmt_storage_alloc_buff_cb: Received req_size: 2097152! avail: 2097152
12-31 19:00:20.519   733   733 I vendor.rmt_storage: rmt_storage_alloc_buff_cb: /boot/modem_fs1: req_h=0x7 msg_id=4: Old Client requesting buffer from RMTS Server
12-31 19:00:20.519   733   733 I vendor.rmt_storage: rmt_storage_alloc_buff_cb: /boot/modem_fs1: req_h=0x7 msg_id=4: Send response: res=0 err=0
12-31 19:00:20.519   733   733 I vendor.rmt_storage: rmt_storage_connect_cb: clnt_h=0x8 conn_h=0x7d3ac05030
12-31 19:00:20.519   733   733 I vendor.rmt_storage: rmt_storage_rw_iovec_cb: /boot/modem_fs1: req_h=0x8 msg_id=3: R/W request received (wr_count 0)
12-31 19:00:20.519     0     0 E rmt_storage: INFO:rmt_storage_rw_iovec_cb: Read iovec request (req_h 0x8 wr_count 0) received for /boot/modem_fs1
12-31 19:00:20.520   733   733 I vendor.rmt_storage: wakelock acquired: 1, error no: 11
12-31 19:00:20.520   733  1109 I vendor.rmt_storage: rmt_storage_client_thread: /boot/modem_fs1: Unblock worker thread (th_id: 537850264912)
12-31 19:00:20.520     0     0 E rmt_storage: INFO:rmt_storage_client_thread: Calling Read [offset=512, size=512, req_h 0x8, wr_count 0] for /boot/modem_fs1!
12-31 19:00:20.520   733   733 I vendor.rmt_storage: rmt_storage_disconnect_cb: clnt_h=0x7 conn_h=0x7d3ac05020
12-31 19:00:20.521     0     0 E rmt_storage: INFO:rmt_storage_client_thread: Done Read (bytes = 512, req_h 0x8, wr_count 0) for /boot/modem_fs1!
12-31 19:00:20.521   733  1109 I vendor.rmt_storage: rmt_storage_client_thread: /boot/modem_fs1: req_h=0x8 msg_id=3: Bytes read = 512, wr_count 0
12-31 19:00:20.521   733  1109 I vendor.rmt_storage: rmt_storage_client_thread: /boot/modem_fs1: req_h=0x8 msg_id=3: Send response: res=0 err=0, wr_count 0
12-31 19:00:20.521   733  1109 I vendor.rmt_storage: rmt_storage_client_thread: /boot/modem_fs1: About to block rmt_storage client thread (th_id: 537850264912) wakelock released: 1, error no: 0
12-31 19:00:20.521   733  1109 I vendor.rmt_storage: 
12-31 19:00:20.521   733   733 I vendor.rmt_storage: rmt_storage_connect_cb: clnt_h=0x9 conn_h=0x7d3ac05020
12-31 19:00:20.521   733   733 I vendor.rmt_storage: rmt_storage_rw_iovec_cb: /boot/modem_fs2: req_h=0x9 msg_id=3: R/W request received (wr_count 0)
12-31 19:00:20.522   733   733 I vendor.rmt_storage: wakelock acquired: 1, error no: 11
12-31 19:00:20.522   733  1110 I vendor.rmt_storage: rmt_storage_client_thread: /boot/modem_fs2: Unblock worker thread (th_id: 537832451408)
12-31 19:00:20.523   733   733 I vendor.rmt_storage: rmt_storage_disconnect_cb: clnt_h=0x8 conn_h=0x7d3ac05030
12-31 19:00:20.523   733  1110 I vendor.rmt_storage: rmt_storage_client_thread: /boot/modem_fs2: req_h=0x9 msg_id=3: Bytes read = 512, wr_count 0
12-31 19:00:20.523   733  1110 I vendor.rmt_storage: rmt_storage_client_thread: /boot/modem_fs2: req_h=0x9 msg_id=3: Send response: res=0 err=0, wr_count 0
12-31 19:00:20.523   733  1110 I vendor.rmt_storage: rmt_storage_client_thread: /boot/modem_fs2: About to block rmt_storage client thread (th_id: 537832451408) wakelock released: 1, error no: 0
12-31 19:00:20.523   733  1110 I vendor.rmt_storage: 
12-31 19:00:20.524   733   733 I vendor.rmt_storage: rmt_storage_connect_cb: clnt_h=0xa conn_h=0x7d3ac05030
12-31 19:00:20.524   733   733 I vendor.rmt_storage: rmt_storage_rw_iovec_cb: /boot/modem_fs1: req_h=0xa msg_id=3: R/W request received (wr_count 0)
12-31 19:00:20.524   733   733 I vendor.rmt_storage: wakelock acquired: 1, error no: 11
12-31 19:00:20.525   733  1109 I vendor.rmt_storage: rmt_storage_client_thread: /boot/modem_fs1: Unblock worker thread (th_id: 537850264912)
12-31 19:00:20.526   733   733 I vendor.rmt_storage: rmt_storage_disconnect_cb: clnt_h=0x9 conn_h=0x7d3ac05020
12-31 19:00:20.531   908  1014 I ServiceManager: Waiting for service 'package_native' on '/dev/binder'...
12-31 19:00:20.533   733  1109 I vendor.rmt_storage: rmt_storage_client_thread: /boot/modem_fs1: req_h=0xa msg_id=3: Bytes read = 2096128, wr_count 0
12-31 19:00:20.533   733  1109 I vendor.rmt_storage: rmt_storage_client_thread: /boot/modem_fs1: req_h=0xa msg_id=3: Send response: res=0 err=0, wr_count 0
12-31 19:00:20.533   733  1109 I vendor.rmt_storage: rmt_storage_client_thread: /boot/modem_fs1: About to block rmt_storage client thread (th_id: 537850264912) wakelock released: 1, error no: 0
12-31 19:00:20.533   733  1109 I vendor.rmt_storage: 
12-31 19:00:20.534   733   733 I vendor.rmt_storage: rmt_storage_disconnect_cb: clnt_h=0xa conn_h=0x7d3ac05030
12-31 19:00:20.559     0     0 E         : msm_qti_pp_get_rms_value_control, back not active to query rms be_idx:3
12-31 19:00:20.569     0     0 I core_get_license_status: cmdrsp_license_result.result = 0x15 for module 0x131ff
12-31 19:00:20.570     0     0 E msm-ext-disp-audio-codec-rx soc: qcom,msm-ext-disp:qcom,msm-ext-disp-audio-codec-rx: msm_ext_disp_audio_type_get: Display cable disconnected
12-31 19:00:20.570     0     0 E msm-ext-disp-audio-codec-rx soc: qcom,msm-ext-disp:qcom,msm-ext-disp-audio-codec-rx: msm_ext_disp_audio_type_get: Display cable disconnected
12-31 19:00:20.586     0     0 E         : msm_pcm_path_latency_ctl_get substream runtime not found
12-31 19:00:20.594     0     0 I chatty  : uid=0(root) logd identical 4 lines
12-31 19:00:20.597     0     0 E         : msm_pcm_path_latency_ctl_get substream runtime not found
12-31 19:00:20.632   908  1014 I ServiceManager: Waiting for service 'package_native' on '/dev/binder'...
12-31 19:00:20.645   879   943 E ThermalEngine: read error 0. buf:[add@/devices/virtual/thermal/cooling_device12 ACTION=add DEVPATH=/devices/virtual/thermal/cooling_device12 SUBSYSTEM=thermal SEQNUM=5826 ]
12-31 19:00:20.645   879   943 E ThermalEngine: read error 0. buf:[add@/devices/virtual/thermal/cooling_device13 ACTION=add DEVPATH=/devices/virtual/thermal/cooling_device13 SUBSYSTEM=thermal SEQNUM=5827 ]
12-31 19:00:20.646   879   943 E ThermalEngine: read error 0. buf:[add@/devices/virtual/thermal/cooling_device14 ACTION=add DEVPATH=/devices/virtual/thermal/cooling_device14 SUBSYSTEM=thermal SEQNUM=5828 ]
12-31 19:00:20.646   879   943 E ThermalEngine: read error 0. buf:[add@/devices/virtual/thermal/cooling_device15 ACTION=add DEVPATH=/devices/virtual/thermal/cooling_device15 SUBSYSTEM=thermal SEQNUM=5830 ]
12-31 19:00:20.647     0     0 I memshare_child soc: qcom,memshare:qcom,client_3: memshare_query: client_id : 1, query_resp.size :0, query_resp.resp.result :0
12-31 19:00:20.647   620   624 D QC-time-services: Daemon:time_service_modem_serv_notify_cb: QMI service is up 
12-31 19:00:20.647   620   719 D QC-time-services: Daemon:genoff_modem_qmi_service_handle_cb: QMI service handle cb called 
12-31 19:00:20.648     0     0 I mdss_fb_start_disp_thread: mdss_fb_blank_unblank+0x1ac/0x340: start display thread fb0
12-31 19:00:20.648   734   734 I tftp_server: pid=734 tid=734 tftp-server : INF :[tftp_server.c, 659] rcvd request [1] [73] [2] [0] [29]
12-31 19:00:20.650   734  1121 I tftp_server: pid=734 tid=1121 tftp-server : INF :[tftp_server_utils.c, 113] file [readwrite/server_check.txt] : [/vendor/rfs/msm/mpss/readwrite/server_check.txt]
12-31 19:00:20.651     0     0 I         : sn65dsi86_dsi2edp_enable_early start
12-31 19:00:20.651   734  1121 I tftp_server: pid=734 tid=1121 tftp-server : INF :[tftp_server.c, 1201] OACK options [port: 29] : [7680, 1000, 10, 0, 0, 0, 0, 0]
12-31 19:00:20.651   734  1121 I tftp_server: pid=734 tid=1121 tftp-server : INF :[tftp_os_la.c, 63] open : [-1] [-1] [384] [577] [/vendor/rfs/msm/mpss/readwrite/server_check.txt]
12-31 19:00:20.651     0     0 E diag    : In diag_send_feature_mask_update, control channel is not open, p: 0, 0000000000000000
12-31 19:00:20.653     0     0 E diag    : In diag_send_peripheral_buffering_mode, buffering flag not set for 0
12-31 19:00:20.656   734   734 I tftp_server: pid=734 tid=734 tftp-server : INF :[tftp_server.c, 659] rcvd request [1] [91] [1] [0] [39]
12-31 19:00:20.656   734  1122 I tftp_server: pid=734 tid=1122 tftp-server : INF :[tftp_server_utils.c, 113] file [readonly/firmware/image/wlanmdsp.mbn] : [/vendor/rfs/msm/mpss/readonly/firmware/image/wl
12-31 19:00:20.659   734  1122 I tftp_server: pid=734 tid=1122 tftp-server : INF :[tftp_server.c, 1201] OACK options [port: 39] : [7680, 1000, 3688844, 10, 0, 0, 0, 0]
12-31 19:00:20.659   734  1122 I tftp_server: pid=734 tid=1122 tftp-server : INF :[tftp_os_la.c, 63] open : [-1] [-1] [384] [0] [/vendor/rfs/msm/mpss/readonly/firmware/image/wlanmdsp.mbn]
12-31 19:00:20.659   734  1122 I tftp_server: pid=734 tid=1122 tftp-server : INF :[tftp_protocol.c, 742] Recd END OF TRANSFER pkt. Code = 9, Msg = End of Transfer
12-31 19:00:20.659   734  1122 I tftp_server: pid=734 tid=1122 tftp-server : INF :[tftp_server.c, 1318] RRQ stats [port: 0]: sent_size = 39 total-blocks = 0 total-bytes = 0 timedout-pkts = 0, wrong-pkts 
12-31 19:00:20.659   734  1122 I tftp_server: pid=734 tid=1122 tftp-server : INF :[tftp_server.c, 1325] RRQ file stats [port: 39]: fread [Total, Max, Min] = [0, 0, 0]
12-31 19:00:20.659   734  1122 I tftp_server: pid=734 tid=1122 tftp-server : INF :[tftp_server.c, 1329] RRQ time stats : Total : [TX, RX] = [80, 280]
12-31 19:00:20.659   734  1122 I tftp_server: pid=734 tid=1122 tftp-server : INF :[tftp_server.c, 1336] RRQ time stats [port: 39]: Tx/Rx [Min, Max] = [80, 80, 280, 280]
12-31 19:00:20.659   734  1122 I tftp_server: pid=734 tid=1122 tftp-server : INF :[tftp_server.c, 1352] RRQ was successfully processed.
12-31 19:00:20.659   734   734 I tftp_server: pid=734 tid=734 tftp-server : INF :[tftp_server.c, 659] rcvd request [1] [97] [1] [0] [40]
12-31 19:00:20.659   734  1122 I tftp_server: pid=734 tid=1122 tftp-server : INF :[tftp_server.c, 1807] RRQ Total API = 2962
12-31 19:00:20.659   734  1123 I tftp_server: pid=734 tid=1123 tftp-server : INF :[tftp_server_utils.c, 113] file [readonly/firmware/image/wlanmdsp.mbn] : [/vendor/rfs/msm/mpss/readonly/firmware/image/wl
12-31 19:00:20.660   734  1123 I tftp_server: pid=734 tid=1123 tftp-server : INF :[tftp_server.c, 1201] OACK options [port: 40] : [7680, 1000, 10, 3688844, 0, 0, 0, 0]
12-31 19:00:20.660   734  1123 I tftp_server: pid=734 tid=1123 tftp-server : INF :[tftp_os_la.c, 63] open : [-1] [-1] [384] [0] [/vendor/rfs/msm/mpss/readonly/firmware/image/wlanmdsp.mbn]
12-31 19:00:20.662   879   923 I ThermalEngine: MODEM thermal mitigation available.
12-31 19:00:20.663   879   923 I ThermalEngine: Mitigation:modem[MODEM]:0 pending QMI request succeded
12-31 19:00:20.663   879   923 I ThermalEngine: Mitigation:vdd_restriction[MODEM]:0 pending QMI request succeded
12-31 19:00:20.665   879   923 I ThermalEngine: Mitigation:modem_proc[MODEM]:0 pending QMI request succeded
12-31 19:00:20.666   879   923 I ThermalEngine: Mitigation:modem_proc_current[MODEM]:0 pending QMI request succeded
12-31 19:00:20.667   879   923 I ThermalEngine: Mitigation:cpr_band[MODEM]:0 pending QMI request succeded
12-31 19:00:20.669   620   719 D QC-time-services: Daemon:genoff_modem_qmi_service_handle_cb: qmi_client_get_service_list for local returned 0num_services 1 num_entries 1
